GO:0000001 -[is_a]-> GO:0048308
GO:0000001 -[is_a]-> GO:0048311
GO:0000002 -[is_a]-> GO:0007005
GO:0000003 -[is_a]-> GO:0008150
GO:0000006 -[is_a]-> GO:0005385
GO:0000007 -[is_a]-> GO:0005385
GO:0000009 -[is_a]-> GO:0000030
GO:0000010 -[is_a]-> GO:0016765
GO:0000011 -[is_a]-> GO:0007033
GO:0000011 -[is_a]-> GO:0048308
GO:0000012 -[is_a]-> GO:0006281
GO:0000014 -[is_a]-> GO:0004520
GO:0000015 -[is_a]-> GO:0044445
GO:0000015 -[is_a]-> GO:1902494
GO:0000016 -[is_a]-> GO:0004553
GO:0000017 -[is_a]-> GO:0042946
GO:0000018 -[is_a]-> GO:0051052
GO:0000018 -[regulates]-> GO:0006310
GO:0000019 -[is_a]-> GO:0000018
GO:0000019 -[regulates]-> GO:0006312
GO:0000022 -[is_a]-> GO:0051231
GO:0000022 -[is_a]-> GO:1903047
GO:0000022 -[part_of]-> GO:0000070
GO:0000022 -[part_of]-> GO:0000278
GO:0000022 -[part_of]-> GO:0007052
GO:0000023 -[is_a]-> GO:0005984
GO:0000024 -[is_a]-> GO:0000023
GO:0000024 -[is_a]-> GO:0046351
GO:0000025 -[is_a]-> GO:0000023
GO:0000025 -[is_a]-> GO:0046352
GO:0000026 -[is_a]-> GO:0000030
GO:0000027 -[is_a]-> GO:0022618
GO:0000027 -[part_of]-> GO:0042255
GO:0000027 -[part_of]-> GO:0042273
GO:0000028 -[is_a]-> GO:0022618
GO:0000028 -[part_of]-> GO:0042255
GO:0000028 -[part_of]-> GO:0042274
GO:0000030 -[is_a]-> GO:0016758
GO:0000030 -[part_of]-> GO:0097502
GO:0000031 -[is_a]-> GO:0016740
GO:0000032 -[is_a]-> GO:0006057
GO:0000032 -[is_a]-> GO:0031506
GO:0000033 -[is_a]-> GO:0000030
GO:0000034 -[is_a]-> GO:0016814
GO:0000034 -[is_a]-> GO:0019239
GO:0000035 -[is_a]-> GO:0005488
GO:0000036 -[is_a]-> GO:0044620
GO:0000036 -[part_of]-> GO:0006633
GO:0000038 -[is_a]-> GO:0006631
GO:0000040 -[is_a]-> GO:0034755
GO:0000041 -[is_a]-> GO:0030001
GO:0000042 -[is_a]-> GO:0000301
GO:0000042 -[is_a]-> GO:0006605
GO:0000042 -[is_a]-> GO:0034067
GO:0000042 -[is_a]-> GO:0072600
GO:0000045 -[is_a]-> GO:0070925
GO:0000045 -[is_a]-> GO:1905037
GO:0000048 -[is_a]-> GO:0016755
GO:0000049 -[is_a]-> GO:0003723
GO:0000050 -[is_a]-> GO:0019627
GO:0000050 -[is_a]-> GO:0043604
GO:0000050 -[is_a]-> GO:0044711
GO:0000050 -[is_a]-> GO:1901566
GO:0000052 -[is_a]-> GO:1901605
GO:0000053 -[is_a]-> GO:0006575
GO:0000053 -[is_a]-> GO:1901605
GO:0000054 -[is_a]-> GO:0033753
GO:0000054 -[is_a]-> GO:0071428
GO:0000054 -[part_of]-> GO:0042254
GO:0000055 -[is_a]-> GO:0000054
GO:0000056 -[is_a]-> GO:0000054
GO:0000059 -[is_a]-> GO:0043623
GO:0000059 -[part_of]-> GO:0006606
GO:0000060 -[is_a]-> GO:0006886
GO:0000060 -[part_of]-> GO:0006606
GO:0000061 -[is_a]-> GO:0043624
GO:0000061 -[part_of]-> GO:0006606
GO:0000062 -[is_a]-> GO:0050662
GO:0000062 -[is_a]-> GO:1901681
GO:0000064 -[is_a]-> GO:0015179
GO:0000064 -[part_of]-> GO:1903352
GO:0000066 -[is_a]-> GO:0006839
GO:0000066 -[is_a]-> GO:0015822
GO:0000070 -[is_a]-> GO:0000819
GO:0000070 -[is_a]-> GO:1903047
GO:0000070 -[part_of]-> GO:0000278
GO:0000070 -[part_of]-> GO:0007067
GO:0000073 -[is_a]-> GO:0022402
GO:0000073 -[part_of]-> GO:0051300
GO:0000075 -[is_a]-> GO:0022402
GO:0000076 -[is_a]-> GO:0031570
GO:0000077 -[is_a]-> GO:0006974
GO:0000077 -[is_a]-> GO:0031570
GO:0000079 -[is_a]-> GO:0071900
GO:0000079 -[is_a]-> GO:1904029
GO:0000079 -[regulates]-> GO:0004693
GO:0000080 -[is_a]-> GO:0051318
GO:0000080 -[part_of]-> GO:0051329
GO:0000082 -[is_a]-> GO:0044772
GO:0000082 -[is_a]-> GO:0044843
GO:0000083 -[is_a]-> GO:0006355
GO:0000083 -[is_a]-> GO:1903047
GO:0000083 -[part_of]-> GO:0000082
GO:0000084 -[is_a]-> GO:0051320
GO:0000084 -[part_of]-> GO:0051329
GO:0000085 -[is_a]-> GO:0051319
GO:0000085 -[part_of]-> GO:0051329
GO:0000086 -[is_a]-> GO:0044772
GO:0000086 -[is_a]-> GO:0044839
GO:0000086 -[part_of]-> GO:0000278
GO:0000087 -[is_a]-> GO:0000279
GO:0000087 -[is_a]-> GO:0098763
GO:0000087 -[happens_during]-> GO:0000278
GO:0000088 -[is_a]-> GO:0051324
GO:0000088 -[part_of]-> GO:0000087
GO:0000089 -[is_a]-> GO:0051323
GO:0000089 -[part_of]-> GO:0000087
GO:0000090 -[is_a]-> GO:0051322
GO:0000090 -[part_of]-> GO:0000087
GO:0000091 -[is_a]-> GO:0000090
GO:0000092 -[is_a]-> GO:0000090
GO:0000093 -[is_a]-> GO:0051326
GO:0000093 -[part_of]-> GO:0000087
GO:0000095 -[is_a]-> GO:0051185
GO:0000095 -[is_a]-> GO:0072349
GO:0000095 -[is_a]-> GO:1901682
GO:0000095 -[part_of]-> GO:1901962
GO:0000096 -[is_a]-> GO:0006082
GO:0000096 -[is_a]-> GO:0006790
GO:0000096 -[is_a]-> GO:1901564
GO:0000097 -[is_a]-> GO:0000096
GO:0000097 -[is_a]-> GO:0016053
GO:0000097 -[is_a]-> GO:0044272
GO:0000097 -[is_a]-> GO:1901566
GO:0000098 -[is_a]-> GO:0000096
GO:0000098 -[is_a]-> GO:0016054
GO:0000098 -[is_a]-> GO:0044273
GO:0000098 -[is_a]-> GO:1901565
GO:0000099 -[is_a]-> GO:0015171
GO:0000099 -[is_a]-> GO:1901682
GO:0000100 -[is_a]-> GO:0000099
GO:0000100 -[is_a]-> GO:0072349
GO:0000100 -[part_of]-> GO:0015806
GO:0000101 -[is_a]-> GO:0006865
GO:0000101 -[is_a]-> GO:0072348
GO:0000102 -[is_a]-> GO:0005294
GO:0000102 -[is_a]-> GO:0015191
GO:0000102 -[is_a]-> GO:1901680
GO:0000103 -[is_a]-> GO:0006790
GO:0000104 -[is_a]-> GO:0016627
GO:0000105 -[is_a]-> GO:0006547
GO:0000105 -[is_a]-> GO:0008652
GO:0000107 -[is_a]-> GO:0016763
GO:0000109 -[is_a]-> GO:0043234
GO:0000109 -[is_a]-> GO:0044428
GO:0000109 -[is_a]-> GO:1990391
GO:0000110 -[is_a]-> GO:0000109
GO:0000111 -[is_a]-> GO:0000109
GO:0000112 -[is_a]-> GO:0000109
GO:0000112 -[has_part]-> GO:0000439
GO:0000113 -[is_a]-> GO:0000109
GO:0000117 -[is_a]-> GO:0006355
GO:0000117 -[is_a]-> GO:1903047
GO:0000117 -[part_of]-> GO:0000086
GO:0000118 -[is_a]-> GO:0044451
GO:0000118 -[is_a]-> GO:1902494
GO:0000120 -[is_a]-> GO:0044452
GO:0000120 -[is_a]-> GO:0044798
GO:0000121 -[is_a]-> GO:0016791
GO:0000122 -[is_a]-> GO:0006357
GO:0000122 -[is_a]-> GO:0045892
GO:0000122 -[negatively_regulates]-> GO:0006366
GO:0000123 -[is_a]-> GO:0031248
GO:0000123 -[is_a]-> GO:0044451
GO:0000124 -[is_a]-> GO:0070461
GO:0000124 -[is_a]-> GO:1905368
GO:0000124 -[has_part]-> GO:0071819
GO:0000125 -[is_a]-> GO:0070461
GO:0000126 -[is_a]-> GO:0090576
GO:0000127 -[is_a]-> GO:0090576
GO:0000128 -[is_a]-> GO:0098630
GO:0000131 -[is_a]-> GO:0044424
GO:0000132 -[is_a]-> GO:0040001
GO:0000132 -[is_a]-> GO:0051294
GO:0000132 -[part_of]-> GO:0000278
GO:0000133 -[is_a]-> GO:0043234
GO:0000133 -[is_a]-> GO:0044448
GO:0000133 -[part_of]-> GO:0030427
GO:0000136 -[is_a]-> GO:0031501
GO:0000136 -[is_a]-> GO:0044425
GO:0000136 -[is_a]-> GO:0044431
GO:0000136 -[part_of]-> GO:0000137
GO:0000136 -[part_of]-> GO:0030173
GO:0000137 -[is_a]-> GO:0031985
GO:0000138 -[is_a]-> GO:0031985
GO:0000139 -[is_a]-> GO:0044431
GO:0000139 -[is_a]-> GO:0098588
GO:0000140 -[is_a]-> GO:0016616
GO:0000142 -[is_a]-> GO:0005826
GO:0000142 -[part_of]-> GO:0005935
GO:0000144 -[is_a]-> GO:0000399
GO:0000144 -[is_a]-> GO:0005940
GO:0000144 -[is_a]-> GO:0032161
GO:0000144 -[part_of]-> GO:0005935
GO:0000145 -[is_a]-> GO:0043234
GO:0000145 -[is_a]-> GO:0044448
GO:0000145 -[is_a]-> GO:0099023
GO:0000146 -[is_a]-> GO:0003774
GO:0000147 -[is_a]-> GO:0022607
GO:0000147 -[is_a]-> GO:0030866
GO:0000147 -[is_a]-> GO:0044396
GO:0000148 -[is_a]-> GO:0044459
GO:0000148 -[is_a]-> GO:1990234
GO:0000149 -[is_a]-> GO:0005515
GO:0000150 -[is_a]-> GO:0003824
GO:0000150 -[part_of]-> GO:0006310
GO:0000151 -[is_a]-> GO:0044424
GO:0000151 -[is_a]-> GO:1990234
GO:0000152 -[is_a]-> GO:0000151
GO:0000152 -[is_a]-> GO:0044428
GO:0000152 -[part_of]-> GO:0005634
GO:0000153 -[is_a]-> GO:0000151
GO:0000153 -[is_a]-> GO:0044444
GO:0000153 -[part_of]-> GO:0005737
GO:0000154 -[is_a]-> GO:0006364
GO:0000154 -[is_a]-> GO:0009451
GO:0000155 -[is_a]-> GO:0004673
GO:0000155 -[is_a]-> GO:0038023
GO:0000155 -[part_of]-> GO:0000160
GO:0000155 -[part_of]-> GO:0023014
GO:0000156 -[is_a]-> GO:0004871
GO:0000156 -[part_of]-> GO:0000160
GO:0000156 -[part_of]-> GO:0035556
GO:0000159 -[is_a]-> GO:0008287
GO:0000159 -[is_a]-> GO:0044424
GO:0000160 -[is_a]-> GO:0035556
GO:0000161 -[is_a]-> GO:0000165
GO:0000161 -[part_of]-> GO:0007231
GO:0000162 -[is_a]-> GO:0006568
GO:0000162 -[is_a]-> GO:0009073
GO:0000162 -[is_a]-> GO:0046219
GO:0000162 -[is_a]-> GO:1901607
GO:0000164 -[is_a]-> GO:0008287
GO:0000164 -[is_a]-> GO:0044444
GO:0000165 -[is_a]-> GO:0023014
GO:0000165 -[is_a]-> GO:0035556
GO:0000166 -[is_a]-> GO:0036094
GO:0000166 -[is_a]-> GO:1901265
GO:0000167 -[is_a]-> GO:0000185
GO:0000167 -[is_a]-> GO:0047484
GO:0000167 -[is_a]-> GO:0080135
GO:0000167 -[positively_regulates]-> GO:0038081
GO:0000168 -[is_a]-> GO:0000186
GO:0000168 -[is_a]-> GO:0047484
GO:0000168 -[is_a]-> GO:0080135
GO:0000168 -[positively_regulates]-> GO:0038080
GO:0000169 -[is_a]-> GO:0000187
GO:0000169 -[is_a]-> GO:0047484
GO:0000169 -[is_a]-> GO:0080135
GO:0000169 -[positively_regulates]-> GO:0038079
GO:0000170 -[is_a]-> GO:0016491
GO:0000171 -[is_a]-> GO:0004540
GO:0000172 -[is_a]-> GO:0005732
GO:0000172 -[is_a]-> GO:1902494
GO:0000173 -[is_a]-> GO:0000188
GO:0000173 -[is_a]-> GO:0047484
GO:0000173 -[is_a]-> GO:0080135
GO:0000173 -[negatively_regulates]-> GO:0007231
GO:0000173 -[negatively_regulates]-> GO:0038079
GO:0000175 -[is_a]-> GO:0008408
GO:0000175 -[is_a]-> GO:0016896
GO:0000176 -[is_a]-> GO:0000178
GO:0000176 -[is_a]-> GO:0044428
GO:0000176 -[part_of]-> GO:0005634
GO:0000176 -[part_of]-> GO:0031981
GO:0000177 -[is_a]-> GO:0000178
GO:0000177 -[is_a]-> GO:0044444
GO:0000177 -[part_of]-> GO:0005737
GO:0000178 -[is_a]-> GO:0044424
GO:0000178 -[is_a]-> GO:1905354
GO:0000179 -[is_a]-> GO:0008170
GO:0000179 -[is_a]-> GO:0016433
GO:0000182 -[is_a]-> GO:1990837
GO:0000183 -[is_a]-> GO:0006342
GO:0000184 -[is_a]-> GO:0000956
GO:0000185 -[is_a]-> GO:0032147
GO:0000185 -[is_a]-> GO:0043405
GO:0000185 -[is_a]-> GO:0043410
GO:0000185 -[is_a]-> GO:0071902
GO:0000185 -[positively_regulates]-> GO:0004709
GO:0000186 -[is_a]-> GO:0032147
GO:0000186 -[is_a]-> GO:0043405
GO:0000186 -[is_a]-> GO:0043410
GO:0000186 -[positively_regulates]-> GO:0004708
GO:0000187 -[is_a]-> GO:0032147
GO:0000187 -[is_a]-> GO:0043406
GO:0000188 -[is_a]-> GO:0043407
GO:0000189 -[is_a]-> GO:0006606
GO:0000189 -[part_of]-> GO:0000165
GO:0000196 -[is_a]-> GO:0000165
GO:0000196 -[part_of]-> GO:0071554
GO:0000197 -[is_a]-> GO:0000185
GO:0000197 -[is_a]-> GO:1903139
GO:0000197 -[positively_regulates]-> GO:0038070
GO:0000198 -[is_a]-> GO:0000186
GO:0000198 -[is_a]-> GO:1903139
GO:0000198 -[positively_regulates]-> GO:0038068
GO:0000199 -[is_a]-> GO:0000187
GO:0000199 -[is_a]-> GO:1903139
GO:0000199 -[positively_regulates]-> GO:0038067
GO:0000200 -[is_a]-> GO:0000188
GO:0000200 -[is_a]-> GO:1903138
GO:0000200 -[negatively_regulates]-> GO:0038067
GO:0000201 -[is_a]-> GO:0000189
GO:0000201 -[part_of]-> GO:0000196
GO:0000201 -[part_of]-> GO:0042546
GO:0000208 -[is_a]-> GO:0000189
GO:0000208 -[part_of]-> GO:0000161
GO:0000208 -[part_of]-> GO:0007231
GO:0000209 -[is_a]-> GO:0016567
GO:0000210 -[is_a]-> GO:0004551
GO:0000212 -[is_a]-> GO:1903046
GO:0000212 -[part_of]-> GO:0051321
GO:0000213 -[is_a]-> GO:0004549
GO:0000213 -[is_a]-> GO:0016892
GO:0000214 -[is_a]-> GO:0044428
GO:0000214 -[is_a]-> GO:1902555
GO:0000215 -[is_a]-> GO:0008665
GO:0000215 -[is_a]-> GO:0016773
GO:0000217 -[is_a]-> GO:0043566
GO:0000220 -[is_a]-> GO:0033179
GO:0000220 -[is_a]-> GO:0044437
GO:0000220 -[part_of]-> GO:0005773
GO:0000220 -[part_of]-> GO:0016471
GO:0000221 -[is_a]-> GO:0033180
GO:0000221 -[is_a]-> GO:0044437
GO:0000221 -[part_of]-> GO:0005773
GO:0000221 -[part_of]-> GO:0016471
GO:0000222 -[is_a]-> GO:0033179
GO:0000222 -[is_a]-> GO:0098797
GO:0000222 -[part_of]-> GO:0005886
GO:0000222 -[part_of]-> GO:0005887
GO:0000222 -[part_of]-> GO:0033181
GO:0000223 -[is_a]-> GO:0033180
GO:0000223 -[is_a]-> GO:0098797
GO:0000223 -[part_of]-> GO:0005886
GO:0000223 -[part_of]-> GO:0005887
GO:0000223 -[part_of]-> GO:0033181
GO:0000224 -[is_a]-> GO:0016811
GO:0000225 -[is_a]-> GO:0016811
GO:0000225 -[is_a]-> GO:0019213
GO:0000226 -[is_a]-> GO:0007010
GO:0000226 -[is_a]-> GO:0007017
GO:0000226 -[is_a]-> GO:1902589
GO:0000227 -[is_a]-> GO:0015131
GO:0000227 -[is_a]-> GO:0015291
GO:0000228 -[is_a]-> GO:0005694
GO:0000228 -[is_a]-> GO:0044428
GO:0000228 -[part_of]-> GO:0005634
GO:0000228 -[part_of]-> GO:0031981
GO:0000229 -[is_a]-> GO:0005694
GO:0000229 -[is_a]-> GO:0044444
GO:0000229 -[part_of]-> GO:0005737
GO:0000234 -[is_a]-> GO:0008170
GO:0000234 -[is_a]-> GO:0008757
GO:0000235 -[is_a]-> GO:0005876
GO:0000235 -[is_a]-> GO:0005881
GO:0000235 -[part_of]-> GO:0005818
GO:0000236 -[is_a]-> GO:0098763
GO:0000236 -[happens_during]-> GO:0000278
GO:0000237 -[is_a]-> GO:0098764
GO:0000237 -[part_of]-> GO:0007128
GO:0000238 -[is_a]-> GO:0098764
GO:0000238 -[part_of]-> GO:0007128
GO:0000239 -[is_a]-> GO:0098764
GO:0000239 -[part_of]-> GO:0007128
GO:0000240 -[is_a]-> GO:0098764
GO:0000240 -[part_of]-> GO:0007128
GO:0000241 -[is_a]-> GO:0098764
GO:0000241 -[part_of]-> GO:0007128
GO:0000242 -[is_a]-> GO:0044450
GO:0000242 -[part_of]-> GO:0005813
GO:0000243 -[is_a]-> GO:0005684
GO:0000243 -[has_part]-> GO:0005685
GO:0000244 -[is_a]-> GO:0000387
GO:0000245 -[is_a]-> GO:0022618
GO:0000245 -[part_of]-> GO:0000398
GO:0000246 -[is_a]-> GO:0016628
GO:0000247 -[is_a]-> GO:0016863
GO:0000248 -[is_a]-> GO:0016717
GO:0000248 -[is_a]-> GO:0070704
GO:0000249 -[is_a]-> GO:0016717
GO:0000249 -[is_a]-> GO:0070704
GO:0000250 -[is_a]-> GO:0031559
GO:0000252 -[is_a]-> GO:0016616
GO:0000253 -[is_a]-> GO:0016616
GO:0000254 -[is_a]-> GO:0016709
GO:0000255 -[is_a]-> GO:0043603
GO:0000255 -[is_a]-> GO:0046483
GO:0000255 -[is_a]-> GO:1901360
GO:0000255 -[is_a]-> GO:1901564
GO:0000256 -[is_a]-> GO:0000255
GO:0000256 -[is_a]-> GO:0043605
GO:0000256 -[is_a]-> GO:0046700
GO:0000256 -[is_a]-> GO:1901361
GO:0000256 -[is_a]-> GO:1901565
GO:0000257 -[is_a]-> GO:0016815
GO:0000262 -[is_a]-> GO:0000229
GO:0000262 -[is_a]-> GO:0044429
GO:0000262 -[part_of]-> GO:0005739
GO:0000262 -[part_of]-> GO:0042645
GO:0000266 -[is_a]-> GO:0007005
GO:0000266 -[is_a]-> GO:0048285
GO:0000268 -[is_a]-> GO:0005048
GO:0000269 -[is_a]-> GO:0015288
GO:0000269 -[is_a]-> GO:0019534
GO:0000270 -[is_a]-> GO:0030203
GO:0000271 -[is_a]-> GO:0005976
GO:0000271 -[is_a]-> GO:0009059
GO:0000271 -[is_a]-> GO:0016051
GO:0000272 -[is_a]-> GO:0005976
GO:0000272 -[is_a]-> GO:0009057
GO:0000272 -[is_a]-> GO:0016052
GO:0000274 -[is_a]-> GO:0045265
GO:0000274 -[is_a]-> GO:0098800
GO:0000274 -[part_of]-> GO:0000276
GO:0000274 -[part_of]-> GO:0005739
GO:0000275 -[is_a]-> GO:0045261
GO:0000275 -[is_a]-> GO:0098800
GO:0000275 -[part_of]-> GO:0005739
GO:0000275 -[part_of]-> GO:0005753
GO:0000276 -[is_a]-> GO:0045263
GO:0000276 -[is_a]-> GO:0098800
GO:0000276 -[part_of]-> GO:0005739
GO:0000276 -[part_of]-> GO:0005753
GO:0000277 -[is_a]-> GO:0016279
GO:0000278 -[is_a]-> GO:0007049
GO:0000278 -[has_part]-> GO:0007067
GO:0000279 -[is_a]-> GO:0022403
GO:0000280 -[is_a]-> GO:0048285
GO:0000281 -[is_a]-> GO:0061640
GO:0000281 -[is_a]-> GO:1903047
GO:0000281 -[part_of]-> GO:0000278
GO:0000282 -[is_a]-> GO:0030010
GO:0000282 -[is_a]-> GO:1903047
GO:0000282 -[part_of]-> GO:0000281
GO:0000285 -[is_a]-> GO:0016307
GO:0000286 -[is_a]-> GO:0016638
GO:0000287 -[is_a]-> GO:0046872
GO:0000288 -[is_a]-> GO:0000956
GO:0000289 -[is_a]-> GO:0000956
GO:0000289 -[part_of]-> GO:0000288
GO:0000290 -[is_a]-> GO:0000956
GO:0000290 -[part_of]-> GO:0000288
GO:0000291 -[is_a]-> GO:0000956
GO:0000292 -[is_a]-> GO:0006401
GO:0000293 -[is_a]-> GO:0016723
GO:0000294 -[is_a]-> GO:0000956
GO:0000295 -[is_a]-> GO:0015216
GO:0000295 -[part_of]-> GO:0051503
GO:0000296 -[is_a]-> GO:0015846
GO:0000297 -[is_a]-> GO:0015203
GO:0000297 -[part_of]-> GO:1903710
GO:0000298 -[is_a]-> GO:0016462
GO:0000301 -[is_a]-> GO:0006891
GO:0000302 -[is_a]-> GO:0006979
GO:0000302 -[is_a]-> GO:1901700
GO:0000303 -[is_a]-> GO:0000305
GO:0000304 -[is_a]-> GO:0000302
GO:0000304 -[is_a]-> GO:0010035
GO:0000305 -[is_a]-> GO:0000302
GO:0000305 -[is_a]-> GO:0010035
GO:0000306 -[is_a]-> GO:0031312
GO:0000306 -[is_a]-> GO:0044437
GO:0000306 -[part_of]-> GO:0005774
GO:0000307 -[is_a]-> GO:0043234
GO:0000307 -[is_a]-> GO:0044424
GO:0000307 -[is_a]-> GO:1902554
GO:0000308 -[is_a]-> GO:0000307
GO:0000308 -[is_a]-> GO:0044444
GO:0000308 -[part_of]-> GO:0005737
GO:0000309 -[is_a]-> GO:0070566
GO:0000310 -[is_a]-> GO:0016763
GO:0000311 -[is_a]-> GO:0000315
GO:0000311 -[is_a]-> GO:0044435
GO:0000311 -[part_of]-> GO:0009547
GO:0000312 -[is_a]-> GO:0000314
GO:0000312 -[is_a]-> GO:0044435
GO:0000312 -[part_of]-> GO:0009547
GO:0000313 -[is_a]-> GO:0005840
GO:0000313 -[is_a]-> GO:0044422
GO:0000313 -[part_of]-> GO:0043226
GO:0000314 -[is_a]-> GO:0015935
GO:0000314 -[part_of]-> GO:0000313
GO:0000315 -[is_a]-> GO:0015934
GO:0000315 -[part_of]-> GO:0000313
GO:0000316 -[is_a]-> GO:0015698
GO:0000316 -[is_a]-> GO:0072348
GO:0000319 -[is_a]-> GO:0015103
GO:0000319 -[is_a]-> GO:1901682
GO:0000320 -[is_a]-> GO:0022402
GO:0000321 -[is_a]-> GO:0000320
GO:0000321 -[is_a]-> GO:0000754
GO:0000322 -[is_a]-> GO:0005773
GO:0000323 -[is_a]-> GO:0005773
GO:0000324 -[is_a]-> GO:0000322
GO:0000324 -[is_a]-> GO:0000323
GO:0000325 -[is_a]-> GO:0005773
GO:0000326 -[is_a]-> GO:0000322
GO:0000326 -[is_a]-> GO:0000325
GO:0000327 -[is_a]-> GO:0000323
GO:0000327 -[is_a]-> GO:0044437
GO:0000327 -[part_of]-> GO:0000326
GO:0000328 -[is_a]-> GO:0005775
GO:0000328 -[part_of]-> GO:0000324
GO:0000329 -[is_a]-> GO:0098852
GO:0000329 -[part_of]-> GO:0000324
GO:0000330 -[is_a]-> GO:0005775
GO:0000330 -[part_of]-> GO:0000325
GO:0000331 -[is_a]-> GO:0005773
GO:0000331 -[is_a]-> GO:0031410
GO:0000332 -[is_a]-> GO:0000497
GO:0000332 -[part_of]-> GO:0003720
GO:0000333 -[is_a]-> GO:0005697
GO:0000333 -[is_a]-> GO:0042575
GO:0000334 -[is_a]-> GO:0016702
GO:0000335 -[is_a]-> GO:0000337
GO:0000335 -[is_a]-> GO:0010529
GO:0000335 -[is_a]-> GO:0045910
GO:0000335 -[negatively_regulates]-> GO:0006313
GO:0000336 -[is_a]-> GO:0000337
GO:0000336 -[is_a]-> GO:0010530
GO:0000336 -[is_a]-> GO:0045911
GO:0000336 -[positively_regulates]-> GO:0006313
GO:0000337 -[is_a]-> GO:0000018
GO:0000337 -[is_a]-> GO:0010528
GO:0000337 -[regulates]-> GO:0006313
GO:0000338 -[is_a]-> GO:0070646
GO:0000339 -[is_a]-> GO:0003723
GO:0000340 -[is_a]-> GO:0000339
GO:0000341 -[is_a]-> GO:0000339
GO:0000342 -[is_a]-> GO:0000339
GO:0000343 -[is_a]-> GO:0000427
GO:0000344 -[is_a]-> GO:0000427
GO:0000345 -[is_a]-> GO:0000428
GO:0000345 -[is_a]-> GO:0044445
GO:0000346 -[is_a]-> GO:0043234
GO:0000346 -[is_a]-> GO:0044428
GO:0000347 -[is_a]-> GO:0043234
GO:0000347 -[is_a]-> GO:0044428
GO:0000348 -[is_a]-> GO:0022618
GO:0000348 -[part_of]-> GO:0000245
GO:0000349 -[is_a]-> GO:0022618
GO:0000349 -[part_of]-> GO:0000393
GO:0000350 -[is_a]-> GO:0022618
GO:0000350 -[part_of]-> GO:0000393
GO:0000352 -[is_a]-> GO:0022618
GO:0000352 -[part_of]-> GO:0000245
GO:0000352 -[part_of]-> GO:0045291
GO:0000353 -[is_a]-> GO:0022618
GO:0000353 -[part_of]-> GO:0045291
GO:0000354 -[is_a]-> GO:0022618
GO:0000354 -[part_of]-> GO:0000245
GO:0000354 -[part_of]-> GO:0045292
GO:0000365 -[is_a]-> GO:0000398
GO:0000366 -[is_a]-> GO:0000365
GO:0000366 -[is_a]-> GO:0000380
GO:0000372 -[is_a]-> GO:0000376
GO:0000373 -[is_a]-> GO:0000377
GO:0000374 -[is_a]-> GO:0000377
GO:0000375 -[is_a]-> GO:0008380
GO:0000376 -[is_a]-> GO:0000375
GO:0000377 -[is_a]-> GO:0000375
GO:0000378 -[is_a]-> GO:0016070
GO:0000378 -[part_of]-> GO:0000394
GO:0000379 -[is_a]-> GO:0006396
GO:0000379 -[part_of]-> GO:0006388
GO:0000380 -[is_a]-> GO:0000398
GO:0000381 -[is_a]-> GO:0048024
GO:0000381 -[regulates]-> GO:0000380
GO:0000384 -[is_a]-> GO:0003824
GO:0000384 -[part_of]-> GO:0000375
GO:0000386 -[is_a]-> GO:0003824
GO:0000386 -[part_of]-> GO:0000375
GO:0000387 -[is_a]-> GO:0022618
GO:0000387 -[part_of]-> GO:0000398
GO:0000388 -[is_a]-> GO:0022618
GO:0000388 -[part_of]-> GO:0000393
GO:0000389 -[is_a]-> GO:0006376
GO:0000390 -[is_a]-> GO:0032988
GO:0000390 -[part_of]-> GO:0000398
GO:0000393 -[is_a]-> GO:0022618
GO:0000393 -[part_of]-> GO:0000398
GO:0000394 -[is_a]-> GO:0008380
GO:0000395 -[is_a]-> GO:0006376
GO:0000395 -[part_of]-> GO:0045292
GO:0000398 -[is_a]-> GO:0000377
GO:0000398 -[is_a]-> GO:0006397
GO:0000399 -[is_a]-> GO:0032155
GO:0000399 -[part_of]-> GO:0005935
GO:0000400 -[is_a]-> GO:0000217
GO:0000401 -[is_a]-> GO:0000400
GO:0000402 -[is_a]-> GO:0000400
GO:0000403 -[is_a]-> GO:0000217
GO:0000404 -[is_a]-> GO:0000217
GO:0000404 -[is_a]-> GO:0032135
GO:0000405 -[is_a]-> GO:0000217
GO:0000406 -[is_a]-> GO:0000217
GO:0000407 -[is_a]-> GO:0044444
GO:0000408 -[is_a]-> GO:0043234
GO:0000408 -[is_a]-> GO:0044424
GO:0000409 -[is_a]-> GO:0006355
GO:0000410 -[is_a]-> GO:0000409
GO:0000410 -[is_a]-> GO:0045013
GO:0000411 -[is_a]-> GO:0000409
GO:0000411 -[is_a]-> GO:0045991
GO:0000412 -[is_a]-> GO:0000413
GO:0000412 -[is_a]-> GO:0016570
GO:0000413 -[is_a]-> GO:0018208
GO:0000414 -[is_a]-> GO:0031060
GO:0000414 -[regulates]-> GO:0010452
GO:0000415 -[is_a]-> GO:0000414
GO:0000415 -[is_a]-> GO:0031061
GO:0000415 -[negatively_regulates]-> GO:0010452
GO:0000416 -[is_a]-> GO:0000414
GO:0000416 -[is_a]-> GO:0031062
GO:0000416 -[positively_regulates]-> GO:0010452
GO:0000417 -[is_a]-> GO:0043234
GO:0000418 -[is_a]-> GO:0044451
GO:0000418 -[is_a]-> GO:0055029
GO:0000419 -[is_a]-> GO:0055029
GO:0000421 -[is_a]-> GO:0005774
GO:0000421 -[part_of]-> GO:0005776
GO:0000422 -[is_a]-> GO:0006914
GO:0000422 -[is_a]-> GO:0061726
GO:0000423 -[is_a]-> GO:0000422
GO:0000423 -[is_a]-> GO:0016236
GO:0000424 -[is_a]-> GO:0000422
GO:0000424 -[is_a]-> GO:0016237
GO:0000425 -[is_a]-> GO:0016236
GO:0000425 -[is_a]-> GO:0030242
GO:0000426 -[is_a]-> GO:0016237
GO:0000426 -[is_a]-> GO:0030242
GO:0000427 -[is_a]-> GO:0000428
GO:0000427 -[is_a]-> GO:0044435
GO:0000427 -[part_of]-> GO:0009536
GO:0000428 -[is_a]-> GO:0030880
GO:0000429 -[is_a]-> GO:0006357
GO:0000429 -[is_a]-> GO:0045990
GO:0000430 -[is_a]-> GO:0000429
GO:0000430 -[is_a]-> GO:0046015
GO:0000431 -[is_a]-> GO:0000409
GO:0000431 -[is_a]-> GO:0000429
GO:0000432 -[is_a]-> GO:0000430
GO:0000432 -[is_a]-> GO:0000436
GO:0000432 -[is_a]-> GO:0046016
GO:0000433 -[is_a]-> GO:0000430
GO:0000433 -[is_a]-> GO:0000437
GO:0000433 -[is_a]-> GO:0045014
GO:0000434 -[is_a]-> GO:0000410
GO:0000434 -[is_a]-> GO:0000431
GO:0000434 -[is_a]-> GO:0000437
GO:0000435 -[is_a]-> GO:0000411
GO:0000435 -[is_a]-> GO:0000431
GO:0000435 -[is_a]-> GO:0000436
GO:0000436 -[is_a]-> GO:0000429
GO:0000436 -[is_a]-> GO:0045991
GO:0000436 -[is_a]-> GO:1901522
GO:0000437 -[is_a]-> GO:0000122
GO:0000437 -[is_a]-> GO:0000429
GO:0000437 -[is_a]-> GO:0045013
GO:0000438 -[is_a]-> GO:0000439
GO:0000438 -[is_a]-> GO:0044451
GO:0000438 -[part_of]-> GO:0005675
GO:0000439 -[is_a]-> GO:0043234
GO:0000439 -[is_a]-> GO:0044428
GO:0000440 -[is_a]-> GO:0000439
GO:0000440 -[part_of]-> GO:0000112
GO:0000444 -[is_a]-> GO:0043234
GO:0000444 -[is_a]-> GO:0044427
GO:0000444 -[part_of]-> GO:0000777
GO:0000445 -[is_a]-> GO:0000347
GO:0000445 -[part_of]-> GO:0000346
GO:0000446 -[is_a]-> GO:0000347
GO:0000446 -[is_a]-> GO:0008023
GO:0000447 -[is_a]-> GO:0000479
GO:0000447 -[part_of]-> GO:0000462
GO:0000447 -[part_of]-> GO:0000466
GO:0000448 -[is_a]-> GO:0000479
GO:0000448 -[part_of]-> GO:0000463
GO:0000448 -[part_of]-> GO:0000466
GO:0000449 -[is_a]-> GO:0000478
GO:0000450 -[is_a]-> GO:0000478
GO:0000451 -[is_a]-> GO:0031167
GO:0000452 -[is_a]-> GO:0000451
GO:0000452 -[is_a]-> GO:0016074
GO:0000453 -[is_a]-> GO:0000451
GO:0000454 -[is_a]-> GO:0016074
GO:0000454 -[is_a]-> GO:0031118
GO:0000455 -[is_a]-> GO:0031118
GO:0000456 -[is_a]-> GO:0031167
GO:0000456 -[part_of]-> GO:0030490
GO:0000457 -[is_a]-> GO:0000449
GO:0000457 -[part_of]-> GO:0002108
GO:0000457 -[part_of]-> GO:0002109
GO:0000458 -[is_a]-> GO:0000449
GO:0000458 -[part_of]-> GO:0002108
GO:0000459 -[is_a]-> GO:0000469
GO:0000459 -[is_a]-> GO:0090503
GO:0000459 -[part_of]-> GO:0006364
GO:0000460 -[is_a]-> GO:0006364
GO:0000461 -[is_a]-> GO:0000479
GO:0000461 -[is_a]-> GO:0031125
GO:0000461 -[part_of]-> GO:0000462
GO:0000462 -[is_a]-> GO:0030490
GO:0000463 -[is_a]-> GO:0000470
GO:0000464 -[is_a]-> GO:0000479
GO:0000464 -[part_of]-> GO:0000463
GO:0000464 -[part_of]-> GO:0000466
GO:0000465 -[is_a]-> GO:0000459
GO:0000465 -[is_a]-> GO:0000967
GO:0000465 -[part_of]-> GO:0000466
GO:0000466 -[is_a]-> GO:0000460
GO:0000467 -[is_a]-> GO:0000459
GO:0000467 -[is_a]-> GO:0031125
GO:0000467 -[part_of]-> GO:0000466
GO:0000468 -[is_a]-> GO:0031125
GO:0000468 -[part_of]-> GO:0000463
GO:0000469 -[is_a]-> GO:0090501
GO:0000469 -[part_of]-> GO:0006364
GO:0000470 -[is_a]-> GO:0006364
GO:0000470 -[part_of]-> GO:0042273
GO:0000471 -[is_a]-> GO:0000479
GO:0000472 -[is_a]-> GO:0000479
GO:0000472 -[is_a]-> GO:0000967
GO:0000472 -[part_of]-> GO:0000462
GO:0000473 -[is_a]-> GO:0000470
GO:0000474 -[is_a]-> GO:0030490
GO:0000475 -[is_a]-> GO:0006364
GO:0000476 -[is_a]-> GO:0006364
GO:0000477 -[is_a]-> GO:0000469
GO:0000477 -[is_a]-> GO:0000967
GO:0000477 -[part_of]-> GO:0000463
GO:0000478 -[is_a]-> GO:0000469
GO:0000478 -[is_a]-> GO:0090502
GO:0000478 -[part_of]-> GO:0006364
GO:0000479 -[is_a]-> GO:0000478
GO:0000480 -[is_a]-> GO:0000479
GO:0000480 -[part_of]-> GO:0000462
GO:0000481 -[is_a]-> GO:0006364
GO:0000482 -[is_a]-> GO:0000481
GO:0000483 -[is_a]-> GO:0000478
GO:0000484 -[is_a]-> GO:0000483
GO:0000484 -[part_of]-> GO:0000474
GO:0000484 -[part_of]-> GO:0000487
GO:0000485 -[is_a]-> GO:0000483
GO:0000485 -[part_of]-> GO:0000473
GO:0000485 -[part_of]-> GO:0000475
GO:0000486 -[is_a]-> GO:0000483
GO:0000486 -[part_of]-> GO:0000475
GO:0000486 -[part_of]-> GO:0000487
GO:0000487 -[is_a]-> GO:0000460
GO:0000488 -[is_a]-> GO:0000470
GO:0000489 -[is_a]-> GO:0030490
GO:0000491 -[is_a]-> GO:0022618
GO:0000492 -[is_a]-> GO:0000491
GO:0000493 -[is_a]-> GO:0000491
GO:0000494 -[is_a]-> GO:0031126
GO:0000494 -[is_a]-> GO:0034963
GO:0000495 -[is_a]-> GO:0031126
GO:0000495 -[is_a]-> GO:0034964
GO:0000496 -[is_a]-> GO:0003676
GO:0000497 -[is_a]-> GO:0000496
GO:0000497 -[is_a]-> GO:0003677
GO:0000498 -[is_a]-> GO:0000496
GO:0000498 -[is_a]-> GO:0003723
GO:0000499 -[is_a]-> GO:0000498
GO:0000500 -[is_a]-> GO:0000120
GO:0000501 -[is_a]-> GO:0000128
GO:0000502 -[is_a]-> GO:0043234
GO:0000502 -[is_a]-> GO:0044424
GO:0000502 -[is_a]-> GO:1905369
GO:0000506 -[is_a]-> GO:0043234
GO:0000506 -[is_a]-> GO:0044432
GO:0000578 -[is_a]-> GO:0009798
GO:0000578 -[is_a]-> GO:0009880
GO:0000700 -[is_a]-> GO:0019104
GO:0000701 -[is_a]-> GO:0000700
GO:0000702 -[is_a]-> GO:0019104
GO:0000703 -[is_a]-> GO:0000702
GO:0000703 -[is_a]-> GO:0003906
GO:0000704 -[is_a]-> GO:0003906
GO:0000704 -[is_a]-> GO:0019104
GO:0000705 -[is_a]-> GO:0007127
GO:0000706 -[is_a]-> GO:0000729
GO:0000706 -[is_a]-> GO:1903046
GO:0000706 -[part_of]-> GO:0051321
GO:0000707 -[is_a]-> GO:0000730
GO:0000707 -[is_a]-> GO:1903046
GO:0000707 -[part_of]-> GO:0007127
GO:0000707 -[part_of]-> GO:0051321
GO:0000708 -[is_a]-> GO:0042148
GO:0000708 -[is_a]-> GO:1903046
GO:0000708 -[part_of]-> GO:0007127
GO:0000708 -[part_of]-> GO:0051321
GO:0000709 -[is_a]-> GO:1903046
GO:0000709 -[part_of]-> GO:0007131
GO:0000710 -[is_a]-> GO:0006298
GO:0000710 -[is_a]-> GO:1903046
GO:0000710 -[part_of]-> GO:0007127
GO:0000710 -[part_of]-> GO:0051321
GO:0000711 -[is_a]-> GO:0000731
GO:0000711 -[is_a]-> GO:1903046
GO:0000711 -[part_of]-> GO:0007127
GO:0000712 -[is_a]-> GO:1903046
GO:0000712 -[part_of]-> GO:0007131
GO:0000712 -[part_of]-> GO:0051307
GO:0000713 -[is_a]-> GO:0030491
GO:0000713 -[is_a]-> GO:1903046
GO:0000713 -[part_of]-> GO:0006310
GO:0000713 -[part_of]-> GO:0007127
GO:0000713 -[part_of]-> GO:0051321
GO:0000714 -[is_a]-> GO:0000732
GO:0000714 -[is_a]-> GO:1903046
GO:0000714 -[part_of]-> GO:0007127
GO:0000714 -[part_of]-> GO:0051321
GO:0000715 -[is_a]-> GO:0051276
GO:0000715 -[part_of]-> GO:0006289
GO:0000716 -[is_a]-> GO:0000715
GO:0000716 -[part_of]-> GO:0006283
GO:0000717 -[is_a]-> GO:0032508
GO:0000717 -[part_of]-> GO:0006289
GO:0000718 -[is_a]-> GO:0044349
GO:0000718 -[part_of]-> GO:0006289
GO:0000719 -[is_a]-> GO:0006290
GO:0000720 -[is_a]-> GO:0006289
GO:0000720 -[is_a]-> GO:0006290
GO:0000721 -[is_a]-> GO:0016616
GO:0000722 -[is_a]-> GO:0000723
GO:0000722 -[is_a]-> GO:0006312
GO:0000723 -[is_a]-> GO:0006259
GO:0000723 -[is_a]-> GO:0032200
GO:0000723 -[is_a]-> GO:0060249
GO:0000724 -[is_a]-> GO:0000725
GO:0000724 -[is_a]-> GO:0006302
GO:0000725 -[is_a]-> GO:0006281
GO:0000725 -[is_a]-> GO:0006310
GO:0000726 -[is_a]-> GO:0006281
GO:0000727 -[is_a]-> GO:0000724
GO:0000728 -[is_a]-> GO:0022414
GO:0000728 -[is_a]-> GO:0090305
GO:0000728 -[part_of]-> GO:0007534
GO:0000729 -[is_a]-> GO:0006259
GO:0000729 -[has_part]-> GO:0035312
GO:0000729 -[part_of]-> GO:0006302
GO:0000730 -[is_a]-> GO:0065004
GO:0000730 -[part_of]-> GO:0045003
GO:0000731 -[is_a]-> GO:0071897
GO:0000731 -[part_of]-> GO:0006281
GO:0000732 -[is_a]-> GO:0006259
GO:0000732 -[part_of]-> GO:0006310
GO:0000733 -[is_a]-> GO:0006259
GO:0000734 -[is_a]-> GO:0000731
GO:0000734 -[is_a]-> GO:0022414
GO:0000734 -[part_of]-> GO:0007534
GO:0000735 -[is_a]-> GO:0006259
GO:0000735 -[has_part]-> GO:0004520
GO:0000736 -[is_a]-> GO:0000735
GO:0000736 -[part_of]-> GO:0045002
GO:0000737 -[is_a]-> GO:0006308
GO:0000737 -[is_a]-> GO:0090305
GO:0000737 -[has_part]-> GO:0004520
GO:0000738 -[is_a]-> GO:0006308
GO:0000738 -[is_a]-> GO:0090305
GO:0000738 -[has_part]-> GO:0004529
GO:0000740 -[is_a]-> GO:0000741
GO:0000740 -[is_a]-> GO:0090174
GO:0000741 -[is_a]-> GO:0048284
GO:0000741 -[part_of]-> GO:0006997
GO:0000742 -[is_a]-> GO:0000741
GO:0000742 -[is_a]-> GO:0022414
GO:0000742 -[part_of]-> GO:0000747
GO:0000743 -[is_a]-> GO:0030473
GO:0000743 -[is_a]-> GO:0044702
GO:0000743 -[part_of]-> GO:0000747
GO:0000744 -[is_a]-> GO:0000741
GO:0000744 -[part_of]-> GO:0000748
GO:0000745 -[is_a]-> GO:0007097
GO:0000745 -[part_of]-> GO:0000744
GO:0000745 -[part_of]-> GO:0000748
GO:0000746 -[is_a]-> GO:0044764
GO:0000747 -[is_a]-> GO:0000746
GO:0000747 -[is_a]-> GO:0019953
GO:0000748 -[is_a]-> GO:0000746
GO:0000749 -[is_a]-> GO:0022414
GO:0000749 -[is_a]-> GO:0071444
GO:0000749 -[part_of]-> GO:0000747
GO:0000750 -[is_a]-> GO:0007186
GO:0000750 -[is_a]-> GO:0032005
GO:0000750 -[part_of]-> GO:0000749
GO:0000751 -[is_a]-> GO:0022414
GO:0000751 -[is_a]-> GO:0071850
GO:0000751 -[part_of]-> GO:0000749
GO:0000752 -[is_a]-> GO:0000771
GO:0000752 -[is_a]-> GO:0044703
GO:0000752 -[is_a]-> GO:0098630
GO:0000752 -[part_of]-> GO:0000747
GO:0000752 -[part_of]-> GO:0000749
GO:0000753 -[is_a]-> GO:0000767
GO:0000753 -[is_a]-> GO:0003006
GO:0000753 -[is_a]-> GO:0044702
GO:0000753 -[part_of]-> GO:0000747
GO:0000753 -[part_of]-> GO:0000749
GO:0000754 -[is_a]-> GO:0022414
GO:0000754 -[is_a]-> GO:0023058
GO:0000754 -[part_of]-> GO:0000749
GO:0000755 -[is_a]-> GO:0022413
GO:0000755 -[part_of]-> GO:0000747
GO:0000756 -[is_a]-> GO:0007154
GO:0000756 -[is_a]-> GO:0071444
GO:0000756 -[part_of]-> GO:0000748
GO:0000757 -[is_a]-> GO:0007186
GO:0000757 -[part_of]-> GO:0000748
GO:0000757 -[part_of]-> GO:0000756
GO:0000758 -[is_a]-> GO:0000771
GO:0000758 -[is_a]-> GO:0098630
GO:0000758 -[part_of]-> GO:0000748
GO:0000758 -[part_of]-> GO:0000756
GO:0000759 -[is_a]-> GO:0000767
GO:0000759 -[part_of]-> GO:0000748
GO:0000759 -[part_of]-> GO:0000756
GO:0000760 -[is_a]-> GO:0000756
GO:0000760 -[is_a]-> GO:0022401
GO:0000761 -[is_a]-> GO:0000771
GO:0000761 -[part_of]-> GO:0000748
GO:0000762 -[is_a]-> GO:0009291
GO:0000765 -[is_a]-> GO:0019236
GO:0000765 -[part_of]-> GO:0000762
GO:0000766 -[is_a]-> GO:0022401
GO:0000766 -[part_of]-> GO:0000765
GO:0000767 -[is_a]-> GO:0000902
GO:0000767 -[part_of]-> GO:0000746
GO:0000768 -[is_a]-> GO:0006949
GO:0000768 -[has_part]-> GO:0045026
GO:0000769 -[is_a]-> GO:0006949
GO:0000769 -[has_part]-> GO:0033301
GO:0000770 -[is_a]-> GO:0009914
GO:0000770 -[is_a]-> GO:0015833
GO:0000771 -[is_a]-> GO:0098610
GO:0000771 -[part_of]-> GO:0000746
GO:0000772 -[is_a]-> GO:0005186
GO:0000773 -[is_a]-> GO:0008170
GO:0000773 -[is_a]-> GO:0008757
GO:0000774 -[is_a]-> GO:0030554
GO:0000774 -[is_a]-> GO:0060590
GO:0000775 -[is_a]-> GO:0098687
GO:0000776 -[is_a]-> GO:0043232
GO:0000776 -[is_a]-> GO:0043234
GO:0000776 -[is_a]-> GO:0044427
GO:0000776 -[part_of]-> GO:0000775
GO:0000777 -[is_a]-> GO:0000776
GO:0000777 -[part_of]-> GO:0000779
GO:0000777 -[part_of]-> GO:0000793
GO:0000778 -[is_a]-> GO:0000777
GO:0000778 -[is_a]-> GO:0044454
GO:0000778 -[part_of]-> GO:0000780
GO:0000778 -[part_of]-> GO:0000794
GO:0000779 -[is_a]-> GO:0000775
GO:0000779 -[part_of]-> GO:0000793
GO:0000780 -[is_a]-> GO:0000779
GO:0000780 -[is_a]-> GO:0044454
GO:0000780 -[part_of]-> GO:0000794
GO:0000780 -[part_of]-> GO:0005634
GO:0000781 -[is_a]-> GO:0098687
GO:0000782 -[is_a]-> GO:0032993
GO:0000782 -[is_a]-> GO:0044427
GO:0000782 -[part_of]-> GO:0000781
GO:0000783 -[is_a]-> GO:0000782
GO:0000783 -[is_a]-> GO:0044454
GO:0000783 -[part_of]-> GO:0000784
GO:0000783 -[part_of]-> GO:0005634
GO:0000784 -[is_a]-> GO:0000781
GO:0000784 -[is_a]-> GO:0044454
GO:0000784 -[part_of]-> GO:0005634
GO:0000785 -[is_a]-> GO:0032991
GO:0000785 -[is_a]-> GO:0044427
GO:0000786 -[is_a]-> GO:0032993
GO:0000786 -[is_a]-> GO:0044427
GO:0000786 -[is_a]-> GO:0044815
GO:0000786 -[part_of]-> GO:0000785
GO:0000787 -[is_a]-> GO:0000786
GO:0000787 -[is_a]-> GO:0044444
GO:0000787 -[part_of]-> GO:0000789
GO:0000787 -[part_of]-> GO:0005737
GO:0000788 -[is_a]-> GO:0000786
GO:0000788 -[is_a]-> GO:0044454
GO:0000788 -[part_of]-> GO:0000790
GO:0000788 -[part_of]-> GO:0005634
GO:0000789 -[is_a]-> GO:0000785
GO:0000789 -[is_a]-> GO:0044444
GO:0000789 -[part_of]-> GO:0000229
GO:0000789 -[part_of]-> GO:0005737
GO:0000790 -[is_a]-> GO:0000785
GO:0000790 -[is_a]-> GO:0044454
GO:0000790 -[part_of]-> GO:0005634
GO:0000791 -[is_a]-> GO:0000785
GO:0000792 -[is_a]-> GO:0000785
GO:0000793 -[is_a]-> GO:0005694
GO:0000794 -[is_a]-> GO:0000228
GO:0000794 -[is_a]-> GO:0000793
GO:0000794 -[part_of]-> GO:0005634
GO:0000795 -[is_a]-> GO:0099086
GO:0000796 -[is_a]-> GO:0043234
GO:0000796 -[is_a]-> GO:0044427
GO:0000796 -[is_a]-> GO:0044815
GO:0000796 -[part_of]-> GO:0000793
GO:0000797 -[is_a]-> GO:0043234
GO:0000797 -[is_a]-> GO:0044427
GO:0000797 -[part_of]-> GO:0000796
GO:0000798 -[is_a]-> GO:0008278
GO:0000798 -[is_a]-> GO:0044454
GO:0000798 -[part_of]-> GO:0000794
GO:0000798 -[part_of]-> GO:0005634
GO:0000799 -[is_a]-> GO:0000796
GO:0000799 -[is_a]-> GO:0044454
GO:0000799 -[part_of]-> GO:0000794
GO:0000799 -[part_of]-> GO:0005634
GO:0000800 -[is_a]-> GO:0044454
GO:0000800 -[part_of]-> GO:0000795
GO:0000801 -[is_a]-> GO:0044454
GO:0000801 -[part_of]-> GO:0000795
GO:0000802 -[is_a]-> GO:0044454
GO:0000802 -[part_of]-> GO:0000795
GO:0000803 -[is_a]-> GO:0005694
GO:0000804 -[is_a]-> GO:0000803
GO:0000805 -[is_a]-> GO:0000803
GO:0000806 -[is_a]-> GO:0000803
GO:0000807 -[is_a]-> GO:0000803
GO:0000808 -[is_a]-> GO:0043234
GO:0000808 -[is_a]-> GO:0044427
GO:0000809 -[is_a]-> GO:0000808
GO:0000809 -[is_a]-> GO:0044444
GO:0000809 -[part_of]-> GO:0000229
GO:0000809 -[part_of]-> GO:0005737
GO:0000810 -[is_a]-> GO:0016462
GO:0000811 -[is_a]-> GO:0031261
GO:0000811 -[is_a]-> GO:0044454
GO:0000812 -[is_a]-> GO:0044454
GO:0000812 -[is_a]-> GO:0097346
GO:0000812 -[part_of]-> GO:0000790
GO:0000813 -[is_a]-> GO:0036452
GO:0000813 -[is_a]-> GO:0098796
GO:0000813 -[part_of]-> GO:0010008
GO:0000814 -[is_a]-> GO:0036452
GO:0000814 -[is_a]-> GO:0098796
GO:0000814 -[part_of]-> GO:0010008
GO:0000815 -[is_a]-> GO:0036452
GO:0000815 -[is_a]-> GO:0098796
GO:0000815 -[part_of]-> GO:0010008
GO:0000817 -[is_a]-> GO:0043234
GO:0000817 -[is_a]-> GO:0044454
GO:0000817 -[part_of]-> GO:0000778
GO:0000818 -[is_a]-> GO:0000444
GO:0000818 -[is_a]-> GO:0044454
GO:0000818 -[part_of]-> GO:0000778
GO:0000818 -[part_of]-> GO:0005634
GO:0000819 -[is_a]-> GO:0051276
GO:0000819 -[is_a]-> GO:0098813
GO:0000819 -[is_a]-> GO:1902589
GO:0000820 -[is_a]-> GO:0031323
GO:0000820 -[is_a]-> GO:0051171
GO:0000820 -[regulates]-> GO:0009064
GO:0000821 -[is_a]-> GO:0000820
GO:0000821 -[is_a]-> GO:0006521
GO:0000821 -[regulates]-> GO:0006525
GO:0000822 -[is_a]-> GO:0043178
GO:0000823 -[is_a]-> GO:0051766
GO:0000824 -[is_a]-> GO:0051765
GO:0000825 -[is_a]-> GO:0051765
GO:0000827 -[is_a]-> GO:0016301
GO:0000827 -[is_a]-> GO:0016776
GO:0000828 -[is_a]-> GO:0016301
GO:0000828 -[is_a]-> GO:0016776
GO:0000829 -[is_a]-> GO:0016301
GO:0000829 -[is_a]-> GO:0016776
GO:0000830 -[is_a]-> GO:0000828
GO:0000831 -[is_a]-> GO:0000828
GO:0000832 -[is_a]-> GO:0000828
GO:0000833 -[is_a]-> GO:0000829
GO:0000834 -[is_a]-> GO:0000829
GO:0000835 -[is_a]-> GO:0000153
GO:0000835 -[is_a]-> GO:0044425
GO:0000835 -[is_a]-> GO:0044432
GO:0000835 -[part_of]-> GO:0005783
GO:0000835 -[part_of]-> GO:0005789
GO:0000836 -[is_a]-> GO:0000835
GO:0000837 -[is_a]-> GO:0000835
GO:0000838 -[is_a]-> GO:0000836
GO:0000839 -[is_a]-> GO:0000836
GO:0000900 -[is_a]-> GO:0030371
GO:0000900 -[is_a]-> GO:0090079
GO:0000901 -[is_a]-> GO:0030371
GO:0000901 -[is_a]-> GO:0045183
GO:0000902 -[is_a]-> GO:0032989
GO:0000903 -[is_a]-> GO:0008360
GO:0000903 -[part_of]-> GO:0072690
GO:0000904 -[is_a]-> GO:0000902
GO:0000904 -[part_of]-> GO:0048468
GO:0000905 -[is_a]-> GO:0030584
GO:0000905 -[part_of]-> GO:0019954
GO:0000906 -[is_a]-> GO:0016867
GO:0000907 -[is_a]-> GO:0016706
GO:0000908 -[is_a]-> GO:0016706
GO:0000909 -[is_a]-> GO:0030584
GO:0000909 -[part_of]-> GO:0019953
GO:0000910 -[is_a]-> GO:0022402
GO:0000910 -[has_part]-> GO:0090148
GO:0000910 -[part_of]-> GO:0051301
GO:0000911 -[is_a]-> GO:1902410
GO:0000912 -[is_a]-> GO:0022607
GO:0000912 -[is_a]-> GO:0032506
GO:0000912 -[part_of]-> GO:0061640
GO:0000913 -[is_a]-> GO:0022607
GO:0000913 -[is_a]-> GO:1903047
GO:0000913 -[part_of]-> GO:0000911
GO:0000914 -[is_a]-> GO:1902407
GO:0000914 -[part_of]-> GO:0000911
GO:0000915 -[is_a]-> GO:0000912
GO:0000915 -[is_a]-> GO:0044837
GO:0000916 -[is_a]-> GO:0036213
GO:0000916 -[part_of]-> GO:0061640
GO:0000917 -[is_a]-> GO:0090529
GO:0000917 -[is_a]-> GO:1902410
GO:0000917 -[part_of]-> GO:0000278
GO:0000917 -[part_of]-> GO:0000281
GO:0000917 -[part_of]-> GO:0061640
GO:0000918 -[is_a]-> GO:1902410
GO:0000918 -[part_of]-> GO:0000917
GO:0000919 -[is_a]-> GO:0022607
GO:0000919 -[is_a]-> GO:1903047
GO:0000919 -[part_of]-> GO:0000911
GO:0000920 -[is_a]-> GO:0009987
GO:0000920 -[part_of]-> GO:0051301
GO:0000921 -[is_a]-> GO:0031106
GO:0000921 -[is_a]-> GO:0043623
GO:0000921 -[is_a]-> GO:0070925
GO:0000922 -[is_a]-> GO:0044430
GO:0000922 -[part_of]-> GO:0005819
GO:0000923 -[is_a]-> GO:0005815
GO:0000923 -[is_a]-> GO:0032155
GO:0000923 -[part_of]-> GO:0032153
GO:0000924 -[is_a]-> GO:0008274
GO:0000924 -[part_of]-> GO:0000242
GO:0000927 -[is_a]-> GO:0008275
GO:0000928 -[is_a]-> GO:0008275
GO:0000928 -[part_of]-> GO:0005816
GO:0000930 -[is_a]-> GO:0043234
GO:0000930 -[is_a]-> GO:0044450
GO:0000931 -[is_a]-> GO:0000930
GO:0000932 -[is_a]-> GO:0036464
GO:0000933 -[is_a]-> GO:0030428
GO:0000934 -[is_a]-> GO:0030428
GO:0000935 -[is_a]-> GO:0030428
GO:0000936 -[is_a]-> GO:0030428
GO:0000937 -[is_a]-> GO:0000934
GO:0000938 -[is_a]-> GO:0043234
GO:0000938 -[is_a]-> GO:0044431
GO:0000938 -[is_a]-> GO:0044433
GO:0000938 -[is_a]-> GO:0099023
GO:0000938 -[part_of]-> GO:0031410
GO:0000939 -[is_a]-> GO:0043234
GO:0000939 -[is_a]-> GO:0044427
GO:0000939 -[part_of]-> GO:0000777
GO:0000940 -[is_a]-> GO:0043234
GO:0000940 -[is_a]-> GO:0044427
GO:0000940 -[part_of]-> GO:0000777
GO:0000941 -[is_a]-> GO:0000939
GO:0000941 -[is_a]-> GO:0044454
GO:0000941 -[part_of]-> GO:0000778
GO:0000942 -[is_a]-> GO:0000940
GO:0000942 -[is_a]-> GO:0044454
GO:0000942 -[part_of]-> GO:0000778
GO:0000943 -[is_a]-> GO:0044428
GO:0000944 -[is_a]-> GO:0000498
GO:0000944 -[is_a]-> GO:0019843
GO:0000945 -[is_a]-> GO:0000498
GO:0000945 -[is_a]-> GO:0017069
GO:0000946 -[is_a]-> GO:0000049
GO:0000946 -[is_a]-> GO:0000498
GO:0000947 -[is_a]-> GO:0000955
GO:0000947 -[is_a]-> GO:0046165
GO:0000948 -[is_a]-> GO:0000955
GO:0000948 -[is_a]-> GO:0046394
GO:0000949 -[is_a]-> GO:0000947
GO:0000949 -[is_a]-> GO:0009074
GO:0000950 -[is_a]-> GO:0000947
GO:0000950 -[is_a]-> GO:0009083
GO:0000951 -[is_a]-> GO:0000947
GO:0000951 -[is_a]-> GO:0009087
GO:0000951 -[is_a]-> GO:0044272
GO:0000952 -[is_a]-> GO:0000948
GO:0000952 -[is_a]-> GO:0009074
GO:0000953 -[is_a]-> GO:0000948
GO:0000953 -[is_a]-> GO:0009083
GO:0000954 -[is_a]-> GO:0000948
GO:0000954 -[is_a]-> GO:0006633
GO:0000954 -[is_a]-> GO:0009087
GO:0000955 -[is_a]-> GO:0009063
GO:0000956 -[is_a]-> GO:0006402
GO:0000957 -[is_a]-> GO:0000959
GO:0000957 -[is_a]-> GO:0006401
GO:0000957 -[occurs_in]-> GO:0005739
GO:0000958 -[is_a]-> GO:0000957
GO:0000958 -[is_a]-> GO:0006402
GO:0000958 -[occurs_in]-> GO:0005739
GO:0000959 -[is_a]-> GO:0016070
GO:0000959 -[occurs_in]-> GO:0005739
GO:0000960 -[is_a]-> GO:0031329
GO:0000960 -[is_a]-> GO:0051252
GO:0000960 -[regulates]-> GO:0000957
GO:0000961 -[is_a]-> GO:0000960
GO:0000961 -[is_a]-> GO:1902369
GO:0000961 -[negatively_regulates]-> GO:0000957
GO:0000962 -[is_a]-> GO:0000960
GO:0000962 -[is_a]-> GO:0031331
GO:0000962 -[is_a]-> GO:0051254
GO:0000962 -[positively_regulates]-> GO:0000957
GO:0000963 -[is_a]-> GO:0000959
GO:0000963 -[is_a]-> GO:0006396
GO:0000963 -[is_a]-> GO:0007005
GO:0000963 -[occurs_in]-> GO:0005739
GO:0000964 -[is_a]-> GO:0000963
GO:0000964 -[is_a]-> GO:0000966
GO:0000964 -[occurs_in]-> GO:0005739
GO:0000965 -[is_a]-> GO:0000963
GO:0000965 -[is_a]-> GO:0031123
GO:0000965 -[occurs_in]-> GO:0005739
GO:0000966 -[is_a]-> GO:0006396
GO:0000967 -[is_a]-> GO:0006364
GO:0000967 -[is_a]-> GO:0034471
GO:0000968 -[is_a]-> GO:0000378
GO:0000968 -[part_of]-> GO:0006388
GO:0000969 -[is_a]-> GO:0000968
GO:0000970 -[is_a]-> GO:0000968
GO:0000971 -[is_a]-> GO:0000968
GO:0000972 -[is_a]-> GO:0051276
GO:0000973 -[is_a]-> GO:0000972
GO:0000974 -[is_a]-> GO:0043234
GO:0000975 -[is_a]-> GO:0001067
GO:0000975 -[is_a]-> GO:0003677
GO:0000976 -[is_a]-> GO:0044212
GO:0000976 -[is_a]-> GO:1990837
GO:0000977 -[is_a]-> GO:0000976
GO:0000977 -[is_a]-> GO:0001012
GO:0000978 -[is_a]-> GO:0000977
GO:0000978 -[is_a]-> GO:0000987
GO:0000979 -[is_a]-> GO:0000977
GO:0000979 -[is_a]-> GO:0001046
GO:0000980 -[is_a]-> GO:0000977
GO:0000980 -[is_a]-> GO:0001158
GO:0000981 -[is_a]-> GO:0003700
GO:0000981 -[has_part]-> GO:0000977
GO:0000981 -[part_of]-> GO:0006357
GO:0000982 -[is_a]-> GO:0000981
GO:0000982 -[has_part]-> GO:0000978
GO:0000983 -[is_a]-> GO:0000981
GO:0000983 -[has_part]-> GO:0000979
GO:0000984 -[is_a]-> GO:0000976
GO:0000984 -[is_a]-> GO:0001017
GO:0000985 -[is_a]-> GO:0000984
GO:0000985 -[is_a]-> GO:0001046
GO:0000986 -[is_a]-> GO:0000984
GO:0000986 -[is_a]-> GO:0000987
GO:0000987 -[is_a]-> GO:0000976
GO:0000987 -[is_a]-> GO:0001159
GO:0000988 -[is_a]-> GO:0003674
GO:0000988 -[has_part]-> GO:0005515
GO:0000988 -[part_of]-> GO:1903506
GO:0000989 -[is_a]-> GO:0000988
GO:0000989 -[has_part]-> GO:0008134
GO:0000989 -[regulates]-> GO:0097659
GO:0000990 -[is_a]-> GO:0000988
GO:0000990 -[has_part]-> GO:0043175
GO:0000990 -[part_of]-> GO:1903506
GO:0000991 -[is_a]-> GO:0000990
GO:0000991 -[has_part]-> GO:0000993
GO:0000991 -[part_of]-> GO:0006357
GO:0000992 -[is_a]-> GO:0000976
GO:0000992 -[is_a]-> GO:0001016
GO:0000993 -[is_a]-> GO:0001099
GO:0000993 -[is_a]-> GO:0032403
GO:0000993 -[is_a]-> GO:0043175
GO:0000994 -[is_a]-> GO:0043175
GO:0000995 -[is_a]-> GO:0000990
GO:0000995 -[has_part]-> GO:0000994
GO:0000995 -[part_of]-> GO:0006359
GO:0000996 -[is_a]-> GO:0000990
GO:0000996 -[has_part]-> GO:0000976
GO:0000996 -[has_part]-> GO:0043175
GO:0000996 -[part_of]-> GO:0006355
GO:0000997 -[is_a]-> GO:0001044
GO:0000997 -[is_a]-> GO:0001046
GO:0000999 -[is_a]-> GO:0070898
GO:0000999 -[part_of]-> GO:0001022
GO:0001000 -[is_a]-> GO:0043175
GO:0001001 -[is_a]-> GO:0001050
GO:0001002 -[is_a]-> GO:0000992
GO:0001002 -[is_a]-> GO:0001030
GO:0001003 -[is_a]-> GO:0000992
GO:0001003 -[is_a]-> GO:0001031
GO:0001004 -[is_a]-> GO:0001010
GO:0001004 -[is_a]-> GO:0001034
GO:0001004 -[is_a]-> GO:0001153
GO:0001004 -[has_part]-> GO:0000992
GO:0001004 -[has_part]-> GO:0001154
GO:0001005 -[is_a]-> GO:0001004
GO:0001005 -[has_part]-> GO:0001002
GO:0001005 -[part_of]-> GO:0000999
GO:0001006 -[is_a]-> GO:0000992
GO:0001006 -[is_a]-> GO:0001032
GO:0001007 -[is_a]-> GO:0000989
GO:0001007 -[has_part]-> GO:0001025
GO:0001007 -[part_of]-> GO:0006359
GO:0001008 -[is_a]-> GO:0001004
GO:0001008 -[has_part]-> GO:0001003
GO:0001008 -[part_of]-> GO:0001021
GO:0001009 -[is_a]-> GO:0006383
GO:0001010 -[is_a]-> GO:0001134
GO:0001010 -[is_a]-> GO:0003700
GO:0001011 -[is_a]-> GO:0003700
GO:0001012 -[is_a]-> GO:0044212
GO:0001013 -[is_a]-> GO:0044212
GO:0001014 -[is_a]-> GO:0001009
GO:0001014 -[is_a]-> GO:0009302
GO:0001015 -[is_a]-> GO:0006366
GO:0001015 -[is_a]-> GO:0009302
GO:0001016 -[is_a]-> GO:0044212
GO:0001017 -[is_a]-> GO:0044212
GO:0001018 -[is_a]-> GO:0044212
GO:0001019 -[is_a]-> GO:0044212
GO:0001020 -[is_a]-> GO:0070898
GO:0001020 -[part_of]-> GO:0001024
GO:0001021 -[is_a]-> GO:0070898
GO:0001021 -[part_of]-> GO:0001023
GO:0001022 -[is_a]-> GO:0006384
GO:0001022 -[part_of]-> GO:0042791
GO:0001023 -[is_a]-> GO:0006384
GO:0001023 -[part_of]-> GO:0001009
GO:0001024 -[is_a]-> GO:0006384
GO:0001024 -[part_of]-> GO:0001035
GO:0001025 -[is_a]-> GO:0008134
GO:0001026 -[is_a]-> GO:0000995
GO:0001026 -[is_a]-> GO:0001007
GO:0001026 -[has_part]-> GO:0001016
GO:0001027 -[is_a]-> GO:0001026
GO:0001027 -[has_part]-> GO:0001030
GO:0001027 -[part_of]-> GO:0000999
GO:0001028 -[is_a]-> GO:0001026
GO:0001028 -[has_part]-> GO:0001031
GO:0001028 -[part_of]-> GO:0001021
GO:0001029 -[is_a]-> GO:0001026
GO:0001029 -[has_part]-> GO:0001032
GO:0001029 -[part_of]-> GO:0001020
GO:0001030 -[is_a]-> GO:0001016
GO:0001030 -[is_a]-> GO:0080084
GO:0001031 -[is_a]-> GO:0001016
GO:0001032 -[is_a]-> GO:0001016
GO:0001033 -[is_a]-> GO:0001004
GO:0001033 -[has_part]-> GO:0001006
GO:0001033 -[part_of]-> GO:0001020
GO:0001034 -[is_a]-> GO:0003700
GO:0001034 -[part_of]-> GO:0006359
GO:0001035 -[is_a]-> GO:0006383
GO:0001036 -[is_a]-> GO:0006384
GO:0001036 -[part_of]-> GO:0001041
GO:0001037 -[is_a]-> GO:0001016
GO:0001038 -[is_a]-> GO:0001004
GO:0001038 -[has_part]-> GO:0001039
GO:0001038 -[part_of]-> GO:0001043
GO:0001039 -[is_a]-> GO:0000992
GO:0001039 -[is_a]-> GO:0001037
GO:0001040 -[is_a]-> GO:0001026
GO:0001040 -[has_part]-> GO:0001037
GO:0001040 -[part_of]-> GO:0001043
GO:0001041 -[is_a]-> GO:0006383
GO:0001042 -[is_a]-> GO:0043175
GO:0001043 -[is_a]-> GO:0070898
GO:0001044 -[is_a]-> GO:0000976
GO:0001044 -[is_a]-> GO:0001018
GO:0001045 -[is_a]-> GO:0000987
GO:0001045 -[is_a]-> GO:0001044
GO:0001046 -[is_a]-> GO:0000976
GO:0001046 -[is_a]-> GO:0001047
GO:0001047 -[is_a]-> GO:0044212
GO:0001048 -[is_a]-> GO:0043175
GO:0001049 -[is_a]-> GO:0043175
GO:0001050 -[is_a]-> GO:0070063
GO:0001051 -[is_a]-> GO:0001050
GO:0001052 -[is_a]-> GO:0001000
GO:0001053 -[is_a]-> GO:0016987
GO:0001053 -[has_part]-> GO:0001052
GO:0001054 -[is_a]-> GO:0003899
GO:0001054 -[part_of]-> GO:0006360
GO:0001055 -[is_a]-> GO:0003899
GO:0001055 -[part_of]-> GO:0006366
GO:0001056 -[is_a]-> GO:0003899
GO:0001056 -[part_of]-> GO:0006383
GO:0001057 -[is_a]-> GO:0003899
GO:0001057 -[part_of]-> GO:0001059
GO:0001058 -[is_a]-> GO:0003899
GO:0001058 -[part_of]-> GO:0001060
GO:0001059 -[is_a]-> GO:0006351
GO:0001060 -[is_a]-> GO:0006351
GO:0001061 -[is_a]-> GO:0003899
GO:0001061 -[part_of]-> GO:0001121
GO:0001062 -[is_a]-> GO:0001061
GO:0001062 -[part_of]-> GO:0042793
GO:0001063 -[is_a]-> GO:0001061
GO:0001063 -[part_of]-> GO:0042793
GO:0001064 -[is_a]-> GO:0003899
GO:0001065 -[is_a]-> GO:0001064
GO:0001065 -[part_of]-> GO:0006390
GO:0001066 -[is_a]-> GO:0001064
GO:0001066 -[part_of]-> GO:0042793
GO:0001067 -[is_a]-> GO:0003676
GO:0001068 -[is_a]-> GO:0001069
GO:0001069 -[is_a]-> GO:0001067
GO:0001069 -[is_a]-> GO:0003723
GO:0001070 -[is_a]-> GO:0001071
GO:0001070 -[has_part]-> GO:0001068
GO:0001071 -[is_a]-> GO:0003674
GO:0001071 -[has_part]-> GO:0003676
GO:0001071 -[part_of]-> GO:2001141
GO:0001072 -[is_a]-> GO:0001070
GO:0001072 -[part_of]-> GO:0031564
GO:0001073 -[is_a]-> GO:0003700
GO:0001073 -[part_of]-> GO:0031564
GO:0001074 -[is_a]-> GO:0000982
GO:0001074 -[part_of]-> GO:0051123
GO:0001075 -[is_a]-> GO:0000983
GO:0001075 -[part_of]-> GO:0051123
GO:0001076 -[is_a]-> GO:0000989
GO:0001076 -[has_part]-> GO:0001085
GO:0001076 -[part_of]-> GO:0006357
GO:0001077 -[is_a]-> GO:0000982
GO:0001077 -[is_a]-> GO:0001228
GO:0001078 -[is_a]-> GO:0000982
GO:0001078 -[is_a]-> GO:0001227
GO:0001079 -[is_a]-> GO:0006357
GO:0001079 -[is_a]-> GO:0090293
GO:0001080 -[is_a]-> GO:0001079
GO:0001080 -[is_a]-> GO:0090294
GO:0001081 -[is_a]-> GO:0001079
GO:0001081 -[is_a]-> GO:0090295
GO:0001082 -[is_a]-> GO:0000989
GO:0001082 -[has_part]-> GO:0001179
GO:0001082 -[part_of]-> GO:0006356
GO:0001083 -[is_a]-> GO:0001076
GO:0001083 -[has_part]-> GO:0001091
GO:0001084 -[is_a]-> GO:0001083
GO:0001084 -[has_part]-> GO:0001094
GO:0001085 -[is_a]-> GO:0008134
GO:0001086 -[is_a]-> GO:0001083
GO:0001086 -[has_part]-> GO:0001092
GO:0001087 -[is_a]-> GO:0001083
GO:0001087 -[has_part]-> GO:0001093
GO:0001088 -[is_a]-> GO:0001083
GO:0001088 -[has_part]-> GO:0001095
GO:0001089 -[is_a]-> GO:0001083
GO:0001089 -[has_part]-> GO:0001096
GO:0001090 -[is_a]-> GO:0001083
GO:0001090 -[has_part]-> GO:0001097
GO:0001091 -[is_a]-> GO:0001085
GO:0001091 -[is_a]-> GO:0001099
GO:0001092 -[is_a]-> GO:0001091
GO:0001093 -[is_a]-> GO:0001091
GO:0001094 -[is_a]-> GO:0001091
GO:0001095 -[is_a]-> GO:0001091
GO:0001096 -[is_a]-> GO:0001091
GO:0001097 -[is_a]-> GO:0001091
GO:0001098 -[is_a]-> GO:0005515
GO:0001099 -[is_a]-> GO:0001098
GO:0001100 -[is_a]-> GO:0007096
GO:0001100 -[is_a]-> GO:0045839
GO:0001100 -[is_a]-> GO:1901991
GO:0001100 -[negatively_regulates]-> GO:0010458
GO:0001101 -[is_a]-> GO:0042221
GO:0001102 -[is_a]-> GO:0001085
GO:0001102 -[is_a]-> GO:0033613
GO:0001103 -[is_a]-> GO:0001085
GO:0001103 -[is_a]-> GO:0070491
GO:0001104 -[is_a]-> GO:0001076
GO:0001104 -[is_a]-> GO:0003712
GO:0001104 -[has_part]-> GO:0001099
GO:0001105 -[is_a]-> GO:0001104
GO:0001105 -[is_a]-> GO:0001190
GO:0001105 -[is_a]-> GO:0003713
GO:0001105 -[has_part]-> GO:0001102
GO:0001105 -[part_of]-> GO:0045944
GO:0001106 -[is_a]-> GO:0001104
GO:0001106 -[is_a]-> GO:0001191
GO:0001106 -[is_a]-> GO:0003714
GO:0001106 -[has_part]-> GO:0001103
GO:0001106 -[part_of]-> GO:0000122
GO:0001108 -[is_a]-> GO:0001098
GO:0001109 -[is_a]-> GO:0032774
GO:0001109 -[has_part]-> GO:0001119
GO:0001109 -[part_of]-> GO:0006351
GO:0001110 -[is_a]-> GO:0001109
GO:0001110 -[part_of]-> GO:0006383
GO:0001111 -[is_a]-> GO:0001109
GO:0001111 -[part_of]-> GO:0006366
GO:0001112 -[is_a]-> GO:0001120
GO:0001112 -[part_of]-> GO:0006352
GO:0001113 -[is_a]-> GO:0001112
GO:0001113 -[part_of]-> GO:0006367
GO:0001114 -[is_a]-> GO:0032991
GO:0001115 -[is_a]-> GO:0043933
GO:0001116 -[is_a]-> GO:0001115
GO:0001116 -[is_a]-> GO:0034622
GO:0001117 -[is_a]-> GO:0001115
GO:0001117 -[is_a]-> GO:0032984
GO:0001118 -[is_a]-> GO:0001117
GO:0001118 -[part_of]-> GO:0006353
GO:0001119 -[is_a]-> GO:0001115
GO:0001119 -[is_a]-> GO:0034367
GO:0001120 -[is_a]-> GO:0034367
GO:0001120 -[is_a]-> GO:0071824
GO:0001121 -[is_a]-> GO:0006351
GO:0001122 -[is_a]-> GO:0001109
GO:0001122 -[part_of]-> GO:0001121
GO:0001123 -[is_a]-> GO:0006352
GO:0001123 -[part_of]-> GO:0001121
GO:0001124 -[is_a]-> GO:0006354
GO:0001124 -[part_of]-> GO:0001121
GO:0001125 -[is_a]-> GO:0006353
GO:0001125 -[part_of]-> GO:0001121
GO:0001126 -[is_a]-> GO:0070897
GO:0001126 -[part_of]-> GO:0001123
GO:0001127 -[is_a]-> GO:0001112
GO:0001127 -[part_of]-> GO:0001123
GO:0001128 -[is_a]-> GO:0001105
GO:0001128 -[part_of]-> GO:0051123
GO:0001129 -[is_a]-> GO:0001132
GO:0001129 -[part_of]-> GO:0051123
GO:0001130 -[is_a]-> GO:0003700
GO:0001130 -[has_part]-> GO:0000984
GO:0001131 -[is_a]-> GO:0001130
GO:0001131 -[has_part]-> GO:0000986
GO:0001132 -[is_a]-> GO:0001083
GO:0001132 -[has_part]-> GO:0017025
GO:0001133 -[is_a]-> GO:0001010
GO:0001134 -[is_a]-> GO:0000989
GO:0001135 -[is_a]-> GO:0001076
GO:0001135 -[is_a]-> GO:0001134
GO:0001136 -[is_a]-> GO:0001088
GO:0001136 -[is_a]-> GO:0001135
GO:0001136 -[part_of]-> GO:0051123
GO:0001137 -[is_a]-> GO:0001089
GO:0001137 -[is_a]-> GO:0001135
GO:0001137 -[part_of]-> GO:0051123
GO:0001138 -[is_a]-> GO:0001090
GO:0001138 -[is_a]-> GO:0001135
GO:0001138 -[part_of]-> GO:0051123
GO:0001139 -[is_a]-> GO:0000991
GO:0001139 -[part_of]-> GO:0051123
GO:0001140 -[is_a]-> GO:0001131
GO:0001140 -[is_a]-> GO:0001216
GO:0001140 -[part_of]-> GO:0001121
GO:0001140 -[part_of]-> GO:0045893
GO:0001141 -[is_a]-> GO:0001131
GO:0001141 -[is_a]-> GO:0001217
GO:0001142 -[is_a]-> GO:0003700
GO:0001142 -[has_part]-> GO:0001044
GO:0001142 -[part_of]-> GO:0006390
GO:0001143 -[is_a]-> GO:0001142
GO:0001143 -[has_part]-> GO:0000997
GO:0001144 -[is_a]-> GO:0001142
GO:0001144 -[has_part]-> GO:0001045
GO:0001145 -[is_a]-> GO:0001044
GO:0001145 -[is_a]-> GO:0001147
GO:0001146 -[is_a]-> GO:0001142
GO:0001146 -[has_part]-> GO:0001145
GO:0001146 -[part_of]-> GO:0006393
GO:0001147 -[is_a]-> GO:0000976
GO:0001147 -[is_a]-> GO:0001160
GO:0001148 -[is_a]-> GO:0000984
GO:0001148 -[is_a]-> GO:0001147
GO:0001149 -[is_a]-> GO:0001130
GO:0001149 -[has_part]-> GO:0001148
GO:0001150 -[is_a]-> GO:0000984
GO:0001150 -[is_a]-> GO:0001158
GO:0001151 -[is_a]-> GO:0001130
GO:0001151 -[has_part]-> GO:0001150
GO:0001152 -[is_a]-> GO:0001010
GO:0001152 -[is_a]-> GO:0001153
GO:0001152 -[has_part]-> GO:0001002
GO:0001152 -[has_part]-> GO:0001156
GO:0001152 -[part_of]-> GO:0000999
GO:0001153 -[is_a]-> GO:0001007
GO:0001153 -[is_a]-> GO:0001134
GO:0001154 -[is_a]-> GO:0001025
GO:0001155 -[is_a]-> GO:0001025
GO:0001156 -[is_a]-> GO:0001025
GO:0001157 -[is_a]-> GO:0001153
GO:0001157 -[has_part]-> GO:0001154
GO:0001157 -[has_part]-> GO:0001155
GO:0001157 -[part_of]-> GO:0000999
GO:0001158 -[is_a]-> GO:0000976
GO:0001158 -[is_a]-> GO:0035326
GO:0001159 -[is_a]-> GO:0044212
GO:0001160 -[is_a]-> GO:0044212
GO:0001161 -[is_a]-> GO:0044213
GO:0001162 -[is_a]-> GO:0000977
GO:0001162 -[is_a]-> GO:0001161
GO:0001163 -[is_a]-> GO:0001013
GO:0001164 -[is_a]-> GO:0001046
GO:0001164 -[is_a]-> GO:0001163
GO:0001165 -[is_a]-> GO:0000987
GO:0001165 -[is_a]-> GO:0001163
GO:0001166 -[is_a]-> GO:0001158
GO:0001166 -[is_a]-> GO:0001163
GO:0001167 -[is_a]-> GO:0003700
GO:0001167 -[part_of]-> GO:0006356
GO:0001168 -[is_a]-> GO:0001167
GO:0001168 -[has_part]-> GO:0001165
GO:0001169 -[is_a]-> GO:0001167
GO:0001169 -[has_part]-> GO:0001164
GO:0001170 -[is_a]-> GO:0001167
GO:0001170 -[has_part]-> GO:0001166
GO:0001171 -[is_a]-> GO:0006278
GO:0001171 -[has_part]-> GO:0003964
GO:0001171 -[has_part]-> GO:0004533
GO:0001172 -[is_a]-> GO:0097659
GO:0001173 -[is_a]-> GO:0032774
GO:0001173 -[part_of]-> GO:0006352
GO:0001174 -[is_a]-> GO:0001173
GO:0001174 -[part_of]-> GO:0006367
GO:0001175 -[is_a]-> GO:0001173
GO:0001175 -[part_of]-> GO:0006384
GO:0001176 -[is_a]-> GO:0001173
GO:0001176 -[part_of]-> GO:0001123
GO:0001177 -[is_a]-> GO:0060260
GO:0001177 -[regulates]-> GO:0001113
GO:0001178 -[is_a]-> GO:0060260
GO:0001178 -[regulates]-> GO:0001174
GO:0001179 -[is_a]-> GO:0008134
GO:0001180 -[is_a]-> GO:0006361
GO:0001180 -[part_of]-> GO:0042790
GO:0001181 -[is_a]-> GO:0000990
GO:0001181 -[has_part]-> GO:0001042
GO:0001181 -[part_of]-> GO:0006356
GO:0001182 -[is_a]-> GO:0001109
GO:0001182 -[part_of]-> GO:0006360
GO:0001183 -[is_a]-> GO:0006362
GO:0001183 -[part_of]-> GO:0042790
GO:0001184 -[is_a]-> GO:0001182
GO:0001184 -[part_of]-> GO:0042790
GO:0001185 -[is_a]-> GO:0006363
GO:0001185 -[part_of]-> GO:0042790
GO:0001186 -[is_a]-> GO:0001082
GO:0001186 -[is_a]-> GO:0001134
GO:0001187 -[is_a]-> GO:0001169
GO:0001187 -[is_a]-> GO:0001186
GO:0001187 -[part_of]-> GO:0001189
GO:0001188 -[is_a]-> GO:0070897
GO:0001188 -[part_of]-> GO:0006361
GO:0001189 -[is_a]-> GO:0001188
GO:0001189 -[part_of]-> GO:0001180
GO:0001190 -[is_a]-> GO:0098811
GO:0001190 -[has_part]-> GO:0001085
GO:0001190 -[part_of]-> GO:0006366
GO:0001190 -[part_of]-> GO:0045944
GO:0001190 -[regulates]-> GO:0006366
GO:0001191 -[is_a]-> GO:0001076
GO:0001191 -[has_part]-> GO:0001085
GO:0001191 -[part_of]-> GO:0000122
GO:0001192 -[is_a]-> GO:0032774
GO:0001192 -[part_of]-> GO:0006354
GO:0001193 -[is_a]-> GO:0001192
GO:0001193 -[part_of]-> GO:0006368
GO:0001194 -[is_a]-> GO:0001192
GO:0001194 -[part_of]-> GO:0001124
GO:0001195 -[is_a]-> GO:0001192
GO:0001195 -[part_of]-> GO:0006385
GO:0001196 -[is_a]-> GO:0006357
GO:0001196 -[is_a]-> GO:0007532
GO:0001196 -[regulates]-> GO:0006366
GO:0001197 -[is_a]-> GO:0001196
GO:0001197 -[is_a]-> GO:0045895
GO:0001197 -[regulates]-> GO:0006366
GO:0001198 -[is_a]-> GO:0001196
GO:0001198 -[is_a]-> GO:0045894
GO:0001198 -[regulates]-> GO:0006366
GO:0001199 -[is_a]-> GO:0003700
GO:0001199 -[has_part]-> GO:0046872
GO:0001199 -[part_of]-> GO:0071248
GO:0001200 -[is_a]-> GO:0000981
GO:0001200 -[is_a]-> GO:0001199
GO:0001201 -[is_a]-> GO:0000982
GO:0001201 -[is_a]-> GO:0001200
GO:0001202 -[is_a]-> GO:0001201
GO:0001202 -[has_part]-> GO:0005507
GO:0001202 -[part_of]-> GO:0071280
GO:0001203 -[is_a]-> GO:0001201
GO:0001203 -[has_part]-> GO:0008270
GO:0001203 -[part_of]-> GO:0071294
GO:0001204 -[is_a]-> GO:0001130
GO:0001204 -[is_a]-> GO:0001199
GO:0001205 -[is_a]-> GO:0001228
GO:0001205 -[is_a]-> GO:0003705
GO:0001206 -[is_a]-> GO:0001227
GO:0001206 -[is_a]-> GO:0003705
GO:0001207 -[is_a]-> GO:0034728
GO:0001208 -[is_a]-> GO:0001207
GO:0001209 -[is_a]-> GO:0001199
GO:0001209 -[part_of]-> GO:0045893
GO:0001210 -[is_a]-> GO:0001199
GO:0001210 -[part_of]-> GO:0045892
GO:0001211 -[is_a]-> GO:0001202
GO:0001211 -[is_a]-> GO:0001213
GO:0001212 -[is_a]-> GO:0001203
GO:0001212 -[is_a]-> GO:0001213
GO:0001213 -[is_a]-> GO:0001077
GO:0001213 -[is_a]-> GO:0001201
GO:0001214 -[is_a]-> GO:0001078
GO:0001214 -[is_a]-> GO:0001201
GO:0001215 -[is_a]-> GO:0001204
GO:0001215 -[is_a]-> GO:0001209
GO:0001216 -[is_a]-> GO:0001130
GO:0001216 -[part_of]-> GO:0045893
GO:0001217 -[is_a]-> GO:0001130
GO:0001217 -[part_of]-> GO:0045892
GO:0001218 -[is_a]-> GO:0001204
GO:0001218 -[is_a]-> GO:0001210
GO:0001219 -[is_a]-> GO:0001218
GO:0001219 -[has_part]-> GO:0005507
GO:0001219 -[part_of]-> GO:0071280
GO:0001220 -[is_a]-> GO:0001218
GO:0001220 -[has_part]-> GO:0046870
GO:0001220 -[part_of]-> GO:0071276
GO:0001221 -[is_a]-> GO:0008134
GO:0001222 -[is_a]-> GO:0001221
GO:0001223 -[is_a]-> GO:0001221
GO:0001224 -[is_a]-> GO:0001221
GO:0001225 -[is_a]-> GO:0001223
GO:0001225 -[is_a]-> GO:0001224
GO:0001226 -[is_a]-> GO:0001222
GO:0001226 -[is_a]-> GO:0001224
GO:0001227 -[is_a]-> GO:0000981
GO:0001227 -[part_of]-> GO:0000122
GO:0001228 -[is_a]-> GO:0000981
GO:0001228 -[part_of]-> GO:0006366
GO:0001228 -[part_of]-> GO:0045944
GO:0001300 -[is_a]-> GO:0007569
GO:0001301 -[is_a]-> GO:0006325
GO:0001301 -[part_of]-> GO:0007569
GO:0001302 -[is_a]-> GO:0007569
GO:0001303 -[is_a]-> GO:0007576
GO:0001303 -[part_of]-> GO:0001302
GO:0001304 -[is_a]-> GO:0001301
GO:0001304 -[part_of]-> GO:0001302
GO:0001305 -[is_a]-> GO:0001301
GO:0001305 -[part_of]-> GO:0001300
GO:0001306 -[is_a]-> GO:0006979
GO:0001306 -[part_of]-> GO:0007571
GO:0001307 -[is_a]-> GO:0001304
GO:0001307 -[is_a]-> GO:0007580
GO:0001308 -[is_a]-> GO:0001304
GO:0001308 -[is_a]-> GO:0031936
GO:0001308 -[negatively_regulates]-> GO:0006342
GO:0001308 -[part_of]-> GO:0001302
GO:0001310 -[is_a]-> GO:0001307
GO:0001311 -[is_a]-> GO:0001313
GO:0001311 -[is_a]-> GO:0045458
GO:0001311 -[part_of]-> GO:0001310
GO:0001312 -[is_a]-> GO:0001314
GO:0001312 -[part_of]-> GO:0001310
GO:0001313 -[is_a]-> GO:0001325
GO:0001313 -[part_of]-> GO:0001302
GO:0001313 -[part_of]-> GO:0001307
GO:0001314 -[is_a]-> GO:0001326
GO:0001314 -[part_of]-> GO:0001302
GO:0001314 -[part_of]-> GO:0001307
GO:0001315 -[is_a]-> GO:0000302
GO:0001315 -[is_a]-> GO:0001306
GO:0001316 -[is_a]-> GO:0001322
GO:0001316 -[is_a]-> GO:0072353
GO:0001317 -[is_a]-> GO:0001316
GO:0001318 -[is_a]-> GO:0006464
GO:0001318 -[part_of]-> GO:0001317
GO:0001319 -[is_a]-> GO:0008105
GO:0001319 -[part_of]-> GO:0001317
GO:0001320 -[is_a]-> GO:0001324
GO:0001320 -[is_a]-> GO:0072353
GO:0001320 -[part_of]-> GO:0001300
GO:0001321 -[is_a]-> GO:0007571
GO:0001321 -[part_of]-> GO:0001302
GO:0001322 -[is_a]-> GO:0001306
GO:0001322 -[part_of]-> GO:0001321
GO:0001322 -[part_of]-> GO:0034599
GO:0001323 -[is_a]-> GO:0007571
GO:0001323 -[part_of]-> GO:0001300
GO:0001324 -[is_a]-> GO:0001306
GO:0001324 -[is_a]-> GO:0034599
GO:0001324 -[part_of]-> GO:0001300
GO:0001324 -[part_of]-> GO:0001323
GO:0001325 -[is_a]-> GO:0006259
GO:0001325 -[is_a]-> GO:0022607
GO:0001326 -[is_a]-> GO:0006260
GO:0001400 -[is_a]-> GO:0044463
GO:0001400 -[part_of]-> GO:0005937
GO:0001401 -[is_a]-> GO:0098799
GO:0001401 -[part_of]-> GO:0005741
GO:0001402 -[is_a]-> GO:0007165
GO:0001402 -[part_of]-> GO:0030447
GO:0001403 -[is_a]-> GO:0036267
GO:0001405 -[is_a]-> GO:0098800
GO:0001405 -[part_of]-> GO:0005744
GO:0001406 -[is_a]-> GO:0015605
GO:0001406 -[part_of]-> GO:0001407
GO:0001407 -[is_a]-> GO:0015748
GO:0001408 -[is_a]-> GO:0015865
GO:0001409 -[is_a]-> GO:0015216
GO:0001409 -[part_of]-> GO:1903790
GO:0001410 -[is_a]-> GO:0043936
GO:0001410 -[is_a]-> GO:0048468
GO:0001411 -[is_a]-> GO:0030427
GO:0001501 -[is_a]-> GO:0048731
GO:0001502 -[is_a]-> GO:0098743
GO:0001502 -[part_of]-> GO:0048705
GO:0001502 -[part_of]-> GO:0051216
GO:0001503 -[is_a]-> GO:0044707
GO:0001504 -[is_a]-> GO:0001505
GO:0001504 -[is_a]-> GO:0006836
GO:0001504 -[is_a]-> GO:0098657
GO:0001505 -[is_a]-> GO:0065008
GO:0001507 -[is_a]-> GO:0006581
GO:0001507 -[occurs_in]-> GO:0043083
GO:0001507 -[part_of]-> GO:0007271
GO:0001508 -[is_a]-> GO:0042391
GO:0001510 -[is_a]-> GO:0009451
GO:0001510 -[is_a]-> GO:0043414
GO:0001512 -[is_a]-> GO:0016491
GO:0001514 -[is_a]-> GO:0006451
GO:0001515 -[is_a]-> GO:0005102
GO:0001516 -[is_a]-> GO:0006693
GO:0001516 -[is_a]-> GO:0046457
GO:0001517 -[is_a]-> GO:0008146
GO:0001518 -[is_a]-> GO:0034706
GO:0001518 -[is_a]-> GO:0044459
GO:0001518 -[part_of]-> GO:0005887
GO:0001519 -[is_a]-> GO:0031179
GO:0001520 -[is_a]-> GO:0044441
GO:0001520 -[is_a]-> GO:0097223
GO:0001520 -[is_a]-> GO:0099513
GO:0001520 -[part_of]-> GO:0036126
GO:0001522 -[is_a]-> GO:0009451
GO:0001523 -[is_a]-> GO:0016101
GO:0001525 -[is_a]-> GO:0044767
GO:0001525 -[is_a]-> GO:0048646
GO:0001525 -[part_of]-> GO:0048514
GO:0001527 -[is_a]-> GO:0043205
GO:0001530 -[is_a]-> GO:0008289
GO:0001530 -[is_a]-> GO:0097367
GO:0001531 -[is_a]-> GO:0005126
GO:0001532 -[is_a]-> GO:0004896
GO:0001532 -[has_part]-> GO:0019977
GO:0001532 -[part_of]-> GO:0038114
GO:0001533 -[is_a]-> GO:0005886
GO:0001534 -[is_a]-> GO:0043234
GO:0001534 -[is_a]-> GO:0044447
GO:0001535 -[is_a]-> GO:0043234
GO:0001535 -[is_a]-> GO:0044447
GO:0001535 -[part_of]-> GO:0001534
GO:0001536 -[is_a]-> GO:0043234
GO:0001536 -[is_a]-> GO:0044447
GO:0001536 -[part_of]-> GO:0001534
GO:0001537 -[is_a]-> GO:0008146
GO:0001539 -[is_a]-> GO:0048870
GO:0001540 -[is_a]-> GO:0042277
GO:0001541 -[is_a]-> GO:0022602
GO:0001541 -[is_a]-> GO:0044767
GO:0001541 -[is_a]-> GO:0048608
GO:0001541 -[part_of]-> GO:0008585
GO:0001542 -[is_a]-> GO:0022602
GO:0001542 -[is_a]-> GO:0030728
GO:0001542 -[part_of]-> GO:0008585
GO:0001543 -[is_a]-> GO:0022602
GO:0001543 -[part_of]-> GO:0001542
GO:0001544 -[is_a]-> GO:0022602
GO:0001544 -[part_of]-> GO:0001541
GO:0001545 -[is_a]-> GO:0022602
GO:0001545 -[is_a]-> GO:0040007
GO:0001545 -[part_of]-> GO:0001541
GO:0001546 -[is_a]-> GO:0022602
GO:0001546 -[is_a]-> GO:0040007
GO:0001546 -[part_of]-> GO:0001541
GO:0001546 -[part_of]-> GO:0048162
GO:0001547 -[is_a]-> GO:0003006
GO:0001547 -[is_a]-> GO:0022602
GO:0001547 -[is_a]-> GO:0048589
GO:0001547 -[part_of]-> GO:0001541
GO:0001548 -[is_a]-> GO:0022602
GO:0001548 -[part_of]-> GO:0001547
GO:0001549 -[is_a]-> GO:0003006
GO:0001549 -[is_a]-> GO:0022412
GO:0001549 -[is_a]-> GO:0022602
GO:0001549 -[is_a]-> GO:0030855
GO:0001549 -[part_of]-> GO:0001547
GO:0001549 -[part_of]-> GO:0048165
GO:0001550 -[is_a]-> GO:0022602
GO:0001550 -[is_a]-> GO:0040007
GO:0001550 -[part_of]-> GO:0001547
GO:0001550 -[part_of]-> GO:0048165
GO:0001551 -[is_a]-> GO:0022602
GO:0001551 -[part_of]-> GO:0001541
GO:0001552 -[is_a]-> GO:0003006
GO:0001552 -[has_part]-> GO:0097191
GO:0001552 -[part_of]-> GO:0008585
GO:0001553 -[is_a]-> GO:0022602
GO:0001553 -[part_of]-> GO:0008585
GO:0001554 -[is_a]-> GO:0022602
GO:0001554 -[part_of]-> GO:0008585
GO:0001555 -[is_a]-> GO:0003006
GO:0001555 -[is_a]-> GO:0022412
GO:0001555 -[is_a]-> GO:0048588
GO:0001555 -[part_of]-> GO:0048599
GO:0001556 -[is_a]-> GO:0003006
GO:0001556 -[is_a]-> GO:0022412
GO:0001556 -[is_a]-> GO:0048469
GO:0001556 -[part_of]-> GO:0048599
GO:0001558 -[is_a]-> GO:0040008
GO:0001558 -[is_a]-> GO:0051128
GO:0001558 -[regulates]-> GO:0016049
GO:0001559 -[is_a]-> GO:0016475
GO:0001559 -[is_a]-> GO:0061387
GO:0001559 -[regulates]-> GO:0016049
GO:0001560 -[is_a]-> GO:0001558
GO:0001560 -[part_of]-> GO:0031668
GO:0001561 -[is_a]-> GO:0009062
GO:0001561 -[is_a]-> GO:0019395
GO:0001562 -[is_a]-> GO:0051707
GO:0001563 -[is_a]-> GO:0001562
GO:0001563 -[is_a]-> GO:0098543
GO:0001565 -[is_a]-> GO:0038023
GO:0001566 -[is_a]-> GO:0001565
GO:0001567 -[is_a]-> GO:0008395
GO:0001567 -[is_a]-> GO:0016705
GO:0001568 -[is_a]-> GO:0044767
GO:0001568 -[is_a]-> GO:0048856
GO:0001568 -[part_of]-> GO:0001944
GO:0001569 -[is_a]-> GO:0007389
GO:0001569 -[is_a]-> GO:0048754
GO:0001569 -[part_of]-> GO:0001525
GO:0001570 -[is_a]-> GO:0030154
GO:0001570 -[part_of]-> GO:0048514
GO:0001571 -[is_a]-> GO:0004888
GO:0001572 -[is_a]-> GO:0006688
GO:0001572 -[is_a]-> GO:0046478
GO:0001572 -[is_a]-> GO:0046513
GO:0001573 -[is_a]-> GO:0006672
GO:0001573 -[is_a]-> GO:0006687
GO:0001574 -[is_a]-> GO:0001573
GO:0001574 -[is_a]-> GO:0006688
GO:0001574 -[is_a]-> GO:0046513
GO:0001575 -[is_a]-> GO:0006687
GO:0001576 -[is_a]-> GO:0001575
GO:0001576 -[is_a]-> GO:0006688
GO:0001578 -[is_a]-> GO:0000226
GO:0001579 -[is_a]-> GO:0015908
GO:0001580 -[is_a]-> GO:0050912
GO:0001580 -[part_of]-> GO:0050913
GO:0001581 -[is_a]-> GO:0050912
GO:0001581 -[part_of]-> GO:0050915
GO:0001582 -[is_a]-> GO:0050912
GO:0001582 -[part_of]-> GO:0050916
GO:0001583 -[is_a]-> GO:0050912
GO:0001583 -[part_of]-> GO:0050914
GO:0001586 -[is_a]-> GO:0004993
GO:0001587 -[is_a]-> GO:0004993
GO:0001588 -[is_a]-> GO:0004952
GO:0001591 -[is_a]-> GO:0004952
GO:0001594 -[is_a]-> GO:0008227
GO:0001595 -[is_a]-> GO:0008528
GO:0001595 -[part_of]-> GO:0038166
GO:0001596 -[is_a]-> GO:0001595
GO:0001596 -[part_of]-> GO:0086097
GO:0001601 -[is_a]-> GO:0004983
GO:0001602 -[is_a]-> GO:0004983
GO:0001604 -[is_a]-> GO:0008528
GO:0001605 -[is_a]-> GO:0097642
GO:0001607 -[is_a]-> GO:0008188
GO:0001607 -[has_part]-> GO:0042924
GO:0001608 -[is_a]-> GO:0004930
GO:0001609 -[is_a]-> GO:0004930
GO:0001609 -[is_a]-> GO:0035586
GO:0001609 -[part_of]-> GO:0001973
GO:0001614 -[is_a]-> GO:0016502
GO:0001614 -[is_a]-> GO:0035586
GO:0001614 -[has_part]-> GO:0017076
GO:0001614 -[part_of]-> GO:0035590
GO:0001616 -[is_a]-> GO:0004930
GO:0001618 -[is_a]-> GO:0004872
GO:0001618 -[part_of]-> GO:0046718
GO:0001621 -[is_a]-> GO:0045028
GO:0001621 -[has_part]-> GO:0043531
GO:0001626 -[is_a]-> GO:0004985
GO:0001631 -[is_a]-> GO:0004974
GO:0001632 -[is_a]-> GO:0004974
GO:0001634 -[is_a]-> GO:0004930
GO:0001635 -[is_a]-> GO:0097642
GO:0001637 -[is_a]-> GO:0008528
GO:0001639 -[is_a]-> GO:0098988
GO:0001639 -[part_of]-> GO:0007206
GO:0001640 -[is_a]-> GO:0098988
GO:0001640 -[part_of]-> GO:0007196
GO:0001641 -[is_a]-> GO:0001640
GO:0001642 -[is_a]-> GO:0001640
GO:0001646 -[is_a]-> GO:0001614
GO:0001646 -[has_part]-> GO:0030552
GO:0001647 -[is_a]-> GO:0004930
GO:0001647 -[is_a]-> GO:0009884
GO:0001648 -[is_a]-> GO:0008528
GO:0001649 -[is_a]-> GO:0030154
GO:0001649 -[part_of]-> GO:0001503
GO:0001650 -[is_a]-> GO:0044452
GO:0001651 -[is_a]-> GO:0044452
GO:0001652 -[is_a]-> GO:0044452
GO:0001653 -[is_a]-> GO:0038023
GO:0001653 -[has_part]-> GO:0042277
GO:0001654 -[is_a]-> GO:0007423
GO:0001655 -[is_a]-> GO:0048731
GO:0001656 -[is_a]-> GO:0001822
GO:0001657 -[is_a]-> GO:0072164
GO:0001657 -[part_of]-> GO:0072001
GO:0001658 -[is_a]-> GO:0048754
GO:0001658 -[part_of]-> GO:0060675
GO:0001659 -[is_a]-> GO:0048871
GO:0001660 -[is_a]-> GO:0006953
GO:0001660 -[is_a]-> GO:0031649
GO:0001661 -[is_a]-> GO:0007631
GO:0001661 -[is_a]-> GO:0008306
GO:0001662 -[is_a]-> GO:0002209
GO:0001662 -[is_a]-> GO:0042596
GO:0001662 -[is_a]-> GO:0044708
GO:0001664 -[is_a]-> GO:0005102
GO:0001665 -[is_a]-> GO:0008373
GO:0001666 -[is_a]-> GO:0006950
GO:0001666 -[is_a]-> GO:0036293
GO:0001667 -[is_a]-> GO:0016477
GO:0001669 -[is_a]-> GO:0030141
GO:0001669 -[is_a]-> GO:0097223
GO:0001671 -[is_a]-> GO:0008047
GO:0001671 -[is_a]-> GO:0060590
GO:0001671 -[part_of]-> GO:0032781
GO:0001671 -[positively_regulates]-> GO:0016887
GO:0001672 -[is_a]-> GO:1902275
GO:0001672 -[regulates]-> GO:0006333
GO:0001673 -[is_a]-> GO:0043073
GO:0001674 -[is_a]-> GO:0043073
GO:0001675 -[is_a]-> GO:0003006
GO:0001675 -[is_a]-> GO:0010927
GO:0001675 -[is_a]-> GO:0022412
GO:0001675 -[is_a]-> GO:0033363
GO:0001675 -[is_a]-> GO:0070925
GO:0001675 -[is_a]-> GO:1902589
GO:0001675 -[part_of]-> GO:0007286
GO:0001676 -[is_a]-> GO:0006631
GO:0001677 -[is_a]-> GO:0022618
GO:0001677 -[part_of]-> GO:0006413
GO:0001678 -[is_a]-> GO:0042593
GO:0001678 -[is_a]-> GO:0055082
GO:0001680 -[is_a]-> GO:0042780
GO:0001680 -[has_part]-> GO:0052927
GO:0001680 -[has_part]-> GO:0052928
GO:0001680 -[has_part]-> GO:0052929
GO:0001681 -[is_a]-> GO:0008126
GO:0001682 -[is_a]-> GO:0008033
GO:0001691 -[is_a]-> GO:0019212
GO:0001692 -[is_a]-> GO:0006576
GO:0001692 -[is_a]-> GO:0052803
GO:0001694 -[is_a]-> GO:0001692
GO:0001694 -[is_a]-> GO:0018130
GO:0001694 -[is_a]-> GO:0019438
GO:0001694 -[is_a]-> GO:0042401
GO:0001694 -[is_a]-> GO:1901362
GO:0001695 -[is_a]-> GO:0001692
GO:0001695 -[is_a]-> GO:0042135
GO:0001695 -[is_a]-> GO:0042402
GO:0001695 -[is_a]-> GO:0052805
GO:0001696 -[is_a]-> GO:0022600
GO:0001696 -[is_a]-> GO:0044707
GO:0001696 -[is_a]-> GO:0046717
GO:0001697 -[is_a]-> GO:0001696
GO:0001698 -[is_a]-> GO:0001696
GO:0001698 -[has_part]-> GO:0015054
GO:0001699 -[is_a]-> GO:0001696
GO:0001699 -[has_part]-> GO:0015464
GO:0001699 -[part_of]-> GO:1905145
GO:0001700 -[is_a]-> GO:0009792
GO:0001701 -[is_a]-> GO:0043009
GO:0001702 -[is_a]-> GO:0007369
GO:0001703 -[is_a]-> GO:0007369
GO:0001704 -[is_a]-> GO:0044767
GO:0001704 -[is_a]-> GO:0048646
GO:0001704 -[part_of]-> GO:0007369
GO:0001705 -[is_a]-> GO:0001704
GO:0001705 -[part_of]-> GO:0007398
GO:0001706 -[is_a]-> GO:0001704
GO:0001706 -[part_of]-> GO:0007492
GO:0001707 -[is_a]-> GO:0001704
GO:0001707 -[part_of]-> GO:0048332
GO:0001708 -[is_a]-> GO:0048869
GO:0001708 -[part_of]-> GO:0045165
GO:0001709 -[is_a]-> GO:0048869
GO:0001709 -[part_of]-> GO:0045165
GO:0001710 -[is_a]-> GO:0060795
GO:0001710 -[part_of]-> GO:0048333
GO:0001711 -[is_a]-> GO:0060795
GO:0001711 -[part_of]-> GO:0035987
GO:0001712 -[is_a]-> GO:0060795
GO:0001712 -[part_of]-> GO:0001705
GO:0001712 -[part_of]-> GO:0010668
GO:0001713 -[is_a]-> GO:0001709
GO:0001713 -[part_of]-> GO:0001712
GO:0001714 -[is_a]-> GO:0001708
GO:0001714 -[part_of]-> GO:0001711
GO:0001715 -[is_a]-> GO:0001708
GO:0001715 -[part_of]-> GO:0001712
GO:0001716 -[is_a]-> GO:0016641
GO:0001717 -[is_a]-> GO:0019988
GO:0001720 -[is_a]-> GO:0019988
GO:0001725 -[is_a]-> GO:0042641
GO:0001725 -[is_a]-> GO:0097517
GO:0001726 -[is_a]-> GO:0042995
GO:0001726 -[part_of]-> GO:0031252
GO:0001727 -[is_a]-> GO:0016301
GO:0001727 -[part_of]-> GO:0046834
GO:0001729 -[is_a]-> GO:0001727
GO:0001730 -[is_a]-> GO:0070566
GO:0001731 -[is_a]-> GO:0022618
GO:0001731 -[part_of]-> GO:0006413
GO:0001732 -[is_a]-> GO:0022618
GO:0001732 -[part_of]-> GO:0002183
GO:0001733 -[is_a]-> GO:0050694
GO:0001734 -[is_a]-> GO:0008174
GO:0001735 -[is_a]-> GO:0016670
GO:0001736 -[is_a]-> GO:0007164
GO:0001736 -[part_of]-> GO:0001738
GO:0001737 -[is_a]-> GO:0001736
GO:0001737 -[is_a]-> GO:0009886
GO:0001737 -[part_of]-> GO:0035317
GO:0001738 -[is_a]-> GO:0002009
GO:0001739 -[is_a]-> GO:0005720
GO:0001739 -[part_of]-> GO:0000803
GO:0001740 -[is_a]-> GO:0000228
GO:0001740 -[is_a]-> GO:0000805
GO:0001740 -[has_part]-> GO:0098578
GO:0001741 -[is_a]-> GO:0000803
GO:0001741 -[has_part]-> GO:0098578
GO:0001742 -[is_a]-> GO:0030154
GO:0001743 -[is_a]-> GO:0060788
GO:0001743 -[part_of]-> GO:0048598
GO:0001744 -[is_a]-> GO:0060788
GO:0001745 -[is_a]-> GO:0048592
GO:0001745 -[part_of]-> GO:0048749
GO:0001746 -[is_a]-> GO:0048592
GO:0001746 -[part_of]-> GO:0055034
GO:0001748 -[is_a]-> GO:0044767
GO:0001748 -[is_a]-> GO:0048856
GO:0001750 -[is_a]-> GO:0044441
GO:0001750 -[is_a]-> GO:0097458
GO:0001750 -[part_of]-> GO:0097733
GO:0001751 -[is_a]-> GO:0001754
GO:0001751 -[part_of]-> GO:0001745
GO:0001752 -[is_a]-> GO:0042706
GO:0001752 -[part_of]-> GO:0001751
GO:0001754 -[is_a]-> GO:0046530
GO:0001754 -[part_of]-> GO:0048592
GO:0001755 -[is_a]-> GO:0001667
GO:0001755 -[part_of]-> GO:0014032
GO:0001756 -[is_a]-> GO:0009952
GO:0001756 -[is_a]-> GO:0035282
GO:0001756 -[is_a]-> GO:0044767
GO:0001756 -[is_a]-> GO:0048646
GO:0001756 -[part_of]-> GO:0043009
GO:0001756 -[part_of]-> GO:0061053
GO:0001757 -[is_a]-> GO:0007379
GO:0001757 -[is_a]-> GO:0009880
GO:0001757 -[part_of]-> GO:0001756
GO:0001758 -[is_a]-> GO:0016620
GO:0001759 -[is_a]-> GO:0003156
GO:0001759 -[is_a]-> GO:0031128
GO:0001759 -[is_a]-> GO:0051094
GO:0001759 -[is_a]-> GO:0051240
GO:0001759 -[positively_regulates]-> GO:0010092
GO:0001760 -[is_a]-> GO:0016831
GO:0001761 -[is_a]-> GO:0015175
GO:0001761 -[part_of]-> GO:0001762
GO:0001762 -[is_a]-> GO:0015804
GO:0001763 -[is_a]-> GO:0009653
GO:0001763 -[is_a]-> GO:0044707
GO:0001763 -[is_a]-> GO:0044767
GO:0001764 -[is_a]-> GO:0016477
GO:0001764 -[part_of]-> GO:0048699
GO:0001765 -[is_a]-> GO:0031579
GO:0001765 -[is_a]-> GO:0071709
GO:0001766 -[is_a]-> GO:0031580
GO:0001767 -[is_a]-> GO:0030010
GO:0001767 -[part_of]-> GO:0046649
GO:0001768 -[is_a]-> GO:0001767
GO:0001768 -[part_of]-> GO:0042110
GO:0001769 -[is_a]-> GO:0001767
GO:0001769 -[part_of]-> GO:0042113
GO:0001770 -[is_a]-> GO:0001767
GO:0001770 -[part_of]-> GO:0030101
GO:0001771 -[is_a]-> GO:0009988
GO:0001771 -[part_of]-> GO:0046649
GO:0001772 -[is_a]-> GO:0044459
GO:0001773 -[is_a]-> GO:0002274
GO:0001774 -[is_a]-> GO:0042116
GO:0001775 -[is_a]-> GO:0044763
GO:0001776 -[is_a]-> GO:0002376
GO:0001776 -[is_a]-> GO:0048872
GO:0001777 -[is_a]-> GO:0042098
GO:0001777 -[part_of]-> GO:0042592
GO:0001777 -[part_of]-> GO:0043029
GO:0001778 -[is_a]-> GO:0007009
GO:0001778 -[part_of]-> GO:0042060
GO:0001779 -[is_a]-> GO:0030098
GO:0001779 -[is_a]-> GO:0030101
GO:0001780 -[is_a]-> GO:0001776
GO:0001780 -[is_a]-> GO:0002262
GO:0001781 -[is_a]-> GO:0006925
GO:0001781 -[is_a]-> GO:0033028
GO:0001781 -[is_a]-> GO:0071887
GO:0001781 -[part_of]-> GO:0001780
GO:0001782 -[is_a]-> GO:0002260
GO:0001783 -[is_a]-> GO:0070227
GO:0001784 -[is_a]-> GO:0045309
GO:0001785 -[is_a]-> GO:0004955
GO:0001786 -[is_a]-> GO:0005543
GO:0001786 -[is_a]-> GO:0072341
GO:0001787 -[is_a]-> GO:0030101
GO:0001787 -[is_a]-> GO:0046651
GO:0001788 -[is_a]-> GO:0001794
GO:0001788 -[is_a]-> GO:0001909
GO:0001788 -[is_a]-> GO:0044699
GO:0001789 -[is_a]-> GO:0007186
GO:0001789 -[has_part]-> GO:1900023
GO:0001790 -[is_a]-> GO:0019865
GO:0001791 -[is_a]-> GO:0019865
GO:0001792 -[is_a]-> GO:0019763
GO:0001792 -[has_part]-> GO:0001790
GO:0001793 -[is_a]-> GO:0019763
GO:0001793 -[has_part]-> GO:0001791
GO:0001794 -[is_a]-> GO:0002445
GO:0001795 -[is_a]-> GO:0002445
GO:0001796 -[is_a]-> GO:0002892
GO:0001796 -[regulates]-> GO:0001794
GO:0001797 -[is_a]-> GO:0001796
GO:0001797 -[is_a]-> GO:0002893
GO:0001797 -[negatively_regulates]-> GO:0001794
GO:0001798 -[is_a]-> GO:0001796
GO:0001798 -[is_a]-> GO:0002894
GO:0001798 -[positively_regulates]-> GO:0001794
GO:0001799 -[is_a]-> GO:0002892
GO:0001799 -[regulates]-> GO:0001795
GO:0001800 -[is_a]-> GO:0001799
GO:0001800 -[is_a]-> GO:0002893
GO:0001800 -[negatively_regulates]-> GO:0001795
GO:0001801 -[is_a]-> GO:0001799
GO:0001801 -[is_a]-> GO:0002894
GO:0001801 -[positively_regulates]-> GO:0001795
GO:0001802 -[is_a]-> GO:0002444
GO:0001802 -[is_a]-> GO:0002524
GO:0001802 -[is_a]-> GO:0016064
GO:0001803 -[is_a]-> GO:0002883
GO:0001803 -[is_a]-> GO:0002886
GO:0001803 -[is_a]-> GO:0002889
GO:0001803 -[regulates]-> GO:0001802
GO:0001804 -[is_a]-> GO:0001803
GO:0001804 -[is_a]-> GO:0002884
GO:0001804 -[is_a]-> GO:0002887
GO:0001804 -[is_a]-> GO:0002890
GO:0001804 -[negatively_regulates]-> GO:0001802
GO:0001805 -[is_a]-> GO:0001803
GO:0001805 -[is_a]-> GO:0002885
GO:0001805 -[is_a]-> GO:0002888
GO:0001805 -[is_a]-> GO:0002891
GO:0001805 -[positively_regulates]-> GO:0001802
GO:0001806 -[is_a]-> GO:0002456
GO:0001806 -[is_a]-> GO:0002524
GO:0001807 -[is_a]-> GO:0002709
GO:0001807 -[is_a]-> GO:0002883
GO:0001807 -[regulates]-> GO:0001806
GO:0001808 -[is_a]-> GO:0001807
GO:0001808 -[is_a]-> GO:0002710
GO:0001808 -[is_a]-> GO:0002884
GO:0001808 -[negatively_regulates]-> GO:0001806
GO:0001809 -[is_a]-> GO:0001807
GO:0001809 -[is_a]-> GO:0002711
GO:0001809 -[is_a]-> GO:0002885
GO:0001809 -[positively_regulates]-> GO:0001806
GO:0001810 -[is_a]-> GO:0002883
GO:0001810 -[is_a]-> GO:0002889
GO:0001810 -[regulates]-> GO:0016068
GO:0001811 -[is_a]-> GO:0001810
GO:0001811 -[is_a]-> GO:0002884
GO:0001811 -[is_a]-> GO:0002890
GO:0001811 -[negatively_regulates]-> GO:0016068
GO:0001812 -[is_a]-> GO:0001810
GO:0001812 -[is_a]-> GO:0002885
GO:0001812 -[is_a]-> GO:0002891
GO:0001812 -[positively_regulates]-> GO:0016068
GO:0001813 -[is_a]-> GO:0001796
GO:0001813 -[is_a]-> GO:0001910
GO:0001813 -[regulates]-> GO:0001788
GO:0001814 -[is_a]-> GO:0001797
GO:0001814 -[is_a]-> GO:0001813
GO:0001814 -[is_a]-> GO:0001911
GO:0001814 -[negatively_regulates]-> GO:0001788
GO:0001815 -[is_a]-> GO:0001798
GO:0001815 -[is_a]-> GO:0001813
GO:0001815 -[is_a]-> GO:0001912
GO:0001815 -[positively_regulates]-> GO:0001788
GO:0001816 -[is_a]-> GO:0044707
GO:0001817 -[is_a]-> GO:0051239
GO:0001817 -[regulates]-> GO:0001816
GO:0001818 -[is_a]-> GO:0001817
GO:0001818 -[is_a]-> GO:0051241
GO:0001818 -[negatively_regulates]-> GO:0001816
GO:0001819 -[is_a]-> GO:0001817
GO:0001819 -[is_a]-> GO:0051240
GO:0001819 -[positively_regulates]-> GO:0001816
GO:0001820 -[is_a]-> GO:0006837
GO:0001820 -[is_a]-> GO:0032940
GO:0001821 -[is_a]-> GO:0046903
GO:0001821 -[is_a]-> GO:0051608
GO:0001822 -[is_a]-> GO:0044767
GO:0001822 -[is_a]-> GO:0048513
GO:0001822 -[part_of]-> GO:0072001
GO:0001823 -[is_a]-> GO:0001822
GO:0001824 -[is_a]-> GO:0044767
GO:0001824 -[is_a]-> GO:0048856
GO:0001824 -[part_of]-> GO:0001701
GO:0001825 -[is_a]-> GO:0044767
GO:0001825 -[is_a]-> GO:0048646
GO:0001825 -[part_of]-> GO:0001824
GO:0001826 -[is_a]-> GO:0030154
GO:0001826 -[part_of]-> GO:0001825
GO:0001827 -[is_a]-> GO:0045165
GO:0001827 -[part_of]-> GO:0001826
GO:0001828 -[is_a]-> GO:0000904
GO:0001828 -[is_a]-> GO:0048598
GO:0001828 -[part_of]-> GO:0001826
GO:0001829 -[is_a]-> GO:0030154
GO:0001829 -[part_of]-> GO:0001825
GO:0001830 -[is_a]-> GO:0045165
GO:0001830 -[part_of]-> GO:0001829
GO:0001831 -[is_a]-> GO:0000904
GO:0001831 -[is_a]-> GO:0048598
GO:0001831 -[part_of]-> GO:0001829
GO:0001832 -[is_a]-> GO:0048589
GO:0001832 -[part_of]-> GO:0001824
GO:0001833 -[is_a]-> GO:0008283
GO:0001833 -[part_of]-> GO:0001832
GO:0001834 -[is_a]-> GO:0008283
GO:0001834 -[part_of]-> GO:0001832
GO:0001835 -[is_a]-> GO:0035188
GO:0001835 -[part_of]-> GO:0001824
GO:0001836 -[is_a]-> GO:0008637
GO:0001836 -[part_of]-> GO:0097190
GO:0001837 -[is_a]-> GO:0048762
GO:0001838 -[is_a]-> GO:0072175
GO:0001838 -[part_of]-> GO:0016331
GO:0001839 -[is_a]-> GO:0016331
GO:0001839 -[part_of]-> GO:0001840
GO:0001840 -[is_a]-> GO:0060429
GO:0001840 -[part_of]-> GO:0043009
GO:0001841 -[is_a]-> GO:0001838
GO:0001841 -[part_of]-> GO:0021915
GO:0001842 -[is_a]-> GO:0016331
GO:0001842 -[is_a]-> GO:0048646
GO:0001842 -[is_a]-> GO:0060571
GO:0001842 -[part_of]-> GO:0014020
GO:0001843 -[is_a]-> GO:0060606
GO:0001843 -[part_of]-> GO:0014020
GO:0001844 -[is_a]-> GO:0051204
GO:0001844 -[part_of]-> GO:0097190
GO:0001844 -[part_of]-> GO:0097345
GO:0001845 -[is_a]-> GO:0007040
GO:0001845 -[is_a]-> GO:0016050
GO:0001845 -[is_a]-> GO:0070925
GO:0001845 -[part_of]-> GO:0006909
GO:0001845 -[part_of]-> GO:0090382
GO:0001846 -[is_a]-> GO:0005515
GO:0001847 -[is_a]-> GO:0004888
GO:0001847 -[has_part]-> GO:0001846
GO:0001848 -[is_a]-> GO:0005515
GO:0001849 -[is_a]-> GO:0001846
GO:0001849 -[is_a]-> GO:0001848
GO:0001850 -[is_a]-> GO:0001848
GO:0001851 -[is_a]-> GO:0001846
GO:0001851 -[is_a]-> GO:0001848
GO:0001852 -[is_a]-> GO:0001846
GO:0001852 -[is_a]-> GO:0001848
GO:0001853 -[is_a]-> GO:0001848
GO:0001854 -[is_a]-> GO:0001848
GO:0001855 -[is_a]-> GO:0001846
GO:0001855 -[is_a]-> GO:0001848
GO:0001856 -[is_a]-> GO:0001848
GO:0001857 -[is_a]-> GO:0001847
GO:0001857 -[is_a]-> GO:0004875
GO:0001857 -[has_part]-> GO:0001849
GO:0001858 -[is_a]-> GO:0001847
GO:0001858 -[is_a]-> GO:0004875
GO:0001858 -[has_part]-> GO:0001852
GO:0001859 -[is_a]-> GO:0004875
GO:0001859 -[has_part]-> GO:0001853
GO:0001860 -[is_a]-> GO:0004875
GO:0001860 -[has_part]-> GO:0001854
GO:0001861 -[is_a]-> GO:0001847
GO:0001861 -[is_a]-> GO:0004875
GO:0001861 -[has_part]-> GO:0001855
GO:0001862 -[is_a]-> GO:0001846
GO:0001863 -[is_a]-> GO:0001847
GO:0001863 -[has_part]-> GO:0001862
GO:0001864 -[is_a]-> GO:0001846
GO:0001865 -[is_a]-> GO:0046632
GO:0001866 -[is_a]-> GO:0046633
GO:0001866 -[is_a]-> GO:0051132
GO:0001867 -[is_a]-> GO:0006956
GO:0001867 -[is_a]-> GO:0045087
GO:0001868 -[is_a]-> GO:0030449
GO:0001868 -[is_a]-> GO:0045088
GO:0001868 -[regulates]-> GO:0001867
GO:0001869 -[is_a]-> GO:0001868
GO:0001869 -[is_a]-> GO:0045824
GO:0001869 -[is_a]-> GO:0045916
GO:0001869 -[negatively_regulates]-> GO:0001867
GO:0001870 -[is_a]-> GO:0001868
GO:0001870 -[is_a]-> GO:0045089
GO:0001870 -[is_a]-> GO:0045917
GO:0001870 -[positively_regulates]-> GO:0001867
GO:0001871 -[is_a]-> GO:0005488
GO:0001872 -[is_a]-> GO:0030247
GO:0001873 -[is_a]-> GO:0008329
GO:0001873 -[has_part]-> GO:0030247
GO:0001874 -[is_a]-> GO:0001873
GO:0001874 -[has_part]-> GO:0001872
GO:0001875 -[is_a]-> GO:0008329
GO:0001875 -[has_part]-> GO:0001530
GO:0001875 -[part_of]-> GO:0031663
GO:0001876 -[is_a]-> GO:0001871
GO:0001876 -[is_a]-> GO:0034235
GO:0001877 -[is_a]-> GO:0008329
GO:0001877 -[has_part]-> GO:0001876
GO:0001878 -[is_a]-> GO:0009620
GO:0001879 -[is_a]-> GO:0001878
GO:0001879 -[is_a]-> GO:0016046
GO:0001880 -[is_a]-> GO:0003006
GO:0001880 -[is_a]-> GO:0044702
GO:0001880 -[is_a]-> GO:0060033
GO:0001880 -[part_of]-> GO:0046661
GO:0001881 -[is_a]-> GO:0043112
GO:0001881 -[part_of]-> GO:0023051
GO:0001882 -[is_a]-> GO:0036094
GO:0001882 -[is_a]-> GO:0097159
GO:0001882 -[is_a]-> GO:0097367
GO:0001882 -[is_a]-> GO:1901363
GO:0001883 -[is_a]-> GO:0001882
GO:0001884 -[is_a]-> GO:0001882
GO:0001885 -[is_a]-> GO:0002064
GO:0001885 -[part_of]-> GO:0003158
GO:0001885 -[part_of]-> GO:0045446
GO:0001886 -[is_a]-> GO:0003382
GO:0001886 -[part_of]-> GO:0001885
GO:0001887 -[is_a]-> GO:0044237
GO:0001888 -[is_a]-> GO:0008375
GO:0001889 -[is_a]-> GO:0048732
GO:0001889 -[part_of]-> GO:0061008
GO:0001890 -[is_a]-> GO:0044702
GO:0001890 -[is_a]-> GO:0044767
GO:0001890 -[is_a]-> GO:0048513
GO:0001890 -[is_a]-> GO:0048608
GO:0001891 -[is_a]-> GO:0044459
GO:0001892 -[is_a]-> GO:0003006
GO:0001892 -[is_a]-> GO:0044702
GO:0001892 -[is_a]-> GO:0048568
GO:0001892 -[part_of]-> GO:0001701
GO:0001892 -[part_of]-> GO:0001890
GO:0001893 -[is_a]-> GO:0044767
GO:0001893 -[is_a]-> GO:0048608
GO:0001893 -[is_a]-> GO:0060135
GO:0001893 -[part_of]-> GO:0001890
GO:0001894 -[is_a]-> GO:0060249
GO:0001894 -[part_of]-> GO:0048871
GO:0001895 -[is_a]-> GO:0001894
GO:0001896 -[is_a]-> GO:0012501
GO:0001897 -[is_a]-> GO:0001907
GO:0001897 -[is_a]-> GO:0051801
GO:0001897 -[has_part]-> GO:0052025
GO:0001898 -[is_a]-> GO:0051802
GO:0001898 -[regulates]-> GO:0001897
GO:0001899 -[is_a]-> GO:0001898
GO:0001899 -[is_a]-> GO:0051803
GO:0001899 -[negatively_regulates]-> GO:0001897
GO:0001900 -[is_a]-> GO:0001898
GO:0001900 -[is_a]-> GO:0051804
GO:0001900 -[positively_regulates]-> GO:0001897
GO:0001905 -[is_a]-> GO:0006956
GO:0001906 -[is_a]-> GO:0008150
GO:0001907 -[is_a]-> GO:0044004
GO:0001907 -[is_a]-> GO:0051883
GO:0001909 -[is_a]-> GO:0001906
GO:0001910 -[is_a]-> GO:0031341
GO:0001910 -[regulates]-> GO:0001909
GO:0001911 -[is_a]-> GO:0001910
GO:0001911 -[is_a]-> GO:0031342
GO:0001911 -[negatively_regulates]-> GO:0001909
GO:0001912 -[is_a]-> GO:0001910
GO:0001912 -[is_a]-> GO:0031343
GO:0001912 -[positively_regulates]-> GO:0001909
GO:0001913 -[is_a]-> GO:0001909
GO:0001913 -[is_a]-> GO:0002456
GO:0001913 -[is_a]-> GO:0044699
GO:0001914 -[is_a]-> GO:0001910
GO:0001914 -[is_a]-> GO:0002709
GO:0001914 -[regulates]-> GO:0001913
GO:0001915 -[is_a]-> GO:0001911
GO:0001915 -[is_a]-> GO:0001914
GO:0001915 -[is_a]-> GO:0002710
GO:0001915 -[negatively_regulates]-> GO:0001913
GO:0001916 -[is_a]-> GO:0001912
GO:0001916 -[is_a]-> GO:0001914
GO:0001916 -[is_a]-> GO:0002711
GO:0001916 -[positively_regulates]-> GO:0001913
GO:0001917 -[is_a]-> GO:0097458
GO:0001918 -[is_a]-> GO:0005515
GO:0001919 -[is_a]-> GO:0023051
GO:0001919 -[is_a]-> GO:0031323
GO:0001919 -[is_a]-> GO:0060255
GO:0001919 -[regulates]-> GO:0001881
GO:0001920 -[is_a]-> GO:0001919
GO:0001920 -[is_a]-> GO:0010605
GO:0001920 -[is_a]-> GO:0023057
GO:0001920 -[is_a]-> GO:0031324
GO:0001920 -[negatively_regulates]-> GO:0001881
GO:0001921 -[is_a]-> GO:0001919
GO:0001921 -[is_a]-> GO:0010604
GO:0001921 -[is_a]-> GO:0023056
GO:0001921 -[is_a]-> GO:0031325
GO:0001921 -[positively_regulates]-> GO:0001881
GO:0001922 -[is_a]-> GO:0001782
GO:0001923 -[is_a]-> GO:0002335
GO:0001924 -[is_a]-> GO:0045577
GO:0001924 -[regulates]-> GO:0001923
GO:0001925 -[is_a]-> GO:0001924
GO:0001925 -[is_a]-> GO:0045578
GO:0001925 -[negatively_regulates]-> GO:0001923
GO:0001926 -[is_a]-> GO:0001924
GO:0001926 -[is_a]-> GO:0045579
GO:0001926 -[positively_regulates]-> GO:0001923
GO:0001927 -[is_a]-> GO:0043623
GO:0001927 -[part_of]-> GO:0006904
GO:0001928 -[is_a]-> GO:0017157
GO:0001928 -[is_a]-> GO:0043254
GO:0001928 -[regulates]-> GO:0001927
GO:0001929 -[is_a]-> GO:0001928
GO:0001929 -[is_a]-> GO:0031333
GO:0001929 -[is_a]-> GO:0045920
GO:0001929 -[negatively_regulates]-> GO:0001927
GO:0001930 -[is_a]-> GO:0001928
GO:0001930 -[is_a]-> GO:0031334
GO:0001930 -[is_a]-> GO:0045921
GO:0001930 -[positively_regulates]-> GO:0001927
GO:0001931 -[is_a]-> GO:0042995
GO:0001931 -[part_of]-> GO:0031254
GO:0001932 -[is_a]-> GO:0031399
GO:0001932 -[is_a]-> GO:0042325
GO:0001932 -[regulates]-> GO:0006468
GO:0001933 -[is_a]-> GO:0001932
GO:0001933 -[is_a]-> GO:0031400
GO:0001933 -[is_a]-> GO:0042326
GO:0001933 -[negatively_regulates]-> GO:0006468
GO:0001934 -[is_a]-> GO:0001932
GO:0001934 -[is_a]-> GO:0031401
GO:0001934 -[is_a]-> GO:0042327
GO:0001934 -[positively_regulates]-> GO:0006468
GO:0001935 -[is_a]-> GO:0050673
GO:0001936 -[is_a]-> GO:0050678
GO:0001936 -[regulates]-> GO:0001935
GO:0001937 -[is_a]-> GO:0001936
GO:0001937 -[is_a]-> GO:0050680
GO:0001937 -[negatively_regulates]-> GO:0001935
GO:0001938 -[is_a]-> GO:0001936
GO:0001938 -[is_a]-> GO:0050679
GO:0001938 -[positively_regulates]-> GO:0001935
GO:0001939 -[is_a]-> GO:0045120
GO:0001940 -[is_a]-> GO:0045120
GO:0001941 -[is_a]-> GO:0044802
GO:0001941 -[part_of]-> GO:0050808
GO:0001942 -[is_a]-> GO:0022405
GO:0001942 -[is_a]-> GO:0044767
GO:0001942 -[is_a]-> GO:0048856
GO:0001942 -[part_of]-> GO:0098773
GO:0001944 -[is_a]-> GO:0048731
GO:0001944 -[part_of]-> GO:0072358
GO:0001945 -[is_a]-> GO:0044767
GO:0001945 -[is_a]-> GO:0048856
GO:0001945 -[part_of]-> GO:0001944
GO:0001946 -[is_a]-> GO:0009653
GO:0001946 -[is_a]-> GO:0044767
GO:0001946 -[is_a]-> GO:0048646
GO:0001946 -[part_of]-> GO:0036303
GO:0001947 -[is_a]-> GO:0003143
GO:0001947 -[part_of]-> GO:0061371
GO:0001948 -[is_a]-> GO:0097367
GO:0001949 -[is_a]-> GO:0009913
GO:0001949 -[part_of]-> GO:0048733
GO:0001951 -[is_a]-> GO:0015758
GO:0001951 -[is_a]-> GO:0044707
GO:0001951 -[is_a]-> GO:0050892
GO:0001952 -[is_a]-> GO:0010810
GO:0001952 -[regulates]-> GO:0007160
GO:0001953 -[is_a]-> GO:0001952
GO:0001953 -[is_a]-> GO:0010812
GO:0001953 -[negatively_regulates]-> GO:0007160
GO:0001954 -[is_a]-> GO:0001952
GO:0001954 -[is_a]-> GO:0010811
GO:0001954 -[positively_regulates]-> GO:0007160
GO:0001955 -[is_a]-> GO:0071695
GO:0001955 -[part_of]-> GO:0001568
GO:0001956 -[is_a]-> GO:0046928
GO:0001956 -[is_a]-> GO:0050806
GO:0001956 -[is_a]-> GO:0051590
GO:0001956 -[is_a]-> GO:1903532
GO:0001956 -[positively_regulates]-> GO:0007269
GO:0001957 -[is_a]-> GO:0036072
GO:0001958 -[is_a]-> GO:0036075
GO:0001958 -[part_of]-> GO:0060350
GO:0001959 -[is_a]-> GO:0009966
GO:0001959 -[is_a]-> GO:0060759
GO:0001959 -[regulates]-> GO:0019221
GO:0001960 -[is_a]-> GO:0001959
GO:0001960 -[is_a]-> GO:0009968
GO:0001960 -[is_a]-> GO:0060761
GO:0001960 -[negatively_regulates]-> GO:0019221
GO:0001961 -[is_a]-> GO:0001959
GO:0001961 -[is_a]-> GO:0009967
GO:0001961 -[is_a]-> GO:0060760
GO:0001961 -[positively_regulates]-> GO:0019221
GO:0001962 -[is_a]-> GO:0008378
GO:0001963 -[is_a]-> GO:0007270
GO:0001964 -[is_a]-> GO:0009605
GO:0001964 -[is_a]-> GO:0050905
GO:0001965 -[is_a]-> GO:0005515
GO:0001966 -[is_a]-> GO:0042330
GO:0001967 -[is_a]-> GO:0007631
GO:0001967 -[is_a]-> GO:0051705
GO:0001968 -[is_a]-> GO:0005515
GO:0001969 -[is_a]-> GO:0030449
GO:0001969 -[regulates]-> GO:0001905
GO:0001970 -[is_a]-> GO:0001969
GO:0001970 -[is_a]-> GO:0045917
GO:0001970 -[positively_regulates]-> GO:0001905
GO:0001971 -[is_a]-> GO:0001969
GO:0001971 -[is_a]-> GO:0045916
GO:0001971 -[negatively_regulates]-> GO:0001905
GO:0001972 -[is_a]-> GO:0005501
GO:0001972 -[is_a]-> GO:0033293
GO:0001973 -[is_a]-> GO:0035588
GO:0001974 -[is_a]-> GO:0048771
GO:0001975 -[is_a]-> GO:0014075
GO:0001976 -[is_a]-> GO:0050877
GO:0001976 -[part_of]-> GO:0003073
GO:0001977 -[is_a]-> GO:0003071
GO:0001977 -[part_of]-> GO:0050878
GO:0001978 -[is_a]-> GO:0001976
GO:0001978 -[part_of]-> GO:0003025
GO:0001979 -[is_a]-> GO:0001976
GO:0001980 -[is_a]-> GO:0001976
GO:0001981 -[is_a]-> GO:0003018
GO:0001981 -[is_a]-> GO:0050982
GO:0001981 -[part_of]-> GO:0001978
GO:0001982 -[is_a]-> GO:0001978
GO:0001982 -[is_a]-> GO:0003084
GO:0001983 -[is_a]-> GO:0001978
GO:0001983 -[is_a]-> GO:0003085
GO:0001984 -[is_a]-> GO:0042311
GO:0001984 -[part_of]-> GO:0001983
GO:0001985 -[is_a]-> GO:0010459
GO:0001985 -[part_of]-> GO:0001983
GO:0001986 -[is_a]-> GO:0045822
GO:0001986 -[part_of]-> GO:0001983
GO:0001987 -[is_a]-> GO:0042310
GO:0001987 -[part_of]-> GO:0001982
GO:0001988 -[is_a]-> GO:0010460
GO:0001988 -[part_of]-> GO:0001982
GO:0001989 -[is_a]-> GO:0045823
GO:0001989 -[part_of]-> GO:0001982
GO:0001990 -[is_a]-> GO:0003044
GO:0001990 -[is_a]-> GO:0050886
GO:0001991 -[is_a]-> GO:0003081
GO:0001992 -[is_a]-> GO:0001990
GO:0001993 -[is_a]-> GO:0003044
GO:0001994 -[is_a]-> GO:0042310
GO:0001994 -[part_of]-> GO:0003321
GO:0001995 -[is_a]-> GO:0042419
GO:0001995 -[part_of]-> GO:0001993
GO:0001996 -[is_a]-> GO:0010460
GO:0001996 -[part_of]-> GO:0003321
GO:0001997 -[is_a]-> GO:0003099
GO:0001997 -[part_of]-> GO:0003321
GO:0001998 -[is_a]-> GO:0003084
GO:0001998 -[is_a]-> GO:0042310
GO:0001998 -[part_of]-> GO:0002034
GO:0001999 -[is_a]-> GO:0003071
GO:0001999 -[part_of]-> GO:0001991
GO:0002000 -[is_a]-> GO:0050982
GO:0002000 -[part_of]-> GO:0001999
GO:0002001 -[is_a]-> GO:0009306
GO:0002001 -[part_of]-> GO:0001999
GO:0002002 -[is_a]-> GO:0010817
GO:0002002 -[is_a]-> GO:0060177
GO:0002002 -[part_of]-> GO:0001991
GO:0002003 -[is_a]-> GO:0016486
GO:0002003 -[part_of]-> GO:0002002
GO:0002004 -[is_a]-> GO:0030103
GO:0002004 -[part_of]-> GO:0001992
GO:0002005 -[is_a]-> GO:0043171
GO:0002005 -[is_a]-> GO:0044254
GO:0002005 -[is_a]-> GO:0044763
GO:0002005 -[part_of]-> GO:0002002
GO:0002006 -[is_a]-> GO:0003084
GO:0002006 -[is_a]-> GO:0042310
GO:0002006 -[part_of]-> GO:0001992
GO:0002007 -[is_a]-> GO:0009593
GO:0002007 -[has_part]-> GO:0003022
GO:0002007 -[part_of]-> GO:0001979
GO:0002007 -[part_of]-> GO:0070887
GO:0002008 -[is_a]-> GO:0001976
GO:0002008 -[part_of]-> GO:0001979
GO:0002008 -[part_of]-> GO:0003084
GO:0002009 -[is_a]-> GO:0048729
GO:0002009 -[part_of]-> GO:0060429
GO:0002010 -[is_a]-> GO:0001976
GO:0002010 -[part_of]-> GO:0001982
GO:0002011 -[is_a]-> GO:0002009
GO:0002012 -[is_a]-> GO:0003084
GO:0002012 -[is_a]-> GO:0042310
GO:0002012 -[part_of]-> GO:0001979
GO:0002013 -[is_a]-> GO:0003031
GO:0002013 -[part_of]-> GO:0001980
GO:0002014 -[is_a]-> GO:0003084
GO:0002014 -[is_a]-> GO:0042310
GO:0002014 -[part_of]-> GO:0001980
GO:0002015 -[is_a]-> GO:0003015
GO:0002015 -[part_of]-> GO:0003025
GO:0002016 -[is_a]-> GO:0003081
GO:0002017 -[is_a]-> GO:0001977
GO:0002017 -[is_a]-> GO:0001990
GO:0002017 -[is_a]-> GO:0003084
GO:0002018 -[is_a]-> GO:0003071
GO:0002018 -[is_a]-> GO:2000858
GO:0002018 -[part_of]-> GO:0002016
GO:0002018 -[regulates]-> GO:0035932
GO:0002019 -[is_a]-> GO:0002016
GO:0002020 -[is_a]-> GO:0019899
GO:0002021 -[is_a]-> GO:0031667
GO:0002021 -[is_a]-> GO:0044707
GO:0002022 -[is_a]-> GO:0050877
GO:0002022 -[part_of]-> GO:0002021
GO:0002023 -[is_a]-> GO:0042755
GO:0002023 -[part_of]-> GO:0002021
GO:0002024 -[is_a]-> GO:1990845
GO:0002024 -[part_of]-> GO:0002021
GO:0002025 -[is_a]-> GO:0003085
GO:0002025 -[is_a]-> GO:0042311
GO:0002025 -[part_of]-> GO:0001993
GO:0002026 -[is_a]-> GO:0008016
GO:0002026 -[is_a]-> GO:0065008
GO:0002027 -[is_a]-> GO:0008016
GO:0002027 -[is_a]-> GO:0065008
GO:0002028 -[is_a]-> GO:0010959
GO:0002028 -[regulates]-> GO:0006814
GO:0002029 -[is_a]-> GO:0022401
GO:0002029 -[is_a]-> GO:0045744
GO:0002030 -[is_a]-> GO:0006468
GO:0002030 -[part_of]-> GO:0002029
GO:0002031 -[is_a]-> GO:0031623
GO:0002031 -[part_of]-> GO:0002029
GO:0002032 -[is_a]-> GO:0002029
GO:0002032 -[is_a]-> GO:0032091
GO:0002033 -[is_a]-> GO:0003085
GO:0002033 -[is_a]-> GO:0042311
GO:0002033 -[part_of]-> GO:0002034
GO:0002034 -[is_a]-> GO:0003072
GO:0002034 -[is_a]-> GO:0003081
GO:0002034 -[is_a]-> GO:0050880
GO:0002035 -[is_a]-> GO:0001976
GO:0002035 -[is_a]-> GO:0002016
GO:0002036 -[is_a]-> GO:0044070
GO:0002036 -[is_a]-> GO:0051955
GO:0002036 -[regulates]-> GO:0015813
GO:0002037 -[is_a]-> GO:0002036
GO:0002037 -[is_a]-> GO:0051956
GO:0002037 -[is_a]-> GO:1903792
GO:0002037 -[negatively_regulates]-> GO:0015813
GO:0002038 -[is_a]-> GO:0002036
GO:0002038 -[is_a]-> GO:0051957
GO:0002038 -[is_a]-> GO:1903793
GO:0002038 -[positively_regulates]-> GO:0015813
GO:0002039 -[is_a]-> GO:0005515
GO:0002040 -[is_a]-> GO:0001525
GO:0002041 -[is_a]-> GO:0001525
GO:0002042 -[is_a]-> GO:0043534
GO:0002042 -[part_of]-> GO:0002040
GO:0002043 -[is_a]-> GO:0001935
GO:0002043 -[part_of]-> GO:0002040
GO:0002044 -[is_a]-> GO:0043534
GO:0002044 -[part_of]-> GO:0002041
GO:0002045 -[is_a]-> GO:0030155
GO:0002045 -[part_of]-> GO:0002041
GO:0002046 -[is_a]-> GO:0005515
GO:0002047 -[is_a]-> GO:0017000
GO:0002047 -[is_a]-> GO:0018130
GO:0002047 -[is_a]-> GO:0019438
GO:0002047 -[is_a]-> GO:0044271
GO:0002047 -[is_a]-> GO:1901362
GO:0002047 -[is_a]-> GO:1901566
GO:0002048 -[is_a]-> GO:0009237
GO:0002049 -[is_a]-> GO:0002048
GO:0002049 -[is_a]-> GO:0019290
GO:0002050 -[is_a]-> GO:0002048
GO:0002050 -[is_a]-> GO:0046215
GO:0002051 -[is_a]-> GO:0045165
GO:0002051 -[part_of]-> GO:0001649
GO:0002052 -[is_a]-> GO:0050769
GO:0002052 -[is_a]-> GO:1902692
GO:0002052 -[is_a]-> GO:2000179
GO:0002052 -[is_a]-> GO:2000648
GO:0002052 -[positively_regulates]-> GO:0007405
GO:0002053 -[is_a]-> GO:0008284
GO:0002053 -[is_a]-> GO:0010464
GO:0002053 -[positively_regulates]-> GO:0010463
GO:0002054 -[is_a]-> GO:0036094
GO:0002054 -[is_a]-> GO:0097159
GO:0002054 -[is_a]-> GO:1901363
GO:0002055 -[is_a]-> GO:0002060
GO:0002056 -[is_a]-> GO:0002061
GO:0002057 -[is_a]-> GO:0002060
GO:0002058 -[is_a]-> GO:0002061
GO:0002059 -[is_a]-> GO:0002061
GO:0002060 -[is_a]-> GO:0002054
GO:0002061 -[is_a]-> GO:0002054
GO:0002062 -[is_a]-> GO:0030154
GO:0002062 -[part_of]-> GO:0051216
GO:0002063 -[is_a]-> GO:0048468
GO:0002063 -[part_of]-> GO:0002062
GO:0002064 -[is_a]-> GO:0048468
GO:0002064 -[part_of]-> GO:0030855
GO:0002065 -[is_a]-> GO:0030855
GO:0002066 -[is_a]-> GO:0002064
GO:0002066 -[part_of]-> GO:0002065
GO:0002067 -[is_a]-> GO:0002065
GO:0002068 -[is_a]-> GO:0002066
GO:0002068 -[part_of]-> GO:0002067
GO:0002069 -[is_a]-> GO:0002070
GO:0002069 -[part_of]-> GO:0002066
GO:0002070 -[is_a]-> GO:0048469
GO:0002070 -[part_of]-> GO:0002064
GO:0002071 -[is_a]-> GO:0002069
GO:0002071 -[part_of]-> GO:0002068
GO:0002072 -[is_a]-> GO:0016331
GO:0002072 -[part_of]-> GO:0060900
GO:0002074 -[is_a]-> GO:0007519
GO:0002074 -[is_a]-> GO:0060538
GO:0002074 -[part_of]-> GO:0043010
GO:0002075 -[is_a]-> GO:0007519
GO:0002075 -[is_a]-> GO:0060538
GO:0002076 -[is_a]-> GO:0048468
GO:0002076 -[part_of]-> GO:0001649
GO:0002077 -[is_a]-> GO:0022414
GO:0002077 -[is_a]-> GO:0051603
GO:0002077 -[part_of]-> GO:0007340
GO:0002078 -[is_a]-> GO:0022412
GO:0002078 -[is_a]-> GO:0044801
GO:0002078 -[part_of]-> GO:0007340
GO:0002079 -[is_a]-> GO:0044433
GO:0002079 -[is_a]-> GO:0097223
GO:0002079 -[is_a]-> GO:0098589
GO:0002079 -[part_of]-> GO:0002080
GO:0002080 -[is_a]-> GO:0030667
GO:0002080 -[is_a]-> GO:0097223
GO:0002080 -[part_of]-> GO:0001669
GO:0002081 -[is_a]-> GO:0044433
GO:0002081 -[is_a]-> GO:0097223
GO:0002081 -[is_a]-> GO:0098589
GO:0002081 -[part_of]-> GO:0002080
GO:0002082 -[is_a]-> GO:0042325
GO:0002082 -[is_a]-> GO:0043467
GO:0002082 -[is_a]-> GO:1903578
GO:0002082 -[regulates]-> GO:0006119
GO:0002083 -[is_a]-> GO:0002094
GO:0002084 -[is_a]-> GO:0035601
GO:0002084 -[is_a]-> GO:0042159
GO:0002084 -[is_a]-> GO:0098734
GO:0002085 -[is_a]-> GO:0022603
GO:0002085 -[is_a]-> GO:0030857
GO:0002085 -[is_a]-> GO:0045995
GO:0002085 -[is_a]-> GO:0048505
GO:0002085 -[negatively_regulates]-> GO:0060563
GO:0002086 -[is_a]-> GO:0003011
GO:0002086 -[is_a]-> GO:0003016
GO:0002087 -[is_a]-> GO:0044065
GO:0002087 -[is_a]-> GO:0050877
GO:0002087 -[regulates]-> GO:0007585
GO:0002088 -[is_a]-> GO:0044767
GO:0002088 -[is_a]-> GO:0048856
GO:0002088 -[part_of]-> GO:0043010
GO:0002089 -[is_a]-> GO:0009653
GO:0002089 -[is_a]-> GO:0044767
GO:0002089 -[part_of]-> GO:0002088
GO:0002089 -[part_of]-> GO:0048593
GO:0002090 -[is_a]-> GO:0031323
GO:0002090 -[is_a]-> GO:0048259
GO:0002090 -[is_a]-> GO:0060255
GO:0002090 -[regulates]-> GO:0031623
GO:0002091 -[is_a]-> GO:0002090
GO:0002091 -[is_a]-> GO:0010605
GO:0002091 -[is_a]-> GO:0031324
GO:0002091 -[is_a]-> GO:0048261
GO:0002091 -[negatively_regulates]-> GO:0031623
GO:0002092 -[is_a]-> GO:0002090
GO:0002092 -[is_a]-> GO:0010604
GO:0002092 -[is_a]-> GO:0031325
GO:0002092 -[is_a]-> GO:0048260
GO:0002092 -[positively_regulates]-> GO:0031623
GO:0002093 -[is_a]-> GO:0048598
GO:0002093 -[is_a]-> GO:0048667
GO:0002093 -[part_of]-> GO:0042472
GO:0002093 -[part_of]-> GO:0060117
GO:0002094 -[is_a]-> GO:0004659
GO:0002095 -[is_a]-> GO:0098797
GO:0002095 -[part_of]-> GO:0005901
GO:0002096 -[is_a]-> GO:0043234
GO:0002096 -[is_a]-> GO:0044444
GO:0002097 -[is_a]-> GO:0006400
GO:0002098 -[is_a]-> GO:0002097
GO:0002099 -[is_a]-> GO:0002097
GO:0002100 -[is_a]-> GO:0002097
GO:0002101 -[is_a]-> GO:0002097
GO:0002102 -[is_a]-> GO:0043232
GO:0002102 -[is_a]-> GO:0043234
GO:0002102 -[is_a]-> GO:0044430
GO:0002102 -[part_of]-> GO:0015629
GO:0002103 -[is_a]-> GO:0000478
GO:0002104 -[is_a]-> GO:0002103
GO:0002105 -[is_a]-> GO:0002103
GO:0002106 -[is_a]-> GO:0002103
GO:0002107 -[is_a]-> GO:0000481
GO:0002107 -[is_a]-> GO:0031125
GO:0002108 -[is_a]-> GO:0000470
GO:0002109 -[is_a]-> GO:0030490
GO:0002110 -[is_a]-> GO:0000154
GO:0002110 -[is_a]-> GO:0070705
GO:0002111 -[is_a]-> GO:0043234
GO:0002111 -[is_a]-> GO:0044428
GO:0002112 -[is_a]-> GO:0005126
GO:0002113 -[is_a]-> GO:0019955
GO:0002114 -[is_a]-> GO:0004896
GO:0002114 -[has_part]-> GO:0002113
GO:0002114 -[part_of]-> GO:0038172
GO:0002115 -[is_a]-> GO:0006816
GO:0002116 -[is_a]-> GO:0043235
GO:0002117 -[is_a]-> GO:0002164
GO:0002118 -[is_a]-> GO:0051705
GO:0002119 -[is_a]-> GO:0002164
GO:0002120 -[is_a]-> GO:0002118
GO:0002120 -[is_a]-> GO:0044366
GO:0002121 -[is_a]-> GO:0002118
GO:0002122 -[is_a]-> GO:0002118
GO:0002123 -[is_a]-> GO:0002118
GO:0002124 -[is_a]-> GO:0002118
GO:0002125 -[is_a]-> GO:0002118
GO:0002126 -[is_a]-> GO:0002118
GO:0002127 -[is_a]-> GO:0002101
GO:0002127 -[is_a]-> GO:0002946
GO:0002128 -[is_a]-> GO:0030488
GO:0002129 -[is_a]-> GO:0002130
GO:0002129 -[is_a]-> GO:0002938
GO:0002130 -[is_a]-> GO:0002128
GO:0002131 -[is_a]-> GO:0002130
GO:0002132 -[is_a]-> GO:0002130
GO:0002133 -[is_a]-> GO:0043234
GO:0002134 -[is_a]-> GO:0032551
GO:0002134 -[is_a]-> GO:0032557
GO:0002135 -[is_a]-> GO:0032551
GO:0002135 -[is_a]-> GO:0032557
GO:0002136 -[is_a]-> GO:0002101
GO:0002138 -[is_a]-> GO:0016102
GO:0002138 -[is_a]-> GO:0042573
GO:0002138 -[is_a]-> GO:0072330
GO:0002139 -[is_a]-> GO:0097458
GO:0002139 -[part_of]-> GO:0032421
GO:0002140 -[is_a]-> GO:0002139
GO:0002141 -[is_a]-> GO:0002139
GO:0002142 -[is_a]-> GO:0043234
GO:0002142 -[is_a]-> GO:0097458
GO:0002142 -[part_of]-> GO:0002141
GO:0002143 -[is_a]-> GO:0002098
GO:0002143 -[is_a]-> GO:0034227
GO:0002144 -[is_a]-> GO:0043234
GO:0002144 -[is_a]-> GO:0044445
GO:0002145 -[is_a]-> GO:0016462
GO:0002146 -[is_a]-> GO:0006606
GO:0002147 -[is_a]-> GO:0002146
GO:0002147 -[part_of]-> GO:0042921
GO:0002148 -[is_a]-> GO:0043436
GO:0002149 -[is_a]-> GO:0002148
GO:0002149 -[is_a]-> GO:0044283
GO:0002150 -[is_a]-> GO:0002148
GO:0002150 -[is_a]-> GO:0044282
GO:0002151 -[is_a]-> GO:0003723
GO:0002152 -[is_a]-> GO:0008206
GO:0002153 -[is_a]-> GO:0003727
GO:0002154 -[is_a]-> GO:0009755
GO:0002154 -[is_a]-> GO:0030522
GO:0002155 -[is_a]-> GO:0009966
GO:0002155 -[regulates]-> GO:0002154
GO:0002156 -[is_a]-> GO:0002155
GO:0002156 -[is_a]-> GO:0009968
GO:0002156 -[negatively_regulates]-> GO:0002154
GO:0002157 -[is_a]-> GO:0002155
GO:0002157 -[is_a]-> GO:0009967
GO:0002157 -[positively_regulates]-> GO:0002154
GO:0002158 -[is_a]-> GO:0070661
GO:0002159 -[is_a]-> GO:0002934
GO:0002159 -[is_a]-> GO:0007043
GO:0002160 -[is_a]-> GO:0002934
GO:0002160 -[is_a]-> GO:0045217
GO:0002161 -[is_a]-> GO:0052689
GO:0002161 -[part_of]-> GO:0006450
GO:0002162 -[is_a]-> GO:0001948
GO:0002162 -[is_a]-> GO:0005515
GO:0002164 -[is_a]-> GO:0007275
GO:0002164 -[is_a]-> GO:0009791
GO:0002165 -[is_a]-> GO:0007275
GO:0002165 -[is_a]-> GO:0009791
GO:0002167 -[is_a]-> GO:0043234
GO:0002168 -[is_a]-> GO:0002164
GO:0002168 -[is_a]-> GO:0002165
GO:0002169 -[is_a]-> GO:0044429
GO:0002169 -[is_a]-> GO:1905202
GO:0002169 -[part_of]-> GO:0005739
GO:0002170 -[is_a]-> GO:0019766
GO:0002171 -[is_a]-> GO:0019766
GO:0002172 -[is_a]-> GO:0001793
GO:0002173 -[is_a]-> GO:0001793
GO:0002174 -[is_a]-> GO:0008283
GO:0002174 -[part_of]-> GO:0030879
GO:0002175 -[is_a]-> GO:0034613
GO:0002175 -[is_a]-> GO:0099612
GO:0002176 -[is_a]-> GO:0036093
GO:0002177 -[is_a]-> GO:0044430
GO:0002177 -[part_of]-> GO:0015630
GO:0002178 -[is_a]-> GO:1990234
GO:0002179 -[is_a]-> GO:0017059
GO:0002180 -[is_a]-> GO:0044453
GO:0002180 -[is_a]-> GO:1990204
GO:0002181 -[is_a]-> GO:0006412
GO:0002182 -[is_a]-> GO:0006414
GO:0002182 -[part_of]-> GO:0002181
GO:0002183 -[is_a]-> GO:0006413
GO:0002183 -[part_of]-> GO:0002181
GO:0002184 -[is_a]-> GO:0006415
GO:0002184 -[occurs_in]-> GO:0005829
GO:0002184 -[part_of]-> GO:0002181
GO:0002185 -[is_a]-> GO:0061695
GO:0002186 -[is_a]-> GO:0002185
GO:0002186 -[is_a]-> GO:0044445
GO:0002186 -[part_of]-> GO:0005829
GO:0002187 -[is_a]-> GO:0002185
GO:0002187 -[is_a]-> GO:0044429
GO:0002187 -[part_of]-> GO:0005739
GO:0002188 -[is_a]-> GO:0002183
GO:0002189 -[is_a]-> GO:0061695
GO:0002190 -[is_a]-> GO:0002183
GO:0002191 -[is_a]-> GO:0002183
GO:0002192 -[is_a]-> GO:0002190
GO:0002193 -[is_a]-> GO:0043234
GO:0002194 -[is_a]-> GO:0016477
GO:0002195 -[is_a]-> GO:0006400
GO:0002196 -[is_a]-> GO:0002161
GO:0002197 -[is_a]-> GO:1990204
GO:0002199 -[is_a]-> GO:0043234
GO:0002199 -[has_part]-> GO:0005832
GO:0002200 -[is_a]-> GO:0002376
GO:0002200 -[part_of]-> GO:0002520
GO:0002201 -[is_a]-> GO:0002200
GO:0002202 -[is_a]-> GO:0002200
GO:0002203 -[is_a]-> GO:0002496
GO:0002204 -[is_a]-> GO:0002208
GO:0002204 -[is_a]-> GO:0016447
GO:0002205 -[is_a]-> GO:0002208
GO:0002205 -[is_a]-> GO:0016446
GO:0002205 -[part_of]-> GO:0002344
GO:0002206 -[is_a]-> GO:0002565
GO:0002206 -[is_a]-> GO:0016445
GO:0002206 -[is_a]-> GO:0035822
GO:0002207 -[is_a]-> GO:0002206
GO:0002207 -[is_a]-> GO:0002208
GO:0002208 -[is_a]-> GO:0016445
GO:0002208 -[part_of]-> GO:0002381
GO:0002209 -[is_a]-> GO:0006952
GO:0002209 -[is_a]-> GO:0007610
GO:0002210 -[is_a]-> GO:0009611
GO:0002210 -[is_a]-> GO:0044708
GO:0002211 -[is_a]-> GO:0002209
GO:0002211 -[is_a]-> GO:0002213
GO:0002211 -[is_a]-> GO:0051705
GO:0002212 -[is_a]-> GO:0002209
GO:0002212 -[is_a]-> GO:0002215
GO:0002212 -[is_a]-> GO:0051705
GO:0002213 -[is_a]-> GO:0098542
GO:0002215 -[is_a]-> GO:0098542
GO:0002218 -[is_a]-> GO:0002253
GO:0002218 -[is_a]-> GO:0045089
GO:0002220 -[is_a]-> GO:0002429
GO:0002220 -[is_a]-> GO:0002758
GO:0002221 -[is_a]-> GO:0002758
GO:0002222 -[is_a]-> GO:0002220
GO:0002223 -[is_a]-> GO:0002220
GO:0002224 -[is_a]-> GO:0002221
GO:0002225 -[is_a]-> GO:0002702
GO:0002225 -[is_a]-> GO:0002760
GO:0002225 -[is_a]-> GO:0002784
GO:0002225 -[positively_regulates]-> GO:0002775
GO:0002227 -[is_a]-> GO:0002385
GO:0002227 -[is_a]-> GO:0045087
GO:0002228 -[is_a]-> GO:0002449
GO:0002228 -[is_a]-> GO:0045087
GO:0002229 -[is_a]-> GO:0002239
GO:0002229 -[is_a]-> GO:0098542
GO:0002230 -[is_a]-> GO:0050691
GO:0002231 -[is_a]-> GO:0002239
GO:0002231 -[is_a]-> GO:0098543
GO:0002232 -[is_a]-> GO:0002523
GO:0002232 -[is_a]-> GO:0030595
GO:0002232 -[part_of]-> GO:0006954
GO:0002233 -[is_a]-> GO:0002522
GO:0002233 -[is_a]-> GO:0030595
GO:0002233 -[part_of]-> GO:0006955
GO:0002234 -[is_a]-> GO:0006983
GO:0002234 -[is_a]-> GO:0009595
GO:0002235 -[is_a]-> GO:0006986
GO:0002235 -[is_a]-> GO:0009593
GO:0002236 -[is_a]-> GO:0009593
GO:0002236 -[is_a]-> GO:0051788
GO:0002237 -[is_a]-> GO:0010033
GO:0002237 -[is_a]-> GO:0043207
GO:0002237 -[part_of]-> GO:0009617
GO:0002238 -[is_a]-> GO:0010033
GO:0002238 -[is_a]-> GO:0043207
GO:0002238 -[part_of]-> GO:0009620
GO:0002239 -[is_a]-> GO:0051707
GO:0002240 -[is_a]-> GO:0010033
GO:0002240 -[is_a]-> GO:0043207
GO:0002240 -[part_of]-> GO:0002239
GO:0002241 -[is_a]-> GO:0009608
GO:0002242 -[is_a]-> GO:0002241
GO:0002242 -[is_a]-> GO:0098542
GO:0002243 -[is_a]-> GO:0002241
GO:0002243 -[is_a]-> GO:0009602
GO:0002244 -[is_a]-> GO:0030154
GO:0002244 -[part_of]-> GO:0030097
GO:0002246 -[is_a]-> GO:0042060
GO:0002246 -[part_of]-> GO:0006954
GO:0002246 -[part_of]-> GO:0090594
GO:0002247 -[is_a]-> GO:0048771
GO:0002247 -[part_of]-> GO:0002246
GO:0002248 -[is_a]-> GO:0097709
GO:0002248 -[part_of]-> GO:0002246
GO:0002249 -[is_a]-> GO:0002507
GO:0002250 -[is_a]-> GO:0006955
GO:0002251 -[is_a]-> GO:0006955
GO:0002252 -[is_a]-> GO:0002376
GO:0002253 -[is_a]-> GO:0002376
GO:0002253 -[is_a]-> GO:0050778
GO:0002254 -[is_a]-> GO:0002526
GO:0002254 -[is_a]-> GO:0072376
GO:0002255 -[is_a]-> GO:0002254
GO:0002256 -[is_a]-> GO:0002673
GO:0002256 -[is_a]-> GO:2000257
GO:0002256 -[regulates]-> GO:0002254
GO:0002257 -[is_a]-> GO:0002256
GO:0002257 -[is_a]-> GO:0002674
GO:0002257 -[is_a]-> GO:2000258
GO:0002257 -[negatively_regulates]-> GO:0002254
GO:0002258 -[is_a]-> GO:0002256
GO:0002258 -[is_a]-> GO:0002675
GO:0002258 -[is_a]-> GO:2000259
GO:0002258 -[positively_regulates]-> GO:0002254
GO:0002259 -[is_a]-> GO:0002264
GO:0002260 -[is_a]-> GO:0001776
GO:0002261 -[is_a]-> GO:0002260
GO:0002262 -[is_a]-> GO:0002376
GO:0002262 -[is_a]-> GO:0048872
GO:0002263 -[is_a]-> GO:0001775
GO:0002263 -[is_a]-> GO:0002252
GO:0002263 -[part_of]-> GO:0006955
GO:0002264 -[is_a]-> GO:0002263
GO:0002264 -[is_a]-> GO:0042118
GO:0002264 -[part_of]-> GO:0006955
GO:0002265 -[is_a]-> GO:0002263
GO:0002265 -[is_a]-> GO:0048143
GO:0002265 -[part_of]-> GO:0006955
GO:0002266 -[is_a]-> GO:0001775
GO:0002267 -[is_a]-> GO:0002263
GO:0002267 -[is_a]-> GO:0002266
GO:0002267 -[part_of]-> GO:0006955
GO:0002268 -[is_a]-> GO:0002266
GO:0002268 -[is_a]-> GO:0030154
GO:0002269 -[is_a]-> GO:0045321
GO:0002269 -[part_of]-> GO:0006954
GO:0002270 -[is_a]-> GO:0045321
GO:0002271 -[is_a]-> GO:0002270
GO:0002271 -[is_a]-> GO:0002366
GO:0002271 -[part_of]-> GO:0006955
GO:0002272 -[is_a]-> GO:0002271
GO:0002272 -[is_a]-> GO:0002273
GO:0002272 -[part_of]-> GO:0006955
GO:0002273 -[is_a]-> GO:0002270
GO:0002273 -[is_a]-> GO:0097028
GO:0002274 -[is_a]-> GO:0045321
GO:0002275 -[is_a]-> GO:0002274
GO:0002275 -[is_a]-> GO:0002366
GO:0002276 -[is_a]-> GO:0002275
GO:0002276 -[is_a]-> GO:0045575
GO:0002276 -[part_of]-> GO:0006955
GO:0002277 -[is_a]-> GO:0001773
GO:0002277 -[is_a]-> GO:0002275
GO:0002277 -[part_of]-> GO:0006955
GO:0002278 -[is_a]-> GO:0002275
GO:0002278 -[is_a]-> GO:0043307
GO:0002278 -[part_of]-> GO:0006955
GO:0002279 -[is_a]-> GO:0002275
GO:0002279 -[is_a]-> GO:0045576
GO:0002279 -[part_of]-> GO:0006955
GO:0002280 -[is_a]-> GO:0002275
GO:0002280 -[is_a]-> GO:0042117
GO:0002280 -[part_of]-> GO:0006955
GO:0002281 -[is_a]-> GO:0002275
GO:0002281 -[is_a]-> GO:0042116
GO:0002281 -[part_of]-> GO:0006955
GO:0002282 -[is_a]-> GO:0001774
GO:0002282 -[is_a]-> GO:0002281
GO:0002282 -[part_of]-> GO:0006955
GO:0002283 -[is_a]-> GO:0002275
GO:0002283 -[is_a]-> GO:0042119
GO:0002283 -[part_of]-> GO:0006955
GO:0002284 -[is_a]-> GO:0002277
GO:0002284 -[is_a]-> GO:0043011
GO:0002284 -[part_of]-> GO:0006955
GO:0002285 -[is_a]-> GO:0002366
GO:0002285 -[is_a]-> GO:0046649
GO:0002285 -[part_of]-> GO:0006955
GO:0002286 -[is_a]-> GO:0002285
GO:0002286 -[is_a]-> GO:0042110
GO:0002286 -[part_of]-> GO:0006955
GO:0002287 -[is_a]-> GO:0002286
GO:0002287 -[is_a]-> GO:0046631
GO:0002287 -[part_of]-> GO:0006955
GO:0002288 -[is_a]-> GO:0002287
GO:0002288 -[is_a]-> GO:0051132
GO:0002288 -[part_of]-> GO:0006955
GO:0002289 -[is_a]-> GO:0001866
GO:0002289 -[is_a]-> GO:0002288
GO:0002289 -[is_a]-> GO:0002310
GO:0002289 -[part_of]-> GO:0006955
GO:0002290 -[is_a]-> GO:0002286
GO:0002290 -[is_a]-> GO:0046629
GO:0002290 -[part_of]-> GO:0006955
GO:0002291 -[is_a]-> GO:0002286
GO:0002292 -[is_a]-> GO:0002286
GO:0002292 -[is_a]-> GO:0030217
GO:0002292 -[part_of]-> GO:0006955
GO:0002293 -[is_a]-> GO:0002287
GO:0002293 -[is_a]-> GO:0002292
GO:0002293 -[is_a]-> GO:0046632
GO:0002293 -[part_of]-> GO:0006955
GO:0002294 -[is_a]-> GO:0002293
GO:0002294 -[is_a]-> GO:0043367
GO:0002294 -[part_of]-> GO:0006955
GO:0002295 -[is_a]-> GO:0043373
GO:0002295 -[part_of]-> GO:0042093
GO:0002296 -[is_a]-> GO:0002295
GO:0002296 -[part_of]-> GO:0045063
GO:0002297 -[is_a]-> GO:0002295
GO:0002297 -[part_of]-> GO:0045064
GO:0002298 -[is_a]-> GO:0002294
GO:0002298 -[is_a]-> GO:0002361
GO:0002298 -[part_of]-> GO:0006955
GO:0002299 -[is_a]-> GO:0046632
GO:0002300 -[is_a]-> GO:0002299
GO:0002300 -[is_a]-> GO:0043374
GO:0002301 -[is_a]-> GO:0002299
GO:0002301 -[is_a]-> GO:0043367
GO:0002302 -[is_a]-> GO:0002293
GO:0002302 -[is_a]-> GO:0043374
GO:0002302 -[part_of]-> GO:0006955
GO:0002303 -[is_a]-> GO:0002290
GO:0002303 -[is_a]-> GO:0002292
GO:0002303 -[is_a]-> GO:0042492
GO:0002303 -[part_of]-> GO:0006955
GO:0002304 -[is_a]-> GO:0042492
GO:0002305 -[is_a]-> GO:0002304
GO:0002306 -[is_a]-> GO:0002304
GO:0002307 -[is_a]-> GO:0043374
GO:0002307 -[is_a]-> GO:0045066
GO:0002308 -[is_a]-> GO:0043374
GO:0002308 -[is_a]-> GO:0045065
GO:0002309 -[is_a]-> GO:0002286
GO:0002309 -[is_a]-> GO:0042098
GO:0002309 -[part_of]-> GO:0006955
GO:0002310 -[is_a]-> GO:0002287
GO:0002310 -[is_a]-> GO:0002309
GO:0002310 -[is_a]-> GO:0046633
GO:0002310 -[part_of]-> GO:0006955
GO:0002311 -[is_a]-> GO:0002290
GO:0002311 -[is_a]-> GO:0002309
GO:0002311 -[is_a]-> GO:0046630
GO:0002311 -[part_of]-> GO:0006955
GO:0002312 -[is_a]-> GO:0002285
GO:0002312 -[is_a]-> GO:0042113
GO:0002312 -[part_of]-> GO:0006955
GO:0002313 -[is_a]-> GO:0002312
GO:0002313 -[is_a]-> GO:0002335
GO:0002313 -[part_of]-> GO:0006955
GO:0002314 -[is_a]-> GO:0002313
GO:0002315 -[is_a]-> GO:0002313
GO:0002316 -[is_a]-> GO:0002313
GO:0002317 -[is_a]-> GO:0002313
GO:0002318 -[is_a]-> GO:0002244
GO:0002319 -[is_a]-> GO:0002313
GO:0002320 -[is_a]-> GO:0002244
GO:0002321 -[is_a]-> GO:0002320
GO:0002322 -[is_a]-> GO:0002312
GO:0002322 -[is_a]-> GO:0042100
GO:0002322 -[part_of]-> GO:0006955
GO:0002323 -[is_a]-> GO:0002285
GO:0002323 -[is_a]-> GO:0030101
GO:0002323 -[part_of]-> GO:0006955
GO:0002324 -[is_a]-> GO:0001787
GO:0002324 -[is_a]-> GO:0002323
GO:0002324 -[part_of]-> GO:0006955
GO:0002325 -[is_a]-> GO:0001779
GO:0002325 -[is_a]-> GO:0002323
GO:0002325 -[part_of]-> GO:0006955
GO:0002326 -[is_a]-> GO:0045165
GO:0002326 -[part_of]-> GO:0030183
GO:0002327 -[is_a]-> GO:0030183
GO:0002328 -[is_a]-> GO:0002320
GO:0002329 -[is_a]-> GO:0002327
GO:0002330 -[is_a]-> GO:0010467
GO:0002330 -[part_of]-> GO:0002329
GO:0002331 -[is_a]-> GO:0010468
GO:0002331 -[part_of]-> GO:0002329
GO:0002332 -[is_a]-> GO:0002327
GO:0002333 -[is_a]-> GO:0002332
GO:0002334 -[is_a]-> GO:0002332
GO:0002335 -[is_a]-> GO:0030183
GO:0002336 -[is_a]-> GO:0002326
GO:0002336 -[part_of]-> GO:0001923
GO:0002337 -[is_a]-> GO:0001923
GO:0002338 -[is_a]-> GO:0001923
GO:0002339 -[is_a]-> GO:0002376
GO:0002339 -[part_of]-> GO:0030183
GO:0002340 -[is_a]-> GO:0002339
GO:0002341 -[is_a]-> GO:0002515
GO:0002341 -[part_of]-> GO:0002340
GO:0002341 -[part_of]-> GO:0002510
GO:0002342 -[is_a]-> GO:0002516
GO:0002342 -[part_of]-> GO:0002340
GO:0002342 -[part_of]-> GO:0002510
GO:0002343 -[is_a]-> GO:0002339
GO:0002344 -[is_a]-> GO:0002343
GO:0002344 -[part_of]-> GO:0002381
GO:0002345 -[is_a]-> GO:0002452
GO:0002346 -[is_a]-> GO:0002339
GO:0002347 -[is_a]-> GO:0009607
GO:0002348 -[is_a]-> GO:0002340
GO:0002348 -[is_a]-> GO:0002346
GO:0002349 -[is_a]-> GO:0002532
GO:0002350 -[is_a]-> GO:0002343
GO:0002350 -[is_a]-> GO:0002346
GO:0002351 -[is_a]-> GO:0002532
GO:0002352 -[is_a]-> GO:0002339
GO:0002353 -[is_a]-> GO:0002254
GO:0002354 -[is_a]-> GO:0002340
GO:0002354 -[is_a]-> GO:0002352
GO:0002355 -[is_a]-> GO:0002347
GO:0002355 -[is_a]-> GO:0009595
GO:0002356 -[is_a]-> GO:0002343
GO:0002356 -[is_a]-> GO:0002352
GO:0002357 -[is_a]-> GO:0002347
GO:0002357 -[is_a]-> GO:0006952
GO:0002358 -[is_a]-> GO:0042100
GO:0002358 -[part_of]-> GO:0042592
GO:0002359 -[is_a]-> GO:0042100
GO:0002360 -[is_a]-> GO:0045165
GO:0002360 -[part_of]-> GO:0030217
GO:0002361 -[is_a]-> GO:0043367
GO:0002361 -[is_a]-> GO:0045066
GO:0002362 -[is_a]-> GO:0043373
GO:0002362 -[part_of]-> GO:0002361
GO:0002363 -[is_a]-> GO:0002360
GO:0002363 -[part_of]-> GO:0046632
GO:0002364 -[is_a]-> GO:0002363
GO:0002364 -[part_of]-> GO:0001865
GO:0002365 -[is_a]-> GO:0002360
GO:0002365 -[part_of]-> GO:0042492
GO:0002366 -[is_a]-> GO:0002263
GO:0002366 -[is_a]-> GO:0045321
GO:0002366 -[part_of]-> GO:0006955
GO:0002367 -[is_a]-> GO:0001816
GO:0002367 -[is_a]-> GO:0002440
GO:0002367 -[part_of]-> GO:0006955
GO:0002368 -[is_a]-> GO:0002367
GO:0002368 -[is_a]-> GO:0019724
GO:0002369 -[is_a]-> GO:0002367
GO:0002369 -[is_a]-> GO:0002456
GO:0002370 -[is_a]-> GO:0002228
GO:0002370 -[is_a]-> GO:0002367
GO:0002371 -[is_a]-> GO:0002367
GO:0002371 -[is_a]-> GO:0002443
GO:0002372 -[is_a]-> GO:0002371
GO:0002372 -[is_a]-> GO:0002444
GO:0002372 -[is_a]-> GO:0061082
GO:0002373 -[is_a]-> GO:0002371
GO:0002374 -[is_a]-> GO:0050663
GO:0002374 -[part_of]-> GO:0002367
GO:0002374 -[part_of]-> GO:0006955
GO:0002375 -[is_a]-> GO:0042089
GO:0002375 -[part_of]-> GO:0002367
GO:0002375 -[part_of]-> GO:0006955
GO:0002376 -[is_a]-> GO:0008150
GO:0002377 -[is_a]-> GO:0002440
GO:0002378 -[is_a]-> GO:0009059
GO:0002378 -[part_of]-> GO:0002377
GO:0002379 -[is_a]-> GO:0002378
GO:0002379 -[part_of]-> GO:0002381
GO:0002380 -[is_a]-> GO:0048305
GO:0002380 -[part_of]-> GO:0002381
GO:0002381 -[is_a]-> GO:0002377
GO:0002381 -[part_of]-> GO:0016064
GO:0002382 -[is_a]-> GO:0002256
GO:0002382 -[regulates]-> GO:0002255
GO:0002383 -[is_a]-> GO:0002251
GO:0002384 -[is_a]-> GO:0002251
GO:0002385 -[is_a]-> GO:0002251
GO:0002386 -[is_a]-> GO:0002385
GO:0002387 -[is_a]-> GO:0002386
GO:0002388 -[is_a]-> GO:0002387
GO:0002389 -[is_a]-> GO:0002388
GO:0002389 -[is_a]-> GO:0002394
GO:0002390 -[is_a]-> GO:0001816
GO:0002391 -[is_a]-> GO:0002390
GO:0002391 -[is_a]-> GO:0002534
GO:0002391 -[part_of]-> GO:0006954
GO:0002392 -[is_a]-> GO:0015696
GO:0002392 -[is_a]-> GO:0015697
GO:0002392 -[is_a]-> GO:0015914
GO:0002392 -[is_a]-> GO:0050663
GO:0002393 -[is_a]-> GO:0002532
GO:0002394 -[is_a]-> GO:0002387
GO:0002394 -[is_a]-> GO:0002401
GO:0002395 -[is_a]-> GO:0002387
GO:0002396 -[is_a]-> GO:0043623
GO:0002397 -[is_a]-> GO:0002396
GO:0002398 -[is_a]-> GO:0002396
GO:0002399 -[is_a]-> GO:0002396
GO:0002400 -[is_a]-> GO:0002394
GO:0002400 -[is_a]-> GO:0002395
GO:0002401 -[is_a]-> GO:0002386
GO:0002401 -[is_a]-> GO:0002427
GO:0002402 -[is_a]-> GO:0002401
GO:0002402 -[is_a]-> GO:0002451
GO:0002403 -[is_a]-> GO:0002401
GO:0002403 -[is_a]-> GO:0002458
GO:0002404 -[is_a]-> GO:0002376
GO:0002404 -[part_of]-> GO:0002386
GO:0002405 -[is_a]-> GO:0002404
GO:0002405 -[part_of]-> GO:0002468
GO:0002406 -[is_a]-> GO:0002404
GO:0002407 -[is_a]-> GO:0030595
GO:0002407 -[is_a]-> GO:0036336
GO:0002408 -[is_a]-> GO:0002407
GO:0002408 -[is_a]-> GO:0097529
GO:0002409 -[is_a]-> GO:0002408
GO:0002410 -[is_a]-> GO:0002407
GO:0002411 -[is_a]-> GO:0002413
GO:0002411 -[is_a]-> GO:0002424
GO:0002411 -[is_a]-> GO:0002458
GO:0002412 -[is_a]-> GO:0045056
GO:0002412 -[part_of]-> GO:0002406
GO:0002413 -[is_a]-> GO:0002418
GO:0002413 -[is_a]-> GO:0002465
GO:0002414 -[is_a]-> GO:0045056
GO:0002415 -[is_a]-> GO:0002414
GO:0002415 -[part_of]-> GO:0002386
GO:0002416 -[is_a]-> GO:0002414
GO:0002417 -[is_a]-> GO:0002450
GO:0002417 -[is_a]-> GO:0002751
GO:0002418 -[is_a]-> GO:0002347
GO:0002418 -[is_a]-> GO:0006955
GO:0002419 -[is_a]-> GO:0001913
GO:0002419 -[is_a]-> GO:0002424
GO:0002420 -[is_a]-> GO:0002423
GO:0002420 -[is_a]-> GO:0042267
GO:0002421 -[is_a]-> GO:0002450
GO:0002421 -[is_a]-> GO:0002746
GO:0002422 -[is_a]-> GO:0002385
GO:0002423 -[is_a]-> GO:0002228
GO:0002423 -[is_a]-> GO:0002418
GO:0002424 -[is_a]-> GO:0002418
GO:0002424 -[is_a]-> GO:0002456
GO:0002425 -[is_a]-> GO:0002422
GO:0002425 -[is_a]-> GO:0002427
GO:0002426 -[is_a]-> GO:0002381
GO:0002426 -[part_of]-> GO:0002385
GO:0002427 -[is_a]-> GO:0002385
GO:0002427 -[is_a]-> GO:0002462
GO:0002428 -[is_a]-> GO:0002475
GO:0002428 -[is_a]-> GO:0048002
GO:0002429 -[is_a]-> GO:0002757
GO:0002429 -[is_a]-> GO:0002768
GO:0002430 -[is_a]-> GO:0002429
GO:0002431 -[is_a]-> GO:0002429
GO:0002432 -[is_a]-> GO:0002252
GO:0002432 -[part_of]-> GO:0002544
GO:0002433 -[is_a]-> GO:0002252
GO:0002433 -[is_a]-> GO:0002768
GO:0002433 -[part_of]-> GO:0006909
GO:0002434 -[is_a]-> GO:0002252
GO:0002435 -[is_a]-> GO:0002434
GO:0002436 -[is_a]-> GO:0002434
GO:0002437 -[is_a]-> GO:0006954
GO:0002437 -[is_a]-> GO:0006955
GO:0002438 -[is_a]-> GO:0002437
GO:0002438 -[is_a]-> GO:0002526
GO:0002439 -[is_a]-> GO:0002437
GO:0002439 -[is_a]-> GO:0002544
GO:0002440 -[is_a]-> GO:0002376
GO:0002441 -[is_a]-> GO:0001821
GO:0002441 -[is_a]-> GO:0046879
GO:0002441 -[part_of]-> GO:0002349
GO:0002441 -[part_of]-> GO:0006954
GO:0002442 -[is_a]-> GO:0001820
GO:0002442 -[part_of]-> GO:0002351
GO:0002442 -[part_of]-> GO:0006954
GO:0002443 -[is_a]-> GO:0002252
GO:0002444 -[is_a]-> GO:0002443
GO:0002445 -[is_a]-> GO:0002444
GO:0002445 -[is_a]-> GO:0002524
GO:0002445 -[is_a]-> GO:0016064
GO:0002446 -[is_a]-> GO:0002444
GO:0002447 -[is_a]-> GO:0002444
GO:0002448 -[is_a]-> GO:0002444
GO:0002449 -[is_a]-> GO:0002443
GO:0002450 -[is_a]-> GO:0019882
GO:0002450 -[part_of]-> GO:0019724
GO:0002451 -[is_a]-> GO:0002465
GO:0002451 -[is_a]-> GO:0002514
GO:0002451 -[is_a]-> GO:0019724
GO:0002452 -[is_a]-> GO:0016447
GO:0002453 -[is_a]-> GO:0002515
GO:0002453 -[part_of]-> GO:0002451
GO:0002454 -[is_a]-> GO:0002516
GO:0002454 -[part_of]-> GO:0002451
GO:0002455 -[is_a]-> GO:0006959
GO:0002455 -[is_a]-> GO:0016064
GO:0002456 -[is_a]-> GO:0002449
GO:0002456 -[is_a]-> GO:0002460
GO:0002457 -[is_a]-> GO:0019882
GO:0002457 -[part_of]-> GO:0002456
GO:0002458 -[is_a]-> GO:0002456
GO:0002458 -[is_a]-> GO:0002465
GO:0002458 -[is_a]-> GO:0002517
GO:0002459 -[is_a]-> GO:0002250
GO:0002460 -[is_a]-> GO:0002250
GO:0002461 -[is_a]-> GO:0002460
GO:0002461 -[is_a]-> GO:0002507
GO:0002462 -[is_a]-> GO:0002461
GO:0002463 -[is_a]-> GO:0002462
GO:0002463 -[is_a]-> GO:0002508
GO:0002464 -[is_a]-> GO:0002462
GO:0002464 -[is_a]-> GO:0002465
GO:0002465 -[is_a]-> GO:0002461
GO:0002466 -[is_a]-> GO:0002465
GO:0002466 -[is_a]-> GO:0002513
GO:0002467 -[is_a]-> GO:0002460
GO:0002467 -[is_a]-> GO:0048646
GO:0002468 -[is_a]-> GO:0019882
GO:0002469 -[is_a]-> GO:0002468
GO:0002470 -[is_a]-> GO:0002468
GO:0002471 -[is_a]-> GO:0019882
GO:0002472 -[is_a]-> GO:0019882
GO:0002473 -[is_a]-> GO:0019882
GO:0002474 -[is_a]-> GO:0048002
GO:0002475 -[is_a]-> GO:0019882
GO:0002476 -[is_a]-> GO:0002428
GO:0002476 -[is_a]-> GO:0002483
GO:0002477 -[is_a]-> GO:0002428
GO:0002477 -[is_a]-> GO:0002478
GO:0002478 -[is_a]-> GO:0019884
GO:0002478 -[is_a]-> GO:0048002
GO:0002479 -[is_a]-> GO:0042590
GO:0002480 -[is_a]-> GO:0042590
GO:0002481 -[is_a]-> GO:0002477
GO:0002482 -[is_a]-> GO:0002477
GO:0002483 -[is_a]-> GO:0019883
GO:0002483 -[is_a]-> GO:0048002
GO:0002484 -[is_a]-> GO:0019885
GO:0002485 -[is_a]-> GO:0002484
GO:0002486 -[is_a]-> GO:0002484
GO:0002487 -[is_a]-> GO:0019885
GO:0002488 -[is_a]-> GO:0002476
GO:0002489 -[is_a]-> GO:0002488
GO:0002490 -[is_a]-> GO:0002488
GO:0002491 -[is_a]-> GO:0002483
GO:0002491 -[is_a]-> GO:0002495
GO:0002492 -[is_a]-> GO:0002501
GO:0002492 -[part_of]-> GO:0002398
GO:0002492 -[part_of]-> GO:0002428
GO:0002493 -[is_a]-> GO:0065005
GO:0002493 -[part_of]-> GO:0002398
GO:0002493 -[part_of]-> GO:0048003
GO:0002494 -[is_a]-> GO:0006869
GO:0002494 -[part_of]-> GO:0048003
GO:0002495 -[is_a]-> GO:0002504
GO:0002495 -[is_a]-> GO:0048002
GO:0002496 -[is_a]-> GO:0051603
GO:0002496 -[part_of]-> GO:0048002
GO:0002497 -[is_a]-> GO:0002496
GO:0002498 -[is_a]-> GO:0002496
GO:0002499 -[is_a]-> GO:0002496
GO:0002499 -[occurs_in]-> GO:0005768
GO:0002500 -[is_a]-> GO:0002496
GO:0002500 -[occurs_in]-> GO:0005764
GO:0002501 -[is_a]-> GO:0043623
GO:0002501 -[part_of]-> GO:0002396
GO:0002501 -[part_of]-> GO:0048002
GO:0002502 -[is_a]-> GO:0002501
GO:0002502 -[part_of]-> GO:0002397
GO:0002502 -[part_of]-> GO:0002474
GO:0002503 -[is_a]-> GO:0002501
GO:0002503 -[part_of]-> GO:0002399
GO:0002503 -[part_of]-> GO:0002495
GO:0002504 -[is_a]-> GO:0019882
GO:0002505 -[is_a]-> GO:0002504
GO:0002506 -[is_a]-> GO:0065006
GO:0002506 -[part_of]-> GO:0002399
GO:0002506 -[part_of]-> GO:0002505
GO:0002507 -[is_a]-> GO:0002376
GO:0002507 -[part_of]-> GO:0002520
GO:0002508 -[is_a]-> GO:0002507
GO:0002509 -[is_a]-> GO:0002508
GO:0002509 -[is_a]-> GO:0002513
GO:0002510 -[is_a]-> GO:0002508
GO:0002510 -[is_a]-> GO:0002514
GO:0002511 -[is_a]-> GO:0002452
GO:0002512 -[is_a]-> GO:0002508
GO:0002512 -[is_a]-> GO:0002517
GO:0002513 -[is_a]-> GO:0002507
GO:0002514 -[is_a]-> GO:0002507
GO:0002515 -[is_a]-> GO:0002249
GO:0002515 -[is_a]-> GO:0002514
GO:0002516 -[is_a]-> GO:0001783
GO:0002516 -[is_a]-> GO:1902742
GO:0002516 -[part_of]-> GO:0002514
GO:0002517 -[is_a]-> GO:0002507
GO:0002518 -[is_a]-> GO:0048247
GO:0002519 -[is_a]-> GO:0002507
GO:0002520 -[is_a]-> GO:0002376
GO:0002520 -[is_a]-> GO:0048731
GO:0002521 -[is_a]-> GO:0030154
GO:0002521 -[part_of]-> GO:0030097
GO:0002522 -[is_a]-> GO:0002252
GO:0002522 -[is_a]-> GO:0050900
GO:0002522 -[part_of]-> GO:0006955
GO:0002523 -[is_a]-> GO:0050900
GO:0002523 -[part_of]-> GO:0006954
GO:0002524 -[is_a]-> GO:0002438
GO:0002525 -[is_a]-> GO:0002526
GO:0002526 -[is_a]-> GO:0006954
GO:0002527 -[is_a]-> GO:0042311
GO:0002527 -[part_of]-> GO:0002526
GO:0002528 -[is_a]-> GO:0043114
GO:0002528 -[part_of]-> GO:0002526
GO:0002529 -[is_a]-> GO:0002256
GO:0002529 -[regulates]-> GO:0002353
GO:0002530 -[is_a]-> GO:0003073
GO:0002530 -[part_of]-> GO:0006953
GO:0002531 -[is_a]-> GO:0008016
GO:0002531 -[part_of]-> GO:0006953
GO:0002532 -[is_a]-> GO:0044707
GO:0002532 -[part_of]-> GO:0006954
GO:0002533 -[is_a]-> GO:0033299
GO:0002533 -[part_of]-> GO:0002393
GO:0002533 -[part_of]-> GO:0006954
GO:0002534 -[is_a]-> GO:0001816
GO:0002534 -[is_a]-> GO:0002532
GO:0002534 -[part_of]-> GO:0006954
GO:0002535 -[is_a]-> GO:0002392
GO:0002535 -[part_of]-> GO:0002391
GO:0002535 -[part_of]-> GO:0006954
GO:0002536 -[is_a]-> GO:0002532
GO:0002536 -[is_a]-> GO:0002679
GO:0002536 -[part_of]-> GO:0006954
GO:0002537 -[is_a]-> GO:0002532
GO:0002538 -[is_a]-> GO:0002532
GO:0002539 -[is_a]-> GO:0002538
GO:0002540 -[is_a]-> GO:0002538
GO:0002541 -[is_a]-> GO:0016485
GO:0002541 -[part_of]-> GO:0002526
GO:0002542 -[is_a]-> GO:0002675
GO:0002542 -[is_a]-> GO:0010954
GO:0002542 -[part_of]-> GO:0002353
GO:0002542 -[positively_regulates]-> GO:0002541
GO:0002543 -[is_a]-> GO:0030194
GO:0002543 -[part_of]-> GO:0002526
GO:0002544 -[is_a]-> GO:0006954
GO:0002545 -[is_a]-> GO:0002544
GO:0002546 -[is_a]-> GO:0002257
GO:0002546 -[is_a]-> GO:0002382
GO:0002546 -[negatively_regulates]-> GO:0002255
GO:0002547 -[is_a]-> GO:0002258
GO:0002547 -[is_a]-> GO:0002382
GO:0002547 -[positively_regulates]-> GO:0002255
GO:0002548 -[is_a]-> GO:0030595
GO:0002548 -[is_a]-> GO:0071674
GO:0002548 -[is_a]-> GO:0097529
GO:0002549 -[is_a]-> GO:0002257
GO:0002549 -[is_a]-> GO:0002529
GO:0002549 -[negatively_regulates]-> GO:0002353
GO:0002550 -[is_a]-> GO:0002258
GO:0002550 -[is_a]-> GO:0002529
GO:0002550 -[positively_regulates]-> GO:0002353
GO:0002551 -[is_a]-> GO:0030595
GO:0002551 -[is_a]-> GO:0097531
GO:0002552 -[is_a]-> GO:0002442
GO:0002552 -[is_a]-> GO:1902582
GO:0002552 -[part_of]-> GO:0043303
GO:0002553 -[is_a]-> GO:0002441
GO:0002553 -[is_a]-> GO:1902582
GO:0002553 -[part_of]-> GO:0043303
GO:0002554 -[is_a]-> GO:0002442
GO:0002554 -[part_of]-> GO:0002576
GO:0002555 -[is_a]-> GO:0002441
GO:0002555 -[part_of]-> GO:0002576
GO:0002556 -[is_a]-> GO:0002442
GO:0002556 -[part_of]-> GO:0002561
GO:0002557 -[is_a]-> GO:0002441
GO:0002557 -[part_of]-> GO:0002561
GO:0002558 -[is_a]-> GO:0002448
GO:0002558 -[is_a]-> GO:0016068
GO:0002559 -[is_a]-> GO:0002560
GO:0002559 -[is_a]-> GO:0016068
GO:0002560 -[is_a]-> GO:0002444
GO:0002561 -[is_a]-> GO:0002276
GO:0002561 -[is_a]-> GO:0043299
GO:0002561 -[part_of]-> GO:0002560
GO:0002562 -[is_a]-> GO:0002200
GO:0002562 -[is_a]-> GO:0016444
GO:0002563 -[is_a]-> GO:0002200
GO:0002564 -[is_a]-> GO:0002563
GO:0002564 -[is_a]-> GO:0016445
GO:0002565 -[is_a]-> GO:0002200
GO:0002565 -[is_a]-> GO:0016444
GO:0002566 -[is_a]-> GO:0002200
GO:0002567 -[is_a]-> GO:0002200
GO:0002568 -[is_a]-> GO:0002200
GO:0002568 -[part_of]-> GO:0030217
GO:0002569 -[is_a]-> GO:0002200
GO:0002570 -[is_a]-> GO:0002569
GO:0002570 -[is_a]-> GO:0016445
GO:0002570 -[part_of]-> GO:0016447
GO:0002571 -[is_a]-> GO:0002568
GO:0002571 -[is_a]-> GO:0002569
GO:0002571 -[part_of]-> GO:0002681
GO:0002572 -[is_a]-> GO:0002320
GO:0002572 -[part_of]-> GO:0030217
GO:0002573 -[is_a]-> GO:0002521
GO:0002573 -[is_a]-> GO:0030099
GO:0002574 -[is_a]-> GO:0030099
GO:0002575 -[is_a]-> GO:0071621
GO:0002576 -[is_a]-> GO:0045055
GO:0002577 -[is_a]-> GO:0002682
GO:0002577 -[regulates]-> GO:0019882
GO:0002578 -[is_a]-> GO:0002577
GO:0002578 -[is_a]-> GO:0002683
GO:0002578 -[negatively_regulates]-> GO:0019882
GO:0002579 -[is_a]-> GO:0002577
GO:0002579 -[is_a]-> GO:0002684
GO:0002579 -[positively_regulates]-> GO:0019882
GO:0002580 -[is_a]-> GO:0002577
GO:0002580 -[regulates]-> GO:0002504
GO:0002581 -[is_a]-> GO:0002578
GO:0002581 -[is_a]-> GO:0002580
GO:0002581 -[negatively_regulates]-> GO:0002504
GO:0002582 -[is_a]-> GO:0002579
GO:0002582 -[is_a]-> GO:0002580
GO:0002582 -[positively_regulates]-> GO:0002504
GO:0002583 -[is_a]-> GO:0002577
GO:0002583 -[regulates]-> GO:0048002
GO:0002584 -[is_a]-> GO:0002578
GO:0002584 -[is_a]-> GO:0002583
GO:0002584 -[negatively_regulates]-> GO:0048002
GO:0002585 -[is_a]-> GO:0002579
GO:0002585 -[is_a]-> GO:0002583
GO:0002585 -[positively_regulates]-> GO:0048002
GO:0002586 -[is_a]-> GO:0002580
GO:0002586 -[is_a]-> GO:0002583
GO:0002586 -[regulates]-> GO:0002495
GO:0002587 -[is_a]-> GO:0002581
GO:0002587 -[is_a]-> GO:0002584
GO:0002587 -[is_a]-> GO:0002586
GO:0002587 -[negatively_regulates]-> GO:0002495
GO:0002588 -[is_a]-> GO:0002582
GO:0002588 -[is_a]-> GO:0002585
GO:0002588 -[is_a]-> GO:0002586
GO:0002588 -[positively_regulates]-> GO:0002495
GO:0002589 -[is_a]-> GO:0002583
GO:0002589 -[regulates]-> GO:0002474
GO:0002590 -[is_a]-> GO:0002584
GO:0002590 -[is_a]-> GO:0002589
GO:0002590 -[negatively_regulates]-> GO:0002474
GO:0002591 -[is_a]-> GO:0002585
GO:0002591 -[is_a]-> GO:0002589
GO:0002591 -[positively_regulates]-> GO:0002474
GO:0002592 -[is_a]-> GO:0002577
GO:0002592 -[regulates]-> GO:0002475
GO:0002593 -[is_a]-> GO:0002578
GO:0002593 -[is_a]-> GO:0002592
GO:0002593 -[negatively_regulates]-> GO:0002475
GO:0002594 -[is_a]-> GO:0002579
GO:0002594 -[is_a]-> GO:0002592
GO:0002594 -[positively_regulates]-> GO:0002475
GO:0002595 -[is_a]-> GO:0002583
GO:0002595 -[is_a]-> GO:0002592
GO:0002595 -[regulates]-> GO:0002428
GO:0002596 -[is_a]-> GO:0002584
GO:0002596 -[is_a]-> GO:0002593
GO:0002596 -[is_a]-> GO:0002595
GO:0002596 -[negatively_regulates]-> GO:0002428
GO:0002597 -[is_a]-> GO:0002585
GO:0002597 -[is_a]-> GO:0002594
GO:0002597 -[is_a]-> GO:0002595
GO:0002597 -[positively_regulates]-> GO:0002428
GO:0002598 -[is_a]-> GO:0002592
GO:0002598 -[regulates]-> GO:0048003
GO:0002599 -[is_a]-> GO:0002593
GO:0002599 -[is_a]-> GO:0002598
GO:0002599 -[negatively_regulates]-> GO:0048003
GO:0002600 -[is_a]-> GO:0002594
GO:0002600 -[is_a]-> GO:0002598
GO:0002600 -[positively_regulates]-> GO:0048003
GO:0002601 -[is_a]-> GO:0002580
GO:0002601 -[regulates]-> GO:0002505
GO:0002602 -[is_a]-> GO:0002581
GO:0002602 -[is_a]-> GO:0002601
GO:0002602 -[negatively_regulates]-> GO:0002505
GO:0002603 -[is_a]-> GO:0002582
GO:0002603 -[is_a]-> GO:0002601
GO:0002603 -[positively_regulates]-> GO:0002505
GO:0002604 -[is_a]-> GO:0002577
GO:0002604 -[regulates]-> GO:0002468
GO:0002605 -[is_a]-> GO:0002578
GO:0002605 -[is_a]-> GO:0002604
GO:0002605 -[negatively_regulates]-> GO:0002468
GO:0002606 -[is_a]-> GO:0002579
GO:0002606 -[is_a]-> GO:0002604
GO:0002606 -[positively_regulates]-> GO:0002468
GO:0002607 -[is_a]-> GO:0002604
GO:0002607 -[regulates]-> GO:0002469
GO:0002608 -[is_a]-> GO:0002605
GO:0002608 -[is_a]-> GO:0002607
GO:0002608 -[negatively_regulates]-> GO:0002469
GO:0002609 -[is_a]-> GO:0002606
GO:0002609 -[is_a]-> GO:0002607
GO:0002609 -[positively_regulates]-> GO:0002469
GO:0002610 -[is_a]-> GO:0002604
GO:0002610 -[regulates]-> GO:0002470
GO:0002611 -[is_a]-> GO:0002605
GO:0002611 -[is_a]-> GO:0002610
GO:0002611 -[negatively_regulates]-> GO:0002470
GO:0002612 -[is_a]-> GO:0002606
GO:0002612 -[is_a]-> GO:0002610
GO:0002612 -[positively_regulates]-> GO:0002470
GO:0002613 -[is_a]-> GO:0002577
GO:0002613 -[regulates]-> GO:0002471
GO:0002614 -[is_a]-> GO:0002578
GO:0002614 -[is_a]-> GO:0002613
GO:0002614 -[negatively_regulates]-> GO:0002471
GO:0002615 -[is_a]-> GO:0002579
GO:0002615 -[is_a]-> GO:0002613
GO:0002615 -[positively_regulates]-> GO:0002471
GO:0002616 -[is_a]-> GO:0002577
GO:0002616 -[regulates]-> GO:0002472
GO:0002617 -[is_a]-> GO:0002578
GO:0002617 -[is_a]-> GO:0002616
GO:0002617 -[negatively_regulates]-> GO:0002472
GO:0002618 -[is_a]-> GO:0002579
GO:0002618 -[is_a]-> GO:0002616
GO:0002618 -[positively_regulates]-> GO:0002472
GO:0002619 -[is_a]-> GO:0002577
GO:0002619 -[regulates]-> GO:0002473
GO:0002620 -[is_a]-> GO:0002578
GO:0002620 -[is_a]-> GO:0002619
GO:0002620 -[negatively_regulates]-> GO:0002473
GO:0002621 -[is_a]-> GO:0002579
GO:0002621 -[is_a]-> GO:0002619
GO:0002621 -[positively_regulates]-> GO:0002473
GO:0002622 -[is_a]-> GO:0002577
GO:0002622 -[is_a]-> GO:0002712
GO:0002622 -[regulates]-> GO:0002450
GO:0002623 -[is_a]-> GO:0002578
GO:0002623 -[is_a]-> GO:0002622
GO:0002623 -[is_a]-> GO:0002713
GO:0002623 -[negatively_regulates]-> GO:0002450
GO:0002624 -[is_a]-> GO:0002579
GO:0002624 -[is_a]-> GO:0002622
GO:0002624 -[is_a]-> GO:0002714
GO:0002624 -[positively_regulates]-> GO:0002450
GO:0002625 -[is_a]-> GO:0002577
GO:0002625 -[is_a]-> GO:0002709
GO:0002625 -[regulates]-> GO:0002457
GO:0002626 -[is_a]-> GO:0002578
GO:0002626 -[is_a]-> GO:0002625
GO:0002626 -[is_a]-> GO:0002710
GO:0002626 -[negatively_regulates]-> GO:0002457
GO:0002627 -[is_a]-> GO:0002579
GO:0002627 -[is_a]-> GO:0002625
GO:0002627 -[is_a]-> GO:0002711
GO:0002627 -[positively_regulates]-> GO:0002457
GO:0002628 -[is_a]-> GO:0002583
GO:0002628 -[is_a]-> GO:1903050
GO:0002628 -[regulates]-> GO:0002496
GO:0002629 -[is_a]-> GO:0002584
GO:0002629 -[is_a]-> GO:0002628
GO:0002629 -[is_a]-> GO:1903051
GO:0002629 -[negatively_regulates]-> GO:0002496
GO:0002630 -[is_a]-> GO:0002585
GO:0002630 -[is_a]-> GO:0002628
GO:0002630 -[is_a]-> GO:1903052
GO:0002630 -[positively_regulates]-> GO:0002496
GO:0002631 -[is_a]-> GO:0002676
GO:0002631 -[is_a]-> GO:0002697
GO:0002631 -[regulates]-> GO:0002432
GO:0002632 -[is_a]-> GO:0002631
GO:0002632 -[is_a]-> GO:0002677
GO:0002632 -[is_a]-> GO:0002698
GO:0002632 -[negatively_regulates]-> GO:0002432
GO:0002633 -[is_a]-> GO:0002631
GO:0002633 -[is_a]-> GO:0002678
GO:0002633 -[is_a]-> GO:0002699
GO:0002633 -[positively_regulates]-> GO:0002432
GO:0002634 -[is_a]-> GO:0002822
GO:0002634 -[is_a]-> GO:0022603
GO:0002634 -[regulates]-> GO:0002467
GO:0002635 -[is_a]-> GO:0002634
GO:0002635 -[is_a]-> GO:0002823
GO:0002635 -[is_a]-> GO:0051093
GO:0002635 -[negatively_regulates]-> GO:0002467
GO:0002636 -[is_a]-> GO:0002634
GO:0002636 -[is_a]-> GO:0002824
GO:0002636 -[is_a]-> GO:0051094
GO:0002636 -[positively_regulates]-> GO:0002467
GO:0002637 -[is_a]-> GO:0002700
GO:0002637 -[regulates]-> GO:0002377
GO:0002638 -[is_a]-> GO:0002637
GO:0002638 -[is_a]-> GO:0002701
GO:0002638 -[negatively_regulates]-> GO:0002377
GO:0002639 -[is_a]-> GO:0002637
GO:0002639 -[is_a]-> GO:0002702
GO:0002639 -[positively_regulates]-> GO:0002377
GO:0002640 -[is_a]-> GO:0002637
GO:0002640 -[is_a]-> GO:0010556
GO:0002640 -[regulates]-> GO:0002378
GO:0002641 -[is_a]-> GO:0002638
GO:0002641 -[is_a]-> GO:0002640
GO:0002641 -[is_a]-> GO:0010558
GO:0002641 -[negatively_regulates]-> GO:0002378
GO:0002642 -[is_a]-> GO:0002639
GO:0002642 -[is_a]-> GO:0002640
GO:0002642 -[is_a]-> GO:0010557
GO:0002642 -[positively_regulates]-> GO:0002378
GO:0002643 -[is_a]-> GO:0002682
GO:0002643 -[is_a]-> GO:2000026
GO:0002643 -[regulates]-> GO:0002507
GO:0002644 -[is_a]-> GO:0002643
GO:0002644 -[is_a]-> GO:0002683
GO:0002644 -[is_a]-> GO:0051093
GO:0002644 -[is_a]-> GO:0051241
GO:0002644 -[negatively_regulates]-> GO:0002507
GO:0002645 -[is_a]-> GO:0002643
GO:0002645 -[is_a]-> GO:0002684
GO:0002645 -[is_a]-> GO:0051094
GO:0002645 -[is_a]-> GO:0051240
GO:0002645 -[positively_regulates]-> GO:0002507
GO:0002646 -[is_a]-> GO:0002643
GO:0002646 -[regulates]-> GO:0002508
GO:0002647 -[is_a]-> GO:0002644
GO:0002647 -[is_a]-> GO:0002646
GO:0002647 -[negatively_regulates]-> GO:0002508
GO:0002648 -[is_a]-> GO:0002645
GO:0002648 -[is_a]-> GO:0002646
GO:0002648 -[positively_regulates]-> GO:0002508
GO:0002649 -[is_a]-> GO:0002643
GO:0002649 -[regulates]-> GO:0002513
GO:0002650 -[is_a]-> GO:0002644
GO:0002650 -[is_a]-> GO:0002649
GO:0002650 -[negatively_regulates]-> GO:0002513
GO:0002651 -[is_a]-> GO:0002645
GO:0002651 -[is_a]-> GO:0002649
GO:0002651 -[positively_regulates]-> GO:0002513
GO:0002652 -[is_a]-> GO:0002643
GO:0002652 -[is_a]-> GO:0002822
GO:0002652 -[regulates]-> GO:0002461
GO:0002653 -[is_a]-> GO:0002644
GO:0002653 -[is_a]-> GO:0002652
GO:0002653 -[is_a]-> GO:0002823
GO:0002653 -[negatively_regulates]-> GO:0002461
GO:0002654 -[is_a]-> GO:0002645
GO:0002654 -[is_a]-> GO:0002652
GO:0002654 -[is_a]-> GO:0002824
GO:0002654 -[positively_regulates]-> GO:0002461
GO:0002655 -[is_a]-> GO:0002652
GO:0002655 -[regulates]-> GO:0002462
GO:0002656 -[is_a]-> GO:0002653
GO:0002656 -[is_a]-> GO:0002655
GO:0002656 -[negatively_regulates]-> GO:0002462
GO:0002657 -[is_a]-> GO:0002654
GO:0002657 -[is_a]-> GO:0002655
GO:0002657 -[positively_regulates]-> GO:0002462
GO:0002658 -[is_a]-> GO:0002652
GO:0002658 -[regulates]-> GO:0002465
GO:0002659 -[is_a]-> GO:0002653
GO:0002659 -[is_a]-> GO:0002658
GO:0002659 -[negatively_regulates]-> GO:0002465
GO:0002660 -[is_a]-> GO:0002654
GO:0002660 -[is_a]-> GO:0002658
GO:0002660 -[positively_regulates]-> GO:0002465
GO:0002661 -[is_a]-> GO:0002643
GO:0002661 -[regulates]-> GO:0002514
GO:0002662 -[is_a]-> GO:0002644
GO:0002662 -[is_a]-> GO:0002661
GO:0002662 -[negatively_regulates]-> GO:0002514
GO:0002663 -[is_a]-> GO:0002645
GO:0002663 -[is_a]-> GO:0002661
GO:0002663 -[positively_regulates]-> GO:0002514
GO:0002664 -[is_a]-> GO:0002643
GO:0002664 -[regulates]-> GO:0002517
GO:0002665 -[is_a]-> GO:0002644
GO:0002665 -[is_a]-> GO:0002664
GO:0002665 -[negatively_regulates]-> GO:0002517
GO:0002666 -[is_a]-> GO:0002645
GO:0002666 -[is_a]-> GO:0002664
GO:0002666 -[positively_regulates]-> GO:0002517
GO:0002667 -[is_a]-> GO:0002664
GO:0002667 -[is_a]-> GO:0002911
GO:0002667 -[regulates]-> GO:0002870
GO:0002668 -[is_a]-> GO:0002665
GO:0002668 -[is_a]-> GO:0002667
GO:0002668 -[is_a]-> GO:0002912
GO:0002668 -[negatively_regulates]-> GO:0002870
GO:0002669 -[is_a]-> GO:0002666
GO:0002669 -[is_a]-> GO:0002667
GO:0002669 -[is_a]-> GO:0002913
GO:0002669 -[positively_regulates]-> GO:0002870
GO:0002670 -[is_a]-> GO:0002661
GO:0002670 -[is_a]-> GO:0002911
GO:0002670 -[regulates]-> GO:0002515
GO:0002671 -[is_a]-> GO:0002662
GO:0002671 -[is_a]-> GO:0002670
GO:0002671 -[is_a]-> GO:0002912
GO:0002671 -[negatively_regulates]-> GO:0002515
GO:0002672 -[is_a]-> GO:0002663
GO:0002672 -[is_a]-> GO:0002670
GO:0002672 -[is_a]-> GO:0002913
GO:0002672 -[positively_regulates]-> GO:0002515
GO:0002673 -[is_a]-> GO:0050727
GO:0002673 -[regulates]-> GO:0002526
GO:0002674 -[is_a]-> GO:0002673
GO:0002674 -[is_a]-> GO:0050728
GO:0002674 -[negatively_regulates]-> GO:0002526
GO:0002675 -[is_a]-> GO:0002673
GO:0002675 -[is_a]-> GO:0050729
GO:0002675 -[positively_regulates]-> GO:0002526
GO:0002676 -[is_a]-> GO:0050727
GO:0002676 -[regulates]-> GO:0002544
GO:0002677 -[is_a]-> GO:0002676
GO:0002677 -[is_a]-> GO:0050728
GO:0002677 -[negatively_regulates]-> GO:0002544
GO:0002678 -[is_a]-> GO:0002676
GO:0002678 -[is_a]-> GO:0050729
GO:0002678 -[positively_regulates]-> GO:0002544
GO:0002679 -[is_a]-> GO:0002252
GO:0002679 -[is_a]-> GO:0045730
GO:0002679 -[part_of]-> GO:0006952
GO:0002680 -[is_a]-> GO:0045165
GO:0002680 -[part_of]-> GO:0002572
GO:0002681 -[is_a]-> GO:0002562
GO:0002681 -[is_a]-> GO:0002568
GO:0002682 -[is_a]-> GO:0050789
GO:0002682 -[regulates]-> GO:0002376
GO:0002683 -[is_a]-> GO:0002682
GO:0002683 -[is_a]-> GO:0048519
GO:0002683 -[negatively_regulates]-> GO:0002376
GO:0002684 -[is_a]-> GO:0002682
GO:0002684 -[is_a]-> GO:0048518
GO:0002684 -[positively_regulates]-> GO:0002376
GO:0002685 -[is_a]-> GO:0002682
GO:0002685 -[is_a]-> GO:0030334
GO:0002685 -[regulates]-> GO:0050900
GO:0002686 -[is_a]-> GO:0002683
GO:0002686 -[is_a]-> GO:0002685
GO:0002686 -[is_a]-> GO:0030336
GO:0002686 -[negatively_regulates]-> GO:0050900
GO:0002687 -[is_a]-> GO:0002684
GO:0002687 -[is_a]-> GO:0002685
GO:0002687 -[is_a]-> GO:0030335
GO:0002687 -[positively_regulates]-> GO:0050900
GO:0002688 -[is_a]-> GO:0002685
GO:0002688 -[is_a]-> GO:0050920
GO:0002688 -[regulates]-> GO:0030595
GO:0002689 -[is_a]-> GO:0002686
GO:0002689 -[is_a]-> GO:0002688
GO:0002689 -[is_a]-> GO:0050922
GO:0002689 -[negatively_regulates]-> GO:0030595
GO:0002690 -[is_a]-> GO:0002687
GO:0002690 -[is_a]-> GO:0002688
GO:0002690 -[is_a]-> GO:0050921
GO:0002690 -[positively_regulates]-> GO:0030595
GO:0002691 -[is_a]-> GO:0002685
GO:0002691 -[regulates]-> GO:0045123
GO:0002692 -[is_a]-> GO:0002686
GO:0002692 -[is_a]-> GO:0002691
GO:0002692 -[negatively_regulates]-> GO:0045123
GO:0002693 -[is_a]-> GO:0002687
GO:0002693 -[is_a]-> GO:0002691
GO:0002693 -[positively_regulates]-> GO:0045123
GO:0002694 -[is_a]-> GO:0002682
GO:0002694 -[is_a]-> GO:0050865
GO:0002694 -[regulates]-> GO:0045321
GO:0002695 -[is_a]-> GO:0002683
GO:0002695 -[is_a]-> GO:0002694
GO:0002695 -[is_a]-> GO:0050866
GO:0002695 -[negatively_regulates]-> GO:0045321
GO:0002696 -[is_a]-> GO:0002684
GO:0002696 -[is_a]-> GO:0002694
GO:0002696 -[is_a]-> GO:0050867
GO:0002696 -[positively_regulates]-> GO:0045321
GO:0002697 -[is_a]-> GO:0002682
GO:0002697 -[regulates]-> GO:0002252
GO:0002698 -[is_a]-> GO:0002683
GO:0002698 -[is_a]-> GO:0002697
GO:0002698 -[negatively_regulates]-> GO:0002252
GO:0002699 -[is_a]-> GO:0002684
GO:0002699 -[is_a]-> GO:0002697
GO:0002699 -[positively_regulates]-> GO:0002252
GO:0002700 -[is_a]-> GO:0002697
GO:0002700 -[regulates]-> GO:0002440
GO:0002701 -[is_a]-> GO:0002698
GO:0002701 -[is_a]-> GO:0002700
GO:0002701 -[negatively_regulates]-> GO:0002440
GO:0002702 -[is_a]-> GO:0002699
GO:0002702 -[is_a]-> GO:0002700
GO:0002702 -[positively_regulates]-> GO:0002440
GO:0002703 -[is_a]-> GO:0002697
GO:0002703 -[regulates]-> GO:0002443
GO:0002704 -[is_a]-> GO:0002698
GO:0002704 -[is_a]-> GO:0002703
GO:0002704 -[negatively_regulates]-> GO:0002443
GO:0002705 -[is_a]-> GO:0002699
GO:0002705 -[is_a]-> GO:0002703
GO:0002705 -[positively_regulates]-> GO:0002443
GO:0002706 -[is_a]-> GO:0002703
GO:0002706 -[regulates]-> GO:0002449
GO:0002707 -[is_a]-> GO:0002704
GO:0002707 -[is_a]-> GO:0002706
GO:0002707 -[negatively_regulates]-> GO:0002449
GO:0002708 -[is_a]-> GO:0002705
GO:0002708 -[is_a]-> GO:0002706
GO:0002708 -[positively_regulates]-> GO:0002449
GO:0002709 -[is_a]-> GO:0002706
GO:0002709 -[is_a]-> GO:0002822
GO:0002709 -[regulates]-> GO:0002456
GO:0002710 -[is_a]-> GO:0002707
GO:0002710 -[is_a]-> GO:0002709
GO:0002710 -[is_a]-> GO:0002823
GO:0002710 -[negatively_regulates]-> GO:0002456
GO:0002711 -[is_a]-> GO:0002708
GO:0002711 -[is_a]-> GO:0002709
GO:0002711 -[is_a]-> GO:0002824
GO:0002711 -[positively_regulates]-> GO:0002456
GO:0002712 -[is_a]-> GO:0002706
GO:0002712 -[is_a]-> GO:0002822
GO:0002712 -[regulates]-> GO:0019724
GO:0002713 -[is_a]-> GO:0002707
GO:0002713 -[is_a]-> GO:0002712
GO:0002713 -[is_a]-> GO:0002823
GO:0002713 -[negatively_regulates]-> GO:0019724
GO:0002714 -[is_a]-> GO:0002708
GO:0002714 -[is_a]-> GO:0002712
GO:0002714 -[is_a]-> GO:0002824
GO:0002714 -[positively_regulates]-> GO:0019724
GO:0002715 -[is_a]-> GO:0002706
GO:0002715 -[is_a]-> GO:0045088
GO:0002715 -[regulates]-> GO:0002228
GO:0002716 -[is_a]-> GO:0002707
GO:0002716 -[is_a]-> GO:0002715
GO:0002716 -[is_a]-> GO:0045824
GO:0002716 -[negatively_regulates]-> GO:0002228
GO:0002717 -[is_a]-> GO:0002708
GO:0002717 -[is_a]-> GO:0002715
GO:0002717 -[is_a]-> GO:0045089
GO:0002717 -[positively_regulates]-> GO:0002228
GO:0002718 -[is_a]-> GO:0001817
GO:0002718 -[is_a]-> GO:0002700
GO:0002718 -[is_a]-> GO:0050776
GO:0002718 -[regulates]-> GO:0002367
GO:0002719 -[is_a]-> GO:0001818
GO:0002719 -[is_a]-> GO:0002701
GO:0002719 -[is_a]-> GO:0002718
GO:0002719 -[is_a]-> GO:0050777
GO:0002719 -[negatively_regulates]-> GO:0002367
GO:0002720 -[is_a]-> GO:0001819
GO:0002720 -[is_a]-> GO:0002702
GO:0002720 -[is_a]-> GO:0002718
GO:0002720 -[is_a]-> GO:0050778
GO:0002720 -[positively_regulates]-> GO:0002367
GO:0002721 -[is_a]-> GO:0002712
GO:0002721 -[is_a]-> GO:0002718
GO:0002721 -[regulates]-> GO:0002368
GO:0002722 -[is_a]-> GO:0002713
GO:0002722 -[is_a]-> GO:0002719
GO:0002722 -[is_a]-> GO:0002721
GO:0002722 -[negatively_regulates]-> GO:0002368
GO:0002723 -[is_a]-> GO:0002714
GO:0002723 -[is_a]-> GO:0002720
GO:0002723 -[is_a]-> GO:0002721
GO:0002723 -[positively_regulates]-> GO:0002368
GO:0002724 -[is_a]-> GO:0002709
GO:0002724 -[is_a]-> GO:0002718
GO:0002724 -[regulates]-> GO:0002369
GO:0002725 -[is_a]-> GO:0002710
GO:0002725 -[is_a]-> GO:0002719
GO:0002725 -[is_a]-> GO:0002724
GO:0002725 -[negatively_regulates]-> GO:0002369
GO:0002726 -[is_a]-> GO:0002711
GO:0002726 -[is_a]-> GO:0002720
GO:0002726 -[is_a]-> GO:0002724
GO:0002726 -[positively_regulates]-> GO:0002369
GO:0002727 -[is_a]-> GO:0002715
GO:0002727 -[is_a]-> GO:0002718
GO:0002727 -[regulates]-> GO:0002370
GO:0002728 -[is_a]-> GO:0002716
GO:0002728 -[is_a]-> GO:0002719
GO:0002728 -[is_a]-> GO:0002727
GO:0002728 -[negatively_regulates]-> GO:0002370
GO:0002729 -[is_a]-> GO:0002717
GO:0002729 -[is_a]-> GO:0002720
GO:0002729 -[is_a]-> GO:0002727
GO:0002729 -[positively_regulates]-> GO:0002370
GO:0002730 -[is_a]-> GO:0002703
GO:0002730 -[is_a]-> GO:0002718
GO:0002730 -[regulates]-> GO:0002371
GO:0002731 -[is_a]-> GO:0002704
GO:0002731 -[is_a]-> GO:0002719
GO:0002731 -[is_a]-> GO:0002730
GO:0002731 -[negatively_regulates]-> GO:0002371
GO:0002732 -[is_a]-> GO:0002705
GO:0002732 -[is_a]-> GO:0002720
GO:0002732 -[is_a]-> GO:0002730
GO:0002732 -[positively_regulates]-> GO:0002371
GO:0002733 -[is_a]-> GO:0002730
GO:0002733 -[is_a]-> GO:0002886
GO:0002733 -[regulates]-> GO:0002372
GO:0002734 -[is_a]-> GO:0002731
GO:0002734 -[is_a]-> GO:0002733
GO:0002734 -[is_a]-> GO:0002887
GO:0002734 -[negatively_regulates]-> GO:0002372
GO:0002735 -[is_a]-> GO:0002732
GO:0002735 -[is_a]-> GO:0002733
GO:0002735 -[is_a]-> GO:0002888
GO:0002735 -[is_a]-> GO:0061081
GO:0002735 -[positively_regulates]-> GO:0002372
GO:0002736 -[is_a]-> GO:0002730
GO:0002736 -[regulates]-> GO:0002373
GO:0002737 -[is_a]-> GO:0002731
GO:0002737 -[is_a]-> GO:0002736
GO:0002737 -[negatively_regulates]-> GO:0002373
GO:0002738 -[is_a]-> GO:0002732
GO:0002738 -[is_a]-> GO:0002736
GO:0002738 -[positively_regulates]-> GO:0002373
GO:0002739 -[is_a]-> GO:0002718
GO:0002739 -[is_a]-> GO:0050707
GO:0002739 -[regulates]-> GO:0002374
GO:0002740 -[is_a]-> GO:0002719
GO:0002740 -[is_a]-> GO:0002739
GO:0002740 -[is_a]-> GO:0050710
GO:0002740 -[negatively_regulates]-> GO:0002374
GO:0002741 -[is_a]-> GO:0002720
GO:0002741 -[is_a]-> GO:0002739
GO:0002741 -[is_a]-> GO:0050715
GO:0002741 -[positively_regulates]-> GO:0002374
GO:0002742 -[is_a]-> GO:0002718
GO:0002742 -[is_a]-> GO:0042035
GO:0002742 -[regulates]-> GO:0002375
GO:0002743 -[is_a]-> GO:0002719
GO:0002743 -[is_a]-> GO:0002742
GO:0002743 -[is_a]-> GO:0042036
GO:0002743 -[negatively_regulates]-> GO:0002375
GO:0002744 -[is_a]-> GO:0002720
GO:0002744 -[is_a]-> GO:0002742
GO:0002744 -[is_a]-> GO:0042108
GO:0002744 -[positively_regulates]-> GO:0002375
GO:0002745 -[is_a]-> GO:0019882
GO:0002746 -[is_a]-> GO:0019882
GO:0002747 -[is_a]-> GO:0019882
GO:0002748 -[is_a]-> GO:0002745
GO:0002749 -[is_a]-> GO:0002747
GO:0002749 -[is_a]-> GO:0002748
GO:0002750 -[is_a]-> GO:0002746
GO:0002751 -[is_a]-> GO:0002745
GO:0002752 -[is_a]-> GO:0002220
GO:0002752 -[is_a]-> GO:0002221
GO:0002753 -[is_a]-> GO:0002221
GO:0002753 -[is_a]-> GO:0030522
GO:0002753 -[is_a]-> GO:0035556
GO:0002753 -[occurs_in]-> GO:0005737
GO:0002754 -[is_a]-> GO:0002221
GO:0002754 -[is_a]-> GO:0030522
GO:0002755 -[is_a]-> GO:0002224
GO:0002756 -[is_a]-> GO:0002224
GO:0002757 -[is_a]-> GO:0002253
GO:0002757 -[is_a]-> GO:0002764
GO:0002758 -[is_a]-> GO:0002218
GO:0002758 -[is_a]-> GO:0002757
GO:0002759 -[is_a]-> GO:0002831
GO:0002759 -[is_a]-> GO:0002920
GO:0002759 -[is_a]-> GO:0032101
GO:0002759 -[is_a]-> GO:0043900
GO:0002759 -[regulates]-> GO:0019730
GO:0002760 -[is_a]-> GO:0002759
GO:0002760 -[is_a]-> GO:0002833
GO:0002760 -[is_a]-> GO:0002922
GO:0002760 -[is_a]-> GO:0032103
GO:0002760 -[is_a]-> GO:0043902
GO:0002760 -[positively_regulates]-> GO:0019730
GO:0002761 -[is_a]-> GO:0045637
GO:0002761 -[is_a]-> GO:1902105
GO:0002761 -[regulates]-> GO:0002573
GO:0002762 -[is_a]-> GO:0002761
GO:0002762 -[is_a]-> GO:0045638
GO:0002762 -[is_a]-> GO:1902106
GO:0002762 -[negatively_regulates]-> GO:0002573
GO:0002763 -[is_a]-> GO:0002761
GO:0002763 -[is_a]-> GO:0045639
GO:0002763 -[is_a]-> GO:1902107
GO:0002763 -[positively_regulates]-> GO:0002573
GO:0002764 -[is_a]-> GO:0007165
GO:0002764 -[is_a]-> GO:0050776
GO:0002765 -[is_a]-> GO:0002764
GO:0002766 -[is_a]-> GO:0002765
GO:0002767 -[is_a]-> GO:0002765
GO:0002767 -[is_a]-> GO:0002768
GO:0002768 -[is_a]-> GO:0002764
GO:0002768 -[is_a]-> GO:0007166
GO:0002769 -[is_a]-> GO:0002767
GO:0002770 -[is_a]-> GO:0002767
GO:0002771 -[is_a]-> GO:0002767
GO:0002772 -[is_a]-> GO:0002767
GO:0002773 -[is_a]-> GO:0002767
GO:0002774 -[is_a]-> GO:0002767
GO:0002775 -[is_a]-> GO:0002440
GO:0002775 -[part_of]-> GO:0019730
GO:0002776 -[is_a]-> GO:0002790
GO:0002776 -[part_of]-> GO:0002775
GO:0002777 -[is_a]-> GO:0043043
GO:0002777 -[part_of]-> GO:0002775
GO:0002778 -[is_a]-> GO:0002775
GO:0002778 -[part_of]-> GO:0019731
GO:0002779 -[is_a]-> GO:0002776
GO:0002779 -[part_of]-> GO:0002778
GO:0002780 -[is_a]-> GO:0002777
GO:0002780 -[part_of]-> GO:0002778
GO:0002781 -[is_a]-> GO:0002775
GO:0002781 -[part_of]-> GO:0019732
GO:0002782 -[is_a]-> GO:0002776
GO:0002782 -[part_of]-> GO:0002781
GO:0002783 -[is_a]-> GO:0002777
GO:0002783 -[part_of]-> GO:0002781
GO:0002784 -[is_a]-> GO:0002700
GO:0002784 -[is_a]-> GO:0002759
GO:0002784 -[regulates]-> GO:0002775
GO:0002785 -[is_a]-> GO:0002701
GO:0002785 -[is_a]-> GO:0002784
GO:0002785 -[is_a]-> GO:0008348
GO:0002785 -[negatively_regulates]-> GO:0002775
GO:0002786 -[is_a]-> GO:0002784
GO:0002786 -[is_a]-> GO:1900424
GO:0002786 -[regulates]-> GO:0002778
GO:0002787 -[is_a]-> GO:0002785
GO:0002787 -[is_a]-> GO:0002786
GO:0002787 -[is_a]-> GO:1900425
GO:0002787 -[negatively_regulates]-> GO:0002778
GO:0002788 -[is_a]-> GO:0002784
GO:0002788 -[is_a]-> GO:1900150
GO:0002788 -[regulates]-> GO:0002781
GO:0002789 -[is_a]-> GO:0002785
GO:0002789 -[is_a]-> GO:0002788
GO:0002789 -[is_a]-> GO:0031348
GO:0002789 -[negatively_regulates]-> GO:0002781
GO:0002790 -[is_a]-> GO:0015833
GO:0002790 -[is_a]-> GO:0046903
GO:0002791 -[is_a]-> GO:0051046
GO:0002791 -[is_a]-> GO:0090087
GO:0002791 -[regulates]-> GO:0002790
GO:0002792 -[is_a]-> GO:0002791
GO:0002792 -[is_a]-> GO:0051048
GO:0002792 -[negatively_regulates]-> GO:0002790
GO:0002793 -[is_a]-> GO:0002791
GO:0002793 -[is_a]-> GO:0051047
GO:0002793 -[positively_regulates]-> GO:0002790
GO:0002794 -[is_a]-> GO:0002784
GO:0002794 -[is_a]-> GO:0002791
GO:0002794 -[regulates]-> GO:0002776
GO:0002795 -[is_a]-> GO:0002785
GO:0002795 -[is_a]-> GO:0002792
GO:0002795 -[is_a]-> GO:0002794
GO:0002795 -[negatively_regulates]-> GO:0002776
GO:0002796 -[is_a]-> GO:0002225
GO:0002796 -[is_a]-> GO:0002793
GO:0002796 -[is_a]-> GO:0002794
GO:0002796 -[positively_regulates]-> GO:0002776
GO:0002797 -[is_a]-> GO:0002786
GO:0002797 -[is_a]-> GO:0002794
GO:0002797 -[regulates]-> GO:0002779
GO:0002798 -[is_a]-> GO:0002787
GO:0002798 -[is_a]-> GO:0002795
GO:0002798 -[is_a]-> GO:0002797
GO:0002798 -[negatively_regulates]-> GO:0002779
GO:0002799 -[is_a]-> GO:0002796
GO:0002799 -[is_a]-> GO:0002797
GO:0002799 -[is_a]-> GO:0002803
GO:0002799 -[positively_regulates]-> GO:0002779
GO:0002800 -[is_a]-> GO:0002788
GO:0002800 -[is_a]-> GO:0002794
GO:0002800 -[regulates]-> GO:0002782
GO:0002801 -[is_a]-> GO:0002789
GO:0002801 -[is_a]-> GO:0002795
GO:0002801 -[is_a]-> GO:0002800
GO:0002801 -[negatively_regulates]-> GO:0002782
GO:0002802 -[is_a]-> GO:0002796
GO:0002802 -[is_a]-> GO:0002800
GO:0002802 -[is_a]-> GO:0002804
GO:0002802 -[positively_regulates]-> GO:0002782
GO:0002803 -[is_a]-> GO:0002225
GO:0002803 -[is_a]-> GO:0002786
GO:0002803 -[is_a]-> GO:1900426
GO:0002803 -[positively_regulates]-> GO:0002778
GO:0002804 -[is_a]-> GO:0002225
GO:0002804 -[is_a]-> GO:0002788
GO:0002804 -[is_a]-> GO:0031349
GO:0002804 -[positively_regulates]-> GO:0002781
GO:0002805 -[is_a]-> GO:0002784
GO:0002805 -[is_a]-> GO:0031326
GO:0002805 -[is_a]-> GO:0034248
GO:0002805 -[regulates]-> GO:0002777
GO:0002806 -[is_a]-> GO:0002785
GO:0002806 -[is_a]-> GO:0002805
GO:0002806 -[is_a]-> GO:0031327
GO:0002806 -[is_a]-> GO:0034249
GO:0002806 -[negatively_regulates]-> GO:0002777
GO:0002807 -[is_a]-> GO:0002225
GO:0002807 -[is_a]-> GO:0002805
GO:0002807 -[is_a]-> GO:0031328
GO:0002807 -[is_a]-> GO:0034250
GO:0002807 -[positively_regulates]-> GO:0002777
GO:0002808 -[is_a]-> GO:0002786
GO:0002808 -[is_a]-> GO:0002805
GO:0002808 -[regulates]-> GO:0002780
GO:0002809 -[is_a]-> GO:0002787
GO:0002809 -[is_a]-> GO:0002806
GO:0002809 -[is_a]-> GO:0002808
GO:0002809 -[negatively_regulates]-> GO:0002780
GO:0002810 -[is_a]-> GO:0002788
GO:0002810 -[is_a]-> GO:0002805
GO:0002810 -[regulates]-> GO:0002783
GO:0002811 -[is_a]-> GO:0002789
GO:0002811 -[is_a]-> GO:0002806
GO:0002811 -[is_a]-> GO:0002810
GO:0002811 -[negatively_regulates]-> GO:0002783
GO:0002812 -[is_a]-> GO:0002780
GO:0002812 -[part_of]-> GO:0050829
GO:0002813 -[is_a]-> GO:0002808
GO:0002813 -[regulates]-> GO:0002812
GO:0002814 -[is_a]-> GO:0002809
GO:0002814 -[is_a]-> GO:0002813
GO:0002814 -[negatively_regulates]-> GO:0002812
GO:0002815 -[is_a]-> GO:0002780
GO:0002815 -[part_of]-> GO:0050830
GO:0002816 -[is_a]-> GO:0002808
GO:0002816 -[regulates]-> GO:0002815
GO:0002817 -[is_a]-> GO:0002809
GO:0002817 -[is_a]-> GO:0002816
GO:0002817 -[negatively_regulates]-> GO:0002815
GO:0002818 -[is_a]-> GO:0006968
GO:0002818 -[is_a]-> GO:0033554
GO:0002818 -[occurs_in]-> GO:0005622
GO:0002819 -[is_a]-> GO:0050776
GO:0002819 -[regulates]-> GO:0002250
GO:0002820 -[is_a]-> GO:0002819
GO:0002820 -[is_a]-> GO:0050777
GO:0002820 -[negatively_regulates]-> GO:0002250
GO:0002821 -[is_a]-> GO:0002819
GO:0002821 -[is_a]-> GO:0050778
GO:0002821 -[positively_regulates]-> GO:0002250
GO:0002822 -[is_a]-> GO:0002819
GO:0002822 -[regulates]-> GO:0002460
GO:0002823 -[is_a]-> GO:0002820
GO:0002823 -[is_a]-> GO:0002822
GO:0002823 -[negatively_regulates]-> GO:0002460
GO:0002824 -[is_a]-> GO:0002821
GO:0002824 -[is_a]-> GO:0002822
GO:0002824 -[positively_regulates]-> GO:0002460
GO:0002825 -[is_a]-> GO:0002822
GO:0002825 -[regulates]-> GO:0042088
GO:0002826 -[is_a]-> GO:0002823
GO:0002826 -[is_a]-> GO:0002825
GO:0002826 -[negatively_regulates]-> GO:0042088
GO:0002827 -[is_a]-> GO:0002824
GO:0002827 -[is_a]-> GO:0002825
GO:0002827 -[positively_regulates]-> GO:0042088
GO:0002828 -[is_a]-> GO:0050776
GO:0002828 -[regulates]-> GO:0042092
GO:0002829 -[is_a]-> GO:0002828
GO:0002829 -[is_a]-> GO:0050777
GO:0002829 -[negatively_regulates]-> GO:0042092
GO:0002830 -[is_a]-> GO:0002828
GO:0002830 -[is_a]-> GO:0050778
GO:0002830 -[positively_regulates]-> GO:0042092
GO:0002831 -[is_a]-> GO:0048583
GO:0002831 -[regulates]-> GO:0009607
GO:0002832 -[is_a]-> GO:0002831
GO:0002832 -[is_a]-> GO:0048585
GO:0002832 -[negatively_regulates]-> GO:0009607
GO:0002833 -[is_a]-> GO:0002831
GO:0002833 -[is_a]-> GO:0048584
GO:0002833 -[positively_regulates]-> GO:0009607
GO:0002834 -[is_a]-> GO:0002831
GO:0002834 -[regulates]-> GO:0002347
GO:0002835 -[is_a]-> GO:0002832
GO:0002835 -[is_a]-> GO:0002834
GO:0002835 -[negatively_regulates]-> GO:0002347
GO:0002836 -[is_a]-> GO:0002833
GO:0002836 -[is_a]-> GO:0002834
GO:0002836 -[positively_regulates]-> GO:0002347
GO:0002837 -[is_a]-> GO:0002834
GO:0002837 -[is_a]-> GO:0050776
GO:0002837 -[regulates]-> GO:0002418
GO:0002838 -[is_a]-> GO:0002835
GO:0002838 -[is_a]-> GO:0002837
GO:0002838 -[is_a]-> GO:0050777
GO:0002838 -[negatively_regulates]-> GO:0002418
GO:0002839 -[is_a]-> GO:0002836
GO:0002839 -[is_a]-> GO:0002837
GO:0002839 -[is_a]-> GO:0050778
GO:0002839 -[positively_regulates]-> GO:0002418
GO:0002840 -[is_a]-> GO:0002709
GO:0002840 -[is_a]-> GO:0002837
GO:0002840 -[regulates]-> GO:0002424
GO:0002841 -[is_a]-> GO:0002710
GO:0002841 -[is_a]-> GO:0002838
GO:0002841 -[is_a]-> GO:0002840
GO:0002841 -[negatively_regulates]-> GO:0002424
GO:0002842 -[is_a]-> GO:0002711
GO:0002842 -[is_a]-> GO:0002839
GO:0002842 -[is_a]-> GO:0002840
GO:0002842 -[positively_regulates]-> GO:0002424
GO:0002843 -[is_a]-> GO:0002658
GO:0002843 -[is_a]-> GO:0002837
GO:0002843 -[regulates]-> GO:0002413
GO:0002844 -[is_a]-> GO:0002659
GO:0002844 -[is_a]-> GO:0002838
GO:0002844 -[is_a]-> GO:0002843
GO:0002844 -[negatively_regulates]-> GO:0002413
GO:0002845 -[is_a]-> GO:0002660
GO:0002845 -[is_a]-> GO:0002839
GO:0002845 -[is_a]-> GO:0002843
GO:0002845 -[positively_regulates]-> GO:0002413
GO:0002846 -[is_a]-> GO:0002840
GO:0002846 -[is_a]-> GO:0002843
GO:0002846 -[is_a]-> GO:0002849
GO:0002846 -[regulates]-> GO:0002411
GO:0002847 -[is_a]-> GO:0002841
GO:0002847 -[is_a]-> GO:0002844
GO:0002847 -[is_a]-> GO:0002846
GO:0002847 -[is_a]-> GO:0002850
GO:0002847 -[negatively_regulates]-> GO:0002411
GO:0002848 -[is_a]-> GO:0002842
GO:0002848 -[is_a]-> GO:0002845
GO:0002848 -[is_a]-> GO:0002846
GO:0002848 -[is_a]-> GO:0002851
GO:0002848 -[positively_regulates]-> GO:0002411
GO:0002849 -[is_a]-> GO:0002658
GO:0002849 -[is_a]-> GO:0002664
GO:0002849 -[is_a]-> GO:0002709
GO:0002849 -[regulates]-> GO:0002458
GO:0002850 -[is_a]-> GO:0002659
GO:0002850 -[is_a]-> GO:0002665
GO:0002850 -[is_a]-> GO:0002710
GO:0002850 -[is_a]-> GO:0002849
GO:0002850 -[negatively_regulates]-> GO:0002458
GO:0002851 -[is_a]-> GO:0002660
GO:0002851 -[is_a]-> GO:0002666
GO:0002851 -[is_a]-> GO:0002711
GO:0002851 -[is_a]-> GO:0002849
GO:0002851 -[positively_regulates]-> GO:0002458
GO:0002852 -[is_a]-> GO:0001914
GO:0002852 -[is_a]-> GO:0002840
GO:0002852 -[regulates]-> GO:0002419
GO:0002853 -[is_a]-> GO:0001915
GO:0002853 -[is_a]-> GO:0002841
GO:0002853 -[is_a]-> GO:0002852
GO:0002853 -[negatively_regulates]-> GO:0002419
GO:0002854 -[is_a]-> GO:0001916
GO:0002854 -[is_a]-> GO:0002842
GO:0002854 -[is_a]-> GO:0002852
GO:0002854 -[positively_regulates]-> GO:0002419
GO:0002855 -[is_a]-> GO:0002715
GO:0002855 -[is_a]-> GO:0002837
GO:0002855 -[regulates]-> GO:0002423
GO:0002856 -[is_a]-> GO:0002716
GO:0002856 -[is_a]-> GO:0002838
GO:0002856 -[is_a]-> GO:0002855
GO:0002856 -[negatively_regulates]-> GO:0002423
GO:0002857 -[is_a]-> GO:0002717
GO:0002857 -[is_a]-> GO:0002839
GO:0002857 -[is_a]-> GO:0002855
GO:0002857 -[positively_regulates]-> GO:0002423
GO:0002858 -[is_a]-> GO:0002855
GO:0002858 -[is_a]-> GO:0042269
GO:0002858 -[regulates]-> GO:0002420
GO:0002859 -[is_a]-> GO:0002856
GO:0002859 -[is_a]-> GO:0002858
GO:0002859 -[is_a]-> GO:0045953
GO:0002859 -[negatively_regulates]-> GO:0002420
GO:0002860 -[is_a]-> GO:0002857
GO:0002860 -[is_a]-> GO:0002858
GO:0002860 -[is_a]-> GO:0045954
GO:0002860 -[positively_regulates]-> GO:0002420
GO:0002861 -[is_a]-> GO:0050727
GO:0002861 -[is_a]-> GO:0050776
GO:0002861 -[regulates]-> GO:0002437
GO:0002862 -[is_a]-> GO:0002861
GO:0002862 -[is_a]-> GO:0050728
GO:0002862 -[is_a]-> GO:0050777
GO:0002862 -[negatively_regulates]-> GO:0002437
GO:0002863 -[is_a]-> GO:0002861
GO:0002863 -[is_a]-> GO:0050729
GO:0002863 -[is_a]-> GO:0050778
GO:0002863 -[positively_regulates]-> GO:0002437
GO:0002864 -[is_a]-> GO:0002673
GO:0002864 -[is_a]-> GO:0002861
GO:0002864 -[regulates]-> GO:0002438
GO:0002865 -[is_a]-> GO:0002674
GO:0002865 -[is_a]-> GO:0002862
GO:0002865 -[is_a]-> GO:0002864
GO:0002865 -[negatively_regulates]-> GO:0002438
GO:0002866 -[is_a]-> GO:0002675
GO:0002866 -[is_a]-> GO:0002863
GO:0002866 -[is_a]-> GO:0002864
GO:0002866 -[positively_regulates]-> GO:0002438
GO:0002867 -[is_a]-> GO:0002661
GO:0002867 -[is_a]-> GO:0002902
GO:0002867 -[is_a]-> GO:1904748
GO:0002867 -[regulates]-> GO:0002516
GO:0002868 -[is_a]-> GO:0002662
GO:0002868 -[is_a]-> GO:0002673
GO:0002868 -[is_a]-> GO:0002867
GO:0002868 -[is_a]-> GO:0002903
GO:0002868 -[is_a]-> GO:1904746
GO:0002868 -[negatively_regulates]-> GO:0002516
GO:0002869 -[is_a]-> GO:0002663
GO:0002869 -[is_a]-> GO:0002673
GO:0002869 -[is_a]-> GO:0002867
GO:0002869 -[is_a]-> GO:0002904
GO:0002869 -[is_a]-> GO:1904747
GO:0002869 -[positively_regulates]-> GO:0002516
GO:0002870 -[is_a]-> GO:0002249
GO:0002870 -[is_a]-> GO:0002517
GO:0002871 -[is_a]-> GO:0002643
GO:0002871 -[regulates]-> GO:0002519
GO:0002872 -[is_a]-> GO:0002644
GO:0002872 -[is_a]-> GO:0002673
GO:0002872 -[is_a]-> GO:0002871
GO:0002872 -[negatively_regulates]-> GO:0002519
GO:0002873 -[is_a]-> GO:0002645
GO:0002873 -[is_a]-> GO:0002673
GO:0002873 -[is_a]-> GO:0002871
GO:0002873 -[positively_regulates]-> GO:0002519
GO:0002874 -[is_a]-> GO:0002676
GO:0002874 -[is_a]-> GO:0002861
GO:0002874 -[regulates]-> GO:0002439
GO:0002875 -[is_a]-> GO:0002677
GO:0002875 -[is_a]-> GO:0002862
GO:0002875 -[is_a]-> GO:0002874
GO:0002875 -[negatively_regulates]-> GO:0002439
GO:0002876 -[is_a]-> GO:0002678
GO:0002876 -[is_a]-> GO:0002863
GO:0002876 -[is_a]-> GO:0002874
GO:0002876 -[positively_regulates]-> GO:0002439
GO:0002877 -[is_a]-> GO:0002673
GO:0002877 -[regulates]-> GO:0002525
GO:0002878 -[is_a]-> GO:0002674
GO:0002878 -[is_a]-> GO:0002877
GO:0002878 -[negatively_regulates]-> GO:0002525
GO:0002879 -[is_a]-> GO:0002675
GO:0002879 -[is_a]-> GO:0002877
GO:0002879 -[positively_regulates]-> GO:0002525
GO:0002880 -[is_a]-> GO:0002676
GO:0002880 -[regulates]-> GO:0002545
GO:0002881 -[is_a]-> GO:0002677
GO:0002881 -[is_a]-> GO:0002880
GO:0002881 -[negatively_regulates]-> GO:0002545
GO:0002882 -[is_a]-> GO:0002678
GO:0002882 -[is_a]-> GO:0002880
GO:0002882 -[positively_regulates]-> GO:0002545
GO:0002883 -[is_a]-> GO:0002864
GO:0002883 -[regulates]-> GO:0002524
GO:0002884 -[is_a]-> GO:0002865
GO:0002884 -[is_a]-> GO:0002883
GO:0002884 -[negatively_regulates]-> GO:0002524
GO:0002885 -[is_a]-> GO:0002866
GO:0002885 -[is_a]-> GO:0002883
GO:0002885 -[positively_regulates]-> GO:0002524
GO:0002886 -[is_a]-> GO:0002703
GO:0002886 -[regulates]-> GO:0002444
GO:0002887 -[is_a]-> GO:0002704
GO:0002887 -[is_a]-> GO:0002886
GO:0002887 -[negatively_regulates]-> GO:0002444
GO:0002888 -[is_a]-> GO:0002705
GO:0002888 -[is_a]-> GO:0002886
GO:0002888 -[positively_regulates]-> GO:0002444
GO:0002889 -[is_a]-> GO:0002712
GO:0002889 -[regulates]-> GO:0016064
GO:0002890 -[is_a]-> GO:0002713
GO:0002890 -[is_a]-> GO:0002889
GO:0002890 -[negatively_regulates]-> GO:0016064
GO:0002891 -[is_a]-> GO:0002714
GO:0002891 -[is_a]-> GO:0002889
GO:0002891 -[positively_regulates]-> GO:0016064
GO:0002892 -[is_a]-> GO:0002883
GO:0002892 -[is_a]-> GO:0002886
GO:0002892 -[is_a]-> GO:0002889
GO:0002892 -[regulates]-> GO:0002445
GO:0002893 -[is_a]-> GO:0002884
GO:0002893 -[is_a]-> GO:0002887
GO:0002893 -[is_a]-> GO:0002890
GO:0002893 -[is_a]-> GO:0002892
GO:0002893 -[negatively_regulates]-> GO:0002445
GO:0002894 -[is_a]-> GO:0002885
GO:0002894 -[is_a]-> GO:0002888
GO:0002894 -[is_a]-> GO:0002891
GO:0002894 -[is_a]-> GO:0002892
GO:0002894 -[positively_regulates]-> GO:0002445
GO:0002895 -[is_a]-> GO:0002646
GO:0002895 -[is_a]-> GO:0002661
GO:0002895 -[regulates]-> GO:0002510
GO:0002896 -[is_a]-> GO:0002647
GO:0002896 -[is_a]-> GO:0002662
GO:0002896 -[is_a]-> GO:0002895
GO:0002896 -[negatively_regulates]-> GO:0002510
GO:0002897 -[is_a]-> GO:0002648
GO:0002897 -[is_a]-> GO:0002663
GO:0002897 -[is_a]-> GO:0002895
GO:0002897 -[positively_regulates]-> GO:0002510
GO:0002898 -[is_a]-> GO:0002867
GO:0002898 -[is_a]-> GO:0002895
GO:0002898 -[is_a]-> GO:0045577
GO:0002898 -[regulates]-> GO:0002342
GO:0002899 -[is_a]-> GO:0002868
GO:0002899 -[is_a]-> GO:0002896
GO:0002899 -[is_a]-> GO:0002898
GO:0002899 -[is_a]-> GO:0045578
GO:0002899 -[negatively_regulates]-> GO:0002342
GO:0002900 -[is_a]-> GO:0002869
GO:0002900 -[is_a]-> GO:0002897
GO:0002900 -[is_a]-> GO:0002898
GO:0002900 -[is_a]-> GO:0045579
GO:0002900 -[positively_regulates]-> GO:0002342
GO:0002901 -[is_a]-> GO:0001783
GO:0002901 -[part_of]-> GO:0001782
GO:0002902 -[is_a]-> GO:0070228
GO:0002902 -[regulates]-> GO:0001783
GO:0002903 -[is_a]-> GO:0002902
GO:0002903 -[is_a]-> GO:0070229
GO:0002903 -[negatively_regulates]-> GO:0001783
GO:0002904 -[is_a]-> GO:0002902
GO:0002904 -[is_a]-> GO:0070230
GO:0002904 -[positively_regulates]-> GO:0001783
GO:0002905 -[is_a]-> GO:0002682
GO:0002905 -[is_a]-> GO:0002902
GO:0002905 -[is_a]-> GO:0032844
GO:0002905 -[regulates]-> GO:0002901
GO:0002906 -[is_a]-> GO:0002683
GO:0002906 -[is_a]-> GO:0002903
GO:0002906 -[is_a]-> GO:0002905
GO:0002906 -[is_a]-> GO:0032845
GO:0002906 -[negatively_regulates]-> GO:0002901
GO:0002907 -[is_a]-> GO:0002684
GO:0002907 -[is_a]-> GO:0002904
GO:0002907 -[is_a]-> GO:0002905
GO:0002907 -[is_a]-> GO:0032846
GO:0002907 -[positively_regulates]-> GO:0002901
GO:0002908 -[is_a]-> GO:0002658
GO:0002908 -[is_a]-> GO:0002712
GO:0002908 -[is_a]-> GO:0002867
GO:0002908 -[regulates]-> GO:0002454
GO:0002909 -[is_a]-> GO:0002659
GO:0002909 -[is_a]-> GO:0002713
GO:0002909 -[is_a]-> GO:0002868
GO:0002909 -[is_a]-> GO:0002908
GO:0002909 -[negatively_regulates]-> GO:0002454
GO:0002910 -[is_a]-> GO:0002660
GO:0002910 -[is_a]-> GO:0002714
GO:0002910 -[is_a]-> GO:0002869
GO:0002910 -[is_a]-> GO:0002908
GO:0002910 -[positively_regulates]-> GO:0002454
GO:0002911 -[is_a]-> GO:0002643
GO:0002911 -[regulates]-> GO:0002249
GO:0002912 -[is_a]-> GO:0002644
GO:0002912 -[is_a]-> GO:0002911
GO:0002912 -[negatively_regulates]-> GO:0002249
GO:0002913 -[is_a]-> GO:0002645
GO:0002913 -[is_a]-> GO:0002911
GO:0002913 -[positively_regulates]-> GO:0002249
GO:0002914 -[is_a]-> GO:0002670
GO:0002914 -[is_a]-> GO:0002895
GO:0002914 -[is_a]-> GO:0045577
GO:0002914 -[regulates]-> GO:0002341
GO:0002915 -[is_a]-> GO:0002671
GO:0002915 -[is_a]-> GO:0002896
GO:0002915 -[is_a]-> GO:0002914
GO:0002915 -[is_a]-> GO:0045578
GO:0002915 -[negatively_regulates]-> GO:0002341
GO:0002916 -[is_a]-> GO:0002672
GO:0002916 -[is_a]-> GO:0002897
GO:0002916 -[is_a]-> GO:0002914
GO:0002916 -[is_a]-> GO:0045579
GO:0002916 -[positively_regulates]-> GO:0002341
GO:0002917 -[is_a]-> GO:0002658
GO:0002917 -[is_a]-> GO:0002670
GO:0002917 -[is_a]-> GO:0002712
GO:0002917 -[regulates]-> GO:0002453
GO:0002918 -[is_a]-> GO:0002659
GO:0002918 -[is_a]-> GO:0002671
GO:0002918 -[is_a]-> GO:0002713
GO:0002918 -[is_a]-> GO:0002917
GO:0002918 -[negatively_regulates]-> GO:0002453
GO:0002919 -[is_a]-> GO:0002660
GO:0002919 -[is_a]-> GO:0002672
GO:0002919 -[is_a]-> GO:0002714
GO:0002919 -[is_a]-> GO:0002917
GO:0002919 -[positively_regulates]-> GO:0002453
GO:0002920 -[is_a]-> GO:0050776
GO:0002920 -[regulates]-> GO:0006959
GO:0002921 -[is_a]-> GO:0002920
GO:0002921 -[is_a]-> GO:0050777
GO:0002921 -[negatively_regulates]-> GO:0006959
GO:0002922 -[is_a]-> GO:0002920
GO:0002922 -[is_a]-> GO:0050778
GO:0002922 -[positively_regulates]-> GO:0006959
GO:0002923 -[is_a]-> GO:0002889
GO:0002923 -[is_a]-> GO:0002920
GO:0002923 -[regulates]-> GO:0002455
GO:0002924 -[is_a]-> GO:0002890
GO:0002924 -[is_a]-> GO:0002921
GO:0002924 -[is_a]-> GO:0002923
GO:0002924 -[negatively_regulates]-> GO:0002455
GO:0002925 -[is_a]-> GO:0002891
GO:0002925 -[is_a]-> GO:0002922
GO:0002925 -[is_a]-> GO:0002923
GO:0002925 -[positively_regulates]-> GO:0002455
GO:0002926 -[is_a]-> GO:0002098
GO:0002927 -[is_a]-> GO:0006400
GO:0002927 -[is_a]-> GO:0009058
GO:0002927 -[has_part]-> GO:0002948
GO:0002927 -[has_part]-> GO:0043867
GO:0002929 -[is_a]-> GO:0043234
GO:0002929 -[has_part]-> GO:0005671
GO:0002929 -[has_part]-> GO:0016592
GO:0002930 -[is_a]-> GO:0009888
GO:0002930 -[part_of]-> GO:0043010
GO:0002931 -[is_a]-> GO:0006950
GO:0002932 -[is_a]-> GO:0061448
GO:0002932 -[part_of]-> GO:0035989
GO:0002933 -[is_a]-> GO:0030258
GO:0002934 -[is_a]-> GO:0045216
GO:0002935 -[is_a]-> GO:0008169
GO:0002935 -[is_a]-> GO:0016426
GO:0002936 -[is_a]-> GO:0043043
GO:0002937 -[is_a]-> GO:0034227
GO:0002938 -[is_a]-> GO:0002128
GO:0002939 -[is_a]-> GO:0030488
GO:0002940 -[is_a]-> GO:0030488
GO:0002941 -[is_a]-> GO:0008283
GO:0002942 -[is_a]-> GO:0030488
GO:0002943 -[is_a]-> GO:0006400
GO:0002944 -[is_a]-> GO:0000307
GO:0002945 -[is_a]-> GO:0000307
GO:0002946 -[is_a]-> GO:0030488
GO:0002947 -[is_a]-> GO:0043235
GO:0002948 -[is_a]-> GO:0015067
GO:0002949 -[is_a]-> GO:0006400
GO:0002949 -[is_a]-> GO:0070525
GO:0002950 -[is_a]-> GO:0016780
GO:0003002 -[is_a]-> GO:0007389
GO:0003003 -[is_a]-> GO:0001548
GO:0003003 -[part_of]-> GO:0048165
GO:0003004 -[is_a]-> GO:0001548
GO:0003004 -[part_of]-> GO:0048164
GO:0003005 -[is_a]-> GO:0001548
GO:0003005 -[part_of]-> GO:0048163
GO:0003006 -[is_a]-> GO:0022414
GO:0003006 -[is_a]-> GO:0032502
GO:0003006 -[part_of]-> GO:0000003
GO:0003007 -[is_a]-> GO:0009887
GO:0003007 -[part_of]-> GO:0007507
GO:0003008 -[is_a]-> GO:0032501
GO:0003009 -[is_a]-> GO:0006941
GO:0003009 -[part_of]-> GO:0050881
GO:0003010 -[is_a]-> GO:0003009
GO:0003011 -[is_a]-> GO:0003009
GO:0003012 -[is_a]-> GO:0003008
GO:0003013 -[is_a]-> GO:0003008
GO:0003014 -[is_a]-> GO:0003008
GO:0003015 -[is_a]-> GO:0003013
GO:0003016 -[is_a]-> GO:0003008
GO:0003016 -[is_a]-> GO:0007585
GO:0003017 -[is_a]-> GO:0003013
GO:0003018 -[is_a]-> GO:0003013
GO:0003019 -[is_a]-> GO:0001976
GO:0003019 -[part_of]-> GO:0001978
GO:0003020 -[is_a]-> GO:0070483
GO:0003020 -[part_of]-> GO:0002007
GO:0003021 -[is_a]-> GO:0003031
GO:0003021 -[part_of]-> GO:0002007
GO:0003022 -[is_a]-> GO:0003030
GO:0003023 -[is_a]-> GO:0001981
GO:0003023 -[part_of]-> GO:0001983
GO:0003024 -[is_a]-> GO:0001981
GO:0003024 -[part_of]-> GO:0001982
GO:0003025 -[is_a]-> GO:0001976
GO:0003026 -[is_a]-> GO:0001976
GO:0003026 -[part_of]-> GO:0003025
GO:0003027 -[is_a]-> GO:0001979
GO:0003028 -[is_a]-> GO:0001979
GO:0003029 -[is_a]-> GO:0002007
GO:0003029 -[part_of]-> GO:0003027
GO:0003030 -[is_a]-> GO:0009593
GO:0003031 -[is_a]-> GO:0009593
GO:0003032 -[is_a]-> GO:0009593
GO:0003032 -[is_a]-> GO:0070482
GO:0003033 -[is_a]-> GO:0002007
GO:0003033 -[part_of]-> GO:0003028
GO:0003034 -[is_a]-> GO:0003021
GO:0003034 -[part_of]-> GO:0003033
GO:0003035 -[is_a]-> GO:0003021
GO:0003035 -[part_of]-> GO:0003029
GO:0003036 -[is_a]-> GO:0003022
GO:0003036 -[part_of]-> GO:0003033
GO:0003037 -[is_a]-> GO:0003022
GO:0003037 -[part_of]-> GO:0003029
GO:0003038 -[is_a]-> GO:0003020
GO:0003038 -[part_of]-> GO:0003033
GO:0003039 -[is_a]-> GO:0003020
GO:0003039 -[part_of]-> GO:0003029
GO:0003040 -[is_a]-> GO:0002008
GO:0003040 -[part_of]-> GO:0003028
GO:0003041 -[is_a]-> GO:0002008
GO:0003041 -[part_of]-> GO:0003027
GO:0003042 -[is_a]-> GO:0002012
GO:0003042 -[part_of]-> GO:0003027
GO:0003043 -[is_a]-> GO:0002012
GO:0003043 -[part_of]-> GO:0003028
GO:0003044 -[is_a]-> GO:0003073
GO:0003045 -[is_a]-> GO:0003073
GO:0003046 -[is_a]-> GO:0003045
GO:0003046 -[is_a]-> GO:0003085
GO:0003047 -[is_a]-> GO:0003044
GO:0003047 -[part_of]-> GO:0001993
GO:0003048 -[is_a]-> GO:0003044
GO:0003048 -[part_of]-> GO:0001993
GO:0003049 -[is_a]-> GO:0003045
GO:0003050 -[is_a]-> GO:0001990
GO:0003051 -[is_a]-> GO:0042756
GO:0003051 -[part_of]-> GO:0002035
GO:0003052 -[is_a]-> GO:0003073
GO:0003052 -[is_a]-> GO:0007623
GO:0003053 -[is_a]-> GO:0002027
GO:0003053 -[is_a]-> GO:0007623
GO:0003053 -[is_a]-> GO:0044707
GO:0003054 -[is_a]-> GO:0001976
GO:0003054 -[is_a]-> GO:0003052
GO:0003055 -[is_a]-> GO:0003053
GO:0003056 -[is_a]-> GO:0006940
GO:0003056 -[is_a]-> GO:0019229
GO:0003056 -[regulates]-> GO:0014829
GO:0003057 -[is_a]-> GO:0002026
GO:0003058 -[is_a]-> GO:0003057
GO:0003059 -[is_a]-> GO:0003099
GO:0003059 -[part_of]-> GO:0001997
GO:0003060 -[is_a]-> GO:0003108
GO:0003060 -[part_of]-> GO:0003068
GO:0003061 -[is_a]-> GO:0003099
GO:0003061 -[part_of]-> GO:0001997
GO:0003062 -[is_a]-> GO:0002027
GO:0003063 -[is_a]-> GO:0003062
GO:0003063 -[is_a]-> GO:0010459
GO:0003063 -[part_of]-> GO:0003068
GO:0003064 -[is_a]-> GO:0003062
GO:0003065 -[is_a]-> GO:0003062
GO:0003065 -[is_a]-> GO:0010460
GO:0003065 -[part_of]-> GO:0001996
GO:0003066 -[is_a]-> GO:0003062
GO:0003066 -[is_a]-> GO:0010460
GO:0003066 -[part_of]-> GO:0001996
GO:0003067 -[is_a]-> GO:0001990
GO:0003067 -[part_of]-> GO:0003052
GO:0003068 -[is_a]-> GO:0003070
GO:0003069 -[is_a]-> GO:0003085
GO:0003069 -[is_a]-> GO:0042311
GO:0003069 -[part_of]-> GO:0003068
GO:0003070 -[is_a]-> GO:0001976
GO:0003070 -[is_a]-> GO:0003044
GO:0003071 -[is_a]-> GO:0003014
GO:0003071 -[part_of]-> GO:0003073
GO:0003072 -[is_a]-> GO:0003071
GO:0003073 -[is_a]-> GO:0008217
GO:0003075 -[is_a]-> GO:0003072
GO:0003081 -[is_a]-> GO:0001990
GO:0003083 -[is_a]-> GO:0002019
GO:0003083 -[is_a]-> GO:0003084
GO:0003084 -[is_a]-> GO:0045777
GO:0003084 -[part_of]-> GO:0003073
GO:0003085 -[is_a]-> GO:0045776
GO:0003085 -[part_of]-> GO:0003073
GO:0003086 -[is_a]-> GO:0003081
GO:0003087 -[is_a]-> GO:0003059
GO:0003087 -[part_of]-> GO:0003090
GO:0003088 -[is_a]-> GO:0003059
GO:0003088 -[part_of]-> GO:0003089
GO:0003089 -[is_a]-> GO:0001997
GO:0003090 -[is_a]-> GO:0001997
GO:0003091 -[is_a]-> GO:0003014
GO:0003091 -[is_a]-> GO:0050891
GO:0003092 -[is_a]-> GO:0035811
GO:0003093 -[is_a]-> GO:0001977
GO:0003093 -[is_a]-> GO:0098801
GO:0003093 -[regulates]-> GO:0003094
GO:0003094 -[is_a]-> GO:0097205
GO:0003095 -[is_a]-> GO:0001977
GO:0003096 -[is_a]-> GO:0003014
GO:0003096 -[is_a]-> GO:0006814
GO:0003097 -[is_a]-> GO:0003014
GO:0003097 -[is_a]-> GO:0006833
GO:0003097 -[is_a]-> GO:0044707
GO:0003097 -[part_of]-> GO:0003091
GO:0003098 -[is_a]-> GO:0001977
GO:0003098 -[part_of]-> GO:0003093
GO:0003099 -[is_a]-> GO:0003057
GO:0003099 -[is_a]-> GO:0045823
GO:0003100 -[is_a]-> GO:0001990
GO:0003101 -[is_a]-> GO:0001990
GO:0003104 -[is_a]-> GO:0003093
GO:0003104 -[is_a]-> GO:0051240
GO:0003104 -[positively_regulates]-> GO:0003094
GO:0003105 -[is_a]-> GO:0003093
GO:0003105 -[is_a]-> GO:0051241
GO:0003105 -[negatively_regulates]-> GO:0003094
GO:0003106 -[is_a]-> GO:0003083
GO:0003106 -[part_of]-> GO:0003105
GO:0003108 -[is_a]-> GO:0003057
GO:0003108 -[is_a]-> GO:0045822
GO:0003109 -[is_a]-> GO:0003061
GO:0003110 -[is_a]-> GO:0003061
GO:0003111 -[is_a]-> GO:0003065
GO:0003112 -[is_a]-> GO:0003065
GO:0003113 -[is_a]-> GO:0003066
GO:0003114 -[is_a]-> GO:0003066
GO:0003115 -[is_a]-> GO:0019229
GO:0003116 -[is_a]-> GO:0019229
GO:0003117 -[is_a]-> GO:0003116
GO:0003118 -[is_a]-> GO:0003116
GO:0003119 -[is_a]-> GO:0003115
GO:0003120 -[is_a]-> GO:0003115
GO:0003121 -[is_a]-> GO:0042312
GO:0003122 -[is_a]-> GO:0042312
GO:0003123 -[is_a]-> GO:0003121
GO:0003124 -[is_a]-> GO:0003121
GO:0003125 -[is_a]-> GO:0003122
GO:0003126 -[is_a]-> GO:0003122
GO:0003127 -[is_a]-> GO:0009726
GO:0003127 -[part_of]-> GO:0007368
GO:0003128 -[is_a]-> GO:0010092
GO:0003128 -[part_of]-> GO:0060914
GO:0003129 -[is_a]-> GO:0001759
GO:0003129 -[is_a]-> GO:2000826
GO:0003129 -[positively_regulates]-> GO:0003128
GO:0003130 -[is_a]-> GO:0030509
GO:0003130 -[is_a]-> GO:1905114
GO:0003130 -[part_of]-> GO:0003129
GO:0003130 -[part_of]-> GO:0003134
GO:0003131 -[is_a]-> GO:0007267
GO:0003132 -[is_a]-> GO:0003131
GO:0003132 -[part_of]-> GO:0003129
GO:0003133 -[is_a]-> GO:0007267
GO:0003134 -[is_a]-> GO:0003133
GO:0003134 -[part_of]-> GO:0003129
GO:0003135 -[is_a]-> GO:0008543
GO:0003135 -[part_of]-> GO:0003129
GO:0003136 -[is_a]-> GO:0009997
GO:0003136 -[is_a]-> GO:0061316
GO:0003136 -[is_a]-> GO:0100012
GO:0003136 -[is_a]-> GO:1901320
GO:0003136 -[negatively_regulates]-> GO:0003129
GO:0003137 -[is_a]-> GO:0007219
GO:0003137 -[part_of]-> GO:0003129
GO:0003138 -[is_a]-> GO:0003128
GO:0003139 -[is_a]-> GO:0003128
GO:0003140 -[is_a]-> GO:0007368
GO:0003140 -[part_of]-> GO:0048368
GO:0003142 -[is_a]-> GO:0009653
GO:0003142 -[is_a]-> GO:0044767
GO:0003142 -[part_of]-> GO:0003007
GO:0003143 -[is_a]-> GO:0048598
GO:0003143 -[is_a]-> GO:0060562
GO:0003143 -[part_of]-> GO:0003007
GO:0003143 -[part_of]-> GO:0035050
GO:0003143 -[part_of]-> GO:0048562
GO:0003144 -[is_a]-> GO:0001838
GO:0003144 -[part_of]-> GO:0003143
GO:0003145 -[is_a]-> GO:0003144
GO:0003146 -[is_a]-> GO:0003143
GO:0003146 -[part_of]-> GO:0061371
GO:0003147 -[is_a]-> GO:0001755
GO:0003147 -[is_a]-> GO:0060974
GO:0003147 -[part_of]-> GO:0060914
GO:0003147 -[part_of]-> GO:0061308
GO:0003148 -[is_a]-> GO:0060411
GO:0003148 -[part_of]-> GO:0003151
GO:0003149 -[is_a]-> GO:0009653
GO:0003149 -[is_a]-> GO:0044767
GO:0003149 -[part_of]-> GO:0060412
GO:0003150 -[is_a]-> GO:0060415
GO:0003150 -[part_of]-> GO:0060412
GO:0003151 -[is_a]-> GO:0009653
GO:0003151 -[is_a]-> GO:0044767
GO:0003151 -[part_of]-> GO:0003007
GO:0003152 -[is_a]-> GO:0048598
GO:0003152 -[is_a]-> GO:0060571
GO:0003152 -[part_of]-> GO:0003144
GO:0003152 -[part_of]-> GO:0003145
GO:0003153 -[is_a]-> GO:0060606
GO:0003153 -[part_of]-> GO:0003145
GO:0003154 -[is_a]-> GO:0030509
GO:0003154 -[is_a]-> GO:1900094
GO:0003154 -[part_of]-> GO:0007368
GO:0003155 -[is_a]-> GO:0003154
GO:0003155 -[part_of]-> GO:0003140
GO:0003156 -[is_a]-> GO:2000027
GO:0003156 -[regulates]-> GO:0048645
GO:0003157 -[is_a]-> GO:0003158
GO:0003157 -[is_a]-> GO:0044767
GO:0003157 -[part_of]-> GO:0007507
GO:0003158 -[is_a]-> GO:0060429
GO:0003159 -[is_a]-> GO:0002009
GO:0003159 -[part_of]-> GO:0003158
GO:0003160 -[is_a]-> GO:0003159
GO:0003160 -[part_of]-> GO:0003157
GO:0003161 -[is_a]-> GO:0044767
GO:0003161 -[is_a]-> GO:0048738
GO:0003161 -[part_of]-> GO:0007507
GO:0003162 -[is_a]-> GO:0044767
GO:0003162 -[is_a]-> GO:0048738
GO:0003162 -[part_of]-> GO:0003161
GO:0003163 -[is_a]-> GO:0048738
GO:0003163 -[part_of]-> GO:0003161
GO:0003164 -[is_a]-> GO:0003229
GO:0003164 -[is_a]-> GO:0044767
GO:0003164 -[part_of]-> GO:0003161
GO:0003165 -[is_a]-> GO:0003229
GO:0003165 -[part_of]-> GO:0003164
GO:0003166 -[is_a]-> GO:0003229
GO:0003166 -[is_a]-> GO:0044767
GO:0003166 -[part_of]-> GO:0003164
GO:0003167 -[is_a]-> GO:0060932
GO:0003167 -[part_of]-> GO:0003166
GO:0003168 -[is_a]-> GO:0060932
GO:0003168 -[part_of]-> GO:0003165
GO:0003169 -[is_a]-> GO:0048845
GO:0003169 -[is_a]-> GO:0060977
GO:0003170 -[is_a]-> GO:0044767
GO:0003170 -[is_a]-> GO:0048856
GO:0003170 -[part_of]-> GO:0007507
GO:0003171 -[is_a]-> GO:0003170
GO:0003172 -[is_a]-> GO:0003170
GO:0003173 -[is_a]-> GO:0003170
GO:0003174 -[is_a]-> GO:0003171
GO:0003175 -[is_a]-> GO:0003171
GO:0003176 -[is_a]-> GO:1905314
GO:0003177 -[is_a]-> GO:1905314
GO:0003178 -[is_a]-> GO:0003170
GO:0003179 -[is_a]-> GO:0009653
GO:0003179 -[is_a]-> GO:0044767
GO:0003179 -[part_of]-> GO:0003170
GO:0003180 -[is_a]-> GO:0003179
GO:0003180 -[part_of]-> GO:0003176
GO:0003181 -[is_a]-> GO:0003179
GO:0003181 -[part_of]-> GO:0003171
GO:0003182 -[is_a]-> GO:0003179
GO:0003182 -[part_of]-> GO:0003178
GO:0003183 -[is_a]-> GO:0003181
GO:0003183 -[part_of]-> GO:0003174
GO:0003184 -[is_a]-> GO:0003179
GO:0003184 -[part_of]-> GO:0003177
GO:0003185 -[is_a]-> GO:0003179
GO:0003185 -[part_of]-> GO:0003172
GO:0003186 -[is_a]-> GO:0003181
GO:0003186 -[part_of]-> GO:0003175
GO:0003187 -[is_a]-> GO:0003179
GO:0003187 -[part_of]-> GO:0003173
GO:0003188 -[is_a]-> GO:0044767
GO:0003188 -[is_a]-> GO:0048646
GO:0003188 -[part_of]-> GO:0003179
GO:0003189 -[is_a]-> GO:0003188
GO:0003189 -[part_of]-> GO:0003180
GO:0003190 -[is_a]-> GO:0003188
GO:0003190 -[part_of]-> GO:0003181
GO:0003191 -[is_a]-> GO:0003188
GO:0003191 -[part_of]-> GO:0003182
GO:0003192 -[is_a]-> GO:0003190
GO:0003192 -[part_of]-> GO:0003183
GO:0003193 -[is_a]-> GO:0003188
GO:0003193 -[part_of]-> GO:0003184
GO:0003194 -[is_a]-> GO:0003188
GO:0003194 -[part_of]-> GO:0003185
GO:0003195 -[is_a]-> GO:0003190
GO:0003195 -[part_of]-> GO:0003186
GO:0003196 -[is_a]-> GO:0003188
GO:0003196 -[part_of]-> GO:0003187
GO:0003197 -[is_a]-> GO:0060485
GO:0003197 -[part_of]-> GO:0007507
GO:0003198 -[is_a]-> GO:0060317
GO:0003198 -[part_of]-> GO:0003272
GO:0003199 -[is_a]-> GO:0090500
GO:0003199 -[part_of]-> GO:0003188
GO:0003200 -[is_a]-> GO:0090500
GO:0003200 -[part_of]-> GO:0060411
GO:0003201 -[is_a]-> GO:0060317
GO:0003201 -[part_of]-> GO:0060977
GO:0003202 -[is_a]-> GO:0090500
GO:0003202 -[part_of]-> GO:0003204
GO:0003203 -[is_a]-> GO:0072132
GO:0003203 -[part_of]-> GO:0003007
GO:0003203 -[part_of]-> GO:0003197
GO:0003204 -[is_a]-> GO:0061448
GO:0003204 -[part_of]-> GO:0007507
GO:0003205 -[is_a]-> GO:0044767
GO:0003205 -[is_a]-> GO:0048856
GO:0003205 -[part_of]-> GO:0007507
GO:0003206 -[is_a]-> GO:0009653
GO:0003206 -[is_a]-> GO:0044767
GO:0003206 -[part_of]-> GO:0003007
GO:0003206 -[part_of]-> GO:0003205
GO:0003207 -[is_a]-> GO:0044767
GO:0003207 -[is_a]-> GO:0048646
GO:0003207 -[part_of]-> GO:0003206
GO:0003208 -[is_a]-> GO:0003206
GO:0003208 -[part_of]-> GO:0003231
GO:0003209 -[is_a]-> GO:0003206
GO:0003209 -[part_of]-> GO:0003230
GO:0003210 -[is_a]-> GO:0003207
GO:0003210 -[part_of]-> GO:0003209
GO:0003211 -[is_a]-> GO:0003207
GO:0003211 -[part_of]-> GO:0003208
GO:0003212 -[is_a]-> GO:0003209
GO:0003213 -[is_a]-> GO:0003209
GO:0003214 -[is_a]-> GO:0003208
GO:0003215 -[is_a]-> GO:0003208
GO:0003216 -[is_a]-> GO:0003210
GO:0003216 -[part_of]-> GO:0003212
GO:0003217 -[is_a]-> GO:0003210
GO:0003217 -[part_of]-> GO:0003213
GO:0003218 -[is_a]-> GO:0003211
GO:0003218 -[part_of]-> GO:0003214
GO:0003219 -[is_a]-> GO:0003211
GO:0003219 -[part_of]-> GO:0003215
GO:0003220 -[is_a]-> GO:0055010
GO:0003220 -[part_of]-> GO:0003214
GO:0003221 -[is_a]-> GO:0055010
GO:0003221 -[part_of]-> GO:0003215
GO:0003222 -[is_a]-> GO:0055010
GO:0003222 -[is_a]-> GO:0061384
GO:0003223 -[is_a]-> GO:0055010
GO:0003224 -[is_a]-> GO:0003220
GO:0003224 -[is_a]-> GO:0003223
GO:0003225 -[is_a]-> GO:0003220
GO:0003225 -[is_a]-> GO:0003222
GO:0003226 -[is_a]-> GO:0003221
GO:0003226 -[is_a]-> GO:0003223
GO:0003227 -[is_a]-> GO:0003221
GO:0003227 -[is_a]-> GO:0003222
GO:0003228 -[is_a]-> GO:0048738
GO:0003229 -[is_a]-> GO:0048738
GO:0003230 -[is_a]-> GO:0003205
GO:0003231 -[is_a]-> GO:0003205
GO:0003232 -[is_a]-> GO:0003205
GO:0003233 -[is_a]-> GO:0003206
GO:0003233 -[part_of]-> GO:0003232
GO:0003234 -[is_a]-> GO:0003207
GO:0003234 -[part_of]-> GO:0003233
GO:0003235 -[is_a]-> GO:0003205
GO:0003236 -[is_a]-> GO:0003206
GO:0003236 -[part_of]-> GO:0003235
GO:0003237 -[is_a]-> GO:0003207
GO:0003237 -[part_of]-> GO:0003236
GO:0003238 -[is_a]-> GO:0003205
GO:0003239 -[is_a]-> GO:0003206
GO:0003239 -[part_of]-> GO:0003238
GO:0003240 -[is_a]-> GO:0003207
GO:0003240 -[part_of]-> GO:0003239
GO:0003241 -[is_a]-> GO:0060560
GO:0003241 -[part_of]-> GO:0003007
GO:0003241 -[part_of]-> GO:0060419
GO:0003242 -[is_a]-> GO:0003241
GO:0003242 -[part_of]-> GO:0003206
GO:0003243 -[is_a]-> GO:0003241
GO:0003243 -[part_of]-> GO:0003214
GO:0003244 -[is_a]-> GO:0003241
GO:0003244 -[part_of]-> GO:0003215
GO:0003245 -[is_a]-> GO:0003241
GO:0003245 -[is_a]-> GO:0055017
GO:0003245 -[part_of]-> GO:0003007
GO:0003245 -[part_of]-> GO:0055008
GO:0003246 -[is_a]-> GO:0003241
GO:0003246 -[is_a]-> GO:0061049
GO:0003246 -[part_of]-> GO:0003245
GO:0003247 -[is_a]-> GO:0003241
GO:0003247 -[is_a]-> GO:0048588
GO:0003247 -[part_of]-> GO:0003245
GO:0003248 -[is_a]-> GO:0048589
GO:0003248 -[part_of]-> GO:0060419
GO:0003248 -[part_of]-> GO:0060976
GO:0003249 -[is_a]-> GO:0061323
GO:0003249 -[is_a]-> GO:2000793
GO:0003249 -[part_of]-> GO:0003179
GO:0003250 -[is_a]-> GO:2000136
GO:0003250 -[regulates]-> GO:0003249
GO:0003251 -[is_a]-> GO:0003250
GO:0003251 -[is_a]-> GO:2000138
GO:0003251 -[positively_regulates]-> GO:0003249
GO:0003252 -[is_a]-> GO:0003250
GO:0003252 -[is_a]-> GO:2000137
GO:0003252 -[negatively_regulates]-> GO:0003249
GO:0003253 -[is_a]-> GO:0001755
GO:0003253 -[is_a]-> GO:0060973
GO:0003253 -[part_of]-> GO:0003151
GO:0003253 -[part_of]-> GO:0061309
GO:0003254 -[is_a]-> GO:0042391
GO:0003254 -[is_a]-> GO:0050794
GO:0003254 -[is_a]-> GO:2000021
GO:0003254 -[regulates]-> GO:0051899
GO:0003255 -[is_a]-> GO:0010002
GO:0003256 -[is_a]-> GO:1901213
GO:0003256 -[part_of]-> GO:0060379
GO:0003257 -[is_a]-> GO:0003256
GO:0003257 -[is_a]-> GO:1901228
GO:0003257 -[part_of]-> GO:0060379
GO:0003258 -[is_a]-> GO:1901213
GO:0003258 -[part_of]-> GO:0003255
GO:0003259 -[is_a]-> GO:0003260
GO:0003260 -[is_a]-> GO:0060974
GO:0003260 -[part_of]-> GO:0060914
GO:0003261 -[is_a]-> GO:0060975
GO:0003262 -[is_a]-> GO:0060975
GO:0003263 -[is_a]-> GO:0061323
GO:0003263 -[part_of]-> GO:0060914
GO:0003264 -[is_a]-> GO:0003156
GO:0003264 -[is_a]-> GO:2000136
GO:0003264 -[regulates]-> GO:0003263
GO:0003265 -[is_a]-> GO:0003264
GO:0003266 -[is_a]-> GO:0003264
GO:0003267 -[is_a]-> GO:0044340
GO:0003267 -[is_a]-> GO:0061316
GO:0003267 -[part_of]-> GO:0072513
GO:0003268 -[is_a]-> GO:0061313
GO:0003268 -[part_of]-> GO:0003266
GO:0003269 -[is_a]-> GO:0061312
GO:0003269 -[part_of]-> GO:0003266
GO:0003270 -[is_a]-> GO:0061314
GO:0003270 -[part_of]-> GO:0003266
GO:0003271 -[is_a]-> GO:0007224
GO:0003271 -[is_a]-> GO:0061311
GO:0003271 -[part_of]-> GO:0003266
GO:0003272 -[is_a]-> GO:0044767
GO:0003272 -[is_a]-> GO:0048646
GO:0003272 -[part_of]-> GO:0003203
GO:0003273 -[is_a]-> GO:0060973
GO:0003273 -[part_of]-> GO:0003272
GO:0003274 -[is_a]-> GO:0016337
GO:0003274 -[is_a]-> GO:0061343
GO:0003274 -[is_a]-> GO:0098742
GO:0003274 -[part_of]-> GO:0003203
GO:0003275 -[is_a]-> GO:0003278
GO:0003275 -[part_of]-> GO:0003151
GO:0003276 -[is_a]-> GO:0003278
GO:0003276 -[part_of]-> GO:0003179
GO:0003277 -[is_a]-> GO:0003278
GO:0003277 -[part_of]-> GO:0003203
GO:0003278 -[is_a]-> GO:0060561
GO:0003278 -[part_of]-> GO:0003007
GO:0003279 -[is_a]-> GO:0044767
GO:0003279 -[is_a]-> GO:0048856
GO:0003279 -[part_of]-> GO:0003205
GO:0003281 -[is_a]-> GO:0003279
GO:0003281 -[part_of]-> GO:0003231
GO:0003282 -[is_a]-> GO:0003281
GO:0003283 -[is_a]-> GO:0003279
GO:0003283 -[part_of]-> GO:0003230
GO:0003284 -[is_a]-> GO:0003283
GO:0003285 -[is_a]-> GO:0003283
GO:0003286 -[is_a]-> GO:0003283
GO:0003288 -[is_a]-> GO:0060412
GO:0003289 -[is_a]-> GO:0060413
GO:0003289 -[part_of]-> GO:0003284
GO:0003290 -[is_a]-> GO:0060413
GO:0003290 -[part_of]-> GO:0003285
GO:0003291 -[is_a]-> GO:0060413
GO:0003291 -[part_of]-> GO:0003286
GO:0003292 -[is_a]-> GO:0035051
GO:0003292 -[part_of]-> GO:0003279
GO:0003293 -[is_a]-> GO:0035051
GO:0003293 -[part_of]-> GO:0003170
GO:0003294 -[is_a]-> GO:0048771
GO:0003294 -[part_of]-> GO:0003007
GO:0003295 -[is_a]-> GO:0061323
GO:0003295 -[part_of]-> GO:0003294
GO:0003296 -[is_a]-> GO:0003278
GO:0003296 -[part_of]-> GO:0003294
GO:0003297 -[is_a]-> GO:0009653
GO:0003297 -[part_of]-> GO:0003007
GO:0003298 -[is_a]-> GO:0014896
GO:0003299 -[is_a]-> GO:0006950
GO:0003299 -[is_a]-> GO:0014896
GO:0003299 -[is_a]-> GO:0043500
GO:0003300 -[is_a]-> GO:0014897
GO:0003301 -[is_a]-> GO:0003298
GO:0003301 -[is_a]-> GO:0003300
GO:0003301 -[part_of]-> GO:0055017
GO:0003302 -[is_a]-> GO:0035463
GO:0003302 -[is_a]-> GO:1905313
GO:0003302 -[part_of]-> GO:0003146
GO:0003303 -[is_a]-> GO:0003154
GO:0003303 -[is_a]-> GO:0061312
GO:0003303 -[part_of]-> GO:0003146
GO:0003304 -[is_a]-> GO:0060571
GO:0003304 -[part_of]-> GO:0003146
GO:0003305 -[is_a]-> GO:0060973
GO:0003305 -[part_of]-> GO:0003146
GO:0003306 -[is_a]-> GO:0016055
GO:0003306 -[is_a]-> GO:0061311
GO:0003306 -[part_of]-> GO:0007507
GO:0003307 -[is_a]-> GO:0030111
GO:0003307 -[is_a]-> GO:2000026
GO:0003307 -[regulates]-> GO:0003306
GO:0003308 -[is_a]-> GO:0003307
GO:0003308 -[is_a]-> GO:0030178
GO:0003308 -[is_a]-> GO:0051093
GO:0003308 -[is_a]-> GO:0051241
GO:0003308 -[negatively_regulates]-> GO:0003306
GO:0003309 -[is_a]-> GO:0035883
GO:0003309 -[part_of]-> GO:0031018
GO:0003310 -[is_a]-> GO:0035883
GO:0003310 -[part_of]-> GO:0031018
GO:0003311 -[is_a]-> GO:0035883
GO:0003311 -[part_of]-> GO:0031018
GO:0003312 -[is_a]-> GO:0035883
GO:0003312 -[part_of]-> GO:0031018
GO:0003313 -[is_a]-> GO:0060429
GO:0003313 -[part_of]-> GO:0035050
GO:0003314 -[is_a]-> GO:0002009
GO:0003314 -[is_a]-> GO:0048598
GO:0003314 -[part_of]-> GO:0003313
GO:0003315 -[is_a]-> GO:0044767
GO:0003315 -[is_a]-> GO:0048646
GO:0003315 -[part_of]-> GO:0003314
GO:0003316 -[is_a]-> GO:0045198
GO:0003316 -[part_of]-> GO:0003315
GO:0003317 -[is_a]-> GO:0034109
GO:0003317 -[part_of]-> GO:0003315
GO:0003318 -[is_a]-> GO:0060973
GO:0003319 -[is_a]-> GO:0003318
GO:0003319 -[part_of]-> GO:0003315
GO:0003320 -[is_a]-> GO:0003152
GO:0003321 -[is_a]-> GO:0001993
GO:0003321 -[is_a]-> GO:0045777
GO:0003322 -[is_a]-> GO:0002068
GO:0003322 -[part_of]-> GO:0003310
GO:0003323 -[is_a]-> GO:0002068
GO:0003323 -[part_of]-> GO:0003309
GO:0003324 -[is_a]-> GO:0002068
GO:0003324 -[part_of]-> GO:0003311
GO:0003325 -[is_a]-> GO:0002068
GO:0003325 -[part_of]-> GO:0003312
GO:0003326 -[is_a]-> GO:0072148
GO:0003326 -[part_of]-> GO:0003310
GO:0003327 -[is_a]-> GO:0072148
GO:0003327 -[part_of]-> GO:0003309
GO:0003328 -[is_a]-> GO:0072148
GO:0003328 -[part_of]-> GO:0003311
GO:0003329 -[is_a]-> GO:0072148
GO:0003329 -[part_of]-> GO:0003312
GO:0003330 -[is_a]-> GO:1903053
GO:0003330 -[is_a]-> GO:1903530
GO:0003330 -[regulates]-> GO:0070278
GO:0003331 -[is_a]-> GO:0003330
GO:0003331 -[is_a]-> GO:1903055
GO:0003331 -[is_a]-> GO:1903532
GO:0003331 -[positively_regulates]-> GO:0070278
GO:0003332 -[is_a]-> GO:0003330
GO:0003332 -[is_a]-> GO:1903054
GO:0003332 -[is_a]-> GO:1903531
GO:0003332 -[negatively_regulates]-> GO:0070278
GO:0003333 -[is_a]-> GO:0006865
GO:0003333 -[is_a]-> GO:1905039
GO:0003334 -[is_a]-> GO:0002064
GO:0003334 -[part_of]-> GO:0030216
GO:0003335 -[is_a]-> GO:0048468
GO:0003335 -[part_of]-> GO:0003334
GO:0003336 -[is_a]-> GO:0060232
GO:0003336 -[part_of]-> GO:0003335
GO:0003337 -[is_a]-> GO:0035850
GO:0003337 -[is_a]-> GO:0060231
GO:0003337 -[is_a]-> GO:0072202
GO:0003337 -[part_of]-> GO:0003338
GO:0003337 -[part_of]-> GO:0072283
GO:0003338 -[is_a]-> GO:0060993
GO:0003338 -[part_of]-> GO:0001656
GO:0003339 -[is_a]-> GO:0072215
GO:0003339 -[is_a]-> GO:1905330
GO:0003339 -[is_a]-> GO:2000027
GO:0003339 -[is_a]-> GO:2000696
GO:0003339 -[regulates]-> GO:0003337
GO:0003340 -[is_a]-> GO:0003339
GO:0003340 -[is_a]-> GO:0072217
GO:0003340 -[is_a]-> GO:1905331
GO:0003340 -[is_a]-> GO:2000697
GO:0003340 -[negatively_regulates]-> GO:0003337
GO:0003341 -[is_a]-> GO:0007018
GO:0003342 -[is_a]-> GO:0060485
GO:0003342 -[part_of]-> GO:0003343
GO:0003343 -[is_a]-> GO:0060485
GO:0003344 -[is_a]-> GO:0002011
GO:0003344 -[is_a]-> GO:0048598
GO:0003344 -[part_of]-> GO:0060039
GO:0003345 -[is_a]-> GO:0060973
GO:0003345 -[part_of]-> GO:0003344
GO:0003346 -[is_a]-> GO:0060973
GO:0003347 -[is_a]-> GO:0001837
GO:0003348 -[is_a]-> GO:0035051
GO:0003348 -[is_a]-> GO:0045446
GO:0003349 -[is_a]-> GO:0003348
GO:0003350 -[is_a]-> GO:0014706
GO:0003350 -[part_of]-> GO:0060841
GO:0003351 -[is_a]-> GO:0003341
GO:0003352 -[is_a]-> GO:0060632
GO:0003352 -[regulates]-> GO:0003341
GO:0003353 -[is_a]-> GO:0003352
GO:0003353 -[is_a]-> GO:0051272
GO:0003353 -[positively_regulates]-> GO:0003341
GO:0003354 -[is_a]-> GO:0003352
GO:0003354 -[is_a]-> GO:0051271
GO:0003354 -[negatively_regulates]-> GO:0003341
GO:0003355 -[is_a]-> GO:0003351
GO:0003355 -[part_of]-> GO:0032475
GO:0003356 -[is_a]-> GO:0003352
GO:0003357 -[is_a]-> GO:0030182
GO:0003358 -[is_a]-> GO:0048666
GO:0003358 -[part_of]-> GO:0003357
GO:0003359 -[is_a]-> GO:0048663
GO:0003359 -[part_of]-> GO:0003357
GO:0003360 -[is_a]-> GO:0044767
GO:0003360 -[is_a]-> GO:0048856
GO:0003361 -[is_a]-> GO:0003357
GO:0003361 -[part_of]-> GO:0003360
GO:0003362 -[is_a]-> GO:0003359
GO:0003362 -[part_of]-> GO:0003360
GO:0003362 -[part_of]-> GO:0003361
GO:0003363 -[is_a]-> GO:0030032
GO:0003363 -[part_of]-> GO:0001667
GO:0003364 -[is_a]-> GO:0003363
GO:0003364 -[is_a]-> GO:0010927
GO:0003364 -[part_of]-> GO:0090134
GO:0003365 -[is_a]-> GO:0030010
GO:0003365 -[part_of]-> GO:0001667
GO:0003366 -[is_a]-> GO:0007160
GO:0003366 -[part_of]-> GO:0001667
GO:0003367 -[is_a]-> GO:0016337
GO:0003367 -[is_a]-> GO:0098742
GO:0003367 -[part_of]-> GO:0003365
GO:0003368 -[is_a]-> GO:0003366
GO:0003368 -[part_of]-> GO:0090134
GO:0003369 -[is_a]-> GO:0003379
GO:0003369 -[part_of]-> GO:0090134
GO:0003370 -[is_a]-> GO:0003367
GO:0003370 -[is_a]-> GO:0070586
GO:0003370 -[part_of]-> GO:0003369
GO:0003371 -[is_a]-> GO:0030952
GO:0003371 -[part_of]-> GO:0001667
GO:0003371 -[part_of]-> GO:0003365
GO:0003372 -[is_a]-> GO:0003380
GO:0003372 -[part_of]-> GO:0003369
GO:0003372 -[part_of]-> GO:0090134
GO:0003373 -[is_a]-> GO:0051258
GO:0003373 -[part_of]-> GO:0090148
GO:0003374 -[is_a]-> GO:0003373
GO:0003375 -[is_a]-> GO:0032271
GO:0003375 -[regulates]-> GO:0003373
GO:0003376 -[is_a]-> GO:0007186
GO:0003376 -[is_a]-> GO:0090520
GO:0003377 -[is_a]-> GO:0003376
GO:0003377 -[is_a]-> GO:0042981
GO:0003378 -[is_a]-> GO:0003376
GO:0003378 -[is_a]-> GO:0050727
GO:0003378 -[regulates]-> GO:0006954
GO:0003379 -[is_a]-> GO:0003365
GO:0003379 -[part_of]-> GO:0042074
GO:0003380 -[is_a]-> GO:0003371
GO:0003380 -[part_of]-> GO:0003379
GO:0003380 -[part_of]-> GO:0007369
GO:0003381 -[is_a]-> GO:0003382
GO:0003381 -[part_of]-> GO:0007369
GO:0003382 -[is_a]-> GO:0000904
GO:0003382 -[part_of]-> GO:0002064
GO:0003383 -[is_a]-> GO:0070252
GO:0003383 -[part_of]-> GO:0003382
GO:0003384 -[is_a]-> GO:0003383
GO:0003384 -[part_of]-> GO:0003381
GO:0003384 -[part_of]-> GO:0007369
GO:0003385 -[is_a]-> GO:0007267
GO:0003385 -[part_of]-> GO:0003386
GO:0003386 -[is_a]-> GO:0007423
GO:0003387 -[is_a]-> GO:0030182
GO:0003387 -[part_of]-> GO:0003386
GO:0003388 -[is_a]-> GO:0048666
GO:0003388 -[part_of]-> GO:0003386
GO:0003388 -[part_of]-> GO:0003387
GO:0003389 -[is_a]-> GO:0031175
GO:0003390 -[is_a]-> GO:0003389
GO:0003390 -[is_a]-> GO:0016358
GO:0003391 -[is_a]-> GO:0003390
GO:0003391 -[part_of]-> GO:0003388
GO:0003392 -[is_a]-> GO:0007155
GO:0003392 -[part_of]-> GO:0003389
GO:0003393 -[is_a]-> GO:0001764
GO:0003393 -[part_of]-> GO:0003389
GO:0003394 -[is_a]-> GO:0003392
GO:0003394 -[part_of]-> GO:0003390
GO:0003395 -[is_a]-> GO:0003393
GO:0003395 -[part_of]-> GO:0003390
GO:0003396 -[is_a]-> GO:0003394
GO:0003396 -[part_of]-> GO:0003391
GO:0003397 -[is_a]-> GO:0003395
GO:0003397 -[part_of]-> GO:0003391
GO:0003398 -[is_a]-> GO:0010001
GO:0003398 -[part_of]-> GO:0003386
GO:0003399 -[is_a]-> GO:0048858
GO:0003400 -[is_a]-> GO:0033043
GO:0003400 -[is_a]-> GO:0043254
GO:0003400 -[is_a]-> GO:0048209
GO:0003400 -[is_a]-> GO:0090113
GO:0003400 -[regulates]-> GO:0048208
GO:0003401 -[is_a]-> GO:0060560
GO:0003402 -[is_a]-> GO:0060071
GO:0003402 -[part_of]-> GO:0003401
GO:0003403 -[is_a]-> GO:0044767
GO:0003403 -[is_a]-> GO:0048646
GO:0003403 -[part_of]-> GO:0003404
GO:0003403 -[part_of]-> GO:0060900
GO:0003404 -[is_a]-> GO:0048598
GO:0003404 -[is_a]-> GO:0048729
GO:0003404 -[part_of]-> GO:0048596
GO:0003405 -[is_a]-> GO:0060560
GO:0003405 -[part_of]-> GO:0003404
GO:0003406 -[is_a]-> GO:0060429
GO:0003406 -[part_of]-> GO:0060041
GO:0003407 -[is_a]-> GO:0044767
GO:0003407 -[is_a]-> GO:0048856
GO:0003407 -[part_of]-> GO:0060041
GO:0003408 -[is_a]-> GO:0044767
GO:0003408 -[is_a]-> GO:0048646
GO:0003408 -[part_of]-> GO:0002072
GO:0003409 -[is_a]-> GO:0048532
GO:0003409 -[part_of]-> GO:0002072
GO:0003410 -[is_a]-> GO:0044767
GO:0003410 -[is_a]-> GO:0048856
GO:0003410 -[part_of]-> GO:0043010
GO:0003411 -[is_a]-> GO:0048870
GO:0003411 -[part_of]-> GO:0048593
GO:0003412 -[is_a]-> GO:0045198
GO:0003412 -[part_of]-> GO:0048593
GO:0003413 -[is_a]-> GO:0002062
GO:0003413 -[part_of]-> GO:0060350
GO:0003413 -[part_of]-> GO:0060351
GO:0003414 -[is_a]-> GO:0090171
GO:0003414 -[part_of]-> GO:0003433
GO:0003414 -[part_of]-> GO:0060350
GO:0003415 -[is_a]-> GO:0048588
GO:0003415 -[part_of]-> GO:0002063
GO:0003416 -[is_a]-> GO:0098868
GO:0003417 -[is_a]-> GO:0060351
GO:0003417 -[is_a]-> GO:0061448
GO:0003417 -[part_of]-> GO:0003416
GO:0003418 -[is_a]-> GO:0003413
GO:0003418 -[part_of]-> GO:0003417
GO:0003419 -[is_a]-> GO:0008283
GO:0003419 -[part_of]-> GO:0003417
GO:0003420 -[is_a]-> GO:0042127
GO:0003420 -[is_a]-> GO:0046620
GO:0003420 -[is_a]-> GO:0061035
GO:0003420 -[is_a]-> GO:1903010
GO:0003420 -[is_a]-> GO:2000027
GO:0003420 -[regulates]-> GO:0003419
GO:0003421 -[is_a]-> GO:0009798
GO:0003421 -[part_of]-> GO:0003422
GO:0003422 -[is_a]-> GO:0060536
GO:0003422 -[part_of]-> GO:0003417
GO:0003423 -[is_a]-> GO:0051301
GO:0003423 -[part_of]-> GO:0003419
GO:0003424 -[is_a]-> GO:0001736
GO:0003424 -[is_a]-> GO:0030010
GO:0003424 -[part_of]-> GO:0003423
GO:0003425 -[is_a]-> GO:0000132
GO:0003425 -[is_a]-> GO:0003426
GO:0003425 -[is_a]-> GO:0090176
GO:0003425 -[part_of]-> GO:0003423
GO:0003426 -[is_a]-> GO:0030952
GO:0003426 -[part_of]-> GO:0003424
GO:0003427 -[is_a]-> GO:0003420
GO:0003427 -[is_a]-> GO:0051302
GO:0003427 -[is_a]-> GO:0051493
GO:0003427 -[is_a]-> GO:0060071
GO:0003427 -[is_a]-> GO:2000114
GO:0003427 -[regulates]-> GO:0003426
GO:0003428 -[is_a]-> GO:0016477
GO:0003428 -[part_of]-> GO:0003422
GO:0003428 -[part_of]-> GO:0060029
GO:0003429 -[is_a]-> GO:0003414
GO:0003429 -[is_a]-> GO:0003422
GO:0003429 -[part_of]-> GO:0003418
GO:0003430 -[is_a]-> GO:0003415
GO:0003430 -[is_a]-> GO:0060560
GO:0003430 -[part_of]-> GO:0003431
GO:0003431 -[is_a]-> GO:0003433
GO:0003431 -[part_of]-> GO:0003418
GO:0003432 -[is_a]-> GO:0003430
GO:0003432 -[part_of]-> GO:0003429
GO:0003433 -[is_a]-> GO:0002063
GO:0003433 -[part_of]-> GO:0003413
GO:0003433 -[part_of]-> GO:0060350
GO:0003434 -[is_a]-> GO:0030509
GO:0003434 -[part_of]-> GO:0003431
GO:0003435 -[is_a]-> GO:0007224
GO:0003435 -[part_of]-> GO:0003431
GO:0003436 -[is_a]-> GO:0030155
GO:0003436 -[part_of]-> GO:0003422
GO:0003437 -[is_a]-> GO:0010646
GO:0003437 -[part_of]-> GO:0003422
{   'alt_id': ['GO:0005554'],
    'comment': 'Note that, in addition to forming the root of the molecular function ontology, this term is recommended for use for the annotation of gene products whose molecular function is unknown. Note that when this term is used for annotation, it indicates that no information was available about the molecular function of the gene product annotated as of the date the annotation was made; the evidence code ND, no data, is used to indicate this.',
    'def': '"Elemental activities, such as catalysis or binding, describing the actions of a gene product at the molecular level. A given gene product may exhibit one or more molecular functions." [GOC:go_curators]',
    'id': 'GO:0003674',
    'name': 'molecular_function',
    'namespace': 'molecular_function',
    'subset': [   'goslim_aspergillus',
                  'goslim_candida',
                  'goslim_chembl',
                  'goslim_generic',
                  'goslim_metagenomics',
                  'goslim_pir',
                  'goslim_plant',
                  'goslim_yeast',
                  'gosubset_prok'],
    'synonym': ['"molecular function" EXACT []']}
GO:0003676 -[is_a]-> GO:0097159
GO:0003676 -[is_a]-> GO:1901363
GO:0003677 -[is_a]-> GO:0003676
GO:0003678 -[is_a]-> GO:0004386
GO:0003678 -[part_of]-> GO:0032508
GO:0003680 -[is_a]-> GO:1990837
GO:0003681 -[is_a]-> GO:0043566
GO:0003682 -[is_a]-> GO:0044877
GO:0003684 -[is_a]-> GO:0003677
GO:0003688 -[is_a]-> GO:1990837
GO:0003689 -[is_a]-> GO:0003677
GO:0003689 -[is_a]-> GO:0033170
GO:0003690 -[is_a]-> GO:0003677
GO:0003691 -[is_a]-> GO:0003690
GO:0003691 -[is_a]-> GO:0042162
GO:0003692 -[is_a]-> GO:0043566
GO:0003693 -[is_a]-> GO:1990837
GO:0003695 -[is_a]-> GO:0043566
GO:0003696 -[is_a]-> GO:1990837
GO:0003697 -[is_a]-> GO:0003677
GO:0003700 -[is_a]-> GO:0001071
GO:0003700 -[has_part]-> GO:0000976
GO:0003700 -[part_of]-> GO:0006355
GO:0003705 -[is_a]-> GO:0000981
GO:0003705 -[has_part]-> GO:0000980
GO:0003707 -[is_a]-> GO:0038023
GO:0003707 -[part_of]-> GO:0043401
GO:0003708 -[is_a]-> GO:0004879
GO:0003708 -[is_a]-> GO:0038023
GO:0003708 -[has_part]-> GO:0001972
GO:0003708 -[part_of]-> GO:0048384
GO:0003712 -[is_a]-> GO:0000989
GO:0003712 -[has_part]-> GO:0001098
GO:0003713 -[is_a]-> GO:0003712
GO:0003713 -[has_part]-> GO:0033613
GO:0003714 -[is_a]-> GO:0003712
GO:0003714 -[has_part]-> GO:0070491
GO:0003714 -[part_of]-> GO:1903507
GO:0003720 -[is_a]-> GO:0003964
GO:0003721 -[is_a]-> GO:0003964
GO:0003721 -[part_of]-> GO:0003720
GO:0003723 -[is_a]-> GO:0003676
GO:0003724 -[is_a]-> GO:0004386
GO:0003725 -[is_a]-> GO:0003723
GO:0003726 -[is_a]-> GO:0004000
GO:0003727 -[is_a]-> GO:0003723
GO:0003729 -[is_a]-> GO:0044822
GO:0003730 -[is_a]-> GO:0003729
GO:0003735 -[is_a]-> GO:0005198
GO:0003743 -[is_a]-> GO:0008135
GO:0003743 -[part_of]-> GO:0006413
GO:0003746 -[is_a]-> GO:0008135
GO:0003746 -[part_of]-> GO:0006414
GO:0003747 -[is_a]-> GO:0008079
GO:0003755 -[is_a]-> GO:0016859
GO:0003755 -[part_of]-> GO:0000413
GO:0003756 -[is_a]-> GO:0016864
GO:0003774 -[is_a]-> GO:0017111
GO:0003777 -[is_a]-> GO:0003774
GO:0003779 -[is_a]-> GO:0008092
GO:0003785 -[is_a]-> GO:0003779
GO:0003786 -[is_a]-> GO:0051015
GO:0003796 -[is_a]-> GO:0004553
GO:0003796 -[is_a]-> GO:0061783
GO:0003810 -[is_a]-> GO:0016755
GO:0003823 -[is_a]-> GO:0005488
GO:0003824 -[is_a]-> GO:0003674
GO:0003825 -[is_a]-> GO:0035251
GO:0003826 -[is_a]-> GO:0016491
GO:0003827 -[is_a]-> GO:0008375
GO:0003828 -[is_a]-> GO:0008373
GO:0003829 -[is_a]-> GO:0008375
GO:0003830 -[is_a]-> GO:0008375
GO:0003831 -[is_a]-> GO:0035250
GO:0003832 -[is_a]-> GO:0016787
GO:0003833 -[is_a]-> GO:0016874
GO:0003834 -[is_a]-> GO:0016702
GO:0003835 -[is_a]-> GO:0008373
GO:0003836 -[is_a]-> GO:0008373
GO:0003837 -[is_a]-> GO:0016811
GO:0003838 -[is_a]-> GO:0008169
GO:0003838 -[is_a]-> GO:0008757
GO:0003839 -[is_a]-> GO:0016755
GO:0003840 -[is_a]-> GO:0016755
GO:0003841 -[is_a]-> GO:0016411
GO:0003841 -[is_a]-> GO:0042171
GO:0003842 -[is_a]-> GO:0016646
GO:0003843 -[is_a]-> GO:0035251
GO:0003844 -[is_a]-> GO:0016758
GO:0003845 -[is_a]-> GO:0033764
GO:0003846 -[is_a]-> GO:0016411
GO:0003847 -[is_a]-> GO:0052689
GO:0003848 -[is_a]-> GO:0016778
GO:0003849 -[is_a]-> GO:0016765
GO:0003850 -[is_a]-> GO:0050308
GO:0003851 -[is_a]-> GO:0035250
GO:0003852 -[is_a]-> GO:0046912
GO:0003853 -[is_a]-> GO:0003995
GO:0003854 -[is_a]-> GO:0033764
GO:0003855 -[is_a]-> GO:0016836
GO:0003856 -[is_a]-> GO:0016838
GO:0003857 -[is_a]-> GO:0016616
GO:0003858 -[is_a]-> GO:0016616
GO:0003859 -[is_a]-> GO:0016836
GO:0003860 -[is_a]-> GO:0016289
GO:0003861 -[is_a]-> GO:0016836
GO:0003862 -[is_a]-> GO:0016616
GO:0003863 -[is_a]-> GO:0016624
GO:0003864 -[is_a]-> GO:0016742
GO:0003865 -[is_a]-> GO:0033765
GO:0003866 -[is_a]-> GO:0016765
GO:0003867 -[is_a]-> GO:0008483
GO:0003868 -[is_a]-> GO:0016702
GO:0003870 -[is_a]-> GO:0016749
GO:0003871 -[is_a]-> GO:0008172
GO:0003871 -[is_a]-> GO:0042085
GO:0003872 -[is_a]-> GO:0008443
GO:0003872 -[part_of]-> GO:0061615
GO:0003873 -[is_a]-> GO:0008443
GO:0003874 -[is_a]-> GO:0016838
GO:0003875 -[is_a]-> GO:0016799
GO:0003876 -[is_a]-> GO:0047623
GO:0003877 -[is_a]-> GO:0070566
GO:0003878 -[is_a]-> GO:0046912
GO:0003879 -[is_a]-> GO:0016763
GO:0003880 -[is_a]-> GO:0051998
GO:0003880 -[part_of]-> GO:0006481
GO:0003881 -[is_a]-> GO:0017169
GO:0003882 -[is_a]-> GO:0017169
GO:0003883 -[is_a]-> GO:0016879
GO:0003884 -[is_a]-> GO:0016641
GO:0003885 -[is_a]-> GO:0016899
GO:0003886 -[is_a]-> GO:0008757
GO:0003886 -[is_a]-> GO:0009008
GO:0003886 -[part_of]-> GO:0090116
GO:0003887 -[is_a]-> GO:0034061
GO:0003896 -[is_a]-> GO:0003899
GO:0003896 -[part_of]-> GO:0006269
GO:0003899 -[is_a]-> GO:0034062
GO:0003899 -[part_of]-> GO:0032774
GO:0003904 -[is_a]-> GO:0003913
GO:0003905 -[is_a]-> GO:0019104
GO:0003906 -[is_a]-> GO:0004520
GO:0003906 -[is_a]-> GO:0016835
GO:0003908 -[is_a]-> GO:0008172
GO:0003909 -[is_a]-> GO:0016886
GO:0003909 -[part_of]-> GO:0006266
GO:0003910 -[is_a]-> GO:0003909
GO:0003911 -[is_a]-> GO:0003909
GO:0003912 -[is_a]-> GO:0016779
GO:0003913 -[is_a]-> GO:0016830
GO:0003914 -[is_a]-> GO:0003913
GO:0003916 -[is_a]-> GO:0016853
GO:0003916 -[has_part]-> GO:0003677
GO:0003917 -[is_a]-> GO:0003916
GO:0003918 -[is_a]-> GO:0008094
GO:0003918 -[is_a]-> GO:0061505
GO:0003919 -[is_a]-> GO:0070566
GO:0003920 -[is_a]-> GO:0016657
GO:0003921 -[is_a]-> GO:0016879
GO:0003921 -[part_of]-> GO:0006177
GO:0003922 -[is_a]-> GO:0016884
GO:0003923 -[is_a]-> GO:0016787
GO:0003924 -[is_a]-> GO:0017111
GO:0003933 -[is_a]-> GO:0019238
GO:0003934 -[is_a]-> GO:0003933
GO:0003935 -[is_a]-> GO:0003933
GO:0003937 -[is_a]-> GO:0019238
GO:0003938 -[is_a]-> GO:0016616
GO:0003939 -[is_a]-> GO:0016616
GO:0003940 -[is_a]-> GO:0004553
GO:0003941 -[is_a]-> GO:0016841
GO:0003942 -[is_a]-> GO:0016620
GO:0003943 -[is_a]-> GO:0008484
GO:0003944 -[is_a]-> GO:0015929
GO:0003945 -[is_a]-> GO:0035250
GO:0003947 -[is_a]-> GO:0008376
GO:0003948 -[is_a]-> GO:0016811
GO:0003949 -[is_a]-> GO:0016861
GO:0003950 -[is_a]-> GO:0016763
GO:0003951 -[is_a]-> GO:0016301
GO:0003951 -[is_a]-> GO:0016773
GO:0003952 -[is_a]-> GO:0016884
GO:0003953 -[is_a]-> GO:0016799
GO:0003954 -[is_a]-> GO:0016651
GO:0003955 -[is_a]-> GO:0016655
GO:0003956 -[is_a]-> GO:0016763
GO:0003957 -[is_a]-> GO:0008746
GO:0003957 -[is_a]-> GO:0015078
GO:0003958 -[is_a]-> GO:0016653
GO:0003959 -[is_a]-> GO:0016651
GO:0003960 -[is_a]-> GO:0016655
GO:0003961 -[is_a]-> GO:0016765
GO:0003961 -[part_of]-> GO:0071266
GO:0003962 -[is_a]-> GO:0016765
GO:0003963 -[is_a]-> GO:0009975
GO:0003963 -[is_a]-> GO:0016886
GO:0003964 -[is_a]-> GO:0034061
GO:0003964 -[part_of]-> GO:0006278
GO:0003968 -[is_a]-> GO:0034062
GO:0003968 -[part_of]-> GO:0001172
GO:0003972 -[is_a]-> GO:0008452
GO:0003973 -[is_a]-> GO:0016899
GO:0003974 -[is_a]-> GO:0016857
GO:0003975 -[is_a]-> GO:0016780
GO:0003976 -[is_a]-> GO:0016780
GO:0003977 -[is_a]-> GO:0070569
GO:0003978 -[is_a]-> GO:0016857
GO:0003979 -[is_a]-> GO:0016616
GO:0003980 -[is_a]-> GO:0035251
GO:0003980 -[part_of]-> GO:0097359
GO:0003983 -[is_a]-> GO:0051748
GO:0003984 -[is_a]-> GO:0016744
GO:0003985 -[is_a]-> GO:0003988
GO:0003985 -[is_a]-> GO:0016453
GO:0003986 -[is_a]-> GO:0016289
GO:0003987 -[is_a]-> GO:0016405
GO:0003987 -[is_a]-> GO:0016878
GO:0003988 -[is_a]-> GO:0016408
GO:0003989 -[is_a]-> GO:0016421
GO:0003990 -[is_a]-> GO:0004104
GO:0003991 -[is_a]-> GO:0016301
GO:0003991 -[is_a]-> GO:0016774
GO:0003992 -[is_a]-> GO:0008483
GO:0003993 -[is_a]-> GO:0016791
GO:0003994 -[is_a]-> GO:0016836
GO:0003995 -[is_a]-> GO:0016627
GO:0003996 -[is_a]-> GO:0016405
GO:0003996 -[is_a]-> GO:0016878
GO:0003997 -[is_a]-> GO:0016634
GO:0003998 -[is_a]-> GO:0016818
GO:0003999 -[is_a]-> GO:0016763
GO:0004000 -[is_a]-> GO:0016814
GO:0004000 -[is_a]-> GO:0019239
GO:0004001 -[is_a]-> GO:0016773
GO:0004001 -[is_a]-> GO:0019206
GO:0004001 -[part_of]-> GO:0006167
GO:0004003 -[is_a]-> GO:0003678
GO:0004003 -[is_a]-> GO:0008026
GO:0004003 -[is_a]-> GO:0008094
GO:0004004 -[is_a]-> GO:0003724
GO:0004004 -[is_a]-> GO:0008026
GO:0004004 -[is_a]-> GO:0008186
GO:0004008 -[is_a]-> GO:0043682
GO:0004008 -[part_of]-> GO:0060003
GO:0004012 -[is_a]-> GO:0005548
GO:0004012 -[is_a]-> GO:0043492
GO:0004012 -[part_of]-> GO:0045332
GO:0004013 -[is_a]-> GO:0016802
GO:0004014 -[is_a]-> GO:0016831
GO:0004015 -[is_a]-> GO:0008483
GO:0004016 -[is_a]-> GO:0009975
GO:0004016 -[is_a]-> GO:0016849
GO:0004016 -[part_of]-> GO:0006171
GO:0004017 -[is_a]-> GO:0016776
GO:0004017 -[is_a]-> GO:0019201
GO:0004018 -[is_a]-> GO:0016842
GO:0004019 -[is_a]-> GO:0016879
GO:0004020 -[is_a]-> GO:0016301
GO:0004020 -[is_a]-> GO:0016773
GO:0004021 -[is_a]-> GO:0047635
GO:0004022 -[is_a]-> GO:0016616
GO:0004023 -[is_a]-> GO:0004022
GO:0004024 -[is_a]-> GO:0004022
GO:0004025 -[is_a]-> GO:0004022
GO:0004026 -[is_a]-> GO:0016413
GO:0004026 -[is_a]-> GO:0034318
GO:0004027 -[is_a]-> GO:0008146
GO:0004028 -[is_a]-> GO:0016620
GO:0004029 -[is_a]-> GO:0016620
GO:0004030 -[is_a]-> GO:0016620
GO:0004031 -[is_a]-> GO:0016623
GO:0004032 -[is_a]-> GO:0008106
GO:0004033 -[is_a]-> GO:0016616
GO:0004034 -[is_a]-> GO:0016857
GO:0004035 -[is_a]-> GO:0016791
GO:0004037 -[is_a]-> GO:0016813
GO:0004038 -[is_a]-> GO:0016812
GO:0004039 -[is_a]-> GO:0016811
GO:0004040 -[is_a]-> GO:0016811
GO:0004042 -[is_a]-> GO:0008080
GO:0004043 -[is_a]-> GO:0016620
GO:0004044 -[is_a]-> GO:0016763
GO:0004045 -[is_a]-> GO:0052689
GO:0004046 -[is_a]-> GO:0016811
GO:0004047 -[is_a]-> GO:0008168
GO:0004048 -[is_a]-> GO:0016763
GO:0004049 -[is_a]-> GO:0016833
GO:0004051 -[is_a]-> GO:0016702
GO:0004052 -[is_a]-> GO:0016702
GO:0004053 -[is_a]-> GO:0016813
GO:0004054 -[is_a]-> GO:0016775
GO:0004054 -[is_a]-> GO:0019202
GO:0004055 -[is_a]-> GO:0016879
GO:0004056 -[is_a]-> GO:0016842
GO:0004057 -[is_a]-> GO:0016755
GO:0004058 -[is_a]-> GO:0016831
GO:0004059 -[is_a]-> GO:0008080
GO:0004060 -[is_a]-> GO:0008080
GO:0004061 -[is_a]-> GO:0016811
GO:0004062 -[is_a]-> GO:0008146
GO:0004063 -[is_a]-> GO:0016791
GO:0004064 -[is_a]-> GO:0052689
GO:0004065 -[is_a]-> GO:0008484
GO:0004066 -[is_a]-> GO:0016884
GO:0004067 -[is_a]-> GO:0016811
GO:0004068 -[is_a]-> GO:0016831
GO:0004069 -[is_a]-> GO:0008483
GO:0004070 -[is_a]-> GO:0016743
GO:0004071 -[is_a]-> GO:0016211
GO:0004072 -[is_a]-> GO:0016774
GO:0004072 -[is_a]-> GO:0019202
GO:0004073 -[is_a]-> GO:0016620
GO:0004074 -[is_a]-> GO:0016628
GO:0004075 -[is_a]-> GO:0016879
GO:0004076 -[is_a]-> GO:0016783
GO:0004076 -[is_a]-> GO:0070283
GO:0004077 -[is_a]-> GO:0018271
GO:0004078 -[is_a]-> GO:0018271
GO:0004079 -[is_a]-> GO:0018271
GO:0004080 -[is_a]-> GO:0018271
GO:0004081 -[is_a]-> GO:0008796
GO:0004082 -[is_a]-> GO:0016868
GO:0004083 -[is_a]-> GO:0034416
GO:0004084 -[is_a]-> GO:0008483
GO:0004085 -[is_a]-> GO:0052890
GO:0004087 -[is_a]-> GO:0016879
GO:0004088 -[is_a]-> GO:0016884
GO:0004089 -[is_a]-> GO:0016836
GO:0004090 -[is_a]-> GO:0016616
GO:0004092 -[is_a]-> GO:0016406
GO:0004092 -[is_a]-> GO:0016413
GO:0004095 -[is_a]-> GO:0016406
GO:0004095 -[is_a]-> GO:0016416
GO:0004096 -[is_a]-> GO:0004601
GO:0004097 -[is_a]-> GO:0016682
GO:0004098 -[is_a]-> GO:0008484
GO:0004099 -[is_a]-> GO:0016811
GO:0004099 -[is_a]-> GO:0019213
GO:0004100 -[is_a]-> GO:0008375
GO:0004102 -[is_a]-> GO:0016413
GO:0004103 -[is_a]-> GO:0016301
GO:0004103 -[is_a]-> GO:0016773
GO:0004103 -[part_of]-> GO:0006657
GO:0004104 -[is_a]-> GO:0052689
GO:0004105 -[is_a]-> GO:0070567
GO:0004105 -[part_of]-> GO:0006657
GO:0004106 -[is_a]-> GO:0016866
GO:0004107 -[is_a]-> GO:0016838
GO:0004108 -[is_a]-> GO:0036440
GO:0004109 -[is_a]-> GO:0016634
GO:0004110 -[is_a]-> GO:0016861
GO:0004111 -[is_a]-> GO:0016301
GO:0004111 -[is_a]-> GO:0016775
GO:0004112 -[is_a]-> GO:0008081
GO:0004113 -[is_a]-> GO:0004112
GO:0004114 -[is_a]-> GO:0004112
GO:0004115 -[is_a]-> GO:0004114
GO:0004117 -[is_a]-> GO:0004114
GO:0004118 -[is_a]-> GO:0004114
GO:0004119 -[is_a]-> GO:0004114
GO:0004120 -[is_a]-> GO:0004114
GO:0004121 -[is_a]-> GO:0016846
GO:0004122 -[is_a]-> GO:0016836
GO:0004123 -[is_a]-> GO:0016846
GO:0004124 -[is_a]-> GO:0016835
GO:0004124 -[part_of]-> GO:0019344
GO:0004125 -[is_a]-> GO:0016785
GO:0004126 -[is_a]-> GO:0016814
GO:0004126 -[is_a]-> GO:0019239
GO:0004126 -[part_of]-> GO:0009972
GO:0004127 -[is_a]-> GO:0019201
GO:0004128 -[is_a]-> GO:0016653
GO:0004129 -[is_a]-> GO:0009055
GO:0004129 -[is_a]-> GO:0015002
GO:0004129 -[is_a]-> GO:0015078
GO:0004129 -[is_a]-> GO:0016676
GO:0004130 -[is_a]-> GO:0004601
GO:0004131 -[is_a]-> GO:0016814
GO:0004131 -[is_a]-> GO:0019239
GO:0004132 -[is_a]-> GO:0016814
GO:0004132 -[is_a]-> GO:0019239
GO:0004133 -[is_a]-> GO:0003824
GO:0004133 -[part_of]-> GO:0005977
GO:0004134 -[is_a]-> GO:0004133
GO:0004134 -[is_a]-> GO:0016758
GO:0004135 -[is_a]-> GO:0004133
GO:0004135 -[is_a]-> GO:0090599
GO:0004136 -[is_a]-> GO:0019136
GO:0004136 -[part_of]-> GO:0006170
GO:0004137 -[is_a]-> GO:0019136
GO:0004138 -[is_a]-> GO:0019136
GO:0004139 -[is_a]-> GO:0016832
GO:0004140 -[is_a]-> GO:0016301
GO:0004140 -[is_a]-> GO:0016773
GO:0004141 -[is_a]-> GO:0016882
GO:0004142 -[is_a]-> GO:0017169
GO:0004142 -[part_of]-> GO:0006657
GO:0004143 -[is_a]-> GO:0016301
GO:0004143 -[is_a]-> GO:0016773
GO:0004144 -[is_a]-> GO:0016411
GO:0004145 -[is_a]-> GO:0008080
GO:0004146 -[is_a]-> GO:0016646
GO:0004147 -[is_a]-> GO:0030523
GO:0004148 -[is_a]-> GO:0016668
GO:0004149 -[is_a]-> GO:0016751
GO:0004150 -[is_a]-> GO:0016832
GO:0004151 -[is_a]-> GO:0016812
GO:0004152 -[is_a]-> GO:0016635
GO:0004153 -[is_a]-> GO:0019239
GO:0004154 -[is_a]-> GO:0016491
GO:0004155 -[is_a]-> GO:0016646
GO:0004156 -[is_a]-> GO:0016765
GO:0004157 -[is_a]-> GO:0016812
GO:0004158 -[is_a]-> GO:0004152
GO:0004158 -[is_a]-> GO:0016634
GO:0004159 -[is_a]-> GO:0016628
GO:0004160 -[is_a]-> GO:0016836
GO:0004161 -[is_a]-> GO:0004659
GO:0004162 -[is_a]-> GO:0032451
GO:0004163 -[is_a]-> GO:0016831
GO:0004164 -[is_a]-> GO:0008757
GO:0004165 -[is_a]-> GO:0016863
GO:0004166 -[is_a]-> GO:0008375
GO:0004167 -[is_a]-> GO:0016863
GO:0004168 -[is_a]-> GO:0016301
GO:0004168 -[is_a]-> GO:0016773
GO:0004169 -[is_a]-> GO:0000030
GO:0004169 -[part_of]-> GO:0035269
GO:0004170 -[is_a]-> GO:0047429
GO:0004173 -[is_a]-> GO:0008374
GO:0004174 -[is_a]-> GO:0016649
GO:0004175 -[is_a]-> GO:0070011
GO:0004176 -[is_a]-> GO:0042623
GO:0004176 -[is_a]-> GO:0070011
GO:0004177 -[is_a]-> GO:0008238
GO:0004180 -[is_a]-> GO:0008238
GO:0004181 -[is_a]-> GO:0004180
GO:0004181 -[is_a]-> GO:0008235
GO:0004185 -[is_a]-> GO:0004180
GO:0004185 -[is_a]-> GO:0070008
GO:0004190 -[is_a]-> GO:0004175
GO:0004190 -[is_a]-> GO:0070001
GO:0004197 -[is_a]-> GO:0004175
GO:0004197 -[is_a]-> GO:0008234
GO:0004198 -[is_a]-> GO:0004197
GO:0004222 -[is_a]-> GO:0004175
GO:0004222 -[is_a]-> GO:0008237
GO:0004252 -[is_a]-> GO:0004175
GO:0004252 -[is_a]-> GO:0008236
GO:0004298 -[is_a]-> GO:0004175
GO:0004298 -[is_a]-> GO:0070003
GO:0004300 -[is_a]-> GO:0016836
GO:0004301 -[is_a]-> GO:0016803
GO:0004303 -[is_a]-> GO:0033764
GO:0004304 -[is_a]-> GO:0008146
GO:0004305 -[is_a]-> GO:0016301
GO:0004305 -[is_a]-> GO:0016773
GO:0004306 -[is_a]-> GO:0070567
GO:0004307 -[is_a]-> GO:0017169
GO:0004308 -[is_a]-> GO:0016997
GO:0004309 -[is_a]-> GO:0016462
GO:0004310 -[is_a]-> GO:0004311
GO:0004311 -[is_a]-> GO:0004659
GO:0004312 -[is_a]-> GO:0016747
GO:0004313 -[is_a]-> GO:0004312
GO:0004313 -[is_a]-> GO:0016418
GO:0004314 -[is_a]-> GO:0004312
GO:0004314 -[is_a]-> GO:0016419
GO:0004315 -[is_a]-> GO:0004312
GO:0004316 -[is_a]-> GO:0004312
GO:0004316 -[is_a]-> GO:0016616
GO:0004317 -[is_a]-> GO:0004312
GO:0004317 -[is_a]-> GO:0019171
GO:0004318 -[is_a]-> GO:0004312
GO:0004318 -[is_a]-> GO:0016628
GO:0004319 -[is_a]-> GO:0004312
GO:0004319 -[is_a]-> GO:0016628
GO:0004320 -[is_a]-> GO:0016297
GO:0004321 -[is_a]-> GO:0016408
GO:0004322 -[is_a]-> GO:0016724
GO:0004324 -[is_a]-> GO:0016731
GO:0004325 -[is_a]-> GO:0016829
GO:0004326 -[is_a]-> GO:0016881
GO:0004326 -[part_of]-> GO:0046901
GO:0004328 -[is_a]-> GO:0016811
GO:0004329 -[is_a]-> GO:0016879
GO:0004331 -[is_a]-> GO:0050308
GO:0004332 -[is_a]-> GO:0016832
GO:0004333 -[is_a]-> GO:0016836
GO:0004334 -[is_a]-> GO:0016823
GO:0004335 -[is_a]-> GO:0016773
GO:0004335 -[is_a]-> GO:0019200
GO:0004336 -[is_a]-> GO:0004553
GO:0004337 -[is_a]-> GO:0004659
GO:0004338 -[is_a]-> GO:0008422
GO:0004339 -[is_a]-> GO:0015926
GO:0004340 -[is_a]-> GO:0004396
GO:0004340 -[part_of]-> GO:0051156
GO:0004341 -[is_a]-> GO:0052689
GO:0004342 -[is_a]-> GO:0016861
GO:0004342 -[is_a]-> GO:0019239
GO:0004343 -[is_a]-> GO:0008080
GO:0004344 -[is_a]-> GO:0016614
GO:0004345 -[is_a]-> GO:0016616
GO:0004346 -[is_a]-> GO:0050309
GO:0004347 -[is_a]-> GO:0016861
GO:0004348 -[is_a]-> GO:0004553
GO:0004349 -[is_a]-> GO:0016774
GO:0004349 -[is_a]-> GO:0019202
GO:0004350 -[is_a]-> GO:0016620
GO:0004351 -[is_a]-> GO:0016831
GO:0004352 -[is_a]-> GO:0016639
GO:0004353 -[is_a]-> GO:0016639
GO:0004354 -[is_a]-> GO:0016639
GO:0004355 -[is_a]-> GO:0045181
GO:0004356 -[is_a]-> GO:0016211
GO:0004357 -[is_a]-> GO:0016881
GO:0004358 -[is_a]-> GO:0008080
GO:0004359 -[is_a]-> GO:0016811
GO:0004360 -[is_a]-> GO:0070548
GO:0004361 -[is_a]-> GO:0003995
GO:0004362 -[is_a]-> GO:0015038
GO:0004362 -[is_a]-> GO:0016209
GO:0004362 -[is_a]-> GO:0016668
GO:0004363 -[is_a]-> GO:0016881
GO:0004363 -[part_of]-> GO:0006750
GO:0004364 -[is_a]-> GO:0016765
GO:0004365 -[is_a]-> GO:0043891
GO:0004366 -[is_a]-> GO:0008374
GO:0004367 -[is_a]-> GO:0016616
GO:0004368 -[is_a]-> GO:0016901
GO:0004369 -[is_a]-> GO:0016899
GO:0004370 -[is_a]-> GO:0016301
GO:0004370 -[is_a]-> GO:0016773
GO:0004371 -[is_a]-> GO:0016301
GO:0004371 -[is_a]-> GO:0016773
GO:0004372 -[is_a]-> GO:0016742
GO:0004373 -[is_a]-> GO:0035251
GO:0004375 -[is_a]-> GO:0016642
GO:0004376 -[is_a]-> GO:0000030
GO:0004377 -[is_a]-> GO:0000026
GO:0004377 -[is_a]-> GO:0004376
GO:0004378 -[is_a]-> GO:0004376
GO:0004379 -[is_a]-> GO:0016410
GO:0004379 -[is_a]-> GO:0019107
GO:0004380 -[is_a]-> GO:0008376
GO:0004381 -[is_a]-> GO:0035250
GO:0004382 -[is_a]-> GO:0017110
GO:0004383 -[is_a]-> GO:0009975
GO:0004383 -[is_a]-> GO:0016849
GO:0004383 -[part_of]-> GO:0006182
GO:0004385 -[is_a]-> GO:0016776
GO:0004385 -[is_a]-> GO:0019201
GO:0004385 -[part_of]-> GO:0046037
GO:0004385 -[part_of]-> GO:0046710
GO:0004386 -[is_a]-> GO:0017111
GO:0004392 -[is_a]-> GO:0016705
GO:0004394 -[is_a]-> GO:0034483
GO:0004395 -[is_a]-> GO:0010420
GO:0004396 -[is_a]-> GO:0016773
GO:0004396 -[is_a]-> GO:0019200
GO:0004397 -[is_a]-> GO:0016841
GO:0004398 -[is_a]-> GO:0016831
GO:0004399 -[is_a]-> GO:0016616
GO:0004400 -[is_a]-> GO:0008483
GO:0004401 -[is_a]-> GO:0016791
GO:0004402 -[is_a]-> GO:0061733
GO:0004402 -[part_of]-> GO:0016573
GO:0004407 -[is_a]-> GO:0016811
GO:0004407 -[is_a]-> GO:0033558
GO:0004407 -[part_of]-> GO:0016575
GO:0004408 -[is_a]-> GO:0016846
GO:0004409 -[is_a]-> GO:0016836
GO:0004410 -[is_a]-> GO:0046912
GO:0004411 -[is_a]-> GO:0016702
GO:0004412 -[is_a]-> GO:0016616
GO:0004413 -[is_a]-> GO:0016773
GO:0004413 -[is_a]-> GO:0019202
GO:0004414 -[is_a]-> GO:0016413
GO:0004415 -[is_a]-> GO:0015929
GO:0004416 -[is_a]-> GO:0016790
GO:0004417 -[is_a]-> GO:0016301
GO:0004417 -[is_a]-> GO:0016773
GO:0004418 -[is_a]-> GO:0016765
GO:0004419 -[is_a]-> GO:0016833
GO:0004420 -[is_a]-> GO:0016616
GO:0004421 -[is_a]-> GO:0046912
GO:0004422 -[is_a]-> GO:0016763
GO:0004423 -[is_a]-> GO:0008484
GO:0004424 -[is_a]-> GO:0016836
GO:0004425 -[is_a]-> GO:0016831
GO:0004427 -[is_a]-> GO:0016462
GO:0004430 -[is_a]-> GO:0052742
GO:0004435 -[is_a]-> GO:0004629
GO:0004436 -[is_a]-> GO:0016849
GO:0004438 -[is_a]-> GO:0052744
GO:0004439 -[is_a]-> GO:0034593
GO:0004439 -[is_a]-> GO:0034595
GO:0004441 -[is_a]-> GO:0016312
GO:0004445 -[is_a]-> GO:0046030
GO:0004446 -[is_a]-> GO:0052745
GO:0004447 -[is_a]-> GO:0004601
GO:0004448 -[is_a]-> GO:0016616
GO:0004449 -[is_a]-> GO:0004448
GO:0004450 -[is_a]-> GO:0004448
GO:0004451 -[is_a]-> GO:0016833
GO:0004452 -[is_a]-> GO:0016863
GO:0004453 -[is_a]-> GO:0052689
GO:0004454 -[is_a]-> GO:0016773
GO:0004454 -[is_a]-> GO:0019200
GO:0004455 -[is_a]-> GO:0016616
GO:0004456 -[is_a]-> GO:0016836
GO:0004457 -[is_a]-> GO:0016614
GO:0004458 -[is_a]-> GO:0004457
GO:0004458 -[is_a]-> GO:0016898
GO:0004459 -[is_a]-> GO:0004457
GO:0004459 -[is_a]-> GO:0016616
GO:0004460 -[is_a]-> GO:0004457
GO:0004460 -[is_a]-> GO:0016898
GO:0004461 -[is_a]-> GO:0035250
GO:0004462 -[is_a]-> GO:0016846
GO:0004463 -[is_a]-> GO:0016803
GO:0004464 -[is_a]-> GO:0016846
GO:0004465 -[is_a]-> GO:0004806
GO:0004466 -[is_a]-> GO:0003995
GO:0004467 -[is_a]-> GO:0015645
GO:0004467 -[part_of]-> GO:0001676
GO:0004468 -[is_a]-> GO:0008080
GO:0004470 -[is_a]-> GO:0016615
GO:0004471 -[is_a]-> GO:0004470
GO:0004471 -[is_a]-> GO:0016616
GO:0004473 -[is_a]-> GO:0004470
GO:0004473 -[is_a]-> GO:0016616
GO:0004474 -[is_a]-> GO:0046912
GO:0004475 -[is_a]-> GO:0008905
GO:0004476 -[is_a]-> GO:0016861
GO:0004477 -[is_a]-> GO:0019238
GO:0004478 -[is_a]-> GO:0016765
GO:0004479 -[is_a]-> GO:0016742
GO:0004479 -[part_of]-> GO:0006413
GO:0004479 -[part_of]-> GO:0071951
GO:0004481 -[is_a]-> GO:0008757
GO:0004482 -[is_a]-> GO:0008170
GO:0004482 -[is_a]-> GO:0008174
GO:0004482 -[part_of]-> GO:0006370
GO:0004482 -[part_of]-> GO:0036265
GO:0004483 -[is_a]-> GO:0008171
GO:0004483 -[is_a]-> GO:0008174
GO:0004484 -[is_a]-> GO:0008192
GO:0004485 -[is_a]-> GO:0016421
GO:0004486 -[is_a]-> GO:0016646
GO:0004487 -[is_a]-> GO:0016646
GO:0004488 -[is_a]-> GO:0016646
GO:0004489 -[is_a]-> GO:0016646
GO:0004490 -[is_a]-> GO:0016836
GO:0004491 -[is_a]-> GO:0016620
GO:0004492 -[is_a]-> GO:0016831
GO:0004493 -[is_a]-> GO:0016854
GO:0004494 -[is_a]-> GO:0016866
GO:0004495 -[is_a]-> GO:0016616
GO:0004496 -[is_a]-> GO:0016301
GO:0004496 -[is_a]-> GO:0016773
GO:0004497 -[is_a]-> GO:0016491
GO:0004498 -[is_a]-> GO:0016709
GO:0004498 -[part_of]-> GO:0036378
GO:0004499 -[is_a]-> GO:0016709
GO:0004500 -[is_a]-> GO:0016715
GO:0004501 -[is_a]-> GO:0008395
GO:0004501 -[is_a]-> GO:0016705
GO:0004502 -[is_a]-> GO:0016709
GO:0004503 -[is_a]-> GO:0016716
GO:0004504 -[is_a]-> GO:0016715
GO:0004505 -[is_a]-> GO:0016714
GO:0004506 -[is_a]-> GO:0016709
GO:0004507 -[is_a]-> GO:0008395
GO:0004507 -[is_a]-> GO:0016713
GO:0004508 -[is_a]-> GO:0008395
GO:0004508 -[is_a]-> GO:0016705
GO:0004509 -[is_a]-> GO:0008395
GO:0004509 -[is_a]-> GO:0016705
GO:0004510 -[is_a]-> GO:0016714
GO:0004511 -[is_a]-> GO:0016714
GO:0004512 -[is_a]-> GO:0016872
GO:0004513 -[is_a]-> GO:0008373
GO:0004514 -[is_a]-> GO:0016763
GO:0004515 -[is_a]-> GO:0070566
GO:0004516 -[is_a]-> GO:0016763
GO:0004517 -[is_a]-> GO:0016709
GO:0004518 -[is_a]-> GO:0016788
GO:0004518 -[part_of]-> GO:0090305
GO:0004519 -[is_a]-> GO:0004518
GO:0004520 -[is_a]-> GO:0004519
GO:0004520 -[is_a]-> GO:0004536
GO:0004521 -[is_a]-> GO:0004519
GO:0004521 -[is_a]-> GO:0004540
GO:0004521 -[part_of]-> GO:0090502
GO:0004522 -[is_a]-> GO:0016892
GO:0004523 -[is_a]-> GO:0016891
GO:0004525 -[is_a]-> GO:0016891
GO:0004525 -[is_a]-> GO:0032296
GO:0004526 -[is_a]-> GO:0004549
GO:0004526 -[is_a]-> GO:0016891
GO:0004527 -[is_a]-> GO:0004518
GO:0004528 -[is_a]-> GO:0004527
GO:0004528 -[is_a]-> GO:0008081
GO:0004529 -[is_a]-> GO:0004527
GO:0004529 -[is_a]-> GO:0004536
GO:0004530 -[is_a]-> GO:0016888
GO:0004531 -[is_a]-> GO:0016889
GO:0004532 -[is_a]-> GO:0004527
GO:0004532 -[is_a]-> GO:0004540
GO:0004532 -[part_of]-> GO:0090503
GO:0004533 -[is_a]-> GO:0016896
GO:0004534 -[is_a]-> GO:0008409
GO:0004534 -[is_a]-> GO:0016896
GO:0004535 -[is_a]-> GO:0000175
GO:0004536 -[is_a]-> GO:0004518
GO:0004536 -[part_of]-> GO:0006259
GO:0004540 -[is_a]-> GO:0004518
GO:0004540 -[part_of]-> GO:0090501
GO:0004549 -[is_a]-> GO:0004540
GO:0004550 -[is_a]-> GO:0016776
GO:0004550 -[is_a]-> GO:0019205
GO:0004550 -[part_of]-> GO:0006165
GO:0004551 -[is_a]-> GO:0016462
GO:0004552 -[is_a]-> GO:0016616
GO:0004553 -[is_a]-> GO:0016798
GO:0004555 -[is_a]-> GO:0015927
GO:0004556 -[is_a]-> GO:0016160
GO:0004557 -[is_a]-> GO:0015925
GO:0004558 -[is_a]-> GO:0090599
GO:0004559 -[is_a]-> GO:0015923
GO:0004560 -[is_a]-> GO:0015928
GO:0004561 -[is_a]-> GO:0015929
GO:0004563 -[is_a]-> GO:0015929
GO:0004564 -[is_a]-> GO:0004553
GO:0004565 -[is_a]-> GO:0015925
GO:0004566 -[is_a]-> GO:0004553
GO:0004567 -[is_a]-> GO:0015923
GO:0004568 -[is_a]-> GO:0004553
GO:0004569 -[is_a]-> GO:0004559
GO:0004571 -[is_a]-> GO:0015924
GO:0004572 -[is_a]-> GO:0015924
GO:0004573 -[is_a]-> GO:0015926
GO:0004574 -[is_a]-> GO:0090599
GO:0004575 -[is_a]-> GO:0004564
GO:0004575 -[is_a]-> GO:0090599
GO:0004576 -[is_a]-> GO:0016758
GO:0004577 -[is_a]-> GO:0008375
GO:0004578 -[is_a]-> GO:0019187
GO:0004579 -[is_a]-> GO:0004576
GO:0004581 -[is_a]-> GO:0035251
GO:0004582 -[is_a]-> GO:0000030
GO:0004583 -[is_a]-> GO:0046527
GO:0004584 -[is_a]-> GO:0000030
GO:0004585 -[is_a]-> GO:0016743
GO:0004585 -[part_of]-> GO:0006591
GO:0004586 -[is_a]-> GO:0016831
GO:0004587 -[is_a]-> GO:0008483
GO:0004588 -[is_a]-> GO:0016763
GO:0004589 -[is_a]-> GO:0016628
GO:0004590 -[is_a]-> GO:0016831
GO:0004591 -[is_a]-> GO:0016624
GO:0004592 -[is_a]-> GO:0016881
GO:0004593 -[is_a]-> GO:0016811
GO:0004594 -[is_a]-> GO:0016301
GO:0004594 -[is_a]-> GO:0016773
GO:0004595 -[is_a]-> GO:0070566
GO:0004596 -[is_a]-> GO:0034212
GO:0004597 -[is_a]-> GO:0016706
GO:0004598 -[is_a]-> GO:0016842
GO:0004601 -[is_a]-> GO:0016209
GO:0004601 -[is_a]-> GO:0016684
GO:0004602 -[is_a]-> GO:0004601
GO:0004603 -[is_a]-> GO:0008170
GO:0004603 -[is_a]-> GO:0008757
GO:0004604 -[is_a]-> GO:0016671
GO:0004605 -[is_a]-> GO:0070567
GO:0004607 -[is_a]-> GO:0008374
GO:0004608 -[is_a]-> GO:0008170
GO:0004608 -[is_a]-> GO:0008757
GO:0004609 -[is_a]-> GO:0016831
GO:0004610 -[is_a]-> GO:0016868
GO:0004611 -[is_a]-> GO:0016831
GO:0004612 -[is_a]-> GO:0004611
GO:0004613 -[is_a]-> GO:0004611
GO:0004614 -[is_a]-> GO:0016868
GO:0004615 -[is_a]-> GO:0016868
GO:0004616 -[is_a]-> GO:0016616
GO:0004617 -[is_a]-> GO:0016616
GO:0004618 -[is_a]-> GO:0016301
GO:0004618 -[is_a]-> GO:0016774
GO:0004619 -[is_a]-> GO:0016868
GO:0004620 -[is_a]-> GO:0016298
GO:0004621 -[is_a]-> GO:0004630
GO:0004622 -[is_a]-> GO:0004620
GO:0004622 -[is_a]-> GO:0052689
GO:0004623 -[is_a]-> GO:0004620
GO:0004623 -[is_a]-> GO:0052689
GO:0004629 -[is_a]-> GO:0004620
GO:0004629 -[is_a]-> GO:0008081
GO:0004630 -[is_a]-> GO:0004620
GO:0004630 -[is_a]-> GO:0008081
GO:0004631 -[is_a]-> GO:0016301
GO:0004631 -[is_a]-> GO:0016776
GO:0004632 -[is_a]-> GO:0016881
GO:0004633 -[is_a]-> GO:0016831
GO:0004634 -[is_a]-> GO:0016836
GO:0004635 -[is_a]-> GO:0019238
GO:0004636 -[is_a]-> GO:0016462
GO:0004637 -[is_a]-> GO:0016879
GO:0004638 -[is_a]-> GO:0016831
GO:0004639 -[is_a]-> GO:0016881
GO:0004640 -[is_a]-> GO:0016861
GO:0004641 -[is_a]-> GO:0016882
GO:0004642 -[is_a]-> GO:0016884
GO:0004643 -[is_a]-> GO:0016742
GO:0004644 -[is_a]-> GO:0016742
GO:0004645 -[is_a]-> GO:0016758
GO:0004647 -[is_a]-> GO:0016791
GO:0004648 -[is_a]-> GO:0008483
GO:0004649 -[is_a]-> GO:0004553
GO:0004650 -[is_a]-> GO:0004553
GO:0004651 -[is_a]-> GO:0098518
GO:0004651 -[part_of]-> GO:0098507
GO:0004652 -[is_a]-> GO:0070566
GO:0004653 -[is_a]-> GO:0008376
GO:0004654 -[is_a]-> GO:0016779
GO:0004655 -[is_a]-> GO:0016836
GO:0004656 -[is_a]-> GO:0019798
GO:0004656 -[is_a]-> GO:0031545
GO:0004657 -[is_a]-> GO:0016645
GO:0004658 -[is_a]-> GO:0016421
GO:0004659 -[is_a]-> GO:0016765
GO:0004660 -[is_a]-> GO:0008318
GO:0004661 -[is_a]-> GO:0008318
GO:0004662 -[is_a]-> GO:0004661
GO:0004663 -[is_a]-> GO:0004661
GO:0004664 -[is_a]-> GO:0016836
GO:0004665 -[is_a]-> GO:0016628
GO:0004666 -[is_a]-> GO:0016705
GO:0004667 -[is_a]-> GO:0016860
GO:0004668 -[is_a]-> GO:0016813
GO:0004671 -[is_a]-> GO:0003880
GO:0004671 -[is_a]-> GO:0008757
GO:0004672 -[is_a]-> GO:0016301
GO:0004672 -[is_a]-> GO:0016773
GO:0004672 -[part_of]-> GO:0006468
GO:0004673 -[is_a]-> GO:0004672
GO:0004673 -[is_a]-> GO:0016775
GO:0004673 -[part_of]-> GO:0018106
GO:0004674 -[is_a]-> GO:0004672
GO:0004675 -[is_a]-> GO:0004674
GO:0004675 -[is_a]-> GO:0019199
GO:0004675 -[part_of]-> GO:0007178
GO:0004676 -[is_a]-> GO:0004674
GO:0004677 -[is_a]-> GO:0004674
GO:0004679 -[is_a]-> GO:0004674
GO:0004683 -[is_a]-> GO:0004674
GO:0004686 -[is_a]-> GO:0004683
GO:0004687 -[is_a]-> GO:0004674
GO:0004689 -[is_a]-> GO:0004683
GO:0004690 -[is_a]-> GO:0004674
GO:0004691 -[is_a]-> GO:0004690
GO:0004692 -[is_a]-> GO:0004690
GO:0004693 -[is_a]-> GO:0004674
GO:0004693 -[is_a]-> GO:0097472
GO:0004694 -[is_a]-> GO:0004674
GO:0004694 -[part_of]-> GO:0010998
GO:0004697 -[is_a]-> GO:0004674
GO:0004698 -[is_a]-> GO:0004697
GO:0004698 -[is_a]-> GO:0009931
GO:0004699 -[is_a]-> GO:0004697
GO:0004702 -[is_a]-> GO:0004674
GO:0004702 -[is_a]-> GO:0005057
GO:0004702 -[part_of]-> GO:0023014
GO:0004703 -[is_a]-> GO:0004674
GO:0004704 -[is_a]-> GO:0004702
GO:0004704 -[part_of]-> GO:0038061
GO:0004705 -[is_a]-> GO:0016909
GO:0004705 -[part_of]-> GO:0007258
GO:0004706 -[is_a]-> GO:0004709
GO:0004706 -[part_of]-> GO:0007256
GO:0004707 -[is_a]-> GO:0004702
GO:0004707 -[part_of]-> GO:0000165
GO:0004708 -[is_a]-> GO:0004712
GO:0004708 -[is_a]-> GO:0004871
GO:0004708 -[part_of]-> GO:0000165
GO:0004708 -[part_of]-> GO:0000187
GO:0004709 -[is_a]-> GO:0004702
GO:0004709 -[part_of]-> GO:0000165
GO:0004709 -[part_of]-> GO:0000186
GO:0004711 -[is_a]-> GO:0004674
GO:0004712 -[is_a]-> GO:0004672
GO:0004713 -[is_a]-> GO:0004672
GO:0004713 -[part_of]-> GO:0018108
GO:0004714 -[is_a]-> GO:0004713
GO:0004714 -[is_a]-> GO:0019199
GO:0004715 -[is_a]-> GO:0004713
GO:0004716 -[is_a]-> GO:0004713
GO:0004716 -[is_a]-> GO:0005057
GO:0004716 -[part_of]-> GO:0023014
GO:0004719 -[is_a]-> GO:0008757
GO:0004719 -[is_a]-> GO:0051998
GO:0004720 -[is_a]-> GO:0016641
GO:0004721 -[is_a]-> GO:0016791
GO:0004721 -[part_of]-> GO:0006470
GO:0004722 -[is_a]-> GO:0004721
GO:0004723 -[is_a]-> GO:0004722
GO:0004724 -[is_a]-> GO:0004722
GO:0004725 -[is_a]-> GO:0004721
GO:0004725 -[part_of]-> GO:0035335
GO:0004726 -[is_a]-> GO:0004725
GO:0004727 -[is_a]-> GO:0004725
GO:0004728 -[is_a]-> GO:0004725
GO:0004728 -[is_a]-> GO:0005057
GO:0004728 -[part_of]-> GO:0023014
GO:0004729 -[is_a]-> GO:0016634
GO:0004729 -[is_a]-> GO:0070818
GO:0004730 -[is_a]-> GO:0016836
GO:0004730 -[part_of]-> GO:0001522
GO:0004731 -[is_a]-> GO:0016763
GO:0004732 -[is_a]-> GO:0016623
GO:0004733 -[is_a]-> GO:0016641
GO:0004733 -[part_of]-> GO:0042823
GO:0004734 -[is_a]-> GO:0016648
GO:0004735 -[is_a]-> GO:0016646
GO:0004736 -[is_a]-> GO:0016885
GO:0004737 -[is_a]-> GO:0016831
GO:0004738 -[is_a]-> GO:0016903
GO:0004739 -[is_a]-> GO:0004738
GO:0004739 -[is_a]-> GO:0016624
GO:0004740 -[is_a]-> GO:0004672
GO:0004741 -[is_a]-> GO:0016791
GO:0004742 -[is_a]-> GO:0016418
GO:0004742 -[is_a]-> GO:0030523
GO:0004743 -[is_a]-> GO:0016773
GO:0004743 -[part_of]-> GO:0006096
GO:0004744 -[is_a]-> GO:0016859
GO:0004745 -[is_a]-> GO:0016616
GO:0004746 -[is_a]-> GO:0016765
GO:0004747 -[is_a]-> GO:0016773
GO:0004747 -[is_a]-> GO:0019200
GO:0004748 -[is_a]-> GO:0061731
GO:0004749 -[is_a]-> GO:0016778
GO:0004750 -[is_a]-> GO:0016857
GO:0004751 -[is_a]-> GO:0016861
GO:0004753 -[is_a]-> GO:0016646
GO:0004754 -[is_a]-> GO:0004753
GO:0004755 -[is_a]-> GO:0004753
GO:0004756 -[is_a]-> GO:0016301
GO:0004756 -[is_a]-> GO:0016781
GO:0004757 -[is_a]-> GO:0016616
GO:0004758 -[is_a]-> GO:0016454
GO:0004760 -[is_a]-> GO:0008483
GO:0004764 -[is_a]-> GO:0016616
GO:0004765 -[is_a]-> GO:0016301
GO:0004765 -[is_a]-> GO:0016773
GO:0004766 -[is_a]-> GO:0016765
GO:0004767 -[is_a]-> GO:0004620
GO:0004767 -[is_a]-> GO:0008081
GO:0004768 -[is_a]-> GO:0016215
GO:0004769 -[is_a]-> GO:0016863
GO:0004771 -[is_a]-> GO:0016298
GO:0004771 -[is_a]-> GO:0052689
GO:0004772 -[is_a]-> GO:0008374
GO:0004773 -[is_a]-> GO:0008484
GO:0004774 -[is_a]-> GO:0016405
GO:0004774 -[is_a]-> GO:0016878
GO:0004775 -[is_a]-> GO:0004774
GO:0004776 -[is_a]-> GO:0004774
GO:0004777 -[is_a]-> GO:0016620
GO:0004778 -[is_a]-> GO:0016289
GO:0004779 -[is_a]-> GO:0070566
GO:0004780 -[is_a]-> GO:0004779
GO:0004781 -[is_a]-> GO:0004779
GO:0004782 -[is_a]-> GO:0016831
GO:0004783 -[is_a]-> GO:0016668
GO:0004784 -[is_a]-> GO:0016209
GO:0004784 -[is_a]-> GO:0016721
GO:0004784 -[part_of]-> GO:0019430
GO:0004787 -[is_a]-> GO:0017110
GO:0004788 -[is_a]-> GO:0016778
GO:0004789 -[is_a]-> GO:0016765
GO:0004790 -[is_a]-> GO:0008172
GO:0004790 -[is_a]-> GO:0008757
GO:0004791 -[is_a]-> GO:0015036
GO:0004791 -[is_a]-> GO:0016209
GO:0004791 -[is_a]-> GO:0016668
GO:0004792 -[is_a]-> GO:0016783
GO:0004793 -[is_a]-> GO:0016832
GO:0004794 -[is_a]-> GO:0016841
GO:0004795 -[is_a]-> GO:0016838
GO:0004796 -[is_a]-> GO:0016860
GO:0004797 -[is_a]-> GO:0019136
GO:0004798 -[is_a]-> GO:0016776
GO:0004798 -[is_a]-> GO:0019201
GO:0004799 -[is_a]-> GO:0042083
GO:0004800 -[is_a]-> GO:0016491
GO:0004801 -[is_a]-> GO:0016744
GO:0004802 -[is_a]-> GO:0016744
GO:0004803 -[is_a]-> GO:0003824
GO:0004805 -[is_a]-> GO:0019203
GO:0004806 -[is_a]-> GO:0016298
GO:0004806 -[is_a]-> GO:0052689
GO:0004807 -[is_a]-> GO:0016861
GO:0004808 -[is_a]-> GO:0008175
GO:0004808 -[is_a]-> GO:0008757
GO:0004809 -[is_a]-> GO:0008170
GO:0004809 -[is_a]-> GO:0016423
GO:0004810 -[is_a]-> GO:0070566
GO:0004812 -[is_a]-> GO:0016876
GO:0004813 -[is_a]-> GO:0004812
GO:0004814 -[is_a]-> GO:0004812
GO:0004815 -[is_a]-> GO:0004812
GO:0004816 -[is_a]-> GO:0004812
GO:0004817 -[is_a]-> GO:0004812
GO:0004818 -[is_a]-> GO:0004812
GO:0004819 -[is_a]-> GO:0004812
GO:0004820 -[is_a]-> GO:0004812
GO:0004821 -[is_a]-> GO:0004812
GO:0004822 -[is_a]-> GO:0004812
GO:0004823 -[is_a]-> GO:0004812
GO:0004824 -[is_a]-> GO:0004812
GO:0004825 -[is_a]-> GO:0004812
GO:0004826 -[is_a]-> GO:0004812
GO:0004827 -[is_a]-> GO:0004812
GO:0004828 -[is_a]-> GO:0004812
GO:0004829 -[is_a]-> GO:0004812
GO:0004830 -[is_a]-> GO:0004812
GO:0004831 -[is_a]-> GO:0004812
GO:0004832 -[is_a]-> GO:0004812
GO:0004833 -[is_a]-> GO:0016702
GO:0004834 -[is_a]-> GO:0016836
GO:0004834 -[part_of]-> GO:0000162
GO:0004835 -[is_a]-> GO:0016881
GO:0004836 -[is_a]-> GO:0016491
GO:0004837 -[is_a]-> GO:0016831
GO:0004838 -[is_a]-> GO:0070547
GO:0004839 -[is_a]-> GO:0008641
GO:0004839 -[part_of]-> GO:0016567
GO:0004842 -[is_a]-> GO:0019787
GO:0004842 -[part_of]-> GO:0016567
GO:0004843 -[is_a]-> GO:0036459
GO:0004844 -[is_a]-> GO:0097506
GO:0004845 -[is_a]-> GO:0016763
GO:0004846 -[is_a]-> GO:0016663
GO:0004847 -[is_a]-> GO:0016879
GO:0004848 -[is_a]-> GO:0016813
GO:0004849 -[is_a]-> GO:0019206
GO:0004849 -[part_of]-> GO:0006222
GO:0004850 -[is_a]-> GO:0016763
GO:0004851 -[is_a]-> GO:0008169
GO:0004851 -[is_a]-> GO:0008757
GO:0004852 -[is_a]-> GO:0016836
GO:0004853 -[is_a]-> GO:0016831
GO:0004854 -[is_a]-> GO:0016726
GO:0004855 -[is_a]-> GO:0016727
GO:0004856 -[is_a]-> GO:0016773
GO:0004856 -[is_a]-> GO:0019200
GO:0004857 -[is_a]-> GO:0030234
GO:0004857 -[part_of]-> GO:0043086
GO:0004858 -[is_a]-> GO:0004857
GO:0004858 -[negatively_regulates]-> GO:0004170
GO:0004859 -[is_a]-> GO:0055102
GO:0004859 -[negatively_regulates]-> GO:0004620
GO:0004860 -[is_a]-> GO:0019210
GO:0004860 -[is_a]-> GO:0019887
GO:0004860 -[negatively_regulates]-> GO:0004672
GO:0004860 -[part_of]-> GO:0006469
GO:0004861 -[is_a]-> GO:0016538
GO:0004861 -[is_a]-> GO:0030291
GO:0004861 -[negatively_regulates]-> GO:0004693
GO:0004862 -[is_a]-> GO:0030291
GO:0004862 -[negatively_regulates]-> GO:0004691
GO:0004864 -[is_a]-> GO:0019212
GO:0004864 -[is_a]-> GO:0019888
GO:0004864 -[negatively_regulates]-> GO:0004721
GO:0004865 -[is_a]-> GO:0004864
GO:0004866 -[is_a]-> GO:0030414
GO:0004866 -[is_a]-> GO:0061135
GO:0004866 -[negatively_regulates]-> GO:0004175
GO:0004866 -[part_of]-> GO:0010951
GO:0004867 -[is_a]-> GO:0004866
GO:0004867 -[negatively_regulates]-> GO:0004252
GO:0004869 -[is_a]-> GO:0004866
GO:0004869 -[negatively_regulates]-> GO:0008234
GO:0004871 -[is_a]-> GO:0003674
GO:0004871 -[part_of]-> GO:0007165
GO:0004872 -[is_a]-> GO:0060089
GO:0004873 -[is_a]-> GO:0038024
GO:0004874 -[is_a]-> GO:0038023
GO:0004874 -[part_of]-> GO:0030522
GO:0004875 -[is_a]-> GO:0004888
GO:0004875 -[has_part]-> GO:0001848
GO:0004875 -[part_of]-> GO:0002430
GO:0004876 -[is_a]-> GO:0004875
GO:0004876 -[part_of]-> GO:0002430
GO:0004877 -[is_a]-> GO:0001847
GO:0004877 -[is_a]-> GO:0004875
GO:0004877 -[has_part]-> GO:0001850
GO:0004877 -[has_part]-> GO:0001851
GO:0004878 -[is_a]-> GO:0001847
GO:0004878 -[is_a]-> GO:0004875
GO:0004878 -[has_part]-> GO:0001856
GO:0004878 -[part_of]-> GO:0038178
GO:0004879 -[is_a]-> GO:0000981
GO:0004879 -[is_a]-> GO:0004871
GO:0004879 -[is_a]-> GO:0098531
GO:0004879 -[part_of]-> GO:0030522
GO:0004880 -[is_a]-> GO:0004879
GO:0004880 -[is_a]-> GO:0038023
GO:0004880 -[has_part]-> GO:0005500
GO:0004880 -[part_of]-> GO:0035626
GO:0004882 -[is_a]-> GO:0003707
GO:0004882 -[is_a]-> GO:0004879
GO:0004882 -[has_part]-> GO:0005497
GO:0004882 -[part_of]-> GO:0030521
GO:0004883 -[is_a]-> GO:0003707
GO:0004883 -[part_of]-> GO:0042921
GO:0004883 -[part_of]-> GO:0043402
GO:0004884 -[is_a]-> GO:0003707
GO:0004884 -[is_a]-> GO:0004879
GO:0004884 -[part_of]-> GO:0035076
GO:0004886 -[is_a]-> GO:0003708
GO:0004887 -[is_a]-> GO:0004879
GO:0004887 -[is_a]-> GO:0038023
GO:0004887 -[has_part]-> GO:0070324
GO:0004888 -[is_a]-> GO:0038023
GO:0004888 -[is_a]-> GO:0099600
GO:0004888 -[part_of]-> GO:0007165
GO:0004889 -[is_a]-> GO:0005231
GO:0004889 -[is_a]-> GO:0005261
GO:0004890 -[is_a]-> GO:0016917
GO:0004896 -[is_a]-> GO:0004888
GO:0004896 -[has_part]-> GO:0019955
GO:0004896 -[part_of]-> GO:0019221
GO:0004897 -[is_a]-> GO:0004896
GO:0004897 -[has_part]-> GO:0070119
GO:0004897 -[part_of]-> GO:0070120
GO:0004900 -[is_a]-> GO:0004896
GO:0004900 -[part_of]-> GO:0038162
GO:0004901 -[is_a]-> GO:0004896
GO:0004901 -[has_part]-> GO:0042021
GO:0004901 -[part_of]-> GO:0038157
GO:0004902 -[is_a]-> GO:0004896
GO:0004902 -[has_part]-> GO:0051916
GO:0004902 -[part_of]-> GO:0038158
GO:0004903 -[is_a]-> GO:0004896
GO:0004904 -[is_a]-> GO:0004896
GO:0004904 -[has_part]-> GO:0019961
GO:0004905 -[is_a]-> GO:0004904
GO:0004905 -[has_part]-> GO:0019962
GO:0004905 -[part_of]-> GO:0060337
GO:0004906 -[is_a]-> GO:0004904
GO:0004906 -[has_part]-> GO:0019964
GO:0004906 -[part_of]-> GO:0060333
GO:0004908 -[is_a]-> GO:0004896
GO:0004908 -[has_part]-> GO:0019966
GO:0004909 -[is_a]-> GO:0004908
GO:0004909 -[part_of]-> GO:0070498
GO:0004910 -[is_a]-> GO:0004908
GO:0004911 -[is_a]-> GO:0004896
GO:0004911 -[has_part]-> GO:0019976
GO:0004911 -[part_of]-> GO:0038110
GO:0004912 -[is_a]-> GO:0004896
GO:0004912 -[has_part]-> GO:0019978
GO:0004912 -[part_of]-> GO:0036016
GO:0004912 -[part_of]-> GO:0038156
GO:0004913 -[is_a]-> GO:0004896
GO:0004913 -[has_part]-> GO:0019979
GO:0004913 -[part_of]-> GO:0035771
GO:0004914 -[is_a]-> GO:0004896
GO:0004914 -[has_part]-> GO:0019980
GO:0004914 -[part_of]-> GO:0038043
GO:0004915 -[is_a]-> GO:0004896
GO:0004915 -[has_part]-> GO:0019981
GO:0004915 -[part_of]-> GO:0070102
GO:0004917 -[is_a]-> GO:0004896
GO:0004917 -[has_part]-> GO:0019982
GO:0004917 -[part_of]-> GO:0038111
GO:0004918 -[is_a]-> GO:0016494
GO:0004918 -[has_part]-> GO:0019959
GO:0004918 -[part_of]-> GO:0038112
GO:0004919 -[is_a]-> GO:0004896
GO:0004919 -[has_part]-> GO:0019983
GO:0004919 -[part_of]-> GO:0038113
GO:0004920 -[is_a]-> GO:0004896
GO:0004920 -[has_part]-> GO:0019969
GO:0004921 -[is_a]-> GO:0004896
GO:0004921 -[has_part]-> GO:0019970
GO:0004921 -[part_of]-> GO:0038154
GO:0004923 -[is_a]-> GO:0004897
GO:0004923 -[part_of]-> GO:0048861
GO:0004924 -[is_a]-> GO:0004896
GO:0004924 -[part_of]-> GO:0038165
GO:0004925 -[is_a]-> GO:0004896
GO:0004925 -[part_of]-> GO:0038161
GO:0004930 -[is_a]-> GO:0004888
GO:0004930 -[part_of]-> GO:0007186
GO:0004931 -[is_a]-> GO:0005231
GO:0004931 -[is_a]-> GO:0005261
GO:0004931 -[is_a]-> GO:0035381
GO:0004932 -[is_a]-> GO:0008528
GO:0004932 -[is_a]-> GO:0016503
GO:0004933 -[is_a]-> GO:0004932
GO:0004933 -[is_a]-> GO:0036318
GO:0004934 -[is_a]-> GO:0004932
GO:0004934 -[is_a]-> GO:0036318
GO:0004935 -[is_a]-> GO:0008227
GO:0004935 -[part_of]-> GO:0071875
GO:0004936 -[is_a]-> GO:0004935
GO:0004937 -[is_a]-> GO:0004936
GO:0004938 -[is_a]-> GO:0004936
GO:0004939 -[is_a]-> GO:0004935
GO:0004940 -[is_a]-> GO:0004939
GO:0004941 -[is_a]-> GO:0004939
GO:0004945 -[is_a]-> GO:0001595
GO:0004946 -[is_a]-> GO:0008188
GO:0004946 -[part_of]-> GO:0031989
GO:0004947 -[is_a]-> GO:0008528
GO:0004948 -[is_a]-> GO:0097642
GO:0004948 -[has_part]-> GO:0032841
GO:0004949 -[is_a]-> GO:0004930
GO:0004949 -[part_of]-> GO:0038171
GO:0004950 -[is_a]-> GO:0001637
GO:0004950 -[is_a]-> GO:0004896
GO:0004950 -[has_part]-> GO:0019956
GO:0004950 -[part_of]-> GO:0070098
GO:0004951 -[is_a]-> GO:0008528
GO:0004951 -[part_of]-> GO:0038188
GO:0004952 -[is_a]-> GO:0004930
GO:0004952 -[is_a]-> GO:0030594
GO:0004952 -[has_part]-> GO:0035240
GO:0004952 -[part_of]-> GO:0007212
GO:0004953 -[is_a]-> GO:0004930
GO:0004953 -[has_part]-> GO:0050542
GO:0004954 -[is_a]-> GO:0004953
GO:0004955 -[is_a]-> GO:0004954
GO:0004956 -[is_a]-> GO:0004955
GO:0004957 -[is_a]-> GO:0004955
GO:0004958 -[is_a]-> GO:0004955
GO:0004960 -[is_a]-> GO:0004954
GO:0004961 -[is_a]-> GO:0004960
GO:0004961 -[part_of]-> GO:0038193
GO:0004962 -[is_a]-> GO:0008528
GO:0004962 -[part_of]-> GO:0086100
GO:0004963 -[is_a]-> GO:0016500
GO:0004963 -[part_of]-> GO:0042699
GO:0004964 -[is_a]-> GO:0016500
GO:0004964 -[part_of]-> GO:0042700
GO:0004965 -[is_a]-> GO:0004930
GO:0004965 -[is_a]-> GO:0016917
GO:0004966 -[is_a]-> GO:0008188
GO:0004967 -[is_a]-> GO:0008528
GO:0004967 -[part_of]-> GO:0071377
GO:0004968 -[is_a]-> GO:0016500
GO:0004968 -[has_part]-> GO:0051448
GO:0004968 -[part_of]-> GO:0097211
GO:0004969 -[is_a]-> GO:0008227
GO:0004969 -[has_part]-> GO:0051381
GO:0004970 -[is_a]-> GO:0008066
GO:0004970 -[is_a]-> GO:0022824
GO:0004970 -[part_of]-> GO:0035235
GO:0004971 -[is_a]-> GO:0004970
GO:0004972 -[is_a]-> GO:0004970
GO:0004974 -[is_a]-> GO:0004953
GO:0004974 -[part_of]-> GO:0061737
GO:0004977 -[is_a]-> GO:0008528
GO:0004978 -[is_a]-> GO:0004977
GO:0004978 -[is_a]-> GO:0008188
GO:0004978 -[has_part]-> GO:0042562
GO:0004979 -[is_a]-> GO:0004977
GO:0004979 -[is_a]-> GO:0004985
GO:0004979 -[is_a]-> GO:0008188
GO:0004979 -[has_part]-> GO:0031626
GO:0004980 -[is_a]-> GO:0004977
GO:0004980 -[has_part]-> GO:0042562
GO:0004982 -[is_a]-> GO:0008528
GO:0004983 -[is_a]-> GO:0008188
GO:0004984 -[is_a]-> GO:0004888
GO:0004984 -[part_of]-> GO:0050911
GO:0004985 -[is_a]-> GO:0008528
GO:0004985 -[part_of]-> GO:0038003
GO:0004989 -[is_a]-> GO:0008227
GO:0004990 -[is_a]-> GO:0008528
GO:0004991 -[is_a]-> GO:0004930
GO:0004992 -[is_a]-> GO:0004930
GO:0004993 -[is_a]-> GO:0008227
GO:0004993 -[is_a]-> GO:0099589
GO:0004993 -[has_part]-> GO:0051378
GO:0004993 -[part_of]-> GO:0007210
GO:0004994 -[is_a]-> GO:0008188
GO:0004994 -[part_of]-> GO:0038170
GO:0004995 -[is_a]-> GO:0008188
GO:0004995 -[part_of]-> GO:0007217
GO:0004996 -[is_a]-> GO:0016500
GO:0004996 -[part_of]-> GO:0038194
GO:0004997 -[is_a]-> GO:0004930
GO:0004998 -[is_a]-> GO:0038024
GO:0004999 -[is_a]-> GO:0004930
GO:0005000 -[is_a]-> GO:0008528
GO:0005001 -[is_a]-> GO:0004725
GO:0005001 -[is_a]-> GO:0019198
GO:0005003 -[is_a]-> GO:0004714
GO:0005003 -[part_of]-> GO:0048013
GO:0005004 -[is_a]-> GO:0005003
GO:0005005 -[is_a]-> GO:0005003
GO:0005006 -[is_a]-> GO:0004714
GO:0005006 -[has_part]-> GO:0048408
GO:0005006 -[part_of]-> GO:0007173
GO:0005007 -[is_a]-> GO:0004714
GO:0005007 -[has_part]-> GO:0017134
GO:0005007 -[part_of]-> GO:0008543
GO:0005008 -[is_a]-> GO:0004714
GO:0005008 -[has_part]-> GO:0036458
GO:0005008 -[part_of]-> GO:0048012
GO:0005009 -[is_a]-> GO:0004714
GO:0005009 -[has_part]-> GO:0043559
GO:0005009 -[part_of]-> GO:0008286
GO:0005010 -[is_a]-> GO:0004714
GO:0005010 -[has_part]-> GO:0005520
GO:0005010 -[part_of]-> GO:0048009
GO:0005011 -[is_a]-> GO:0004714
GO:0005011 -[part_of]-> GO:0038145
GO:0005017 -[is_a]-> GO:0004714
GO:0005017 -[has_part]-> GO:0048407
GO:0005017 -[part_of]-> GO:0036120
GO:0005017 -[part_of]-> GO:0048008
GO:0005018 -[is_a]-> GO:0005017
GO:0005018 -[part_of]-> GO:0035790
GO:0005019 -[is_a]-> GO:0005017
GO:0005019 -[part_of]-> GO:0035791
GO:0005020 -[is_a]-> GO:0004714
GO:0005020 -[part_of]-> GO:0038109
GO:0005021 -[is_a]-> GO:0004714
GO:0005021 -[has_part]-> GO:0038085
GO:0005021 -[part_of]-> GO:0038084
GO:0005024 -[is_a]-> GO:0004675
GO:0005025 -[is_a]-> GO:0005024
GO:0005026 -[is_a]-> GO:0005024
GO:0005026 -[has_part]-> GO:0050431
GO:0005030 -[is_a]-> GO:0038023
GO:0005030 -[has_part]-> GO:0043121
GO:0005030 -[part_of]-> GO:0038179
GO:0005031 -[is_a]-> GO:0005035
GO:0005031 -[has_part]-> GO:0043120
GO:0005031 -[part_of]-> GO:0033209
GO:0005034 -[is_a]-> GO:0004888
GO:0005035 -[is_a]-> GO:0004888
GO:0005035 -[part_of]-> GO:0012501
GO:0005040 -[is_a]-> GO:0004872
GO:0005041 -[is_a]-> GO:0030228
GO:0005041 -[has_part]-> GO:0030169
GO:0005042 -[is_a]-> GO:0004888
GO:0005042 -[part_of]-> GO:0038007
GO:0005043 -[is_a]-> GO:0005042
GO:0005043 -[part_of]-> GO:0050919
GO:0005044 -[is_a]-> GO:0038024
GO:0005046 -[is_a]-> GO:0046923
GO:0005047 -[is_a]-> GO:0043021
GO:0005048 -[is_a]-> GO:0042277
GO:0005049 -[is_a]-> GO:0005487
GO:0005049 -[is_a]-> GO:0008565
GO:0005049 -[part_of]-> GO:0006611
GO:0005052 -[is_a]-> GO:0000268
GO:0005053 -[is_a]-> GO:0000268
GO:0005055 -[is_a]-> GO:0004872
GO:0005055 -[has_part]-> GO:0043236
GO:0005056 -[is_a]-> GO:0004888
GO:0005057 -[is_a]-> GO:0004871
GO:0005068 -[is_a]-> GO:0004871
GO:0005068 -[is_a]-> GO:0030674
GO:0005068 -[is_a]-> GO:0030971
GO:0005068 -[is_a]-> GO:0035591
GO:0005068 -[part_of]-> GO:0007169
GO:0005070 -[is_a]-> GO:0030674
GO:0005070 -[is_a]-> GO:0035591
GO:0005072 -[is_a]-> GO:0005057
GO:0005078 -[is_a]-> GO:0019900
GO:0005078 -[is_a]-> GO:0032947
GO:0005078 -[is_a]-> GO:0035591
GO:0005080 -[is_a]-> GO:0019901
GO:0005085 -[is_a]-> GO:0098772
GO:0005085 -[negatively_regulates]-> GO:0019003
GO:0005085 -[part_of]-> GO:0043547
GO:0005086 -[is_a]-> GO:0005085
GO:0005087 -[is_a]-> GO:0005088
GO:0005088 -[is_a]-> GO:0005085
GO:0005089 -[is_a]-> GO:0005088
GO:0005090 -[is_a]-> GO:0005085
GO:0005090 -[is_a]-> GO:0030695
GO:0005091 -[is_a]-> GO:0030674
GO:0005091 -[is_a]-> GO:0030695
GO:0005092 -[is_a]-> GO:0030695
GO:0005092 -[positively_regulates]-> GO:0019003
GO:0005093 -[is_a]-> GO:0005092
GO:0005094 -[is_a]-> GO:0005092
GO:0005095 -[is_a]-> GO:0004857
GO:0005095 -[is_a]-> GO:0030695
GO:0005095 -[negatively_regulates]-> GO:0003924
GO:0005095 -[part_of]-> GO:0034260
GO:0005096 -[is_a]-> GO:0008047
GO:0005096 -[is_a]-> GO:0030695
GO:0005096 -[part_of]-> GO:0043547
GO:0005096 -[positively_regulates]-> GO:0003924
GO:0005102 -[is_a]-> GO:0005515
GO:0005104 -[is_a]-> GO:0070851
GO:0005105 -[is_a]-> GO:0005104
GO:0005109 -[is_a]-> GO:0001664
GO:0005110 -[is_a]-> GO:0005109
GO:0005111 -[is_a]-> GO:0005104
GO:0005112 -[is_a]-> GO:0005102
GO:0005113 -[is_a]-> GO:0005102
GO:0005114 -[is_a]-> GO:0005160
GO:0005115 -[is_a]-> GO:0005102
GO:0005117 -[is_a]-> GO:0005102
GO:0005118 -[is_a]-> GO:0005102
GO:0005119 -[is_a]-> GO:0005102
GO:0005121 -[is_a]-> GO:0005102
GO:0005122 -[is_a]-> GO:0005102
GO:0005123 -[is_a]-> GO:0032813
GO:0005124 -[is_a]-> GO:0005102
GO:0005125 -[is_a]-> GO:0005102
GO:0005126 -[is_a]-> GO:0005102
GO:0005127 -[is_a]-> GO:0005126
GO:0005128 -[is_a]-> GO:0005126
GO:0005129 -[is_a]-> GO:0005126
GO:0005129 -[is_a]-> GO:0070851
GO:0005130 -[is_a]-> GO:0005126
GO:0005130 -[is_a]-> GO:0070851
GO:0005131 -[is_a]-> GO:0005126
GO:0005131 -[is_a]-> GO:0051427
GO:0005132 -[is_a]-> GO:0005126
GO:0005132 -[is_a]-> GO:0032403
GO:0005133 -[is_a]-> GO:0005126
GO:0005134 -[is_a]-> GO:0005126
GO:0005134 -[is_a]-> GO:0070851
GO:0005135 -[is_a]-> GO:0005126
GO:0005135 -[is_a]-> GO:0070851
GO:0005136 -[is_a]-> GO:0005126
GO:0005136 -[is_a]-> GO:0070851
GO:0005137 -[is_a]-> GO:0005126
GO:0005137 -[is_a]-> GO:0070851
GO:0005138 -[is_a]-> GO:0005126
GO:0005138 -[is_a]-> GO:0070851
GO:0005139 -[is_a]-> GO:0005126
GO:0005139 -[is_a]-> GO:0070851
GO:0005140 -[is_a]-> GO:0005126
GO:0005140 -[is_a]-> GO:0070851
GO:0005141 -[is_a]-> GO:0005126
GO:0005141 -[is_a]-> GO:0070851
GO:0005142 -[is_a]-> GO:0005126
GO:0005142 -[is_a]-> GO:0070851
GO:0005143 -[is_a]-> GO:0005126
GO:0005143 -[is_a]-> GO:0070851
GO:0005144 -[is_a]-> GO:0005126
GO:0005145 -[is_a]-> GO:0005126
GO:0005146 -[is_a]-> GO:0005126
GO:0005147 -[is_a]-> GO:0005126
GO:0005148 -[is_a]-> GO:0005126
GO:0005149 -[is_a]-> GO:0005126
GO:0005149 -[is_a]-> GO:0070851
GO:0005150 -[is_a]-> GO:0005149
GO:0005151 -[is_a]-> GO:0005149
GO:0005152 -[is_a]-> GO:0005126
GO:0005152 -[is_a]-> GO:0019966
GO:0005152 -[is_a]-> GO:0048019
GO:0005152 -[part_of]-> GO:0001960
GO:0005153 -[is_a]-> GO:0045236
GO:0005154 -[is_a]-> GO:0070851
GO:0005157 -[is_a]-> GO:0005126
GO:0005158 -[is_a]-> GO:0005102
GO:0005158 -[is_a]-> GO:0032403
GO:0005159 -[is_a]-> GO:0005102
GO:0005160 -[is_a]-> GO:0005126
GO:0005161 -[is_a]-> GO:0070851
GO:0005163 -[is_a]-> GO:0005123
GO:0005163 -[is_a]-> GO:0005165
GO:0005164 -[is_a]-> GO:0032813
GO:0005165 -[is_a]-> GO:0005126
GO:0005166 -[is_a]-> GO:0005165
GO:0005167 -[is_a]-> GO:0005165
GO:0005168 -[is_a]-> GO:0005167
GO:0005169 -[is_a]-> GO:0005167
GO:0005170 -[is_a]-> GO:0005167
GO:0005171 -[is_a]-> GO:0070851
GO:0005172 -[is_a]-> GO:0005126
GO:0005172 -[is_a]-> GO:0070851
GO:0005173 -[is_a]-> GO:0005126
GO:0005174 -[is_a]-> GO:0032813
GO:0005175 -[is_a]-> GO:0032813
GO:0005176 -[is_a]-> GO:0005102
GO:0005178 -[is_a]-> GO:0005102
GO:0005178 -[is_a]-> GO:0032403
GO:0005178 -[is_a]-> GO:0050839
GO:0005179 -[is_a]-> GO:0005102
GO:0005183 -[is_a]-> GO:0005179
GO:0005184 -[is_a]-> GO:0005179
GO:0005185 -[is_a]-> GO:0005184
GO:0005186 -[is_a]-> GO:0005102
GO:0005198 -[is_a]-> GO:0003674
GO:0005199 -[is_a]-> GO:0005198
GO:0005200 -[is_a]-> GO:0005198
GO:0005200 -[part_of]-> GO:0007010
GO:0005201 -[is_a]-> GO:0005198
GO:0005212 -[is_a]-> GO:0005198
GO:0005213 -[is_a]-> GO:0005198
GO:0005214 -[is_a]-> GO:0042302
GO:0005215 -[is_a]-> GO:0003674
GO:0005215 -[part_of]-> GO:0006810
GO:0005216 -[is_a]-> GO:0015075
GO:0005216 -[is_a]-> GO:0022838
GO:0005217 -[is_a]-> GO:0015276
GO:0005219 -[is_a]-> GO:0015278
GO:0005220 -[is_a]-> GO:0015278
GO:0005220 -[has_part]-> GO:0070679
GO:0005220 -[part_of]-> GO:0048016
GO:0005221 -[is_a]-> GO:0005217
GO:0005221 -[is_a]-> GO:0005261
GO:0005221 -[is_a]-> GO:0043855
GO:0005222 -[is_a]-> GO:0005221
GO:0005223 -[is_a]-> GO:0005221
GO:0005224 -[is_a]-> GO:0005217
GO:0005224 -[is_a]-> GO:0061797
GO:0005225 -[is_a]-> GO:0005253
GO:0005225 -[part_of]-> GO:0044070
GO:0005227 -[is_a]-> GO:0005261
GO:0005227 -[is_a]-> GO:0022839
GO:0005228 -[is_a]-> GO:0005267
GO:0005228 -[is_a]-> GO:0022839
GO:0005229 -[is_a]-> GO:0022839
GO:0005229 -[is_a]-> GO:0061778
GO:0005229 -[is_a]-> GO:0061797
GO:0005230 -[is_a]-> GO:0015276
GO:0005231 -[is_a]-> GO:0005230
GO:0005232 -[is_a]-> GO:0005231
GO:0005232 -[is_a]-> GO:0005261
GO:0005234 -[is_a]-> GO:0005231
GO:0005237 -[is_a]-> GO:0005230
GO:0005242 -[is_a]-> GO:0005249
GO:0005242 -[is_a]-> GO:0015276
GO:0005243 -[is_a]-> GO:0022829
GO:0005244 -[is_a]-> GO:0005216
GO:0005244 -[is_a]-> GO:0022832
GO:0005244 -[part_of]-> GO:0034765
GO:0005245 -[is_a]-> GO:0005262
GO:0005245 -[is_a]-> GO:0022843
GO:0005246 -[is_a]-> GO:0016247
GO:0005246 -[regulates]-> GO:0005262
GO:0005247 -[is_a]-> GO:0008308
GO:0005247 -[is_a]-> GO:0061797
GO:0005248 -[is_a]-> GO:0005272
GO:0005248 -[is_a]-> GO:1905030
GO:0005249 -[is_a]-> GO:0005267
GO:0005249 -[is_a]-> GO:0022843
GO:0005250 -[is_a]-> GO:0015271
GO:0005251 -[is_a]-> GO:0005249
GO:0005252 -[is_a]-> GO:0005249
GO:0005253 -[is_a]-> GO:0005216
GO:0005253 -[is_a]-> GO:0008509
GO:0005254 -[is_a]-> GO:0005253
GO:0005254 -[is_a]-> GO:0015108
GO:0005260 -[is_a]-> GO:0005254
GO:0005260 -[is_a]-> GO:0042626
GO:0005261 -[is_a]-> GO:0005216
GO:0005261 -[is_a]-> GO:0008324
GO:0005262 -[is_a]-> GO:0005261
GO:0005262 -[is_a]-> GO:0015085
GO:0005262 -[part_of]-> GO:0070588
GO:0005267 -[is_a]-> GO:0005261
GO:0005267 -[is_a]-> GO:0015079
GO:0005267 -[part_of]-> GO:0071805
GO:0005272 -[is_a]-> GO:0005261
GO:0005272 -[is_a]-> GO:0015081
GO:0005272 -[part_of]-> GO:0035725
GO:0005274 -[is_a]-> GO:0015391
GO:0005274 -[is_a]-> GO:0015563
GO:0005274 -[is_a]-> GO:0042887
GO:0005274 -[part_of]-> GO:0015720
GO:0005275 -[is_a]-> GO:0022804
GO:0005275 -[is_a]-> GO:0022891
GO:0005275 -[part_of]-> GO:0015837
GO:0005276 -[is_a]-> GO:0005275
GO:0005276 -[is_a]-> GO:0015171
GO:0005276 -[is_a]-> GO:0015299
GO:0005277 -[is_a]-> GO:0005326
GO:0005277 -[is_a]-> GO:0008519
GO:0005277 -[is_a]-> GO:1901375
GO:0005278 -[is_a]-> GO:0005277
GO:0005278 -[is_a]-> GO:0015299
GO:0005280 -[is_a]-> GO:0005416
GO:0005280 -[is_a]-> GO:0015295
GO:0005283 -[is_a]-> GO:0005343
GO:0005283 -[is_a]-> GO:0005416
GO:0005287 -[is_a]-> GO:0015174
GO:0005289 -[is_a]-> GO:0005287
GO:0005289 -[is_a]-> GO:0015181
GO:0005290 -[is_a]-> GO:0015174
GO:0005290 -[is_a]-> GO:0015179
GO:0005290 -[is_a]-> GO:1901474
GO:0005290 -[part_of]-> GO:0089709
GO:0005291 -[is_a]-> GO:0005287
GO:0005291 -[is_a]-> GO:0005290
GO:0005292 -[is_a]-> GO:0005287
GO:0005292 -[is_a]-> GO:0015189
GO:0005294 -[is_a]-> GO:0015175
GO:0005294 -[is_a]-> GO:0015291
GO:0005295 -[is_a]-> GO:0005283
GO:0005295 -[is_a]-> GO:0015175
GO:0005297 -[is_a]-> GO:0005280
GO:0005297 -[is_a]-> GO:0015193
GO:0005298 -[is_a]-> GO:0005283
GO:0005298 -[is_a]-> GO:0015193
GO:0005300 -[is_a]-> GO:0015196
GO:0005302 -[is_a]-> GO:0015173
GO:0005302 -[is_a]-> GO:0015179
GO:0005302 -[part_of]-> GO:0015828
GO:0005304 -[is_a]-> GO:0015175
GO:0005304 -[is_a]-> GO:0015179
GO:0005304 -[is_a]-> GO:0015658
GO:0005304 -[part_of]-> GO:1903785
GO:0005307 -[is_a]-> GO:0015220
GO:0005307 -[is_a]-> GO:0015370
GO:0005308 -[is_a]-> GO:0051184
GO:0005308 -[is_a]-> GO:0072349
GO:0005308 -[part_of]-> GO:1902598
GO:0005309 -[is_a]-> GO:0005308
GO:0005309 -[is_a]-> GO:0015081
GO:0005309 -[is_a]-> GO:0015293
GO:0005310 -[is_a]-> GO:0046943
GO:0005310 -[part_of]-> GO:0006835
GO:0005313 -[is_a]-> GO:0008514
GO:0005313 -[is_a]-> GO:0015172
GO:0005313 -[part_of]-> GO:0089711
GO:0005314 -[is_a]-> GO:0005313
GO:0005314 -[is_a]-> GO:0015370
GO:0005315 -[is_a]-> GO:0015291
GO:0005315 -[is_a]-> GO:1901677
GO:0005316 -[is_a]-> GO:0005436
GO:0005316 -[is_a]-> GO:0015370
GO:0005319 -[is_a]-> GO:0022892
GO:0005319 -[part_of]-> GO:0006869
GO:0005324 -[is_a]-> GO:0015245
GO:0005324 -[part_of]-> GO:0015909
GO:0005325 -[is_a]-> GO:0005324
GO:0005325 -[is_a]-> GO:0015607
GO:0005325 -[part_of]-> GO:0015910
GO:0005326 -[is_a]-> GO:0005215
GO:0005326 -[part_of]-> GO:0006836
GO:0005328 -[is_a]-> GO:0005326
GO:0005328 -[is_a]-> GO:0015370
GO:0005329 -[is_a]-> GO:0008504
GO:0005329 -[is_a]-> GO:1901618
GO:0005330 -[is_a]-> GO:0005328
GO:0005330 -[is_a]-> GO:0005329
GO:0005332 -[is_a]-> GO:0005283
GO:0005332 -[is_a]-> GO:0015185
GO:0005333 -[is_a]-> GO:0008504
GO:0005333 -[is_a]-> GO:1901618
GO:0005334 -[is_a]-> GO:0005328
GO:0005334 -[is_a]-> GO:0005333
GO:0005335 -[is_a]-> GO:0005328
GO:0005335 -[is_a]-> GO:0015222
GO:0005337 -[is_a]-> GO:0015932
GO:0005337 -[is_a]-> GO:1901505
GO:0005337 -[part_of]-> GO:1901642
GO:0005338 -[is_a]-> GO:0015932
GO:0005338 -[is_a]-> GO:1901505
GO:0005340 -[is_a]-> GO:0015116
GO:0005340 -[is_a]-> GO:0015215
GO:0005342 -[is_a]-> GO:0022891
GO:0005342 -[part_of]-> GO:1903825
GO:0005343 -[is_a]-> GO:0005342
GO:0005343 -[is_a]-> GO:0015370
GO:0005344 -[is_a]-> GO:0022892
GO:0005344 -[part_of]-> GO:0015671
GO:0005345 -[is_a]-> GO:0015205
GO:0005345 -[part_of]-> GO:1904823
GO:0005346 -[is_a]-> GO:0015216
GO:0005346 -[is_a]-> GO:1901505
GO:0005347 -[is_a]-> GO:0000295
GO:0005347 -[is_a]-> GO:0005346
GO:0005347 -[is_a]-> GO:0015211
GO:0005347 -[part_of]-> GO:0015867
GO:0005350 -[is_a]-> GO:0015205
GO:0005350 -[part_of]-> GO:0015855
GO:0005350 -[part_of]-> GO:0072531
GO:0005351 -[is_a]-> GO:0005402
GO:0005351 -[is_a]-> GO:0015295
GO:0005352 -[is_a]-> GO:0015151
GO:0005352 -[is_a]-> GO:0015294
GO:0005353 -[is_a]-> GO:0015149
GO:0005353 -[part_of]-> GO:0015755
GO:0005354 -[is_a]-> GO:0015149
GO:0005354 -[part_of]-> GO:0015757
GO:0005355 -[is_a]-> GO:0015149
GO:0005355 -[part_of]-> GO:1904659
GO:0005356 -[is_a]-> GO:0005355
GO:0005356 -[is_a]-> GO:0009679
GO:0005357 -[is_a]-> GO:0005356
GO:0005358 -[is_a]-> GO:0005356
GO:0005359 -[is_a]-> GO:0005356
GO:0005360 -[is_a]-> GO:0005356
GO:0005362 -[is_a]-> GO:0005412
GO:0005363 -[is_a]-> GO:0015154
GO:0005363 -[part_of]-> GO:0015768
GO:0005364 -[is_a]-> GO:0005351
GO:0005364 -[is_a]-> GO:0005363
GO:0005365 -[is_a]-> GO:0015166
GO:0005365 -[part_of]-> GO:0015798
GO:0005366 -[is_a]-> GO:0005365
GO:0005366 -[is_a]-> GO:0015295
GO:0005367 -[is_a]-> GO:0005365
GO:0005367 -[is_a]-> GO:0015370
GO:0005368 -[is_a]-> GO:1901682
GO:0005369 -[is_a]-> GO:0005343
GO:0005369 -[is_a]-> GO:0005368
GO:0005371 -[is_a]-> GO:0008514
GO:0005371 -[is_a]-> GO:0015291
GO:0005372 -[is_a]-> GO:0022891
GO:0005372 -[part_of]-> GO:0006833
GO:0005375 -[is_a]-> GO:0046915
GO:0005375 -[part_of]-> GO:0035434
GO:0005381 -[is_a]-> GO:0046915
GO:0005381 -[part_of]-> GO:0034755
GO:0005384 -[is_a]-> GO:0046915
GO:0005384 -[part_of]-> GO:0071421
GO:0005385 -[is_a]-> GO:0046915
GO:0005385 -[is_a]-> GO:0072509
GO:0005385 -[part_of]-> GO:0071577
GO:0005388 -[is_a]-> GO:0015085
GO:0005388 -[is_a]-> GO:0015662
GO:0005388 -[is_a]-> GO:0019829
GO:0005391 -[is_a]-> GO:0008556
GO:0005391 -[is_a]-> GO:0015081
GO:0005391 -[part_of]-> GO:0010248
GO:0005391 -[part_of]-> GO:0090662
GO:0005395 -[is_a]-> GO:0042626
GO:0005402 -[is_a]-> GO:0015294
GO:0005402 -[is_a]-> GO:0051119
GO:0005412 -[is_a]-> GO:0005355
GO:0005412 -[is_a]-> GO:0015370
GO:0005415 -[is_a]-> GO:0005337
GO:0005415 -[is_a]-> GO:0015370
GO:0005416 -[is_a]-> GO:0015171
GO:0005416 -[is_a]-> GO:0015294
GO:0005427 -[is_a]-> GO:0015322
GO:0005429 -[is_a]-> GO:0005275
GO:0005429 -[part_of]-> GO:0015841
GO:0005430 -[is_a]-> GO:0005275
GO:0005430 -[part_of]-> GO:0015842
GO:0005432 -[is_a]-> GO:0015081
GO:0005432 -[is_a]-> GO:0015368
GO:0005436 -[is_a]-> GO:0015081
GO:0005436 -[is_a]-> GO:0015114
GO:0005436 -[is_a]-> GO:0015296
GO:0005451 -[is_a]-> GO:0015299
GO:0005451 -[is_a]-> GO:0015491
GO:0005452 -[is_a]-> GO:0015103
GO:0005452 -[is_a]-> GO:0015291
GO:0005456 -[is_a]-> GO:0015165
GO:0005456 -[part_of]-> GO:0015782
GO:0005457 -[is_a]-> GO:0036080
GO:0005457 -[part_of]-> GO:0015783
GO:0005458 -[is_a]-> GO:0036080
GO:0005458 -[part_of]-> GO:1990570
GO:0005459 -[is_a]-> GO:0015165
GO:0005459 -[part_of]-> GO:0072334
GO:0005460 -[is_a]-> GO:0015165
GO:0005460 -[part_of]-> GO:0015786
GO:0005461 -[is_a]-> GO:0015165
GO:0005461 -[part_of]-> GO:0015787
GO:0005462 -[is_a]-> GO:0015165
GO:0005462 -[part_of]-> GO:1990569
GO:0005463 -[is_a]-> GO:0015165
GO:0005463 -[part_of]-> GO:0015789
GO:0005464 -[is_a]-> GO:0015165
GO:0005464 -[part_of]-> GO:0015790
GO:0005469 -[is_a]-> GO:0015138
GO:0005469 -[is_a]-> GO:0015141
GO:0005469 -[is_a]-> GO:0015297
GO:0005471 -[is_a]-> GO:0005347
GO:0005471 -[is_a]-> GO:0015217
GO:0005471 -[is_a]-> GO:0015297
GO:0005472 -[is_a]-> GO:0015230
GO:0005472 -[is_a]-> GO:0015291
GO:0005476 -[is_a]-> GO:0015297
GO:0005477 -[is_a]-> GO:0015291
GO:0005477 -[is_a]-> GO:0050833
GO:0005483 -[is_a]-> GO:0005515
GO:0005484 -[is_a]-> GO:0005515
GO:0005484 -[part_of]-> GO:0061025
GO:0005487 -[is_a]-> GO:0005215
GO:0005487 -[part_of]-> GO:0006913
GO:0005488 -[is_a]-> GO:0003674
GO:0005496 -[is_a]-> GO:0008289
GO:0005496 -[is_a]-> GO:0097159
GO:0005497 -[is_a]-> GO:0042562
GO:0005499 -[is_a]-> GO:0005496
GO:0005499 -[is_a]-> GO:0019842
GO:0005500 -[is_a]-> GO:0019840
GO:0005500 -[is_a]-> GO:0042562
GO:0005501 -[is_a]-> GO:0019840
GO:0005502 -[is_a]-> GO:0016918
GO:0005503 -[is_a]-> GO:0016918
GO:0005504 -[is_a]-> GO:0008289
GO:0005504 -[is_a]-> GO:0033293
GO:0005506 -[is_a]-> GO:0046914
GO:0005507 -[is_a]-> GO:0046914
GO:0005509 -[is_a]-> GO:0046872
GO:0005513 -[is_a]-> GO:0009593
GO:0005513 -[is_a]-> GO:0051592
GO:0005515 -[is_a]-> GO:0005488
GO:0005516 -[is_a]-> GO:0005515
GO:0005518 -[is_a]-> GO:0032403
GO:0005519 -[is_a]-> GO:0008092
GO:0005520 -[is_a]-> GO:0019838
GO:0005521 -[is_a]-> GO:0005515
GO:0005522 -[is_a]-> GO:0005515
GO:0005523 -[is_a]-> GO:0008092
GO:0005524 -[is_a]-> GO:0032550
GO:0005524 -[is_a]-> GO:0032559
GO:0005524 -[is_a]-> GO:0035639
GO:0005525 -[is_a]-> GO:0032550
GO:0005525 -[is_a]-> GO:0032561
GO:0005525 -[is_a]-> GO:0035639
GO:0005527 -[is_a]-> GO:0008144
GO:0005527 -[is_a]-> GO:0097159
GO:0005527 -[is_a]-> GO:1901363
GO:0005528 -[is_a]-> GO:0005527
GO:0005534 -[is_a]-> GO:0048029
GO:0005536 -[is_a]-> GO:0048029
GO:0005537 -[is_a]-> GO:0048029
GO:0005539 -[is_a]-> GO:0097367
GO:0005540 -[is_a]-> GO:0005539
GO:0005542 -[is_a]-> GO:0019842
GO:0005542 -[is_a]-> GO:0033218
GO:0005542 -[is_a]-> GO:0043177
GO:0005542 -[is_a]-> GO:0072341
GO:0005542 -[is_a]-> GO:0097159
GO:0005542 -[is_a]-> GO:1901363
GO:0005543 -[is_a]-> GO:0008289
GO:0005544 -[is_a]-> GO:0005543
GO:0005545 -[is_a]-> GO:0035091
GO:0005546 -[is_a]-> GO:1902936
GO:0005547 -[is_a]-> GO:1901981
GO:0005548 -[is_a]-> GO:0005319
GO:0005548 -[part_of]-> GO:0015914
GO:0005549 -[is_a]-> GO:0005488
GO:0005550 -[is_a]-> GO:0005549
{   'alt_id': ['GO:0008372'],
    'comment': 'Note that, in addition to forming the root of the cellular component ontology, this term is recommended for use for the annotation of gene products whose cellular component is unknown. Note that when this term is used for annotation, it indicates that no information was available about the cellular component of the gene product annotated as of the date the annotation was made; the evidence code ND, no data, is used to indicate this.',
    'def': '"The part of a cell or its extracellular environment in which a gene product is located. A gene product may be located in one or more parts of a cell and its location may be as specific as a particular macromolecular complex, that is, a stable, persistent association of macromolecules that function together." [GOC:go_curators, NIF_Subcellular:sao-1337158144]',
    'id': 'GO:0005575',
    'name': 'cellular_component',
    'namespace': 'cellular_component',
    'subset': [   'goslim_aspergillus',
                  'goslim_candida',
                  'goslim_chembl',
                  'goslim_generic',
                  'goslim_metagenomics',
                  'goslim_pir',
                  'goslim_plant',
                  'goslim_yeast',
                  'gosubset_prok'],
    'synonym': [   '"cell or subcellular entity" EXACT []',
                   '"cellular component" EXACT []',
                   '"subcellular entity" RELATED [NIF_Subcellular:nlx_subcell_100315]'],
    'xref': [   'NIF_Subcellular:sao-1337158144',
                'NIF_Subcellular:sao1337158144']}
GO:0005576 -[is_a]-> GO:0005575
GO:0005577 -[is_a]-> GO:0043234
GO:0005577 -[is_a]-> GO:0044421
GO:0005577 -[part_of]-> GO:0005615
GO:0005578 -[is_a]-> GO:0031012
GO:0005579 -[is_a]-> GO:0046930
GO:0005579 -[is_a]-> GO:0098797
GO:0005579 -[part_of]-> GO:0005887
GO:0005581 -[is_a]-> GO:0043234
GO:0005582 -[is_a]-> GO:0098651
GO:0005582 -[part_of]-> GO:0005604
GO:0005583 -[is_a]-> GO:0005581
GO:0005583 -[is_a]-> GO:0044420
GO:0005583 -[part_of]-> GO:0005578
GO:0005583 -[part_of]-> GO:0098643
GO:0005584 -[is_a]-> GO:0005583
GO:0005585 -[is_a]-> GO:0005583
GO:0005586 -[is_a]-> GO:0005583
GO:0005587 -[is_a]-> GO:0098642
GO:0005587 -[is_a]-> GO:0098651
GO:0005587 -[part_of]-> GO:0005604
GO:0005587 -[part_of]-> GO:0098645
GO:0005588 -[is_a]-> GO:0005583
GO:0005589 -[is_a]-> GO:0005581
GO:0005589 -[is_a]-> GO:0044420
GO:0005589 -[part_of]-> GO:0098647
GO:0005590 -[is_a]-> GO:0030934
GO:0005590 -[part_of]-> GO:0098648
GO:0005590 -[part_of]-> GO:0098652
GO:0005591 -[is_a]-> GO:0005598
GO:0005591 -[is_a]-> GO:0030935
GO:0005591 -[is_a]-> GO:0098651
GO:0005591 -[part_of]-> GO:0005604
GO:0005591 -[part_of]-> GO:0098646
GO:0005592 -[is_a]-> GO:0005583
GO:0005593 -[is_a]-> GO:0005581
GO:0005594 -[is_a]-> GO:0005593
GO:0005595 -[is_a]-> GO:0005593
GO:0005595 -[is_a]-> GO:0030934
GO:0005596 -[is_a]-> GO:0005593
GO:0005596 -[is_a]-> GO:0030934
GO:0005597 -[is_a]-> GO:0005593
GO:0005598 -[is_a]-> GO:0005581
GO:0005599 -[is_a]-> GO:0005598
GO:0005599 -[is_a]-> GO:0030935
GO:0005599 -[part_of]-> GO:0098646
GO:0005600 -[is_a]-> GO:0030936
GO:0005600 -[part_of]-> GO:0005887
GO:0005601 -[is_a]-> GO:0043234
GO:0005601 -[is_a]-> GO:0044421
GO:0005601 -[part_of]-> GO:0005615
GO:0005602 -[is_a]-> GO:0043234
GO:0005602 -[is_a]-> GO:0044421
GO:0005602 -[part_of]-> GO:0005615
GO:0005604 -[is_a]-> GO:0044420
GO:0005604 -[part_of]-> GO:0005578
GO:0005605 -[is_a]-> GO:0044420
GO:0005605 -[part_of]-> GO:0005604
GO:0005606 -[is_a]-> GO:0043256
GO:0005607 -[is_a]-> GO:0043256
GO:0005608 -[is_a]-> GO:0043256
GO:0005609 -[is_a]-> GO:0043256
GO:0005610 -[is_a]-> GO:0043256
GO:0005611 -[is_a]-> GO:0043256
GO:0005612 -[is_a]-> GO:0043256
GO:0005614 -[is_a]-> GO:0005578
GO:0005615 -[is_a]-> GO:0044421
GO:0005616 -[is_a]-> GO:0043234
GO:0005616 -[is_a]-> GO:0044421
GO:0005616 -[part_of]-> GO:0005615
GO:0005618 -[is_a]-> GO:0030312
GO:0005619 -[is_a]-> GO:0009277
GO:0005619 -[is_a]-> GO:0031160
GO:0005621 -[is_a]-> GO:0044426
GO:0005621 -[part_of]-> GO:0009277
GO:0005622 -[is_a]-> GO:0044464
GO:0005623 -[is_a]-> GO:0005575
GO:0005628 -[is_a]-> GO:0016020
GO:0005628 -[is_a]-> GO:0044464
GO:0005628 -[part_of]-> GO:0042764
GO:0005630 -[is_a]-> GO:0044426
GO:0005630 -[part_of]-> GO:0005619
GO:0005631 -[is_a]-> GO:0044426
GO:0005631 -[part_of]-> GO:0005619
GO:0005632 -[is_a]-> GO:0044426
GO:0005632 -[part_of]-> GO:0005619
GO:0005633 -[is_a]-> GO:0005811
GO:0005634 -[is_a]-> GO:0043231
GO:0005635 -[is_a]-> GO:0031967
GO:0005635 -[is_a]-> GO:0044428
GO:0005635 -[part_of]-> GO:0012505
GO:0005637 -[is_a]-> GO:0019866
GO:0005637 -[is_a]-> GO:0031965
GO:0005638 -[is_a]-> GO:0005882
GO:0005638 -[is_a]-> GO:0044428
GO:0005638 -[part_of]-> GO:0005652
GO:0005639 -[is_a]-> GO:0031229
GO:0005639 -[is_a]-> GO:0031301
GO:0005639 -[part_of]-> GO:0005637
GO:0005640 -[is_a]-> GO:0031965
GO:0005640 -[is_a]-> GO:0031968
GO:0005640 -[is_a]-> GO:0044425
GO:0005640 -[part_of]-> GO:0042175
GO:0005641 -[is_a]-> GO:0031970
GO:0005641 -[is_a]-> GO:0044428
GO:0005641 -[part_of]-> GO:0005635
GO:0005642 -[is_a]-> GO:0044464
GO:0005642 -[is_a]-> GO:0098589
GO:0005642 -[part_of]-> GO:0042175
GO:0005643 -[is_a]-> GO:0043234
GO:0005643 -[is_a]-> GO:0044428
GO:0005643 -[part_of]-> GO:0005635
GO:0005652 -[is_a]-> GO:0044428
GO:0005652 -[part_of]-> GO:0034399
GO:0005654 -[is_a]-> GO:0044428
GO:0005654 -[part_of]-> GO:0031981
GO:0005655 -[is_a]-> GO:0030681
GO:0005655 -[is_a]-> GO:0044452
GO:0005655 -[part_of]-> GO:0005730
GO:0005656 -[is_a]-> GO:0036387
GO:0005656 -[is_a]-> GO:0044451
GO:0005656 -[has_part]-> GO:0000808
GO:0005656 -[has_part]-> GO:0042555
GO:0005657 -[is_a]-> GO:0044427
GO:0005658 -[is_a]-> GO:0044454
GO:0005658 -[is_a]-> GO:0055029
GO:0005658 -[part_of]-> GO:0043601
GO:0005662 -[is_a]-> GO:0043234
GO:0005662 -[is_a]-> GO:0044454
GO:0005662 -[part_of]-> GO:0043601
GO:0005663 -[is_a]-> GO:0043234
GO:0005663 -[is_a]-> GO:0044427
GO:0005663 -[part_of]-> GO:0005657
GO:0005664 -[is_a]-> GO:0000808
GO:0005664 -[is_a]-> GO:0044454
GO:0005665 -[is_a]-> GO:0044451
GO:0005665 -[is_a]-> GO:0055029
GO:0005665 -[part_of]-> GO:0016591
GO:0005666 -[is_a]-> GO:0044451
GO:0005666 -[is_a]-> GO:0055029
GO:0005667 -[is_a]-> GO:0043234
GO:0005667 -[is_a]-> GO:0044424
GO:0005668 -[is_a]-> GO:0000120
GO:0005669 -[is_a]-> GO:0044451
GO:0005669 -[is_a]-> GO:0090575
GO:0005669 -[part_of]-> GO:0016591
GO:0005671 -[is_a]-> GO:0043234
GO:0005671 -[is_a]-> GO:1902562
GO:0005672 -[is_a]-> GO:0044451
GO:0005672 -[is_a]-> GO:0090575
GO:0005672 -[part_of]-> GO:0016591
GO:0005673 -[is_a]-> GO:0044451
GO:0005673 -[is_a]-> GO:0090575
GO:0005673 -[part_of]-> GO:0016591
GO:0005674 -[is_a]-> GO:0044451
GO:0005674 -[is_a]-> GO:0090575
GO:0005674 -[part_of]-> GO:0016591
GO:0005675 -[is_a]-> GO:0032806
GO:0005675 -[is_a]-> GO:0044451
GO:0005675 -[is_a]-> GO:0090575
GO:0005675 -[has_part]-> GO:0000439
GO:0005675 -[part_of]-> GO:0016591
GO:0005677 -[is_a]-> GO:0090568
GO:0005680 -[is_a]-> GO:0000152
GO:0005680 -[is_a]-> GO:0031461
GO:0005681 -[is_a]-> GO:0030529
GO:0005681 -[is_a]-> GO:0044428
GO:0005682 -[is_a]-> GO:0097525
GO:0005683 -[is_a]-> GO:0030532
GO:0005684 -[is_a]-> GO:0005681
GO:0005685 -[is_a]-> GO:0097525
GO:0005686 -[is_a]-> GO:0097525
GO:0005687 -[is_a]-> GO:0097525
GO:0005688 -[is_a]-> GO:0097525
GO:0005689 -[is_a]-> GO:0005681
GO:0005690 -[is_a]-> GO:0097525
GO:0005691 -[is_a]-> GO:0097525
GO:0005692 -[is_a]-> GO:0097525
GO:0005693 -[is_a]-> GO:0097525
GO:0005694 -[is_a]-> GO:0043232
GO:0005697 -[is_a]-> GO:0030529
GO:0005697 -[is_a]-> GO:0044428
GO:0005700 -[is_a]-> GO:0005694
GO:0005701 -[is_a]-> GO:0010369
GO:0005701 -[part_of]-> GO:0005700
GO:0005702 -[is_a]-> GO:0044427
GO:0005702 -[part_of]-> GO:0005700
GO:0005703 -[is_a]-> GO:0098687
GO:0005703 -[part_of]-> GO:0005700
GO:0005704 -[is_a]-> GO:0098687
GO:0005704 -[part_of]-> GO:0005700
GO:0005705 -[is_a]-> GO:0098687
GO:0005705 -[part_of]-> GO:0005700
GO:0005706 -[is_a]-> GO:0044427
GO:0005706 -[part_of]-> GO:0005700
GO:0005712 -[is_a]-> GO:0044454
GO:0005712 -[part_of]-> GO:0000794
GO:0005713 -[is_a]-> GO:0044454
GO:0005713 -[part_of]-> GO:0000794
GO:0005714 -[is_a]-> GO:0005713
GO:0005715 -[is_a]-> GO:0005713
GO:0005719 -[is_a]-> GO:0000790
GO:0005719 -[is_a]-> GO:0000791
GO:0005719 -[part_of]-> GO:0000228
GO:0005720 -[is_a]-> GO:0000790
GO:0005720 -[is_a]-> GO:0000792
GO:0005720 -[part_of]-> GO:0000228
GO:0005721 -[is_a]-> GO:0000792
GO:0005721 -[part_of]-> GO:0000775
GO:0005722 -[is_a]-> GO:0005721
GO:0005722 -[part_of]-> GO:0005701
GO:0005723 -[is_a]-> GO:0005721
GO:0005723 -[part_of]-> GO:0005701
GO:0005724 -[is_a]-> GO:0005720
GO:0005724 -[is_a]-> GO:0031933
GO:0005724 -[part_of]-> GO:0000228
GO:0005724 -[part_of]-> GO:0000784
GO:0005725 -[is_a]-> GO:0005720
GO:0005726 -[is_a]-> GO:0044454
GO:0005726 -[part_of]-> GO:0000790
GO:0005727 -[is_a]-> GO:0044424
GO:0005727 -[part_of]-> GO:0046821
GO:0005728 -[is_a]-> GO:0005727
GO:0005729 -[is_a]-> GO:0005727
GO:0005730 -[is_a]-> GO:0043232
GO:0005730 -[is_a]-> GO:0044428
GO:0005730 -[part_of]-> GO:0031981
GO:0005731 -[is_a]-> GO:0030874
GO:0005731 -[is_a]-> GO:0043234
GO:0005732 -[is_a]-> GO:0030529
GO:0005736 -[is_a]-> GO:0044452
GO:0005736 -[is_a]-> GO:0055029
GO:0005737 -[is_a]-> GO:0044424
GO:0005739 -[is_a]-> GO:0043231
GO:0005739 -[is_a]-> GO:0044444
GO:0005740 -[is_a]-> GO:0031967
GO:0005740 -[is_a]-> GO:0044429
GO:0005741 -[is_a]-> GO:0031966
GO:0005741 -[is_a]-> GO:0031968
GO:0005742 -[is_a]-> GO:0098799
GO:0005742 -[part_of]-> GO:0005741
GO:0005743 -[is_a]-> GO:0019866
GO:0005743 -[is_a]-> GO:0031966
GO:0005744 -[is_a]-> GO:0098800
GO:0005744 -[part_of]-> GO:0005743
GO:0005745 -[is_a]-> GO:0098800
GO:0005745 -[is_a]-> GO:1905368
GO:0005745 -[part_of]-> GO:0031305
GO:0005746 -[is_a]-> GO:0044455
GO:0005746 -[is_a]-> GO:0070469
GO:0005746 -[part_of]-> GO:0005743
GO:0005747 -[is_a]-> GO:0045271
GO:0005747 -[is_a]-> GO:0098800
GO:0005747 -[part_of]-> GO:0005739
GO:0005747 -[part_of]-> GO:0005746
GO:0005749 -[is_a]-> GO:0045257
GO:0005749 -[is_a]-> GO:0045283
GO:0005749 -[is_a]-> GO:0098800
GO:0005749 -[part_of]-> GO:0005739
GO:0005749 -[part_of]-> GO:0005746
GO:0005750 -[is_a]-> GO:0045275
GO:0005750 -[is_a]-> GO:0098800
GO:0005750 -[part_of]-> GO:0005739
GO:0005750 -[part_of]-> GO:0005746
GO:0005751 -[is_a]-> GO:0045277
GO:0005751 -[is_a]-> GO:0098800
GO:0005751 -[part_of]-> GO:0005739
GO:0005751 -[part_of]-> GO:0005746
GO:0005753 -[is_a]-> GO:0045259
GO:0005753 -[is_a]-> GO:0098800
GO:0005753 -[part_of]-> GO:0005739
GO:0005753 -[part_of]-> GO:0005743
GO:0005754 -[is_a]-> GO:0045267
GO:0005754 -[is_a]-> GO:0098800
GO:0005754 -[part_of]-> GO:0000275
GO:0005754 -[part_of]-> GO:0005739
GO:0005756 -[is_a]-> GO:0045269
GO:0005756 -[is_a]-> GO:0098800
GO:0005756 -[part_of]-> GO:0000275
GO:0005756 -[part_of]-> GO:0005739
GO:0005757 -[is_a]-> GO:0046930
GO:0005757 -[is_a]-> GO:0098798
GO:0005757 -[part_of]-> GO:0005740
GO:0005758 -[is_a]-> GO:0031970
GO:0005758 -[is_a]-> GO:0044429
GO:0005758 -[part_of]-> GO:0005740
GO:0005759 -[is_a]-> GO:0044429
GO:0005759 -[is_a]-> GO:0070013
GO:0005760 -[is_a]-> GO:0042575
GO:0005760 -[is_a]-> GO:0044429
GO:0005760 -[part_of]-> GO:0005759
GO:0005761 -[is_a]-> GO:0000313
GO:0005761 -[is_a]-> GO:0044429
GO:0005761 -[part_of]-> GO:0005739
GO:0005761 -[part_of]-> GO:0005759
GO:0005762 -[is_a]-> GO:0000315
GO:0005762 -[is_a]-> GO:0044429
GO:0005762 -[part_of]-> GO:0005761
GO:0005763 -[is_a]-> GO:0000314
GO:0005763 -[is_a]-> GO:0044429
GO:0005763 -[part_of]-> GO:0005761
GO:0005764 -[is_a]-> GO:0000323
GO:0005765 -[is_a]-> GO:0098852
GO:0005765 -[part_of]-> GO:0005764
GO:0005766 -[is_a]-> GO:0005764
GO:0005767 -[is_a]-> GO:0005764
GO:0005768 -[is_a]-> GO:0031410
GO:0005768 -[part_of]-> GO:0012505
GO:0005769 -[is_a]-> GO:0005768
GO:0005770 -[is_a]-> GO:0005768
GO:0005771 -[is_a]-> GO:0005770
GO:0005773 -[is_a]-> GO:0043231
GO:0005773 -[is_a]-> GO:0044444
GO:0005774 -[is_a]-> GO:0044437
GO:0005774 -[is_a]-> GO:0098588
GO:0005774 -[is_a]-> GO:0098805
GO:0005775 -[is_a]-> GO:0044437
GO:0005775 -[is_a]-> GO:0070013
GO:0005775 -[part_of]-> GO:0005773
GO:0005776 -[is_a]-> GO:0005773
GO:0005777 -[is_a]-> GO:0042579
GO:0005778 -[is_a]-> GO:0031903
GO:0005778 -[is_a]-> GO:0044439
GO:0005779 -[is_a]-> GO:0031231
GO:0005779 -[is_a]-> GO:0031301
GO:0005779 -[part_of]-> GO:0005778
GO:0005780 -[is_a]-> GO:0031312
GO:0005780 -[is_a]-> GO:0044439
GO:0005780 -[part_of]-> GO:0005778
GO:0005782 -[is_a]-> GO:0031907
GO:0005782 -[is_a]-> GO:0044439
GO:0005783 -[is_a]-> GO:0043231
GO:0005783 -[is_a]-> GO:0044444
GO:0005783 -[part_of]-> GO:0012505
GO:0005784 -[is_a]-> GO:0071256
GO:0005785 -[is_a]-> GO:0044432
GO:0005785 -[is_a]-> GO:0098796
GO:0005785 -[part_of]-> GO:0030867
GO:0005786 -[is_a]-> GO:0048500
GO:0005787 -[is_a]-> GO:0044432
GO:0005787 -[is_a]-> GO:0098796
GO:0005787 -[is_a]-> GO:1905368
GO:0005787 -[part_of]-> GO:0005789
GO:0005788 -[is_a]-> GO:0044432
GO:0005788 -[is_a]-> GO:0070013
GO:0005788 -[part_of]-> GO:0005783
GO:0005789 -[is_a]-> GO:0016020
GO:0005789 -[is_a]-> GO:0044425
GO:0005789 -[is_a]-> GO:0044432
GO:0005789 -[part_of]-> GO:0042175
GO:0005790 -[is_a]-> GO:0005783
GO:0005791 -[is_a]-> GO:0005783
GO:0005793 -[is_a]-> GO:0043231
GO:0005793 -[is_a]-> GO:0044444
GO:0005794 -[is_a]-> GO:0043231
GO:0005794 -[is_a]-> GO:0044444
GO:0005794 -[part_of]-> GO:0012505
GO:0005795 -[is_a]-> GO:0098791
GO:0005795 -[part_of]-> GO:0005794
GO:0005796 -[is_a]-> GO:0044431
GO:0005796 -[is_a]-> GO:0070013
GO:0005797 -[is_a]-> GO:0031985
GO:0005798 -[is_a]-> GO:0031410
GO:0005798 -[is_a]-> GO:0044431
GO:0005801 -[is_a]-> GO:0043231
GO:0005802 -[is_a]-> GO:0098791
GO:0005802 -[part_of]-> GO:0005794
GO:0005811 -[is_a]-> GO:0043232
GO:0005813 -[is_a]-> GO:0005815
GO:0005813 -[is_a]-> GO:0043232
GO:0005814 -[is_a]-> GO:0043232
GO:0005814 -[is_a]-> GO:0044450
GO:0005814 -[part_of]-> GO:0005813
GO:0005815 -[is_a]-> GO:0044430
GO:0005815 -[part_of]-> GO:0015630
GO:0005816 -[is_a]-> GO:0005815
GO:0005816 -[part_of]-> GO:0000922
GO:0005818 -[is_a]-> GO:0043232
GO:0005818 -[is_a]-> GO:0044430
GO:0005818 -[is_a]-> GO:0099080
GO:0005818 -[part_of]-> GO:0005819
GO:0005819 -[is_a]-> GO:0043232
GO:0005819 -[is_a]-> GO:0044430
GO:0005819 -[part_of]-> GO:0015630
GO:0005821 -[is_a]-> GO:0044450
GO:0005821 -[part_of]-> GO:0005816
GO:0005822 -[is_a]-> GO:0044450
GO:0005822 -[part_of]-> GO:0005816
GO:0005823 -[is_a]-> GO:0044450
GO:0005823 -[part_of]-> GO:0005816
GO:0005824 -[is_a]-> GO:0044450
GO:0005824 -[part_of]-> GO:0005816
GO:0005825 -[is_a]-> GO:0044450
GO:0005825 -[part_of]-> GO:0005816
GO:0005826 -[is_a]-> GO:0032155
GO:0005826 -[is_a]-> GO:0044430
GO:0005826 -[is_a]-> GO:0044448
GO:0005826 -[is_a]-> GO:0070938
GO:0005826 -[part_of]-> GO:0030864
GO:0005827 -[is_a]-> GO:0005876
GO:0005827 -[part_of]-> GO:0000922
GO:0005828 -[is_a]-> GO:0005876
GO:0005829 -[is_a]-> GO:0044444
GO:0005829 -[part_of]-> GO:0005737
GO:0005831 -[is_a]-> GO:0043234
GO:0005831 -[is_a]-> GO:0044445
GO:0005832 -[is_a]-> GO:0043234
GO:0005832 -[is_a]-> GO:0044445
GO:0005833 -[is_a]-> GO:0043234
GO:0005833 -[is_a]-> GO:0044445
GO:0005834 -[is_a]-> GO:0044424
GO:0005834 -[is_a]-> GO:0098797
GO:0005834 -[is_a]-> GO:1905360
GO:0005834 -[part_of]-> GO:0031234
GO:0005835 -[is_a]-> GO:0043234
GO:0005835 -[is_a]-> GO:0044445
GO:0005836 -[is_a]-> GO:0044445
GO:0005836 -[is_a]-> GO:1990234
GO:0005838 -[is_a]-> GO:0043234
GO:0005838 -[is_a]-> GO:0044424
GO:0005838 -[part_of]-> GO:0022624
GO:0005839 -[is_a]-> GO:0043234
GO:0005839 -[is_a]-> GO:0044424
GO:0005839 -[part_of]-> GO:0000502
GO:0005840 -[is_a]-> GO:0030529
GO:0005840 -[is_a]-> GO:0043232
GO:0005840 -[is_a]-> GO:0044444
GO:0005844 -[is_a]-> GO:0030529
GO:0005845 -[is_a]-> GO:0034518
GO:0005845 -[is_a]-> GO:0044424
GO:0005846 -[is_a]-> GO:0034518
GO:0005846 -[is_a]-> GO:0044424
GO:0005847 -[is_a]-> GO:0005849
GO:0005848 -[is_a]-> GO:0005849
GO:0005849 -[is_a]-> GO:0043234
GO:0005849 -[is_a]-> GO:0044451
GO:0005850 -[is_a]-> GO:0043234
GO:0005850 -[is_a]-> GO:0044444
GO:0005851 -[is_a]-> GO:0043234
GO:0005851 -[is_a]-> GO:0044444
GO:0005852 -[is_a]-> GO:0043234
GO:0005852 -[is_a]-> GO:0044444
GO:0005853 -[is_a]-> GO:0043234
GO:0005853 -[is_a]-> GO:0044444
GO:0005854 -[is_a]-> GO:0043234
GO:0005854 -[is_a]-> GO:0044444
GO:0005856 -[is_a]-> GO:0043232
GO:0005858 -[is_a]-> GO:0030286
GO:0005858 -[is_a]-> GO:0044447
GO:0005858 -[part_of]-> GO:0005930
GO:0005859 -[is_a]-> GO:0016460
GO:0005859 -[is_a]-> GO:0044449
GO:0005859 -[part_of]-> GO:0043292
GO:0005861 -[is_a]-> GO:0043234
GO:0005861 -[is_a]-> GO:0044430
GO:0005861 -[is_a]-> GO:0044449
GO:0005861 -[part_of]-> GO:0005865
GO:0005862 -[is_a]-> GO:0044430
GO:0005862 -[is_a]-> GO:0044449
GO:0005862 -[part_of]-> GO:0005865
GO:0005863 -[is_a]-> GO:0005859
GO:0005863 -[is_a]-> GO:0032982
GO:0005863 -[is_a]-> GO:0036379
GO:0005863 -[part_of]-> GO:0030017
GO:0005865 -[is_a]-> GO:0036379
GO:0005865 -[is_a]-> GO:0044430
GO:0005865 -[part_of]-> GO:0015629
GO:0005865 -[part_of]-> GO:0030017
GO:0005868 -[is_a]-> GO:0030286
GO:0005869 -[is_a]-> GO:0005875
GO:0005869 -[part_of]-> GO:0015629
GO:0005870 -[is_a]-> GO:0008290
GO:0005870 -[part_of]-> GO:0005869
GO:0005871 -[is_a]-> GO:0005875
GO:0005872 -[is_a]-> GO:0005871
GO:0005873 -[is_a]-> GO:0005871
GO:0005874 -[is_a]-> GO:0099513
GO:0005874 -[part_of]-> GO:0015630
GO:0005875 -[is_a]-> GO:0043234
GO:0005875 -[is_a]-> GO:0044430
GO:0005875 -[part_of]-> GO:0015630
GO:0005876 -[is_a]-> GO:0005874
GO:0005876 -[part_of]-> GO:0005819
GO:0005879 -[is_a]-> GO:0005874
GO:0005879 -[is_a]-> GO:0044447
GO:0005879 -[part_of]-> GO:0005930
GO:0005880 -[is_a]-> GO:0005874
GO:0005880 -[is_a]-> GO:0044428
GO:0005880 -[part_of]-> GO:0005634
GO:0005881 -[is_a]-> GO:0005874
GO:0005881 -[is_a]-> GO:0044444
GO:0005881 -[part_of]-> GO:0005737
GO:0005882 -[is_a]-> GO:0099513
GO:0005882 -[part_of]-> GO:0045111
GO:0005883 -[is_a]-> GO:0005882
GO:0005883 -[is_a]-> GO:0044444
GO:0005884 -[is_a]-> GO:0099513
GO:0005884 -[part_of]-> GO:0015629
GO:0005885 -[is_a]-> GO:0043234
GO:0005885 -[is_a]-> GO:0044430
GO:0005885 -[part_of]-> GO:0015629
GO:0005886 -[is_a]-> GO:0016020
GO:0005886 -[is_a]-> GO:0044464
GO:0005886 -[part_of]-> GO:0071944
GO:0005887 -[is_a]-> GO:0016021
GO:0005887 -[is_a]-> GO:0031226
GO:0005887 -[part_of]-> GO:0005886
GO:0005889 -[is_a]-> GO:0044459
GO:0005889 -[is_a]-> GO:0090533
GO:0005889 -[part_of]-> GO:0005887
GO:0005890 -[is_a]-> GO:0044459
GO:0005890 -[is_a]-> GO:0090533
GO:0005890 -[part_of]-> GO:0005887
GO:0005891 -[is_a]-> GO:0034704
GO:0005891 -[is_a]-> GO:0044459
GO:0005892 -[is_a]-> GO:0034702
GO:0005892 -[is_a]-> GO:0098802
GO:0005892 -[part_of]-> GO:0005887
GO:0005893 -[is_a]-> GO:0098802
GO:0005893 -[part_of]-> GO:0005887
GO:0005894 -[is_a]-> GO:0098802
GO:0005894 -[part_of]-> GO:0005887
GO:0005895 -[is_a]-> GO:0098802
GO:0005895 -[part_of]-> GO:0005887
GO:0005896 -[is_a]-> GO:0098802
GO:0005896 -[part_of]-> GO:0005887
GO:0005897 -[is_a]-> GO:0098802
GO:0005897 -[part_of]-> GO:0005887
GO:0005898 -[is_a]-> GO:0098802
GO:0005898 -[part_of]-> GO:0005887
GO:0005899 -[is_a]-> GO:0098802
GO:0005899 -[is_a]-> GO:1902911
GO:0005899 -[part_of]-> GO:0005887
GO:0005900 -[is_a]-> GO:0098802
GO:0005900 -[part_of]-> GO:0005887
GO:0005901 -[is_a]-> GO:0044853
GO:0005902 -[is_a]-> GO:0098858
GO:0005902 -[has_part]-> GO:0032432
GO:0005903 -[is_a]-> GO:0098862
GO:0005903 -[has_part]-> GO:0005902
GO:0005905 -[is_a]-> GO:0044464
GO:0005905 -[is_a]-> GO:0098589
GO:0005905 -[part_of]-> GO:0012505
GO:0005911 -[is_a]-> GO:0030054
GO:0005912 -[is_a]-> GO:0070161
GO:0005913 -[is_a]-> GO:0005911
GO:0005913 -[is_a]-> GO:0005912
GO:0005914 -[is_a]-> GO:0005913
GO:0005915 -[is_a]-> GO:0005913
GO:0005915 -[part_of]-> GO:0043296
GO:0005916 -[is_a]-> GO:0005913
GO:0005916 -[part_of]-> GO:0014704
GO:0005917 -[is_a]-> GO:0036056
GO:0005918 -[is_a]-> GO:0070160
GO:0005918 -[part_of]-> GO:0043296
GO:0005919 -[is_a]-> GO:0005918
GO:0005920 -[is_a]-> GO:0005918
GO:0005921 -[is_a]-> GO:0005911
GO:0005922 -[is_a]-> GO:0098797
GO:0005922 -[part_of]-> GO:0005921
GO:0005923 -[is_a]-> GO:0070160
GO:0005923 -[part_of]-> GO:0043296
GO:0005924 -[is_a]-> GO:0005912
GO:0005924 -[is_a]-> GO:0030055
GO:0005925 -[is_a]-> GO:0005924
GO:0005926 -[is_a]-> GO:0005924
GO:0005927 -[is_a]-> GO:0005924
GO:0005928 -[is_a]-> GO:0005924
GO:0005929 -[is_a]-> GO:0042995
GO:0005929 -[is_a]-> GO:0043226
GO:0005929 -[has_part]-> GO:0030990
GO:0005930 -[is_a]-> GO:0044430
GO:0005930 -[is_a]-> GO:0044441
GO:0005930 -[has_part]-> GO:0005874
GO:0005930 -[part_of]-> GO:0005856
GO:0005930 -[part_of]-> GO:0097014
GO:0005931 -[is_a]-> GO:0043234
GO:0005931 -[is_a]-> GO:0044447
GO:0005933 -[is_a]-> GO:0044464
GO:0005934 -[is_a]-> GO:0030427
GO:0005934 -[part_of]-> GO:0005933
GO:0005935 -[is_a]-> GO:0030427
GO:0005935 -[part_of]-> GO:0005933
GO:0005937 -[is_a]-> GO:0042995
GO:0005938 -[is_a]-> GO:0099568
GO:0005938 -[part_of]-> GO:0071944
GO:0005940 -[is_a]-> GO:0032156
GO:0005940 -[is_a]-> GO:0044430
GO:0005940 -[is_a]-> GO:0044448
GO:0005942 -[is_a]-> GO:0044425
GO:0005942 -[is_a]-> GO:0061695
GO:0005942 -[part_of]-> GO:0019898
GO:0005943 -[is_a]-> GO:0097651
GO:0005944 -[is_a]-> GO:0097651
GO:0005945 -[is_a]-> GO:0044445
GO:0005945 -[is_a]-> GO:0061695
GO:0005946 -[is_a]-> GO:0044444
GO:0005946 -[is_a]-> GO:1990234
GO:0005947 -[is_a]-> GO:0030062
GO:0005947 -[is_a]-> GO:0045240
GO:0005947 -[part_of]-> GO:0005739
GO:0005948 -[is_a]-> GO:0044444
GO:0005948 -[is_a]-> GO:1990234
GO:0005950 -[is_a]-> GO:0044444
GO:0005950 -[is_a]-> GO:1902494
GO:0005951 -[is_a]-> GO:0044444
GO:0005951 -[is_a]-> GO:1902494
GO:0005952 -[is_a]-> GO:0044424
GO:0005952 -[is_a]-> GO:1902554
GO:0005953 -[is_a]-> GO:0044424
GO:0005953 -[is_a]-> GO:1990234
GO:0005954 -[is_a]-> GO:0043234
GO:0005954 -[is_a]-> GO:0044424
GO:0005955 -[is_a]-> GO:0008287
GO:0005955 -[is_a]-> GO:0044424
GO:0005956 -[is_a]-> GO:0043234
GO:0005956 -[is_a]-> GO:0044424
GO:0005958 -[is_a]-> GO:0044428
GO:0005958 -[is_a]-> GO:0070419
GO:0005960 -[is_a]-> GO:0044444
GO:0005960 -[is_a]-> GO:1990204
GO:0005962 -[is_a]-> GO:0030062
GO:0005962 -[is_a]-> GO:0045242
GO:0005962 -[part_of]-> GO:0005739
GO:0005963 -[is_a]-> GO:0008287
GO:0005963 -[is_a]-> GO:0044424
GO:0005964 -[is_a]-> GO:0044444
GO:0005964 -[is_a]-> GO:1902554
GO:0005965 -[is_a]-> GO:0044444
GO:0005965 -[is_a]-> GO:1990234
GO:0005966 -[is_a]-> GO:0044464
GO:0005966 -[is_a]-> GO:1902494
GO:0005967 -[is_a]-> GO:0044429
GO:0005967 -[is_a]-> GO:0045254
GO:0005967 -[part_of]-> GO:0005739
GO:0005967 -[part_of]-> GO:0005759
GO:0005968 -[is_a]-> GO:0044444
GO:0005968 -[is_a]-> GO:1990234
GO:0005969 -[is_a]-> GO:0044444
GO:0005969 -[is_a]-> GO:1990234
GO:0005971 -[is_a]-> GO:0044445
GO:0005971 -[is_a]-> GO:1990204
GO:0005971 -[part_of]-> GO:0005829
GO:0005975 -[is_a]-> GO:0044238
GO:0005975 -[is_a]-> GO:0071704
GO:0005976 -[is_a]-> GO:0005975
GO:0005976 -[is_a]-> GO:0043170
GO:0005977 -[is_a]-> GO:0006073
GO:0005977 -[is_a]-> GO:0006112
GO:0005977 -[is_a]-> GO:0044723
GO:0005978 -[is_a]-> GO:0005977
GO:0005978 -[is_a]-> GO:0009250
GO:0005979 -[is_a]-> GO:0010962
GO:0005979 -[is_a]-> GO:0070873
GO:0005979 -[regulates]-> GO:0005978
GO:0005980 -[is_a]-> GO:0005977
GO:0005980 -[is_a]-> GO:0009251
GO:0005980 -[is_a]-> GO:0044247
GO:0005980 -[is_a]-> GO:0044724
GO:0005981 -[is_a]-> GO:0043471
GO:0005981 -[is_a]-> GO:0070873
GO:0005981 -[regulates]-> GO:0005980
GO:0005982 -[is_a]-> GO:0006073
GO:0005983 -[is_a]-> GO:0005982
GO:0005983 -[is_a]-> GO:0009251
GO:0005983 -[is_a]-> GO:0044247
GO:0005984 -[is_a]-> GO:0009311
GO:0005984 -[is_a]-> GO:0044262
GO:0005984 -[is_a]-> GO:0044763
GO:0005985 -[is_a]-> GO:0005984
GO:0005986 -[is_a]-> GO:0005985
GO:0005986 -[is_a]-> GO:0046351
GO:0005987 -[is_a]-> GO:0005985
GO:0005987 -[is_a]-> GO:0046352
GO:0005988 -[is_a]-> GO:0005984
GO:0005989 -[is_a]-> GO:0005988
GO:0005989 -[is_a]-> GO:0046351
GO:0005990 -[is_a]-> GO:0005988
GO:0005990 -[is_a]-> GO:0046352
GO:0005991 -[is_a]-> GO:0005984
GO:0005992 -[is_a]-> GO:0005991
GO:0005992 -[is_a]-> GO:0046351
GO:0005993 -[is_a]-> GO:0005991
GO:0005993 -[is_a]-> GO:0046352
GO:0005994 -[is_a]-> GO:0005984
GO:0005995 -[is_a]-> GO:0005994
GO:0005995 -[is_a]-> GO:0046352
GO:0005996 -[is_a]-> GO:0044281
GO:0005996 -[is_a]-> GO:0044723
GO:0005997 -[is_a]-> GO:0019321
GO:0005998 -[is_a]-> GO:0005997
GO:0005998 -[is_a]-> GO:0019323
GO:0005999 -[is_a]-> GO:0005997
GO:0005999 -[is_a]-> GO:0019322
GO:0006000 -[is_a]-> GO:0019318
GO:0006001 -[is_a]-> GO:0006000
GO:0006001 -[is_a]-> GO:0019320
GO:0006002 -[is_a]-> GO:0006796
GO:0006002 -[is_a]-> GO:0019637
GO:0006002 -[is_a]-> GO:1901135
GO:0006003 -[is_a]-> GO:0006796
GO:0006003 -[is_a]-> GO:0019637
GO:0006003 -[is_a]-> GO:1901135
GO:0006004 -[is_a]-> GO:0019318
GO:0006005 -[is_a]-> GO:0042353
GO:0006005 -[is_a]-> GO:0042354
GO:0006006 -[is_a]-> GO:0019318
GO:0006007 -[is_a]-> GO:0006006
GO:0006007 -[is_a]-> GO:0019320
GO:0006009 -[is_a]-> GO:0016310
GO:0006009 -[is_a]-> GO:0019255
GO:0006011 -[is_a]-> GO:0009225
GO:0006012 -[is_a]-> GO:0019318
GO:0006013 -[is_a]-> GO:0019318
GO:0006014 -[is_a]-> GO:0019321
GO:0006015 -[is_a]-> GO:0046390
GO:0006015 -[is_a]-> GO:0046391
GO:0006016 -[is_a]-> GO:0046384
GO:0006016 -[is_a]-> GO:0046385
GO:0006017 -[is_a]-> GO:0046385
GO:0006017 -[is_a]-> GO:0046387
GO:0006018 -[is_a]-> GO:0046384
GO:0006018 -[is_a]-> GO:0046386
GO:0006019 -[is_a]-> GO:0016310
GO:0006019 -[is_a]-> GO:0046389
GO:0006020 -[is_a]-> GO:0019751
GO:0006020 -[is_a]-> GO:0044262
GO:0006020 -[is_a]-> GO:0044723
GO:0006020 -[is_a]-> GO:0044763
GO:0006021 -[is_a]-> GO:0006020
GO:0006021 -[is_a]-> GO:0034637
GO:0006021 -[is_a]-> GO:0046173
GO:0006022 -[is_a]-> GO:0043170
GO:0006022 -[is_a]-> GO:1901135
GO:0006022 -[is_a]-> GO:1901564
GO:0006023 -[is_a]-> GO:0006022
GO:0006023 -[is_a]-> GO:0009059
GO:0006023 -[is_a]-> GO:1901137
GO:0006023 -[is_a]-> GO:1901566
GO:0006024 -[is_a]-> GO:0006023
GO:0006024 -[is_a]-> GO:0030203
GO:0006025 -[is_a]-> GO:0006024
GO:0006025 -[is_a]-> GO:0046350
GO:0006026 -[is_a]-> GO:0006022
GO:0006026 -[is_a]-> GO:0009057
GO:0006026 -[is_a]-> GO:1901136
GO:0006026 -[is_a]-> GO:1901565
GO:0006027 -[is_a]-> GO:0006026
GO:0006027 -[is_a]-> GO:0030203
GO:0006028 -[is_a]-> GO:0006027
GO:0006028 -[is_a]-> GO:0046350
GO:0006029 -[is_a]-> GO:0009100
GO:0006030 -[is_a]-> GO:0006022
GO:0006030 -[is_a]-> GO:1901071
GO:0006031 -[is_a]-> GO:0006023
GO:0006031 -[is_a]-> GO:0006030
GO:0006031 -[is_a]-> GO:1901073
GO:0006032 -[is_a]-> GO:0006026
GO:0006032 -[is_a]-> GO:0006030
GO:0006032 -[is_a]-> GO:1901072
GO:0006033 -[is_a]-> GO:0033037
GO:0006034 -[is_a]-> GO:0006030
GO:0006035 -[is_a]-> GO:0006031
GO:0006035 -[is_a]-> GO:0006034
GO:0006035 -[part_of]-> GO:0040003
GO:0006036 -[is_a]-> GO:0006032
GO:0006036 -[is_a]-> GO:0006034
GO:0006037 -[is_a]-> GO:0006030
GO:0006037 -[is_a]-> GO:0010383
GO:0006038 -[is_a]-> GO:0006031
GO:0006038 -[is_a]-> GO:0006037
GO:0006038 -[is_a]-> GO:0070592
GO:0006039 -[is_a]-> GO:0006032
GO:0006039 -[is_a]-> GO:0006037
GO:0006039 -[is_a]-> GO:0016998
GO:0006040 -[is_a]-> GO:1901135
GO:0006041 -[is_a]-> GO:1901071
GO:0006042 -[is_a]-> GO:0006041
GO:0006042 -[is_a]-> GO:1901073
GO:0006043 -[is_a]-> GO:0006041
GO:0006043 -[is_a]-> GO:1901072
GO:0006044 -[is_a]-> GO:1901071
GO:0006045 -[is_a]-> GO:0006044
GO:0006045 -[is_a]-> GO:1901073
GO:0006046 -[is_a]-> GO:0006044
GO:0006046 -[is_a]-> GO:1901072
GO:0006047 -[is_a]-> GO:0006040
GO:0006047 -[is_a]-> GO:0009225
GO:0006048 -[is_a]-> GO:0006047
GO:0006048 -[is_a]-> GO:0009226
GO:0006048 -[is_a]-> GO:0046349
GO:0006049 -[is_a]-> GO:0006047
GO:0006049 -[is_a]-> GO:0009227
GO:0006049 -[is_a]-> GO:0046348
GO:0006050 -[is_a]-> GO:0006040
GO:0006051 -[is_a]-> GO:0006050
GO:0006052 -[is_a]-> GO:0006051
GO:0006052 -[is_a]-> GO:0046347
GO:0006053 -[is_a]-> GO:0006051
GO:0006053 -[is_a]-> GO:0046346
GO:0006054 -[is_a]-> GO:0019752
GO:0006055 -[is_a]-> GO:0009226
GO:0006055 -[is_a]-> GO:0046381
GO:0006056 -[is_a]-> GO:0009100
GO:0006057 -[is_a]-> GO:0006056
GO:0006057 -[is_a]-> GO:0009101
GO:0006058 -[is_a]-> GO:0006056
GO:0006058 -[is_a]-> GO:0006516
GO:0006058 -[is_a]-> GO:0051603
GO:0006059 -[is_a]-> GO:0019400
GO:0006060 -[is_a]-> GO:0006059
GO:0006061 -[is_a]-> GO:0006060
GO:0006061 -[is_a]-> GO:0019406
GO:0006062 -[is_a]-> GO:0006060
GO:0006062 -[is_a]-> GO:0019407
GO:0006063 -[is_a]-> GO:0032787
GO:0006064 -[is_a]-> GO:0019585
GO:0006064 -[is_a]-> GO:0072329
GO:0006065 -[is_a]-> GO:0009226
GO:0006065 -[is_a]-> GO:0046398
GO:0006066 -[is_a]-> GO:0044281
GO:0006066 -[is_a]-> GO:1901615
GO:0006067 -[is_a]-> GO:0034308
GO:0006068 -[is_a]-> GO:0006067
GO:0006068 -[is_a]-> GO:0034310
GO:0006069 -[is_a]-> GO:0006067
GO:0006069 -[is_a]-> GO:0055114
GO:0006070 -[is_a]-> GO:0034308
GO:0006070 -[is_a]-> GO:1903173
GO:0006071 -[is_a]-> GO:0019400
GO:0006072 -[is_a]-> GO:0052646
GO:0006073 -[is_a]-> GO:0044042
GO:0006073 -[is_a]-> GO:0044264
GO:0006074 -[is_a]-> GO:0051273
GO:0006075 -[is_a]-> GO:0006074
GO:0006075 -[is_a]-> GO:0051274
GO:0006076 -[is_a]-> GO:0006074
GO:0006076 -[is_a]-> GO:0051275
GO:0006077 -[is_a]-> GO:0051273
GO:0006078 -[is_a]-> GO:0006077
GO:0006078 -[is_a]-> GO:0051274
GO:0006079 -[is_a]-> GO:0006077
GO:0006079 -[is_a]-> GO:0051275
GO:0006080 -[is_a]-> GO:0005976
GO:0006081 -[is_a]-> GO:0044237
GO:0006081 -[is_a]-> GO:0044710
GO:0006081 -[is_a]-> GO:0044763
GO:0006081 -[is_a]-> GO:0071704
GO:0006082 -[is_a]-> GO:0044237
GO:0006082 -[is_a]-> GO:0044281
GO:0006082 -[is_a]-> GO:0044763
GO:0006082 -[is_a]-> GO:0071704
GO:0006083 -[is_a]-> GO:0032787
GO:0006084 -[is_a]-> GO:0006637
GO:0006085 -[is_a]-> GO:0006084
GO:0006085 -[is_a]-> GO:0071616
GO:0006086 -[is_a]-> GO:0006085
GO:0006086 -[is_a]-> GO:0006090
GO:0006086 -[is_a]-> GO:0044711
GO:0006089 -[is_a]-> GO:0032787
GO:0006090 -[is_a]-> GO:0032787
GO:0006091 -[is_a]-> GO:0044237
GO:0006094 -[is_a]-> GO:0006006
GO:0006094 -[is_a]-> GO:0019319
GO:0006096 -[is_a]-> GO:0006090
GO:0006096 -[is_a]-> GO:0006757
GO:0006096 -[is_a]-> GO:0044724
GO:0006096 -[is_a]-> GO:0046496
GO:0006096 -[has_part]-> GO:0004618
GO:0006096 -[has_part]-> GO:0004619
GO:0006096 -[has_part]-> GO:0004634
GO:0006096 -[has_part]-> GO:0043891
GO:0006097 -[is_a]-> GO:0044262
GO:0006097 -[is_a]-> GO:0044723
GO:0006097 -[is_a]-> GO:0046487
GO:0006098 -[is_a]-> GO:0006739
GO:0006098 -[is_a]-> GO:0019682
GO:0006098 -[is_a]-> GO:0019693
GO:0006098 -[is_a]-> GO:0051156
GO:0006099 -[is_a]-> GO:0006082
GO:0006099 -[is_a]-> GO:0044238
GO:0006099 -[part_of]-> GO:0009060
GO:0006101 -[is_a]-> GO:0072350
GO:0006102 -[is_a]-> GO:0072350
GO:0006103 -[is_a]-> GO:0043648
GO:0006104 -[is_a]-> GO:0006637
GO:0006105 -[is_a]-> GO:0043648
GO:0006106 -[is_a]-> GO:0043648
GO:0006107 -[is_a]-> GO:0043648
GO:0006108 -[is_a]-> GO:0043648
GO:0006109 -[is_a]-> GO:0080090
GO:0006109 -[regulates]-> GO:0005975
GO:0006110 -[is_a]-> GO:0042325
GO:0006110 -[is_a]-> GO:0043467
GO:0006110 -[is_a]-> GO:0043470
GO:0006110 -[is_a]-> GO:0051196
GO:0006110 -[is_a]-> GO:1903578
GO:0006110 -[regulates]-> GO:0006096
GO:0006111 -[is_a]-> GO:0010906
GO:0006111 -[is_a]-> GO:0043255
GO:0006111 -[regulates]-> GO:0006094
GO:0006112 -[is_a]-> GO:0015980
GO:0006113 -[is_a]-> GO:0015980
GO:0006114 -[is_a]-> GO:0006071
GO:0006114 -[is_a]-> GO:0019401
GO:0006115 -[is_a]-> GO:0006067
GO:0006115 -[is_a]-> GO:0034309
GO:0006116 -[is_a]-> GO:0006734
GO:0006116 -[is_a]-> GO:0055114
GO:0006117 -[is_a]-> GO:0006081
GO:0006119 -[is_a]-> GO:0006091
GO:0006119 -[is_a]-> GO:0016310
GO:0006119 -[is_a]-> GO:0046034
GO:0006119 -[has_part]-> GO:0015986
GO:0006120 -[is_a]-> GO:0022904
GO:0006120 -[part_of]-> GO:0042775
GO:0006121 -[is_a]-> GO:0022904
GO:0006121 -[part_of]-> GO:0042775
GO:0006122 -[is_a]-> GO:0022904
GO:0006122 -[part_of]-> GO:0042775
GO:0006123 -[is_a]-> GO:0022904
GO:0006123 -[part_of]-> GO:0042775
GO:0006124 -[is_a]-> GO:0044267
GO:0006127 -[is_a]-> GO:0006116
GO:0006127 -[is_a]-> GO:0042180
GO:0006127 -[is_a]-> GO:1901135
GO:0006127 -[has_part]-> GO:0004367
GO:0006127 -[has_part]-> GO:0052590
GO:0006127 -[part_of]-> GO:0022904
GO:0006139 -[is_a]-> GO:0006725
GO:0006139 -[is_a]-> GO:0034641
GO:0006139 -[is_a]-> GO:0044238
GO:0006139 -[is_a]-> GO:0046483
GO:0006139 -[is_a]-> GO:1901360
GO:0006140 -[is_a]-> GO:0019219
GO:0006140 -[is_a]-> GO:0019220
GO:0006140 -[regulates]-> GO:0009117
GO:0006141 -[is_a]-> GO:0019219
GO:0006141 -[regulates]-> GO:0006144
GO:0006142 -[is_a]-> GO:0019219
GO:0006142 -[regulates]-> GO:0006206
GO:0006144 -[is_a]-> GO:0009112
GO:0006144 -[is_a]-> GO:0072521
GO:0006145 -[is_a]-> GO:0006144
GO:0006145 -[is_a]-> GO:0046113
GO:0006145 -[is_a]-> GO:0072523
GO:0006146 -[is_a]-> GO:0006145
GO:0006146 -[is_a]-> GO:0046083
GO:0006147 -[is_a]-> GO:0006145
GO:0006147 -[is_a]-> GO:0046098
GO:0006148 -[is_a]-> GO:0046102
GO:0006148 -[is_a]-> GO:0046130
GO:0006149 -[is_a]-> GO:0046094
GO:0006149 -[is_a]-> GO:0046124
GO:0006150 -[is_a]-> GO:0009114
GO:0006150 -[is_a]-> GO:0055114
GO:0006151 -[is_a]-> GO:0009115
GO:0006151 -[is_a]-> GO:0055114
GO:0006152 -[is_a]-> GO:0009164
GO:0006152 -[is_a]-> GO:0042278
GO:0006152 -[is_a]-> GO:0072523
GO:0006154 -[is_a]-> GO:0046085
GO:0006154 -[is_a]-> GO:0046130
GO:0006157 -[is_a]-> GO:0046090
GO:0006157 -[is_a]-> GO:0046124
GO:0006161 -[is_a]-> GO:0042453
GO:0006161 -[is_a]-> GO:0046124
GO:0006163 -[is_a]-> GO:0009117
GO:0006163 -[is_a]-> GO:0072521
GO:0006164 -[is_a]-> GO:0006163
GO:0006164 -[is_a]-> GO:0009165
GO:0006164 -[is_a]-> GO:0072522
GO:0006165 -[is_a]-> GO:0009132
GO:0006165 -[is_a]-> GO:0046939
GO:0006166 -[is_a]-> GO:0043101
GO:0006166 -[is_a]-> GO:0043174
GO:0006166 -[is_a]-> GO:0046129
GO:0006167 -[is_a]-> GO:0009152
GO:0006167 -[is_a]-> GO:0009168
GO:0006167 -[is_a]-> GO:0046033
GO:0006167 -[is_a]-> GO:0046129
GO:0006168 -[is_a]-> GO:0043096
GO:0006168 -[is_a]-> GO:0046084
GO:0006169 -[is_a]-> GO:0006166
GO:0006169 -[is_a]-> GO:0046086
GO:0006170 -[is_a]-> GO:0009153
GO:0006170 -[is_a]-> GO:0009171
GO:0006170 -[is_a]-> GO:0046053
GO:0006171 -[is_a]-> GO:0009152
GO:0006171 -[is_a]-> GO:0046058
GO:0006171 -[is_a]-> GO:0052652
GO:0006172 -[is_a]-> GO:0009152
GO:0006172 -[is_a]-> GO:0009168
GO:0006172 -[is_a]-> GO:0009180
GO:0006172 -[is_a]-> GO:0046031
GO:0006172 -[is_a]-> GO:0046129
GO:0006173 -[is_a]-> GO:0009153
GO:0006173 -[is_a]-> GO:0009183
GO:0006173 -[is_a]-> GO:0046056
GO:0006174 -[is_a]-> GO:0006165
GO:0006174 -[is_a]-> GO:0009216
GO:0006174 -[is_a]-> GO:0046056
GO:0006175 -[is_a]-> GO:0009153
GO:0006175 -[is_a]-> GO:0009216
GO:0006175 -[is_a]-> GO:0046060
GO:0006176 -[is_a]-> GO:0006175
GO:0006176 -[is_a]-> GO:0046031
GO:0006177 -[is_a]-> GO:0009152
GO:0006177 -[is_a]-> GO:0009168
GO:0006177 -[is_a]-> GO:0046037
GO:0006177 -[is_a]-> GO:1901070
GO:0006178 -[is_a]-> GO:0043096
GO:0006178 -[is_a]-> GO:0046099
GO:0006179 -[is_a]-> GO:0006166
GO:0006179 -[is_a]-> GO:0046114
GO:0006180 -[is_a]-> GO:0042452
GO:0006180 -[is_a]-> GO:0043098
GO:0006181 -[is_a]-> GO:0009153
GO:0006181 -[is_a]-> GO:0009171
GO:0006181 -[is_a]-> GO:0046054
GO:0006182 -[is_a]-> GO:0009152
GO:0006182 -[is_a]-> GO:0046068
GO:0006182 -[is_a]-> GO:0052652
GO:0006183 -[is_a]-> GO:0009152
GO:0006183 -[is_a]-> GO:0009206
GO:0006183 -[is_a]-> GO:0046039
GO:0006183 -[is_a]-> GO:1901070
GO:0006185 -[is_a]-> GO:0009153
GO:0006185 -[is_a]-> GO:0009183
GO:0006185 -[is_a]-> GO:0046066
GO:0006186 -[is_a]-> GO:0006165
GO:0006186 -[is_a]-> GO:0009216
GO:0006186 -[is_a]-> GO:0046066
GO:0006187 -[is_a]-> GO:0046066
GO:0006187 -[is_a]-> GO:0046071
GO:0006188 -[is_a]-> GO:0009152
GO:0006188 -[is_a]-> GO:0009168
GO:0006188 -[is_a]-> GO:0046040
GO:0006189 -[is_a]-> GO:0006188
GO:0006190 -[is_a]-> GO:0006166
GO:0006190 -[is_a]-> GO:0046103
GO:0006191 -[is_a]-> GO:0043098
GO:0006191 -[is_a]-> GO:0046095
GO:0006192 -[is_a]-> GO:0006165
GO:0006192 -[is_a]-> GO:0009206
GO:0006192 -[is_a]-> GO:0046707
GO:0006193 -[is_a]-> GO:0009154
GO:0006193 -[is_a]-> GO:0009207
GO:0006193 -[is_a]-> GO:0046041
GO:0006194 -[is_a]-> GO:0006165
GO:0006194 -[is_a]-> GO:0009216
GO:0006195 -[is_a]-> GO:0006163
GO:0006195 -[is_a]-> GO:0009166
GO:0006195 -[is_a]-> GO:0072523
GO:0006196 -[is_a]-> GO:0009154
GO:0006196 -[is_a]-> GO:0009169
GO:0006196 -[is_a]-> GO:0046033
GO:0006196 -[is_a]-> GO:0046130
GO:0006198 -[is_a]-> GO:0009154
GO:0006198 -[is_a]-> GO:0009214
GO:0006198 -[is_a]-> GO:0046058
GO:0006201 -[is_a]-> GO:0046038
GO:0006201 -[is_a]-> GO:0046040
GO:0006202 -[is_a]-> GO:0046038
GO:0006202 -[is_a]-> GO:0046098
GO:0006203 -[is_a]-> GO:0009155
GO:0006203 -[is_a]-> GO:0009217
GO:0006203 -[is_a]-> GO:0046070
GO:0006204 -[is_a]-> GO:0009154
GO:0006204 -[is_a]-> GO:0009169
GO:0006204 -[is_a]-> GO:0046040
GO:0006206 -[is_a]-> GO:0009112
GO:0006206 -[is_a]-> GO:0072527
GO:0006207 -[is_a]-> GO:0019856
GO:0006208 -[is_a]-> GO:0006206
GO:0006208 -[is_a]-> GO:0046113
GO:0006208 -[is_a]-> GO:0072529
GO:0006209 -[is_a]-> GO:0006208
GO:0006209 -[is_a]-> GO:0019439
GO:0006209 -[is_a]-> GO:0019858
GO:0006210 -[is_a]-> GO:0006208
GO:0006210 -[is_a]-> GO:0019859
GO:0006211 -[is_a]-> GO:0019857
GO:0006211 -[is_a]-> GO:0072529
GO:0006212 -[is_a]-> GO:0006208
GO:0006212 -[is_a]-> GO:0019860
GO:0006213 -[is_a]-> GO:0009116
GO:0006213 -[is_a]-> GO:0072527
GO:0006214 -[is_a]-> GO:0046104
GO:0006214 -[is_a]-> GO:0046127
GO:0006216 -[is_a]-> GO:0046087
GO:0006216 -[is_a]-> GO:0046133
GO:0006217 -[is_a]-> GO:0046092
GO:0006217 -[is_a]-> GO:0046127
GO:0006218 -[is_a]-> GO:0046108
GO:0006218 -[is_a]-> GO:0046133
GO:0006219 -[is_a]-> GO:0046096
GO:0006219 -[is_a]-> GO:0046127
GO:0006220 -[is_a]-> GO:0009117
GO:0006220 -[is_a]-> GO:0072527
GO:0006221 -[is_a]-> GO:0006220
GO:0006221 -[is_a]-> GO:0009165
GO:0006221 -[is_a]-> GO:0072528
GO:0006222 -[is_a]-> GO:0009174
GO:0006222 -[is_a]-> GO:0009220
GO:0006222 -[is_a]-> GO:0046049
GO:0006222 -[is_a]-> GO:0046132
GO:0006223 -[is_a]-> GO:0043100
GO:0006223 -[is_a]-> GO:0046107
GO:0006225 -[is_a]-> GO:0009194
GO:0006225 -[is_a]-> GO:0009220
GO:0006225 -[is_a]-> GO:0046048
GO:0006225 -[is_a]-> GO:0046132
GO:0006226 -[is_a]-> GO:0009177
GO:0006226 -[is_a]-> GO:0009221
GO:0006226 -[is_a]-> GO:0046078
GO:0006227 -[is_a]-> GO:0009197
GO:0006227 -[is_a]-> GO:0009221
GO:0006227 -[is_a]-> GO:0046077
GO:0006228 -[is_a]-> GO:0009209
GO:0006228 -[is_a]-> GO:0009220
GO:0006228 -[is_a]-> GO:0046051
GO:0006228 -[is_a]-> GO:0046132
GO:0006229 -[is_a]-> GO:0009212
GO:0006229 -[is_a]-> GO:0009221
GO:0006229 -[is_a]-> GO:0046080
GO:0006230 -[is_a]-> GO:0009174
GO:0006230 -[is_a]-> GO:0009220
GO:0006230 -[is_a]-> GO:0046044
GO:0006231 -[is_a]-> GO:0009177
GO:0006231 -[is_a]-> GO:0009221
GO:0006231 -[is_a]-> GO:0046073
GO:0006232 -[is_a]-> GO:0009194
GO:0006232 -[is_a]-> GO:0009220
GO:0006232 -[is_a]-> GO:0046043
GO:0006233 -[is_a]-> GO:0009197
GO:0006233 -[is_a]-> GO:0009221
GO:0006233 -[is_a]-> GO:0046072
GO:0006234 -[is_a]-> GO:0046046
GO:0006234 -[is_a]-> GO:1901576
GO:0006235 -[is_a]-> GO:0009212
GO:0006235 -[is_a]-> GO:0009221
GO:0006235 -[is_a]-> GO:0046075
GO:0006236 -[is_a]-> GO:0043097
GO:0006236 -[is_a]-> GO:0046088
GO:0006237 -[is_a]-> GO:0043099
GO:0006237 -[is_a]-> GO:0046093
GO:0006238 -[is_a]-> GO:0009224
GO:0006238 -[is_a]-> GO:0010138
GO:0006238 -[is_a]-> GO:0043097
GO:0006239 -[is_a]-> GO:0010139
GO:0006239 -[is_a]-> GO:0046064
GO:0006240 -[is_a]-> GO:0009197
GO:0006240 -[is_a]-> GO:0009221
GO:0006240 -[is_a]-> GO:0046062
GO:0006241 -[is_a]-> GO:0009209
GO:0006241 -[is_a]-> GO:0009220
GO:0006241 -[is_a]-> GO:0046036
GO:0006241 -[is_a]-> GO:0046132
GO:0006242 -[is_a]-> GO:0009212
GO:0006242 -[is_a]-> GO:0009221
GO:0006242 -[is_a]-> GO:0046065
GO:0006244 -[is_a]-> GO:0006220
GO:0006244 -[is_a]-> GO:0009166
GO:0006244 -[is_a]-> GO:0072529
GO:0006245 -[is_a]-> GO:0009195
GO:0006245 -[is_a]-> GO:0009222
GO:0006245 -[is_a]-> GO:0046043
GO:0006246 -[is_a]-> GO:0009198
GO:0006246 -[is_a]-> GO:0009223
GO:0006246 -[is_a]-> GO:0046072
GO:0006248 -[is_a]-> GO:0009175
GO:0006248 -[is_a]-> GO:0009222
GO:0006248 -[is_a]-> GO:0046035
GO:0006248 -[is_a]-> GO:0046133
GO:0006249 -[is_a]-> GO:0009178
GO:0006249 -[is_a]-> GO:0009223
GO:0006249 -[is_a]-> GO:0046063
GO:0006251 -[is_a]-> GO:0009198
GO:0006251 -[is_a]-> GO:0009223
GO:0006251 -[is_a]-> GO:0046062
GO:0006253 -[is_a]-> GO:0009213
GO:0006253 -[is_a]-> GO:0009223
GO:0006253 -[is_a]-> GO:0046065
GO:0006254 -[is_a]-> GO:0009210
GO:0006254 -[is_a]-> GO:0009222
GO:0006254 -[is_a]-> GO:0046036
GO:0006254 -[is_a]-> GO:0046133
GO:0006256 -[is_a]-> GO:0009195
GO:0006256 -[is_a]-> GO:0009222
GO:0006256 -[is_a]-> GO:0046048
GO:0006256 -[is_a]-> GO:0046133
GO:0006257 -[is_a]-> GO:0009198
GO:0006257 -[is_a]-> GO:0009223
GO:0006257 -[is_a]-> GO:0046077
GO:0006258 -[is_a]-> GO:0006011
GO:0006258 -[is_a]-> GO:0009227
GO:0006259 -[is_a]-> GO:0044260
GO:0006259 -[is_a]-> GO:0090304
GO:0006260 -[is_a]-> GO:0006259
GO:0006260 -[is_a]-> GO:0034645
GO:0006260 -[has_part]-> GO:0071897
GO:0006261 -[is_a]-> GO:0006260
GO:0006264 -[is_a]-> GO:0006261
GO:0006264 -[is_a]-> GO:0032042
GO:0006264 -[occurs_in]-> GO:0005739
GO:0006265 -[is_a]-> GO:0006259
GO:0006265 -[is_a]-> GO:0071103
GO:0006266 -[is_a]-> GO:0006259
GO:0006267 -[is_a]-> GO:1902299
GO:0006267 -[part_of]-> GO:0033260
GO:0006268 -[is_a]-> GO:0032508
GO:0006268 -[part_of]-> GO:0006261
GO:0006269 -[is_a]-> GO:0006259
GO:0006269 -[is_a]-> GO:0032774
GO:0006269 -[part_of]-> GO:0006261
GO:0006270 -[is_a]-> GO:0006259
GO:0006270 -[part_of]-> GO:0006261
GO:0006271 -[is_a]-> GO:0022616
GO:0006271 -[part_of]-> GO:0006260
GO:0006271 -[part_of]-> GO:0006261
GO:0006272 -[is_a]-> GO:0006271
GO:0006272 -[is_a]-> GO:0016070
GO:0006272 -[has_part]-> GO:0006269
GO:0006273 -[is_a]-> GO:0006271
GO:0006273 -[is_a]-> GO:0016070
GO:0006273 -[has_part]-> GO:0006269
GO:0006274 -[is_a]-> GO:0006259
GO:0006274 -[part_of]-> GO:0006261
GO:0006275 -[is_a]-> GO:0051052
GO:0006275 -[is_a]-> GO:2000112
GO:0006275 -[regulates]-> GO:0006260
GO:0006276 -[is_a]-> GO:0044763
GO:0006277 -[is_a]-> GO:0071897
GO:0006278 -[is_a]-> GO:0071897
GO:0006279 -[is_a]-> GO:0033260
GO:0006279 -[is_a]-> GO:1903046
GO:0006279 -[part_of]-> GO:0051321
GO:0006281 -[is_a]-> GO:0006259
GO:0006281 -[is_a]-> GO:0006974
GO:0006282 -[is_a]-> GO:0051052
GO:0006282 -[is_a]-> GO:2001020
GO:0006282 -[regulates]-> GO:0006281
GO:0006283 -[is_a]-> GO:0006289
GO:0006284 -[is_a]-> GO:0006281
GO:0006285 -[is_a]-> GO:0006259
GO:0006285 -[part_of]-> GO:0006284
GO:0006286 -[is_a]-> GO:0098502
GO:0006286 -[part_of]-> GO:0006284
GO:0006287 -[is_a]-> GO:0006259
GO:0006287 -[part_of]-> GO:0006284
GO:0006288 -[is_a]-> GO:0051103
GO:0006288 -[part_of]-> GO:0006284
GO:0006289 -[is_a]-> GO:0006281
GO:0006290 -[is_a]-> GO:0006281
GO:0006293 -[is_a]-> GO:0031334
GO:0006293 -[part_of]-> GO:0006289
GO:0006294 -[is_a]-> GO:0065004
GO:0006294 -[part_of]-> GO:0006289
GO:0006295 -[is_a]-> GO:0033683
GO:0006296 -[is_a]-> GO:0033683
GO:0006297 -[is_a]-> GO:0006259
GO:0006297 -[part_of]-> GO:0006289
GO:0006298 -[is_a]-> GO:0006281
GO:0006301 -[is_a]-> GO:0006281
GO:0006302 -[is_a]-> GO:0006281
GO:0006303 -[is_a]-> GO:0000726
GO:0006303 -[is_a]-> GO:0006302
GO:0006304 -[is_a]-> GO:0006259
GO:0006304 -[is_a]-> GO:0043412
GO:0006305 -[is_a]-> GO:0006304
GO:0006306 -[is_a]-> GO:0006305
GO:0006306 -[is_a]-> GO:0043414
GO:0006306 -[is_a]-> GO:0044728
GO:0006307 -[is_a]-> GO:0035510
GO:0006307 -[part_of]-> GO:0006281
GO:0006308 -[is_a]-> GO:0006259
GO:0006308 -[is_a]-> GO:0034655
GO:0006308 -[is_a]-> GO:0044265
GO:0006308 -[has_part]-> GO:0004536
GO:0006309 -[is_a]-> GO:0000737
GO:0006309 -[part_of]-> GO:0030262
GO:0006310 -[is_a]-> GO:0006259
GO:0006311 -[is_a]-> GO:0035822
GO:0006311 -[is_a]-> GO:1903046
GO:0006311 -[part_of]-> GO:0007127
GO:0006312 -[is_a]-> GO:0006310
GO:0006313 -[is_a]-> GO:0006310
GO:0006313 -[is_a]-> GO:0032196
GO:0006313 -[is_a]-> GO:0044710
GO:0006314 -[is_a]-> GO:0006310
GO:0006315 -[is_a]-> GO:0006314
GO:0006316 -[is_a]-> GO:0006314
GO:0006323 -[is_a]-> GO:0071103
GO:0006323 -[has_part]-> GO:0008301
GO:0006325 -[is_a]-> GO:0043933
GO:0006333 -[is_a]-> GO:0006325
GO:0006334 -[is_a]-> GO:0034728
GO:0006334 -[is_a]-> GO:0065004
GO:0006334 -[part_of]-> GO:0031497
GO:0006335 -[is_a]-> GO:0006334
GO:0006335 -[is_a]-> GO:0034723
GO:0006336 -[is_a]-> GO:0006334
GO:0006336 -[is_a]-> GO:0034724
GO:0006337 -[is_a]-> GO:0032986
GO:0006337 -[is_a]-> GO:0034728
GO:0006337 -[part_of]-> GO:0031498
GO:0006338 -[is_a]-> GO:0006325
GO:0006342 -[is_a]-> GO:0006325
GO:0006342 -[is_a]-> GO:0016458
GO:0006342 -[is_a]-> GO:0045814
GO:0006342 -[is_a]-> GO:0045892
GO:0006342 -[negatively_regulates]-> GO:0006351
GO:0006343 -[is_a]-> GO:0051276
GO:0006343 -[part_of]-> GO:0006342
GO:0006344 -[is_a]-> GO:0051276
GO:0006344 -[part_of]-> GO:0006342
GO:0006346 -[is_a]-> GO:0006259
GO:0006346 -[is_a]-> GO:0006342
GO:0006346 -[is_a]-> GO:0016569
GO:0006346 -[is_a]-> GO:0044710
GO:0006346 -[has_part]-> GO:0006306
GO:0006348 -[is_a]-> GO:0006342
GO:0006348 -[occurs_in]-> GO:0000781
GO:0006349 -[is_a]-> GO:0040029
GO:0006349 -[is_a]-> GO:0071514
GO:0006349 -[regulates]-> GO:0010467
GO:0006351 -[is_a]-> GO:0034645
GO:0006351 -[is_a]-> GO:0097659
GO:0006351 -[part_of]-> GO:0010467
GO:0006352 -[is_a]-> GO:0032774
GO:0006352 -[part_of]-> GO:0006351
GO:0006353 -[is_a]-> GO:0032774
GO:0006353 -[part_of]-> GO:0006351
GO:0006354 -[is_a]-> GO:0032774
GO:0006354 -[part_of]-> GO:0006351
GO:0006355 -[is_a]-> GO:0010468
GO:0006355 -[is_a]-> GO:1903506
GO:0006355 -[is_a]-> GO:2000112
GO:0006355 -[regulates]-> GO:0006351
GO:0006356 -[is_a]-> GO:0006355
GO:0006356 -[regulates]-> GO:0006360
GO:0006357 -[is_a]-> GO:0006355
GO:0006357 -[regulates]-> GO:0006366
GO:0006359 -[is_a]-> GO:0006355
GO:0006359 -[regulates]-> GO:0006383
GO:0006360 -[is_a]-> GO:0006351
GO:0006361 -[is_a]-> GO:0006352
GO:0006361 -[part_of]-> GO:0006360
GO:0006362 -[is_a]-> GO:0006354
GO:0006362 -[part_of]-> GO:0006360
GO:0006363 -[is_a]-> GO:0006353
GO:0006363 -[part_of]-> GO:0006360
GO:0006364 -[is_a]-> GO:0016072
GO:0006364 -[is_a]-> GO:0034470
GO:0006364 -[part_of]-> GO:0042254
GO:0006366 -[is_a]-> GO:0006351
GO:0006367 -[is_a]-> GO:0006352
GO:0006367 -[part_of]-> GO:0006366
GO:0006368 -[is_a]-> GO:0006354
GO:0006368 -[part_of]-> GO:0006366
GO:0006369 -[is_a]-> GO:0006353
GO:0006369 -[part_of]-> GO:0006366
GO:0006370 -[is_a]-> GO:0006397
GO:0006370 -[is_a]-> GO:0009452
GO:0006376 -[is_a]-> GO:0022618
GO:0006376 -[part_of]-> GO:0000245
GO:0006378 -[is_a]-> GO:0031124
GO:0006378 -[is_a]-> GO:0043631
GO:0006379 -[is_a]-> GO:0016071
GO:0006379 -[is_a]-> GO:0090501
GO:0006382 -[is_a]-> GO:0016553
GO:0006383 -[is_a]-> GO:0006351
GO:0006384 -[is_a]-> GO:0006352
GO:0006384 -[part_of]-> GO:0006383
GO:0006385 -[is_a]-> GO:0006354
GO:0006385 -[part_of]-> GO:0006383
GO:0006386 -[is_a]-> GO:0006353
GO:0006386 -[part_of]-> GO:0006383
GO:0006388 -[is_a]-> GO:0000394
GO:0006388 -[is_a]-> GO:0008033
GO:0006390 -[is_a]-> GO:0000959
GO:0006390 -[is_a]-> GO:0006351
GO:0006390 -[is_a]-> GO:0007005
GO:0006390 -[occurs_in]-> GO:0005739
GO:0006391 -[is_a]-> GO:0000959
GO:0006391 -[is_a]-> GO:0006352
GO:0006391 -[part_of]-> GO:0006390
GO:0006392 -[is_a]-> GO:0000959
GO:0006392 -[is_a]-> GO:0006354
GO:0006392 -[part_of]-> GO:0006390
GO:0006393 -[is_a]-> GO:0000959
GO:0006393 -[is_a]-> GO:0006353
GO:0006393 -[occurs_in]-> GO:0005739
GO:0006393 -[part_of]-> GO:0006390
GO:0006396 -[is_a]-> GO:0016070
GO:0006396 -[part_of]-> GO:0010467
GO:0006397 -[is_a]-> GO:0006396
GO:0006397 -[is_a]-> GO:0016071
GO:0006398 -[is_a]-> GO:0008334
GO:0006398 -[is_a]-> GO:0031124
GO:0006399 -[is_a]-> GO:0034660
GO:0006400 -[is_a]-> GO:0008033
GO:0006400 -[is_a]-> GO:0009451
GO:0006401 -[is_a]-> GO:0016070
GO:0006401 -[is_a]-> GO:0034655
GO:0006401 -[is_a]-> GO:0044265
GO:0006402 -[is_a]-> GO:0006401
GO:0006402 -[is_a]-> GO:0016071
GO:0006403 -[is_a]-> GO:0033036
GO:0006404 -[is_a]-> GO:0050658
GO:0006404 -[is_a]-> GO:0051170
GO:0006405 -[is_a]-> GO:0050658
GO:0006405 -[is_a]-> GO:0051168
GO:0006406 -[is_a]-> GO:0006405
GO:0006406 -[is_a]-> GO:0051028
GO:0006406 -[part_of]-> GO:0010467
GO:0006406 -[part_of]-> GO:0071427
GO:0006407 -[is_a]-> GO:0006405
GO:0006407 -[is_a]-> GO:0051029
GO:0006407 -[is_a]-> GO:1902582
GO:0006407 -[part_of]-> GO:0042254
GO:0006407 -[part_of]-> GO:0071428
GO:0006408 -[is_a]-> GO:0006405
GO:0006408 -[is_a]-> GO:0051030
GO:0006408 -[is_a]-> GO:1902582
GO:0006409 -[is_a]-> GO:0006405
GO:0006409 -[is_a]-> GO:0051031
GO:0006409 -[is_a]-> GO:1902582
GO:0006409 -[part_of]-> GO:0071431
GO:0006412 -[is_a]-> GO:0034645
GO:0006412 -[is_a]-> GO:0043043
GO:0006412 -[is_a]-> GO:0044267
GO:0006412 -[has_part]-> GO:0006414
GO:0006412 -[part_of]-> GO:0010467
GO:0006413 -[is_a]-> GO:0044237
GO:0006413 -[part_of]-> GO:0006412
GO:0006414 -[is_a]-> GO:0034645
GO:0006414 -[part_of]-> GO:0006412
GO:0006415 -[is_a]-> GO:0043624
GO:0006415 -[part_of]-> GO:0006412
GO:0006417 -[is_a]-> GO:0010608
GO:0006417 -[is_a]-> GO:0032268
GO:0006417 -[is_a]-> GO:0034248
GO:0006417 -[is_a]-> GO:2000112
GO:0006417 -[regulates]-> GO:0006412
GO:0006418 -[is_a]-> GO:0043039
GO:0006418 -[part_of]-> GO:0006412
GO:0006419 -[is_a]-> GO:0006418
GO:0006420 -[is_a]-> GO:0006418
GO:0006421 -[is_a]-> GO:0006418
GO:0006422 -[is_a]-> GO:0006418
GO:0006423 -[is_a]-> GO:0006418
GO:0006424 -[is_a]-> GO:0006418
GO:0006425 -[is_a]-> GO:0006418
GO:0006426 -[is_a]-> GO:0006418
GO:0006427 -[is_a]-> GO:0006418
GO:0006428 -[is_a]-> GO:0006418
GO:0006429 -[is_a]-> GO:0006418
GO:0006430 -[is_a]-> GO:0006418
GO:0006431 -[is_a]-> GO:0006418
GO:0006432 -[is_a]-> GO:0006418
GO:0006433 -[is_a]-> GO:0006418
GO:0006434 -[is_a]-> GO:0006418
GO:0006434 -[has_part]-> GO:0097056
GO:0006435 -[is_a]-> GO:0006418
GO:0006436 -[is_a]-> GO:0006418
GO:0006437 -[is_a]-> GO:0006418
GO:0006438 -[is_a]-> GO:0006418
GO:0006446 -[is_a]-> GO:0006417
GO:0006446 -[regulates]-> GO:0006413
GO:0006447 -[is_a]-> GO:0006446
GO:0006448 -[is_a]-> GO:0006417
GO:0006448 -[regulates]-> GO:0006414
GO:0006449 -[is_a]-> GO:0006417
GO:0006449 -[is_a]-> GO:0043244
GO:0006449 -[regulates]-> GO:0006415
GO:0006450 -[is_a]-> GO:0006448
GO:0006450 -[is_a]-> GO:0065008
GO:0006451 -[is_a]-> GO:0006414
GO:0006451 -[is_a]-> GO:0006417
GO:0006452 -[is_a]-> GO:0006414
GO:0006457 -[is_a]-> GO:0009987
GO:0006458 -[is_a]-> GO:0006457
GO:0006461 -[is_a]-> GO:0065003
GO:0006461 -[is_a]-> GO:0071822
GO:0006461 -[part_of]-> GO:0070271
GO:0006463 -[is_a]-> GO:0043623
GO:0006464 -[is_a]-> GO:0036211
GO:0006464 -[is_a]-> GO:0044267
GO:0006465 -[is_a]-> GO:0006518
GO:0006465 -[is_a]-> GO:0016485
GO:0006465 -[is_a]-> GO:0044267
GO:0006468 -[is_a]-> GO:0006464
GO:0006468 -[is_a]-> GO:0016310
GO:0006469 -[is_a]-> GO:0001933
GO:0006469 -[is_a]-> GO:0033673
GO:0006469 -[is_a]-> GO:0045859
GO:0006469 -[negatively_regulates]-> GO:0004672
GO:0006470 -[is_a]-> GO:0006464
GO:0006470 -[is_a]-> GO:0016311
GO:0006471 -[is_a]-> GO:0006486
GO:0006473 -[is_a]-> GO:0043543
GO:0006474 -[is_a]-> GO:0006473
GO:0006474 -[is_a]-> GO:0031365
GO:0006475 -[is_a]-> GO:0006473
GO:0006476 -[is_a]-> GO:0035601
GO:0006477 -[is_a]-> GO:0006464
GO:0006477 -[is_a]-> GO:0051923
GO:0006478 -[is_a]-> GO:0006477
GO:0006478 -[is_a]-> GO:0018212
GO:0006479 -[is_a]-> GO:0008213
GO:0006479 -[is_a]-> GO:0043414
GO:0006480 -[is_a]-> GO:0006479
GO:0006480 -[is_a]-> GO:0031365
GO:0006481 -[is_a]-> GO:0006479
GO:0006481 -[is_a]-> GO:0018410
GO:0006482 -[is_a]-> GO:0008214
GO:0006482 -[is_a]-> GO:0044763
GO:0006482 -[is_a]-> GO:0070988
GO:0006486 -[is_a]-> GO:0006464
GO:0006486 -[is_a]-> GO:0043413
GO:0006486 -[is_a]-> GO:0044763
GO:0006486 -[part_of]-> GO:0009101
GO:0006487 -[is_a]-> GO:0006486
GO:0006488 -[is_a]-> GO:0006490
GO:0006489 -[is_a]-> GO:0008654
GO:0006489 -[is_a]-> GO:0046465
GO:0006489 -[part_of]-> GO:0006488
GO:0006490 -[is_a]-> GO:0044255
GO:0006490 -[is_a]-> GO:0044711
GO:0006490 -[is_a]-> GO:1901137
GO:0006491 -[is_a]-> GO:0009311
GO:0006491 -[part_of]-> GO:0006487
GO:0006493 -[is_a]-> GO:0006486
GO:0006497 -[is_a]-> GO:0006464
GO:0006497 -[part_of]-> GO:0042158
GO:0006498 -[is_a]-> GO:0006497
GO:0006498 -[is_a]-> GO:0031365
GO:0006499 -[is_a]-> GO:0006498
GO:0006499 -[is_a]-> GO:0018377
GO:0006500 -[is_a]-> GO:0006498
GO:0006500 -[is_a]-> GO:0018345
GO:0006501 -[is_a]-> GO:0006497
GO:0006501 -[is_a]-> GO:0018410
GO:0006505 -[is_a]-> GO:0006664
GO:0006505 -[is_a]-> GO:0046488
GO:0006506 -[is_a]-> GO:0006497
GO:0006506 -[is_a]-> GO:0006505
GO:0006506 -[is_a]-> GO:0006661
GO:0006506 -[is_a]-> GO:0009247
GO:0006507 -[is_a]-> GO:0006505
GO:0006508 -[is_a]-> GO:0019538
GO:0006509 -[is_a]-> GO:0033619
GO:0006511 -[is_a]-> GO:0019941
GO:0006513 -[is_a]-> GO:0016567
GO:0006515 -[is_a]-> GO:0051603
GO:0006516 -[is_a]-> GO:0009100
GO:0006516 -[is_a]-> GO:0044265
GO:0006516 -[is_a]-> GO:1901136
GO:0006517 -[is_a]-> GO:0006464
GO:0006518 -[is_a]-> GO:0043603
GO:0006518 -[is_a]-> GO:1901564
GO:0006520 -[is_a]-> GO:0019752
GO:0006520 -[is_a]-> GO:0044238
GO:0006520 -[is_a]-> GO:1901564
GO:0006521 -[is_a]-> GO:0010565
GO:0006521 -[is_a]-> GO:0033238
GO:0006521 -[is_a]-> GO:0080090
GO:0006521 -[regulates]-> GO:0006520
GO:0006522 -[is_a]-> GO:0006520
GO:0006522 -[is_a]-> GO:0009078
GO:0006523 -[is_a]-> GO:0006522
GO:0006523 -[is_a]-> GO:0008652
GO:0006523 -[is_a]-> GO:0009079
GO:0006524 -[is_a]-> GO:0006522
GO:0006524 -[is_a]-> GO:0009063
GO:0006524 -[is_a]-> GO:0009080
GO:0006525 -[is_a]-> GO:0006520
GO:0006525 -[is_a]-> GO:0009064
GO:0006526 -[is_a]-> GO:0006525
GO:0006526 -[is_a]-> GO:0008652
GO:0006526 -[is_a]-> GO:0009084
GO:0006527 -[is_a]-> GO:0006525
GO:0006527 -[is_a]-> GO:0009063
GO:0006527 -[is_a]-> GO:0009065
GO:0006528 -[is_a]-> GO:0006520
GO:0006528 -[is_a]-> GO:0009066
GO:0006529 -[is_a]-> GO:0006528
GO:0006529 -[is_a]-> GO:0008652
GO:0006529 -[is_a]-> GO:0009067
GO:0006530 -[is_a]-> GO:0006528
GO:0006530 -[is_a]-> GO:0009063
GO:0006530 -[is_a]-> GO:0009065
GO:0006530 -[is_a]-> GO:0009068
GO:0006531 -[is_a]-> GO:0006520
GO:0006531 -[is_a]-> GO:0009066
GO:0006531 -[is_a]-> GO:0043648
GO:0006532 -[is_a]-> GO:0006531
GO:0006532 -[is_a]-> GO:0008652
GO:0006532 -[is_a]-> GO:0009067
GO:0006532 -[is_a]-> GO:0043650
GO:0006533 -[is_a]-> GO:0006531
GO:0006533 -[is_a]-> GO:0009063
GO:0006533 -[is_a]-> GO:0009068
GO:0006533 -[is_a]-> GO:0043649
GO:0006534 -[is_a]-> GO:0009069
GO:0006535 -[is_a]-> GO:0006563
GO:0006535 -[is_a]-> GO:0019344
GO:0006536 -[is_a]-> GO:0009064
GO:0006536 -[is_a]-> GO:0043648
GO:0006537 -[is_a]-> GO:0006536
GO:0006537 -[is_a]-> GO:0009084
GO:0006537 -[is_a]-> GO:0043650
GO:0006538 -[is_a]-> GO:0006536
GO:0006538 -[is_a]-> GO:0009065
GO:0006538 -[is_a]-> GO:0043649
GO:0006539 -[is_a]-> GO:0006103
GO:0006539 -[is_a]-> GO:0006538
GO:0006540 -[is_a]-> GO:0006105
GO:0006540 -[is_a]-> GO:0006538
GO:0006540 -[has_part]-> GO:0003867
GO:0006540 -[has_part]-> GO:0004351
GO:0006541 -[is_a]-> GO:0006520
GO:0006541 -[is_a]-> GO:0009064
GO:0006542 -[is_a]-> GO:0006541
GO:0006542 -[is_a]-> GO:0008652
GO:0006542 -[is_a]-> GO:0009084
GO:0006543 -[is_a]-> GO:0006541
GO:0006543 -[is_a]-> GO:0009063
GO:0006543 -[is_a]-> GO:0009065
GO:0006544 -[is_a]-> GO:0006520
GO:0006544 -[is_a]-> GO:0009069
GO:0006545 -[is_a]-> GO:0006544
GO:0006545 -[is_a]-> GO:0008652
GO:0006545 -[is_a]-> GO:0009070
GO:0006546 -[is_a]-> GO:0006544
GO:0006546 -[is_a]-> GO:0009063
GO:0006546 -[is_a]-> GO:0009071
GO:0006547 -[is_a]-> GO:0006520
GO:0006548 -[is_a]-> GO:0006547
GO:0006548 -[is_a]-> GO:0009063
GO:0006549 -[is_a]-> GO:0009081
GO:0006549 -[is_a]-> GO:1901605
GO:0006550 -[is_a]-> GO:0006549
GO:0006550 -[is_a]-> GO:0009083
GO:0006550 -[is_a]-> GO:1901606
GO:0006551 -[is_a]-> GO:0006520
GO:0006552 -[is_a]-> GO:0006551
GO:0006552 -[is_a]-> GO:0009063
GO:0006553 -[is_a]-> GO:0006520
GO:0006553 -[is_a]-> GO:0009066
GO:0006554 -[is_a]-> GO:0006553
GO:0006554 -[is_a]-> GO:0009063
GO:0006554 -[is_a]-> GO:0009068
GO:0006555 -[is_a]-> GO:0006520
GO:0006555 -[is_a]-> GO:0009066
GO:0006556 -[is_a]-> GO:0009108
GO:0006556 -[is_a]-> GO:0044272
GO:0006556 -[is_a]-> GO:0046500
GO:0006557 -[is_a]-> GO:0044272
GO:0006557 -[is_a]-> GO:0046129
GO:0006557 -[is_a]-> GO:0046499
GO:0006558 -[is_a]-> GO:0006520
GO:0006559 -[is_a]-> GO:0006558
GO:0006559 -[is_a]-> GO:0009063
GO:0006560 -[is_a]-> GO:0006520
GO:0006560 -[is_a]-> GO:0009064
GO:0006561 -[is_a]-> GO:0006560
GO:0006561 -[is_a]-> GO:0008652
GO:0006561 -[is_a]-> GO:0009084
GO:0006562 -[is_a]-> GO:0006560
GO:0006562 -[is_a]-> GO:0009063
GO:0006562 -[is_a]-> GO:0009065
GO:0006563 -[is_a]-> GO:0006520
GO:0006563 -[is_a]-> GO:0009069
GO:0006564 -[is_a]-> GO:0006563
GO:0006564 -[is_a]-> GO:0008652
GO:0006564 -[is_a]-> GO:0009070
GO:0006565 -[is_a]-> GO:0006563
GO:0006565 -[is_a]-> GO:0009063
GO:0006565 -[is_a]-> GO:0009071
GO:0006566 -[is_a]-> GO:0006520
GO:0006566 -[is_a]-> GO:0009066
GO:0006567 -[is_a]-> GO:0006566
GO:0006567 -[is_a]-> GO:0009063
GO:0006567 -[is_a]-> GO:0009068
GO:0006568 -[is_a]-> GO:0006586
GO:0006568 -[is_a]-> GO:0009072
GO:0006568 -[is_a]-> GO:1901605
GO:0006569 -[is_a]-> GO:0006568
GO:0006569 -[is_a]-> GO:0009074
GO:0006569 -[is_a]-> GO:0046218
GO:0006569 -[is_a]-> GO:1901606
GO:0006570 -[is_a]-> GO:0009072
GO:0006570 -[is_a]-> GO:1901605
GO:0006571 -[is_a]-> GO:0006570
GO:0006571 -[is_a]-> GO:0009095
GO:0006571 -[is_a]-> GO:1901607
GO:0006572 -[is_a]-> GO:0006570
GO:0006572 -[is_a]-> GO:0009074
GO:0006572 -[is_a]-> GO:1901606
GO:0006573 -[is_a]-> GO:0006520
GO:0006574 -[is_a]-> GO:0006573
GO:0006574 -[is_a]-> GO:0009063
GO:0006575 -[is_a]-> GO:0044237
GO:0006575 -[is_a]-> GO:1901564
GO:0006576 -[is_a]-> GO:0044106
GO:0006577 -[is_a]-> GO:0034641
GO:0006577 -[is_a]-> GO:1901564
GO:0006578 -[is_a]-> GO:0006577
GO:0006578 -[is_a]-> GO:0044271
GO:0006578 -[is_a]-> GO:1901566
GO:0006579 -[is_a]-> GO:0006577
GO:0006579 -[is_a]-> GO:0044270
GO:0006579 -[is_a]-> GO:1901565
GO:0006580 -[is_a]-> GO:0034308
GO:0006580 -[is_a]-> GO:0042439
GO:0006580 -[is_a]-> GO:1901160
GO:0006581 -[is_a]-> GO:0008291
GO:0006581 -[is_a]-> GO:0042135
GO:0006581 -[is_a]-> GO:0044712
GO:0006581 -[is_a]-> GO:1901575
GO:0006582 -[is_a]-> GO:0018958
GO:0006582 -[is_a]-> GO:0019748
GO:0006582 -[is_a]-> GO:0042440
GO:0006582 -[is_a]-> GO:0044763
GO:0006583 -[is_a]-> GO:0006570
GO:0006583 -[is_a]-> GO:0042438
GO:0006584 -[is_a]-> GO:0009712
GO:0006584 -[is_a]-> GO:1901564
GO:0006585 -[is_a]-> GO:0006570
GO:0006585 -[is_a]-> GO:0042416
GO:0006585 -[is_a]-> GO:0044711
GO:0006586 -[is_a]-> GO:0006576
GO:0006586 -[is_a]-> GO:0042430
GO:0006587 -[is_a]-> GO:0006568
GO:0006587 -[is_a]-> GO:0042427
GO:0006587 -[is_a]-> GO:0044711
GO:0006588 -[is_a]-> GO:0032770
GO:0006588 -[part_of]-> GO:0006587
GO:0006589 -[is_a]-> GO:0042136
GO:0006589 -[is_a]-> GO:0042401
GO:0006589 -[is_a]-> GO:0046165
GO:0006589 -[is_a]-> GO:0046189
GO:0006589 -[is_a]-> GO:0046333
GO:0006590 -[is_a]-> GO:0042403
GO:0006591 -[is_a]-> GO:0006520
GO:0006592 -[is_a]-> GO:0006591
GO:0006592 -[is_a]-> GO:0008652
GO:0006593 -[is_a]-> GO:0006591
GO:0006593 -[is_a]-> GO:0009063
GO:0006595 -[is_a]-> GO:0006576
GO:0006596 -[is_a]-> GO:0006595
GO:0006596 -[is_a]-> GO:0042401
GO:0006597 -[is_a]-> GO:0006596
GO:0006597 -[is_a]-> GO:0008215
GO:0006598 -[is_a]-> GO:0006595
GO:0006598 -[is_a]-> GO:0042402
GO:0006599 -[is_a]-> GO:0006575
GO:0006599 -[is_a]-> GO:0006796
GO:0006599 -[is_a]-> GO:0019637
GO:0006600 -[is_a]-> GO:1901564
GO:0006601 -[is_a]-> GO:0006600
GO:0006601 -[is_a]-> GO:0042398
GO:0006602 -[is_a]-> GO:0046449
GO:0006602 -[is_a]-> GO:0072340
GO:0006602 -[is_a]-> GO:1901361
GO:0006602 -[is_a]-> GO:1901565
GO:0006603 -[is_a]-> GO:0006599
GO:0006604 -[is_a]-> GO:0006599
GO:0006604 -[is_a]-> GO:1901605
GO:0006605 -[is_a]-> GO:0006886
GO:0006606 -[is_a]-> GO:0006886
GO:0006606 -[is_a]-> GO:0017038
GO:0006606 -[is_a]-> GO:0034504
GO:0006606 -[is_a]-> GO:0072594
GO:0006606 -[is_a]-> GO:1902593
GO:0006606 -[part_of]-> GO:0044744
GO:0006607 -[is_a]-> GO:0006606
GO:0006608 -[is_a]-> GO:0006606
GO:0006608 -[is_a]-> GO:0071167
GO:0006609 -[is_a]-> GO:0006606
GO:0006610 -[is_a]-> GO:0006606
GO:0006611 -[is_a]-> GO:0006886
GO:0006611 -[is_a]-> GO:0051168
GO:0006612 -[is_a]-> GO:0006605
GO:0006612 -[is_a]-> GO:0072657
GO:0006612 -[is_a]-> GO:0090150
GO:0006612 -[is_a]-> GO:1902582
GO:0006613 -[is_a]-> GO:0006612
GO:0006614 -[is_a]-> GO:0006613
GO:0006614 -[is_a]-> GO:0045047
GO:0006614 -[has_part]-> GO:0006412
GO:0006615 -[is_a]-> GO:0022615
GO:0006615 -[part_of]-> GO:0006614
GO:0006616 -[is_a]-> GO:0065002
GO:0006616 -[part_of]-> GO:0006614
GO:0006617 -[is_a]-> GO:0043623
GO:0006617 -[part_of]-> GO:0006614
GO:0006618 -[is_a]-> GO:0006465
GO:0006618 -[part_of]-> GO:0006614
GO:0006620 -[is_a]-> GO:0006612
GO:0006620 -[is_a]-> GO:0045047
GO:0006621 -[is_a]-> GO:0035437
GO:0006622 -[is_a]-> GO:0006623
GO:0006622 -[is_a]-> GO:0007041
GO:0006622 -[is_a]-> GO:0061462
GO:0006623 -[is_a]-> GO:0006605
GO:0006623 -[is_a]-> GO:0007034
GO:0006623 -[is_a]-> GO:0072665
GO:0006623 -[is_a]-> GO:0072666
GO:0006624 -[is_a]-> GO:0016485
GO:0006624 -[is_a]-> GO:0044267
GO:0006624 -[occurs_in]-> GO:0005773
GO:0006625 -[is_a]-> GO:0006605
GO:0006625 -[is_a]-> GO:0043574
GO:0006625 -[is_a]-> GO:0072662
GO:0006625 -[is_a]-> GO:0072663
GO:0006626 -[is_a]-> GO:0006605
GO:0006626 -[is_a]-> GO:0006839
GO:0006626 -[is_a]-> GO:0070585
GO:0006626 -[is_a]-> GO:0072655
GO:0006626 -[part_of]-> GO:0007005
GO:0006627 -[is_a]-> GO:0034982
GO:0006627 -[part_of]-> GO:0006626
GO:0006629 -[is_a]-> GO:0044238
GO:0006629 -[is_a]-> GO:0044710
GO:0006629 -[is_a]-> GO:0071704
GO:0006631 -[is_a]-> GO:0032787
GO:0006631 -[is_a]-> GO:0044255
GO:0006633 -[is_a]-> GO:0006631
GO:0006633 -[is_a]-> GO:0008610
GO:0006633 -[is_a]-> GO:0072330
GO:0006634 -[is_a]-> GO:0046184
GO:0006634 -[is_a]-> GO:0046458
GO:0006635 -[is_a]-> GO:0009062
GO:0006635 -[is_a]-> GO:0019395
GO:0006636 -[is_a]-> GO:0006633
GO:0006636 -[is_a]-> GO:0033559
GO:0006637 -[is_a]-> GO:0006732
GO:0006637 -[is_a]-> GO:0035383
GO:0006638 -[is_a]-> GO:0044255
GO:0006639 -[is_a]-> GO:0006638
GO:0006639 -[is_a]-> GO:0046486
GO:0006640 -[is_a]-> GO:0046462
GO:0006640 -[is_a]-> GO:0046463
GO:0006641 -[is_a]-> GO:0006639
GO:0006642 -[is_a]-> GO:0006641
GO:0006643 -[is_a]-> GO:0044255
GO:0006644 -[is_a]-> GO:0006796
GO:0006644 -[is_a]-> GO:0019637
GO:0006644 -[is_a]-> GO:0044255
GO:0006646 -[is_a]-> GO:0046337
GO:0006646 -[is_a]-> GO:0046474
GO:0006647 -[is_a]-> GO:0006646
GO:0006647 -[is_a]-> GO:0046468
GO:0006648 -[is_a]-> GO:0006646
GO:0006649 -[is_a]-> GO:0015914
GO:0006649 -[part_of]-> GO:0044802
GO:0006650 -[is_a]-> GO:0006644
GO:0006650 -[is_a]-> GO:0046486
GO:0006651 -[is_a]-> GO:0046339
GO:0006651 -[is_a]-> GO:0046463
GO:0006653 -[is_a]-> GO:0097164
GO:0006654 -[is_a]-> GO:0046473
GO:0006654 -[is_a]-> GO:1901576
GO:0006655 -[is_a]-> GO:0046471
GO:0006655 -[is_a]-> GO:0046474
GO:0006656 -[is_a]-> GO:0046470
GO:0006656 -[is_a]-> GO:0046474
GO:0006656 -[is_a]-> GO:1901566
GO:0006657 -[is_a]-> GO:0006656
GO:0006658 -[is_a]-> GO:0006575
GO:0006658 -[is_a]-> GO:0006650
GO:0006659 -[is_a]-> GO:0006658
GO:0006659 -[is_a]-> GO:0042398
GO:0006659 -[is_a]-> GO:0046474
GO:0006660 -[is_a]-> GO:0006658
GO:0006660 -[is_a]-> GO:0042219
GO:0006660 -[is_a]-> GO:0046475
GO:0006661 -[is_a]-> GO:0046474
GO:0006661 -[is_a]-> GO:0046488
GO:0006662 -[is_a]-> GO:0018904
GO:0006663 -[is_a]-> GO:0046469
GO:0006663 -[is_a]-> GO:0046474
GO:0006663 -[is_a]-> GO:1901566
GO:0006664 -[is_a]-> GO:0006643
GO:0006664 -[is_a]-> GO:1903509
GO:0006665 -[is_a]-> GO:0006643
GO:0006665 -[is_a]-> GO:1901564
GO:0006666 -[is_a]-> GO:0042180
GO:0006666 -[is_a]-> GO:0046519
GO:0006667 -[is_a]-> GO:0034311
GO:0006667 -[is_a]-> GO:0046519
GO:0006668 -[is_a]-> GO:0006644
GO:0006668 -[is_a]-> GO:0006665
GO:0006669 -[is_a]-> GO:0006668
GO:0006669 -[is_a]-> GO:0008654
GO:0006669 -[is_a]-> GO:0030148
GO:0006670 -[is_a]-> GO:0034311
GO:0006670 -[is_a]-> GO:0046519
GO:0006671 -[is_a]-> GO:0019751
GO:0006671 -[is_a]-> GO:0046519
GO:0006672 -[is_a]-> GO:0006665
GO:0006672 -[is_a]-> GO:0043603
GO:0006673 -[is_a]-> GO:0006644
GO:0006673 -[is_a]-> GO:0006665
GO:0006675 -[is_a]-> GO:0006673
GO:0006675 -[is_a]-> GO:0006687
GO:0006676 -[is_a]-> GO:0006505
GO:0006676 -[is_a]-> GO:0006673
GO:0006677 -[is_a]-> GO:0006672
GO:0006677 -[is_a]-> GO:0006687
GO:0006678 -[is_a]-> GO:0006677
GO:0006679 -[is_a]-> GO:0006678
GO:0006679 -[is_a]-> GO:0046476
GO:0006680 -[is_a]-> GO:0006678
GO:0006680 -[is_a]-> GO:0046477
GO:0006681 -[is_a]-> GO:0006677
GO:0006681 -[is_a]-> GO:0019374
GO:0006682 -[is_a]-> GO:0006681
GO:0006682 -[is_a]-> GO:0019375
GO:0006682 -[is_a]-> GO:0046476
GO:0006683 -[is_a]-> GO:0006681
GO:0006683 -[is_a]-> GO:0019376
GO:0006683 -[is_a]-> GO:0046477
GO:0006684 -[is_a]-> GO:0006644
GO:0006684 -[is_a]-> GO:0006665
GO:0006684 -[is_a]-> GO:0043603
GO:0006684 -[is_a]-> GO:0097164
GO:0006685 -[is_a]-> GO:0006684
GO:0006685 -[is_a]-> GO:0009395
GO:0006685 -[is_a]-> GO:0030149
GO:0006686 -[is_a]-> GO:0006684
GO:0006686 -[is_a]-> GO:0008654
GO:0006686 -[is_a]-> GO:0030148
GO:0006686 -[is_a]-> GO:0043604
GO:0006687 -[is_a]-> GO:0006664
GO:0006687 -[is_a]-> GO:0006665
GO:0006688 -[is_a]-> GO:0006687
GO:0006688 -[is_a]-> GO:0009247
GO:0006688 -[is_a]-> GO:0030148
GO:0006689 -[is_a]-> GO:0001573
GO:0006689 -[is_a]-> GO:0046479
GO:0006689 -[is_a]-> GO:0046514
GO:0006690 -[is_a]-> GO:0019752
GO:0006691 -[is_a]-> GO:0006690
GO:0006691 -[is_a]-> GO:0033559
GO:0006692 -[is_a]-> GO:0006690
GO:0006692 -[is_a]-> GO:0033559
GO:0006693 -[is_a]-> GO:0006692
GO:0006694 -[is_a]-> GO:0008202
GO:0006694 -[is_a]-> GO:0008610
GO:0006694 -[is_a]-> GO:1901362
GO:0006695 -[is_a]-> GO:0008203
GO:0006695 -[is_a]-> GO:0016126
GO:0006695 -[is_a]-> GO:1902653
GO:0006696 -[is_a]-> GO:0008204
GO:0006696 -[is_a]-> GO:0016126
GO:0006696 -[is_a]-> GO:0016129
GO:0006696 -[is_a]-> GO:0044108
GO:0006696 -[is_a]-> GO:0097384
GO:0006696 -[is_a]-> GO:1902653
GO:0006697 -[is_a]-> GO:0008205
GO:0006697 -[is_a]-> GO:0016126
GO:0006697 -[is_a]-> GO:0045456
GO:0006697 -[is_a]-> GO:1902653
GO:0006699 -[is_a]-> GO:0006694
GO:0006699 -[is_a]-> GO:0008206
GO:0006699 -[is_a]-> GO:0072330
GO:0006700 -[is_a]-> GO:0006694
GO:0006700 -[is_a]-> GO:0008207
GO:0006700 -[is_a]-> GO:0042446
GO:0006700 -[is_a]-> GO:0044249
GO:0006701 -[is_a]-> GO:0006700
GO:0006701 -[is_a]-> GO:0042181
GO:0006701 -[is_a]-> GO:0042448
GO:0006702 -[is_a]-> GO:0008209
GO:0006702 -[is_a]-> GO:0042446
GO:0006702 -[is_a]-> GO:0044249
GO:0006703 -[is_a]-> GO:0008210
GO:0006703 -[is_a]-> GO:0042446
GO:0006703 -[is_a]-> GO:0044249
GO:0006704 -[is_a]-> GO:0006694
GO:0006704 -[is_a]-> GO:0008211
GO:0006705 -[is_a]-> GO:0006694
GO:0006705 -[is_a]-> GO:0008212
GO:0006705 -[is_a]-> GO:0042446
GO:0006706 -[is_a]-> GO:0008202
GO:0006706 -[is_a]-> GO:0016042
GO:0006706 -[is_a]-> GO:1901361
GO:0006707 -[is_a]-> GO:0008203
GO:0006707 -[is_a]-> GO:0016127
GO:0006707 -[is_a]-> GO:0046164
GO:0006708 -[is_a]-> GO:0008205
GO:0006708 -[is_a]-> GO:0016127
GO:0006708 -[is_a]-> GO:0046164
GO:0006708 -[is_a]-> GO:0046344
GO:0006709 -[is_a]-> GO:0008208
GO:0006709 -[is_a]-> GO:0042182
GO:0006709 -[is_a]-> GO:0042448
GO:0006710 -[is_a]-> GO:0008209
GO:0006710 -[is_a]-> GO:0042447
GO:0006711 -[is_a]-> GO:0008210
GO:0006711 -[is_a]-> GO:0042447
GO:0006712 -[is_a]-> GO:0006706
GO:0006712 -[is_a]-> GO:0008212
GO:0006712 -[is_a]-> GO:0042447
GO:0006713 -[is_a]-> GO:0006706
GO:0006713 -[is_a]-> GO:0008211
GO:0006714 -[is_a]-> GO:0006721
GO:0006715 -[is_a]-> GO:0016094
GO:0006715 -[is_a]-> GO:0016106
GO:0006715 -[is_a]-> GO:0016487
GO:0006715 -[is_a]-> GO:0034309
GO:0006716 -[is_a]-> GO:0006714
GO:0006716 -[is_a]-> GO:0034754
GO:0006718 -[is_a]-> GO:0006716
GO:0006718 -[is_a]-> GO:0016106
GO:0006718 -[is_a]-> GO:0042446
GO:0006719 -[is_a]-> GO:0006716
GO:0006719 -[is_a]-> GO:0016107
GO:0006719 -[is_a]-> GO:0042447
GO:0006720 -[is_a]-> GO:0044255
GO:0006721 -[is_a]-> GO:0006720
GO:0006722 -[is_a]-> GO:0006721
GO:0006723 -[is_a]-> GO:0009058
GO:0006723 -[part_of]-> GO:0042335
GO:0006725 -[is_a]-> GO:0044237
GO:0006726 -[is_a]-> GO:0042441
GO:0006726 -[is_a]-> GO:0046148
GO:0006727 -[is_a]-> GO:0006726
GO:0006727 -[is_a]-> GO:0008055
GO:0006727 -[is_a]-> GO:0018130
GO:0006727 -[is_a]-> GO:0019438
GO:0006727 -[is_a]-> GO:0046152
GO:0006727 -[is_a]-> GO:1901362
GO:0006728 -[is_a]-> GO:0019889
GO:0006728 -[is_a]-> GO:0042559
GO:0006728 -[is_a]-> GO:0044711
GO:0006728 -[is_a]-> GO:0044763
GO:0006728 -[is_a]-> GO:0046148
GO:0006729 -[is_a]-> GO:0009108
GO:0006729 -[is_a]-> GO:0042559
GO:0006729 -[is_a]-> GO:0046146
GO:0006730 -[is_a]-> GO:0044237
GO:0006730 -[is_a]-> GO:0044281
GO:0006730 -[is_a]-> GO:0044763
GO:0006732 -[is_a]-> GO:0051186
GO:0006733 -[is_a]-> GO:0006732
GO:0006734 -[is_a]-> GO:0019674
GO:0006735 -[is_a]-> GO:0006734
GO:0006735 -[is_a]-> GO:0055114
GO:0006738 -[is_a]-> GO:0046495
GO:0006738 -[is_a]-> GO:0070638
GO:0006739 -[is_a]-> GO:0046496
GO:0006740 -[is_a]-> GO:0006739
GO:0006740 -[is_a]-> GO:0055114
GO:0006741 -[is_a]-> GO:0006739
GO:0006741 -[is_a]-> GO:0019359
GO:0006742 -[is_a]-> GO:0006739
GO:0006742 -[is_a]-> GO:0019364
GO:0006743 -[is_a]-> GO:0006733
GO:0006743 -[is_a]-> GO:1901661
GO:0006744 -[is_a]-> GO:0006743
GO:0006744 -[is_a]-> GO:1901663
GO:0006746 -[is_a]-> GO:0006733
GO:0006746 -[is_a]-> GO:0072387
GO:0006747 -[is_a]-> GO:0046443
GO:0006747 -[is_a]-> GO:0072388
GO:0006748 -[is_a]-> GO:0006790
GO:0006748 -[is_a]-> GO:0043603
GO:0006748 -[is_a]-> GO:0046483
GO:0006748 -[is_a]-> GO:1901360
GO:0006748 -[is_a]-> GO:1901564
GO:0006749 -[is_a]-> GO:0006518
GO:0006749 -[is_a]-> GO:0006575
GO:0006749 -[is_a]-> GO:0006790
GO:0006750 -[is_a]-> GO:0006749
GO:0006750 -[is_a]-> GO:0019184
GO:0006750 -[is_a]-> GO:0042398
GO:0006750 -[is_a]-> GO:0044272
GO:0006751 -[is_a]-> GO:0006749
GO:0006751 -[is_a]-> GO:0042219
GO:0006751 -[is_a]-> GO:0043171
GO:0006751 -[is_a]-> GO:0044273
GO:0006753 -[is_a]-> GO:0006796
GO:0006753 -[is_a]-> GO:0019637
GO:0006753 -[is_a]-> GO:0055086
GO:0006754 -[is_a]-> GO:0009152
GO:0006754 -[is_a]-> GO:0009168
GO:0006754 -[is_a]-> GO:0009206
GO:0006754 -[is_a]-> GO:0046034
GO:0006754 -[is_a]-> GO:0046129
GO:0006756 -[is_a]-> GO:0006754
GO:0006756 -[is_a]-> GO:0046033
GO:0006756 -[is_a]-> GO:0046940
GO:0006757 -[is_a]-> GO:0006091
GO:0006757 -[is_a]-> GO:0006165
GO:0006757 -[is_a]-> GO:0046031
GO:0006757 -[is_a]-> GO:0046034
GO:0006760 -[is_a]-> GO:0006575
GO:0006760 -[is_a]-> GO:0006732
GO:0006760 -[is_a]-> GO:0042558
GO:0006761 -[is_a]-> GO:0009396
GO:0006761 -[is_a]-> GO:0046452
GO:0006766 -[is_a]-> GO:0044281
GO:0006767 -[is_a]-> GO:0006766
GO:0006768 -[is_a]-> GO:0006767
GO:0006768 -[is_a]-> GO:0032787
GO:0006768 -[is_a]-> GO:0051186
GO:0006769 -[is_a]-> GO:0006767
GO:0006769 -[is_a]-> GO:0009820
GO:0006769 -[is_a]-> GO:0043603
GO:0006769 -[is_a]-> GO:0044763
GO:0006769 -[is_a]-> GO:0072524
GO:0006771 -[is_a]-> GO:0006767
GO:0006771 -[is_a]-> GO:0042726
GO:0006771 -[is_a]-> GO:0044763
GO:0006772 -[is_a]-> GO:0042723
GO:0006775 -[is_a]-> GO:0006766
GO:0006776 -[is_a]-> GO:0001523
GO:0006776 -[is_a]-> GO:0006775
GO:0006777 -[is_a]-> GO:0009108
GO:0006777 -[is_a]-> GO:0018130
GO:0006777 -[is_a]-> GO:0019538
GO:0006777 -[is_a]-> GO:0019720
GO:0006777 -[is_a]-> GO:0090407
GO:0006777 -[is_a]-> GO:1901362
GO:0006777 -[is_a]-> GO:1901566
GO:0006777 -[has_part]-> GO:0018315
GO:0006777 -[has_part]-> GO:0061798
GO:0006777 -[has_part]-> GO:0061799
GO:0006778 -[is_a]-> GO:0033013
GO:0006778 -[is_a]-> GO:0051186
GO:0006779 -[is_a]-> GO:0006778
GO:0006779 -[is_a]-> GO:0033014
GO:0006779 -[is_a]-> GO:0051188
GO:0006780 -[is_a]-> GO:0046394
GO:0006780 -[is_a]-> GO:0046502
GO:0006781 -[is_a]-> GO:0006104
GO:0006781 -[is_a]-> GO:0006779
GO:0006781 -[part_of]-> GO:0006780
GO:0006782 -[is_a]-> GO:0006779
GO:0006782 -[is_a]-> GO:0046501
GO:0006782 -[part_of]-> GO:0006783
GO:0006783 -[is_a]-> GO:0006779
GO:0006783 -[is_a]-> GO:0042168
GO:0006783 -[is_a]-> GO:0044711
GO:0006783 -[is_a]-> GO:0046148
GO:0006784 -[is_a]-> GO:0006783
GO:0006784 -[is_a]-> GO:0046160
GO:0006785 -[is_a]-> GO:0006783
GO:0006785 -[is_a]-> GO:0046492
GO:0006786 -[is_a]-> GO:0006783
GO:0006786 -[is_a]-> GO:0046162
GO:0006787 -[is_a]-> GO:0006778
GO:0006787 -[is_a]-> GO:0033015
GO:0006787 -[is_a]-> GO:0051187
GO:0006788 -[is_a]-> GO:0042168
GO:0006788 -[is_a]-> GO:0055114
GO:0006788 -[part_of]-> GO:0006787
GO:0006789 -[is_a]-> GO:0006787
GO:0006790 -[is_a]-> GO:0044237
GO:0006791 -[is_a]-> GO:0044699
GO:0006791 -[has_part]-> GO:0006790
GO:0006792 -[is_a]-> GO:0050789
GO:0006792 -[regulates]-> GO:0006791
GO:0006793 -[is_a]-> GO:0044237
GO:0006794 -[is_a]-> GO:0044699
GO:0006794 -[has_part]-> GO:0006793
GO:0006795 -[is_a]-> GO:0050789
GO:0006795 -[regulates]-> GO:0006794
GO:0006796 -[is_a]-> GO:0006793
GO:0006797 -[is_a]-> GO:0006793
GO:0006797 -[is_a]-> GO:0043436
GO:0006798 -[is_a]-> GO:0006797
GO:0006798 -[is_a]-> GO:0044248
GO:0006798 -[is_a]-> GO:0044712
GO:0006799 -[is_a]-> GO:0006797
GO:0006799 -[is_a]-> GO:0044249
GO:0006799 -[is_a]-> GO:0044711
GO:0006801 -[is_a]-> GO:0072593
GO:0006805 -[is_a]-> GO:0044237
GO:0006805 -[part_of]-> GO:0071466
GO:0006807 -[is_a]-> GO:0008152
GO:0006808 -[is_a]-> GO:0050789
GO:0006808 -[regulates]-> GO:0019740
GO:0006809 -[is_a]-> GO:0044271
GO:0006809 -[is_a]-> GO:0046209
GO:0006809 -[is_a]-> GO:1903409
GO:0006810 -[is_a]-> GO:0051234
GO:0006811 -[is_a]-> GO:0006810
GO:0006812 -[is_a]-> GO:0006811
GO:0006813 -[is_a]-> GO:0015672
GO:0006813 -[is_a]-> GO:0030001
GO:0006814 -[is_a]-> GO:0015672
GO:0006814 -[is_a]-> GO:0030001
GO:0006816 -[is_a]-> GO:0070838
GO:0006817 -[is_a]-> GO:0015698
GO:0006818 -[is_a]-> GO:0044765
GO:0006820 -[is_a]-> GO:0006811
GO:0006821 -[is_a]-> GO:0015698
GO:0006824 -[is_a]-> GO:0000041
GO:0006824 -[is_a]-> GO:0072511
GO:0006825 -[is_a]-> GO:0000041
GO:0006826 -[is_a]-> GO:0000041
GO:0006827 -[is_a]-> GO:0034755
GO:0006828 -[is_a]-> GO:0000041
GO:0006829 -[is_a]-> GO:0000041
GO:0006829 -[is_a]-> GO:0070838
GO:0006830 -[is_a]-> GO:0071577
GO:0006831 -[is_a]-> GO:0071577
GO:0006833 -[is_a]-> GO:0042044
GO:0006835 -[is_a]-> GO:0046942
GO:0006836 -[is_a]-> GO:0044765
GO:0006837 -[is_a]-> GO:0015844
GO:0006837 -[is_a]-> GO:0015850
GO:0006839 -[is_a]-> GO:0006810
GO:0006842 -[is_a]-> GO:0046942
GO:0006843 -[is_a]-> GO:0006839
GO:0006843 -[is_a]-> GO:0015746
GO:0006844 -[is_a]-> GO:0015697
GO:0006844 -[is_a]-> GO:0051181
GO:0006846 -[is_a]-> GO:0015718
GO:0006847 -[is_a]-> GO:0035433
GO:0006848 -[is_a]-> GO:0015718
GO:0006849 -[is_a]-> GO:1901475
GO:0006850 -[is_a]-> GO:0006839
GO:0006850 -[is_a]-> GO:0006848
GO:0006851 -[is_a]-> GO:0006816
GO:0006851 -[is_a]-> GO:0006839
GO:0006853 -[is_a]-> GO:0015909
GO:0006853 -[is_a]-> GO:0032365
GO:0006853 -[is_a]-> GO:0098656
GO:0006853 -[is_a]-> GO:1990542
GO:0006855 -[is_a]-> GO:0015893
GO:0006855 -[is_a]-> GO:0055085
GO:0006856 -[is_a]-> GO:0044765
GO:0006856 -[part_of]-> GO:0048066
GO:0006857 -[is_a]-> GO:0015833
GO:0006858 -[is_a]-> GO:0006810
GO:0006858 -[occurs_in]-> GO:0005576
GO:0006859 -[is_a]-> GO:0006858
GO:0006859 -[is_a]-> GO:0008643
GO:0006859 -[occurs_in]-> GO:0005576
GO:0006860 -[is_a]-> GO:0006858
GO:0006860 -[is_a]-> GO:0006865
GO:0006860 -[occurs_in]-> GO:0005576
GO:0006862 -[is_a]-> GO:0015748
GO:0006862 -[is_a]-> GO:0015931
GO:0006863 -[is_a]-> GO:0015851
GO:0006864 -[is_a]-> GO:0006862
GO:0006865 -[is_a]-> GO:0015849
GO:0006865 -[is_a]-> GO:0071705
GO:0006867 -[is_a]-> GO:0015804
GO:0006867 -[is_a]-> GO:0046942
GO:0006868 -[is_a]-> GO:0015804
GO:0006868 -[is_a]-> GO:0046942
GO:0006869 -[is_a]-> GO:0044765
GO:0006869 -[is_a]-> GO:0071702
GO:0006869 -[part_of]-> GO:0010876
GO:0006873 -[is_a]-> GO:0050801
GO:0006873 -[is_a]-> GO:0055082
GO:0006874 -[is_a]-> GO:0006875
GO:0006874 -[is_a]-> GO:0055074
GO:0006874 -[is_a]-> GO:0072503
GO:0006875 -[is_a]-> GO:0030003
GO:0006875 -[is_a]-> GO:0055065
GO:0006876 -[is_a]-> GO:0046916
GO:0006876 -[is_a]-> GO:0055073
GO:0006876 -[is_a]-> GO:0072503
GO:0006877 -[is_a]-> GO:0046916
GO:0006877 -[is_a]-> GO:0055068
GO:0006878 -[is_a]-> GO:0046916
GO:0006878 -[is_a]-> GO:0055070
GO:0006879 -[is_a]-> GO:0046916
GO:0006879 -[is_a]-> GO:0055072
GO:0006880 -[is_a]-> GO:0051651
GO:0006880 -[is_a]-> GO:0097577
GO:0006880 -[part_of]-> GO:0006879
GO:0006881 -[is_a]-> GO:0097577
GO:0006881 -[part_of]-> GO:0006879
GO:0006882 -[is_a]-> GO:0046916
GO:0006882 -[is_a]-> GO:0055069
GO:0006882 -[is_a]-> GO:0072503
GO:0006883 -[is_a]-> GO:0006875
GO:0006883 -[is_a]-> GO:0030004
GO:0006883 -[is_a]-> GO:0055078
GO:0006884 -[is_a]-> GO:0008361
GO:0006884 -[is_a]-> GO:0019725
GO:0006885 -[is_a]-> GO:0055067
GO:0006886 -[is_a]-> GO:0015031
GO:0006886 -[is_a]-> GO:0046907
GO:0006886 -[occurs_in]-> GO:0005622
GO:0006886 -[part_of]-> GO:0034613
GO:0006887 -[is_a]-> GO:0016192
GO:0006887 -[is_a]-> GO:0032940
GO:0006887 -[has_part]-> GO:0099500
GO:0006888 -[is_a]-> GO:0046907
GO:0006888 -[is_a]-> GO:0048193
GO:0006888 -[occurs_in]-> GO:0005737
GO:0006890 -[is_a]-> GO:0048193
GO:0006891 -[is_a]-> GO:0048193
GO:0006892 -[is_a]-> GO:0048193
GO:0006893 -[is_a]-> GO:0006892
GO:0006893 -[is_a]-> GO:0098876
GO:0006895 -[is_a]-> GO:0006892
GO:0006895 -[is_a]-> GO:0016197
GO:0006895 -[is_a]-> GO:0016482
GO:0006895 -[occurs_in]-> GO:0005829
GO:0006896 -[is_a]-> GO:0006892
GO:0006896 -[is_a]-> GO:0007034
GO:0006896 -[is_a]-> GO:0046907
GO:0006896 -[occurs_in]-> GO:0005622
GO:0006897 -[is_a]-> GO:0016192
GO:0006897 -[has_part]-> GO:0006900
GO:0006897 -[has_part]-> GO:0010324
GO:0006898 -[is_a]-> GO:0006897
GO:0006900 -[is_a]-> GO:0016050
GO:0006900 -[is_a]-> GO:0061024
GO:0006900 -[part_of]-> GO:0016192
GO:0006901 -[is_a]-> GO:0016050
GO:0006901 -[part_of]-> GO:0006900
GO:0006903 -[is_a]-> GO:0044763
GO:0006903 -[part_of]-> GO:0016192
GO:0006903 -[part_of]-> GO:0051650
GO:0006904 -[is_a]-> GO:0048278
GO:0006904 -[part_of]-> GO:0006887
GO:0006906 -[is_a]-> GO:0016050
GO:0006906 -[is_a]-> GO:0090174
GO:0006906 -[part_of]-> GO:0016192
GO:0006907 -[is_a]-> GO:0006897
GO:0006909 -[is_a]-> GO:0006897
GO:0006909 -[is_a]-> GO:0044765
GO:0006910 -[is_a]-> GO:0008037
GO:0006910 -[part_of]-> GO:0006909
GO:0006911 -[is_a]-> GO:0099024
GO:0006911 -[part_of]-> GO:0006909
GO:0006913 -[is_a]-> GO:0051169
GO:0006913 -[occurs_in]-> GO:0005622
GO:0006914 -[is_a]-> GO:0009987
GO:0006914 -[has_part]-> GO:0044248
GO:0006915 -[is_a]-> GO:0012501
GO:0006919 -[is_a]-> GO:0043280
GO:0006921 -[is_a]-> GO:0022411
GO:0006921 -[part_of]-> GO:0097194
GO:0006924 -[is_a]-> GO:0070231
GO:0006924 -[part_of]-> GO:0043029
GO:0006925 -[is_a]-> GO:0006915
GO:0006928 -[is_a]-> GO:0044763
GO:0006929 -[is_a]-> GO:0016477
GO:0006930 -[is_a]-> GO:0030031
GO:0006930 -[part_of]-> GO:0006929
GO:0006931 -[is_a]-> GO:0031589
GO:0006931 -[part_of]-> GO:0006929
GO:0006932 -[is_a]-> GO:0060327
GO:0006932 -[part_of]-> GO:0001667
GO:0006932 -[part_of]-> GO:0006929
GO:0006933 -[is_a]-> GO:0007162
GO:0006933 -[part_of]-> GO:0006929
GO:0006934 -[is_a]-> GO:0001881
GO:0006934 -[part_of]-> GO:0006933
GO:0006935 -[is_a]-> GO:0042330
GO:0006935 -[part_of]-> GO:0042221
GO:0006936 -[is_a]-> GO:0003012
GO:0006937 -[is_a]-> GO:0090257
GO:0006937 -[regulates]-> GO:0006936
GO:0006939 -[is_a]-> GO:0006936
GO:0006940 -[is_a]-> GO:0006937
GO:0006940 -[regulates]-> GO:0006939
GO:0006941 -[is_a]-> GO:0006936
GO:0006942 -[is_a]-> GO:0006937
GO:0006942 -[regulates]-> GO:0006941
GO:0006948 -[is_a]-> GO:0019054
GO:0006949 -[is_a]-> GO:0044763
GO:0006949 -[is_a]-> GO:0044767
GO:0006949 -[is_a]-> GO:0048646
GO:0006950 -[is_a]-> GO:0050896
GO:0006952 -[is_a]-> GO:0006950
GO:0006953 -[is_a]-> GO:0002526
GO:0006954 -[is_a]-> GO:0006952
GO:0006955 -[is_a]-> GO:0002376
GO:0006955 -[is_a]-> GO:0050896
GO:0006956 -[is_a]-> GO:0002252
GO:0006956 -[is_a]-> GO:0002253
GO:0006956 -[is_a]-> GO:0006959
GO:0006956 -[is_a]-> GO:0072376
GO:0006957 -[is_a]-> GO:0006956
GO:0006957 -[is_a]-> GO:0045087
GO:0006958 -[is_a]-> GO:0006956
GO:0006958 -[part_of]-> GO:0002455
GO:0006959 -[is_a]-> GO:0006955
GO:0006962 -[is_a]-> GO:0019731
GO:0006962 -[is_a]-> GO:0050831
GO:0006963 -[is_a]-> GO:0002803
GO:0006963 -[is_a]-> GO:0002807
GO:0006963 -[is_a]-> GO:0002808
GO:0006963 -[positively_regulates]-> GO:0002780
GO:0006964 -[is_a]-> GO:0002813
GO:0006964 -[is_a]-> GO:0006963
GO:0006964 -[positively_regulates]-> GO:0002812
GO:0006965 -[is_a]-> GO:0002816
GO:0006965 -[is_a]-> GO:0006963
GO:0006965 -[positively_regulates]-> GO:0002815
GO:0006967 -[is_a]-> GO:0002804
GO:0006967 -[is_a]-> GO:0002807
GO:0006967 -[is_a]-> GO:0002810
GO:0006967 -[positively_regulates]-> GO:0002783
GO:0006968 -[is_a]-> GO:0006952
GO:0006970 -[is_a]-> GO:0006950
GO:0006970 -[is_a]-> GO:0009628
GO:0006971 -[is_a]-> GO:0006970
GO:0006972 -[is_a]-> GO:0006970
GO:0006973 -[is_a]-> GO:0019725
GO:0006973 -[part_of]-> GO:0071474
GO:0006974 -[is_a]-> GO:0033554
GO:0006975 -[is_a]-> GO:0006468
GO:0006975 -[is_a]-> GO:0006974
GO:0006977 -[is_a]-> GO:0030330
GO:0006977 -[is_a]-> GO:0071158
GO:0006977 -[is_a]-> GO:0072431
GO:0006978 -[is_a]-> GO:0030330
GO:0006978 -[is_a]-> GO:0042772
GO:0006979 -[is_a]-> GO:0006950
GO:0006981 -[is_a]-> GO:0070887
GO:0006981 -[is_a]-> GO:0071461
GO:0006982 -[is_a]-> GO:0010033
GO:0006982 -[is_a]-> GO:0033194
GO:0006983 -[is_a]-> GO:0006984
GO:0006983 -[is_a]-> GO:0034976
GO:0006983 -[is_a]-> GO:0071216
GO:0006984 -[is_a]-> GO:0007165
GO:0006985 -[is_a]-> GO:0006983
GO:0006985 -[is_a]-> GO:0051092
GO:0006986 -[is_a]-> GO:0035966
GO:0006987 -[is_a]-> GO:0032075
GO:0006987 -[is_a]-> GO:0045860
GO:0006987 -[part_of]-> GO:0030968
GO:0006990 -[is_a]-> GO:1901522
GO:0006990 -[part_of]-> GO:0030968
GO:0006991 -[is_a]-> GO:0006950
GO:0006995 -[is_a]-> GO:0009267
GO:0006995 -[is_a]-> GO:0043562
GO:0006996 -[is_a]-> GO:0016043
GO:0006997 -[is_a]-> GO:0006996
GO:0006998 -[is_a]-> GO:0044802
GO:0006998 -[part_of]-> GO:0006997
GO:0006998 -[part_of]-> GO:0010256
GO:0006999 -[is_a]-> GO:0006997
GO:0006999 -[is_a]-> GO:0071822
GO:0007000 -[is_a]-> GO:0006997
GO:0007004 -[is_a]-> GO:0006278
GO:0007004 -[is_a]-> GO:0010833
GO:0007004 -[has_part]-> GO:0003720
GO:0007004 -[has_part]-> GO:1905324
GO:0007005 -[is_a]-> GO:0006996
GO:0007006 -[is_a]-> GO:0007005
GO:0007006 -[is_a]-> GO:0044802
GO:0007006 -[is_a]-> GO:1902589
GO:0007006 -[occurs_in]-> GO:0005739
GO:0007007 -[is_a]-> GO:0007006
GO:0007008 -[is_a]-> GO:0007006
GO:0007009 -[is_a]-> GO:0044802
GO:0007009 -[part_of]-> GO:0010256
GO:0007010 -[is_a]-> GO:0006996
GO:0007014 -[is_a]-> GO:0016567
GO:0007014 -[is_a]-> GO:0030047
GO:0007015 -[is_a]-> GO:0016043
GO:0007015 -[part_of]-> GO:0030036
GO:0007016 -[is_a]-> GO:0007010
GO:0007016 -[is_a]-> GO:0032507
GO:0007016 -[is_a]-> GO:1902589
GO:0007017 -[is_a]-> GO:0044763
GO:0007018 -[is_a]-> GO:0006928
GO:0007018 -[is_a]-> GO:0007017
GO:0007019 -[is_a]-> GO:0031109
GO:0007019 -[is_a]-> GO:0051261
GO:0007020 -[is_a]-> GO:0000226
GO:0007020 -[part_of]-> GO:0046785
GO:0007021 -[is_a]-> GO:0043623
GO:0007023 -[is_a]-> GO:0006457
GO:0007026 -[is_a]-> GO:0031111
GO:0007026 -[is_a]-> GO:0031114
GO:0007026 -[is_a]-> GO:1901880
GO:0007026 -[negatively_regulates]-> GO:0007019
GO:0007027 -[is_a]-> GO:0007026
GO:0007027 -[is_a]-> GO:0031345
GO:0007027 -[negatively_regulates]-> GO:0060404
GO:0007028 -[is_a]-> GO:0016043
GO:0007028 -[is_a]-> GO:0044763
GO:0007029 -[is_a]-> GO:0006996
GO:0007029 -[part_of]-> GO:0010256
GO:0007030 -[is_a]-> GO:0006996
GO:0007030 -[part_of]-> GO:0010256
GO:0007031 -[is_a]-> GO:0006996
GO:0007032 -[is_a]-> GO:0016050
GO:0007032 -[part_of]-> GO:0010256
GO:0007033 -[is_a]-> GO:0006996
GO:0007034 -[is_a]-> GO:0006810
GO:0007035 -[is_a]-> GO:0051452
GO:0007036 -[is_a]-> GO:0006874
GO:0007036 -[occurs_in]-> GO:0005773
GO:0007037 -[is_a]-> GO:0006817
GO:0007037 -[is_a]-> GO:0007034
GO:0007038 -[is_a]-> GO:0007034
GO:0007038 -[is_a]-> GO:0015031
GO:0007039 -[is_a]-> GO:0044257
GO:0007039 -[occurs_in]-> GO:0005773
GO:0007040 -[is_a]-> GO:0080171
GO:0007041 -[is_a]-> GO:0007034
GO:0007042 -[is_a]-> GO:0007035
GO:0007042 -[is_a]-> GO:0035751
GO:0007043 -[is_a]-> GO:0034329
GO:0007043 -[is_a]-> GO:0045216
GO:0007044 -[is_a]-> GO:0034329
GO:0007045 -[is_a]-> GO:0007044
GO:0007045 -[is_a]-> GO:0034333
GO:0007049 -[is_a]-> GO:0044763
GO:0007050 -[is_a]-> GO:0022402
GO:0007050 -[is_a]-> GO:0045786
GO:0007051 -[is_a]-> GO:0000226
GO:0007051 -[is_a]-> GO:0022402
GO:0007052 -[is_a]-> GO:1903047
GO:0007052 -[part_of]-> GO:0000278
GO:0007053 -[is_a]-> GO:0090306
GO:0007053 -[part_of]-> GO:0007140
GO:0007054 -[is_a]-> GO:0007053
GO:0007054 -[part_of]-> GO:0007141
GO:0007055 -[is_a]-> GO:0007053
GO:0007055 -[part_of]-> GO:0007142
GO:0007056 -[is_a]-> GO:0090306
GO:0007056 -[part_of]-> GO:0007143
GO:0007057 -[is_a]-> GO:0007056
GO:0007057 -[part_of]-> GO:0007144
GO:0007058 -[is_a]-> GO:0007056
GO:0007058 -[part_of]-> GO:0007147
GO:0007059 -[is_a]-> GO:0044763
GO:0007060 -[is_a]-> GO:0045132
GO:0007060 -[part_of]-> GO:0007140
GO:0007062 -[is_a]-> GO:0022402
GO:0007062 -[is_a]-> GO:0051276
GO:0007062 -[part_of]-> GO:0000819
GO:0007063 -[is_a]-> GO:0033045
GO:0007063 -[regulates]-> GO:0007062
GO:0007064 -[is_a]-> GO:0007062
GO:0007064 -[is_a]-> GO:1903047
GO:0007064 -[part_of]-> GO:0000070
GO:0007064 -[part_of]-> GO:0000278
GO:0007065 -[is_a]-> GO:0051177
GO:0007065 -[part_of]-> GO:0007140
GO:0007066 -[is_a]-> GO:0051177
GO:0007066 -[part_of]-> GO:0007143
GO:0007067 -[is_a]-> GO:0000280
GO:0007067 -[is_a]-> GO:1903047
GO:0007067 -[part_of]-> GO:0000278
GO:0007068 -[is_a]-> GO:0045892
GO:0007068 -[is_a]-> GO:0045896
GO:0007069 -[is_a]-> GO:0007068
GO:0007069 -[is_a]-> GO:0016479
GO:0007069 -[is_a]-> GO:0046017
GO:0007070 -[is_a]-> GO:0000122
GO:0007070 -[is_a]-> GO:0007068
GO:0007070 -[is_a]-> GO:0046021
GO:0007071 -[is_a]-> GO:0007068
GO:0007071 -[is_a]-> GO:0016480
GO:0007071 -[is_a]-> GO:0046023
GO:0007072 -[is_a]-> GO:0045897
GO:0007072 -[is_a]-> GO:1903047
GO:0007072 -[part_of]-> GO:0010458
GO:0007073 -[is_a]-> GO:0007072
GO:0007074 -[is_a]-> GO:0007072
GO:0007075 -[is_a]-> GO:0007072
GO:0007076 -[is_a]-> GO:0030261
GO:0007076 -[is_a]-> GO:1903047
GO:0007076 -[part_of]-> GO:0000070
GO:0007076 -[part_of]-> GO:0000278
GO:0007077 -[is_a]-> GO:0051081
GO:0007077 -[is_a]-> GO:1903047
GO:0007077 -[part_of]-> GO:0000278
GO:0007078 -[is_a]-> GO:0051261
GO:0007078 -[is_a]-> GO:1903047
GO:0007078 -[part_of]-> GO:0007077
GO:0007079 -[is_a]-> GO:0051305
GO:0007079 -[is_a]-> GO:1903047
GO:0007079 -[part_of]-> GO:0000070
GO:0007079 -[part_of]-> GO:0000278
GO:0007080 -[is_a]-> GO:0051310
GO:0007080 -[is_a]-> GO:1903047
GO:0007080 -[part_of]-> GO:0000070
GO:0007080 -[part_of]-> GO:0000278
GO:0007083 -[is_a]-> GO:0051312
GO:0007083 -[is_a]-> GO:1903047
GO:0007083 -[part_of]-> GO:0000070
GO:0007083 -[part_of]-> GO:0000278
GO:0007084 -[is_a]-> GO:0031468
GO:0007084 -[is_a]-> GO:1903047
GO:0007084 -[part_of]-> GO:0000278
GO:0007086 -[is_a]-> GO:0000740
GO:0007086 -[is_a]-> GO:0006906
GO:0007086 -[is_a]-> GO:1903047
GO:0007086 -[part_of]-> GO:0007084
GO:0007087 -[is_a]-> GO:0051292
GO:0007087 -[is_a]-> GO:1903047
GO:0007087 -[part_of]-> GO:0007084
GO:0007088 -[is_a]-> GO:0007346
GO:0007088 -[is_a]-> GO:0010564
GO:0007088 -[is_a]-> GO:0051783
GO:0007088 -[regulates]-> GO:0007067
GO:0007089 -[is_a]-> GO:1900087
GO:0007091 -[is_a]-> GO:0010965
GO:0007091 -[is_a]-> GO:0044772
GO:0007091 -[is_a]-> GO:0044784
GO:0007091 -[part_of]-> GO:0000278
GO:0007091 -[part_of]-> GO:0007067
GO:0007093 -[is_a]-> GO:0000075
GO:0007093 -[is_a]-> GO:0045930
GO:0007093 -[is_a]-> GO:1903047
GO:0007093 -[part_of]-> GO:0000278
GO:0007094 -[is_a]-> GO:0071173
GO:0007094 -[is_a]-> GO:0071174
GO:0007094 -[part_of]-> GO:0000278
GO:0007095 -[is_a]-> GO:0031572
GO:0007095 -[is_a]-> GO:0044773
GO:0007095 -[is_a]-> GO:0044818
GO:0007095 -[part_of]-> GO:0000278
GO:0007096 -[is_a]-> GO:0007088
GO:0007096 -[is_a]-> GO:1901990
GO:0007096 -[regulates]-> GO:0010458
GO:0007097 -[is_a]-> GO:0040023
GO:0007098 -[is_a]-> GO:0022402
GO:0007098 -[is_a]-> GO:0051297
GO:0007099 -[is_a]-> GO:0022402
GO:0007099 -[is_a]-> GO:0051297
GO:0007099 -[is_a]-> GO:0098534
GO:0007099 -[part_of]-> GO:0051298
GO:0007100 -[is_a]-> GO:0051299
GO:0007100 -[is_a]-> GO:1903047
GO:0007100 -[part_of]-> GO:0000278
GO:0007100 -[part_of]-> GO:0007067
GO:0007101 -[is_a]-> GO:0007098
GO:0007101 -[is_a]-> GO:1903046
GO:0007101 -[part_of]-> GO:0007140
GO:0007101 -[part_of]-> GO:0051321
GO:0007105 -[is_a]-> GO:0032506
GO:0007105 -[part_of]-> GO:0000910
GO:0007107 -[is_a]-> GO:0032506
GO:0007107 -[is_a]-> GO:0044802
GO:0007110 -[is_a]-> GO:0033206
GO:0007110 -[part_of]-> GO:0007127
GO:0007111 -[is_a]-> GO:0033206
GO:0007111 -[part_of]-> GO:0007135
GO:0007112 -[is_a]-> GO:0033206
GO:0007112 -[part_of]-> GO:0007140
GO:0007113 -[is_a]-> GO:0000278
GO:0007114 -[is_a]-> GO:0019954
GO:0007114 -[is_a]-> GO:0032505
GO:0007114 -[is_a]-> GO:0051301
GO:0007116 -[is_a]-> GO:0051302
GO:0007116 -[is_a]-> GO:1903664
GO:0007116 -[regulates]-> GO:0007114
GO:0007117 -[is_a]-> GO:0022414
GO:0007117 -[is_a]-> GO:0040007
GO:0007117 -[part_of]-> GO:0007114
GO:0007118 -[is_a]-> GO:0007117
GO:0007119 -[is_a]-> GO:0007117
GO:0007120 -[is_a]-> GO:0000282
GO:0007120 -[is_a]-> GO:0007114
GO:0007121 -[is_a]-> GO:0000282
GO:0007121 -[is_a]-> GO:0007114
GO:0007124 -[is_a]-> GO:0016049
GO:0007124 -[is_a]-> GO:0070783
GO:0007126 -[is_a]-> GO:0000280
GO:0007126 -[is_a]-> GO:1903046
GO:0007126 -[part_of]-> GO:0051321
GO:0007127 -[is_a]-> GO:0007126
GO:0007127 -[ends_during]-> GO:0007134
GO:0007128 -[is_a]-> GO:0051324
GO:0007128 -[is_a]-> GO:0098764
GO:0007129 -[is_a]-> GO:0070192
GO:0007129 -[part_of]-> GO:0007127
GO:0007129 -[part_of]-> GO:0045143
GO:0007130 -[is_a]-> GO:0022607
GO:0007130 -[is_a]-> GO:0070192
GO:0007130 -[is_a]-> GO:0070193
GO:0007130 -[part_of]-> GO:0007129
GO:0007131 -[is_a]-> GO:0035825
GO:0007131 -[is_a]-> GO:1903046
GO:0007131 -[part_of]-> GO:0007127
GO:0007132 -[is_a]-> GO:0051323
GO:0007132 -[is_a]-> GO:0098764
GO:0007133 -[is_a]-> GO:0051322
GO:0007133 -[is_a]-> GO:0098764
GO:0007133 -[happens_during]-> GO:0051321
GO:0007134 -[is_a]-> GO:0051326
GO:0007134 -[is_a]-> GO:0098764
GO:0007135 -[is_a]-> GO:0007126
GO:0007136 -[is_a]-> GO:0051324
GO:0007136 -[is_a]-> GO:0098765
GO:0007137 -[is_a]-> GO:0051323
GO:0007137 -[is_a]-> GO:0098765
GO:0007138 -[is_a]-> GO:0051322
GO:0007138 -[is_a]-> GO:0098765
GO:0007139 -[is_a]-> GO:0051326
GO:0007139 -[is_a]-> GO:0098765
GO:0007140 -[is_a]-> GO:0007126
GO:0007141 -[is_a]-> GO:0007127
GO:0007141 -[part_of]-> GO:0007140
GO:0007142 -[is_a]-> GO:0007135
GO:0007142 -[part_of]-> GO:0007140
GO:0007143 -[is_a]-> GO:0007126
GO:0007144 -[is_a]-> GO:0007127
GO:0007144 -[part_of]-> GO:0007143
GO:0007146 -[is_a]-> GO:0000707
GO:0007147 -[is_a]-> GO:0007135
GO:0007147 -[part_of]-> GO:0007143
GO:0007154 -[is_a]-> GO:0044763
GO:0007155 -[is_a]-> GO:0022610
GO:0007156 -[is_a]-> GO:0098742
GO:0007157 -[is_a]-> GO:0098742
GO:0007158 -[is_a]-> GO:0016337
GO:0007159 -[is_a]-> GO:0016337
GO:0007160 -[is_a]-> GO:0031589
GO:0007161 -[is_a]-> GO:0007160
GO:0007162 -[is_a]-> GO:0030155
GO:0007162 -[is_a]-> GO:0048523
GO:0007162 -[negatively_regulates]-> GO:0007155
GO:0007163 -[is_a]-> GO:0044763
GO:0007164 -[is_a]-> GO:0009653
GO:0007164 -[is_a]-> GO:0044767
GO:0007165 -[is_a]-> GO:0050794
GO:0007165 -[part_of]-> GO:0007154
GO:0007165 -[part_of]-> GO:0044700
GO:0007165 -[part_of]-> GO:0051716
GO:0007166 -[is_a]-> GO:0007165
GO:0007167 -[is_a]-> GO:0007166
GO:0007168 -[is_a]-> GO:0007167
GO:0007169 -[is_a]-> GO:0007167
GO:0007171 -[is_a]-> GO:0032147
GO:0007171 -[is_a]-> GO:0043623
GO:0007171 -[part_of]-> GO:0007169
GO:0007172 -[is_a]-> GO:0009966
GO:0007172 -[is_a]-> GO:0043623
GO:0007173 -[is_a]-> GO:0038127
GO:0007174 -[is_a]-> GO:0042059
GO:0007174 -[is_a]-> GO:0044257
GO:0007175 -[is_a]-> GO:0007176
GO:0007175 -[is_a]-> GO:0042059
GO:0007175 -[is_a]-> GO:0061099
GO:0007175 -[is_a]-> GO:2000272
GO:0007175 -[negatively_regulates]-> GO:0005006
GO:0007176 -[is_a]-> GO:0010469
GO:0007176 -[is_a]-> GO:0042058
GO:0007176 -[is_a]-> GO:0061097
GO:0007176 -[regulates]-> GO:0005006
GO:0007178 -[is_a]-> GO:0007167
GO:0007179 -[is_a]-> GO:0007178
GO:0007179 -[part_of]-> GO:0071560
GO:0007181 -[is_a]-> GO:0043623
GO:0007181 -[part_of]-> GO:0007179
GO:0007182 -[is_a]-> GO:0006468
GO:0007182 -[part_of]-> GO:0007178
GO:0007183 -[is_a]-> GO:0043623
GO:0007183 -[part_of]-> GO:0007178
GO:0007184 -[is_a]-> GO:0006606
GO:0007184 -[part_of]-> GO:0007178
GO:0007185 -[is_a]-> GO:0007167
GO:0007186 -[is_a]-> GO:0007165
GO:0007187 -[is_a]-> GO:0007186
GO:0007187 -[has_part]-> GO:0019935
GO:0007188 -[is_a]-> GO:0007187
GO:0007188 -[has_part]-> GO:0019933
GO:0007188 -[has_part]-> GO:0043949
GO:0007188 -[has_part]-> GO:0045761
GO:0007189 -[is_a]-> GO:0007188
GO:0007189 -[has_part]-> GO:0007190
GO:0007189 -[has_part]-> GO:0043950
GO:0007190 -[is_a]-> GO:0045762
GO:0007191 -[is_a]-> GO:0007189
GO:0007191 -[is_a]-> GO:0007212
GO:0007192 -[is_a]-> GO:0007189
GO:0007192 -[is_a]-> GO:0007210
GO:0007193 -[is_a]-> GO:0007188
GO:0007193 -[has_part]-> GO:0007194
GO:0007193 -[has_part]-> GO:0043951
GO:0007194 -[is_a]-> GO:0030818
GO:0007194 -[is_a]-> GO:0031280
GO:0007194 -[is_a]-> GO:0045761
GO:0007194 -[is_a]-> GO:0051350
GO:0007194 -[negatively_regulates]-> GO:0004016
GO:0007195 -[is_a]-> GO:0007193
GO:0007195 -[is_a]-> GO:0007212
GO:0007196 -[is_a]-> GO:0007193
GO:0007196 -[is_a]-> GO:0007216
GO:0007197 -[is_a]-> GO:0007193
GO:0007197 -[is_a]-> GO:0007213
GO:0007198 -[is_a]-> GO:0007193
GO:0007198 -[is_a]-> GO:0007210
GO:0007199 -[is_a]-> GO:0007187
GO:0007199 -[has_part]-> GO:0019934
GO:0007199 -[has_part]-> GO:0031284
GO:0007200 -[is_a]-> GO:0007186
GO:0007200 -[has_part]-> GO:0007202
GO:0007200 -[has_part]-> GO:0048016
GO:0007202 -[is_a]-> GO:0010863
GO:0007204 -[is_a]-> GO:0051480
GO:0007205 -[is_a]-> GO:0007186
GO:0007205 -[has_part]-> GO:1990051
GO:0007206 -[is_a]-> GO:0007200
GO:0007206 -[is_a]-> GO:0007216
GO:0007207 -[is_a]-> GO:0007200
GO:0007207 -[is_a]-> GO:0007213
GO:0007208 -[is_a]-> GO:0007200
GO:0007208 -[is_a]-> GO:0007210
GO:0007209 -[is_a]-> GO:0007200
GO:0007209 -[is_a]-> GO:0007217
GO:0007210 -[is_a]-> GO:0007186
GO:0007211 -[is_a]-> GO:0007186
GO:0007212 -[is_a]-> GO:0007186
GO:0007213 -[is_a]-> GO:0007186
GO:0007213 -[is_a]-> GO:0095500
GO:0007214 -[is_a]-> GO:0007186
GO:0007215 -[is_a]-> GO:0007166
GO:0007216 -[is_a]-> GO:0007186
GO:0007216 -[is_a]-> GO:0007215
GO:0007217 -[is_a]-> GO:0007186
GO:0007218 -[is_a]-> GO:0007186
GO:0007219 -[is_a]-> GO:0007166
GO:0007220 -[is_a]-> GO:0044267
GO:0007221 -[is_a]-> GO:0045944
GO:0007221 -[part_of]-> GO:0007219
GO:0007223 -[is_a]-> GO:0035567
GO:0007224 -[is_a]-> GO:0007166
GO:0007225 -[is_a]-> GO:0035638
GO:0007225 -[is_a]-> GO:0044710
GO:0007225 -[is_a]-> GO:0051604
GO:0007225 -[part_of]-> GO:0045880
GO:0007227 -[is_a]-> GO:0035556
GO:0007227 -[part_of]-> GO:0007224
GO:0007228 -[is_a]-> GO:0051091
GO:0007228 -[part_of]-> GO:0007227
GO:0007229 -[is_a]-> GO:0007166
GO:0007231 -[is_a]-> GO:0007165
GO:0007231 -[is_a]-> GO:0071470
GO:0007232 -[is_a]-> GO:0007231
GO:0007234 -[is_a]-> GO:0000160
GO:0007234 -[is_a]-> GO:0007231
GO:0007249 -[is_a]-> GO:0035556
GO:0007249 -[has_part]-> GO:0051092
GO:0007250 -[is_a]-> GO:0032147
GO:0007250 -[is_a]-> GO:0071902
GO:0007250 -[is_a]-> GO:1901224
GO:0007250 -[part_of]-> GO:0038061
GO:0007250 -[positively_regulates]-> GO:0004704
GO:0007252 -[is_a]-> GO:0006468
GO:0007252 -[part_of]-> GO:0007249
GO:0007253 -[is_a]-> GO:0042347
GO:0007253 -[is_a]-> GO:0042994
GO:0007253 -[part_of]-> GO:0043124
GO:0007254 -[is_a]-> GO:0051403
GO:0007256 -[is_a]-> GO:0000186
GO:0007256 -[is_a]-> GO:0043506
GO:0007256 -[is_a]-> GO:0046330
GO:0007256 -[part_of]-> GO:0007254
GO:0007256 -[positively_regulates]-> GO:0008545
GO:0007257 -[is_a]-> GO:0000187
GO:0007257 -[is_a]-> GO:0043507
GO:0007257 -[part_of]-> GO:0007254
GO:0007258 -[is_a]-> GO:0006468
GO:0007258 -[part_of]-> GO:0007254
GO:0007259 -[is_a]-> GO:0097696
GO:0007260 -[is_a]-> GO:0018108
GO:0007260 -[part_of]-> GO:0007259
GO:0007262 -[is_a]-> GO:0006606
GO:0007262 -[part_of]-> GO:0007259
GO:0007263 -[is_a]-> GO:0019932
GO:0007264 -[is_a]-> GO:0035556
GO:0007265 -[is_a]-> GO:0007264
GO:0007266 -[is_a]-> GO:0007265
GO:0007267 -[is_a]-> GO:0007154
GO:0007267 -[is_a]-> GO:0044700
GO:0007268 -[is_a]-> GO:0098916
GO:0007269 -[is_a]-> GO:0001505
GO:0007269 -[is_a]-> GO:0006836
GO:0007269 -[is_a]-> GO:0051649
GO:0007269 -[is_a]-> GO:0099531
GO:0007269 -[is_a]-> GO:0099643
GO:0007269 -[occurs_in]-> GO:0098793
GO:0007269 -[part_of]-> GO:0007268
GO:0007270 -[is_a]-> GO:0007268
GO:0007271 -[is_a]-> GO:0007268
GO:0007272 -[is_a]-> GO:0044763
GO:0007272 -[part_of]-> GO:0007399
GO:0007274 -[is_a]-> GO:0007268
GO:0007275 -[is_a]-> GO:0044707
GO:0007275 -[is_a]-> GO:0044767
GO:0007275 -[is_a]-> GO:0048856
GO:0007276 -[is_a]-> GO:0044702
GO:0007276 -[is_a]-> GO:0048609
GO:0007276 -[part_of]-> GO:0019953
GO:0007277 -[is_a]-> GO:0003006
GO:0007277 -[is_a]-> GO:0022412
GO:0007277 -[is_a]-> GO:0048468
GO:0007277 -[part_of]-> GO:0007276
GO:0007278 -[is_a]-> GO:0001709
GO:0007278 -[is_a]-> GO:0003006
GO:0007278 -[is_a]-> GO:0022412
GO:0007278 -[part_of]-> GO:0007277
GO:0007279 -[is_a]-> GO:0003006
GO:0007279 -[is_a]-> GO:0007349
GO:0007279 -[is_a]-> GO:0044702
GO:0007279 -[part_of]-> GO:0007277
GO:0007280 -[is_a]-> GO:0008354
GO:0007281 -[is_a]-> GO:0003006
GO:0007281 -[is_a]-> GO:0022412
GO:0007281 -[is_a]-> GO:0048468
GO:0007281 -[part_of]-> GO:0007276
GO:0007282 -[is_a]-> GO:0008356
GO:0007282 -[is_a]-> GO:0022412
GO:0007282 -[part_of]-> GO:0007281
GO:0007283 -[is_a]-> GO:0048232
GO:0007284 -[is_a]-> GO:0022412
GO:0007284 -[is_a]-> GO:0051301
GO:0007284 -[part_of]-> GO:0007283
GO:0007285 -[is_a]-> GO:0003006
GO:0007285 -[is_a]-> GO:0022412
GO:0007285 -[is_a]-> GO:0048588
GO:0007285 -[part_of]-> GO:0007283
GO:0007286 -[is_a]-> GO:0007281
GO:0007286 -[part_of]-> GO:0048515
GO:0007287 -[is_a]-> GO:0003006
GO:0007287 -[is_a]-> GO:0007005
GO:0007287 -[is_a]-> GO:0070925
GO:0007287 -[part_of]-> GO:0007286
GO:0007288 -[is_a]-> GO:0003006
GO:0007288 -[is_a]-> GO:0022412
GO:0007288 -[is_a]-> GO:0035082
GO:0007288 -[is_a]-> GO:0044767
GO:0007288 -[part_of]-> GO:0007286
GO:0007289 -[is_a]-> GO:0006997
GO:0007289 -[is_a]-> GO:0022414
GO:0007289 -[part_of]-> GO:0007286
GO:0007290 -[is_a]-> GO:0006997
GO:0007290 -[is_a]-> GO:0022414
GO:0007290 -[part_of]-> GO:0007289
GO:0007291 -[is_a]-> GO:0003006
GO:0007291 -[is_a]-> GO:0007349
GO:0007291 -[is_a]-> GO:0044702
GO:0007291 -[part_of]-> GO:0007286
GO:0007292 -[is_a]-> GO:0007276
GO:0007293 -[is_a]-> GO:0003006
GO:0007293 -[is_a]-> GO:0044702
GO:0007293 -[is_a]-> GO:0044767
GO:0007293 -[is_a]-> GO:0048646
GO:0007293 -[part_of]-> GO:0048477
GO:0007294 -[is_a]-> GO:0003006
GO:0007294 -[is_a]-> GO:0022412
GO:0007294 -[is_a]-> GO:0030716
GO:0007294 -[part_of]-> GO:0030706
GO:0007295 -[is_a]-> GO:0003006
GO:0007295 -[is_a]-> GO:0044702
GO:0007295 -[is_a]-> GO:0048589
GO:0007295 -[part_of]-> GO:0048477
GO:0007296 -[is_a]-> GO:0007028
GO:0007296 -[is_a]-> GO:0022412
GO:0007296 -[part_of]-> GO:0007292
GO:0007297 -[is_a]-> GO:0010631
GO:0007297 -[is_a]-> GO:0022412
GO:0007297 -[part_of]-> GO:0030707
GO:0007298 -[is_a]-> GO:0007297
GO:0007299 -[is_a]-> GO:0044702
GO:0007299 -[is_a]-> GO:0090136
GO:0007299 -[part_of]-> GO:0030707
GO:0007300 -[is_a]-> GO:0044702
GO:0007300 -[is_a]-> GO:0044765
GO:0007300 -[part_of]-> GO:0048477
GO:0007301 -[is_a]-> GO:0030725
GO:0007301 -[part_of]-> GO:0007293
GO:0007301 -[part_of]-> GO:0007300
GO:0007302 -[is_a]-> GO:0022414
GO:0007302 -[is_a]-> GO:0022610
GO:0007302 -[part_of]-> GO:0007300
GO:0007303 -[is_a]-> GO:0016482
GO:0007303 -[is_a]-> GO:0022414
GO:0007303 -[part_of]-> GO:0007300
GO:0007304 -[is_a]-> GO:0030703
GO:0007304 -[part_of]-> GO:0030707
GO:0007305 -[is_a]-> GO:0030704
GO:0007305 -[part_of]-> GO:0007304
GO:0007306 -[is_a]-> GO:0003006
GO:0007306 -[is_a]-> GO:0010927
GO:0007306 -[is_a]-> GO:0022412
GO:0007306 -[part_of]-> GO:0007304
GO:0007307 -[is_a]-> GO:0006277
GO:0007307 -[is_a]-> GO:0022412
GO:0007307 -[is_a]-> GO:0044711
GO:0007307 -[part_of]-> GO:0007306
GO:0007308 -[is_a]-> GO:0003006
GO:0007308 -[is_a]-> GO:0022412
GO:0007308 -[is_a]-> GO:0048469
GO:0007308 -[part_of]-> GO:0048599
GO:0007309 -[is_a]-> GO:0003006
GO:0007309 -[is_a]-> GO:0009798
GO:0007309 -[is_a]-> GO:0044702
GO:0007309 -[is_a]-> GO:0044767
GO:0007309 -[part_of]-> GO:0007308
GO:0007310 -[is_a]-> GO:0007309
GO:0007310 -[is_a]-> GO:0009950
GO:0007311 -[is_a]-> GO:0007310
GO:0007312 -[is_a]-> GO:0007097
GO:0007312 -[is_a]-> GO:0030722
GO:0007313 -[is_a]-> GO:0007310
GO:0007314 -[is_a]-> GO:0007309
GO:0007314 -[is_a]-> GO:0009948
GO:0007314 -[part_of]-> GO:0008358
GO:0007315 -[is_a]-> GO:0007028
GO:0007315 -[is_a]-> GO:0022412
GO:0007315 -[is_a]-> GO:0022607
GO:0007315 -[part_of]-> GO:0007314
GO:0007316 -[is_a]-> GO:0006403
GO:0007316 -[is_a]-> GO:0022414
GO:0007316 -[part_of]-> GO:0007315
GO:0007317 -[is_a]-> GO:0044087
GO:0007317 -[is_a]-> GO:0051128
GO:0007317 -[is_a]-> GO:0060281
GO:0007317 -[is_a]-> GO:1902875
GO:0007317 -[is_a]-> GO:1903429
GO:0007317 -[is_a]-> GO:1904580
GO:0007317 -[regulates]-> GO:0045451
GO:0007318 -[is_a]-> GO:0008105
GO:0007318 -[is_a]-> GO:0022414
GO:0007318 -[part_of]-> GO:0007315
GO:0007319 -[is_a]-> GO:0017148
GO:0007319 -[is_a]-> GO:0046011
GO:0007320 -[is_a]-> GO:0044703
GO:0007320 -[is_a]-> GO:0044706
GO:0007320 -[is_a]-> GO:0048609
GO:0007320 -[part_of]-> GO:0007620
GO:0007321 -[is_a]-> GO:0046692
GO:0007323 -[is_a]-> GO:0051604
GO:0007329 -[is_a]-> GO:0009371
GO:0007329 -[is_a]-> GO:0046019
GO:0007329 -[is_a]-> GO:1901522
GO:0007338 -[is_a]-> GO:0009566
GO:0007339 -[is_a]-> GO:0035036
GO:0007340 -[is_a]-> GO:0022414
GO:0007340 -[part_of]-> GO:0007338
GO:0007341 -[is_a]-> GO:0044703
GO:0007341 -[is_a]-> GO:0044706
GO:0007341 -[is_a]-> GO:0048609
GO:0007341 -[part_of]-> GO:0007338
GO:0007342 -[is_a]-> GO:0022412
GO:0007342 -[is_a]-> GO:0045026
GO:0007342 -[part_of]-> GO:0007338
GO:0007343 -[is_a]-> GO:0001775
GO:0007343 -[is_a]-> GO:0044702
GO:0007343 -[part_of]-> GO:0007338
GO:0007344 -[is_a]-> GO:0000741
GO:0007344 -[is_a]-> GO:0022414
GO:0007344 -[part_of]-> GO:0007338
GO:0007346 -[is_a]-> GO:0051726
GO:0007346 -[regulates]-> GO:0000278
GO:0007347 -[is_a]-> GO:0009794
GO:0007347 -[regulates]-> GO:0035185
GO:0007348 -[is_a]-> GO:0009794
GO:0007348 -[is_a]-> GO:0022402
GO:0007348 -[regulates]-> GO:0035186
GO:0007349 -[is_a]-> GO:0044767
GO:0007349 -[is_a]-> GO:0048646
GO:0007349 -[part_of]-> GO:0007275
GO:0007350 -[is_a]-> GO:0009880
GO:0007350 -[is_a]-> GO:0035282
GO:0007351 -[is_a]-> GO:0003002
GO:0007351 -[part_of]-> GO:0007350
GO:0007352 -[is_a]-> GO:0000578
GO:0007352 -[is_a]-> GO:0009950
GO:0007354 -[is_a]-> GO:0008595
GO:0007355 -[is_a]-> GO:0009952
GO:0007355 -[part_of]-> GO:0007354
GO:0007356 -[is_a]-> GO:0009952
GO:0007356 -[part_of]-> GO:0007354
GO:0007357 -[is_a]-> GO:0044324
GO:0007357 -[is_a]-> GO:0045944
GO:0007357 -[part_of]-> GO:0007356
GO:0007358 -[is_a]-> GO:0048859
GO:0007358 -[part_of]-> GO:0007356
GO:0007359 -[is_a]-> GO:0009952
GO:0007359 -[part_of]-> GO:0007354
GO:0007360 -[is_a]-> GO:0044324
GO:0007360 -[is_a]-> GO:0045944
GO:0007360 -[part_of]-> GO:0007359
GO:0007361 -[is_a]-> GO:0048859
GO:0007361 -[part_of]-> GO:0007359
GO:0007362 -[is_a]-> GO:0009880
GO:0007362 -[part_of]-> GO:0007354
GO:0007363 -[is_a]-> GO:0044324
GO:0007363 -[is_a]-> GO:0045944
GO:0007363 -[part_of]-> GO:0007362
GO:0007364 -[is_a]-> GO:0048859
GO:0007364 -[part_of]-> GO:0007362
GO:0007365 -[is_a]-> GO:0003002
GO:0007365 -[part_of]-> GO:0007350
GO:0007366 -[is_a]-> GO:0007365
GO:0007366 -[is_a]-> GO:0009952
GO:0007367 -[is_a]-> GO:0007365
GO:0007368 -[is_a]-> GO:0009855
GO:0007369 -[is_a]-> GO:0048598
GO:0007369 -[has_part]-> GO:0001705
GO:0007369 -[has_part]-> GO:0001706
GO:0007369 -[has_part]-> GO:0001707
GO:0007370 -[is_a]-> GO:0044767
GO:0007370 -[is_a]-> GO:0048646
GO:0007370 -[part_of]-> GO:0010004
GO:0007371 -[is_a]-> GO:0003002
GO:0007371 -[part_of]-> GO:0007418
GO:0007374 -[is_a]-> GO:0048598
GO:0007374 -[is_a]-> GO:0060571
GO:0007374 -[part_of]-> GO:0010004
GO:0007375 -[is_a]-> GO:0016331
GO:0007375 -[part_of]-> GO:0010004
GO:0007376 -[is_a]-> GO:0044767
GO:0007376 -[is_a]-> GO:0048646
GO:0007376 -[part_of]-> GO:0010004
GO:0007377 -[is_a]-> GO:0048598
GO:0007377 -[part_of]-> GO:0010004
GO:0007378 -[is_a]-> GO:0044767
GO:0007378 -[is_a]-> GO:0048646
GO:0007378 -[part_of]-> GO:0010004
GO:0007379 -[is_a]-> GO:0007389
GO:0007379 -[part_of]-> GO:0035282
GO:0007380 -[is_a]-> GO:0007379
GO:0007380 -[part_of]-> GO:0035287
GO:0007381 -[is_a]-> GO:0007380
GO:0007381 -[part_of]-> GO:0035289
GO:0007382 -[is_a]-> GO:0007380
GO:0007382 -[part_of]-> GO:0035289
GO:0007383 -[is_a]-> GO:0007380
GO:0007383 -[part_of]-> GO:0035288
GO:0007384 -[is_a]-> GO:0035292
GO:0007385 -[is_a]-> GO:0035292
GO:0007386 -[is_a]-> GO:0009952
GO:0007387 -[is_a]-> GO:0007386
GO:0007388 -[is_a]-> GO:0007386
GO:0007389 -[is_a]-> GO:0044707
GO:0007389 -[part_of]-> GO:0007275
GO:0007390 -[is_a]-> GO:0048598
GO:0007390 -[part_of]-> GO:0001700
GO:0007391 -[is_a]-> GO:0016331
GO:0007391 -[part_of]-> GO:0001700
GO:0007392 -[is_a]-> GO:0048598
GO:0007392 -[part_of]-> GO:0007391
GO:0007393 -[is_a]-> GO:0035028
GO:0007393 -[part_of]-> GO:0007391
GO:0007393 -[part_of]-> GO:0035029
GO:0007394 -[is_a]-> GO:0009826
GO:0007394 -[is_a]-> GO:0016476
GO:0007394 -[is_a]-> GO:0048598
GO:0007394 -[part_of]-> GO:0007392
GO:0007395 -[is_a]-> GO:0016477
GO:0007395 -[part_of]-> GO:0007391
GO:0007396 -[is_a]-> GO:0048598
GO:0007396 -[part_of]-> GO:0007391
GO:0007398 -[is_a]-> GO:0009888
GO:0007399 -[is_a]-> GO:0048731
GO:0007400 -[is_a]-> GO:0048867
GO:0007400 -[part_of]-> GO:0014017
GO:0007402 -[is_a]-> GO:0048867
GO:0007403 -[is_a]-> GO:0001709
GO:0007403 -[part_of]-> GO:0021781
GO:0007405 -[is_a]-> GO:0061351
GO:0007405 -[is_a]-> GO:0072089
GO:0007405 -[part_of]-> GO:0048699
GO:0007406 -[is_a]-> GO:0050768
GO:0007406 -[is_a]-> GO:1902692
GO:0007406 -[is_a]-> GO:2000178
GO:0007406 -[is_a]-> GO:2000647
GO:0007406 -[negatively_regulates]-> GO:0007405
GO:0007407 -[is_a]-> GO:0001775
GO:0007407 -[part_of]-> GO:0048699
GO:0007409 -[is_a]-> GO:0048812
GO:0007409 -[part_of]-> GO:0048667
GO:0007409 -[part_of]-> GO:0061564
GO:0007411 -[is_a]-> GO:0097485
GO:0007411 -[part_of]-> GO:0007409
GO:0007412 -[is_a]-> GO:0007154
GO:0007412 -[part_of]-> GO:0007409
GO:0007413 -[is_a]-> GO:0008038
GO:0007413 -[part_of]-> GO:0061564
GO:0007414 -[is_a]-> GO:0008038
GO:0007414 -[part_of]-> GO:0061564
GO:0007415 -[is_a]-> GO:0007414
GO:0007416 -[is_a]-> GO:0022607
GO:0007416 -[is_a]-> GO:0050808
GO:0007416 -[part_of]-> GO:0007399
GO:0007417 -[is_a]-> GO:0048731
GO:0007417 -[part_of]-> GO:0007399
GO:0007418 -[is_a]-> GO:0048856
GO:0007418 -[part_of]-> GO:0007417
GO:0007419 -[is_a]-> GO:0044767
GO:0007419 -[is_a]-> GO:0048513
GO:0007419 -[part_of]-> GO:0007417
GO:0007420 -[is_a]-> GO:0044767
GO:0007420 -[is_a]-> GO:0048513
GO:0007420 -[part_of]-> GO:0007417
GO:0007420 -[part_of]-> GO:0060322
GO:0007421 -[is_a]-> GO:0048731
GO:0007421 -[part_of]-> GO:0007399
GO:0007422 -[is_a]-> GO:0048731
GO:0007422 -[part_of]-> GO:0007399
GO:0007423 -[is_a]-> GO:0044767
GO:0007423 -[is_a]-> GO:0048513
GO:0007424 -[is_a]-> GO:0060541
GO:0007425 -[is_a]-> GO:0001709
GO:0007425 -[part_of]-> GO:0007424
GO:0007426 -[is_a]-> GO:0035239
GO:0007426 -[part_of]-> GO:0007424
GO:0007427 -[is_a]-> GO:0010631
GO:0007427 -[part_of]-> GO:0007424
GO:0007428 -[is_a]-> GO:0060446
GO:0007429 -[is_a]-> GO:0060446
GO:0007430 -[is_a]-> GO:0060446
GO:0007431 -[is_a]-> GO:0048732
GO:0007431 -[part_of]-> GO:0035272
GO:0007432 -[is_a]-> GO:0010160
GO:0007432 -[part_of]-> GO:0007431
GO:0007433 -[is_a]-> GO:0007432
GO:0007433 -[part_of]-> GO:0002168
GO:0007434 -[is_a]-> GO:0007432
GO:0007435 -[is_a]-> GO:0022612
GO:0007435 -[part_of]-> GO:0007431
GO:0007436 -[is_a]-> GO:0007435
GO:0007436 -[is_a]-> GO:0009886
GO:0007436 -[part_of]-> GO:0002168
GO:0007437 -[is_a]-> GO:0007435
GO:0007438 -[is_a]-> GO:0048468
GO:0007438 -[part_of]-> GO:0001742
GO:0007439 -[is_a]-> GO:0048729
GO:0007439 -[part_of]-> GO:0048565
GO:0007440 -[is_a]-> GO:0009653
GO:0007440 -[is_a]-> GO:0044767
GO:0007440 -[part_of]-> GO:0048546
GO:0007441 -[is_a]-> GO:0002009
GO:0007441 -[part_of]-> GO:0048567
GO:0007442 -[is_a]-> GO:0009653
GO:0007442 -[is_a]-> GO:0044767
GO:0007442 -[part_of]-> GO:0048546
GO:0007442 -[part_of]-> GO:0061525
GO:0007443 -[is_a]-> GO:0048598
GO:0007443 -[is_a]-> GO:0061333
GO:0007443 -[part_of]-> GO:0048619
GO:0007443 -[part_of]-> GO:0072002
GO:0007444 -[is_a]-> GO:0035295
GO:0007444 -[is_a]-> GO:0044767
GO:0007444 -[is_a]-> GO:0048513
GO:0007444 -[is_a]-> GO:0060429
GO:0007445 -[is_a]-> GO:0045165
GO:0007445 -[part_of]-> GO:0007444
GO:0007446 -[is_a]-> GO:0035265
GO:0007446 -[part_of]-> GO:0007444
GO:0007447 -[is_a]-> GO:0003002
GO:0007447 -[part_of]-> GO:0007444
GO:0007448 -[is_a]-> GO:0007447
GO:0007448 -[is_a]-> GO:0009952
GO:0007449 -[is_a]-> GO:0007447
GO:0007449 -[is_a]-> GO:0009954
GO:0007450 -[is_a]-> GO:0007447
GO:0007450 -[is_a]-> GO:0009953
GO:0007451 -[is_a]-> GO:0035161
GO:0007451 -[part_of]-> GO:0007450
GO:0007453 -[is_a]-> GO:0007560
GO:0007453 -[part_of]-> GO:0035213
GO:0007454 -[is_a]-> GO:0007560
GO:0007454 -[part_of]-> GO:0035217
GO:0007455 -[is_a]-> GO:0007560
GO:0007455 -[part_of]-> GO:0035214
GO:0007458 -[is_a]-> GO:0044767
GO:0007458 -[is_a]-> GO:0048856
GO:0007458 -[part_of]-> GO:0001745
GO:0007460 -[is_a]-> GO:0001752
GO:0007460 -[part_of]-> GO:0045465
GO:0007462 -[is_a]-> GO:0001752
GO:0007462 -[part_of]-> GO:0048052
GO:0007463 -[is_a]-> GO:0001752
GO:0007463 -[part_of]-> GO:0048054
GO:0007464 -[is_a]-> GO:0001752
GO:0007464 -[part_of]-> GO:0042067
GO:0007464 -[part_of]-> GO:0048056
GO:0007465 -[is_a]-> GO:0001752
GO:0007465 -[part_of]-> GO:0045466
GO:0007468 -[is_a]-> GO:0010468
GO:0007468 -[part_of]-> GO:0042461
GO:0007469 -[is_a]-> GO:0035114
GO:0007469 -[part_of]-> GO:0035214
GO:0007470 -[is_a]-> GO:0007560
GO:0007470 -[part_of]-> GO:0035219
GO:0007472 -[is_a]-> GO:0007560
GO:0007472 -[part_of]-> GO:0035220
GO:0007473 -[is_a]-> GO:0007449
GO:0007473 -[is_a]-> GO:0035222
GO:0007474 -[is_a]-> GO:0003002
GO:0007474 -[part_of]-> GO:0007476
GO:0007475 -[is_a]-> GO:0009886
GO:0007475 -[is_a]-> GO:0044767
GO:0007475 -[part_of]-> GO:0008587
GO:0007476 -[is_a]-> GO:0035114
GO:0007476 -[is_a]-> GO:0035120
GO:0007476 -[part_of]-> GO:0007472
GO:0007477 -[is_a]-> GO:0044767
GO:0007477 -[is_a]-> GO:0048856
GO:0007477 -[part_of]-> GO:0035220
GO:0007478 -[is_a]-> GO:0007560
GO:0007478 -[part_of]-> GO:0035218
GO:0007479 -[is_a]-> GO:0007449
GO:0007479 -[is_a]-> GO:0035223
GO:0007480 -[is_a]-> GO:0035114
GO:0007480 -[is_a]-> GO:0035120
GO:0007480 -[part_of]-> GO:0007478
GO:0007481 -[is_a]-> GO:0007560
GO:0007481 -[part_of]-> GO:0035216
GO:0007482 -[is_a]-> GO:0048737
GO:0007482 -[part_of]-> GO:0035216
GO:0007483 -[is_a]-> GO:0007560
GO:0007483 -[part_of]-> GO:0035215
GO:0007484 -[is_a]-> GO:0048806
GO:0007484 -[part_of]-> GO:0035215
GO:0007485 -[is_a]-> GO:0007484
GO:0007486 -[is_a]-> GO:0007484
GO:0007486 -[is_a]-> GO:0030540
GO:0007487 -[is_a]-> GO:0044767
GO:0007487 -[is_a]-> GO:0048856
GO:0007487 -[part_of]-> GO:0035215
GO:0007488 -[is_a]-> GO:0007560
GO:0007489 -[is_a]-> GO:0045596
GO:0007489 -[part_of]-> GO:0007488
GO:0007490 -[is_a]-> GO:0009886
GO:0007490 -[is_a]-> GO:0044767
GO:0007490 -[part_of]-> GO:0007488
GO:0007491 -[is_a]-> GO:0009886
GO:0007491 -[is_a]-> GO:0044767
GO:0007491 -[part_of]-> GO:0007488
GO:0007492 -[is_a]-> GO:0009888
GO:0007493 -[is_a]-> GO:0001709
GO:0007493 -[part_of]-> GO:0001711
GO:0007494 -[is_a]-> GO:0048565
GO:0007495 -[is_a]-> GO:0007267
GO:0007495 -[part_of]-> GO:0007494
GO:0007496 -[is_a]-> GO:0044767
GO:0007496 -[is_a]-> GO:0048856
GO:0007496 -[part_of]-> GO:0007494
GO:0007497 -[is_a]-> GO:0048856
GO:0007497 -[part_of]-> GO:0007494
GO:0007498 -[is_a]-> GO:0009888
GO:0007499 -[is_a]-> GO:0007267
GO:0007499 -[part_of]-> GO:0007498
GO:0007500 -[is_a]-> GO:0001709
GO:0007500 -[part_of]-> GO:0001710
GO:0007501 -[is_a]-> GO:0001708
GO:0007501 -[part_of]-> GO:0001710
GO:0007502 -[is_a]-> GO:0009888
GO:0007502 -[part_of]-> GO:0007498
GO:0007502 -[part_of]-> GO:0048565
GO:0007503 -[is_a]-> GO:0044767
GO:0007503 -[is_a]-> GO:0048513
GO:0007503 -[is_a]-> GO:0060612
GO:0007504 -[is_a]-> GO:0007503
GO:0007504 -[is_a]-> GO:0048569
GO:0007504 -[part_of]-> GO:0002168
GO:0007505 -[is_a]-> GO:0007503
GO:0007506 -[is_a]-> GO:0007498
GO:0007506 -[is_a]-> GO:0048608
GO:0007506 -[is_a]-> GO:0060485
GO:0007506 -[part_of]-> GO:0008406
GO:0007507 -[is_a]-> GO:0044767
GO:0007507 -[is_a]-> GO:0048513
GO:0007507 -[part_of]-> GO:0072359
GO:0007508 -[is_a]-> GO:0007507
GO:0007508 -[is_a]-> GO:0048569
GO:0007508 -[part_of]-> GO:0002164
GO:0007509 -[is_a]-> GO:0008078
GO:0007509 -[is_a]-> GO:0042074
GO:0007509 -[is_a]-> GO:0090130
GO:0007509 -[part_of]-> GO:0001707
GO:0007510 -[is_a]-> GO:0060913
GO:0007510 -[part_of]-> GO:0042684
GO:0007512 -[is_a]-> GO:0007507
GO:0007516 -[is_a]-> GO:0048468
GO:0007516 -[part_of]-> GO:0042386
GO:0007517 -[is_a]-> GO:0048513
GO:0007517 -[is_a]-> GO:0061061
GO:0007518 -[is_a]-> GO:0001709
GO:0007518 -[part_of]-> GO:0048625
GO:0007519 -[is_a]-> GO:0014706
GO:0007519 -[part_of]-> GO:0060538
GO:0007520 -[is_a]-> GO:0000768
GO:0007520 -[part_of]-> GO:0014902
GO:0007521 -[is_a]-> GO:0001709
GO:0007521 -[part_of]-> GO:0042693
GO:0007522 -[is_a]-> GO:0007517
GO:0007523 -[is_a]-> GO:0007522
GO:0007523 -[is_a]-> GO:0048569
GO:0007523 -[part_of]-> GO:0002164
GO:0007524 -[is_a]-> GO:0007522
GO:0007525 -[is_a]-> GO:0061061
GO:0007526 -[is_a]-> GO:0007525
GO:0007526 -[is_a]-> GO:0048569
GO:0007526 -[part_of]-> GO:0002164
GO:0007527 -[is_a]-> GO:0007525
GO:0007528 -[is_a]-> GO:0050808
GO:0007529 -[is_a]-> GO:0050808
GO:0007529 -[part_of]-> GO:0007528
GO:0007530 -[is_a]-> GO:0003006
GO:0007531 -[is_a]-> GO:0007530
GO:0007531 -[is_a]-> GO:0044702
GO:0007531 -[is_a]-> GO:0045165
GO:0007532 -[is_a]-> GO:0006355
GO:0007532 -[is_a]-> GO:0007531
GO:0007533 -[is_a]-> GO:0007531
GO:0007533 -[is_a]-> GO:0022413
GO:0007534 -[is_a]-> GO:0006312
GO:0007534 -[is_a]-> GO:0022414
GO:0007534 -[is_a]-> GO:0035822
GO:0007534 -[part_of]-> GO:0007533
GO:0007535 -[is_a]-> GO:0003006
GO:0007535 -[is_a]-> GO:0044702
GO:0007535 -[is_a]-> GO:0048869
GO:0007535 -[part_of]-> GO:0007533
GO:0007536 -[is_a]-> GO:0007535
GO:0007536 -[is_a]-> GO:0045911
GO:0007537 -[is_a]-> GO:0007535
GO:0007537 -[is_a]-> GO:0045910
GO:0007538 -[is_a]-> GO:0007530
GO:0007538 -[part_of]-> GO:0007275
GO:0007539 -[is_a]-> GO:0007538
GO:0007539 -[part_of]-> GO:0018993
GO:0007540 -[is_a]-> GO:0003006
GO:0007540 -[part_of]-> GO:0007539
GO:0007541 -[is_a]-> GO:0003006
GO:0007541 -[part_of]-> GO:0007539
GO:0007542 -[is_a]-> GO:0007538
GO:0007542 -[part_of]-> GO:0018992
GO:0007543 -[is_a]-> GO:0007154
GO:0007543 -[is_a]-> GO:0044702
GO:0007543 -[part_of]-> GO:0007542
GO:0007545 -[is_a]-> GO:0007530
GO:0007545 -[part_of]-> GO:0007275
GO:0007546 -[is_a]-> GO:0007545
GO:0007547 -[is_a]-> GO:0007545
GO:0007547 -[part_of]-> GO:0018992
GO:0007548 -[is_a]-> GO:0003006
GO:0007549 -[is_a]-> GO:0040029
GO:0007552 -[is_a]-> GO:0007275
GO:0007553 -[is_a]-> GO:0010565
GO:0007553 -[is_a]-> GO:0019218
GO:0007553 -[is_a]-> GO:0032350
GO:0007553 -[is_a]-> GO:0048580
GO:0007553 -[regulates]-> GO:0045455
GO:0007554 -[is_a]-> GO:0007553
GO:0007554 -[is_a]-> GO:0010566
GO:0007554 -[is_a]-> GO:0090030
GO:0007554 -[regulates]-> GO:0045456
GO:0007555 -[is_a]-> GO:2000831
GO:0007555 -[regulates]-> GO:0045457
GO:0007556 -[is_a]-> GO:0019747
GO:0007556 -[is_a]-> GO:0032350
GO:0007556 -[is_a]-> GO:0043455
GO:0007556 -[part_of]-> GO:0002165
GO:0007556 -[regulates]-> GO:0006716
GO:0007557 -[is_a]-> GO:0007556
GO:0007557 -[is_a]-> GO:0046885
GO:0007557 -[is_a]-> GO:0046890
GO:0007557 -[regulates]-> GO:0006718
GO:0007558 -[is_a]-> GO:0032368
GO:0007558 -[is_a]-> GO:0044060
GO:0007558 -[is_a]-> GO:0046883
GO:0007558 -[regulates]-> GO:0045443
GO:0007560 -[is_a]-> GO:0048563
GO:0007560 -[is_a]-> GO:0060562
GO:0007560 -[part_of]-> GO:0007444
GO:0007560 -[part_of]-> GO:0007552
GO:0007560 -[part_of]-> GO:0048707
GO:0007561 -[is_a]-> GO:0009886
GO:0007561 -[is_a]-> GO:0044767
GO:0007561 -[part_of]-> GO:0007560
GO:0007562 -[is_a]-> GO:0071684
GO:0007562 -[part_of]-> GO:0007275
GO:0007563 -[is_a]-> GO:2000026
GO:0007563 -[regulates]-> GO:0007562
GO:0007564 -[is_a]-> GO:2000026
GO:0007564 -[regulates]-> GO:0007593
GO:0007565 -[is_a]-> GO:0044703
GO:0007565 -[is_a]-> GO:0044706
GO:0007566 -[is_a]-> GO:0044702
GO:0007566 -[part_of]-> GO:0007275
GO:0007566 -[part_of]-> GO:0007565
GO:0007567 -[is_a]-> GO:0044703
GO:0007567 -[is_a]-> GO:0044706
GO:0007568 -[is_a]-> GO:0044767
GO:0007569 -[is_a]-> GO:0007568
GO:0007569 -[is_a]-> GO:0048869
GO:0007571 -[is_a]-> GO:0044767
GO:0007571 -[part_of]-> GO:0007568
GO:0007576 -[is_a]-> GO:0007000
GO:0007576 -[part_of]-> GO:0007569
GO:0007580 -[is_a]-> GO:0001301
GO:0007584 -[is_a]-> GO:0031667
GO:0007584 -[is_a]-> GO:0042221
GO:0007585 -[is_a]-> GO:0044707
GO:0007586 -[is_a]-> GO:0044707
GO:0007588 -[is_a]-> GO:0003008
GO:0007589 -[is_a]-> GO:0046903
GO:0007589 -[is_a]-> GO:0050878
GO:0007591 -[is_a]-> GO:0042303
GO:0007593 -[is_a]-> GO:0007591
GO:0007593 -[is_a]-> GO:0021700
GO:0007593 -[is_a]-> GO:0022404
GO:0007594 -[is_a]-> GO:0022609
GO:0007594 -[part_of]-> GO:0007591
GO:0007595 -[is_a]-> GO:0007589
GO:0007595 -[is_a]-> GO:0032941
GO:0007595 -[part_of]-> GO:0030879
GO:0007596 -[is_a]-> GO:0007599
GO:0007596 -[is_a]-> GO:0050817
GO:0007596 -[part_of]-> GO:0042060
GO:0007597 -[is_a]-> GO:0072376
GO:0007597 -[part_of]-> GO:0072378
GO:0007598 -[is_a]-> GO:0072376
GO:0007598 -[part_of]-> GO:0072378
GO:0007599 -[is_a]-> GO:0050878
GO:0007600 -[is_a]-> GO:0050877
GO:0007601 -[is_a]-> GO:0050953
GO:0007602 -[is_a]-> GO:0007165
GO:0007602 -[is_a]-> GO:0009583
GO:0007603 -[is_a]-> GO:0007602
GO:0007603 -[is_a]-> GO:0009584
GO:0007604 -[is_a]-> GO:0007602
GO:0007604 -[is_a]-> GO:0009589
GO:0007604 -[is_a]-> GO:0034644
GO:0007605 -[is_a]-> GO:0050954
GO:0007606 -[is_a]-> GO:0007600
GO:0007608 -[is_a]-> GO:0007606
GO:0007610 -[is_a]-> GO:0008150
GO:0007611 -[is_a]-> GO:0044707
GO:0007611 -[is_a]-> GO:0044708
GO:0007611 -[is_a]-> GO:0050890
GO:0007612 -[is_a]-> GO:0007611
GO:0007613 -[is_a]-> GO:0007611
GO:0007614 -[is_a]-> GO:0007613
GO:0007615 -[is_a]-> GO:0007613
GO:0007616 -[is_a]-> GO:0007613
GO:0007617 -[is_a]-> GO:0019098
GO:0007617 -[part_of]-> GO:0007618
GO:0007618 -[is_a]-> GO:0044703
GO:0007618 -[part_of]-> GO:0019953
GO:0007619 -[is_a]-> GO:0007617
GO:0007620 -[is_a]-> GO:0007618
GO:0007621 -[is_a]-> GO:0045924
GO:0007622 -[is_a]-> GO:0007610
GO:0007622 -[is_a]-> GO:0048511
GO:0007623 -[is_a]-> GO:0048511
GO:0007624 -[is_a]-> GO:0044699
GO:0007624 -[is_a]-> GO:0048511
GO:0007625 -[is_a]-> GO:0044708
GO:0007626 -[is_a]-> GO:0007610
GO:0007628 -[is_a]-> GO:0008344
GO:0007628 -[is_a]-> GO:0090659
GO:0007629 -[is_a]-> GO:0008344
GO:0007630 -[is_a]-> GO:0008344
GO:0007631 -[is_a]-> GO:0007610
GO:0007632 -[is_a]-> GO:0009416
GO:0007632 -[is_a]-> GO:0044707
GO:0007632 -[is_a]-> GO:0044708
GO:0007633 -[is_a]-> GO:0007632
GO:0007634 -[is_a]-> GO:0007632
GO:0007635 -[is_a]-> GO:0044708
GO:0007635 -[part_of]-> GO:0042221
GO:0007636 -[is_a]-> GO:0007630
GO:0007636 -[is_a]-> GO:0007635
GO:0007637 -[is_a]-> GO:0007635
GO:0007637 -[is_a]-> GO:0051780
GO:0007637 -[is_a]-> GO:0060004
GO:0007638 -[is_a]-> GO:0044708
GO:0007638 -[part_of]-> GO:0009612
GO:0007639 -[is_a]-> GO:0010075
GO:0007639 -[is_a]-> GO:0048873
GO:0008002 -[is_a]-> GO:0044420
GO:0008002 -[part_of]-> GO:0005605
GO:0008003 -[is_a]-> GO:0044420
GO:0008003 -[part_of]-> GO:0005605
GO:0008004 -[is_a]-> GO:0044420
GO:0008004 -[part_of]-> GO:0005605
GO:0008009 -[is_a]-> GO:0005125
GO:0008009 -[is_a]-> GO:0042379
GO:0008009 -[part_of]-> GO:0060326
GO:0008010 -[is_a]-> GO:0005214
GO:0008011 -[is_a]-> GO:0005214
GO:0008012 -[is_a]-> GO:0005214
GO:0008013 -[is_a]-> GO:0005515
GO:0008015 -[is_a]-> GO:0003013
GO:0008016 -[is_a]-> GO:1903522
GO:0008016 -[regulates]-> GO:0060047
GO:0008017 -[is_a]-> GO:0015631
GO:0008020 -[is_a]-> GO:0004930
GO:0008020 -[is_a]-> GO:0009881
GO:0008020 -[part_of]-> GO:0009584
GO:0008021 -[is_a]-> GO:0044456
GO:0008021 -[is_a]-> GO:0070382
GO:0008021 -[is_a]-> GO:0097458
GO:0008021 -[part_of]-> GO:0098793
GO:0008022 -[is_a]-> GO:0005515
GO:0008023 -[is_a]-> GO:0043234
GO:0008023 -[is_a]-> GO:0044451
GO:0008024 -[is_a]-> GO:0008023
GO:0008024 -[is_a]-> GO:0019908
GO:0008024 -[is_a]-> GO:0032806
GO:0008026 -[is_a]-> GO:0042623
GO:0008026 -[is_a]-> GO:0070035
GO:0008028 -[is_a]-> GO:0046943
GO:0008028 -[part_of]-> GO:0015718
GO:0008029 -[is_a]-> GO:0001847
GO:0008029 -[has_part]-> GO:0001864
GO:0008030 -[is_a]-> GO:0008029
GO:0008031 -[is_a]-> GO:0005184
GO:0008033 -[is_a]-> GO:0006399
GO:0008033 -[is_a]-> GO:0034470
GO:0008035 -[is_a]-> GO:0071813
GO:0008036 -[is_a]-> GO:0038023
GO:0008036 -[part_of]-> GO:0009755
GO:0008037 -[is_a]-> GO:0044763
GO:0008038 -[is_a]-> GO:0008037
GO:0008038 -[part_of]-> GO:0048666
GO:0008039 -[is_a]-> GO:0008038
GO:0008043 -[is_a]-> GO:0044424
GO:0008043 -[is_a]-> GO:0070288
GO:0008045 -[is_a]-> GO:0007411
GO:0008046 -[is_a]-> GO:0004888
GO:0008046 -[part_of]-> GO:0007411
GO:0008047 -[is_a]-> GO:0030234
GO:0008047 -[part_of]-> GO:0043085
GO:0008048 -[is_a]-> GO:0030250
GO:0008049 -[is_a]-> GO:0060179
GO:0008049 -[part_of]-> GO:0007619
GO:0008050 -[is_a]-> GO:0060180
GO:0008050 -[part_of]-> GO:0007619
GO:0008052 -[is_a]-> GO:0010160
GO:0008052 -[part_of]-> GO:0007423
GO:0008053 -[is_a]-> GO:0007005
GO:0008053 -[is_a]-> GO:0044801
GO:0008053 -[is_a]-> GO:0048284
GO:0008053 -[is_a]-> GO:1902589
GO:0008055 -[is_a]-> GO:0044550
GO:0008055 -[is_a]-> GO:0046148
GO:0008055 -[is_a]-> GO:0046158
GO:0008056 -[is_a]-> GO:0007423
GO:0008056 -[part_of]-> GO:0035214
GO:0008057 -[is_a]-> GO:0048753
GO:0008058 -[is_a]-> GO:0048753
GO:0008061 -[is_a]-> GO:0097367
GO:0008062 -[is_a]-> GO:0048512
GO:0008062 -[part_of]-> GO:0007562
GO:0008063 -[is_a]-> GO:0007166
GO:0008064 -[is_a]-> GO:0030832
GO:0008064 -[regulates]-> GO:0008154
GO:0008065 -[is_a]-> GO:0001885
GO:0008065 -[part_of]-> GO:0007422
GO:0008066 -[is_a]-> GO:0004888
GO:0008066 -[has_part]-> GO:0016595
GO:0008068 -[is_a]-> GO:0005234
GO:0008068 -[is_a]-> GO:0061797
GO:0008069 -[is_a]-> GO:0003006
GO:0008069 -[is_a]-> GO:0009950
GO:0008069 -[is_a]-> GO:0016334
GO:0008069 -[is_a]-> GO:0022412
GO:0008069 -[is_a]-> GO:0044767
GO:0008069 -[part_of]-> GO:0030707
GO:0008070 -[is_a]-> GO:0008069
GO:0008071 -[is_a]-> GO:0008069
GO:0008073 -[is_a]-> GO:0004857
GO:0008073 -[is_a]-> GO:0042979
GO:0008073 -[negatively_regulates]-> GO:0004586
GO:0008074 -[is_a]-> GO:0043234
GO:0008074 -[is_a]-> GO:0044445
GO:0008076 -[is_a]-> GO:0034705
GO:0008076 -[is_a]-> GO:0044459
GO:0008076 -[part_of]-> GO:0005887
GO:0008078 -[is_a]-> GO:0001667
GO:0008079 -[is_a]-> GO:0008135
GO:0008079 -[part_of]-> GO:0006415
GO:0008080 -[is_a]-> GO:0016407
GO:0008080 -[is_a]-> GO:0016410
GO:0008081 -[is_a]-> GO:0042578
GO:0008083 -[is_a]-> GO:0005102
GO:0008084 -[is_a]-> GO:0070851
GO:0008086 -[is_a]-> GO:0004871
GO:0008086 -[is_a]-> GO:0005245
GO:0008086 -[is_a]-> GO:0010461
GO:0008086 -[part_of]-> GO:0019722
GO:0008087 -[is_a]-> GO:0005891
GO:0008088 -[is_a]-> GO:0010970
GO:0008088 -[occurs_in]-> GO:0043005
GO:0008089 -[is_a]-> GO:0098930
GO:0008089 -[occurs_in]-> GO:1904115
GO:0008090 -[is_a]-> GO:0098930
GO:0008090 -[occurs_in]-> GO:1904115
GO:0008091 -[is_a]-> GO:0044430
GO:0008091 -[is_a]-> GO:0044448
GO:0008091 -[part_of]-> GO:0030864
GO:0008092 -[is_a]-> GO:0005515
GO:0008093 -[is_a]-> GO:0008092
GO:0008093 -[is_a]-> GO:0030674
GO:0008094 -[is_a]-> GO:0042623
GO:0008096 -[is_a]-> GO:0004301
GO:0008097 -[is_a]-> GO:0019843
GO:0008098 -[is_a]-> GO:0008097
GO:0008101 -[is_a]-> GO:0007178
GO:0008103 -[is_a]-> GO:0007017
GO:0008103 -[is_a]-> GO:0022412
GO:0008103 -[part_of]-> GO:0007309
GO:0008103 -[part_of]-> GO:0016325
GO:0008104 -[is_a]-> GO:0033036
GO:0008105 -[is_a]-> GO:0008104
GO:0008106 -[is_a]-> GO:0004033
GO:0008107 -[is_a]-> GO:0031127
GO:0008108 -[is_a]-> GO:0070569
GO:0008109 -[is_a]-> GO:0008375
GO:0008110 -[is_a]-> GO:0008483
GO:0008111 -[is_a]-> GO:0016854
GO:0008112 -[is_a]-> GO:0008170
GO:0008112 -[is_a]-> GO:0008757
GO:0008113 -[is_a]-> GO:0016671
GO:0008114 -[is_a]-> GO:0016616
GO:0008115 -[is_a]-> GO:0016647
GO:0008116 -[is_a]-> GO:0016860
GO:0008117 -[is_a]-> GO:0016832
GO:0008118 -[is_a]-> GO:0008373
GO:0008119 -[is_a]-> GO:0008172
GO:0008119 -[is_a]-> GO:0008757
GO:0008120 -[is_a]-> GO:0035251
GO:0008121 -[is_a]-> GO:0015078
GO:0008121 -[is_a]-> GO:0016681
GO:0008123 -[is_a]-> GO:0008395
GO:0008123 -[is_a]-> GO:0016709
GO:0008124 -[is_a]-> GO:0016836
GO:0008126 -[is_a]-> GO:0034338
GO:0008127 -[is_a]-> GO:0016702
GO:0008131 -[is_a]-> GO:0016641
GO:0008134 -[is_a]-> GO:0005515
GO:0008135 -[is_a]-> GO:0003723
GO:0008135 -[part_of]-> GO:0006412
GO:0008137 -[is_a]-> GO:0050136
GO:0008138 -[is_a]-> GO:0004721
GO:0008139 -[is_a]-> GO:0005048
GO:0008140 -[is_a]-> GO:0008134
GO:0008142 -[is_a]-> GO:0032934
GO:0008143 -[is_a]-> GO:0070717
GO:0008144 -[is_a]-> GO:0005488
GO:0008145 -[is_a]-> GO:0008144
GO:0008145 -[is_a]-> GO:0043176
GO:0008146 -[is_a]-> GO:0016782
GO:0008147 -[is_a]-> GO:0005198
{   'alt_id': ['GO:0000004', 'GO:0007582'],
    'comment': 'Note that, in addition to forming the root of the biological process ontology, this term is recommended for use for the annotation of gene products whose biological process is unknown. Note that when this term is used for annotation, it indicates that no information was available about the biological process of the gene product annotated as of the date the annotation was made; the evidence code ND, no data, is used to indicate this.',
    'def': '"Any process specifically pertinent to the functioning of integrated living units: cells, tissues, organs, and organisms. A process is a collection of molecular events with a defined beginning and end." [GOC:go_curators, GOC:isa_complete]',
    'id': 'GO:0008150',
    'name': 'biological_process',
    'namespace': 'biological_process',
    'subset': [   'goslim_aspergillus',
                  'goslim_candida',
                  'goslim_chembl',
                  'goslim_generic',
                  'goslim_metagenomics',
                  'goslim_pir',
                  'goslim_plant',
                  'goslim_pombe',
                  'goslim_yeast',
                  'gosubset_prok'],
    'synonym': [   '"biological process" EXACT []',
                   '"physiological process" EXACT []'],
    'xref': ['Wikipedia:Biological_process']}
GO:0008152 -[is_a]-> GO:0008150
GO:0008153 -[is_a]-> GO:0008652
GO:0008153 -[is_a]-> GO:0046482
GO:0008153 -[is_a]-> GO:0072330
GO:0008154 -[is_a]-> GO:0007015
GO:0008156 -[is_a]-> GO:0006275
GO:0008156 -[is_a]-> GO:0051053
GO:0008156 -[is_a]-> GO:2000113
GO:0008156 -[negatively_regulates]-> GO:0006260
GO:0008157 -[is_a]-> GO:0019903
GO:0008158 -[is_a]-> GO:0004888
GO:0008158 -[has_part]-> GO:0097108
GO:0008160 -[is_a]-> GO:0072542
GO:0008160 -[positively_regulates]-> GO:0004725
GO:0008168 -[is_a]-> GO:0016741
GO:0008168 -[part_of]-> GO:0032259
GO:0008169 -[is_a]-> GO:0008168
GO:0008170 -[is_a]-> GO:0008168
GO:0008171 -[is_a]-> GO:0008168
GO:0008172 -[is_a]-> GO:0008168
GO:0008173 -[is_a]-> GO:0008168
GO:0008173 -[part_of]-> GO:0001510
GO:0008174 -[is_a]-> GO:0008173
GO:0008174 -[is_a]-> GO:0008757
GO:0008174 -[part_of]-> GO:0080009
GO:0008175 -[is_a]-> GO:0008173
GO:0008175 -[part_of]-> GO:0030488
GO:0008176 -[is_a]-> GO:0016423
GO:0008176 -[part_of]-> GO:0036265
GO:0008177 -[is_a]-> GO:0000104
GO:0008177 -[is_a]-> GO:0016635
GO:0008179 -[is_a]-> GO:0019899
GO:0008180 -[is_a]-> GO:0043234
GO:0008180 -[is_a]-> GO:0044428
GO:0008184 -[is_a]-> GO:0004645
GO:0008186 -[is_a]-> GO:0042623
GO:0008187 -[is_a]-> GO:0003727
GO:0008188 -[is_a]-> GO:0008528
GO:0008188 -[has_part]-> GO:0042923
GO:0008188 -[part_of]-> GO:0007218
GO:0008190 -[is_a]-> GO:0031369
GO:0008191 -[is_a]-> GO:0004866
GO:0008191 -[negatively_regulates]-> GO:0004222
GO:0008192 -[is_a]-> GO:0070568
GO:0008193 -[is_a]-> GO:0008192
GO:0008194 -[is_a]-> GO:0016757
GO:0008195 -[is_a]-> GO:0016791
GO:0008196 -[is_a]-> GO:0038024
GO:0008198 -[is_a]-> GO:0005506
GO:0008199 -[is_a]-> GO:0005506
GO:0008200 -[is_a]-> GO:0016248
GO:0008200 -[negatively_regulates]-> GO:0005216
GO:0008201 -[is_a]-> GO:0005539
GO:0008201 -[is_a]-> GO:1901681
GO:0008202 -[is_a]-> GO:0006629
GO:0008202 -[is_a]-> GO:1901360
GO:0008203 -[is_a]-> GO:0016125
GO:0008203 -[is_a]-> GO:1902652
GO:0008204 -[is_a]-> GO:0016125
GO:0008204 -[is_a]-> GO:0016128
GO:0008204 -[is_a]-> GO:0044107
GO:0008204 -[is_a]-> GO:0044255
GO:0008204 -[is_a]-> GO:1902652
GO:0008205 -[is_a]-> GO:0016125
GO:0008205 -[is_a]-> GO:0045455
GO:0008205 -[is_a]-> GO:1902652
GO:0008206 -[is_a]-> GO:0008202
GO:0008206 -[is_a]-> GO:0032787
GO:0008207 -[is_a]-> GO:0008202
GO:0008207 -[is_a]-> GO:0034754
GO:0008207 -[is_a]-> GO:0044763
GO:0008208 -[is_a]-> GO:0006706
GO:0008208 -[is_a]-> GO:0008207
GO:0008208 -[is_a]-> GO:0042447
GO:0008209 -[is_a]-> GO:0034754
GO:0008210 -[is_a]-> GO:0034754
GO:0008211 -[is_a]-> GO:0008202
GO:0008212 -[is_a]-> GO:0008202
GO:0008212 -[is_a]-> GO:0034754
GO:0008212 -[is_a]-> GO:0044763
GO:0008213 -[is_a]-> GO:0006464
GO:0008214 -[is_a]-> GO:0006464
GO:0008215 -[is_a]-> GO:0006595
GO:0008216 -[is_a]-> GO:0006595
GO:0008217 -[is_a]-> GO:0065008
GO:0008217 -[part_of]-> GO:0008015
GO:0008218 -[is_a]-> GO:0044237
GO:0008219 -[is_a]-> GO:0044763
GO:0008226 -[is_a]-> GO:0008227
GO:0008227 -[is_a]-> GO:0004930
GO:0008228 -[is_a]-> GO:0002252
GO:0008228 -[part_of]-> GO:0006909
GO:0008230 -[is_a]-> GO:0043235
GO:0008230 -[is_a]-> GO:0090575
GO:0008231 -[is_a]-> GO:0008230
GO:0008232 -[is_a]-> GO:0008230
GO:0008233 -[is_a]-> GO:0016787
GO:0008233 -[part_of]-> GO:0006508
GO:0008234 -[is_a]-> GO:0070011
GO:0008235 -[is_a]-> GO:0008237
GO:0008235 -[is_a]-> GO:0008238
GO:0008236 -[is_a]-> GO:0017171
GO:0008236 -[is_a]-> GO:0070011
GO:0008237 -[is_a]-> GO:0070011
GO:0008238 -[is_a]-> GO:0070011
GO:0008239 -[is_a]-> GO:0004177
GO:0008240 -[is_a]-> GO:0008236
GO:0008240 -[is_a]-> GO:0008238
GO:0008241 -[is_a]-> GO:0008238
GO:0008242 -[is_a]-> GO:0008238
GO:0008247 -[is_a]-> GO:1902494
GO:0008250 -[is_a]-> GO:0044425
GO:0008250 -[is_a]-> GO:0044432
GO:0008250 -[is_a]-> GO:1990234
GO:0008250 -[part_of]-> GO:0005789
GO:0008251 -[is_a]-> GO:0004000
GO:0008252 -[is_a]-> GO:0016791
GO:0008253 -[is_a]-> GO:0008252
GO:0008254 -[is_a]-> GO:0008252
GO:0008255 -[is_a]-> GO:0005184
GO:0008256 -[is_a]-> GO:0004673
GO:0008257 -[is_a]-> GO:0004673
GO:0008258 -[is_a]-> GO:0048598
GO:0008258 -[part_of]-> GO:0001700
GO:0008260 -[is_a]-> GO:0008410
GO:0008261 -[is_a]-> GO:0008528
GO:0008263 -[is_a]-> GO:0000700
GO:0008265 -[is_a]-> GO:0003824
GO:0008266 -[is_a]-> GO:0008187
GO:0008267 -[is_a]-> GO:0005515
GO:0008269 -[is_a]-> GO:0030674
GO:0008269 -[is_a]-> GO:0035591
GO:0008269 -[part_of]-> GO:0046425
GO:0008270 -[is_a]-> GO:0046914
GO:0008271 -[is_a]-> GO:0015116
GO:0008271 -[is_a]-> GO:0015291
GO:0008272 -[is_a]-> GO:0015698
GO:0008272 -[is_a]-> GO:0072348
GO:0008273 -[is_a]-> GO:0015081
GO:0008273 -[is_a]-> GO:0015368
GO:0008273 -[is_a]-> GO:0022821
GO:0008274 -[is_a]-> GO:0000931
GO:0008275 -[is_a]-> GO:0000930
GO:0008276 -[is_a]-> GO:0008168
GO:0008276 -[part_of]-> GO:0006479
GO:0008277 -[is_a]-> GO:0009966
GO:0008277 -[regulates]-> GO:0007186
GO:0008278 -[is_a]-> GO:0043234
GO:0008278 -[is_a]-> GO:0044427
GO:0008278 -[part_of]-> GO:0000793
GO:0008281 -[is_a]-> GO:0004888
GO:0008282 -[is_a]-> GO:0034705
GO:0008282 -[is_a]-> GO:0098797
GO:0008282 -[part_of]-> GO:0005887
GO:0008283 -[is_a]-> GO:0044699
GO:0008284 -[is_a]-> GO:0042127
GO:0008284 -[is_a]-> GO:0048522
GO:0008284 -[positively_regulates]-> GO:0008283
GO:0008285 -[is_a]-> GO:0042127
GO:0008285 -[is_a]-> GO:0048523
GO:0008285 -[negatively_regulates]-> GO:0008283
GO:0008286 -[is_a]-> GO:0007169
GO:0008286 -[part_of]-> GO:0032869
GO:0008287 -[is_a]-> GO:0044464
GO:0008287 -[is_a]-> GO:1903293
GO:0008288 -[is_a]-> GO:0004714
GO:0008289 -[is_a]-> GO:0005488
GO:0008290 -[is_a]-> GO:0043234
GO:0008290 -[is_a]-> GO:0044430
GO:0008290 -[part_of]-> GO:0015629
GO:0008291 -[is_a]-> GO:0042133
GO:0008291 -[is_a]-> GO:0044763
GO:0008291 -[is_a]-> GO:0097164
GO:0008291 -[is_a]-> GO:1900619
GO:0008292 -[is_a]-> GO:0008291
GO:0008292 -[is_a]-> GO:0042136
GO:0008292 -[is_a]-> GO:1900620
GO:0008293 -[is_a]-> GO:0006357
GO:0008293 -[is_a]-> GO:0007169
GO:0008294 -[is_a]-> GO:0004016
GO:0008295 -[is_a]-> GO:0006596
GO:0008295 -[is_a]-> GO:0008216
GO:0008296 -[is_a]-> GO:0008408
GO:0008296 -[is_a]-> GO:0016895
GO:0008297 -[is_a]-> GO:0016895
GO:0008298 -[is_a]-> GO:0006403
GO:0008298 -[is_a]-> GO:0070727
GO:0008299 -[is_a]-> GO:0006720
GO:0008299 -[is_a]-> GO:0008610
GO:0008299 -[is_a]-> GO:0044249
GO:0008300 -[is_a]-> GO:0006720
GO:0008300 -[is_a]-> GO:0044242
GO:0008301 -[is_a]-> GO:0003677
GO:0008302 -[is_a]-> GO:0007015
GO:0008302 -[is_a]-> GO:0022414
GO:0008302 -[part_of]-> GO:0007301
GO:0008303 -[is_a]-> GO:0044445
GO:0008303 -[is_a]-> GO:1905369
GO:0008305 -[is_a]-> GO:0098636
GO:0008305 -[is_a]-> GO:0098797
GO:0008305 -[is_a]-> GO:0098802
GO:0008305 -[part_of]-> GO:0005887
GO:0008306 -[is_a]-> GO:0007612
GO:0008307 -[is_a]-> GO:0005198
GO:0008308 -[is_a]-> GO:0005244
GO:0008308 -[is_a]-> GO:0005253
GO:0008308 -[part_of]-> GO:1903959
GO:0008309 -[is_a]-> GO:0016895
GO:0008310 -[is_a]-> GO:0008296
GO:0008310 -[is_a]-> GO:0008297
GO:0008311 -[is_a]-> GO:0008296
GO:0008311 -[is_a]-> GO:0008309
GO:0008312 -[is_a]-> GO:0003723
GO:0008313 -[is_a]-> GO:0005006
GO:0008314 -[is_a]-> GO:0007173
GO:0008315 -[is_a]-> GO:0044771
GO:0008315 -[is_a]-> GO:0044839
GO:0008315 -[part_of]-> GO:0007127
GO:0008315 -[part_of]-> GO:0051321
GO:0008316 -[is_a]-> GO:0035804
GO:0008317 -[is_a]-> GO:0005154
GO:0008318 -[is_a]-> GO:0004659
GO:0008320 -[is_a]-> GO:0008565
GO:0008320 -[is_a]-> GO:0022884
GO:0008320 -[part_of]-> GO:0071806
GO:0008321 -[is_a]-> GO:0005088
GO:0008324 -[is_a]-> GO:0015075
GO:0008324 -[part_of]-> GO:0098655
GO:0008327 -[is_a]-> GO:0000166
GO:0008327 -[is_a]-> GO:0043565
GO:0008328 -[is_a]-> GO:0034702
GO:0008328 -[is_a]-> GO:0098802
GO:0008328 -[is_a]-> GO:0098878
GO:0008328 -[part_of]-> GO:0005887
GO:0008329 -[is_a]-> GO:0038023
GO:0008329 -[is_a]-> GO:0038187
GO:0008329 -[part_of]-> GO:0002221
GO:0008330 -[is_a]-> GO:0004721
GO:0008331 -[is_a]-> GO:0005245
GO:0008332 -[is_a]-> GO:0005245
GO:0008333 -[is_a]-> GO:0007041
GO:0008333 -[is_a]-> GO:0016197
GO:0008333 -[is_a]-> GO:0046907
GO:0008334 -[is_a]-> GO:0016071
GO:0008335 -[is_a]-> GO:0022412
GO:0008335 -[is_a]-> GO:0031032
GO:0008335 -[part_of]-> GO:0007300
GO:0008336 -[is_a]-> GO:0016706
GO:0008340 -[is_a]-> GO:0044707
GO:0008340 -[part_of]-> GO:0010259
GO:0008343 -[is_a]-> GO:0007631
GO:0008343 -[is_a]-> GO:0030534
GO:0008344 -[is_a]-> GO:0007626
GO:0008344 -[is_a]-> GO:0030534
GO:0008345 -[is_a]-> GO:0007626
GO:0008345 -[is_a]-> GO:0030537
GO:0008346 -[is_a]-> GO:0008345
GO:0008346 -[is_a]-> GO:0090659
GO:0008347 -[is_a]-> GO:0016477
GO:0008347 -[part_of]-> GO:0042063
GO:0008348 -[is_a]-> GO:0002759
GO:0008348 -[is_a]-> GO:0002832
GO:0008348 -[is_a]-> GO:0002921
GO:0008348 -[is_a]-> GO:0032102
GO:0008348 -[is_a]-> GO:0043901
GO:0008348 -[negatively_regulates]-> GO:0019730
GO:0008349 -[is_a]-> GO:0004702
GO:0008349 -[part_of]-> GO:0000165
GO:0008349 -[part_of]-> GO:0000185
GO:0008352 -[is_a]-> GO:0005875
GO:0008352 -[is_a]-> GO:0044450
GO:0008353 -[is_a]-> GO:0004674
GO:0008354 -[is_a]-> GO:0016477
GO:0008354 -[is_a]-> GO:0022412
GO:0008354 -[part_of]-> GO:0007276
GO:0008355 -[is_a]-> GO:0008306
GO:0008355 -[is_a]-> GO:0042048
GO:0008356 -[is_a]-> GO:0051301
GO:0008358 -[is_a]-> GO:0008595
GO:0008359 -[is_a]-> GO:0060281
GO:0008359 -[is_a]-> GO:1902875
GO:0008359 -[is_a]-> GO:1903429
GO:0008359 -[is_a]-> GO:1904580
GO:0008359 -[regulates]-> GO:0045450
GO:0008360 -[is_a]-> GO:0022604
GO:0008360 -[is_a]-> GO:0065008
GO:0008361 -[is_a]-> GO:0032535
GO:0008362 -[is_a]-> GO:0040003
GO:0008363 -[is_a]-> GO:0042337
GO:0008363 -[part_of]-> GO:0002168
GO:0008364 -[is_a]-> GO:0042337
GO:0008364 -[part_of]-> GO:0035209
GO:0008365 -[is_a]-> GO:0040003
GO:0008366 -[is_a]-> GO:0007272
GO:0008373 -[is_a]-> GO:0016757
GO:0008373 -[part_of]-> GO:0097503
GO:0008374 -[is_a]-> GO:0016747
GO:0008375 -[is_a]-> GO:0008194
GO:0008375 -[is_a]-> GO:0016758
GO:0008376 -[is_a]-> GO:0008194
GO:0008376 -[is_a]-> GO:0016758
GO:0008377 -[is_a]-> GO:0051283
GO:0008377 -[part_of]-> GO:0016056
GO:0008378 -[is_a]-> GO:0016758
GO:0008379 -[is_a]-> GO:0004601
GO:0008379 -[is_a]-> GO:0051920
GO:0008380 -[is_a]-> GO:0006396
GO:0008381 -[is_a]-> GO:0005216
GO:0008381 -[is_a]-> GO:0022833
GO:0008384 -[is_a]-> GO:0004674
GO:0008384 -[is_a]-> GO:0004871
GO:0008384 -[part_of]-> GO:0007252
GO:0008385 -[is_a]-> GO:0044445
GO:0008385 -[is_a]-> GO:1902554
GO:0008386 -[is_a]-> GO:0008395
GO:0008386 -[is_a]-> GO:0016713
GO:0008387 -[is_a]-> GO:0008395
GO:0008387 -[is_a]-> GO:0016705
GO:0008388 -[is_a]-> GO:0008395
GO:0008388 -[is_a]-> GO:0016705
GO:0008389 -[is_a]-> GO:0004497
GO:0008389 -[is_a]-> GO:0016705
GO:0008390 -[is_a]-> GO:0008395
GO:0008390 -[is_a]-> GO:0016705
GO:0008391 -[is_a]-> GO:0004497
GO:0008391 -[is_a]-> GO:0016705
GO:0008392 -[is_a]-> GO:0008391
GO:0008395 -[is_a]-> GO:0004497
GO:0008396 -[is_a]-> GO:0008395
GO:0008396 -[is_a]-> GO:0016705
GO:0008397 -[is_a]-> GO:0008395
GO:0008397 -[is_a]-> GO:0016705
GO:0008398 -[is_a]-> GO:0016709
GO:0008398 -[is_a]-> GO:0032451
GO:0008399 -[is_a]-> GO:0004497
GO:0008399 -[is_a]-> GO:0016705
GO:0008401 -[is_a]-> GO:0004497
GO:0008401 -[is_a]-> GO:0016705
GO:0008403 -[is_a]-> GO:0004497
GO:0008403 -[is_a]-> GO:0016705
GO:0008403 -[is_a]-> GO:0070576
GO:0008404 -[is_a]-> GO:0008392
GO:0008405 -[is_a]-> GO:0008392
GO:0008406 -[is_a]-> GO:0044702
GO:0008406 -[is_a]-> GO:0044767
GO:0008406 -[is_a]-> GO:0048513
GO:0008406 -[is_a]-> GO:0048608
GO:0008406 -[part_of]-> GO:0045137
GO:0008407 -[is_a]-> GO:0009887
GO:0008407 -[part_of]-> GO:0022416
GO:0008408 -[is_a]-> GO:0004527
GO:0008409 -[is_a]-> GO:0004527
GO:0008410 -[is_a]-> GO:0016782
GO:0008411 -[is_a]-> GO:0008410
GO:0008412 -[is_a]-> GO:0002094
GO:0008413 -[is_a]-> GO:0047429
GO:0008414 -[is_a]-> GO:0016740
GO:0008416 -[is_a]-> GO:0016863
GO:0008417 -[is_a]-> GO:0016758
GO:0008417 -[part_of]-> GO:0036065
GO:0008418 -[is_a]-> GO:0016811
GO:0008419 -[is_a]-> GO:0016891
GO:0008420 -[is_a]-> GO:0004722
GO:0008421 -[is_a]-> GO:0016811
GO:0008422 -[is_a]-> GO:0015926
GO:0008424 -[is_a]-> GO:0046921
GO:0008424 -[part_of]-> GO:0036071
GO:0008425 -[is_a]-> GO:0030580
GO:0008426 -[is_a]-> GO:0030291
GO:0008426 -[has_part]-> GO:0005080
GO:0008426 -[negatively_regulates]-> GO:0004697
GO:0008427 -[is_a]-> GO:0004860
GO:0008427 -[is_a]-> GO:0010858
GO:0008428 -[is_a]-> GO:0004857
GO:0008428 -[negatively_regulates]-> GO:0004540
GO:0008429 -[is_a]-> GO:0005543
GO:0008430 -[is_a]-> GO:0005488
GO:0008431 -[is_a]-> GO:0019842
GO:0008431 -[is_a]-> GO:0097159
GO:0008431 -[is_a]-> GO:1901363
GO:0008432 -[is_a]-> GO:0019901
GO:0008434 -[is_a]-> GO:0004879
GO:0008434 -[is_a]-> GO:0038023
GO:0008434 -[has_part]-> GO:1902098
GO:0008434 -[part_of]-> GO:0070561
GO:0008437 -[is_a]-> GO:0005179
GO:0008440 -[is_a]-> GO:0051766
GO:0008441 -[is_a]-> GO:0008252
GO:0008442 -[is_a]-> GO:0016616
GO:0008443 -[is_a]-> GO:0016773
GO:0008443 -[is_a]-> GO:0019200
GO:0008444 -[is_a]-> GO:0017169
GO:0008445 -[is_a]-> GO:0003884
GO:0008445 -[is_a]-> GO:0015922
GO:0008446 -[is_a]-> GO:0016836
GO:0008447 -[is_a]-> GO:0016682
GO:0008448 -[is_a]-> GO:0016811
GO:0008448 -[is_a]-> GO:0019213
GO:0008449 -[is_a]-> GO:0008484
GO:0008452 -[is_a]-> GO:0016886
GO:0008453 -[is_a]-> GO:0008483
GO:0008454 -[is_a]-> GO:0008375
GO:0008455 -[is_a]-> GO:0008375
GO:0008456 -[is_a]-> GO:0015929
GO:0008457 -[is_a]-> GO:0008375
GO:0008458 -[is_a]-> GO:0016406
GO:0008458 -[is_a]-> GO:0016414
GO:0008459 -[is_a]-> GO:0034481
GO:0008460 -[is_a]-> GO:0016836
GO:0008463 -[is_a]-> GO:0016811
GO:0008465 -[is_a]-> GO:0016616
GO:0008466 -[is_a]-> GO:0035251
GO:0008467 -[is_a]-> GO:0034483
GO:0008469 -[is_a]-> GO:0016274
GO:0008469 -[is_a]-> GO:0042054
GO:0008469 -[part_of]-> GO:0034969
GO:0008470 -[is_a]-> GO:0003995
GO:0008473 -[is_a]-> GO:0016841
GO:0008473 -[is_a]-> GO:0019239
GO:0008474 -[is_a]-> GO:0016790
GO:0008474 -[is_a]-> GO:0098599
GO:0008475 -[is_a]-> GO:0070815
GO:0008476 -[is_a]-> GO:0008146
GO:0008477 -[is_a]-> GO:0016799
GO:0008478 -[is_a]-> GO:0016301
GO:0008478 -[is_a]-> GO:0016773
GO:0008479 -[is_a]-> GO:0016763
GO:0008480 -[is_a]-> GO:0046997
GO:0008481 -[is_a]-> GO:0001727
GO:0008481 -[is_a]-> GO:0016773
GO:0008482 -[is_a]-> GO:0016670
GO:0008483 -[is_a]-> GO:0016769
GO:0008484 -[is_a]-> GO:0016788
GO:0008486 -[is_a]-> GO:0016462
GO:0008488 -[is_a]-> GO:0016831
GO:0008489 -[is_a]-> GO:0035250
GO:0008490 -[is_a]-> GO:0015105
GO:0008490 -[is_a]-> GO:0015291
GO:0008493 -[is_a]-> GO:0042895
GO:0008493 -[part_of]-> GO:0015904
GO:0008494 -[is_a]-> GO:0090079
GO:0008494 -[part_of]-> GO:0045727
GO:0008495 -[is_a]-> GO:0004311
GO:0008496 -[is_a]-> GO:0004559
GO:0008499 -[is_a]-> GO:0035250
GO:0008499 -[is_a]-> GO:0048531
GO:0008502 -[is_a]-> GO:0004930
GO:0008503 -[is_a]-> GO:0030594
GO:0008504 -[is_a]-> GO:0022804
GO:0008504 -[is_a]-> GO:0022891
GO:0008504 -[part_of]-> GO:0015844
GO:0008506 -[is_a]-> GO:0005351
GO:0008506 -[is_a]-> GO:0008515
GO:0008507 -[is_a]-> GO:0015373
GO:0008508 -[is_a]-> GO:0005343
GO:0008508 -[is_a]-> GO:0015125
GO:0008509 -[is_a]-> GO:0015075
GO:0008509 -[part_of]-> GO:0098656
GO:0008510 -[is_a]-> GO:0015081
GO:0008510 -[is_a]-> GO:0015106
GO:0008510 -[is_a]-> GO:0015296
GO:0008511 -[is_a]-> GO:0015377
GO:0008512 -[is_a]-> GO:0008271
GO:0008512 -[is_a]-> GO:0015078
GO:0008512 -[is_a]-> GO:0015295
GO:0008512 -[is_a]-> GO:0015296
GO:0008513 -[is_a]-> GO:0015101
GO:0008513 -[is_a]-> GO:0015291
GO:0008514 -[is_a]-> GO:0008509
GO:0008514 -[part_of]-> GO:0015711
GO:0008515 -[is_a]-> GO:0015154
GO:0008515 -[part_of]-> GO:0015770
GO:0008516 -[is_a]-> GO:0015149
GO:0008516 -[is_a]-> GO:0015292
GO:0008517 -[is_a]-> GO:0051183
GO:0008517 -[is_a]-> GO:0051184
GO:0008517 -[part_of]-> GO:0015884
GO:0008518 -[is_a]-> GO:0015291
GO:0008519 -[is_a]-> GO:0008324
GO:0008519 -[part_of]-> GO:0072488
GO:0008520 -[is_a]-> GO:0008514
GO:0008520 -[is_a]-> GO:0015081
GO:0008520 -[is_a]-> GO:0015229
GO:0008520 -[is_a]-> GO:0015296
GO:0008520 -[is_a]-> GO:0090482
GO:0008521 -[is_a]-> GO:0051185
GO:0008521 -[part_of]-> GO:0015876
GO:0008523 -[is_a]-> GO:0015370
GO:0008523 -[is_a]-> GO:0090482
GO:0008524 -[is_a]-> GO:0015315
GO:0008524 -[part_of]-> GO:0005355
GO:0008525 -[is_a]-> GO:0005548
GO:0008526 -[is_a]-> GO:0005548
GO:0008527 -[is_a]-> GO:0004888
GO:0008527 -[part_of]-> GO:0050912
GO:0008528 -[is_a]-> GO:0001653
GO:0008528 -[is_a]-> GO:0004930
GO:0008531 -[is_a]-> GO:0016301
GO:0008531 -[is_a]-> GO:0016773
GO:0008532 -[is_a]-> GO:0008375
GO:0008534 -[is_a]-> GO:0000702
GO:0008534 -[is_a]-> GO:0003906
GO:0008535 -[is_a]-> GO:0017004
GO:0008536 -[is_a]-> GO:0017016
GO:0008537 -[is_a]-> GO:0043234
GO:0008537 -[is_a]-> GO:0044424
GO:0008537 -[part_of]-> GO:0022624
GO:0008540 -[is_a]-> GO:0043234
GO:0008540 -[is_a]-> GO:0044424
GO:0008540 -[part_of]-> GO:0005838
GO:0008541 -[is_a]-> GO:0043234
GO:0008541 -[is_a]-> GO:0044424
GO:0008541 -[part_of]-> GO:0005838
GO:0008542 -[is_a]-> GO:0007632
GO:0008542 -[is_a]-> GO:0008306
GO:0008543 -[is_a]-> GO:0007169
GO:0008543 -[part_of]-> GO:0044344
GO:0008544 -[is_a]-> GO:0009888
GO:0008545 -[is_a]-> GO:0004708
GO:0008545 -[part_of]-> GO:0007257
GO:0008551 -[is_a]-> GO:0015086
GO:0008551 -[is_a]-> GO:0015662
GO:0008551 -[is_a]-> GO:0019829
GO:0008553 -[is_a]-> GO:0015078
GO:0008553 -[is_a]-> GO:0015662
GO:0008553 -[is_a]-> GO:0036442
GO:0008554 -[is_a]-> GO:0015081
GO:0008554 -[is_a]-> GO:0015662
GO:0008554 -[is_a]-> GO:0019829
GO:0008555 -[is_a]-> GO:0015108
GO:0008555 -[is_a]-> GO:0015662
GO:0008556 -[is_a]-> GO:0015079
GO:0008556 -[is_a]-> GO:0015662
GO:0008556 -[is_a]-> GO:0019829
GO:0008558 -[is_a]-> GO:0015208
GO:0008558 -[is_a]-> GO:0042626
GO:0008559 -[is_a]-> GO:0015238
GO:0008559 -[is_a]-> GO:0042626
GO:0008559 -[is_a]-> GO:0042910
GO:0008564 -[is_a]-> GO:0015462
GO:0008565 -[is_a]-> GO:0022892
GO:0008565 -[part_of]-> GO:0015031
GO:0008566 -[is_a]-> GO:0015462
GO:0008568 -[is_a]-> GO:0042623
GO:0008569 -[is_a]-> GO:0016887
GO:0008569 -[is_a]-> GO:1990939
GO:0008574 -[is_a]-> GO:0016887
GO:0008574 -[is_a]-> GO:1990939
GO:0008579 -[is_a]-> GO:0008138
GO:0008582 -[is_a]-> GO:0048638
GO:0008582 -[is_a]-> GO:0051963
GO:0008582 -[is_a]-> GO:1904396
GO:0008582 -[regulates]-> GO:0051124
GO:0008583 -[is_a]-> GO:0030154
GO:0008583 -[part_of]-> GO:0001745
GO:0008584 -[is_a]-> GO:0008406
GO:0008584 -[part_of]-> GO:0046546
GO:0008585 -[is_a]-> GO:0008406
GO:0008585 -[part_of]-> GO:0046545
GO:0008586 -[is_a]-> GO:0009886
GO:0008586 -[is_a]-> GO:0044767
GO:0008586 -[part_of]-> GO:0007476
GO:0008587 -[is_a]-> GO:0009886
GO:0008587 -[is_a]-> GO:0044767
GO:0008587 -[part_of]-> GO:0007476
GO:0008588 -[is_a]-> GO:0042346
GO:0008588 -[is_a]-> GO:0048523
GO:0008588 -[is_a]-> GO:0065008
GO:0008588 -[is_a]-> GO:1903828
GO:0008588 -[negatively_regulates]-> GO:0007253
GO:0008588 -[part_of]-> GO:0007249
GO:0008589 -[is_a]-> GO:0009966
GO:0008589 -[regulates]-> GO:0007224
GO:0008591 -[is_a]-> GO:2000050
GO:0008591 -[regulates]-> GO:0007223
GO:0008592 -[is_a]-> GO:0009966
GO:0008592 -[regulates]-> GO:0008063
GO:0008593 -[is_a]-> GO:0009966
GO:0008593 -[regulates]-> GO:0007219
GO:0008594 -[is_a]-> GO:0048667
GO:0008594 -[part_of]-> GO:0042461
GO:0008595 -[is_a]-> GO:0000578
GO:0008595 -[is_a]-> GO:0009948
GO:0008595 -[part_of]-> GO:0007351
GO:0008597 -[is_a]-> GO:0019888
GO:0008597 -[regulates]-> GO:0004723
GO:0008603 -[is_a]-> GO:0019887
GO:0008603 -[regulates]-> GO:0004691
GO:0008607 -[is_a]-> GO:0019887
GO:0008607 -[regulates]-> GO:0004689
GO:0008608 -[is_a]-> GO:0022402
GO:0008608 -[has_part]-> GO:0008017
GO:0008608 -[part_of]-> GO:0098813
GO:0008609 -[is_a]-> GO:0016765
GO:0008610 -[is_a]-> GO:0006629
GO:0008610 -[is_a]-> GO:0044711
GO:0008610 -[is_a]-> GO:1901576
GO:0008611 -[is_a]-> GO:0046485
GO:0008611 -[is_a]-> GO:0046504
GO:0008611 -[is_a]-> GO:0097384
GO:0008612 -[is_a]-> GO:0009058
GO:0008612 -[is_a]-> GO:0018205
GO:0008613 -[is_a]-> GO:0005179
GO:0008614 -[is_a]-> GO:0006725
GO:0008614 -[is_a]-> GO:0042816
GO:0008614 -[is_a]-> GO:1901615
GO:0008615 -[is_a]-> GO:0008614
GO:0008615 -[is_a]-> GO:0019438
GO:0008615 -[is_a]-> GO:0042819
GO:0008615 -[is_a]-> GO:1901617
GO:0008616 -[is_a]-> GO:0042455
GO:0008616 -[is_a]-> GO:0046116
GO:0008617 -[is_a]-> GO:1901068
GO:0008618 -[is_a]-> GO:1901068
GO:0008622 -[is_a]-> GO:0042575
GO:0008622 -[is_a]-> GO:0044454
GO:0008622 -[part_of]-> GO:0000109
GO:0008622 -[part_of]-> GO:0043601
GO:0008623 -[is_a]-> GO:0031010
GO:0008625 -[is_a]-> GO:0097191
GO:0008626 -[is_a]-> GO:0097190
GO:0008627 -[is_a]-> GO:0071470
GO:0008627 -[is_a]-> GO:0097193
GO:0008628 -[is_a]-> GO:0009755
GO:0008628 -[is_a]-> GO:0097190
GO:0008630 -[is_a]-> GO:0006974
GO:0008630 -[is_a]-> GO:0097193
GO:0008631 -[is_a]-> GO:0097193
GO:0008631 -[part_of]-> GO:0036473
GO:0008635 -[is_a]-> GO:0006919
GO:0008637 -[is_a]-> GO:0007005
GO:0008637 -[part_of]-> GO:0006915
GO:0008641 -[is_a]-> GO:0016877
GO:0008643 -[is_a]-> GO:0044765
GO:0008643 -[is_a]-> GO:0071702
GO:0008645 -[is_a]-> GO:0015749
GO:0008646 -[is_a]-> GO:0035428
GO:0008647 -[is_a]-> GO:0035428
GO:0008649 -[is_a]-> GO:0008173
GO:0008649 -[is_a]-> GO:0008757
GO:0008649 -[part_of]-> GO:0031167
GO:0008650 -[is_a]-> GO:0008171
GO:0008650 -[is_a]-> GO:0016436
GO:0008652 -[is_a]-> GO:0006520
GO:0008652 -[is_a]-> GO:0046394
GO:0008652 -[is_a]-> GO:1901566
GO:0008653 -[is_a]-> GO:0044255
GO:0008653 -[is_a]-> GO:0044264
GO:0008653 -[is_a]-> GO:0044723
GO:0008653 -[is_a]-> GO:1903509
GO:0008654 -[is_a]-> GO:0006644
GO:0008654 -[is_a]-> GO:0008610
GO:0008654 -[is_a]-> GO:0044249
GO:0008654 -[is_a]-> GO:0090407
GO:0008655 -[is_a]-> GO:0034654
GO:0008655 -[is_a]-> GO:0043094
GO:0008655 -[is_a]-> GO:0072528
GO:0008656 -[is_a]-> GO:0016505
GO:0008656 -[is_a]-> GO:0043028
GO:0008656 -[part_of]-> GO:0006919
GO:0008657 -[is_a]-> GO:0042030
GO:0008657 -[is_a]-> GO:0072586
GO:0008657 -[negatively_regulates]-> GO:0003918
GO:0008657 -[part_of]-> GO:2000372
GO:0008658 -[is_a]-> GO:0008144
GO:0008658 -[is_a]-> GO:0033218
GO:0008658 -[is_a]-> GO:0043177
GO:0008658 -[is_a]-> GO:0097159
GO:0008658 -[is_a]-> GO:1901363
GO:0008658 -[is_a]-> GO:1901681
GO:0008659 -[is_a]-> GO:0016836
GO:0008660 -[is_a]-> GO:0016810
GO:0008660 -[is_a]-> GO:0019239
GO:0008661 -[is_a]-> GO:0016744
GO:0008662 -[is_a]-> GO:0008443
GO:0008663 -[is_a]-> GO:0004112
GO:0008664 -[is_a]-> GO:0008452
GO:0008665 -[is_a]-> GO:0016740
GO:0008666 -[is_a]-> GO:0016749
GO:0008667 -[is_a]-> GO:0016628
GO:0008668 -[is_a]-> GO:0070566
GO:0008670 -[is_a]-> GO:0016628
GO:0008671 -[is_a]-> GO:0016773
GO:0008671 -[is_a]-> GO:0019200
GO:0008672 -[is_a]-> GO:0016832
GO:0008673 -[is_a]-> GO:0016773
GO:0008673 -[is_a]-> GO:0019200
GO:0008674 -[is_a]-> GO:0016832
GO:0008675 -[is_a]-> GO:0016832
GO:0008676 -[is_a]-> GO:0016765
GO:0008677 -[is_a]-> GO:0016616
GO:0008678 -[is_a]-> GO:0016616
GO:0008679 -[is_a]-> GO:0016616
GO:0008681 -[is_a]-> GO:0016705
GO:0008682 -[is_a]-> GO:0016491
GO:0008683 -[is_a]-> GO:0016831
GO:0008684 -[is_a]-> GO:0016836
GO:0008685 -[is_a]-> GO:0016849
GO:0008686 -[is_a]-> GO:0016830
GO:0008687 -[is_a]-> GO:0016702
GO:0008688 -[is_a]-> GO:0016709
GO:0008689 -[is_a]-> GO:0008757
GO:0008689 -[is_a]-> GO:0061542
GO:0008690 -[is_a]-> GO:0070567
GO:0008691 -[is_a]-> GO:0016616
GO:0008692 -[is_a]-> GO:0016856
GO:0008693 -[is_a]-> GO:0019171
GO:0008694 -[is_a]-> GO:0016831
GO:0008695 -[is_a]-> GO:0016708
GO:0008696 -[is_a]-> GO:0016833
GO:0008697 -[is_a]-> GO:0016861
GO:0008700 -[is_a]-> GO:0016832
GO:0008700 -[is_a]-> GO:0016833
GO:0008701 -[is_a]-> GO:0016833
GO:0008703 -[is_a]-> GO:0016616
GO:0008704 -[is_a]-> GO:0016863
GO:0008705 -[is_a]-> GO:0008172
GO:0008705 -[is_a]-> GO:0042084
GO:0008705 -[part_of]-> GO:0009086
GO:0008706 -[is_a]-> GO:0008422
GO:0008707 -[is_a]-> GO:0016791
GO:0008709 -[is_a]-> GO:0033764
GO:0008710 -[is_a]-> GO:0016747
GO:0008712 -[is_a]-> GO:0016857
GO:0008713 -[is_a]-> GO:0008920
GO:0008714 -[is_a]-> GO:0016799
GO:0008715 -[is_a]-> GO:0016462
GO:0008716 -[is_a]-> GO:0016881
GO:0008718 -[is_a]-> GO:0016638
GO:0008719 -[is_a]-> GO:0016853
GO:0008720 -[is_a]-> GO:0004457
GO:0008720 -[is_a]-> GO:0016616
GO:0008721 -[is_a]-> GO:0016841
GO:0008725 -[is_a]-> GO:0043733
GO:0008726 -[is_a]-> GO:0016712
GO:0008727 -[is_a]-> GO:0015923
GO:0008728 -[is_a]-> GO:0016778
GO:0008730 -[is_a]-> GO:0016836
GO:0008732 -[is_a]-> GO:0004793
GO:0008733 -[is_a]-> GO:0016861
GO:0008734 -[is_a]-> GO:0001716
GO:0008734 -[is_a]-> GO:0015922
GO:0008735 -[is_a]-> GO:0016836
GO:0008736 -[is_a]-> GO:0016861
GO:0008737 -[is_a]-> GO:0016773
GO:0008737 -[is_a]-> GO:0019200
GO:0008738 -[is_a]-> GO:0016832
GO:0008740 -[is_a]-> GO:0016861
GO:0008741 -[is_a]-> GO:0016773
GO:0008741 -[is_a]-> GO:0019200
GO:0008742 -[is_a]-> GO:0016857
GO:0008743 -[is_a]-> GO:0016616
GO:0008744 -[is_a]-> GO:0004856
GO:0008745 -[is_a]-> GO:0016811
GO:0008745 -[is_a]-> GO:0061783
GO:0008746 -[is_a]-> GO:0016652
GO:0008747 -[is_a]-> GO:0016833
GO:0008748 -[is_a]-> GO:0016628
GO:0008750 -[is_a]-> GO:0008746
GO:0008752 -[is_a]-> GO:0016646
GO:0008753 -[is_a]-> GO:0016655
GO:0008754 -[is_a]-> GO:0016874
GO:0008755 -[is_a]-> GO:0016758
GO:0008756 -[is_a]-> GO:0016405
GO:0008756 -[is_a]-> GO:0016878
GO:0008757 -[is_a]-> GO:0008168
GO:0008758 -[is_a]-> GO:0016462
GO:0008759 -[is_a]-> GO:0016811
GO:0008759 -[is_a]-> GO:0019213
GO:0008760 -[is_a]-> GO:0016765
GO:0008761 -[is_a]-> GO:0016857
GO:0008762 -[is_a]-> GO:0016616
GO:0008763 -[is_a]-> GO:0016881
GO:0008764 -[is_a]-> GO:0016881
GO:0008765 -[is_a]-> GO:0016881
GO:0008766 -[is_a]-> GO:0016881
GO:0008767 -[is_a]-> GO:0016866
GO:0008768 -[is_a]-> GO:0016462
GO:0008770 -[is_a]-> GO:0008081
GO:0008771 -[is_a]-> GO:0016878
GO:0008772 -[is_a]-> GO:0004672
GO:0008773 -[is_a]-> GO:0070569
GO:0008774 -[is_a]-> GO:0016620
GO:0008775 -[is_a]-> GO:0008410
GO:0008776 -[is_a]-> GO:0016301
GO:0008776 -[is_a]-> GO:0016774
GO:0008777 -[is_a]-> GO:0016811
GO:0008777 -[is_a]-> GO:0019213
GO:0008779 -[is_a]-> GO:0008374
GO:0008780 -[is_a]-> GO:0008374
GO:0008781 -[is_a]-> GO:0070567
GO:0008782 -[is_a]-> GO:0016799
GO:0008783 -[is_a]-> GO:0016813
GO:0008784 -[is_a]-> GO:0047661
GO:0008785 -[is_a]-> GO:0016668
GO:0008786 -[is_a]-> GO:0016861
GO:0008787 -[is_a]-> GO:0016773
GO:0008787 -[is_a]-> GO:0019200
GO:0008788 -[is_a]-> GO:0015927
GO:0008789 -[is_a]-> GO:0016836
GO:0008790 -[is_a]-> GO:0016861
GO:0008791 -[is_a]-> GO:0016749
GO:0008792 -[is_a]-> GO:0016831
GO:0008793 -[is_a]-> GO:0008483
GO:0008794 -[is_a]-> GO:0030611
GO:0008794 -[is_a]-> GO:0030614
GO:0008795 -[is_a]-> GO:0016880
GO:0008796 -[is_a]-> GO:0004551
GO:0008797 -[is_a]-> GO:0016841
GO:0008798 -[is_a]-> GO:0008242
GO:0008800 -[is_a]-> GO:0016812
GO:0008801 -[is_a]-> GO:0016868
GO:0008802 -[is_a]-> GO:0004029
GO:0008803 -[is_a]-> GO:0008796
GO:0008804 -[is_a]-> GO:0016301
GO:0008804 -[is_a]-> GO:0016774
GO:0008805 -[is_a]-> GO:0016622
GO:0008806 -[is_a]-> GO:0052689
GO:0008807 -[is_a]-> GO:0016780
GO:0008808 -[is_a]-> GO:0030572
GO:0008809 -[is_a]-> GO:0016856
GO:0008810 -[is_a]-> GO:0004553
GO:0008811 -[is_a]-> GO:0016413
GO:0008812 -[is_a]-> GO:0016614
GO:0008813 -[is_a]-> GO:0016833
GO:0008814 -[is_a]-> GO:0008410
GO:0008815 -[is_a]-> GO:0016833
GO:0008816 -[is_a]-> GO:0016833
GO:0008817 -[is_a]-> GO:0016765
GO:0008818 -[is_a]-> GO:0016780
GO:0008819 -[is_a]-> GO:0016301
GO:0008819 -[is_a]-> GO:0016773
GO:0008820 -[is_a]-> GO:0070568
GO:0008821 -[is_a]-> GO:0016889
GO:0008823 -[is_a]-> GO:0016723
GO:0008824 -[is_a]-> GO:0016840
GO:0008825 -[is_a]-> GO:0008757
GO:0008826 -[is_a]-> GO:0016846
GO:0008827 -[is_a]-> GO:0015002
GO:0008827 -[is_a]-> GO:0016682
GO:0008828 -[is_a]-> GO:0047429
GO:0008829 -[is_a]-> GO:0016814
GO:0008829 -[is_a]-> GO:0019239
GO:0008830 -[is_a]-> GO:0016857
GO:0008831 -[is_a]-> GO:0016616
GO:0008832 -[is_a]-> GO:0016793
GO:0008833 -[is_a]-> GO:0016888
GO:0008834 -[is_a]-> GO:0004659
GO:0008835 -[is_a]-> GO:0016814
GO:0008835 -[is_a]-> GO:0019239
GO:0008836 -[is_a]-> GO:0016831
GO:0008837 -[is_a]-> GO:0047661
GO:0008838 -[is_a]-> GO:0016841
GO:0008839 -[is_a]-> GO:0016628
GO:0008840 -[is_a]-> GO:0016836
GO:0008841 -[is_a]-> GO:0016881
GO:0008841 -[part_of]-> GO:0006761
GO:0008842 -[is_a]-> GO:0016773
GO:0008842 -[is_a]-> GO:0019206
GO:0008843 -[is_a]-> GO:0004568
GO:0008847 -[is_a]-> GO:0016892
GO:0008849 -[is_a]-> GO:0016788
GO:0008851 -[is_a]-> GO:0016841
GO:0008852 -[is_a]-> GO:0016895
GO:0008853 -[is_a]-> GO:0016895
GO:0008854 -[is_a]-> GO:0016895
GO:0008855 -[is_a]-> GO:0016895
GO:0008856 -[is_a]-> GO:0016895
GO:0008859 -[is_a]-> GO:0008408
GO:0008859 -[is_a]-> GO:0016896
GO:0008860 -[is_a]-> GO:0016731
GO:0008861 -[is_a]-> GO:0016453
GO:0008863 -[is_a]-> GO:0016620
GO:0008864 -[is_a]-> GO:0016811
GO:0008865 -[is_a]-> GO:0004396
GO:0008866 -[is_a]-> GO:0016616
GO:0008867 -[is_a]-> GO:0016836
GO:0008868 -[is_a]-> GO:0016616
GO:0008869 -[is_a]-> GO:0016836
GO:0008870 -[is_a]-> GO:0016413
GO:0008871 -[is_a]-> GO:0034068
GO:0008872 -[is_a]-> GO:0016836
GO:0008873 -[is_a]-> GO:0008875
GO:0008874 -[is_a]-> GO:0008875
GO:0008875 -[is_a]-> GO:0016616
GO:0008876 -[is_a]-> GO:0004344
GO:0008876 -[is_a]-> GO:0016901
GO:0008877 -[is_a]-> GO:0050308
GO:0008878 -[is_a]-> GO:0070566
GO:0008879 -[is_a]-> GO:0016779
GO:0008880 -[is_a]-> GO:0016861
GO:0008881 -[is_a]-> GO:0047661
GO:0008882 -[is_a]-> GO:0070566
GO:0008883 -[is_a]-> GO:0016620
GO:0008884 -[is_a]-> GO:0016811
GO:0008885 -[is_a]-> GO:0016880
GO:0008886 -[is_a]-> GO:0016620
GO:0008887 -[is_a]-> GO:0016301
GO:0008887 -[is_a]-> GO:0016773
GO:0008888 -[is_a]-> GO:0016616
GO:0008889 -[is_a]-> GO:0008081
GO:0008890 -[is_a]-> GO:0016453
GO:0008891 -[is_a]-> GO:0003973
GO:0008892 -[is_a]-> GO:0016814
GO:0008892 -[is_a]-> GO:0019239
GO:0008893 -[is_a]-> GO:0016794
GO:0008894 -[is_a]-> GO:0016462
GO:0008897 -[is_a]-> GO:0016780
GO:0008898 -[is_a]-> GO:0008172
GO:0008898 -[is_a]-> GO:0008757
GO:0008899 -[is_a]-> GO:0016750
GO:0008900 -[is_a]-> GO:0008556
GO:0008900 -[is_a]-> GO:0015078
GO:0008901 -[is_a]-> GO:0016699
GO:0008902 -[is_a]-> GO:0016301
GO:0008902 -[is_a]-> GO:0016773
GO:0008903 -[is_a]-> GO:0016861
GO:0008904 -[is_a]-> GO:0034071
GO:0008905 -[is_a]-> GO:0070568
GO:0008906 -[is_a]-> GO:0016301
GO:0008906 -[is_a]-> GO:0016773
GO:0008907 -[is_a]-> GO:0003824
GO:0008907 -[part_of]-> GO:0015074
GO:0008908 -[is_a]-> GO:0004463
GO:0008909 -[is_a]-> GO:0050486
GO:0008910 -[is_a]-> GO:0034071
GO:0008911 -[is_a]-> GO:0004029
GO:0008912 -[is_a]-> GO:0016616
GO:0008913 -[is_a]-> GO:0016747
GO:0008914 -[is_a]-> GO:0016755
GO:0008915 -[is_a]-> GO:0008194
GO:0008915 -[is_a]-> GO:0016758
GO:0008917 -[is_a]-> GO:0008375
GO:0008917 -[part_of]-> GO:0009103
GO:0008918 -[is_a]-> GO:0035250
GO:0008918 -[part_of]-> GO:0009103
GO:0008919 -[is_a]-> GO:0035251
GO:0008919 -[part_of]-> GO:0009103
GO:0008920 -[is_a]-> GO:0016757
GO:0008921 -[is_a]-> GO:0035250
GO:0008922 -[is_a]-> GO:0015645
GO:0008922 -[is_a]-> GO:0016878
GO:0008923 -[is_a]-> GO:0016831
GO:0008924 -[is_a]-> GO:0016615
GO:0008924 -[is_a]-> GO:0016901
GO:0008925 -[is_a]-> GO:0016413
GO:0008926 -[is_a]-> GO:0016616
GO:0008927 -[is_a]-> GO:0016836
GO:0008928 -[is_a]-> GO:0008905
GO:0008929 -[is_a]-> GO:0016838
GO:0008930 -[is_a]-> GO:0008477
GO:0008932 -[is_a]-> GO:0008933
GO:0008933 -[is_a]-> GO:0016757
GO:0008933 -[is_a]-> GO:0061783
GO:0008934 -[is_a]-> GO:0052834
GO:0008935 -[is_a]-> GO:0016833
GO:0008936 -[is_a]-> GO:0016811
GO:0008937 -[is_a]-> GO:0016731
GO:0008938 -[is_a]-> GO:0008170
GO:0008938 -[is_a]-> GO:0008757
GO:0008939 -[is_a]-> GO:0016763
GO:0008940 -[is_a]-> GO:0016661
GO:0008941 -[is_a]-> GO:0016708
GO:0008942 -[is_a]-> GO:0046857
GO:0008942 -[is_a]-> GO:0098809
GO:0008946 -[is_a]-> GO:0004518
GO:0008948 -[is_a]-> GO:0016831
GO:0008949 -[is_a]-> GO:0016831
GO:0008951 -[is_a]-> GO:0016747
GO:0008953 -[is_a]-> GO:0016811
GO:0008955 -[is_a]-> GO:0016758
GO:0008957 -[is_a]-> GO:0004029
GO:0008959 -[is_a]-> GO:0016407
GO:0008960 -[is_a]-> GO:0016780
GO:0008961 -[is_a]-> GO:0016757
GO:0008962 -[is_a]-> GO:0016791
GO:0008963 -[is_a]-> GO:0016780
GO:0008964 -[is_a]-> GO:0004611
GO:0008965 -[is_a]-> GO:0016775
GO:0008966 -[is_a]-> GO:0016868
GO:0008967 -[is_a]-> GO:0016791
GO:0008968 -[is_a]-> GO:0016868
GO:0008969 -[is_a]-> GO:0016791
GO:0008970 -[is_a]-> GO:0004620
GO:0008970 -[is_a]-> GO:0052689
GO:0008972 -[is_a]-> GO:0016301
GO:0008972 -[is_a]-> GO:0016776
GO:0008973 -[is_a]-> GO:0016868
GO:0008974 -[is_a]-> GO:0016301
GO:0008974 -[is_a]-> GO:0016773
GO:0008976 -[is_a]-> GO:0016301
GO:0008976 -[is_a]-> GO:0016776
GO:0008977 -[is_a]-> GO:0016628
GO:0008979 -[is_a]-> GO:0008907
GO:0008979 -[is_a]-> GO:0009009
GO:0008979 -[part_of]-> GO:0075713
GO:0008980 -[is_a]-> GO:0016301
GO:0008980 -[is_a]-> GO:0016774
GO:0008982 -[is_a]-> GO:0015144
GO:0008982 -[is_a]-> GO:0016773
GO:0008982 -[is_a]-> GO:0022804
GO:0008983 -[is_a]-> GO:0008757
GO:0008983 -[is_a]-> GO:0051998
GO:0008984 -[is_a]-> GO:0051723
GO:0008986 -[is_a]-> GO:0016301
GO:0008986 -[is_a]-> GO:0016781
GO:0008987 -[is_a]-> GO:0003824
GO:0008987 -[part_of]-> GO:0019805
GO:0008988 -[is_a]-> GO:0008170
GO:0008988 -[is_a]-> GO:0016433
GO:0008989 -[is_a]-> GO:0008170
GO:0008989 -[is_a]-> GO:0016435
GO:0008990 -[is_a]-> GO:0008170
GO:0008990 -[is_a]-> GO:0016435
GO:0008993 -[is_a]-> GO:0016773
GO:0008993 -[is_a]-> GO:0019200
GO:0008994 -[is_a]-> GO:0016832
GO:0008995 -[is_a]-> GO:0004540
GO:0008996 -[is_a]-> GO:0004540
GO:0008997 -[is_a]-> GO:0004540
GO:0008998 -[is_a]-> GO:0016728
GO:0008999 -[is_a]-> GO:0004596
GO:0009000 -[is_a]-> GO:0016846
GO:0009001 -[is_a]-> GO:0016412
GO:0009001 -[is_a]-> GO:0016413
GO:0009002 -[is_a]-> GO:0004185
GO:0009007 -[is_a]-> GO:0008757
GO:0009007 -[is_a]-> GO:0009008
GO:0009007 -[part_of]-> GO:0032775
GO:0009008 -[is_a]-> GO:0008168
GO:0009008 -[part_of]-> GO:0006306
GO:0009009 -[is_a]-> GO:0003824
GO:0009010 -[is_a]-> GO:0016616
GO:0009011 -[is_a]-> GO:0046527
GO:0009012 -[is_a]-> GO:0034068
GO:0009013 -[is_a]-> GO:0016620
GO:0009014 -[is_a]-> GO:0016811
GO:0009015 -[is_a]-> GO:0016813
GO:0009016 -[is_a]-> GO:0008483
GO:0009017 -[is_a]-> GO:0016811
GO:0009018 -[is_a]-> GO:0004645
GO:0009019 -[is_a]-> GO:0016423
GO:0009020 -[is_a]-> GO:0016423
GO:0009022 -[is_a]-> GO:0016779
GO:0009024 -[is_a]-> GO:0016301
GO:0009024 -[is_a]-> GO:0016773
GO:0009025 -[is_a]-> GO:0016832
GO:0009026 -[is_a]-> GO:0016616
GO:0009027 -[is_a]-> GO:0016616
GO:0009028 -[is_a]-> GO:0016831
GO:0009029 -[is_a]-> GO:0016301
GO:0009029 -[is_a]-> GO:0016773
GO:0009030 -[is_a]-> GO:0016301
GO:0009030 -[is_a]-> GO:0016776
GO:0009032 -[is_a]-> GO:0016763
GO:0009033 -[is_a]-> GO:0016657
GO:0009034 -[is_a]-> GO:0016830
GO:0009034 -[part_of]-> GO:0006569
GO:0009035 -[is_a]-> GO:0015666
GO:0009035 -[is_a]-> GO:0016888
GO:0009036 -[is_a]-> GO:0015666
GO:0009036 -[is_a]-> GO:0016888
GO:0009037 -[is_a]-> GO:0008907
GO:0009037 -[is_a]-> GO:0009009
GO:0009038 -[is_a]-> GO:0016301
GO:0009038 -[is_a]-> GO:0016773
GO:0009039 -[is_a]-> GO:0016811
GO:0009040 -[is_a]-> GO:0016616
GO:0009041 -[is_a]-> GO:0016776
GO:0009041 -[is_a]-> GO:0019201
GO:0009042 -[is_a]-> GO:0008483
GO:0009044 -[is_a]-> GO:0097599
GO:0009045 -[is_a]-> GO:0016861
GO:0009046 -[is_a]-> GO:0004181
GO:0009047 -[is_a]-> GO:0007549
GO:0009048 -[is_a]-> GO:0007549
GO:0009050 -[is_a]-> GO:0043171
GO:0009050 -[is_a]-> GO:1901136
GO:0009051 -[is_a]-> GO:0006739
GO:0009051 -[is_a]-> GO:0051156
GO:0009051 -[has_part]-> GO:0004341
GO:0009051 -[has_part]-> GO:0006740
GO:0009051 -[part_of]-> GO:0006098
GO:0009052 -[is_a]-> GO:0019682
GO:0009052 -[is_a]-> GO:0019693
GO:0009052 -[has_part]-> GO:0004750
GO:0009052 -[has_part]-> GO:0004751
GO:0009052 -[has_part]-> GO:0004801
GO:0009052 -[has_part]-> GO:0004802
GO:0009052 -[part_of]-> GO:0006098
GO:0009055 -[is_a]-> GO:0003674
GO:0009056 -[is_a]-> GO:0008152
GO:0009057 -[is_a]-> GO:0043170
GO:0009057 -[is_a]-> GO:1901575
GO:0009058 -[is_a]-> GO:0008152
GO:0009059 -[is_a]-> GO:0043170
GO:0009059 -[is_a]-> GO:1901576
GO:0009060 -[is_a]-> GO:0045333
GO:0009061 -[is_a]-> GO:0045333
GO:0009062 -[is_a]-> GO:0006631
GO:0009062 -[is_a]-> GO:0044242
GO:0009062 -[is_a]-> GO:0072329
GO:0009063 -[is_a]-> GO:0006520
GO:0009063 -[is_a]-> GO:0046395
GO:0009063 -[is_a]-> GO:1901565
GO:0009064 -[is_a]-> GO:1901605
GO:0009065 -[is_a]-> GO:0009064
GO:0009065 -[is_a]-> GO:1901606
GO:0009066 -[is_a]-> GO:1901605
GO:0009067 -[is_a]-> GO:0009066
GO:0009067 -[is_a]-> GO:1901607
GO:0009068 -[is_a]-> GO:0009066
GO:0009068 -[is_a]-> GO:1901606
GO:0009069 -[is_a]-> GO:1901605
GO:0009070 -[is_a]-> GO:0009069
GO:0009070 -[is_a]-> GO:1901607
GO:0009071 -[is_a]-> GO:0009069
GO:0009071 -[is_a]-> GO:1901606
GO:0009072 -[is_a]-> GO:0006082
GO:0009072 -[is_a]-> GO:0006725
GO:0009072 -[is_a]-> GO:1901360
GO:0009072 -[is_a]-> GO:1901564
GO:0009073 -[is_a]-> GO:0009072
GO:0009073 -[is_a]-> GO:0016053
GO:0009073 -[is_a]-> GO:0019438
GO:0009073 -[is_a]-> GO:1901362
GO:0009073 -[is_a]-> GO:1901566
GO:0009074 -[is_a]-> GO:0009072
GO:0009074 -[is_a]-> GO:0016054
GO:0009074 -[is_a]-> GO:0019439
GO:0009074 -[is_a]-> GO:1901361
GO:0009074 -[is_a]-> GO:1901565
GO:0009078 -[is_a]-> GO:1901605
GO:0009079 -[is_a]-> GO:0009078
GO:0009079 -[is_a]-> GO:1901607
GO:0009080 -[is_a]-> GO:0009078
GO:0009080 -[is_a]-> GO:1901606
GO:0009081 -[is_a]-> GO:0006082
GO:0009081 -[is_a]-> GO:1901564
GO:0009082 -[is_a]-> GO:0009081
GO:0009082 -[is_a]-> GO:0016053
GO:0009082 -[is_a]-> GO:1901566
GO:0009083 -[is_a]-> GO:0009081
GO:0009083 -[is_a]-> GO:0016054
GO:0009083 -[is_a]-> GO:1901565
GO:0009084 -[is_a]-> GO:0009064
GO:0009084 -[is_a]-> GO:1901607
GO:0009085 -[is_a]-> GO:0006553
GO:0009085 -[is_a]-> GO:0008652
GO:0009085 -[is_a]-> GO:0009067
GO:0009086 -[is_a]-> GO:0006555
GO:0009086 -[is_a]-> GO:0008652
GO:0009086 -[is_a]-> GO:0009067
GO:0009087 -[is_a]-> GO:0006555
GO:0009087 -[is_a]-> GO:0009063
GO:0009087 -[is_a]-> GO:0009068
GO:0009088 -[is_a]-> GO:0006566
GO:0009088 -[is_a]-> GO:0008652
GO:0009088 -[is_a]-> GO:0009067
GO:0009089 -[is_a]-> GO:0009085
GO:0009089 -[is_a]-> GO:0046451
GO:0009090 -[is_a]-> GO:0008652
GO:0009090 -[is_a]-> GO:0009070
GO:0009090 -[is_a]-> GO:0009092
GO:0009091 -[is_a]-> GO:0009063
GO:0009091 -[is_a]-> GO:0009071
GO:0009091 -[is_a]-> GO:0009092
GO:0009092 -[is_a]-> GO:0006520
GO:0009092 -[is_a]-> GO:0009069
GO:0009093 -[is_a]-> GO:0006534
GO:0009093 -[is_a]-> GO:0009071
GO:0009094 -[is_a]-> GO:0006558
GO:0009094 -[is_a]-> GO:0008652
GO:0009094 -[is_a]-> GO:0009095
GO:0009095 -[is_a]-> GO:0009073
GO:0009097 -[is_a]-> GO:0006549
GO:0009097 -[is_a]-> GO:0009082
GO:0009097 -[is_a]-> GO:1901607
GO:0009098 -[is_a]-> GO:0006551
GO:0009098 -[is_a]-> GO:0008652
GO:0009099 -[is_a]-> GO:0006573
GO:0009099 -[is_a]-> GO:0008652
GO:0009100 -[is_a]-> GO:0044260
GO:0009100 -[is_a]-> GO:1901135
GO:0009101 -[is_a]-> GO:0009100
GO:0009101 -[is_a]-> GO:0034645
GO:0009101 -[is_a]-> GO:1901137
GO:0009102 -[is_a]-> GO:0006768
GO:0009102 -[is_a]-> GO:0042364
GO:0009102 -[is_a]-> GO:0072330
GO:0009103 -[is_a]-> GO:0008610
GO:0009103 -[is_a]-> GO:0008653
GO:0009103 -[is_a]-> GO:0033692
GO:0009103 -[is_a]-> GO:1901137
GO:0009104 -[is_a]-> GO:0008653
GO:0009104 -[is_a]-> GO:0044242
GO:0009104 -[is_a]-> GO:0044247
GO:0009104 -[is_a]-> GO:0044724
GO:0009104 -[is_a]-> GO:1901136
GO:0009106 -[is_a]-> GO:0006631
GO:0009106 -[is_a]-> GO:0006732
GO:0009107 -[is_a]-> GO:0006633
GO:0009107 -[is_a]-> GO:0009106
GO:0009107 -[is_a]-> GO:0009108
GO:0009108 -[is_a]-> GO:0006732
GO:0009108 -[is_a]-> GO:0051188
GO:0009109 -[is_a]-> GO:0006732
GO:0009109 -[is_a]-> GO:0051187
GO:0009110 -[is_a]-> GO:0006766
GO:0009110 -[is_a]-> GO:0044249
GO:0009110 -[is_a]-> GO:0044283
GO:0009110 -[is_a]-> GO:0044763
GO:0009111 -[is_a]-> GO:0006766
GO:0009111 -[is_a]-> GO:0044248
GO:0009111 -[is_a]-> GO:0044282
GO:0009111 -[is_a]-> GO:0044763
GO:0009112 -[is_a]-> GO:0055086
GO:0009112 -[is_a]-> GO:1901564
GO:0009113 -[is_a]-> GO:0006144
GO:0009113 -[is_a]-> GO:0046112
GO:0009113 -[is_a]-> GO:0046148
GO:0009113 -[is_a]-> GO:0072522
GO:0009114 -[is_a]-> GO:0006145
GO:0009114 -[is_a]-> GO:0046100
GO:0009115 -[is_a]-> GO:0006145
GO:0009115 -[is_a]-> GO:0046110
GO:0009116 -[is_a]-> GO:0055086
GO:0009116 -[is_a]-> GO:1901564
GO:0009116 -[is_a]-> GO:1901657
GO:0009117 -[is_a]-> GO:0006753
GO:0009118 -[is_a]-> GO:0019219
GO:0009118 -[regulates]-> GO:0009116
GO:0009119 -[is_a]-> GO:0009116
GO:0009120 -[is_a]-> GO:0009116
GO:0009123 -[is_a]-> GO:0006753
GO:0009124 -[is_a]-> GO:0009123
GO:0009124 -[is_a]-> GO:1901293
GO:0009125 -[is_a]-> GO:0009123
GO:0009125 -[is_a]-> GO:1901292
GO:0009126 -[is_a]-> GO:0009123
GO:0009127 -[is_a]-> GO:0009124
GO:0009127 -[is_a]-> GO:0009126
GO:0009128 -[is_a]-> GO:0009125
GO:0009128 -[is_a]-> GO:0009126
GO:0009129 -[is_a]-> GO:0009123
GO:0009130 -[is_a]-> GO:0009124
GO:0009130 -[is_a]-> GO:0009129
GO:0009131 -[is_a]-> GO:0009125
GO:0009131 -[is_a]-> GO:0009129
GO:0009132 -[is_a]-> GO:0006753
GO:0009133 -[is_a]-> GO:0009132
GO:0009133 -[is_a]-> GO:1901293
GO:0009134 -[is_a]-> GO:0009132
GO:0009134 -[is_a]-> GO:1901292
GO:0009135 -[is_a]-> GO:0009132
GO:0009136 -[is_a]-> GO:0009133
GO:0009136 -[is_a]-> GO:0009135
GO:0009137 -[is_a]-> GO:0009134
GO:0009137 -[is_a]-> GO:0009135
GO:0009138 -[is_a]-> GO:0009132
GO:0009139 -[is_a]-> GO:0009133
GO:0009139 -[is_a]-> GO:0009138
GO:0009140 -[is_a]-> GO:0009134
GO:0009140 -[is_a]-> GO:0009138
GO:0009141 -[is_a]-> GO:0006753
GO:0009142 -[is_a]-> GO:0009141
GO:0009142 -[is_a]-> GO:1901293
GO:0009143 -[is_a]-> GO:0009141
GO:0009143 -[is_a]-> GO:1901292
GO:0009144 -[is_a]-> GO:0009141
GO:0009145 -[is_a]-> GO:0009142
GO:0009145 -[is_a]-> GO:0009144
GO:0009146 -[is_a]-> GO:0009143
GO:0009146 -[is_a]-> GO:0009144
GO:0009147 -[is_a]-> GO:0009141
GO:0009148 -[is_a]-> GO:0009142
GO:0009148 -[is_a]-> GO:0009147
GO:0009149 -[is_a]-> GO:0009143
GO:0009149 -[is_a]-> GO:0009147
GO:0009150 -[is_a]-> GO:0006163
GO:0009150 -[is_a]-> GO:0009259
GO:0009151 -[is_a]-> GO:0006163
GO:0009151 -[is_a]-> GO:0009394
GO:0009152 -[is_a]-> GO:0006164
GO:0009152 -[is_a]-> GO:0009150
GO:0009152 -[is_a]-> GO:0009260
GO:0009153 -[is_a]-> GO:0006164
GO:0009153 -[is_a]-> GO:0009151
GO:0009153 -[is_a]-> GO:0009265
GO:0009154 -[is_a]-> GO:0006195
GO:0009154 -[is_a]-> GO:0009150
GO:0009154 -[is_a]-> GO:0009261
GO:0009155 -[is_a]-> GO:0006195
GO:0009155 -[is_a]-> GO:0009151
GO:0009155 -[is_a]-> GO:0009264
GO:0009155 -[is_a]-> GO:0046386
GO:0009156 -[is_a]-> GO:0009124
GO:0009156 -[is_a]-> GO:0009161
GO:0009157 -[is_a]-> GO:0009124
GO:0009157 -[is_a]-> GO:0009162
GO:0009158 -[is_a]-> GO:0009125
GO:0009158 -[is_a]-> GO:0009161
GO:0009159 -[is_a]-> GO:0009125
GO:0009159 -[is_a]-> GO:0009162
GO:0009161 -[is_a]-> GO:0009123
GO:0009162 -[is_a]-> GO:0009123
GO:0009163 -[is_a]-> GO:0009116
GO:0009163 -[is_a]-> GO:0034654
GO:0009163 -[is_a]-> GO:1901566
GO:0009163 -[is_a]-> GO:1901659
GO:0009164 -[is_a]-> GO:0009116
GO:0009164 -[is_a]-> GO:0034655
GO:0009164 -[is_a]-> GO:1901565
GO:0009164 -[is_a]-> GO:1901658
GO:0009165 -[is_a]-> GO:0009117
GO:0009165 -[is_a]-> GO:1901293
GO:0009166 -[is_a]-> GO:0009117
GO:0009166 -[is_a]-> GO:1901292
GO:0009167 -[is_a]-> GO:0009126
GO:0009167 -[is_a]-> GO:0009161
GO:0009168 -[is_a]-> GO:0009127
GO:0009168 -[is_a]-> GO:0009156
GO:0009168 -[is_a]-> GO:0009167
GO:0009169 -[is_a]-> GO:0009128
GO:0009169 -[is_a]-> GO:0009158
GO:0009169 -[is_a]-> GO:0009167
GO:0009170 -[is_a]-> GO:0009126
GO:0009170 -[is_a]-> GO:0009162
GO:0009171 -[is_a]-> GO:0009127
GO:0009171 -[is_a]-> GO:0009157
GO:0009171 -[is_a]-> GO:0009170
GO:0009172 -[is_a]-> GO:0009128
GO:0009172 -[is_a]-> GO:0009159
GO:0009172 -[is_a]-> GO:0009170
GO:0009173 -[is_a]-> GO:0009129
GO:0009173 -[is_a]-> GO:0009161
GO:0009174 -[is_a]-> GO:0009130
GO:0009174 -[is_a]-> GO:0009156
GO:0009174 -[is_a]-> GO:0009173
GO:0009175 -[is_a]-> GO:0009131
GO:0009175 -[is_a]-> GO:0009158
GO:0009175 -[is_a]-> GO:0009173
GO:0009176 -[is_a]-> GO:0009129
GO:0009176 -[is_a]-> GO:0009162
GO:0009177 -[is_a]-> GO:0009130
GO:0009177 -[is_a]-> GO:0009157
GO:0009177 -[is_a]-> GO:0009176
GO:0009178 -[is_a]-> GO:0009131
GO:0009178 -[is_a]-> GO:0009159
GO:0009178 -[is_a]-> GO:0009176
GO:0009179 -[is_a]-> GO:0009135
GO:0009179 -[is_a]-> GO:0009185
GO:0009180 -[is_a]-> GO:0009136
GO:0009180 -[is_a]-> GO:0009179
GO:0009180 -[is_a]-> GO:0009188
GO:0009181 -[is_a]-> GO:0009137
GO:0009181 -[is_a]-> GO:0009179
GO:0009181 -[is_a]-> GO:0009191
GO:0009182 -[is_a]-> GO:0009135
GO:0009182 -[is_a]-> GO:0009186
GO:0009183 -[is_a]-> GO:0009136
GO:0009183 -[is_a]-> GO:0009182
GO:0009183 -[is_a]-> GO:0009189
GO:0009184 -[is_a]-> GO:0009137
GO:0009184 -[is_a]-> GO:0009182
GO:0009184 -[is_a]-> GO:0009192
GO:0009185 -[is_a]-> GO:0009132
GO:0009186 -[is_a]-> GO:0009132
GO:0009187 -[is_a]-> GO:0009117
GO:0009188 -[is_a]-> GO:0009133
GO:0009188 -[is_a]-> GO:0009185
GO:0009189 -[is_a]-> GO:0009133
GO:0009189 -[is_a]-> GO:0009186
GO:0009190 -[is_a]-> GO:0009165
GO:0009190 -[is_a]-> GO:0009187
GO:0009191 -[is_a]-> GO:0009134
GO:0009191 -[is_a]-> GO:0009185
GO:0009192 -[is_a]-> GO:0009134
GO:0009192 -[is_a]-> GO:0009186
GO:0009193 -[is_a]-> GO:0009138
GO:0009193 -[is_a]-> GO:0009185
GO:0009194 -[is_a]-> GO:0009139
GO:0009194 -[is_a]-> GO:0009188
GO:0009194 -[is_a]-> GO:0009193
GO:0009195 -[is_a]-> GO:0009140
GO:0009195 -[is_a]-> GO:0009191
GO:0009195 -[is_a]-> GO:0009193
GO:0009196 -[is_a]-> GO:0009138
GO:0009196 -[is_a]-> GO:0009186
GO:0009197 -[is_a]-> GO:0009139
GO:0009197 -[is_a]-> GO:0009189
GO:0009197 -[is_a]-> GO:0009196
GO:0009198 -[is_a]-> GO:0009140
GO:0009198 -[is_a]-> GO:0009192
GO:0009198 -[is_a]-> GO:0009196
GO:0009199 -[is_a]-> GO:0009141
GO:0009200 -[is_a]-> GO:0009141
GO:0009201 -[is_a]-> GO:0009142
GO:0009201 -[is_a]-> GO:0009199
GO:0009202 -[is_a]-> GO:0009142
GO:0009202 -[is_a]-> GO:0009200
GO:0009203 -[is_a]-> GO:0009143
GO:0009203 -[is_a]-> GO:0009199
GO:0009204 -[is_a]-> GO:0009143
GO:0009204 -[is_a]-> GO:0009200
GO:0009205 -[is_a]-> GO:0009144
GO:0009205 -[is_a]-> GO:0009199
GO:0009206 -[is_a]-> GO:0009145
GO:0009206 -[is_a]-> GO:0009201
GO:0009206 -[is_a]-> GO:0009205
GO:0009207 -[is_a]-> GO:0009146
GO:0009207 -[is_a]-> GO:0009203
GO:0009207 -[is_a]-> GO:0009205
GO:0009208 -[is_a]-> GO:0009147
GO:0009208 -[is_a]-> GO:0009199
GO:0009209 -[is_a]-> GO:0009148
GO:0009209 -[is_a]-> GO:0009201
GO:0009209 -[is_a]-> GO:0009208
GO:0009210 -[is_a]-> GO:0009149
GO:0009210 -[is_a]-> GO:0009203
GO:0009210 -[is_a]-> GO:0009208
GO:0009211 -[is_a]-> GO:0009147
GO:0009211 -[is_a]-> GO:0009200
GO:0009212 -[is_a]-> GO:0009148
GO:0009212 -[is_a]-> GO:0009202
GO:0009212 -[is_a]-> GO:0009211
GO:0009213 -[is_a]-> GO:0009149
GO:0009213 -[is_a]-> GO:0009204
GO:0009213 -[is_a]-> GO:0009211
GO:0009214 -[is_a]-> GO:0009166
GO:0009214 -[is_a]-> GO:0009187
GO:0009215 -[is_a]-> GO:0009144
GO:0009215 -[is_a]-> GO:0009200
GO:0009216 -[is_a]-> GO:0009145
GO:0009216 -[is_a]-> GO:0009202
GO:0009216 -[is_a]-> GO:0009215
GO:0009217 -[is_a]-> GO:0009146
GO:0009217 -[is_a]-> GO:0009204
GO:0009217 -[is_a]-> GO:0009215
GO:0009218 -[is_a]-> GO:0006220
GO:0009218 -[is_a]-> GO:0009259
GO:0009219 -[is_a]-> GO:0006220
GO:0009219 -[is_a]-> GO:0009394
GO:0009220 -[is_a]-> GO:0006221
GO:0009220 -[is_a]-> GO:0009218
GO:0009220 -[is_a]-> GO:0009260
GO:0009221 -[is_a]-> GO:0006221
GO:0009221 -[is_a]-> GO:0009219
GO:0009221 -[is_a]-> GO:0009265
GO:0009222 -[is_a]-> GO:0006244
GO:0009222 -[is_a]-> GO:0009218
GO:0009222 -[is_a]-> GO:0009261
GO:0009223 -[is_a]-> GO:0006244
GO:0009223 -[is_a]-> GO:0009219
GO:0009223 -[is_a]-> GO:0009264
GO:0009223 -[is_a]-> GO:0046386
GO:0009224 -[is_a]-> GO:0009174
GO:0009224 -[is_a]-> GO:0009220
GO:0009224 -[is_a]-> GO:0046035
GO:0009224 -[is_a]-> GO:0046132
GO:0009225 -[is_a]-> GO:0006139
GO:0009225 -[is_a]-> GO:1901135
GO:0009226 -[is_a]-> GO:0009225
GO:0009226 -[is_a]-> GO:0034654
GO:0009226 -[is_a]-> GO:1901137
GO:0009227 -[is_a]-> GO:0009225
GO:0009227 -[is_a]-> GO:0034655
GO:0009227 -[is_a]-> GO:1901136
GO:0009228 -[is_a]-> GO:0006772
GO:0009228 -[is_a]-> GO:0042724
GO:0009229 -[is_a]-> GO:0009108
GO:0009229 -[is_a]-> GO:0019438
GO:0009229 -[is_a]-> GO:0042357
GO:0009229 -[is_a]-> GO:0072528
GO:0009229 -[is_a]-> GO:0090407
GO:0009230 -[is_a]-> GO:0006772
GO:0009230 -[is_a]-> GO:0042725
GO:0009231 -[is_a]-> GO:0006771
GO:0009231 -[is_a]-> GO:0042364
GO:0009231 -[is_a]-> GO:0042727
GO:0009232 -[is_a]-> GO:0006771
GO:0009232 -[is_a]-> GO:0042365
GO:0009232 -[is_a]-> GO:0042728
GO:0009233 -[is_a]-> GO:1901661
GO:0009234 -[is_a]-> GO:0009233
GO:0009234 -[is_a]-> GO:1901663
GO:0009235 -[is_a]-> GO:0006767
GO:0009235 -[is_a]-> GO:0033013
GO:0009235 -[is_a]-> GO:0044763
GO:0009236 -[is_a]-> GO:0009235
GO:0009236 -[is_a]-> GO:0033014
GO:0009236 -[is_a]-> GO:0042364
GO:0009237 -[is_a]-> GO:0019748
GO:0009237 -[is_a]-> GO:0044763
GO:0009237 -[is_a]-> GO:0051186
GO:0009238 -[is_a]-> GO:0009237
GO:0009238 -[is_a]-> GO:0009712
GO:0009238 -[is_a]-> GO:0046483
GO:0009239 -[is_a]-> GO:0009238
GO:0009239 -[is_a]-> GO:0009713
GO:0009239 -[is_a]-> GO:0018130
GO:0009239 -[is_a]-> GO:0019540
GO:0009240 -[is_a]-> GO:0008654
GO:0009240 -[is_a]-> GO:0046490
GO:0009240 -[part_of]-> GO:0008299
GO:0009242 -[is_a]-> GO:0033692
GO:0009242 -[is_a]-> GO:0046377
GO:0009242 -[is_a]-> GO:1901137
GO:0009243 -[is_a]-> GO:0033692
GO:0009243 -[is_a]-> GO:0046402
GO:0009243 -[part_of]-> GO:0009103
GO:0009244 -[is_a]-> GO:0009312
GO:0009244 -[is_a]-> GO:0046401
GO:0009244 -[part_of]-> GO:0009103
GO:0009245 -[is_a]-> GO:0008654
GO:0009245 -[is_a]-> GO:0009247
GO:0009245 -[is_a]-> GO:0046493
GO:0009245 -[is_a]-> GO:1901271
GO:0009246 -[is_a]-> GO:0033692
GO:0009246 -[is_a]-> GO:0046378
GO:0009246 -[is_a]-> GO:1901137
GO:0009247 -[is_a]-> GO:0006664
GO:0009247 -[is_a]-> GO:0046467
GO:0009247 -[is_a]-> GO:1901137
GO:0009248 -[is_a]-> GO:0033692
GO:0009248 -[is_a]-> GO:0046375
GO:0009248 -[is_a]-> GO:1901137
GO:0009249 -[is_a]-> GO:0018065
GO:0009250 -[is_a]-> GO:0006073
GO:0009250 -[is_a]-> GO:0033692
GO:0009251 -[is_a]-> GO:0000272
GO:0009251 -[is_a]-> GO:0044042
GO:0009252 -[is_a]-> GO:0000270
GO:0009252 -[is_a]-> GO:0006024
GO:0009252 -[is_a]-> GO:0044038
GO:0009252 -[part_of]-> GO:0009273
GO:0009253 -[is_a]-> GO:0000270
GO:0009253 -[is_a]-> GO:0006027
GO:0009254 -[is_a]-> GO:0000270
GO:0009255 -[is_a]-> GO:0019682
GO:0009255 -[is_a]-> GO:0061678
GO:0009255 -[has_part]-> GO:0004456
GO:0009256 -[is_a]-> GO:0046653
GO:0009257 -[is_a]-> GO:0009256
GO:0009257 -[is_a]-> GO:0046654
GO:0009258 -[is_a]-> GO:0009256
GO:0009258 -[is_a]-> GO:0009397
GO:0009259 -[is_a]-> GO:0009117
GO:0009259 -[is_a]-> GO:0019693
GO:0009260 -[is_a]-> GO:0009165
GO:0009260 -[is_a]-> GO:0009259
GO:0009260 -[is_a]-> GO:0046390
GO:0009261 -[is_a]-> GO:0009166
GO:0009261 -[is_a]-> GO:0009259
GO:0009261 -[is_a]-> GO:1901136
GO:0009262 -[is_a]-> GO:0009117
GO:0009262 -[is_a]-> GO:1901135
GO:0009263 -[is_a]-> GO:0009165
GO:0009263 -[is_a]-> GO:0009262
GO:0009263 -[is_a]-> GO:1901137
GO:0009264 -[is_a]-> GO:0009166
GO:0009264 -[is_a]-> GO:0009262
GO:0009264 -[is_a]-> GO:1901136
GO:0009265 -[is_a]-> GO:0009263
GO:0009265 -[is_a]-> GO:0009394
GO:0009265 -[is_a]-> GO:0046385
GO:0009266 -[is_a]-> GO:0009628
GO:0009267 -[is_a]-> GO:0031669
GO:0009267 -[is_a]-> GO:0033554
GO:0009267 -[is_a]-> GO:0042594
GO:0009268 -[is_a]-> GO:0009628
GO:0009269 -[is_a]-> GO:0009414
GO:0009270 -[is_a]-> GO:0009415
GO:0009271 -[is_a]-> GO:0006950
GO:0009271 -[is_a]-> GO:0098586
GO:0009272 -[is_a]-> GO:0042546
GO:0009272 -[is_a]-> GO:0071852
GO:0009273 -[is_a]-> GO:0042546
GO:0009274 -[is_a]-> GO:0005618
GO:0009275 -[is_a]-> GO:0009274
GO:0009276 -[is_a]-> GO:0009274
GO:0009276 -[part_of]-> GO:0030313
GO:0009277 -[is_a]-> GO:0005618
GO:0009279 -[is_a]-> GO:0019867
GO:0009279 -[is_a]-> GO:0044462
GO:0009279 -[part_of]-> GO:0030313
GO:0009288 -[is_a]-> GO:0042995
GO:0009288 -[is_a]-> GO:0043228
GO:0009289 -[is_a]-> GO:0042995
GO:0009290 -[is_a]-> GO:0044765
GO:0009290 -[is_a]-> GO:0051027
GO:0009290 -[is_a]-> GO:0098657
GO:0009290 -[part_of]-> GO:0009294
GO:0009291 -[is_a]-> GO:0000746
GO:0009291 -[is_a]-> GO:0009292
GO:0009292 -[is_a]-> GO:0044764
GO:0009293 -[is_a]-> GO:0009292
GO:0009294 -[is_a]-> GO:0009292
GO:0009295 -[is_a]-> GO:0005575
GO:0009297 -[is_a]-> GO:0030031
GO:0009297 -[is_a]-> GO:0043711
GO:0009298 -[is_a]-> GO:0009226
GO:0009298 -[is_a]-> GO:0019673
GO:0009298 -[has_part]-> GO:0004615
GO:0009299 -[is_a]-> GO:0006351
GO:0009300 -[is_a]-> GO:0006351
GO:0009300 -[is_a]-> GO:0042868
GO:0009301 -[is_a]-> GO:0016073
GO:0009301 -[is_a]-> GO:0098781
GO:0009302 -[is_a]-> GO:0016074
GO:0009302 -[is_a]-> GO:0098781
GO:0009303 -[is_a]-> GO:0098781
GO:0009304 -[is_a]-> GO:0006399
GO:0009304 -[is_a]-> GO:0098781
GO:0009305 -[is_a]-> GO:0006464
GO:0009306 -[is_a]-> GO:0015031
GO:0009306 -[is_a]-> GO:0032940
GO:0009307 -[is_a]-> GO:0006304
GO:0009307 -[is_a]-> GO:0044355
GO:0009308 -[is_a]-> GO:1901564
GO:0009309 -[is_a]-> GO:0009308
GO:0009309 -[is_a]-> GO:0044271
GO:0009309 -[is_a]-> GO:1901566
GO:0009310 -[is_a]-> GO:0009308
GO:0009310 -[is_a]-> GO:1901565
GO:0009311 -[is_a]-> GO:0044723
GO:0009312 -[is_a]-> GO:0009311
GO:0009312 -[is_a]-> GO:0016051
GO:0009313 -[is_a]-> GO:0009311
GO:0009313 -[is_a]-> GO:0044724
GO:0009314 -[is_a]-> GO:0009628
GO:0009316 -[is_a]-> GO:0044445
GO:0009316 -[is_a]-> GO:1902494
GO:0009317 -[is_a]-> GO:0044444
GO:0009317 -[is_a]-> GO:1902494
GO:0009318 -[is_a]-> GO:0044424
GO:0009318 -[is_a]-> GO:1902494
GO:0009319 -[is_a]-> GO:0070069
GO:0009319 -[is_a]-> GO:0098796
GO:0009319 -[is_a]-> GO:1990204
GO:0009319 -[part_of]-> GO:0016021
GO:0009320 -[is_a]-> GO:0044444
GO:0009320 -[is_a]-> GO:1902494
GO:0009321 -[is_a]-> GO:0044444
GO:0009321 -[is_a]-> GO:1990204
GO:0009322 -[is_a]-> GO:1990204
GO:0009323 -[is_a]-> GO:0031248
GO:0009324 -[is_a]-> GO:0044459
GO:0009324 -[is_a]-> GO:1990204
GO:0009325 -[is_a]-> GO:1990204
GO:0009326 -[is_a]-> GO:1990204
GO:0009327 -[is_a]-> GO:0043234
GO:0009327 -[is_a]-> GO:0044424
GO:0009328 -[is_a]-> GO:0044444
GO:0009328 -[is_a]-> GO:1902494
GO:0009329 -[is_a]-> GO:0044444
GO:0009329 -[is_a]-> GO:1990234
GO:0009329 -[part_of]-> GO:0009317
GO:0009330 -[is_a]-> GO:0043234
GO:0009330 -[is_a]-> GO:0044424
GO:0009331 -[is_a]-> GO:0044444
GO:0009331 -[is_a]-> GO:1990204
GO:0009332 -[is_a]-> GO:0044444
GO:0009332 -[is_a]-> GO:1902494
GO:0009333 -[is_a]-> GO:0044444
GO:0009333 -[is_a]-> GO:1902494
GO:0009334 -[is_a]-> GO:1990204
GO:0009336 -[is_a]-> GO:0043234
GO:0009336 -[is_a]-> GO:0044444
GO:0009336 -[is_a]-> GO:1902503
GO:0009337 -[is_a]-> GO:0043234
GO:0009337 -[is_a]-> GO:0044424
GO:0009338 -[is_a]-> GO:0044424
GO:0009338 -[is_a]-> GO:1902494
GO:0009339 -[is_a]-> GO:0044444
GO:0009339 -[is_a]-> GO:1990204
GO:0009340 -[is_a]-> GO:0043234
GO:0009340 -[is_a]-> GO:0044444
GO:0009341 -[is_a]-> GO:1902494
GO:0009342 -[is_a]-> GO:0031026
GO:0009343 -[is_a]-> GO:0044444
GO:0009343 -[is_a]-> GO:1902494
GO:0009343 -[part_of]-> GO:0009317
GO:0009344 -[is_a]-> GO:0043234
GO:0009344 -[is_a]-> GO:0044464
GO:0009345 -[is_a]-> GO:0044444
GO:0009345 -[is_a]-> GO:1902494
GO:0009346 -[is_a]-> GO:0043234
GO:0009346 -[is_a]-> GO:0044444
GO:0009347 -[is_a]-> GO:0044464
GO:0009347 -[is_a]-> GO:1990234
GO:0009348 -[is_a]-> GO:0044444
GO:0009348 -[is_a]-> GO:1990234
GO:0009349 -[is_a]-> GO:0044464
GO:0009349 -[is_a]-> GO:1990234
GO:0009350 -[is_a]-> GO:0044424
GO:0009350 -[is_a]-> GO:1902494
GO:0009353 -[is_a]-> GO:0005947
GO:0009353 -[is_a]-> GO:0045252
GO:0009353 -[part_of]-> GO:0005739
GO:0009353 -[part_of]-> GO:0005759
GO:0009355 -[is_a]-> GO:0042575
GO:0009356 -[is_a]-> GO:0043234
GO:0009356 -[is_a]-> GO:0044424
GO:0009357 -[is_a]-> GO:0044444
GO:0009357 -[is_a]-> GO:0061695
GO:0009357 -[is_a]-> GO:1902495
GO:0009358 -[is_a]-> GO:0044464
GO:0009358 -[is_a]-> GO:0061695
GO:0009359 -[is_a]-> GO:0044444
GO:0009359 -[is_a]-> GO:1905347
GO:0009360 -[is_a]-> GO:0042575
GO:0009361 -[is_a]-> GO:0042709
GO:0009365 -[is_a]-> GO:1902911
GO:0009366 -[is_a]-> GO:0043234
GO:0009366 -[is_a]-> GO:0044424
GO:0009368 -[is_a]-> GO:0043234
GO:0009368 -[is_a]-> GO:0044424
GO:0009371 -[is_a]-> GO:0009373
GO:0009371 -[is_a]-> GO:0045893
GO:0009372 -[is_a]-> GO:0048874
GO:0009373 -[is_a]-> GO:0006355
GO:0009373 -[part_of]-> GO:0071444
GO:0009374 -[is_a]-> GO:0019842
GO:0009374 -[is_a]-> GO:0033293
GO:0009375 -[is_a]-> GO:0044424
GO:0009375 -[is_a]-> GO:1990204
GO:0009376 -[is_a]-> GO:0031597
GO:0009376 -[is_a]-> GO:1904949
GO:0009378 -[is_a]-> GO:0003678
GO:0009379 -[is_a]-> GO:0033202
GO:0009379 -[part_of]-> GO:0048476
GO:0009380 -[is_a]-> GO:0044424
GO:0009380 -[is_a]-> GO:1905347
GO:0009380 -[is_a]-> GO:1990391
GO:0009381 -[is_a]-> GO:0004520
GO:0009382 -[is_a]-> GO:0044444
GO:0009382 -[is_a]-> GO:1990234
GO:0009383 -[is_a]-> GO:0008169
GO:0009383 -[is_a]-> GO:0016434
GO:0009384 -[is_a]-> GO:0016773
GO:0009384 -[is_a]-> GO:0019200
GO:0009385 -[is_a]-> GO:0016853
GO:0009386 -[is_a]-> GO:0006417
GO:0009389 -[is_a]-> GO:0016667
GO:0009390 -[is_a]-> GO:1990204
GO:0009392 -[is_a]-> GO:0016810
GO:0009394 -[is_a]-> GO:0009262
GO:0009394 -[is_a]-> GO:0019692
GO:0009395 -[is_a]-> GO:0006644
GO:0009395 -[is_a]-> GO:0044242
GO:0009395 -[is_a]-> GO:0046434
GO:0009396 -[is_a]-> GO:0006760
GO:0009396 -[is_a]-> GO:0009108
GO:0009396 -[is_a]-> GO:0042398
GO:0009396 -[is_a]-> GO:0042559
GO:0009397 -[is_a]-> GO:0006760
GO:0009397 -[is_a]-> GO:0009109
GO:0009397 -[is_a]-> GO:0042219
GO:0009397 -[is_a]-> GO:0042560
GO:0009398 -[is_a]-> GO:0009108
GO:0009398 -[is_a]-> GO:0009156
GO:0009398 -[is_a]-> GO:0009260
GO:0009398 -[is_a]-> GO:0042727
GO:0009398 -[is_a]-> GO:0046444
GO:0009399 -[is_a]-> GO:0071941
GO:0009400 -[is_a]-> GO:0004722
GO:0009400 -[is_a]-> GO:0005057
GO:0009401 -[is_a]-> GO:0008643
GO:0009403 -[is_a]-> GO:0009404
GO:0009403 -[is_a]-> GO:0044249
GO:0009403 -[is_a]-> GO:0044550
GO:0009404 -[is_a]-> GO:0019748
GO:0009404 -[is_a]-> GO:0044237
GO:0009404 -[is_a]-> GO:0044763
GO:0009405 -[is_a]-> GO:0051704
GO:0009407 -[is_a]-> GO:0009404
GO:0009407 -[is_a]-> GO:0044248
GO:0009407 -[is_a]-> GO:0090487
GO:0009408 -[is_a]-> GO:0006950
GO:0009408 -[is_a]-> GO:0009266
GO:0009409 -[is_a]-> GO:0006950
GO:0009409 -[is_a]-> GO:0009266
GO:0009410 -[is_a]-> GO:0042221
GO:0009411 -[is_a]-> GO:0009416
GO:0009413 -[is_a]-> GO:0006950
GO:0009413 -[is_a]-> GO:0009415
GO:0009414 -[is_a]-> GO:0006950
GO:0009414 -[is_a]-> GO:0009415
GO:0009415 -[is_a]-> GO:0001101
GO:0009415 -[is_a]-> GO:0009628
GO:0009415 -[is_a]-> GO:0010035
GO:0009415 -[is_a]-> GO:1901700
GO:0009416 -[is_a]-> GO:0009314
GO:0009418 -[is_a]-> GO:0044443
GO:0009419 -[is_a]-> GO:0044443
GO:0009420 -[is_a]-> GO:0044461
GO:0009421 -[is_a]-> GO:0044461
GO:0009421 -[part_of]-> GO:0009420
GO:0009422 -[is_a]-> GO:0044461
GO:0009423 -[is_a]-> GO:0043650
GO:0009423 -[is_a]-> GO:0046417
GO:0009424 -[is_a]-> GO:0044461
GO:0009425 -[is_a]-> GO:0044461
GO:0009426 -[is_a]-> GO:0044461
GO:0009426 -[part_of]-> GO:0030694
GO:0009427 -[is_a]-> GO:0044461
GO:0009427 -[part_of]-> GO:0009426
GO:0009428 -[is_a]-> GO:0044461
GO:0009428 -[part_of]-> GO:0009426
GO:0009429 -[is_a]-> GO:0044461
GO:0009429 -[part_of]-> GO:0030694
GO:0009431 -[is_a]-> GO:0044461
GO:0009431 -[part_of]-> GO:0009425
GO:0009432 -[is_a]-> GO:0031668
GO:0009432 -[is_a]-> GO:0033554
GO:0009433 -[is_a]-> GO:0044461
GO:0009433 -[part_of]-> GO:0009425
GO:0009435 -[is_a]-> GO:0019359
GO:0009435 -[is_a]-> GO:0019674
GO:0009436 -[is_a]-> GO:0046487
GO:0009436 -[is_a]-> GO:0072329
GO:0009437 -[is_a]-> GO:0006577
GO:0009438 -[is_a]-> GO:0006081
GO:0009438 -[is_a]-> GO:0042180
GO:0009439 -[is_a]-> GO:0006082
GO:0009439 -[is_a]-> GO:0034641
GO:0009439 -[is_a]-> GO:1901564
GO:0009440 -[is_a]-> GO:0009439
GO:0009440 -[is_a]-> GO:0044270
GO:0009440 -[is_a]-> GO:0044712
GO:0009440 -[is_a]-> GO:1901565
GO:0009441 -[is_a]-> GO:0032787
GO:0009442 -[is_a]-> GO:0000256
GO:0009443 -[is_a]-> GO:0042823
GO:0009443 -[is_a]-> GO:0043094
GO:0009444 -[is_a]-> GO:0006090
GO:0009444 -[is_a]-> GO:0055114
GO:0009445 -[is_a]-> GO:0006595
GO:0009446 -[is_a]-> GO:0006596
GO:0009446 -[is_a]-> GO:0009445
GO:0009447 -[is_a]-> GO:0006598
GO:0009447 -[is_a]-> GO:0009445
GO:0009448 -[is_a]-> GO:0006520
GO:0009449 -[is_a]-> GO:0008652
GO:0009449 -[is_a]-> GO:0009448
GO:0009450 -[is_a]-> GO:0009063
GO:0009450 -[is_a]-> GO:0009448
GO:0009451 -[is_a]-> GO:0016070
GO:0009451 -[is_a]-> GO:0043412
GO:0009452 -[is_a]-> GO:0036260
GO:0009453 -[is_a]-> GO:0042330
GO:0009454 -[is_a]-> GO:0006935
GO:0009454 -[is_a]-> GO:0009453
GO:0009455 -[is_a]-> GO:0006935
GO:0009455 -[is_a]-> GO:0009453
GO:0009455 -[is_a]-> GO:0051775
GO:0009486 -[is_a]-> GO:0015002
GO:0009496 -[is_a]-> GO:0052880
GO:0009501 -[is_a]-> GO:0009536
GO:0009503 -[is_a]-> GO:0030076
GO:0009503 -[is_a]-> GO:0098807
GO:0009503 -[part_of]-> GO:0009535
GO:0009504 -[is_a]-> GO:0044444
GO:0009505 -[is_a]-> GO:0005618
GO:0009506 -[is_a]-> GO:0005911
GO:0009506 -[part_of]-> GO:0055044
GO:0009507 -[is_a]-> GO:0009536
GO:0009508 -[is_a]-> GO:0000229
GO:0009508 -[is_a]-> GO:0044435
GO:0009508 -[part_of]-> GO:0009536
GO:0009508 -[part_of]-> GO:0042646
GO:0009509 -[is_a]-> GO:0009536
GO:0009510 -[is_a]-> GO:0044432
GO:0009510 -[is_a]-> GO:0044459
GO:0009510 -[part_of]-> GO:0009506
GO:0009511 -[is_a]-> GO:0005783
GO:0009511 -[is_a]-> GO:0044432
GO:0009511 -[is_a]-> GO:0044459
GO:0009511 -[part_of]-> GO:0009510
GO:0009512 -[is_a]-> GO:0044436
GO:0009512 -[is_a]-> GO:0070069
GO:0009513 -[is_a]-> GO:0009536
GO:0009514 -[is_a]-> GO:0005777
GO:0009515 -[is_a]-> GO:0009534
GO:0009515 -[part_of]-> GO:0009542
GO:0009516 -[is_a]-> GO:0009536
GO:0009517 -[is_a]-> GO:0009503
GO:0009518 -[is_a]-> GO:0009503
GO:0009519 -[is_a]-> GO:0044420
GO:0009521 -[is_a]-> GO:0044436
GO:0009521 -[is_a]-> GO:0098796
GO:0009521 -[part_of]-> GO:0034357
GO:0009522 -[is_a]-> GO:0009521
GO:0009523 -[is_a]-> GO:0009521
GO:0009524 -[is_a]-> GO:0044444
GO:0009525 -[is_a]-> GO:0044444
GO:0009526 -[is_a]-> GO:0031967
GO:0009526 -[is_a]-> GO:0044435
GO:0009527 -[is_a]-> GO:0031968
GO:0009527 -[is_a]-> GO:0042170
GO:0009528 -[is_a]-> GO:0019866
GO:0009528 -[is_a]-> GO:0042170
GO:0009529 -[is_a]-> GO:0031970
GO:0009529 -[is_a]-> GO:0044435
GO:0009529 -[part_of]-> GO:0009526
GO:0009530 -[is_a]-> GO:0009505
GO:0009531 -[is_a]-> GO:0009505
GO:0009532 -[is_a]-> GO:0044435
GO:0009533 -[is_a]-> GO:0009534
GO:0009533 -[part_of]-> GO:0009570
GO:0009534 -[is_a]-> GO:0031976
GO:0009534 -[is_a]-> GO:0044434
GO:0009534 -[part_of]-> GO:0009507
GO:0009535 -[is_a]-> GO:0044434
GO:0009535 -[is_a]-> GO:0055035
GO:0009535 -[part_of]-> GO:0009534
GO:0009536 -[is_a]-> GO:0043231
GO:0009536 -[is_a]-> GO:0044444
GO:0009537 -[is_a]-> GO:0009536
GO:0009538 -[is_a]-> GO:0044436
GO:0009538 -[is_a]-> GO:0098796
GO:0009538 -[part_of]-> GO:0009522
GO:0009539 -[is_a]-> GO:0044436
GO:0009539 -[is_a]-> GO:0098796
GO:0009539 -[part_of]-> GO:0009523
GO:0009540 -[is_a]-> GO:0016709
GO:0009541 -[is_a]-> GO:0044435
GO:0009541 -[part_of]-> GO:0009513
GO:0009542 -[is_a]-> GO:0044434
GO:0009543 -[is_a]-> GO:0031978
GO:0009543 -[is_a]-> GO:0044434
GO:0009543 -[part_of]-> GO:0009534
GO:0009544 -[is_a]-> GO:0098807
GO:0009544 -[part_of]-> GO:0009535
GO:0009545 -[is_a]-> GO:0009536
GO:0009546 -[is_a]-> GO:0044459
GO:0009546 -[part_of]-> GO:0009506
GO:0009547 -[is_a]-> GO:0000313
GO:0009547 -[is_a]-> GO:0044435
GO:0009547 -[part_of]-> GO:0009532
GO:0009547 -[part_of]-> GO:0009536
GO:0009548 -[is_a]-> GO:0044459
GO:0009548 -[part_of]-> GO:0009506
GO:0009549 -[is_a]-> GO:0044426
GO:0009549 -[part_of]-> GO:0009505
GO:0009550 -[is_a]-> GO:0009506
GO:0009551 -[is_a]-> GO:0009506
GO:0009553 -[is_a]-> GO:0048229
GO:0009554 -[is_a]-> GO:0048236
GO:0009554 -[part_of]-> GO:0009553
GO:0009555 -[is_a]-> GO:0048229
GO:0009556 -[is_a]-> GO:0048236
GO:0009556 -[part_of]-> GO:0009555
GO:0009557 -[is_a]-> GO:0030154
GO:0009557 -[part_of]-> GO:0009561
GO:0009558 -[is_a]-> GO:0007349
GO:0009558 -[part_of]-> GO:0009561
GO:0009559 -[is_a]-> GO:0030154
GO:0009559 -[part_of]-> GO:0009561
GO:0009560 -[is_a]-> GO:0003006
GO:0009560 -[is_a]-> GO:0022412
GO:0009560 -[is_a]-> GO:0030154
GO:0009560 -[part_of]-> GO:0007292
GO:0009560 -[part_of]-> GO:0009561
GO:0009561 -[is_a]-> GO:0044707
GO:0009561 -[part_of]-> GO:0009553
GO:0009562 -[is_a]-> GO:0007097
GO:0009562 -[part_of]-> GO:0009561
GO:0009563 -[is_a]-> GO:0030154
GO:0009563 -[part_of]-> GO:0009561
GO:0009566 -[is_a]-> GO:0044702
GO:0009566 -[part_of]-> GO:0019953
GO:0009567 -[is_a]-> GO:0009566
GO:0009568 -[is_a]-> GO:0043036
GO:0009568 -[part_of]-> GO:0009501
GO:0009569 -[is_a]-> GO:0043036
GO:0009569 -[is_a]-> GO:0044434
GO:0009569 -[part_of]-> GO:0009507
GO:0009570 -[is_a]-> GO:0009532
GO:0009570 -[is_a]-> GO:0044434
GO:0009571 -[is_a]-> GO:0009532
GO:0009571 -[part_of]-> GO:0009537
GO:0009573 -[is_a]-> GO:0044434
GO:0009573 -[is_a]-> GO:0048492
GO:0009573 -[part_of]-> GO:0009507
GO:0009573 -[part_of]-> GO:0009570
GO:0009574 -[is_a]-> GO:0044430
GO:0009574 -[is_a]-> GO:0044444
GO:0009574 -[part_of]-> GO:0015630
GO:0009575 -[is_a]-> GO:0009532
GO:0009575 -[part_of]-> GO:0009509
GO:0009576 -[is_a]-> GO:0009532
GO:0009576 -[part_of]-> GO:0009516
GO:0009577 -[is_a]-> GO:0009532
GO:0009577 -[part_of]-> GO:0009545
GO:0009578 -[is_a]-> GO:0009532
GO:0009578 -[part_of]-> GO:0009513
GO:0009579 -[is_a]-> GO:0044424
GO:0009581 -[is_a]-> GO:0009605
GO:0009581 -[is_a]-> GO:0051606
GO:0009582 -[is_a]-> GO:0009628
GO:0009582 -[is_a]-> GO:0051606
GO:0009583 -[is_a]-> GO:0009416
GO:0009583 -[is_a]-> GO:0009581
GO:0009583 -[is_a]-> GO:0009582
GO:0009584 -[is_a]-> GO:0009583
GO:0009585 -[is_a]-> GO:0007602
GO:0009585 -[part_of]-> GO:0010017
GO:0009588 -[is_a]-> GO:0007602
GO:0009589 -[is_a]-> GO:0009411
GO:0009589 -[is_a]-> GO:0009583
GO:0009590 -[is_a]-> GO:0009581
GO:0009590 -[is_a]-> GO:0009582
GO:0009590 -[is_a]-> GO:0009629
GO:0009593 -[is_a]-> GO:0051606
GO:0009593 -[part_of]-> GO:0042221
GO:0009594 -[is_a]-> GO:0007584
GO:0009594 -[is_a]-> GO:0009593
GO:0009595 -[is_a]-> GO:0009607
GO:0009595 -[is_a]-> GO:0051606
GO:0009597 -[is_a]-> GO:0009615
GO:0009600 -[is_a]-> GO:0098543
GO:0009601 -[is_a]-> GO:0098543
GO:0009602 -[is_a]-> GO:0009608
GO:0009602 -[is_a]-> GO:0098543
GO:0009603 -[is_a]-> GO:0009602
GO:0009603 -[is_a]-> GO:0009610
GO:0009603 -[is_a]-> GO:0016046
GO:0009604 -[is_a]-> GO:0009602
GO:0009604 -[is_a]-> GO:0009609
GO:0009604 -[is_a]-> GO:0016045
GO:0009605 -[is_a]-> GO:0050896
GO:0009606 -[is_a]-> GO:0009605
GO:0009607 -[is_a]-> GO:0050896
GO:0009608 -[is_a]-> GO:0051707
GO:0009609 -[is_a]-> GO:0009608
GO:0009609 -[is_a]-> GO:0009617
GO:0009610 -[is_a]-> GO:0009608
GO:0009610 -[is_a]-> GO:0009620
GO:0009611 -[is_a]-> GO:0006950
GO:0009612 -[is_a]-> GO:0009605
GO:0009612 -[is_a]-> GO:0009628
GO:0009615 -[is_a]-> GO:0016032
GO:0009615 -[is_a]-> GO:0051707
GO:0009616 -[is_a]-> GO:0045087
GO:0009616 -[is_a]-> GO:0051607
GO:0009616 -[is_a]-> GO:0052018
GO:0009616 -[is_a]-> GO:0098586
GO:0009617 -[is_a]-> GO:0051707
GO:0009620 -[is_a]-> GO:0051707
GO:0009623 -[is_a]-> GO:0009610
GO:0009624 -[is_a]-> GO:0051707
GO:0009625 -[is_a]-> GO:0051707
GO:0009626 -[is_a]-> GO:0033554
GO:0009626 -[is_a]-> GO:0034050
GO:0009626 -[is_a]-> GO:0045087
GO:0009627 -[is_a]-> GO:0009814
GO:0009628 -[is_a]-> GO:0050896
GO:0009629 -[is_a]-> GO:0009628
GO:0009630 -[is_a]-> GO:0009606
GO:0009630 -[is_a]-> GO:0009629
GO:0009631 -[is_a]-> GO:0009409
GO:0009635 -[is_a]-> GO:0006950
GO:0009635 -[is_a]-> GO:0009636
GO:0009636 -[is_a]-> GO:0042221
GO:0009637 -[is_a]-> GO:0009416
GO:0009638 -[is_a]-> GO:0009606
GO:0009638 -[is_a]-> GO:0009637
GO:0009639 -[is_a]-> GO:0009416
GO:0009640 -[is_a]-> GO:0009639
GO:0009640 -[is_a]-> GO:0009791
GO:0009641 -[is_a]-> GO:0009639
GO:0009642 -[is_a]-> GO:0009416
GO:0009643 -[is_a]-> GO:0009642
GO:0009644 -[is_a]-> GO:0009642
GO:0009645 -[is_a]-> GO:0009642
GO:0009646 -[is_a]-> GO:0009642
GO:0009647 -[is_a]-> GO:0009646
GO:0009647 -[is_a]-> GO:0009791
GO:0009648 -[is_a]-> GO:0009416
GO:0009649 -[is_a]-> GO:0009605
GO:0009649 -[is_a]-> GO:0042752
GO:0009650 -[is_a]-> GO:0009411
GO:0009651 -[is_a]-> GO:0006970
GO:0009652 -[is_a]-> GO:0009606
GO:0009652 -[is_a]-> GO:0009612
GO:0009653 -[is_a]-> GO:0032502
GO:0009653 -[part_of]-> GO:0048856
GO:0009654 -[is_a]-> GO:0044425
GO:0009654 -[is_a]-> GO:0044436
GO:0009654 -[is_a]-> GO:1990204
GO:0009654 -[part_of]-> GO:0009523
GO:0009654 -[part_of]-> GO:0042651
GO:0009655 -[is_a]-> GO:0098807
GO:0009655 -[part_of]-> GO:0009517
GO:0009656 -[is_a]-> GO:0098807
GO:0009656 -[part_of]-> GO:0009517
GO:0009657 -[is_a]-> GO:0006996
GO:0009658 -[is_a]-> GO:0009657
GO:0009659 -[is_a]-> GO:0009657
GO:0009660 -[is_a]-> GO:0009657
GO:0009661 -[is_a]-> GO:0009657
GO:0009662 -[is_a]-> GO:0009657
GO:0009663 -[is_a]-> GO:0045216
GO:0009664 -[is_a]-> GO:0071555
GO:0009664 -[is_a]-> GO:0071669
GO:0009665 -[is_a]-> GO:0009657
GO:0009665 -[is_a]-> GO:0048308
GO:0009666 -[is_a]-> GO:0009668
GO:0009667 -[is_a]-> GO:0009668
GO:0009668 -[is_a]-> GO:0044802
GO:0009668 -[part_of]-> GO:0009657
GO:0009669 -[is_a]-> GO:0008515
GO:0009669 -[is_a]-> GO:0015486
GO:0009670 -[is_a]-> GO:0015301
GO:0009670 -[is_a]-> GO:0071917
GO:0009671 -[is_a]-> GO:0015078
GO:0009671 -[is_a]-> GO:0015112
GO:0009671 -[is_a]-> GO:0015296
GO:0009672 -[is_a]-> GO:0015294
GO:0009672 -[is_a]-> GO:0080161
GO:0009672 -[part_of]-> GO:0015992
GO:0009672 -[part_of]-> GO:0060918
GO:0009673 -[is_a]-> GO:0015114
GO:0009674 -[is_a]-> GO:0022820
GO:0009675 -[is_a]-> GO:0008512
GO:0009676 -[is_a]-> GO:0008512
GO:0009677 -[is_a]-> GO:0009566
GO:0009678 -[is_a]-> GO:0015405
GO:0009678 -[is_a]-> GO:0016462
GO:0009679 -[is_a]-> GO:0005351
GO:0009679 -[is_a]-> GO:0015149
GO:0009682 -[is_a]-> GO:0042742
GO:0009682 -[is_a]-> GO:0045087
GO:0009683 -[is_a]-> GO:0006082
GO:0009683 -[is_a]-> GO:0009850
GO:0009683 -[is_a]-> GO:0034754
GO:0009683 -[is_a]-> GO:0042430
GO:0009684 -[is_a]-> GO:0009851
GO:0009684 -[is_a]-> GO:0072330
GO:0009685 -[is_a]-> GO:0006082
GO:0009685 -[is_a]-> GO:0016101
GO:0009686 -[is_a]-> GO:0009685
GO:0009686 -[is_a]-> GO:0016053
GO:0009686 -[is_a]-> GO:0016102
GO:0009687 -[is_a]-> GO:0032787
GO:0009688 -[is_a]-> GO:0009687
GO:0009688 -[is_a]-> GO:0072330
GO:0009689 -[is_a]-> GO:0009814
GO:0009689 -[is_a]-> GO:0052322
GO:0009690 -[is_a]-> GO:0006725
GO:0009690 -[is_a]-> GO:0009308
GO:0009690 -[is_a]-> GO:0034754
GO:0009690 -[is_a]-> GO:0046483
GO:0009691 -[is_a]-> GO:0009690
GO:0009691 -[is_a]-> GO:0042446
GO:0009691 -[is_a]-> GO:0044249
GO:0009692 -[is_a]-> GO:0043449
GO:0009693 -[is_a]-> GO:0009692
GO:0009693 -[is_a]-> GO:0043450
GO:0009694 -[is_a]-> GO:0032787
GO:0009695 -[is_a]-> GO:0009694
GO:0009695 -[is_a]-> GO:0072330
GO:0009696 -[is_a]-> GO:0032787
GO:0009697 -[is_a]-> GO:0009696
GO:0009697 -[is_a]-> GO:0072330
GO:0009698 -[is_a]-> GO:0006725
GO:0009698 -[is_a]-> GO:0019748
GO:0009698 -[is_a]-> GO:0044763
GO:0009698 -[is_a]-> GO:1901360
GO:0009699 -[is_a]-> GO:0009698
GO:0009699 -[is_a]-> GO:0019438
GO:0009699 -[is_a]-> GO:0044550
GO:0009699 -[is_a]-> GO:1901362
GO:0009700 -[is_a]-> GO:0042435
GO:0009700 -[is_a]-> GO:0046217
GO:0009700 -[is_a]-> GO:0052315
GO:0009701 -[is_a]-> GO:0009717
GO:0009701 -[is_a]-> GO:0046289
GO:0009701 -[is_a]-> GO:0052315
GO:0009702 -[is_a]-> GO:0016773
GO:0009702 -[is_a]-> GO:0019200
GO:0009703 -[is_a]-> GO:0008940
GO:0009703 -[is_a]-> GO:0046857
GO:0009704 -[is_a]-> GO:0009416
GO:0009704 -[part_of]-> GO:0009640
GO:0009705 -[is_a]-> GO:0005774
GO:0009705 -[part_of]-> GO:0000325
GO:0009706 -[is_a]-> GO:0009528
GO:0009706 -[is_a]-> GO:0031969
GO:0009707 -[is_a]-> GO:0009527
GO:0009707 -[is_a]-> GO:0031969
GO:0009708 -[is_a]-> GO:0033075
GO:0009708 -[is_a]-> GO:0046445
GO:0009709 -[is_a]-> GO:0035835
GO:0009709 -[is_a]-> GO:0046447
GO:0009710 -[is_a]-> GO:0009821
GO:0009710 -[is_a]-> GO:0018130
GO:0009710 -[is_a]-> GO:0046448
GO:0009710 -[is_a]-> GO:1901362
GO:0009711 -[is_a]-> GO:0009821
GO:0009711 -[is_a]-> GO:0046446
GO:0009711 -[is_a]-> GO:0072522
GO:0009712 -[is_a]-> GO:0018958
GO:0009713 -[is_a]-> GO:0009712
GO:0009713 -[is_a]-> GO:0046189
GO:0009714 -[is_a]-> GO:0009698
GO:0009714 -[is_a]-> GO:0042180
GO:0009715 -[is_a]-> GO:0009699
GO:0009715 -[is_a]-> GO:0009714
GO:0009715 -[is_a]-> GO:0042181
GO:0009716 -[is_a]-> GO:0009813
GO:0009716 -[is_a]-> GO:0046285
GO:0009716 -[is_a]-> GO:0052315
GO:0009717 -[is_a]-> GO:0009699
GO:0009717 -[is_a]-> GO:0018130
GO:0009717 -[is_a]-> GO:0046287
GO:0009718 -[is_a]-> GO:0009813
GO:0009718 -[is_a]-> GO:0044711
GO:0009718 -[is_a]-> GO:0046148
GO:0009718 -[is_a]-> GO:0046283
GO:0009719 -[is_a]-> GO:0050896
GO:0009720 -[is_a]-> GO:0009593
GO:0009720 -[is_a]-> GO:0009725
GO:0009720 -[is_a]-> GO:0009726
GO:0009721 -[is_a]-> GO:0009720
GO:0009721 -[is_a]-> GO:0009733
GO:0009722 -[is_a]-> GO:0009720
GO:0009722 -[is_a]-> GO:0009735
GO:0009723 -[is_a]-> GO:0009725
GO:0009724 -[is_a]-> GO:0009720
GO:0009724 -[is_a]-> GO:0009737
GO:0009725 -[is_a]-> GO:0009719
GO:0009725 -[is_a]-> GO:0010033
GO:0009726 -[is_a]-> GO:0009719
GO:0009726 -[is_a]-> GO:0051606
GO:0009727 -[is_a]-> GO:0009720
GO:0009727 -[is_a]-> GO:0009723
GO:0009728 -[is_a]-> GO:0009720
GO:0009728 -[is_a]-> GO:0009739
GO:0009729 -[is_a]-> GO:0009720
GO:0009729 -[is_a]-> GO:0009741
GO:0009730 -[is_a]-> GO:0009593
GO:0009730 -[is_a]-> GO:0009743
GO:0009731 -[is_a]-> GO:0009744
GO:0009731 -[is_a]-> GO:0034288
GO:0009732 -[is_a]-> GO:0009746
GO:0009732 -[is_a]-> GO:0034287
GO:0009733 -[is_a]-> GO:0009725
GO:0009734 -[is_a]-> GO:0009755
GO:0009734 -[part_of]-> GO:0071365
GO:0009735 -[is_a]-> GO:0009725
GO:0009736 -[is_a]-> GO:0009755
GO:0009736 -[part_of]-> GO:0071368
GO:0009737 -[is_a]-> GO:0001101
GO:0009737 -[is_a]-> GO:0009725
GO:0009737 -[is_a]-> GO:0033993
GO:0009737 -[is_a]-> GO:0097305
GO:0009738 -[is_a]-> GO:0009755
GO:0009738 -[part_of]-> GO:0071215
GO:0009739 -[is_a]-> GO:0001101
GO:0009739 -[is_a]-> GO:0009725
GO:0009739 -[is_a]-> GO:0033993
GO:0009739 -[is_a]-> GO:1901700
GO:0009740 -[is_a]-> GO:0010476
GO:0009741 -[is_a]-> GO:0009725
GO:0009741 -[is_a]-> GO:0014070
GO:0009741 -[is_a]-> GO:0033993
GO:0009741 -[is_a]-> GO:1901700
GO:0009742 -[is_a]-> GO:0043401
GO:0009742 -[part_of]-> GO:0071367
GO:0009743 -[is_a]-> GO:0010033
GO:0009743 -[is_a]-> GO:1901700
GO:0009744 -[is_a]-> GO:0034285
GO:0009745 -[is_a]-> GO:0010182
GO:0009745 -[part_of]-> GO:0071329
GO:0009746 -[is_a]-> GO:0034284
GO:0009747 -[is_a]-> GO:0009757
GO:0009748 -[is_a]-> GO:0009757
GO:0009749 -[is_a]-> GO:0009746
GO:0009750 -[is_a]-> GO:0009746
GO:0009751 -[is_a]-> GO:0001101
GO:0009751 -[is_a]-> GO:0014070
GO:0009751 -[is_a]-> GO:1901700
GO:0009752 -[is_a]-> GO:0009593
GO:0009752 -[is_a]-> GO:0009751
GO:0009753 -[is_a]-> GO:0001101
GO:0009753 -[is_a]-> GO:0009725
GO:0009753 -[is_a]-> GO:1901700
GO:0009754 -[is_a]-> GO:0009593
GO:0009754 -[is_a]-> GO:0009726
GO:0009754 -[is_a]-> GO:0009753
GO:0009755 -[is_a]-> GO:0007165
GO:0009755 -[part_of]-> GO:0032870
GO:0009756 -[is_a]-> GO:0007165
GO:0009756 -[part_of]-> GO:0071322
GO:0009757 -[is_a]-> GO:0010182
GO:0009757 -[part_of]-> GO:0071331
GO:0009758 -[is_a]-> GO:0044699
GO:0009758 -[has_part]-> GO:0005975
GO:0009758 -[has_part]-> GO:0008643
GO:0009758 -[has_part]-> GO:0009730
GO:0009759 -[is_a]-> GO:0016144
GO:0009759 -[is_a]-> GO:0042343
GO:0009759 -[is_a]-> GO:0042435
GO:0009760 -[is_a]-> GO:0015977
GO:0009760 -[is_a]-> GO:0019685
GO:0009760 -[is_a]-> GO:0044236
GO:0009761 -[is_a]-> GO:0015977
GO:0009761 -[is_a]-> GO:0019685
GO:0009762 -[is_a]-> GO:0009760
GO:0009763 -[is_a]-> GO:0009760
GO:0009764 -[is_a]-> GO:0009760
GO:0009765 -[is_a]-> GO:0006091
GO:0009765 -[part_of]-> GO:0019684
GO:0009766 -[is_a]-> GO:0022904
GO:0009766 -[part_of]-> GO:0019684
GO:0009767 -[is_a]-> GO:0022900
GO:0009767 -[part_of]-> GO:0019684
GO:0009768 -[is_a]-> GO:0009765
GO:0009769 -[is_a]-> GO:0009765
GO:0009770 -[is_a]-> GO:0009766
GO:0009771 -[is_a]-> GO:0009766
GO:0009772 -[is_a]-> GO:0009767
GO:0009773 -[is_a]-> GO:0009767
GO:0009777 -[is_a]-> GO:0016310
GO:0009777 -[is_a]-> GO:0046034
GO:0009777 -[has_part]-> GO:0015986
GO:0009777 -[part_of]-> GO:0019684
GO:0009778 -[is_a]-> GO:0009777
GO:0009779 -[is_a]-> GO:0009777
GO:0009780 -[is_a]-> GO:0006740
GO:0009780 -[part_of]-> GO:0019684
GO:0009782 -[is_a]-> GO:0044436
GO:0009782 -[is_a]-> GO:0098796
GO:0009782 -[part_of]-> GO:0009522
GO:0009783 -[is_a]-> GO:0044436
GO:0009783 -[is_a]-> GO:0098796
GO:0009783 -[part_of]-> GO:0009523
GO:0009784 -[is_a]-> GO:0004673
GO:0009784 -[is_a]-> GO:0019199
GO:0009785 -[is_a]-> GO:0030522
GO:0009785 -[is_a]-> GO:0071483
GO:0009786 -[is_a]-> GO:0051302
GO:0009786 -[regulates]-> GO:0008356
GO:0009787 -[is_a]-> GO:0009966
GO:0009787 -[is_a]-> GO:1901419
GO:0009787 -[regulates]-> GO:0009738
GO:0009788 -[is_a]-> GO:0009787
GO:0009788 -[is_a]-> GO:0009968
GO:0009788 -[is_a]-> GO:1901420
GO:0009788 -[negatively_regulates]-> GO:0009738
GO:0009789 -[is_a]-> GO:0009787
GO:0009789 -[is_a]-> GO:0009967
GO:0009789 -[is_a]-> GO:1901421
GO:0009789 -[positively_regulates]-> GO:0009738
GO:0009790 -[is_a]-> GO:0007275
GO:0009791 -[is_a]-> GO:0044707
GO:0009791 -[part_of]-> GO:0007275
GO:0009792 -[is_a]-> GO:0009790
GO:0009793 -[is_a]-> GO:0003006
GO:0009793 -[is_a]-> GO:0009790
GO:0009793 -[is_a]-> GO:0044702
GO:0009793 -[part_of]-> GO:0048316
GO:0009794 -[is_a]-> GO:0007346
GO:0009794 -[is_a]-> GO:0045995
GO:0009794 -[regulates]-> GO:0045448
GO:0009798 -[is_a]-> GO:0007389
GO:0009799 -[is_a]-> GO:0007389
GO:0009800 -[is_a]-> GO:0009699
GO:0009800 -[is_a]-> GO:0009803
GO:0009800 -[is_a]-> GO:0072330
GO:0009801 -[is_a]-> GO:0009698
GO:0009802 -[is_a]-> GO:0009699
GO:0009802 -[is_a]-> GO:0009801
GO:0009802 -[part_of]-> GO:0009803
GO:0009803 -[is_a]-> GO:0009698
GO:0009803 -[is_a]-> GO:0032787
GO:0009804 -[is_a]-> GO:0009698
GO:0009804 -[is_a]-> GO:0046483
GO:0009805 -[is_a]-> GO:0009699
GO:0009805 -[is_a]-> GO:0009804
GO:0009805 -[is_a]-> GO:0018130
GO:0009806 -[is_a]-> GO:0009698
GO:0009807 -[is_a]-> GO:0009699
GO:0009807 -[is_a]-> GO:0009806
GO:0009808 -[is_a]-> GO:0009698
GO:0009809 -[is_a]-> GO:0009699
GO:0009809 -[is_a]-> GO:0009808
GO:0009810 -[is_a]-> GO:0006725
GO:0009810 -[is_a]-> GO:1900673
GO:0009810 -[is_a]-> GO:1901360
GO:0009811 -[is_a]-> GO:0009810
GO:0009811 -[is_a]-> GO:0019438
GO:0009811 -[is_a]-> GO:1900674
GO:0009811 -[is_a]-> GO:1901362
GO:0009812 -[is_a]-> GO:0071704
GO:0009813 -[is_a]-> GO:0009812
GO:0009813 -[is_a]-> GO:1901576
GO:0009814 -[is_a]-> GO:0045087
GO:0009814 -[is_a]-> GO:0098542
GO:0009815 -[is_a]-> GO:0016641
GO:0009816 -[is_a]-> GO:0009814
GO:0009816 -[is_a]-> GO:0042742
GO:0009817 -[is_a]-> GO:0009814
GO:0009817 -[is_a]-> GO:0050832
GO:0009818 -[is_a]-> GO:0009814
GO:0009818 -[is_a]-> GO:0042832
GO:0009819 -[is_a]-> GO:0009414
GO:0009820 -[is_a]-> GO:1901564
GO:0009821 -[is_a]-> GO:0009820
GO:0009821 -[is_a]-> GO:0044271
GO:0009821 -[is_a]-> GO:1901566
GO:0009822 -[is_a]-> GO:0009820
GO:0009822 -[is_a]-> GO:0044270
GO:0009822 -[is_a]-> GO:1901565
GO:0009823 -[is_a]-> GO:0009690
GO:0009823 -[is_a]-> GO:0042447
GO:0009824 -[is_a]-> GO:0016765
GO:0009825 -[is_a]-> GO:0016049
GO:0009826 -[is_a]-> GO:0000902
GO:0009826 -[is_a]-> GO:0016049
GO:0009826 -[is_a]-> GO:0060560
GO:0009827 -[is_a]-> GO:0009664
GO:0009827 -[is_a]-> GO:0042545
GO:0009828 -[is_a]-> GO:0009827
GO:0009829 -[is_a]-> GO:0009827
GO:0009829 -[is_a]-> GO:0022412
GO:0009829 -[part_of]-> GO:0009835
GO:0009830 -[is_a]-> GO:0009827
GO:0009830 -[is_a]-> GO:0044277
GO:0009830 -[part_of]-> GO:0009838
GO:0009831 -[is_a]-> GO:0009827
GO:0009831 -[is_a]-> GO:0042547
GO:0009831 -[part_of]-> GO:0009825
GO:0009832 -[is_a]-> GO:0042546
GO:0009832 -[is_a]-> GO:0071669
GO:0009833 -[is_a]-> GO:0009832
GO:0009833 -[is_a]-> GO:1903047
GO:0009833 -[part_of]-> GO:0000281
GO:0009834 -[is_a]-> GO:0009832
GO:0009835 -[is_a]-> GO:0003006
GO:0009835 -[is_a]-> GO:0007568
GO:0009835 -[is_a]-> GO:0044702
GO:0009835 -[is_a]-> GO:0071695
GO:0009835 -[part_of]-> GO:0007275
GO:0009835 -[part_of]-> GO:0010154
GO:0009836 -[is_a]-> GO:0009835
GO:0009837 -[is_a]-> GO:0009835
GO:0009838 -[is_a]-> GO:0032502
GO:0009838 -[part_of]-> GO:0007275
GO:0009840 -[is_a]-> GO:0009368
GO:0009840 -[is_a]-> GO:0044434
GO:0009840 -[part_of]-> GO:0009570
GO:0009841 -[is_a]-> GO:0009368
GO:0009841 -[is_a]-> GO:0098798
GO:0009841 -[part_of]-> GO:0005739
GO:0009841 -[part_of]-> GO:0005759
GO:0009842 -[is_a]-> GO:0009536
GO:0009843 -[is_a]-> GO:0031976
GO:0009843 -[part_of]-> GO:0009842
GO:0009845 -[is_a]-> GO:0044707
GO:0009845 -[part_of]-> GO:0090351
GO:0009846 -[is_a]-> GO:0044702
GO:0009846 -[is_a]-> GO:0044707
GO:0009846 -[part_of]-> GO:0009856
GO:0009847 -[is_a]-> GO:0032502
GO:0009848 -[is_a]-> GO:0006568
GO:0009848 -[is_a]-> GO:0009684
GO:0009849 -[is_a]-> GO:0009684
GO:0009850 -[is_a]-> GO:0042445
GO:0009850 -[is_a]-> GO:0044237
GO:0009851 -[is_a]-> GO:0009850
GO:0009851 -[is_a]-> GO:0042446
GO:0009851 -[is_a]-> GO:0044249
GO:0009852 -[is_a]-> GO:0009850
GO:0009852 -[is_a]-> GO:0042447
GO:0009853 -[is_a]-> GO:0043094
GO:0009854 -[is_a]-> GO:0043094
GO:0009854 -[part_of]-> GO:0009853
GO:0009855 -[is_a]-> GO:0009799
GO:0009856 -[is_a]-> GO:0044703
GO:0009856 -[is_a]-> GO:0044706
GO:0009859 -[is_a]-> GO:0006833
GO:0009859 -[is_a]-> GO:0044702
GO:0009859 -[part_of]-> GO:0009875
GO:0009860 -[is_a]-> GO:0000904
GO:0009860 -[is_a]-> GO:0003006
GO:0009860 -[is_a]-> GO:0009932
GO:0009860 -[is_a]-> GO:0044702
GO:0009860 -[is_a]-> GO:0048588
GO:0009860 -[part_of]-> GO:0048868
GO:0009861 -[is_a]-> GO:0009611
GO:0009861 -[is_a]-> GO:0009814
GO:0009862 -[is_a]-> GO:0009863
GO:0009862 -[part_of]-> GO:0009627
GO:0009863 -[is_a]-> GO:0007165
GO:0009863 -[part_of]-> GO:0071446
GO:0009864 -[is_a]-> GO:0002218
GO:0009864 -[is_a]-> GO:0002252
GO:0009864 -[is_a]-> GO:0009867
GO:0009864 -[part_of]-> GO:0009682
GO:0009865 -[is_a]-> GO:0044703
GO:0009865 -[is_a]-> GO:0098609
GO:0009865 -[is_a]-> GO:0098740
GO:0009865 -[part_of]-> GO:0009875
GO:0009865 -[part_of]-> GO:0048868
GO:0009866 -[is_a]-> GO:0002218
GO:0009866 -[is_a]-> GO:0002252
GO:0009866 -[is_a]-> GO:0009873
GO:0009866 -[part_of]-> GO:0009682
GO:0009867 -[is_a]-> GO:0009755
GO:0009867 -[part_of]-> GO:0071395
GO:0009868 -[is_a]-> GO:0009867
GO:0009868 -[part_of]-> GO:0009861
GO:0009868 -[part_of]-> GO:0032260
GO:0009870 -[is_a]-> GO:0002218
GO:0009870 -[is_a]-> GO:0007165
GO:0009871 -[is_a]-> GO:0009873
GO:0009871 -[part_of]-> GO:0009861
GO:0009873 -[is_a]-> GO:0000160
GO:0009873 -[is_a]-> GO:0009755
GO:0009873 -[part_of]-> GO:0071369
GO:0009875 -[is_a]-> GO:0007154
GO:0009875 -[is_a]-> GO:0044702
GO:0009875 -[part_of]-> GO:0009856
GO:0009876 -[is_a]-> GO:0016337
GO:0009876 -[is_a]-> GO:0044702
GO:0009876 -[part_of]-> GO:0009875
GO:0009877 -[is_a]-> GO:0044403
GO:0009878 -[is_a]-> GO:0009653
GO:0009878 -[is_a]-> GO:0044111
GO:0009878 -[part_of]-> GO:0009877
GO:0009879 -[is_a]-> GO:0009799
GO:0009879 -[part_of]-> GO:0009956
GO:0009880 -[is_a]-> GO:0007389
GO:0009880 -[part_of]-> GO:0009790
GO:0009881 -[is_a]-> GO:0038023
GO:0009882 -[is_a]-> GO:0009881
GO:0009882 -[part_of]-> GO:0009785
GO:0009883 -[is_a]-> GO:0009881
GO:0009883 -[part_of]-> GO:0009585
GO:0009884 -[is_a]-> GO:0004888
GO:0009884 -[part_of]-> GO:0009736
GO:0009885 -[is_a]-> GO:0009784
GO:0009885 -[is_a]-> GO:0009884
GO:0009886 -[is_a]-> GO:0009653
GO:0009886 -[part_of]-> GO:0009791
GO:0009887 -[is_a]-> GO:0009653
GO:0009887 -[is_a]-> GO:0044767
GO:0009887 -[part_of]-> GO:0048513
GO:0009888 -[is_a]-> GO:0048856
GO:0009889 -[is_a]-> GO:0019222
GO:0009889 -[regulates]-> GO:0009058
GO:0009890 -[is_a]-> GO:0009889
GO:0009890 -[is_a]-> GO:0009892
GO:0009890 -[negatively_regulates]-> GO:0009058
GO:0009891 -[is_a]-> GO:0009889
GO:0009891 -[is_a]-> GO:0009893
GO:0009891 -[positively_regulates]-> GO:0009058
GO:0009892 -[is_a]-> GO:0019222
GO:0009892 -[is_a]-> GO:0048519
GO:0009892 -[negatively_regulates]-> GO:0008152
GO:0009893 -[is_a]-> GO:0019222
GO:0009893 -[is_a]-> GO:0048518
GO:0009893 -[positively_regulates]-> GO:0008152
GO:0009894 -[is_a]-> GO:0019222
GO:0009894 -[regulates]-> GO:0009056
GO:0009895 -[is_a]-> GO:0009892
GO:0009895 -[is_a]-> GO:0009894
GO:0009895 -[negatively_regulates]-> GO:0009056
GO:0009896 -[is_a]-> GO:0009893
GO:0009896 -[is_a]-> GO:0009894
GO:0009896 -[positively_regulates]-> GO:0009056
GO:0009897 -[is_a]-> GO:0044459
GO:0009897 -[is_a]-> GO:0098552
GO:0009897 -[part_of]-> GO:0005886
GO:0009897 -[part_of]-> GO:0009986
GO:0009898 -[is_a]-> GO:0044459
GO:0009898 -[is_a]-> GO:0098562
GO:0009898 -[part_of]-> GO:0005886
GO:0009899 -[is_a]-> GO:0010333
GO:0009900 -[is_a]-> GO:0044702
GO:0009900 -[is_a]-> GO:0048609
GO:0009901 -[is_a]-> GO:0009900
GO:0009901 -[part_of]-> GO:0048653
GO:0009902 -[is_a]-> GO:0009658
GO:0009902 -[is_a]-> GO:0019750
GO:0009902 -[is_a]-> GO:0051667
GO:0009903 -[is_a]-> GO:0009902
GO:0009904 -[is_a]-> GO:0009902
GO:0009905 -[is_a]-> GO:0016872
GO:0009906 -[is_a]-> GO:0009637
GO:0009906 -[is_a]-> GO:0009648
GO:0009907 -[is_a]-> GO:0009648
GO:0009907 -[is_a]-> GO:0010114
GO:0009908 -[is_a]-> GO:0090567
GO:0009909 -[is_a]-> GO:0048580
GO:0009909 -[is_a]-> GO:0048831
GO:0009909 -[is_a]-> GO:2000241
GO:0009909 -[regulates]-> GO:0009908
GO:0009910 -[is_a]-> GO:0009909
GO:0009910 -[is_a]-> GO:0048581
GO:0009910 -[is_a]-> GO:2000242
GO:0009910 -[negatively_regulates]-> GO:0009908
GO:0009911 -[is_a]-> GO:0009909
GO:0009911 -[is_a]-> GO:0048582
GO:0009911 -[is_a]-> GO:2000243
GO:0009911 -[positively_regulates]-> GO:0009908
GO:0009912 -[is_a]-> GO:0060120
GO:0009912 -[is_a]-> GO:0072148
GO:0009912 -[part_of]-> GO:0042491
GO:0009913 -[is_a]-> GO:0030855
GO:0009913 -[part_of]-> GO:0008544
GO:0009914 -[is_a]-> GO:0010817
GO:0009914 -[is_a]-> GO:0044765
GO:0009915 -[is_a]-> GO:0010233
GO:0009915 -[is_a]-> GO:0015770
GO:0009916 -[is_a]-> GO:0016682
GO:0009917 -[is_a]-> GO:0016627
GO:0009918 -[is_a]-> GO:0016627
GO:0009920 -[is_a]-> GO:0000919
GO:0009920 -[part_of]-> GO:0007067
GO:0009920 -[part_of]-> GO:0009832
GO:0009920 -[part_of]-> GO:0061640
GO:0009921 -[is_a]-> GO:0098797
GO:0009922 -[is_a]-> GO:0004312
GO:0009923 -[is_a]-> GO:0044425
GO:0009923 -[is_a]-> GO:0044432
GO:0009923 -[is_a]-> GO:1990234
GO:0009923 -[part_of]-> GO:0005789
GO:0009924 -[is_a]-> GO:0071771
GO:0009925 -[is_a]-> GO:0098590
GO:0009925 -[part_of]-> GO:0016323
GO:0009925 -[part_of]-> GO:0045178
GO:0009926 -[is_a]-> GO:0060918
GO:0009927 -[is_a]-> GO:0004871
GO:0009927 -[is_a]-> GO:0016301
GO:0009930 -[is_a]-> GO:0044464
GO:0009930 -[part_of]-> GO:0009986
GO:0009931 -[is_a]-> GO:0004674
GO:0009931 -[is_a]-> GO:0010857
GO:0009932 -[is_a]-> GO:0009826
GO:0009933 -[is_a]-> GO:0048532
GO:0009933 -[part_of]-> GO:0048507
GO:0009934 -[is_a]-> GO:0022603
GO:0009934 -[is_a]-> GO:0048509
GO:0009934 -[regulates]-> GO:0009933
GO:0009937 -[is_a]-> GO:0009966
GO:0009937 -[regulates]-> GO:0009740
GO:0009938 -[is_a]-> GO:0009937
GO:0009938 -[is_a]-> GO:0009968
GO:0009938 -[negatively_regulates]-> GO:0009740
GO:0009939 -[is_a]-> GO:0009937
GO:0009939 -[is_a]-> GO:0009967
GO:0009939 -[positively_regulates]-> GO:0009740
GO:0009940 -[is_a]-> GO:0010209
GO:0009941 -[is_a]-> GO:0009526
GO:0009941 -[is_a]-> GO:0044434
GO:0009942 -[is_a]-> GO:0000578
GO:0009942 -[is_a]-> GO:0003006
GO:0009942 -[is_a]-> GO:0044702
GO:0009942 -[is_a]-> GO:0044767
GO:0009942 -[part_of]-> GO:0009793
GO:0009943 -[is_a]-> GO:0009798
GO:0009943 -[part_of]-> GO:0009955
GO:0009944 -[is_a]-> GO:0065001
GO:0009944 -[part_of]-> GO:0009943
GO:0009945 -[is_a]-> GO:0009798
GO:0009945 -[part_of]-> GO:0009956
GO:0009946 -[is_a]-> GO:0009798
GO:0009946 -[part_of]-> GO:0009954
GO:0009947 -[is_a]-> GO:0009798
GO:0009947 -[part_of]-> GO:0097353
GO:0009948 -[is_a]-> GO:0009798
GO:0009948 -[part_of]-> GO:0009952
GO:0009949 -[is_a]-> GO:0065001
GO:0009949 -[part_of]-> GO:0009948
GO:0009950 -[is_a]-> GO:0009798
GO:0009950 -[part_of]-> GO:0009953
GO:0009951 -[is_a]-> GO:0065001
GO:0009951 -[part_of]-> GO:0009950
GO:0009952 -[is_a]-> GO:0003002
GO:0009953 -[is_a]-> GO:0003002
GO:0009954 -[is_a]-> GO:0003002
GO:0009955 -[is_a]-> GO:0003002
GO:0009956 -[is_a]-> GO:0003002
GO:0009957 -[is_a]-> GO:0001708
GO:0009957 -[part_of]-> GO:0009913
GO:0009958 -[is_a]-> GO:0009630
GO:0009959 -[is_a]-> GO:0009630
GO:0009960 -[is_a]-> GO:0003006
GO:0009960 -[is_a]-> GO:0009888
GO:0009960 -[part_of]-> GO:0048316
GO:0009961 -[is_a]-> GO:0043200
GO:0009962 -[is_a]-> GO:0009889
GO:0009962 -[is_a]-> GO:0080090
GO:0009962 -[regulates]-> GO:0009813
GO:0009963 -[is_a]-> GO:0009891
GO:0009963 -[is_a]-> GO:0009962
GO:0009963 -[positively_regulates]-> GO:0009813
GO:0009964 -[is_a]-> GO:0009890
GO:0009964 -[is_a]-> GO:0009962
GO:0009964 -[negatively_regulates]-> GO:0009813
GO:0009965 -[is_a]-> GO:1905392
GO:0009965 -[part_of]-> GO:0010016
GO:0009965 -[part_of]-> GO:0048366
GO:0009966 -[is_a]-> GO:0010646
GO:0009966 -[is_a]-> GO:0023051
GO:0009966 -[is_a]-> GO:0048583
GO:0009966 -[regulates]-> GO:0007165
GO:0009967 -[is_a]-> GO:0009966
GO:0009967 -[is_a]-> GO:0010647
GO:0009967 -[is_a]-> GO:0023056
GO:0009967 -[is_a]-> GO:0048584
GO:0009967 -[positively_regulates]-> GO:0007165
GO:0009968 -[is_a]-> GO:0009966
GO:0009968 -[is_a]-> GO:0010648
GO:0009968 -[is_a]-> GO:0023057
GO:0009968 -[is_a]-> GO:0048585
GO:0009968 -[negatively_regulates]-> GO:0007165
GO:0009969 -[is_a]-> GO:0009250
GO:0009969 -[is_a]-> GO:0010411
GO:0009970 -[is_a]-> GO:0009267
GO:0009971 -[is_a]-> GO:0007053
GO:0009971 -[is_a]-> GO:0055048
GO:0009971 -[part_of]-> GO:0007140
GO:0009972 -[is_a]-> GO:0006216
GO:0009973 -[is_a]-> GO:0016667
GO:0009974 -[is_a]-> GO:0072374
GO:0009975 -[is_a]-> GO:0003824
GO:0009976 -[is_a]-> GO:0009975
GO:0009977 -[is_a]-> GO:0015291
GO:0009977 -[is_a]-> GO:0015450
GO:0009978 -[is_a]-> GO:0016836
GO:0009979 -[is_a]-> GO:0042389
GO:0009982 -[is_a]-> GO:0016866
GO:0009986 -[is_a]-> GO:0044464
GO:0009987 -[is_a]-> GO:0008150
GO:0009988 -[is_a]-> GO:0008037
GO:0009989 -[is_a]-> GO:0008037
GO:0009990 -[is_a]-> GO:0009989
GO:0009991 -[is_a]-> GO:0009605
GO:0009992 -[is_a]-> GO:0006884
GO:0009992 -[is_a]-> GO:0030104
GO:0009992 -[is_a]-> GO:0055082
GO:0009994 -[is_a]-> GO:0003006
GO:0009994 -[is_a]-> GO:0022412
GO:0009994 -[is_a]-> GO:0030154
GO:0009994 -[part_of]-> GO:0048477
GO:0009995 -[is_a]-> GO:0009593
GO:0009996 -[is_a]-> GO:0010454
GO:0009996 -[is_a]-> GO:0042659
GO:0009996 -[negatively_regulates]-> GO:0001708
GO:0009997 -[is_a]-> GO:0042686
GO:0009997 -[is_a]-> GO:0051892
GO:0009997 -[is_a]-> GO:2000044
GO:0009997 -[negatively_regulates]-> GO:0042685
GO:0009998 -[is_a]-> GO:0009996
GO:0009998 -[is_a]-> GO:0042673
GO:0009998 -[is_a]-> GO:0060226
GO:0009998 -[negatively_regulates]-> GO:0042672
GO:0009999 -[is_a]-> GO:0009996
GO:0009999 -[is_a]-> GO:0042669
GO:0009999 -[is_a]-> GO:0045608
GO:0009999 -[negatively_regulates]-> GO:0042667
GO:0010001 -[is_a]-> GO:0030154
GO:0010001 -[part_of]-> GO:0042063
GO:0010002 -[is_a]-> GO:0035051
GO:0010002 -[is_a]-> GO:0048863
GO:0010004 -[is_a]-> GO:0001703
GO:0010005 -[is_a]-> GO:0055028
GO:0010006 -[is_a]-> GO:0044434
GO:0010006 -[is_a]-> GO:0098796
GO:0010006 -[part_of]-> GO:0009707
GO:0010007 -[is_a]-> GO:0044434
GO:0010007 -[is_a]-> GO:1902494
GO:0010008 -[is_a]-> GO:0044440
GO:0010008 -[is_a]-> GO:0098588
GO:0010008 -[is_a]-> GO:0098805
GO:0010009 -[is_a]-> GO:0044440
GO:0010009 -[is_a]-> GO:0098562
GO:0010009 -[part_of]-> GO:0010008
GO:0010011 -[is_a]-> GO:0042562
GO:0010012 -[is_a]-> GO:0008395
GO:0010013 -[is_a]-> GO:0008144
GO:0010013 -[is_a]-> GO:0033218
GO:0010013 -[is_a]-> GO:0043177
GO:0010013 -[is_a]-> GO:0097159
GO:0010014 -[is_a]-> GO:0044767
GO:0010014 -[part_of]-> GO:0009933
GO:0010015 -[is_a]-> GO:0044767
GO:0010015 -[is_a]-> GO:1905392
GO:0010015 -[part_of]-> GO:0048364
GO:0010016 -[is_a]-> GO:0009653
GO:0010016 -[part_of]-> GO:0048367
GO:0010017 -[is_a]-> GO:0007165
GO:0010017 -[is_a]-> GO:0071489
GO:0010018 -[is_a]-> GO:0010017
GO:0010018 -[is_a]-> GO:0071490
GO:0010019 -[is_a]-> GO:0007165
GO:0010020 -[is_a]-> GO:0009658
GO:0010020 -[is_a]-> GO:0043572
GO:0010021 -[is_a]-> GO:0009059
GO:0010021 -[is_a]-> GO:1901137
GO:0010021 -[is_a]-> GO:2000896
GO:0010022 -[is_a]-> GO:0044707
GO:0010022 -[part_of]-> GO:0010073
GO:0010023 -[is_a]-> GO:0009699
GO:0010023 -[is_a]-> GO:0018130
GO:0010023 -[is_a]-> GO:0046189
GO:0010024 -[is_a]-> GO:0033014
GO:0010024 -[is_a]-> GO:0051188
GO:0010024 -[is_a]-> GO:0051202
GO:0010025 -[is_a]-> GO:0009058
GO:0010025 -[is_a]-> GO:0010166
GO:0010026 -[is_a]-> GO:0030154
GO:0010026 -[part_of]-> GO:0090558
GO:0010027 -[is_a]-> GO:0009668
GO:0010028 -[is_a]-> GO:0016122
GO:0010029 -[is_a]-> GO:1900140
GO:0010029 -[regulates]-> GO:0009845
GO:0010030 -[is_a]-> GO:0010029
GO:0010030 -[is_a]-> GO:0048582
GO:0010030 -[positively_regulates]-> GO:0009845
GO:0010031 -[is_a]-> GO:0050879
GO:0010032 -[is_a]-> GO:0030261
GO:0010032 -[is_a]-> GO:0070192
GO:0010032 -[part_of]-> GO:0051321
GO:0010033 -[is_a]-> GO:0042221
GO:0010034 -[is_a]-> GO:0010033
GO:0010034 -[is_a]-> GO:1901700
GO:0010035 -[is_a]-> GO:0042221
GO:0010036 -[is_a]-> GO:0042221
GO:0010037 -[is_a]-> GO:0010033
GO:0010037 -[is_a]-> GO:1901700
GO:0010038 -[is_a]-> GO:0010035
GO:0010039 -[is_a]-> GO:0010038
GO:0010040 -[is_a]-> GO:0010039
GO:0010041 -[is_a]-> GO:0010039
GO:0010042 -[is_a]-> GO:0010038
GO:0010043 -[is_a]-> GO:0010038
GO:0010044 -[is_a]-> GO:0010038
GO:0010045 -[is_a]-> GO:0010038
GO:0010046 -[is_a]-> GO:0009636
GO:0010047 -[is_a]-> GO:0009900
GO:0010048 -[is_a]-> GO:0009409
GO:0010049 -[is_a]-> GO:0009791
GO:0010050 -[is_a]-> GO:0009791
GO:0010051 -[is_a]-> GO:0003002
GO:0010052 -[is_a]-> GO:0090627
GO:0010052 -[part_of]-> GO:0010103
GO:0010053 -[is_a]-> GO:0090627
GO:0010053 -[part_of]-> GO:0010015
GO:0010053 -[part_of]-> GO:0090558
GO:0010054 -[is_a]-> GO:0010053
GO:0010055 -[is_a]-> GO:0010053
GO:0010056 -[is_a]-> GO:0090628
GO:0010056 -[part_of]-> GO:0010055
GO:0010057 -[is_a]-> GO:0090628
GO:0010057 -[part_of]-> GO:0010054
GO:0010058 -[is_a]-> GO:0042659
GO:0010058 -[is_a]-> GO:1903888
GO:0010058 -[is_a]-> GO:2000067
GO:0010058 -[regulates]-> GO:0010056
GO:0010059 -[is_a]-> GO:0010058
GO:0010059 -[is_a]-> GO:0042660
GO:0010059 -[is_a]-> GO:1903890
GO:0010059 -[is_a]-> GO:1905423
GO:0010059 -[positively_regulates]-> GO:0010056
GO:0010060 -[is_a]-> GO:0009996
GO:0010060 -[is_a]-> GO:0010058
GO:0010060 -[is_a]-> GO:1903889
GO:0010060 -[is_a]-> GO:1905422
GO:0010060 -[negatively_regulates]-> GO:0010056
GO:0010061 -[is_a]-> GO:0042659
GO:0010061 -[is_a]-> GO:1903888
GO:0010061 -[is_a]-> GO:2000067
GO:0010061 -[regulates]-> GO:0010057
GO:0010062 -[is_a]-> GO:0009996
GO:0010062 -[is_a]-> GO:0010061
GO:0010062 -[is_a]-> GO:1903889
GO:0010062 -[is_a]-> GO:1905422
GO:0010062 -[negatively_regulates]-> GO:0010057
GO:0010063 -[is_a]-> GO:0010061
GO:0010063 -[is_a]-> GO:0042660
GO:0010063 -[is_a]-> GO:1903890
GO:0010063 -[is_a]-> GO:1905423
GO:0010063 -[positively_regulates]-> GO:0010057
GO:0010064 -[is_a]-> GO:0010016
GO:0010064 -[is_a]-> GO:0048598
GO:0010065 -[is_a]-> GO:0048508
GO:0010066 -[is_a]-> GO:0010065
GO:0010067 -[is_a]-> GO:0010065
GO:0010068 -[is_a]-> GO:0010065
GO:0010069 -[is_a]-> GO:0000281
GO:0010069 -[is_a]-> GO:0010070
GO:0010069 -[is_a]-> GO:0044702
GO:0010069 -[part_of]-> GO:0009793
GO:0010070 -[is_a]-> GO:0008356
GO:0010071 -[is_a]-> GO:0003006
GO:0010071 -[is_a]-> GO:0044702
GO:0010071 -[is_a]-> GO:0090421
GO:0010071 -[part_of]-> GO:0010015
GO:0010071 -[part_of]-> GO:0048508
GO:0010072 -[is_a]-> GO:0003006
GO:0010072 -[is_a]-> GO:0044702
GO:0010072 -[is_a]-> GO:0090421
GO:0010072 -[part_of]-> GO:0010016
GO:0010072 -[part_of]-> GO:0048508
GO:0010073 -[is_a]-> GO:0044707
GO:0010073 -[part_of]-> GO:0048507
GO:0010074 -[is_a]-> GO:0019827
GO:0010074 -[part_of]-> GO:0010073
GO:0010075 -[is_a]-> GO:0048509
GO:0010075 -[is_a]-> GO:0048638
GO:0010075 -[part_of]-> GO:0010073
GO:0010075 -[regulates]-> GO:0035266
GO:0010076 -[is_a]-> GO:0010074
GO:0010077 -[is_a]-> GO:0010074
GO:0010078 -[is_a]-> GO:0010074
GO:0010078 -[part_of]-> GO:0010015
GO:0010079 -[is_a]-> GO:0010074
GO:0010080 -[is_a]-> GO:0009909
GO:0010080 -[is_a]-> GO:0010075
GO:0010080 -[regulates]-> GO:0010451
GO:0010081 -[is_a]-> GO:0010075
GO:0010081 -[is_a]-> GO:0048580
GO:0010081 -[is_a]-> GO:0048831
GO:0010081 -[is_a]-> GO:2000241
GO:0010081 -[regulates]-> GO:0010450
GO:0010082 -[is_a]-> GO:0010075
GO:0010082 -[is_a]-> GO:2000280
GO:0010082 -[part_of]-> GO:0010015
GO:0010082 -[regulates]-> GO:0010449
GO:0010083 -[is_a]-> GO:0010075
GO:0010083 -[is_a]-> GO:0048831
GO:0010083 -[regulates]-> GO:0010448
GO:0010084 -[is_a]-> GO:0065001
GO:0010084 -[part_of]-> GO:0009887
GO:0010085 -[is_a]-> GO:0065001
GO:0010085 -[part_of]-> GO:0009946
GO:0010086 -[is_a]-> GO:0010015
GO:0010086 -[is_a]-> GO:0048598
GO:0010087 -[is_a]-> GO:0009888
GO:0010088 -[is_a]-> GO:0010087
GO:0010089 -[is_a]-> GO:0010087
GO:0010090 -[is_a]-> GO:0000904
GO:0010090 -[part_of]-> GO:0010026
GO:0010090 -[part_of]-> GO:0090626
GO:0010091 -[is_a]-> GO:0000904
GO:0010091 -[part_of]-> GO:0010090
GO:0010092 -[is_a]-> GO:0003002
GO:0010092 -[part_of]-> GO:0048645
GO:0010093 -[is_a]-> GO:0003006
GO:0010093 -[is_a]-> GO:0044702
GO:0010093 -[is_a]-> GO:0044767
GO:0010093 -[is_a]-> GO:0090701
GO:0010093 -[part_of]-> GO:0048449
GO:0010094 -[is_a]-> GO:0010093
GO:0010094 -[part_of]-> GO:0048462
GO:0010095 -[is_a]-> GO:0010093
GO:0010095 -[part_of]-> GO:0048451
GO:0010096 -[is_a]-> GO:0010093
GO:0010096 -[part_of]-> GO:0048453
GO:0010097 -[is_a]-> GO:0010093
GO:0010097 -[part_of]-> GO:0048455
GO:0010098 -[is_a]-> GO:0048856
GO:0010099 -[is_a]-> GO:0048580
GO:0010099 -[is_a]-> GO:2000030
GO:0010099 -[regulates]-> GO:0009640
GO:0010100 -[is_a]-> GO:0010099
GO:0010100 -[is_a]-> GO:0048581
GO:0010100 -[is_a]-> GO:0048585
GO:0010100 -[negatively_regulates]-> GO:0009640
GO:0010101 -[is_a]-> GO:0010015
GO:0010101 -[is_a]-> GO:0090697
GO:0010101 -[part_of]-> GO:0048528
GO:0010102 -[is_a]-> GO:0010101
GO:0010102 -[part_of]-> GO:0048527
GO:0010103 -[is_a]-> GO:0044767
GO:0010103 -[is_a]-> GO:0090626
GO:0010103 -[is_a]-> GO:0090698
GO:0010103 -[part_of]-> GO:0010016
GO:0010103 -[part_of]-> GO:0010374
GO:0010104 -[is_a]-> GO:0070297
GO:0010104 -[regulates]-> GO:0009873
GO:0010105 -[is_a]-> GO:0010104
GO:0010105 -[is_a]-> GO:0070298
GO:0010105 -[negatively_regulates]-> GO:0009873
GO:0010106 -[is_a]-> GO:0009267
GO:0010107 -[is_a]-> GO:0071805
GO:0010108 -[is_a]-> GO:0009593
GO:0010109 -[is_a]-> GO:0031323
GO:0010109 -[regulates]-> GO:0015979
GO:0010110 -[is_a]-> GO:0010109
GO:0010110 -[is_a]-> GO:0043255
GO:0010110 -[regulates]-> GO:0019685
GO:0010111 -[is_a]-> GO:0007031
GO:0010111 -[is_a]-> GO:0009657
GO:0010112 -[is_a]-> GO:0002831
GO:0010112 -[is_a]-> GO:0032101
GO:0010112 -[is_a]-> GO:0043900
GO:0010112 -[is_a]-> GO:0045088
GO:0010112 -[regulates]-> GO:0009627
GO:0010113 -[is_a]-> GO:0002832
GO:0010113 -[is_a]-> GO:0010112
GO:0010113 -[is_a]-> GO:0032102
GO:0010113 -[is_a]-> GO:0043901
GO:0010113 -[is_a]-> GO:0045824
GO:0010113 -[negatively_regulates]-> GO:0009627
GO:0010114 -[is_a]-> GO:0009639
GO:0010115 -[is_a]-> GO:0010565
GO:0010115 -[is_a]-> GO:0031326
GO:0010115 -[is_a]-> GO:0043455
GO:0010115 -[regulates]-> GO:0009688
GO:0010116 -[is_a]-> GO:0010115
GO:0010116 -[is_a]-> GO:0031328
GO:0010116 -[positively_regulates]-> GO:0009688
GO:0010117 -[is_a]-> GO:0009416
GO:0010118 -[is_a]-> GO:0044763
GO:0010119 -[is_a]-> GO:0050794
GO:0010119 -[regulates]-> GO:0010118
GO:0010120 -[is_a]-> GO:0009700
GO:0010120 -[is_a]-> GO:0044272
GO:0010120 -[is_a]-> GO:0052317
GO:0010121 -[is_a]-> GO:0019493
GO:0010122 -[is_a]-> GO:0006522
GO:0010122 -[is_a]-> GO:0006527
GO:0010123 -[is_a]-> GO:0006067
GO:0010123 -[is_a]-> GO:0019605
GO:0010123 -[is_a]-> GO:0019654
GO:0010123 -[is_a]-> GO:0043443
GO:0010123 -[is_a]-> GO:0045733
GO:0010123 -[is_a]-> GO:0071270
GO:0010124 -[is_a]-> GO:0042178
GO:0010124 -[is_a]-> GO:0072329
GO:0010125 -[is_a]-> GO:0010126
GO:0010125 -[is_a]-> GO:0016138
GO:0010125 -[is_a]-> GO:0044272
GO:0010125 -[is_a]-> GO:0051188
GO:0010126 -[is_a]-> GO:0006790
GO:0010126 -[is_a]-> GO:0016137
GO:0010126 -[is_a]-> GO:0044763
GO:0010126 -[is_a]-> GO:0051186
GO:0010127 -[is_a]-> GO:0098754
GO:0010127 -[part_of]-> GO:0009636
GO:0010128 -[is_a]-> GO:0018875
GO:0010128 -[is_a]-> GO:0043639
GO:0010129 -[is_a]-> GO:0019439
GO:0010129 -[is_a]-> GO:0042178
GO:0010130 -[is_a]-> GO:0018913
GO:0010132 -[is_a]-> GO:0019756
GO:0010132 -[is_a]-> GO:1901806
GO:0010133 -[is_a]-> GO:0006536
GO:0010133 -[is_a]-> GO:0006562
GO:0010134 -[is_a]-> GO:0000103
GO:0010134 -[is_a]-> GO:0019419
GO:0010135 -[is_a]-> GO:0043603
GO:0010136 -[is_a]-> GO:0010135
GO:0010136 -[is_a]-> GO:0044270
GO:0010137 -[is_a]-> GO:0010135
GO:0010137 -[is_a]-> GO:0043604
GO:0010138 -[is_a]-> GO:0009220
GO:0010138 -[is_a]-> GO:0032262
GO:0010139 -[is_a]-> GO:0009221
GO:0010139 -[is_a]-> GO:0032262
GO:0010142 -[is_a]-> GO:0045337
GO:0010142 -[is_a]-> GO:1902767
GO:0010142 -[part_of]-> GO:0016114
GO:0010143 -[is_a]-> GO:0009059
GO:0010144 -[is_a]-> GO:0006796
GO:0010144 -[is_a]-> GO:0009443
GO:0010144 -[is_a]-> GO:0019438
GO:0010144 -[is_a]-> GO:0042818
GO:0010144 -[is_a]-> GO:0046184
GO:0010144 -[is_a]-> GO:0072525
GO:0010144 -[is_a]-> GO:0090407
GO:0010144 -[is_a]-> GO:1901617
GO:0010145 -[is_a]-> GO:0044264
GO:0010146 -[is_a]-> GO:0010145
GO:0010146 -[is_a]-> GO:0033692
GO:0010147 -[is_a]-> GO:0010145
GO:0010147 -[is_a]-> GO:0044247
GO:0010148 -[is_a]-> GO:0006833
GO:0010150 -[is_a]-> GO:0090693
GO:0010150 -[part_of]-> GO:0048366
GO:0010151 -[is_a]-> GO:0009658
GO:0010152 -[is_a]-> GO:0021700
GO:0010152 -[part_of]-> GO:0009555
GO:0010154 -[is_a]-> GO:0048608
GO:0010155 -[is_a]-> GO:0043269
GO:0010155 -[regulates]-> GO:0015992
GO:0010157 -[is_a]-> GO:0010035
GO:0010157 -[is_a]-> GO:1901700
GO:0010158 -[is_a]-> GO:0001708
GO:0010159 -[is_a]-> GO:0003002
GO:0010159 -[part_of]-> GO:0009887
GO:0010160 -[is_a]-> GO:0003002
GO:0010160 -[is_a]-> GO:0048859
GO:0010160 -[part_of]-> GO:0048645
GO:0010161 -[is_a]-> GO:0010017
GO:0010161 -[is_a]-> GO:0071491
GO:0010162 -[is_a]-> GO:0003006
GO:0010162 -[is_a]-> GO:0022611
GO:0010162 -[is_a]-> GO:0044702
GO:0010162 -[is_a]-> GO:0044707
GO:0010162 -[is_a]-> GO:0044767
GO:0010162 -[is_a]-> GO:0048609
GO:0010162 -[part_of]-> GO:0010431
GO:0010163 -[is_a]-> GO:0071805
GO:0010164 -[is_a]-> GO:0010038
GO:0010165 -[is_a]-> GO:0010212
GO:0010166 -[is_a]-> GO:0008152
GO:0010167 -[is_a]-> GO:0010035
GO:0010167 -[is_a]-> GO:1901698
GO:0010167 -[is_a]-> GO:1901700
GO:0010168 -[is_a]-> GO:0043231
GO:0010169 -[is_a]-> GO:0044444
GO:0010169 -[is_a]-> GO:1902494
GO:0010170 -[is_a]-> GO:0044424
GO:0010170 -[is_a]-> GO:1902503
GO:0010171 -[is_a]-> GO:0009653
GO:0010171 -[is_a]-> GO:0044767
GO:0010172 -[is_a]-> GO:0010171
GO:0010172 -[is_a]-> GO:0048598
GO:0010174 -[is_a]-> GO:0005337
GO:0010174 -[is_a]-> GO:0015291
GO:0010175 -[is_a]-> GO:0015166
GO:0010175 -[is_a]-> GO:0046624
GO:0010176 -[is_a]-> GO:0010354
GO:0010177 -[is_a]-> GO:0046912
GO:0010178 -[is_a]-> GO:0016810
GO:0010179 -[is_a]-> GO:0010178
GO:0010180 -[is_a]-> GO:0019899
GO:0010181 -[is_a]-> GO:0032553
GO:0010181 -[is_a]-> GO:0048037
GO:0010182 -[is_a]-> GO:0009756
GO:0010183 -[is_a]-> GO:0022414
GO:0010183 -[is_a]-> GO:0050918
GO:0010183 -[part_of]-> GO:0048868
GO:0010184 -[is_a]-> GO:0009914
GO:0010185 -[is_a]-> GO:0031347
GO:0010185 -[regulates]-> GO:0006968
GO:0010186 -[is_a]-> GO:0010185
GO:0010186 -[is_a]-> GO:0031349
GO:0010186 -[positively_regulates]-> GO:0006968
GO:0010187 -[is_a]-> GO:0010029
GO:0010187 -[is_a]-> GO:0048581
GO:0010187 -[negatively_regulates]-> GO:0009845
GO:0010188 -[is_a]-> GO:0009636
GO:0010189 -[is_a]-> GO:0018130
GO:0010189 -[is_a]-> GO:0042360
GO:0010189 -[is_a]-> GO:0042362
GO:0010189 -[is_a]-> GO:1901362
GO:0010189 -[is_a]-> GO:1901617
GO:0010190 -[is_a]-> GO:0017004
GO:0010191 -[is_a]-> GO:0044237
GO:0010192 -[is_a]-> GO:0010191
GO:0010192 -[is_a]-> GO:0044249
GO:0010193 -[is_a]-> GO:0000302
GO:0010193 -[is_a]-> GO:0001101
GO:0010193 -[is_a]-> GO:0010035
GO:0010196 -[is_a]-> GO:1990066
GO:0010197 -[is_a]-> GO:0000741
GO:0010197 -[part_of]-> GO:0009559
GO:0010198 -[is_a]-> GO:0003006
GO:0010198 -[is_a]-> GO:0010623
GO:0010198 -[is_a]-> GO:0044702
GO:0010198 -[part_of]-> GO:0009856
GO:0010199 -[is_a]-> GO:0090691
GO:0010200 -[is_a]-> GO:0010243
GO:0010200 -[is_a]-> GO:1901700
GO:0010201 -[is_a]-> GO:0010218
GO:0010202 -[is_a]-> GO:0009645
GO:0010202 -[is_a]-> GO:0010114
GO:0010203 -[is_a]-> GO:0010114
GO:0010203 -[is_a]-> GO:0055122
GO:0010204 -[is_a]-> GO:0002218
GO:0010204 -[is_a]-> GO:0007165
GO:0010205 -[is_a]-> GO:0009644
GO:0010205 -[is_a]-> GO:0043155
GO:0010205 -[negatively_regulates]-> GO:0009767
GO:0010206 -[is_a]-> GO:0030091
GO:0010206 -[part_of]-> GO:0009765
GO:0010207 -[is_a]-> GO:0043623
GO:0010207 -[part_of]-> GO:0019684
GO:0010208 -[is_a]-> GO:0010927
GO:0010208 -[is_a]-> GO:0045229
GO:0010208 -[is_a]-> GO:0085029
GO:0010208 -[part_of]-> GO:0009555
GO:0010209 -[is_a]-> GO:0005048
GO:0010210 -[is_a]-> GO:0010178
GO:0010211 -[is_a]-> GO:0010178
GO:0010212 -[is_a]-> GO:0009314
GO:0010213 -[is_a]-> GO:0006281
GO:0010214 -[is_a]-> GO:0003006
GO:0010214 -[is_a]-> GO:0048856
GO:0010214 -[part_of]-> GO:0048316
GO:0010215 -[is_a]-> GO:0030198
GO:0010215 -[part_of]-> GO:0071668
GO:0010216 -[is_a]-> GO:0006259
GO:0010216 -[has_part]-> GO:0006306
GO:0010217 -[is_a]-> GO:0006875
GO:0010217 -[is_a]-> GO:0055079
GO:0010218 -[is_a]-> GO:0009639
GO:0010219 -[is_a]-> GO:0080134
GO:0010219 -[regulates]-> GO:0010048
GO:0010220 -[is_a]-> GO:0010219
GO:0010220 -[is_a]-> GO:0048584
GO:0010220 -[positively_regulates]-> GO:0010048
GO:0010221 -[is_a]-> GO:0010219
GO:0010221 -[is_a]-> GO:0048585
GO:0010221 -[negatively_regulates]-> GO:0010048
GO:0010222 -[is_a]-> GO:0010051
GO:0010223 -[is_a]-> GO:0001763
GO:0010223 -[is_a]-> GO:0010346
GO:0010224 -[is_a]-> GO:0009411
GO:0010225 -[is_a]-> GO:0009411
GO:0010226 -[is_a]-> GO:0010038
GO:0010227 -[is_a]-> GO:0003006
GO:0010227 -[is_a]-> GO:0009838
GO:0010227 -[part_of]-> GO:0048437
GO:0010228 -[is_a]-> GO:0003006
GO:0010228 -[part_of]-> GO:0009791
GO:0010228 -[part_of]-> GO:0048608
GO:0010229 -[is_a]-> GO:0090567
GO:0010230 -[is_a]-> GO:0009060
GO:0010231 -[is_a]-> GO:0010162
GO:0010231 -[is_a]-> GO:0097437
GO:0010232 -[is_a]-> GO:0044707
GO:0010232 -[is_a]-> GO:0044765
GO:0010233 -[is_a]-> GO:0010232
GO:0010234 -[is_a]-> GO:0001708
GO:0010234 -[is_a]-> GO:0003006
GO:0010234 -[is_a]-> GO:0044702
GO:0010234 -[part_of]-> GO:0048657
GO:0010235 -[is_a]-> GO:0000911
GO:0010235 -[part_of]-> GO:0010440
GO:0010236 -[is_a]-> GO:1901663
GO:0010238 -[is_a]-> GO:0014070
GO:0010238 -[is_a]-> GO:0043200
GO:0010239 -[is_a]-> GO:0006397
GO:0010239 -[is_a]-> GO:0031425
GO:0010239 -[occurs_in]-> GO:0009507
GO:0010240 -[is_a]-> GO:0044435
GO:0010240 -[is_a]-> GO:0045254
GO:0010240 -[part_of]-> GO:0009536
GO:0010241 -[is_a]-> GO:0033331
GO:0010241 -[is_a]-> GO:0055114
GO:0010241 -[has_part]-> GO:0052615
GO:0010241 -[has_part]-> GO:0052616
GO:0010241 -[has_part]-> GO:0052617
GO:0010242 -[is_a]-> GO:0016491
GO:0010243 -[is_a]-> GO:0009719
GO:0010243 -[is_a]-> GO:0010033
GO:0010243 -[is_a]-> GO:1901698
GO:0010244 -[is_a]-> GO:0009637
GO:0010244 -[is_a]-> GO:0009645
GO:0010245 -[is_a]-> GO:0000226
GO:0010246 -[is_a]-> GO:0000271
GO:0010246 -[is_a]-> GO:0010395
GO:0010246 -[is_a]-> GO:0044763
GO:0010247 -[is_a]-> GO:0009593
GO:0010248 -[is_a]-> GO:0034220
GO:0010249 -[is_a]-> GO:0009850
GO:0010250 -[is_a]-> GO:0033477
GO:0010250 -[is_a]-> GO:0044272
GO:0010252 -[is_a]-> GO:0048878
GO:0010253 -[is_a]-> GO:0033478
GO:0010253 -[is_a]-> GO:1901576
GO:0010254 -[is_a]-> GO:0003006
GO:0010254 -[is_a]-> GO:0044702
GO:0010254 -[is_a]-> GO:0044767
GO:0010254 -[is_a]-> GO:0048856
GO:0010254 -[part_of]-> GO:0009908
GO:0010255 -[is_a]-> GO:0009757
GO:0010255 -[part_of]-> GO:0071333
GO:0010256 -[is_a]-> GO:0016043
GO:0010257 -[is_a]-> GO:0043623
GO:0010258 -[is_a]-> GO:0010257
GO:0010259 -[is_a]-> GO:0007275
GO:0010259 -[is_a]-> GO:0007568
GO:0010260 -[is_a]-> GO:0007568
GO:0010260 -[part_of]-> GO:0048513
GO:0010262 -[is_a]-> GO:0009793
GO:0010263 -[is_a]-> GO:0010683
GO:0010263 -[is_a]-> GO:0016104
GO:0010263 -[is_a]-> GO:1901362
GO:0010264 -[is_a]-> GO:0032958
GO:0010264 -[is_a]-> GO:0033517
GO:0010265 -[is_a]-> GO:0043623
GO:0010266 -[is_a]-> GO:0010243
GO:0010266 -[is_a]-> GO:0014070
GO:0010266 -[is_a]-> GO:0033273
GO:0010267 -[is_a]-> GO:0030422
GO:0010268 -[is_a]-> GO:0055088
GO:0010269 -[is_a]-> GO:0010035
GO:0010270 -[is_a]-> GO:0010207
GO:0010271 -[is_a]-> GO:0090056
GO:0010271 -[is_a]-> GO:1901404
GO:0010271 -[regulates]-> GO:0015996
GO:0010272 -[is_a]-> GO:0010038
GO:0010273 -[is_a]-> GO:0061687
GO:0010273 -[part_of]-> GO:1990169
GO:0010274 -[is_a]-> GO:0009606
GO:0010275 -[is_a]-> GO:0043623
GO:0010276 -[is_a]-> GO:0016301
GO:0010277 -[is_a]-> GO:0016703
GO:0010278 -[is_a]-> GO:0044434
GO:0010278 -[is_a]-> GO:0098796
GO:0010278 -[part_of]-> GO:0009707
GO:0010279 -[is_a]-> GO:0016881
GO:0010280 -[is_a]-> GO:0003824
GO:0010282 -[is_a]-> GO:0000323
GO:0010282 -[is_a]-> GO:0000325
GO:0010283 -[is_a]-> GO:0016628
GO:0010284 -[is_a]-> GO:0016628
GO:0010285 -[is_a]-> GO:0008483
GO:0010286 -[is_a]-> GO:0009408
GO:0010287 -[is_a]-> GO:0044434
GO:0010287 -[part_of]-> GO:0009570
GO:0010288 -[is_a]-> GO:0010038
GO:0010289 -[is_a]-> GO:0010394
GO:0010289 -[is_a]-> GO:0052325
GO:0010290 -[is_a]-> GO:0022891
GO:0010291 -[is_a]-> GO:0004497
GO:0010292 -[is_a]-> GO:0001409
GO:0010292 -[is_a]-> GO:0005346
GO:0010292 -[is_a]-> GO:0015211
GO:0010292 -[is_a]-> GO:0015297
GO:0010293 -[is_a]-> GO:0018488
GO:0010294 -[is_a]-> GO:0035251
GO:0010295 -[is_a]-> GO:0016709
GO:0010296 -[is_a]-> GO:0051723
GO:0010297 -[is_a]-> GO:0030247
GO:0010298 -[is_a]-> GO:0016831
GO:0010299 -[is_a]-> GO:0061687
GO:0010299 -[part_of]-> GO:0010043
GO:0010301 -[is_a]-> GO:0004022
GO:0010303 -[is_a]-> GO:0004553
GO:0010304 -[is_a]-> GO:0044257
GO:0010305 -[is_a]-> GO:0010051
GO:0010306 -[is_a]-> GO:0010396
GO:0010306 -[is_a]-> GO:0052325
GO:0010307 -[is_a]-> GO:0019207
GO:0010307 -[regulates]-> GO:0003991
GO:0010308 -[is_a]-> GO:0016702
GO:0010309 -[is_a]-> GO:0016702
GO:0010310 -[is_a]-> GO:2000377
GO:0010310 -[regulates]-> GO:0042743
GO:0010311 -[is_a]-> GO:0009791
GO:0010311 -[is_a]-> GO:0044767
GO:0010311 -[is_a]-> GO:1905393
GO:0010311 -[part_of]-> GO:0010102
GO:0010312 -[is_a]-> GO:0098754
GO:0010312 -[part_of]-> GO:1990359
GO:0010313 -[is_a]-> GO:0005515
GO:0010314 -[is_a]-> GO:1901981
GO:0010315 -[is_a]-> GO:0010928
GO:0010315 -[is_a]-> GO:0060918
GO:0010315 -[regulates]-> GO:0009734
GO:0010316 -[is_a]-> GO:0043234
GO:0010317 -[is_a]-> GO:0043234
GO:0010317 -[part_of]-> GO:0010316
GO:0010318 -[is_a]-> GO:0043234
GO:0010318 -[part_of]-> GO:0010316
GO:0010319 -[is_a]-> GO:0044435
GO:0010319 -[part_of]-> GO:0009526
GO:0010321 -[is_a]-> GO:0048580
GO:0010321 -[regulates]-> GO:0010050
GO:0010322 -[is_a]-> GO:0010565
GO:0010322 -[is_a]-> GO:0010675
GO:0010322 -[is_a]-> GO:0019747
GO:0010322 -[is_a]-> GO:0071071
GO:0010322 -[regulates]-> GO:0019288
GO:0010323 -[is_a]-> GO:0010322
GO:0010323 -[is_a]-> GO:0010677
GO:0010323 -[is_a]-> GO:0045827
GO:0010323 -[is_a]-> GO:0071072
GO:0010323 -[negatively_regulates]-> GO:0019288
GO:0010324 -[is_a]-> GO:0061024
GO:0010325 -[is_a]-> GO:0009312
GO:0010326 -[is_a]-> GO:0008483
GO:0010327 -[is_a]-> GO:0016413
GO:0010328 -[is_a]-> GO:0080161
GO:0010328 -[part_of]-> GO:0060919
GO:0010329 -[is_a]-> GO:0015562
GO:0010329 -[is_a]-> GO:0080161
GO:0010329 -[part_of]-> GO:0010315
GO:0010330 -[is_a]-> GO:1990234
GO:0010331 -[is_a]-> GO:0019840
GO:0010331 -[is_a]-> GO:0042562
GO:0010331 -[is_a]-> GO:0043177
GO:0010332 -[is_a]-> GO:0010212
GO:0010333 -[is_a]-> GO:0016838
GO:0010334 -[is_a]-> GO:0010333
GO:0010335 -[is_a]-> GO:0006970
GO:0010336 -[is_a]-> GO:0055088
GO:0010337 -[is_a]-> GO:0010565
GO:0010337 -[regulates]-> GO:0009696
GO:0010338 -[is_a]-> GO:0099402
GO:0010338 -[is_a]-> GO:1905393
GO:0010338 -[part_of]-> GO:0009965
GO:0010339 -[is_a]-> GO:0044426
GO:0010339 -[part_of]-> GO:0009986
GO:0010340 -[is_a]-> GO:0008171
GO:0010341 -[is_a]-> GO:0010340
GO:0010342 -[is_a]-> GO:0007349
GO:0010343 -[is_a]-> GO:0097468
GO:0010343 -[part_of]-> GO:0071452
GO:0010344 -[is_a]-> GO:0022414
GO:0010344 -[is_a]-> GO:0044085
GO:0010344 -[part_of]-> GO:0048316
GO:0010345 -[is_a]-> GO:0009699
GO:0010346 -[is_a]-> GO:1905393
GO:0010346 -[part_of]-> GO:0010016
GO:0010347 -[is_a]-> GO:0070456
GO:0010348 -[is_a]-> GO:0005451
GO:0010349 -[is_a]-> GO:0016646
GO:0010350 -[is_a]-> GO:0009267
GO:0010351 -[is_a]-> GO:0015672
GO:0010351 -[is_a]-> GO:0030001
GO:0010352 -[is_a]-> GO:0010351
GO:0010353 -[is_a]-> GO:0034285
GO:0010354 -[is_a]-> GO:0004659
GO:0010355 -[is_a]-> GO:0010354
GO:0010356 -[is_a]-> GO:0010354
GO:0010357 -[is_a]-> GO:0010354
GO:0010358 -[is_a]-> GO:0048532
GO:0010358 -[part_of]-> GO:0009965
GO:0010359 -[is_a]-> GO:0032412
GO:0010359 -[is_a]-> GO:1903959
GO:0010359 -[regulates]-> GO:0005253
GO:0010360 -[is_a]-> GO:0010359
GO:0010360 -[is_a]-> GO:0032413
GO:0010360 -[is_a]-> GO:1903960
GO:0010360 -[negatively_regulates]-> GO:0005253
GO:0010361 -[is_a]-> GO:0010359
GO:0010362 -[is_a]-> GO:0010360
GO:0010362 -[is_a]-> GO:0010361
GO:0010363 -[is_a]-> GO:0043067
GO:0010363 -[is_a]-> GO:0045088
GO:0010363 -[is_a]-> GO:0080135
GO:0010363 -[regulates]-> GO:0009626
GO:0010364 -[is_a]-> GO:0031326
GO:0010364 -[is_a]-> GO:0031335
GO:0010364 -[is_a]-> GO:1900911
GO:0010364 -[regulates]-> GO:0009693
GO:0010365 -[is_a]-> GO:0010364
GO:0010365 -[is_a]-> GO:0031328
GO:0010365 -[is_a]-> GO:0031337
GO:0010365 -[is_a]-> GO:1900913
GO:0010365 -[positively_regulates]-> GO:0009693
GO:0010366 -[is_a]-> GO:0010364
GO:0010366 -[is_a]-> GO:0031327
GO:0010366 -[is_a]-> GO:0031336
GO:0010366 -[is_a]-> GO:1900912
GO:0010366 -[negatively_regulates]-> GO:0009693
GO:0010367 -[is_a]-> GO:0043033
GO:0010367 -[is_a]-> GO:0044421
GO:0010367 -[part_of]-> GO:0005576
GO:0010368 -[is_a]-> GO:0043033
GO:0010368 -[is_a]-> GO:0044434
GO:0010368 -[part_of]-> GO:0009507
GO:0010369 -[is_a]-> GO:0098687
GO:0010370 -[is_a]-> GO:0010369
GO:0010371 -[is_a]-> GO:0010565
GO:0010371 -[is_a]-> GO:0019747
GO:0010371 -[is_a]-> GO:0031326
GO:0010371 -[is_a]-> GO:0043455
GO:0010371 -[is_a]-> GO:0046890
GO:0010371 -[regulates]-> GO:0009686
GO:0010372 -[is_a]-> GO:0010371
GO:0010372 -[is_a]-> GO:0031328
GO:0010372 -[is_a]-> GO:0045828
GO:0010372 -[is_a]-> GO:0046889
GO:0010372 -[positively_regulates]-> GO:0009686
GO:0010373 -[is_a]-> GO:0010371
GO:0010373 -[is_a]-> GO:0031327
GO:0010373 -[is_a]-> GO:0045827
GO:0010373 -[is_a]-> GO:0051055
GO:0010373 -[negatively_regulates]-> GO:0009686
GO:0010374 -[is_a]-> GO:0009791
GO:0010374 -[is_a]-> GO:0044767
GO:0010374 -[is_a]-> GO:0090558
GO:0010375 -[is_a]-> GO:0003002
GO:0010376 -[is_a]-> GO:0044767
GO:0010376 -[is_a]-> GO:0048646
GO:0010376 -[part_of]-> GO:0010103
GO:0010377 -[is_a]-> GO:0045165
GO:0010377 -[part_of]-> GO:0010052
GO:0010378 -[is_a]-> GO:0009266
GO:0010378 -[is_a]-> GO:0042752
GO:0010379 -[is_a]-> GO:0072330
GO:0010380 -[is_a]-> GO:0090056
GO:0010380 -[is_a]-> GO:1901463
GO:0010380 -[regulates]-> GO:0015995
GO:0010381 -[is_a]-> GO:0051640
GO:0010383 -[is_a]-> GO:0005976
GO:0010383 -[is_a]-> GO:0044036
GO:0010384 -[is_a]-> GO:0006029
GO:0010384 -[is_a]-> GO:0044036
GO:0010385 -[is_a]-> GO:0003690
GO:0010387 -[is_a]-> GO:0043623
GO:0010388 -[is_a]-> GO:0000338
GO:0010389 -[is_a]-> GO:1901990
GO:0010389 -[is_a]-> GO:1902749
GO:0010389 -[regulates]-> GO:0000086
GO:0010390 -[is_a]-> GO:0006513
GO:0010390 -[is_a]-> GO:0016574
GO:0010391 -[is_a]-> GO:0006080
GO:0010392 -[is_a]-> GO:0006080
GO:0010393 -[is_a]-> GO:0005976
GO:0010394 -[is_a]-> GO:0010393
GO:0010395 -[is_a]-> GO:0044036
GO:0010395 -[is_a]-> GO:0044264
GO:0010395 -[is_a]-> GO:0052546
GO:0010396 -[is_a]-> GO:0010393
GO:0010397 -[is_a]-> GO:0005976
GO:0010397 -[is_a]-> GO:0044723
GO:0010398 -[is_a]-> GO:0010393
GO:0010399 -[is_a]-> GO:0010395
GO:0010400 -[is_a]-> GO:0010395
GO:0010401 -[is_a]-> GO:0010400
GO:0010402 -[is_a]-> GO:0010400
GO:0010403 -[is_a]-> GO:0010400
GO:0010404 -[is_a]-> GO:0010384
GO:0010405 -[is_a]-> GO:0010404
GO:0010406 -[is_a]-> GO:0010405
GO:0010407 -[is_a]-> GO:0010405
GO:0010408 -[is_a]-> GO:0010405
GO:0010409 -[is_a]-> GO:0010404
GO:0010410 -[is_a]-> GO:0010383
GO:0010411 -[is_a]-> GO:0006073
GO:0010411 -[is_a]-> GO:0010410
GO:0010412 -[is_a]-> GO:0044036
GO:0010412 -[is_a]-> GO:0044264
GO:0010413 -[is_a]-> GO:0045491
GO:0010414 -[is_a]-> GO:0010413
GO:0010414 -[is_a]-> GO:0010416
GO:0010415 -[is_a]-> GO:0010412
GO:0010416 -[is_a]-> GO:0045491
GO:0010417 -[is_a]-> GO:0010413
GO:0010417 -[is_a]-> GO:0045492
GO:0010418 -[is_a]-> GO:0010394
GO:0010418 -[is_a]-> GO:0010396
GO:0010419 -[is_a]-> GO:0010396
GO:0010420 -[is_a]-> GO:0008757
GO:0010421 -[is_a]-> GO:0036474
GO:0010421 -[is_a]-> GO:0097468
GO:0010422 -[is_a]-> GO:0090030
GO:0010422 -[regulates]-> GO:0016132
GO:0010423 -[is_a]-> GO:0010422
GO:0010423 -[is_a]-> GO:0090032
GO:0010423 -[negatively_regulates]-> GO:0016132
GO:0010424 -[is_a]-> GO:0032776
GO:0010425 -[is_a]-> GO:0032776
GO:0010426 -[is_a]-> GO:0032776
GO:0010427 -[is_a]-> GO:0033293
GO:0010427 -[is_a]-> GO:0042562
GO:0010428 -[is_a]-> GO:0000166
GO:0010429 -[is_a]-> GO:0000166
GO:0010430 -[is_a]-> GO:0019395
GO:0010431 -[is_a]-> GO:0003006
GO:0010431 -[is_a]-> GO:0021700
GO:0010431 -[is_a]-> GO:0044702
GO:0010431 -[is_a]-> GO:0048609
GO:0010431 -[part_of]-> GO:0048316
GO:0010432 -[is_a]-> GO:0048827
GO:0010433 -[is_a]-> GO:1905392
GO:0010433 -[part_of]-> GO:0010432
GO:0010434 -[is_a]-> GO:1905393
GO:0010434 -[part_of]-> GO:0010433
GO:0010435 -[is_a]-> GO:0016405
GO:0010436 -[is_a]-> GO:0016702
GO:0010437 -[is_a]-> GO:0010436
GO:0010438 -[is_a]-> GO:0009267
GO:0010439 -[is_a]-> GO:0010675
GO:0010439 -[is_a]-> GO:0031326
GO:0010439 -[is_a]-> GO:0042762
GO:0010439 -[is_a]-> GO:0043255
GO:0010439 -[is_a]-> GO:1900376
GO:0010439 -[regulates]-> GO:0019761
GO:0010440 -[is_a]-> GO:0048869
GO:0010440 -[part_of]-> GO:0010374
GO:0010441 -[is_a]-> GO:0048468
GO:0010441 -[part_of]-> GO:0010052
GO:0010442 -[is_a]-> GO:0000904
GO:0010442 -[is_a]-> GO:0090698
GO:0010442 -[part_of]-> GO:0010441
GO:0010443 -[is_a]-> GO:0000911
GO:0010443 -[part_of]-> GO:0010440
GO:0010444 -[is_a]-> GO:0090627
GO:0010444 -[part_of]-> GO:0010440
GO:0010445 -[is_a]-> GO:0016604
GO:0010446 -[is_a]-> GO:0009268
GO:0010447 -[is_a]-> GO:0009268
GO:0010448 -[is_a]-> GO:0035266
GO:0010448 -[is_a]-> GO:0080186
GO:0010448 -[part_of]-> GO:0048367
GO:0010449 -[is_a]-> GO:0035266
GO:0010449 -[part_of]-> GO:0048364
GO:0010450 -[is_a]-> GO:0003006
GO:0010450 -[is_a]-> GO:0035266
GO:0010450 -[is_a]-> GO:0044702
GO:0010450 -[part_of]-> GO:0010229
GO:0010451 -[is_a]-> GO:0003006
GO:0010451 -[is_a]-> GO:0035266
GO:0010451 -[is_a]-> GO:0044702
GO:0010451 -[part_of]-> GO:0009908
GO:0010452 -[is_a]-> GO:0034968
GO:0010453 -[is_a]-> GO:0045595
GO:0010453 -[regulates]-> GO:0045165
GO:0010454 -[is_a]-> GO:0010453
GO:0010454 -[is_a]-> GO:0045596
GO:0010454 -[negatively_regulates]-> GO:0045165
GO:0010455 -[is_a]-> GO:0010453
GO:0010455 -[is_a]-> GO:0045597
GO:0010455 -[positively_regulates]-> GO:0045165
GO:0010456 -[is_a]-> GO:0061351
GO:0010457 -[is_a]-> GO:0051297
GO:0010458 -[is_a]-> GO:0044772
GO:0010458 -[part_of]-> GO:0007067
GO:0010459 -[is_a]-> GO:0002027
GO:0010459 -[is_a]-> GO:0045822
GO:0010460 -[is_a]-> GO:0002027
GO:0010460 -[is_a]-> GO:0045823
GO:0010461 -[is_a]-> GO:0005216
GO:0010462 -[is_a]-> GO:0016061
GO:0010462 -[is_a]-> GO:0050848
GO:0010462 -[is_a]-> GO:1901385
GO:0010462 -[regulates]-> GO:0008086
GO:0010463 -[is_a]-> GO:0008283
GO:0010464 -[is_a]-> GO:0042127
GO:0010464 -[regulates]-> GO:0010463
GO:0010465 -[is_a]-> GO:0005030
GO:0010465 -[has_part]-> GO:0048406
GO:0010465 -[part_of]-> GO:0038180
GO:0010466 -[is_a]-> GO:0045861
GO:0010466 -[is_a]-> GO:0051346
GO:0010466 -[is_a]-> GO:0052547
GO:0010466 -[negatively_regulates]-> GO:0008233
GO:0010467 -[is_a]-> GO:0043170
GO:0010468 -[is_a]-> GO:0060255
GO:0010468 -[regulates]-> GO:0010467
GO:0010469 -[is_a]-> GO:0009966
GO:0010469 -[is_a]-> GO:0065009
GO:0010469 -[regulates]-> GO:0004872
GO:0010470 -[is_a]-> GO:0022603
GO:0010470 -[is_a]-> GO:0045995
GO:0010470 -[regulates]-> GO:0007369
GO:0010471 -[is_a]-> GO:0008905
GO:0010472 -[is_a]-> GO:0070568
GO:0010473 -[is_a]-> GO:0070568
GO:0010474 -[is_a]-> GO:0070568
GO:0010475 -[is_a]-> GO:0070568
GO:0010476 -[is_a]-> GO:0009755
GO:0010476 -[part_of]-> GO:0071370
GO:0010477 -[is_a]-> GO:0010035
GO:0010477 -[is_a]-> GO:1901700
GO:0010478 -[is_a]-> GO:0022904
GO:0010479 -[is_a]-> GO:0009888
GO:0010479 -[part_of]-> GO:0048364
GO:0010480 -[is_a]-> GO:0003006
GO:0010480 -[is_a]-> GO:0044702
GO:0010480 -[is_a]-> GO:0048533
GO:0010480 -[part_of]-> GO:0048653
GO:0010481 -[is_a]-> GO:0051301
GO:0010482 -[is_a]-> GO:0051302
GO:0010482 -[regulates]-> GO:0010481
GO:0010483 -[is_a]-> GO:0044703
GO:0010483 -[is_a]-> GO:0051703
GO:0010483 -[part_of]-> GO:0009856
GO:0010484 -[is_a]-> GO:0004402
GO:0010484 -[part_of]-> GO:0043966
GO:0010485 -[is_a]-> GO:0004402
GO:0010485 -[part_of]-> GO:0043967
GO:0010486 -[is_a]-> GO:0005384
GO:0010486 -[is_a]-> GO:0051139
GO:0010487 -[is_a]-> GO:0016765
GO:0010488 -[is_a]-> GO:0035250
GO:0010489 -[is_a]-> GO:0016857
GO:0010490 -[is_a]-> GO:0016616
GO:0010491 -[is_a]-> GO:0051748
GO:0010492 -[is_a]-> GO:0010074
GO:0010493 -[is_a]-> GO:0033692
GO:0010493 -[is_a]-> GO:1901137
GO:0010494 -[is_a]-> GO:0036464
GO:0010495 -[is_a]-> GO:0016441
GO:0010496 -[is_a]-> GO:0006810
GO:0010496 -[is_a]-> GO:0009987
GO:0010497 -[is_a]-> GO:0010496
GO:0010498 -[is_a]-> GO:0030163
GO:0010498 -[is_a]-> GO:0051603
GO:0010499 -[is_a]-> GO:0010498
GO:0010500 -[is_a]-> GO:0048467
GO:0010501 -[is_a]-> GO:0016070
GO:0010506 -[is_a]-> GO:0050794
GO:0010506 -[regulates]-> GO:0006914
GO:0010507 -[is_a]-> GO:0010506
GO:0010507 -[is_a]-> GO:0048523
GO:0010507 -[negatively_regulates]-> GO:0006914
GO:0010508 -[is_a]-> GO:0010506
GO:0010508 -[is_a]-> GO:0048522
GO:0010508 -[positively_regulates]-> GO:0006914
GO:0010509 -[is_a]-> GO:0048878
GO:0010510 -[is_a]-> GO:0050812
GO:0010510 -[regulates]-> GO:0006086
GO:0010511 -[is_a]-> GO:0071071
GO:0010511 -[regulates]-> GO:0006661
GO:0010512 -[is_a]-> GO:0010511
GO:0010512 -[is_a]-> GO:0071072
GO:0010512 -[negatively_regulates]-> GO:0006661
GO:0010513 -[is_a]-> GO:0010511
GO:0010513 -[is_a]-> GO:0071073
GO:0010513 -[positively_regulates]-> GO:0006661
GO:0010514 -[is_a]-> GO:0031139
GO:0010515 -[is_a]-> GO:0031138
GO:0010515 -[negatively_regulates]-> GO:0010514
GO:0010516 -[is_a]-> GO:0010648
GO:0010516 -[is_a]-> GO:0032108
GO:0010516 -[is_a]-> GO:0080135
GO:0010516 -[negatively_regulates]-> GO:0006995
GO:0010517 -[is_a]-> GO:0060191
GO:0010517 -[regulates]-> GO:0004620
GO:0010518 -[is_a]-> GO:0010517
GO:0010518 -[is_a]-> GO:0060193
GO:0010518 -[positively_regulates]-> GO:0004620
GO:0010519 -[is_a]-> GO:0010517
GO:0010519 -[is_a]-> GO:0060192
GO:0010519 -[negatively_regulates]-> GO:0004620
GO:0010520 -[is_a]-> GO:0000018
GO:0010520 -[is_a]-> GO:0060631
GO:0010520 -[regulates]-> GO:0007131
GO:0010521 -[is_a]-> GO:0004857
GO:0010521 -[negatively_regulates]-> GO:0003720
GO:0010521 -[part_of]-> GO:0051974
GO:0010522 -[is_a]-> GO:0050794
GO:0010522 -[is_a]-> GO:0051924
GO:0010522 -[is_a]-> GO:0060341
GO:0010522 -[is_a]-> GO:2000021
GO:0010522 -[regulates]-> GO:0060402
GO:0010523 -[is_a]-> GO:0010522
GO:0010523 -[is_a]-> GO:0032845
GO:0010523 -[is_a]-> GO:0048523
GO:0010523 -[is_a]-> GO:0051926
GO:0010523 -[negatively_regulates]-> GO:0060402
GO:0010524 -[is_a]-> GO:0010522
GO:0010524 -[is_a]-> GO:0032846
GO:0010524 -[is_a]-> GO:0048522
GO:0010524 -[is_a]-> GO:0051928
GO:0010524 -[positively_regulates]-> GO:0060402
GO:0010525 -[is_a]-> GO:0010528
GO:0010525 -[regulates]-> GO:0032197
GO:0010526 -[is_a]-> GO:0010525
GO:0010526 -[is_a]-> GO:0010529
GO:0010526 -[negatively_regulates]-> GO:0032197
GO:0010527 -[is_a]-> GO:0010525
GO:0010527 -[is_a]-> GO:0010530
GO:0010527 -[positively_regulates]-> GO:0032197
GO:0010528 -[is_a]-> GO:0050794
GO:0010528 -[regulates]-> GO:0032196
GO:0010529 -[is_a]-> GO:0010528
GO:0010529 -[is_a]-> GO:0048523
GO:0010529 -[negatively_regulates]-> GO:0032196
GO:0010530 -[is_a]-> GO:0010528
GO:0010530 -[is_a]-> GO:0048522
GO:0010530 -[positively_regulates]-> GO:0032196
GO:0010531 -[is_a]-> GO:0042976
GO:0010532 -[is_a]-> GO:0010533
GO:0010532 -[regulates]-> GO:0010531
GO:0010533 -[is_a]-> GO:0045859
GO:0010533 -[is_a]-> GO:0046425
GO:0010533 -[is_a]-> GO:0050730
GO:0010533 -[regulates]-> GO:0042976
GO:0010534 -[is_a]-> GO:0010533
GO:0010534 -[regulates]-> GO:0042977
GO:0010535 -[is_a]-> GO:0010534
GO:0010535 -[is_a]-> GO:0010536
GO:0010535 -[positively_regulates]-> GO:0042977
GO:0010536 -[is_a]-> GO:0010533
GO:0010536 -[is_a]-> GO:0050731
GO:0010536 -[positively_regulates]-> GO:0042976
GO:0010537 -[is_a]-> GO:0010532
GO:0010537 -[is_a]-> GO:0010536
GO:0010537 -[positively_regulates]-> GO:0010531
GO:0010540 -[is_a]-> GO:0009926
GO:0010541 -[is_a]-> GO:0009926
GO:0010542 -[is_a]-> GO:0015112
GO:0010542 -[is_a]-> GO:0015291
GO:0010542 -[is_a]-> GO:0015562
GO:0010543 -[is_a]-> GO:0030193
GO:0010543 -[is_a]-> GO:0050865
GO:0010543 -[regulates]-> GO:0030168
GO:0010544 -[is_a]-> GO:0010543
GO:0010544 -[is_a]-> GO:0030195
GO:0010544 -[is_a]-> GO:0050866
GO:0010544 -[negatively_regulates]-> GO:0030168
GO:0010547 -[is_a]-> GO:0010027
GO:0010547 -[is_a]-> GO:0030397
GO:0010548 -[is_a]-> GO:0010549
GO:0010548 -[is_a]-> GO:0033043
GO:0010548 -[regulates]-> GO:0010547
GO:0010549 -[is_a]-> GO:0051128
GO:0010549 -[regulates]-> GO:0030397
GO:0010550 -[is_a]-> GO:1903362
GO:0010550 -[regulates]-> GO:0010304
GO:0010555 -[is_a]-> GO:0009743
GO:0010556 -[is_a]-> GO:0009889
GO:0010556 -[is_a]-> GO:0060255
GO:0010556 -[regulates]-> GO:0009059
GO:0010557 -[is_a]-> GO:0009891
GO:0010557 -[is_a]-> GO:0010556
GO:0010557 -[is_a]-> GO:0010604
GO:0010557 -[positively_regulates]-> GO:0009059
GO:0010558 -[is_a]-> GO:0009890
GO:0010558 -[is_a]-> GO:0010556
GO:0010558 -[is_a]-> GO:0010605
GO:0010558 -[negatively_regulates]-> GO:0009059
GO:0010559 -[is_a]-> GO:1903018
GO:0010559 -[is_a]-> GO:2000112
GO:0010559 -[regulates]-> GO:0009101
GO:0010560 -[is_a]-> GO:0010557
GO:0010560 -[is_a]-> GO:0010559
GO:0010560 -[is_a]-> GO:0031328
GO:0010560 -[is_a]-> GO:1903020
GO:0010560 -[positively_regulates]-> GO:0009101
GO:0010561 -[is_a]-> GO:0010559
GO:0010561 -[is_a]-> GO:1903019
GO:0010561 -[is_a]-> GO:2000113
GO:0010561 -[negatively_regulates]-> GO:0009101
GO:0010562 -[is_a]-> GO:0031325
GO:0010562 -[is_a]-> GO:0051174
GO:0010562 -[positively_regulates]-> GO:0006793
GO:0010563 -[is_a]-> GO:0031324
GO:0010563 -[is_a]-> GO:0051174
GO:0010563 -[negatively_regulates]-> GO:0006793
GO:0010564 -[is_a]-> GO:0051726
GO:0010564 -[regulates]-> GO:0022402
GO:0010565 -[is_a]-> GO:0031323
GO:0010565 -[regulates]-> GO:0042180
GO:0010566 -[is_a]-> GO:0010565
GO:0010566 -[is_a]-> GO:0031326
GO:0010566 -[regulates]-> GO:0042181
GO:0010567 -[is_a]-> GO:0010565
GO:0010567 -[is_a]-> GO:0031329
GO:0010567 -[regulates]-> GO:0042182
GO:0010568 -[is_a]-> GO:0007116
GO:0010568 -[is_a]-> GO:0040008
GO:0010568 -[is_a]-> GO:2000241
GO:0010568 -[regulates]-> GO:0007118
GO:0010569 -[is_a]-> GO:0000018
GO:0010569 -[is_a]-> GO:2000779
GO:0010569 -[regulates]-> GO:0000724
GO:0010570 -[is_a]-> GO:0040008
GO:0010570 -[regulates]-> GO:0030447
GO:0010571 -[is_a]-> GO:0033262
GO:0010571 -[is_a]-> GO:0090068
GO:0010571 -[is_a]-> GO:2000105
GO:0010571 -[positively_regulates]-> GO:0033260
GO:0010572 -[is_a]-> GO:0010543
GO:0010572 -[is_a]-> GO:0030194
GO:0010572 -[is_a]-> GO:0050867
GO:0010572 -[positively_regulates]-> GO:0030168
GO:0010573 -[is_a]-> GO:0001816
GO:0010574 -[is_a]-> GO:0001817
GO:0010574 -[regulates]-> GO:0010573
GO:0010575 -[is_a]-> GO:0001819
GO:0010575 -[is_a]-> GO:0010574
GO:0010575 -[positively_regulates]-> GO:0010573
GO:0010578 -[is_a]-> GO:0045761
GO:0010578 -[part_of]-> GO:0007188
GO:0010579 -[is_a]-> GO:0010578
GO:0010579 -[is_a]-> GO:0045762
GO:0010579 -[part_of]-> GO:0007189
GO:0010581 -[is_a]-> GO:0010962
GO:0010581 -[is_a]-> GO:2000904
GO:0010581 -[regulates]-> GO:0019252
GO:0010582 -[is_a]-> GO:0003006
GO:0010582 -[is_a]-> GO:0010022
GO:0010582 -[is_a]-> GO:0044702
GO:0010582 -[is_a]-> GO:0044767
GO:0010582 -[part_of]-> GO:0009908
GO:0010583 -[is_a]-> GO:0014070
GO:0010584 -[is_a]-> GO:0010208
GO:0010585 -[is_a]-> GO:0006868
GO:0010585 -[is_a]-> GO:0032940
GO:0010585 -[is_a]-> GO:0046717
GO:0010586 -[is_a]-> GO:0034660
GO:0010587 -[is_a]-> GO:0010586
GO:0010587 -[is_a]-> GO:0034661
GO:0010588 -[is_a]-> GO:0010051
GO:0010588 -[is_a]-> GO:0044702
GO:0010588 -[part_of]-> GO:0048826
GO:0010589 -[is_a]-> GO:0009954
GO:0010590 -[is_a]-> GO:0051302
GO:0010590 -[regulates]-> GO:0000920
GO:0010591 -[is_a]-> GO:0060491
GO:0010591 -[is_a]-> GO:1902743
GO:0010591 -[regulates]-> GO:0030032
GO:0010592 -[is_a]-> GO:0010591
GO:0010592 -[is_a]-> GO:0044089
GO:0010592 -[is_a]-> GO:1902745
GO:0010592 -[positively_regulates]-> GO:0030032
GO:0010593 -[is_a]-> GO:0010591
GO:0010593 -[is_a]-> GO:1902744
GO:0010593 -[negatively_regulates]-> GO:0030032
GO:0010594 -[is_a]-> GO:0010632
GO:0010594 -[regulates]-> GO:0043542
GO:0010595 -[is_a]-> GO:0010594
GO:0010595 -[is_a]-> GO:0010634
GO:0010595 -[positively_regulates]-> GO:0043542
GO:0010596 -[is_a]-> GO:0010594
GO:0010596 -[is_a]-> GO:0010633
GO:0010596 -[negatively_regulates]-> GO:0043542
GO:0010597 -[is_a]-> GO:0019372
GO:0010598 -[is_a]-> GO:0044424
GO:0010598 -[is_a]-> GO:0098796
GO:0010599 -[is_a]-> GO:0070918
GO:0010599 -[part_of]-> GO:0016246
GO:0010600 -[is_a]-> GO:0046885
GO:0010600 -[is_a]-> GO:0090354
GO:0010600 -[regulates]-> GO:0009851
GO:0010601 -[is_a]-> GO:0010600
GO:0010601 -[is_a]-> GO:0046886
GO:0010601 -[is_a]-> GO:0090355
GO:0010601 -[positively_regulates]-> GO:0009851
GO:0010602 -[is_a]-> GO:0006521
GO:0010602 -[regulates]-> GO:0018871
GO:0010603 -[is_a]-> GO:1902115
GO:0010603 -[regulates]-> GO:0033962
GO:0010604 -[is_a]-> GO:0009893
GO:0010604 -[is_a]-> GO:0060255
GO:0010604 -[positively_regulates]-> GO:0043170
GO:0010605 -[is_a]-> GO:0009892
GO:0010605 -[is_a]-> GO:0060255
GO:0010605 -[negatively_regulates]-> GO:0043170
GO:0010606 -[is_a]-> GO:0010603
GO:0010606 -[is_a]-> GO:1902117
GO:0010606 -[positively_regulates]-> GO:0033962
GO:0010607 -[is_a]-> GO:0010603
GO:0010607 -[is_a]-> GO:1902116
GO:0010607 -[negatively_regulates]-> GO:0033962
GO:0010608 -[is_a]-> GO:0010468
GO:0010609 -[is_a]-> GO:0008298
GO:0010609 -[is_a]-> GO:0010608
GO:0010610 -[is_a]-> GO:0043488
GO:0010610 -[part_of]-> GO:0006950
GO:0010610 -[part_of]-> GO:0033554
GO:0010611 -[is_a]-> GO:0014743
GO:0010611 -[is_a]-> GO:0043502
GO:0010611 -[regulates]-> GO:0003300
GO:0010612 -[is_a]-> GO:0043502
GO:0010612 -[regulates]-> GO:0014887
GO:0010613 -[is_a]-> GO:0010611
GO:0010613 -[is_a]-> GO:0014742
GO:0010613 -[positively_regulates]-> GO:0003300
GO:0010614 -[is_a]-> GO:0010611
GO:0010614 -[is_a]-> GO:0014741
GO:0010614 -[negatively_regulates]-> GO:0003300
GO:0010615 -[is_a]-> GO:0010612
GO:0010615 -[is_a]-> GO:0014744
GO:0010615 -[positively_regulates]-> GO:0014887
GO:0010616 -[is_a]-> GO:0010612
GO:0010616 -[is_a]-> GO:0014745
GO:0010616 -[negatively_regulates]-> GO:0014887
GO:0010617 -[is_a]-> GO:0007623
GO:0010617 -[is_a]-> GO:0051480
GO:0010618 -[is_a]-> GO:0044767
GO:0010618 -[is_a]-> GO:0048646
GO:0010619 -[is_a]-> GO:0007189
GO:0010619 -[part_of]-> GO:0010255
GO:0010620 -[is_a]-> GO:0036369
GO:0010620 -[is_a]-> GO:0045892
GO:0010620 -[negatively_regulates]-> GO:0006351
GO:0010621 -[is_a]-> GO:0034613
GO:0010621 -[is_a]-> GO:0045892
GO:0010622 -[is_a]-> GO:0003002
GO:0010622 -[is_a]-> GO:0003006
GO:0010622 -[is_a]-> GO:0044702
GO:0010622 -[is_a]-> GO:0044767
GO:0010622 -[part_of]-> GO:0048482
GO:0010623 -[is_a]-> GO:0012501
GO:0010623 -[is_a]-> GO:0048869
GO:0010623 -[part_of]-> GO:0048468
GO:0010624 -[is_a]-> GO:0060251
GO:0010624 -[regulates]-> GO:0014010
GO:0010625 -[is_a]-> GO:0010624
GO:0010625 -[is_a]-> GO:0060252
GO:0010625 -[positively_regulates]-> GO:0014010
GO:0010626 -[is_a]-> GO:0010624
GO:0010626 -[is_a]-> GO:0060253
GO:0010626 -[negatively_regulates]-> GO:0014010
GO:0010628 -[is_a]-> GO:0010468
GO:0010628 -[is_a]-> GO:0010604
GO:0010628 -[positively_regulates]-> GO:0010467
GO:0010629 -[is_a]-> GO:0010468
GO:0010629 -[is_a]-> GO:0010605
GO:0010629 -[negatively_regulates]-> GO:0010467
GO:0010630 -[is_a]-> GO:0019219
GO:0010631 -[is_a]-> GO:0001667
GO:0010631 -[part_of]-> GO:0090132
GO:0010632 -[is_a]-> GO:0030334
GO:0010632 -[is_a]-> GO:0051239
GO:0010632 -[regulates]-> GO:0010631
GO:0010633 -[is_a]-> GO:0010632
GO:0010633 -[is_a]-> GO:0030336
GO:0010633 -[is_a]-> GO:0051241
GO:0010633 -[negatively_regulates]-> GO:0010631
GO:0010634 -[is_a]-> GO:0010632
GO:0010634 -[is_a]-> GO:0030335
GO:0010634 -[is_a]-> GO:0051240
GO:0010634 -[positively_regulates]-> GO:0010631
GO:0010635 -[is_a]-> GO:0010821
GO:0010635 -[is_a]-> GO:0022603
GO:0010635 -[regulates]-> GO:0008053
GO:0010636 -[is_a]-> GO:0010635
GO:0010636 -[is_a]-> GO:0010822
GO:0010636 -[is_a]-> GO:0051094
GO:0010636 -[positively_regulates]-> GO:0008053
GO:0010637 -[is_a]-> GO:0010635
GO:0010637 -[is_a]-> GO:0010823
GO:0010637 -[is_a]-> GO:0051093
GO:0010637 -[negatively_regulates]-> GO:0008053
GO:0010638 -[is_a]-> GO:0033043
GO:0010638 -[is_a]-> GO:0051130
GO:0010638 -[positively_regulates]-> GO:0006996
GO:0010639 -[is_a]-> GO:0033043
GO:0010639 -[is_a]-> GO:0051129
GO:0010639 -[negatively_regulates]-> GO:0006996
GO:0010640 -[is_a]-> GO:0009966
GO:0010640 -[regulates]-> GO:0048008
GO:0010641 -[is_a]-> GO:0009967
GO:0010641 -[is_a]-> GO:0010640
GO:0010641 -[positively_regulates]-> GO:0048008
GO:0010642 -[is_a]-> GO:0009968
GO:0010642 -[is_a]-> GO:0010640
GO:0010642 -[negatively_regulates]-> GO:0048008
GO:0010643 -[is_a]-> GO:0007154
GO:0010644 -[is_a]-> GO:0007154
GO:0010645 -[is_a]-> GO:0010646
GO:0010645 -[regulates]-> GO:0010643
GO:0010646 -[is_a]-> GO:0050794
GO:0010646 -[regulates]-> GO:0007154
GO:0010647 -[is_a]-> GO:0010646
GO:0010647 -[is_a]-> GO:0048522
GO:0010647 -[positively_regulates]-> GO:0007154
GO:0010648 -[is_a]-> GO:0010646
GO:0010648 -[is_a]-> GO:0048523
GO:0010648 -[negatively_regulates]-> GO:0007154
GO:0010649 -[is_a]-> GO:0010646
GO:0010649 -[regulates]-> GO:0010644
GO:0010650 -[is_a]-> GO:0010647
GO:0010650 -[is_a]-> GO:0010649
GO:0010650 -[positively_regulates]-> GO:0010644
GO:0010651 -[is_a]-> GO:0010648
GO:0010651 -[is_a]-> GO:0010649
GO:0010651 -[negatively_regulates]-> GO:0010644
GO:0010652 -[is_a]-> GO:0010645
GO:0010652 -[is_a]-> GO:0010647
GO:0010652 -[positively_regulates]-> GO:0010643
GO:0010653 -[is_a]-> GO:0010645
GO:0010653 -[is_a]-> GO:0010648
GO:0010653 -[negatively_regulates]-> GO:0010643
GO:0010654 -[is_a]-> GO:0003006
GO:0010654 -[is_a]-> GO:0044702
GO:0010654 -[is_a]-> GO:0045165
GO:0010654 -[part_of]-> GO:0009793
GO:0010656 -[is_a]-> GO:0010660
GO:0010656 -[is_a]-> GO:0043066
GO:0010656 -[negatively_regulates]-> GO:0010657
GO:0010657 -[is_a]-> GO:0006915
GO:0010658 -[is_a]-> GO:0010657
GO:0010659 -[is_a]-> GO:0010658
GO:0010660 -[is_a]-> GO:0042981
GO:0010660 -[regulates]-> GO:0010657
GO:0010661 -[is_a]-> GO:0010660
GO:0010661 -[is_a]-> GO:0043065
GO:0010661 -[positively_regulates]-> GO:0010657
GO:0010662 -[is_a]-> GO:0010660
GO:0010662 -[regulates]-> GO:0010658
GO:0010663 -[is_a]-> GO:0010661
GO:0010663 -[is_a]-> GO:0010662
GO:0010663 -[positively_regulates]-> GO:0010658
GO:0010664 -[is_a]-> GO:0010656
GO:0010664 -[is_a]-> GO:0010662
GO:0010664 -[negatively_regulates]-> GO:0010658
GO:0010665 -[is_a]-> GO:0010662
GO:0010665 -[regulates]-> GO:0010659
GO:0010666 -[is_a]-> GO:0010663
GO:0010666 -[is_a]-> GO:0010665
GO:0010666 -[positively_regulates]-> GO:0010659
GO:0010667 -[is_a]-> GO:0010664
GO:0010667 -[is_a]-> GO:0010665
GO:0010667 -[negatively_regulates]-> GO:0010659
GO:0010668 -[is_a]-> GO:0030154
GO:0010668 -[part_of]-> GO:0007398
GO:0010669 -[is_a]-> GO:0001894
GO:0010672 -[is_a]-> GO:0006357
GO:0010672 -[is_a]-> GO:0051037
GO:0010673 -[is_a]-> GO:0010672
GO:0010673 -[is_a]-> GO:0045944
GO:0010673 -[is_a]-> GO:0051039
GO:0010674 -[is_a]-> GO:0000122
GO:0010674 -[is_a]-> GO:0010672
GO:0010674 -[is_a]-> GO:0051038
GO:0010675 -[is_a]-> GO:0006109
GO:0010675 -[is_a]-> GO:0031323
GO:0010675 -[regulates]-> GO:0044262
GO:0010676 -[is_a]-> GO:0010675
GO:0010676 -[is_a]-> GO:0031325
GO:0010676 -[is_a]-> GO:0045913
GO:0010676 -[positively_regulates]-> GO:0044262
GO:0010677 -[is_a]-> GO:0010675
GO:0010677 -[is_a]-> GO:0031324
GO:0010677 -[is_a]-> GO:0045912
GO:0010677 -[negatively_regulates]-> GO:0044262
GO:0010678 -[is_a]-> GO:0010677
GO:0010678 -[is_a]-> GO:0045892
GO:0010678 -[negatively_regulates]-> GO:0044262
GO:0010679 -[is_a]-> GO:0009800
GO:0010679 -[part_of]-> GO:0009696
GO:0010680 -[is_a]-> GO:0009800
GO:0010680 -[part_of]-> GO:0009804
GO:0010681 -[is_a]-> GO:0009800
GO:0010681 -[part_of]-> GO:0009810
GO:0010682 -[is_a]-> GO:0009800
GO:0010682 -[part_of]-> GO:0009812
GO:0010683 -[is_a]-> GO:0006722
GO:0010683 -[is_a]-> GO:1901360
GO:0010684 -[is_a]-> GO:0010683
GO:0010684 -[is_a]-> GO:0016105
GO:0010684 -[is_a]-> GO:1901361
GO:0010685 -[is_a]-> GO:0006722
GO:0010685 -[is_a]-> GO:1901360
GO:0010686 -[is_a]-> GO:0010685
GO:0010686 -[is_a]-> GO:0016104
GO:0010686 -[is_a]-> GO:1901362
GO:0010688 -[is_a]-> GO:0000122
GO:0010688 -[is_a]-> GO:0060962
GO:0010689 -[is_a]-> GO:0010688
GO:0010689 -[part_of]-> GO:0042221
GO:0010690 -[is_a]-> GO:0010688
GO:0010690 -[is_a]-> GO:0033554
GO:0010691 -[is_a]-> GO:0010688
GO:0010691 -[is_a]-> GO:0031669
GO:0010692 -[is_a]-> GO:0010921
GO:0010692 -[regulates]-> GO:0004035
GO:0010693 -[is_a]-> GO:0010692
GO:0010693 -[is_a]-> GO:0010923
GO:0010693 -[negatively_regulates]-> GO:0004035
GO:0010694 -[is_a]-> GO:0010692
GO:0010694 -[is_a]-> GO:0010922
GO:0010694 -[positively_regulates]-> GO:0004035
GO:0010695 -[is_a]-> GO:0010564
GO:0010695 -[is_a]-> GO:0070507
GO:0010695 -[regulates]-> GO:0000073
GO:0010696 -[is_a]-> GO:0010695
GO:0010696 -[is_a]-> GO:0051495
GO:0010696 -[is_a]-> GO:0090068
GO:0010696 -[positively_regulates]-> GO:0000073
GO:0010697 -[is_a]-> GO:0010695
GO:0010697 -[is_a]-> GO:0010948
GO:0010697 -[is_a]-> GO:0051494
GO:0010697 -[negatively_regulates]-> GO:0000073
GO:0010698 -[is_a]-> GO:0008047
GO:0010698 -[positively_regulates]-> GO:0016407
GO:0010699 -[is_a]-> GO:0007267
GO:0010699 -[part_of]-> GO:0009372
GO:0010700 -[is_a]-> GO:0014061
GO:0010700 -[is_a]-> GO:0033604
GO:0010700 -[negatively_regulates]-> GO:0048243
GO:0010701 -[is_a]-> GO:0014061
GO:0010701 -[is_a]-> GO:0033605
GO:0010701 -[positively_regulates]-> GO:0048243
GO:0010704 -[is_a]-> GO:0000706
GO:0010704 -[part_of]-> GO:0006311
GO:0010705 -[is_a]-> GO:0000706
GO:0010705 -[part_of]-> GO:0007131
GO:0010706 -[is_a]-> GO:0001574
GO:0010706 -[is_a]-> GO:0046478
GO:0010707 -[is_a]-> GO:0001576
GO:0010707 -[is_a]-> GO:0046478
GO:0010708 -[is_a]-> GO:0022414
GO:0010708 -[is_a]-> GO:0030491
GO:0010708 -[part_of]-> GO:0007534
GO:0010709 -[is_a]-> GO:0030491
GO:0010709 -[part_of]-> GO:0045003
GO:0010710 -[is_a]-> GO:0009894
GO:0010710 -[is_a]-> GO:0010712
GO:0010710 -[regulates]-> GO:0030574
GO:0010711 -[is_a]-> GO:0009895
GO:0010711 -[is_a]-> GO:0010710
GO:0010711 -[is_a]-> GO:0010713
GO:0010711 -[negatively_regulates]-> GO:0030574
GO:0010712 -[is_a]-> GO:0044246
GO:0010712 -[is_a]-> GO:0060255
GO:0010712 -[regulates]-> GO:0032963
GO:0010713 -[is_a]-> GO:0010605
GO:0010713 -[is_a]-> GO:0010712
GO:0010713 -[is_a]-> GO:0044252
GO:0010713 -[negatively_regulates]-> GO:0032963
GO:0010714 -[is_a]-> GO:0010604
GO:0010714 -[is_a]-> GO:0010712
GO:0010714 -[is_a]-> GO:0044253
GO:0010714 -[positively_regulates]-> GO:0032963
GO:0010715 -[is_a]-> GO:1903053
GO:0010715 -[regulates]-> GO:0022617
GO:0010716 -[is_a]-> GO:0010715
GO:0010716 -[is_a]-> GO:1903054
GO:0010716 -[negatively_regulates]-> GO:0022617
GO:0010717 -[is_a]-> GO:0045595
GO:0010717 -[is_a]-> GO:2000026
GO:0010717 -[regulates]-> GO:0001837
GO:0010718 -[is_a]-> GO:0010717
GO:0010718 -[is_a]-> GO:0045597
GO:0010718 -[is_a]-> GO:0051240
GO:0010718 -[positively_regulates]-> GO:0001837
GO:0010719 -[is_a]-> GO:0010717
GO:0010719 -[is_a]-> GO:0045596
GO:0010719 -[is_a]-> GO:0051241
GO:0010719 -[negatively_regulates]-> GO:0001837
GO:0010720 -[is_a]-> GO:0045597
GO:0010720 -[is_a]-> GO:0060284
GO:0010720 -[positively_regulates]-> GO:0048468
GO:0010721 -[is_a]-> GO:0045596
GO:0010721 -[is_a]-> GO:0060284
GO:0010721 -[negatively_regulates]-> GO:0048468
GO:0010722 -[is_a]-> GO:0051339
GO:0010722 -[regulates]-> GO:0004325
GO:0010723 -[is_a]-> GO:0034395
GO:0010723 -[is_a]-> GO:1901522
GO:0010724 -[is_a]-> GO:0045646
GO:0010724 -[regulates]-> GO:0060318
GO:0010725 -[is_a]-> GO:0045646
GO:0010725 -[is_a]-> GO:0045995
GO:0010725 -[regulates]-> GO:0060319
GO:0010726 -[is_a]-> GO:0010310
GO:0010726 -[is_a]-> GO:2000379
GO:0010726 -[positively_regulates]-> GO:0042743
GO:0010727 -[is_a]-> GO:0010310
GO:0010727 -[is_a]-> GO:2000378
GO:0010727 -[negatively_regulates]-> GO:0042743
GO:0010728 -[is_a]-> GO:0010310
GO:0010728 -[is_a]-> GO:0031326
GO:0010728 -[is_a]-> GO:1903426
GO:0010728 -[regulates]-> GO:0050665
GO:0010729 -[is_a]-> GO:0010726
GO:0010729 -[is_a]-> GO:0010728
GO:0010729 -[is_a]-> GO:0031328
GO:0010729 -[is_a]-> GO:1903428
GO:0010729 -[positively_regulates]-> GO:0050665
GO:0010730 -[is_a]-> GO:0010727
GO:0010730 -[is_a]-> GO:0010728
GO:0010730 -[is_a]-> GO:0031327
GO:0010730 -[is_a]-> GO:1903427
GO:0010730 -[negatively_regulates]-> GO:0050665
GO:0010731 -[is_a]-> GO:0006464
GO:0010732 -[is_a]-> GO:0031399
GO:0010732 -[regulates]-> GO:0010731
GO:0010733 -[is_a]-> GO:0010732
GO:0010733 -[is_a]-> GO:0031401
GO:0010733 -[positively_regulates]-> GO:0010731
GO:0010734 -[is_a]-> GO:0010732
GO:0010734 -[is_a]-> GO:0031400
GO:0010734 -[negatively_regulates]-> GO:0010731
GO:0010735 -[is_a]-> GO:0045944
GO:0010736 -[is_a]-> GO:0044212
GO:0010737 -[is_a]-> GO:0035556
GO:0010738 -[is_a]-> GO:1902531
GO:0010738 -[regulates]-> GO:0010737
GO:0010739 -[is_a]-> GO:0010738
GO:0010739 -[is_a]-> GO:1902533
GO:0010739 -[positively_regulates]-> GO:0010737
GO:0010742 -[is_a]-> GO:0090077
GO:0010743 -[is_a]-> GO:0045595
GO:0010743 -[regulates]-> GO:0010742
GO:0010744 -[is_a]-> GO:0010743
GO:0010744 -[is_a]-> GO:0045597
GO:0010744 -[positively_regulates]-> GO:0010742
GO:0010745 -[is_a]-> GO:0010743
GO:0010745 -[is_a]-> GO:0045596
GO:0010745 -[negatively_regulates]-> GO:0010742
GO:0010746 -[is_a]-> GO:0032890
GO:0010746 -[is_a]-> GO:1903959
GO:0010746 -[is_a]-> GO:2000191
GO:0010746 -[regulates]-> GO:0015911
GO:0010747 -[is_a]-> GO:0010746
GO:0010747 -[is_a]-> GO:0032892
GO:0010747 -[is_a]-> GO:1903961
GO:0010747 -[is_a]-> GO:2000193
GO:0010747 -[positively_regulates]-> GO:0015911
GO:0010748 -[is_a]-> GO:0010746
GO:0010748 -[is_a]-> GO:0032891
GO:0010748 -[is_a]-> GO:1903960
GO:0010748 -[is_a]-> GO:2000192
GO:0010748 -[negatively_regulates]-> GO:0015911
GO:0010749 -[is_a]-> GO:1902531
GO:0010749 -[regulates]-> GO:0007263
GO:0010750 -[is_a]-> GO:0010749
GO:0010750 -[is_a]-> GO:1902533
GO:0010750 -[positively_regulates]-> GO:0007263
GO:0010751 -[is_a]-> GO:0010749
GO:0010751 -[is_a]-> GO:1902532
GO:0010751 -[negatively_regulates]-> GO:0007263
GO:0010752 -[is_a]-> GO:1902531
GO:0010752 -[regulates]-> GO:0019934
GO:0010753 -[is_a]-> GO:0010752
GO:0010753 -[is_a]-> GO:1902533
GO:0010753 -[positively_regulates]-> GO:0019934
GO:0010754 -[is_a]-> GO:0010752
GO:0010754 -[is_a]-> GO:1902532
GO:0010754 -[negatively_regulates]-> GO:0019934
GO:0010755 -[is_a]-> GO:0070613
GO:0010755 -[regulates]-> GO:0031639
GO:0010756 -[is_a]-> GO:0010755
GO:0010756 -[is_a]-> GO:0010954
GO:0010756 -[positively_regulates]-> GO:0031639
GO:0010757 -[is_a]-> GO:0010755
GO:0010757 -[is_a]-> GO:0010955
GO:0010757 -[negatively_regulates]-> GO:0031639
GO:0010758 -[is_a]-> GO:0002688
GO:0010758 -[is_a]-> GO:1905521
GO:0010758 -[regulates]-> GO:0048246
GO:0010759 -[is_a]-> GO:0002690
GO:0010759 -[is_a]-> GO:0010758
GO:0010759 -[is_a]-> GO:0071622
GO:0010759 -[is_a]-> GO:0071675
GO:0010759 -[is_a]-> GO:1905523
GO:0010759 -[positively_regulates]-> GO:0048246
GO:0010760 -[is_a]-> GO:0002689
GO:0010760 -[is_a]-> GO:0010758
GO:0010760 -[is_a]-> GO:1905522
GO:0010760 -[negatively_regulates]-> GO:0048246
GO:0010761 -[is_a]-> GO:0001667
GO:0010762 -[is_a]-> GO:0030334
GO:0010762 -[regulates]-> GO:0010761
GO:0010763 -[is_a]-> GO:0010762
GO:0010763 -[is_a]-> GO:0030335
GO:0010763 -[positively_regulates]-> GO:0010761
GO:0010764 -[is_a]-> GO:0010762
GO:0010764 -[is_a]-> GO:0030336
GO:0010764 -[negatively_regulates]-> GO:0010761
GO:0010765 -[is_a]-> GO:0002028
GO:0010765 -[is_a]-> GO:0043270
GO:0010765 -[positively_regulates]-> GO:0006814
GO:0010766 -[is_a]-> GO:0002028
GO:0010766 -[is_a]-> GO:0043271
GO:0010766 -[negatively_regulates]-> GO:0006814
GO:0010767 -[is_a]-> GO:0034644
GO:0010767 -[is_a]-> GO:0043618
GO:0010768 -[is_a]-> GO:0000122
GO:0010768 -[is_a]-> GO:0010767
GO:0010769 -[is_a]-> GO:0022604
GO:0010769 -[is_a]-> GO:0060284
GO:0010769 -[regulates]-> GO:0000904
GO:0010770 -[is_a]-> GO:0010720
GO:0010770 -[is_a]-> GO:0010769
GO:0010770 -[is_a]-> GO:0051130
GO:0010770 -[positively_regulates]-> GO:0000904
GO:0010771 -[is_a]-> GO:0010721
GO:0010771 -[is_a]-> GO:0010769
GO:0010771 -[is_a]-> GO:0051129
GO:0010771 -[negatively_regulates]-> GO:0000904
GO:0010772 -[is_a]-> GO:0000707
GO:0010772 -[part_of]-> GO:0007131
GO:0010773 -[is_a]-> GO:0000707
GO:0010773 -[part_of]-> GO:0006311
GO:0010774 -[is_a]-> GO:0000708
GO:0010774 -[part_of]-> GO:0007131
GO:0010775 -[is_a]-> GO:0000708
GO:0010775 -[part_of]-> GO:0006311
GO:0010776 -[is_a]-> GO:0000710
GO:0010776 -[part_of]-> GO:0006311
GO:0010777 -[is_a]-> GO:0000710
GO:0010777 -[part_of]-> GO:0007131
GO:0010778 -[is_a]-> GO:0000711
GO:0010778 -[part_of]-> GO:0007131
GO:0010779 -[is_a]-> GO:0000711
GO:0010779 -[part_of]-> GO:0006311
GO:0010780 -[is_a]-> GO:0042138
GO:0010780 -[part_of]-> GO:0007131
GO:0010781 -[is_a]-> GO:0042138
GO:0010781 -[part_of]-> GO:0006311
GO:0010782 -[is_a]-> GO:0009886
GO:0010782 -[is_a]-> GO:0044767
GO:0010782 -[part_of]-> GO:0007454
GO:0010782 -[part_of]-> GO:0048734
GO:0010783 -[is_a]-> GO:0009886
GO:0010783 -[is_a]-> GO:0044767
GO:0010783 -[part_of]-> GO:0007455
GO:0010783 -[part_of]-> GO:0048734
GO:0010784 -[is_a]-> GO:0009886
GO:0010784 -[is_a]-> GO:0044767
GO:0010784 -[part_of]-> GO:0007453
GO:0010784 -[part_of]-> GO:0048734
GO:0010785 -[is_a]-> GO:0048202
GO:0010785 -[part_of]-> GO:0048201
GO:0010786 -[is_a]-> GO:0048202
GO:0010786 -[part_of]-> GO:0048203
GO:0010787 -[is_a]-> GO:0048205
GO:0010787 -[part_of]-> GO:0048204
GO:0010788 -[is_a]-> GO:0048205
GO:0010788 -[part_of]-> GO:0048206
GO:0010789 -[is_a]-> GO:0051177
GO:0010789 -[part_of]-> GO:0007127
GO:0010790 -[is_a]-> GO:0051177
GO:0010790 -[part_of]-> GO:0007135
GO:0010791 -[is_a]-> GO:0000729
GO:0010791 -[part_of]-> GO:0045003
GO:0010792 -[is_a]-> GO:0000729
GO:0010792 -[part_of]-> GO:0045002
GO:0010793 -[is_a]-> GO:0010468
GO:0010793 -[is_a]-> GO:0046831
GO:0010793 -[is_a]-> GO:2000197
GO:0010793 -[regulates]-> GO:0006406
GO:0010794 -[is_a]-> GO:0019747
GO:0010794 -[is_a]-> GO:0031326
GO:0010794 -[is_a]-> GO:0046890
GO:0010794 -[is_a]-> GO:1902930
GO:0010794 -[regulates]-> GO:0019408
GO:0010795 -[is_a]-> GO:0010566
GO:0010795 -[is_a]-> GO:0051196
GO:0010795 -[regulates]-> GO:0006744
GO:0010796 -[is_a]-> GO:0051036
GO:0010797 -[is_a]-> GO:0010796
GO:0010797 -[part_of]-> GO:0016197
GO:0010797 -[part_of]-> GO:0032509
GO:0010798 -[is_a]-> GO:0010796
GO:0010798 -[part_of]-> GO:0006511
GO:0010799 -[is_a]-> GO:0001932
GO:0010799 -[regulates]-> GO:0018107
GO:0010800 -[is_a]-> GO:0001934
GO:0010800 -[is_a]-> GO:0010799
GO:0010800 -[positively_regulates]-> GO:0018107
GO:0010801 -[is_a]-> GO:0001933
GO:0010801 -[is_a]-> GO:0010799
GO:0010801 -[negatively_regulates]-> GO:0018107
GO:0010803 -[is_a]-> GO:0001959
GO:0010803 -[regulates]-> GO:0033209
GO:0010804 -[is_a]-> GO:0001960
GO:0010804 -[is_a]-> GO:0010803
GO:0010804 -[negatively_regulates]-> GO:0033209
GO:0010805 -[is_a]-> GO:0010958
GO:0010805 -[regulates]-> GO:0034226
GO:0010806 -[is_a]-> GO:0010805
GO:0010806 -[is_a]-> GO:0051956
GO:0010806 -[negatively_regulates]-> GO:0034226
GO:0010807 -[is_a]-> GO:0043254
GO:0010807 -[is_a]-> GO:2000300
GO:0010807 -[regulates]-> GO:0016082
GO:0010808 -[is_a]-> GO:0010807
GO:0010808 -[is_a]-> GO:0031334
GO:0010808 -[is_a]-> GO:2000302
GO:0010808 -[positively_regulates]-> GO:0016082
GO:0010809 -[is_a]-> GO:0010807
GO:0010809 -[is_a]-> GO:0031333
GO:0010809 -[is_a]-> GO:2000301
GO:0010809 -[negatively_regulates]-> GO:0016082
GO:0010810 -[is_a]-> GO:0030155
GO:0010810 -[regulates]-> GO:0031589
GO:0010811 -[is_a]-> GO:0010810
GO:0010811 -[is_a]-> GO:0045785
GO:0010811 -[positively_regulates]-> GO:0031589
GO:0010812 -[is_a]-> GO:0007162
GO:0010812 -[is_a]-> GO:0010810
GO:0010812 -[negatively_regulates]-> GO:0031589
GO:0010813 -[is_a]-> GO:0043171
GO:0010814 -[is_a]-> GO:0010813
GO:0010815 -[is_a]-> GO:0043171
GO:0010816 -[is_a]-> GO:0034754
GO:0010816 -[is_a]-> GO:0042447
GO:0010816 -[is_a]-> GO:0043171
GO:0010817 -[is_a]-> GO:0065008
GO:0010818 -[is_a]-> GO:0048247
GO:0010818 -[is_a]-> GO:0072678
GO:0010819 -[is_a]-> GO:1901623
GO:0010819 -[is_a]-> GO:2000404
GO:0010819 -[regulates]-> GO:0010818
GO:0010820 -[is_a]-> GO:0002690
GO:0010820 -[is_a]-> GO:0010819
GO:0010820 -[is_a]-> GO:2000406
GO:0010820 -[positively_regulates]-> GO:0010818
GO:0010821 -[is_a]-> GO:0033043
GO:0010821 -[regulates]-> GO:0007005
GO:0010822 -[is_a]-> GO:0010638
GO:0010822 -[is_a]-> GO:0010821
GO:0010822 -[positively_regulates]-> GO:0007005
GO:0010823 -[is_a]-> GO:0010639
GO:0010823 -[is_a]-> GO:0010821
GO:0010823 -[negatively_regulates]-> GO:0007005
GO:0010824 -[is_a]-> GO:0046605
GO:0010824 -[regulates]-> GO:0051298
GO:0010825 -[is_a]-> GO:0010824
GO:0010825 -[is_a]-> GO:0046607
GO:0010825 -[positively_regulates]-> GO:0051298
GO:0010826 -[is_a]-> GO:0010824
GO:0010826 -[is_a]-> GO:0046606
GO:0010826 -[negatively_regulates]-> GO:0051298
GO:0010827 -[is_a]-> GO:0051049
GO:0010827 -[regulates]-> GO:0015758
GO:0010828 -[is_a]-> GO:0010827
GO:0010828 -[is_a]-> GO:0051050
GO:0010828 -[positively_regulates]-> GO:0015758
GO:0010829 -[is_a]-> GO:0010827
GO:0010829 -[is_a]-> GO:0051051
GO:0010829 -[negatively_regulates]-> GO:0015758
GO:0010830 -[is_a]-> GO:0051153
GO:0010830 -[regulates]-> GO:0014902
GO:0010831 -[is_a]-> GO:0010830
GO:0010831 -[is_a]-> GO:0051155
GO:0010831 -[positively_regulates]-> GO:0014902
GO:0010832 -[is_a]-> GO:0010830
GO:0010832 -[is_a]-> GO:0051154
GO:0010832 -[negatively_regulates]-> GO:0014902
GO:0010833 -[is_a]-> GO:0000723
GO:0010835 -[is_a]-> GO:0060049
GO:0010835 -[regulates]-> GO:0006471
GO:0010836 -[is_a]-> GO:0010835
GO:0010836 -[is_a]-> GO:0060051
GO:0010836 -[negatively_regulates]-> GO:0006471
GO:0010837 -[is_a]-> GO:0050678
GO:0010837 -[regulates]-> GO:0043616
GO:0010838 -[is_a]-> GO:0010837
GO:0010838 -[is_a]-> GO:0050679
GO:0010838 -[positively_regulates]-> GO:0043616
GO:0010839 -[is_a]-> GO:0010837
GO:0010839 -[is_a]-> GO:0050680
GO:0010839 -[negatively_regulates]-> GO:0043616
GO:0010840 -[is_a]-> GO:0042749
GO:0010840 -[regulates]-> GO:0042746
GO:0010841 -[is_a]-> GO:0010840
GO:0010841 -[is_a]-> GO:0042753
GO:0010841 -[is_a]-> GO:0048520
GO:0010841 -[is_a]-> GO:0051240
GO:0010841 -[positively_regulates]-> GO:0042746
GO:0010842 -[is_a]-> GO:0044767
GO:0010842 -[is_a]-> GO:0048646
GO:0010842 -[part_of]-> GO:0003407
GO:0010842 -[part_of]-> GO:0060042
GO:0010844 -[is_a]-> GO:0003677
GO:0010845 -[is_a]-> GO:0010520
GO:0010845 -[is_a]-> GO:0045911
GO:0010845 -[is_a]-> GO:0060903
GO:0010845 -[positively_regulates]-> GO:0007131
GO:0010846 -[is_a]-> GO:0010845
GO:0010847 -[is_a]-> GO:0001672
GO:0010847 -[is_a]-> GO:0033044
GO:0010847 -[is_a]-> GO:0044087
GO:0010847 -[regulates]-> GO:0031497
GO:0010848 -[is_a]-> GO:0001672
GO:0010848 -[regulates]-> GO:0031498
GO:0010849 -[is_a]-> GO:0010155
GO:0010849 -[is_a]-> GO:0032412
GO:0010849 -[is_a]-> GO:0043462
GO:0010849 -[is_a]-> GO:1904062
GO:0010849 -[regulates]-> GO:0046961
GO:0010850 -[is_a]-> GO:0007165
GO:0010850 -[is_a]-> GO:0008217
GO:0010851 -[is_a]-> GO:0030234
GO:0010851 -[part_of]-> GO:0031279
GO:0010852 -[is_a]-> GO:0010851
GO:0010853 -[is_a]-> GO:0010851
GO:0010854 -[is_a]-> GO:0010851
GO:0010854 -[has_part]-> GO:0008179
GO:0010855 -[is_a]-> GO:0010854
GO:0010856 -[is_a]-> GO:0010854
GO:0010857 -[is_a]-> GO:0004672
GO:0010858 -[is_a]-> GO:0019887
GO:0010859 -[is_a]-> GO:0004869
GO:0010861 -[is_a]-> GO:0030546
GO:0010862 -[is_a]-> GO:0001934
GO:0010862 -[is_a]-> GO:0060393
GO:0010862 -[is_a]-> GO:0090100
GO:0010862 -[positively_regulates]-> GO:0060389
GO:0010863 -[is_a]-> GO:0010518
GO:0010863 -[is_a]-> GO:1900274
GO:0010863 -[positively_regulates]-> GO:0004629
GO:0010864 -[is_a]-> GO:0032110
GO:0010864 -[is_a]-> GO:0045860
GO:0010864 -[positively_regulates]-> GO:0004673
GO:0010865 -[is_a]-> GO:0048856
GO:0010865 -[part_of]-> GO:0048366
GO:0010866 -[is_a]-> GO:0031326
GO:0010866 -[is_a]-> GO:0046890
GO:0010866 -[is_a]-> GO:0090207
GO:0010866 -[regulates]-> GO:0019432
GO:0010867 -[is_a]-> GO:0010866
GO:0010867 -[is_a]-> GO:0031328
GO:0010867 -[is_a]-> GO:0046889
GO:0010867 -[is_a]-> GO:0090208
GO:0010867 -[positively_regulates]-> GO:0019432
GO:0010868 -[is_a]-> GO:0010866
GO:0010868 -[is_a]-> GO:0031327
GO:0010868 -[is_a]-> GO:0051055
GO:0010868 -[is_a]-> GO:0090209
GO:0010868 -[negatively_regulates]-> GO:0019432
GO:0010869 -[is_a]-> GO:0010556
GO:0010869 -[is_a]-> GO:0031323
GO:0010869 -[regulates]-> GO:0032800
GO:0010870 -[is_a]-> GO:0010557
GO:0010870 -[is_a]-> GO:0010869
GO:0010870 -[is_a]-> GO:0031325
GO:0010870 -[positively_regulates]-> GO:0032800
GO:0010871 -[is_a]-> GO:0010558
GO:0010871 -[is_a]-> GO:0010869
GO:0010871 -[is_a]-> GO:0031324
GO:0010871 -[negatively_regulates]-> GO:0032800
GO:0010872 -[is_a]-> GO:0019218
GO:0010872 -[is_a]-> GO:0031323
GO:0010872 -[regulates]-> GO:0034435
GO:0010873 -[is_a]-> GO:0010872
GO:0010873 -[is_a]-> GO:0031325
GO:0010873 -[is_a]-> GO:0045940
GO:0010873 -[positively_regulates]-> GO:0034435
GO:0010874 -[is_a]-> GO:0032374
GO:0010874 -[regulates]-> GO:0033344
GO:0010875 -[is_a]-> GO:0010874
GO:0010875 -[is_a]-> GO:0032376
GO:0010875 -[positively_regulates]-> GO:0033344
GO:0010876 -[is_a]-> GO:0033036
GO:0010877 -[is_a]-> GO:0006869
GO:0010877 -[part_of]-> GO:0019915
GO:0010878 -[is_a]-> GO:0019915
GO:0010879 -[is_a]-> GO:0010877
GO:0010879 -[is_a]-> GO:0030301
GO:0010879 -[part_of]-> GO:0010878
GO:0010880 -[is_a]-> GO:0051279
GO:0010880 -[regulates]-> GO:0014808
GO:0010881 -[is_a]-> GO:0010880
GO:0010881 -[is_a]-> GO:0010882
GO:0010882 -[is_a]-> GO:0019722
GO:0010882 -[is_a]-> GO:0055117
GO:0010882 -[regulates]-> GO:0060048
GO:0010883 -[is_a]-> GO:0032879
GO:0010883 -[is_a]-> GO:0065008
GO:0010883 -[regulates]-> GO:0019915
GO:0010884 -[is_a]-> GO:0010883
GO:0010884 -[is_a]-> GO:0048518
GO:0010884 -[positively_regulates]-> GO:0019915
GO:0010885 -[is_a]-> GO:0010883
GO:0010885 -[regulates]-> GO:0010878
GO:0010886 -[is_a]-> GO:0010884
GO:0010886 -[is_a]-> GO:0010885
GO:0010886 -[positively_regulates]-> GO:0010878
GO:0010887 -[is_a]-> GO:0010885
GO:0010887 -[is_a]-> GO:0010888
GO:0010887 -[negatively_regulates]-> GO:0010878
GO:0010888 -[is_a]-> GO:0010883
GO:0010888 -[is_a]-> GO:0048519
GO:0010888 -[negatively_regulates]-> GO:0019915
GO:0010889 -[is_a]-> GO:0010883
GO:0010889 -[regulates]-> GO:0030730
GO:0010890 -[is_a]-> GO:0010884
GO:0010890 -[is_a]-> GO:0010889
GO:0010890 -[positively_regulates]-> GO:0030730
GO:0010891 -[is_a]-> GO:0010888
GO:0010891 -[is_a]-> GO:0010889
GO:0010891 -[negatively_regulates]-> GO:0030730
GO:0010892 -[is_a]-> GO:0032056
GO:0010892 -[is_a]-> GO:0070131
GO:0010893 -[is_a]-> GO:0045940
GO:0010893 -[is_a]-> GO:0046889
GO:0010893 -[is_a]-> GO:0050810
GO:0010893 -[positively_regulates]-> GO:0006694
GO:0010894 -[is_a]-> GO:0045939
GO:0010894 -[is_a]-> GO:0050810
GO:0010894 -[is_a]-> GO:0051055
GO:0010894 -[negatively_regulates]-> GO:0006694
GO:0010895 -[is_a]-> GO:0010894
GO:0010895 -[is_a]-> GO:0031327
GO:0010895 -[is_a]-> GO:0032443
GO:0010895 -[is_a]-> GO:1902931
GO:0010895 -[negatively_regulates]-> GO:0006696
GO:0010896 -[is_a]-> GO:0031329
GO:0010896 -[is_a]-> GO:0050994
GO:0010896 -[is_a]-> GO:0090207
GO:0010896 -[regulates]-> GO:0019433
GO:0010897 -[is_a]-> GO:0010896
GO:0010897 -[is_a]-> GO:0031330
GO:0010897 -[is_a]-> GO:0050995
GO:0010897 -[is_a]-> GO:0090209
GO:0010897 -[negatively_regulates]-> GO:0019433
GO:0010898 -[is_a]-> GO:0010896
GO:0010898 -[is_a]-> GO:0031331
GO:0010898 -[is_a]-> GO:0050996
GO:0010898 -[is_a]-> GO:0090208
GO:0010898 -[positively_regulates]-> GO:0019433
GO:0010899 -[is_a]-> GO:0051171
GO:0010899 -[is_a]-> GO:0060696
GO:0010899 -[regulates]-> GO:0034638
GO:0010900 -[is_a]-> GO:0010899
GO:0010900 -[is_a]-> GO:0031330
GO:0010900 -[is_a]-> GO:0050995
GO:0010900 -[is_a]-> GO:0051172
GO:0010900 -[is_a]-> GO:1903726
GO:0010900 -[negatively_regulates]-> GO:0034638
GO:0010901 -[is_a]-> GO:0051128
GO:0010901 -[is_a]-> GO:0051239
GO:0010901 -[regulates]-> GO:0034372
GO:0010902 -[is_a]-> GO:0010901
GO:0010902 -[is_a]-> GO:0051130
GO:0010902 -[is_a]-> GO:0051240
GO:0010902 -[positively_regulates]-> GO:0034372
GO:0010903 -[is_a]-> GO:0010901
GO:0010903 -[is_a]-> GO:0051129
GO:0010903 -[is_a]-> GO:0051241
GO:0010903 -[negatively_regulates]-> GO:0034372
GO:0010904 -[is_a]-> GO:0010605
GO:0010904 -[is_a]-> GO:0010906
GO:0010904 -[is_a]-> GO:0019219
GO:0010904 -[is_a]-> GO:0043471
GO:0010904 -[regulates]-> GO:0006258
GO:0010905 -[is_a]-> GO:0010677
GO:0010905 -[is_a]-> GO:0010904
GO:0010905 -[is_a]-> GO:0031330
GO:0010905 -[is_a]-> GO:0045934
GO:0010905 -[negatively_regulates]-> GO:0006258
GO:0010906 -[is_a]-> GO:0010675
GO:0010906 -[regulates]-> GO:0006006
GO:0010907 -[is_a]-> GO:0010676
GO:0010907 -[is_a]-> GO:0010906
GO:0010907 -[positively_regulates]-> GO:0006006
GO:0010908 -[is_a]-> GO:0010559
GO:0010908 -[is_a]-> GO:0042762
GO:0010908 -[regulates]-> GO:0015012
GO:0010909 -[is_a]-> GO:0010908
GO:0010909 -[is_a]-> GO:0051176
GO:0010909 -[is_a]-> GO:1902730
GO:0010909 -[positively_regulates]-> GO:0015012
GO:0010910 -[is_a]-> GO:0010909
GO:0010910 -[is_a]-> GO:0010912
GO:0010911 -[is_a]-> GO:0050790
GO:0010911 -[regulates]-> GO:0016853
GO:0010912 -[is_a]-> GO:0010911
GO:0010912 -[is_a]-> GO:0043085
GO:0010912 -[positively_regulates]-> GO:0016853
GO:0010913 -[is_a]-> GO:0031326
GO:0010913 -[is_a]-> GO:1900376
GO:0010913 -[regulates]-> GO:0045461
GO:0010914 -[is_a]-> GO:0010913
GO:0010914 -[is_a]-> GO:0031328
GO:0010914 -[is_a]-> GO:1900378
GO:0010914 -[positively_regulates]-> GO:0045461
GO:0010915 -[is_a]-> GO:0010984
GO:0010915 -[regulates]-> GO:0034447
GO:0010916 -[is_a]-> GO:0010915
GO:0010916 -[is_a]-> GO:0010985
GO:0010916 -[negatively_regulates]-> GO:0034447
GO:0010917 -[is_a]-> GO:0045837
GO:0010917 -[is_a]-> GO:0051881
GO:0010918 -[is_a]-> GO:0045838
GO:0010918 -[is_a]-> GO:0051881
GO:0010919 -[is_a]-> GO:0010675
GO:0010919 -[is_a]-> GO:0019220
GO:0010919 -[is_a]-> GO:0031326
GO:0010919 -[is_a]-> GO:0043255
GO:0010919 -[is_a]-> GO:1902930
GO:0010919 -[regulates]-> GO:0032958
GO:0010920 -[is_a]-> GO:0010677
GO:0010920 -[is_a]-> GO:0010919
GO:0010920 -[is_a]-> GO:0031327
GO:0010920 -[is_a]-> GO:0045936
GO:0010920 -[is_a]-> GO:1902931
GO:0010920 -[negatively_regulates]-> GO:0032958
GO:0010921 -[is_a]-> GO:0035303
GO:0010921 -[is_a]-> GO:0051336
GO:0010921 -[regulates]-> GO:0016791
GO:0010922 -[is_a]-> GO:0010921
GO:0010922 -[is_a]-> GO:0035306
GO:0010922 -[is_a]-> GO:0051345
GO:0010922 -[positively_regulates]-> GO:0016791
GO:0010923 -[is_a]-> GO:0010921
GO:0010923 -[is_a]-> GO:0035305
GO:0010923 -[is_a]-> GO:0051346
GO:0010923 -[negatively_regulates]-> GO:0016791
GO:0010924 -[is_a]-> GO:0010921
GO:0010924 -[regulates]-> GO:0004445
GO:0010925 -[is_a]-> GO:0010922
GO:0010925 -[is_a]-> GO:0010924
GO:0010925 -[positively_regulates]-> GO:0004445
GO:0010927 -[is_a]-> GO:0022607
GO:0010927 -[is_a]-> GO:0044763
GO:0010927 -[is_a]-> GO:0044767
GO:0010927 -[is_a]-> GO:0048646
GO:0010927 -[part_of]-> GO:0009653
GO:0010927 -[part_of]-> GO:0032989
GO:0010928 -[is_a]-> GO:0009966
GO:0010928 -[regulates]-> GO:0009734
GO:0010929 -[is_a]-> GO:0009967
GO:0010929 -[is_a]-> GO:0010928
GO:0010929 -[positively_regulates]-> GO:0009734
GO:0010930 -[is_a]-> GO:0009968
GO:0010930 -[is_a]-> GO:0010928
GO:0010930 -[negatively_regulates]-> GO:0009734
GO:0010931 -[is_a]-> GO:0002507
GO:0010932 -[is_a]-> GO:0002643
GO:0010932 -[regulates]-> GO:0010931
GO:0010933 -[is_a]-> GO:0002645
GO:0010933 -[is_a]-> GO:0010932
GO:0010933 -[positively_regulates]-> GO:0010931
GO:0010934 -[is_a]-> GO:0061082
GO:0010935 -[is_a]-> GO:0002718
GO:0010935 -[regulates]-> GO:0010934
GO:0010936 -[is_a]-> GO:0002719
GO:0010936 -[is_a]-> GO:0010935
GO:0010936 -[negatively_regulates]-> GO:0010934
GO:0010937 -[is_a]-> GO:0031114
GO:0010937 -[regulates]-> GO:0010938
GO:0010938 -[is_a]-> GO:0007019
GO:0010938 -[is_a]-> GO:0031122
GO:0010938 -[occurs_in]-> GO:0005737
GO:0010939 -[is_a]-> GO:0010941
GO:0010939 -[regulates]-> GO:0070265
GO:0010940 -[is_a]-> GO:0010939
GO:0010940 -[is_a]-> GO:0010942
GO:0010940 -[positively_regulates]-> GO:0070265
GO:0010941 -[is_a]-> GO:0050794
GO:0010941 -[regulates]-> GO:0008219
GO:0010942 -[is_a]-> GO:0010941
GO:0010942 -[is_a]-> GO:0048522
GO:0010942 -[positively_regulates]-> GO:0008219
GO:0010943 -[is_a]-> GO:0004551
GO:0010944 -[is_a]-> GO:0045892
GO:0010945 -[is_a]-> GO:0016462
GO:0010946 -[is_a]-> GO:0010520
GO:0010946 -[regulates]-> GO:0000709
GO:0010947 -[is_a]-> GO:0010946
GO:0010947 -[is_a]-> GO:0045128
GO:0010947 -[negatively_regulates]-> GO:0000709
GO:0010948 -[is_a]-> GO:0010564
GO:0010948 -[is_a]-> GO:0045786
GO:0010948 -[negatively_regulates]-> GO:0022402
GO:0010949 -[is_a]-> GO:0032372
GO:0010949 -[is_a]-> GO:1904730
GO:0010949 -[negatively_regulates]-> GO:0060752
GO:0010950 -[is_a]-> GO:0010952
GO:0010950 -[is_a]-> GO:0052548
GO:0010950 -[positively_regulates]-> GO:0004175
GO:0010951 -[is_a]-> GO:0010466
GO:0010951 -[is_a]-> GO:0052548
GO:0010951 -[negatively_regulates]-> GO:0004175
GO:0010952 -[is_a]-> GO:0045862
GO:0010952 -[is_a]-> GO:0051345
GO:0010952 -[is_a]-> GO:0052547
GO:0010952 -[positively_regulates]-> GO:0008233
GO:0010954 -[is_a]-> GO:0045862
GO:0010954 -[is_a]-> GO:0070613
GO:0010954 -[is_a]-> GO:1903319
GO:0010954 -[positively_regulates]-> GO:0016485
GO:0010955 -[is_a]-> GO:0045861
GO:0010955 -[is_a]-> GO:0070613
GO:0010955 -[is_a]-> GO:1903318
GO:0010955 -[negatively_regulates]-> GO:0016485
GO:0010956 -[is_a]-> GO:0010957
GO:0010956 -[is_a]-> GO:0032769
GO:0010956 -[is_a]-> GO:0060558
GO:0010956 -[is_a]-> GO:1902931
GO:0010956 -[negatively_regulates]-> GO:0004498
GO:0010957 -[is_a]-> GO:0010894
GO:0010957 -[is_a]-> GO:0031327
GO:0010957 -[is_a]-> GO:0046137
GO:0010957 -[is_a]-> GO:0060556
GO:0010957 -[negatively_regulates]-> GO:0042368
GO:0010958 -[is_a]-> GO:0051955
GO:0010958 -[regulates]-> GO:0043090
GO:0010959 -[is_a]-> GO:0043269
GO:0010959 -[regulates]-> GO:0030001
GO:0010960 -[is_a]-> GO:0055065
GO:0010960 -[is_a]-> GO:0072507
GO:0010961 -[is_a]-> GO:0006875
GO:0010961 -[is_a]-> GO:0010960
GO:0010961 -[is_a]-> GO:0072503
GO:0010962 -[is_a]-> GO:0010675
GO:0010962 -[is_a]-> GO:0032885
GO:0010962 -[is_a]-> GO:2000112
GO:0010962 -[regulates]-> GO:0009250
GO:0010963 -[is_a]-> GO:0010958
GO:0010963 -[regulates]-> GO:0043091
GO:0010964 -[is_a]-> GO:0031935
GO:0010964 -[is_a]-> GO:0060966
GO:0010964 -[regulates]-> GO:0031048
GO:0010965 -[is_a]-> GO:0033047
GO:0010965 -[regulates]-> GO:0051306
GO:0010966 -[is_a]-> GO:0044070
GO:0010966 -[regulates]-> GO:0006817
GO:0010967 -[is_a]-> GO:0031326
GO:0010967 -[is_a]-> GO:0033238
GO:0010967 -[is_a]-> GO:0080090
GO:0010967 -[regulates]-> GO:0006596
GO:0010968 -[is_a]-> GO:0031113
GO:0010968 -[regulates]-> GO:0007020
GO:0010969 -[is_a]-> GO:0008277
GO:0010969 -[is_a]-> GO:0060238
GO:0010969 -[regulates]-> GO:0000750
GO:0010970 -[is_a]-> GO:0007018
GO:0010970 -[is_a]-> GO:0030705
GO:0010970 -[is_a]-> GO:1902582
GO:0010971 -[is_a]-> GO:0010389
GO:0010971 -[is_a]-> GO:1901992
GO:0010971 -[is_a]-> GO:1902751
GO:0010971 -[positively_regulates]-> GO:0000086
GO:0010972 -[is_a]-> GO:0010389
GO:0010972 -[is_a]-> GO:1901991
GO:0010972 -[is_a]-> GO:1902750
GO:0010972 -[negatively_regulates]-> GO:0000086
GO:0010973 -[is_a]-> GO:0032955
GO:0010973 -[is_a]-> GO:1901893
GO:0010973 -[is_a]-> GO:1903438
GO:0010973 -[positively_regulates]-> GO:0000917
GO:0010974 -[is_a]-> GO:0032955
GO:0010974 -[is_a]-> GO:1901892
GO:0010974 -[is_a]-> GO:1903437
GO:0010974 -[negatively_regulates]-> GO:0000917
GO:0010975 -[is_a]-> GO:0031344
GO:0010975 -[is_a]-> GO:0045664
GO:0010975 -[regulates]-> GO:0031175
GO:0010976 -[is_a]-> GO:0010975
GO:0010976 -[is_a]-> GO:0031346
GO:0010976 -[is_a]-> GO:0045666
GO:0010976 -[positively_regulates]-> GO:0031175
GO:0010977 -[is_a]-> GO:0010975
GO:0010977 -[is_a]-> GO:0031345
GO:0010977 -[is_a]-> GO:0045665
GO:0010977 -[negatively_regulates]-> GO:0031175
GO:0010978 -[is_a]-> GO:0016458
GO:0010978 -[part_of]-> GO:0001300
GO:0010979 -[is_a]-> GO:0051341
GO:0010979 -[regulates]-> GO:0070576
GO:0010980 -[is_a]-> GO:0010979
GO:0010980 -[is_a]-> GO:0051353
GO:0010980 -[positively_regulates]-> GO:0070576
GO:0010981 -[is_a]-> GO:0031323
GO:0010981 -[is_a]-> GO:0060255
GO:0010981 -[is_a]-> GO:1903338
GO:0010981 -[regulates]-> GO:0044036
GO:0010982 -[is_a]-> GO:0010984
GO:0010982 -[regulates]-> GO:0034384
GO:0010983 -[is_a]-> GO:0010982
GO:0010983 -[is_a]-> GO:0010986
GO:0010983 -[positively_regulates]-> GO:0034384
GO:0010984 -[is_a]-> GO:0051239
GO:0010984 -[regulates]-> GO:0034381
GO:0010985 -[is_a]-> GO:0010984
GO:0010985 -[is_a]-> GO:0051241
GO:0010985 -[negatively_regulates]-> GO:0034381
GO:0010986 -[is_a]-> GO:0010984
GO:0010986 -[is_a]-> GO:0051240
GO:0010986 -[positively_regulates]-> GO:0034381
GO:0010987 -[is_a]-> GO:0010982
GO:0010987 -[is_a]-> GO:0010985
GO:0010987 -[negatively_regulates]-> GO:0034384
GO:0010988 -[is_a]-> GO:0010984
GO:0010988 -[regulates]-> GO:0034383
GO:0010989 -[is_a]-> GO:0010985
GO:0010989 -[is_a]-> GO:0010988
GO:0010989 -[negatively_regulates]-> GO:0034383
GO:0010990 -[is_a]-> GO:0043254
GO:0010990 -[is_a]-> GO:0090092
GO:0010990 -[regulates]-> GO:0007183
GO:0010991 -[is_a]-> GO:0010990
GO:0010991 -[is_a]-> GO:0031333
GO:0010991 -[is_a]-> GO:0090101
GO:0010991 -[negatively_regulates]-> GO:0007183
GO:0010992 -[is_a]-> GO:0019725
GO:0010993 -[is_a]-> GO:0032844
GO:0010993 -[is_a]-> GO:0050794
GO:0010993 -[regulates]-> GO:0010992
GO:0010994 -[is_a]-> GO:0051258
GO:0010994 -[part_of]-> GO:0010993
GO:0010995 -[is_a]-> GO:0051261
GO:0010995 -[part_of]-> GO:0010993
GO:0010996 -[is_a]-> GO:0009612
GO:0010997 -[is_a]-> GO:0032403
GO:0010998 -[is_a]-> GO:0006468
GO:0010998 -[is_a]-> GO:0043558
GO:0010999 -[is_a]-> GO:0001932
GO:0010999 -[is_a]-> GO:0006446
GO:0010999 -[is_a]-> GO:0080135
GO:0010999 -[regulates]-> GO:0010998
GO:0011000 -[is_a]-> GO:0043111
GO:0012501 -[is_a]-> GO:0008219
GO:0012502 -[is_a]-> GO:0043068
GO:0012505 -[is_a]-> GO:0044464
GO:0012505 -[has_part]-> GO:0005773
GO:0012505 -[has_part]-> GO:0005886
GO:0012506 -[is_a]-> GO:0031090
GO:0012506 -[part_of]-> GO:0031982
GO:0012507 -[is_a]-> GO:0030658
GO:0012507 -[is_a]-> GO:0030662
GO:0012507 -[part_of]-> GO:0030134
GO:0012508 -[is_a]-> GO:0030658
GO:0012508 -[is_a]-> GO:0030663
GO:0012508 -[part_of]-> GO:0030142
GO:0012509 -[is_a]-> GO:0030658
GO:0012509 -[is_a]-> GO:0030663
GO:0012509 -[part_of]-> GO:0030143
GO:0012510 -[is_a]-> GO:0030658
GO:0012510 -[is_a]-> GO:0030660
GO:0012510 -[is_a]-> GO:0030665
GO:0012510 -[part_of]-> GO:0030140
GO:0012511 -[is_a]-> GO:0005811
GO:0014001 -[is_a]-> GO:0030154
GO:0014002 -[is_a]-> GO:0021782
GO:0014002 -[part_of]-> GO:0048708
GO:0014003 -[is_a]-> GO:0021782
GO:0014003 -[part_of]-> GO:0048709
GO:0014004 -[is_a]-> GO:0010001
GO:0014004 -[is_a]-> GO:0030225
GO:0014004 -[part_of]-> GO:0007417
GO:0014005 -[is_a]-> GO:0021782
GO:0014005 -[is_a]-> GO:0061515
GO:0014005 -[part_of]-> GO:0014004
GO:0014006 -[is_a]-> GO:0045649
GO:0014006 -[is_a]-> GO:0045685
GO:0014006 -[regulates]-> GO:0014004
GO:0014007 -[is_a]-> GO:0014006
GO:0014007 -[is_a]-> GO:0045650
GO:0014007 -[is_a]-> GO:0045686
GO:0014007 -[negatively_regulates]-> GO:0014004
GO:0014008 -[is_a]-> GO:0014006
GO:0014008 -[is_a]-> GO:0045651
GO:0014008 -[is_a]-> GO:0045687
GO:0014008 -[positively_regulates]-> GO:0014004
GO:0014009 -[is_a]-> GO:0008283
GO:0014009 -[part_of]-> GO:0042063
GO:0014010 -[is_a]-> GO:0014009
GO:0014011 -[is_a]-> GO:0014010
GO:0014011 -[part_of]-> GO:0014012
GO:0014011 -[part_of]-> GO:0031103
GO:0014012 -[is_a]-> GO:0031103
GO:0014013 -[is_a]-> GO:0050767
GO:0014013 -[regulates]-> GO:0042063
GO:0014014 -[is_a]-> GO:0014013
GO:0014014 -[is_a]-> GO:0050768
GO:0014014 -[negatively_regulates]-> GO:0042063
GO:0014015 -[is_a]-> GO:0014013
GO:0014015 -[is_a]-> GO:0050769
GO:0014015 -[positively_regulates]-> GO:0042063
GO:0014016 -[is_a]-> GO:0048863
GO:0014016 -[part_of]-> GO:0048699
GO:0014017 -[is_a]-> GO:0048865
GO:0014017 -[part_of]-> GO:0014016
GO:0014018 -[is_a]-> GO:0048866
GO:0014018 -[part_of]-> GO:0014017
GO:0014019 -[is_a]-> GO:0048864
GO:0014019 -[part_of]-> GO:0014016
GO:0014020 -[is_a]-> GO:0001838
GO:0014020 -[part_of]-> GO:0001841
GO:0014021 -[is_a]-> GO:0001838
GO:0014021 -[part_of]-> GO:0001841
GO:0014022 -[is_a]-> GO:0002011
GO:0014022 -[is_a]-> GO:0048598
GO:0014022 -[part_of]-> GO:0001839
GO:0014023 -[is_a]-> GO:0044767
GO:0014023 -[is_a]-> GO:0048646
GO:0014023 -[part_of]-> GO:0014020
GO:0014024 -[is_a]-> GO:0060605
GO:0014024 -[part_of]-> GO:0014020
GO:0014025 -[is_a]-> GO:0044767
GO:0014025 -[is_a]-> GO:0048646
GO:0014025 -[part_of]-> GO:0014023
GO:0014027 -[is_a]-> GO:0060605
GO:0014027 -[part_of]-> GO:0014021
GO:0014028 -[is_a]-> GO:0044767
GO:0014028 -[is_a]-> GO:0048646
GO:0014028 -[part_of]-> GO:0007399
GO:0014028 -[part_of]-> GO:0048570
GO:0014029 -[is_a]-> GO:0001837
GO:0014029 -[is_a]-> GO:0048646
GO:0014029 -[part_of]-> GO:0043009
GO:0014030 -[is_a]-> GO:0045165
GO:0014030 -[part_of]-> GO:0048762
GO:0014031 -[is_a]-> GO:0048468
GO:0014031 -[part_of]-> GO:0048762
GO:0014032 -[is_a]-> GO:0014031
GO:0014032 -[is_a]-> GO:0048864
GO:0014032 -[part_of]-> GO:0014033
GO:0014033 -[is_a]-> GO:0048762
GO:0014033 -[is_a]-> GO:0048863
GO:0014034 -[is_a]-> GO:0048865
GO:0014034 -[part_of]-> GO:0014029
GO:0014034 -[part_of]-> GO:0014033
GO:0014035 -[is_a]-> GO:0048867
GO:0014035 -[part_of]-> GO:0014034
GO:0014036 -[is_a]-> GO:0048866
GO:0014036 -[part_of]-> GO:0014034
GO:0014037 -[is_a]-> GO:0010001
GO:0014037 -[part_of]-> GO:0007422
GO:0014038 -[is_a]-> GO:0045685
GO:0014038 -[regulates]-> GO:0014037
GO:0014039 -[is_a]-> GO:0014038
GO:0014039 -[is_a]-> GO:0045686
GO:0014039 -[negatively_regulates]-> GO:0014037
GO:0014040 -[is_a]-> GO:0014038
GO:0014040 -[is_a]-> GO:0045687
GO:0014040 -[positively_regulates]-> GO:0014037
GO:0014041 -[is_a]-> GO:0045664
GO:0014041 -[is_a]-> GO:1903429
GO:0014041 -[regulates]-> GO:0042551
GO:0014042 -[is_a]-> GO:0014041
GO:0014042 -[is_a]-> GO:0045666
GO:0014042 -[is_a]-> GO:1903431
GO:0014042 -[positively_regulates]-> GO:0042551
GO:0014043 -[is_a]-> GO:0014041
GO:0014043 -[is_a]-> GO:0045665
GO:0014043 -[is_a]-> GO:1903430
GO:0014043 -[negatively_regulates]-> GO:0042551
GO:0014044 -[is_a]-> GO:0021782
GO:0014044 -[part_of]-> GO:0014037
GO:0014045 -[is_a]-> GO:0060856
GO:0014045 -[is_a]-> GO:0061028
GO:0014045 -[part_of]-> GO:0007417
GO:0014046 -[is_a]-> GO:0015872
GO:0014046 -[is_a]-> GO:0050432
GO:0014047 -[is_a]-> GO:0006835
GO:0014047 -[is_a]-> GO:0032940
GO:0014048 -[is_a]-> GO:0044070
GO:0014048 -[is_a]-> GO:1903530
GO:0014048 -[regulates]-> GO:0014047
GO:0014049 -[is_a]-> GO:0014048
GO:0014049 -[is_a]-> GO:1903532
GO:0014049 -[is_a]-> GO:1903793
GO:0014049 -[positively_regulates]-> GO:0014047
GO:0014050 -[is_a]-> GO:0014048
GO:0014050 -[is_a]-> GO:1903531
GO:0014050 -[is_a]-> GO:1903792
GO:0014050 -[negatively_regulates]-> GO:0014047
GO:0014051 -[is_a]-> GO:0015812
GO:0014051 -[is_a]-> GO:0046717
GO:0014052 -[is_a]-> GO:0044070
GO:0014052 -[is_a]-> GO:0051046
GO:0014052 -[regulates]-> GO:0014051
GO:0014053 -[is_a]-> GO:0014052
GO:0014053 -[is_a]-> GO:0051048
GO:0014053 -[is_a]-> GO:1903792
GO:0014053 -[negatively_regulates]-> GO:0014051
GO:0014054 -[is_a]-> GO:0014052
GO:0014054 -[is_a]-> GO:0051047
GO:0014054 -[is_a]-> GO:1903793
GO:0014054 -[positively_regulates]-> GO:0014051
GO:0014055 -[is_a]-> GO:0007269
GO:0014055 -[is_a]-> GO:0061526
GO:0014055 -[part_of]-> GO:0007271
GO:0014056 -[is_a]-> GO:0032222
GO:0014056 -[is_a]-> GO:0043269
GO:0014056 -[is_a]-> GO:0046928
GO:0014056 -[is_a]-> GO:0051952
GO:0014056 -[regulates]-> GO:0014055
GO:0014057 -[is_a]-> GO:0001956
GO:0014057 -[is_a]-> GO:0014056
GO:0014057 -[is_a]-> GO:0032224
GO:0014057 -[is_a]-> GO:0043270
GO:0014057 -[is_a]-> GO:0051954
GO:0014057 -[positively_regulates]-> GO:0014055
GO:0014058 -[is_a]-> GO:0014056
GO:0014058 -[is_a]-> GO:0032223
GO:0014058 -[is_a]-> GO:0043271
GO:0014058 -[is_a]-> GO:0046929
GO:0014058 -[is_a]-> GO:0051953
GO:0014058 -[negatively_regulates]-> GO:0014055
GO:0014059 -[is_a]-> GO:0050433
GO:0014059 -[regulates]-> GO:0014046
GO:0014060 -[is_a]-> GO:0046883
GO:0014060 -[is_a]-> GO:0050433
GO:0014060 -[regulates]-> GO:0048242
GO:0014061 -[is_a]-> GO:0050433
GO:0014061 -[regulates]-> GO:0048243
GO:0014062 -[is_a]-> GO:1903530
GO:0014062 -[regulates]-> GO:0001820
GO:0014063 -[is_a]-> GO:0014062
GO:0014063 -[is_a]-> GO:1903531
GO:0014063 -[negatively_regulates]-> GO:0001820
GO:0014064 -[is_a]-> GO:0014062
GO:0014064 -[is_a]-> GO:1903532
GO:0014064 -[positively_regulates]-> GO:0001820
GO:0014065 -[is_a]-> GO:0048015
GO:0014066 -[is_a]-> GO:1902531
GO:0014066 -[regulates]-> GO:0014065
GO:0014067 -[is_a]-> GO:0014066
GO:0014067 -[is_a]-> GO:1902532
GO:0014067 -[negatively_regulates]-> GO:0014065
GO:0014068 -[is_a]-> GO:0014066
GO:0014068 -[is_a]-> GO:1902533
GO:0014068 -[positively_regulates]-> GO:0014065
GO:0014069 -[is_a]-> GO:0097458
GO:0014069 -[is_a]-> GO:0099572
GO:0014069 -[part_of]-> GO:0060076
GO:0014070 -[is_a]-> GO:0010033
GO:0014071 -[is_a]-> GO:0014070
GO:0014072 -[is_a]-> GO:0014070
GO:0014072 -[is_a]-> GO:0043279
GO:0014073 -[is_a]-> GO:0014070
GO:0014073 -[is_a]-> GO:0043279
GO:0014074 -[is_a]-> GO:0010243
GO:0014074 -[is_a]-> GO:0014070
GO:0014075 -[is_a]-> GO:0010243
GO:0014076 -[is_a]-> GO:0036276
GO:0014701 -[is_a]-> GO:0033017
GO:0014702 -[is_a]-> GO:0033017
GO:0014703 -[is_a]-> GO:0003010
GO:0014704 -[is_a]-> GO:0044291
GO:0014705 -[is_a]-> GO:0044449
GO:0014705 -[part_of]-> GO:0031672
GO:0014706 -[is_a]-> GO:0060537
GO:0014707 -[is_a]-> GO:0007517
GO:0014707 -[is_a]-> GO:0007519
GO:0014708 -[is_a]-> GO:0048641
GO:0014708 -[regulates]-> GO:0002075
GO:0014709 -[is_a]-> GO:0014708
GO:0014709 -[is_a]-> GO:0048643
GO:0014709 -[positively_regulates]-> GO:0002075
GO:0014710 -[is_a]-> GO:0014708
GO:0014710 -[is_a]-> GO:0048642
GO:0014710 -[negatively_regulates]-> GO:0002075
GO:0014711 -[is_a]-> GO:0048641
GO:0014711 -[regulates]-> GO:0014707
GO:0014712 -[is_a]-> GO:0014711
GO:0014712 -[is_a]-> GO:0048643
GO:0014712 -[positively_regulates]-> GO:0014707
GO:0014713 -[is_a]-> GO:0014711
GO:0014713 -[is_a]-> GO:0048642
GO:0014713 -[negatively_regulates]-> GO:0014707
GO:0014714 -[is_a]-> GO:0048625
GO:0014715 -[is_a]-> GO:0048625
GO:0014716 -[is_a]-> GO:0014833
GO:0014716 -[part_of]-> GO:0014834
GO:0014716 -[part_of]-> GO:0043403
GO:0014717 -[is_a]-> GO:0043416
GO:0014717 -[is_a]-> GO:0050865
GO:0014717 -[regulates]-> GO:0014901
GO:0014718 -[is_a]-> GO:0014717
GO:0014718 -[is_a]-> GO:0043415
GO:0014718 -[is_a]-> GO:0050867
GO:0014718 -[positively_regulates]-> GO:0014901
GO:0014719 -[is_a]-> GO:0001775
GO:0014720 -[is_a]-> GO:0003010
GO:0014721 -[is_a]-> GO:0003010
GO:0014722 -[is_a]-> GO:0014819
GO:0014722 -[is_a]-> GO:0019722
GO:0014722 -[regulates]-> GO:0003009
GO:0014723 -[is_a]-> GO:0014722
GO:0014724 -[is_a]-> GO:0014819
GO:0014724 -[regulates]-> GO:0014721
GO:0014725 -[is_a]-> GO:0048641
GO:0014725 -[regulates]-> GO:0002074
GO:0014726 -[is_a]-> GO:0014725
GO:0014726 -[is_a]-> GO:0048642
GO:0014726 -[negatively_regulates]-> GO:0002074
GO:0014727 -[is_a]-> GO:0014725
GO:0014727 -[is_a]-> GO:0048643
GO:0014727 -[positively_regulates]-> GO:0002074
GO:0014728 -[is_a]-> GO:0014862
GO:0014729 -[is_a]-> GO:0014862
GO:0014729 -[is_a]-> GO:0065008
GO:0014730 -[is_a]-> GO:0043403
GO:0014731 -[is_a]-> GO:0005856
GO:0014732 -[is_a]-> GO:0014891
GO:0014732 -[is_a]-> GO:0043501
GO:0014733 -[is_a]-> GO:0043502
GO:0014733 -[regulates]-> GO:0043501
GO:0014734 -[is_a]-> GO:0014897
GO:0014734 -[is_a]-> GO:0043501
GO:0014735 -[is_a]-> GO:0043502
GO:0014735 -[regulates]-> GO:0014889
GO:0014736 -[is_a]-> GO:0014735
GO:0014736 -[is_a]-> GO:0014745
GO:0014736 -[negatively_regulates]-> GO:0014889
GO:0014737 -[is_a]-> GO:0014735
GO:0014737 -[is_a]-> GO:0014744
GO:0014737 -[positively_regulates]-> GO:0014889
GO:0014738 -[is_a]-> GO:0043502
GO:0014738 -[regulates]-> GO:0014900
GO:0014739 -[is_a]-> GO:0014738
GO:0014739 -[is_a]-> GO:0014744
GO:0014739 -[positively_regulates]-> GO:0014900
GO:0014740 -[is_a]-> GO:0014738
GO:0014740 -[is_a]-> GO:0014745
GO:0014740 -[negatively_regulates]-> GO:0014900
GO:0014741 -[is_a]-> GO:0014743
GO:0014741 -[is_a]-> GO:0051241
GO:0014741 -[negatively_regulates]-> GO:0014896
GO:0014742 -[is_a]-> GO:0014743
GO:0014742 -[is_a]-> GO:0051240
GO:0014742 -[positively_regulates]-> GO:0014896
GO:0014743 -[is_a]-> GO:0090257
GO:0014743 -[regulates]-> GO:0014896
GO:0014744 -[is_a]-> GO:0043502
GO:0014744 -[is_a]-> GO:0048584
GO:0014744 -[is_a]-> GO:0051240
GO:0014744 -[positively_regulates]-> GO:0043500
GO:0014745 -[is_a]-> GO:0043502
GO:0014745 -[is_a]-> GO:0048585
GO:0014745 -[is_a]-> GO:0051241
GO:0014745 -[negatively_regulates]-> GO:0043500
GO:0014746 -[is_a]-> GO:0014819
GO:0014746 -[regulates]-> GO:0014720
GO:0014747 -[is_a]-> GO:0014746
GO:0014747 -[is_a]-> GO:0045989
GO:0014747 -[positively_regulates]-> GO:0014720
GO:0014748 -[is_a]-> GO:0014746
GO:0014748 -[is_a]-> GO:0045988
GO:0014748 -[negatively_regulates]-> GO:0014720
GO:0014801 -[is_a]-> GO:0044432
GO:0014801 -[part_of]-> GO:0016529
GO:0014802 -[is_a]-> GO:0098827
GO:0014802 -[part_of]-> GO:0016529
GO:0014803 -[is_a]-> GO:0033018
GO:0014803 -[part_of]-> GO:0014801
GO:0014804 -[is_a]-> GO:0033018
GO:0014804 -[part_of]-> GO:0014802
GO:0014805 -[is_a]-> GO:0043500
GO:0014806 -[is_a]-> GO:0014805
GO:0014806 -[is_a]-> GO:0014900
GO:0014807 -[is_a]-> GO:0022603
GO:0014807 -[is_a]-> GO:0045995
GO:0014807 -[regulates]-> GO:0001756
GO:0014808 -[is_a]-> GO:0051209
GO:0014808 -[is_a]-> GO:0070296
GO:0014808 -[is_a]-> GO:1903514
GO:0014809 -[is_a]-> GO:0010880
GO:0014809 -[is_a]-> GO:0014722
GO:0014810 -[is_a]-> GO:0014809
GO:0014810 -[is_a]-> GO:0045989
GO:0014811 -[is_a]-> GO:0014809
GO:0014811 -[is_a]-> GO:0045988
GO:0014812 -[is_a]-> GO:0016477
GO:0014813 -[is_a]-> GO:0045165
GO:0014813 -[part_of]-> GO:0014816
GO:0014814 -[is_a]-> GO:0031103
GO:0014815 -[is_a]-> GO:0014718
GO:0014816 -[is_a]-> GO:0035914
GO:0014816 -[part_of]-> GO:0007519
GO:0014817 -[is_a]-> GO:0001708
GO:0014817 -[part_of]-> GO:0014813
GO:0014818 -[is_a]-> GO:0048867
GO:0014818 -[part_of]-> GO:0014813
GO:0014819 -[is_a]-> GO:0006942
GO:0014819 -[regulates]-> GO:0003009
GO:0014820 -[is_a]-> GO:0006939
GO:0014821 -[is_a]-> GO:0006939
GO:0014822 -[is_a]-> GO:0009581
GO:0014822 -[is_a]-> GO:0009611
GO:0014823 -[is_a]-> GO:0050896
GO:0014824 -[is_a]-> GO:0014820
GO:0014824 -[is_a]-> GO:0014829
GO:0014825 -[is_a]-> GO:0014847
GO:0014826 -[is_a]-> GO:0014821
GO:0014826 -[is_a]-> GO:0014829
GO:0014827 -[is_a]-> GO:0014821
GO:0014827 -[is_a]-> GO:0014831
GO:0014828 -[is_a]-> GO:0014821
GO:0014828 -[is_a]-> GO:0014831
GO:0014829 -[is_a]-> GO:0006939
GO:0014829 -[is_a]-> GO:0042310
GO:0014830 -[is_a]-> GO:0014824
GO:0014831 -[is_a]-> GO:0006939
GO:0014832 -[is_a]-> GO:0014848
GO:0014833 -[is_a]-> GO:0098722
GO:0014833 -[part_of]-> GO:0007519
GO:0014834 -[is_a]-> GO:0098727
GO:0014834 -[part_of]-> GO:0043403
GO:0014835 -[is_a]-> GO:0045445
GO:0014835 -[part_of]-> GO:0043403
GO:0014836 -[is_a]-> GO:0048625
GO:0014836 -[part_of]-> GO:0014835
GO:0014836 -[part_of]-> GO:0043403
GO:0014837 -[is_a]-> GO:0007518
GO:0014837 -[part_of]-> GO:0014836
GO:0014837 -[part_of]-> GO:0043403
GO:0014838 -[is_a]-> GO:0048626
GO:0014838 -[part_of]-> GO:0014836
GO:0014838 -[part_of]-> GO:0043403
GO:0014839 -[is_a]-> GO:0051451
GO:0014839 -[part_of]-> GO:0043403
GO:0014841 -[is_a]-> GO:0014856
GO:0014842 -[is_a]-> GO:0014857
GO:0014842 -[regulates]-> GO:0014841
GO:0014843 -[is_a]-> GO:0014842
GO:0014844 -[is_a]-> GO:0051450
GO:0014844 -[part_of]-> GO:0043403
GO:0014845 -[is_a]-> GO:0014828
GO:0014846 -[is_a]-> GO:0014831
GO:0014847 -[is_a]-> GO:0014820
GO:0014847 -[is_a]-> GO:0014831
GO:0014848 -[is_a]-> GO:0006939
GO:0014849 -[is_a]-> GO:0014821
GO:0014849 -[is_a]-> GO:0014848
GO:0014850 -[is_a]-> GO:0014823
GO:0014852 -[is_a]-> GO:0014819
GO:0014853 -[is_a]-> GO:0098815
GO:0014853 -[part_of]-> GO:0003009
GO:0014853 -[part_of]-> GO:0014852
GO:0014854 -[is_a]-> GO:0050896
GO:0014855 -[is_a]-> GO:0033002
GO:0014856 -[is_a]-> GO:0014855
GO:0014857 -[is_a]-> GO:0042127
GO:0014857 -[regulates]-> GO:0014856
GO:0014858 -[is_a]-> GO:0008284
GO:0014858 -[is_a]-> GO:0014857
GO:0014858 -[positively_regulates]-> GO:0014856
GO:0014859 -[is_a]-> GO:0008285
GO:0014859 -[is_a]-> GO:0014857
GO:0014859 -[negatively_regulates]-> GO:0014856
GO:0014860 -[is_a]-> GO:0007269
GO:0014860 -[part_of]-> GO:0014819
GO:0014860 -[part_of]-> GO:0014852
GO:0014861 -[is_a]-> GO:0014819
GO:0014861 -[is_a]-> GO:0098900
GO:0014861 -[regulates]-> GO:0100001
GO:0014862 -[is_a]-> GO:0014819
GO:0014863 -[is_a]-> GO:0014854
GO:0014863 -[is_a]-> GO:0051606
GO:0014864 -[is_a]-> GO:0014850
GO:0014864 -[is_a]-> GO:0014865
GO:0014865 -[is_a]-> GO:0014823
GO:0014865 -[is_a]-> GO:0051606
GO:0014866 -[is_a]-> GO:0030239
GO:0014868 -[is_a]-> GO:0014880
GO:0014869 -[is_a]-> GO:0014863
GO:0014869 -[is_a]-> GO:0014870
GO:0014870 -[is_a]-> GO:0014854
GO:0014871 -[is_a]-> GO:0014880
GO:0014872 -[is_a]-> GO:0051301
GO:0014873 -[is_a]-> GO:0014850
GO:0014873 -[is_a]-> GO:0014874
GO:0014873 -[part_of]-> GO:0043502
GO:0014874 -[is_a]-> GO:0050896
GO:0014874 -[part_of]-> GO:0043502
GO:0014875 -[is_a]-> GO:0014864
GO:0014875 -[is_a]-> GO:0014873
GO:0014875 -[part_of]-> GO:0043502
GO:0014876 -[is_a]-> GO:0009611
GO:0014876 -[is_a]-> GO:0014874
GO:0014877 -[is_a]-> GO:0014870
GO:0014877 -[is_a]-> GO:0014874
GO:0014877 -[part_of]-> GO:0043502
GO:0014878 -[is_a]-> GO:0014874
GO:0014878 -[is_a]-> GO:0051602
GO:0014878 -[part_of]-> GO:0043502
GO:0014879 -[is_a]-> GO:0014878
GO:0014879 -[is_a]-> GO:0050981
GO:0014879 -[part_of]-> GO:0043502
GO:0014880 -[is_a]-> GO:0032971
GO:0014880 -[part_of]-> GO:0014729
GO:0014881 -[is_a]-> GO:0014743
GO:0014881 -[is_a]-> GO:0032535
GO:0014882 -[is_a]-> GO:0014738
GO:0014882 -[is_a]-> GO:0065008
GO:0014883 -[is_a]-> GO:0014733
GO:0014884 -[is_a]-> GO:0014869
GO:0014884 -[is_a]-> GO:0014877
GO:0014884 -[part_of]-> GO:0043502
GO:0014885 -[is_a]-> GO:0014822
GO:0014885 -[is_a]-> GO:0014876
GO:0014885 -[part_of]-> GO:0043502
GO:0014886 -[is_a]-> GO:0014733
GO:0014887 -[is_a]-> GO:0014888
GO:0014888 -[is_a]-> GO:0043500
GO:0014889 -[is_a]-> GO:0043500
GO:0014890 -[is_a]-> GO:0014805
GO:0014890 -[is_a]-> GO:0014889
GO:0014891 -[is_a]-> GO:0014888
GO:0014891 -[is_a]-> GO:0014889
GO:0014893 -[is_a]-> GO:0014877
GO:0014894 -[is_a]-> GO:0014877
GO:0014895 -[is_a]-> GO:0014805
GO:0014895 -[is_a]-> GO:0014896
GO:0014896 -[is_a]-> GO:0003012
GO:0014897 -[is_a]-> GO:0014896
GO:0014898 -[is_a]-> GO:0003299
GO:0014898 -[is_a]-> GO:0003300
GO:0014898 -[is_a]-> GO:0014887
GO:0014899 -[is_a]-> GO:0014887
GO:0014899 -[is_a]-> GO:0014891
GO:0014900 -[is_a]-> GO:0043500
GO:0014901 -[is_a]-> GO:0014719
GO:0014901 -[part_of]-> GO:0043403
GO:0014902 -[is_a]-> GO:0051146
GO:0014904 -[is_a]-> GO:0055002
GO:0014904 -[part_of]-> GO:0014902
GO:0014905 -[is_a]-> GO:0007520
GO:0014905 -[part_of]-> GO:0014908
GO:0014905 -[part_of]-> GO:0043403
GO:0014906 -[is_a]-> GO:0014904
GO:0014906 -[part_of]-> GO:0014908
GO:0014906 -[part_of]-> GO:0043403
GO:0014908 -[is_a]-> GO:0014902
GO:0014908 -[part_of]-> GO:0043403
GO:0014909 -[is_a]-> GO:0014812
GO:0014910 -[is_a]-> GO:0030334
GO:0014910 -[regulates]-> GO:0014909
GO:0014911 -[is_a]-> GO:0014910
GO:0014911 -[is_a]-> GO:0030335
GO:0014911 -[positively_regulates]-> GO:0014909
GO:0014912 -[is_a]-> GO:0014910
GO:0014912 -[is_a]-> GO:0030336
GO:0014912 -[negatively_regulates]-> GO:0014909
GO:0014914 -[is_a]-> GO:0048628
GO:0014915 -[is_a]-> GO:0014880
GO:0014915 -[is_a]-> GO:0032972
GO:0014916 -[is_a]-> GO:0008217
GO:0015002 -[is_a]-> GO:0016491
GO:0015009 -[is_a]-> GO:0033013
GO:0015009 -[is_a]-> GO:0051186
GO:0015010 -[is_a]-> GO:0015011
GO:0015011 -[is_a]-> GO:0006732
GO:0015011 -[is_a]-> GO:0033013
GO:0015012 -[is_a]-> GO:0030166
GO:0015012 -[is_a]-> GO:0030201
GO:0015012 -[is_a]-> GO:0044272
GO:0015013 -[is_a]-> GO:0018242
GO:0015013 -[is_a]-> GO:0030201
GO:0015013 -[part_of]-> GO:0015012
GO:0015014 -[is_a]-> GO:0033692
GO:0015014 -[part_of]-> GO:0015012
GO:0015015 -[is_a]-> GO:0030201
GO:0015015 -[part_of]-> GO:0015012
GO:0015016 -[is_a]-> GO:0034483
GO:0015018 -[is_a]-> GO:0015020
GO:0015019 -[is_a]-> GO:0008080
GO:0015020 -[is_a]-> GO:0008194
GO:0015020 -[is_a]-> GO:0016758
GO:0015021 -[is_a]-> GO:0016837
GO:0015024 -[is_a]-> GO:0008484
GO:0015026 -[is_a]-> GO:0038023
GO:0015030 -[is_a]-> GO:0016604
GO:0015031 -[is_a]-> GO:0008104
GO:0015031 -[is_a]-> GO:0045184
GO:0015031 -[is_a]-> GO:0071702
GO:0015032 -[is_a]-> GO:0044743
GO:0015035 -[is_a]-> GO:0015036
GO:0015036 -[is_a]-> GO:0016667
GO:0015037 -[is_a]-> GO:0015036
GO:0015038 -[is_a]-> GO:0015037
GO:0015039 -[is_a]-> GO:0016491
GO:0015042 -[is_a]-> GO:0015036
GO:0015042 -[is_a]-> GO:0016668
GO:0015043 -[is_a]-> GO:0016653
GO:0015044 -[is_a]-> GO:0016731
GO:0015045 -[is_a]-> GO:0016731
GO:0015046 -[is_a]-> GO:0016731
GO:0015047 -[is_a]-> GO:0016653
GO:0015048 -[is_a]-> GO:0016491
GO:0015049 -[is_a]-> GO:0016709
GO:0015050 -[is_a]-> GO:1990204
GO:0015052 -[is_a]-> GO:0004939
GO:0015054 -[is_a]-> GO:0008528
GO:0015055 -[is_a]-> GO:0004930
GO:0015056 -[is_a]-> GO:0004930
GO:0015056 -[part_of]-> GO:0071376
GO:0015057 -[is_a]-> GO:0008528
GO:0015057 -[part_of]-> GO:0070493
GO:0015065 -[is_a]-> GO:0071553
GO:0015066 -[is_a]-> GO:0004857
GO:0015066 -[negatively_regulates]-> GO:0004556
GO:0015067 -[is_a]-> GO:0016741
GO:0015067 -[is_a]-> GO:0016769
GO:0015068 -[is_a]-> GO:0015067
GO:0015069 -[is_a]-> GO:0015067
GO:0015074 -[is_a]-> GO:0006259
GO:0015075 -[is_a]-> GO:0022891
GO:0015075 -[part_of]-> GO:0034220
GO:0015077 -[is_a]-> GO:0022890
GO:0015077 -[part_of]-> GO:0015672
GO:0015078 -[is_a]-> GO:0015077
GO:0015078 -[part_of]-> GO:1902600
GO:0015079 -[is_a]-> GO:0015077
GO:0015079 -[is_a]-> GO:0046873
GO:0015079 -[part_of]-> GO:0071805
GO:0015080 -[is_a]-> GO:0015077
GO:0015080 -[is_a]-> GO:0046915
GO:0015080 -[part_of]-> GO:1902601
GO:0015081 -[is_a]-> GO:0015077
GO:0015081 -[is_a]-> GO:0046873
GO:0015081 -[part_of]-> GO:0035725
GO:0015083 -[is_a]-> GO:0046873
GO:0015083 -[is_a]-> GO:0072510
GO:0015083 -[part_of]-> GO:1902602
GO:0015085 -[is_a]-> GO:0046873
GO:0015085 -[is_a]-> GO:0072509
GO:0015085 -[part_of]-> GO:0070588
GO:0015086 -[is_a]-> GO:0046915
GO:0015086 -[is_a]-> GO:0072509
GO:0015086 -[part_of]-> GO:0070574
GO:0015087 -[is_a]-> GO:0046915
GO:0015087 -[part_of]-> GO:0006824
GO:0015088 -[is_a]-> GO:0005375
GO:0015089 -[is_a]-> GO:0005375
GO:0015090 -[is_a]-> GO:0005381
GO:0015090 -[part_of]-> GO:0000040
GO:0015091 -[is_a]-> GO:0005381
GO:0015091 -[is_a]-> GO:0072510
GO:0015091 -[part_of]-> GO:0015682
GO:0015092 -[is_a]-> GO:0015091
GO:0015092 -[part_of]-> GO:0015683
GO:0015093 -[is_a]-> GO:0005381
GO:0015093 -[is_a]-> GO:0072509
GO:0015093 -[part_of]-> GO:0015684
GO:0015093 -[part_of]-> GO:1903874
GO:0015094 -[is_a]-> GO:0046873
GO:0015094 -[is_a]-> GO:0072509
GO:0015094 -[part_of]-> GO:0015692
GO:0015095 -[is_a]-> GO:0046873
GO:0015095 -[is_a]-> GO:0072509
GO:0015095 -[part_of]-> GO:1903830
GO:0015097 -[is_a]-> GO:0046915
GO:0015097 -[is_a]-> GO:0072509
GO:0015097 -[part_of]-> GO:0015694
GO:0015098 -[is_a]-> GO:0015103
GO:0015098 -[part_of]-> GO:0015689
GO:0015099 -[is_a]-> GO:0046915
GO:0015099 -[part_of]-> GO:0035444
GO:0015100 -[is_a]-> GO:0046915
GO:0015100 -[part_of]-> GO:0015676
GO:0015101 -[is_a]-> GO:0008324
GO:0015101 -[part_of]-> GO:0015695
GO:0015103 -[is_a]-> GO:0008509
GO:0015103 -[part_of]-> GO:0015698
GO:0015104 -[is_a]-> GO:0015103
GO:0015104 -[part_of]-> GO:0015699
GO:0015105 -[is_a]-> GO:0015103
GO:0015106 -[is_a]-> GO:0008514
GO:0015106 -[is_a]-> GO:0015103
GO:0015106 -[part_of]-> GO:0015701
GO:0015107 -[is_a]-> GO:0015103
GO:0015107 -[part_of]-> GO:0015702
GO:0015108 -[is_a]-> GO:0015103
GO:0015108 -[part_of]-> GO:0006821
GO:0015108 -[part_of]-> GO:1902476
GO:0015109 -[is_a]-> GO:0015103
GO:0015109 -[part_of]-> GO:0015703
GO:0015110 -[is_a]-> GO:0015103
GO:0015110 -[part_of]-> GO:0015704
GO:0015111 -[is_a]-> GO:0015103
GO:0015111 -[part_of]-> GO:0015705
GO:0015112 -[is_a]-> GO:0015103
GO:0015112 -[part_of]-> GO:0015706
GO:0015113 -[is_a]-> GO:0015103
GO:0015113 -[part_of]-> GO:0015707
GO:0015114 -[is_a]-> GO:0015103
GO:0015114 -[part_of]-> GO:0035435
GO:0015115 -[is_a]-> GO:0015103
GO:0015115 -[part_of]-> GO:0015708
GO:0015116 -[is_a]-> GO:0015103
GO:0015116 -[is_a]-> GO:1901682
GO:0015116 -[part_of]-> GO:1902358
GO:0015117 -[is_a]-> GO:0015103
GO:0015117 -[is_a]-> GO:1901682
GO:0015118 -[is_a]-> GO:0015103
GO:0015118 -[part_of]-> GO:0015710
GO:0015119 -[is_a]-> GO:0015605
GO:0015119 -[is_a]-> GO:1901505
GO:0015120 -[is_a]-> GO:0042879
GO:0015120 -[part_of]-> GO:0015713
GO:0015121 -[is_a]-> GO:0015301
GO:0015121 -[is_a]-> GO:0089721
GO:0015123 -[is_a]-> GO:0008514
GO:0015123 -[part_of]-> GO:0035433
GO:0015124 -[is_a]-> GO:0008514
GO:0015124 -[is_a]-> GO:0042887
GO:0015124 -[part_of]-> GO:0015719
GO:0015125 -[is_a]-> GO:0005319
GO:0015125 -[is_a]-> GO:0008028
GO:0015125 -[is_a]-> GO:1901618
GO:0015125 -[part_of]-> GO:0015721
GO:0015126 -[is_a]-> GO:0015125
GO:0015126 -[part_of]-> GO:0015722
GO:0015127 -[is_a]-> GO:0005310
GO:0015127 -[part_of]-> GO:0015723
GO:0015128 -[is_a]-> GO:0042879
GO:0015128 -[part_of]-> GO:0035429
GO:0015129 -[is_a]-> GO:0008514
GO:0015129 -[part_of]-> GO:0035873
GO:0015130 -[is_a]-> GO:0008514
GO:0015130 -[part_of]-> GO:0015728
GO:0015131 -[is_a]-> GO:0015556
GO:0015131 -[part_of]-> GO:0015729
GO:0015131 -[part_of]-> GO:1902356
GO:0015132 -[is_a]-> GO:0071714
GO:0015132 -[part_of]-> GO:0015732
GO:0015133 -[is_a]-> GO:0008028
GO:0015133 -[is_a]-> GO:0015145
GO:0015133 -[part_of]-> GO:0015735
GO:0015134 -[is_a]-> GO:0015133
GO:0015134 -[part_of]-> GO:0015736
GO:0015134 -[part_of]-> GO:0015778
GO:0015135 -[is_a]-> GO:0008514
GO:0015135 -[part_of]-> GO:0015738
GO:0015136 -[is_a]-> GO:0022857
GO:0015136 -[is_a]-> GO:1901505
GO:0015137 -[is_a]-> GO:0008514
GO:0015137 -[part_of]-> GO:0015746
GO:0015138 -[is_a]-> GO:0015556
GO:0015138 -[part_of]-> GO:0015741
GO:0015139 -[is_a]-> GO:0008514
GO:0015139 -[part_of]-> GO:0015742
GO:0015140 -[is_a]-> GO:0015556
GO:0015140 -[part_of]-> GO:0071423
GO:0015141 -[is_a]-> GO:0015556
GO:0015141 -[part_of]-> GO:0071422
GO:0015142 -[is_a]-> GO:0046943
GO:0015142 -[part_of]-> GO:0035674
GO:0015143 -[is_a]-> GO:0005342
GO:0015143 -[is_a]-> GO:1901702
GO:0015144 -[is_a]-> GO:0022891
GO:0015144 -[is_a]-> GO:1901476
GO:0015144 -[part_of]-> GO:0034219
GO:0015145 -[is_a]-> GO:0051119
GO:0015145 -[part_of]-> GO:0015749
GO:0015146 -[is_a]-> GO:0015145
GO:0015146 -[part_of]-> GO:0015750
GO:0015147 -[is_a]-> GO:0042900
GO:0015148 -[is_a]-> GO:0015146
GO:0015148 -[part_of]-> GO:0015753
GO:0015149 -[is_a]-> GO:0015145
GO:0015149 -[part_of]-> GO:0035428
GO:0015150 -[is_a]-> GO:0015149
GO:0015150 -[part_of]-> GO:0015756
GO:0015151 -[is_a]-> GO:0042947
GO:0015151 -[part_of]-> GO:0000017
GO:0015152 -[is_a]-> GO:0015119
GO:0015152 -[part_of]-> GO:0015760
GO:0015153 -[is_a]-> GO:0015149
GO:0015153 -[part_of]-> GO:0015762
GO:0015154 -[is_a]-> GO:0015157
GO:0015154 -[is_a]-> GO:0051119
GO:0015154 -[part_of]-> GO:0015766
GO:0015155 -[is_a]-> GO:0015154
GO:0015155 -[part_of]-> GO:0015767
GO:0015156 -[is_a]-> GO:0015154
GO:0015156 -[part_of]-> GO:0015769
GO:0015157 -[is_a]-> GO:0015144
GO:0015157 -[part_of]-> GO:0015772
GO:0015158 -[is_a]-> GO:0015157
GO:0015158 -[part_of]-> GO:0015773
GO:0015159 -[is_a]-> GO:0015144
GO:0015159 -[is_a]-> GO:0022884
GO:0015159 -[part_of]-> GO:0015774
GO:0015160 -[is_a]-> GO:0015159
GO:0015160 -[part_of]-> GO:0015775
GO:0015161 -[is_a]-> GO:0015159
GO:0015161 -[part_of]-> GO:0015776
GO:0015162 -[is_a]-> GO:0022884
GO:0015162 -[is_a]-> GO:1901505
GO:0015164 -[is_a]-> GO:0022857
GO:0015164 -[is_a]-> GO:1901505
GO:0015165 -[is_a]-> GO:0005338
GO:0015165 -[part_of]-> GO:0090481
GO:0015166 -[is_a]-> GO:0015665
GO:0015166 -[part_of]-> GO:0015791
GO:0015167 -[is_a]-> GO:0015144
GO:0015167 -[is_a]-> GO:0015166
GO:0015167 -[part_of]-> GO:0015792
GO:0015168 -[is_a]-> GO:0015144
GO:0015168 -[is_a]-> GO:0015166
GO:0015168 -[part_of]-> GO:0015793
GO:0015169 -[is_a]-> GO:0015166
GO:0015169 -[is_a]-> GO:0015605
GO:0015169 -[is_a]-> GO:1901505
GO:0015169 -[part_of]-> GO:0015794
GO:0015170 -[is_a]-> GO:0015166
GO:0015170 -[part_of]-> GO:0015799
GO:0015171 -[is_a]-> GO:0046943
GO:0015171 -[part_of]-> GO:0003333
GO:0015172 -[is_a]-> GO:0015171
GO:0015172 -[part_of]-> GO:0015800
GO:0015173 -[is_a]-> GO:0015171
GO:0015173 -[part_of]-> GO:0015801
GO:0015174 -[is_a]-> GO:0015171
GO:0015174 -[part_of]-> GO:1990822
GO:0015175 -[is_a]-> GO:0015171
GO:0015175 -[part_of]-> GO:0015804
GO:0015179 -[is_a]-> GO:0015171
GO:0015179 -[part_of]-> GO:0015807
GO:0015179 -[part_of]-> GO:1902475
GO:0015180 -[is_a]-> GO:0015179
GO:0015180 -[is_a]-> GO:0022858
GO:0015180 -[part_of]-> GO:0015808
GO:0015181 -[is_a]-> GO:0015174
GO:0015181 -[part_of]-> GO:1903826
GO:0015182 -[is_a]-> GO:0015175
GO:0015182 -[is_a]-> GO:0015179
GO:0015182 -[is_a]-> GO:0042887
GO:0015182 -[part_of]-> GO:0006867
GO:0015183 -[is_a]-> GO:0015172
GO:0015183 -[is_a]-> GO:0015556
GO:0015183 -[part_of]-> GO:0089712
GO:0015184 -[is_a]-> GO:0000099
GO:0015184 -[is_a]-> GO:0015179
GO:0015184 -[is_a]-> GO:0072349
GO:0015184 -[part_of]-> GO:0015811
GO:0015185 -[is_a]-> GO:0008028
GO:0015185 -[is_a]-> GO:0015171
GO:0015185 -[part_of]-> GO:0015812
GO:0015186 -[is_a]-> GO:0015175
GO:0015186 -[is_a]-> GO:0015179
GO:0015186 -[part_of]-> GO:0006868
GO:0015187 -[is_a]-> GO:0015175
GO:0015187 -[is_a]-> GO:0015179
GO:0015187 -[part_of]-> GO:0015816
GO:0015188 -[is_a]-> GO:0015175
GO:0015188 -[is_a]-> GO:0015179
GO:0015188 -[is_a]-> GO:0015658
GO:0015189 -[is_a]-> GO:0015174
GO:0015189 -[is_a]-> GO:0015179
GO:0015189 -[part_of]-> GO:1903401
GO:0015190 -[is_a]-> GO:0015175
GO:0015190 -[is_a]-> GO:0015179
GO:0015190 -[is_a]-> GO:0015658
GO:0015191 -[is_a]-> GO:0015179
GO:0015191 -[is_a]-> GO:0043865
GO:0015192 -[is_a]-> GO:0015173
GO:0015192 -[is_a]-> GO:0015179
GO:0015192 -[part_of]-> GO:0015823
GO:0015193 -[is_a]-> GO:0015175
GO:0015193 -[is_a]-> GO:0015179
GO:0015193 -[part_of]-> GO:0035524
GO:0015194 -[is_a]-> GO:0015179
GO:0015194 -[is_a]-> GO:0022889
GO:0015194 -[is_a]-> GO:1905361
GO:0015194 -[part_of]-> GO:0015825
GO:0015195 -[is_a]-> GO:0015175
GO:0015195 -[is_a]-> GO:0015179
GO:0015195 -[part_of]-> GO:0015826
GO:0015196 -[is_a]-> GO:0015173
GO:0015196 -[is_a]-> GO:0015179
GO:0015196 -[part_of]-> GO:0015827
GO:0015197 -[is_a]-> GO:0022892
GO:0015197 -[part_of]-> GO:0015833
GO:0015198 -[is_a]-> GO:0015197
GO:0015198 -[part_of]-> GO:0006857
GO:0015199 -[is_a]-> GO:0015651
GO:0015199 -[is_a]-> GO:0072349
GO:0015199 -[part_of]-> GO:0015838
GO:0015200 -[is_a]-> GO:0005275
GO:0015200 -[is_a]-> GO:0008519
GO:0015200 -[part_of]-> GO:0072489
GO:0015203 -[is_a]-> GO:0022891
GO:0015203 -[part_of]-> GO:1902047
GO:0015204 -[is_a]-> GO:0042887
GO:0015204 -[part_of]-> GO:0071918
GO:0015205 -[is_a]-> GO:0022891
GO:0015205 -[part_of]-> GO:0015851
GO:0015207 -[is_a]-> GO:0005345
GO:0015207 -[part_of]-> GO:0015853
GO:0015208 -[is_a]-> GO:0005345
GO:0015208 -[part_of]-> GO:0015854
GO:0015208 -[part_of]-> GO:1903716
GO:0015209 -[is_a]-> GO:0005350
GO:0015209 -[part_of]-> GO:0015856
GO:0015210 -[is_a]-> GO:0005350
GO:0015210 -[part_of]-> GO:1903791
GO:0015211 -[is_a]-> GO:0005337
GO:0015211 -[part_of]-> GO:0015860
GO:0015212 -[is_a]-> GO:0015214
GO:0015212 -[part_of]-> GO:0015861
GO:0015213 -[is_a]-> GO:0015214
GO:0015213 -[part_of]-> GO:0015862
GO:0015214 -[is_a]-> GO:0005337
GO:0015214 -[part_of]-> GO:0072531
GO:0015215 -[is_a]-> GO:0015605
GO:0015215 -[is_a]-> GO:0015932
GO:0015215 -[part_of]-> GO:1901679
GO:0015216 -[is_a]-> GO:0015215
GO:0015216 -[part_of]-> GO:0015865
GO:0015217 -[is_a]-> GO:0000295
GO:0015217 -[is_a]-> GO:0005346
GO:0015217 -[is_a]-> GO:0015211
GO:0015217 -[part_of]-> GO:0015866
GO:0015218 -[is_a]-> GO:0015215
GO:0015218 -[part_of]-> GO:0006864
GO:0015219 -[is_a]-> GO:0008320
GO:0015219 -[is_a]-> GO:0051035
GO:0015220 -[is_a]-> GO:0008519
GO:0015220 -[part_of]-> GO:0015871
GO:0015221 -[is_a]-> GO:0005319
GO:0015221 -[is_a]-> GO:0022884
GO:0015221 -[is_a]-> GO:1901505
GO:0015222 -[is_a]-> GO:0008504
GO:0015222 -[is_a]-> GO:1901618
GO:0015222 -[part_of]-> GO:0006837
GO:0015224 -[is_a]-> GO:0051184
GO:0015224 -[part_of]-> GO:0015877
GO:0015225 -[is_a]-> GO:0051183
GO:0015225 -[is_a]-> GO:0051184
GO:0015225 -[part_of]-> GO:0015878
GO:0015226 -[is_a]-> GO:0015199
GO:0015226 -[part_of]-> GO:1902603
GO:0015227 -[is_a]-> GO:0015651
GO:0015227 -[part_of]-> GO:1902616
GO:0015228 -[is_a]-> GO:0051185
GO:0015228 -[is_a]-> GO:0071077
GO:0015228 -[part_of]-> GO:0035349
GO:0015229 -[is_a]-> GO:0051183
GO:0015229 -[part_of]-> GO:0015882
GO:0015230 -[is_a]-> GO:0015215
GO:0015230 -[is_a]-> GO:0051184
GO:0015230 -[part_of]-> GO:0035350
GO:0015231 -[is_a]-> GO:0008517
GO:0015231 -[part_of]-> GO:0015885
GO:0015232 -[is_a]-> GO:0051184
GO:0015232 -[part_of]-> GO:0015886
GO:0015233 -[is_a]-> GO:0042887
GO:0015233 -[is_a]-> GO:0051185
GO:0015233 -[is_a]-> GO:0072349
GO:0015233 -[is_a]-> GO:0090482
GO:0015233 -[part_of]-> GO:0015887
GO:0015234 -[is_a]-> GO:0022891
GO:0015234 -[is_a]-> GO:0090482
GO:0015234 -[is_a]-> GO:1901474
GO:0015234 -[is_a]-> GO:1901682
GO:0015234 -[part_of]-> GO:0071934
GO:0015235 -[is_a]-> GO:0051183
GO:0015235 -[part_of]-> GO:0015889
GO:0015238 -[is_a]-> GO:0022857
GO:0015238 -[is_a]-> GO:0090484
GO:0015238 -[part_of]-> GO:0006855
GO:0015240 -[is_a]-> GO:0090484
GO:0015240 -[part_of]-> GO:0015898
GO:0015241 -[is_a]-> GO:0045118
GO:0015241 -[part_of]-> GO:0015899
GO:0015242 -[is_a]-> GO:0042910
GO:0015242 -[is_a]-> GO:0090484
GO:0015242 -[part_of]-> GO:0015900
GO:0015243 -[is_a]-> GO:0042895
GO:0015243 -[part_of]-> GO:0015901
GO:0015244 -[is_a]-> GO:0045118
GO:0015244 -[part_of]-> GO:0015903
GO:0015245 -[is_a]-> GO:0005319
GO:0015245 -[part_of]-> GO:0015908
GO:0015246 -[is_a]-> GO:0005319
GO:0015246 -[part_of]-> GO:0015915
GO:0015247 -[is_a]-> GO:0005548
GO:0015247 -[part_of]-> GO:0015917
GO:0015248 -[is_a]-> GO:0005319
GO:0015248 -[part_of]-> GO:0015918
GO:0015250 -[is_a]-> GO:0005372
GO:0015250 -[is_a]-> GO:0022838
GO:0015251 -[is_a]-> GO:0005261
GO:0015251 -[is_a]-> GO:0008519
GO:0015252 -[is_a]-> GO:0005261
GO:0015252 -[part_of]-> GO:0015992
GO:0015254 -[is_a]-> GO:0015168
GO:0015254 -[is_a]-> GO:0015267
GO:0015255 -[is_a]-> GO:0015170
GO:0015255 -[is_a]-> GO:0015267
GO:0015264 -[is_a]-> GO:0015200
GO:0015264 -[is_a]-> GO:0015251
GO:0015265 -[is_a]-> GO:0015204
GO:0015265 -[is_a]-> GO:0022838
GO:0015266 -[is_a]-> GO:0008320
GO:0015266 -[is_a]-> GO:0015267
GO:0015267 -[is_a]-> GO:0022803
GO:0015269 -[is_a]-> GO:0005227
GO:0015269 -[is_a]-> GO:0005267
GO:0015271 -[is_a]-> GO:0005249
GO:0015272 -[is_a]-> GO:0005242
GO:0015274 -[is_a]-> GO:0005247
GO:0015275 -[is_a]-> GO:0005262
GO:0015275 -[is_a]-> GO:0008381
GO:0015276 -[is_a]-> GO:0005216
GO:0015276 -[is_a]-> GO:0022834
GO:0015277 -[is_a]-> GO:0004970
GO:0015278 -[is_a]-> GO:0005217
GO:0015278 -[is_a]-> GO:0099604
GO:0015278 -[part_of]-> GO:0051209
GO:0015279 -[is_a]-> GO:0005262
GO:0015280 -[is_a]-> GO:0005272
GO:0015280 -[is_a]-> GO:0015276
GO:0015284 -[is_a]-> GO:0005353
GO:0015284 -[is_a]-> GO:0008516
GO:0015288 -[is_a]-> GO:0022829
GO:0015291 -[is_a]-> GO:0022804
GO:0015292 -[is_a]-> GO:0015291
GO:0015293 -[is_a]-> GO:0015291
GO:0015294 -[is_a]-> GO:0008324
GO:0015294 -[is_a]-> GO:0015293
GO:0015295 -[is_a]-> GO:0015294
GO:0015295 -[part_of]-> GO:0015992
GO:0015296 -[is_a]-> GO:0008509
GO:0015296 -[is_a]-> GO:0015294
GO:0015296 -[is_a]-> GO:0022853
GO:0015297 -[is_a]-> GO:0015291
GO:0015298 -[is_a]-> GO:0008324
GO:0015298 -[is_a]-> GO:0015297
GO:0015299 -[is_a]-> GO:0015078
GO:0015299 -[is_a]-> GO:0015298
GO:0015301 -[is_a]-> GO:0008509
GO:0015301 -[is_a]-> GO:0099516
GO:0015304 -[is_a]-> GO:0005355
GO:0015304 -[is_a]-> GO:0008516
GO:0015306 -[is_a]-> GO:0005402
GO:0015306 -[is_a]-> GO:0008514
GO:0015306 -[is_a]-> GO:0015296
GO:0015307 -[is_a]-> GO:0015238
GO:0015307 -[is_a]-> GO:0015299
GO:0015307 -[part_of]-> GO:0046618
GO:0015308 -[is_a]-> GO:0015240
GO:0015308 -[is_a]-> GO:0015307
GO:0015308 -[is_a]-> GO:0042887
GO:0015309 -[is_a]-> GO:0015243
GO:0015309 -[is_a]-> GO:0015307
GO:0015309 -[is_a]-> GO:0015665
GO:0015309 -[is_a]-> GO:0042887
GO:0015310 -[is_a]-> GO:0015307
GO:0015310 -[is_a]-> GO:1901479
GO:0015311 -[is_a]-> GO:0008504
GO:0015311 -[is_a]-> GO:0015299
GO:0015312 -[is_a]-> GO:0015203
GO:0015312 -[is_a]-> GO:0015299
GO:0015313 -[is_a]-> GO:0015244
GO:0015313 -[is_a]-> GO:0015665
GO:0015313 -[is_a]-> GO:0045119
GO:0015314 -[is_a]-> GO:0045119
GO:0015315 -[is_a]-> GO:0015114
GO:0015315 -[is_a]-> GO:0015301
GO:0015317 -[is_a]-> GO:0015078
GO:0015317 -[is_a]-> GO:0015114
GO:0015317 -[is_a]-> GO:0015295
GO:0015317 -[is_a]-> GO:0015296
GO:0015317 -[is_a]-> GO:1901677
GO:0015318 -[is_a]-> GO:0015114
GO:0015318 -[is_a]-> GO:0015563
GO:0015319 -[is_a]-> GO:0005436
GO:0015320 -[is_a]-> GO:0015114
GO:0015321 -[is_a]-> GO:0015114
GO:0015321 -[part_of]-> GO:0044341
GO:0015322 -[is_a]-> GO:0015291
GO:0015322 -[is_a]-> GO:0035673
GO:0015324 -[is_a]-> GO:0015291
GO:0015325 -[is_a]-> GO:0008521
GO:0015325 -[is_a]-> GO:0015297
GO:0015325 -[is_a]-> GO:0015324
GO:0015325 -[is_a]-> GO:1901682
GO:0015327 -[is_a]-> GO:0005313
GO:0015327 -[is_a]-> GO:0015297
GO:0015327 -[is_a]-> GO:0015328
GO:0015328 -[is_a]-> GO:0005294
GO:0015328 -[is_a]-> GO:0072349
GO:0015328 -[is_a]-> GO:1901680
GO:0015330 -[is_a]-> GO:0005287
GO:0015330 -[is_a]-> GO:0015186
GO:0015333 -[is_a]-> GO:0015295
GO:0015333 -[is_a]-> GO:0022897
GO:0015333 -[is_a]-> GO:1904680
GO:0015334 -[is_a]-> GO:0015198
GO:0015341 -[is_a]-> GO:0005261
GO:0015341 -[is_a]-> GO:0015291
GO:0015341 -[is_a]-> GO:0022883
GO:0015343 -[is_a]-> GO:0005381
GO:0015343 -[is_a]-> GO:0015603
GO:0015343 -[is_a]-> GO:0042927
GO:0015343 -[part_of]-> GO:0044718
GO:0015344 -[is_a]-> GO:0015343
GO:0015345 -[is_a]-> GO:0015295
GO:0015345 -[is_a]-> GO:0015620
GO:0015346 -[is_a]-> GO:0015295
GO:0015346 -[is_a]-> GO:0015343
GO:0015346 -[is_a]-> GO:0015621
GO:0015346 -[part_of]-> GO:0015686
GO:0015347 -[is_a]-> GO:0008514
GO:0015347 -[is_a]-> GO:0015291
GO:0015349 -[is_a]-> GO:0015291
GO:0015349 -[is_a]-> GO:0072349
GO:0015349 -[part_of]-> GO:0070327
GO:0015350 -[is_a]-> GO:0090484
GO:0015350 -[part_of]-> GO:0051958
GO:0015351 -[is_a]-> GO:0015127
GO:0015351 -[is_a]-> GO:0015291
GO:0015352 -[is_a]-> GO:0015248
GO:0015352 -[is_a]-> GO:0015291
GO:0015352 -[is_a]-> GO:1901618
GO:0015355 -[is_a]-> GO:0008028
GO:0015355 -[is_a]-> GO:0015291
GO:0015360 -[is_a]-> GO:0015295
GO:0015360 -[is_a]-> GO:0043893
GO:0015361 -[is_a]-> GO:0017153
GO:0015362 -[is_a]-> GO:0017153
GO:0015364 -[is_a]-> GO:0015114
GO:0015364 -[is_a]-> GO:0015297
GO:0015366 -[is_a]-> GO:0015078
GO:0015366 -[is_a]-> GO:0015140
GO:0015366 -[is_a]-> GO:0015295
GO:0015366 -[is_a]-> GO:0015296
GO:0015367 -[is_a]-> GO:0015140
GO:0015367 -[is_a]-> GO:0015301
GO:0015367 -[part_of]-> GO:0015742
GO:0015368 -[is_a]-> GO:0015085
GO:0015368 -[is_a]-> GO:0015491
GO:0015369 -[is_a]-> GO:0015368
GO:0015369 -[is_a]-> GO:0051139
GO:0015370 -[is_a]-> GO:0015081
GO:0015370 -[is_a]-> GO:0015294
GO:0015371 -[is_a]-> GO:0005354
GO:0015371 -[is_a]-> GO:0015370
GO:0015373 -[is_a]-> GO:0015296
GO:0015373 -[is_a]-> GO:0015370
GO:0015374 -[is_a]-> GO:0005283
GO:0015374 -[part_of]-> GO:0006821
GO:0015375 -[is_a]-> GO:0005283
GO:0015375 -[is_a]-> GO:0005294
GO:0015375 -[is_a]-> GO:0015187
GO:0015377 -[is_a]-> GO:0015108
GO:0015377 -[is_a]-> GO:0015296
GO:0015378 -[is_a]-> GO:0015377
GO:0015379 -[is_a]-> GO:0015377
GO:0015381 -[is_a]-> GO:0008271
GO:0015382 -[is_a]-> GO:0008271
GO:0015382 -[is_a]-> GO:0015081
GO:0015382 -[is_a]-> GO:0015296
GO:0015383 -[is_a]-> GO:0008271
GO:0015383 -[is_a]-> GO:0015106
GO:0015383 -[is_a]-> GO:0015301
GO:0015385 -[is_a]-> GO:0005451
GO:0015385 -[is_a]-> GO:0015081
GO:0015386 -[is_a]-> GO:0005451
GO:0015386 -[is_a]-> GO:0022821
GO:0015387 -[is_a]-> GO:0015078
GO:0015387 -[is_a]-> GO:0015295
GO:0015387 -[is_a]-> GO:0022820
GO:0015388 -[is_a]-> GO:0015079
GO:0015388 -[is_a]-> GO:0015291
GO:0015388 -[is_a]-> GO:0015563
GO:0015389 -[is_a]-> GO:0005345
GO:0015389 -[is_a]-> GO:0005350
GO:0015389 -[is_a]-> GO:0005415
GO:0015390 -[is_a]-> GO:0005415
GO:0015390 -[is_a]-> GO:0015211
GO:0015391 -[is_a]-> GO:0015205
GO:0015391 -[is_a]-> GO:0015294
GO:0015394 -[is_a]-> GO:0015213
GO:0015394 -[is_a]-> GO:0015391
GO:0015394 -[is_a]-> GO:0015506
GO:0015395 -[is_a]-> GO:0005337
GO:0015395 -[is_a]-> GO:0015291
GO:0015398 -[is_a]-> GO:0008519
GO:0015398 -[is_a]-> GO:0015291
GO:0015399 -[is_a]-> GO:0022804
GO:0015400 -[is_a]-> GO:0008519
GO:0015400 -[is_a]-> GO:0015291
GO:0015401 -[is_a]-> GO:0015204
GO:0015401 -[is_a]-> GO:0015370
GO:0015403 -[is_a]-> GO:0015234
GO:0015403 -[is_a]-> GO:0015563
GO:0015405 -[is_a]-> GO:0015399
GO:0015407 -[is_a]-> GO:0015145
GO:0015407 -[is_a]-> GO:0043211
GO:0015408 -[is_a]-> GO:0015091
GO:0015408 -[is_a]-> GO:0019829
GO:0015410 -[is_a]-> GO:0005384
GO:0015410 -[is_a]-> GO:0019829
GO:0015411 -[is_a]-> GO:0005368
GO:0015411 -[is_a]-> GO:0031263
GO:0015412 -[is_a]-> GO:0015098
GO:0015412 -[is_a]-> GO:0043225
GO:0015413 -[is_a]-> GO:0015099
GO:0015413 -[is_a]-> GO:0019829
GO:0015413 -[is_a]-> GO:0072509
GO:0015414 -[is_a]-> GO:0015112
GO:0015414 -[is_a]-> GO:0043225
GO:0015415 -[is_a]-> GO:0015114
GO:0015415 -[is_a]-> GO:0043225
GO:0015416 -[is_a]-> GO:0015604
GO:0015416 -[is_a]-> GO:0015605
GO:0015416 -[is_a]-> GO:0043225
GO:0015417 -[is_a]-> GO:0015203
GO:0015417 -[is_a]-> GO:0042626
GO:0015418 -[is_a]-> GO:0042626
GO:0015419 -[is_a]-> GO:0015116
GO:0015419 -[is_a]-> GO:0043225
GO:0015420 -[is_a]-> GO:0015235
GO:0015420 -[is_a]-> GO:0042626
GO:0015420 -[is_a]-> GO:0090482
GO:0015421 -[is_a]-> GO:0015440
GO:0015421 -[is_a]-> GO:0035673
GO:0015422 -[is_a]-> GO:0015157
GO:0015422 -[is_a]-> GO:0043211
GO:0015423 -[is_a]-> GO:0005363
GO:0015423 -[is_a]-> GO:0015422
GO:0015424 -[is_a]-> GO:0015171
GO:0015424 -[is_a]-> GO:0031263
GO:0015425 -[is_a]-> GO:0015424
GO:0015426 -[is_a]-> GO:0015424
GO:0015430 -[is_a]-> GO:0015169
GO:0015430 -[is_a]-> GO:0042626
GO:0015431 -[is_a]-> GO:0071997
GO:0015432 -[is_a]-> GO:0015125
GO:0015432 -[is_a]-> GO:0042626
GO:0015433 -[is_a]-> GO:0015440
GO:0015434 -[is_a]-> GO:0015086
GO:0015436 -[is_a]-> GO:0015161
GO:0015436 -[is_a]-> GO:0042626
GO:0015437 -[is_a]-> GO:0015221
GO:0015437 -[is_a]-> GO:0042626
GO:0015438 -[is_a]-> GO:0015162
GO:0015438 -[is_a]-> GO:0042626
GO:0015439 -[is_a]-> GO:0015232
GO:0015439 -[is_a]-> GO:0042626
GO:0015440 -[is_a]-> GO:0042626
GO:0015441 -[is_a]-> GO:0015160
GO:0015441 -[is_a]-> GO:0042626
GO:0015444 -[is_a]-> GO:0015095
GO:0015444 -[is_a]-> GO:0015662
GO:0015444 -[is_a]-> GO:0019829
GO:0015445 -[is_a]-> GO:0015080
GO:0015445 -[is_a]-> GO:0015662
GO:0015445 -[is_a]-> GO:0019829
GO:0015446 -[is_a]-> GO:0008490
GO:0015446 -[is_a]-> GO:0019829
GO:0015446 -[is_a]-> GO:0043225
GO:0015450 -[is_a]-> GO:0008320
GO:0015450 -[is_a]-> GO:0015405
GO:0015451 -[is_a]-> GO:0015399
GO:0015452 -[is_a]-> GO:0015399
GO:0015453 -[is_a]-> GO:0015399
GO:0015454 -[is_a]-> GO:0015399
GO:0015459 -[is_a]-> GO:0016247
GO:0015459 -[regulates]-> GO:0005267
GO:0015462 -[is_a]-> GO:0015450
GO:0015462 -[is_a]-> GO:0042626
GO:0015464 -[is_a]-> GO:0004888
GO:0015464 -[is_a]-> GO:0030594
GO:0015464 -[has_part]-> GO:0042166
GO:0015467 -[is_a]-> GO:0005242
GO:0015471 -[is_a]-> GO:0005337
GO:0015471 -[is_a]-> GO:0015288
GO:0015473 -[is_a]-> GO:0015288
GO:0015474 -[is_a]-> GO:0015288
GO:0015475 -[is_a]-> GO:0015474
GO:0015476 -[is_a]-> GO:0015474
GO:0015478 -[is_a]-> GO:0015157
GO:0015478 -[is_a]-> GO:0015288
GO:0015481 -[is_a]-> GO:0005363
GO:0015481 -[is_a]-> GO:0015288
GO:0015483 -[is_a]-> GO:0005324
GO:0015483 -[is_a]-> GO:0008028
GO:0015483 -[is_a]-> GO:0015288
GO:0015485 -[is_a]-> GO:0032934
GO:0015485 -[is_a]-> GO:0043178
GO:0015486 -[is_a]-> GO:0005402
GO:0015487 -[is_a]-> GO:0015156
GO:0015487 -[is_a]-> GO:0015486
GO:0015488 -[is_a]-> GO:0015164
GO:0015488 -[is_a]-> GO:0015486
GO:0015489 -[is_a]-> GO:0015203
GO:0015489 -[part_of]-> GO:0015847
GO:0015490 -[is_a]-> GO:0022804
GO:0015490 -[part_of]-> GO:0015839
GO:0015491 -[is_a]-> GO:0015298
GO:0015491 -[is_a]-> GO:0099516
GO:0015492 -[is_a]-> GO:0015192
GO:0015492 -[is_a]-> GO:0015494
GO:0015493 -[is_a]-> GO:0005280
GO:0015493 -[is_a]-> GO:0015189
GO:0015494 -[is_a]-> GO:0005280
GO:0015494 -[is_a]-> GO:0015173
GO:0015495 -[is_a]-> GO:0005280
GO:0015495 -[is_a]-> GO:0015185
GO:0015495 -[is_a]-> GO:0015370
GO:0015496 -[is_a]-> GO:0000064
GO:0015496 -[is_a]-> GO:0015297
GO:0015496 -[is_a]-> GO:0015489
GO:0015498 -[is_a]-> GO:0008514
GO:0015498 -[is_a]-> GO:0015081
GO:0015498 -[is_a]-> GO:0015233
GO:0015498 -[is_a]-> GO:0015296
GO:0015499 -[is_a]-> GO:0008514
GO:0015499 -[part_of]-> GO:0015724
GO:0015501 -[is_a]-> GO:0005283
GO:0015501 -[is_a]-> GO:0005313
GO:0015501 -[is_a]-> GO:0015296
GO:0015503 -[is_a]-> GO:0015079
GO:0015503 -[is_a]-> GO:0015291
GO:0015504 -[is_a]-> GO:0015209
GO:0015504 -[is_a]-> GO:0015295
GO:0015504 -[is_a]-> GO:0015391
GO:0015505 -[is_a]-> GO:0015210
GO:0015505 -[is_a]-> GO:0015391
GO:0015506 -[is_a]-> GO:0005337
GO:0015506 -[is_a]-> GO:0015295
GO:0015513 -[is_a]-> GO:0015113
GO:0015513 -[is_a]-> GO:0015291
GO:0015513 -[is_a]-> GO:0015563
GO:0015514 -[is_a]-> GO:0015113
GO:0015514 -[is_a]-> GO:0015291
GO:0015514 -[is_a]-> GO:0015562
GO:0015515 -[is_a]-> GO:0005371
GO:0015515 -[is_a]-> GO:0015137
GO:0015515 -[is_a]-> GO:0015141
GO:0015515 -[is_a]-> GO:0015301
GO:0015516 -[is_a]-> GO:0015141
GO:0015516 -[is_a]-> GO:0015301
GO:0015516 -[is_a]-> GO:0015554
GO:0015517 -[is_a]-> GO:0005354
GO:0015517 -[is_a]-> GO:0009679
GO:0015518 -[is_a]-> GO:0005351
GO:0015518 -[is_a]-> GO:0042900
GO:0015519 -[is_a]-> GO:0005351
GO:0015519 -[is_a]-> GO:0015148
GO:0015520 -[is_a]-> GO:0008493
GO:0015520 -[is_a]-> GO:0015307
GO:0015522 -[is_a]-> GO:0015307
GO:0015522 -[is_a]-> GO:0017077
GO:0015523 -[is_a]-> GO:0005351
GO:0015523 -[is_a]-> GO:0015562
GO:0015523 -[is_a]-> GO:0042900
GO:0015526 -[is_a]-> GO:0015119
GO:0015526 -[is_a]-> GO:0015315
GO:0015527 -[is_a]-> GO:0015168
GO:0015527 -[is_a]-> GO:0015315
GO:0015528 -[is_a]-> GO:0005351
GO:0015528 -[is_a]-> GO:0015155
GO:0015529 -[is_a]-> GO:0005351
GO:0015529 -[is_a]-> GO:0015158
GO:0015530 -[is_a]-> GO:0008514
GO:0015530 -[part_of]-> GO:0015733
GO:0015531 -[is_a]-> GO:0005371
GO:0015531 -[is_a]-> GO:0015137
GO:0015531 -[is_a]-> GO:0015295
GO:0015532 -[is_a]-> GO:0015078
GO:0015532 -[is_a]-> GO:0015139
GO:0015532 -[is_a]-> GO:0015295
GO:0015532 -[is_a]-> GO:0015296
GO:0015533 -[is_a]-> GO:0015078
GO:0015533 -[is_a]-> GO:0015295
GO:0015533 -[is_a]-> GO:0015296
GO:0015533 -[is_a]-> GO:0015530
GO:0015535 -[is_a]-> GO:0009679
GO:0015535 -[is_a]-> GO:0015150
GO:0015537 -[is_a]-> GO:0015506
GO:0015537 -[is_a]-> GO:0015553
GO:0015538 -[is_a]-> GO:0015136
GO:0015538 -[is_a]-> GO:0015295
GO:0015539 -[is_a]-> GO:0005351
GO:0015539 -[is_a]-> GO:0008514
GO:0015539 -[is_a]-> GO:0015134
GO:0015539 -[is_a]-> GO:0015296
GO:0015540 -[is_a]-> GO:0015293
GO:0015540 -[is_a]-> GO:0015551
GO:0015541 -[is_a]-> GO:0015110
GO:0015541 -[is_a]-> GO:0015291
GO:0015542 -[is_a]-> GO:0005351
GO:0015544 -[is_a]-> GO:0015291
GO:0015544 -[is_a]-> GO:0015552
GO:0015545 -[is_a]-> GO:0042895
GO:0015545 -[part_of]-> GO:0015905
GO:0015546 -[is_a]-> GO:0042887
GO:0015546 -[is_a]-> GO:1901474
GO:0015546 -[is_a]-> GO:1901682
GO:0015546 -[part_of]-> GO:1902599
GO:0015547 -[is_a]-> GO:0042895
GO:0015547 -[is_a]-> GO:0042910
GO:0015547 -[part_of]-> GO:0015896
GO:0015548 -[is_a]-> GO:0090484
GO:0015548 -[part_of]-> GO:0015897
GO:0015549 -[is_a]-> GO:0090484
GO:0015549 -[part_of]-> GO:0015902
GO:0015550 -[is_a]-> GO:0008514
GO:0015550 -[part_of]-> GO:0015737
GO:0015551 -[is_a]-> GO:0022891
GO:0015551 -[is_a]-> GO:1901618
GO:0015551 -[part_of]-> GO:0015731
GO:0015552 -[is_a]-> GO:0005319
GO:0015552 -[is_a]-> GO:0008514
GO:0015552 -[part_of]-> GO:0015730
GO:0015553 -[is_a]-> GO:0015211
GO:0015553 -[part_of]-> GO:0015863
GO:0015554 -[is_a]-> GO:1901702
GO:0015556 -[is_a]-> GO:0005310
GO:0015556 -[is_a]-> GO:0008514
GO:0015556 -[part_of]-> GO:0015740
GO:0015557 -[is_a]-> GO:0008320
GO:0015557 -[is_a]-> GO:0015291
GO:0015558 -[is_a]-> GO:0015563
GO:0015558 -[is_a]-> GO:0015569
GO:0015561 -[is_a]-> GO:0009679
GO:0015561 -[is_a]-> GO:0015153
GO:0015562 -[is_a]-> GO:0022857
GO:0015563 -[is_a]-> GO:0022857
GO:0015565 -[is_a]-> GO:0015195
GO:0015565 -[is_a]-> GO:0034639
GO:0015566 -[is_a]-> GO:0042910
GO:0015566 -[is_a]-> GO:0090484
GO:0015566 -[part_of]-> GO:0015894
GO:0015567 -[is_a]-> GO:0005215
GO:0015567 -[part_of]-> GO:0015895
GO:0015568 -[is_a]-> GO:0042879
GO:0015568 -[part_of]-> GO:0015726
GO:0015569 -[is_a]-> GO:0008514
GO:0015569 -[is_a]-> GO:0072349
GO:0015569 -[part_of]-> GO:1902604
GO:0015571 -[is_a]-> GO:0019196
GO:0015571 -[is_a]-> GO:0022891
GO:0015571 -[part_of]-> GO:0015763
GO:0015572 -[is_a]-> GO:0022891
GO:0015572 -[is_a]-> GO:1901505
GO:0015573 -[is_a]-> GO:0042947
GO:0015573 -[part_of]-> GO:0015759
GO:0015574 -[is_a]-> GO:0015151
GO:0015574 -[is_a]-> GO:0015154
GO:0015574 -[part_of]-> GO:0015771
GO:0015575 -[is_a]-> GO:0015144
GO:0015575 -[is_a]-> GO:0015166
GO:0015575 -[part_of]-> GO:0015797
GO:0015576 -[is_a]-> GO:0015144
GO:0015576 -[is_a]-> GO:0015166
GO:0015576 -[is_a]-> GO:0022804
GO:0015576 -[part_of]-> GO:0015795
GO:0015577 -[is_a]-> GO:0015144
GO:0015577 -[is_a]-> GO:0015166
GO:0015577 -[part_of]-> GO:0015796
GO:0015578 -[is_a]-> GO:0015149
GO:0015578 -[part_of]-> GO:0015761
GO:0015591 -[is_a]-> GO:0015146
GO:0015591 -[part_of]-> GO:0015752
GO:0015592 -[is_a]-> GO:0022891
GO:0015592 -[is_a]-> GO:1901505
GO:0015592 -[part_of]-> GO:0015765
GO:0015593 -[is_a]-> GO:0015149
GO:0015593 -[part_of]-> GO:0015754
GO:0015594 -[is_a]-> GO:0015417
GO:0015594 -[is_a]-> GO:0015489
GO:0015595 -[is_a]-> GO:0015417
GO:0015595 -[is_a]-> GO:0015606
GO:0015598 -[is_a]-> GO:0015181
GO:0015598 -[is_a]-> GO:0015426
GO:0015598 -[part_of]-> GO:0090467
GO:0015599 -[is_a]-> GO:0015186
GO:0015599 -[is_a]-> GO:0015426
GO:0015599 -[part_of]-> GO:0036229
GO:0015603 -[is_a]-> GO:0022857
GO:0015603 -[part_of]-> GO:0015688
GO:0015604 -[is_a]-> GO:0022857
GO:0015604 -[part_of]-> GO:0015716
GO:0015605 -[is_a]-> GO:1901677
GO:0015605 -[part_of]-> GO:0015748
GO:0015606 -[is_a]-> GO:0015203
GO:0015606 -[part_of]-> GO:1903711
GO:0015607 -[is_a]-> GO:0005215
GO:0015607 -[part_of]-> GO:0015916
GO:0015608 -[is_a]-> GO:0043211
GO:0015609 -[is_a]-> GO:0015157
GO:0015609 -[is_a]-> GO:0015608
GO:0015610 -[is_a]-> GO:0015169
GO:0015610 -[is_a]-> GO:0015608
GO:0015611 -[is_a]-> GO:0015407
GO:0015611 -[is_a]-> GO:0015591
GO:0015611 -[is_a]-> GO:0015608
GO:0015612 -[is_a]-> GO:0015147
GO:0015612 -[is_a]-> GO:0015407
GO:0015612 -[is_a]-> GO:0015608
GO:0015614 -[is_a]-> GO:0015148
GO:0015614 -[is_a]-> GO:0015407
GO:0015614 -[is_a]-> GO:0015608
GO:0015615 -[is_a]-> GO:0015407
GO:0015615 -[is_a]-> GO:0015593
GO:0015615 -[is_a]-> GO:0015608
GO:0015616 -[is_a]-> GO:0008094
GO:0015616 -[has_part]-> GO:0003677
GO:0015619 -[is_a]-> GO:0015234
GO:0015619 -[is_a]-> GO:0015605
GO:0015619 -[is_a]-> GO:0090422
GO:0015620 -[is_a]-> GO:0015343
GO:0015620 -[part_of]-> GO:0015685
GO:0015621 -[is_a]-> GO:0015091
GO:0015622 -[is_a]-> GO:0015343
GO:0015622 -[part_of]-> GO:0015687
GO:0015623 -[is_a]-> GO:0015603
GO:0015623 -[is_a]-> GO:0042626
GO:0015624 -[is_a]-> GO:0015620
GO:0015624 -[is_a]-> GO:0015623
GO:0015624 -[is_a]-> GO:0019829
GO:0015625 -[is_a]-> GO:0015622
GO:0015625 -[is_a]-> GO:0015623
GO:0015625 -[is_a]-> GO:0019829
GO:0015626 -[is_a]-> GO:0015179
GO:0015626 -[part_of]-> GO:0015830
GO:0015627 -[is_a]-> GO:0043234
GO:0015627 -[is_a]-> GO:0044464
GO:0015628 -[is_a]-> GO:0009306
GO:0015628 -[is_a]-> GO:0098776
GO:0015629 -[is_a]-> GO:0005856
GO:0015630 -[is_a]-> GO:0005856
GO:0015631 -[is_a]-> GO:0008092
GO:0015633 -[is_a]-> GO:0005385
GO:0015634 -[is_a]-> GO:0015221
GO:0015634 -[is_a]-> GO:0015562
GO:0015635 -[is_a]-> GO:0015245
GO:0015635 -[part_of]-> GO:0015912
GO:0015636 -[is_a]-> GO:0015635
GO:0015636 -[part_of]-> GO:0015913
GO:0015638 -[is_a]-> GO:0015238
GO:0015638 -[part_of]-> GO:0042884
GO:0015639 -[is_a]-> GO:0015093
GO:0015640 -[is_a]-> GO:0015197
GO:0015640 -[is_a]-> GO:0015647
GO:0015640 -[part_of]-> GO:0015834
GO:0015643 -[is_a]-> GO:0005488
GO:0015645 -[is_a]-> GO:0016877
GO:0015647 -[is_a]-> GO:0022892
GO:0015647 -[is_a]-> GO:1901505
GO:0015647 -[part_of]-> GO:0015835
GO:0015648 -[is_a]-> GO:0015647
GO:0015648 -[part_of]-> GO:0015836
GO:0015649 -[is_a]-> GO:0005402
GO:0015649 -[is_a]-> GO:0015078
GO:0015649 -[is_a]-> GO:0015128
GO:0015649 -[is_a]-> GO:0015296
GO:0015649 -[part_of]-> GO:0046411
GO:0015650 -[is_a]-> GO:0015078
GO:0015650 -[is_a]-> GO:0015129
GO:0015650 -[is_a]-> GO:0015296
GO:0015651 -[is_a]-> GO:0015101
GO:0015651 -[part_of]-> GO:0015697
GO:0015652 -[is_a]-> GO:0015295
GO:0015652 -[is_a]-> GO:0015651
GO:0015653 -[is_a]-> GO:0015199
GO:0015653 -[is_a]-> GO:0015652
GO:0015653 -[part_of]-> GO:0031460
GO:0015654 -[is_a]-> GO:0015118
GO:0015654 -[is_a]-> GO:0015563
GO:0015655 -[is_a]-> GO:0005283
GO:0015655 -[is_a]-> GO:0005294
GO:0015655 -[is_a]-> GO:0022858
GO:0015657 -[is_a]-> GO:0005283
GO:0015657 -[is_a]-> GO:0015658
GO:0015658 -[is_a]-> GO:0015171
GO:0015658 -[part_of]-> GO:0015803
GO:0015659 -[is_a]-> GO:0015499
GO:0015659 -[is_a]-> GO:0015563
GO:0015660 -[is_a]-> GO:0015499
GO:0015660 -[is_a]-> GO:0015562
GO:0015661 -[is_a]-> GO:0015189
GO:0015661 -[is_a]-> GO:0034639
GO:0015662 -[is_a]-> GO:0042625
GO:0015663 -[is_a]-> GO:0015215
GO:0015663 -[is_a]-> GO:0051184
GO:0015663 -[is_a]-> GO:1901505
GO:0015663 -[part_of]-> GO:0035353
GO:0015665 -[is_a]-> GO:0022891
GO:0015665 -[is_a]-> GO:1901618
GO:0015666 -[is_a]-> GO:0004520
GO:0015667 -[is_a]-> GO:0008757
GO:0015667 -[is_a]-> GO:0009008
GO:0015667 -[part_of]-> GO:0090124
GO:0015668 -[is_a]-> GO:0015666
GO:0015668 -[is_a]-> GO:0016888
GO:0015669 -[is_a]-> GO:0044765
GO:0015670 -[is_a]-> GO:0015669
GO:0015670 -[is_a]-> GO:0019755
GO:0015671 -[is_a]-> GO:0015669
GO:0015672 -[is_a]-> GO:0006812
GO:0015673 -[is_a]-> GO:0000041
GO:0015675 -[is_a]-> GO:0000041
GO:0015676 -[is_a]-> GO:0000041
GO:0015677 -[is_a]-> GO:0006825
GO:0015678 -[is_a]-> GO:0035434
GO:0015679 -[is_a]-> GO:0035434
GO:0015680 -[is_a]-> GO:0006825
GO:0015680 -[is_a]-> GO:0046907
GO:0015680 -[occurs_in]-> GO:0005622
GO:0015682 -[is_a]-> GO:0006826
GO:0015682 -[is_a]-> GO:0072512
GO:0015683 -[is_a]-> GO:0006827
GO:0015683 -[is_a]-> GO:0015682
GO:0015684 -[is_a]-> GO:0006826
GO:0015684 -[is_a]-> GO:0070838
GO:0015685 -[is_a]-> GO:0015682
GO:0015685 -[is_a]-> GO:0015711
GO:0015685 -[is_a]-> GO:1901678
GO:0015686 -[is_a]-> GO:0015891
GO:0015686 -[is_a]-> GO:0071702
GO:0015686 -[is_a]-> GO:0071705
GO:0015687 -[is_a]-> GO:0015682
GO:0015687 -[is_a]-> GO:0015891
GO:0015688 -[is_a]-> GO:1901678
GO:0015689 -[is_a]-> GO:0015698
GO:0015690 -[is_a]-> GO:0030001
GO:0015690 -[is_a]-> GO:0072512
GO:0015691 -[is_a]-> GO:0000041
GO:0015691 -[is_a]-> GO:0070838
GO:0015692 -[is_a]-> GO:0030001
GO:0015693 -[is_a]-> GO:0070838
GO:0015694 -[is_a]-> GO:0000041
GO:0015694 -[is_a]-> GO:0072511
GO:0015694 -[part_of]-> GO:0050787
GO:0015695 -[is_a]-> GO:0006812
GO:0015695 -[is_a]-> GO:0071702
GO:0015696 -[is_a]-> GO:0006812
GO:0015696 -[is_a]-> GO:0071705
GO:0015697 -[is_a]-> GO:0044765
GO:0015697 -[is_a]-> GO:0071702
GO:0015697 -[is_a]-> GO:0071705
GO:0015698 -[is_a]-> GO:0006820
GO:0015699 -[is_a]-> GO:0015698
GO:0015700 -[is_a]-> GO:0015698
GO:0015701 -[is_a]-> GO:0015711
GO:0015702 -[is_a]-> GO:0015698
GO:0015703 -[is_a]-> GO:0015698
GO:0015704 -[is_a]-> GO:0006820
GO:0015704 -[is_a]-> GO:0071702
GO:0015704 -[is_a]-> GO:0071705
GO:0015705 -[is_a]-> GO:0015698
GO:0015706 -[is_a]-> GO:0015698
GO:0015706 -[is_a]-> GO:0071705
GO:0015707 -[is_a]-> GO:0015698
GO:0015707 -[is_a]-> GO:0071705
GO:0015708 -[is_a]-> GO:0015698
GO:0015708 -[is_a]-> GO:0044765
GO:0015709 -[is_a]-> GO:0015698
GO:0015709 -[is_a]-> GO:0072348
GO:0015710 -[is_a]-> GO:0006820
GO:0015711 -[is_a]-> GO:0006820
GO:0015711 -[is_a]-> GO:0071702
GO:0015712 -[is_a]-> GO:0015748
GO:0015712 -[is_a]-> GO:1901264
GO:0015713 -[is_a]-> GO:0042873
GO:0015714 -[is_a]-> GO:0015718
GO:0015715 -[is_a]-> GO:0006862
GO:0015715 -[is_a]-> GO:0072348
GO:0015716 -[is_a]-> GO:0044765
GO:0015716 -[is_a]-> GO:0071702
GO:0015717 -[is_a]-> GO:0015748
GO:0015717 -[is_a]-> GO:1901264
GO:0015718 -[is_a]-> GO:0046942
GO:0015719 -[is_a]-> GO:0015718
GO:0015719 -[is_a]-> GO:0042886
GO:0015720 -[is_a]-> GO:0042886
GO:0015720 -[is_a]-> GO:0071702
GO:0015721 -[is_a]-> GO:0006869
GO:0015721 -[is_a]-> GO:0015718
GO:0015721 -[is_a]-> GO:0015849
GO:0015721 -[is_a]-> GO:0015850
GO:0015722 -[is_a]-> GO:0015721
GO:0015722 -[is_a]-> GO:0046717
GO:0015723 -[is_a]-> GO:0006835
GO:0015724 -[is_a]-> GO:0015718
GO:0015725 -[is_a]-> GO:0042873
GO:0015726 -[is_a]-> GO:0042873
GO:0015727 -[is_a]-> GO:0015718
GO:0015728 -[is_a]-> GO:0015718
GO:0015729 -[is_a]-> GO:0015740
GO:0015730 -[is_a]-> GO:0015912
GO:0015731 -[is_a]-> GO:0015850
GO:0015732 -[is_a]-> GO:0015908
GO:0015732 -[is_a]-> GO:0071715
GO:0015733 -[is_a]-> GO:0015718
GO:0015734 -[is_a]-> GO:0071702
GO:0015734 -[is_a]-> GO:0071705
GO:0015734 -[is_a]-> GO:0072348
GO:0015735 -[is_a]-> GO:0015718
GO:0015736 -[is_a]-> GO:0015735
GO:0015737 -[is_a]-> GO:0015736
GO:0015738 -[is_a]-> GO:0015736
GO:0015739 -[is_a]-> GO:0046942
GO:0015740 -[is_a]-> GO:0006835
GO:0015741 -[is_a]-> GO:0015740
GO:0015742 -[is_a]-> GO:0006835
GO:0015743 -[is_a]-> GO:0015740
GO:0015744 -[is_a]-> GO:0015740
GO:0015745 -[is_a]-> GO:0042869
GO:0015746 -[is_a]-> GO:0006842
GO:0015747 -[is_a]-> GO:0015711
GO:0015748 -[is_a]-> GO:0044765
GO:0015748 -[is_a]-> GO:0071702
GO:0015749 -[is_a]-> GO:0008643
GO:0015750 -[is_a]-> GO:0015749
GO:0015751 -[is_a]-> GO:0015750
GO:0015752 -[is_a]-> GO:0015750
GO:0015753 -[is_a]-> GO:0015750
GO:0015754 -[is_a]-> GO:0008645
GO:0015755 -[is_a]-> GO:0008645
GO:0015756 -[is_a]-> GO:0008645
GO:0015757 -[is_a]-> GO:0008645
GO:0015758 -[is_a]-> GO:0008645
GO:0015759 -[is_a]-> GO:0042946
GO:0015760 -[is_a]-> GO:0015712
GO:0015761 -[is_a]-> GO:0008645
GO:0015762 -[is_a]-> GO:0008645
GO:0015763 -[is_a]-> GO:1901264
GO:0015764 -[is_a]-> GO:1901264
GO:0015765 -[is_a]-> GO:1901656
GO:0015766 -[is_a]-> GO:0015772
GO:0015767 -[is_a]-> GO:0015766
GO:0015768 -[is_a]-> GO:0015766
GO:0015769 -[is_a]-> GO:0015766
GO:0015770 -[is_a]-> GO:0015766
GO:0015771 -[is_a]-> GO:0015766
GO:0015772 -[is_a]-> GO:0008643
GO:0015773 -[is_a]-> GO:2001088
GO:0015774 -[is_a]-> GO:0008643
GO:0015774 -[part_of]-> GO:0033037
GO:0015775 -[is_a]-> GO:0015774
GO:0015776 -[is_a]-> GO:0015774
GO:0015777 -[is_a]-> GO:1901264
GO:0015778 -[is_a]-> GO:0008643
GO:0015779 -[is_a]-> GO:1901656
GO:0015780 -[is_a]-> GO:0015931
GO:0015780 -[is_a]-> GO:1901264
GO:0015781 -[is_a]-> GO:0015780
GO:0015782 -[is_a]-> GO:0015781
GO:0015783 -[is_a]-> GO:0036079
GO:0015784 -[is_a]-> GO:0036079
GO:0015785 -[is_a]-> GO:0015781
GO:0015786 -[is_a]-> GO:0015781
GO:0015787 -[is_a]-> GO:0015781
GO:0015788 -[is_a]-> GO:0015781
GO:0015789 -[is_a]-> GO:0015781
GO:0015790 -[is_a]-> GO:0015781
GO:0015791 -[is_a]-> GO:0015850
GO:0015792 -[is_a]-> GO:0008643
GO:0015792 -[is_a]-> GO:0015791
GO:0015793 -[is_a]-> GO:0008643
GO:0015793 -[is_a]-> GO:0015791
GO:0015794 -[is_a]-> GO:0015748
GO:0015794 -[is_a]-> GO:1901264
GO:0015795 -[is_a]-> GO:0008643
GO:0015795 -[is_a]-> GO:0015791
GO:0015796 -[is_a]-> GO:0008643
GO:0015796 -[is_a]-> GO:0015791
GO:0015797 -[is_a]-> GO:0008643
GO:0015797 -[is_a]-> GO:0015791
GO:0015798 -[is_a]-> GO:0015791
GO:0015799 -[is_a]-> GO:0015791
GO:0015800 -[is_a]-> GO:0006865
GO:0015801 -[is_a]-> GO:0006865
GO:0015802 -[is_a]-> GO:0006865
GO:0015803 -[is_a]-> GO:0006865
GO:0015804 -[is_a]-> GO:0006865
GO:0015805 -[is_a]-> GO:0051182
GO:0015805 -[is_a]-> GO:0072348
GO:0015806 -[is_a]-> GO:0072348
GO:0015807 -[is_a]-> GO:0046942
GO:0015807 -[is_a]-> GO:0071705
GO:0015808 -[is_a]-> GO:0015807
GO:0015808 -[is_a]-> GO:0032328
GO:0015809 -[is_a]-> GO:0015802
GO:0015809 -[is_a]-> GO:0046942
GO:0015810 -[is_a]-> GO:0015740
GO:0015810 -[is_a]-> GO:0015800
GO:0015811 -[is_a]-> GO:0000101
GO:0015811 -[is_a]-> GO:0072337
GO:0015812 -[is_a]-> GO:0046942
GO:0015812 -[is_a]-> GO:0071705
GO:0015813 -[is_a]-> GO:0006835
GO:0015813 -[is_a]-> GO:0015800
GO:0015813 -[is_a]-> GO:0015807
GO:0015814 -[is_a]-> GO:0006835
GO:0015816 -[is_a]-> GO:0015804
GO:0015816 -[is_a]-> GO:0046942
GO:0015817 -[is_a]-> GO:0015802
GO:0015817 -[is_a]-> GO:0046942
GO:0015818 -[is_a]-> GO:0015803
GO:0015818 -[is_a]-> GO:0015804
GO:0015819 -[is_a]-> GO:0015802
GO:0015819 -[is_a]-> GO:0046942
GO:0015820 -[is_a]-> GO:0015804
GO:0015820 -[is_a]-> GO:0046942
GO:0015821 -[is_a]-> GO:0046942
GO:0015821 -[is_a]-> GO:0071705
GO:0015822 -[is_a]-> GO:0046942
GO:0015822 -[is_a]-> GO:0071705
GO:0015823 -[is_a]-> GO:0046942
GO:0015823 -[is_a]-> GO:0071705
GO:0015824 -[is_a]-> GO:0015804
GO:0015824 -[is_a]-> GO:0046942
GO:0015825 -[is_a]-> GO:0015807
GO:0015826 -[is_a]-> GO:0015804
GO:0015826 -[is_a]-> GO:0046942
GO:0015827 -[is_a]-> GO:0015801
GO:0015828 -[is_a]-> GO:0015801
GO:0015829 -[is_a]-> GO:0015804
GO:0015829 -[is_a]-> GO:0046942
GO:0015830 -[is_a]-> GO:0006865
GO:0015833 -[is_a]-> GO:0042886
GO:0015833 -[is_a]-> GO:0071702
GO:0015834 -[is_a]-> GO:0015833
GO:0015835 -[is_a]-> GO:0071705
GO:0015835 -[is_a]-> GO:1901264
GO:0015836 -[is_a]-> GO:0015835
GO:0015837 -[is_a]-> GO:0071702
GO:0015837 -[is_a]-> GO:0071705
GO:0015838 -[is_a]-> GO:0015697
GO:0015839 -[is_a]-> GO:0071702
GO:0015839 -[is_a]-> GO:0071705
GO:0015840 -[is_a]-> GO:0019755
GO:0015840 -[is_a]-> GO:0042886
GO:0015841 -[is_a]-> GO:0015837
GO:0015842 -[is_a]-> GO:0015837
GO:0015842 -[is_a]-> GO:0098700
GO:0015843 -[is_a]-> GO:0015696
GO:0015844 -[is_a]-> GO:0044765
GO:0015844 -[is_a]-> GO:0071702
GO:0015844 -[is_a]-> GO:0071705
GO:0015846 -[is_a]-> GO:0044765
GO:0015846 -[is_a]-> GO:0071702
GO:0015846 -[is_a]-> GO:0071705
GO:0015847 -[is_a]-> GO:0015846
GO:0015848 -[is_a]-> GO:0015846
GO:0015849 -[is_a]-> GO:0044765
GO:0015849 -[is_a]-> GO:0071702
GO:0015850 -[is_a]-> GO:0044765
GO:0015850 -[is_a]-> GO:0071702
GO:0015851 -[is_a]-> GO:0044765
GO:0015851 -[is_a]-> GO:0071702
GO:0015851 -[is_a]-> GO:0071705
GO:0015853 -[is_a]-> GO:0006863
GO:0015854 -[is_a]-> GO:0006863
GO:0015855 -[is_a]-> GO:0015851
GO:0015856 -[is_a]-> GO:0015855
GO:0015857 -[is_a]-> GO:0015855
GO:0015858 -[is_a]-> GO:0015931
GO:0015858 -[is_a]-> GO:1901264
GO:0015859 -[is_a]-> GO:0015858
GO:0015859 -[is_a]-> GO:1902582
GO:0015859 -[occurs_in]-> GO:0005622
GO:0015860 -[is_a]-> GO:0072530
GO:0015860 -[is_a]-> GO:1901642
GO:0015861 -[is_a]-> GO:0015864
GO:0015862 -[is_a]-> GO:0015864
GO:0015863 -[is_a]-> GO:0015858
GO:0015864 -[is_a]-> GO:0015858
GO:0015865 -[is_a]-> GO:0006862
GO:0015866 -[is_a]-> GO:0015858
GO:0015866 -[is_a]-> GO:0015868
GO:0015866 -[is_a]-> GO:0051503
GO:0015867 -[is_a]-> GO:0015858
GO:0015867 -[is_a]-> GO:0015868
GO:0015867 -[is_a]-> GO:0051503
GO:0015868 -[is_a]-> GO:0015865
GO:0015868 -[is_a]-> GO:1901264
GO:0015869 -[is_a]-> GO:0006886
GO:0015869 -[is_a]-> GO:0051027
GO:0015870 -[is_a]-> GO:0015696
GO:0015870 -[is_a]-> GO:1901374
GO:0015871 -[is_a]-> GO:0015696
GO:0015872 -[is_a]-> GO:0051937
GO:0015874 -[is_a]-> GO:0051937
GO:0015876 -[is_a]-> GO:0015916
GO:0015876 -[is_a]-> GO:0051182
GO:0015877 -[is_a]-> GO:0051181
GO:0015877 -[is_a]-> GO:0071702
GO:0015877 -[is_a]-> GO:0071705
GO:0015878 -[is_a]-> GO:0015718
GO:0015878 -[is_a]-> GO:0051180
GO:0015878 -[is_a]-> GO:0051181
GO:0015879 -[is_a]-> GO:0015838
GO:0015880 -[is_a]-> GO:0015858
GO:0015880 -[is_a]-> GO:0015868
GO:0015880 -[is_a]-> GO:0051182
GO:0015880 -[is_a]-> GO:0051503
GO:0015881 -[is_a]-> GO:0072337
GO:0015882 -[is_a]-> GO:0046942
GO:0015882 -[is_a]-> GO:0051180
GO:0015883 -[is_a]-> GO:0006862
GO:0015883 -[is_a]-> GO:0051182
GO:0015884 -[is_a]-> GO:0015849
GO:0015884 -[is_a]-> GO:0042886
GO:0015884 -[is_a]-> GO:0051180
GO:0015884 -[is_a]-> GO:0051181
GO:0015884 -[is_a]-> GO:0072337
GO:0015885 -[is_a]-> GO:0051181
GO:0015885 -[is_a]-> GO:0072337
GO:0015886 -[is_a]-> GO:0051181
GO:0015886 -[is_a]-> GO:0071702
GO:0015886 -[is_a]-> GO:0071705
GO:0015886 -[is_a]-> GO:1901678
GO:0015887 -[is_a]-> GO:0015718
GO:0015887 -[is_a]-> GO:0035461
GO:0015887 -[is_a]-> GO:0051182
GO:0015887 -[is_a]-> GO:0098656
GO:0015888 -[is_a]-> GO:0045117
GO:0015888 -[is_a]-> GO:0051180
GO:0015888 -[is_a]-> GO:0072348
GO:0015889 -[is_a]-> GO:0051180
GO:0015889 -[is_a]-> GO:0071702
GO:0015889 -[is_a]-> GO:0071705
GO:0015890 -[is_a]-> GO:0006862
GO:0015890 -[is_a]-> GO:0051181
GO:0015890 -[is_a]-> GO:1901264
GO:0015891 -[is_a]-> GO:0015688
GO:0015893 -[is_a]-> GO:0044765
GO:0015893 -[part_of]-> GO:0042493
GO:0015894 -[is_a]-> GO:0015893
GO:0015894 -[is_a]-> GO:0042908
GO:0015895 -[is_a]-> GO:0044765
GO:0015895 -[is_a]-> GO:0071702
GO:0015896 -[is_a]-> GO:0015718
GO:0015896 -[is_a]-> GO:0042891
GO:0015896 -[is_a]-> GO:0042908
GO:0015897 -[is_a]-> GO:0015893
GO:0015897 -[is_a]-> GO:0071702
GO:0015898 -[is_a]-> GO:0015893
GO:0015898 -[is_a]-> GO:0042886
GO:0015898 -[is_a]-> GO:0071702
GO:0015899 -[is_a]-> GO:0045117
GO:0015900 -[is_a]-> GO:0015893
GO:0015900 -[is_a]-> GO:0042886
GO:0015900 -[is_a]-> GO:0042908
GO:0015900 -[is_a]-> GO:0071702
GO:0015901 -[is_a]-> GO:0015850
GO:0015901 -[is_a]-> GO:0042886
GO:0015901 -[is_a]-> GO:0042891
GO:0015902 -[is_a]-> GO:0015893
GO:0015902 -[is_a]-> GO:0071702
GO:0015902 -[is_a]-> GO:0071705
GO:0015903 -[is_a]-> GO:0015850
GO:0015903 -[is_a]-> GO:0045117
GO:0015904 -[is_a]-> GO:0042891
GO:0015904 -[is_a]-> GO:0071702
GO:0015905 -[is_a]-> GO:0042891
GO:0015905 -[is_a]-> GO:0071702
GO:0015905 -[is_a]-> GO:0071705
GO:0015906 -[is_a]-> GO:0042886
GO:0015906 -[is_a]-> GO:0045117
GO:0015906 -[is_a]-> GO:0072348
GO:0015908 -[is_a]-> GO:0006869
GO:0015908 -[is_a]-> GO:0015718
GO:0015909 -[is_a]-> GO:0015908
GO:0015910 -[is_a]-> GO:0015909
GO:0015911 -[is_a]-> GO:0015909
GO:0015911 -[is_a]-> GO:0098656
GO:0015911 -[is_a]-> GO:1902001
GO:0015912 -[is_a]-> GO:0015908
GO:0015913 -[is_a]-> GO:0006869
GO:0015913 -[is_a]-> GO:0015849
GO:0015914 -[is_a]-> GO:0006869
GO:0015914 -[is_a]-> GO:0015748
GO:0015915 -[is_a]-> GO:0044765
GO:0015916 -[is_a]-> GO:1901337
GO:0015917 -[is_a]-> GO:0015914
GO:0015917 -[is_a]-> GO:0071705
GO:0015918 -[is_a]-> GO:0006869
GO:0015918 -[is_a]-> GO:0015850
GO:0015919 -[is_a]-> GO:0043574
GO:0015920 -[is_a]-> GO:0006869
GO:0015920 -[is_a]-> GO:1901264
GO:0015921 -[is_a]-> GO:0015920
GO:0015922 -[is_a]-> GO:0016641
GO:0015923 -[is_a]-> GO:0004553
GO:0015924 -[is_a]-> GO:0004559
GO:0015925 -[is_a]-> GO:0004553
GO:0015926 -[is_a]-> GO:0004553
GO:0015927 -[is_a]-> GO:0004553
GO:0015928 -[is_a]-> GO:0004553
GO:0015929 -[is_a]-> GO:0004553
GO:0015930 -[is_a]-> GO:0016638
GO:0015931 -[is_a]-> GO:0071702
GO:0015931 -[is_a]-> GO:0071705
GO:0015932 -[is_a]-> GO:0022891
GO:0015932 -[part_of]-> GO:0015931
GO:0015934 -[is_a]-> GO:0044391
GO:0015935 -[is_a]-> GO:0044391
GO:0015936 -[is_a]-> GO:0006732
GO:0015936 -[is_a]-> GO:0009150
GO:0015936 -[is_a]-> GO:0033875
GO:0015936 -[is_a]-> GO:0034032
GO:0015936 -[is_a]-> GO:0046128
GO:0015937 -[is_a]-> GO:0009108
GO:0015937 -[is_a]-> GO:0009152
GO:0015937 -[is_a]-> GO:0015936
GO:0015937 -[is_a]-> GO:0034030
GO:0015937 -[is_a]-> GO:0034033
GO:0015937 -[is_a]-> GO:0046129
GO:0015938 -[is_a]-> GO:0009109
GO:0015938 -[is_a]-> GO:0009154
GO:0015938 -[is_a]-> GO:0015936
GO:0015938 -[is_a]-> GO:0034031
GO:0015938 -[is_a]-> GO:0034034
GO:0015938 -[is_a]-> GO:0046130
GO:0015939 -[is_a]-> GO:0006732
GO:0015939 -[is_a]-> GO:0006767
GO:0015939 -[is_a]-> GO:0032787
GO:0015940 -[is_a]-> GO:0009108
GO:0015940 -[is_a]-> GO:0015939
GO:0015940 -[is_a]-> GO:0042364
GO:0015940 -[is_a]-> GO:0072330
GO:0015941 -[is_a]-> GO:0009109
GO:0015941 -[is_a]-> GO:0015939
GO:0015941 -[is_a]-> GO:0042365
GO:0015941 -[is_a]-> GO:0072329
GO:0015942 -[is_a]-> GO:0032787
GO:0015943 -[is_a]-> GO:0015942
GO:0015943 -[is_a]-> GO:0072330
GO:0015944 -[is_a]-> GO:0015942
GO:0015944 -[is_a]-> GO:0055114
GO:0015945 -[is_a]-> GO:0034308
GO:0015946 -[is_a]-> GO:0015945
GO:0015946 -[is_a]-> GO:0055114
GO:0015947 -[is_a]-> GO:0043446
GO:0015948 -[is_a]-> GO:0009061
GO:0015948 -[is_a]-> GO:0015947
GO:0015948 -[is_a]-> GO:0015975
GO:0015948 -[is_a]-> GO:0043447
GO:0015949 -[is_a]-> GO:0055086
GO:0015950 -[is_a]-> GO:0006163
GO:0015950 -[is_a]-> GO:0015949
GO:0015951 -[is_a]-> GO:0009150
GO:0015951 -[is_a]-> GO:0015950
GO:0015952 -[is_a]-> GO:0009151
GO:0015952 -[is_a]-> GO:0015950
GO:0015953 -[is_a]-> GO:0006220
GO:0015953 -[is_a]-> GO:0015949
GO:0015954 -[is_a]-> GO:0009218
GO:0015954 -[is_a]-> GO:0015953
GO:0015955 -[is_a]-> GO:0009219
GO:0015955 -[is_a]-> GO:0015953
GO:0015956 -[is_a]-> GO:0009117
GO:0015957 -[is_a]-> GO:0009165
GO:0015957 -[is_a]-> GO:0015956
GO:0015958 -[is_a]-> GO:0009166
GO:0015958 -[is_a]-> GO:0015956
GO:0015959 -[is_a]-> GO:0009117
GO:0015960 -[is_a]-> GO:0009165
GO:0015960 -[is_a]-> GO:0015959
GO:0015961 -[is_a]-> GO:0009166
GO:0015961 -[is_a]-> GO:0015959
GO:0015962 -[is_a]-> GO:0015959
GO:0015963 -[is_a]-> GO:0015960
GO:0015963 -[is_a]-> GO:0015962
GO:0015964 -[is_a]-> GO:0015961
GO:0015964 -[is_a]-> GO:0015962
GO:0015965 -[is_a]-> GO:0015959
GO:0015966 -[is_a]-> GO:0015960
GO:0015966 -[is_a]-> GO:0015965
GO:0015967 -[is_a]-> GO:0015961
GO:0015967 -[is_a]-> GO:0015965
GO:0015968 -[is_a]-> GO:0009267
GO:0015969 -[is_a]-> GO:0009150
GO:0015969 -[is_a]-> GO:0034035
GO:0015969 -[is_a]-> GO:1901068
GO:0015970 -[is_a]-> GO:0009152
GO:0015970 -[is_a]-> GO:0015969
GO:0015970 -[is_a]-> GO:0034036
GO:0015970 -[is_a]-> GO:1901070
GO:0015971 -[is_a]-> GO:0009154
GO:0015971 -[is_a]-> GO:0015969
GO:0015971 -[is_a]-> GO:0034037
GO:0015971 -[is_a]-> GO:1901069
GO:0015972 -[is_a]-> GO:0009150
GO:0015972 -[is_a]-> GO:0034035
GO:0015972 -[is_a]-> GO:1901068
GO:0015973 -[is_a]-> GO:0009152
GO:0015973 -[is_a]-> GO:0015972
GO:0015973 -[is_a]-> GO:0034036
GO:0015973 -[is_a]-> GO:1901070
GO:0015974 -[is_a]-> GO:0009154
GO:0015974 -[is_a]-> GO:0015972
GO:0015974 -[is_a]-> GO:0034037
GO:0015974 -[is_a]-> GO:1901069
GO:0015975 -[is_a]-> GO:0006091
GO:0015975 -[is_a]-> GO:0044763
GO:0015975 -[is_a]-> GO:0055114
GO:0015976 -[is_a]-> GO:0044699
GO:0015976 -[has_part]-> GO:0071702
GO:0015976 -[has_part]-> GO:0071703
GO:0015976 -[has_part]-> GO:0071704
GO:0015977 -[is_a]-> GO:0044710
GO:0015977 -[is_a]-> GO:0071704
GO:0015979 -[is_a]-> GO:0044237
GO:0015980 -[is_a]-> GO:0006091
GO:0015980 -[is_a]-> GO:0044763
GO:0015980 -[is_a]-> GO:0055114
GO:0015985 -[is_a]-> GO:1902600
GO:0015986 -[is_a]-> GO:0006754
GO:0015986 -[is_a]-> GO:0015985
GO:0015987 -[is_a]-> GO:0015985
GO:0015988 -[is_a]-> GO:1902600
GO:0015989 -[is_a]-> GO:0015988
GO:0015990 -[is_a]-> GO:0015988
GO:0015991 -[is_a]-> GO:0015988
GO:0015991 -[is_a]-> GO:0090662
GO:0015992 -[is_a]-> GO:0006818
GO:0015992 -[is_a]-> GO:0015672
GO:0015993 -[is_a]-> GO:0006818
GO:0015994 -[is_a]-> GO:0006778
GO:0015995 -[is_a]-> GO:0006779
GO:0015995 -[is_a]-> GO:0015994
GO:0015995 -[is_a]-> GO:0044711
GO:0015995 -[is_a]-> GO:0044763
GO:0015995 -[is_a]-> GO:0046148
GO:0015996 -[is_a]-> GO:0006787
GO:0015996 -[is_a]-> GO:0015994
GO:0015996 -[is_a]-> GO:0044712
GO:0015996 -[is_a]-> GO:0044763
GO:0015996 -[is_a]-> GO:0046149
GO:0016002 -[is_a]-> GO:0016667
GO:0016004 -[is_a]-> GO:0060229
GO:0016004 -[positively_regulates]-> GO:0004620
GO:0016005 -[is_a]-> GO:0016004
GO:0016005 -[positively_regulates]-> GO:0004623
GO:0016006 -[is_a]-> GO:0005739
GO:0016007 -[is_a]-> GO:0005739
GO:0016008 -[is_a]-> GO:0016007
GO:0016009 -[is_a]-> GO:0016007
GO:0016010 -[is_a]-> GO:0090665
GO:0016010 -[is_a]-> GO:0098797
GO:0016011 -[is_a]-> GO:0098797
GO:0016011 -[part_of]-> GO:0016010
GO:0016012 -[is_a]-> GO:0098797
GO:0016012 -[part_of]-> GO:0016011
GO:0016013 -[is_a]-> GO:0098797
GO:0016013 -[part_of]-> GO:0016010
GO:0016014 -[is_a]-> GO:0098797
GO:0016014 -[part_of]-> GO:0016010
GO:0016015 -[is_a]-> GO:0003674
GO:0016018 -[is_a]-> GO:0008144
GO:0016018 -[is_a]-> GO:0042277
GO:0016019 -[is_a]-> GO:0008329
GO:0016019 -[has_part]-> GO:0042834
GO:0016020 -[is_a]-> GO:0005575
GO:0016021 -[is_a]-> GO:0031224
GO:0016024 -[is_a]-> GO:0046341
GO:0016024 -[is_a]-> GO:0046474
GO:0016027 -[is_a]-> GO:0044463
GO:0016027 -[is_a]-> GO:0098797
GO:0016027 -[part_of]-> GO:0016028
GO:0016027 -[part_of]-> GO:0019897
GO:0016028 -[is_a]-> GO:0042995
GO:0016029 -[is_a]-> GO:0044463
GO:0016029 -[is_a]-> GO:0097425
GO:0016029 -[is_a]-> GO:0098827
GO:0016029 -[part_of]-> GO:0005790
GO:0016029 -[part_of]-> GO:0016028
GO:0016031 -[is_a]-> GO:0035927
GO:0016031 -[is_a]-> GO:0051031
GO:0016032 -[is_a]-> GO:0044403
GO:0016032 -[is_a]-> GO:0044764
GO:0016034 -[is_a]-> GO:0016859
GO:0016035 -[is_a]-> GO:0042575
GO:0016035 -[is_a]-> GO:0044446
GO:0016036 -[is_a]-> GO:0009267
GO:0016037 -[is_a]-> GO:0044763
GO:0016037 -[part_of]-> GO:0009583
GO:0016038 -[is_a]-> GO:0016037
GO:0016039 -[is_a]-> GO:0016037
GO:0016040 -[is_a]-> GO:0045181
GO:0016041 -[is_a]-> GO:0015930
GO:0016041 -[is_a]-> GO:0016643
GO:0016042 -[is_a]-> GO:0006629
GO:0016042 -[is_a]-> GO:0044712
GO:0016042 -[is_a]-> GO:1901575
GO:0016043 -[is_a]-> GO:0009987
GO:0016043 -[is_a]-> GO:0071840
GO:0016045 -[is_a]-> GO:0009617
GO:0016045 -[is_a]-> GO:0098543
GO:0016046 -[is_a]-> GO:0009620
GO:0016046 -[is_a]-> GO:0098543
GO:0016047 -[is_a]-> GO:0009603
GO:0016047 -[is_a]-> GO:0009623
GO:0016048 -[is_a]-> GO:0009266
GO:0016048 -[is_a]-> GO:0009581
GO:0016048 -[is_a]-> GO:0009582
GO:0016049 -[is_a]-> GO:0040007
GO:0016049 -[is_a]-> GO:0044763
GO:0016050 -[is_a]-> GO:0006996
GO:0016051 -[is_a]-> GO:0044711
GO:0016051 -[is_a]-> GO:0044723
GO:0016051 -[is_a]-> GO:1901576
GO:0016052 -[is_a]-> GO:0005975
GO:0016052 -[is_a]-> GO:1901575
GO:0016053 -[is_a]-> GO:0006082
GO:0016053 -[is_a]-> GO:0044249
GO:0016053 -[is_a]-> GO:0044283
GO:0016053 -[is_a]-> GO:1901576
GO:0016054 -[is_a]-> GO:0006082
GO:0016054 -[is_a]-> GO:0044248
GO:0016054 -[is_a]-> GO:0044282
GO:0016054 -[is_a]-> GO:1901575
GO:0016055 -[is_a]-> GO:1905114
GO:0016055 -[part_of]-> GO:0198738
GO:0016056 -[is_a]-> GO:0007186
GO:0016056 -[is_a]-> GO:0007602
GO:0016056 -[is_a]-> GO:0071482
GO:0016056 -[part_of]-> GO:0007603
GO:0016057 -[is_a]-> GO:0042391
GO:0016058 -[is_a]-> GO:0016057
GO:0016059 -[is_a]-> GO:0022400
GO:0016060 -[is_a]-> GO:0009968
GO:0016060 -[has_part]-> GO:0004703
GO:0016060 -[part_of]-> GO:0016059
GO:0016061 -[is_a]-> GO:0032412
GO:0016061 -[regulates]-> GO:0010461
GO:0016062 -[is_a]-> GO:0023058
GO:0016062 -[part_of]-> GO:0016056
GO:0016062 -[part_of]-> GO:0036367
GO:0016063 -[is_a]-> GO:0006726
GO:0016063 -[is_a]-> GO:0044249
GO:0016063 -[is_a]-> GO:0044711
GO:0016063 -[is_a]-> GO:0046154
GO:0016064 -[is_a]-> GO:0019724
GO:0016068 -[is_a]-> GO:0002524
GO:0016068 -[is_a]-> GO:0016064
GO:0016070 -[is_a]-> GO:0044260
GO:0016070 -[is_a]-> GO:0090304
GO:0016071 -[is_a]-> GO:0016070
GO:0016072 -[is_a]-> GO:0034660
GO:0016073 -[is_a]-> GO:0034660
GO:0016074 -[is_a]-> GO:0034660
GO:0016075 -[is_a]-> GO:0016072
GO:0016075 -[is_a]-> GO:0034661
GO:0016076 -[is_a]-> GO:0016073
GO:0016076 -[is_a]-> GO:0034661
GO:0016077 -[is_a]-> GO:0016074
GO:0016077 -[is_a]-> GO:0034661
GO:0016078 -[is_a]-> GO:0006399
GO:0016078 -[is_a]-> GO:0034661
GO:0016079 -[is_a]-> GO:0017156
GO:0016079 -[is_a]-> GO:0048489
GO:0016079 -[is_a]-> GO:0099003
GO:0016079 -[is_a]-> GO:0099531
GO:0016079 -[is_a]-> GO:0099643
GO:0016079 -[part_of]-> GO:0007269
GO:0016079 -[part_of]-> GO:0099504
GO:0016080 -[is_a]-> GO:0006903
GO:0016080 -[is_a]-> GO:0099531
GO:0016080 -[part_of]-> GO:0016079
GO:0016081 -[is_a]-> GO:0006904
GO:0016081 -[is_a]-> GO:0099531
GO:0016081 -[part_of]-> GO:0016079
GO:0016082 -[is_a]-> GO:0043623
GO:0016082 -[is_a]-> GO:0099531
GO:0016082 -[part_of]-> GO:0016079
GO:0016084 -[is_a]-> GO:0005179
GO:0016085 -[is_a]-> GO:0005179
GO:0016087 -[is_a]-> GO:0005184
GO:0016090 -[is_a]-> GO:0006066
GO:0016090 -[is_a]-> GO:0006720
GO:0016091 -[is_a]-> GO:0008299
GO:0016091 -[is_a]-> GO:0016090
GO:0016091 -[is_a]-> GO:0046165
GO:0016092 -[is_a]-> GO:0008300
GO:0016092 -[is_a]-> GO:0016090
GO:0016092 -[is_a]-> GO:0046164
GO:0016093 -[is_a]-> GO:0006066
GO:0016093 -[is_a]-> GO:0006720
GO:0016094 -[is_a]-> GO:0008299
GO:0016094 -[is_a]-> GO:0016093
GO:0016094 -[is_a]-> GO:0046165
GO:0016095 -[is_a]-> GO:0008300
GO:0016095 -[is_a]-> GO:0016093
GO:0016095 -[is_a]-> GO:0046164
GO:0016098 -[is_a]-> GO:0006721
GO:0016099 -[is_a]-> GO:0016098
GO:0016099 -[is_a]-> GO:0016114
GO:0016100 -[is_a]-> GO:0016098
GO:0016100 -[is_a]-> GO:0016115
GO:0016101 -[is_a]-> GO:0006721
GO:0016102 -[is_a]-> GO:0016101
GO:0016102 -[is_a]-> GO:0016114
GO:0016103 -[is_a]-> GO:0016101
GO:0016103 -[is_a]-> GO:0016115
GO:0016104 -[is_a]-> GO:0006722
GO:0016104 -[is_a]-> GO:0016114
GO:0016105 -[is_a]-> GO:0006722
GO:0016105 -[is_a]-> GO:0016115
GO:0016106 -[is_a]-> GO:0006714
GO:0016106 -[is_a]-> GO:0016114
GO:0016107 -[is_a]-> GO:0006714
GO:0016107 -[is_a]-> GO:0016115
GO:0016108 -[is_a]-> GO:0006721
GO:0016109 -[is_a]-> GO:0016108
GO:0016109 -[is_a]-> GO:0016114
GO:0016110 -[is_a]-> GO:0016108
GO:0016110 -[is_a]-> GO:0016115
GO:0016111 -[is_a]-> GO:0006721
GO:0016112 -[is_a]-> GO:0016111
GO:0016112 -[is_a]-> GO:0016114
GO:0016113 -[is_a]-> GO:0016111
GO:0016113 -[is_a]-> GO:0016115
GO:0016114 -[is_a]-> GO:0006721
GO:0016114 -[is_a]-> GO:0008299
GO:0016115 -[is_a]-> GO:0006721
GO:0016115 -[is_a]-> GO:0008300
GO:0016116 -[is_a]-> GO:0016108
GO:0016117 -[is_a]-> GO:0016109
GO:0016117 -[is_a]-> GO:0016116
GO:0016117 -[is_a]-> GO:0046148
GO:0016118 -[is_a]-> GO:0016110
GO:0016118 -[is_a]-> GO:0016116
GO:0016119 -[is_a]-> GO:0042214
GO:0016120 -[is_a]-> GO:0016119
GO:0016120 -[is_a]-> GO:0046246
GO:0016121 -[is_a]-> GO:0016119
GO:0016121 -[is_a]-> GO:0046247
GO:0016122 -[is_a]-> GO:0016116
GO:0016123 -[is_a]-> GO:0016117
GO:0016123 -[is_a]-> GO:0016122
GO:0016124 -[is_a]-> GO:0016118
GO:0016124 -[is_a]-> GO:0016122
GO:0016125 -[is_a]-> GO:0008202
GO:0016125 -[is_a]-> GO:1901615
GO:0016126 -[is_a]-> GO:0006694
GO:0016126 -[is_a]-> GO:0016125
GO:0016126 -[is_a]-> GO:1901617
GO:0016127 -[is_a]-> GO:0006706
GO:0016127 -[is_a]-> GO:0016125
GO:0016127 -[is_a]-> GO:1901616
GO:0016128 -[is_a]-> GO:0008202
GO:0016128 -[is_a]-> GO:1901615
GO:0016129 -[is_a]-> GO:0006694
GO:0016129 -[is_a]-> GO:0016128
GO:0016129 -[is_a]-> GO:1901617
GO:0016130 -[is_a]-> GO:0006706
GO:0016130 -[is_a]-> GO:0016128
GO:0016130 -[is_a]-> GO:1901616
GO:0016131 -[is_a]-> GO:0016128
GO:0016131 -[is_a]-> GO:0042445
GO:0016132 -[is_a]-> GO:0016129
GO:0016132 -[is_a]-> GO:0016131
GO:0016132 -[is_a]-> GO:0042446
GO:0016133 -[is_a]-> GO:0016130
GO:0016133 -[is_a]-> GO:0016131
GO:0016133 -[is_a]-> GO:0042447
GO:0016134 -[is_a]-> GO:0016137
GO:0016135 -[is_a]-> GO:0016134
GO:0016135 -[is_a]-> GO:0016138
GO:0016136 -[is_a]-> GO:0016134
GO:0016136 -[is_a]-> GO:0016139
GO:0016137 -[is_a]-> GO:1901657
GO:0016138 -[is_a]-> GO:0016137
GO:0016138 -[is_a]-> GO:1901659
GO:0016139 -[is_a]-> GO:0016137
GO:0016139 -[is_a]-> GO:1901658
GO:0016143 -[is_a]-> GO:0006790
GO:0016143 -[is_a]-> GO:0044763
GO:0016143 -[is_a]-> GO:1901657
GO:0016144 -[is_a]-> GO:0016143
GO:0016144 -[is_a]-> GO:0044272
GO:0016144 -[is_a]-> GO:1901659
GO:0016145 -[is_a]-> GO:0016143
GO:0016145 -[is_a]-> GO:0044273
GO:0016145 -[is_a]-> GO:1901658
GO:0016149 -[is_a]-> GO:0003747
GO:0016150 -[is_a]-> GO:0003747
GO:0016151 -[is_a]-> GO:0046914
GO:0016152 -[is_a]-> GO:0016723
GO:0016153 -[is_a]-> GO:0016836
GO:0016154 -[is_a]-> GO:0016763
GO:0016155 -[is_a]-> GO:0016646
GO:0016156 -[is_a]-> GO:0016628
GO:0016157 -[is_a]-> GO:0035251
GO:0016158 -[is_a]-> GO:0016791
GO:0016159 -[is_a]-> GO:0016863
GO:0016160 -[is_a]-> GO:0004553
GO:0016161 -[is_a]-> GO:0016160
GO:0016162 -[is_a]-> GO:0004553
GO:0016163 -[is_a]-> GO:0016732
GO:0016165 -[is_a]-> GO:0016702
GO:0016166 -[is_a]-> GO:0016627
GO:0016167 -[is_a]-> GO:0004896
GO:0016167 -[part_of]-> GO:0035860
GO:0016168 -[is_a]-> GO:0046906
GO:0016169 -[is_a]-> GO:0042314
GO:0016170 -[is_a]-> GO:0005126
GO:0016174 -[is_a]-> GO:0050664
GO:0016175 -[is_a]-> GO:0050664
GO:0016176 -[is_a]-> GO:0008047
GO:0016176 -[positively_regulates]-> GO:0016175
GO:0016180 -[is_a]-> GO:0016073
GO:0016180 -[is_a]-> GO:0034470
GO:0016182 -[is_a]-> GO:0051649
GO:0016182 -[is_a]-> GO:0070142
GO:0016182 -[is_a]-> GO:0099003
GO:0016182 -[part_of]-> GO:0036466
GO:0016182 -[part_of]-> GO:0099532
GO:0016183 -[is_a]-> GO:0006901
GO:0016183 -[part_of]-> GO:0016185
GO:0016185 -[is_a]-> GO:0070142
GO:0016185 -[part_of]-> GO:0048488
GO:0016188 -[is_a]-> GO:0016050
GO:0016188 -[is_a]-> GO:0021700
GO:0016188 -[is_a]-> GO:1902589
GO:0016189 -[is_a]-> GO:0048284
GO:0016189 -[part_of]-> GO:0099532
GO:0016191 -[is_a]-> GO:0072318
GO:0016191 -[part_of]-> GO:0048488
GO:0016192 -[is_a]-> GO:0006810
GO:0016197 -[is_a]-> GO:0006810
GO:0016198 -[is_a]-> GO:0008038
GO:0016198 -[part_of]-> GO:0007411
GO:0016199 -[is_a]-> GO:0016198
GO:0016200 -[is_a]-> GO:0050918
GO:0016200 -[part_of]-> GO:0008039
GO:0016201 -[is_a]-> GO:0050919
GO:0016201 -[part_of]-> GO:0008039
GO:0016202 -[is_a]-> GO:0048634
GO:0016202 -[is_a]-> GO:1901861
GO:0016202 -[regulates]-> GO:0014706
GO:0016203 -[is_a]-> GO:0044707
GO:0016203 -[part_of]-> GO:0060538
GO:0016204 -[is_a]-> GO:0007267
GO:0016204 -[part_of]-> GO:0016203
GO:0016205 -[is_a]-> GO:0051995
GO:0016206 -[is_a]-> GO:0008171
GO:0016206 -[is_a]-> GO:0008757
GO:0016207 -[is_a]-> GO:0016405
GO:0016207 -[is_a]-> GO:0016878
GO:0016208 -[is_a]-> GO:0032550
GO:0016208 -[is_a]-> GO:0032559
GO:0016209 -[is_a]-> GO:0003674
GO:0016209 -[part_of]-> GO:0098869
GO:0016210 -[is_a]-> GO:0016747
GO:0016211 -[is_a]-> GO:0016880
GO:0016212 -[is_a]-> GO:0036137
GO:0016213 -[is_a]-> GO:0016215
GO:0016215 -[is_a]-> GO:0016717
GO:0016216 -[is_a]-> GO:0046993
GO:0016217 -[is_a]-> GO:0003824
GO:0016222 -[is_a]-> GO:0044432
GO:0016222 -[is_a]-> GO:1990204
GO:0016223 -[is_a]-> GO:0008483
GO:0016226 -[is_a]-> GO:0006790
GO:0016226 -[is_a]-> GO:0031163
GO:0016226 -[is_a]-> GO:0051188
GO:0016229 -[is_a]-> GO:0016491
GO:0016230 -[is_a]-> GO:0016004
GO:0016230 -[positively_regulates]-> GO:0004767
GO:0016231 -[is_a]-> GO:0004563
GO:0016232 -[is_a]-> GO:0008146
GO:0016233 -[is_a]-> GO:0000723
GO:0016234 -[is_a]-> GO:0044424
GO:0016235 -[is_a]-> GO:0016234
GO:0016236 -[is_a]-> GO:0006914
GO:0016236 -[has_part]-> GO:1905037
GO:0016237 -[is_a]-> GO:0006914
GO:0016239 -[is_a]-> GO:0010508
GO:0016239 -[is_a]-> GO:0016241
GO:0016239 -[positively_regulates]-> GO:0016236
GO:0016240 -[is_a]-> GO:0022406
GO:0016240 -[is_a]-> GO:1902589
GO:0016240 -[is_a]-> GO:1905037
GO:0016241 -[is_a]-> GO:0010506
GO:0016241 -[regulates]-> GO:0016236
GO:0016242 -[is_a]-> GO:0010507
GO:0016242 -[is_a]-> GO:0016241
GO:0016242 -[negatively_regulates]-> GO:0016236
GO:0016243 -[is_a]-> GO:0032535
GO:0016243 -[part_of]-> GO:0016236
GO:0016246 -[is_a]-> GO:0035194
GO:0016247 -[is_a]-> GO:0098772
GO:0016247 -[regulates]-> GO:0015267
GO:0016248 -[is_a]-> GO:0016247
GO:0016248 -[negatively_regulates]-> GO:0015267
GO:0016250 -[is_a]-> GO:0016826
GO:0016254 -[is_a]-> GO:0006650
GO:0016254 -[part_of]-> GO:0006506
GO:0016255 -[is_a]-> GO:0006464
GO:0016255 -[part_of]-> GO:0006506
GO:0016256 -[is_a]-> GO:0006491
GO:0016256 -[part_of]-> GO:0006622
GO:0016257 -[is_a]-> GO:0006491
GO:0016258 -[is_a]-> GO:0006491
GO:0016259 -[is_a]-> GO:0009069
GO:0016260 -[is_a]-> GO:0009070
GO:0016260 -[is_a]-> GO:0016259
GO:0016261 -[is_a]-> GO:0009071
GO:0016261 -[is_a]-> GO:0016259
GO:0016262 -[is_a]-> GO:0008375
GO:0016263 -[is_a]-> GO:0048531
GO:0016264 -[is_a]-> GO:0007043
GO:0016266 -[is_a]-> GO:0006493
GO:0016267 -[is_a]-> GO:0016266
GO:0016268 -[is_a]-> GO:0016266
GO:0016269 -[is_a]-> GO:0016266
GO:0016270 -[is_a]-> GO:0016266
GO:0016272 -[is_a]-> GO:0043234
GO:0016273 -[is_a]-> GO:0008170
GO:0016273 -[is_a]-> GO:0008757
GO:0016274 -[is_a]-> GO:0008276
GO:0016274 -[is_a]-> GO:0016273
GO:0016274 -[part_of]-> GO:0035246
GO:0016275 -[is_a]-> GO:0016274
GO:0016277 -[is_a]-> GO:0016274
GO:0016278 -[is_a]-> GO:0008170
GO:0016278 -[is_a]-> GO:0008757
GO:0016279 -[is_a]-> GO:0008276
GO:0016279 -[is_a]-> GO:0016278
GO:0016279 -[part_of]-> GO:0018022
GO:0016281 -[is_a]-> GO:0043234
GO:0016281 -[is_a]-> GO:0044444
GO:0016282 -[is_a]-> GO:0070993
GO:0016282 -[has_part]-> GO:0022627
GO:0016286 -[is_a]-> GO:0015269
GO:0016287 -[is_a]-> GO:0016413
GO:0016289 -[is_a]-> GO:0016790
GO:0016290 -[is_a]-> GO:0047617
GO:0016295 -[is_a]-> GO:0016297
GO:0016296 -[is_a]-> GO:0016297
GO:0016297 -[is_a]-> GO:0004312
GO:0016297 -[is_a]-> GO:0016790
GO:0016298 -[is_a]-> GO:0016788
GO:0016300 -[is_a]-> GO:0008175
GO:0016301 -[is_a]-> GO:0016772
GO:0016301 -[part_of]-> GO:0016310
GO:0016303 -[is_a]-> GO:0035004
GO:0016303 -[is_a]-> GO:0052742
GO:0016303 -[part_of]-> GO:0036092
GO:0016307 -[is_a]-> GO:0016301
GO:0016307 -[is_a]-> GO:0016773
GO:0016307 -[part_of]-> GO:0046854
GO:0016308 -[is_a]-> GO:0016307
GO:0016309 -[is_a]-> GO:0016307
GO:0016310 -[is_a]-> GO:0006796
GO:0016311 -[is_a]-> GO:0006796
GO:0016312 -[is_a]-> GO:0052745
GO:0016314 -[is_a]-> GO:0034594
GO:0016316 -[is_a]-> GO:0034593
GO:0016316 -[is_a]-> GO:0034596
GO:0016316 -[part_of]-> GO:0036092
GO:0016318 -[is_a]-> GO:0007389
GO:0016318 -[part_of]-> GO:0042067
GO:0016319 -[is_a]-> GO:0044767
GO:0016319 -[is_a]-> GO:0048856
GO:0016319 -[part_of]-> GO:0007420
GO:0016320 -[is_a]-> GO:0090174
GO:0016321 -[is_a]-> GO:0045132
GO:0016321 -[part_of]-> GO:0007143
GO:0016322 -[is_a]-> GO:0042551
GO:0016323 -[is_a]-> GO:0098590
GO:0016323 -[part_of]-> GO:0005886
GO:0016324 -[is_a]-> GO:0098590
GO:0016324 -[part_of]-> GO:0005886
GO:0016324 -[part_of]-> GO:0045177
GO:0016325 -[is_a]-> GO:0022412
GO:0016325 -[is_a]-> GO:0030951
GO:0016325 -[part_of]-> GO:0007308
GO:0016327 -[is_a]-> GO:0098590
GO:0016327 -[part_of]-> GO:0005886
GO:0016328 -[is_a]-> GO:0044459
GO:0016330 -[is_a]-> GO:0000278
GO:0016330 -[part_of]-> GO:0001745
GO:0016331 -[is_a]-> GO:0002009
GO:0016331 -[is_a]-> GO:0048598
GO:0016332 -[is_a]-> GO:0007163
GO:0016332 -[part_of]-> GO:0016331
GO:0016333 -[is_a]-> GO:0002009
GO:0016334 -[is_a]-> GO:0007163
GO:0016334 -[part_of]-> GO:0016333
GO:0016335 -[is_a]-> GO:0002009
GO:0016335 -[is_a]-> GO:0009886
GO:0016335 -[part_of]-> GO:0002168
GO:0016335 -[part_of]-> GO:0007560
GO:0016336 -[is_a]-> GO:0007163
GO:0016336 -[part_of]-> GO:0016335
GO:0016337 -[is_a]-> GO:0098602
GO:0016337 -[is_a]-> GO:0098609
GO:0016338 -[is_a]-> GO:0098742
GO:0016339 -[is_a]-> GO:0098742
GO:0016340 -[is_a]-> GO:0007160
GO:0016342 -[is_a]-> GO:0098797
GO:0016342 -[part_of]-> GO:0019897
GO:0016344 -[is_a]-> GO:0044702
GO:0016344 -[is_a]-> GO:0051305
GO:0016344 -[is_a]-> GO:1903046
GO:0016344 -[part_of]-> GO:0045132
GO:0016344 -[part_of]-> GO:0051321
GO:0016345 -[is_a]-> GO:0016344
GO:0016345 -[part_of]-> GO:0007143
GO:0016345 -[part_of]-> GO:0016321
GO:0016346 -[is_a]-> GO:0016344
GO:0016346 -[part_of]-> GO:0007060
GO:0016346 -[part_of]-> GO:0007140
GO:0016348 -[is_a]-> GO:0009886
GO:0016348 -[part_of]-> GO:0036011
GO:0016358 -[is_a]-> GO:0031175
GO:0016358 -[is_a]-> GO:0044767
GO:0016358 -[is_a]-> GO:0048856
GO:0016360 -[is_a]-> GO:0060582
GO:0016360 -[part_of]-> GO:0008052
GO:0016361 -[is_a]-> GO:0017002
GO:0016362 -[is_a]-> GO:0017002
GO:0016363 -[is_a]-> GO:0044428
GO:0016363 -[part_of]-> GO:0034399
GO:0016401 -[is_a]-> GO:0003997
GO:0016402 -[is_a]-> GO:0003997
GO:0016403 -[is_a]-> GO:0016813
GO:0016404 -[is_a]-> GO:0016616
GO:0016405 -[is_a]-> GO:0016877
GO:0016406 -[is_a]-> GO:0008374
GO:0016407 -[is_a]-> GO:0016747
GO:0016408 -[is_a]-> GO:0016747
GO:0016409 -[is_a]-> GO:0016747
GO:0016410 -[is_a]-> GO:0016747
GO:0016411 -[is_a]-> GO:0008374
GO:0016412 -[is_a]-> GO:0008374
GO:0016413 -[is_a]-> GO:0008374
GO:0016413 -[is_a]-> GO:0016407
GO:0016414 -[is_a]-> GO:0008374
GO:0016414 -[is_a]-> GO:0016415
GO:0016415 -[is_a]-> GO:0016747
GO:0016416 -[is_a]-> GO:0008374
GO:0016416 -[is_a]-> GO:0016409
GO:0016417 -[is_a]-> GO:0016747
GO:0016418 -[is_a]-> GO:0016407
GO:0016418 -[is_a]-> GO:0016417
GO:0016419 -[is_a]-> GO:0016417
GO:0016419 -[is_a]-> GO:0016420
GO:0016420 -[is_a]-> GO:0016747
GO:0016421 -[is_a]-> GO:0016885
GO:0016422 -[is_a]-> GO:0008174
GO:0016423 -[is_a]-> GO:0008175
GO:0016423 -[is_a]-> GO:0008757
GO:0016426 -[is_a]-> GO:0008175
GO:0016426 -[is_a]-> GO:0008757
GO:0016427 -[is_a]-> GO:0008175
GO:0016427 -[is_a]-> GO:0008757
GO:0016428 -[is_a]-> GO:0016427
GO:0016429 -[is_a]-> GO:0016426
GO:0016430 -[is_a]-> GO:0008170
GO:0016430 -[is_a]-> GO:0016426
GO:0016432 -[is_a]-> GO:0016765
GO:0016433 -[is_a]-> GO:0008649
GO:0016434 -[is_a]-> GO:0008649
GO:0016435 -[is_a]-> GO:0008649
GO:0016436 -[is_a]-> GO:0008649
GO:0016437 -[is_a]-> GO:0070567
GO:0016438 -[is_a]-> GO:0000030
GO:0016441 -[is_a]-> GO:0010608
GO:0016441 -[is_a]-> GO:0016458
GO:0016441 -[is_a]-> GO:0040029
GO:0016442 -[is_a]-> GO:0031332
GO:0016443 -[is_a]-> GO:0004525
GO:0016444 -[is_a]-> GO:0006310
GO:0016445 -[is_a]-> GO:0002200
GO:0016445 -[part_of]-> GO:0002377
GO:0016446 -[is_a]-> GO:0002566
GO:0016446 -[is_a]-> GO:0016445
GO:0016447 -[is_a]-> GO:0002562
GO:0016447 -[is_a]-> GO:0016445
GO:0016453 -[is_a]-> GO:0016407
GO:0016453 -[is_a]-> GO:0016408
GO:0016454 -[is_a]-> GO:0016408
GO:0016454 -[is_a]-> GO:0016409
GO:0016456 -[is_a]-> GO:0030529
GO:0016456 -[is_a]-> GO:0046536
GO:0016456 -[part_of]-> GO:0000805
GO:0016457 -[is_a]-> GO:0042714
GO:0016457 -[is_a]-> GO:0065004
GO:0016457 -[part_of]-> GO:0009047
GO:0016458 -[is_a]-> GO:0010629
GO:0016458 -[is_a]-> GO:0044763
GO:0016459 -[is_a]-> GO:0043234
GO:0016459 -[is_a]-> GO:0044430
GO:0016459 -[part_of]-> GO:0015629
GO:0016460 -[is_a]-> GO:0016459
GO:0016461 -[is_a]-> GO:0016459
GO:0016462 -[is_a]-> GO:0016818
GO:0016463 -[is_a]-> GO:0005385
GO:0016463 -[is_a]-> GO:0015662
GO:0016463 -[is_a]-> GO:0019829
GO:0016464 -[is_a]-> GO:0015462
GO:0016465 -[is_a]-> GO:0043234
GO:0016465 -[is_a]-> GO:0044445
GO:0016469 -[is_a]-> GO:0098796
GO:0016471 -[is_a]-> GO:0033176
GO:0016471 -[is_a]-> GO:0044437
GO:0016471 -[part_of]-> GO:0005773
GO:0016471 -[part_of]-> GO:0005774
GO:0016472 -[is_a]-> GO:0098796
GO:0016472 -[part_of]-> GO:0016021
GO:0016473 -[is_a]-> GO:0016472
GO:0016474 -[is_a]-> GO:0016472
GO:0016475 -[is_a]-> GO:0009726
GO:0016475 -[part_of]-> GO:0016049
GO:0016476 -[is_a]-> GO:0008360
GO:0016476 -[is_a]-> GO:0045995
GO:0016477 -[is_a]-> GO:0048870
GO:0016479 -[is_a]-> GO:0006356
GO:0016479 -[is_a]-> GO:0045892
GO:0016479 -[negatively_regulates]-> GO:0006360
GO:0016480 -[is_a]-> GO:0006359
GO:0016480 -[is_a]-> GO:0045892
GO:0016480 -[negatively_regulates]-> GO:0006383
GO:0016482 -[is_a]-> GO:0046907
GO:0016482 -[occurs_in]-> GO:0005829
GO:0016483 -[is_a]-> GO:0008047
GO:0016483 -[positively_regulates]-> GO:0004510
GO:0016485 -[is_a]-> GO:0006508
GO:0016485 -[is_a]-> GO:0051604
GO:0016486 -[is_a]-> GO:0006518
GO:0016486 -[is_a]-> GO:0016485
GO:0016486 -[is_a]-> GO:0042445
GO:0016487 -[is_a]-> GO:0006714
GO:0016487 -[is_a]-> GO:0016093
GO:0016487 -[is_a]-> GO:0034308
GO:0016488 -[is_a]-> GO:0016095
GO:0016488 -[is_a]-> GO:0016107
GO:0016488 -[is_a]-> GO:0016487
GO:0016488 -[is_a]-> GO:0034310
GO:0016490 -[is_a]-> GO:0005198
GO:0016491 -[is_a]-> GO:0003824
GO:0016491 -[part_of]-> GO:0055114
GO:0016492 -[is_a]-> GO:0008188
GO:0016493 -[is_a]-> GO:0004950
GO:0016493 -[has_part]-> GO:0019957
GO:0016494 -[is_a]-> GO:0004950
GO:0016494 -[has_part]-> GO:0019958
GO:0016495 -[is_a]-> GO:0004950
GO:0016495 -[has_part]-> GO:0019960
GO:0016496 -[is_a]-> GO:0004995
GO:0016497 -[is_a]-> GO:0004995
GO:0016498 -[is_a]-> GO:0004995
GO:0016499 -[is_a]-> GO:0008528
GO:0016500 -[is_a]-> GO:0004930
GO:0016501 -[is_a]-> GO:0004955
GO:0016502 -[is_a]-> GO:0004888
GO:0016502 -[has_part]-> GO:0000166
GO:0016503 -[is_a]-> GO:0004930
GO:0016503 -[has_part]-> GO:0005550
GO:0016504 -[is_a]-> GO:0008047
GO:0016504 -[is_a]-> GO:0061134
GO:0016504 -[part_of]-> GO:0010952
GO:0016504 -[positively_regulates]-> GO:0008233
GO:0016505 -[is_a]-> GO:0016504
GO:0016505 -[part_of]-> GO:0006915
GO:0016507 -[is_a]-> GO:0036125
GO:0016507 -[is_a]-> GO:0044429
GO:0016507 -[part_of]-> GO:0005739
GO:0016507 -[part_of]-> GO:0005759
GO:0016508 -[is_a]-> GO:0016836
GO:0016509 -[is_a]-> GO:0003857
GO:0016513 -[is_a]-> GO:0090575
GO:0016514 -[is_a]-> GO:0090544
GO:0016515 -[is_a]-> GO:0004896
GO:0016515 -[has_part]-> GO:0019973
GO:0016515 -[part_of]-> GO:0035772
GO:0016516 -[is_a]-> GO:0098802
GO:0016516 -[part_of]-> GO:0005887
GO:0016517 -[is_a]-> GO:0004896
GO:0016517 -[has_part]-> GO:0019972
GO:0016517 -[part_of]-> GO:0035722
GO:0016518 -[is_a]-> GO:0004896
GO:0016518 -[has_part]-> GO:0019974
GO:0016519 -[is_a]-> GO:0004930
GO:0016519 -[part_of]-> GO:0038192
GO:0016520 -[is_a]-> GO:0004930
GO:0016521 -[is_a]-> GO:0005179
GO:0016524 -[is_a]-> GO:0004888
GO:0016525 -[is_a]-> GO:0045765
GO:0016525 -[is_a]-> GO:2000181
GO:0016525 -[negatively_regulates]-> GO:0001525
GO:0016528 -[is_a]-> GO:0005737
GO:0016529 -[is_a]-> GO:0005783
GO:0016529 -[part_of]-> GO:0016528
GO:0016530 -[is_a]-> GO:0003674
GO:0016531 -[is_a]-> GO:0005507
GO:0016531 -[is_a]-> GO:0016530
GO:0016532 -[is_a]-> GO:0008047
GO:0016532 -[is_a]-> GO:0016531
GO:0016532 -[positively_regulates]-> GO:0004784
GO:0016533 -[is_a]-> GO:0032991
GO:0016534 -[is_a]-> GO:0043539
GO:0016538 -[is_a]-> GO:0019887
GO:0016538 -[regulates]-> GO:0004693
GO:0016539 -[is_a]-> GO:0030908
GO:0016540 -[is_a]-> GO:0016485
GO:0016543 -[is_a]-> GO:0008049
GO:0016544 -[is_a]-> GO:0008049
GO:0016545 -[is_a]-> GO:0048065
GO:0016546 -[is_a]-> GO:0008049
GO:0016553 -[is_a]-> GO:0009451
GO:0016554 -[is_a]-> GO:0016553
GO:0016555 -[is_a]-> GO:0016553
GO:0016556 -[is_a]-> GO:0009451
GO:0016556 -[is_a]-> GO:0016071
GO:0016557 -[is_a]-> GO:0044091
GO:0016557 -[part_of]-> GO:0007031
GO:0016558 -[is_a]-> GO:0006625
GO:0016558 -[is_a]-> GO:0044743
GO:0016558 -[is_a]-> GO:1902589
GO:0016559 -[is_a]-> GO:0048285
GO:0016559 -[part_of]-> GO:0007031
GO:0016560 -[is_a]-> GO:0022615
GO:0016560 -[part_of]-> GO:0016558
GO:0016561 -[is_a]-> GO:0065002
GO:0016561 -[part_of]-> GO:0016558
GO:0016562 -[is_a]-> GO:0001881
GO:0016562 -[part_of]-> GO:0016558
GO:0016567 -[is_a]-> GO:0032446
GO:0016569 -[is_a]-> GO:0006325
GO:0016569 -[is_a]-> GO:0043412
GO:0016570 -[is_a]-> GO:0006464
GO:0016570 -[is_a]-> GO:0016569
GO:0016571 -[is_a]-> GO:0006479
GO:0016571 -[is_a]-> GO:0016570
GO:0016572 -[is_a]-> GO:0006468
GO:0016572 -[is_a]-> GO:0016570
GO:0016573 -[is_a]-> GO:0016570
GO:0016573 -[is_a]-> GO:0018393
GO:0016574 -[is_a]-> GO:0016567
GO:0016574 -[is_a]-> GO:0016570
GO:0016575 -[is_a]-> GO:0006476
GO:0016575 -[is_a]-> GO:0016570
GO:0016576 -[is_a]-> GO:0006470
GO:0016576 -[is_a]-> GO:0016570
GO:0016577 -[is_a]-> GO:0006482
GO:0016577 -[is_a]-> GO:0016570
GO:0016578 -[is_a]-> GO:0016570
GO:0016578 -[is_a]-> GO:0016579
GO:0016579 -[is_a]-> GO:0070646
GO:0016579 -[has_part]-> GO:0004843
GO:0016580 -[is_a]-> GO:0070822
GO:0016581 -[is_a]-> GO:0000118
GO:0016581 -[is_a]-> GO:0090545
GO:0016581 -[is_a]-> GO:0090568
GO:0016584 -[is_a]-> GO:0031497
GO:0016584 -[is_a]-> GO:0034728
GO:0016586 -[is_a]-> GO:0070603
GO:0016587 -[is_a]-> GO:0031010
GO:0016589 -[is_a]-> GO:0031010
GO:0016590 -[is_a]-> GO:0031010
GO:0016591 -[is_a]-> GO:0044451
GO:0016591 -[is_a]-> GO:0055029
GO:0016592 -[is_a]-> GO:0043234
GO:0016592 -[is_a]-> GO:0044451
GO:0016592 -[has_part]-> GO:0070847
GO:0016593 -[is_a]-> GO:0008023
GO:0016593 -[part_of]-> GO:0016591
GO:0016594 -[is_a]-> GO:0016597
GO:0016595 -[is_a]-> GO:0031406
GO:0016596 -[is_a]-> GO:0008144
GO:0016596 -[is_a]-> GO:0097159
GO:0016596 -[is_a]-> GO:1901363
GO:0016596 -[is_a]-> GO:1901681
GO:0016597 -[is_a]-> GO:0031406
GO:0016598 -[is_a]-> GO:0006464
GO:0016598 -[part_of]-> GO:0006511
GO:0016600 -[is_a]-> GO:0098797
GO:0016600 -[part_of]-> GO:0005901
GO:0016601 -[is_a]-> GO:0007265
GO:0016602 -[is_a]-> GO:0090575
GO:0016603 -[is_a]-> GO:0016755
GO:0016604 -[is_a]-> GO:0044451
GO:0016605 -[is_a]-> GO:0016604
GO:0016606 -[is_a]-> GO:0016604
GO:0016607 -[is_a]-> GO:0016604
GO:0016608 -[is_a]-> GO:0005179
GO:0016610 -[is_a]-> GO:0044424
GO:0016610 -[is_a]-> GO:1990204
GO:0016611 -[is_a]-> GO:0016610
GO:0016612 -[is_a]-> GO:0016610
GO:0016613 -[is_a]-> GO:0016610
GO:0016614 -[is_a]-> GO:0016491
GO:0016615 -[is_a]-> GO:0016614
GO:0016616 -[is_a]-> GO:0016614
GO:0016617 -[is_a]-> GO:0016616
GO:0016618 -[is_a]-> GO:0016616
GO:0016620 -[is_a]-> GO:0016903
GO:0016621 -[is_a]-> GO:0016620
GO:0016622 -[is_a]-> GO:0016903
GO:0016623 -[is_a]-> GO:0016903
GO:0016624 -[is_a]-> GO:0016903
GO:0016625 -[is_a]-> GO:0016903
GO:0016627 -[is_a]-> GO:0016491
GO:0016628 -[is_a]-> GO:0016627
GO:0016629 -[is_a]-> GO:0016628
GO:0016630 -[is_a]-> GO:0016628
GO:0016631 -[is_a]-> GO:0016628
GO:0016632 -[is_a]-> GO:0016627
GO:0016633 -[is_a]-> GO:0016632
GO:0016634 -[is_a]-> GO:0016627
GO:0016635 -[is_a]-> GO:0016627
GO:0016636 -[is_a]-> GO:0016627
GO:0016638 -[is_a]-> GO:0016491
GO:0016639 -[is_a]-> GO:0016638
GO:0016640 -[is_a]-> GO:0016638
GO:0016641 -[is_a]-> GO:0016638
GO:0016642 -[is_a]-> GO:0016638
GO:0016643 -[is_a]-> GO:0016638
GO:0016645 -[is_a]-> GO:0016491
GO:0016646 -[is_a]-> GO:0016645
GO:0016647 -[is_a]-> GO:0016645
GO:0016648 -[is_a]-> GO:0016645
GO:0016649 -[is_a]-> GO:0016645
GO:0016651 -[is_a]-> GO:0016491
GO:0016652 -[is_a]-> GO:0016651
GO:0016653 -[is_a]-> GO:0016651
GO:0016655 -[is_a]-> GO:0016651
GO:0016656 -[is_a]-> GO:0016655
GO:0016657 -[is_a]-> GO:0016651
GO:0016661 -[is_a]-> GO:0016491
GO:0016662 -[is_a]-> GO:0016661
GO:0016663 -[is_a]-> GO:0016661
GO:0016664 -[is_a]-> GO:0016661
GO:0016667 -[is_a]-> GO:0016491
GO:0016668 -[is_a]-> GO:0016651
GO:0016668 -[is_a]-> GO:0016667
GO:0016669 -[is_a]-> GO:0016667
GO:0016670 -[is_a]-> GO:0016667
GO:0016671 -[is_a]-> GO:0016667
GO:0016672 -[is_a]-> GO:0016667
GO:0016673 -[is_a]-> GO:0016667
GO:0016675 -[is_a]-> GO:0016491
GO:0016676 -[is_a]-> GO:0016675
GO:0016677 -[is_a]-> GO:0016675
GO:0016679 -[is_a]-> GO:0016491
GO:0016680 -[is_a]-> GO:0016679
GO:0016681 -[is_a]-> GO:0016679
GO:0016682 -[is_a]-> GO:0016679
GO:0016684 -[is_a]-> GO:0016491
GO:0016688 -[is_a]-> GO:0004601
GO:0016689 -[is_a]-> GO:0004601
GO:0016690 -[is_a]-> GO:0004601
GO:0016691 -[is_a]-> GO:0004601
GO:0016692 -[is_a]-> GO:0004601
GO:0016695 -[is_a]-> GO:0016491
GO:0016696 -[is_a]-> GO:0016695
GO:0016697 -[is_a]-> GO:0016695
GO:0016699 -[is_a]-> GO:0016695
GO:0016699 -[is_a]-> GO:0016730
GO:0016701 -[is_a]-> GO:0016491
GO:0016702 -[is_a]-> GO:0016701
GO:0016702 -[is_a]-> GO:0051213
GO:0016703 -[is_a]-> GO:0004497
GO:0016703 -[is_a]-> GO:0016701
GO:0016705 -[is_a]-> GO:0016491
GO:0016706 -[is_a]-> GO:0016705
GO:0016706 -[is_a]-> GO:0051213
GO:0016707 -[is_a]-> GO:0016706
GO:0016708 -[is_a]-> GO:0016705
GO:0016708 -[is_a]-> GO:0051213
GO:0016709 -[is_a]-> GO:0004497
GO:0016709 -[is_a]-> GO:0016705
GO:0016710 -[is_a]-> GO:0016709
GO:0016711 -[is_a]-> GO:0016709
GO:0016712 -[is_a]-> GO:0004497
GO:0016712 -[is_a]-> GO:0016705
GO:0016713 -[is_a]-> GO:0004497
GO:0016713 -[is_a]-> GO:0016705
GO:0016714 -[is_a]-> GO:0004497
GO:0016714 -[is_a]-> GO:0016705
GO:0016715 -[is_a]-> GO:0004497
GO:0016715 -[is_a]-> GO:0016705
GO:0016716 -[is_a]-> GO:0004497
GO:0016716 -[is_a]-> GO:0016705
GO:0016717 -[is_a]-> GO:0016705
GO:0016719 -[is_a]-> GO:0016705
GO:0016720 -[is_a]-> GO:0016705
GO:0016721 -[is_a]-> GO:0016491
GO:0016722 -[is_a]-> GO:0016491
GO:0016723 -[is_a]-> GO:0016722
GO:0016724 -[is_a]-> GO:0016722
GO:0016725 -[is_a]-> GO:0016491
GO:0016726 -[is_a]-> GO:0016725
GO:0016727 -[is_a]-> GO:0016725
GO:0016728 -[is_a]-> GO:0016725
GO:0016730 -[is_a]-> GO:0016491
GO:0016731 -[is_a]-> GO:0016730
GO:0016732 -[is_a]-> GO:0016730
GO:0016737 -[is_a]-> GO:0016491
GO:0016738 -[is_a]-> GO:0016737
GO:0016740 -[is_a]-> GO:0003824
GO:0016741 -[is_a]-> GO:0016740
GO:0016742 -[is_a]-> GO:0016741
GO:0016743 -[is_a]-> GO:0016741
GO:0016744 -[is_a]-> GO:0016740
GO:0016746 -[is_a]-> GO:0016740
GO:0016747 -[is_a]-> GO:0016746
GO:0016748 -[is_a]-> GO:0016747
GO:0016749 -[is_a]-> GO:0016410
GO:0016749 -[is_a]-> GO:0016748
GO:0016750 -[is_a]-> GO:0008374
GO:0016750 -[is_a]-> GO:0016748
GO:0016751 -[is_a]-> GO:0016417
GO:0016751 -[is_a]-> GO:0016748
GO:0016752 -[is_a]-> GO:0016747
GO:0016753 -[is_a]-> GO:0008374
GO:0016753 -[is_a]-> GO:0016752
GO:0016754 -[is_a]-> GO:0016753
GO:0016755 -[is_a]-> GO:0016746
GO:0016756 -[is_a]-> GO:0016755
GO:0016757 -[is_a]-> GO:0016740
GO:0016758 -[is_a]-> GO:0016757
GO:0016759 -[is_a]-> GO:0046527
GO:0016760 -[is_a]-> GO:0016759
GO:0016760 -[is_a]-> GO:0035251
GO:0016761 -[is_a]-> GO:0016759
GO:0016762 -[is_a]-> GO:0016758
GO:0016763 -[is_a]-> GO:0016757
GO:0016765 -[is_a]-> GO:0016740
GO:0016767 -[is_a]-> GO:0004337
GO:0016768 -[is_a]-> GO:0016765
GO:0016769 -[is_a]-> GO:0016740
GO:0016770 -[is_a]-> GO:0016769
GO:0016772 -[is_a]-> GO:0016740
GO:0016773 -[is_a]-> GO:0016772
GO:0016774 -[is_a]-> GO:0016772
GO:0016775 -[is_a]-> GO:0016772
GO:0016776 -[is_a]-> GO:0016772
GO:0016778 -[is_a]-> GO:0016772
GO:0016779 -[is_a]-> GO:0016772
GO:0016780 -[is_a]-> GO:0016772
GO:0016781 -[is_a]-> GO:0016772
GO:0016782 -[is_a]-> GO:0016740
GO:0016783 -[is_a]-> GO:0016782
GO:0016784 -[is_a]-> GO:0016783
GO:0016785 -[is_a]-> GO:0016740
GO:0016787 -[is_a]-> GO:0003824
GO:0016788 -[is_a]-> GO:0016787
GO:0016790 -[is_a]-> GO:0016788
GO:0016791 -[is_a]-> GO:0042578
GO:0016791 -[part_of]-> GO:0016311
GO:0016793 -[is_a]-> GO:0042578
GO:0016794 -[is_a]-> GO:0042578
GO:0016795 -[is_a]-> GO:0042578
GO:0016796 -[is_a]-> GO:0004527
GO:0016797 -[is_a]-> GO:0004527
GO:0016798 -[is_a]-> GO:0016787
GO:0016799 -[is_a]-> GO:0016798
GO:0016801 -[is_a]-> GO:0016787
GO:0016802 -[is_a]-> GO:0016801
GO:0016803 -[is_a]-> GO:0016801
GO:0016805 -[is_a]-> GO:0008238
GO:0016807 -[is_a]-> GO:0004180
GO:0016807 -[is_a]-> GO:0070004
GO:0016810 -[is_a]-> GO:0016787
GO:0016811 -[is_a]-> GO:0016810
GO:0016812 -[is_a]-> GO:0016810
GO:0016813 -[is_a]-> GO:0016810
GO:0016814 -[is_a]-> GO:0016810
GO:0016815 -[is_a]-> GO:0016810
GO:0016817 -[is_a]-> GO:0016787
GO:0016818 -[is_a]-> GO:0016817
GO:0016819 -[is_a]-> GO:0016817
GO:0016820 -[is_a]-> GO:0016817
GO:0016820 -[is_a]-> GO:0022804
GO:0016822 -[is_a]-> GO:0016787
GO:0016823 -[is_a]-> GO:0016822
GO:0016824 -[is_a]-> GO:0016787
GO:0016825 -[is_a]-> GO:0016787
GO:0016826 -[is_a]-> GO:0016787
GO:0016827 -[is_a]-> GO:0016787
GO:0016828 -[is_a]-> GO:0016787
GO:0016829 -[is_a]-> GO:0003824
GO:0016830 -[is_a]-> GO:0016829
GO:0016831 -[is_a]-> GO:0016830
GO:0016832 -[is_a]-> GO:0016830
GO:0016833 -[is_a]-> GO:0016830
GO:0016835 -[is_a]-> GO:0016829
GO:0016836 -[is_a]-> GO:0016835
GO:0016837 -[is_a]-> GO:0016835
GO:0016838 -[is_a]-> GO:0016835
GO:0016840 -[is_a]-> GO:0016829
GO:0016841 -[is_a]-> GO:0016840
GO:0016842 -[is_a]-> GO:0016840
GO:0016843 -[is_a]-> GO:0016840
GO:0016844 -[is_a]-> GO:0016843
GO:0016846 -[is_a]-> GO:0016829
GO:0016847 -[is_a]-> GO:0016846
GO:0016847 -[part_of]-> GO:0042218
GO:0016848 -[is_a]-> GO:0016829
GO:0016849 -[is_a]-> GO:0016829
GO:0016851 -[is_a]-> GO:0051003
GO:0016852 -[is_a]-> GO:0016829
GO:0016853 -[is_a]-> GO:0003824
GO:0016854 -[is_a]-> GO:0016853
GO:0016855 -[is_a]-> GO:0016854
GO:0016856 -[is_a]-> GO:0016854
GO:0016857 -[is_a]-> GO:0016854
GO:0016859 -[is_a]-> GO:0016853
GO:0016860 -[is_a]-> GO:0016853
GO:0016861 -[is_a]-> GO:0016860
GO:0016862 -[is_a]-> GO:0016860
GO:0016863 -[is_a]-> GO:0016860
GO:0016864 -[is_a]-> GO:0016860
GO:0016866 -[is_a]-> GO:0016853
GO:0016867 -[is_a]-> GO:0016866
GO:0016868 -[is_a]-> GO:0016866
GO:0016869 -[is_a]-> GO:0016866
GO:0016871 -[is_a]-> GO:0031559
GO:0016872 -[is_a]-> GO:0016853
GO:0016874 -[is_a]-> GO:0003824
GO:0016875 -[is_a]-> GO:0016874
GO:0016876 -[is_a]-> GO:0016875
GO:0016877 -[is_a]-> GO:0016874
GO:0016878 -[is_a]-> GO:0016877
GO:0016879 -[is_a]-> GO:0016874
GO:0016880 -[is_a]-> GO:0016879
GO:0016881 -[is_a]-> GO:0016879
GO:0016882 -[is_a]-> GO:0016879
GO:0016884 -[is_a]-> GO:0016879
GO:0016885 -[is_a]-> GO:0016874
GO:0016886 -[is_a]-> GO:0016874
GO:0016887 -[is_a]-> GO:0017111
GO:0016888 -[is_a]-> GO:0004520
GO:0016888 -[is_a]-> GO:0016893
GO:0016889 -[is_a]-> GO:0004520
GO:0016889 -[is_a]-> GO:0016894
GO:0016890 -[is_a]-> GO:0004520
GO:0016891 -[is_a]-> GO:0004521
GO:0016891 -[is_a]-> GO:0016893
GO:0016892 -[is_a]-> GO:0004521
GO:0016892 -[is_a]-> GO:0016894
GO:0016893 -[is_a]-> GO:0004519
GO:0016894 -[is_a]-> GO:0004519
GO:0016895 -[is_a]-> GO:0004529
GO:0016895 -[is_a]-> GO:0016796
GO:0016896 -[is_a]-> GO:0004532
GO:0016896 -[is_a]-> GO:0016796
GO:0016897 -[is_a]-> GO:0004532
GO:0016897 -[is_a]-> GO:0016797
GO:0016898 -[is_a]-> GO:0016614
GO:0016899 -[is_a]-> GO:0016614
GO:0016900 -[is_a]-> GO:0016614
GO:0016901 -[is_a]-> GO:0016614
GO:0016903 -[is_a]-> GO:0016491
GO:0016905 -[is_a]-> GO:0004683
GO:0016906 -[is_a]-> GO:0035251
GO:0016907 -[is_a]-> GO:0008227
GO:0016907 -[is_a]-> GO:0015464
GO:0016907 -[is_a]-> GO:0099528
GO:0016907 -[part_of]-> GO:0007213
GO:0016909 -[is_a]-> GO:0004707
GO:0016913 -[is_a]-> GO:0005179
GO:0016914 -[is_a]-> GO:0061696
GO:0016917 -[is_a]-> GO:0004888
GO:0016918 -[is_a]-> GO:0005501
GO:0016918 -[is_a]-> GO:0019842
GO:0016920 -[is_a]-> GO:0008242
GO:0016922 -[is_a]-> GO:0005102
GO:0016925 -[is_a]-> GO:0018205
GO:0016925 -[is_a]-> GO:0032446
GO:0016926 -[is_a]-> GO:0018205
GO:0016926 -[is_a]-> GO:0070646
GO:0016929 -[is_a]-> GO:0019783
GO:0016933 -[is_a]-> GO:0005231
GO:0016934 -[is_a]-> GO:0005237
GO:0016934 -[is_a]-> GO:0016933
GO:0016934 -[is_a]-> GO:0061797
GO:0016935 -[is_a]-> GO:0034707
GO:0016935 -[is_a]-> GO:0044459
GO:0016935 -[part_of]-> GO:0005887
GO:0016936 -[is_a]-> GO:0097367
GO:0016937 -[is_a]-> GO:0003995
GO:0016938 -[is_a]-> GO:0005871
GO:0016939 -[is_a]-> GO:0005871
GO:0016941 -[is_a]-> GO:0001653
GO:0016942 -[is_a]-> GO:0036454
GO:0016942 -[is_a]-> GO:0044421
GO:0016942 -[part_of]-> GO:0005615
GO:0016964 -[is_a]-> GO:0038024
GO:0016966 -[is_a]-> GO:0016662
GO:0016971 -[is_a]-> GO:0016972
GO:0016972 -[is_a]-> GO:0016670
GO:0016973 -[is_a]-> GO:0006406
GO:0016977 -[is_a]-> GO:0004553
GO:0016979 -[is_a]-> GO:0016879
GO:0016980 -[is_a]-> GO:0016813
GO:0016984 -[is_a]-> GO:0016831
GO:0016985 -[is_a]-> GO:0004567
GO:0016987 -[is_a]-> GO:0000996
GO:0016987 -[has_part]-> GO:0000985
GO:0016987 -[has_part]-> GO:0001000
GO:0016989 -[is_a]-> GO:0000989
GO:0016990 -[is_a]-> GO:0016813
GO:0016990 -[part_of]-> GO:0018101
GO:0016992 -[is_a]-> GO:0016783
GO:0016992 -[is_a]-> GO:0016979
GO:0016992 -[is_a]-> GO:0070283
GO:0016992 -[part_of]-> GO:0009107
GO:0016993 -[is_a]-> GO:0016867
GO:0016994 -[is_a]-> GO:0016628
GO:0016995 -[is_a]-> GO:0016899
GO:0016996 -[is_a]-> GO:0016997
GO:0016997 -[is_a]-> GO:0004553
GO:0016998 -[is_a]-> GO:0044036
GO:0016998 -[is_a]-> GO:0044248
GO:0016999 -[is_a]-> GO:0017144
GO:0017000 -[is_a]-> GO:0016999
GO:0017000 -[is_a]-> GO:0044249
GO:0017001 -[is_a]-> GO:0016999
GO:0017001 -[is_a]-> GO:0044248
GO:0017002 -[is_a]-> GO:0004675
GO:0017002 -[has_part]-> GO:0048185
GO:0017002 -[part_of]-> GO:0032924
GO:0017003 -[is_a]-> GO:0017006
GO:0017004 -[is_a]-> GO:0043623
GO:0017005 -[is_a]-> GO:0070259
GO:0017006 -[is_a]-> GO:0006464
GO:0017007 -[is_a]-> GO:0017006
GO:0017008 -[is_a]-> GO:0017007
GO:0017009 -[is_a]-> GO:0017007
GO:0017010 -[is_a]-> GO:0017007
GO:0017011 -[is_a]-> GO:0017007
GO:0017012 -[is_a]-> GO:0017007
GO:0017013 -[is_a]-> GO:0006464
GO:0017014 -[is_a]-> GO:0006464
GO:0017015 -[is_a]-> GO:0090092
GO:0017015 -[is_a]-> GO:1903844
GO:0017015 -[regulates]-> GO:0007179
GO:0017016 -[is_a]-> GO:0031267
GO:0017017 -[is_a]-> GO:0008138
GO:0017017 -[is_a]-> GO:0033549
GO:0017018 -[is_a]-> GO:0004722
GO:0017020 -[is_a]-> GO:0019208
GO:0017020 -[regulates]-> GO:0017018
GO:0017022 -[is_a]-> GO:0008092
GO:0017023 -[is_a]-> GO:0008287
GO:0017024 -[is_a]-> GO:0017022
GO:0017025 -[is_a]-> GO:0008134
GO:0017032 -[is_a]-> GO:0005416
GO:0017032 -[is_a]-> GO:0022820
GO:0017034 -[is_a]-> GO:0005088
GO:0017038 -[is_a]-> GO:0015031
GO:0017038 -[is_a]-> GO:0044765
GO:0017040 -[is_a]-> GO:0016811
GO:0017041 -[is_a]-> GO:0004553
GO:0017042 -[is_a]-> GO:0004553
GO:0017044 -[is_a]-> GO:0005179
GO:0017045 -[is_a]-> GO:0005179
GO:0017046 -[is_a]-> GO:0042277
GO:0017046 -[is_a]-> GO:0042562
GO:0017048 -[is_a]-> GO:0017016
GO:0017049 -[is_a]-> GO:0017048
GO:0017050 -[is_a]-> GO:0016301
GO:0017051 -[is_a]-> GO:0016836
GO:0017053 -[is_a]-> GO:0032991
GO:0017054 -[is_a]-> GO:0090571
GO:0017055 -[is_a]-> GO:0045898
GO:0017055 -[is_a]-> GO:0060633
GO:0017055 -[negatively_regulates]-> GO:0051123
GO:0017056 -[is_a]-> GO:0005198
GO:0017057 -[is_a]-> GO:0052689
GO:0017058 -[is_a]-> GO:0019904
GO:0017059 -[is_a]-> GO:0031211
GO:0017060 -[is_a]-> GO:0008417
GO:0017061 -[is_a]-> GO:0004731
GO:0017062 -[is_a]-> GO:0017004
GO:0017064 -[is_a]-> GO:0016811
GO:0017065 -[is_a]-> GO:0004844
GO:0017067 -[is_a]-> GO:0008146
GO:0017069 -[is_a]-> GO:0003723
GO:0017070 -[is_a]-> GO:0017069
GO:0017071 -[is_a]-> GO:0034703
GO:0017071 -[is_a]-> GO:0043235
GO:0017075 -[is_a]-> GO:0019905
GO:0017076 -[is_a]-> GO:0000166
GO:0017077 -[is_a]-> GO:0022857
GO:0017077 -[part_of]-> GO:0015992
GO:0017080 -[is_a]-> GO:0016247
GO:0017080 -[regulates]-> GO:0005272
GO:0017081 -[is_a]-> GO:0016247
GO:0017081 -[regulates]-> GO:0005254
GO:0017082 -[is_a]-> GO:0003707
GO:0017082 -[is_a]-> GO:0004879
GO:0017082 -[part_of]-> GO:0031959
GO:0017083 -[is_a]-> GO:0046920
GO:0017084 -[is_a]-> GO:0016620
GO:0017085 -[is_a]-> GO:0009636
GO:0017086 -[is_a]-> GO:0098798
GO:0017086 -[part_of]-> GO:0005759
GO:0017087 -[is_a]-> GO:0098798
GO:0017087 -[part_of]-> GO:0005759
GO:0017089 -[is_a]-> GO:0005319
GO:0017089 -[is_a]-> GO:1901505
GO:0017089 -[part_of]-> GO:0046836
GO:0017090 -[is_a]-> GO:0098796
GO:0017090 -[part_of]-> GO:0016021
GO:0017091 -[is_a]-> GO:0003723
GO:0017095 -[is_a]-> GO:0034483
GO:0017096 -[is_a]-> GO:0008171
GO:0017096 -[is_a]-> GO:0008757
GO:0017098 -[is_a]-> GO:0005102
GO:0017099 -[is_a]-> GO:0004466
GO:0017101 -[is_a]-> GO:0043234
GO:0017101 -[is_a]-> GO:0044424
GO:0017102 -[is_a]-> GO:0043234
GO:0017102 -[is_a]-> GO:0044444
GO:0017103 -[is_a]-> GO:0051748
GO:0017105 -[is_a]-> GO:0016215
GO:0017107 -[is_a]-> GO:0030674
GO:0017108 -[is_a]-> GO:0016888
GO:0017108 -[is_a]-> GO:0048256
GO:0017109 -[is_a]-> GO:0044444
GO:0017109 -[is_a]-> GO:1902494
GO:0017110 -[is_a]-> GO:0016462
GO:0017111 -[is_a]-> GO:0016462
GO:0017112 -[is_a]-> GO:0005088
GO:0017113 -[is_a]-> GO:0016628
GO:0017116 -[is_a]-> GO:0004003
GO:0017116 -[is_a]-> GO:0043142
GO:0017117 -[is_a]-> GO:0033202
GO:0017117 -[is_a]-> GO:1904949
GO:0017118 -[is_a]-> GO:0016747
GO:0017119 -[is_a]-> GO:0043234
GO:0017119 -[is_a]-> GO:0044431
GO:0017119 -[is_a]-> GO:0099023
GO:0017121 -[is_a]-> GO:0007009
GO:0017121 -[is_a]-> GO:0097035
GO:0017121 -[has_part]-> GO:0045332
GO:0017122 -[is_a]-> GO:0044424
GO:0017122 -[is_a]-> GO:1990234
GO:0017124 -[is_a]-> GO:0019904
GO:0017125 -[is_a]-> GO:0016779
GO:0017126 -[is_a]-> GO:0007000
GO:0017126 -[is_a]-> GO:0044085
GO:0017127 -[is_a]-> GO:0015248
GO:0017127 -[part_of]-> GO:0030301
GO:0017128 -[is_a]-> GO:0005548
GO:0017128 -[part_of]-> GO:0017121
GO:0017129 -[is_a]-> GO:0008289
GO:0017130 -[is_a]-> GO:0008187
GO:0017131 -[is_a]-> GO:0008187
GO:0017132 -[is_a]-> GO:0005085
GO:0017133 -[is_a]-> GO:0045251
GO:0017133 -[is_a]-> GO:0098798
GO:0017133 -[part_of]-> GO:0005739
GO:0017133 -[part_of]-> GO:0005759
GO:0017134 -[is_a]-> GO:0019838
GO:0017136 -[is_a]-> GO:0004407
GO:0017136 -[is_a]-> GO:0034979
GO:0017137 -[is_a]-> GO:0017016
GO:0017143 -[is_a]-> GO:0006805
GO:0017143 -[is_a]-> GO:0009404
GO:0017143 -[part_of]-> GO:0017085
GO:0017144 -[is_a]-> GO:0044237
GO:0017145 -[is_a]-> GO:0051301
GO:0017146 -[is_a]-> GO:0008328
GO:0017147 -[is_a]-> GO:0005515
GO:0017148 -[is_a]-> GO:0006417
GO:0017148 -[is_a]-> GO:0010629
GO:0017148 -[is_a]-> GO:0032269
GO:0017148 -[is_a]-> GO:0034249
GO:0017148 -[is_a]-> GO:2000113
GO:0017148 -[negatively_regulates]-> GO:0006412
GO:0017150 -[is_a]-> GO:0016627
GO:0017150 -[part_of]-> GO:0002943
GO:0017151 -[is_a]-> GO:0019899
GO:0017153 -[is_a]-> GO:0005310
GO:0017153 -[is_a]-> GO:0005343
GO:0017153 -[is_a]-> GO:0015296
GO:0017154 -[is_a]-> GO:0004888
GO:0017154 -[part_of]-> GO:0071526
GO:0017156 -[is_a]-> GO:0045055
GO:0017157 -[is_a]-> GO:0060627
GO:0017157 -[is_a]-> GO:1903530
GO:0017157 -[regulates]-> GO:0006887
GO:0017158 -[is_a]-> GO:1903305
GO:0017158 -[regulates]-> GO:0017156
GO:0017159 -[is_a]-> GO:0016811
GO:0017160 -[is_a]-> GO:0017016
GO:0017161 -[is_a]-> GO:0046030
GO:0017162 -[is_a]-> GO:0005102
GO:0017162 -[is_a]-> GO:0008134
GO:0017166 -[is_a]-> GO:0008092
GO:0017168 -[is_a]-> GO:0016812
GO:0017169 -[is_a]-> GO:0016780
GO:0017171 -[is_a]-> GO:0016787
GO:0017172 -[is_a]-> GO:0016702
GO:0017174 -[is_a]-> GO:0008170
GO:0017174 -[is_a]-> GO:0008757
GO:0017176 -[is_a]-> GO:0008375
GO:0017177 -[is_a]-> GO:0043234
GO:0017177 -[is_a]-> GO:0044432
GO:0017178 -[is_a]-> GO:0016881
GO:0017179 -[is_a]-> GO:0018202
GO:0017180 -[is_a]-> GO:0017179
GO:0017180 -[is_a]-> GO:0044249
GO:0017181 -[is_a]-> GO:0017179
GO:0017181 -[is_a]-> GO:0044248
GO:0017182 -[is_a]-> GO:0018202
GO:0017183 -[is_a]-> GO:0017182
GO:0017183 -[is_a]-> GO:0044249
GO:0017184 -[is_a]-> GO:0017182
GO:0017184 -[is_a]-> GO:0044248
GO:0017185 -[is_a]-> GO:0018126
GO:0017185 -[is_a]-> GO:0018205
GO:0017186 -[is_a]-> GO:0018199
GO:0017187 -[is_a]-> GO:0018200
GO:0017187 -[is_a]-> GO:0018214
GO:0017188 -[is_a]-> GO:0008080
GO:0017189 -[is_a]-> GO:0006474
GO:0017189 -[is_a]-> GO:0018194
GO:0017190 -[is_a]-> GO:0006474
GO:0017190 -[is_a]-> GO:0018197
GO:0017192 -[is_a]-> GO:0006474
GO:0017192 -[is_a]-> GO:0018199
GO:0017193 -[is_a]-> GO:0006474
GO:0017193 -[is_a]-> GO:0018201
GO:0017194 -[is_a]-> GO:0006474
GO:0017194 -[is_a]-> GO:0018203
GO:0017195 -[is_a]-> GO:0018076
GO:0017196 -[is_a]-> GO:0006474
GO:0017196 -[is_a]-> GO:0018206
GO:0017197 -[is_a]-> GO:0006474
GO:0017197 -[is_a]-> GO:0018208
GO:0017198 -[is_a]-> GO:0006474
GO:0017198 -[is_a]-> GO:0018209
GO:0017198 -[is_a]-> GO:0030920
GO:0017199 -[is_a]-> GO:0006474
GO:0017199 -[is_a]-> GO:0018210
GO:0018000 -[is_a]-> GO:0006474
GO:0018000 -[is_a]-> GO:0018212
GO:0018001 -[is_a]-> GO:0006474
GO:0018001 -[is_a]-> GO:0018213
GO:0018002 -[is_a]-> GO:0006474
GO:0018002 -[is_a]-> GO:0018200
GO:0018003 -[is_a]-> GO:0018393
GO:0018004 -[is_a]-> GO:0018256
GO:0018004 -[is_a]-> GO:0031365
GO:0018005 -[is_a]-> GO:0018004
GO:0018005 -[is_a]-> GO:0018201
GO:0018006 -[is_a]-> GO:0018321
GO:0018006 -[is_a]-> GO:0031365
GO:0018007 -[is_a]-> GO:0018006
GO:0018007 -[is_a]-> GO:0018201
GO:0018008 -[is_a]-> GO:0006499
GO:0018008 -[is_a]-> GO:0018201
GO:0018009 -[is_a]-> GO:0006500
GO:0018009 -[is_a]-> GO:0018198
GO:0018010 -[is_a]-> GO:0019105
GO:0018011 -[is_a]-> GO:0006480
GO:0018011 -[is_a]-> GO:0018194
GO:0018012 -[is_a]-> GO:0018011
GO:0018013 -[is_a]-> GO:0006480
GO:0018013 -[is_a]-> GO:0018201
GO:0018014 -[is_a]-> GO:0006480
GO:0018014 -[is_a]-> GO:0018206
GO:0018015 -[is_a]-> GO:0006480
GO:0018015 -[is_a]-> GO:0018207
GO:0018016 -[is_a]-> GO:0035568
GO:0018019 -[is_a]-> GO:0006480
GO:0018019 -[is_a]-> GO:0018199
GO:0018020 -[is_a]-> GO:0006479
GO:0018021 -[is_a]-> GO:0006479
GO:0018021 -[is_a]-> GO:0018202
GO:0018022 -[is_a]-> GO:0006479
GO:0018022 -[is_a]-> GO:0018205
GO:0018023 -[is_a]-> GO:0018022
GO:0018024 -[is_a]-> GO:0016279
GO:0018024 -[is_a]-> GO:0042054
GO:0018024 -[part_of]-> GO:0034968
GO:0018025 -[is_a]-> GO:0016279
GO:0018026 -[is_a]-> GO:0018022
GO:0018027 -[is_a]-> GO:0018022
GO:0018028 -[is_a]-> GO:0018205
GO:0018028 -[is_a]-> GO:0018377
GO:0018029 -[is_a]-> GO:0018205
GO:0018030 -[is_a]-> GO:0019107
GO:0018031 -[is_a]-> GO:0019105
GO:0018032 -[is_a]-> GO:0006464
GO:0018033 -[is_a]-> GO:0018032
GO:0018033 -[is_a]-> GO:0018410
GO:0018034 -[is_a]-> GO:0018033
GO:0018034 -[is_a]-> GO:0018194
GO:0018035 -[is_a]-> GO:0018033
GO:0018035 -[is_a]-> GO:0018195
GO:0018036 -[is_a]-> GO:0018033
GO:0018036 -[is_a]-> GO:0018196
GO:0018037 -[is_a]-> GO:0018033
GO:0018037 -[is_a]-> GO:0018197
GO:0018038 -[is_a]-> GO:0018033
GO:0018038 -[is_a]-> GO:0018198
GO:0018039 -[is_a]-> GO:0018033
GO:0018039 -[is_a]-> GO:0018199
GO:0018040 -[is_a]-> GO:0018033
GO:0018041 -[is_a]-> GO:0018033
GO:0018041 -[is_a]-> GO:0018201
GO:0018042 -[is_a]-> GO:0018033
GO:0018042 -[is_a]-> GO:0018202
GO:0018043 -[is_a]-> GO:0018033
GO:0018043 -[is_a]-> GO:0018203
GO:0018044 -[is_a]-> GO:0018033
GO:0018044 -[is_a]-> GO:0018204
GO:0018045 -[is_a]-> GO:0018033
GO:0018045 -[is_a]-> GO:0018205
GO:0018046 -[is_a]-> GO:0018033
GO:0018046 -[is_a]-> GO:0018206
GO:0018047 -[is_a]-> GO:0018033
GO:0018047 -[is_a]-> GO:0018207
GO:0018048 -[is_a]-> GO:0018033
GO:0018048 -[is_a]-> GO:0018208
GO:0018049 -[is_a]-> GO:0018033
GO:0018049 -[is_a]-> GO:0018209
GO:0018050 -[is_a]-> GO:0018033
GO:0018050 -[is_a]-> GO:0018210
GO:0018051 -[is_a]-> GO:0018033
GO:0018051 -[is_a]-> GO:0018211
GO:0018052 -[is_a]-> GO:0018033
GO:0018052 -[is_a]-> GO:0018212
GO:0018053 -[is_a]-> GO:0018033
GO:0018053 -[is_a]-> GO:0018213
GO:0018054 -[is_a]-> GO:0009305
GO:0018054 -[is_a]-> GO:0018205
GO:0018055 -[is_a]-> GO:0009249
GO:0018055 -[is_a]-> GO:0018205
GO:0018057 -[is_a]-> GO:0018158
GO:0018057 -[is_a]-> GO:0018205
GO:0018058 -[is_a]-> GO:0018198
GO:0018058 -[is_a]-> GO:0018277
GO:0018058 -[is_a]-> GO:0031363
GO:0018059 -[is_a]-> GO:0018058
GO:0018060 -[is_a]-> GO:0018058
GO:0018061 -[is_a]-> GO:0018207
GO:0018062 -[is_a]-> GO:0018211
GO:0018062 -[is_a]-> GO:0018335
GO:0018062 -[is_a]-> GO:0031365
GO:0018063 -[is_a]-> GO:0017003
GO:0018063 -[is_a]-> GO:0017004
GO:0018064 -[is_a]-> GO:0008170
GO:0018064 -[is_a]-> GO:0008757
GO:0018065 -[is_a]-> GO:0006464
GO:0018067 -[is_a]-> GO:0018212
GO:0018067 -[is_a]-> GO:0018336
GO:0018068 -[is_a]-> GO:0018212
GO:0018069 -[is_a]-> GO:0018149
GO:0018069 -[is_a]-> GO:0018211
GO:0018070 -[is_a]-> GO:0018209
GO:0018070 -[is_a]-> GO:0018215
GO:0018071 -[is_a]-> GO:0016763
GO:0018072 -[is_a]-> GO:0018200
GO:0018073 -[is_a]-> GO:0018079
GO:0018074 -[is_a]-> GO:0018073
GO:0018074 -[is_a]-> GO:0018202
GO:0018075 -[is_a]-> GO:0018073
GO:0018075 -[is_a]-> GO:0018207
GO:0018076 -[is_a]-> GO:0006474
GO:0018076 -[is_a]-> GO:0018394
GO:0018077 -[is_a]-> GO:0018079
GO:0018078 -[is_a]-> GO:0018077
GO:0018078 -[is_a]-> GO:0018212
GO:0018079 -[is_a]-> GO:0006464
GO:0018079 -[is_a]-> GO:0044763
GO:0018079 -[is_a]-> GO:0070276
GO:0018080 -[is_a]-> GO:0018073
GO:0018080 -[is_a]-> GO:0018211
GO:0018081 -[is_a]-> GO:0018149
GO:0018082 -[is_a]-> GO:0018210
GO:0018083 -[is_a]-> GO:0018198
GO:0018083 -[is_a]-> GO:0018209
GO:0018084 -[is_a]-> GO:0018209
GO:0018085 -[is_a]-> GO:0018193
GO:0018085 -[is_a]-> GO:0018366
GO:0018091 -[is_a]-> GO:0018085
GO:0018091 -[is_a]-> GO:0018196
GO:0018094 -[is_a]-> GO:0006464
GO:0018095 -[is_a]-> GO:0018200
GO:0018096 -[is_a]-> GO:0018149
GO:0018096 -[is_a]-> GO:0018198
GO:0018096 -[is_a]-> GO:0018209
GO:0018097 -[is_a]-> GO:0018198
GO:0018097 -[is_a]-> GO:0018298
GO:0018101 -[is_a]-> GO:0018195
GO:0018101 -[is_a]-> GO:0019240
GO:0018102 -[is_a]-> GO:0018126
GO:0018102 -[is_a]-> GO:0030961
GO:0018103 -[is_a]-> GO:0006486
GO:0018104 -[is_a]-> GO:0009252
GO:0018105 -[is_a]-> GO:0006468
GO:0018105 -[is_a]-> GO:0018209
GO:0018106 -[is_a]-> GO:0006468
GO:0018106 -[is_a]-> GO:0018202
GO:0018107 -[is_a]-> GO:0006468
GO:0018107 -[is_a]-> GO:0018210
GO:0018108 -[is_a]-> GO:0006468
GO:0018108 -[is_a]-> GO:0018212
GO:0018109 -[is_a]-> GO:0006468
GO:0018109 -[is_a]-> GO:0018195
GO:0018110 -[is_a]-> GO:0004054
GO:0018110 -[is_a]-> GO:0035173
GO:0018110 -[part_of]-> GO:0018109
GO:0018111 -[is_a]-> GO:0047661
GO:0018112 -[is_a]-> GO:0047661
GO:0018113 -[is_a]-> GO:0047661
GO:0018114 -[is_a]-> GO:0047661
GO:0018115 -[is_a]-> GO:0018198
GO:0018116 -[is_a]-> GO:0018117
GO:0018116 -[is_a]-> GO:0018205
GO:0018117 -[is_a]-> GO:0018175
GO:0018118 -[is_a]-> GO:0018198
GO:0018119 -[is_a]-> GO:0017014
GO:0018119 -[is_a]-> GO:0018198
GO:0018120 -[is_a]-> GO:0006471
GO:0018120 -[is_a]-> GO:0018195
GO:0018121 -[is_a]-> GO:0016763
GO:0018122 -[is_a]-> GO:0006471
GO:0018122 -[is_a]-> GO:0018196
GO:0018123 -[is_a]-> GO:0006471
GO:0018123 -[is_a]-> GO:0018198
GO:0018124 -[is_a]-> GO:0018149
GO:0018124 -[is_a]-> GO:0018205
GO:0018124 -[is_a]-> GO:0018212
GO:0018125 -[is_a]-> GO:0006479
GO:0018125 -[is_a]-> GO:0018198
GO:0018126 -[is_a]-> GO:0006464
GO:0018127 -[is_a]-> GO:0016763
GO:0018129 -[is_a]-> GO:0016627
GO:0018130 -[is_a]-> GO:0044249
GO:0018130 -[is_a]-> GO:0046483
GO:0018131 -[is_a]-> GO:0018130
GO:0018131 -[is_a]-> GO:0046484
GO:0018132 -[is_a]-> GO:0018157
GO:0018132 -[is_a]-> GO:0018198
GO:0018132 -[is_a]-> GO:0018209
GO:0018133 -[is_a]-> GO:0018157
GO:0018133 -[is_a]-> GO:0018198
GO:0018133 -[is_a]-> GO:0018209
GO:0018134 -[is_a]-> GO:0018157
GO:0018134 -[is_a]-> GO:0018201
GO:0018134 -[is_a]-> GO:0018209
GO:0018136 -[is_a]-> GO:0016627
GO:0018137 -[is_a]-> GO:0018157
GO:0018137 -[is_a]-> GO:0018198
GO:0018137 -[is_a]-> GO:0018201
GO:0018138 -[is_a]-> GO:0018157
GO:0018138 -[is_a]-> GO:0018198
GO:0018138 -[is_a]-> GO:0018209
GO:0018139 -[is_a]-> GO:0018157
GO:0018139 -[is_a]-> GO:0018198
GO:0018139 -[is_a]-> GO:0018207
GO:0018140 -[is_a]-> GO:0018157
GO:0018140 -[is_a]-> GO:0018198
GO:0018141 -[is_a]-> GO:0018157
GO:0018141 -[is_a]-> GO:0018198
GO:0018141 -[is_a]-> GO:0018205
GO:0018142 -[is_a]-> GO:0018143
GO:0018143 -[is_a]-> GO:0006464
GO:0018144 -[is_a]-> GO:0018143
GO:0018145 -[is_a]-> GO:0018142
GO:0018145 -[is_a]-> GO:0018209
GO:0018146 -[is_a]-> GO:0006024
GO:0018146 -[is_a]-> GO:0042339
GO:0018146 -[is_a]-> GO:0044272
GO:0018147 -[is_a]-> GO:0018315
GO:0018147 -[is_a]-> GO:0050844
GO:0018148 -[is_a]-> GO:0018144
GO:0018148 -[is_a]-> GO:0018212
GO:0018149 -[is_a]-> GO:0006464
GO:0018150 -[is_a]-> GO:0018151
GO:0018151 -[is_a]-> GO:0018149
GO:0018151 -[is_a]-> GO:0018202
GO:0018151 -[is_a]-> GO:0018212
GO:0018152 -[is_a]-> GO:0018151
GO:0018153 -[is_a]-> GO:0018199
GO:0018153 -[is_a]-> GO:0018205
GO:0018153 -[is_a]-> GO:0018262
GO:0018154 -[is_a]-> GO:0018081
GO:0018154 -[is_a]-> GO:0018198
GO:0018154 -[is_a]-> GO:0018209
GO:0018155 -[is_a]-> GO:0018081
GO:0018155 -[is_a]-> GO:0018198
GO:0018155 -[is_a]-> GO:0018209
GO:0018156 -[is_a]-> GO:0018149
GO:0018156 -[is_a]-> GO:0018198
GO:0018156 -[is_a]-> GO:0018210
GO:0018157 -[is_a]-> GO:0018131
GO:0018157 -[is_a]-> GO:0018149
GO:0018158 -[is_a]-> GO:0006464
GO:0018158 -[is_a]-> GO:0044763
GO:0018158 -[is_a]-> GO:0055114
GO:0018159 -[is_a]-> GO:0018158
GO:0018159 -[is_a]-> GO:0018206
GO:0018160 -[is_a]-> GO:0018065
GO:0018160 -[is_a]-> GO:0018198
GO:0018161 -[is_a]-> GO:0018130
GO:0018161 -[is_a]-> GO:0044271
GO:0018161 -[is_a]-> GO:0046453
GO:0018161 -[is_a]-> GO:1901362
GO:0018161 -[is_a]-> GO:1901566
GO:0018162 -[is_a]-> GO:0018149
GO:0018162 -[is_a]-> GO:0018198
GO:0018162 -[is_a]-> GO:0018210
GO:0018163 -[is_a]-> GO:0045327
GO:0018164 -[is_a]-> GO:0018142
GO:0018164 -[is_a]-> GO:0018210
GO:0018165 -[is_a]-> GO:0018177
GO:0018165 -[is_a]-> GO:0018212
GO:0018166 -[is_a]-> GO:0018212
GO:0018166 -[is_a]-> GO:0018322
GO:0018166 -[is_a]-> GO:0018410
GO:0018167 -[is_a]-> GO:0017011
GO:0018167 -[is_a]-> GO:0018198
GO:0018168 -[is_a]-> GO:0017011
GO:0018168 -[is_a]-> GO:0018198
GO:0018169 -[is_a]-> GO:0070739
GO:0018170 -[is_a]-> GO:0018040
GO:0018170 -[is_a]-> GO:0018200
GO:0018171 -[is_a]-> GO:0018158
GO:0018171 -[is_a]-> GO:0018198
GO:0018172 -[is_a]-> GO:0018212
GO:0018172 -[is_a]-> GO:0018336
GO:0018173 -[is_a]-> GO:0006575
GO:0018173 -[is_a]-> GO:0018201
GO:0018173 -[is_a]-> GO:0042398
GO:0018173 -[is_a]-> GO:0044249
GO:0018173 -[part_of]-> GO:0015011
GO:0018174 -[is_a]-> GO:0017003
GO:0018174 -[is_a]-> GO:0017004
GO:0018175 -[is_a]-> GO:0006464
GO:0018177 -[is_a]-> GO:0018175
GO:0018178 -[is_a]-> GO:0018117
GO:0018178 -[is_a]-> GO:0018210
GO:0018180 -[is_a]-> GO:0006464
GO:0018181 -[is_a]-> GO:0035245
GO:0018182 -[is_a]-> GO:0017003
GO:0018182 -[is_a]-> GO:0018202
GO:0018184 -[is_a]-> GO:0006464
GO:0018185 -[is_a]-> GO:0018184
GO:0018185 -[is_a]-> GO:0018205
GO:0018186 -[is_a]-> GO:0017003
GO:0018186 -[is_a]-> GO:0017004
GO:0018187 -[is_a]-> GO:0018198
GO:0018187 -[is_a]-> GO:0018315
GO:0018188 -[is_a]-> GO:0019511
GO:0018189 -[is_a]-> GO:0018212
GO:0018189 -[is_a]-> GO:0044271
GO:0018189 -[is_a]-> GO:0072351
GO:0018190 -[is_a]-> GO:0006497
GO:0018190 -[is_a]-> GO:0043543
GO:0018191 -[is_a]-> GO:0018190
GO:0018191 -[is_a]-> GO:0018209
GO:0018192 -[is_a]-> GO:0018307
GO:0018192 -[is_a]-> GO:0098822
GO:0018193 -[is_a]-> GO:0006464
GO:0018194 -[is_a]-> GO:0018193
GO:0018195 -[is_a]-> GO:0018193
GO:0018196 -[is_a]-> GO:0018193
GO:0018197 -[is_a]-> GO:0018193
GO:0018198 -[is_a]-> GO:0018193
GO:0018199 -[is_a]-> GO:0018193
GO:0018200 -[is_a]-> GO:0018193
GO:0018201 -[is_a]-> GO:0018193
GO:0018202 -[is_a]-> GO:0018193
GO:0018203 -[is_a]-> GO:0018193
GO:0018204 -[is_a]-> GO:0018193
GO:0018205 -[is_a]-> GO:0018193
GO:0018206 -[is_a]-> GO:0018193
GO:0018207 -[is_a]-> GO:0018193
GO:0018208 -[is_a]-> GO:0018193
GO:0018209 -[is_a]-> GO:0018193
GO:0018210 -[is_a]-> GO:0018193
GO:0018211 -[is_a]-> GO:0018193
GO:0018212 -[is_a]-> GO:0018193
GO:0018213 -[is_a]-> GO:0018193
GO:0018214 -[is_a]-> GO:0006464
GO:0018215 -[is_a]-> GO:0006464
GO:0018216 -[is_a]-> GO:0006479
GO:0018216 -[is_a]-> GO:0018195
GO:0018217 -[is_a]-> GO:0006468
GO:0018217 -[is_a]-> GO:0018197
GO:0018218 -[is_a]-> GO:0006468
GO:0018218 -[is_a]-> GO:0018198
GO:0018219 -[is_a]-> GO:0018533
GO:0018220 -[is_a]-> GO:0018210
GO:0018220 -[is_a]-> GO:0018345
GO:0018221 -[is_a]-> GO:0018209
GO:0018221 -[is_a]-> GO:0018345
GO:0018222 -[is_a]-> GO:0018198
GO:0018226 -[is_a]-> GO:0018198
GO:0018226 -[is_a]-> GO:0018343
GO:0018227 -[is_a]-> GO:0018198
GO:0018227 -[is_a]-> GO:0018343
GO:0018228 -[is_a]-> GO:0018198
GO:0018228 -[is_a]-> GO:0018344
GO:0018229 -[is_a]-> GO:0006481
GO:0018229 -[is_a]-> GO:0018351
GO:0018230 -[is_a]-> GO:0018231
GO:0018230 -[is_a]-> GO:0018345
GO:0018231 -[is_a]-> GO:0018198
GO:0018232 -[is_a]-> GO:0018149
GO:0018232 -[is_a]-> GO:0018198
GO:0018232 -[is_a]-> GO:0018199
GO:0018233 -[is_a]-> GO:0018149
GO:0018233 -[is_a]-> GO:0018198
GO:0018233 -[is_a]-> GO:0018202
GO:0018234 -[is_a]-> GO:0018149
GO:0018234 -[is_a]-> GO:0018198
GO:0018234 -[is_a]-> GO:0018212
GO:0018235 -[is_a]-> GO:0018205
GO:0018235 -[is_a]-> GO:0018214
GO:0018237 -[is_a]-> GO:0008047
GO:0018238 -[is_a]-> GO:0018205
GO:0018240 -[is_a]-> GO:0018198
GO:0018240 -[is_a]-> GO:0018280
GO:0018241 -[is_a]-> GO:0006493
GO:0018241 -[is_a]-> GO:0018205
GO:0018242 -[is_a]-> GO:0006493
GO:0018242 -[is_a]-> GO:0018209
GO:0018243 -[is_a]-> GO:0006493
GO:0018243 -[is_a]-> GO:0018210
GO:0018244 -[is_a]-> GO:0006487
GO:0018244 -[is_a]-> GO:0018211
GO:0018245 -[is_a]-> GO:0006493
GO:0018245 -[is_a]-> GO:0018212
GO:0018246 -[is_a]-> GO:0018065
GO:0018247 -[is_a]-> GO:0018209
GO:0018247 -[is_a]-> GO:0018246
GO:0018248 -[is_a]-> GO:0018307
GO:0018248 -[is_a]-> GO:0098824
GO:0018249 -[is_a]-> GO:0006464
GO:0018250 -[is_a]-> GO:0018194
GO:0018250 -[is_a]-> GO:0018209
GO:0018250 -[is_a]-> GO:0018212
GO:0018250 -[is_a]-> GO:0018249
GO:0018250 -[is_a]-> GO:0044249
GO:0018251 -[is_a]-> GO:0018212
GO:0018251 -[is_a]-> GO:0018249
GO:0018252 -[is_a]-> GO:0018209
GO:0018252 -[is_a]-> GO:0018253
GO:0018252 -[is_a]-> GO:0018298
GO:0018253 -[is_a]-> GO:0018149
GO:0018253 -[is_a]-> GO:0018201
GO:0018254 -[is_a]-> GO:0018117
GO:0018254 -[is_a]-> GO:0018212
GO:0018255 -[is_a]-> GO:0018149
GO:0018255 -[is_a]-> GO:0018198
GO:0018255 -[is_a]-> GO:0018201
GO:0018256 -[is_a]-> GO:0043543
GO:0018257 -[is_a]-> GO:0018205
GO:0018257 -[is_a]-> GO:0018256
GO:0018258 -[is_a]-> GO:0006493
GO:0018258 -[is_a]-> GO:0018208
GO:0018259 -[is_a]-> GO:0018144
GO:0018259 -[is_a]-> GO:0018209
GO:0018260 -[is_a]-> GO:0018175
GO:0018261 -[is_a]-> GO:0018205
GO:0018261 -[is_a]-> GO:0018260
GO:0018262 -[is_a]-> GO:0018149
GO:0018263 -[is_a]-> GO:0018196
GO:0018263 -[is_a]-> GO:0018198
GO:0018263 -[is_a]-> GO:0018262
GO:0018264 -[is_a]-> GO:0018196
GO:0018264 -[is_a]-> GO:0018201
GO:0018264 -[is_a]-> GO:0018262
GO:0018265 -[is_a]-> GO:0006506
GO:0018265 -[is_a]-> GO:0018196
GO:0018266 -[is_a]-> GO:0006506
GO:0018266 -[is_a]-> GO:0018197
GO:0018267 -[is_a]-> GO:0006506
GO:0018267 -[is_a]-> GO:0018198
GO:0018268 -[is_a]-> GO:0006506
GO:0018268 -[is_a]-> GO:0018201
GO:0018269 -[is_a]-> GO:0006506
GO:0018269 -[is_a]-> GO:0018209
GO:0018270 -[is_a]-> GO:0006506
GO:0018270 -[is_a]-> GO:0018194
GO:0018271 -[is_a]-> GO:0016879
GO:0018272 -[is_a]-> GO:0018205
GO:0018272 -[is_a]-> GO:0018352
GO:0018273 -[is_a]-> GO:0018205
GO:0018273 -[is_a]-> GO:0018298
GO:0018274 -[is_a]-> GO:0018149
GO:0018274 -[is_a]-> GO:0018205
GO:0018274 -[is_a]-> GO:0018209
GO:0018275 -[is_a]-> GO:0006474
GO:0018275 -[is_a]-> GO:0018533
GO:0018276 -[is_a]-> GO:0018201
GO:0018276 -[is_a]-> GO:0018205
GO:0018276 -[is_a]-> GO:0018262
GO:0018276 -[part_of]-> GO:0016567
GO:0018277 -[is_a]-> GO:0006464
GO:0018278 -[is_a]-> GO:0018058
GO:0018278 -[is_a]-> GO:0018210
GO:0018279 -[is_a]-> GO:0006487
GO:0018279 -[is_a]-> GO:0018196
GO:0018280 -[is_a]-> GO:0006486
GO:0018281 -[is_a]-> GO:0018209
GO:0018281 -[is_a]-> GO:0042082
GO:0018282 -[is_a]-> GO:0006464
GO:0018282 -[part_of]-> GO:0031163
GO:0018283 -[is_a]-> GO:0016226
GO:0018283 -[is_a]-> GO:0018282
GO:0018284 -[is_a]-> GO:0018198
GO:0018284 -[is_a]-> GO:0018283
GO:0018285 -[is_a]-> GO:0018198
GO:0018285 -[is_a]-> GO:0018283
GO:0018287 -[is_a]-> GO:0018198
GO:0018287 -[is_a]-> GO:0018283
GO:0018288 -[is_a]-> GO:0018198
GO:0018288 -[is_a]-> GO:0018283
GO:0018289 -[is_a]-> GO:0018282
GO:0018290 -[is_a]-> GO:0018198
GO:0018290 -[is_a]-> GO:0018283
GO:0018290 -[is_a]-> GO:0018291
GO:0018291 -[is_a]-> GO:0016226
GO:0018291 -[is_a]-> GO:0018289
GO:0018292 -[is_a]-> GO:0018198
GO:0018292 -[is_a]-> GO:0018315
GO:0018293 -[is_a]-> GO:0018065
GO:0018294 -[is_a]-> GO:0018198
GO:0018294 -[is_a]-> GO:0018293
GO:0018295 -[is_a]-> GO:0018202
GO:0018295 -[is_a]-> GO:0018293
GO:0018296 -[is_a]-> GO:0018212
GO:0018296 -[is_a]-> GO:0018293
GO:0018297 -[is_a]-> GO:0018202
GO:0018297 -[is_a]-> GO:0018293
GO:0018298 -[is_a]-> GO:0006464
GO:0018299 -[is_a]-> GO:0018198
GO:0018299 -[is_a]-> GO:0018202
GO:0018299 -[is_a]-> GO:0018283
GO:0018301 -[is_a]-> GO:0018198
GO:0018301 -[is_a]-> GO:0018200
GO:0018301 -[is_a]-> GO:0018202
GO:0018301 -[is_a]-> GO:0018283
GO:0018302 -[is_a]-> GO:0018198
GO:0018302 -[is_a]-> GO:0018202
GO:0018302 -[is_a]-> GO:0018283
GO:0018303 -[is_a]-> GO:0018198
GO:0018303 -[is_a]-> GO:0018202
GO:0018303 -[is_a]-> GO:0018283
GO:0018304 -[is_a]-> GO:0018197
GO:0018304 -[is_a]-> GO:0018198
GO:0018304 -[is_a]-> GO:0018283
GO:0018305 -[is_a]-> GO:0018198
GO:0018305 -[is_a]-> GO:0018209
GO:0018305 -[is_a]-> GO:0018283
GO:0018306 -[is_a]-> GO:0018198
GO:0018306 -[is_a]-> GO:0018202
GO:0018306 -[is_a]-> GO:0018209
GO:0018306 -[is_a]-> GO:0018283
GO:0018307 -[is_a]-> GO:0006464
GO:0018309 -[is_a]-> GO:0018065
GO:0018310 -[is_a]-> GO:0018198
GO:0018310 -[is_a]-> GO:0018309
GO:0018311 -[is_a]-> GO:0018196
GO:0018312 -[is_a]-> GO:0006471
GO:0018312 -[is_a]-> GO:0018209
GO:0018313 -[is_a]-> GO:0018194
GO:0018313 -[is_a]-> GO:0018253
GO:0018315 -[is_a]-> GO:0042040
GO:0018315 -[has_part]-> GO:0061599
GO:0018316 -[is_a]-> GO:0018149
GO:0018316 -[is_a]-> GO:0018198
GO:0018317 -[is_a]-> GO:0018103
GO:0018317 -[is_a]-> GO:0018211
GO:0018320 -[is_a]-> GO:0018125
GO:0018320 -[is_a]-> GO:0018307
GO:0018321 -[is_a]-> GO:0006486
GO:0018321 -[is_a]-> GO:1901135
GO:0018322 -[is_a]-> GO:0006464
GO:0018323 -[is_a]-> GO:0018171
GO:0018323 -[is_a]-> GO:0018307
GO:0018324 -[is_a]-> GO:0018171
GO:0018324 -[is_a]-> GO:0018307
GO:0018325 -[is_a]-> GO:0018218
GO:0018325 -[is_a]-> GO:0018307
GO:0018326 -[is_a]-> GO:0018219
GO:0018326 -[is_a]-> GO:0018307
GO:0018327 -[is_a]-> GO:0018106
GO:0018327 -[is_a]-> GO:0018307
GO:0018328 -[is_a]-> GO:0018106
GO:0018328 -[is_a]-> GO:0018307
GO:0018329 -[is_a]-> GO:0018116
GO:0018329 -[is_a]-> GO:0018307
GO:0018330 -[is_a]-> GO:0018261
GO:0018330 -[is_a]-> GO:0018307
GO:0018331 -[is_a]-> GO:0018105
GO:0018331 -[is_a]-> GO:0018307
GO:0018332 -[is_a]-> GO:0018178
GO:0018332 -[is_a]-> GO:0018307
GO:0018333 -[is_a]-> GO:0018107
GO:0018333 -[is_a]-> GO:0018307
GO:0018334 -[is_a]-> GO:0018108
GO:0018334 -[is_a]-> GO:0018307
GO:0018335 -[is_a]-> GO:0043543
GO:0018336 -[is_a]-> GO:0018126
GO:0018339 -[is_a]-> GO:0018197
GO:0018339 -[is_a]-> GO:0018198
GO:0018340 -[is_a]-> GO:0018209
GO:0018341 -[is_a]-> GO:0018205
GO:0018342 -[is_a]-> GO:0006464
GO:0018342 -[is_a]-> GO:0097354
GO:0018343 -[is_a]-> GO:0018342
GO:0018344 -[is_a]-> GO:0018342
GO:0018345 -[is_a]-> GO:0006497
GO:0018345 -[is_a]-> GO:0043543
GO:0018350 -[is_a]-> GO:0006464
GO:0018351 -[is_a]-> GO:0018198
GO:0018351 -[is_a]-> GO:0018350
GO:0018352 -[is_a]-> GO:0018065
GO:0018353 -[is_a]-> GO:0017009
GO:0018353 -[is_a]-> GO:0018198
GO:0018355 -[is_a]-> GO:0018247
GO:0018356 -[is_a]-> GO:0017008
GO:0018357 -[is_a]-> GO:0017010
GO:0018357 -[is_a]-> GO:0018198
GO:0018358 -[is_a]-> GO:0017012
GO:0018358 -[is_a]-> GO:0018198
GO:0018359 -[is_a]-> GO:0018174
GO:0018359 -[is_a]-> GO:0018198
GO:0018359 -[is_a]-> GO:0018212
GO:0018360 -[is_a]-> GO:0018174
GO:0018360 -[is_a]-> GO:0018198
GO:0018360 -[is_a]-> GO:0018205
GO:0018361 -[is_a]-> GO:0018364
GO:0018362 -[is_a]-> GO:0018186
GO:0018362 -[is_a]-> GO:0018200
GO:0018363 -[is_a]-> GO:0018186
GO:0018363 -[is_a]-> GO:0018200
GO:0018363 -[is_a]-> GO:0018206
GO:0018364 -[is_a]-> GO:0006479
GO:0018365 -[is_a]-> GO:0016855
GO:0018366 -[is_a]-> GO:0006520
GO:0018376 -[is_a]-> GO:0042265
GO:0018377 -[is_a]-> GO:0006497
GO:0018377 -[is_a]-> GO:0043543
GO:0018378 -[is_a]-> GO:0018063
GO:0018378 -[is_a]-> GO:0018198
GO:0018379 -[is_a]-> GO:0018063
GO:0018379 -[is_a]-> GO:0018198
GO:0018386 -[is_a]-> GO:0031365
GO:0018387 -[is_a]-> GO:0018058
GO:0018388 -[is_a]-> GO:0018213
GO:0018388 -[is_a]-> GO:0031365
GO:0018389 -[is_a]-> GO:0018058
GO:0018390 -[is_a]-> GO:0018199
GO:0018390 -[is_a]-> GO:0018442
GO:0018391 -[is_a]-> GO:0018166
GO:0018391 -[is_a]-> GO:0018200
GO:0018392 -[is_a]-> GO:0046920
GO:0018393 -[is_a]-> GO:0006475
GO:0018393 -[is_a]-> GO:0018394
GO:0018394 -[is_a]-> GO:0006473
GO:0018394 -[is_a]-> GO:0018205
GO:0018395 -[is_a]-> GO:0017185
GO:0018396 -[is_a]-> GO:0006575
GO:0018396 -[is_a]-> GO:0017185
GO:0018396 -[is_a]-> GO:1901605
GO:0018397 -[is_a]-> GO:0006082
GO:0018397 -[is_a]-> GO:0006575
GO:0018397 -[is_a]-> GO:0018075
GO:0018398 -[is_a]-> GO:0006082
GO:0018398 -[is_a]-> GO:0006575
GO:0018398 -[is_a]-> GO:0018075
GO:0018399 -[is_a]-> GO:0006082
GO:0018399 -[is_a]-> GO:0006575
GO:0018399 -[is_a]-> GO:0018075
GO:0018400 -[is_a]-> GO:0006575
GO:0018400 -[is_a]-> GO:0019511
GO:0018400 -[is_a]-> GO:1901605
GO:0018401 -[is_a]-> GO:0019471
GO:0018401 -[is_a]-> GO:0019511
GO:0018402 -[is_a]-> GO:0018209
GO:0018402 -[is_a]-> GO:0030204
GO:0018403 -[is_a]-> GO:0018209
GO:0018404 -[is_a]-> GO:0018209
GO:0018405 -[is_a]-> GO:0018210
GO:0018406 -[is_a]-> GO:0018317
GO:0018406 -[is_a]-> GO:0035268
GO:0018407 -[is_a]-> GO:0018078
GO:0018408 -[is_a]-> GO:0018078
GO:0018410 -[is_a]-> GO:0043687
GO:0018411 -[is_a]-> GO:0006464
GO:0018412 -[is_a]-> GO:0018411
GO:0018413 -[is_a]-> GO:0018209
GO:0018413 -[is_a]-> GO:0018412
GO:0018414 -[is_a]-> GO:0018282
GO:0018415 -[is_a]-> GO:0018198
GO:0018415 -[is_a]-> GO:0018200
GO:0018415 -[is_a]-> GO:0018202
GO:0018415 -[is_a]-> GO:0018283
GO:0018416 -[is_a]-> GO:0016226
GO:0018416 -[is_a]-> GO:0018198
GO:0018416 -[is_a]-> GO:0018200
GO:0018416 -[is_a]-> GO:0018202
GO:0018416 -[is_a]-> GO:0018414
GO:0018417 -[is_a]-> GO:0018198
GO:0018417 -[is_a]-> GO:0018200
GO:0018417 -[is_a]-> GO:0018202
GO:0018417 -[is_a]-> GO:0018209
GO:0018417 -[is_a]-> GO:0018283
GO:0018418 -[is_a]-> GO:0016226
GO:0018418 -[is_a]-> GO:0018198
GO:0018418 -[is_a]-> GO:0018200
GO:0018418 -[is_a]-> GO:0018202
GO:0018418 -[is_a]-> GO:0018414
GO:0018419 -[is_a]-> GO:0043623
GO:0018420 -[is_a]-> GO:0018149
GO:0018420 -[is_a]-> GO:0018196
GO:0018420 -[is_a]-> GO:0018205
GO:0018421 -[is_a]-> GO:0016780
GO:0018422 -[is_a]-> GO:0016780
GO:0018423 -[is_a]-> GO:0003880
GO:0018423 -[is_a]-> GO:0008757
GO:0018424 -[is_a]-> GO:0006471
GO:0018424 -[is_a]-> GO:0018200
GO:0018425 -[is_a]-> GO:0006575
GO:0018425 -[is_a]-> GO:0006796
GO:0018425 -[is_a]-> GO:0042077
GO:0018425 -[is_a]-> GO:0042398
GO:0018425 -[is_a]-> GO:0044711
GO:0018425 -[is_a]-> GO:0046349
GO:0018425 -[is_a]-> GO:0090407
GO:0018426 -[is_a]-> GO:0042077
GO:0018427 -[is_a]-> GO:0018282
GO:0018428 -[is_a]-> GO:0018427
GO:0018429 -[is_a]-> GO:0018202
GO:0018429 -[is_a]-> GO:0018428
GO:0018439 -[is_a]-> GO:0006481
GO:0018439 -[is_a]-> GO:0018203
GO:0018439 -[is_a]-> GO:0018350
GO:0018441 -[is_a]-> GO:0018209
GO:0018441 -[is_a]-> GO:0018283
GO:0018441 -[is_a]-> GO:0018418
GO:0018442 -[is_a]-> GO:0018200
GO:0018442 -[is_a]-> GO:0018350
GO:0018443 -[is_a]-> GO:0018217
GO:0018443 -[is_a]-> GO:0018307
GO:0018444 -[is_a]-> GO:0043234
GO:0018444 -[is_a]-> GO:0044444
GO:0018445 -[is_a]-> GO:0005184
GO:0018446 -[is_a]-> GO:0016614
GO:0018447 -[is_a]-> GO:0016614
GO:0018448 -[is_a]-> GO:0016614
GO:0018449 -[is_a]-> GO:0016614
GO:0018450 -[is_a]-> GO:0016614
GO:0018451 -[is_a]-> GO:0016616
GO:0018452 -[is_a]-> GO:0016616
GO:0018453 -[is_a]-> GO:0016616
GO:0018454 -[is_a]-> GO:0016616
GO:0018455 -[is_a]-> GO:0016616
GO:0018456 -[is_a]-> GO:0016616
GO:0018457 -[is_a]-> GO:0016616
GO:0018458 -[is_a]-> GO:0016616
GO:0018459 -[is_a]-> GO:0016616
GO:0018460 -[is_a]-> GO:0016616
GO:0018461 -[is_a]-> GO:0016616
GO:0018462 -[is_a]-> GO:0016616
GO:0018463 -[is_a]-> GO:0016616
GO:0018464 -[is_a]-> GO:0016616
GO:0018465 -[is_a]-> GO:0016899
GO:0018466 -[is_a]-> GO:0016614
GO:0018467 -[is_a]-> GO:0004029
GO:0018468 -[is_a]-> GO:0016614
GO:0018469 -[is_a]-> GO:0016903
GO:0018470 -[is_a]-> GO:0016903
GO:0018471 -[is_a]-> GO:0016709
GO:0018472 -[is_a]-> GO:0016620
GO:0018473 -[is_a]-> GO:0016620
GO:0018474 -[is_a]-> GO:0004029
GO:0018475 -[is_a]-> GO:0016620
GO:0018477 -[is_a]-> GO:0033721
GO:0018478 -[is_a]-> GO:0016620
GO:0018479 -[is_a]-> GO:0004029
GO:0018480 -[is_a]-> GO:0016620
GO:0018481 -[is_a]-> GO:0016620
GO:0018482 -[is_a]-> GO:0016620
GO:0018483 -[is_a]-> GO:0016620
GO:0018484 -[is_a]-> GO:0004029
GO:0018485 -[is_a]-> GO:0004029
GO:0018486 -[is_a]-> GO:0016623
GO:0018487 -[is_a]-> GO:0016623
GO:0018487 -[is_a]-> GO:0032451
GO:0018488 -[is_a]-> GO:0004031
GO:0018489 -[is_a]-> GO:0016709
GO:0018489 -[is_a]-> GO:0032451
GO:0018490 -[is_a]-> GO:0016623
GO:0018491 -[is_a]-> GO:0016620
GO:0018492 -[is_a]-> GO:0016903
GO:0018493 -[is_a]-> GO:0016903
GO:0018494 -[is_a]-> GO:0016627
GO:0018495 -[is_a]-> GO:0016627
GO:0018496 -[is_a]-> GO:0016627
GO:0018497 -[is_a]-> GO:0016627
GO:0018498 -[is_a]-> GO:0016628
GO:0018499 -[is_a]-> GO:0016628
GO:0018500 -[is_a]-> GO:0016628
GO:0018501 -[is_a]-> GO:0016628
GO:0018502 -[is_a]-> GO:0016628
GO:0018503 -[is_a]-> GO:0016628
GO:0018504 -[is_a]-> GO:0016628
GO:0018505 -[is_a]-> GO:0016628
GO:0018506 -[is_a]-> GO:0016628
GO:0018507 -[is_a]-> GO:0016628
GO:0018508 -[is_a]-> GO:0016628
GO:0018509 -[is_a]-> GO:0016628
GO:0018510 -[is_a]-> GO:0016628
GO:0018511 -[is_a]-> GO:0016628
GO:0018513 -[is_a]-> GO:0016628
GO:0018515 -[is_a]-> GO:0016628
GO:0018516 -[is_a]-> GO:0016628
GO:0018517 -[is_a]-> GO:0016628
GO:0018518 -[is_a]-> GO:0016628
GO:0018519 -[is_a]-> GO:0016628
GO:0018520 -[is_a]-> GO:0016628
GO:0018521 -[is_a]-> GO:0016628
GO:0018522 -[is_a]-> GO:0016636
GO:0018523 -[is_a]-> GO:0016627
GO:0018524 -[is_a]-> GO:0016885
GO:0018525 -[is_a]-> GO:0016636
GO:0018526 -[is_a]-> GO:0016638
GO:0018527 -[is_a]-> GO:0016641
GO:0018528 -[is_a]-> GO:0016645
GO:0018529 -[is_a]-> GO:0004497
GO:0018529 -[is_a]-> GO:0016646
GO:0018530 -[is_a]-> GO:0019116
GO:0018531 -[is_a]-> GO:0019116
GO:0018532 -[is_a]-> GO:0016645
GO:0018533 -[is_a]-> GO:0006473
GO:0018533 -[is_a]-> GO:0018198
GO:0018534 -[is_a]-> GO:0016645
GO:0018535 -[is_a]-> GO:0016645
GO:0018537 -[is_a]-> GO:0016645
GO:0018538 -[is_a]-> GO:0016651
GO:0018541 -[is_a]-> GO:0016655
GO:0018542 -[is_a]-> GO:0016702
GO:0018543 -[is_a]-> GO:0016657
GO:0018544 -[is_a]-> GO:0016657
GO:0018545 -[is_a]-> GO:0016657
GO:0018546 -[is_a]-> GO:0016657
GO:0018547 -[is_a]-> GO:0016663
GO:0018548 -[is_a]-> GO:0016661
GO:0018549 -[is_a]-> GO:0016670
GO:0018550 -[is_a]-> GO:0016667
GO:0018551 -[is_a]-> GO:0016667
GO:0018553 -[is_a]-> GO:0016701
GO:0018553 -[is_a]-> GO:0051213
GO:0018554 -[is_a]-> GO:0016701
GO:0018554 -[is_a]-> GO:0051213
GO:0018555 -[is_a]-> GO:0016702
GO:0018556 -[is_a]-> GO:0016702
GO:0018557 -[is_a]-> GO:0019117
GO:0018558 -[is_a]-> GO:0016702
GO:0018559 -[is_a]-> GO:0016702
GO:0018560 -[is_a]-> GO:0016702
GO:0018561 -[is_a]-> GO:0016702
GO:0018562 -[is_a]-> GO:0019117
GO:0018563 -[is_a]-> GO:0016702
GO:0018564 -[is_a]-> GO:0016702
GO:0018565 -[is_a]-> GO:0016702
GO:0018566 -[is_a]-> GO:0016702
GO:0018567 -[is_a]-> GO:0016702
GO:0018568 -[is_a]-> GO:0016702
GO:0018569 -[is_a]-> GO:0016702
GO:0018570 -[is_a]-> GO:0016702
GO:0018571 -[is_a]-> GO:0016702
GO:0018572 -[is_a]-> GO:0016702
GO:0018573 -[is_a]-> GO:0016702
GO:0018574 -[is_a]-> GO:0016702
GO:0018575 -[is_a]-> GO:0016702
GO:0018576 -[is_a]-> GO:0019114
GO:0018577 -[is_a]-> GO:0019114
GO:0018578 -[is_a]-> GO:0016702
GO:0018579 -[is_a]-> GO:0016702
GO:0018580 -[is_a]-> GO:0016703
GO:0018581 -[is_a]-> GO:0016702
GO:0018582 -[is_a]-> GO:0016702
GO:0018583 -[is_a]-> GO:0016702
GO:0018584 -[is_a]-> GO:0016701
GO:0018585 -[is_a]-> GO:0016705
GO:0018586 -[is_a]-> GO:0016705
GO:0018588 -[is_a]-> GO:0016705
GO:0018589 -[is_a]-> GO:0016705
GO:0018590 -[is_a]-> GO:0016705
GO:0018591 -[is_a]-> GO:0004497
GO:0018591 -[is_a]-> GO:0016705
GO:0018592 -[is_a]-> GO:0004497
GO:0018592 -[is_a]-> GO:0016705
GO:0018593 -[is_a]-> GO:0004497
GO:0018593 -[is_a]-> GO:0016705
GO:0018594 -[is_a]-> GO:0004497
GO:0018594 -[is_a]-> GO:0016705
GO:0018595 -[is_a]-> GO:0004497
GO:0018595 -[is_a]-> GO:0016705
GO:0018596 -[is_a]-> GO:0016705
GO:0018597 -[is_a]-> GO:0004497
GO:0018597 -[is_a]-> GO:0016705
GO:0018598 -[is_a]-> GO:0016705
GO:0018599 -[is_a]-> GO:0004497
GO:0018599 -[is_a]-> GO:0016705
GO:0018600 -[is_a]-> GO:0016705
GO:0018601 -[is_a]-> GO:0016709
GO:0018602 -[is_a]-> GO:0016706
GO:0018603 -[is_a]-> GO:0016708
GO:0018604 -[is_a]-> GO:0016708
GO:0018606 -[is_a]-> GO:0016708
GO:0018607 -[is_a]-> GO:0016708
GO:0018608 -[is_a]-> GO:0016708
GO:0018609 -[is_a]-> GO:0016708
GO:0018610 -[is_a]-> GO:0016708
GO:0018611 -[is_a]-> GO:0016708
GO:0018612 -[is_a]-> GO:0016708
GO:0018613 -[is_a]-> GO:0016708
GO:0018614 -[is_a]-> GO:0016708
GO:0018615 -[is_a]-> GO:0016708
GO:0018616 -[is_a]-> GO:0016708
GO:0018617 -[is_a]-> GO:0016708
GO:0018618 -[is_a]-> GO:0016708
GO:0018619 -[is_a]-> GO:0016708
GO:0018620 -[is_a]-> GO:0016708
GO:0018621 -[is_a]-> GO:0016708
GO:0018622 -[is_a]-> GO:0016708
GO:0018623 -[is_a]-> GO:0016708
GO:0018624 -[is_a]-> GO:0016708
GO:0018625 -[is_a]-> GO:0016708
GO:0018626 -[is_a]-> GO:0016708
GO:0018627 -[is_a]-> GO:0016708
GO:0018628 -[is_a]-> GO:0016708
GO:0018629 -[is_a]-> GO:0016708
GO:0018630 -[is_a]-> GO:0016709
GO:0018631 -[is_a]-> GO:0016709
GO:0018632 -[is_a]-> GO:0016709
GO:0018633 -[is_a]-> GO:0016709
GO:0018634 -[is_a]-> GO:0016709
GO:0018635 -[is_a]-> GO:0019113
GO:0018636 -[is_a]-> GO:0016709
GO:0018637 -[is_a]-> GO:0016709
GO:0018638 -[is_a]-> GO:0016709
GO:0018639 -[is_a]-> GO:0016709
GO:0018640 -[is_a]-> GO:0016709
GO:0018641 -[is_a]-> GO:0016709
GO:0018642 -[is_a]-> GO:0016709
GO:0018643 -[is_a]-> GO:0016709
GO:0018644 -[is_a]-> GO:0016709
GO:0018645 -[is_a]-> GO:0016709
GO:0018646 -[is_a]-> GO:0016709
GO:0018647 -[is_a]-> GO:0016709
GO:0018648 -[is_a]-> GO:0016709
GO:0018649 -[is_a]-> GO:0016709
GO:0018650 -[is_a]-> GO:0016709
GO:0018651 -[is_a]-> GO:0016709
GO:0018652 -[is_a]-> GO:0016709
GO:0018653 -[is_a]-> GO:0016709
GO:0018654 -[is_a]-> GO:0016709
GO:0018655 -[is_a]-> GO:0016709
GO:0018656 -[is_a]-> GO:0016709
GO:0018657 -[is_a]-> GO:0016709
GO:0018658 -[is_a]-> GO:0016709
GO:0018659 -[is_a]-> GO:0016709
GO:0018660 -[is_a]-> GO:0016709
GO:0018661 -[is_a]-> GO:0016709
GO:0018662 -[is_a]-> GO:0016709
GO:0018663 -[is_a]-> GO:0016709
GO:0018664 -[is_a]-> GO:0016709
GO:0018665 -[is_a]-> GO:0016709
GO:0018666 -[is_a]-> GO:0016709
GO:0018667 -[is_a]-> GO:0016709
GO:0018668 -[is_a]-> GO:0016709
GO:0018669 -[is_a]-> GO:0016709
GO:0018670 -[is_a]-> GO:0016709
GO:0018671 -[is_a]-> GO:0016709
GO:0018672 -[is_a]-> GO:0016709
GO:0018673 -[is_a]-> GO:0016709
GO:0018674 -[is_a]-> GO:0019113
GO:0018675 -[is_a]-> GO:0019113
GO:0018676 -[is_a]-> GO:0019113
GO:0018677 -[is_a]-> GO:0016709
GO:0018678 -[is_a]-> GO:0016709
GO:0018679 -[is_a]-> GO:0004497
GO:0018679 -[is_a]-> GO:0016705
GO:0018680 -[is_a]-> GO:0016713
GO:0018681 -[is_a]-> GO:0016713
GO:0018682 -[is_a]-> GO:0016713
GO:0018683 -[is_a]-> GO:0016713
GO:0018684 -[is_a]-> GO:0016713
GO:0018685 -[is_a]-> GO:0016713
GO:0018686 -[is_a]-> GO:0016716
GO:0018687 -[is_a]-> GO:0016708
GO:0018688 -[is_a]-> GO:0016705
GO:0018688 -[is_a]-> GO:0051213
GO:0018689 -[is_a]-> GO:0016705
GO:0018690 -[is_a]-> GO:0004497
GO:0018690 -[is_a]-> GO:0016705
GO:0018693 -[is_a]-> GO:0016725
GO:0018694 -[is_a]-> GO:0016725
GO:0018695 -[is_a]-> GO:0016725
GO:0018697 -[is_a]-> GO:0016732
GO:0018698 -[is_a]-> GO:0016491
GO:0018699 -[is_a]-> GO:0016491
GO:0018700 -[is_a]-> GO:0016491
GO:0018701 -[is_a]-> GO:0016491
GO:0018702 -[is_a]-> GO:0016491
GO:0018703 -[is_a]-> GO:0016491
GO:0018705 -[is_a]-> GO:0016491
GO:0018706 -[is_a]-> GO:0016491
GO:0018707 -[is_a]-> GO:0008168
GO:0018708 -[is_a]-> GO:0008172
GO:0018708 -[is_a]-> GO:0008757
GO:0018710 -[is_a]-> GO:0016885
GO:0018711 -[is_a]-> GO:0016747
GO:0018712 -[is_a]-> GO:0016747
GO:0018713 -[is_a]-> GO:0016747
GO:0018715 -[is_a]-> GO:0015020
GO:0018716 -[is_a]-> GO:0019112
GO:0018717 -[is_a]-> GO:0019112
GO:0018718 -[is_a]-> GO:0035251
GO:0018719 -[is_a]-> GO:0008483
GO:0018720 -[is_a]-> GO:0016301
GO:0018720 -[is_a]-> GO:0016773
GO:0018721 -[is_a]-> GO:0008146
GO:0018722 -[is_a]-> GO:0019111
GO:0018723 -[is_a]-> GO:0019111
GO:0018724 -[is_a]-> GO:0019111
GO:0018725 -[is_a]-> GO:0008146
GO:0018726 -[is_a]-> GO:0019111
GO:0018727 -[is_a]-> GO:0019111
GO:0018729 -[is_a]-> GO:0008410
GO:0018730 -[is_a]-> GO:0008410
GO:0018731 -[is_a]-> GO:0052689
GO:0018732 -[is_a]-> GO:0052689
GO:0018733 -[is_a]-> GO:0052689
GO:0018734 -[is_a]-> GO:0052689
GO:0018736 -[is_a]-> GO:0016823
GO:0018737 -[is_a]-> GO:0016823
GO:0018738 -[is_a]-> GO:0016790
GO:0018739 -[is_a]-> GO:0016289
GO:0018740 -[is_a]-> GO:0046508
GO:0018741 -[is_a]-> GO:0008484
GO:0018742 -[is_a]-> GO:0004301
GO:0018743 -[is_a]-> GO:0019119
GO:0018744 -[is_a]-> GO:0004301
GO:0018745 -[is_a]-> GO:0004301
GO:0018746 -[is_a]-> GO:0019118
GO:0018747 -[is_a]-> GO:0019118
GO:0018748 -[is_a]-> GO:0016811
GO:0018749 -[is_a]-> GO:0016811
GO:0018750 -[is_a]-> GO:0016811
GO:0018751 -[is_a]-> GO:0016812
GO:0018752 -[is_a]-> GO:0016812
GO:0018753 -[is_a]-> GO:0016812
GO:0018754 -[is_a]-> GO:0016813
GO:0018755 -[is_a]-> GO:0016813
GO:0018756 -[is_a]-> GO:0016813
GO:0018757 -[is_a]-> GO:0016813
GO:0018758 -[is_a]-> GO:0016813
GO:0018759 -[is_a]-> GO:0019238
GO:0018760 -[is_a]-> GO:0016815
GO:0018761 -[is_a]-> GO:0000257
GO:0018762 -[is_a]-> GO:0000257
GO:0018763 -[is_a]-> GO:0016810
GO:0018764 -[is_a]-> GO:0016810
GO:0018765 -[is_a]-> GO:0016823
GO:0018766 -[is_a]-> GO:0016823
GO:0018767 -[is_a]-> GO:0016823
GO:0018768 -[is_a]-> GO:0016823
GO:0018769 -[is_a]-> GO:0016823
GO:0018770 -[is_a]-> GO:0016823
GO:0018771 -[is_a]-> GO:0016823
GO:0018772 -[is_a]-> GO:0016823
GO:0018773 -[is_a]-> GO:0016823
GO:0018774 -[is_a]-> GO:0016823
GO:0018775 -[is_a]-> GO:0016823
GO:0018776 -[is_a]-> GO:0019120
GO:0018777 -[is_a]-> GO:0019120
GO:0018778 -[is_a]-> GO:0019120
GO:0018780 -[is_a]-> GO:0019120
GO:0018781 -[is_a]-> GO:0019120
GO:0018782 -[is_a]-> GO:0019120
GO:0018783 -[is_a]-> GO:0019120
GO:0018784 -[is_a]-> GO:0019120
GO:0018785 -[is_a]-> GO:0019120
GO:0018786 -[is_a]-> GO:0019120
GO:0018787 -[is_a]-> GO:0019120
GO:0018788 -[is_a]-> GO:0019120
GO:0018789 -[is_a]-> GO:0016826
GO:0018791 -[is_a]-> GO:0016831
GO:0018792 -[is_a]-> GO:0016831
GO:0018793 -[is_a]-> GO:0016831
GO:0018794 -[is_a]-> GO:0016831
GO:0018795 -[is_a]-> GO:0016831
GO:0018796 -[is_a]-> GO:0016831
GO:0018798 -[is_a]-> GO:0016831
GO:0018799 -[is_a]-> GO:0016831
GO:0018800 -[is_a]-> GO:0016831
GO:0018801 -[is_a]-> GO:0016831
GO:0018802 -[is_a]-> GO:0016831
GO:0018803 -[is_a]-> GO:0016831
GO:0018805 -[is_a]-> GO:0016830
GO:0018807 -[is_a]-> GO:0016836
GO:0018808 -[is_a]-> GO:0016836
GO:0018809 -[is_a]-> GO:0016836
GO:0018810 -[is_a]-> GO:0016836
GO:0018811 -[is_a]-> GO:0016836
GO:0018812 -[is_a]-> GO:0016836
GO:0018813 -[is_a]-> GO:0016836
GO:0018814 -[is_a]-> GO:0016881
GO:0018815 -[is_a]-> GO:0016836
GO:0018816 -[is_a]-> GO:0016836
GO:0018817 -[is_a]-> GO:0016836
GO:0018818 -[is_a]-> GO:0016836
GO:0018819 -[is_a]-> GO:0016836
GO:0018820 -[is_a]-> GO:0016836
GO:0018822 -[is_a]-> GO:0016836
GO:0018823 -[is_a]-> GO:0016836
GO:0018824 -[is_a]-> GO:0050486
GO:0018825 -[is_a]-> GO:0016843
GO:0018826 -[is_a]-> GO:0016846
GO:0018827 -[is_a]-> GO:0016848
GO:0018828 -[is_a]-> GO:0019181
GO:0018829 -[is_a]-> GO:0016848
GO:0018830 -[is_a]-> GO:0016848
GO:0018831 -[is_a]-> GO:0016848
GO:0018832 -[is_a]-> GO:0019181
GO:0018833 -[is_a]-> GO:0016848
GO:0018834 -[is_a]-> GO:0016848
GO:0018835 -[is_a]-> GO:0016829
GO:0018836 -[is_a]-> GO:0016829
GO:0018837 -[is_a]-> GO:0016856
GO:0018838 -[is_a]-> GO:0016856
GO:0018839 -[is_a]-> GO:0016859
GO:0018842 -[is_a]-> GO:0016863
GO:0018844 -[is_a]-> GO:0016860
GO:0018845 -[is_a]-> GO:0016860
GO:0018846 -[is_a]-> GO:0016860
GO:0018847 -[is_a]-> GO:0016872
GO:0018848 -[is_a]-> GO:0016872
GO:0018849 -[is_a]-> GO:0016872
GO:0018850 -[is_a]-> GO:0016872
GO:0018851 -[is_a]-> GO:0016872
GO:0018852 -[is_a]-> GO:0016872
GO:0018854 -[is_a]-> GO:0016405
GO:0018854 -[is_a]-> GO:0016878
GO:0018855 -[is_a]-> GO:0016405
GO:0018855 -[is_a]-> GO:0016878
GO:0018856 -[is_a]-> GO:0016405
GO:0018856 -[is_a]-> GO:0016878
GO:0018857 -[is_a]-> GO:0016405
GO:0018857 -[is_a]-> GO:0016878
GO:0018858 -[is_a]-> GO:0016405
GO:0018858 -[is_a]-> GO:0016878
GO:0018859 -[is_a]-> GO:0016405
GO:0018859 -[is_a]-> GO:0016878
GO:0018860 -[is_a]-> GO:0016405
GO:0018860 -[is_a]-> GO:0016878
GO:0018861 -[is_a]-> GO:0016405
GO:0018861 -[is_a]-> GO:0016878
GO:0018862 -[is_a]-> GO:0016885
GO:0018863 -[is_a]-> GO:0019119
GO:0018864 -[is_a]-> GO:0006805
GO:0018864 -[is_a]-> GO:0043452
GO:0018865 -[is_a]-> GO:0006805
GO:0018865 -[is_a]-> GO:0034641
GO:0018865 -[is_a]-> GO:0050898
GO:0018866 -[is_a]-> GO:0006805
GO:0018866 -[is_a]-> GO:0042180
GO:0018866 -[is_a]-> GO:1901360
GO:0018867 -[is_a]-> GO:0033073
GO:0018868 -[is_a]-> GO:0006082
GO:0018868 -[is_a]-> GO:0009308
GO:0018868 -[is_a]-> GO:0042537
GO:0018870 -[is_a]-> GO:0018875
GO:0018870 -[is_a]-> GO:0043420
GO:0018871 -[is_a]-> GO:0006520
GO:0018872 -[is_a]-> GO:0006082
GO:0018872 -[is_a]-> GO:0006805
GO:0018873 -[is_a]-> GO:0018965
GO:0018874 -[is_a]-> GO:0032787
GO:0018875 -[is_a]-> GO:0018874
GO:0018876 -[is_a]-> GO:0034641
GO:0018876 -[is_a]-> GO:0042537
GO:0018876 -[is_a]-> GO:0050898
GO:0018877 -[is_a]-> GO:0019497
GO:0018878 -[is_a]-> GO:0018877
GO:0018879 -[is_a]-> GO:0042537
GO:0018880 -[is_a]-> GO:0042196
GO:0018880 -[is_a]-> GO:0042537
GO:0018881 -[is_a]-> GO:0018958
GO:0018881 -[is_a]-> GO:0042537
GO:0018881 -[is_a]-> GO:0050898
GO:0018882 -[is_a]-> GO:0016098
GO:0018882 -[is_a]-> GO:0042180
GO:0018883 -[is_a]-> GO:0006805
GO:0018883 -[is_a]-> GO:0072338
GO:0018883 -[is_a]-> GO:1901360
GO:0018883 -[is_a]-> GO:1901564
GO:0018884 -[is_a]-> GO:0006725
GO:0018884 -[is_a]-> GO:0046483
GO:0018884 -[is_a]-> GO:1901360
GO:0018884 -[is_a]-> GO:1901564
GO:0018885 -[is_a]-> GO:0042196
GO:0018886 -[is_a]-> GO:0018885
GO:0018887 -[is_a]-> GO:0006082
GO:0018887 -[is_a]-> GO:0006790
GO:0018887 -[is_a]-> GO:0006807
GO:0018887 -[is_a]-> GO:0042537
GO:0018888 -[is_a]-> GO:0032787
GO:0018889 -[is_a]-> GO:0042537
GO:0018889 -[is_a]-> GO:0043603
GO:0018889 -[is_a]-> GO:1901564
GO:0018890 -[is_a]-> GO:0006805
GO:0018890 -[is_a]-> GO:0050898
GO:0018891 -[is_a]-> GO:0006805
GO:0018891 -[is_a]-> GO:0044763
GO:0018891 -[is_a]-> GO:1902652
GO:0018892 -[is_a]-> GO:0006790
GO:0018892 -[is_a]-> GO:0006805
GO:0018892 -[is_a]-> GO:0043436
GO:0018893 -[is_a]-> GO:0006725
GO:0018893 -[is_a]-> GO:0044281
GO:0018893 -[is_a]-> GO:0044763
GO:0018893 -[is_a]-> GO:0046483
GO:0018893 -[is_a]-> GO:1901360
GO:0018894 -[is_a]-> GO:0006725
GO:0018894 -[is_a]-> GO:0044281
GO:0018894 -[is_a]-> GO:0044763
GO:0018894 -[is_a]-> GO:0046483
GO:0018894 -[is_a]-> GO:1901360
GO:0018895 -[is_a]-> GO:0006790
GO:0018895 -[is_a]-> GO:0046483
GO:0018895 -[is_a]-> GO:1901360
GO:0018896 -[is_a]-> GO:0018895
GO:0018896 -[is_a]-> GO:0042178
GO:0018896 -[is_a]-> GO:0044273
GO:0018896 -[is_a]-> GO:0046700
GO:0018896 -[is_a]-> GO:1901361
GO:0018897 -[is_a]-> GO:0018895
GO:0018898 -[is_a]-> GO:0032787
GO:0018899 -[is_a]-> GO:0042196
GO:0018900 -[is_a]-> GO:0042196
GO:0018901 -[is_a]-> GO:0032787
GO:0018902 -[is_a]-> GO:0006805
GO:0018902 -[is_a]-> GO:0044107
GO:0018902 -[is_a]-> GO:1902652
GO:0018903 -[is_a]-> GO:0042196
GO:0018904 -[is_a]-> GO:0044281
GO:0018904 -[is_a]-> GO:0071704
GO:0018905 -[is_a]-> GO:0006805
GO:0018905 -[is_a]-> GO:0018904
GO:0018905 -[is_a]-> GO:0044763
GO:0018906 -[is_a]-> GO:0006805
GO:0018906 -[is_a]-> GO:0018904
GO:0018906 -[is_a]-> GO:0044763
GO:0018907 -[is_a]-> GO:0006790
GO:0018907 -[is_a]-> GO:0044710
GO:0018907 -[is_a]-> GO:0044763
GO:0018907 -[is_a]-> GO:0071704
GO:0018908 -[is_a]-> GO:0006790
GO:0018909 -[is_a]-> GO:0006790
GO:0018909 -[is_a]-> GO:0006805
GO:0018909 -[is_a]-> GO:0043436
GO:0018910 -[is_a]-> GO:0042537
GO:0018911 -[is_a]-> GO:0042537
GO:0018912 -[is_a]-> GO:0042537
GO:0018913 -[is_a]-> GO:0018915
GO:0018914 -[is_a]-> GO:0042537
GO:0018915 -[is_a]-> GO:0042537
GO:0018916 -[is_a]-> GO:0006807
GO:0018916 -[is_a]-> GO:0042537
GO:0018917 -[is_a]-> GO:0006725
GO:0018917 -[is_a]-> GO:1901360
GO:0018918 -[is_a]-> GO:0032787
GO:0018919 -[is_a]-> GO:0019497
GO:0018920 -[is_a]-> GO:0006575
GO:0018920 -[is_a]-> GO:0006793
GO:0018921 -[is_a]-> GO:0006066
GO:0018921 -[is_a]-> GO:0018958
GO:0018921 -[is_a]-> GO:0044763
GO:0018922 -[is_a]-> GO:0042537
GO:0018922 -[is_a]-> GO:0043603
GO:0018922 -[is_a]-> GO:0052803
GO:0018923 -[is_a]-> GO:0043692
GO:0018924 -[is_a]-> GO:0032787
GO:0018925 -[is_a]-> GO:0042212
GO:0018926 -[is_a]-> GO:0006082
GO:0018926 -[is_a]-> GO:0006805
GO:0018926 -[is_a]-> GO:0019694
GO:0018928 -[is_a]-> GO:0006805
GO:0018928 -[is_a]-> GO:0042180
GO:0018929 -[is_a]-> GO:0042197
GO:0018930 -[is_a]-> GO:0006725
GO:0018930 -[is_a]-> GO:0046483
GO:0018930 -[is_a]-> GO:1901360
GO:0018930 -[is_a]-> GO:1901564
GO:0018931 -[is_a]-> GO:0090420
GO:0018933 -[is_a]-> GO:0009820
GO:0018933 -[is_a]-> GO:0072524
GO:0018934 -[is_a]-> GO:0006805
GO:0018934 -[is_a]-> GO:0072350
GO:0018934 -[is_a]-> GO:1901564
GO:0018935 -[is_a]-> GO:0018934
GO:0018936 -[is_a]-> GO:0018934
GO:0018937 -[is_a]-> GO:0006805
GO:0018937 -[is_a]-> GO:0006807
GO:0018937 -[is_a]-> GO:0071704
GO:0018938 -[is_a]-> GO:0006805
GO:0018938 -[is_a]-> GO:0034641
GO:0018939 -[is_a]-> GO:0006805
GO:0018939 -[is_a]-> GO:0043446
GO:0018940 -[is_a]-> GO:0018958
GO:0018940 -[is_a]-> GO:0019748
GO:0018940 -[is_a]-> GO:0044763
GO:0018940 -[is_a]-> GO:0072490
GO:0018941 -[is_a]-> GO:0018942
GO:0018942 -[is_a]-> GO:0044237
GO:0018942 -[is_a]-> GO:0071704
GO:0018943 -[is_a]-> GO:0018942
GO:0018944 -[is_a]-> GO:0018943
GO:0018945 -[is_a]-> GO:0006805
GO:0018945 -[is_a]-> GO:0071704
GO:0018946 -[is_a]-> GO:0018945
GO:0018947 -[is_a]-> GO:0018945
GO:0018948 -[is_a]-> GO:0042537
GO:0018949 -[is_a]-> GO:0018948
GO:0018950 -[is_a]-> GO:0018948
GO:0018951 -[is_a]-> GO:0018948
GO:0018952 -[is_a]-> GO:0006790
GO:0018952 -[is_a]-> GO:0006796
GO:0018952 -[is_a]-> GO:0006807
GO:0018952 -[is_a]-> GO:0019637
GO:0018953 -[is_a]-> GO:0043692
GO:0018953 -[is_a]-> GO:0072490
GO:0018954 -[is_a]-> GO:0006805
GO:0018954 -[is_a]-> GO:0006807
GO:0018954 -[is_a]-> GO:0071704
GO:0018955 -[is_a]-> GO:0006725
GO:0018955 -[is_a]-> GO:1901360
GO:0018956 -[is_a]-> GO:0042216
GO:0018957 -[is_a]-> GO:0042216
GO:0018958 -[is_a]-> GO:0006725
GO:0018958 -[is_a]-> GO:1901360
GO:0018958 -[is_a]-> GO:1901615
GO:0018959 -[is_a]-> GO:0018958
GO:0018960 -[is_a]-> GO:0006807
GO:0018960 -[is_a]-> GO:0018958
GO:0018961 -[is_a]-> GO:0018958
GO:0018961 -[is_a]-> GO:0042537
GO:0018962 -[is_a]-> GO:0032787
GO:0018963 -[is_a]-> GO:0042537
GO:0018963 -[is_a]-> GO:0043648
GO:0018964 -[is_a]-> GO:0006805
GO:0018964 -[is_a]-> GO:0043449
GO:0018965 -[is_a]-> GO:0006725
GO:0018965 -[is_a]-> GO:0006805
GO:0018965 -[is_a]-> GO:0046483
GO:0018965 -[is_a]-> GO:1901360
GO:0018965 -[is_a]-> GO:1901564
GO:0018966 -[is_a]-> GO:0042537
GO:0018966 -[is_a]-> GO:1900673
GO:0018967 -[is_a]-> GO:0042196
GO:0018968 -[is_a]-> GO:0006805
GO:0018968 -[is_a]-> GO:0097176
GO:0018969 -[is_a]-> GO:0006082
GO:0018969 -[is_a]-> GO:0006790
GO:0018969 -[is_a]-> GO:0006805
GO:0018970 -[is_a]-> GO:0072490
GO:0018971 -[is_a]-> GO:0018970
GO:0018972 -[is_a]-> GO:0006082
GO:0018973 -[is_a]-> GO:0019326
GO:0018974 -[is_a]-> GO:0018973
GO:0018975 -[is_a]-> GO:0018974
GO:0018975 -[is_a]-> GO:0072491
GO:0018976 -[is_a]-> GO:0042197
GO:0018977 -[is_a]-> GO:0017143
GO:0018977 -[is_a]-> GO:0042196
GO:0018977 -[is_a]-> GO:0042537
GO:0018978 -[is_a]-> GO:0018977
GO:0018979 -[is_a]-> GO:0042196
GO:0018980 -[is_a]-> GO:0032787
GO:0018981 -[is_a]-> GO:0006805
GO:0018981 -[is_a]-> GO:0019751
GO:0018981 -[is_a]-> GO:0044106
GO:0018981 -[is_a]-> GO:0044107
GO:0018982 -[is_a]-> GO:0006081
GO:0018982 -[is_a]-> GO:0018904
GO:0018982 -[is_a]-> GO:0018958
GO:0018982 -[is_a]-> GO:0042537
GO:0018983 -[is_a]-> GO:0019330
GO:0018984 -[is_a]-> GO:0071704
GO:0018985 -[is_a]-> GO:0006998
GO:0018985 -[is_a]-> GO:0044702
GO:0018985 -[part_of]-> GO:0007338
GO:0018989 -[is_a]-> GO:0022404
GO:0018989 -[part_of]-> GO:0007591
GO:0018990 -[is_a]-> GO:0022404
GO:0018990 -[part_of]-> GO:0007591
GO:0018991 -[is_a]-> GO:0019098
GO:0018992 -[is_a]-> GO:0007530
GO:0018992 -[part_of]-> GO:0007275
GO:0018993 -[is_a]-> GO:0007530
GO:0018993 -[part_of]-> GO:0007275
GO:0018995 -[is_a]-> GO:0044215
GO:0018996 -[is_a]-> GO:0042303
GO:0019001 -[is_a]-> GO:0017076
GO:0019002 -[is_a]-> GO:0032550
GO:0019002 -[is_a]-> GO:0032561
GO:0019003 -[is_a]-> GO:0032550
GO:0019003 -[is_a]-> GO:0032561
GO:0019005 -[is_a]-> GO:0031461
GO:0019008 -[is_a]-> GO:0043234
GO:0019008 -[is_a]-> GO:0044464
GO:0019010 -[is_a]-> GO:0008171
GO:0019010 -[is_a]-> GO:0008757
GO:0019012 -[is_a]-> GO:0005575
GO:0019013 -[is_a]-> GO:0044423
GO:0019013 -[part_of]-> GO:0019028
GO:0019015 -[is_a]-> GO:0044423
GO:0019016 -[is_a]-> GO:0019015
GO:0019017 -[is_a]-> GO:0019015
GO:0019018 -[is_a]-> GO:0019017
GO:0019019 -[is_a]-> GO:0019017
GO:0019020 -[is_a]-> GO:0019017
GO:0019021 -[is_a]-> GO:0005694
GO:0019021 -[is_a]-> GO:0019015
GO:0019022 -[is_a]-> GO:0019015
GO:0019023 -[is_a]-> GO:0019022
GO:0019024 -[is_a]-> GO:0019022
GO:0019025 -[is_a]-> GO:0019024
GO:0019026 -[is_a]-> GO:0019024
GO:0019027 -[is_a]-> GO:0019024
GO:0019028 -[is_a]-> GO:0044423
GO:0019029 -[is_a]-> GO:0019028
GO:0019030 -[is_a]-> GO:0019028
GO:0019031 -[is_a]-> GO:0036338
GO:0019033 -[is_a]-> GO:0044423
GO:0019034 -[is_a]-> GO:0044094
GO:0019035 -[is_a]-> GO:0043234
GO:0019035 -[is_a]-> GO:0044428
GO:0019036 -[is_a]-> GO:0043234
GO:0019036 -[is_a]-> GO:0044428
GO:0019037 -[is_a]-> GO:0044444
GO:0019038 -[is_a]-> GO:0019015
GO:0019038 -[is_a]-> GO:0044427
GO:0019038 -[part_of]-> GO:0005694
GO:0019042 -[is_a]-> GO:0016032
GO:0019043 -[is_a]-> GO:0016032
GO:0019043 -[part_of]-> GO:0019042
GO:0019044 -[is_a]-> GO:0016032
GO:0019044 -[part_of]-> GO:0019042
GO:0019045 -[is_a]-> GO:0016032
GO:0019045 -[part_of]-> GO:0019042
GO:0019046 -[is_a]-> GO:0016032
GO:0019046 -[part_of]-> GO:0019042
GO:0019048 -[is_a]-> GO:0016032
GO:0019048 -[is_a]-> GO:0044003
GO:0019049 -[is_a]-> GO:0019048
GO:0019049 -[is_a]-> GO:0044415
GO:0019050 -[is_a]-> GO:0033668
GO:0019050 -[is_a]-> GO:0039526
GO:0019051 -[is_a]-> GO:0039526
GO:0019051 -[is_a]-> GO:0060139
GO:0019054 -[is_a]-> GO:0019048
GO:0019054 -[is_a]-> GO:0044068
GO:0019055 -[is_a]-> GO:0019054
GO:0019056 -[is_a]-> GO:0006355
GO:0019056 -[is_a]-> GO:0039656
GO:0019056 -[is_a]-> GO:0052026
GO:0019057 -[is_a]-> GO:0039656
GO:0019057 -[is_a]-> GO:0044073
GO:0019058 -[is_a]-> GO:0016032
GO:0019060 -[is_a]-> GO:0030581
GO:0019060 -[is_a]-> GO:0075733
GO:0019060 -[part_of]-> GO:0046719
GO:0019061 -[is_a]-> GO:0016032
GO:0019062 -[is_a]-> GO:0044650
GO:0019062 -[has_part]-> GO:0046790
GO:0019062 -[has_part]-> GO:0046812
GO:0019062 -[part_of]-> GO:0019058
GO:0019064 -[is_a]-> GO:0039663
GO:0019065 -[is_a]-> GO:0006898
GO:0019065 -[is_a]-> GO:0075509
GO:0019065 -[part_of]-> GO:0046718
GO:0019068 -[is_a]-> GO:0016032
GO:0019068 -[is_a]-> GO:0022607
GO:0019068 -[part_of]-> GO:0019058
GO:0019069 -[is_a]-> GO:0016032
GO:0019069 -[is_a]-> GO:0022607
GO:0019069 -[part_of]-> GO:0019068
GO:0019070 -[is_a]-> GO:0016032
GO:0019070 -[part_of]-> GO:0019068
GO:0019071 -[is_a]-> GO:0090305
GO:0019071 -[part_of]-> GO:0019070
GO:0019072 -[is_a]-> GO:0016032
GO:0019072 -[part_of]-> GO:0019068
GO:0019073 -[is_a]-> GO:0006323
GO:0019073 -[is_a]-> GO:0019072
GO:0019073 -[is_a]-> GO:1902590
GO:0019074 -[is_a]-> GO:0019072
GO:0019075 -[is_a]-> GO:0016032
GO:0019075 -[part_of]-> GO:0019058
GO:0019076 -[is_a]-> GO:0016032
GO:0019076 -[is_a]-> GO:0035891
GO:0019076 -[part_of]-> GO:0019058
GO:0019079 -[is_a]-> GO:0016032
GO:0019079 -[part_of]-> GO:0019058
GO:0019080 -[is_a]-> GO:0010467
GO:0019080 -[is_a]-> GO:0016032
GO:0019080 -[is_a]-> GO:0044033
GO:0019080 -[part_of]-> GO:0019058
GO:0019081 -[is_a]-> GO:0006412
GO:0019081 -[part_of]-> GO:0019080
GO:0019082 -[is_a]-> GO:0016485
GO:0019082 -[part_of]-> GO:0019080
GO:0019083 -[is_a]-> GO:0032774
GO:0019083 -[part_of]-> GO:0019080
GO:0019084 -[is_a]-> GO:0019083
GO:0019085 -[is_a]-> GO:0019083
GO:0019086 -[is_a]-> GO:0019083
GO:0019087 -[is_a]-> GO:0019048
GO:0019088 -[is_a]-> GO:0019087
GO:0019088 -[is_a]-> GO:0020021
GO:0019089 -[is_a]-> GO:0016032
GO:0019089 -[is_a]-> GO:0044007
GO:0019090 -[is_a]-> GO:0006839
GO:0019090 -[is_a]-> GO:0051029
GO:0019090 -[is_a]-> GO:1902582
GO:0019090 -[occurs_in]-> GO:0005737
GO:0019090 -[part_of]-> GO:0019093
GO:0019091 -[is_a]-> GO:0019090
GO:0019092 -[is_a]-> GO:0019090
GO:0019093 -[is_a]-> GO:0006403
GO:0019093 -[occurs_in]-> GO:0005739
GO:0019094 -[is_a]-> GO:0007316
GO:0019094 -[is_a]-> GO:0060811
GO:0019095 -[is_a]-> GO:0007316
GO:0019095 -[is_a]-> GO:0019093
GO:0019096 -[is_a]-> GO:0019095
GO:0019097 -[is_a]-> GO:0019095
GO:0019098 -[is_a]-> GO:0007610
GO:0019098 -[is_a]-> GO:0048609
GO:0019098 -[part_of]-> GO:0000003
GO:0019099 -[is_a]-> GO:0007542
GO:0019099 -[is_a]-> GO:0018992
GO:0019099 -[is_a]-> GO:0030237
GO:0019100 -[is_a]-> GO:0007542
GO:0019100 -[is_a]-> GO:0018992
GO:0019100 -[is_a]-> GO:0030238
GO:0019101 -[is_a]-> GO:0018993
GO:0019101 -[is_a]-> GO:0030237
GO:0019102 -[is_a]-> GO:0018993
GO:0019102 -[is_a]-> GO:0030238
GO:0019103 -[is_a]-> GO:0000166
GO:0019104 -[is_a]-> GO:0016799
GO:0019105 -[is_a]-> GO:0016409
GO:0019105 -[is_a]-> GO:0016410
GO:0019107 -[is_a]-> GO:0016747
GO:0019108 -[is_a]-> GO:0004029
GO:0019111 -[is_a]-> GO:0008146
GO:0019112 -[is_a]-> GO:0016758
GO:0019113 -[is_a]-> GO:0016709
GO:0019114 -[is_a]-> GO:0016702
GO:0019115 -[is_a]-> GO:0004030
GO:0019116 -[is_a]-> GO:0016647
GO:0019117 -[is_a]-> GO:0016702
GO:0019118 -[is_a]-> GO:0004301
GO:0019119 -[is_a]-> GO:0019118
GO:0019120 -[is_a]-> GO:0016824
GO:0019121 -[is_a]-> GO:0018104
GO:0019121 -[is_a]-> GO:0018205
GO:0019122 -[is_a]-> GO:0018085
GO:0019122 -[is_a]-> GO:0018194
GO:0019123 -[is_a]-> GO:0018085
GO:0019124 -[is_a]-> GO:0018085
GO:0019125 -[is_a]-> GO:0018085
GO:0019126 -[is_a]-> GO:0018085
GO:0019128 -[is_a]-> GO:0018085
GO:0019129 -[is_a]-> GO:0018085
GO:0019133 -[is_a]-> GO:0016713
GO:0019134 -[is_a]-> GO:0008080
GO:0019135 -[is_a]-> GO:0004497
GO:0019135 -[is_a]-> GO:0016705
GO:0019136 -[is_a]-> GO:0019206
GO:0019136 -[part_of]-> GO:0009157
GO:0019137 -[is_a]-> GO:0004553
GO:0019139 -[is_a]-> GO:0016645
GO:0019140 -[is_a]-> GO:0016301
GO:0019140 -[is_a]-> GO:0016773
GO:0019141 -[is_a]-> GO:0036441
GO:0019142 -[is_a]-> GO:0046912
GO:0019143 -[is_a]-> GO:0016791
GO:0019144 -[is_a]-> GO:0016462
GO:0019145 -[is_a]-> GO:0004029
GO:0019146 -[is_a]-> GO:0016861
GO:0019147 -[is_a]-> GO:0016616
GO:0019148 -[is_a]-> GO:0016846
GO:0019149 -[is_a]-> GO:0016848
GO:0019150 -[is_a]-> GO:0016773
GO:0019150 -[is_a]-> GO:0019200
GO:0019151 -[is_a]-> GO:0016616
GO:0019152 -[is_a]-> GO:0016616
GO:0019153 -[is_a]-> GO:0016671
GO:0019154 -[is_a]-> GO:0016614
GO:0019155 -[is_a]-> GO:0016616
GO:0019156 -[is_a]-> GO:0004133
GO:0019156 -[is_a]-> GO:0004553
GO:0019157 -[is_a]-> GO:0016899
GO:0019158 -[is_a]-> GO:0004396
GO:0019159 -[is_a]-> GO:0016811
GO:0019160 -[is_a]-> GO:0016799
GO:0019161 -[is_a]-> GO:0008483
GO:0019162 -[is_a]-> GO:0008483
GO:0019163 -[is_a]-> GO:0008483
GO:0019164 -[is_a]-> GO:0016625
GO:0019164 -[part_of]-> GO:0006086
GO:0019165 -[is_a]-> GO:0016301
GO:0019165 -[is_a]-> GO:0016773
GO:0019166 -[is_a]-> GO:0016628
GO:0019168 -[is_a]-> GO:0016491
GO:0019170 -[is_a]-> GO:0016616
GO:0019171 -[is_a]-> GO:0016836
GO:0019172 -[is_a]-> GO:0016836
GO:0019172 -[part_of]-> GO:0019249
GO:0019172 -[part_of]-> GO:0061727
GO:0019174 -[is_a]-> GO:0016491
GO:0019176 -[is_a]-> GO:0016818
GO:0019177 -[is_a]-> GO:0016462
GO:0019178 -[is_a]-> GO:0016791
GO:0019179 -[is_a]-> GO:0008483
GO:0019180 -[is_a]-> GO:0008483
GO:0019181 -[is_a]-> GO:0016848
GO:0019182 -[is_a]-> GO:0015276
GO:0019182 -[is_a]-> GO:0061797
GO:0019183 -[is_a]-> GO:0034707
GO:0019183 -[is_a]-> GO:0098802
GO:0019183 -[part_of]-> GO:0005887
GO:0019184 -[is_a]-> GO:0043043
GO:0019185 -[is_a]-> GO:0044798
GO:0019186 -[is_a]-> GO:0016410
GO:0019187 -[is_a]-> GO:0000030
GO:0019191 -[is_a]-> GO:0015154
GO:0019191 -[part_of]-> GO:0019533
GO:0019194 -[is_a]-> GO:0015149
GO:0019196 -[is_a]-> GO:0022857
GO:0019196 -[is_a]-> GO:1901505
GO:0019197 -[is_a]-> GO:0043234
GO:0019197 -[is_a]-> GO:0044444
GO:0019198 -[is_a]-> GO:0004721
GO:0019198 -[is_a]-> GO:0004888
GO:0019199 -[is_a]-> GO:0004672
GO:0019199 -[is_a]-> GO:0004888
GO:0019200 -[is_a]-> GO:0016301
GO:0019200 -[part_of]-> GO:0046835
GO:0019201 -[is_a]-> GO:0019205
GO:0019201 -[part_of]-> GO:0046939
GO:0019202 -[is_a]-> GO:0016301
GO:0019203 -[is_a]-> GO:0016791
GO:0019205 -[is_a]-> GO:0016301
GO:0019206 -[is_a]-> GO:0019205
GO:0019206 -[part_of]-> GO:0009165
GO:0019207 -[is_a]-> GO:0030234
GO:0019207 -[has_part]-> GO:0019900
GO:0019207 -[part_of]-> GO:0042325
GO:0019207 -[regulates]-> GO:0016301
GO:0019208 -[is_a]-> GO:0030234
GO:0019208 -[has_part]-> GO:0019902
GO:0019208 -[regulates]-> GO:0016791
GO:0019209 -[is_a]-> GO:0008047
GO:0019209 -[is_a]-> GO:0019207
GO:0019209 -[part_of]-> GO:0042327
GO:0019209 -[positively_regulates]-> GO:0016301
GO:0019210 -[is_a]-> GO:0004857
GO:0019210 -[is_a]-> GO:0019207
GO:0019210 -[negatively_regulates]-> GO:0016301
GO:0019210 -[part_of]-> GO:0042326
GO:0019211 -[is_a]-> GO:0008047
GO:0019211 -[is_a]-> GO:0019208
GO:0019211 -[positively_regulates]-> GO:0016791
GO:0019212 -[is_a]-> GO:0004857
GO:0019212 -[is_a]-> GO:0019208
GO:0019212 -[negatively_regulates]-> GO:0016791
GO:0019213 -[is_a]-> GO:0016787
GO:0019215 -[is_a]-> GO:0032403
GO:0019216 -[is_a]-> GO:0080090
GO:0019216 -[regulates]-> GO:0006629
GO:0019217 -[is_a]-> GO:0010565
GO:0019217 -[is_a]-> GO:0019216
GO:0019217 -[regulates]-> GO:0006631
GO:0019218 -[is_a]-> GO:0019216
GO:0019218 -[regulates]-> GO:0008202
GO:0019219 -[is_a]-> GO:0031323
GO:0019219 -[is_a]-> GO:0051171
GO:0019219 -[is_a]-> GO:0080090
GO:0019219 -[regulates]-> GO:0006139
GO:0019220 -[is_a]-> GO:0051174
GO:0019220 -[regulates]-> GO:0006796
GO:0019221 -[is_a]-> GO:0007166
GO:0019221 -[part_of]-> GO:0071345
GO:0019222 -[is_a]-> GO:0050789
GO:0019222 -[regulates]-> GO:0008152
GO:0019226 -[is_a]-> GO:0035637
GO:0019226 -[is_a]-> GO:0050877
GO:0019226 -[has_part]-> GO:0001508
GO:0019226 -[has_part]-> GO:0007268
GO:0019226 -[part_of]-> GO:0007154
GO:0019227 -[is_a]-> GO:0050877
GO:0019227 -[is_a]-> GO:0098870
GO:0019227 -[part_of]-> GO:0019226
GO:0019228 -[is_a]-> GO:0001508
GO:0019228 -[part_of]-> GO:0019226
GO:0019229 -[is_a]-> GO:0050880
GO:0019229 -[is_a]-> GO:1903522
GO:0019229 -[regulates]-> GO:0042310
GO:0019230 -[is_a]-> GO:0007600
GO:0019230 -[part_of]-> GO:0050884
GO:0019231 -[is_a]-> GO:0019230
GO:0019232 -[is_a]-> GO:0019230
GO:0019233 -[is_a]-> GO:0007600
GO:0019234 -[is_a]-> GO:0019233
GO:0019235 -[is_a]-> GO:0019233
GO:0019236 -[is_a]-> GO:0010033
GO:0019237 -[is_a]-> GO:1990837
GO:0019238 -[is_a]-> GO:0016814
GO:0019239 -[is_a]-> GO:0003824
GO:0019240 -[is_a]-> GO:0000052
GO:0019240 -[is_a]-> GO:1901607
GO:0019241 -[is_a]-> GO:0000052
GO:0019241 -[is_a]-> GO:0044270
GO:0019241 -[is_a]-> GO:1901606
GO:0019242 -[is_a]-> GO:0009438
GO:0019242 -[is_a]-> GO:0042181
GO:0019242 -[is_a]-> GO:0046184
GO:0019243 -[is_a]-> GO:0061727
GO:0019244 -[is_a]-> GO:0006090
GO:0019244 -[is_a]-> GO:0019249
GO:0019244 -[has_part]-> GO:0004457
GO:0019245 -[is_a]-> GO:0019244
GO:0019245 -[has_part]-> GO:0008720
GO:0019246 -[is_a]-> GO:0019244
GO:0019246 -[has_part]-> GO:0004459
GO:0019247 -[is_a]-> GO:0006089
GO:0019248 -[is_a]-> GO:0019249
GO:0019248 -[is_a]-> GO:0061727
GO:0019249 -[is_a]-> GO:0006089
GO:0019249 -[is_a]-> GO:0072330
GO:0019250 -[is_a]-> GO:0009236
GO:0019251 -[is_a]-> GO:0009236
GO:0019252 -[is_a]-> GO:0005982
GO:0019252 -[is_a]-> GO:0009250
GO:0019253 -[is_a]-> GO:0019685
GO:0019253 -[part_of]-> GO:0015977
GO:0019254 -[is_a]-> GO:0009437
GO:0019255 -[is_a]-> GO:0006796
GO:0019255 -[is_a]-> GO:0019637
GO:0019255 -[is_a]-> GO:1901135
GO:0019256 -[is_a]-> GO:0018865
GO:0019256 -[is_a]-> GO:0042178
GO:0019256 -[is_a]-> GO:0050899
GO:0019257 -[is_a]-> GO:0019326
GO:0019258 -[is_a]-> GO:0019257
GO:0019258 -[is_a]-> GO:0046263
GO:0019260 -[is_a]-> GO:0018899
GO:0019260 -[is_a]-> GO:0042205
GO:0019261 -[is_a]-> GO:0018912
GO:0019261 -[is_a]-> GO:0019439
GO:0019261 -[is_a]-> GO:1901361
GO:0019262 -[is_a]-> GO:0006054
GO:0019262 -[is_a]-> GO:0046395
GO:0019263 -[is_a]-> GO:0018866
GO:0019263 -[is_a]-> GO:0042178
GO:0019263 -[is_a]-> GO:0042182
GO:0019263 -[is_a]-> GO:1901361
GO:0019264 -[is_a]-> GO:0006545
GO:0019264 -[is_a]-> GO:0006563
GO:0019265 -[is_a]-> GO:0006545
GO:0019266 -[is_a]-> GO:0006107
GO:0019266 -[is_a]-> GO:0006529
GO:0019266 -[is_a]-> GO:0043649
GO:0019267 -[is_a]-> GO:0006529
GO:0019267 -[is_a]-> GO:0006534
GO:0019270 -[is_a]-> GO:0042398
GO:0019270 -[is_a]-> GO:0046442
GO:0019271 -[is_a]-> GO:0072337
GO:0019272 -[is_a]-> GO:0006090
GO:0019272 -[is_a]-> GO:0042852
GO:0019273 -[is_a]-> GO:0006591
GO:0019273 -[is_a]-> GO:0042852
GO:0019276 -[is_a]-> GO:0006040
GO:0019276 -[is_a]-> GO:0009225
GO:0019277 -[is_a]-> GO:0009226
GO:0019277 -[is_a]-> GO:0019276
GO:0019277 -[is_a]-> GO:0046349
GO:0019278 -[is_a]-> GO:0009227
GO:0019278 -[is_a]-> GO:0019276
GO:0019278 -[is_a]-> GO:0046348
GO:0019279 -[is_a]-> GO:0009092
GO:0019279 -[is_a]-> GO:0071266
GO:0019280 -[is_a]-> GO:0019279
GO:0019281 -[is_a]-> GO:0019279
GO:0019283 -[is_a]-> GO:0000097
GO:0019283 -[is_a]-> GO:0006575
GO:0019283 -[is_a]-> GO:0006796
GO:0019283 -[is_a]-> GO:0019637
GO:0019283 -[is_a]-> GO:0071266
GO:0019284 -[is_a]-> GO:0000097
GO:0019284 -[is_a]-> GO:0046500
GO:0019284 -[is_a]-> GO:0071267
GO:0019284 -[part_of]-> GO:0033353
GO:0019285 -[is_a]-> GO:0019695
GO:0019285 -[is_a]-> GO:0031456
GO:0019286 -[is_a]-> GO:0006544
GO:0019286 -[is_a]-> GO:0031456
GO:0019286 -[is_a]-> GO:0044711
GO:0019287 -[is_a]-> GO:0006084
GO:0019287 -[is_a]-> GO:0009240
GO:0019288 -[is_a]-> GO:0006090
GO:0019288 -[is_a]-> GO:0009240
GO:0019288 -[is_a]-> GO:0019682
GO:0019289 -[is_a]-> GO:0016053
GO:0019289 -[is_a]-> GO:0019540
GO:0019289 -[is_a]-> GO:0046494
GO:0019289 -[is_a]-> GO:1902645
GO:0019290 -[is_a]-> GO:0009237
GO:0019290 -[is_a]-> GO:0019184
GO:0019290 -[is_a]-> GO:0044550
GO:0019290 -[is_a]-> GO:0051188
GO:0019292 -[is_a]-> GO:0006571
GO:0019292 -[is_a]-> GO:0046417
GO:0019293 -[is_a]-> GO:0006558
GO:0019293 -[is_a]-> GO:0006571
GO:0019293 -[is_a]-> GO:0055114
GO:0019294 -[is_a]-> GO:0046394
GO:0019294 -[is_a]-> GO:0046400
GO:0019294 -[part_of]-> GO:0009103
GO:0019295 -[is_a]-> GO:0009108
GO:0019295 -[is_a]-> GO:0019296
GO:0019295 -[is_a]-> GO:0044272
GO:0019295 -[is_a]-> GO:0044711
GO:0019295 -[is_a]-> GO:1901576
GO:0019296 -[is_a]-> GO:0006732
GO:0019296 -[is_a]-> GO:0006790
GO:0019296 -[is_a]-> GO:0044710
GO:0019296 -[is_a]-> GO:0044763
GO:0019296 -[is_a]-> GO:0071704
GO:0019297 -[is_a]-> GO:0006575
GO:0019297 -[is_a]-> GO:0006732
GO:0019298 -[is_a]-> GO:0009108
GO:0019298 -[is_a]-> GO:0019297
GO:0019298 -[is_a]-> GO:0042398
GO:0019299 -[is_a]-> GO:0019318
GO:0019300 -[is_a]-> GO:0019299
GO:0019300 -[is_a]-> GO:0019319
GO:0019301 -[is_a]-> GO:0019299
GO:0019301 -[is_a]-> GO:0019320
GO:0019302 -[is_a]-> GO:0006014
GO:0019302 -[is_a]-> GO:0019322
GO:0019303 -[is_a]-> GO:0006014
GO:0019303 -[is_a]-> GO:0019323
GO:0019304 -[is_a]-> GO:0019301
GO:0019305 -[is_a]-> GO:0009226
GO:0019305 -[is_a]-> GO:0046383
GO:0019306 -[is_a]-> GO:0009226
GO:0019306 -[is_a]-> GO:0046382
GO:0019307 -[is_a]-> GO:0006013
GO:0019307 -[is_a]-> GO:0019319
GO:0019308 -[is_a]-> GO:0009226
GO:0019308 -[is_a]-> GO:0046371
GO:0019309 -[is_a]-> GO:0006013
GO:0019309 -[is_a]-> GO:0019320
GO:0019310 -[is_a]-> GO:0006020
GO:0019310 -[is_a]-> GO:0044275
GO:0019310 -[is_a]-> GO:0044724
GO:0019310 -[is_a]-> GO:0046174
GO:0019311 -[is_a]-> GO:0019318
GO:0019312 -[is_a]-> GO:0019311
GO:0019313 -[is_a]-> GO:0019318
GO:0019314 -[is_a]-> GO:0019313
GO:0019315 -[is_a]-> GO:0019314
GO:0019315 -[is_a]-> GO:0046366
GO:0019316 -[is_a]-> GO:0019314
GO:0019316 -[is_a]-> GO:0046367
GO:0019317 -[is_a]-> GO:0006004
GO:0019317 -[is_a]-> GO:0019320
GO:0019318 -[is_a]-> GO:0005996
GO:0019319 -[is_a]-> GO:0019318
GO:0019319 -[is_a]-> GO:0046364
GO:0019320 -[is_a]-> GO:0019318
GO:0019320 -[is_a]-> GO:0046365
GO:0019321 -[is_a]-> GO:0005996
GO:0019322 -[is_a]-> GO:0019321
GO:0019322 -[is_a]-> GO:0046364
GO:0019323 -[is_a]-> GO:0019321
GO:0019323 -[is_a]-> GO:0046365
GO:0019324 -[is_a]-> GO:0019321
GO:0019325 -[is_a]-> GO:0006001
GO:0019325 -[is_a]-> GO:0019317
GO:0019326 -[is_a]-> GO:0006807
GO:0019326 -[is_a]-> GO:0072490
GO:0019327 -[is_a]-> GO:0015975
GO:0019328 -[is_a]-> GO:0019396
GO:0019329 -[is_a]-> GO:0006807
GO:0019329 -[is_a]-> GO:0044281
GO:0019329 -[is_a]-> GO:0055114
GO:0019330 -[is_a]-> GO:0006807
GO:0019330 -[is_a]-> GO:0071704
GO:0019331 -[is_a]-> GO:0009061
GO:0019331 -[is_a]-> GO:0015975
GO:0019331 -[is_a]-> GO:0019329
GO:0019331 -[is_a]-> GO:0034641
GO:0019332 -[is_a]-> GO:0009060
GO:0019332 -[is_a]-> GO:0015975
GO:0019332 -[is_a]-> GO:0034641
GO:0019333 -[is_a]-> GO:0071941
GO:0019334 -[is_a]-> GO:0018953
GO:0019334 -[is_a]-> GO:0043694
GO:0019334 -[is_a]-> GO:0072491
GO:0019335 -[is_a]-> GO:0018930
GO:0019335 -[is_a]-> GO:0019439
GO:0019335 -[is_a]-> GO:0042178
GO:0019335 -[is_a]-> GO:0046700
GO:0019335 -[is_a]-> GO:1901361
GO:0019335 -[is_a]-> GO:1901565
GO:0019336 -[is_a]-> GO:0018958
GO:0019336 -[is_a]-> GO:0019439
GO:0019336 -[is_a]-> GO:1901361
GO:0019336 -[is_a]-> GO:1901616
GO:0019337 -[is_a]-> GO:0018967
GO:0019337 -[is_a]-> GO:0042205
GO:0019338 -[is_a]-> GO:0018961
GO:0019338 -[is_a]-> GO:0019336
GO:0019339 -[is_a]-> GO:0018952
GO:0019339 -[is_a]-> GO:0044273
GO:0019339 -[is_a]-> GO:0046434
GO:0019340 -[is_a]-> GO:0018893
GO:0019340 -[is_a]-> GO:0019439
GO:0019340 -[is_a]-> GO:0042178
GO:0019340 -[is_a]-> GO:0044712
GO:0019340 -[is_a]-> GO:0046700
GO:0019340 -[is_a]-> GO:1901361
GO:0019341 -[is_a]-> GO:0018894
GO:0019341 -[is_a]-> GO:0019439
GO:0019341 -[is_a]-> GO:0042178
GO:0019341 -[is_a]-> GO:0044282
GO:0019341 -[is_a]-> GO:0046700
GO:0019341 -[is_a]-> GO:1901361
GO:0019342 -[is_a]-> GO:0046206
GO:0019342 -[is_a]-> GO:1901687
GO:0019343 -[is_a]-> GO:0019344
GO:0019344 -[is_a]-> GO:0006534
GO:0019344 -[is_a]-> GO:0009070
GO:0019345 -[is_a]-> GO:0019344
GO:0019346 -[is_a]-> GO:0006534
GO:0019346 -[is_a]-> GO:0009092
GO:0019346 -[is_a]-> GO:0050667
GO:0019347 -[is_a]-> GO:0008654
GO:0019347 -[is_a]-> GO:0009247
GO:0019347 -[is_a]-> GO:0016114
GO:0019347 -[is_a]-> GO:0034654
GO:0019347 -[is_a]-> GO:0046376
GO:0019348 -[is_a]-> GO:0016093
GO:0019349 -[is_a]-> GO:0019519
GO:0019350 -[is_a]-> GO:0016053
GO:0019350 -[is_a]-> GO:0044038
GO:0019350 -[is_a]-> GO:0046374
GO:0019350 -[is_a]-> GO:1901137
GO:0019350 -[part_of]-> GO:0009273
GO:0019351 -[is_a]-> GO:0046450
GO:0019351 -[is_a]-> GO:0072330
GO:0019352 -[is_a]-> GO:0006544
GO:0019352 -[is_a]-> GO:0006782
GO:0019352 -[is_a]-> GO:0044711
GO:0019353 -[is_a]-> GO:0006782
GO:0019353 -[is_a]-> GO:0033526
GO:0019354 -[is_a]-> GO:0006783
GO:0019354 -[is_a]-> GO:0046156
GO:0019355 -[is_a]-> GO:0006531
GO:0019355 -[is_a]-> GO:0019359
GO:0019356 -[is_a]-> GO:0006568
GO:0019356 -[is_a]-> GO:0019357
GO:0019357 -[is_a]-> GO:0019363
GO:0019357 -[is_a]-> GO:0046497
GO:0019358 -[is_a]-> GO:0019357
GO:0019358 -[is_a]-> GO:0019365
GO:0019359 -[is_a]-> GO:0019363
GO:0019359 -[is_a]-> GO:0046496
GO:0019360 -[is_a]-> GO:0006769
GO:0019360 -[is_a]-> GO:0019359
GO:0019361 -[is_a]-> GO:0009108
GO:0019361 -[is_a]-> GO:0009152
GO:0019361 -[is_a]-> GO:0009168
GO:0019361 -[is_a]-> GO:0046129
GO:0019361 -[is_a]-> GO:0046432
GO:0019362 -[is_a]-> GO:0006733
GO:0019362 -[is_a]-> GO:0009117
GO:0019362 -[is_a]-> GO:0072524
GO:0019363 -[is_a]-> GO:0009108
GO:0019363 -[is_a]-> GO:0009165
GO:0019363 -[is_a]-> GO:0019362
GO:0019363 -[is_a]-> GO:0072525
GO:0019364 -[is_a]-> GO:0009109
GO:0019364 -[is_a]-> GO:0009166
GO:0019364 -[is_a]-> GO:0019362
GO:0019364 -[is_a]-> GO:0072526
GO:0019365 -[is_a]-> GO:0019363
GO:0019365 -[is_a]-> GO:0043173
GO:0019367 -[is_a]-> GO:0030497
GO:0019368 -[is_a]-> GO:0030497
GO:0019369 -[is_a]-> GO:0001676
GO:0019369 -[is_a]-> GO:0006690
GO:0019369 -[is_a]-> GO:0033559
GO:0019370 -[is_a]-> GO:0006636
GO:0019370 -[is_a]-> GO:0006691
GO:0019370 -[is_a]-> GO:0046456
GO:0019371 -[is_a]-> GO:0019369
GO:0019371 -[part_of]-> GO:0001516
GO:0019372 -[is_a]-> GO:0006631
GO:0019372 -[is_a]-> GO:0006690
GO:0019373 -[is_a]-> GO:0019369
GO:0019374 -[is_a]-> GO:0006664
GO:0019375 -[is_a]-> GO:0009247
GO:0019375 -[is_a]-> GO:0019374
GO:0019376 -[is_a]-> GO:0019374
GO:0019376 -[is_a]-> GO:0019377
GO:0019377 -[is_a]-> GO:0006664
GO:0019377 -[is_a]-> GO:0046466
GO:0019377 -[is_a]-> GO:1901136
GO:0019379 -[is_a]-> GO:0000103
GO:0019379 -[is_a]-> GO:0019419
GO:0019380 -[is_a]-> GO:0018962
GO:0019380 -[is_a]-> GO:0042178
GO:0019380 -[is_a]-> GO:0072329
GO:0019381 -[is_a]-> GO:0018873
GO:0019381 -[is_a]-> GO:0042204
GO:0019382 -[is_a]-> GO:0018885
GO:0019382 -[is_a]-> GO:0042205
GO:0019383 -[is_a]-> GO:0016100
GO:0019383 -[is_a]-> GO:0018882
GO:0019383 -[is_a]-> GO:0042182
GO:0019384 -[is_a]-> GO:0018883
GO:0019384 -[is_a]-> GO:0042178
GO:0019384 -[is_a]-> GO:0072340
GO:0019384 -[is_a]-> GO:1901361
GO:0019384 -[is_a]-> GO:1901565
GO:0019385 -[is_a]-> GO:0006083
GO:0019385 -[is_a]-> GO:0015948
GO:0019386 -[is_a]-> GO:0015948
GO:0019387 -[is_a]-> GO:0015945
GO:0019387 -[is_a]-> GO:0015948
GO:0019388 -[is_a]-> GO:0006012
GO:0019388 -[is_a]-> GO:0019320
GO:0019389 -[is_a]-> GO:0016137
GO:0019389 -[is_a]-> GO:0044262
GO:0019389 -[is_a]-> GO:0044723
GO:0019389 -[is_a]-> GO:0044763
GO:0019390 -[is_a]-> GO:0016138
GO:0019390 -[is_a]-> GO:0019389
GO:0019390 -[is_a]-> GO:0034637
GO:0019391 -[is_a]-> GO:0016139
GO:0019391 -[is_a]-> GO:0019389
GO:0019391 -[is_a]-> GO:0044275
GO:0019391 -[is_a]-> GO:0044724
GO:0019392 -[is_a]-> GO:0019577
GO:0019393 -[is_a]-> GO:0019392
GO:0019393 -[is_a]-> GO:0019578
GO:0019394 -[is_a]-> GO:0019392
GO:0019394 -[is_a]-> GO:0019579
GO:0019395 -[is_a]-> GO:0006631
GO:0019395 -[is_a]-> GO:0034440
GO:0019396 -[is_a]-> GO:0018918
GO:0019396 -[is_a]-> GO:0072329
GO:0019397 -[is_a]-> GO:0042195
GO:0019398 -[is_a]-> GO:0042195
GO:0019398 -[has_part]-> GO:0036238
GO:0019399 -[is_a]-> GO:0018891
GO:0019399 -[is_a]-> GO:0055114
GO:0019400 -[is_a]-> GO:0019751
GO:0019400 -[is_a]-> GO:0044262
GO:0019400 -[is_a]-> GO:0044723
GO:0019400 -[is_a]-> GO:0044763
GO:0019401 -[is_a]-> GO:0019400
GO:0019401 -[is_a]-> GO:0034637
GO:0019401 -[is_a]-> GO:0046173
GO:0019402 -[is_a]-> GO:0006059
GO:0019403 -[is_a]-> GO:0019402
GO:0019403 -[is_a]-> GO:0019406
GO:0019404 -[is_a]-> GO:0019402
GO:0019404 -[is_a]-> GO:0019407
GO:0019405 -[is_a]-> GO:0019400
GO:0019405 -[is_a]-> GO:0044275
GO:0019405 -[is_a]-> GO:0044724
GO:0019405 -[is_a]-> GO:0046174
GO:0019406 -[is_a]-> GO:0006059
GO:0019406 -[is_a]-> GO:0019401
GO:0019407 -[is_a]-> GO:0006059
GO:0019407 -[is_a]-> GO:0019405
GO:0019408 -[is_a]-> GO:0016094
GO:0019408 -[is_a]-> GO:0019348
GO:0019409 -[is_a]-> GO:0009060
GO:0019409 -[is_a]-> GO:0015975
GO:0019409 -[is_a]-> GO:0019329
GO:0019409 -[is_a]-> GO:0034641
GO:0019410 -[is_a]-> GO:0009060
GO:0019410 -[is_a]-> GO:0015975
GO:0019411 -[is_a]-> GO:0009060
GO:0019411 -[is_a]-> GO:0015975
GO:0019412 -[is_a]-> GO:0009060
GO:0019412 -[is_a]-> GO:0015975
GO:0019413 -[is_a]-> GO:0006083
GO:0019413 -[is_a]-> GO:0072330
GO:0019414 -[is_a]-> GO:0009060
GO:0019414 -[is_a]-> GO:0015975
GO:0019415 -[is_a]-> GO:0019413
GO:0019416 -[is_a]-> GO:0006790
GO:0019416 -[is_a]-> GO:0044763
GO:0019416 -[is_a]-> GO:0055114
GO:0019417 -[is_a]-> GO:0006790
GO:0019417 -[is_a]-> GO:0044763
GO:0019417 -[is_a]-> GO:0055114
GO:0019418 -[is_a]-> GO:0006790
GO:0019418 -[is_a]-> GO:0044763
GO:0019418 -[is_a]-> GO:0055114
GO:0019419 -[is_a]-> GO:0006790
GO:0019419 -[is_a]-> GO:0044763
GO:0019419 -[is_a]-> GO:0055114
GO:0019420 -[is_a]-> GO:0019419
GO:0019422 -[is_a]-> GO:0006790
GO:0019423 -[is_a]-> GO:0019417
GO:0019424 -[is_a]-> GO:0019418
GO:0019426 -[is_a]-> GO:0019419
GO:0019427 -[is_a]-> GO:0006083
GO:0019427 -[is_a]-> GO:0006085
GO:0019427 -[is_a]-> GO:0044711
GO:0019428 -[is_a]-> GO:0000255
GO:0019428 -[is_a]-> GO:0018130
GO:0019428 -[is_a]-> GO:0043604
GO:0019428 -[is_a]-> GO:1901362
GO:0019428 -[is_a]-> GO:1901566
GO:0019429 -[is_a]-> GO:0018917
GO:0019429 -[is_a]-> GO:0019439
GO:0019429 -[is_a]-> GO:0042178
GO:0019429 -[is_a]-> GO:1901361
GO:0019430 -[is_a]-> GO:0006801
GO:0019430 -[is_a]-> GO:0098869
GO:0019430 -[part_of]-> GO:0071451
GO:0019431 -[is_a]-> GO:0006067
GO:0019431 -[is_a]-> GO:0006085
GO:0019431 -[is_a]-> GO:0044711
GO:0019431 -[is_a]-> GO:0044763
GO:0019432 -[is_a]-> GO:0006641
GO:0019432 -[is_a]-> GO:0046463
GO:0019433 -[is_a]-> GO:0006641
GO:0019433 -[is_a]-> GO:0046464
GO:0019434 -[is_a]-> GO:0006664
GO:0019435 -[is_a]-> GO:0009247
GO:0019435 -[is_a]-> GO:0019434
GO:0019436 -[is_a]-> GO:0019377
GO:0019436 -[is_a]-> GO:0019434
GO:0019438 -[is_a]-> GO:0006725
GO:0019438 -[is_a]-> GO:0044249
GO:0019439 -[is_a]-> GO:0006725
GO:0019439 -[is_a]-> GO:0044248
GO:0019440 -[is_a]-> GO:0006569
GO:0019440 -[is_a]-> GO:0032787
GO:0019441 -[is_a]-> GO:0006569
GO:0019441 -[is_a]-> GO:0070189
GO:0019442 -[is_a]-> GO:0006084
GO:0019442 -[is_a]-> GO:0006569
GO:0019444 -[is_a]-> GO:0006569
GO:0019444 -[is_a]-> GO:0009712
GO:0019445 -[is_a]-> GO:0006106
GO:0019445 -[is_a]-> GO:0006572
GO:0019445 -[is_a]-> GO:0043650
GO:0019446 -[is_a]-> GO:0006572
GO:0019446 -[is_a]-> GO:0032787
GO:0019447 -[is_a]-> GO:0000098
GO:0019447 -[is_a]-> GO:0046438
GO:0019447 -[is_a]-> GO:1901606
GO:0019448 -[is_a]-> GO:0009063
GO:0019448 -[is_a]-> GO:0046439
GO:0019449 -[is_a]-> GO:0006790
GO:0019449 -[is_a]-> GO:0019448
GO:0019450 -[is_a]-> GO:0006090
GO:0019450 -[is_a]-> GO:0019448
GO:0019451 -[is_a]-> GO:0019450
GO:0019452 -[is_a]-> GO:0019448
GO:0019452 -[is_a]-> GO:0019530
GO:0019453 -[is_a]-> GO:0019448
GO:0019454 -[is_a]-> GO:0019453
GO:0019455 -[is_a]-> GO:0019453
GO:0019456 -[is_a]-> GO:0019453
GO:0019457 -[is_a]-> GO:0006104
GO:0019457 -[is_a]-> GO:0009087
GO:0019458 -[is_a]-> GO:0009087
GO:0019460 -[is_a]-> GO:0006106
GO:0019460 -[is_a]-> GO:0006531
GO:0019460 -[is_a]-> GO:0006538
GO:0019460 -[is_a]-> GO:0006543
GO:0019460 -[has_part]-> GO:0019550
GO:0019461 -[is_a]-> GO:0019460
GO:0019461 -[has_part]-> GO:0004355
GO:0019462 -[is_a]-> GO:0019460
GO:0019462 -[has_part]-> GO:0004359
GO:0019463 -[is_a]-> GO:0006546
GO:0019463 -[is_a]-> GO:0006575
GO:0019463 -[is_a]-> GO:0006600
GO:0019464 -[is_a]-> GO:0006546
GO:0019465 -[is_a]-> GO:0006533
GO:0019466 -[is_a]-> GO:0006560
GO:0019466 -[is_a]-> GO:0006593
GO:0019467 -[is_a]-> GO:0006593
GO:0019468 -[is_a]-> GO:0016054
GO:0019468 -[is_a]-> GO:0042219
GO:0019468 -[is_a]-> GO:0046418
GO:0019469 -[is_a]-> GO:0016054
GO:0019469 -[is_a]-> GO:0042219
GO:0019469 -[is_a]-> GO:0046419
GO:0019470 -[is_a]-> GO:0019471
GO:0019470 -[is_a]-> GO:0042219
GO:0019470 -[is_a]-> GO:1901606
GO:0019471 -[is_a]-> GO:0006575
GO:0019471 -[is_a]-> GO:1901605
GO:0019472 -[is_a]-> GO:0019471
GO:0019472 -[is_a]-> GO:0042398
GO:0019472 -[is_a]-> GO:1901607
GO:0019473 -[is_a]-> GO:0019477
GO:0019474 -[is_a]-> GO:0006084
GO:0019474 -[is_a]-> GO:0019477
GO:0019475 -[is_a]-> GO:0006083
GO:0019475 -[is_a]-> GO:0019477
GO:0019475 -[is_a]-> GO:0019665
GO:0019476 -[is_a]-> GO:0006554
GO:0019476 -[is_a]-> GO:0046441
GO:0019477 -[is_a]-> GO:0006554
GO:0019477 -[is_a]-> GO:0046440
GO:0019478 -[is_a]-> GO:0009063
GO:0019478 -[is_a]-> GO:0046416
GO:0019479 -[is_a]-> GO:0042853
GO:0019479 -[is_a]-> GO:0055114
GO:0019480 -[is_a]-> GO:0042853
GO:0019480 -[is_a]-> GO:0055114
GO:0019481 -[is_a]-> GO:0042853
GO:0019482 -[is_a]-> GO:0006082
GO:0019482 -[is_a]-> GO:1901564
GO:0019483 -[is_a]-> GO:0016053
GO:0019483 -[is_a]-> GO:0019482
GO:0019483 -[is_a]-> GO:1901566
GO:0019484 -[is_a]-> GO:0016054
GO:0019484 -[is_a]-> GO:0019482
GO:0019484 -[is_a]-> GO:1901565
GO:0019485 -[is_a]-> GO:0019484
GO:0019485 -[is_a]-> GO:0042851
GO:0019486 -[is_a]-> GO:0019484
GO:0019487 -[is_a]-> GO:0018864
GO:0019487 -[is_a]-> GO:0042178
GO:0019487 -[is_a]-> GO:0043454
GO:0019488 -[is_a]-> GO:0044711
GO:0019488 -[is_a]-> GO:0046363
GO:0019488 -[is_a]-> GO:1901159
GO:0019489 -[is_a]-> GO:0032787
GO:0019490 -[is_a]-> GO:0018868
GO:0019491 -[is_a]-> GO:0016053
GO:0019491 -[is_a]-> GO:0018130
GO:0019491 -[is_a]-> GO:0042399
GO:0019491 -[is_a]-> GO:1901362
GO:0019491 -[is_a]-> GO:1901566
GO:0019492 -[is_a]-> GO:0006561
GO:0019492 -[is_a]-> GO:0043102
GO:0019493 -[is_a]-> GO:0006527
GO:0019493 -[is_a]-> GO:0006560
GO:0019495 -[is_a]-> GO:0006103
GO:0019495 -[is_a]-> GO:0006562
GO:0019496 -[is_a]-> GO:0006730
GO:0019497 -[is_a]-> GO:0042196
GO:0019498 -[is_a]-> GO:0018939
GO:0019498 -[is_a]-> GO:0055114
GO:0019499 -[is_a]-> GO:0034641
GO:0019499 -[is_a]-> GO:0044710
GO:0019499 -[is_a]-> GO:0044763
GO:0019500 -[is_a]-> GO:0019499
GO:0019500 -[is_a]-> GO:0044270
GO:0019500 -[is_a]-> GO:0044712
GO:0019501 -[is_a]-> GO:0016054
GO:0019501 -[is_a]-> GO:0018872
GO:0019501 -[is_a]-> GO:0042178
GO:0019502 -[is_a]-> GO:0006575
GO:0019502 -[is_a]-> GO:0006577
GO:0019502 -[is_a]-> GO:0009820
GO:0019502 -[is_a]-> GO:1901605
GO:0019503 -[is_a]-> GO:0006578
GO:0019503 -[is_a]-> GO:0009821
GO:0019503 -[is_a]-> GO:0019502
GO:0019503 -[is_a]-> GO:0042398
GO:0019503 -[is_a]-> GO:1901607
GO:0019504 -[is_a]-> GO:0006579
GO:0019504 -[is_a]-> GO:0009822
GO:0019504 -[is_a]-> GO:0019502
GO:0019504 -[is_a]-> GO:0042219
GO:0019504 -[is_a]-> GO:1901606
GO:0019505 -[is_a]-> GO:0018958
GO:0019506 -[is_a]-> GO:0019439
GO:0019506 -[is_a]-> GO:0042178
GO:0019506 -[is_a]-> GO:0046412
GO:0019506 -[is_a]-> GO:0046413
GO:0019506 -[is_a]-> GO:1901361
GO:0019507 -[is_a]-> GO:0006725
GO:0019507 -[is_a]-> GO:0072524
GO:0019508 -[is_a]-> GO:0006106
GO:0019508 -[is_a]-> GO:0044712
GO:0019508 -[is_a]-> GO:0051166
GO:0019509 -[is_a]-> GO:0071267
GO:0019510 -[is_a]-> GO:0044273
GO:0019510 -[is_a]-> GO:0046130
GO:0019510 -[is_a]-> GO:0046498
GO:0019510 -[is_a]-> GO:1901606
GO:0019511 -[is_a]-> GO:0018126
GO:0019511 -[is_a]-> GO:0018208
GO:0019512 -[is_a]-> GO:0005990
GO:0019513 -[is_a]-> GO:0005990
GO:0019515 -[is_a]-> GO:0005990
GO:0019516 -[is_a]-> GO:0006089
GO:0019516 -[is_a]-> GO:0055114
GO:0019517 -[is_a]-> GO:0006089
GO:0019517 -[is_a]-> GO:0006567
GO:0019518 -[is_a]-> GO:0006544
GO:0019518 -[is_a]-> GO:0006567
GO:0019519 -[is_a]-> GO:0019400
GO:0019520 -[is_a]-> GO:0032787
GO:0019520 -[is_a]-> GO:0044262
GO:0019520 -[is_a]-> GO:0044723
GO:0019521 -[is_a]-> GO:0019520
GO:0019522 -[is_a]-> GO:0019520
GO:0019523 -[is_a]-> GO:0019520
GO:0019524 -[is_a]-> GO:0019525
GO:0019524 -[is_a]-> GO:0046181
GO:0019525 -[is_a]-> GO:0019522
GO:0019526 -[is_a]-> GO:0019401
GO:0019526 -[is_a]-> GO:0019519
GO:0019527 -[is_a]-> GO:0019405
GO:0019527 -[is_a]-> GO:0019519
GO:0019528 -[is_a]-> GO:0044711
GO:0019528 -[is_a]-> GO:0051159
GO:0019528 -[is_a]-> GO:1901159
GO:0019529 -[is_a]-> GO:0019530
GO:0019529 -[is_a]-> GO:0044273
GO:0019529 -[is_a]-> GO:1901565
GO:0019530 -[is_a]-> GO:0006790
GO:0019530 -[is_a]-> GO:1901564
GO:0019531 -[is_a]-> GO:0008514
GO:0019531 -[part_of]-> GO:0019532
GO:0019532 -[is_a]-> GO:0006835
GO:0019533 -[is_a]-> GO:0015766
GO:0019534 -[is_a]-> GO:0005215
GO:0019534 -[part_of]-> GO:1901998
GO:0019535 -[is_a]-> GO:0015343
GO:0019536 -[is_a]-> GO:0006725
GO:0019536 -[is_a]-> GO:0009237
GO:0019536 -[is_a]-> GO:0043603
GO:0019536 -[is_a]-> GO:0046483
GO:0019536 -[is_a]-> GO:1901360
GO:0019536 -[is_a]-> GO:1901564
GO:0019537 -[is_a]-> GO:0018130
GO:0019537 -[is_a]-> GO:0019438
GO:0019537 -[is_a]-> GO:0019536
GO:0019537 -[is_a]-> GO:0043604
GO:0019537 -[is_a]-> GO:0044711
GO:0019537 -[is_a]-> GO:1901362
GO:0019537 -[is_a]-> GO:1901566
GO:0019538 -[is_a]-> GO:0043170
GO:0019538 -[is_a]-> GO:0044238
GO:0019539 -[is_a]-> GO:0019290
GO:0019540 -[is_a]-> GO:0009712
GO:0019540 -[is_a]-> GO:0019290
GO:0019541 -[is_a]-> GO:0046459
GO:0019542 -[is_a]-> GO:0019541
GO:0019542 -[is_a]-> GO:0051790
GO:0019543 -[is_a]-> GO:0019541
GO:0019543 -[is_a]-> GO:0019626
GO:0019544 -[is_a]-> GO:0006527
GO:0019544 -[is_a]-> GO:0006536
GO:0019545 -[is_a]-> GO:0006105
GO:0019545 -[is_a]-> GO:0006527
GO:0019546 -[is_a]-> GO:0006527
GO:0019547 -[is_a]-> GO:0006527
GO:0019547 -[is_a]-> GO:0006591
GO:0019548 -[is_a]-> GO:0006527
GO:0019548 -[is_a]-> GO:0008215
GO:0019549 -[is_a]-> GO:0006540
GO:0019549 -[has_part]-> GO:0034387
GO:0019550 -[is_a]-> GO:0006531
GO:0019550 -[is_a]-> GO:0006538
GO:0019551 -[is_a]-> GO:0006103
GO:0019551 -[is_a]-> GO:0006106
GO:0019551 -[is_a]-> GO:0006538
GO:0019552 -[is_a]-> GO:0019670
GO:0019553 -[is_a]-> GO:0006538
GO:0019554 -[is_a]-> GO:0006107
GO:0019554 -[is_a]-> GO:0006538
GO:0019554 -[is_a]-> GO:0043650
GO:0019555 -[is_a]-> GO:0006538
GO:0019555 -[is_a]-> GO:0006591
GO:0019556 -[is_a]-> GO:0006536
GO:0019556 -[is_a]-> GO:0006548
GO:0019556 -[is_a]-> GO:0043606
GO:0019557 -[is_a]-> GO:0006536
GO:0019557 -[is_a]-> GO:0006548
GO:0019557 -[is_a]-> GO:0015942
GO:0019558 -[is_a]-> GO:0006103
GO:0019558 -[is_a]-> GO:0006548
GO:0019559 -[is_a]-> GO:0006548
GO:0019560 -[is_a]-> GO:0006548
GO:0019561 -[is_a]-> GO:0006559
GO:0019561 -[is_a]-> GO:0055114
GO:0019562 -[is_a]-> GO:0006559
GO:0019562 -[is_a]-> GO:0032787
GO:0019563 -[is_a]-> GO:0006071
GO:0019563 -[is_a]-> GO:0019405
GO:0019564 -[is_a]-> GO:0019563
GO:0019566 -[is_a]-> GO:0019321
GO:0019567 -[is_a]-> GO:0019322
GO:0019567 -[is_a]-> GO:0019566
GO:0019568 -[is_a]-> GO:0019323
GO:0019568 -[is_a]-> GO:0019566
GO:0019569 -[is_a]-> GO:0019572
GO:0019569 -[is_a]-> GO:0044711
GO:0019569 -[is_a]-> GO:0044763
GO:0019569 -[is_a]-> GO:1901159
GO:0019570 -[is_a]-> GO:0006103
GO:0019570 -[is_a]-> GO:0019572
GO:0019571 -[is_a]-> GO:0019568
GO:0019571 -[is_a]-> GO:0046372
GO:0019572 -[is_a]-> GO:0019568
GO:0019572 -[is_a]-> GO:0046373
GO:0019573 -[is_a]-> GO:0019571
GO:0019573 -[is_a]-> GO:0044711
GO:0019573 -[is_a]-> GO:0044763
GO:0019573 -[is_a]-> GO:1901159
GO:0019574 -[is_a]-> GO:0005987
GO:0019574 -[is_a]-> GO:0006006
GO:0019574 -[is_a]-> GO:0006796
GO:0019574 -[is_a]-> GO:0019637
GO:0019574 -[is_a]-> GO:1901135
GO:0019574 -[has_part]-> GO:0008865
GO:0019574 -[has_part]-> GO:0048258
GO:0019576 -[is_a]-> GO:0006001
GO:0019577 -[is_a]-> GO:0043648
GO:0019577 -[is_a]-> GO:0044723
GO:0019578 -[is_a]-> GO:0019577
GO:0019578 -[is_a]-> GO:0043650
GO:0019579 -[is_a]-> GO:0019577
GO:0019579 -[is_a]-> GO:0043649
GO:0019579 -[is_a]-> GO:0044724
GO:0019580 -[is_a]-> GO:0019577
GO:0019583 -[is_a]-> GO:0019520
GO:0019584 -[is_a]-> GO:0019583
GO:0019584 -[is_a]-> GO:0046176
GO:0019585 -[is_a]-> GO:0006063
GO:0019586 -[is_a]-> GO:0006063
GO:0019588 -[is_a]-> GO:0019563
GO:0019588 -[is_a]-> GO:0019662
GO:0019589 -[is_a]-> GO:0019588
GO:0019589 -[is_a]-> GO:0051143
GO:0019590 -[is_a]-> GO:0044711
GO:0019590 -[is_a]-> GO:0051158
GO:0019590 -[is_a]-> GO:1901159
GO:0019592 -[is_a]-> GO:0019407
GO:0019592 -[is_a]-> GO:0019594
GO:0019593 -[is_a]-> GO:0019406
GO:0019593 -[is_a]-> GO:0019594
GO:0019594 -[is_a]-> GO:0006059
GO:0019595 -[is_a]-> GO:0006007
GO:0019595 -[is_a]-> GO:0046430
GO:0019596 -[is_a]-> GO:0018924
GO:0019596 -[is_a]-> GO:0072329
GO:0019597 -[is_a]-> GO:0018874
GO:0019597 -[is_a]-> GO:0019596
GO:0019597 -[is_a]-> GO:0072330
GO:0019598 -[is_a]-> GO:0009713
GO:0019598 -[is_a]-> GO:0019596
GO:0019598 -[is_a]-> GO:0044711
GO:0019599 -[is_a]-> GO:0019336
GO:0019599 -[is_a]-> GO:0046431
GO:0019599 -[is_a]-> GO:0072329
GO:0019600 -[is_a]-> GO:0018970
GO:0019600 -[is_a]-> GO:0044763
GO:0019600 -[is_a]-> GO:0055114
GO:0019601 -[is_a]-> GO:0019600
GO:0019602 -[is_a]-> GO:0019600
GO:0019603 -[is_a]-> GO:0019600
GO:0019604 -[is_a]-> GO:0009712
GO:0019604 -[is_a]-> GO:0019600
GO:0019605 -[is_a]-> GO:0046459
GO:0019606 -[is_a]-> GO:0019626
GO:0019606 -[is_a]-> GO:0046361
GO:0019607 -[is_a]-> GO:0042402
GO:0019607 -[is_a]-> GO:0042443
GO:0019607 -[is_a]-> GO:1901161
GO:0019608 -[is_a]-> GO:0009822
GO:0019608 -[is_a]-> GO:0018933
GO:0019608 -[is_a]-> GO:0072526
GO:0019609 -[is_a]-> GO:0032787
GO:0019610 -[is_a]-> GO:0019609
GO:0019610 -[is_a]-> GO:0042178
GO:0019610 -[is_a]-> GO:0072329
GO:0019611 -[is_a]-> GO:0032787
GO:0019612 -[is_a]-> GO:0019611
GO:0019612 -[is_a]-> GO:0072329
GO:0019614 -[is_a]-> GO:0009712
GO:0019614 -[is_a]-> GO:0019336
GO:0019615 -[is_a]-> GO:0019614
GO:0019615 -[is_a]-> GO:0042952
GO:0019616 -[is_a]-> GO:0019614
GO:0019617 -[is_a]-> GO:0006090
GO:0019617 -[is_a]-> GO:0006107
GO:0019617 -[is_a]-> GO:0019619
GO:0019618 -[is_a]-> GO:0019619
GO:0019619 -[is_a]-> GO:0046278
GO:0019619 -[is_a]-> GO:0072329
GO:0019620 -[is_a]-> GO:0018874
GO:0019621 -[is_a]-> GO:0006602
GO:0019621 -[is_a]-> GO:0015942
GO:0019622 -[is_a]-> GO:0019439
GO:0019622 -[is_a]-> GO:0046164
GO:0019622 -[is_a]-> GO:0046435
GO:0019622 -[is_a]-> GO:0072329
GO:0019622 -[is_a]-> GO:1901361
GO:0019623 -[is_a]-> GO:0019381
GO:0019623 -[is_a]-> GO:0019627
GO:0019623 -[is_a]-> GO:0044712
GO:0019624 -[is_a]-> GO:0009308
GO:0019624 -[is_a]-> GO:0019381
GO:0019624 -[is_a]-> GO:1901160
GO:0019625 -[is_a]-> GO:0019381
GO:0019625 -[is_a]-> GO:0042199
GO:0019626 -[is_a]-> GO:0009062
GO:0019626 -[is_a]-> GO:0046459
GO:0019627 -[is_a]-> GO:0043603
GO:0019627 -[is_a]-> GO:0044281
GO:0019627 -[is_a]-> GO:0044763
GO:0019627 -[is_a]-> GO:0071941
GO:0019627 -[is_a]-> GO:1901564
GO:0019628 -[is_a]-> GO:0044282
GO:0019628 -[is_a]-> GO:0046415
GO:0019628 -[is_a]-> GO:1901575
GO:0019629 -[is_a]-> GO:0019543
GO:0019630 -[is_a]-> GO:0032787
GO:0019631 -[is_a]-> GO:0019630
GO:0019631 -[is_a]-> GO:0072329
GO:0019632 -[is_a]-> GO:0032787
GO:0019633 -[is_a]-> GO:0019632
GO:0019633 -[is_a]-> GO:0072329
GO:0019634 -[is_a]-> GO:0019637
GO:0019635 -[is_a]-> GO:0046433
GO:0019635 -[is_a]-> GO:1901161
GO:0019636 -[is_a]-> GO:0006082
GO:0019636 -[is_a]-> GO:0006793
GO:0019637 -[is_a]-> GO:0006793
GO:0019637 -[is_a]-> GO:0071704
GO:0019638 -[is_a]-> GO:0016098
GO:0019638 -[is_a]-> GO:0097176
GO:0019639 -[is_a]-> GO:0016100
GO:0019639 -[is_a]-> GO:0019638
GO:0019639 -[is_a]-> GO:0042178
GO:0019639 -[is_a]-> GO:0046700
GO:0019639 -[is_a]-> GO:1901361
GO:0019639 -[is_a]-> GO:1901502
GO:0019640 -[is_a]-> GO:0006064
GO:0019640 -[is_a]-> GO:0044711
GO:0019640 -[is_a]-> GO:1901159
GO:0019643 -[is_a]-> GO:0006099
GO:0019643 -[is_a]-> GO:0015977
GO:0019645 -[is_a]-> GO:0022904
GO:0019645 -[part_of]-> GO:0009061
GO:0019646 -[is_a]-> GO:0009060
GO:0019646 -[is_a]-> GO:0022904
GO:0019647 -[is_a]-> GO:0019649
GO:0019648 -[is_a]-> GO:0019649
GO:0019648 -[is_a]-> GO:0051167
GO:0019649 -[is_a]-> GO:0046292
GO:0019650 -[is_a]-> GO:0006006
GO:0019650 -[is_a]-> GO:0019660
GO:0019650 -[is_a]-> GO:0034077
GO:0019650 -[has_part]-> GO:0003984
GO:0019650 -[has_part]-> GO:0047605
GO:0019650 -[has_part]-> GO:0052587
GO:0019651 -[is_a]-> GO:0006101
GO:0019651 -[is_a]-> GO:0019662
GO:0019651 -[is_a]-> GO:0042180
GO:0019651 -[is_a]-> GO:0072352
GO:0019652 -[is_a]-> GO:0019541
GO:0019652 -[is_a]-> GO:0019662
GO:0019653 -[is_a]-> GO:0006145
GO:0019653 -[is_a]-> GO:0019666
GO:0019654 -[is_a]-> GO:0006083
GO:0019654 -[is_a]-> GO:0006113
GO:0019655 -[is_a]-> GO:0006006
GO:0019655 -[is_a]-> GO:0006067
GO:0019655 -[is_a]-> GO:0019660
GO:0019656 -[is_a]-> GO:0019659
GO:0019656 -[is_a]-> GO:0019662
GO:0019656 -[is_a]-> GO:1902707
GO:0019657 -[is_a]-> GO:0006007
GO:0019657 -[is_a]-> GO:0006105
GO:0019657 -[is_a]-> GO:0019541
GO:0019657 -[is_a]-> GO:0019660
GO:0019657 -[is_a]-> GO:0042867
GO:0019657 -[has_part]-> GO:0043821
GO:0019657 -[has_part]-> GO:0047154
GO:0019658 -[is_a]-> GO:0019659
GO:0019658 -[is_a]-> GO:0019662
GO:0019658 -[is_a]-> GO:1902706
GO:0019659 -[is_a]-> GO:0006007
GO:0019659 -[is_a]-> GO:0006089
GO:0019659 -[is_a]-> GO:0006113
GO:0019660 -[is_a]-> GO:0006090
GO:0019660 -[is_a]-> GO:0006113
GO:0019660 -[is_a]-> GO:0044723
GO:0019660 -[is_a]-> GO:0046031
GO:0019660 -[is_a]-> GO:0046034
GO:0019660 -[is_a]-> GO:0046496
GO:0019661 -[is_a]-> GO:0006734
GO:0019661 -[is_a]-> GO:0019659
GO:0019661 -[is_a]-> GO:0019660
GO:0019662 -[is_a]-> GO:0006113
GO:0019664 -[is_a]-> GO:0006006
GO:0019664 -[is_a]-> GO:0006067
GO:0019664 -[is_a]-> GO:0006083
GO:0019664 -[is_a]-> GO:0006089
GO:0019664 -[is_a]-> GO:0006103
GO:0019664 -[is_a]-> GO:0006105
GO:0019664 -[is_a]-> GO:0015942
GO:0019664 -[is_a]-> GO:0019660
GO:0019665 -[is_a]-> GO:0006113
GO:0019665 -[is_a]-> GO:0009063
GO:0019666 -[is_a]-> GO:0006113
GO:0019667 -[is_a]-> GO:0019665
GO:0019667 -[is_a]-> GO:0042853
GO:0019668 -[is_a]-> GO:0019665
GO:0019669 -[is_a]-> GO:0006546
GO:0019669 -[is_a]-> GO:0019665
GO:0019670 -[is_a]-> GO:0006538
GO:0019670 -[is_a]-> GO:0019665
GO:0019671 -[is_a]-> GO:0019670
GO:0019672 -[is_a]-> GO:0019662
GO:0019673 -[is_a]-> GO:0009225
GO:0019674 -[is_a]-> GO:0046496
GO:0019676 -[is_a]-> GO:0006536
GO:0019676 -[is_a]-> GO:0006541
GO:0019676 -[is_a]-> GO:0019740
GO:0019677 -[is_a]-> GO:0019364
GO:0019677 -[is_a]-> GO:0019674
GO:0019678 -[is_a]-> GO:0019541
GO:0019679 -[is_a]-> GO:0019541
GO:0019680 -[is_a]-> GO:0046491
GO:0019680 -[is_a]-> GO:0071616
GO:0019681 -[is_a]-> GO:0006103
GO:0019681 -[is_a]-> GO:0044712
GO:0019681 -[is_a]-> GO:0046356
GO:0019682 -[is_a]-> GO:0006081
GO:0019682 -[is_a]-> GO:0006796
GO:0019682 -[is_a]-> GO:0019637
GO:0019682 -[is_a]-> GO:1901135
GO:0019683 -[is_a]-> GO:0019682
GO:0019683 -[is_a]-> GO:0046185
GO:0019683 -[is_a]-> GO:0046434
GO:0019683 -[is_a]-> GO:1901136
GO:0019684 -[is_a]-> GO:0006091
GO:0019684 -[part_of]-> GO:0015979
GO:0019685 -[is_a]-> GO:0016051
GO:0019685 -[part_of]-> GO:0015979
GO:0019686 -[is_a]-> GO:0015949
GO:0019686 -[is_a]-> GO:0042278
GO:0019687 -[is_a]-> GO:0006083
GO:0019687 -[is_a]-> GO:0042866
GO:0019688 -[is_a]-> GO:0019686
GO:0019688 -[is_a]-> GO:0046122
GO:0019689 -[is_a]-> GO:0006213
GO:0019689 -[is_a]-> GO:0015949
GO:0019690 -[is_a]-> GO:0019689
GO:0019690 -[is_a]-> GO:0046125
GO:0019692 -[is_a]-> GO:0006796
GO:0019692 -[is_a]-> GO:0019637
GO:0019692 -[is_a]-> GO:1901135
GO:0019693 -[is_a]-> GO:0006796
GO:0019693 -[is_a]-> GO:0019637
GO:0019693 -[is_a]-> GO:1901135
GO:0019694 -[is_a]-> GO:0044710
GO:0019694 -[is_a]-> GO:0071704
GO:0019695 -[is_a]-> GO:0097164
GO:0019696 -[is_a]-> GO:0019600
GO:0019697 -[is_a]-> GO:0044711
GO:0019697 -[is_a]-> GO:0051160
GO:0019697 -[is_a]-> GO:1901159
GO:0019698 -[is_a]-> GO:0046396
GO:0019698 -[is_a]-> GO:0046397
GO:0019700 -[is_a]-> GO:0019634
GO:0019700 -[is_a]-> GO:0046434
GO:0019701 -[is_a]-> GO:0035246
GO:0019702 -[is_a]-> GO:0016274
GO:0019703 -[is_a]-> GO:0018198
GO:0019704 -[is_a]-> GO:0018198
GO:0019704 -[is_a]-> GO:0018377
GO:0019705 -[is_a]-> GO:0019107
GO:0019705 -[is_a]-> GO:0019707
GO:0019706 -[is_a]-> GO:0016409
GO:0019706 -[is_a]-> GO:0019707
GO:0019707 -[is_a]-> GO:0016417
GO:0019708 -[is_a]-> GO:0006501
GO:0019708 -[is_a]-> GO:0006575
GO:0019708 -[is_a]-> GO:0008203
GO:0019708 -[is_a]-> GO:0018201
GO:0019708 -[is_a]-> GO:0042398
GO:0019708 -[is_a]-> GO:0044711
GO:0019708 -[is_a]-> GO:0044763
GO:0019709 -[is_a]-> GO:0018198
GO:0019709 -[is_a]-> GO:0018202
GO:0019709 -[is_a]-> GO:0018283
GO:0019710 -[is_a]-> GO:0018196
GO:0019711 -[is_a]-> GO:0018197
GO:0019712 -[is_a]-> GO:0018390
GO:0019713 -[is_a]-> GO:0006541
GO:0019713 -[is_a]-> GO:0018390
GO:0019713 -[is_a]-> GO:0019714
GO:0019714 -[is_a]-> GO:0018199
GO:0019714 -[is_a]-> GO:0018350
GO:0019715 -[is_a]-> GO:0042264
GO:0019716 -[is_a]-> GO:0018011
GO:0019720 -[is_a]-> GO:0043545
GO:0019722 -[is_a]-> GO:0019932
GO:0019724 -[is_a]-> GO:0002449
GO:0019724 -[is_a]-> GO:0002460
GO:0019725 -[is_a]-> GO:0042592
GO:0019725 -[is_a]-> GO:0044763
GO:0019725 -[occurs_in]-> GO:0005623
GO:0019726 -[is_a]-> GO:0004495
GO:0019727 -[is_a]-> GO:0004495
GO:0019728 -[is_a]-> GO:0018158
GO:0019728 -[is_a]-> GO:0018205
GO:0019729 -[is_a]-> GO:0018149
GO:0019729 -[is_a]-> GO:0018199
GO:0019729 -[is_a]-> GO:0018201
GO:0019729 -[is_a]-> GO:0018298
GO:0019730 -[is_a]-> GO:0006959
GO:0019730 -[is_a]-> GO:0051707
GO:0019731 -[is_a]-> GO:0019730
GO:0019731 -[is_a]-> GO:0042742
GO:0019732 -[is_a]-> GO:0019730
GO:0019732 -[is_a]-> GO:0050832
GO:0019736 -[is_a]-> GO:0018201
GO:0019740 -[is_a]-> GO:0044699
GO:0019740 -[has_part]-> GO:0006807
GO:0019740 -[has_part]-> GO:0071705
GO:0019741 -[is_a]-> GO:0016105
GO:0019741 -[is_a]-> GO:0019742
GO:0019741 -[is_a]-> GO:1901361
GO:0019742 -[is_a]-> GO:0006722
GO:0019742 -[is_a]-> GO:1901360
GO:0019743 -[is_a]-> GO:0016105
GO:0019743 -[is_a]-> GO:0019744
GO:0019744 -[is_a]-> GO:0006722
GO:0019745 -[is_a]-> GO:0016104
GO:0019745 -[is_a]-> GO:0019742
GO:0019745 -[is_a]-> GO:1901362
GO:0019746 -[is_a]-> GO:0016104
GO:0019746 -[is_a]-> GO:0019744
GO:0019747 -[is_a]-> GO:0019216
GO:0019747 -[is_a]-> GO:0031323
GO:0019747 -[regulates]-> GO:0006720
GO:0019748 -[is_a]-> GO:0044710
GO:0019749 -[is_a]-> GO:0007303
GO:0019749 -[is_a]-> GO:0030705
GO:0019750 -[is_a]-> GO:0051644
GO:0019751 -[is_a]-> GO:0006066
GO:0019752 -[is_a]-> GO:0043436
GO:0019755 -[is_a]-> GO:0044765
GO:0019755 -[is_a]-> GO:0071702
GO:0019756 -[is_a]-> GO:0016138
GO:0019756 -[is_a]-> GO:0042341
GO:0019756 -[is_a]-> GO:0044550
GO:0019756 -[is_a]-> GO:0044763
GO:0019756 -[is_a]-> GO:0080028
GO:0019757 -[is_a]-> GO:0006790
GO:0019757 -[is_a]-> GO:0019748
GO:0019757 -[is_a]-> GO:0043436
GO:0019758 -[is_a]-> GO:0019757
GO:0019758 -[is_a]-> GO:0044272
GO:0019758 -[is_a]-> GO:0044550
GO:0019759 -[is_a]-> GO:0019757
GO:0019759 -[is_a]-> GO:0044273
GO:0019759 -[is_a]-> GO:0044712
GO:0019760 -[is_a]-> GO:0019757
GO:0019761 -[is_a]-> GO:0019758
GO:0019761 -[is_a]-> GO:0019760
GO:0019762 -[is_a]-> GO:0019759
GO:0019762 -[is_a]-> GO:0019760
GO:0019763 -[is_a]-> GO:0004888
GO:0019763 -[has_part]-> GO:0019865
GO:0019763 -[part_of]-> GO:0038093
GO:0019766 -[is_a]-> GO:0019763
GO:0019766 -[has_part]-> GO:0019862
GO:0019767 -[is_a]-> GO:0019763
GO:0019767 -[has_part]-> GO:0019863
GO:0019767 -[part_of]-> GO:0038095
GO:0019768 -[is_a]-> GO:0019767
GO:0019769 -[is_a]-> GO:0019767
GO:0019770 -[is_a]-> GO:0019763
GO:0019770 -[has_part]-> GO:0019864
GO:0019770 -[part_of]-> GO:0038094
GO:0019771 -[is_a]-> GO:0019770
GO:0019772 -[is_a]-> GO:0019770
GO:0019773 -[is_a]-> GO:0043234
GO:0019773 -[is_a]-> GO:0044424
GO:0019773 -[part_of]-> GO:0005839
GO:0019774 -[is_a]-> GO:0043234
GO:0019774 -[is_a]-> GO:0044424
GO:0019774 -[part_of]-> GO:0005839
GO:0019775 -[is_a]-> GO:0019787
GO:0019776 -[is_a]-> GO:0016740
GO:0019777 -[is_a]-> GO:0019787
GO:0019778 -[is_a]-> GO:0008641
GO:0019779 -[is_a]-> GO:0008641
GO:0019780 -[is_a]-> GO:0008641
GO:0019781 -[is_a]-> GO:0008641
GO:0019782 -[is_a]-> GO:0008641
GO:0019783 -[is_a]-> GO:0008234
GO:0019784 -[is_a]-> GO:0019783
GO:0019785 -[is_a]-> GO:0019783
GO:0019786 -[is_a]-> GO:0019783
GO:0019787 -[is_a]-> GO:0016740
GO:0019788 -[is_a]-> GO:0019787
GO:0019789 -[is_a]-> GO:0019787
GO:0019789 -[part_of]-> GO:0016925
GO:0019797 -[is_a]-> GO:0019798
GO:0019797 -[is_a]-> GO:0031544
GO:0019798 -[is_a]-> GO:0031543
GO:0019799 -[is_a]-> GO:0061733
GO:0019800 -[is_a]-> GO:0018149
GO:0019800 -[is_a]-> GO:0018209
GO:0019800 -[is_a]-> GO:0030204
GO:0019801 -[is_a]-> GO:0006528
GO:0019801 -[part_of]-> GO:0016539
GO:0019802 -[is_a]-> GO:0006541
GO:0019802 -[part_of]-> GO:0016539
GO:0019803 -[is_a]-> GO:0018197
GO:0019803 -[is_a]-> GO:0018214
GO:0019805 -[is_a]-> GO:0043650
GO:0019805 -[is_a]-> GO:0046874
GO:0019806 -[is_a]-> GO:0004601
GO:0019807 -[is_a]-> GO:0016811
GO:0019808 -[is_a]-> GO:0005488
GO:0019809 -[is_a]-> GO:0019808
GO:0019810 -[is_a]-> GO:0019808
GO:0019811 -[is_a]-> GO:0008144
GO:0019811 -[is_a]-> GO:0097159
GO:0019811 -[is_a]-> GO:1901363
GO:0019812 -[is_a]-> GO:0044444
GO:0019812 -[is_a]-> GO:1905347
GO:0019813 -[is_a]-> GO:0044444
GO:0019813 -[is_a]-> GO:1905347
GO:0019814 -[is_a]-> GO:0043234
GO:0019815 -[is_a]-> GO:0019814
GO:0019815 -[is_a]-> GO:0098797
GO:0019815 -[is_a]-> GO:0098802
GO:0019817 -[is_a]-> GO:0006906
GO:0019817 -[part_of]-> GO:0007031
GO:0019819 -[is_a]-> GO:0005777
GO:0019820 -[is_a]-> GO:0005777
GO:0019821 -[is_a]-> GO:0005777
GO:0019822 -[is_a]-> GO:0005777
GO:0019823 -[is_a]-> GO:0005777
GO:0019824 -[is_a]-> GO:0005777
GO:0019825 -[is_a]-> GO:0005488
GO:0019826 -[is_a]-> GO:0019825
GO:0019827 -[is_a]-> GO:0044707
GO:0019827 -[is_a]-> GO:0044767
GO:0019827 -[is_a]-> GO:0098727
GO:0019828 -[is_a]-> GO:0004866
GO:0019828 -[negatively_regulates]-> GO:0004190
GO:0019829 -[is_a]-> GO:0008324
GO:0019829 -[is_a]-> GO:0042625
GO:0019834 -[is_a]-> GO:0004859
GO:0019834 -[negatively_regulates]-> GO:0004623
GO:0019835 -[is_a]-> GO:0009987
GO:0019836 -[is_a]-> GO:0001897
GO:0019836 -[is_a]-> GO:0052331
GO:0019838 -[is_a]-> GO:0005515
GO:0019840 -[is_a]-> GO:0008289
GO:0019841 -[is_a]-> GO:0005501
GO:0019841 -[is_a]-> GO:0019842
GO:0019841 -[is_a]-> GO:0043178
GO:0019842 -[is_a]-> GO:0036094
GO:0019843 -[is_a]-> GO:0003723
GO:0019852 -[is_a]-> GO:0006767
GO:0019852 -[is_a]-> GO:0019752
GO:0019853 -[is_a]-> GO:0019852
GO:0019853 -[is_a]-> GO:0042364
GO:0019853 -[is_a]-> GO:0046394
GO:0019854 -[is_a]-> GO:0019852
GO:0019854 -[is_a]-> GO:0042365
GO:0019854 -[is_a]-> GO:0046395
GO:0019855 -[is_a]-> GO:0005246
GO:0019855 -[is_a]-> GO:0008200
GO:0019855 -[negatively_regulates]-> GO:0005262
GO:0019856 -[is_a]-> GO:0006206
GO:0019856 -[is_a]-> GO:0046112
GO:0019856 -[is_a]-> GO:0072528
GO:0019857 -[is_a]-> GO:0072527
GO:0019858 -[is_a]-> GO:0006206
GO:0019859 -[is_a]-> GO:0006206
GO:0019860 -[is_a]-> GO:0006206
GO:0019862 -[is_a]-> GO:0019865
GO:0019863 -[is_a]-> GO:0019865
GO:0019864 -[is_a]-> GO:0019865
GO:0019865 -[is_a]-> GO:0032403
GO:0019866 -[is_a]-> GO:0031090
GO:0019866 -[is_a]-> GO:0044424
GO:0019866 -[part_of]-> GO:0031967
GO:0019867 -[is_a]-> GO:0016020
GO:0019869 -[is_a]-> GO:0008200
GO:0019869 -[is_a]-> GO:0017081
GO:0019869 -[negatively_regulates]-> GO:0005254
GO:0019870 -[is_a]-> GO:0008200
GO:0019870 -[is_a]-> GO:0015459
GO:0019870 -[negatively_regulates]-> GO:0005267
GO:0019871 -[is_a]-> GO:0008200
GO:0019871 -[is_a]-> GO:0017080
GO:0019871 -[negatively_regulates]-> GO:0005272
GO:0019872 -[is_a]-> GO:0030648
GO:0019872 -[is_a]-> GO:0046173
GO:0019872 -[is_a]-> GO:0046343
GO:0019874 -[is_a]-> GO:0016812
GO:0019875 -[is_a]-> GO:0016811
GO:0019876 -[is_a]-> GO:0042178
GO:0019876 -[is_a]-> GO:0042198
GO:0019877 -[is_a]-> GO:0043650
GO:0019877 -[is_a]-> GO:0046451
GO:0019878 -[is_a]-> GO:0009085
GO:0019879 -[is_a]-> GO:0018212
GO:0019879 -[is_a]-> GO:0044249
GO:0019882 -[is_a]-> GO:0002376
GO:0019883 -[is_a]-> GO:0019882
GO:0019884 -[is_a]-> GO:0019882
GO:0019885 -[is_a]-> GO:0002474
GO:0019885 -[is_a]-> GO:0002483
GO:0019886 -[is_a]-> GO:0002478
GO:0019886 -[is_a]-> GO:0002495
GO:0019887 -[is_a]-> GO:0019207
GO:0019887 -[has_part]-> GO:0019901
GO:0019887 -[part_of]-> GO:0045859
GO:0019887 -[regulates]-> GO:0004672
GO:0019888 -[is_a]-> GO:0019208
GO:0019888 -[has_part]-> GO:0019903
GO:0019888 -[regulates]-> GO:0004721
GO:0019889 -[is_a]-> GO:0042558
GO:0019894 -[is_a]-> GO:0008092
GO:0019895 -[is_a]-> GO:0019894
GO:0019895 -[is_a]-> GO:0030674
GO:0019896 -[is_a]-> GO:0047497
GO:0019896 -[is_a]-> GO:0098930
GO:0019896 -[occurs_in]-> GO:1904115
GO:0019897 -[is_a]-> GO:0019898
GO:0019897 -[is_a]-> GO:0044459
GO:0019897 -[part_of]-> GO:0005886
GO:0019898 -[is_a]-> GO:0044425
GO:0019899 -[is_a]-> GO:0005515
GO:0019900 -[is_a]-> GO:0019899
GO:0019901 -[is_a]-> GO:0019900
GO:0019902 -[is_a]-> GO:0019899
GO:0019903 -[is_a]-> GO:0019902
GO:0019904 -[is_a]-> GO:0005515
GO:0019905 -[is_a]-> GO:0000149
GO:0019907 -[is_a]-> GO:0019908
GO:0019907 -[is_a]-> GO:0032806
GO:0019908 -[is_a]-> GO:0000307
GO:0019908 -[is_a]-> GO:0044428
GO:0019908 -[part_of]-> GO:0005634
GO:0019909 -[is_a]-> GO:0019888
GO:0019909 -[regulates]-> GO:0004741
GO:0019910 -[is_a]-> GO:0044429
GO:0019910 -[is_a]-> GO:0045253
GO:0019910 -[part_of]-> GO:0005739
GO:0019910 -[part_of]-> GO:0005759
GO:0019911 -[is_a]-> GO:0005198
GO:0019912 -[is_a]-> GO:0004672
GO:0019912 -[is_a]-> GO:0030295
GO:0019912 -[part_of]-> GO:1904031
GO:0019914 -[is_a]-> GO:0019887
GO:0019914 -[regulates]-> GO:0019912
GO:0019915 -[is_a]-> GO:0051235
GO:0019915 -[part_of]-> GO:0010876
GO:0019916 -[is_a]-> GO:0019122
GO:0019917 -[is_a]-> GO:0019122
GO:0019918 -[is_a]-> GO:0035247
GO:0019919 -[is_a]-> GO:0035247
GO:0019920 -[is_a]-> GO:0018173
GO:0019921 -[is_a]-> GO:0018173
GO:0019922 -[is_a]-> GO:0018198
GO:0019922 -[is_a]-> GO:0018298
GO:0019923 -[is_a]-> GO:0019922
GO:0019926 -[is_a]-> GO:0018158
GO:0019926 -[is_a]-> GO:0018211
GO:0019926 -[part_of]-> GO:0018069
GO:0019927 -[is_a]-> GO:0018149
GO:0019927 -[is_a]-> GO:0018198
GO:0019928 -[is_a]-> GO:0018149
GO:0019928 -[is_a]-> GO:0018197
GO:0019928 -[is_a]-> GO:0018198
GO:0019929 -[is_a]-> GO:0018149
GO:0019929 -[is_a]-> GO:0018198
GO:0019929 -[is_a]-> GO:0018200
GO:0019930 -[is_a]-> GO:0018197
GO:0019931 -[is_a]-> GO:0018205
GO:0019931 -[is_a]-> GO:0018298
GO:0019932 -[is_a]-> GO:0035556
GO:0019932 -[occurs_in]-> GO:0005622
GO:0019933 -[is_a]-> GO:0019935
GO:0019934 -[is_a]-> GO:0019935
GO:0019935 -[is_a]-> GO:0019932
GO:0019937 -[is_a]-> GO:0018419
GO:0019937 -[is_a]-> GO:0018420
GO:0019938 -[is_a]-> GO:0018420
GO:0019939 -[is_a]-> GO:0018198
GO:0019939 -[is_a]-> GO:0045234
GO:0019941 -[is_a]-> GO:0043632
GO:0019941 -[is_a]-> GO:0051603
GO:0019948 -[is_a]-> GO:0008641
GO:0019950 -[is_a]-> GO:0019941
GO:0019951 -[is_a]-> GO:0032446
GO:0019951 -[part_of]-> GO:0019950
GO:0019953 -[is_a]-> GO:0000003
GO:0019953 -[is_a]-> GO:0044703
GO:0019954 -[is_a]-> GO:0000003
GO:0019955 -[is_a]-> GO:0005515
GO:0019956 -[is_a]-> GO:0019955
GO:0019957 -[is_a]-> GO:0019956
GO:0019958 -[is_a]-> GO:0019956
GO:0019959 -[is_a]-> GO:0019958
GO:0019960 -[is_a]-> GO:0019956
GO:0019961 -[is_a]-> GO:0019955
GO:0019962 -[is_a]-> GO:0019961
GO:0019964 -[is_a]-> GO:0019961
GO:0019966 -[is_a]-> GO:0019838
GO:0019966 -[is_a]-> GO:0019955
GO:0019969 -[is_a]-> GO:0019838
GO:0019969 -[is_a]-> GO:0019955
GO:0019970 -[is_a]-> GO:0019838
GO:0019970 -[is_a]-> GO:0019955
GO:0019972 -[is_a]-> GO:0019955
GO:0019973 -[is_a]-> GO:0019955
GO:0019974 -[is_a]-> GO:0019955
GO:0019975 -[is_a]-> GO:0019955
GO:0019976 -[is_a]-> GO:0019838
GO:0019976 -[is_a]-> GO:0019955
GO:0019977 -[is_a]-> GO:0019955
GO:0019978 -[is_a]-> GO:0019838
GO:0019978 -[is_a]-> GO:0019955
GO:0019979 -[is_a]-> GO:0019838
GO:0019979 -[is_a]-> GO:0019955
GO:0019980 -[is_a]-> GO:0019838
GO:0019980 -[is_a]-> GO:0019955
GO:0019981 -[is_a]-> GO:0019838
GO:0019981 -[is_a]-> GO:0019955
GO:0019982 -[is_a]-> GO:0019838
GO:0019982 -[is_a]-> GO:0019955
GO:0019983 -[is_a]-> GO:0019838
GO:0019983 -[is_a]-> GO:0019955
GO:0019985 -[is_a]-> GO:0000731
GO:0019985 -[is_a]-> GO:0006301
GO:0019988 -[is_a]-> GO:0006400
GO:0019988 -[is_a]-> GO:0006464
GO:0019990 -[is_a]-> GO:0019889
GO:0019990 -[is_a]-> GO:0042560
GO:0019991 -[is_a]-> GO:0007043
GO:0019991 -[part_of]-> GO:0043297
GO:0019992 -[is_a]-> GO:0008289
GO:0020002 -[is_a]-> GO:0033644
GO:0020003 -[is_a]-> GO:0033655
GO:0020003 -[is_a]-> GO:0065010
GO:0020004 -[is_a]-> GO:0033643
GO:0020004 -[is_a]-> GO:0044421
GO:0020004 -[is_a]-> GO:0044422
GO:0020004 -[part_of]-> GO:0020003
GO:0020005 -[is_a]-> GO:0033643
GO:0020005 -[is_a]-> GO:0044421
GO:0020005 -[is_a]-> GO:0044422
GO:0020005 -[part_of]-> GO:0020003
GO:0020006 -[is_a]-> GO:0033643
GO:0020006 -[is_a]-> GO:0044421
GO:0020006 -[is_a]-> GO:0044422
GO:0020006 -[part_of]-> GO:0020005
GO:0020007 -[is_a]-> GO:0044464
GO:0020007 -[part_of]-> GO:0045177
GO:0020008 -[is_a]-> GO:0044464
GO:0020008 -[part_of]-> GO:0020007
GO:0020009 -[is_a]-> GO:0043231
GO:0020009 -[part_of]-> GO:0020007
GO:0020010 -[is_a]-> GO:0044430
GO:0020010 -[part_of]-> GO:0020007
GO:0020011 -[is_a]-> GO:0009536
GO:0020012 -[is_a]-> GO:0030682
GO:0020012 -[is_a]-> GO:0051805
GO:0020012 -[is_a]-> GO:0052572
GO:0020013 -[is_a]-> GO:0034118
GO:0020013 -[is_a]-> GO:0044068
GO:0020014 -[is_a]-> GO:0051301
GO:0020015 -[is_a]-> GO:0005777
GO:0020016 -[is_a]-> GO:0044441
GO:0020018 -[is_a]-> GO:0060170
GO:0020018 -[part_of]-> GO:0020016
GO:0020020 -[is_a]-> GO:0032010
GO:0020021 -[is_a]-> GO:0051701
GO:0020022 -[is_a]-> GO:0043231
GO:0020022 -[is_a]-> GO:0044444
GO:0020023 -[is_a]-> GO:0044429
GO:0020025 -[is_a]-> GO:0005874
GO:0020025 -[part_of]-> GO:0020007
GO:0020026 -[is_a]-> GO:0031410
GO:0020027 -[is_a]-> GO:0044260
GO:0020028 -[is_a]-> GO:0045184
GO:0020028 -[is_a]-> GO:0071702
GO:0020030 -[is_a]-> GO:0033655
GO:0020031 -[is_a]-> GO:0044464
GO:0020031 -[part_of]-> GO:0020007
GO:0020032 -[is_a]-> GO:0044464
GO:0020032 -[part_of]-> GO:0020007
GO:0020033 -[is_a]-> GO:0051809
GO:0020035 -[is_a]-> GO:0044406
GO:0020036 -[is_a]-> GO:0033655
GO:0020037 -[is_a]-> GO:0046906
GO:0020038 -[is_a]-> GO:0044430
GO:0020038 -[part_of]-> GO:0020039
GO:0020039 -[is_a]-> GO:0044464
GO:0021501 -[is_a]-> GO:0044767
GO:0021501 -[is_a]-> GO:0048646
GO:0021501 -[part_of]-> GO:0007399
GO:0021502 -[is_a]-> GO:0044767
GO:0021502 -[is_a]-> GO:0048646
GO:0021502 -[part_of]-> GO:0001842
GO:0021503 -[is_a]-> GO:0048598
GO:0021503 -[is_a]-> GO:0060571
GO:0021503 -[part_of]-> GO:0001842
GO:0021504 -[is_a]-> GO:0044767
GO:0021504 -[is_a]-> GO:0048646
GO:0021504 -[part_of]-> GO:0021503
GO:0021505 -[is_a]-> GO:0048598
GO:0021505 -[is_a]-> GO:0060571
GO:0021505 -[part_of]-> GO:0021503
GO:0021506 -[is_a]-> GO:0016331
GO:0021506 -[part_of]-> GO:0021995
GO:0021507 -[is_a]-> GO:0016331
GO:0021507 -[is_a]-> GO:0060608
GO:0021507 -[part_of]-> GO:0021995
GO:0021508 -[is_a]-> GO:0044767
GO:0021508 -[is_a]-> GO:0048646
GO:0021508 -[part_of]-> GO:0007418
GO:0021508 -[part_of]-> GO:0033505
GO:0021509 -[is_a]-> GO:0044767
GO:0021509 -[is_a]-> GO:0048646
GO:0021509 -[part_of]-> GO:0001841
GO:0021510 -[is_a]-> GO:0048513
GO:0021510 -[part_of]-> GO:0007417
GO:0021511 -[is_a]-> GO:0003002
GO:0021511 -[part_of]-> GO:0021510
GO:0021512 -[is_a]-> GO:0009952
GO:0021512 -[part_of]-> GO:0021511
GO:0021513 -[is_a]-> GO:0009953
GO:0021513 -[part_of]-> GO:0021511
GO:0021514 -[is_a]-> GO:0021515
GO:0021514 -[is_a]-> GO:0021953
GO:0021514 -[part_of]-> GO:0021517
GO:0021515 -[is_a]-> GO:0030154
GO:0021515 -[part_of]-> GO:0021510
GO:0021516 -[is_a]-> GO:0044767
GO:0021516 -[is_a]-> GO:0048856
GO:0021516 -[part_of]-> GO:0021510
GO:0021517 -[is_a]-> GO:0048856
GO:0021517 -[part_of]-> GO:0021510
GO:0021518 -[is_a]-> GO:0048665
GO:0021518 -[part_of]-> GO:0021528
GO:0021519 -[is_a]-> GO:0048665
GO:0021519 -[part_of]-> GO:0021527
GO:0021520 -[is_a]-> GO:0048665
GO:0021520 -[part_of]-> GO:0021522
GO:0021521 -[is_a]-> GO:0048665
GO:0021521 -[is_a]-> GO:0060573
GO:0021521 -[part_of]-> GO:0060579
GO:0021522 -[is_a]-> GO:0021515
GO:0021522 -[is_a]-> GO:0021953
GO:0021522 -[part_of]-> GO:0021517
GO:0021523 -[is_a]-> GO:0021522
GO:0021524 -[is_a]-> GO:0021522
GO:0021525 -[is_a]-> GO:0021522
GO:0021525 -[part_of]-> GO:0021523
GO:0021526 -[is_a]-> GO:0021515
GO:0021526 -[is_a]-> GO:0030182
GO:0021526 -[part_of]-> GO:0021523
GO:0021527 -[is_a]-> GO:0021515
GO:0021527 -[is_a]-> GO:0021953
GO:0021527 -[part_of]-> GO:0021516
GO:0021528 -[is_a]-> GO:0021515
GO:0021528 -[is_a]-> GO:0021953
GO:0021529 -[is_a]-> GO:0021515
GO:0021529 -[is_a]-> GO:0048709
GO:0021530 -[is_a]-> GO:0021778
GO:0021530 -[part_of]-> GO:0021529
GO:0021531 -[is_a]-> GO:0021515
GO:0021531 -[is_a]-> GO:0060019
GO:0021532 -[is_a]-> GO:0003002
GO:0021532 -[part_of]-> GO:0021915
GO:0021533 -[is_a]-> GO:0030154
GO:0021533 -[part_of]-> GO:0030902
GO:0021534 -[is_a]-> GO:0061351
GO:0021534 -[part_of]-> GO:0030902
GO:0021535 -[is_a]-> GO:0016477
GO:0021535 -[part_of]-> GO:0030902
GO:0021536 -[is_a]-> GO:0044767
GO:0021536 -[is_a]-> GO:0048856
GO:0021536 -[part_of]-> GO:0030900
GO:0021537 -[is_a]-> GO:0048856
GO:0021537 -[part_of]-> GO:0030900
GO:0021538 -[is_a]-> GO:0044767
GO:0021538 -[is_a]-> GO:0048856
GO:0021538 -[part_of]-> GO:0021536
GO:0021539 -[is_a]-> GO:0048856
GO:0021539 -[part_of]-> GO:0021536
GO:0021540 -[is_a]-> GO:0021952
GO:0021540 -[part_of]-> GO:0022038
GO:0021541 -[is_a]-> GO:0044767
GO:0021541 -[is_a]-> GO:0048856
GO:0021541 -[part_of]-> GO:0021766
GO:0021542 -[is_a]-> GO:0044767
GO:0021542 -[is_a]-> GO:0048856
GO:0021542 -[part_of]-> GO:0021766
GO:0021543 -[is_a]-> GO:0048856
GO:0021543 -[part_of]-> GO:0021537
GO:0021544 -[is_a]-> GO:0048856
GO:0021544 -[part_of]-> GO:0021537
GO:0021545 -[is_a]-> GO:0021675
GO:0021546 -[is_a]-> GO:0048856
GO:0021546 -[part_of]-> GO:0030902
GO:0021547 -[is_a]-> GO:0003002
GO:0021547 -[is_a]-> GO:0044767
GO:0021547 -[is_a]-> GO:0048646
GO:0021547 -[part_of]-> GO:0021999
GO:0021547 -[part_of]-> GO:0030917
GO:0021548 -[is_a]-> GO:0048856
GO:0021548 -[part_of]-> GO:0022037
GO:0021549 -[is_a]-> GO:0044767
GO:0021549 -[is_a]-> GO:0048856
GO:0021549 -[part_of]-> GO:0022037
GO:0021550 -[is_a]-> GO:0044767
GO:0021550 -[is_a]-> GO:0048856
GO:0021550 -[part_of]-> GO:0030902
GO:0021551 -[is_a]-> GO:0009653
GO:0021551 -[is_a]-> GO:0044767
GO:0021551 -[part_of]-> GO:0007417
GO:0021552 -[is_a]-> GO:0048532
GO:0021552 -[part_of]-> GO:0021555
GO:0021553 -[is_a]-> GO:0021545
GO:0021554 -[is_a]-> GO:0021545
GO:0021555 -[is_a]-> GO:0048598
GO:0021555 -[part_of]-> GO:0030917
GO:0021556 -[is_a]-> GO:0044767
GO:0021556 -[is_a]-> GO:0048646
GO:0021556 -[part_of]-> GO:0021551
GO:0021557 -[is_a]-> GO:0021545
GO:0021557 -[part_of]-> GO:0021783
GO:0021558 -[is_a]-> GO:0021545
GO:0021559 -[is_a]-> GO:0021545
GO:0021560 -[is_a]-> GO:0021545
GO:0021561 -[is_a]-> GO:0021545
GO:0021561 -[part_of]-> GO:0021783
GO:0021562 -[is_a]-> GO:0021545
GO:0021563 -[is_a]-> GO:0021545
GO:0021564 -[is_a]-> GO:0021545
GO:0021564 -[part_of]-> GO:0021783
GO:0021565 -[is_a]-> GO:0021545
GO:0021566 -[is_a]-> GO:0021545
GO:0021567 -[is_a]-> GO:0021546
GO:0021568 -[is_a]-> GO:0021546
GO:0021569 -[is_a]-> GO:0021546
GO:0021570 -[is_a]-> GO:0021546
GO:0021571 -[is_a]-> GO:0021546
GO:0021572 -[is_a]-> GO:0021546
GO:0021573 -[is_a]-> GO:0021546
GO:0021574 -[is_a]-> GO:0021546
GO:0021575 -[is_a]-> GO:0009653
GO:0021575 -[is_a]-> GO:0044767
GO:0021575 -[part_of]-> GO:0030902
GO:0021576 -[is_a]-> GO:0044767
GO:0021576 -[is_a]-> GO:0048646
GO:0021576 -[part_of]-> GO:0021575
GO:0021577 -[is_a]-> GO:0048532
GO:0021577 -[part_of]-> GO:0021575
GO:0021578 -[is_a]-> GO:0071695
GO:0021578 -[part_of]-> GO:0021626
GO:0021578 -[part_of]-> GO:0030902
GO:0021579 -[is_a]-> GO:0009653
GO:0021579 -[is_a]-> GO:0044767
GO:0021579 -[part_of]-> GO:0021550
GO:0021579 -[part_of]-> GO:0021575
GO:0021580 -[is_a]-> GO:0044767
GO:0021580 -[is_a]-> GO:0048646
GO:0021580 -[part_of]-> GO:0021576
GO:0021580 -[part_of]-> GO:0021579
GO:0021581 -[is_a]-> GO:0048532
GO:0021581 -[part_of]-> GO:0021577
GO:0021581 -[part_of]-> GO:0021579
GO:0021582 -[is_a]-> GO:0071695
GO:0021582 -[part_of]-> GO:0021550
GO:0021582 -[part_of]-> GO:0021578
GO:0021583 -[is_a]-> GO:0009653
GO:0021583 -[is_a]-> GO:0044767
GO:0021583 -[part_of]-> GO:0021548
GO:0021583 -[part_of]-> GO:0021575
GO:0021584 -[is_a]-> GO:0044767
GO:0021584 -[is_a]-> GO:0048646
GO:0021584 -[part_of]-> GO:0021576
GO:0021584 -[part_of]-> GO:0021583
GO:0021585 -[is_a]-> GO:0048532
GO:0021585 -[part_of]-> GO:0021577
GO:0021585 -[part_of]-> GO:0021583
GO:0021586 -[is_a]-> GO:0071695
GO:0021586 -[part_of]-> GO:0021548
GO:0021586 -[part_of]-> GO:0021578
GO:0021587 -[is_a]-> GO:0009653
GO:0021587 -[is_a]-> GO:0044767
GO:0021587 -[part_of]-> GO:0021549
GO:0021587 -[part_of]-> GO:0021575
GO:0021588 -[is_a]-> GO:0044767
GO:0021588 -[is_a]-> GO:0048646
GO:0021588 -[part_of]-> GO:0021576
GO:0021588 -[part_of]-> GO:0021587
GO:0021589 -[is_a]-> GO:0048532
GO:0021589 -[part_of]-> GO:0021577
GO:0021589 -[part_of]-> GO:0021587
GO:0021590 -[is_a]-> GO:0071695
GO:0021590 -[part_of]-> GO:0021549
GO:0021590 -[part_of]-> GO:0021578
GO:0021591 -[is_a]-> GO:0048731
GO:0021591 -[part_of]-> GO:0007420
GO:0021592 -[is_a]-> GO:0044767
GO:0021592 -[is_a]-> GO:0048856
GO:0021592 -[part_of]-> GO:0021591
GO:0021592 -[part_of]-> GO:0030902
GO:0021593 -[is_a]-> GO:0009653
GO:0021593 -[is_a]-> GO:0044767
GO:0021593 -[part_of]-> GO:0021546
GO:0021594 -[is_a]-> GO:0044767
GO:0021594 -[is_a]-> GO:0048646
GO:0021594 -[part_of]-> GO:0021593
GO:0021595 -[is_a]-> GO:0048532
GO:0021595 -[part_of]-> GO:0021593
GO:0021597 -[is_a]-> GO:0048532
GO:0021597 -[part_of]-> GO:0021551
GO:0021598 -[is_a]-> GO:0021602
GO:0021598 -[part_of]-> GO:0021560
GO:0021599 -[is_a]-> GO:0021603
GO:0021599 -[part_of]-> GO:0021598
GO:0021600 -[is_a]-> GO:0021604
GO:0021600 -[part_of]-> GO:0021598
GO:0021601 -[is_a]-> GO:0021605
GO:0021601 -[part_of]-> GO:0021560
GO:0021602 -[is_a]-> GO:0009653
GO:0021602 -[is_a]-> GO:0044767
GO:0021602 -[part_of]-> GO:0021545
GO:0021603 -[is_a]-> GO:0044767
GO:0021603 -[is_a]-> GO:0048646
GO:0021603 -[part_of]-> GO:0021602
GO:0021604 -[is_a]-> GO:0048532
GO:0021604 -[part_of]-> GO:0021602
GO:0021605 -[is_a]-> GO:0021682
GO:0021605 -[part_of]-> GO:0021545
GO:0021606 -[is_a]-> GO:0021605
GO:0021606 -[part_of]-> GO:0021565
GO:0021607 -[is_a]-> GO:0021602
GO:0021607 -[part_of]-> GO:0021565
GO:0021608 -[is_a]-> GO:0021603
GO:0021608 -[part_of]-> GO:0021607
GO:0021609 -[is_a]-> GO:0021604
GO:0021609 -[part_of]-> GO:0021607
GO:0021610 -[is_a]-> GO:0021602
GO:0021610 -[part_of]-> GO:0021561
GO:0021611 -[is_a]-> GO:0021603
GO:0021611 -[part_of]-> GO:0021610
GO:0021612 -[is_a]-> GO:0021604
GO:0021612 -[part_of]-> GO:0021610
GO:0021613 -[is_a]-> GO:0021605
GO:0021613 -[part_of]-> GO:0021561
GO:0021614 -[is_a]-> GO:0021605
GO:0021614 -[part_of]-> GO:0021563
GO:0021615 -[is_a]-> GO:0021602
GO:0021615 -[part_of]-> GO:0021563
GO:0021616 -[is_a]-> GO:0021603
GO:0021616 -[part_of]-> GO:0021615
GO:0021617 -[is_a]-> GO:0021604
GO:0021617 -[part_of]-> GO:0021615
GO:0021618 -[is_a]-> GO:0021602
GO:0021618 -[part_of]-> GO:0021566
GO:0021619 -[is_a]-> GO:0021605
GO:0021619 -[part_of]-> GO:0021566
GO:0021620 -[is_a]-> GO:0021603
GO:0021620 -[part_of]-> GO:0021618
GO:0021621 -[is_a]-> GO:0021604
GO:0021621 -[part_of]-> GO:0021618
GO:0021622 -[is_a]-> GO:0021602
GO:0021622 -[part_of]-> GO:0021557
GO:0021623 -[is_a]-> GO:0021603
GO:0021623 -[part_of]-> GO:0021622
GO:0021624 -[is_a]-> GO:0021604
GO:0021624 -[part_of]-> GO:0021622
GO:0021625 -[is_a]-> GO:0021605
GO:0021625 -[part_of]-> GO:0021557
GO:0021626 -[is_a]-> GO:0071695
GO:0021626 -[part_of]-> GO:0007417
GO:0021627 -[is_a]-> GO:0021602
GO:0021627 -[part_of]-> GO:0021553
GO:0021628 -[is_a]-> GO:0021603
GO:0021628 -[part_of]-> GO:0021627
GO:0021629 -[is_a]-> GO:0021604
GO:0021629 -[part_of]-> GO:0021627
GO:0021630 -[is_a]-> GO:0021605
GO:0021630 -[part_of]-> GO:0021553
GO:0021631 -[is_a]-> GO:0021602
GO:0021631 -[part_of]-> GO:0021554
GO:0021632 -[is_a]-> GO:0021605
GO:0021632 -[part_of]-> GO:0021554
GO:0021633 -[is_a]-> GO:0021604
GO:0021633 -[part_of]-> GO:0021631
GO:0021634 -[is_a]-> GO:0021603
GO:0021634 -[part_of]-> GO:0021631
GO:0021635 -[is_a]-> GO:0021605
GO:0021635 -[part_of]-> GO:0021559
GO:0021636 -[is_a]-> GO:0021602
GO:0021636 -[part_of]-> GO:0021559
GO:0021637 -[is_a]-> GO:0021604
GO:0021637 -[part_of]-> GO:0021636
GO:0021638 -[is_a]-> GO:0021603
GO:0021638 -[part_of]-> GO:0021636
GO:0021639 -[is_a]-> GO:0021602
GO:0021639 -[part_of]-> GO:0021558
GO:0021640 -[is_a]-> GO:0021605
GO:0021640 -[part_of]-> GO:0021558
GO:0021641 -[is_a]-> GO:0021604
GO:0021641 -[part_of]-> GO:0021639
GO:0021642 -[is_a]-> GO:0021603
GO:0021642 -[part_of]-> GO:0021639
GO:0021643 -[is_a]-> GO:0021605
GO:0021643 -[part_of]-> GO:0021564
GO:0021644 -[is_a]-> GO:0021602
GO:0021644 -[part_of]-> GO:0021564
GO:0021645 -[is_a]-> GO:0021604
GO:0021645 -[part_of]-> GO:0021644
GO:0021646 -[is_a]-> GO:0021603
GO:0021646 -[part_of]-> GO:0021644
GO:0021647 -[is_a]-> GO:0021605
GO:0021647 -[part_of]-> GO:0021562
GO:0021648 -[is_a]-> GO:0021602
GO:0021648 -[part_of]-> GO:0021562
GO:0021649 -[is_a]-> GO:0021604
GO:0021649 -[part_of]-> GO:0021648
GO:0021650 -[is_a]-> GO:0021603
GO:0021650 -[part_of]-> GO:0021648
GO:0021651 -[is_a]-> GO:0021593
GO:0021651 -[part_of]-> GO:0021567
GO:0021652 -[is_a]-> GO:0021594
GO:0021652 -[part_of]-> GO:0021651
GO:0021653 -[is_a]-> GO:0021595
GO:0021653 -[part_of]-> GO:0021651
GO:0021654 -[is_a]-> GO:0048859
GO:0021654 -[part_of]-> GO:0021594
GO:0021655 -[is_a]-> GO:0021593
GO:0021655 -[part_of]-> GO:0021568
GO:0021656 -[is_a]-> GO:0021595
GO:0021656 -[part_of]-> GO:0021655
GO:0021657 -[is_a]-> GO:0021594
GO:0021657 -[part_of]-> GO:0021655
GO:0021658 -[is_a]-> GO:0021593
GO:0021658 -[part_of]-> GO:0021569
GO:0021659 -[is_a]-> GO:0021595
GO:0021659 -[part_of]-> GO:0021658
GO:0021660 -[is_a]-> GO:0021594
GO:0021660 -[part_of]-> GO:0021658
GO:0021661 -[is_a]-> GO:0021593
GO:0021661 -[part_of]-> GO:0021570
GO:0021662 -[is_a]-> GO:0021595
GO:0021662 -[part_of]-> GO:0021661
GO:0021663 -[is_a]-> GO:0021594
GO:0021663 -[part_of]-> GO:0021661
GO:0021664 -[is_a]-> GO:0021593
GO:0021664 -[part_of]-> GO:0021571
GO:0021665 -[is_a]-> GO:0021595
GO:0021665 -[part_of]-> GO:0021664
GO:0021666 -[is_a]-> GO:0021594
GO:0021666 -[part_of]-> GO:0021664
GO:0021667 -[is_a]-> GO:0021593
GO:0021667 -[part_of]-> GO:0021572
GO:0021668 -[is_a]-> GO:0021595
GO:0021668 -[part_of]-> GO:0021667
GO:0021669 -[is_a]-> GO:0021594
GO:0021669 -[part_of]-> GO:0021667
GO:0021670 -[is_a]-> GO:0044767
GO:0021670 -[is_a]-> GO:0048856
GO:0021670 -[part_of]-> GO:0021537
GO:0021670 -[part_of]-> GO:0021591
GO:0021671 -[is_a]-> GO:0021593
GO:0021671 -[part_of]-> GO:0021573
GO:0021672 -[is_a]-> GO:0021595
GO:0021672 -[part_of]-> GO:0021671
GO:0021673 -[is_a]-> GO:0021594
GO:0021673 -[part_of]-> GO:0021671
GO:0021674 -[is_a]-> GO:0021593
GO:0021674 -[part_of]-> GO:0021574
GO:0021675 -[is_a]-> GO:0044767
GO:0021675 -[is_a]-> GO:0048856
GO:0021675 -[part_of]-> GO:0007399
GO:0021676 -[is_a]-> GO:0021595
GO:0021676 -[part_of]-> GO:0021674
GO:0021677 -[is_a]-> GO:0021594
GO:0021677 -[part_of]-> GO:0021674
GO:0021678 -[is_a]-> GO:0048856
GO:0021678 -[part_of]-> GO:0021591
GO:0021679 -[is_a]-> GO:0044767
GO:0021679 -[is_a]-> GO:0048856
GO:0021679 -[part_of]-> GO:0021695
GO:0021680 -[is_a]-> GO:0044767
GO:0021680 -[is_a]-> GO:0048856
GO:0021680 -[part_of]-> GO:0021695
GO:0021681 -[is_a]-> GO:0044767
GO:0021681 -[is_a]-> GO:0048856
GO:0021681 -[part_of]-> GO:0021695
GO:0021682 -[is_a]-> GO:0071695
GO:0021682 -[part_of]-> GO:0021675
GO:0021683 -[is_a]-> GO:0009653
GO:0021683 -[is_a]-> GO:0044767
GO:0021683 -[part_of]-> GO:0021681
GO:0021683 -[part_of]-> GO:0021696
GO:0021684 -[is_a]-> GO:0044767
GO:0021684 -[is_a]-> GO:0048646
GO:0021684 -[part_of]-> GO:0021683
GO:0021684 -[part_of]-> GO:0021697
GO:0021685 -[is_a]-> GO:0048532
GO:0021685 -[part_of]-> GO:0021683
GO:0021685 -[part_of]-> GO:0021698
GO:0021686 -[is_a]-> GO:0071695
GO:0021686 -[part_of]-> GO:0021681
GO:0021686 -[part_of]-> GO:0021699
GO:0021687 -[is_a]-> GO:0009653
GO:0021687 -[is_a]-> GO:0044767
GO:0021687 -[part_of]-> GO:0021679
GO:0021687 -[part_of]-> GO:0021696
GO:0021688 -[is_a]-> GO:0044767
GO:0021688 -[is_a]-> GO:0048646
GO:0021688 -[part_of]-> GO:0021687
GO:0021688 -[part_of]-> GO:0021697
GO:0021689 -[is_a]-> GO:0048532
GO:0021689 -[part_of]-> GO:0021687
GO:0021689 -[part_of]-> GO:0021698
GO:0021690 -[is_a]-> GO:0071695
GO:0021690 -[part_of]-> GO:0021679
GO:0021690 -[part_of]-> GO:0021699
GO:0021691 -[is_a]-> GO:0071695
GO:0021691 -[part_of]-> GO:0021680
GO:0021691 -[part_of]-> GO:0021699
GO:0021692 -[is_a]-> GO:0009653
GO:0021692 -[is_a]-> GO:0044767
GO:0021692 -[part_of]-> GO:0021680
GO:0021692 -[part_of]-> GO:0021696
GO:0021693 -[is_a]-> GO:0048532
GO:0021693 -[part_of]-> GO:0021692
GO:0021693 -[part_of]-> GO:0021698
GO:0021694 -[is_a]-> GO:0044767
GO:0021694 -[is_a]-> GO:0048646
GO:0021694 -[part_of]-> GO:0021692
GO:0021694 -[part_of]-> GO:0021697
GO:0021695 -[is_a]-> GO:0044767
GO:0021695 -[is_a]-> GO:0048856
GO:0021695 -[part_of]-> GO:0021549
GO:0021696 -[is_a]-> GO:0009653
GO:0021696 -[is_a]-> GO:0044767
GO:0021696 -[part_of]-> GO:0021587
GO:0021696 -[part_of]-> GO:0021695
GO:0021697 -[is_a]-> GO:0044767
GO:0021697 -[is_a]-> GO:0048646
GO:0021697 -[part_of]-> GO:0021696
GO:0021698 -[is_a]-> GO:0048532
GO:0021698 -[part_of]-> GO:0021696
GO:0021699 -[is_a]-> GO:0071695
GO:0021699 -[part_of]-> GO:0021590
GO:0021699 -[part_of]-> GO:0021695
GO:0021700 -[is_a]-> GO:0044767
GO:0021701 -[is_a]-> GO:0021533
GO:0021701 -[is_a]-> GO:0021953
GO:0021701 -[is_a]-> GO:0097154
GO:0021701 -[part_of]-> GO:0021684
GO:0021702 -[is_a]-> GO:0021533
GO:0021702 -[is_a]-> GO:0021953
GO:0021702 -[part_of]-> GO:0021694
GO:0021703 -[is_a]-> GO:0048857
GO:0021703 -[part_of]-> GO:0021548
GO:0021704 -[is_a]-> GO:0009653
GO:0021704 -[is_a]-> GO:0044767
GO:0021704 -[part_of]-> GO:0021583
GO:0021704 -[part_of]-> GO:0021703
GO:0021705 -[is_a]-> GO:0044767
GO:0021705 -[is_a]-> GO:0048646
GO:0021705 -[part_of]-> GO:0021584
GO:0021705 -[part_of]-> GO:0021704
GO:0021706 -[is_a]-> GO:0071695
GO:0021706 -[part_of]-> GO:0021586
GO:0021706 -[part_of]-> GO:0021703
GO:0021707 -[is_a]-> GO:0021533
GO:0021707 -[is_a]-> GO:0021953
GO:0021707 -[part_of]-> GO:0021684
GO:0021708 -[is_a]-> GO:0021533
GO:0021708 -[is_a]-> GO:0021953
GO:0021708 -[is_a]-> GO:0097154
GO:0021708 -[part_of]-> GO:0021697
GO:0021709 -[is_a]-> GO:0021533
GO:0021709 -[is_a]-> GO:0021953
GO:0021709 -[part_of]-> GO:0021688
GO:0021710 -[is_a]-> GO:0021533
GO:0021710 -[is_a]-> GO:0021953
GO:0021710 -[part_of]-> GO:0021688
GO:0021711 -[is_a]-> GO:0021533
GO:0021711 -[is_a]-> GO:0021953
GO:0021711 -[part_of]-> GO:0021684
GO:0021712 -[is_a]-> GO:0021533
GO:0021712 -[is_a]-> GO:0021953
GO:0021712 -[part_of]-> GO:0021694
GO:0021713 -[is_a]-> GO:0048857
GO:0021713 -[part_of]-> GO:0021550
GO:0021714 -[is_a]-> GO:0009653
GO:0021714 -[is_a]-> GO:0044767
GO:0021714 -[part_of]-> GO:0021579
GO:0021714 -[part_of]-> GO:0021713
GO:0021715 -[is_a]-> GO:0044767
GO:0021715 -[is_a]-> GO:0048646
GO:0021715 -[part_of]-> GO:0021580
GO:0021715 -[part_of]-> GO:0021714
GO:0021716 -[is_a]-> GO:0048532
GO:0021716 -[part_of]-> GO:0021581
GO:0021716 -[part_of]-> GO:0021714
GO:0021717 -[is_a]-> GO:0071695
GO:0021717 -[part_of]-> GO:0021582
GO:0021717 -[part_of]-> GO:0021713
GO:0021718 -[is_a]-> GO:0048857
GO:0021718 -[part_of]-> GO:0021548
GO:0021719 -[is_a]-> GO:0009653
GO:0021719 -[is_a]-> GO:0044767
GO:0021719 -[part_of]-> GO:0021583
GO:0021719 -[part_of]-> GO:0021718
GO:0021720 -[is_a]-> GO:0044767
GO:0021720 -[is_a]-> GO:0048646
GO:0021720 -[part_of]-> GO:0021584
GO:0021720 -[part_of]-> GO:0021719
GO:0021721 -[is_a]-> GO:0048532
GO:0021721 -[part_of]-> GO:0021585
GO:0021721 -[part_of]-> GO:0021719
GO:0021722 -[is_a]-> GO:0071695
GO:0021722 -[part_of]-> GO:0021586
GO:0021722 -[part_of]-> GO:0021718
GO:0021723 -[is_a]-> GO:0044767
GO:0021723 -[is_a]-> GO:0048856
GO:0021723 -[part_of]-> GO:0021550
GO:0021724 -[is_a]-> GO:0048857
GO:0021724 -[part_of]-> GO:0021723
GO:0021725 -[is_a]-> GO:0048857
GO:0021725 -[part_of]-> GO:0021723
GO:0021726 -[is_a]-> GO:0048857
GO:0021726 -[part_of]-> GO:0021723
GO:0021727 -[is_a]-> GO:0044767
GO:0021727 -[is_a]-> GO:0048856
GO:0021727 -[part_of]-> GO:0021723
GO:0021728 -[is_a]-> GO:0048857
GO:0021728 -[part_of]-> GO:0021723
GO:0021729 -[is_a]-> GO:0048856
GO:0021729 -[part_of]-> GO:0021723
GO:0021730 -[is_a]-> GO:0048857
GO:0021730 -[part_of]-> GO:0007420
GO:0021731 -[is_a]-> GO:0048857
GO:0021731 -[part_of]-> GO:0021548
GO:0021732 -[is_a]-> GO:0071695
GO:0021732 -[part_of]-> GO:0030917
GO:0021735 -[is_a]-> GO:0048857
GO:0021735 -[part_of]-> GO:0021549
GO:0021736 -[is_a]-> GO:0048857
GO:0021736 -[part_of]-> GO:0021549
GO:0021737 -[is_a]-> GO:0048857
GO:0021737 -[part_of]-> GO:0021549
GO:0021738 -[is_a]-> GO:0048857
GO:0021738 -[part_of]-> GO:0021549
GO:0021739 -[is_a]-> GO:0021730
GO:0021740 -[is_a]-> GO:0021730
GO:0021741 -[is_a]-> GO:0021730
GO:0021742 -[is_a]-> GO:0048857
GO:0021742 -[part_of]-> GO:0021548
GO:0021743 -[is_a]-> GO:0048857
GO:0021743 -[part_of]-> GO:0021550
GO:0021744 -[is_a]-> GO:0048857
GO:0021744 -[part_of]-> GO:0021550
GO:0021745 -[is_a]-> GO:0048857
GO:0021745 -[part_of]-> GO:0021550
GO:0021746 -[is_a]-> GO:0048857
GO:0021746 -[part_of]-> GO:0021550
GO:0021747 -[is_a]-> GO:0048857
GO:0021747 -[part_of]-> GO:0021548
GO:0021748 -[is_a]-> GO:0021747
GO:0021749 -[is_a]-> GO:0021747
GO:0021750 -[is_a]-> GO:0048857
GO:0021750 -[part_of]-> GO:0021548
GO:0021750 -[part_of]-> GO:0021550
GO:0021751 -[is_a]-> GO:0048857
GO:0021751 -[part_of]-> GO:0021548
GO:0021752 -[is_a]-> GO:0021751
GO:0021753 -[is_a]-> GO:0021751
GO:0021754 -[is_a]-> GO:0048857
GO:0021754 -[part_of]-> GO:0021548
GO:0021755 -[is_a]-> GO:0021533
GO:0021755 -[is_a]-> GO:0021953
GO:0021755 -[part_of]-> GO:0021697
GO:0021756 -[is_a]-> GO:0048856
GO:0021756 -[part_of]-> GO:0021544
GO:0021757 -[is_a]-> GO:0048857
GO:0021757 -[part_of]-> GO:0021756
GO:0021758 -[is_a]-> GO:0048857
GO:0021758 -[part_of]-> GO:0021756
GO:0021759 -[is_a]-> GO:0048857
GO:0021759 -[part_of]-> GO:0021536
GO:0021761 -[is_a]-> GO:0048731
GO:0021761 -[part_of]-> GO:0030900
GO:0021762 -[is_a]-> GO:0048857
GO:0021762 -[part_of]-> GO:0030901
GO:0021763 -[is_a]-> GO:0048857
GO:0021763 -[part_of]-> GO:0021539
GO:0021764 -[is_a]-> GO:0044767
GO:0021764 -[is_a]-> GO:0048856
GO:0021764 -[part_of]-> GO:0021761
GO:0021765 -[is_a]-> GO:0044767
GO:0021765 -[is_a]-> GO:0048856
GO:0021765 -[part_of]-> GO:0021761
GO:0021766 -[is_a]-> GO:0044767
GO:0021766 -[is_a]-> GO:0048856
GO:0021766 -[part_of]-> GO:0021543
GO:0021766 -[part_of]-> GO:0021761
GO:0021767 -[is_a]-> GO:0044767
GO:0021767 -[is_a]-> GO:0048856
GO:0021767 -[part_of]-> GO:0021536
GO:0021767 -[part_of]-> GO:0021761
GO:0021768 -[is_a]-> GO:0048857
GO:0021768 -[part_of]-> GO:0021756
GO:0021768 -[part_of]-> GO:0021761
GO:0021769 -[is_a]-> GO:0044767
GO:0021769 -[is_a]-> GO:0048856
GO:0021769 -[part_of]-> GO:0021761
GO:0021770 -[is_a]-> GO:0048856
GO:0021770 -[part_of]-> GO:0021761
GO:0021771 -[is_a]-> GO:0048857
GO:0021771 -[part_of]-> GO:0021794
GO:0021772 -[is_a]-> GO:0044767
GO:0021772 -[is_a]-> GO:0048856
GO:0021772 -[part_of]-> GO:0021988
GO:0021773 -[is_a]-> GO:0021879
GO:0021773 -[part_of]-> GO:0021756
GO:0021774 -[is_a]-> GO:0060895
GO:0021774 -[part_of]-> GO:0021521
GO:0021775 -[is_a]-> GO:0021910
GO:0021775 -[part_of]-> GO:0021521
GO:0021776 -[is_a]-> GO:0021910
GO:0021776 -[part_of]-> GO:0021520
GO:0021777 -[is_a]-> GO:0021919
GO:0021777 -[is_a]-> GO:0021920
GO:0021777 -[part_of]-> GO:0021519
GO:0021778 -[is_a]-> GO:0021780
GO:0021778 -[part_of]-> GO:0021779
GO:0021779 -[is_a]-> GO:0021781
GO:0021779 -[is_a]-> GO:0048709
GO:0021780 -[is_a]-> GO:0001708
GO:0021780 -[part_of]-> GO:0021781
GO:0021781 -[is_a]-> GO:0045165
GO:0021781 -[part_of]-> GO:0010001
GO:0021782 -[is_a]-> GO:0048468
GO:0021782 -[part_of]-> GO:0010001
GO:0021783 -[is_a]-> GO:0048731
GO:0021783 -[part_of]-> GO:0007417
GO:0021783 -[part_of]-> GO:0048486
GO:0021784 -[is_a]-> GO:0048483
GO:0021784 -[part_of]-> GO:0007422
GO:0021784 -[part_of]-> GO:0048486
GO:0021785 -[is_a]-> GO:0008045
GO:0021786 -[is_a]-> GO:0021785
GO:0021787 -[is_a]-> GO:0021786
GO:0021787 -[is_a]-> GO:0021793
GO:0021788 -[is_a]-> GO:0021786
GO:0021788 -[is_a]-> GO:0021792
GO:0021789 -[is_a]-> GO:0021785
GO:0021790 -[is_a]-> GO:0021789
GO:0021790 -[is_a]-> GO:0021793
GO:0021791 -[is_a]-> GO:0021789
GO:0021791 -[is_a]-> GO:0021792
GO:0021792 -[is_a]-> GO:0061642
GO:0021792 -[part_of]-> GO:0021785
GO:0021793 -[is_a]-> GO:0061643
GO:0021793 -[part_of]-> GO:0021785
GO:0021794 -[is_a]-> GO:0048856
GO:0021794 -[part_of]-> GO:0021536
GO:0021795 -[is_a]-> GO:0022029
GO:0021795 -[part_of]-> GO:0021987
GO:0021796 -[is_a]-> GO:0003002
GO:0021796 -[part_of]-> GO:0021978
GO:0021796 -[part_of]-> GO:0021987
GO:0021797 -[is_a]-> GO:0009952
GO:0021797 -[part_of]-> GO:0021871
GO:0021798 -[is_a]-> GO:0009953
GO:0021798 -[part_of]-> GO:0021871
GO:0021799 -[is_a]-> GO:0021795
GO:0021800 -[is_a]-> GO:0021795
GO:0021801 -[is_a]-> GO:0021799
GO:0021801 -[is_a]-> GO:0022030
GO:0021802 -[is_a]-> GO:0021799
GO:0021803 -[is_a]-> GO:0030031
GO:0021803 -[part_of]-> GO:0021802
GO:0021804 -[is_a]-> GO:0007162
GO:0021804 -[part_of]-> GO:0021802
GO:0021805 -[is_a]-> GO:0048870
GO:0021805 -[part_of]-> GO:0021802
GO:0021806 -[is_a]-> GO:0048869
GO:0021806 -[part_of]-> GO:0001667
GO:0021806 -[part_of]-> GO:0021814
GO:0021807 -[is_a]-> GO:0007154
GO:0021807 -[is_a]-> GO:0044700
GO:0021807 -[part_of]-> GO:0021806
GO:0021808 -[is_a]-> GO:0019722
GO:0021808 -[part_of]-> GO:0021806
GO:0021809 -[is_a]-> GO:0021807
GO:0021810 -[is_a]-> GO:0021807
GO:0021811 -[is_a]-> GO:0021807
GO:0021812 -[is_a]-> GO:0016337
GO:0021812 -[part_of]-> GO:0021801
GO:0021813 -[is_a]-> GO:0098742
GO:0021813 -[part_of]-> GO:0021812
GO:0021814 -[is_a]-> GO:0048870
GO:0021814 -[part_of]-> GO:0021801
GO:0021815 -[is_a]-> GO:0000226
GO:0021815 -[part_of]-> GO:0021801
GO:0021815 -[part_of]-> GO:0021814
GO:0021816 -[is_a]-> GO:0021815
GO:0021816 -[is_a]-> GO:0031269
GO:0021817 -[is_a]-> GO:0030473
GO:0021817 -[part_of]-> GO:0021815
GO:0021818 -[is_a]-> GO:0030036
GO:0021818 -[part_of]-> GO:0021814
GO:0021819 -[is_a]-> GO:0044767
GO:0021819 -[is_a]-> GO:0048646
GO:0021819 -[part_of]-> GO:0021801
GO:0021820 -[is_a]-> GO:0030198
GO:0021820 -[part_of]-> GO:0021819
GO:0021821 -[is_a]-> GO:0022408
GO:0021821 -[part_of]-> GO:0021819
GO:0021822 -[is_a]-> GO:1903976
GO:0021822 -[negatively_regulates]-> GO:0021814
GO:0021822 -[part_of]-> GO:0021819
GO:0021823 -[is_a]-> GO:0021825
GO:0021824 -[is_a]-> GO:0021825
GO:0021825 -[is_a]-> GO:0006929
GO:0021825 -[is_a]-> GO:0021800
GO:0021826 -[is_a]-> GO:0022029
GO:0021827 -[is_a]-> GO:0021823
GO:0021827 -[is_a]-> GO:0022028
GO:0021827 -[part_of]-> GO:0021891
GO:0021828 -[is_a]-> GO:0001764
GO:0021828 -[is_a]-> GO:0021824
GO:0021828 -[is_a]-> GO:0021856
GO:0021828 -[part_of]-> GO:0021888
GO:0021829 -[is_a]-> GO:0021826
GO:0021829 -[is_a]-> GO:0022030
GO:0021830 -[is_a]-> GO:0021843
GO:0021831 -[is_a]-> GO:0021843
GO:0021831 -[is_a]-> GO:0022028
GO:0021831 -[part_of]-> GO:0021891
GO:0021832 -[is_a]-> GO:0016337
GO:0021832 -[is_a]-> GO:0098742
GO:0021832 -[part_of]-> GO:0021823
GO:0021833 -[is_a]-> GO:0031589
GO:0021833 -[part_of]-> GO:0021823
GO:0021834 -[is_a]-> GO:0050919
GO:0021834 -[part_of]-> GO:0021831
GO:0021835 -[is_a]-> GO:0050918
GO:0021835 -[part_of]-> GO:0021831
GO:0021836 -[is_a]-> GO:0050919
GO:0021836 -[part_of]-> GO:0021827
GO:0021837 -[is_a]-> GO:0007154
GO:0021837 -[is_a]-> GO:0044700
GO:0021837 -[part_of]-> GO:0021827
GO:0021838 -[is_a]-> GO:0007154
GO:0021838 -[is_a]-> GO:0044700
GO:0021838 -[part_of]-> GO:0021830
GO:0021839 -[is_a]-> GO:0031589
GO:0021839 -[part_of]-> GO:0021830
GO:0021840 -[is_a]-> GO:0030334
GO:0021840 -[part_of]-> GO:0021830
GO:0021841 -[is_a]-> GO:0050918
GO:0021841 -[part_of]-> GO:0021830
GO:0021841 -[part_of]-> GO:0021840
GO:0021842 -[is_a]-> GO:0050919
GO:0021842 -[part_of]-> GO:0021830
GO:0021842 -[part_of]-> GO:0021840
GO:0021843 -[is_a]-> GO:0021826
GO:0021844 -[is_a]-> GO:0042330
GO:0021844 -[part_of]-> GO:0021843
GO:0021845 -[is_a]-> GO:0030334
GO:0021845 -[part_of]-> GO:0021843
GO:0021846 -[is_a]-> GO:0061351
GO:0021846 -[part_of]-> GO:0030900
GO:0021847 -[is_a]-> GO:0021869
GO:0021847 -[is_a]-> GO:0021873
GO:0021848 -[is_a]-> GO:0021873
GO:0021848 -[part_of]-> GO:0022012
GO:0021849 -[is_a]-> GO:0021873
GO:0021849 -[part_of]-> GO:0021846
GO:0021850 -[is_a]-> GO:0048860
GO:0021850 -[part_of]-> GO:0022012
GO:0021851 -[is_a]-> GO:0021848
GO:0021852 -[is_a]-> GO:0001764
GO:0021852 -[is_a]-> GO:0021801
GO:0021852 -[part_of]-> GO:0021860
GO:0021853 -[is_a]-> GO:0021830
GO:0021853 -[is_a]-> GO:1904936
GO:0021853 -[part_of]-> GO:0021894
GO:0021854 -[is_a]-> GO:0044767
GO:0021854 -[is_a]-> GO:0048856
GO:0021854 -[part_of]-> GO:0021536
GO:0021854 -[part_of]-> GO:0021761
GO:0021855 -[is_a]-> GO:0016477
GO:0021855 -[part_of]-> GO:0021854
GO:0021856 -[is_a]-> GO:0021855
GO:0021858 -[is_a]-> GO:0097154
GO:0021859 -[is_a]-> GO:0021953
GO:0021860 -[is_a]-> GO:0021884
GO:0021860 -[part_of]-> GO:0021859
GO:0021861 -[is_a]-> GO:0060019
GO:0021861 -[part_of]-> GO:0021872
GO:0021862 -[is_a]-> GO:0021879
GO:0021863 -[is_a]-> GO:0014016
GO:0021863 -[part_of]-> GO:0021872
GO:0021864 -[is_a]-> GO:0051301
GO:0021864 -[part_of]-> GO:0021846
GO:0021865 -[is_a]-> GO:0021864
GO:0021866 -[is_a]-> GO:0021864
GO:0021867 -[is_a]-> GO:0021866
GO:0021868 -[is_a]-> GO:0021866
GO:0021869 -[is_a]-> GO:0051301
GO:0021869 -[part_of]-> GO:0021846
GO:0021870 -[is_a]-> GO:0021895
GO:0021871 -[is_a]-> GO:0003002
GO:0021871 -[part_of]-> GO:0030900
GO:0021872 -[is_a]-> GO:0048699
GO:0021872 -[part_of]-> GO:0030900
GO:0021873 -[is_a]-> GO:0055057
GO:0021873 -[part_of]-> GO:0021872
GO:0021874 -[is_a]-> GO:0016055
GO:0021874 -[part_of]-> GO:0021873
GO:0021875 -[is_a]-> GO:0008543
GO:0021875 -[part_of]-> GO:0021873
GO:0021876 -[is_a]-> GO:0007219
GO:0021876 -[part_of]-> GO:0021873
GO:0021877 -[is_a]-> GO:0048663
GO:0021877 -[part_of]-> GO:0021879
GO:0021878 -[is_a]-> GO:0060018
GO:0021878 -[part_of]-> GO:0021896
GO:0021879 -[is_a]-> GO:0021953
GO:0021879 -[part_of]-> GO:0021872
GO:0021880 -[is_a]-> GO:0007219
GO:0021880 -[part_of]-> GO:0021877
GO:0021880 -[part_of]-> GO:0021898
GO:0021881 -[is_a]-> GO:0016055
GO:0021881 -[part_of]-> GO:0021877
GO:0021881 -[part_of]-> GO:0021898
GO:0021882 -[is_a]-> GO:0060850
GO:0021882 -[part_of]-> GO:0021877
GO:0021882 -[part_of]-> GO:0021898
GO:0021883 -[is_a]-> GO:0007050
GO:0021883 -[part_of]-> GO:0021879
GO:0021884 -[is_a]-> GO:0021954
GO:0021884 -[part_of]-> GO:0021879
GO:0021885 -[is_a]-> GO:0016477
GO:0021885 -[part_of]-> GO:0030900
GO:0021886 -[is_a]-> GO:0021979
GO:0021887 -[is_a]-> GO:0045165
GO:0021887 -[part_of]-> GO:0021886
GO:0021888 -[is_a]-> GO:0021884
GO:0021888 -[part_of]-> GO:0021886
GO:0021889 -[is_a]-> GO:0021879
GO:0021889 -[part_of]-> GO:0021772
GO:0021890 -[is_a]-> GO:0048663
GO:0021890 -[part_of]-> GO:0021889
GO:0021891 -[is_a]-> GO:0021884
GO:0021891 -[part_of]-> GO:0021889
GO:0021892 -[is_a]-> GO:0021879
GO:0021892 -[is_a]-> GO:0021895
GO:0021892 -[is_a]-> GO:0097154
GO:0021893 -[is_a]-> GO:0048663
GO:0021893 -[part_of]-> GO:0021892
GO:0021894 -[is_a]-> GO:0021884
GO:0021894 -[part_of]-> GO:0021892
GO:0021895 -[is_a]-> GO:0021953
GO:0021895 -[part_of]-> GO:0030900
GO:0021896 -[is_a]-> GO:0048708
GO:0021896 -[part_of]-> GO:0030900
GO:0021897 -[is_a]-> GO:0014002
GO:0021897 -[part_of]-> GO:0021896
GO:0021898 -[is_a]-> GO:0021877
GO:0021899 -[is_a]-> GO:0008543
GO:0021899 -[part_of]-> GO:0021877
GO:0021899 -[part_of]-> GO:0021898
GO:0021900 -[is_a]-> GO:0021898
GO:0021900 -[part_of]-> GO:0021863
GO:0021901 -[is_a]-> GO:0021898
GO:0021901 -[part_of]-> GO:0021862
GO:0021902 -[is_a]-> GO:0021877
GO:0021903 -[is_a]-> GO:0009952
GO:0021903 -[part_of]-> GO:0021532
GO:0021904 -[is_a]-> GO:0009953
GO:0021904 -[part_of]-> GO:0021532
GO:0021905 -[is_a]-> GO:0044767
GO:0021905 -[is_a]-> GO:0048646
GO:0021905 -[is_a]-> GO:0048856
GO:0021905 -[part_of]-> GO:0021903
GO:0021906 -[is_a]-> GO:0048859
GO:0021906 -[part_of]-> GO:0021903
GO:0021907 -[is_a]-> GO:0008543
GO:0021907 -[part_of]-> GO:0021512
GO:0021908 -[is_a]-> GO:0048384
GO:0021908 -[part_of]-> GO:0021512
GO:0021909 -[is_a]-> GO:0006357
GO:0021909 -[part_of]-> GO:0021512
GO:0021910 -[is_a]-> GO:0007224
GO:0021910 -[part_of]-> GO:0021513
GO:0021911 -[is_a]-> GO:0042573
GO:0021911 -[part_of]-> GO:0021512
GO:0021912 -[is_a]-> GO:0060850
GO:0021912 -[part_of]-> GO:0021520
GO:0021913 -[is_a]-> GO:0060850
GO:0021913 -[part_of]-> GO:0021521
GO:0021914 -[is_a]-> GO:0045879
GO:0021914 -[is_a]-> GO:0051961
GO:0021914 -[negatively_regulates]-> GO:0021910
GO:0021914 -[part_of]-> GO:0021513
GO:0021915 -[is_a]-> GO:0035295
GO:0021915 -[is_a]-> GO:0044767
GO:0021915 -[is_a]-> GO:0060429
GO:0021915 -[part_of]-> GO:0007399
GO:0021915 -[part_of]-> GO:0043009
GO:0021916 -[is_a]-> GO:0031129
GO:0021916 -[part_of]-> GO:0021917
GO:0021917 -[is_a]-> GO:0048663
GO:0021917 -[part_of]-> GO:0021523
GO:0021918 -[is_a]-> GO:0060850
GO:0021918 -[part_of]-> GO:0021917
GO:0021919 -[is_a]-> GO:0030509
GO:0021919 -[part_of]-> GO:0021513
GO:0021919 -[part_of]-> GO:0021914
GO:0021920 -[is_a]-> GO:0060850
GO:0021920 -[part_of]-> GO:0021519
GO:0021921 -[is_a]-> GO:2000177
GO:0021921 -[part_of]-> GO:0021516
GO:0021921 -[regulates]-> GO:0010456
GO:0021922 -[is_a]-> GO:0016055
GO:0021922 -[part_of]-> GO:0021921
GO:0021923 -[is_a]-> GO:0021534
GO:0021924 -[is_a]-> GO:0021534
GO:0021925 -[is_a]-> GO:0021923
GO:0021926 -[is_a]-> GO:0021923
GO:0021927 -[is_a]-> GO:0021923
GO:0021928 -[is_a]-> GO:0021923
GO:0021929 -[is_a]-> GO:0021923
GO:0021930 -[is_a]-> GO:0021924
GO:0021931 -[is_a]-> GO:0021924
GO:0021932 -[is_a]-> GO:0021535
GO:0021933 -[is_a]-> GO:0021932
GO:0021934 -[is_a]-> GO:0021535
GO:0021935 -[is_a]-> GO:0021934
GO:0021936 -[is_a]-> GO:0051960
GO:0021936 -[is_a]-> GO:2000177
GO:0021936 -[regulates]-> GO:0021930
GO:0021937 -[is_a]-> GO:0007267
GO:0021937 -[part_of]-> GO:0021940
GO:0021938 -[is_a]-> GO:0007224
GO:0021938 -[is_a]-> GO:1905114
GO:0021938 -[part_of]-> GO:0021937
GO:0021939 -[is_a]-> GO:0035426
GO:0021939 -[part_of]-> GO:0021941
GO:0021940 -[is_a]-> GO:0021936
GO:0021940 -[is_a]-> GO:0051962
GO:0021940 -[is_a]-> GO:2000179
GO:0021940 -[positively_regulates]-> GO:0021930
GO:0021941 -[is_a]-> GO:0021936
GO:0021941 -[is_a]-> GO:0051961
GO:0021941 -[is_a]-> GO:2000178
GO:0021941 -[negatively_regulates]-> GO:0021930
GO:0021942 -[is_a]-> GO:0021932
GO:0021943 -[is_a]-> GO:0000904
GO:0021943 -[part_of]-> GO:0021932
GO:0021944 -[is_a]-> GO:0016337
GO:0021944 -[part_of]-> GO:0021932
GO:0021945 -[is_a]-> GO:0019722
GO:0021945 -[is_a]-> GO:0030335
GO:0021945 -[part_of]-> GO:0021933
GO:0021946 -[is_a]-> GO:0021535
GO:0021947 -[is_a]-> GO:0001764
GO:0021947 -[is_a]-> GO:0021535
GO:0021947 -[part_of]-> GO:0021946
GO:0021948 -[is_a]-> GO:0001764
GO:0021948 -[is_a]-> GO:0021535
GO:0021948 -[part_of]-> GO:0021946
GO:0021949 -[is_a]-> GO:0021934
GO:0021950 -[is_a]-> GO:0050919
GO:0021950 -[part_of]-> GO:0021949
GO:0021951 -[is_a]-> GO:0050918
GO:0021951 -[part_of]-> GO:0021949
GO:0021952 -[is_a]-> GO:0021955
GO:0021953 -[is_a]-> GO:0030182
GO:0021953 -[part_of]-> GO:0007417
GO:0021954 -[is_a]-> GO:0048666
GO:0021954 -[part_of]-> GO:0021953
GO:0021955 -[is_a]-> GO:0007409
GO:0021955 -[part_of]-> GO:0021954
GO:0021956 -[is_a]-> GO:0021955
GO:0021957 -[is_a]-> GO:0021952
GO:0021958 -[is_a]-> GO:0021952
GO:0021959 -[is_a]-> GO:0021952
GO:0021960 -[is_a]-> GO:0021952
GO:0021960 -[part_of]-> GO:0021537
GO:0021961 -[is_a]-> GO:0021952
GO:0021962 -[is_a]-> GO:0021952
GO:0021963 -[is_a]-> GO:0021952
GO:0021964 -[is_a]-> GO:0021952
GO:0021965 -[is_a]-> GO:0021952
GO:0021965 -[part_of]-> GO:0021510
GO:0021966 -[is_a]-> GO:0007411
GO:0021966 -[part_of]-> GO:0021957
GO:0021967 -[is_a]-> GO:0007411
GO:0021967 -[part_of]-> GO:0021966
GO:0021968 -[is_a]-> GO:0007411
GO:0021968 -[part_of]-> GO:0021966
GO:0021969 -[is_a]-> GO:0007411
GO:0021969 -[part_of]-> GO:0021966
GO:0021970 -[is_a]-> GO:0007411
GO:0021970 -[part_of]-> GO:0021966
GO:0021971 -[is_a]-> GO:0007411
GO:0021971 -[part_of]-> GO:0021966
GO:0021972 -[is_a]-> GO:0007411
GO:0021972 -[part_of]-> GO:0021966
GO:0021973 -[is_a]-> GO:0016199
GO:0021973 -[part_of]-> GO:0021966
GO:0021974 -[is_a]-> GO:0021952
GO:0021975 -[is_a]-> GO:0021952
GO:0021976 -[is_a]-> GO:0021952
GO:0021977 -[is_a]-> GO:0021952
GO:0021978 -[is_a]-> GO:0003002
GO:0021978 -[part_of]-> GO:0021537
GO:0021978 -[part_of]-> GO:0021871
GO:0021979 -[is_a]-> GO:0030154
GO:0021979 -[part_of]-> GO:0021854
GO:0021980 -[is_a]-> GO:0022029
GO:0021980 -[part_of]-> GO:0021544
GO:0021981 -[is_a]-> GO:0021980
GO:0021982 -[is_a]-> GO:0048732
GO:0021982 -[part_of]-> GO:0021536
GO:0021982 -[part_of]-> GO:0035270
GO:0021983 -[is_a]-> GO:0048732
GO:0021983 -[part_of]-> GO:0021536
GO:0021983 -[part_of]-> GO:0035270
GO:0021984 -[is_a]-> GO:0044767
GO:0021984 -[is_a]-> GO:0048856
GO:0021984 -[part_of]-> GO:0021983
GO:0021985 -[is_a]-> GO:0048732
GO:0021985 -[part_of]-> GO:0021983
GO:0021986 -[is_a]-> GO:0044767
GO:0021986 -[is_a]-> GO:0048856
GO:0021986 -[part_of]-> GO:0021538
GO:0021987 -[is_a]-> GO:0044767
GO:0021987 -[is_a]-> GO:0048856
GO:0021987 -[part_of]-> GO:0021543
GO:0021988 -[is_a]-> GO:0044767
GO:0021988 -[is_a]-> GO:0048856
GO:0021988 -[part_of]-> GO:0021537
GO:0021989 -[is_a]-> GO:0044767
GO:0021989 -[is_a]-> GO:0048856
GO:0021989 -[part_of]-> GO:0021988
GO:0021990 -[is_a]-> GO:0044767
GO:0021990 -[is_a]-> GO:0048646
GO:0021990 -[part_of]-> GO:0001839
GO:0021991 -[is_a]-> GO:0002011
GO:0021991 -[is_a]-> GO:0048598
GO:0021991 -[part_of]-> GO:0001839
GO:0021992 -[is_a]-> GO:0061351
GO:0021992 -[part_of]-> GO:0014022
GO:0021993 -[is_a]-> GO:0002009
GO:0021993 -[is_a]-> GO:0048598
GO:0021993 -[part_of]-> GO:0001843
GO:0021994 -[is_a]-> GO:0016331
GO:0021994 -[part_of]-> GO:0001843
GO:0021995 -[is_a]-> GO:0016331
GO:0021995 -[part_of]-> GO:0001843
GO:0021996 -[is_a]-> GO:0048646
GO:0021996 -[part_of]-> GO:0021506
GO:0021997 -[is_a]-> GO:0000578
GO:0021997 -[part_of]-> GO:0001840
GO:0021997 -[part_of]-> GO:0060896
GO:0021998 -[is_a]-> GO:0060897
GO:0021999 -[is_a]-> GO:0009952
GO:0021999 -[is_a]-> GO:0060897
GO:0022000 -[is_a]-> GO:0031128
GO:0022000 -[part_of]-> GO:0021999
GO:0022001 -[is_a]-> GO:0010454
GO:0022001 -[is_a]-> GO:0051961
GO:0022001 -[part_of]-> GO:0021999
GO:0022002 -[is_a]-> GO:0016055
GO:0022002 -[is_a]-> GO:0022001
GO:0022003 -[is_a]-> GO:0022001
GO:0022003 -[is_a]-> GO:0060825
GO:0022004 -[is_a]-> GO:0044707
GO:0022004 -[part_of]-> GO:0021732
GO:0022005 -[is_a]-> GO:0044707
GO:0022005 -[part_of]-> GO:0021732
GO:0022006 -[is_a]-> GO:0048859
GO:0022006 -[part_of]-> GO:0021903
GO:0022007 -[is_a]-> GO:0060027
GO:0022007 -[is_a]-> GO:0060029
GO:0022007 -[part_of]-> GO:0014022
GO:0022008 -[is_a]-> GO:0030154
GO:0022008 -[part_of]-> GO:0007399
GO:0022009 -[is_a]-> GO:0001570
GO:0022009 -[part_of]-> GO:0014045
GO:0022010 -[is_a]-> GO:0032291
GO:0022010 -[is_a]-> GO:0042552
GO:0022010 -[part_of]-> GO:0014003
GO:0022011 -[is_a]-> GO:0032292
GO:0022011 -[is_a]-> GO:0042552
GO:0022011 -[part_of]-> GO:0014044
GO:0022012 -[is_a]-> GO:0021846
GO:0022012 -[part_of]-> GO:0021544
GO:0022013 -[is_a]-> GO:0021846
GO:0022013 -[part_of]-> GO:0021543
GO:0022014 -[is_a]-> GO:0021864
GO:0022014 -[part_of]-> GO:0022012
GO:0022015 -[is_a]-> GO:0051301
GO:0022015 -[part_of]-> GO:0022013
GO:0022016 -[is_a]-> GO:0048860
GO:0022016 -[part_of]-> GO:0022013
GO:0022017 -[is_a]-> GO:0021873
GO:0022017 -[part_of]-> GO:0022013
GO:0022018 -[is_a]-> GO:0022012
GO:0022019 -[is_a]-> GO:0022012
GO:0022019 -[part_of]-> GO:0022018
GO:0022020 -[is_a]-> GO:0022012
GO:0022021 -[is_a]-> GO:0022012
GO:0022022 -[is_a]-> GO:0022012
GO:0022023 -[is_a]-> GO:0021781
GO:0022023 -[is_a]-> GO:0021898
GO:0022023 -[part_of]-> GO:0021861
GO:0022024 -[is_a]-> GO:0021882
GO:0022024 -[is_a]-> GO:0030509
GO:0022024 -[part_of]-> GO:0021877
GO:0022024 -[part_of]-> GO:0021898
GO:0022025 -[is_a]-> GO:0048861
GO:0022025 -[part_of]-> GO:0021877
GO:0022025 -[part_of]-> GO:0021898
GO:0022026 -[is_a]-> GO:0007173
GO:0022026 -[part_of]-> GO:0021898
GO:0022027 -[is_a]-> GO:0051647
GO:0022027 -[part_of]-> GO:0021846
GO:0022028 -[is_a]-> GO:0022029
GO:0022028 -[part_of]-> GO:0021772
GO:0022029 -[is_a]-> GO:0021885
GO:0022029 -[part_of]-> GO:0021537
GO:0022030 -[is_a]-> GO:0008347
GO:0022030 -[is_a]-> GO:0022029
GO:0022031 -[is_a]-> GO:0022030
GO:0022031 -[is_a]-> GO:0043615
GO:0022032 -[is_a]-> GO:0022030
GO:0022033 -[is_a]-> GO:0022030
GO:0022034 -[is_a]-> GO:0061351
GO:0022034 -[part_of]-> GO:0021546
GO:0022035 -[is_a]-> GO:0021535
GO:0022035 -[part_of]-> GO:0021546
GO:0022036 -[is_a]-> GO:0030154
GO:0022036 -[part_of]-> GO:0021546
GO:0022037 -[is_a]-> GO:0044767
GO:0022037 -[is_a]-> GO:0048856
GO:0022037 -[part_of]-> GO:0030902
GO:0022038 -[is_a]-> GO:0044767
GO:0022038 -[is_a]-> GO:0048856
GO:0022038 -[part_of]-> GO:0021537
GO:0022400 -[is_a]-> GO:0008277
GO:0022400 -[is_a]-> GO:0032101
GO:0022400 -[regulates]-> GO:0016056
GO:0022401 -[is_a]-> GO:0009968
GO:0022401 -[is_a]-> GO:0023058
GO:0022402 -[is_a]-> GO:0009987
GO:0022402 -[part_of]-> GO:0007049
GO:0022403 -[is_a]-> GO:0044848
GO:0022404 -[is_a]-> GO:0044707
GO:0022404 -[part_of]-> GO:0042303
GO:0022405 -[is_a]-> GO:0022404
GO:0022405 -[part_of]-> GO:0042633
GO:0022406 -[is_a]-> GO:0044763
GO:0022407 -[is_a]-> GO:0030155
GO:0022407 -[regulates]-> GO:0016337
GO:0022408 -[is_a]-> GO:0007162
GO:0022408 -[is_a]-> GO:0022407
GO:0022408 -[negatively_regulates]-> GO:0016337
GO:0022409 -[is_a]-> GO:0022407
GO:0022409 -[is_a]-> GO:0045785
GO:0022409 -[positively_regulates]-> GO:0016337
GO:0022410 -[is_a]-> GO:0048512
GO:0022410 -[part_of]-> GO:0042745
GO:0022411 -[is_a]-> GO:0016043
GO:0022411 -[is_a]-> GO:0044763
GO:0022412 -[is_a]-> GO:0044702
GO:0022412 -[is_a]-> GO:0044763
GO:0022412 -[part_of]-> GO:0032504
GO:0022413 -[is_a]-> GO:0022414
GO:0022413 -[part_of]-> GO:0032505
GO:0022414 -[is_a]-> GO:0008150
GO:0022414 -[part_of]-> GO:0000003
GO:0022416 -[is_a]-> GO:0007423
GO:0022417 -[is_a]-> GO:0006457
GO:0022417 -[is_a]-> GO:0051604
GO:0022600 -[is_a]-> GO:0003008
GO:0022600 -[part_of]-> GO:0007586
GO:0022601 -[is_a]-> GO:0044848
GO:0022602 -[is_a]-> GO:0044702
GO:0022602 -[is_a]-> GO:0048511
GO:0022602 -[part_of]-> GO:0042698
GO:0022603 -[is_a]-> GO:0050793
GO:0022603 -[regulates]-> GO:0009653
GO:0022604 -[is_a]-> GO:0022603
GO:0022604 -[is_a]-> GO:0051128
GO:0022604 -[regulates]-> GO:0000902
GO:0022605 -[is_a]-> GO:0044702
GO:0022605 -[is_a]-> GO:0048609
GO:0022605 -[part_of]-> GO:0048477
GO:0022606 -[is_a]-> GO:0061162
GO:0022607 -[is_a]-> GO:0016043
GO:0022607 -[part_of]-> GO:0044085
GO:0022608 -[is_a]-> GO:0022610
GO:0022608 -[is_a]-> GO:0044707
GO:0022609 -[is_a]-> GO:0022608
GO:0022610 -[is_a]-> GO:0008150
GO:0022611 -[is_a]-> GO:0032502
GO:0022612 -[is_a]-> GO:0009887
GO:0022612 -[part_of]-> GO:0048732
GO:0022613 -[is_a]-> GO:0044085
GO:0022614 -[is_a]-> GO:0022406
GO:0022615 -[is_a]-> GO:0022406
GO:0022616 -[is_a]-> GO:0006259
GO:0022617 -[is_a]-> GO:0022411
GO:0022617 -[is_a]-> GO:0030198
GO:0022618 -[is_a]-> GO:0034622
GO:0022618 -[is_a]-> GO:0071826
GO:0022618 -[part_of]-> GO:0022613
GO:0022619 -[is_a]-> GO:0030154
GO:0022619 -[part_of]-> GO:0055046
GO:0022620 -[is_a]-> GO:0030154
GO:0022620 -[part_of]-> GO:0055046
GO:0022622 -[is_a]-> GO:0048731
GO:0022623 -[is_a]-> GO:0043234
GO:0022623 -[is_a]-> GO:0044424
GO:0022623 -[part_of]-> GO:0022624
GO:0022624 -[is_a]-> GO:0043234
GO:0022624 -[is_a]-> GO:0044424
GO:0022624 -[part_of]-> GO:0000502
GO:0022625 -[is_a]-> GO:0015934
GO:0022625 -[is_a]-> GO:0044445
GO:0022625 -[part_of]-> GO:0022626
GO:0022626 -[is_a]-> GO:0005840
GO:0022626 -[is_a]-> GO:0044445
GO:0022626 -[part_of]-> GO:0005829
GO:0022627 -[is_a]-> GO:0015935
GO:0022627 -[is_a]-> GO:0044445
GO:0022627 -[part_of]-> GO:0022626
GO:0022628 -[is_a]-> GO:0000311
GO:0022628 -[is_a]-> GO:0044434
GO:0022628 -[part_of]-> GO:0043253
GO:0022629 -[is_a]-> GO:0000312
GO:0022629 -[is_a]-> GO:0044434
GO:0022629 -[part_of]-> GO:0043253
GO:0022803 -[is_a]-> GO:0022857
GO:0022804 -[is_a]-> GO:0022857
GO:0022809 -[is_a]-> GO:0022803
GO:0022809 -[part_of]-> GO:0006811
GO:0022810 -[is_a]-> GO:0022814
GO:0022814 -[is_a]-> GO:0015291
GO:0022818 -[is_a]-> GO:0015081
GO:0022818 -[is_a]-> GO:0022810
GO:0022819 -[is_a]-> GO:0015079
GO:0022819 -[is_a]-> GO:0022810
GO:0022820 -[is_a]-> GO:0015079
GO:0022820 -[is_a]-> GO:0015293
GO:0022821 -[is_a]-> GO:0015079
GO:0022821 -[is_a]-> GO:0015297
GO:0022824 -[is_a]-> GO:0005230
GO:0022824 -[is_a]-> GO:0022835
GO:0022828 -[is_a]-> GO:0022836
GO:0022829 -[is_a]-> GO:0015267
GO:0022831 -[is_a]-> GO:0022842
GO:0022832 -[is_a]-> GO:0022836
GO:0022832 -[part_of]-> GO:0051049
GO:0022833 -[is_a]-> GO:0022836
GO:0022834 -[is_a]-> GO:0022836
GO:0022834 -[is_a]-> GO:0099600
GO:0022835 -[is_a]-> GO:0004888
GO:0022835 -[is_a]-> GO:0022834
GO:0022835 -[is_a]-> GO:0030594
GO:0022836 -[is_a]-> GO:0015267
GO:0022838 -[is_a]-> GO:0015267
GO:0022838 -[is_a]-> GO:0022891
GO:0022839 -[is_a]-> GO:0022836
GO:0022840 -[is_a]-> GO:0022842
GO:0022841 -[is_a]-> GO:0005267
GO:0022841 -[is_a]-> GO:0022840
GO:0022842 -[is_a]-> GO:0015267
GO:0022843 -[is_a]-> GO:0005244
GO:0022843 -[is_a]-> GO:0005261
GO:0022848 -[is_a]-> GO:0015464
GO:0022848 -[is_a]-> GO:0022824
GO:0022849 -[is_a]-> GO:0004970
GO:0022849 -[is_a]-> GO:0099604
GO:0022850 -[is_a]-> GO:0022824
GO:0022850 -[is_a]-> GO:0099589
GO:0022851 -[is_a]-> GO:0016917
GO:0022851 -[is_a]-> GO:0022824
GO:0022851 -[is_a]-> GO:0061797
GO:0022852 -[is_a]-> GO:0022824
GO:0022852 -[is_a]-> GO:0061797
GO:0022853 -[is_a]-> GO:0015075
GO:0022853 -[is_a]-> GO:0022804
GO:0022855 -[is_a]-> GO:0005355
GO:0022855 -[is_a]-> GO:0008982
GO:0022856 -[is_a]-> GO:0008982
GO:0022856 -[is_a]-> GO:0015576
GO:0022857 -[is_a]-> GO:0005215
GO:0022857 -[part_of]-> GO:0055085
GO:0022858 -[is_a]-> GO:0015175
GO:0022858 -[part_of]-> GO:0032328
GO:0022859 -[is_a]-> GO:0022836
GO:0022865 -[is_a]-> GO:0022857
GO:0022866 -[is_a]-> GO:0022865
GO:0022867 -[is_a]-> GO:0022865
GO:0022869 -[is_a]-> GO:0008982
GO:0022869 -[is_a]-> GO:0015155
GO:0022870 -[is_a]-> GO:0008982
GO:0022870 -[is_a]-> GO:0015578
GO:0022871 -[is_a]-> GO:0005355
GO:0022871 -[is_a]-> GO:0008982
GO:0022871 -[is_a]-> GO:0019194
GO:0022872 -[is_a]-> GO:0008982
GO:0022872 -[is_a]-> GO:0015575
GO:0022873 -[is_a]-> GO:0005363
GO:0022873 -[is_a]-> GO:0008982
GO:0022874 -[is_a]-> GO:0008982
GO:0022874 -[is_a]-> GO:0019191
GO:0022875 -[is_a]-> GO:0008982
GO:0022875 -[is_a]-> GO:0015577
GO:0022876 -[is_a]-> GO:0008982
GO:0022876 -[is_a]-> GO:0019196
GO:0022877 -[is_a]-> GO:0005353
GO:0022877 -[is_a]-> GO:0008982
GO:0022878 -[is_a]-> GO:0008515
GO:0022878 -[is_a]-> GO:0008982
GO:0022879 -[is_a]-> GO:0008982
GO:0022879 -[is_a]-> GO:0015574
GO:0022880 -[is_a]-> GO:0008982
GO:0022880 -[is_a]-> GO:0015572
GO:0022880 -[is_a]-> GO:0015574
GO:0022881 -[is_a]-> GO:0005355
GO:0022881 -[is_a]-> GO:0008982
GO:0022881 -[is_a]-> GO:0015571
GO:0022882 -[is_a]-> GO:0008982
GO:0022882 -[is_a]-> GO:0015573
GO:0022883 -[is_a]-> GO:0005385
GO:0022883 -[is_a]-> GO:0046583
GO:0022884 -[is_a]-> GO:0022891
GO:0022885 -[is_a]-> GO:0015450
GO:0022885 -[is_a]-> GO:1904680
GO:0022885 -[part_of]-> GO:0043213
GO:0022886 -[is_a]-> GO:0015267
GO:0022889 -[is_a]-> GO:0015175
GO:0022889 -[part_of]-> GO:0032329
GO:0022890 -[is_a]-> GO:0008324
GO:0022891 -[is_a]-> GO:0022857
GO:0022891 -[is_a]-> GO:0022892
GO:0022892 -[is_a]-> GO:0005215
GO:0022893 -[is_a]-> GO:0015196
GO:0022894 -[is_a]-> GO:0015269
GO:0022897 -[is_a]-> GO:0015291
GO:0022897 -[part_of]-> GO:0015992
GO:0022898 -[is_a]-> GO:0032409
GO:0022898 -[is_a]-> GO:0034762
GO:0022898 -[regulates]-> GO:0022857
GO:0022900 -[is_a]-> GO:0006091
GO:0022900 -[is_a]-> GO:0044763
GO:0022900 -[is_a]-> GO:0055114
GO:0022904 -[is_a]-> GO:0022900
GO:0022904 -[part_of]-> GO:0045333
GO:0023002 -[is_a]-> GO:0009562
GO:0023003 -[is_a]-> GO:0009562
GO:0023014 -[is_a]-> GO:0006468
GO:0023014 -[is_a]-> GO:0007165
GO:0023014 -[is_a]-> GO:0044710
GO:0023014 -[is_a]-> GO:0044763
GO:0023015 -[is_a]-> GO:0023014
GO:0023016 -[is_a]-> GO:0023014
GO:0023019 -[is_a]-> GO:0007165
GO:0023019 -[part_of]-> GO:0010468
GO:0023021 -[is_a]-> GO:0009968
GO:0023022 -[is_a]-> GO:0023021
GO:0023022 -[is_a]-> GO:0050860
GO:0023022 -[part_of]-> GO:0050852
GO:0023023 -[is_a]-> GO:0003823
GO:0023023 -[is_a]-> GO:0032403
GO:0023024 -[is_a]-> GO:0023023
GO:0023025 -[is_a]-> GO:0023023
GO:0023026 -[is_a]-> GO:0023023
GO:0023027 -[is_a]-> GO:0042288
GO:0023027 -[part_of]-> GO:0023024
GO:0023028 -[is_a]-> GO:0042288
GO:0023029 -[is_a]-> GO:0042287
GO:0023030 -[is_a]-> GO:0023029
GO:0023030 -[part_of]-> GO:0023025
GO:0023031 -[is_a]-> GO:0023029
GO:0023035 -[is_a]-> GO:0007166
GO:0023041 -[is_a]-> GO:0007165
GO:0023045 -[is_a]-> GO:0007165
GO:0023051 -[is_a]-> GO:0050789
GO:0023051 -[regulates]-> GO:0023052
GO:0023052 -[is_a]-> GO:0008150
GO:0023056 -[is_a]-> GO:0023051
GO:0023056 -[is_a]-> GO:0048518
GO:0023056 -[positively_regulates]-> GO:0023052
GO:0023056 -[positively_regulates]-> GO:0044700
GO:0023057 -[is_a]-> GO:0023051
GO:0023057 -[is_a]-> GO:0048519
GO:0023057 -[negatively_regulates]-> GO:0023052
GO:0023057 -[negatively_regulates]-> GO:0044700
GO:0023058 -[is_a]-> GO:0009966
GO:0023059 -[is_a]-> GO:0009967
GO:0023059 -[is_a]-> GO:0023058
GO:0023061 -[is_a]-> GO:0032940
GO:0023061 -[part_of]-> GO:0007267
GO:0030001 -[is_a]-> GO:0006812
GO:0030002 -[is_a]-> GO:0006873
GO:0030002 -[is_a]-> GO:0055081
GO:0030003 -[is_a]-> GO:0006873
GO:0030003 -[is_a]-> GO:0055080
GO:0030004 -[is_a]-> GO:0030003
GO:0030004 -[is_a]-> GO:0055067
GO:0030007 -[is_a]-> GO:0006875
GO:0030007 -[is_a]-> GO:0030004
GO:0030007 -[is_a]-> GO:0055075
GO:0030008 -[is_a]-> GO:0043234
GO:0030008 -[is_a]-> GO:0044424
GO:0030008 -[is_a]-> GO:0099023
GO:0030010 -[is_a]-> GO:0007163
GO:0030011 -[is_a]-> GO:0007163
GO:0030014 -[is_a]-> GO:0043234
GO:0030014 -[is_a]-> GO:0044424
GO:0030015 -[is_a]-> GO:0043234
GO:0030015 -[is_a]-> GO:0044424
GO:0030015 -[part_of]-> GO:0030014
GO:0030016 -[is_a]-> GO:0043292
GO:0030017 -[is_a]-> GO:0044449
GO:0030017 -[part_of]-> GO:0030016
GO:0030018 -[is_a]-> GO:0044449
GO:0030018 -[part_of]-> GO:0031674
GO:0030020 -[is_a]-> GO:0005201
GO:0030021 -[is_a]-> GO:0005201
GO:0030023 -[is_a]-> GO:0005201
GO:0030023 -[is_a]-> GO:0097493
GO:0030026 -[is_a]-> GO:0046916
GO:0030026 -[is_a]-> GO:0055071
GO:0030027 -[is_a]-> GO:0042995
GO:0030027 -[part_of]-> GO:0031252
GO:0030029 -[is_a]-> GO:0044763
GO:0030030 -[is_a]-> GO:0016043
GO:0030030 -[is_a]-> GO:0044763
GO:0030031 -[is_a]-> GO:0022607
GO:0030031 -[is_a]-> GO:0030030
GO:0030032 -[is_a]-> GO:0030031
GO:0030032 -[is_a]-> GO:0097581
GO:0030033 -[is_a]-> GO:0030031
GO:0030033 -[is_a]-> GO:0032528
GO:0030034 -[is_a]-> GO:0030046
GO:0030034 -[part_of]-> GO:0030033
GO:0030035 -[is_a]-> GO:0030031
GO:0030036 -[is_a]-> GO:0007010
GO:0030036 -[is_a]-> GO:0030029
GO:0030036 -[is_a]-> GO:1902589
GO:0030037 -[is_a]-> GO:0022402
GO:0030037 -[is_a]-> GO:0090527
GO:0030037 -[part_of]-> GO:0007049
GO:0030038 -[is_a]-> GO:0051017
GO:0030041 -[is_a]-> GO:0008154
GO:0030041 -[is_a]-> GO:0051258
GO:0030042 -[is_a]-> GO:0008154
GO:0030042 -[is_a]-> GO:0051261
GO:0030043 -[is_a]-> GO:0030042
GO:0030046 -[is_a]-> GO:0051017
GO:0030047 -[is_a]-> GO:0006464
GO:0030047 -[is_a]-> GO:0030036
GO:0030047 -[is_a]-> GO:0044710
GO:0030048 -[is_a]-> GO:0006928
GO:0030048 -[is_a]-> GO:0030029
GO:0030049 -[is_a]-> GO:0033275
GO:0030049 -[part_of]-> GO:0006936
GO:0030050 -[is_a]-> GO:0030048
GO:0030050 -[is_a]-> GO:0099515
GO:0030050 -[is_a]-> GO:0099518
GO:0030050 -[is_a]-> GO:1902582
GO:0030054 -[is_a]-> GO:0005575
GO:0030055 -[is_a]-> GO:0030054
GO:0030056 -[is_a]-> GO:0030055
GO:0030057 -[is_a]-> GO:0005911
GO:0030057 -[is_a]-> GO:0070161
GO:0030058 -[is_a]-> GO:0016638
GO:0030059 -[is_a]-> GO:0052877
GO:0030060 -[is_a]-> GO:0016615
GO:0030060 -[is_a]-> GO:0016616
GO:0030061 -[is_a]-> GO:0044455
GO:0030061 -[part_of]-> GO:0005743
GO:0030062 -[is_a]-> GO:0045239
GO:0030062 -[is_a]-> GO:0098798
GO:0030062 -[part_of]-> GO:0005739
GO:0030062 -[part_of]-> GO:0005759
GO:0030070 -[is_a]-> GO:0016486
GO:0030070 -[is_a]-> GO:1901142
GO:0030071 -[is_a]-> GO:0010965
GO:0030071 -[is_a]-> GO:1901990
GO:0030071 -[is_a]-> GO:1902099
GO:0030071 -[regulates]-> GO:0007091
GO:0030072 -[is_a]-> GO:0002790
GO:0030072 -[is_a]-> GO:0046879
GO:0030073 -[is_a]-> GO:0009306
GO:0030073 -[is_a]-> GO:0030072
GO:0030075 -[is_a]-> GO:0009579
GO:0030075 -[is_a]-> GO:0043232
GO:0030076 -[is_a]-> GO:0043234
GO:0030076 -[is_a]-> GO:0044424
GO:0030077 -[is_a]-> GO:0030076
GO:0030077 -[is_a]-> GO:0044433
GO:0030077 -[part_of]-> GO:0042716
GO:0030078 -[is_a]-> GO:0030077
GO:0030079 -[is_a]-> GO:0030077
GO:0030080 -[is_a]-> GO:0043234
GO:0030080 -[is_a]-> GO:0044433
GO:0030080 -[part_of]-> GO:0030078
GO:0030081 -[is_a]-> GO:0043234
GO:0030081 -[is_a]-> GO:0044433
GO:0030081 -[part_of]-> GO:0030079
GO:0030082 -[is_a]-> GO:0043234
GO:0030082 -[is_a]-> GO:0044433
GO:0030082 -[part_of]-> GO:0030079
GO:0030083 -[is_a]-> GO:0009518
GO:0030084 -[is_a]-> GO:0009518
GO:0030085 -[is_a]-> GO:0098807
GO:0030085 -[part_of]-> GO:0009656
GO:0030089 -[is_a]-> GO:0030076
GO:0030089 -[is_a]-> GO:0044436
GO:0030089 -[is_a]-> GO:0098796
GO:0030089 -[part_of]-> GO:0042651
GO:0030091 -[is_a]-> GO:0044267
GO:0030093 -[is_a]-> GO:0009522
GO:0030093 -[is_a]-> GO:0098807
GO:0030093 -[part_of]-> GO:0009507
GO:0030093 -[part_of]-> GO:0009535
GO:0030094 -[is_a]-> GO:0009522
GO:0030094 -[is_a]-> GO:0044422
GO:0030094 -[is_a]-> GO:0044444
GO:0030094 -[is_a]-> GO:0098797
GO:0030094 -[part_of]-> GO:0005886
GO:0030094 -[part_of]-> GO:0030075
GO:0030095 -[is_a]-> GO:0009523
GO:0030095 -[is_a]-> GO:0098807
GO:0030095 -[part_of]-> GO:0009507
GO:0030095 -[part_of]-> GO:0009535
GO:0030096 -[is_a]-> GO:0009523
GO:0030096 -[is_a]-> GO:0044422
GO:0030096 -[is_a]-> GO:0044444
GO:0030096 -[is_a]-> GO:0098797
GO:0030096 -[part_of]-> GO:0030075
GO:0030097 -[is_a]-> GO:0048534
GO:0030098 -[is_a]-> GO:0002521
GO:0030098 -[is_a]-> GO:0046649
GO:0030099 -[is_a]-> GO:0030154
GO:0030099 -[part_of]-> GO:0030097
GO:0030100 -[is_a]-> GO:0051128
GO:0030100 -[is_a]-> GO:0060627
GO:0030100 -[regulates]-> GO:0006897
GO:0030101 -[is_a]-> GO:0046649
GO:0030103 -[is_a]-> GO:0030072
GO:0030104 -[is_a]-> GO:0048878
GO:0030107 -[is_a]-> GO:0032396
GO:0030108 -[is_a]-> GO:0032397
GO:0030109 -[is_a]-> GO:0032396
GO:0030110 -[is_a]-> GO:0032396
GO:0030111 -[is_a]-> GO:0009966
GO:0030111 -[regulates]-> GO:0016055
GO:0030112 -[is_a]-> GO:0030312
GO:0030112 -[part_of]-> GO:0030313
GO:0030114 -[is_a]-> GO:0030112
GO:0030115 -[is_a]-> GO:0030312
GO:0030116 -[is_a]-> GO:0070851
GO:0030117 -[is_a]-> GO:0044444
GO:0030117 -[is_a]-> GO:0098796
GO:0030117 -[part_of]-> GO:0048475
GO:0030118 -[is_a]-> GO:0030117
GO:0030119 -[is_a]-> GO:0044444
GO:0030119 -[is_a]-> GO:0098796
GO:0030119 -[part_of]-> GO:0030117
GO:0030120 -[is_a]-> GO:0030117
GO:0030120 -[is_a]-> GO:0044433
GO:0030120 -[part_of]-> GO:0030662
GO:0030121 -[is_a]-> GO:0030131
GO:0030121 -[is_a]-> GO:0044431
GO:0030121 -[is_a]-> GO:0044433
GO:0030121 -[part_of]-> GO:0030130
GO:0030122 -[is_a]-> GO:0030131
GO:0030122 -[is_a]-> GO:0044433
GO:0030122 -[is_a]-> GO:0098797
GO:0030122 -[part_of]-> GO:0030128
GO:0030122 -[part_of]-> GO:0030132
GO:0030123 -[is_a]-> GO:0030119
GO:0030124 -[is_a]-> GO:0030119
GO:0030125 -[is_a]-> GO:0030118
GO:0030125 -[is_a]-> GO:0030120
GO:0030125 -[part_of]-> GO:0030665
GO:0030126 -[is_a]-> GO:0030120
GO:0030126 -[is_a]-> GO:0044431
GO:0030126 -[part_of]-> GO:0030663
GO:0030127 -[is_a]-> GO:0030120
GO:0030127 -[part_of]-> GO:0012507
GO:0030128 -[is_a]-> GO:0030125
GO:0030128 -[part_of]-> GO:0030139
GO:0030128 -[part_of]-> GO:0030669
GO:0030129 -[is_a]-> GO:0030125
GO:0030129 -[is_a]-> GO:0044456
GO:0030129 -[is_a]-> GO:0097458
GO:0030129 -[part_of]-> GO:0008021
GO:0030129 -[part_of]-> GO:0030672
GO:0030130 -[is_a]-> GO:0030125
GO:0030130 -[is_a]-> GO:0044431
GO:0030130 -[part_of]-> GO:0012510
GO:0030131 -[is_a]-> GO:0030119
GO:0030131 -[part_of]-> GO:0030118
GO:0030132 -[is_a]-> GO:0030118
GO:0030132 -[is_a]-> GO:0098797
GO:0030132 -[part_of]-> GO:0005905
GO:0030133 -[is_a]-> GO:0031410
GO:0030133 -[part_of]-> GO:0012505
GO:0030134 -[is_a]-> GO:0030133
GO:0030134 -[is_a]-> GO:0030135
GO:0030134 -[part_of]-> GO:0005737
GO:0030135 -[is_a]-> GO:0031410
GO:0030136 -[is_a]-> GO:0030135
GO:0030137 -[is_a]-> GO:0005798
GO:0030137 -[is_a]-> GO:0030135
GO:0030139 -[is_a]-> GO:0031410
GO:0030140 -[is_a]-> GO:0005798
GO:0030140 -[is_a]-> GO:0030133
GO:0030140 -[is_a]-> GO:0030136
GO:0030141 -[is_a]-> GO:0099503
GO:0030141 -[part_of]-> GO:0012505
GO:0030142 -[is_a]-> GO:0030133
GO:0030142 -[is_a]-> GO:0030137
GO:0030143 -[is_a]-> GO:0030133
GO:0030143 -[is_a]-> GO:0030137
GO:0030144 -[is_a]-> GO:0008375
GO:0030145 -[is_a]-> GO:0046914
GO:0030148 -[is_a]-> GO:0006665
GO:0030148 -[is_a]-> GO:0046467
GO:0030148 -[is_a]-> GO:1901566
GO:0030149 -[is_a]-> GO:0006665
GO:0030149 -[is_a]-> GO:0046466
GO:0030149 -[is_a]-> GO:1901565
GO:0030150 -[is_a]-> GO:0044743
GO:0030150 -[is_a]-> GO:0070585
GO:0030150 -[is_a]-> GO:0072655
GO:0030150 -[is_a]-> GO:1990542
GO:0030150 -[occurs_in]-> GO:0005737
GO:0030150 -[part_of]-> GO:0006626
GO:0030151 -[is_a]-> GO:0046914
GO:0030152 -[is_a]-> GO:0009403
GO:0030152 -[is_a]-> GO:0030651
GO:0030152 -[is_a]-> GO:0046224
GO:0030153 -[is_a]-> GO:0009404
GO:0030154 -[is_a]-> GO:0048869
GO:0030155 -[is_a]-> GO:0050789
GO:0030155 -[regulates]-> GO:0007155
GO:0030156 -[is_a]-> GO:0005102
GO:0030157 -[is_a]-> GO:0007589
GO:0030157 -[is_a]-> GO:0022600
GO:0030157 -[is_a]-> GO:0032941
GO:0030158 -[is_a]-> GO:0035252
GO:0030159 -[is_a]-> GO:0032947
GO:0030160 -[is_a]-> GO:0030159
GO:0030162 -[is_a]-> GO:0051246
GO:0030162 -[regulates]-> GO:0006508
GO:0030163 -[is_a]-> GO:0009057
GO:0030163 -[is_a]-> GO:0019538
GO:0030164 -[is_a]-> GO:0044257
GO:0030165 -[is_a]-> GO:0019904
GO:0030166 -[is_a]-> GO:0006029
GO:0030166 -[is_a]-> GO:0009101
GO:0030167 -[is_a]-> GO:0006029
GO:0030167 -[is_a]-> GO:0006516
GO:0030168 -[is_a]-> GO:0001775
GO:0030168 -[part_of]-> GO:0007596
GO:0030169 -[is_a]-> GO:0071813
GO:0030170 -[is_a]-> GO:0043168
GO:0030170 -[is_a]-> GO:0048037
GO:0030171 -[is_a]-> GO:0015252
GO:0030171 -[is_a]-> GO:0022843
GO:0030172 -[is_a]-> GO:0008092
GO:0030173 -[is_a]-> GO:0031228
GO:0030173 -[is_a]-> GO:0031301
GO:0030173 -[part_of]-> GO:0000139
GO:0030174 -[is_a]-> GO:0090329
GO:0030174 -[regulates]-> GO:0006270
GO:0030175 -[is_a]-> GO:0098858
GO:0030176 -[is_a]-> GO:0016021
GO:0030176 -[is_a]-> GO:0031227
GO:0030176 -[part_of]-> GO:0005789
GO:0030177 -[is_a]-> GO:0009967
GO:0030177 -[is_a]-> GO:0030111
GO:0030177 -[positively_regulates]-> GO:0016055
GO:0030178 -[is_a]-> GO:0009968
GO:0030178 -[is_a]-> GO:0030111
GO:0030178 -[negatively_regulates]-> GO:0016055
GO:0030182 -[is_a]-> GO:0030154
GO:0030182 -[part_of]-> GO:0048699
GO:0030183 -[is_a]-> GO:0030098
GO:0030183 -[is_a]-> GO:0042113
GO:0030184 -[is_a]-> GO:0022891
GO:0030184 -[part_of]-> GO:0030185
GO:0030185 -[is_a]-> GO:0044765
GO:0030185 -[is_a]-> GO:0071705
GO:0030186 -[is_a]-> GO:0034754
GO:0030186 -[is_a]-> GO:0042430
GO:0030186 -[is_a]-> GO:0043603
GO:0030187 -[is_a]-> GO:0030186
GO:0030187 -[is_a]-> GO:0042435
GO:0030187 -[is_a]-> GO:0042446
GO:0030187 -[is_a]-> GO:0043604
GO:0030193 -[is_a]-> GO:0032101
GO:0030193 -[is_a]-> GO:0050818
GO:0030193 -[is_a]-> GO:0061041
GO:0030193 -[is_a]-> GO:1900046
GO:0030193 -[regulates]-> GO:0007596
GO:0030194 -[is_a]-> GO:0030193
GO:0030194 -[is_a]-> GO:0050820
GO:0030194 -[is_a]-> GO:0090303
GO:0030194 -[is_a]-> GO:1900048
GO:0030194 -[positively_regulates]-> GO:0007596
GO:0030195 -[is_a]-> GO:0030193
GO:0030195 -[is_a]-> GO:0050819
GO:0030195 -[is_a]-> GO:0061045
GO:0030195 -[is_a]-> GO:1900047
GO:0030195 -[negatively_regulates]-> GO:0007596
GO:0030196 -[is_a]-> GO:0016836
GO:0030197 -[is_a]-> GO:0005201
GO:0030198 -[is_a]-> GO:0043062
GO:0030199 -[is_a]-> GO:0030198
GO:0030199 -[is_a]-> GO:0071822
GO:0030200 -[is_a]-> GO:0030167
GO:0030200 -[is_a]-> GO:0030201
GO:0030200 -[is_a]-> GO:0044273
GO:0030201 -[is_a]-> GO:0006029
GO:0030201 -[is_a]-> GO:0006790
GO:0030202 -[is_a]-> GO:0006790
GO:0030202 -[is_a]-> GO:1903510
GO:0030203 -[is_a]-> GO:0006022
GO:0030204 -[is_a]-> GO:0006790
GO:0030204 -[is_a]-> GO:1903510
GO:0030204 -[part_of]-> GO:0050654
GO:0030205 -[is_a]-> GO:0006790
GO:0030205 -[is_a]-> GO:1903510
GO:0030205 -[part_of]-> GO:0050655
GO:0030206 -[is_a]-> GO:0006024
GO:0030206 -[is_a]-> GO:0030204
GO:0030206 -[is_a]-> GO:0044272
GO:0030206 -[part_of]-> GO:0050650
GO:0030207 -[is_a]-> GO:0006027
GO:0030207 -[is_a]-> GO:0030204
GO:0030207 -[is_a]-> GO:0044273
GO:0030208 -[is_a]-> GO:0006024
GO:0030208 -[is_a]-> GO:0030205
GO:0030208 -[is_a]-> GO:0044272
GO:0030208 -[part_of]-> GO:0050651
GO:0030209 -[is_a]-> GO:0006027
GO:0030209 -[is_a]-> GO:0030205
GO:0030209 -[is_a]-> GO:0044273
GO:0030210 -[is_a]-> GO:0006024
GO:0030210 -[is_a]-> GO:0030202
GO:0030210 -[is_a]-> GO:0044272
GO:0030211 -[is_a]-> GO:0006027
GO:0030211 -[is_a]-> GO:0030202
GO:0030211 -[is_a]-> GO:0044273
GO:0030212 -[is_a]-> GO:1903510
GO:0030213 -[is_a]-> GO:0006024
GO:0030213 -[is_a]-> GO:0030212
GO:0030214 -[is_a]-> GO:0006027
GO:0030214 -[is_a]-> GO:0030212
GO:0030215 -[is_a]-> GO:0005102
GO:0030216 -[is_a]-> GO:0009913
GO:0030216 -[part_of]-> GO:0043588
GO:0030217 -[is_a]-> GO:0030098
GO:0030217 -[is_a]-> GO:0042110
GO:0030218 -[is_a]-> GO:0030099
GO:0030218 -[part_of]-> GO:0034101
GO:0030219 -[is_a]-> GO:0030099
GO:0030220 -[is_a]-> GO:0030099
GO:0030220 -[is_a]-> GO:0048646
GO:0030220 -[part_of]-> GO:0036344
GO:0030221 -[is_a]-> GO:0030851
GO:0030222 -[is_a]-> GO:0030851
GO:0030222 -[is_a]-> GO:0048468
GO:0030223 -[is_a]-> GO:0030851
GO:0030224 -[is_a]-> GO:0002573
GO:0030224 -[is_a]-> GO:1903131
GO:0030225 -[is_a]-> GO:0002573
GO:0030226 -[is_a]-> GO:0004872
GO:0030226 -[has_part]-> GO:0034185
GO:0030228 -[is_a]-> GO:0038024
GO:0030228 -[has_part]-> GO:0071813
GO:0030229 -[is_a]-> GO:0030228
GO:0030229 -[has_part]-> GO:0034189
GO:0030232 -[is_a]-> GO:0090575
GO:0030233 -[is_a]-> GO:0015215
GO:0030233 -[part_of]-> GO:0030302
GO:0030234 -[is_a]-> GO:0098772
GO:0030234 -[has_part]-> GO:0019899
GO:0030234 -[part_of]-> GO:0050790
GO:0030234 -[regulates]-> GO:0003824
GO:0030235 -[is_a]-> GO:0030234
GO:0030235 -[has_part]-> GO:0050998
GO:0030235 -[regulates]-> GO:0004517
GO:0030237 -[is_a]-> GO:0007530
GO:0030237 -[part_of]-> GO:0007275
GO:0030238 -[is_a]-> GO:0007530
GO:0030238 -[part_of]-> GO:0007275
GO:0030239 -[is_a]-> GO:0010927
GO:0030239 -[is_a]-> GO:0031032
GO:0030239 -[is_a]-> GO:0070925
GO:0030239 -[part_of]-> GO:0055002
GO:0030240 -[is_a]-> GO:0007015
GO:0030240 -[part_of]-> GO:0014866
GO:0030241 -[is_a]-> GO:0071688
GO:0030241 -[part_of]-> GO:0014866
GO:0030242 -[is_a]-> GO:0006914
GO:0030243 -[is_a]-> GO:0051273
GO:0030244 -[is_a]-> GO:0030243
GO:0030244 -[is_a]-> GO:0051274
GO:0030245 -[is_a]-> GO:0030243
GO:0030245 -[is_a]-> GO:0051275
GO:0030246 -[is_a]-> GO:0005488
GO:0030247 -[is_a]-> GO:0001871
GO:0030247 -[is_a]-> GO:0030246
GO:0030248 -[is_a]-> GO:0030247
GO:0030249 -[is_a]-> GO:0010851
GO:0030249 -[part_of]-> GO:0031282
GO:0030249 -[regulates]-> GO:0004383
GO:0030250 -[is_a]-> GO:0008047
GO:0030250 -[is_a]-> GO:0010853
GO:0030250 -[is_a]-> GO:0030249
GO:0030250 -[part_of]-> GO:0031284
GO:0030250 -[positively_regulates]-> GO:0004383
GO:0030251 -[is_a]-> GO:0004857
GO:0030251 -[is_a]-> GO:0010852
GO:0030251 -[is_a]-> GO:0030249
GO:0030251 -[negatively_regulates]-> GO:0004383
GO:0030251 -[part_of]-> GO:0031283
GO:0030252 -[is_a]-> GO:0030072
GO:0030253 -[is_a]-> GO:0009306
GO:0030253 -[is_a]-> GO:0071806
GO:0030254 -[is_a]-> GO:0009306
GO:0030254 -[is_a]-> GO:0071806
GO:0030255 -[is_a]-> GO:0009306
GO:0030255 -[is_a]-> GO:0044097
GO:0030255 -[is_a]-> GO:0071806
GO:0030256 -[is_a]-> GO:0043234
GO:0030256 -[is_a]-> GO:0044464
GO:0030257 -[is_a]-> GO:0043234
GO:0030257 -[is_a]-> GO:0044464
GO:0030258 -[is_a]-> GO:0044255
GO:0030259 -[is_a]-> GO:0030258
GO:0030259 -[is_a]-> GO:0070085
GO:0030260 -[is_a]-> GO:0044409
GO:0030260 -[is_a]-> GO:0051806
GO:0030261 -[is_a]-> GO:0006323
GO:0030262 -[is_a]-> GO:0006921
GO:0030263 -[is_a]-> GO:0030261
GO:0030263 -[part_of]-> GO:0030262
GO:0030264 -[is_a]-> GO:0071763
GO:0030264 -[part_of]-> GO:0030262
GO:0030265 -[is_a]-> GO:0007200
GO:0030265 -[is_a]-> GO:0016056
GO:0030266 -[is_a]-> GO:0016616
GO:0030267 -[is_a]-> GO:0016616
GO:0030268 -[is_a]-> GO:0016645
GO:0030269 -[is_a]-> GO:0008172
GO:0030269 -[is_a]-> GO:0042086
GO:0030270 -[is_a]-> GO:0016410
GO:0030272 -[is_a]-> GO:0016882
GO:0030273 -[is_a]-> GO:0016500
GO:0030274 -[is_a]-> GO:0019904
GO:0030275 -[is_a]-> GO:0019904
GO:0030276 -[is_a]-> GO:0005515
GO:0030277 -[is_a]-> GO:0010669
GO:0030277 -[is_a]-> GO:0022600
GO:0030278 -[is_a]-> GO:0051239
GO:0030278 -[regulates]-> GO:0001503
GO:0030279 -[is_a]-> GO:0030278
GO:0030279 -[is_a]-> GO:0051241
GO:0030279 -[negatively_regulates]-> GO:0001503
GO:0030280 -[is_a]-> GO:0005198
GO:0030281 -[is_a]-> GO:0030280
GO:0030282 -[is_a]-> GO:0031214
GO:0030282 -[part_of]-> GO:0001503
GO:0030283 -[is_a]-> GO:0033764
GO:0030284 -[is_a]-> GO:0003707
GO:0030285 -[is_a]-> GO:0031301
GO:0030285 -[is_a]-> GO:0098563
GO:0030285 -[part_of]-> GO:0030672
GO:0030286 -[is_a]-> GO:0005875
GO:0030286 -[is_a]-> GO:1902494
GO:0030287 -[is_a]-> GO:0042597
GO:0030288 -[is_a]-> GO:0042597
GO:0030288 -[part_of]-> GO:0030313
GO:0030289 -[is_a]-> GO:0008287
GO:0030289 -[is_a]-> GO:0044424
GO:0030290 -[is_a]-> GO:0008047
GO:0030291 -[is_a]-> GO:0004860
GO:0030291 -[negatively_regulates]-> GO:0004674
GO:0030291 -[part_of]-> GO:0071901
GO:0030292 -[is_a]-> GO:0004860
GO:0030292 -[part_of]-> GO:0061099
GO:0030293 -[is_a]-> GO:0030292
GO:0030293 -[is_a]-> GO:0030547
GO:0030293 -[negatively_regulates]-> GO:0004714
GO:0030294 -[is_a]-> GO:0030292
GO:0030294 -[negatively_regulates]-> GO:0004716
GO:0030295 -[is_a]-> GO:0019209
GO:0030295 -[is_a]-> GO:0019887
GO:0030295 -[part_of]-> GO:0032147
GO:0030295 -[positively_regulates]-> GO:0004672
GO:0030296 -[is_a]-> GO:0030295
GO:0030296 -[part_of]-> GO:0061098
GO:0030297 -[is_a]-> GO:0004871
GO:0030297 -[is_a]-> GO:0030296
GO:0030297 -[is_a]-> GO:0030546
GO:0030297 -[part_of]-> GO:0007171
GO:0030297 -[positively_regulates]-> GO:0004714
GO:0030298 -[is_a]-> GO:0030296
GO:0030298 -[positively_regulates]-> GO:0004716
GO:0030299 -[is_a]-> GO:0030301
GO:0030299 -[is_a]-> GO:0098856
GO:0030299 -[part_of]-> GO:0044241
GO:0030300 -[is_a]-> GO:0032374
GO:0030300 -[is_a]-> GO:1904729
GO:0030300 -[regulates]-> GO:0030299
GO:0030301 -[is_a]-> GO:0015918
GO:0030302 -[is_a]-> GO:0006862
GO:0030302 -[is_a]-> GO:1901264
GO:0030305 -[is_a]-> GO:0004553
GO:0030306 -[is_a]-> GO:0031267
GO:0030307 -[is_a]-> GO:0001558
GO:0030307 -[is_a]-> GO:0045927
GO:0030307 -[is_a]-> GO:0048522
GO:0030307 -[positively_regulates]-> GO:0016049
GO:0030308 -[is_a]-> GO:0001558
GO:0030308 -[is_a]-> GO:0045926
GO:0030308 -[is_a]-> GO:0048523
GO:0030308 -[negatively_regulates]-> GO:0016049
GO:0030309 -[is_a]-> GO:0006022
GO:0030309 -[is_a]-> GO:0044264
GO:0030310 -[is_a]-> GO:0006026
GO:0030310 -[is_a]-> GO:0030309
GO:0030310 -[is_a]-> GO:0044247
GO:0030311 -[is_a]-> GO:0006023
GO:0030311 -[is_a]-> GO:0030309
GO:0030311 -[is_a]-> GO:0033692
GO:0030312 -[is_a]-> GO:0044464
GO:0030312 -[part_of]-> GO:0071944
GO:0030313 -[is_a]-> GO:0031975
GO:0030313 -[has_part]-> GO:0005886
GO:0030314 -[is_a]-> GO:0043234
GO:0030314 -[is_a]-> GO:0044444
GO:0030314 -[part_of]-> GO:0016528
GO:0030315 -[is_a]-> GO:0044459
GO:0030315 -[part_of]-> GO:0042383
GO:0030316 -[is_a]-> GO:0002573
GO:0030317 -[is_a]-> GO:0097722
GO:0030318 -[is_a]-> GO:0050931
GO:0030320 -[is_a]-> GO:0030002
GO:0030320 -[is_a]-> GO:0055083
GO:0030321 -[is_a]-> GO:0006821
GO:0030321 -[is_a]-> GO:0070633
GO:0030322 -[is_a]-> GO:0042391
GO:0030323 -[is_a]-> GO:0035295
GO:0030323 -[is_a]-> GO:0044767
GO:0030323 -[is_a]-> GO:0048513
GO:0030324 -[is_a]-> GO:0044767
GO:0030324 -[is_a]-> GO:0048513
GO:0030324 -[part_of]-> GO:0030323
GO:0030324 -[part_of]-> GO:0060541
GO:0030325 -[is_a]-> GO:0048732
GO:0030325 -[part_of]-> GO:0035270
GO:0030326 -[is_a]-> GO:0035108
GO:0030326 -[is_a]-> GO:0035113
GO:0030327 -[is_a]-> GO:0019941
GO:0030328 -[is_a]-> GO:0030329
GO:0030328 -[is_a]-> GO:0042219
GO:0030329 -[is_a]-> GO:1901564
GO:0030330 -[is_a]-> GO:0042770
GO:0030330 -[is_a]-> GO:0072331
GO:0030331 -[is_a]-> GO:0035258
GO:0030332 -[is_a]-> GO:0005515
GO:0030334 -[is_a]-> GO:2000145
GO:0030334 -[regulates]-> GO:0016477
GO:0030335 -[is_a]-> GO:0030334
GO:0030335 -[is_a]-> GO:2000147
GO:0030335 -[positively_regulates]-> GO:0016477
GO:0030336 -[is_a]-> GO:0030334
GO:0030336 -[is_a]-> GO:2000146
GO:0030336 -[negatively_regulates]-> GO:0016477
GO:0030337 -[is_a]-> GO:0030234
GO:0030337 -[part_of]-> GO:0006259
GO:0030338 -[is_a]-> GO:0016716
GO:0030339 -[is_a]-> GO:0052689
GO:0030340 -[is_a]-> GO:0016837
GO:0030341 -[is_a]-> GO:0016837
GO:0030342 -[is_a]-> GO:0070576
GO:0030343 -[is_a]-> GO:0070643
GO:0030343 -[part_of]-> GO:0036378
GO:0030345 -[is_a]-> GO:0030021
GO:0030346 -[is_a]-> GO:0019903
GO:0030348 -[is_a]-> GO:0019905
GO:0030350 -[is_a]-> GO:0003729
GO:0030351 -[is_a]-> GO:0052827
GO:0030352 -[is_a]-> GO:0052743
GO:0030353 -[is_a]-> GO:0005104
GO:0030353 -[is_a]-> GO:0048019
GO:0030353 -[part_of]-> GO:0040037
GO:0030354 -[is_a]-> GO:0005179
GO:0030366 -[is_a]-> GO:0016783
GO:0030367 -[is_a]-> GO:0005126
GO:0030368 -[is_a]-> GO:0004896
GO:0030368 -[has_part]-> GO:0019975
GO:0030369 -[is_a]-> GO:0004888
GO:0030370 -[is_a]-> GO:0005102
GO:0030371 -[is_a]-> GO:0045182
GO:0030371 -[part_of]-> GO:0017148
GO:0030372 -[is_a]-> GO:0070851
GO:0030373 -[is_a]-> GO:0038023
GO:0030374 -[is_a]-> GO:0003713
GO:0030375 -[is_a]-> GO:0010861
GO:0030375 -[is_a]-> GO:0030374
GO:0030377 -[is_a]-> GO:0038023
GO:0030377 -[part_of]-> GO:0038195
GO:0030378 -[is_a]-> GO:0047661
GO:0030379 -[is_a]-> GO:0004888
GO:0030380 -[is_a]-> GO:0005126
GO:0030381 -[is_a]-> GO:0003002
GO:0030381 -[is_a]-> GO:0003006
GO:0030381 -[is_a]-> GO:0044702
GO:0030381 -[is_a]-> GO:0044767
GO:0030381 -[part_of]-> GO:0007304
GO:0030382 -[is_a]-> GO:0007005
GO:0030385 -[is_a]-> GO:0016730
GO:0030386 -[is_a]-> GO:0044434
GO:0030386 -[is_a]-> GO:1990204
GO:0030387 -[is_a]-> GO:0016301
GO:0030388 -[is_a]-> GO:0006796
GO:0030388 -[is_a]-> GO:0019637
GO:0030388 -[is_a]-> GO:1901135
GO:0030389 -[is_a]-> GO:0006040
GO:0030391 -[is_a]-> GO:0030389
GO:0030391 -[is_a]-> GO:0046349
GO:0030392 -[is_a]-> GO:0030389
GO:0030392 -[is_a]-> GO:0046348
GO:0030393 -[is_a]-> GO:0006082
GO:0030393 -[is_a]-> GO:0030389
GO:0030393 -[is_a]-> GO:1901564
GO:0030394 -[is_a]-> GO:0006082
GO:0030394 -[is_a]-> GO:0006575
GO:0030394 -[is_a]-> GO:0030389
GO:0030395 -[is_a]-> GO:0048030
GO:0030397 -[is_a]-> GO:0022411
GO:0030397 -[is_a]-> GO:0044802
GO:0030398 -[is_a]-> GO:0030397
GO:0030398 -[is_a]-> GO:1903008
GO:0030398 -[part_of]-> GO:0030242
GO:0030399 -[is_a]-> GO:0030397
GO:0030399 -[is_a]-> GO:1902589
GO:0030399 -[is_a]-> GO:1905037
GO:0030407 -[is_a]-> GO:0016742
GO:0030408 -[is_a]-> GO:0030407
GO:0030409 -[is_a]-> GO:0030407
GO:0030410 -[is_a]-> GO:0016765
GO:0030411 -[is_a]-> GO:0016836
GO:0030412 -[is_a]-> GO:0016841
GO:0030412 -[is_a]-> GO:0019239
GO:0030413 -[is_a]-> GO:0005186
GO:0030414 -[is_a]-> GO:0004857
GO:0030414 -[is_a]-> GO:0061134
GO:0030414 -[negatively_regulates]-> GO:0008233
GO:0030414 -[part_of]-> GO:0010466
GO:0030416 -[is_a]-> GO:0097164
GO:0030417 -[is_a]-> GO:0006576
GO:0030417 -[is_a]-> GO:0072350
GO:0030418 -[is_a]-> GO:0030417
GO:0030418 -[is_a]-> GO:0042401
GO:0030418 -[is_a]-> GO:0072351
GO:0030419 -[is_a]-> GO:0030417
GO:0030419 -[is_a]-> GO:0042402
GO:0030419 -[is_a]-> GO:0072352
GO:0030420 -[is_a]-> GO:0031668
GO:0030420 -[part_of]-> GO:0009294
GO:0030421 -[is_a]-> GO:0007588
GO:0030422 -[is_a]-> GO:0070918
GO:0030422 -[part_of]-> GO:0016246
GO:0030423 -[is_a]-> GO:0022618
GO:0030423 -[part_of]-> GO:0016246
GO:0030424 -[is_a]-> GO:0043005
GO:0030425 -[is_a]-> GO:0043005
GO:0030425 -[part_of]-> GO:0036477
GO:0030426 -[is_a]-> GO:0030427
GO:0030426 -[is_a]-> GO:0044463
GO:0030426 -[is_a]-> GO:0097458
GO:0030426 -[part_of]-> GO:0043005
GO:0030427 -[is_a]-> GO:0044464
GO:0030428 -[is_a]-> GO:0044464
GO:0030429 -[is_a]-> GO:0016823
GO:0030430 -[is_a]-> GO:0033646
GO:0030431 -[is_a]-> GO:0044707
GO:0030432 -[is_a]-> GO:0014821
GO:0030433 -[is_a]-> GO:0043161
GO:0030433 -[part_of]-> GO:0036503
GO:0030435 -[is_a]-> GO:0030154
GO:0030435 -[is_a]-> GO:0043934
GO:0030435 -[is_a]-> GO:0048646
GO:0030436 -[is_a]-> GO:0019954
GO:0030436 -[is_a]-> GO:0043934
GO:0030437 -[is_a]-> GO:0022413
GO:0030437 -[is_a]-> GO:0043935
GO:0030437 -[is_a]-> GO:0048468
GO:0030445 -[is_a]-> GO:0009277
GO:0030446 -[is_a]-> GO:0009277
GO:0030447 -[is_a]-> GO:0040007
GO:0030447 -[is_a]-> GO:0044699
GO:0030448 -[is_a]-> GO:0030447
GO:0030449 -[is_a]-> GO:0002673
GO:0030449 -[is_a]-> GO:0002697
GO:0030449 -[is_a]-> GO:0002920
GO:0030449 -[is_a]-> GO:0070613
GO:0030449 -[is_a]-> GO:2000257
GO:0030449 -[regulates]-> GO:0006956
GO:0030450 -[is_a]-> GO:0002923
GO:0030450 -[is_a]-> GO:0030449
GO:0030450 -[regulates]-> GO:0006958
GO:0030451 -[is_a]-> GO:0030449
GO:0030451 -[is_a]-> GO:0045088
GO:0030451 -[regulates]-> GO:0006957
GO:0030466 -[is_a]-> GO:0006342
GO:0030472 -[is_a]-> GO:0007052
GO:0030472 -[occurs_in]-> GO:0005634
GO:0030473 -[is_a]-> GO:0007097
GO:0030473 -[is_a]-> GO:0072384
GO:0030474 -[is_a]-> GO:0022607
GO:0030474 -[is_a]-> GO:0051300
GO:0030476 -[is_a]-> GO:0003006
GO:0030476 -[is_a]-> GO:0042244
GO:0030476 -[is_a]-> GO:0044702
GO:0030476 -[is_a]-> GO:0071940
GO:0030476 -[is_a]-> GO:1903046
GO:0030476 -[part_of]-> GO:0070591
GO:0030478 -[is_a]-> GO:0044430
GO:0030478 -[is_a]-> GO:0044448
GO:0030478 -[part_of]-> GO:0030864
GO:0030479 -[is_a]-> GO:0044430
GO:0030479 -[is_a]-> GO:0061645
GO:0030479 -[part_of]-> GO:0030864
GO:0030485 -[is_a]-> GO:0043292
GO:0030485 -[is_a]-> GO:0044449
GO:0030486 -[is_a]-> GO:0044449
GO:0030486 -[part_of]-> GO:0030485
GO:0030487 -[is_a]-> GO:0016312
GO:0030488 -[is_a]-> GO:0001510
GO:0030488 -[is_a]-> GO:0006400
GO:0030490 -[is_a]-> GO:0006364
GO:0030490 -[part_of]-> GO:0042274
GO:0030491 -[is_a]-> GO:0006259
GO:0030492 -[is_a]-> GO:0005488
GO:0030493 -[is_a]-> GO:0015994
GO:0030494 -[is_a]-> GO:0015995
GO:0030494 -[is_a]-> GO:0030493
GO:0030495 -[is_a]-> GO:0015996
GO:0030495 -[is_a]-> GO:0030493
GO:0030496 -[is_a]-> GO:0044464
GO:0030497 -[is_a]-> GO:0006633
GO:0030500 -[is_a]-> GO:0030278
GO:0030500 -[is_a]-> GO:0070167
GO:0030500 -[regulates]-> GO:0030282
GO:0030501 -[is_a]-> GO:0030500
GO:0030501 -[is_a]-> GO:0045778
GO:0030501 -[is_a]-> GO:0070169
GO:0030501 -[positively_regulates]-> GO:0030282
GO:0030502 -[is_a]-> GO:0030279
GO:0030502 -[is_a]-> GO:0030500
GO:0030502 -[is_a]-> GO:0070168
GO:0030502 -[negatively_regulates]-> GO:0030282
GO:0030504 -[is_a]-> GO:0015103
GO:0030504 -[part_of]-> GO:0030505
GO:0030505 -[is_a]-> GO:0015698
GO:0030506 -[is_a]-> GO:0008092
GO:0030507 -[is_a]-> GO:0008092
GO:0030509 -[is_a]-> GO:0006357
GO:0030509 -[is_a]-> GO:0007178
GO:0030509 -[part_of]-> GO:0071773
GO:0030510 -[is_a]-> GO:0006357
GO:0030510 -[is_a]-> GO:0090092
GO:0030510 -[is_a]-> GO:0090287
GO:0030510 -[regulates]-> GO:0030509
GO:0030511 -[is_a]-> GO:0017015
GO:0030511 -[is_a]-> GO:0090100
GO:0030511 -[is_a]-> GO:1903846
GO:0030511 -[positively_regulates]-> GO:0007179
GO:0030512 -[is_a]-> GO:0017015
GO:0030512 -[is_a]-> GO:0090101
GO:0030512 -[is_a]-> GO:1903845
GO:0030512 -[negatively_regulates]-> GO:0007179
GO:0030513 -[is_a]-> GO:0030510
GO:0030513 -[is_a]-> GO:0090100
GO:0030513 -[positively_regulates]-> GO:0030509
GO:0030514 -[is_a]-> GO:0030510
GO:0030514 -[is_a]-> GO:0090101
GO:0030514 -[is_a]-> GO:0090288
GO:0030514 -[negatively_regulates]-> GO:0030509
GO:0030515 -[is_a]-> GO:0003723
GO:0030516 -[is_a]-> GO:0048638
GO:0030516 -[is_a]-> GO:0050770
GO:0030516 -[is_a]-> GO:0061387
GO:0030516 -[regulates]-> GO:0048675
GO:0030517 -[is_a]-> GO:0030308
GO:0030517 -[is_a]-> GO:0030516
GO:0030517 -[is_a]-> GO:0048640
GO:0030517 -[is_a]-> GO:0050771
GO:0030517 -[negatively_regulates]-> GO:0048675
GO:0030518 -[is_a]-> GO:0030522
GO:0030518 -[is_a]-> GO:0043401
GO:0030519 -[is_a]-> GO:0043021
GO:0030520 -[is_a]-> GO:0030518
GO:0030521 -[is_a]-> GO:0030518
GO:0030522 -[is_a]-> GO:0007165
GO:0030523 -[is_a]-> GO:0016417
GO:0030526 -[is_a]-> GO:0098802
GO:0030526 -[part_of]-> GO:0005887
GO:0030527 -[is_a]-> GO:0005198
GO:0030529 -[is_a]-> GO:0044424
GO:0030529 -[is_a]-> GO:1990904
GO:0030532 -[is_a]-> GO:0030529
GO:0030532 -[is_a]-> GO:0044428
GO:0030533 -[is_a]-> GO:0000499
GO:0030533 -[is_a]-> GO:0060090
GO:0030533 -[part_of]-> GO:0006412
GO:0030534 -[is_a]-> GO:0044707
GO:0030534 -[is_a]-> GO:0044708
GO:0030536 -[is_a]-> GO:0007631
GO:0030536 -[is_a]-> GO:0030537
GO:0030537 -[is_a]-> GO:0044707
GO:0030537 -[is_a]-> GO:0044708
GO:0030538 -[is_a]-> GO:0035112
GO:0030538 -[is_a]-> GO:0048562
GO:0030539 -[is_a]-> GO:0048806
GO:0030539 -[is_a]-> GO:0061458
GO:0030539 -[part_of]-> GO:0046661
GO:0030540 -[is_a]-> GO:0048806
GO:0030540 -[part_of]-> GO:0046660
GO:0030541 -[is_a]-> GO:0006276
GO:0030543 -[is_a]-> GO:0030541
GO:0030544 -[is_a]-> GO:0031072
GO:0030545 -[is_a]-> GO:0098772
GO:0030545 -[part_of]-> GO:0010469
GO:0030545 -[regulates]-> GO:0004872
GO:0030546 -[is_a]-> GO:0030545
GO:0030546 -[part_of]-> GO:2000273
GO:0030546 -[positively_regulates]-> GO:0004872
GO:0030547 -[is_a]-> GO:0030545
GO:0030547 -[negatively_regulates]-> GO:0004872
GO:0030547 -[part_of]-> GO:2000272
GO:0030548 -[is_a]-> GO:0099602
GO:0030548 -[regulates]-> GO:0015464
GO:0030549 -[is_a]-> GO:0030546
GO:0030549 -[is_a]-> GO:0030548
GO:0030549 -[positively_regulates]-> GO:0015464
GO:0030550 -[is_a]-> GO:0030547
GO:0030550 -[is_a]-> GO:0030548
GO:0030550 -[negatively_regulates]-> GO:0015464
GO:0030551 -[is_a]-> GO:0000166
GO:0030552 -[is_a]-> GO:0030551
GO:0030552 -[is_a]-> GO:0032559
GO:0030553 -[is_a]-> GO:0030551
GO:0030553 -[is_a]-> GO:0032561
GO:0030554 -[is_a]-> GO:0017076
GO:0030555 -[is_a]-> GO:0000498
GO:0030556 -[is_a]-> GO:0000944
GO:0030556 -[is_a]-> GO:0030555
GO:0030557 -[is_a]-> GO:0000946
GO:0030557 -[is_a]-> GO:0030555
GO:0030558 -[is_a]-> GO:0030555
GO:0030559 -[is_a]-> GO:0030556
GO:0030559 -[is_a]-> GO:0030558
GO:0030560 -[is_a]-> GO:0030557
GO:0030560 -[is_a]-> GO:0030558
GO:0030561 -[is_a]-> GO:0030555
GO:0030562 -[is_a]-> GO:0030556
GO:0030562 -[is_a]-> GO:0030561
GO:0030563 -[is_a]-> GO:0030561
GO:0030563 -[is_a]-> GO:0030566
GO:0030564 -[is_a]-> GO:0030557
GO:0030564 -[is_a]-> GO:0030561
GO:0030565 -[is_a]-> GO:0030558
GO:0030565 -[is_a]-> GO:0030566
GO:0030566 -[is_a]-> GO:0000945
GO:0030566 -[is_a]-> GO:0030555
GO:0030570 -[is_a]-> GO:0016837
GO:0030572 -[is_a]-> GO:0016780
GO:0030573 -[is_a]-> GO:0006706
GO:0030573 -[is_a]-> GO:0008206
GO:0030573 -[is_a]-> GO:0072329
GO:0030574 -[is_a]-> GO:0032963
GO:0030574 -[is_a]-> GO:0044243
GO:0030574 -[is_a]-> GO:0044712
GO:0030575 -[is_a]-> GO:0006997
GO:0030576 -[is_a]-> GO:0030575
GO:0030577 -[is_a]-> GO:0030575
GO:0030578 -[is_a]-> GO:0030575
GO:0030579 -[is_a]-> GO:0006511
GO:0030579 -[part_of]-> GO:0007178
GO:0030580 -[is_a]-> GO:0008169
GO:0030580 -[is_a]-> GO:0008757
GO:0030581 -[is_a]-> GO:0051701
GO:0030581 -[is_a]-> GO:0051708
GO:0030581 -[is_a]-> GO:1902583
GO:0030581 -[occurs_in]-> GO:0043657
GO:0030582 -[is_a]-> GO:0075259
GO:0030583 -[is_a]-> GO:0042594
GO:0030583 -[is_a]-> GO:0044764
GO:0030584 -[is_a]-> GO:0030582
GO:0030585 -[is_a]-> GO:0004611
GO:0030586 -[is_a]-> GO:0016723
GO:0030587 -[is_a]-> GO:0009267
GO:0030587 -[is_a]-> GO:0090702
GO:0030588 -[is_a]-> GO:0044707
GO:0030588 -[part_of]-> GO:0009790
GO:0030589 -[is_a]-> GO:0030588
GO:0030589 -[part_of]-> GO:0001700
GO:0030590 -[is_a]-> GO:0030588
GO:0030591 -[is_a]-> GO:0016763
GO:0030592 -[is_a]-> GO:0006304
GO:0030593 -[is_a]-> GO:0071621
GO:0030593 -[is_a]-> GO:1990266
GO:0030594 -[is_a]-> GO:0038023
GO:0030594 -[has_part]-> GO:0042165
GO:0030595 -[is_a]-> GO:0050900
GO:0030595 -[is_a]-> GO:0060326
GO:0030596 -[is_a]-> GO:0004553
GO:0030597 -[is_a]-> GO:0016799
GO:0030598 -[is_a]-> GO:0030597
GO:0030599 -[is_a]-> GO:0052689
GO:0030600 -[is_a]-> GO:0052689
GO:0030603 -[is_a]-> GO:0016823
GO:0030604 -[is_a]-> GO:0016616
GO:0030611 -[is_a]-> GO:0016491
GO:0030612 -[is_a]-> GO:0030611
GO:0030613 -[is_a]-> GO:0016491
GO:0030614 -[is_a]-> GO:0030613
GO:0030616 -[is_a]-> GO:0005072
GO:0030617 -[is_a]-> GO:0005072
GO:0030618 -[is_a]-> GO:0005072
GO:0030619 -[is_a]-> GO:0017069
GO:0030620 -[is_a]-> GO:0017069
GO:0030621 -[is_a]-> GO:0017069
GO:0030622 -[is_a]-> GO:0017069
GO:0030623 -[is_a]-> GO:0017069
GO:0030624 -[is_a]-> GO:0017069
GO:0030625 -[is_a]-> GO:0017069
GO:0030626 -[is_a]-> GO:0017069
GO:0030627 -[is_a]-> GO:0036002
GO:0030628 -[is_a]-> GO:0036002
GO:0030629 -[is_a]-> GO:0017070
GO:0030631 -[is_a]-> GO:0006451
GO:0030632 -[is_a]-> GO:0046145
GO:0030632 -[is_a]-> GO:0046436
GO:0030633 -[is_a]-> GO:0006524
GO:0030633 -[is_a]-> GO:0046144
GO:0030634 -[is_a]-> GO:0006085
GO:0030634 -[is_a]-> GO:0015977
GO:0030634 -[is_a]-> GO:0044711
GO:0030634 -[is_a]-> GO:0044763
GO:0030638 -[is_a]-> GO:0019748
GO:0030638 -[is_a]-> GO:0071704
GO:0030639 -[is_a]-> GO:0030638
GO:0030639 -[is_a]-> GO:0044550
GO:0030639 -[is_a]-> GO:1901576
GO:0030640 -[is_a]-> GO:0030638
GO:0030640 -[is_a]-> GO:0090487
GO:0030640 -[is_a]-> GO:1901575
GO:0030641 -[is_a]-> GO:0006885
GO:0030641 -[is_a]-> GO:0030004
GO:0030642 -[is_a]-> GO:0055063
GO:0030642 -[is_a]-> GO:0072501
GO:0030643 -[is_a]-> GO:0055062
GO:0030643 -[is_a]-> GO:0072502
GO:0030644 -[is_a]-> GO:0030320
GO:0030644 -[is_a]-> GO:0055064
GO:0030645 -[is_a]-> GO:0006007
GO:0030645 -[is_a]-> GO:0006113
GO:0030645 -[is_a]-> GO:1902705
GO:0030647 -[is_a]-> GO:0016137
GO:0030648 -[is_a]-> GO:0016138
GO:0030648 -[is_a]-> GO:0017000
GO:0030648 -[is_a]-> GO:0030647
GO:0030648 -[is_a]-> GO:0044763
GO:0030649 -[is_a]-> GO:0016139
GO:0030649 -[is_a]-> GO:0017001
GO:0030649 -[is_a]-> GO:0030647
GO:0030649 -[is_a]-> GO:0044763
GO:0030650 -[is_a]-> GO:0006518
GO:0030650 -[is_a]-> GO:0016999
GO:0030651 -[is_a]-> GO:0017000
GO:0030651 -[is_a]-> GO:0030650
GO:0030651 -[is_a]-> GO:0043043
GO:0030652 -[is_a]-> GO:0017001
GO:0030652 -[is_a]-> GO:0030650
GO:0030652 -[is_a]-> GO:0043171
GO:0030653 -[is_a]-> GO:0016999
GO:0030653 -[is_a]-> GO:0044106
GO:0030653 -[is_a]-> GO:0072338
GO:0030653 -[is_a]-> GO:1901360
GO:0030654 -[is_a]-> GO:0017000
GO:0030654 -[is_a]-> GO:0030653
GO:0030654 -[is_a]-> GO:0072339
GO:0030654 -[is_a]-> GO:1901362
GO:0030654 -[is_a]-> GO:1901566
GO:0030655 -[is_a]-> GO:0017001
GO:0030655 -[is_a]-> GO:0030653
GO:0030655 -[is_a]-> GO:0072340
GO:0030655 -[is_a]-> GO:1901361
GO:0030655 -[is_a]-> GO:1901565
GO:0030656 -[is_a]-> GO:0019222
GO:0030656 -[regulates]-> GO:0006766
GO:0030658 -[is_a]-> GO:0030659
GO:0030658 -[is_a]-> GO:0098588
GO:0030658 -[is_a]-> GO:0098805
GO:0030658 -[part_of]-> GO:0030133
GO:0030659 -[is_a]-> GO:0012506
GO:0030659 -[is_a]-> GO:0044433
GO:0030659 -[part_of]-> GO:0031410
GO:0030660 -[is_a]-> GO:0044431
GO:0030660 -[is_a]-> GO:0044433
GO:0030660 -[is_a]-> GO:0098588
GO:0030660 -[is_a]-> GO:0098805
GO:0030660 -[part_of]-> GO:0005798
GO:0030661 -[is_a]-> GO:0030659
GO:0030661 -[is_a]-> GO:0098588
GO:0030661 -[is_a]-> GO:0098805
GO:0030661 -[part_of]-> GO:0045009
GO:0030662 -[is_a]-> GO:0030659
GO:0030662 -[is_a]-> GO:0098588
GO:0030662 -[is_a]-> GO:0098805
GO:0030662 -[part_of]-> GO:0030135
GO:0030663 -[is_a]-> GO:0030660
GO:0030663 -[is_a]-> GO:0030662
GO:0030663 -[part_of]-> GO:0030137
GO:0030665 -[is_a]-> GO:0030662
GO:0030665 -[part_of]-> GO:0030136
GO:0030666 -[is_a]-> GO:0030659
GO:0030666 -[is_a]-> GO:0098588
GO:0030666 -[is_a]-> GO:0098805
GO:0030666 -[part_of]-> GO:0030139
GO:0030667 -[is_a]-> GO:0030659
GO:0030667 -[is_a]-> GO:0098588
GO:0030667 -[is_a]-> GO:0098805
GO:0030667 -[part_of]-> GO:0030141
GO:0030668 -[is_a]-> GO:0030659
GO:0030668 -[is_a]-> GO:0098588
GO:0030668 -[is_a]-> GO:0098805
GO:0030668 -[part_of]-> GO:0020026
GO:0030669 -[is_a]-> GO:0030665
GO:0030669 -[is_a]-> GO:0030666
GO:0030669 -[part_of]-> GO:0045334
GO:0030670 -[is_a]-> GO:0030666
GO:0030670 -[part_of]-> GO:0045335
GO:0030671 -[is_a]-> GO:0030669
GO:0030671 -[is_a]-> GO:0030670
GO:0030671 -[part_of]-> GO:0045336
GO:0030672 -[is_a]-> GO:0044456
GO:0030672 -[is_a]-> GO:0097458
GO:0030672 -[is_a]-> GO:0099501
GO:0030672 -[part_of]-> GO:0008021
GO:0030673 -[is_a]-> GO:0032589
GO:0030673 -[is_a]-> GO:0033267
GO:0030673 -[part_of]-> GO:0044304
GO:0030674 -[is_a]-> GO:0005515
GO:0030674 -[is_a]-> GO:0060090
GO:0030676 -[is_a]-> GO:0005089
GO:0030677 -[is_a]-> GO:0030529
GO:0030677 -[is_a]-> GO:1902555
GO:0030678 -[is_a]-> GO:0030677
GO:0030678 -[is_a]-> GO:0044429
GO:0030678 -[part_of]-> GO:0005739
GO:0030679 -[is_a]-> GO:0030681
GO:0030679 -[is_a]-> GO:0044435
GO:0030679 -[part_of]-> GO:0009842
GO:0030680 -[is_a]-> GO:0030677
GO:0030681 -[is_a]-> GO:0030677
GO:0030682 -[is_a]-> GO:0044415
GO:0030682 -[is_a]-> GO:0051807
GO:0030683 -[is_a]-> GO:0019049
GO:0030683 -[is_a]-> GO:0020012
GO:0030683 -[is_a]-> GO:0050687
GO:0030683 -[is_a]-> GO:0050690
GO:0030684 -[is_a]-> GO:0030529
GO:0030685 -[is_a]-> GO:0030684
GO:0030685 -[is_a]-> GO:0044452
GO:0030685 -[part_of]-> GO:0005730
GO:0030686 -[is_a]-> GO:0030684
GO:0030686 -[has_part]-> GO:0034455
GO:0030687 -[is_a]-> GO:0030684
GO:0030688 -[is_a]-> GO:0030684
GO:0030689 -[is_a]-> GO:0043234
GO:0030689 -[is_a]-> GO:0044428
GO:0030690 -[is_a]-> GO:0030689
GO:0030690 -[part_of]-> GO:0030686
GO:0030690 -[part_of]-> GO:0030687
GO:0030691 -[is_a]-> GO:0030689
GO:0030691 -[part_of]-> GO:0030687
GO:0030692 -[is_a]-> GO:0030689
GO:0030692 -[part_of]-> GO:0030686
GO:0030692 -[part_of]-> GO:0030688
GO:0030694 -[is_a]-> GO:0044461
GO:0030694 -[part_of]-> GO:0009425
GO:0030695 -[is_a]-> GO:0060589
GO:0030695 -[regulates]-> GO:0003924
GO:0030696 -[is_a]-> GO:0016300
GO:0030697 -[is_a]-> GO:0008757
GO:0030697 -[is_a]-> GO:0030696
GO:0030698 -[is_a]-> GO:0030696
GO:0030698 -[is_a]-> GO:0042083
GO:0030699 -[is_a]-> GO:0050485
GO:0030700 -[is_a]-> GO:0044444
GO:0030700 -[is_a]-> GO:1990204
GO:0030701 -[is_a]-> GO:0016763
GO:0030702 -[is_a]-> GO:0006342
GO:0030702 -[occurs_in]-> GO:0000775
GO:0030703 -[is_a]-> GO:0003006
GO:0030703 -[is_a]-> GO:0044702
GO:0030703 -[is_a]-> GO:0044767
GO:0030703 -[is_a]-> GO:0048646
GO:0030703 -[part_of]-> GO:0048477
GO:0030704 -[is_a]-> GO:0003006
GO:0030704 -[is_a]-> GO:0010927
GO:0030704 -[is_a]-> GO:0035803
GO:0030704 -[is_a]-> GO:0085029
GO:0030705 -[is_a]-> GO:0046907
GO:0030706 -[is_a]-> GO:0009994
GO:0030706 -[part_of]-> GO:0007293
GO:0030707 -[is_a]-> GO:0002066
GO:0030707 -[is_a]-> GO:0003006
GO:0030707 -[is_a]-> GO:0022412
GO:0030707 -[part_of]-> GO:0048477
GO:0030708 -[is_a]-> GO:0048139
GO:0030708 -[part_of]-> GO:0007293
GO:0030708 -[part_of]-> GO:0030707
GO:0030709 -[is_a]-> GO:0022414
GO:0030709 -[is_a]-> GO:0060232
GO:0030709 -[part_of]-> GO:0030707
GO:0030710 -[is_a]-> GO:0022407
GO:0030710 -[is_a]-> GO:0030856
GO:0030710 -[is_a]-> GO:0043900
GO:0030710 -[is_a]-> GO:0060284
GO:0030710 -[is_a]-> GO:2000241
GO:0030710 -[regulates]-> GO:0030709
GO:0030711 -[is_a]-> GO:0010720
GO:0030711 -[is_a]-> GO:0030710
GO:0030711 -[is_a]-> GO:0030858
GO:0030711 -[is_a]-> GO:0043902
GO:0030711 -[is_a]-> GO:0051240
GO:0030711 -[is_a]-> GO:2000243
GO:0030711 -[positively_regulates]-> GO:0030709
GO:0030712 -[is_a]-> GO:0010721
GO:0030712 -[is_a]-> GO:0022409
GO:0030712 -[is_a]-> GO:0030710
GO:0030712 -[is_a]-> GO:0030857
GO:0030712 -[is_a]-> GO:0043901
GO:0030712 -[is_a]-> GO:0048522
GO:0030712 -[is_a]-> GO:0051241
GO:0030712 -[is_a]-> GO:2000242
GO:0030712 -[negatively_regulates]-> GO:0030709
GO:0030713 -[is_a]-> GO:0000904
GO:0030713 -[is_a]-> GO:0003006
GO:0030713 -[is_a]-> GO:0022412
GO:0030713 -[part_of]-> GO:0030707
GO:0030714 -[is_a]-> GO:0003006
GO:0030714 -[is_a]-> GO:0009798
GO:0030714 -[is_a]-> GO:0016334
GO:0030714 -[is_a]-> GO:0022412
GO:0030714 -[is_a]-> GO:0044767
GO:0030714 -[part_of]-> GO:0030707
GO:0030715 -[is_a]-> GO:0001555
GO:0030715 -[part_of]-> GO:0007295
GO:0030716 -[is_a]-> GO:0001709
GO:0030717 -[is_a]-> GO:0022414
GO:0030717 -[is_a]-> GO:0051276
GO:0030717 -[part_of]-> GO:0048477
GO:0030718 -[is_a]-> GO:0019827
GO:0030719 -[is_a]-> GO:0006996
GO:0030719 -[is_a]-> GO:0022414
GO:0030719 -[is_a]-> GO:0071826
GO:0030719 -[part_of]-> GO:0007315
GO:0030720 -[is_a]-> GO:0022414
GO:0030720 -[is_a]-> GO:0051674
GO:0030720 -[part_of]-> GO:0007293
GO:0030721 -[is_a]-> GO:0006996
GO:0030722 -[is_a]-> GO:0022414
GO:0030722 -[is_a]-> GO:0040023
GO:0030722 -[part_of]-> GO:0007309
GO:0030722 -[part_of]-> GO:0051663
GO:0030723 -[is_a]-> GO:0045478
GO:0030723 -[part_of]-> GO:0007293
GO:0030724 -[is_a]-> GO:0045478
GO:0030724 -[part_of]-> GO:0007283
GO:0030725 -[is_a]-> GO:0022412
GO:0030725 -[is_a]-> GO:0043063
GO:0030725 -[part_of]-> GO:0032504
GO:0030726 -[is_a]-> GO:0030725
GO:0030726 -[part_of]-> GO:0007283
GO:0030727 -[is_a]-> GO:0048135
GO:0030727 -[part_of]-> GO:0007293
GO:0030728 -[is_a]-> GO:0044702
GO:0030728 -[is_a]-> GO:0048609
GO:0030728 -[part_of]-> GO:0007292
GO:0030729 -[is_a]-> GO:0016878
GO:0030730 -[is_a]-> GO:0019915
GO:0030731 -[is_a]-> GO:0008757
GO:0030732 -[is_a]-> GO:0008757
GO:0030733 -[is_a]-> GO:0008757
GO:0030734 -[is_a]-> GO:0008757
GO:0030735 -[is_a]-> GO:0008757
GO:0030736 -[is_a]-> GO:0008757
GO:0030737 -[is_a]-> GO:0008757
GO:0030738 -[is_a]-> GO:0008757
GO:0030739 -[is_a]-> GO:0008757
GO:0030740 -[is_a]-> GO:0008757
GO:0030741 -[is_a]-> GO:0008757
GO:0030742 -[is_a]-> GO:0005515
GO:0030743 -[is_a]-> GO:0008171
GO:0030743 -[is_a]-> GO:0016433
GO:0030744 -[is_a]-> GO:0008757
GO:0030745 -[is_a]-> GO:0008757
GO:0030746 -[is_a]-> GO:0008757
GO:0030747 -[is_a]-> GO:0008757
GO:0030748 -[is_a]-> GO:0008757
GO:0030749 -[is_a]-> GO:0008757
GO:0030750 -[is_a]-> GO:0008757
GO:0030751 -[is_a]-> GO:0008757
GO:0030752 -[is_a]-> GO:0008757
GO:0030753 -[is_a]-> GO:0008757
GO:0030754 -[is_a]-> GO:0008757
GO:0030755 -[is_a]-> GO:0008757
GO:0030756 -[is_a]-> GO:0008757
GO:0030757 -[is_a]-> GO:0008757
GO:0030758 -[is_a]-> GO:0008757
GO:0030759 -[is_a]-> GO:0008757
GO:0030760 -[is_a]-> GO:0008757
GO:0030761 -[is_a]-> GO:0008757
GO:0030762 -[is_a]-> GO:0008757
GO:0030763 -[is_a]-> GO:0008757
GO:0030766 -[is_a]-> GO:0008757
GO:0030767 -[is_a]-> GO:0008757
GO:0030768 -[is_a]-> GO:0008757
GO:0030769 -[is_a]-> GO:0008757
GO:0030770 -[is_a]-> GO:0008757
GO:0030771 -[is_a]-> GO:0008757
GO:0030772 -[is_a]-> GO:0008757
GO:0030773 -[is_a]-> GO:0008757
GO:0030774 -[is_a]-> GO:0008757
GO:0030775 -[is_a]-> GO:0008757
GO:0030776 -[is_a]-> GO:0008757
GO:0030777 -[is_a]-> GO:0008757
GO:0030778 -[is_a]-> GO:0008757
GO:0030779 -[is_a]-> GO:0008757
GO:0030780 -[is_a]-> GO:0008757
GO:0030781 -[is_a]-> GO:0008757
GO:0030782 -[is_a]-> GO:0008757
GO:0030783 -[is_a]-> GO:0008757
GO:0030784 -[is_a]-> GO:0008757
GO:0030785 -[is_a]-> GO:0008757
GO:0030786 -[is_a]-> GO:0008757
GO:0030787 -[is_a]-> GO:0008757
GO:0030788 -[is_a]-> GO:0008757
GO:0030789 -[is_a]-> GO:0008757
GO:0030790 -[is_a]-> GO:0008757
GO:0030791 -[is_a]-> GO:0008757
GO:0030792 -[is_a]-> GO:0008757
GO:0030793 -[is_a]-> GO:0008757
GO:0030794 -[is_a]-> GO:0008757
GO:0030795 -[is_a]-> GO:0008757
GO:0030796 -[is_a]-> GO:0008757
GO:0030797 -[is_a]-> GO:0008757
GO:0030798 -[is_a]-> GO:0008757
GO:0030799 -[is_a]-> GO:0006140
GO:0030799 -[regulates]-> GO:0009187
GO:0030800 -[is_a]-> GO:0030799
GO:0030800 -[is_a]-> GO:0045980
GO:0030800 -[negatively_regulates]-> GO:0009187
GO:0030801 -[is_a]-> GO:0030799
GO:0030801 -[is_a]-> GO:0045981
GO:0030801 -[positively_regulates]-> GO:0009187
GO:0030802 -[is_a]-> GO:0030799
GO:0030802 -[is_a]-> GO:0030808
GO:0030802 -[regulates]-> GO:0009190
GO:0030803 -[is_a]-> GO:0030800
GO:0030803 -[is_a]-> GO:0030802
GO:0030803 -[is_a]-> GO:0030809
GO:0030803 -[negatively_regulates]-> GO:0009190
GO:0030804 -[is_a]-> GO:0030801
GO:0030804 -[is_a]-> GO:0030802
GO:0030804 -[is_a]-> GO:0030810
GO:0030804 -[positively_regulates]-> GO:0009190
GO:0030805 -[is_a]-> GO:0030799
GO:0030805 -[is_a]-> GO:0030811
GO:0030805 -[regulates]-> GO:0009214
GO:0030806 -[is_a]-> GO:0030800
GO:0030806 -[is_a]-> GO:0030805
GO:0030806 -[is_a]-> GO:0030812
GO:0030806 -[negatively_regulates]-> GO:0009214
GO:0030807 -[is_a]-> GO:0030801
GO:0030807 -[is_a]-> GO:0030805
GO:0030807 -[is_a]-> GO:0030813
GO:0030807 -[positively_regulates]-> GO:0009214
GO:0030808 -[is_a]-> GO:0006140
GO:0030808 -[is_a]-> GO:0031326
GO:0030808 -[regulates]-> GO:0009165
GO:0030809 -[is_a]-> GO:0030808
GO:0030809 -[is_a]-> GO:0031327
GO:0030809 -[is_a]-> GO:0045980
GO:0030809 -[negatively_regulates]-> GO:0009165
GO:0030810 -[is_a]-> GO:0030808
GO:0030810 -[is_a]-> GO:0031328
GO:0030810 -[is_a]-> GO:0045981
GO:0030810 -[positively_regulates]-> GO:0009165
GO:0030811 -[is_a]-> GO:0006140
GO:0030811 -[is_a]-> GO:0031329
GO:0030811 -[regulates]-> GO:0009166
GO:0030812 -[is_a]-> GO:0030811
GO:0030812 -[is_a]-> GO:0031330
GO:0030812 -[is_a]-> GO:0045980
GO:0030812 -[negatively_regulates]-> GO:0009166
GO:0030813 -[is_a]-> GO:0030811
GO:0030813 -[is_a]-> GO:0031331
GO:0030813 -[is_a]-> GO:0045981
GO:0030813 -[positively_regulates]-> GO:0009166
GO:0030814 -[is_a]-> GO:0030799
GO:0030814 -[is_a]-> GO:1900542
GO:0030814 -[regulates]-> GO:0046058
GO:0030815 -[is_a]-> GO:0030800
GO:0030815 -[is_a]-> GO:0030814
GO:0030815 -[is_a]-> GO:1900543
GO:0030815 -[negatively_regulates]-> GO:0046058
GO:0030816 -[is_a]-> GO:0030801
GO:0030816 -[is_a]-> GO:0030814
GO:0030816 -[is_a]-> GO:1900544
GO:0030816 -[positively_regulates]-> GO:0046058
GO:0030817 -[is_a]-> GO:0030802
GO:0030817 -[is_a]-> GO:0030814
GO:0030817 -[is_a]-> GO:1900371
GO:0030817 -[regulates]-> GO:0006171
GO:0030818 -[is_a]-> GO:0030803
GO:0030818 -[is_a]-> GO:0030815
GO:0030818 -[is_a]-> GO:0030817
GO:0030818 -[is_a]-> GO:1900372
GO:0030818 -[negatively_regulates]-> GO:0006171
GO:0030819 -[is_a]-> GO:0030804
GO:0030819 -[is_a]-> GO:0030816
GO:0030819 -[is_a]-> GO:0030817
GO:0030819 -[is_a]-> GO:1900373
GO:0030819 -[positively_regulates]-> GO:0006171
GO:0030820 -[is_a]-> GO:0030805
GO:0030820 -[is_a]-> GO:0030814
GO:0030820 -[is_a]-> GO:0033121
GO:0030820 -[regulates]-> GO:0006198
GO:0030821 -[is_a]-> GO:0030806
GO:0030821 -[is_a]-> GO:0030815
GO:0030821 -[is_a]-> GO:0030820
GO:0030821 -[is_a]-> GO:0033122
GO:0030821 -[negatively_regulates]-> GO:0006198
GO:0030822 -[is_a]-> GO:0030807
GO:0030822 -[is_a]-> GO:0030816
GO:0030822 -[is_a]-> GO:0030820
GO:0030822 -[is_a]-> GO:0033123
GO:0030822 -[positively_regulates]-> GO:0006198
GO:0030823 -[is_a]-> GO:0030799
GO:0030823 -[is_a]-> GO:1900542
GO:0030823 -[regulates]-> GO:0046068
GO:0030824 -[is_a]-> GO:0030800
GO:0030824 -[is_a]-> GO:0030823
GO:0030824 -[is_a]-> GO:1900543
GO:0030824 -[negatively_regulates]-> GO:0046068
GO:0030825 -[is_a]-> GO:0030801
GO:0030825 -[is_a]-> GO:0030823
GO:0030825 -[is_a]-> GO:1900544
GO:0030825 -[positively_regulates]-> GO:0046068
GO:0030826 -[is_a]-> GO:0030802
GO:0030826 -[is_a]-> GO:0030823
GO:0030826 -[is_a]-> GO:1900371
GO:0030826 -[regulates]-> GO:0006182
GO:0030827 -[is_a]-> GO:0030803
GO:0030827 -[is_a]-> GO:0030824
GO:0030827 -[is_a]-> GO:0030826
GO:0030827 -[is_a]-> GO:1900372
GO:0030827 -[negatively_regulates]-> GO:0006182
GO:0030828 -[is_a]-> GO:0030804
GO:0030828 -[is_a]-> GO:0030825
GO:0030828 -[is_a]-> GO:0030826
GO:0030828 -[is_a]-> GO:1900373
GO:0030828 -[positively_regulates]-> GO:0006182
GO:0030829 -[is_a]-> GO:0030805
GO:0030829 -[is_a]-> GO:0030823
GO:0030829 -[is_a]-> GO:0033121
GO:0030829 -[regulates]-> GO:0046069
GO:0030830 -[is_a]-> GO:0030806
GO:0030830 -[is_a]-> GO:0030824
GO:0030830 -[is_a]-> GO:0030829
GO:0030830 -[is_a]-> GO:0033122
GO:0030830 -[negatively_regulates]-> GO:0046069
GO:0030831 -[is_a]-> GO:0030807
GO:0030831 -[is_a]-> GO:0030825
GO:0030831 -[is_a]-> GO:0030829
GO:0030831 -[is_a]-> GO:0033123
GO:0030831 -[positively_regulates]-> GO:0046069
GO:0030832 -[is_a]-> GO:0032535
GO:0030832 -[is_a]-> GO:0032956
GO:0030833 -[is_a]-> GO:0008064
GO:0030833 -[is_a]-> GO:0032271
GO:0030833 -[regulates]-> GO:0030041
GO:0030834 -[is_a]-> GO:0008064
GO:0030834 -[is_a]-> GO:1901879
GO:0030834 -[regulates]-> GO:0030042
GO:0030835 -[is_a]-> GO:0030834
GO:0030835 -[is_a]-> GO:0051494
GO:0030835 -[is_a]-> GO:1901880
GO:0030835 -[negatively_regulates]-> GO:0030042
GO:0030836 -[is_a]-> GO:0030834
GO:0030836 -[is_a]-> GO:0051495
GO:0030836 -[is_a]-> GO:1901881
GO:0030836 -[positively_regulates]-> GO:0030042
GO:0030837 -[is_a]-> GO:0030833
GO:0030837 -[is_a]-> GO:0032272
GO:0030837 -[is_a]-> GO:0051494
GO:0030837 -[negatively_regulates]-> GO:0030041
GO:0030838 -[is_a]-> GO:0030833
GO:0030838 -[is_a]-> GO:0032273
GO:0030838 -[is_a]-> GO:0051495
GO:0030838 -[positively_regulates]-> GO:0030041
GO:0030839 -[is_a]-> GO:0032271
GO:0030839 -[is_a]-> GO:0045108
GO:0030839 -[regulates]-> GO:0045107
GO:0030840 -[is_a]-> GO:0030839
GO:0030840 -[is_a]-> GO:0032272
GO:0030840 -[is_a]-> GO:0051494
GO:0030840 -[negatively_regulates]-> GO:0045107
GO:0030841 -[is_a]-> GO:0030839
GO:0030841 -[is_a]-> GO:0032273
GO:0030841 -[is_a]-> GO:0051495
GO:0030841 -[positively_regulates]-> GO:0045107
GO:0030842 -[is_a]-> GO:0045108
GO:0030842 -[is_a]-> GO:1901879
GO:0030842 -[regulates]-> GO:0045106
GO:0030843 -[is_a]-> GO:0030842
GO:0030843 -[is_a]-> GO:0051494
GO:0030843 -[is_a]-> GO:1901880
GO:0030843 -[negatively_regulates]-> GO:0045106
GO:0030844 -[is_a]-> GO:0030842
GO:0030844 -[is_a]-> GO:0051495
GO:0030844 -[is_a]-> GO:1901881
GO:0030844 -[positively_regulates]-> GO:0045106
GO:0030845 -[is_a]-> GO:0007186
GO:0030845 -[has_part]-> GO:1900275
GO:0030846 -[is_a]-> GO:0006369
GO:0030847 -[is_a]-> GO:0006369
GO:0030848 -[is_a]-> GO:0016841
GO:0030849 -[is_a]-> GO:0005694
GO:0030850 -[is_a]-> GO:0044702
GO:0030850 -[is_a]-> GO:0048608
GO:0030850 -[is_a]-> GO:0048732
GO:0030850 -[part_of]-> GO:0001655
GO:0030851 -[is_a]-> GO:0002573
GO:0030852 -[is_a]-> GO:0002761
GO:0030852 -[regulates]-> GO:0030851
GO:0030853 -[is_a]-> GO:0002762
GO:0030853 -[is_a]-> GO:0030852
GO:0030853 -[negatively_regulates]-> GO:0030851
GO:0030854 -[is_a]-> GO:0002763
GO:0030854 -[is_a]-> GO:0030852
GO:0030854 -[positively_regulates]-> GO:0030851
GO:0030855 -[is_a]-> GO:0030154
GO:0030855 -[part_of]-> GO:0060429
GO:0030856 -[is_a]-> GO:0045595
GO:0030856 -[is_a]-> GO:2000026
GO:0030856 -[regulates]-> GO:0030855
GO:0030857 -[is_a]-> GO:0030856
GO:0030857 -[is_a]-> GO:0045596
GO:0030857 -[negatively_regulates]-> GO:0030855
GO:0030858 -[is_a]-> GO:0030856
GO:0030858 -[is_a]-> GO:0045597
GO:0030858 -[positively_regulates]-> GO:0030855
GO:0030859 -[is_a]-> GO:0030855
GO:0030859 -[part_of]-> GO:0001738
GO:0030860 -[is_a]-> GO:0030856
GO:0030860 -[is_a]-> GO:1905330
GO:0030860 -[is_a]-> GO:2000027
GO:0030860 -[regulates]-> GO:0030859
GO:0030861 -[is_a]-> GO:0030857
GO:0030861 -[is_a]-> GO:0030860
GO:0030861 -[is_a]-> GO:1905331
GO:0030861 -[negatively_regulates]-> GO:0030859
GO:0030862 -[is_a]-> GO:0030858
GO:0030862 -[is_a]-> GO:0030860
GO:0030862 -[is_a]-> GO:1905332
GO:0030862 -[positively_regulates]-> GO:0030859
GO:0030863 -[is_a]-> GO:0005856
GO:0030863 -[is_a]-> GO:0044448
GO:0030864 -[is_a]-> GO:0030863
GO:0030864 -[is_a]-> GO:0044430
GO:0030864 -[part_of]-> GO:0015629
GO:0030865 -[is_a]-> GO:0007010
GO:0030866 -[is_a]-> GO:0030036
GO:0030866 -[is_a]-> GO:0030865
GO:0030867 -[is_a]-> GO:0005789
GO:0030867 -[is_a]-> GO:0098588
GO:0030867 -[part_of]-> GO:0005791
GO:0030868 -[is_a]-> GO:0005789
GO:0030868 -[is_a]-> GO:0097425
GO:0030868 -[is_a]-> GO:0098588
GO:0030868 -[part_of]-> GO:0005790
GO:0030869 -[is_a]-> GO:0005677
GO:0030869 -[is_a]-> GO:0044452
GO:0030870 -[is_a]-> GO:0043234
GO:0030870 -[is_a]-> GO:0044428
GO:0030874 -[is_a]-> GO:0044452
GO:0030874 -[is_a]-> GO:0044454
GO:0030874 -[part_of]-> GO:0000790
GO:0030875 -[is_a]-> GO:0044452
GO:0030875 -[is_a]-> GO:0044454
GO:0030875 -[part_of]-> GO:0030874
GO:0030876 -[is_a]-> GO:0098802
GO:0030876 -[part_of]-> GO:0005887
GO:0030877 -[is_a]-> GO:0043234
GO:0030877 -[is_a]-> GO:0044444
GO:0030878 -[is_a]-> GO:0048732
GO:0030878 -[part_of]-> GO:0035270
GO:0030879 -[is_a]-> GO:0048732
GO:0030880 -[is_a]-> GO:0044424
GO:0030880 -[is_a]-> GO:0061695
GO:0030881 -[is_a]-> GO:0005515
GO:0030882 -[is_a]-> GO:0003823
GO:0030882 -[is_a]-> GO:0008289
GO:0030883 -[is_a]-> GO:0030882
GO:0030884 -[is_a]-> GO:0030882
GO:0030885 -[is_a]-> GO:0002694
GO:0030885 -[regulates]-> GO:0001773
GO:0030886 -[is_a]-> GO:0002695
GO:0030886 -[is_a]-> GO:0030885
GO:0030886 -[negatively_regulates]-> GO:0001773
GO:0030887 -[is_a]-> GO:0002696
GO:0030887 -[is_a]-> GO:0030885
GO:0030887 -[positively_regulates]-> GO:0001773
GO:0030888 -[is_a]-> GO:0050670
GO:0030888 -[is_a]-> GO:0050864
GO:0030888 -[regulates]-> GO:0042100
GO:0030889 -[is_a]-> GO:0030888
GO:0030889 -[is_a]-> GO:0050672
GO:0030889 -[is_a]-> GO:0050869
GO:0030889 -[negatively_regulates]-> GO:0042100
GO:0030890 -[is_a]-> GO:0030888
GO:0030890 -[is_a]-> GO:0050671
GO:0030890 -[is_a]-> GO:0050871
GO:0030890 -[positively_regulates]-> GO:0042100
GO:0030891 -[is_a]-> GO:0000153
GO:0030892 -[is_a]-> GO:0008278
GO:0030893 -[is_a]-> GO:0008278
GO:0030894 -[is_a]-> GO:0032993
GO:0030894 -[is_a]-> GO:0044427
GO:0030894 -[has_part]-> GO:0033202
GO:0030894 -[has_part]-> GO:0042575
GO:0030894 -[part_of]-> GO:0005657
GO:0030895 -[is_a]-> GO:0043234
GO:0030895 -[is_a]-> GO:0044428
GO:0030896 -[is_a]-> GO:0043234
GO:0030896 -[is_a]-> GO:0044454
GO:0030896 -[part_of]-> GO:0000794
GO:0030897 -[is_a]-> GO:0098796
GO:0030897 -[is_a]-> GO:0099023
GO:0030898 -[is_a]-> GO:0042623
GO:0030899 -[is_a]-> GO:0042623
GO:0030900 -[is_a]-> GO:0044767
GO:0030900 -[is_a]-> GO:0048856
GO:0030900 -[part_of]-> GO:0007420
GO:0030901 -[is_a]-> GO:0044767
GO:0030901 -[is_a]-> GO:0048856
GO:0030901 -[part_of]-> GO:0007420
GO:0030902 -[is_a]-> GO:0044767
GO:0030902 -[is_a]-> GO:0048856
GO:0030902 -[part_of]-> GO:0007420
GO:0030903 -[is_a]-> GO:0048568
GO:0030904 -[is_a]-> GO:0044464
GO:0030904 -[is_a]-> GO:0098796
GO:0030904 -[part_of]-> GO:0012505
GO:0030905 -[is_a]-> GO:0044464
GO:0030905 -[is_a]-> GO:0098796
GO:0030905 -[part_of]-> GO:0030904
GO:0030906 -[is_a]-> GO:0044464
GO:0030906 -[is_a]-> GO:0098796
GO:0030906 -[part_of]-> GO:0030904
GO:0030907 -[is_a]-> GO:0090575
GO:0030908 -[is_a]-> GO:0016485
GO:0030909 -[is_a]-> GO:0030908
GO:0030910 -[is_a]-> GO:0060788
GO:0030910 -[part_of]-> GO:0043584
GO:0030910 -[part_of]-> GO:0071699
GO:0030911 -[is_a]-> GO:0019904
GO:0030912 -[is_a]-> GO:0009415
GO:0030913 -[is_a]-> GO:0007043
GO:0030913 -[is_a]-> GO:0010927
GO:0030913 -[part_of]-> GO:0032288
GO:0030914 -[is_a]-> GO:0070461
GO:0030915 -[is_a]-> GO:0043234
GO:0030915 -[is_a]-> GO:0044427
GO:0030915 -[part_of]-> GO:0000793
GO:0030916 -[is_a]-> GO:0044767
GO:0030916 -[is_a]-> GO:0048646
GO:0030916 -[part_of]-> GO:0071600
GO:0030917 -[is_a]-> GO:0044767
GO:0030917 -[is_a]-> GO:0048856
GO:0030917 -[part_of]-> GO:0007420
GO:0030917 -[part_of]-> GO:0021903
GO:0030919 -[is_a]-> GO:0018209
GO:0030919 -[is_a]-> GO:0030920
GO:0030920 -[is_a]-> GO:0006473
GO:0030921 -[is_a]-> GO:0018251
GO:0030922 -[is_a]-> GO:0018251
GO:0030923 -[is_a]-> GO:0006464
GO:0030924 -[is_a]-> GO:0030923
GO:0030925 -[is_a]-> GO:0030923
GO:0030926 -[is_a]-> GO:0030925
GO:0030927 -[is_a]-> GO:0030924
GO:0030929 -[is_a]-> GO:0043234
GO:0030929 -[is_a]-> GO:0044444
GO:0030930 -[is_a]-> GO:0030929
GO:0030931 -[is_a]-> GO:0030929
GO:0030932 -[is_a]-> GO:0031009
GO:0030932 -[part_of]-> GO:0009501
GO:0030933 -[is_a]-> GO:0031009
GO:0030933 -[is_a]-> GO:0044434
GO:0030933 -[part_of]-> GO:0009507
GO:0030934 -[is_a]-> GO:0005581
GO:0030934 -[is_a]-> GO:0044420
GO:0030934 -[part_of]-> GO:0005578
GO:0030935 -[is_a]-> GO:0098642
GO:0030935 -[part_of]-> GO:0005578
GO:0030935 -[part_of]-> GO:0098646
GO:0030936 -[is_a]-> GO:0005581
GO:0030936 -[is_a]-> GO:0098797
GO:0030936 -[part_of]-> GO:0005887
GO:0030937 -[is_a]-> GO:0030936
GO:0030937 -[is_a]-> GO:0098637
GO:0030937 -[is_a]-> GO:0098733
GO:0030937 -[part_of]-> GO:0005887
GO:0030938 -[is_a]-> GO:0098651
GO:0030938 -[part_of]-> GO:0005604
GO:0030941 -[is_a]-> GO:0005048
GO:0030942 -[is_a]-> GO:0005048
GO:0030943 -[is_a]-> GO:0005048
GO:0030944 -[is_a]-> GO:0046923
GO:0030945 -[is_a]-> GO:0004725
GO:0030946 -[is_a]-> GO:0004725
GO:0030947 -[is_a]-> GO:0009966
GO:0030947 -[is_a]-> GO:0090287
GO:0030947 -[regulates]-> GO:0048010
GO:0030948 -[is_a]-> GO:0009968
GO:0030948 -[is_a]-> GO:0030947
GO:0030948 -[is_a]-> GO:0090288
GO:0030948 -[negatively_regulates]-> GO:0048010
GO:0030949 -[is_a]-> GO:0009967
GO:0030949 -[is_a]-> GO:0030947
GO:0030949 -[positively_regulates]-> GO:0048010
GO:0030950 -[is_a]-> GO:0030036
GO:0030950 -[is_a]-> GO:0030952
GO:0030951 -[is_a]-> GO:0000226
GO:0030951 -[is_a]-> GO:0030952
GO:0030952 -[is_a]-> GO:0007010
GO:0030952 -[is_a]-> GO:0007163
GO:0030952 -[is_a]-> GO:1902589
GO:0030953 -[is_a]-> GO:0007051
GO:0030953 -[is_a]-> GO:0031122
GO:0030954 -[is_a]-> GO:0007020
GO:0030954 -[is_a]-> GO:0030953
GO:0030955 -[is_a]-> GO:0031420
GO:0030956 -[is_a]-> GO:0043234
GO:0030956 -[is_a]-> GO:0044424
GO:0030957 -[is_a]-> GO:0008134
GO:0030958 -[is_a]-> GO:0031332
GO:0030958 -[is_a]-> GO:0044454
GO:0030958 -[part_of]-> GO:0005720
GO:0030959 -[is_a]-> GO:0018149
GO:0030959 -[is_a]-> GO:0018212
GO:0030960 -[is_a]-> GO:0018149
GO:0030960 -[is_a]-> GO:0018212
GO:0030961 -[is_a]-> GO:0018195
GO:0030962 -[is_a]-> GO:0030961
GO:0030963 -[is_a]-> GO:0017185
GO:0030964 -[is_a]-> GO:0044425
GO:0030964 -[is_a]-> GO:1990204
GO:0030965 -[is_a]-> GO:0022904
GO:0030965 -[part_of]-> GO:0042774
GO:0030968 -[is_a]-> GO:0007165
GO:0030968 -[is_a]-> GO:0034976
GO:0030968 -[part_of]-> GO:0034620
GO:0030969 -[is_a]-> GO:0070054
GO:0030969 -[part_of]-> GO:0036498
GO:0030970 -[is_a]-> GO:0032527
GO:0030970 -[is_a]-> GO:1903513
GO:0030970 -[part_of]-> GO:0036503
GO:0030971 -[is_a]-> GO:0005102
GO:0030971 -[is_a]-> GO:1990782
GO:0030973 -[is_a]-> GO:0043168
GO:0030974 -[is_a]-> GO:0015748
GO:0030974 -[is_a]-> GO:0051181
GO:0030974 -[is_a]-> GO:0071705
GO:0030975 -[is_a]-> GO:0019842
GO:0030975 -[is_a]-> GO:0097159
GO:0030975 -[is_a]-> GO:1901363
GO:0030975 -[is_a]-> GO:1901681
GO:0030976 -[is_a]-> GO:0019842
GO:0030976 -[is_a]-> GO:0050662
GO:0030976 -[is_a]-> GO:0097159
GO:0030976 -[is_a]-> GO:1901363
GO:0030977 -[is_a]-> GO:1901681
GO:0030978 -[is_a]-> GO:0006073
GO:0030979 -[is_a]-> GO:0009250
GO:0030979 -[is_a]-> GO:0030978
GO:0030980 -[is_a]-> GO:0009251
GO:0030980 -[is_a]-> GO:0030978
GO:0030980 -[is_a]-> GO:0044247
GO:0030981 -[is_a]-> GO:0030863
GO:0030981 -[is_a]-> GO:0044430
GO:0030981 -[part_of]-> GO:0015630
GO:0030982 -[is_a]-> GO:0071976
GO:0030983 -[is_a]-> GO:0003690
GO:0030984 -[is_a]-> GO:0005515
GO:0030985 -[is_a]-> GO:0030984
GO:0030986 -[is_a]-> GO:0030984
GO:0030987 -[is_a]-> GO:0005102
GO:0030988 -[is_a]-> GO:0098802
GO:0030988 -[part_of]-> GO:0005887
GO:0030989 -[is_a]-> GO:0030473
GO:0030989 -[is_a]-> GO:0044702
GO:0030989 -[is_a]-> GO:1903046
GO:0030989 -[part_of]-> GO:0007127
GO:0030990 -[is_a]-> GO:0043234
GO:0030991 -[is_a]-> GO:0043234
GO:0030991 -[part_of]-> GO:0030990
GO:0030992 -[is_a]-> GO:0043234
GO:0030992 -[part_of]-> GO:0030990
GO:0030993 -[is_a]-> GO:0043234
GO:0030993 -[is_a]-> GO:0044447
GO:0030994 -[is_a]-> GO:0022411
GO:0030994 -[part_of]-> GO:0000920
GO:0030995 -[is_a]-> GO:0071999
GO:0030995 -[part_of]-> GO:0000920
GO:0030997 -[is_a]-> GO:0070507
GO:0030997 -[part_of]-> GO:0007098
GO:0030997 -[regulates]-> GO:0010457
GO:0030998 -[is_a]-> GO:0099086
GO:0030998 -[part_of]-> GO:0000794
GO:0030999 -[is_a]-> GO:0022607
GO:0030999 -[is_a]-> GO:1903046
GO:0030999 -[part_of]-> GO:0007129
GO:0031000 -[is_a]-> GO:0014074
GO:0031000 -[is_a]-> GO:0043279
GO:0031001 -[is_a]-> GO:0014070
GO:0031001 -[is_a]-> GO:0046677
GO:0031001 -[is_a]-> GO:1901700
GO:0031002 -[is_a]-> GO:0032432
GO:0031002 -[part_of]-> GO:0015629
GO:0031003 -[is_a]-> GO:0032432
GO:0031003 -[part_of]-> GO:0031002
GO:0031004 -[is_a]-> GO:0090533
GO:0031005 -[is_a]-> GO:0008092
GO:0031009 -[is_a]-> GO:0030931
GO:0031009 -[is_a]-> GO:0044435
GO:0031009 -[part_of]-> GO:0009536
GO:0031010 -[is_a]-> GO:0070603
GO:0031011 -[is_a]-> GO:0033202
GO:0031011 -[is_a]-> GO:0044454
GO:0031011 -[is_a]-> GO:0097346
GO:0031011 -[part_of]-> GO:0000790
GO:0031012 -[is_a]-> GO:0044421
GO:0031012 -[part_of]-> GO:0005576
GO:0031013 -[is_a]-> GO:0008092
GO:0031014 -[is_a]-> GO:0008092
GO:0031016 -[is_a]-> GO:0044767
GO:0031016 -[is_a]-> GO:0048513
GO:0031017 -[is_a]-> GO:0048732
GO:0031017 -[part_of]-> GO:0031016
GO:0031017 -[part_of]-> GO:0035272
GO:0031017 -[part_of]-> GO:0055123
GO:0031018 -[is_a]-> GO:0044767
GO:0031018 -[is_a]-> GO:0048856
GO:0031018 -[part_of]-> GO:0031016
GO:0031018 -[part_of]-> GO:0035270
GO:0031019 -[is_a]-> GO:0045293
GO:0031019 -[is_a]-> GO:0098798
GO:0031019 -[part_of]-> GO:0005739
GO:0031020 -[is_a]-> GO:0044435
GO:0031020 -[is_a]-> GO:0045293
GO:0031020 -[part_of]-> GO:0009536
GO:0031021 -[is_a]-> GO:0005815
GO:0031022 -[is_a]-> GO:0007097
GO:0031022 -[is_a]-> GO:0030048
GO:0031022 -[is_a]-> GO:0099515
GO:0031022 -[is_a]-> GO:1902582
GO:0031023 -[is_a]-> GO:0006996
GO:0031023 -[part_of]-> GO:0000226
GO:0031024 -[is_a]-> GO:0022607
GO:0031024 -[is_a]-> GO:0031023
GO:0031025 -[is_a]-> GO:0022411
GO:0031025 -[is_a]-> GO:0031023
GO:0031025 -[is_a]-> GO:0031121
GO:0031026 -[is_a]-> GO:0044424
GO:0031026 -[is_a]-> GO:1990204
GO:0031027 -[is_a]-> GO:0031026
GO:0031028 -[is_a]-> GO:0007096
GO:0031028 -[is_a]-> GO:0007265
GO:0031028 -[is_a]-> GO:0031991
GO:0031028 -[is_a]-> GO:1901893
GO:0031028 -[is_a]-> GO:1903438
GO:0031029 -[is_a]-> GO:0007096
GO:0031029 -[is_a]-> GO:0031991
GO:0031029 -[is_a]-> GO:0046578
GO:0031029 -[is_a]-> GO:1901891
GO:0031029 -[is_a]-> GO:1903436
GO:0031029 -[regulates]-> GO:0031028
GO:0031030 -[is_a]-> GO:0010974
GO:0031030 -[is_a]-> GO:0031029
GO:0031030 -[is_a]-> GO:0046580
GO:0031030 -[negatively_regulates]-> GO:0031028
GO:0031031 -[is_a]-> GO:0010973
GO:0031031 -[is_a]-> GO:0031029
GO:0031031 -[is_a]-> GO:0046579
GO:0031031 -[positively_regulates]-> GO:0031028
GO:0031032 -[is_a]-> GO:0030036
GO:0031033 -[is_a]-> GO:0030036
GO:0031033 -[is_a]-> GO:0071822
GO:0031034 -[is_a]-> GO:0031033
GO:0031034 -[is_a]-> GO:0043623
GO:0031035 -[is_a]-> GO:0031033
GO:0031035 -[is_a]-> GO:0043624
GO:0031036 -[is_a]-> GO:0031034
GO:0031036 -[is_a]-> GO:0031038
GO:0031037 -[is_a]-> GO:0031035
GO:0031037 -[is_a]-> GO:0031038
GO:0031038 -[is_a]-> GO:0031033
GO:0031039 -[is_a]-> GO:0005634
GO:0031040 -[is_a]-> GO:0005634
GO:0031041 -[is_a]-> GO:0016266
GO:0031042 -[is_a]-> GO:0016266
GO:0031043 -[is_a]-> GO:0016266
GO:0031044 -[is_a]-> GO:0016266
GO:0031045 -[is_a]-> GO:0030141
GO:0031047 -[is_a]-> GO:0016458
GO:0031048 -[is_a]-> GO:0006342
GO:0031048 -[is_a]-> GO:0031047
GO:0031049 -[is_a]-> GO:0006259
GO:0031050 -[is_a]-> GO:0006396
GO:0031050 -[part_of]-> GO:0071359
GO:0031051 -[is_a]-> GO:0031050
GO:0031051 -[part_of]-> GO:0031049
GO:0031052 -[is_a]-> GO:0051276
GO:0031052 -[part_of]-> GO:0031049
GO:0031053 -[is_a]-> GO:0034470
GO:0031053 -[part_of]-> GO:0035196
GO:0031054 -[is_a]-> GO:0034470
GO:0031054 -[part_of]-> GO:0035196
GO:0031055 -[is_a]-> GO:0006338
GO:0031056 -[is_a]-> GO:0031399
GO:0031056 -[is_a]-> GO:1902275
GO:0031056 -[regulates]-> GO:0016570
GO:0031057 -[is_a]-> GO:0031056
GO:0031057 -[is_a]-> GO:0031400
GO:0031057 -[is_a]-> GO:1905268
GO:0031057 -[negatively_regulates]-> GO:0016570
GO:0031058 -[is_a]-> GO:0031056
GO:0031058 -[is_a]-> GO:0031401
GO:0031058 -[is_a]-> GO:1905269
GO:0031058 -[positively_regulates]-> GO:0016570
GO:0031059 -[is_a]-> GO:0016575
GO:0031060 -[is_a]-> GO:0031056
GO:0031060 -[regulates]-> GO:0016571
GO:0031061 -[is_a]-> GO:0031057
GO:0031061 -[is_a]-> GO:0031060
GO:0031061 -[negatively_regulates]-> GO:0016571
GO:0031062 -[is_a]-> GO:0031058
GO:0031062 -[is_a]-> GO:0031060
GO:0031062 -[positively_regulates]-> GO:0016571
GO:0031063 -[is_a]-> GO:0031056
GO:0031063 -[is_a]-> GO:0090311
GO:0031063 -[regulates]-> GO:0016575
GO:0031064 -[is_a]-> GO:0031057
GO:0031064 -[is_a]-> GO:0031063
GO:0031064 -[negatively_regulates]-> GO:0016575
GO:0031065 -[is_a]-> GO:0031058
GO:0031065 -[is_a]-> GO:0031063
GO:0031065 -[is_a]-> GO:0090312
GO:0031065 -[positively_regulates]-> GO:0016575
GO:0031066 -[is_a]-> GO:0031063
GO:0031066 -[regulates]-> GO:0031059
GO:0031067 -[is_a]-> GO:0031064
GO:0031067 -[is_a]-> GO:0031066
GO:0031067 -[negatively_regulates]-> GO:0031059
GO:0031068 -[is_a]-> GO:0031065
GO:0031068 -[is_a]-> GO:0031066
GO:0031068 -[positively_regulates]-> GO:0031059
GO:0031069 -[is_a]-> GO:0009653
GO:0031069 -[is_a]-> GO:0022405
GO:0031069 -[is_a]-> GO:0044767
GO:0031069 -[part_of]-> GO:0001942
GO:0031069 -[part_of]-> GO:0048730
GO:0031070 -[is_a]-> GO:0043144
GO:0031071 -[is_a]-> GO:0016783
GO:0031072 -[is_a]-> GO:0005515
GO:0031073 -[is_a]-> GO:0008395
GO:0031074 -[is_a]-> GO:0043234
GO:0031074 -[is_a]-> GO:0044424
GO:0031076 -[is_a]-> GO:0043010
GO:0031076 -[is_a]-> GO:0048568
GO:0031077 -[is_a]-> GO:0043010
GO:0031077 -[is_a]-> GO:0048569
GO:0031077 -[part_of]-> GO:0009791
GO:0031078 -[is_a]-> GO:0004407
GO:0031078 -[part_of]-> GO:0070932
GO:0031080 -[is_a]-> GO:0043234
GO:0031080 -[is_a]-> GO:0044428
GO:0031080 -[part_of]-> GO:0005643
GO:0031081 -[is_a]-> GO:0006997
GO:0031081 -[is_a]-> GO:0051664
GO:0031082 -[is_a]-> GO:0043234
GO:0031082 -[is_a]-> GO:0044445
GO:0031082 -[part_of]-> GO:0005829
GO:0031083 -[is_a]-> GO:0031082
GO:0031084 -[is_a]-> GO:0031082
GO:0031085 -[is_a]-> GO:0031082
GO:0031086 -[is_a]-> GO:0000956
GO:0031087 -[is_a]-> GO:0090305
GO:0031087 -[part_of]-> GO:0031086
GO:0031088 -[is_a]-> GO:0030667
GO:0031088 -[part_of]-> GO:0042827
GO:0031089 -[is_a]-> GO:0034774
GO:0031089 -[part_of]-> GO:0042827
GO:0031090 -[is_a]-> GO:0016020
GO:0031090 -[is_a]-> GO:0044422
GO:0031090 -[part_of]-> GO:0043227
GO:0031091 -[is_a]-> GO:0030141
GO:0031092 -[is_a]-> GO:0030667
GO:0031092 -[part_of]-> GO:0031091
GO:0031093 -[is_a]-> GO:0034774
GO:0031093 -[part_of]-> GO:0031091
GO:0031094 -[is_a]-> GO:0043231
GO:0031095 -[is_a]-> GO:0044424
GO:0031095 -[is_a]-> GO:0098588
GO:0031095 -[part_of]-> GO:0031094
GO:0031096 -[is_a]-> GO:0070013
GO:0031096 -[part_of]-> GO:0031094
GO:0031097 -[is_a]-> GO:0032155
GO:0031097 -[is_a]-> GO:0099738
GO:0031098 -[is_a]-> GO:0033554
GO:0031098 -[is_a]-> GO:0035556
GO:0031099 -[is_a]-> GO:0044767
GO:0031099 -[is_a]-> GO:0048856
GO:0031100 -[is_a]-> GO:0031099
GO:0031100 -[is_a]-> GO:0048513
GO:0031101 -[is_a]-> GO:0042246
GO:0031102 -[is_a]-> GO:0031099
GO:0031102 -[is_a]-> GO:0031175
GO:0031102 -[is_a]-> GO:0033554
GO:0031103 -[is_a]-> GO:0031102
GO:0031103 -[is_a]-> GO:0048678
GO:0031103 -[is_a]-> GO:0061564
GO:0031104 -[is_a]-> GO:0016358
GO:0031104 -[is_a]-> GO:0031102
GO:0031105 -[is_a]-> GO:0043234
GO:0031105 -[is_a]-> GO:0044430
GO:0031105 -[is_a]-> GO:0044448
GO:0031105 -[part_of]-> GO:0032156
GO:0031106 -[is_a]-> GO:0032185
GO:0031107 -[is_a]-> GO:0031106
GO:0031107 -[is_a]-> GO:1903008
GO:0031108 -[is_a]-> GO:0042967
GO:0031109 -[is_a]-> GO:0000226
GO:0031110 -[is_a]-> GO:0070507
GO:0031110 -[regulates]-> GO:0031109
GO:0031111 -[is_a]-> GO:0031110
GO:0031111 -[is_a]-> GO:0051494
GO:0031111 -[negatively_regulates]-> GO:0031109
GO:0031112 -[is_a]-> GO:0031110
GO:0031112 -[is_a]-> GO:0051495
GO:0031112 -[positively_regulates]-> GO:0031109
GO:0031113 -[is_a]-> GO:0031110
GO:0031113 -[is_a]-> GO:0032271
GO:0031113 -[regulates]-> GO:0046785
GO:0031114 -[is_a]-> GO:0031110
GO:0031114 -[is_a]-> GO:1901879
GO:0031114 -[regulates]-> GO:0007019
GO:0031115 -[is_a]-> GO:0031111
GO:0031115 -[is_a]-> GO:0031113
GO:0031115 -[is_a]-> GO:0032272
GO:0031115 -[negatively_regulates]-> GO:0046785
GO:0031116 -[is_a]-> GO:0031112
GO:0031116 -[is_a]-> GO:0031113
GO:0031116 -[is_a]-> GO:0032273
GO:0031116 -[positively_regulates]-> GO:0046785
GO:0031117 -[is_a]-> GO:0031112
GO:0031117 -[is_a]-> GO:0031114
GO:0031117 -[is_a]-> GO:1901881
GO:0031117 -[positively_regulates]-> GO:0007019
GO:0031118 -[is_a]-> GO:0000154
GO:0031118 -[is_a]-> GO:0001522
GO:0031119 -[is_a]-> GO:0001522
GO:0031119 -[is_a]-> GO:0006400
GO:0031120 -[is_a]-> GO:0001522
GO:0031120 -[is_a]-> GO:0040031
GO:0031121 -[is_a]-> GO:0000226
GO:0031122 -[is_a]-> GO:0000226
GO:0031123 -[is_a]-> GO:0006396
GO:0031124 -[is_a]-> GO:0006397
GO:0031124 -[is_a]-> GO:0031123
GO:0031125 -[is_a]-> GO:0006364
GO:0031125 -[is_a]-> GO:0043628
GO:0031126 -[is_a]-> GO:0043144
GO:0031126 -[is_a]-> GO:0043628
GO:0031127 -[is_a]-> GO:0008417
GO:0031128 -[is_a]-> GO:0032502
GO:0031128 -[has_part]-> GO:0045168
GO:0031129 -[is_a]-> GO:0031128
GO:0031130 -[is_a]-> GO:0048869
GO:0031130 -[part_of]-> GO:0031129
GO:0031131 -[is_a]-> GO:0031668
GO:0031131 -[part_of]-> GO:0031129
GO:0031132 -[is_a]-> GO:0016616
GO:0031133 -[is_a]-> GO:0032536
GO:0031133 -[is_a]-> GO:0050770
GO:0031134 -[is_a]-> GO:0008608
GO:0031134 -[part_of]-> GO:0000819
GO:0031135 -[is_a]-> GO:0043901
GO:0031135 -[is_a]-> GO:0046999
GO:0031135 -[is_a]-> GO:0048523
GO:0031135 -[negatively_regulates]-> GO:0000746
GO:0031136 -[is_a]-> GO:0043902
GO:0031136 -[is_a]-> GO:0046999
GO:0031136 -[is_a]-> GO:0048522
GO:0031136 -[positively_regulates]-> GO:0000746
GO:0031137 -[is_a]-> GO:0046999
GO:0031137 -[is_a]-> GO:2000241
GO:0031137 -[regulates]-> GO:0000747
GO:0031138 -[is_a]-> GO:0031135
GO:0031138 -[is_a]-> GO:0031137
GO:0031138 -[is_a]-> GO:2000242
GO:0031138 -[negatively_regulates]-> GO:0000747
GO:0031139 -[is_a]-> GO:0031136
GO:0031139 -[is_a]-> GO:0031137
GO:0031139 -[is_a]-> GO:2000243
GO:0031139 -[positively_regulates]-> GO:0000747
GO:0031140 -[is_a]-> GO:0010514
GO:0031141 -[is_a]-> GO:0031140
GO:0031142 -[is_a]-> GO:0006995
GO:0031142 -[is_a]-> GO:0031140
GO:0031143 -[is_a]-> GO:0042995
GO:0031144 -[is_a]-> GO:0034629
GO:0031145 -[is_a]-> GO:0043161
GO:0031146 -[is_a]-> GO:0043161
GO:0031147 -[is_a]-> GO:0018904
GO:0031147 -[is_a]-> GO:0018958
GO:0031147 -[is_a]-> GO:0042180
GO:0031147 -[is_a]-> GO:0042537
GO:0031148 -[is_a]-> GO:0031147
GO:0031148 -[is_a]-> GO:0042181
GO:0031148 -[is_a]-> GO:0046189
GO:0031148 -[is_a]-> GO:1901503
GO:0031149 -[is_a]-> GO:0003006
GO:0031149 -[is_a]-> GO:0030154
GO:0031149 -[is_a]-> GO:0044702
GO:0031149 -[part_of]-> GO:0031150
GO:0031150 -[is_a]-> GO:0003006
GO:0031150 -[is_a]-> GO:0048856
GO:0031150 -[part_of]-> GO:0031154
GO:0031151 -[is_a]-> GO:0018024
GO:0031151 -[part_of]-> GO:0034729
GO:0031152 -[is_a]-> GO:0044767
GO:0031152 -[is_a]-> GO:0048856
GO:0031152 -[part_of]-> GO:0030587
GO:0031153 -[is_a]-> GO:0044767
GO:0031153 -[is_a]-> GO:0048856
GO:0031153 -[part_of]-> GO:0030587
GO:0031154 -[is_a]-> GO:0044767
GO:0031154 -[is_a]-> GO:0048856
GO:0031154 -[part_of]-> GO:0030587
GO:0031155 -[is_a]-> GO:0075260
GO:0031155 -[regulates]-> GO:0030582
GO:0031156 -[is_a]-> GO:0010646
GO:0031156 -[is_a]-> GO:0032107
GO:0031156 -[is_a]-> GO:0080135
GO:0031156 -[is_a]-> GO:2000026
GO:0031156 -[regulates]-> GO:0030587
GO:0031157 -[is_a]-> GO:0060176
GO:0031157 -[is_a]-> GO:0065008
GO:0031158 -[is_a]-> GO:0031157
GO:0031159 -[is_a]-> GO:0031157
GO:0031160 -[is_a]-> GO:0005618
GO:0031161 -[is_a]-> GO:0046475
GO:0031161 -[is_a]-> GO:0046488
GO:0031162 -[is_a]-> GO:0006464
GO:0031162 -[is_a]-> GO:0006790
GO:0031162 -[part_of]-> GO:0031163
GO:0031163 -[is_a]-> GO:0022607
GO:0031164 -[is_a]-> GO:0005774
GO:0031164 -[is_a]-> GO:0044433
GO:0031164 -[part_of]-> GO:0000331
GO:0031165 -[is_a]-> GO:0031166
GO:0031165 -[is_a]-> GO:0031311
GO:0031165 -[part_of]-> GO:0031164
GO:0031166 -[is_a]-> GO:0031301
GO:0031166 -[is_a]-> GO:0031310
GO:0031166 -[part_of]-> GO:0005774
GO:0031167 -[is_a]-> GO:0000154
GO:0031167 -[is_a]-> GO:0001510
GO:0031168 -[is_a]-> GO:0006518
GO:0031168 -[is_a]-> GO:0009237
GO:0031169 -[is_a]-> GO:0019539
GO:0031169 -[is_a]-> GO:0031168
GO:0031170 -[is_a]-> GO:0031168
GO:0031171 -[is_a]-> GO:0031169
GO:0031171 -[is_a]-> GO:0031170
GO:0031172 -[is_a]-> GO:0004497
GO:0031173 -[is_a]-> GO:0045299
GO:0031174 -[is_a]-> GO:0045299
GO:0031175 -[is_a]-> GO:0030030
GO:0031175 -[part_of]-> GO:0048666
GO:0031176 -[is_a]-> GO:0097599
GO:0031177 -[is_a]-> GO:0019842
GO:0031177 -[is_a]-> GO:0033218
GO:0031177 -[is_a]-> GO:0072341
GO:0031179 -[is_a]-> GO:0006518
GO:0031201 -[is_a]-> GO:0044444
GO:0031201 -[is_a]-> GO:0098796
GO:0031203 -[is_a]-> GO:0043623
GO:0031203 -[part_of]-> GO:0006620
GO:0031204 -[is_a]-> GO:0065002
GO:0031204 -[part_of]-> GO:0006620
GO:0031205 -[is_a]-> GO:0044432
GO:0031205 -[is_a]-> GO:0098796
GO:0031205 -[has_part]-> GO:0005784
GO:0031205 -[part_of]-> GO:0030867
GO:0031207 -[is_a]-> GO:0044432
GO:0031207 -[is_a]-> GO:0098796
GO:0031207 -[part_of]-> GO:0031205
GO:0031208 -[is_a]-> GO:0019904
GO:0031209 -[is_a]-> GO:0043234
GO:0031209 -[is_a]-> GO:0044444
GO:0031210 -[is_a]-> GO:0005543
GO:0031210 -[is_a]-> GO:0050997
GO:0031210 -[is_a]-> GO:0070405
GO:0031211 -[is_a]-> GO:0002178
GO:0031211 -[is_a]-> GO:0044425
GO:0031211 -[is_a]-> GO:0044432
GO:0031211 -[part_of]-> GO:0005789
GO:0031213 -[is_a]-> GO:0031010
GO:0031214 -[is_a]-> GO:0009888
GO:0031214 -[part_of]-> GO:0048513
GO:0031215 -[is_a]-> GO:0031214
GO:0031216 -[is_a]-> GO:0004553
GO:0031217 -[is_a]-> GO:0008422
GO:0031218 -[is_a]-> GO:0015925
GO:0031219 -[is_a]-> GO:0004553
GO:0031220 -[is_a]-> GO:0004645
GO:0031221 -[is_a]-> GO:0005976
GO:0031221 -[is_a]-> GO:0044723
GO:0031222 -[is_a]-> GO:0000272
GO:0031222 -[is_a]-> GO:0031221
GO:0031222 -[is_a]-> GO:0044724
GO:0031223 -[is_a]-> GO:0007638
GO:0031223 -[part_of]-> GO:0010996
GO:0031224 -[is_a]-> GO:0044425
GO:0031225 -[is_a]-> GO:0031224
GO:0031226 -[is_a]-> GO:0031224
GO:0031226 -[is_a]-> GO:0044459
GO:0031226 -[part_of]-> GO:0005886
GO:0031227 -[is_a]-> GO:0031224
GO:0031227 -[is_a]-> GO:0044432
GO:0031227 -[part_of]-> GO:0005789
GO:0031228 -[is_a]-> GO:0031300
GO:0031228 -[is_a]-> GO:0044431
GO:0031228 -[part_of]-> GO:0000139
GO:0031229 -[is_a]-> GO:0031300
GO:0031229 -[is_a]-> GO:0044453
GO:0031229 -[part_of]-> GO:0005637
GO:0031230 -[is_a]-> GO:0031224
GO:0031230 -[is_a]-> GO:0044462
GO:0031230 -[part_of]-> GO:0009279
GO:0031231 -[is_a]-> GO:0031300
GO:0031231 -[is_a]-> GO:0044439
GO:0031231 -[part_of]-> GO:0005778
GO:0031232 -[is_a]-> GO:0019897
GO:0031232 -[part_of]-> GO:0009897
GO:0031233 -[is_a]-> GO:0031226
GO:0031233 -[part_of]-> GO:0009897
GO:0031234 -[is_a]-> GO:0019897
GO:0031234 -[is_a]-> GO:0044424
GO:0031234 -[part_of]-> GO:0009898
GO:0031235 -[is_a]-> GO:0031226
GO:0031235 -[part_of]-> GO:0009898
GO:0031236 -[is_a]-> GO:0031232
GO:0031236 -[part_of]-> GO:0098567
GO:0031237 -[is_a]-> GO:0031233
GO:0031237 -[part_of]-> GO:0098567
GO:0031240 -[is_a]-> GO:0044462
GO:0031240 -[is_a]-> GO:0098552
GO:0031240 -[part_of]-> GO:0009279
GO:0031241 -[is_a]-> GO:0044462
GO:0031241 -[is_a]-> GO:0098552
GO:0031241 -[part_of]-> GO:0009279
GO:0031242 -[is_a]-> GO:0031244
GO:0031242 -[part_of]-> GO:0031240
GO:0031243 -[is_a]-> GO:0031230
GO:0031243 -[part_of]-> GO:0031240
GO:0031244 -[is_a]-> GO:0019898
GO:0031244 -[is_a]-> GO:0044462
GO:0031244 -[part_of]-> GO:0009279
GO:0031245 -[is_a]-> GO:0031244
GO:0031245 -[part_of]-> GO:0031241
GO:0031246 -[is_a]-> GO:0031230
GO:0031246 -[part_of]-> GO:0031241
GO:0031247 -[is_a]-> GO:0051017
GO:0031248 -[is_a]-> GO:0044424
GO:0031248 -[is_a]-> GO:1902493
GO:0031249 -[is_a]-> GO:0005515
GO:0031250 -[is_a]-> GO:0043234
GO:0031250 -[is_a]-> GO:0044444
GO:0031251 -[is_a]-> GO:0043234
GO:0031251 -[is_a]-> GO:0044444
GO:0031252 -[is_a]-> GO:0044464
GO:0031253 -[is_a]-> GO:0044463
GO:0031253 -[is_a]-> GO:0098590
GO:0031253 -[part_of]-> GO:0005886
GO:0031254 -[is_a]-> GO:0044464
GO:0031255 -[is_a]-> GO:0097574
GO:0031256 -[is_a]-> GO:0044459
GO:0031256 -[part_of]-> GO:0031252
GO:0031257 -[is_a]-> GO:0044459
GO:0031257 -[part_of]-> GO:0031254
GO:0031258 -[is_a]-> GO:0031253
GO:0031258 -[is_a]-> GO:0031256
GO:0031258 -[part_of]-> GO:0030027
GO:0031259 -[is_a]-> GO:0031253
GO:0031259 -[is_a]-> GO:0031257
GO:0031259 -[part_of]-> GO:0001931
GO:0031260 -[is_a]-> GO:0031253
GO:0031260 -[part_of]-> GO:0031143
GO:0031261 -[is_a]-> GO:0032993
GO:0031261 -[is_a]-> GO:0044451
GO:0031261 -[has_part]-> GO:0005656
GO:0031262 -[is_a]-> GO:0043234
GO:0031262 -[is_a]-> GO:0044427
GO:0031262 -[part_of]-> GO:0000776
GO:0031263 -[is_a]-> GO:0005275
GO:0031263 -[is_a]-> GO:0042626
GO:0031264 -[is_a]-> GO:0098797
GO:0031265 -[is_a]-> GO:0031264
GO:0031266 -[is_a]-> GO:0031264
GO:0031267 -[is_a]-> GO:0051020
GO:0031268 -[is_a]-> GO:0030030
GO:0031269 -[is_a]-> GO:0030031
GO:0031269 -[is_a]-> GO:0031268
GO:0031270 -[is_a]-> GO:0031268
GO:0031271 -[is_a]-> GO:0031269
GO:0031272 -[is_a]-> GO:0060491
GO:0031272 -[regulates]-> GO:0031269
GO:0031273 -[is_a]-> GO:0031272
GO:0031273 -[is_a]-> GO:0031345
GO:0031273 -[negatively_regulates]-> GO:0031269
GO:0031274 -[is_a]-> GO:0031272
GO:0031274 -[is_a]-> GO:0031346
GO:0031274 -[is_a]-> GO:0044089
GO:0031274 -[positively_regulates]-> GO:0031269
GO:0031275 -[is_a]-> GO:0031272
GO:0031275 -[regulates]-> GO:0031271
GO:0031276 -[is_a]-> GO:0031273
GO:0031276 -[is_a]-> GO:0031275
GO:0031276 -[negatively_regulates]-> GO:0031271
GO:0031277 -[is_a]-> GO:0031274
GO:0031277 -[is_a]-> GO:0031275
GO:0031277 -[positively_regulates]-> GO:0031271
GO:0031278 -[is_a]-> GO:0008378
GO:0031279 -[is_a]-> GO:0050790
GO:0031279 -[regulates]-> GO:0009975
GO:0031280 -[is_a]-> GO:0031279
GO:0031280 -[is_a]-> GO:0043086
GO:0031280 -[negatively_regulates]-> GO:0009975
GO:0031281 -[is_a]-> GO:0031279
GO:0031281 -[is_a]-> GO:0043085
GO:0031281 -[positively_regulates]-> GO:0009975
GO:0031282 -[is_a]-> GO:0030826
GO:0031282 -[is_a]-> GO:0031279
GO:0031282 -[is_a]-> GO:0051339
GO:0031282 -[regulates]-> GO:0004383
GO:0031283 -[is_a]-> GO:0030827
GO:0031283 -[is_a]-> GO:0031280
GO:0031283 -[is_a]-> GO:0031282
GO:0031283 -[is_a]-> GO:0051350
GO:0031283 -[negatively_regulates]-> GO:0004383
GO:0031284 -[is_a]-> GO:0030828
GO:0031284 -[is_a]-> GO:0031281
GO:0031284 -[is_a]-> GO:0031282
GO:0031284 -[is_a]-> GO:0051349
GO:0031284 -[positively_regulates]-> GO:0004383
GO:0031285 -[is_a]-> GO:0031156
GO:0031285 -[is_a]-> GO:0045595
GO:0031285 -[is_a]-> GO:2000241
GO:0031285 -[regulates]-> GO:0031149
GO:0031286 -[is_a]-> GO:0010648
GO:0031286 -[is_a]-> GO:0031285
GO:0031286 -[is_a]-> GO:0032108
GO:0031286 -[is_a]-> GO:0045596
GO:0031286 -[is_a]-> GO:0075262
GO:0031286 -[negatively_regulates]-> GO:0031149
GO:0031287 -[is_a]-> GO:0010647
GO:0031287 -[is_a]-> GO:0031285
GO:0031287 -[is_a]-> GO:0032109
GO:0031287 -[is_a]-> GO:0045597
GO:0031287 -[is_a]-> GO:0075261
GO:0031287 -[positively_regulates]-> GO:0031149
GO:0031288 -[is_a]-> GO:0009653
GO:0031288 -[is_a]-> GO:0044767
GO:0031288 -[part_of]-> GO:0030587
GO:0031289 -[is_a]-> GO:0006468
GO:0031289 -[is_a]-> GO:0030047
GO:0031290 -[is_a]-> GO:0007411
GO:0031291 -[is_a]-> GO:0007265
GO:0031292 -[is_a]-> GO:0000729
GO:0031292 -[is_a]-> GO:0022414
GO:0031292 -[part_of]-> GO:0007534
GO:0031293 -[is_a]-> GO:0033619
GO:0031294 -[is_a]-> GO:0002376
GO:0031294 -[is_a]-> GO:0051251
GO:0031295 -[is_a]-> GO:0031294
GO:0031295 -[is_a]-> GO:0050870
GO:0031296 -[is_a]-> GO:0031294
GO:0031296 -[is_a]-> GO:0050871
GO:0031297 -[is_a]-> GO:0045005
GO:0031298 -[is_a]-> GO:0043234
GO:0031298 -[is_a]-> GO:0044454
GO:0031298 -[part_of]-> GO:0043596
GO:0031299 -[is_a]-> GO:0008483
GO:0031300 -[is_a]-> GO:0031224
GO:0031300 -[is_a]-> GO:0044422
GO:0031300 -[part_of]-> GO:0031090
GO:0031301 -[is_a]-> GO:0016021
GO:0031301 -[is_a]-> GO:0031300
GO:0031301 -[part_of]-> GO:0031090
GO:0031302 -[is_a]-> GO:0031300
GO:0031302 -[is_a]-> GO:0044440
GO:0031302 -[part_of]-> GO:0010008
GO:0031303 -[is_a]-> GO:0031301
GO:0031303 -[is_a]-> GO:0031302
GO:0031303 -[part_of]-> GO:0010008
GO:0031304 -[is_a]-> GO:0098573
GO:0031304 -[part_of]-> GO:0005743
GO:0031305 -[is_a]-> GO:0031304
GO:0031305 -[is_a]-> GO:0032592
GO:0031305 -[part_of]-> GO:0005743
GO:0031306 -[is_a]-> GO:0098573
GO:0031306 -[part_of]-> GO:0005741
GO:0031307 -[is_a]-> GO:0031306
GO:0031307 -[is_a]-> GO:0032592
GO:0031307 -[part_of]-> GO:0005741
GO:0031308 -[is_a]-> GO:0031300
GO:0031308 -[is_a]-> GO:0044453
GO:0031308 -[part_of]-> GO:0005640
GO:0031309 -[is_a]-> GO:0031301
GO:0031309 -[is_a]-> GO:0031308
GO:0031309 -[part_of]-> GO:0005640
GO:0031310 -[is_a]-> GO:0031300
GO:0031310 -[is_a]-> GO:0044437
GO:0031310 -[part_of]-> GO:0005774
GO:0031311 -[is_a]-> GO:0031310
GO:0031311 -[is_a]-> GO:0044433
GO:0031311 -[part_of]-> GO:0031164
GO:0031312 -[is_a]-> GO:0019898
GO:0031312 -[is_a]-> GO:0044446
GO:0031312 -[part_of]-> GO:0031090
GO:0031313 -[is_a]-> GO:0031312
GO:0031313 -[is_a]-> GO:0044440
GO:0031313 -[part_of]-> GO:0010008
GO:0031314 -[is_a]-> GO:0031312
GO:0031314 -[is_a]-> GO:0044455
GO:0031314 -[part_of]-> GO:0005743
GO:0031315 -[is_a]-> GO:0031312
GO:0031315 -[is_a]-> GO:0044455
GO:0031315 -[part_of]-> GO:0005741
GO:0031316 -[is_a]-> GO:0031312
GO:0031316 -[is_a]-> GO:0044453
GO:0031316 -[part_of]-> GO:0005640
GO:0031317 -[is_a]-> GO:0044464
GO:0031317 -[is_a]-> GO:1990351
GO:0031318 -[is_a]-> GO:0009594
GO:0031318 -[is_a]-> GO:0051593
GO:0031319 -[is_a]-> GO:0009593
GO:0031319 -[is_a]-> GO:0051591
GO:0031320 -[is_a]-> GO:0016614
GO:0031321 -[is_a]-> GO:0003006
GO:0031321 -[is_a]-> GO:0010927
GO:0031321 -[is_a]-> GO:0044702
GO:0031321 -[is_a]-> GO:1903046
GO:0031321 -[part_of]-> GO:0030437
GO:0031322 -[is_a]-> GO:1903046
GO:0031322 -[part_of]-> GO:0031321
GO:0031322 -[part_of]-> GO:1990395
GO:0031323 -[is_a]-> GO:0019222
GO:0031323 -[is_a]-> GO:0050794
GO:0031323 -[regulates]-> GO:0044237
GO:0031324 -[is_a]-> GO:0009892
GO:0031324 -[is_a]-> GO:0031323
GO:0031324 -[is_a]-> GO:0048523
GO:0031324 -[negatively_regulates]-> GO:0044237
GO:0031325 -[is_a]-> GO:0009893
GO:0031325 -[is_a]-> GO:0031323
GO:0031325 -[is_a]-> GO:0048522
GO:0031325 -[positively_regulates]-> GO:0044237
GO:0031326 -[is_a]-> GO:0009889
GO:0031326 -[is_a]-> GO:0031323
GO:0031326 -[regulates]-> GO:0044249
GO:0031327 -[is_a]-> GO:0009890
GO:0031327 -[is_a]-> GO:0031324
GO:0031327 -[is_a]-> GO:0031326
GO:0031327 -[negatively_regulates]-> GO:0044249
GO:0031328 -[is_a]-> GO:0009891
GO:0031328 -[is_a]-> GO:0031325
GO:0031328 -[is_a]-> GO:0031326
GO:0031328 -[positively_regulates]-> GO:0044249
GO:0031329 -[is_a]-> GO:0009894
GO:0031329 -[is_a]-> GO:0031323
GO:0031329 -[regulates]-> GO:0044248
GO:0031330 -[is_a]-> GO:0009895
GO:0031330 -[is_a]-> GO:0031324
GO:0031330 -[is_a]-> GO:0031329
GO:0031330 -[negatively_regulates]-> GO:0044248
GO:0031331 -[is_a]-> GO:0009896
GO:0031331 -[is_a]-> GO:0031325
GO:0031331 -[is_a]-> GO:0031329
GO:0031331 -[positively_regulates]-> GO:0044248
GO:0031332 -[is_a]-> GO:0030529
GO:0031333 -[is_a]-> GO:0043254
GO:0031333 -[is_a]-> GO:0051129
GO:0031333 -[negatively_regulates]-> GO:0006461
GO:0031334 -[is_a]-> GO:0043254
GO:0031334 -[is_a]-> GO:0044089
GO:0031334 -[is_a]-> GO:0051130
GO:0031334 -[positively_regulates]-> GO:0006461
GO:0031335 -[is_a]-> GO:0042762
GO:0031335 -[is_a]-> GO:0051171
GO:0031335 -[regulates]-> GO:0000096
GO:0031336 -[is_a]-> GO:0031335
GO:0031336 -[is_a]-> GO:0051172
GO:0031336 -[is_a]-> GO:0051175
GO:0031336 -[negatively_regulates]-> GO:0000096
GO:0031337 -[is_a]-> GO:0031335
GO:0031337 -[is_a]-> GO:0051173
GO:0031337 -[is_a]-> GO:0051176
GO:0031337 -[positively_regulates]-> GO:0000096
GO:0031338 -[is_a]-> GO:0033043
GO:0031338 -[is_a]-> GO:0060627
GO:0031338 -[regulates]-> GO:0006906
GO:0031339 -[is_a]-> GO:0010639
GO:0031339 -[is_a]-> GO:0031338
GO:0031339 -[is_a]-> GO:0051051
GO:0031339 -[negatively_regulates]-> GO:0006906
GO:0031340 -[is_a]-> GO:0010638
GO:0031340 -[is_a]-> GO:0031338
GO:0031340 -[is_a]-> GO:0051050
GO:0031340 -[positively_regulates]-> GO:0006906
GO:0031341 -[is_a]-> GO:0050789
GO:0031341 -[regulates]-> GO:0001906
GO:0031342 -[is_a]-> GO:0031341
GO:0031342 -[is_a]-> GO:0048519
GO:0031342 -[negatively_regulates]-> GO:0001906
GO:0031343 -[is_a]-> GO:0031341
GO:0031343 -[is_a]-> GO:0048518
GO:0031343 -[positively_regulates]-> GO:0001906
GO:0031344 -[is_a]-> GO:0051128
GO:0031344 -[regulates]-> GO:0030030
GO:0031345 -[is_a]-> GO:0031344
GO:0031345 -[is_a]-> GO:0051129
GO:0031345 -[negatively_regulates]-> GO:0030030
GO:0031346 -[is_a]-> GO:0031344
GO:0031346 -[is_a]-> GO:0051130
GO:0031346 -[positively_regulates]-> GO:0030030
GO:0031347 -[is_a]-> GO:0080134
GO:0031347 -[regulates]-> GO:0006952
GO:0031348 -[is_a]-> GO:0031347
GO:0031348 -[is_a]-> GO:0048585
GO:0031348 -[negatively_regulates]-> GO:0006952
GO:0031349 -[is_a]-> GO:0031347
GO:0031349 -[is_a]-> GO:0048584
GO:0031349 -[positively_regulates]-> GO:0006952
GO:0031350 -[is_a]-> GO:0031300
GO:0031350 -[is_a]-> GO:0044435
GO:0031350 -[part_of]-> GO:0042170
GO:0031351 -[is_a]-> GO:0031301
GO:0031351 -[is_a]-> GO:0031350
GO:0031351 -[part_of]-> GO:0042170
GO:0031352 -[is_a]-> GO:0031350
GO:0031352 -[part_of]-> GO:0009528
GO:0031353 -[is_a]-> GO:0031351
GO:0031353 -[is_a]-> GO:0031352
GO:0031353 -[part_of]-> GO:0009528
GO:0031354 -[is_a]-> GO:0031350
GO:0031354 -[part_of]-> GO:0009527
GO:0031355 -[is_a]-> GO:0031351
GO:0031355 -[is_a]-> GO:0031354
GO:0031355 -[part_of]-> GO:0009527
GO:0031356 -[is_a]-> GO:0031352
GO:0031356 -[is_a]-> GO:0044434
GO:0031356 -[part_of]-> GO:0009706
GO:0031357 -[is_a]-> GO:0031353
GO:0031357 -[is_a]-> GO:0031356
GO:0031357 -[part_of]-> GO:0009706
GO:0031358 -[is_a]-> GO:0031354
GO:0031358 -[is_a]-> GO:0044434
GO:0031358 -[part_of]-> GO:0009707
GO:0031359 -[is_a]-> GO:0031355
GO:0031359 -[is_a]-> GO:0031358
GO:0031359 -[part_of]-> GO:0009707
GO:0031360 -[is_a]-> GO:0031224
GO:0031360 -[is_a]-> GO:0044436
GO:0031360 -[part_of]-> GO:0042651
GO:0031361 -[is_a]-> GO:0016021
GO:0031361 -[is_a]-> GO:0031360
GO:0031361 -[part_of]-> GO:0042651
GO:0031362 -[is_a]-> GO:0031233
GO:0031362 -[is_a]-> GO:0046658
GO:0031362 -[part_of]-> GO:0009897
GO:0031363 -[is_a]-> GO:0031365
GO:0031364 -[is_a]-> GO:0031363
GO:0031365 -[is_a]-> GO:0006464
GO:0031366 -[is_a]-> GO:0031364
GO:0031367 -[is_a]-> GO:0031364
GO:0031369 -[is_a]-> GO:0005515
GO:0031370 -[is_a]-> GO:0031369
GO:0031371 -[is_a]-> GO:0043234
GO:0031371 -[is_a]-> GO:0044424
GO:0031371 -[is_a]-> GO:1990234
GO:0031372 -[is_a]-> GO:0031371
GO:0031379 -[is_a]-> GO:0030880
GO:0031380 -[is_a]-> GO:0031379
GO:0031380 -[is_a]-> GO:0044428
GO:0031380 -[part_of]-> GO:0005634
GO:0031381 -[is_a]-> GO:0031379
GO:0031382 -[is_a]-> GO:0003006
GO:0031382 -[is_a]-> GO:0010927
GO:0031382 -[is_a]-> GO:0030031
GO:0031382 -[is_a]-> GO:0044702
GO:0031382 -[part_of]-> GO:0000753
GO:0031383 -[is_a]-> GO:0022604
GO:0031383 -[is_a]-> GO:0031137
GO:0031383 -[is_a]-> GO:0048583
GO:0031383 -[is_a]-> GO:0060491
GO:0031383 -[regulates]-> GO:0031382
GO:0031384 -[is_a]-> GO:0031383
GO:0031385 -[is_a]-> GO:0031383
GO:0031386 -[is_a]-> GO:0003674
GO:0031387 -[is_a]-> GO:0000307
GO:0031388 -[is_a]-> GO:0006082
GO:0031388 -[is_a]-> GO:0016310
GO:0031389 -[is_a]-> GO:0043234
GO:0031389 -[is_a]-> GO:0044427
GO:0031390 -[is_a]-> GO:0043234
GO:0031390 -[is_a]-> GO:0044427
GO:0031391 -[is_a]-> GO:0043234
GO:0031391 -[is_a]-> GO:0044427
GO:0031392 -[is_a]-> GO:2001279
GO:0031392 -[regulates]-> GO:0001516
GO:0031393 -[is_a]-> GO:0031392
GO:0031393 -[is_a]-> GO:0045717
GO:0031393 -[negatively_regulates]-> GO:0001516
GO:0031394 -[is_a]-> GO:0031392
GO:0031394 -[is_a]-> GO:2001280
GO:0031394 -[positively_regulates]-> GO:0001516
GO:0031395 -[is_a]-> GO:0043234
GO:0031395 -[is_a]-> GO:0044421
GO:0031395 -[part_of]-> GO:0005615
GO:0031396 -[is_a]-> GO:1903320
GO:0031396 -[regulates]-> GO:0016567
GO:0031397 -[is_a]-> GO:0031396
GO:0031397 -[is_a]-> GO:1903321
GO:0031397 -[negatively_regulates]-> GO:0016567
GO:0031398 -[is_a]-> GO:0031396
GO:0031398 -[is_a]-> GO:1903322
GO:0031398 -[positively_regulates]-> GO:0016567
GO:0031399 -[is_a]-> GO:0032268
GO:0031399 -[regulates]-> GO:0006464
GO:0031400 -[is_a]-> GO:0031399
GO:0031400 -[is_a]-> GO:0032269
GO:0031400 -[negatively_regulates]-> GO:0006464
GO:0031401 -[is_a]-> GO:0031399
GO:0031401 -[is_a]-> GO:0032270
GO:0031401 -[positively_regulates]-> GO:0006464
GO:0031402 -[is_a]-> GO:0031420
GO:0031403 -[is_a]-> GO:0031420
GO:0031404 -[is_a]-> GO:0043168
GO:0031405 -[is_a]-> GO:0005504
GO:0031405 -[is_a]-> GO:0050662
GO:0031406 -[is_a]-> GO:0043168
GO:0031407 -[is_a]-> GO:0019752
GO:0031408 -[is_a]-> GO:0031407
GO:0031408 -[is_a]-> GO:0046394
GO:0031409 -[is_a]-> GO:0005488
GO:0031410 -[is_a]-> GO:0044444
GO:0031410 -[is_a]-> GO:0097708
GO:0031410 -[part_of]-> GO:0005737
GO:0031411 -[is_a]-> GO:0043232
GO:0031412 -[is_a]-> GO:0006996
GO:0031413 -[is_a]-> GO:0065008
GO:0031414 -[is_a]-> GO:0031248
GO:0031414 -[is_a]-> GO:0044444
GO:0031415 -[is_a]-> GO:0031414
GO:0031416 -[is_a]-> GO:0031414
GO:0031417 -[is_a]-> GO:0031414
GO:0031418 -[is_a]-> GO:0019842
GO:0031418 -[is_a]-> GO:0031406
GO:0031419 -[is_a]-> GO:0019842
GO:0031419 -[is_a]-> GO:0046906
GO:0031420 -[is_a]-> GO:0046872
GO:0031421 -[is_a]-> GO:0032993
GO:0031421 -[is_a]-> GO:0044424
GO:0031422 -[is_a]-> GO:0043234
GO:0031422 -[is_a]-> GO:0044427
GO:0031423 -[is_a]-> GO:0005515
GO:0031424 -[is_a]-> GO:0044707
GO:0031424 -[part_of]-> GO:0030216
GO:0031425 -[is_a]-> GO:0006396
GO:0031426 -[is_a]-> GO:0006397
GO:0031427 -[is_a]-> GO:0001101
GO:0031427 -[is_a]-> GO:0010243
GO:0031427 -[is_a]-> GO:0014070
GO:0031427 -[is_a]-> GO:1901700
GO:0031428 -[is_a]-> GO:0005732
GO:0031428 -[is_a]-> GO:0044452
GO:0031429 -[is_a]-> GO:0044452
GO:0031429 -[is_a]-> GO:0072588
GO:0031429 -[is_a]-> GO:1902494
GO:0031430 -[is_a]-> GO:0044449
GO:0031430 -[part_of]-> GO:0031672
GO:0031431 -[is_a]-> GO:0043234
GO:0031431 -[is_a]-> GO:0044424
GO:0031432 -[is_a]-> GO:0008092
GO:0031433 -[is_a]-> GO:0008092
GO:0031434 -[is_a]-> GO:0019901
GO:0031435 -[is_a]-> GO:0019901
GO:0031436 -[is_a]-> GO:0000152
GO:0031437 -[is_a]-> GO:1903311
GO:0031437 -[regulates]-> GO:0006379
GO:0031438 -[is_a]-> GO:0031437
GO:0031438 -[is_a]-> GO:1903312
GO:0031438 -[negatively_regulates]-> GO:0006379
GO:0031439 -[is_a]-> GO:0031437
GO:0031439 -[is_a]-> GO:1903313
GO:0031439 -[positively_regulates]-> GO:0006379
GO:0031440 -[is_a]-> GO:0050684
GO:0031440 -[regulates]-> GO:0031124
GO:0031441 -[is_a]-> GO:0031440
GO:0031441 -[is_a]-> GO:0050686
GO:0031441 -[negatively_regulates]-> GO:0031124
GO:0031442 -[is_a]-> GO:0031440
GO:0031442 -[is_a]-> GO:0050685
GO:0031442 -[positively_regulates]-> GO:0031124
GO:0031443 -[is_a]-> GO:0014721
GO:0031444 -[is_a]-> GO:0014721
GO:0031445 -[is_a]-> GO:0010847
GO:0031445 -[regulates]-> GO:0031507
GO:0031446 -[is_a]-> GO:0014724
GO:0031446 -[regulates]-> GO:0031443
GO:0031447 -[is_a]-> GO:0031446
GO:0031447 -[is_a]-> GO:0045988
GO:0031447 -[negatively_regulates]-> GO:0031443
GO:0031448 -[is_a]-> GO:0031446
GO:0031448 -[is_a]-> GO:0045989
GO:0031448 -[positively_regulates]-> GO:0031443
GO:0031449 -[is_a]-> GO:0014724
GO:0031449 -[regulates]-> GO:0031444
GO:0031450 -[is_a]-> GO:0031449
GO:0031450 -[is_a]-> GO:0045988
GO:0031450 -[negatively_regulates]-> GO:0031444
GO:0031451 -[is_a]-> GO:0031449
GO:0031451 -[is_a]-> GO:0045989
GO:0031451 -[positively_regulates]-> GO:0031444
GO:0031452 -[is_a]-> GO:0031445
GO:0031452 -[is_a]-> GO:0045798
GO:0031452 -[is_a]-> GO:2001251
GO:0031452 -[negatively_regulates]-> GO:0031507
GO:0031453 -[is_a]-> GO:0031445
GO:0031453 -[is_a]-> GO:0044089
GO:0031453 -[is_a]-> GO:0045799
GO:0031453 -[is_a]-> GO:2001252
GO:0031453 -[positively_regulates]-> GO:0031507
GO:0031454 -[is_a]-> GO:0031445
GO:0031455 -[is_a]-> GO:0006575
GO:0031455 -[is_a]-> GO:0006577
GO:0031456 -[is_a]-> GO:0006578
GO:0031456 -[is_a]-> GO:0031455
GO:0031456 -[is_a]-> GO:0042398
GO:0031457 -[is_a]-> GO:0006579
GO:0031457 -[is_a]-> GO:0031455
GO:0031457 -[is_a]-> GO:0042219
GO:0031458 -[is_a]-> GO:0015199
GO:0031458 -[is_a]-> GO:0019829
GO:0031458 -[is_a]-> GO:0031263
GO:0031459 -[is_a]-> GO:0031458
GO:0031459 -[part_of]-> GO:0031460
GO:0031460 -[is_a]-> GO:0015838
GO:0031460 -[is_a]-> GO:0072337
GO:0031461 -[is_a]-> GO:0000151
GO:0031462 -[is_a]-> GO:0031461
GO:0031463 -[is_a]-> GO:0031461
GO:0031464 -[is_a]-> GO:0080008
GO:0031465 -[is_a]-> GO:0080008
GO:0031466 -[is_a]-> GO:0031461
GO:0031467 -[is_a]-> GO:0031461
GO:0031468 -[is_a]-> GO:0006998
GO:0031469 -[is_a]-> GO:0043232
GO:0031470 -[is_a]-> GO:0031469
GO:0031471 -[is_a]-> GO:0031469
GO:0031472 -[is_a]-> GO:0031469
GO:0031473 -[is_a]-> GO:0017022
GO:0031474 -[is_a]-> GO:0016461
GO:0031475 -[is_a]-> GO:0016461
GO:0031476 -[is_a]-> GO:0016461
GO:0031477 -[is_a]-> GO:0016461
GO:0031478 -[is_a]-> GO:0016461
GO:0031479 -[is_a]-> GO:0016461
GO:0031480 -[is_a]-> GO:0016461
GO:0031481 -[is_a]-> GO:0016461
GO:0031482 -[is_a]-> GO:0016461
GO:0031483 -[is_a]-> GO:0016461
GO:0031484 -[is_a]-> GO:0016461
GO:0031485 -[is_a]-> GO:0016461
GO:0031486 -[is_a]-> GO:0016461
GO:0031487 -[is_a]-> GO:0016461
GO:0031488 -[is_a]-> GO:0016461
GO:0031489 -[is_a]-> GO:0017022
GO:0031490 -[is_a]-> GO:0003682
GO:0031490 -[is_a]-> GO:0043566
GO:0031491 -[is_a]-> GO:0003682
GO:0031492 -[is_a]-> GO:0031490
GO:0031492 -[is_a]-> GO:0031491
GO:0031493 -[is_a]-> GO:0031491
GO:0031493 -[is_a]-> GO:0042393
GO:0031494 -[is_a]-> GO:0010453
GO:0031494 -[is_a]-> GO:2000241
GO:0031494 -[regulates]-> GO:0007533
GO:0031495 -[is_a]-> GO:0010454
GO:0031495 -[is_a]-> GO:0031494
GO:0031495 -[is_a]-> GO:2000242
GO:0031495 -[negatively_regulates]-> GO:0007533
GO:0031496 -[is_a]-> GO:0010455
GO:0031496 -[is_a]-> GO:0031494
GO:0031496 -[is_a]-> GO:2000243
GO:0031496 -[positively_regulates]-> GO:0007533
GO:0031497 -[is_a]-> GO:0006333
GO:0031497 -[is_a]-> GO:0065003
GO:0031497 -[part_of]-> GO:0006323
GO:0031498 -[is_a]-> GO:0006333
GO:0031498 -[is_a]-> GO:0032984
GO:0031499 -[is_a]-> GO:0043234
GO:0031499 -[is_a]-> GO:0044428
GO:0031500 -[is_a]-> GO:0005875
GO:0031500 -[is_a]-> GO:0044448
GO:0031500 -[part_of]-> GO:0000133
GO:0031501 -[is_a]-> GO:0044424
GO:0031501 -[is_a]-> GO:1990234
GO:0031502 -[is_a]-> GO:0031501
GO:0031502 -[is_a]-> GO:0044425
GO:0031502 -[is_a]-> GO:0044432
GO:0031502 -[part_of]-> GO:0005789
GO:0031503 -[is_a]-> GO:0008104
GO:0031504 -[is_a]-> GO:0071555
GO:0031505 -[is_a]-> GO:0071555
GO:0031505 -[is_a]-> GO:0071852
GO:0031506 -[is_a]-> GO:0009101
GO:0031506 -[is_a]-> GO:0044038
GO:0031507 -[is_a]-> GO:0006338
GO:0031507 -[is_a]-> GO:0031497
GO:0031507 -[is_a]-> GO:0070828
GO:0031508 -[is_a]-> GO:0031055
GO:0031508 -[is_a]-> GO:0031507
GO:0031508 -[part_of]-> GO:0034508
GO:0031509 -[is_a]-> GO:0031507
GO:0031510 -[is_a]-> GO:0044428
GO:0031510 -[is_a]-> GO:1902494
GO:0031511 -[is_a]-> GO:0043234
GO:0031511 -[is_a]-> GO:0044427
GO:0031511 -[part_of]-> GO:0000939
GO:0031514 -[is_a]-> GO:0005929
GO:0031515 -[is_a]-> GO:0043527
GO:0031516 -[is_a]-> GO:0009883
GO:0031516 -[part_of]-> GO:0010018
GO:0031517 -[is_a]-> GO:0009883
GO:0031517 -[part_of]-> GO:0010161
GO:0031518 -[is_a]-> GO:0043234
GO:0031518 -[is_a]-> GO:0044427
GO:0031518 -[part_of]-> GO:0000775
GO:0031519 -[is_a]-> GO:0043234
GO:0031519 -[is_a]-> GO:0044428
GO:0031520 -[is_a]-> GO:0098590
GO:0031520 -[part_of]-> GO:0005886
GO:0031520 -[part_of]-> GO:0051286
GO:0031521 -[is_a]-> GO:0043234
GO:0031521 -[is_a]-> GO:0044464
GO:0031521 -[part_of]-> GO:0001411
GO:0031521 -[part_of]-> GO:0012505
GO:0031522 -[is_a]-> GO:0043234
GO:0031522 -[is_a]-> GO:0044464
GO:0031523 -[is_a]-> GO:0043234
GO:0031523 -[is_a]-> GO:0044427
GO:0031524 -[is_a]-> GO:0016098
GO:0031524 -[is_a]-> GO:1902652
GO:0031525 -[is_a]-> GO:0016099
GO:0031525 -[is_a]-> GO:0031524
GO:0031525 -[is_a]-> GO:1902653
GO:0031526 -[is_a]-> GO:0031253
GO:0031526 -[part_of]-> GO:0005903
GO:0031527 -[is_a]-> GO:0031253
GO:0031527 -[part_of]-> GO:0030175
GO:0031528 -[is_a]-> GO:0031253
GO:0031528 -[part_of]-> GO:0005902
GO:0031529 -[is_a]-> GO:0030030
GO:0031530 -[is_a]-> GO:0051428
GO:0031531 -[is_a]-> GO:0001664
GO:0031531 -[is_a]-> GO:0051428
GO:0031532 -[is_a]-> GO:0030036
GO:0031533 -[is_a]-> GO:0034708
GO:0031533 -[is_a]-> GO:0044428
GO:0031534 -[is_a]-> GO:0051012
GO:0031535 -[is_a]-> GO:0051012
GO:0031536 -[is_a]-> GO:0007096
GO:0031536 -[is_a]-> GO:0045840
GO:0031536 -[is_a]-> GO:1901992
GO:0031536 -[positively_regulates]-> GO:0010458
GO:0031537 -[is_a]-> GO:0080090
GO:0031537 -[regulates]-> GO:0046283
GO:0031538 -[is_a]-> GO:0009892
GO:0031538 -[is_a]-> GO:0031537
GO:0031538 -[negatively_regulates]-> GO:0046283
GO:0031539 -[is_a]-> GO:0009893
GO:0031539 -[is_a]-> GO:0031537
GO:0031539 -[positively_regulates]-> GO:0046283
GO:0031540 -[is_a]-> GO:0009962
GO:0031540 -[is_a]-> GO:0031537
GO:0031540 -[regulates]-> GO:0009718
GO:0031541 -[is_a]-> GO:0009964
GO:0031541 -[is_a]-> GO:0031538
GO:0031541 -[is_a]-> GO:0031540
GO:0031541 -[negatively_regulates]-> GO:0009718
GO:0031542 -[is_a]-> GO:0009963
GO:0031542 -[is_a]-> GO:0031539
GO:0031542 -[is_a]-> GO:0031540
GO:0031542 -[positively_regulates]-> GO:0009718
GO:0031543 -[is_a]-> GO:0016706
GO:0031543 -[part_of]-> GO:0019511
GO:0031544 -[is_a]-> GO:0031543
GO:0031545 -[is_a]-> GO:0031543
GO:0031546 -[is_a]-> GO:0005165
GO:0031547 -[is_a]-> GO:0007169
GO:0031548 -[is_a]-> GO:0009966
GO:0031548 -[regulates]-> GO:0031547
GO:0031549 -[is_a]-> GO:0009968
GO:0031549 -[is_a]-> GO:0031548
GO:0031549 -[negatively_regulates]-> GO:0031547
GO:0031550 -[is_a]-> GO:0009967
GO:0031550 -[is_a]-> GO:0031548
GO:0031550 -[positively_regulates]-> GO:0031547
GO:0031551 -[is_a]-> GO:0010469
GO:0031551 -[is_a]-> GO:0031548
GO:0031551 -[is_a]-> GO:0061097
GO:0031551 -[is_a]-> GO:0090287
GO:0031551 -[regulates]-> GO:0060175
GO:0031552 -[is_a]-> GO:0031549
GO:0031552 -[is_a]-> GO:0031551
GO:0031552 -[is_a]-> GO:0061099
GO:0031552 -[is_a]-> GO:0090288
GO:0031552 -[is_a]-> GO:2000272
GO:0031552 -[negatively_regulates]-> GO:0060175
GO:0031553 -[is_a]-> GO:0031550
GO:0031553 -[is_a]-> GO:0031551
GO:0031553 -[is_a]-> GO:0061098
GO:0031553 -[is_a]-> GO:2000273
GO:0031553 -[positively_regulates]-> GO:0060175
GO:0031554 -[is_a]-> GO:0006355
GO:0031554 -[is_a]-> GO:0043244
GO:0031554 -[regulates]-> GO:0006353
GO:0031555 -[is_a]-> GO:0031554
GO:0031556 -[is_a]-> GO:0031555
GO:0031559 -[is_a]-> GO:0016866
GO:0031560 -[is_a]-> GO:0000133
GO:0031560 -[part_of]-> GO:0005935
GO:0031561 -[is_a]-> GO:0000133
GO:0031561 -[part_of]-> GO:0005934
GO:0031562 -[is_a]-> GO:0000133
GO:0031562 -[part_of]-> GO:0001411
GO:0031563 -[is_a]-> GO:0000133
GO:0031563 -[is_a]-> GO:0044463
GO:0031563 -[part_of]-> GO:0043332
GO:0031564 -[is_a]-> GO:0031555
GO:0031566 -[is_a]-> GO:0036212
GO:0031566 -[is_a]-> GO:0043954
GO:0031566 -[part_of]-> GO:0061640
GO:0031567 -[is_a]-> GO:0007093
GO:0031568 -[is_a]-> GO:0031567
GO:0031568 -[is_a]-> GO:0044819
GO:0031568 -[negatively_regulates]-> GO:0000082
GO:0031569 -[is_a]-> GO:0031567
GO:0031569 -[happens_during]-> GO:0051319
GO:0031570 -[is_a]-> GO:0000075
GO:0031571 -[is_a]-> GO:0044773
GO:0031571 -[is_a]-> GO:0044783
GO:0031571 -[is_a]-> GO:0044819
GO:0031571 -[negatively_regulates]-> GO:0000082
GO:0031572 -[is_a]-> GO:0000077
GO:0031573 -[is_a]-> GO:0044773
GO:0031577 -[is_a]-> GO:0000075
GO:0031578 -[is_a]-> GO:0001100
GO:0031578 -[is_a]-> GO:0071174
GO:0031579 -[is_a]-> GO:0044802
GO:0031580 -[is_a]-> GO:0031579
GO:0031580 -[is_a]-> GO:0051665
GO:0031580 -[is_a]-> GO:1902580
GO:0031581 -[is_a]-> GO:0007044
GO:0031582 -[is_a]-> GO:0043007
GO:0031582 -[is_a]-> GO:0043111
GO:0031583 -[is_a]-> GO:0007186
GO:0031583 -[has_part]-> GO:0031584
GO:0031584 -[is_a]-> GO:0010518
GO:0031585 -[is_a]-> GO:0010469
GO:0031585 -[is_a]-> GO:0050848
GO:0031585 -[is_a]-> GO:0051279
GO:0031585 -[is_a]-> GO:1901019
GO:0031585 -[is_a]-> GO:2001257
GO:0031585 -[regulates]-> GO:0005220
GO:0031586 -[is_a]-> GO:0031585
GO:0031586 -[is_a]-> GO:0050849
GO:0031586 -[is_a]-> GO:0051280
GO:0031586 -[is_a]-> GO:1901020
GO:0031586 -[is_a]-> GO:2000272
GO:0031586 -[is_a]-> GO:2001258
GO:0031586 -[negatively_regulates]-> GO:0005220
GO:0031587 -[is_a]-> GO:0031585
GO:0031587 -[is_a]-> GO:0050850
GO:0031587 -[is_a]-> GO:0051281
GO:0031587 -[is_a]-> GO:1901021
GO:0031587 -[is_a]-> GO:2000273
GO:0031587 -[is_a]-> GO:2001259
GO:0031587 -[positively_regulates]-> GO:0005220
GO:0031588 -[is_a]-> GO:0043234
GO:0031588 -[is_a]-> GO:0044424
GO:0031588 -[is_a]-> GO:1902911
GO:0031589 -[is_a]-> GO:0007155
GO:0031590 -[is_a]-> GO:1901564
GO:0031590 -[is_a]-> GO:1901657
GO:0031591 -[is_a]-> GO:0006400
GO:0031591 -[is_a]-> GO:0031590
GO:0031591 -[is_a]-> GO:0044763
GO:0031591 -[is_a]-> GO:1901566
GO:0031591 -[is_a]-> GO:1901659
GO:0031592 -[is_a]-> GO:0044450
GO:0031592 -[part_of]-> GO:0005813
GO:0031593 -[is_a]-> GO:0043130
GO:0031594 -[is_a]-> GO:0045202
GO:0031595 -[is_a]-> GO:0000502
GO:0031595 -[is_a]-> GO:0044428
GO:0031595 -[part_of]-> GO:0005634
GO:0031595 -[part_of]-> GO:0031981
GO:0031597 -[is_a]-> GO:0000502
GO:0031597 -[is_a]-> GO:0044445
GO:0031598 -[is_a]-> GO:0005838
GO:0031598 -[is_a]-> GO:0044428
GO:0031598 -[part_of]-> GO:0005634
GO:0031598 -[part_of]-> GO:0031595
GO:0031600 -[is_a]-> GO:0005838
GO:0031600 -[is_a]-> GO:0044445
GO:0031600 -[part_of]-> GO:0031597
GO:0031601 -[is_a]-> GO:0005839
GO:0031601 -[is_a]-> GO:0044428
GO:0031601 -[part_of]-> GO:0005634
GO:0031601 -[part_of]-> GO:0031595
GO:0031603 -[is_a]-> GO:0005839
GO:0031603 -[is_a]-> GO:0044445
GO:0031603 -[part_of]-> GO:0031597
GO:0031604 -[is_a]-> GO:0019773
GO:0031604 -[is_a]-> GO:0044428
GO:0031604 -[part_of]-> GO:0005634
GO:0031604 -[part_of]-> GO:0031601
GO:0031606 -[is_a]-> GO:0019773
GO:0031606 -[is_a]-> GO:0044445
GO:0031606 -[part_of]-> GO:0031603
GO:0031607 -[is_a]-> GO:0019774
GO:0031607 -[is_a]-> GO:0044428
GO:0031607 -[part_of]-> GO:0005634
GO:0031607 -[part_of]-> GO:0031601
GO:0031609 -[is_a]-> GO:0019774
GO:0031609 -[is_a]-> GO:0044445
GO:0031609 -[part_of]-> GO:0031603
GO:0031610 -[is_a]-> GO:0008540
GO:0031610 -[is_a]-> GO:0044428
GO:0031610 -[part_of]-> GO:0005634
GO:0031610 -[part_of]-> GO:0031598
GO:0031612 -[is_a]-> GO:0008540
GO:0031612 -[is_a]-> GO:0044445
GO:0031612 -[part_of]-> GO:0031600
GO:0031613 -[is_a]-> GO:0008541
GO:0031613 -[is_a]-> GO:0044428
GO:0031613 -[part_of]-> GO:0005634
GO:0031613 -[part_of]-> GO:0031598
GO:0031615 -[is_a]-> GO:0008541
GO:0031615 -[is_a]-> GO:0044445
GO:0031615 -[part_of]-> GO:0031600
GO:0031616 -[is_a]-> GO:0005813
GO:0031616 -[part_of]-> GO:0000922
GO:0031617 -[is_a]-> GO:0043234
GO:0031617 -[is_a]-> GO:0044427
GO:0031617 -[part_of]-> GO:0000776
GO:0031618 -[is_a]-> GO:0005720
GO:0031618 -[is_a]-> GO:0005721
GO:0031618 -[part_of]-> GO:0005634
GO:0031619 -[is_a]-> GO:0051455
GO:0031619 -[part_of]-> GO:0043060
GO:0031620 -[is_a]-> GO:0002673
GO:0031620 -[is_a]-> GO:0031650
GO:0031620 -[regulates]-> GO:0001660
GO:0031621 -[is_a]-> GO:0002674
GO:0031621 -[is_a]-> GO:0031620
GO:0031621 -[is_a]-> GO:0031651
GO:0031621 -[negatively_regulates]-> GO:0001660
GO:0031622 -[is_a]-> GO:0002675
GO:0031622 -[is_a]-> GO:0031620
GO:0031622 -[is_a]-> GO:0031652
GO:0031622 -[positively_regulates]-> GO:0001660
GO:0031623 -[is_a]-> GO:0006898
GO:0031623 -[is_a]-> GO:0043112
GO:0031623 -[is_a]-> GO:0044710
GO:0031623 -[is_a]-> GO:0044763
GO:0031623 -[is_a]-> GO:0044765
GO:0031624 -[is_a]-> GO:0044390
GO:0031625 -[is_a]-> GO:0044389
GO:0031626 -[is_a]-> GO:0042165
GO:0031626 -[is_a]-> GO:0042277
GO:0031627 -[is_a]-> GO:0000723
GO:0031628 -[is_a]-> GO:0001664
GO:0031629 -[is_a]-> GO:0099500
GO:0031629 -[is_a]-> GO:0099531
GO:0031629 -[part_of]-> GO:0016079
GO:0031630 -[is_a]-> GO:0031338
GO:0031630 -[is_a]-> GO:2000300
GO:0031630 -[regulates]-> GO:0031629
GO:0031631 -[is_a]-> GO:0031339
GO:0031631 -[is_a]-> GO:0031630
GO:0031631 -[is_a]-> GO:2000301
GO:0031631 -[negatively_regulates]-> GO:0031629
GO:0031632 -[is_a]-> GO:0031340
GO:0031632 -[is_a]-> GO:0031630
GO:0031632 -[is_a]-> GO:2000302
GO:0031632 -[positively_regulates]-> GO:0031629
GO:0031633 -[is_a]-> GO:0042716
GO:0031634 -[is_a]-> GO:1990837
GO:0031635 -[is_a]-> GO:0007193
GO:0031635 -[is_a]-> GO:0038003
GO:0031637 -[is_a]-> GO:0048168
GO:0031638 -[is_a]-> GO:0016485
GO:0031639 -[is_a]-> GO:0031638
GO:0031640 -[is_a]-> GO:0001906
GO:0031640 -[is_a]-> GO:0044364
GO:0031641 -[is_a]-> GO:0050794
GO:0031641 -[is_a]-> GO:0051960
GO:0031641 -[regulates]-> GO:0042552
GO:0031642 -[is_a]-> GO:0031641
GO:0031642 -[is_a]-> GO:0031645
GO:0031642 -[is_a]-> GO:0048523
GO:0031642 -[is_a]-> GO:0051961
GO:0031642 -[negatively_regulates]-> GO:0042552
GO:0031643 -[is_a]-> GO:0031641
GO:0031643 -[is_a]-> GO:0031646
GO:0031643 -[is_a]-> GO:0048522
GO:0031643 -[is_a]-> GO:0051962
GO:0031643 -[positively_regulates]-> GO:0042552
GO:0031644 -[is_a]-> GO:0044057
GO:0031644 -[regulates]-> GO:0050877
GO:0031645 -[is_a]-> GO:0031644
GO:0031645 -[is_a]-> GO:0051241
GO:0031645 -[negatively_regulates]-> GO:0050877
GO:0031646 -[is_a]-> GO:0031644
GO:0031646 -[is_a]-> GO:0051240
GO:0031646 -[positively_regulates]-> GO:0050877
GO:0031647 -[is_a]-> GO:0065008
GO:0031648 -[is_a]-> GO:0031647
GO:0031649 -[is_a]-> GO:0001659
GO:0031650 -[is_a]-> GO:0032844
GO:0031650 -[is_a]-> GO:0051239
GO:0031650 -[regulates]-> GO:0031649
GO:0031651 -[is_a]-> GO:0031650
GO:0031651 -[is_a]-> GO:0032845
GO:0031651 -[is_a]-> GO:0051241
GO:0031651 -[negatively_regulates]-> GO:0031649
GO:0031652 -[is_a]-> GO:0031650
GO:0031652 -[is_a]-> GO:0032846
GO:0031652 -[is_a]-> GO:0051240
GO:0031652 -[positively_regulates]-> GO:0031649
GO:0031653 -[is_a]-> GO:0001659
GO:0031654 -[is_a]-> GO:0032844
GO:0031654 -[is_a]-> GO:0051239
GO:0031654 -[regulates]-> GO:0031653
GO:0031655 -[is_a]-> GO:0031654
GO:0031655 -[is_a]-> GO:0032845
GO:0031655 -[is_a]-> GO:0051241
GO:0031655 -[negatively_regulates]-> GO:0031653
GO:0031656 -[is_a]-> GO:0031654
GO:0031656 -[is_a]-> GO:0032846
GO:0031656 -[is_a]-> GO:0051240
GO:0031656 -[positively_regulates]-> GO:0031653
GO:0031657 -[is_a]-> GO:0000079
GO:0031657 -[is_a]-> GO:2000045
GO:0031657 -[regulates]-> GO:0000082
GO:0031658 -[is_a]-> GO:0031657
GO:0031658 -[is_a]-> GO:0045736
GO:0031658 -[regulates]-> GO:0000082
GO:0031659 -[is_a]-> GO:0031657
GO:0031659 -[is_a]-> GO:0045737
GO:0031659 -[regulates]-> GO:0000082
GO:0031660 -[is_a]-> GO:0000079
GO:0031660 -[is_a]-> GO:0010389
GO:0031660 -[regulates]-> GO:0000086
GO:0031661 -[is_a]-> GO:0031660
GO:0031661 -[is_a]-> GO:0045736
GO:0031661 -[regulates]-> GO:0000086
GO:0031662 -[is_a]-> GO:0031660
GO:0031662 -[is_a]-> GO:0045737
GO:0031662 -[regulates]-> GO:0000086
GO:0031663 -[is_a]-> GO:0007166
GO:0031663 -[part_of]-> GO:0071222
GO:0031664 -[is_a]-> GO:0002831
GO:0031664 -[is_a]-> GO:0009966
GO:0031664 -[is_a]-> GO:0032101
GO:0031664 -[is_a]-> GO:0043900
GO:0031664 -[regulates]-> GO:0031663
GO:0031665 -[is_a]-> GO:0002832
GO:0031665 -[is_a]-> GO:0009968
GO:0031665 -[is_a]-> GO:0031664
GO:0031665 -[is_a]-> GO:0032102
GO:0031665 -[is_a]-> GO:0043901
GO:0031665 -[negatively_regulates]-> GO:0031663
GO:0031666 -[is_a]-> GO:0002833
GO:0031666 -[is_a]-> GO:0009967
GO:0031666 -[is_a]-> GO:0031664
GO:0031666 -[is_a]-> GO:0032103
GO:0031666 -[is_a]-> GO:0043902
GO:0031666 -[positively_regulates]-> GO:0031663
GO:0031667 -[is_a]-> GO:0009991
GO:0031668 -[is_a]-> GO:0007154
GO:0031668 -[is_a]-> GO:0009991
GO:0031668 -[is_a]-> GO:0051716
GO:0031668 -[is_a]-> GO:0071496
GO:0031669 -[is_a]-> GO:0031667
GO:0031669 -[is_a]-> GO:0031668
GO:0031670 -[is_a]-> GO:0007584
GO:0031670 -[is_a]-> GO:0031669
GO:0031670 -[is_a]-> GO:0070887
GO:0031671 -[is_a]-> GO:0044085
GO:0031671 -[is_a]-> GO:1902410
GO:0031671 -[part_of]-> GO:0000917
GO:0031671 -[part_of]-> GO:0061640
GO:0031672 -[is_a]-> GO:0044449
GO:0031672 -[part_of]-> GO:0030017
GO:0031673 -[is_a]-> GO:0044449
GO:0031673 -[part_of]-> GO:0031672
GO:0031674 -[is_a]-> GO:0044449
GO:0031674 -[part_of]-> GO:0030017
GO:0031676 -[is_a]-> GO:0042651
GO:0031676 -[is_a]-> GO:0042717
GO:0031676 -[is_a]-> GO:0044422
GO:0031676 -[is_a]-> GO:0098590
GO:0031676 -[part_of]-> GO:0030075
GO:0031679 -[is_a]-> GO:0050136
GO:0031680 -[is_a]-> GO:0043234
GO:0031680 -[is_a]-> GO:0044444
GO:0031681 -[is_a]-> GO:0005515
GO:0031682 -[is_a]-> GO:0005515
GO:0031683 -[is_a]-> GO:0032403
GO:0031684 -[is_a]-> GO:0043087
GO:0031684 -[part_of]-> GO:0007186
GO:0031685 -[is_a]-> GO:0001664
GO:0031686 -[is_a]-> GO:0031685
GO:0031687 -[is_a]-> GO:0031685
GO:0031688 -[is_a]-> GO:0031685
GO:0031689 -[is_a]-> GO:0031685
GO:0031690 -[is_a]-> GO:0001664
GO:0031691 -[is_a]-> GO:0031690
GO:0031692 -[is_a]-> GO:0031690
GO:0031693 -[is_a]-> GO:0031690
GO:0031694 -[is_a]-> GO:0031690
GO:0031695 -[is_a]-> GO:0031690
GO:0031696 -[is_a]-> GO:0031690
GO:0031697 -[is_a]-> GO:0031690
GO:0031698 -[is_a]-> GO:0031690
GO:0031699 -[is_a]-> GO:0031690
GO:0031700 -[is_a]-> GO:0001664
GO:0031701 -[is_a]-> GO:0001664
GO:0031702 -[is_a]-> GO:0031701
GO:0031703 -[is_a]-> GO:0031701
GO:0031704 -[is_a]-> GO:0071855
GO:0031705 -[is_a]-> GO:0071855
GO:0031706 -[is_a]-> GO:0031705
GO:0031707 -[is_a]-> GO:0031705
GO:0031708 -[is_a]-> GO:0031705
GO:0031709 -[is_a]-> GO:0031705
GO:0031710 -[is_a]-> GO:0031705
GO:0031711 -[is_a]-> GO:0001664
GO:0031712 -[is_a]-> GO:0031711
GO:0031713 -[is_a]-> GO:0031711
GO:0031714 -[is_a]-> GO:0001664
GO:0031715 -[is_a]-> GO:0031714
GO:0031716 -[is_a]-> GO:0001664
GO:0031717 -[is_a]-> GO:0001664
GO:0031718 -[is_a]-> GO:0031717
GO:0031719 -[is_a]-> GO:0031717
GO:0031720 -[is_a]-> GO:0005515
GO:0031721 -[is_a]-> GO:0030492
GO:0031722 -[is_a]-> GO:0030492
GO:0031723 -[is_a]-> GO:0045236
GO:0031724 -[is_a]-> GO:0045236
GO:0031725 -[is_a]-> GO:0045236
GO:0031726 -[is_a]-> GO:0048020
GO:0031727 -[is_a]-> GO:0048020
GO:0031728 -[is_a]-> GO:0048020
GO:0031729 -[is_a]-> GO:0048020
GO:0031730 -[is_a]-> GO:0048020
GO:0031731 -[is_a]-> GO:0048020
GO:0031732 -[is_a]-> GO:0048020
GO:0031733 -[is_a]-> GO:0048020
GO:0031734 -[is_a]-> GO:0048020
GO:0031735 -[is_a]-> GO:0048020
GO:0031736 -[is_a]-> GO:0048020
GO:0031737 -[is_a]-> GO:0042379
GO:0031738 -[is_a]-> GO:0042379
GO:0031739 -[is_a]-> GO:0071855
GO:0031740 -[is_a]-> GO:0031739
GO:0031741 -[is_a]-> GO:0031739
GO:0031745 -[is_a]-> GO:0001664
GO:0031746 -[is_a]-> GO:0031745
GO:0031747 -[is_a]-> GO:0031745
GO:0031748 -[is_a]-> GO:0050780
GO:0031749 -[is_a]-> GO:0050780
GO:0031750 -[is_a]-> GO:0050780
GO:0031751 -[is_a]-> GO:0050780
GO:0031752 -[is_a]-> GO:0050780
GO:0031753 -[is_a]-> GO:0001664
GO:0031754 -[is_a]-> GO:0031753
GO:0031755 -[is_a]-> GO:0031753
GO:0031756 -[is_a]-> GO:0031753
GO:0031757 -[is_a]-> GO:0031753
GO:0031758 -[is_a]-> GO:0031753
GO:0031759 -[is_a]-> GO:0031753
GO:0031760 -[is_a]-> GO:0031753
GO:0031761 -[is_a]-> GO:0001664
GO:0031762 -[is_a]-> GO:0001664
GO:0031763 -[is_a]-> GO:0071855
GO:0031764 -[is_a]-> GO:0031763
GO:0031765 -[is_a]-> GO:0031763
GO:0031766 -[is_a]-> GO:0031763
GO:0031767 -[is_a]-> GO:0001664
GO:0031768 -[is_a]-> GO:0001664
GO:0031769 -[is_a]-> GO:0001664
GO:0031770 -[is_a]-> GO:0071855
GO:0031771 -[is_a]-> GO:0042324
GO:0031772 -[is_a]-> GO:0042324
GO:0031773 -[is_a]-> GO:0071855
GO:0031774 -[is_a]-> GO:0001664
GO:0031775 -[is_a]-> GO:0001664
GO:0031776 -[is_a]-> GO:0071855
GO:0031777 -[is_a]-> GO:0031776
GO:0031778 -[is_a]-> GO:0031776
GO:0031779 -[is_a]-> GO:0071855
GO:0031780 -[is_a]-> GO:0031779
GO:0031781 -[is_a]-> GO:0031779
GO:0031782 -[is_a]-> GO:0031779
GO:0031783 -[is_a]-> GO:0031779
GO:0031784 -[is_a]-> GO:0001664
GO:0031785 -[is_a]-> GO:0031784
GO:0031786 -[is_a]-> GO:0031784
GO:0031787 -[is_a]-> GO:0031784
GO:0031788 -[is_a]-> GO:0001664
GO:0031789 -[is_a]-> GO:0001664
GO:0031795 -[is_a]-> GO:0001664
GO:0031795 -[is_a]-> GO:0050811
GO:0031796 -[is_a]-> GO:0031795
GO:0031797 -[is_a]-> GO:0031795
GO:0031798 -[is_a]-> GO:0035256
GO:0031799 -[is_a]-> GO:0035256
GO:0031800 -[is_a]-> GO:0035256
GO:0031801 -[is_a]-> GO:0035256
GO:0031802 -[is_a]-> GO:0035256
GO:0031803 -[is_a]-> GO:0035256
GO:0031804 -[is_a]-> GO:0035256
GO:0031805 -[is_a]-> GO:0035256
GO:0031806 -[is_a]-> GO:0001664
GO:0031807 -[is_a]-> GO:0031806
GO:0031808 -[is_a]-> GO:0031806
GO:0031809 -[is_a]-> GO:0031806
GO:0031810 -[is_a]-> GO:0031806
GO:0031811 -[is_a]-> GO:0001664
GO:0031812 -[is_a]-> GO:0031811
GO:0031813 -[is_a]-> GO:0031811
GO:0031814 -[is_a]-> GO:0031811
GO:0031815 -[is_a]-> GO:0031811
GO:0031816 -[is_a]-> GO:0031811
GO:0031817 -[is_a]-> GO:0031811
GO:0031818 -[is_a]-> GO:0031811
GO:0031819 -[is_a]-> GO:0031811
GO:0031820 -[is_a]-> GO:0031811
GO:0031821 -[is_a]-> GO:0001664
GO:0031822 -[is_a]-> GO:0031821
GO:0031823 -[is_a]-> GO:0031821
GO:0031824 -[is_a]-> GO:0031821
GO:0031825 -[is_a]-> GO:0031821
GO:0031826 -[is_a]-> GO:0031821
GO:0031827 -[is_a]-> GO:0031821
GO:0031828 -[is_a]-> GO:0031821
GO:0031829 -[is_a]-> GO:0031821
GO:0031830 -[is_a]-> GO:0031821
GO:0031831 -[is_a]-> GO:0031821
GO:0031832 -[is_a]-> GO:0031821
GO:0031833 -[is_a]-> GO:0031821
GO:0031834 -[is_a]-> GO:0071855
GO:0031835 -[is_a]-> GO:0031834
GO:0031836 -[is_a]-> GO:0031834
GO:0031837 -[is_a]-> GO:0031834
GO:0031838 -[is_a]-> GO:0043234
GO:0031839 -[is_a]-> GO:0042922
GO:0031840 -[is_a]-> GO:0042922
GO:0031841 -[is_a]-> GO:0071855
GO:0031842 -[is_a]-> GO:0031841
GO:0031843 -[is_a]-> GO:0031841
GO:0031844 -[is_a]-> GO:0031841
GO:0031845 -[is_a]-> GO:0031841
GO:0031846 -[is_a]-> GO:0071855
GO:0031847 -[is_a]-> GO:0031846
GO:0031848 -[is_a]-> GO:0043247
GO:0031848 -[part_of]-> GO:0016233
GO:0031849 -[is_a]-> GO:0001664
GO:0031850 -[is_a]-> GO:0031628
GO:0031851 -[is_a]-> GO:0031628
GO:0031852 -[is_a]-> GO:0031628
GO:0031853 -[is_a]-> GO:0031628
GO:0031854 -[is_a]-> GO:0071855
GO:0031855 -[is_a]-> GO:0001664
GO:0031856 -[is_a]-> GO:0001664
GO:0031857 -[is_a]-> GO:0031856
GO:0031858 -[is_a]-> GO:0071855
GO:0031859 -[is_a]-> GO:0001664
GO:0031860 -[is_a]-> GO:0022616
GO:0031860 -[part_of]-> GO:0016233
GO:0031861 -[is_a]-> GO:0071855
GO:0031862 -[is_a]-> GO:0001664
GO:0031863 -[is_a]-> GO:0031862
GO:0031864 -[is_a]-> GO:0031862
GO:0031865 -[is_a]-> GO:0031862
GO:0031866 -[is_a]-> GO:0031862
GO:0031867 -[is_a]-> GO:0031862
GO:0031868 -[is_a]-> GO:0031862
GO:0031869 -[is_a]-> GO:0031862
GO:0031870 -[is_a]-> GO:0031862
GO:0031871 -[is_a]-> GO:0001664
GO:0031872 -[is_a]-> GO:0031871
GO:0031873 -[is_a]-> GO:0031871
GO:0031874 -[is_a]-> GO:0031871
GO:0031875 -[is_a]-> GO:0031871
GO:0031876 -[is_a]-> GO:0001664
GO:0031877 -[is_a]-> GO:0071855
GO:0031878 -[is_a]-> GO:0031877
GO:0031879 -[is_a]-> GO:0031877
GO:0031880 -[is_a]-> GO:0031877
GO:0031881 -[is_a]-> GO:0031877
GO:0031882 -[is_a]-> GO:0031877
GO:0031883 -[is_a]-> GO:0001664
GO:0031884 -[is_a]-> GO:0031883
GO:0031885 -[is_a]-> GO:0031883
GO:0031886 -[is_a]-> GO:0031883
GO:0031887 -[is_a]-> GO:0072384
GO:0031889 -[is_a]-> GO:0001664
GO:0031890 -[is_a]-> GO:0071855
GO:0031891 -[is_a]-> GO:0031890
GO:0031892 -[is_a]-> GO:0031890
GO:0031893 -[is_a]-> GO:0001664
GO:0031894 -[is_a]-> GO:0031893
GO:0031895 -[is_a]-> GO:0031893
GO:0031896 -[is_a]-> GO:0031893
GO:0031897 -[is_a]-> GO:0044434
GO:0031897 -[is_a]-> GO:0098796
GO:0031897 -[part_of]-> GO:0009706
GO:0031898 -[is_a]-> GO:0009526
GO:0031898 -[part_of]-> GO:0009509
GO:0031899 -[is_a]-> GO:0009528
GO:0031899 -[is_a]-> GO:0046862
GO:0031900 -[is_a]-> GO:0009527
GO:0031900 -[is_a]-> GO:0046862
GO:0031901 -[is_a]-> GO:0010008
GO:0031901 -[part_of]-> GO:0005769
GO:0031902 -[is_a]-> GO:0010008
GO:0031902 -[part_of]-> GO:0005770
GO:0031903 -[is_a]-> GO:0042579
GO:0031903 -[is_a]-> GO:0044438
GO:0031903 -[is_a]-> GO:0098588
GO:0031903 -[is_a]-> GO:0098805
GO:0031904 -[is_a]-> GO:0044440
GO:0031904 -[is_a]-> GO:0070013
GO:0031905 -[is_a]-> GO:0031904
GO:0031905 -[part_of]-> GO:0005769
GO:0031906 -[is_a]-> GO:0031904
GO:0031906 -[part_of]-> GO:0005770
GO:0031907 -[is_a]-> GO:0044438
GO:0031907 -[is_a]-> GO:0070013
GO:0031908 -[is_a]-> GO:0005782
GO:0031910 -[is_a]-> GO:0044459
GO:0031911 -[is_a]-> GO:0044459
GO:0031912 -[is_a]-> GO:0042995
GO:0031913 -[is_a]-> GO:0044430
GO:0031913 -[is_a]-> GO:0044433
GO:0031913 -[is_a]-> GO:0044437
GO:0031913 -[is_a]-> GO:0098797
GO:0031913 -[part_of]-> GO:0031164
GO:0031914 -[is_a]-> GO:0048167
GO:0031915 -[is_a]-> GO:0048167
GO:0031916 -[is_a]-> GO:0048167
GO:0031917 -[is_a]-> GO:0031914
GO:0031917 -[is_a]-> GO:0031916
GO:0031918 -[is_a]-> GO:0031915
GO:0031918 -[is_a]-> GO:0031916
GO:0031919 -[is_a]-> GO:0051180
GO:0031919 -[is_a]-> GO:0071702
GO:0031919 -[is_a]-> GO:0071705
GO:0031920 -[is_a]-> GO:0015850
GO:0031920 -[is_a]-> GO:0031919
GO:0031921 -[is_a]-> GO:0015711
GO:0031922 -[is_a]-> GO:0015850
GO:0031922 -[is_a]-> GO:0031919
GO:0031923 -[is_a]-> GO:0015850
GO:0031923 -[is_a]-> GO:0031919
GO:0031924 -[is_a]-> GO:0051183
GO:0031924 -[part_of]-> GO:0031919
GO:0031925 -[is_a]-> GO:0022891
GO:0031925 -[is_a]-> GO:0031924
GO:0031925 -[is_a]-> GO:0090482
GO:0031925 -[is_a]-> GO:1901618
GO:0031925 -[part_of]-> GO:1903090
GO:0031926 -[is_a]-> GO:0015605
GO:0031926 -[is_a]-> GO:1901618
GO:0031927 -[is_a]-> GO:0031924
GO:0031927 -[is_a]-> GO:0090482
GO:0031927 -[is_a]-> GO:1901618
GO:0031927 -[part_of]-> GO:1903091
GO:0031928 -[is_a]-> GO:0022891
GO:0031928 -[is_a]-> GO:0031924
GO:0031928 -[is_a]-> GO:0090482
GO:0031928 -[is_a]-> GO:1901618
GO:0031928 -[part_of]-> GO:1903092
GO:0031929 -[is_a]-> GO:0035556
GO:0031930 -[is_a]-> GO:0007165
GO:0031931 -[is_a]-> GO:0038201
GO:0031931 -[is_a]-> GO:0043234
GO:0031932 -[is_a]-> GO:0038201
GO:0031932 -[is_a]-> GO:0043234
GO:0031933 -[is_a]-> GO:0000792
GO:0031933 -[part_of]-> GO:0000781
GO:0031934 -[is_a]-> GO:0000792
GO:0031935 -[is_a]-> GO:0006355
GO:0031935 -[is_a]-> GO:0060968
GO:0031935 -[is_a]-> GO:1902275
GO:0031935 -[regulates]-> GO:0006342
GO:0031936 -[is_a]-> GO:0031935
GO:0031936 -[is_a]-> GO:0045815
GO:0031936 -[is_a]-> GO:0045893
GO:0031936 -[is_a]-> GO:0060969
GO:0031936 -[is_a]-> GO:1905268
GO:0031936 -[negatively_regulates]-> GO:0006342
GO:0031937 -[is_a]-> GO:0031935
GO:0031937 -[is_a]-> GO:1905269
GO:0031937 -[positively_regulates]-> GO:0006342
GO:0031938 -[is_a]-> GO:0031935
GO:0031938 -[regulates]-> GO:0006348
GO:0031939 -[is_a]-> GO:0031936
GO:0031939 -[is_a]-> GO:0031938
GO:0031939 -[negatively_regulates]-> GO:0006348
GO:0031940 -[is_a]-> GO:0031937
GO:0031940 -[is_a]-> GO:0031938
GO:0031940 -[positively_regulates]-> GO:0006348
GO:0031941 -[is_a]-> GO:0043234
GO:0031941 -[is_a]-> GO:0044430
GO:0031941 -[part_of]-> GO:0005884
GO:0031942 -[is_a]-> GO:0098800
GO:0031942 -[part_of]-> GO:0005743
GO:0031943 -[is_a]-> GO:0019218
GO:0031943 -[is_a]-> GO:0031323
GO:0031943 -[is_a]-> GO:0032350
GO:0031943 -[regulates]-> GO:0008211
GO:0031944 -[is_a]-> GO:0031324
GO:0031944 -[is_a]-> GO:0031943
GO:0031944 -[is_a]-> GO:0032351
GO:0031944 -[is_a]-> GO:0045939
GO:0031944 -[negatively_regulates]-> GO:0008211
GO:0031945 -[is_a]-> GO:0031325
GO:0031945 -[is_a]-> GO:0031943
GO:0031945 -[is_a]-> GO:0032352
GO:0031945 -[is_a]-> GO:0045940
GO:0031945 -[positively_regulates]-> GO:0008211
GO:0031946 -[is_a]-> GO:0031943
GO:0031946 -[is_a]-> GO:0090030
GO:0031946 -[regulates]-> GO:0006704
GO:0031947 -[is_a]-> GO:0031944
GO:0031947 -[is_a]-> GO:0031946
GO:0031947 -[is_a]-> GO:0090032
GO:0031947 -[negatively_regulates]-> GO:0006704
GO:0031948 -[is_a]-> GO:0031945
GO:0031948 -[is_a]-> GO:0031946
GO:0031948 -[is_a]-> GO:0090031
GO:0031948 -[positively_regulates]-> GO:0006704
GO:0031949 -[is_a]-> GO:0031329
GO:0031949 -[is_a]-> GO:0031943
GO:0031949 -[is_a]-> GO:0050994
GO:0031949 -[regulates]-> GO:0006713
GO:0031950 -[is_a]-> GO:0031330
GO:0031950 -[is_a]-> GO:0031944
GO:0031950 -[is_a]-> GO:0031949
GO:0031950 -[is_a]-> GO:0050995
GO:0031950 -[negatively_regulates]-> GO:0006713
GO:0031951 -[is_a]-> GO:0031331
GO:0031951 -[is_a]-> GO:0031945
GO:0031951 -[is_a]-> GO:0031949
GO:0031951 -[is_a]-> GO:0050996
GO:0031951 -[positively_regulates]-> GO:0006713
GO:0031952 -[is_a]-> GO:0001932
GO:0031952 -[has_part]-> GO:0045859
GO:0031952 -[regulates]-> GO:0046777
GO:0031953 -[is_a]-> GO:0001933
GO:0031953 -[is_a]-> GO:0031952
GO:0031953 -[has_part]-> GO:0006469
GO:0031953 -[negatively_regulates]-> GO:0046777
GO:0031954 -[is_a]-> GO:0001934
GO:0031954 -[is_a]-> GO:0031952
GO:0031954 -[has_part]-> GO:0045860
GO:0031954 -[positively_regulates]-> GO:0046777
GO:0031955 -[is_a]-> GO:0015645
GO:0031956 -[is_a]-> GO:0015645
GO:0031957 -[is_a]-> GO:0015645
GO:0031958 -[is_a]-> GO:0030518
GO:0031959 -[is_a]-> GO:0031958
GO:0031960 -[is_a]-> GO:0048545
GO:0031961 -[is_a]-> GO:0035259
GO:0031962 -[is_a]-> GO:0035258
GO:0031963 -[is_a]-> GO:0004883
GO:0031964 -[is_a]-> GO:0016787
GO:0031965 -[is_a]-> GO:0031090
GO:0031965 -[is_a]-> GO:0044428
GO:0031965 -[part_of]-> GO:0005635
GO:0031966 -[is_a]-> GO:0031090
GO:0031966 -[is_a]-> GO:0044429
GO:0031966 -[part_of]-> GO:0005740
GO:0031967 -[is_a]-> GO:0031975
GO:0031967 -[is_a]-> GO:0044446
GO:0031967 -[part_of]-> GO:0043227
GO:0031968 -[is_a]-> GO:0019867
GO:0031968 -[is_a]-> GO:0044424
GO:0031968 -[is_a]-> GO:0098588
GO:0031968 -[is_a]-> GO:0098805
GO:0031968 -[part_of]-> GO:0031967
GO:0031969 -[is_a]-> GO:0042170
GO:0031969 -[is_a]-> GO:0044434
GO:0031969 -[part_of]-> GO:0009941
GO:0031970 -[is_a]-> GO:0044446
GO:0031970 -[is_a]-> GO:0070013
GO:0031970 -[part_of]-> GO:0031967
GO:0031972 -[is_a]-> GO:0009529
GO:0031972 -[is_a]-> GO:0044434
GO:0031972 -[part_of]-> GO:0009941
GO:0031973 -[is_a]-> GO:0009529
GO:0031973 -[part_of]-> GO:0031898
GO:0031974 -[is_a]-> GO:0005575
GO:0031975 -[is_a]-> GO:0044464
GO:0031976 -[is_a]-> GO:0009579
GO:0031976 -[is_a]-> GO:0031984
GO:0031976 -[is_a]-> GO:0044435
GO:0031976 -[part_of]-> GO:0009536
GO:0031977 -[is_a]-> GO:0044436
GO:0031978 -[is_a]-> GO:0031977
GO:0031978 -[is_a]-> GO:0044435
GO:0031978 -[part_of]-> GO:0031976
GO:0031979 -[is_a]-> GO:0031977
GO:0031979 -[is_a]-> GO:0044459
GO:0031979 -[is_a]-> GO:0060205
GO:0031979 -[part_of]-> GO:0030075
GO:0031981 -[is_a]-> GO:0044428
GO:0031981 -[is_a]-> GO:0070013
GO:0031982 -[is_a]-> GO:0043227
GO:0031983 -[is_a]-> GO:0043233
GO:0031983 -[part_of]-> GO:0031982
GO:0031984 -[is_a]-> GO:0044446
GO:0031984 -[part_of]-> GO:0043227
GO:0031985 -[is_a]-> GO:0098791
GO:0031985 -[part_of]-> GO:0005795
GO:0031986 -[is_a]-> GO:0009536
GO:0031987 -[is_a]-> GO:0040011
GO:0031987 -[part_of]-> GO:0007626
GO:0031989 -[is_a]-> GO:0007186
GO:0031990 -[is_a]-> GO:0006406
GO:0031990 -[is_a]-> GO:0034605
GO:0031991 -[is_a]-> GO:0032506
GO:0031991 -[is_a]-> GO:0032954
GO:0031991 -[regulates]-> GO:0000916
GO:0031992 -[is_a]-> GO:0060089
GO:0031993 -[is_a]-> GO:0031992
GO:0031993 -[part_of]-> GO:0009583
GO:0031994 -[is_a]-> GO:0005520
GO:0031995 -[is_a]-> GO:0005520
GO:0031996 -[is_a]-> GO:0019899
GO:0031997 -[is_a]-> GO:0047485
GO:0031998 -[is_a]-> GO:0031329
GO:0031998 -[is_a]-> GO:0046320
GO:0031998 -[is_a]-> GO:0050994
GO:0031998 -[regulates]-> GO:0006635
GO:0031999 -[is_a]-> GO:0031330
GO:0031999 -[is_a]-> GO:0031998
GO:0031999 -[is_a]-> GO:0046322
GO:0031999 -[is_a]-> GO:0050995
GO:0031999 -[negatively_regulates]-> GO:0006635
GO:0032000 -[is_a]-> GO:0031331
GO:0032000 -[is_a]-> GO:0031998
GO:0032000 -[is_a]-> GO:0046321
GO:0032000 -[is_a]-> GO:0050996
GO:0032000 -[positively_regulates]-> GO:0006635
GO:0032001 -[is_a]-> GO:0046527
GO:0032002 -[is_a]-> GO:0098802
GO:0032002 -[part_of]-> GO:0005887
GO:0032003 -[is_a]-> GO:0005126
GO:0032005 -[is_a]-> GO:0007165
GO:0032005 -[is_a]-> GO:0022414
GO:0032005 -[part_of]-> GO:0000747
GO:0032006 -[is_a]-> GO:1902531
GO:0032006 -[regulates]-> GO:0031929
GO:0032007 -[is_a]-> GO:0032006
GO:0032007 -[is_a]-> GO:1902532
GO:0032007 -[negatively_regulates]-> GO:0031929
GO:0032008 -[is_a]-> GO:0032006
GO:0032008 -[is_a]-> GO:1902533
GO:0032008 -[positively_regulates]-> GO:0031929
GO:0032009 -[is_a]-> GO:0045335
GO:0032010 -[is_a]-> GO:0005767
GO:0032010 -[is_a]-> GO:0045335
GO:0032011 -[is_a]-> GO:0007265
GO:0032012 -[is_a]-> GO:0046578
GO:0032012 -[regulates]-> GO:0032011
GO:0032013 -[is_a]-> GO:0032012
GO:0032013 -[is_a]-> GO:0046580
GO:0032013 -[negatively_regulates]-> GO:0032011
GO:0032014 -[is_a]-> GO:0032012
GO:0032014 -[is_a]-> GO:0046579
GO:0032014 -[positively_regulates]-> GO:0032011
GO:0032015 -[is_a]-> GO:0046578
GO:0032015 -[regulates]-> GO:0031291
GO:0032016 -[is_a]-> GO:0032015
GO:0032016 -[is_a]-> GO:0046580
GO:0032016 -[negatively_regulates]-> GO:0031291
GO:0032017 -[is_a]-> GO:0032015
GO:0032017 -[is_a]-> GO:0046579
GO:0032017 -[positively_regulates]-> GO:0031291
GO:0032018 -[is_a]-> GO:0008106
GO:0032019 -[is_a]-> GO:0043232
GO:0032019 -[is_a]-> GO:0044444
GO:0032020 -[is_a]-> GO:0006464
GO:0032021 -[is_a]-> GO:0008023
GO:0032022 -[is_a]-> GO:0090606
GO:0032023 -[is_a]-> GO:0031638
GO:0032024 -[is_a]-> GO:0050714
GO:0032024 -[is_a]-> GO:0050796
GO:0032024 -[is_a]-> GO:0090277
GO:0032024 -[positively_regulates]-> GO:0030073
GO:0032025 -[is_a]-> GO:0010038
GO:0032026 -[is_a]-> GO:0010038
GO:0032027 -[is_a]-> GO:0017022
GO:0032028 -[is_a]-> GO:0032036
GO:0032029 -[is_a]-> GO:0032036
GO:0032030 -[is_a]-> GO:0017024
GO:0032030 -[is_a]-> GO:0032027
GO:0032031 -[is_a]-> GO:0032028
GO:0032031 -[is_a]-> GO:0032037
GO:0032032 -[is_a]-> GO:0032029
GO:0032032 -[is_a]-> GO:0032037
GO:0032033 -[is_a]-> GO:0032027
GO:0032033 -[is_a]-> GO:0045159
GO:0032034 -[is_a]-> GO:0032028
GO:0032034 -[is_a]-> GO:0032038
GO:0032035 -[is_a]-> GO:0032029
GO:0032035 -[is_a]-> GO:0032038
GO:0032036 -[is_a]-> GO:0017022
GO:0032037 -[is_a]-> GO:0017024
GO:0032037 -[is_a]-> GO:0032036
GO:0032038 -[is_a]-> GO:0032036
GO:0032038 -[is_a]-> GO:0045159
GO:0032039 -[is_a]-> GO:0043234
GO:0032039 -[is_a]-> GO:0044451
GO:0032039 -[part_of]-> GO:0016591
GO:0032040 -[is_a]-> GO:0030684
GO:0032040 -[has_part]-> GO:0034455
GO:0032041 -[is_a]-> GO:0017136
GO:0032041 -[is_a]-> GO:0031078
GO:0032042 -[is_a]-> GO:0006259
GO:0032042 -[occurs_in]-> GO:0005739
GO:0032042 -[part_of]-> GO:0000002
GO:0032043 -[is_a]-> GO:0006308
GO:0032043 -[is_a]-> GO:0032042
GO:0032043 -[occurs_in]-> GO:0005739
GO:0032044 -[is_a]-> GO:0008023
GO:0032045 -[is_a]-> GO:0043234
GO:0032045 -[is_a]-> GO:0044424
GO:0032046 -[is_a]-> GO:0031984
GO:0032046 -[is_a]-> GO:0044437
GO:0032047 -[is_a]-> GO:0043231
GO:0032047 -[is_a]-> GO:0044444
GO:0032048 -[is_a]-> GO:0046471
GO:0032049 -[is_a]-> GO:0006655
GO:0032049 -[is_a]-> GO:0032048
GO:0032050 -[is_a]-> GO:0030276
GO:0032051 -[is_a]-> GO:0030276
GO:0032052 -[is_a]-> GO:0005496
GO:0032052 -[is_a]-> GO:0033293
GO:0032053 -[is_a]-> GO:0031023
GO:0032053 -[is_a]-> GO:0044782
GO:0032054 -[is_a]-> GO:0032053
GO:0032055 -[is_a]-> GO:0017148
GO:0032055 -[is_a]-> GO:0043555
GO:0032056 -[is_a]-> GO:0043555
GO:0032056 -[is_a]-> GO:0045727
GO:0032057 -[is_a]-> GO:0032055
GO:0032057 -[is_a]-> GO:0043558
GO:0032057 -[is_a]-> GO:0045947
GO:0032058 -[is_a]-> GO:0032056
GO:0032058 -[is_a]-> GO:0043558
GO:0032058 -[is_a]-> GO:0045948
GO:0032059 -[is_a]-> GO:0042995
GO:0032060 -[is_a]-> GO:0030031
GO:0032061 -[is_a]-> GO:0032055
GO:0032061 -[is_a]-> GO:0043557
GO:0032062 -[is_a]-> GO:0032056
GO:0032062 -[is_a]-> GO:0043557
GO:0032063 -[is_a]-> GO:0032057
GO:0032063 -[is_a]-> GO:0032061
GO:0032063 -[is_a]-> GO:0043561
GO:0032064 -[is_a]-> GO:0032058
GO:0032064 -[is_a]-> GO:0032062
GO:0032064 -[is_a]-> GO:0043561
GO:0032065 -[is_a]-> GO:0051220
GO:0032065 -[occurs_in]-> GO:0005938
GO:0032066 -[is_a]-> GO:0051169
GO:0032067 -[is_a]-> GO:0015666
GO:0032068 -[is_a]-> GO:0044444
GO:0032068 -[is_a]-> GO:1905347
GO:0032069 -[is_a]-> GO:0019219
GO:0032069 -[is_a]-> GO:0051336
GO:0032069 -[is_a]-> GO:0060255
GO:0032069 -[regulates]-> GO:0004518
GO:0032070 -[is_a]-> GO:0032069
GO:0032070 -[is_a]-> GO:0051052
GO:0032070 -[regulates]-> GO:0004536
GO:0032071 -[is_a]-> GO:0032070
GO:0032071 -[regulates]-> GO:0004520
GO:0032072 -[is_a]-> GO:0032071
GO:0032072 -[regulates]-> GO:0015666
GO:0032073 -[is_a]-> GO:0032072
GO:0032073 -[is_a]-> GO:0032078
GO:0032073 -[negatively_regulates]-> GO:0015666
GO:0032074 -[is_a]-> GO:0010605
GO:0032074 -[is_a]-> GO:0032069
GO:0032074 -[is_a]-> GO:0045934
GO:0032074 -[is_a]-> GO:0051346
GO:0032074 -[negatively_regulates]-> GO:0004518
GO:0032075 -[is_a]-> GO:0010604
GO:0032075 -[is_a]-> GO:0032069
GO:0032075 -[is_a]-> GO:0045935
GO:0032075 -[is_a]-> GO:0051345
GO:0032075 -[positively_regulates]-> GO:0004518
GO:0032076 -[is_a]-> GO:0032070
GO:0032076 -[is_a]-> GO:0032074
GO:0032076 -[is_a]-> GO:0051053
GO:0032076 -[negatively_regulates]-> GO:0004536
GO:0032077 -[is_a]-> GO:0032070
GO:0032077 -[is_a]-> GO:0032075
GO:0032077 -[is_a]-> GO:0051054
GO:0032077 -[positively_regulates]-> GO:0004536
GO:0032078 -[is_a]-> GO:0032071
GO:0032078 -[is_a]-> GO:0032076
GO:0032078 -[negatively_regulates]-> GO:0004520
GO:0032079 -[is_a]-> GO:0032071
GO:0032079 -[is_a]-> GO:0032077
GO:0032079 -[positively_regulates]-> GO:0004520
GO:0032080 -[is_a]-> GO:0032073
GO:0032080 -[is_a]-> GO:0032084
GO:0032080 -[negatively_regulates]-> GO:0009035
GO:0032081 -[is_a]-> GO:0032073
GO:0032081 -[is_a]-> GO:0032085
GO:0032081 -[negatively_regulates]-> GO:0009036
GO:0032082 -[is_a]-> GO:0032073
GO:0032082 -[is_a]-> GO:0032086
GO:0032082 -[negatively_regulates]-> GO:0015668
GO:0032083 -[is_a]-> GO:0032073
GO:0032083 -[is_a]-> GO:0032087
GO:0032083 -[negatively_regulates]-> GO:0032067
GO:0032084 -[is_a]-> GO:0032072
GO:0032084 -[regulates]-> GO:0009035
GO:0032085 -[is_a]-> GO:0032072
GO:0032085 -[regulates]-> GO:0009036
GO:0032086 -[is_a]-> GO:0032072
GO:0032086 -[regulates]-> GO:0015668
GO:0032087 -[is_a]-> GO:0032072
GO:0032087 -[regulates]-> GO:0032067
GO:0032088 -[is_a]-> GO:0043433
GO:0032089 -[is_a]-> GO:0019904
GO:0032090 -[is_a]-> GO:0019904
GO:0032091 -[is_a]-> GO:0043393
GO:0032091 -[is_a]-> GO:0051100
GO:0032091 -[negatively_regulates]-> GO:0005515
GO:0032092 -[is_a]-> GO:0043393
GO:0032092 -[is_a]-> GO:0051099
GO:0032092 -[positively_regulates]-> GO:0005515
GO:0032093 -[is_a]-> GO:0019904
GO:0032094 -[is_a]-> GO:0031667
GO:0032094 -[is_a]-> GO:0042221
GO:0032095 -[is_a]-> GO:0032107
GO:0032095 -[regulates]-> GO:0032094
GO:0032096 -[is_a]-> GO:0032095
GO:0032096 -[is_a]-> GO:0032108
GO:0032096 -[negatively_regulates]-> GO:0032094
GO:0032097 -[is_a]-> GO:0032095
GO:0032097 -[is_a]-> GO:0032109
GO:0032097 -[positively_regulates]-> GO:0032094
GO:0032098 -[is_a]-> GO:0065008
GO:0032098 -[part_of]-> GO:0031667
GO:0032099 -[is_a]-> GO:0032096
GO:0032099 -[is_a]-> GO:0032098
GO:0032100 -[is_a]-> GO:0032097
GO:0032100 -[is_a]-> GO:0032098
GO:0032101 -[is_a]-> GO:0048583
GO:0032101 -[regulates]-> GO:0009605
GO:0032102 -[is_a]-> GO:0032101
GO:0032102 -[is_a]-> GO:0048585
GO:0032102 -[negatively_regulates]-> GO:0009605
GO:0032103 -[is_a]-> GO:0032101
GO:0032103 -[is_a]-> GO:0048584
GO:0032103 -[positively_regulates]-> GO:0009605
GO:0032104 -[is_a]-> GO:0032101
GO:0032104 -[regulates]-> GO:0009991
GO:0032105 -[is_a]-> GO:0032102
GO:0032105 -[is_a]-> GO:0032104
GO:0032105 -[negatively_regulates]-> GO:0009991
GO:0032106 -[is_a]-> GO:0032103
GO:0032106 -[is_a]-> GO:0032104
GO:0032106 -[positively_regulates]-> GO:0009991
GO:0032107 -[is_a]-> GO:0032104
GO:0032107 -[regulates]-> GO:0031667
GO:0032108 -[is_a]-> GO:0032105
GO:0032108 -[is_a]-> GO:0032107
GO:0032108 -[negatively_regulates]-> GO:0031667
GO:0032109 -[is_a]-> GO:0032106
GO:0032109 -[is_a]-> GO:0032107
GO:0032109 -[positively_regulates]-> GO:0031667
GO:0032110 -[is_a]-> GO:0045859
GO:0032110 -[regulates]-> GO:0004673
GO:0032111 -[is_a]-> GO:0010864
GO:0032111 -[is_a]-> GO:0032147
GO:0032112 -[is_a]-> GO:0006469
GO:0032112 -[is_a]-> GO:0032110
GO:0032112 -[negatively_regulates]-> GO:0004673
GO:0032113 -[is_a]-> GO:0010921
GO:0032113 -[regulates]-> GO:0019203
GO:0032114 -[is_a]-> GO:0032113
GO:0032114 -[regulates]-> GO:0004346
GO:0032115 -[is_a]-> GO:0016616
GO:0032116 -[is_a]-> GO:0043234
GO:0032116 -[is_a]-> GO:0044428
GO:0032117 -[is_a]-> GO:0005818
GO:0032117 -[is_a]-> GO:0044448
GO:0032117 -[part_of]-> GO:0030981
GO:0032118 -[is_a]-> GO:0000226
GO:0032118 -[is_a]-> GO:0044702
GO:0032118 -[is_a]-> GO:1903046
GO:0032118 -[part_of]-> GO:0030989
GO:0032119 -[is_a]-> GO:0051238
GO:0032119 -[part_of]-> GO:0006882
GO:0032120 -[is_a]-> GO:0003006
GO:0032120 -[is_a]-> GO:0010927
GO:0032120 -[is_a]-> GO:0044702
GO:0032120 -[is_a]-> GO:0071709
GO:0032120 -[is_a]-> GO:1903046
GO:0032120 -[part_of]-> GO:0031321
GO:0032121 -[is_a]-> GO:0007017
GO:0032121 -[is_a]-> GO:0044702
GO:0032121 -[is_a]-> GO:1903046
GO:0032121 -[part_of]-> GO:0045141
GO:0032122 -[is_a]-> GO:0030030
GO:0032123 -[is_a]-> GO:0044430
GO:0032123 -[is_a]-> GO:0044463
GO:0032123 -[part_of]-> GO:0031912
GO:0032124 -[is_a]-> GO:0006997
GO:0032125 -[is_a]-> GO:0006997
GO:0032126 -[is_a]-> GO:0044464
GO:0032127 -[is_a]-> GO:0030667
GO:0032127 -[part_of]-> GO:0031045
GO:0032128 -[is_a]-> GO:0000128
GO:0032129 -[is_a]-> GO:0004407
GO:0032129 -[part_of]-> GO:0061647
GO:0032129 -[part_of]-> GO:1990619
GO:0032130 -[is_a]-> GO:0022607
GO:0032130 -[is_a]-> GO:1902410
GO:0032130 -[part_of]-> GO:0000281
GO:0032131 -[is_a]-> GO:0003684
GO:0032132 -[is_a]-> GO:0032131
GO:0032133 -[is_a]-> GO:0005875
GO:0032135 -[is_a]-> GO:0030983
GO:0032136 -[is_a]-> GO:0030983
GO:0032137 -[is_a]-> GO:0030983
GO:0032138 -[is_a]-> GO:0032135
GO:0032139 -[is_a]-> GO:0032135
GO:0032140 -[is_a]-> GO:0032138
GO:0032141 -[is_a]-> GO:0032138
GO:0032142 -[is_a]-> GO:0032138
GO:0032143 -[is_a]-> GO:0032138
GO:0032144 -[is_a]-> GO:0044424
GO:0032144 -[is_a]-> GO:1990234
GO:0032145 -[is_a]-> GO:0019899
GO:0032146 -[is_a]-> GO:0015117
GO:0032146 -[is_a]-> GO:0043225
GO:0032147 -[is_a]-> GO:0045860
GO:0032148 -[is_a]-> GO:0032147
GO:0032149 -[is_a]-> GO:0009746
GO:0032150 -[is_a]-> GO:0006744
GO:0032150 -[is_a]-> GO:0046417
GO:0032151 -[is_a]-> GO:0031105
GO:0032152 -[is_a]-> GO:0031105
GO:0032153 -[is_a]-> GO:0044464
GO:0032154 -[is_a]-> GO:0032155
GO:0032154 -[is_a]-> GO:0097610
GO:0032155 -[is_a]-> GO:0044464
GO:0032155 -[part_of]-> GO:0032153
GO:0032156 -[is_a]-> GO:0005856
GO:0032157 -[is_a]-> GO:0005826
GO:0032157 -[part_of]-> GO:0042764
GO:0032158 -[is_a]-> GO:0044430
GO:0032158 -[part_of]-> GO:0032156
GO:0032159 -[is_a]-> GO:0032156
GO:0032159 -[is_a]-> GO:0044430
GO:0032160 -[is_a]-> GO:0032156
GO:0032160 -[is_a]-> GO:0044430
GO:0032161 -[is_a]-> GO:0032155
GO:0032161 -[is_a]-> GO:0044430
GO:0032161 -[is_a]-> GO:0044448
GO:0032161 -[part_of]-> GO:0032156
GO:0032162 -[is_a]-> GO:0032158
GO:0032162 -[is_a]-> GO:0044463
GO:0032162 -[part_of]-> GO:0005937
GO:0032163 -[is_a]-> GO:0032158
GO:0032164 -[is_a]-> GO:0032159
GO:0032165 -[is_a]-> GO:0032160
GO:0032166 -[is_a]-> GO:0032160
GO:0032168 -[is_a]-> GO:0005940
GO:0032169 -[is_a]-> GO:0005940
GO:0032169 -[is_a]-> GO:0032161
GO:0032169 -[part_of]-> GO:0042764
GO:0032170 -[is_a]-> GO:0005940
GO:0032171 -[is_a]-> GO:0032159
GO:0032171 -[part_of]-> GO:0032179
GO:0032172 -[is_a]-> GO:0005940
GO:0032172 -[part_of]-> GO:0032179
GO:0032173 -[is_a]-> GO:0032156
GO:0032173 -[is_a]-> GO:0044430
GO:0032174 -[is_a]-> GO:0000399
GO:0032174 -[is_a]-> GO:0032161
GO:0032174 -[is_a]-> GO:0032173
GO:0032174 -[part_of]-> GO:0005935
GO:0032175 -[is_a]-> GO:0005940
GO:0032175 -[is_a]-> GO:0044463
GO:0032175 -[part_of]-> GO:0005937
GO:0032176 -[is_a]-> GO:0032156
GO:0032176 -[is_a]-> GO:0044430
GO:0032177 -[is_a]-> GO:0000399
GO:0032177 -[is_a]-> GO:0032161
GO:0032177 -[is_a]-> GO:0032176
GO:0032177 -[part_of]-> GO:0005935
GO:0032178 -[is_a]-> GO:0032155
GO:0032178 -[is_a]-> GO:0044459
GO:0032179 -[is_a]-> GO:0044464
GO:0032180 -[is_a]-> GO:0006570
GO:0032180 -[is_a]-> GO:0006744
GO:0032181 -[is_a]-> GO:0032139
GO:0032182 -[is_a]-> GO:0005515
GO:0032183 -[is_a]-> GO:0032182
GO:0032184 -[is_a]-> GO:0032183
GO:0032185 -[is_a]-> GO:0007010
GO:0032186 -[is_a]-> GO:0031106
GO:0032186 -[is_a]-> GO:1903047
GO:0032186 -[part_of]-> GO:0000281
GO:0032186 -[part_of]-> GO:0007105
GO:0032187 -[is_a]-> GO:0036214
GO:0032187 -[is_a]-> GO:0051179
GO:0032187 -[part_of]-> GO:0061640
GO:0032188 -[is_a]-> GO:0032187
GO:0032188 -[part_of]-> GO:0007105
GO:0032189 -[is_a]-> GO:0032187
GO:0032189 -[part_of]-> GO:0031566
GO:0032190 -[is_a]-> GO:0019899
GO:0032193 -[is_a]-> GO:0006744
GO:0032194 -[is_a]-> GO:0006744
GO:0032195 -[is_a]-> GO:0005773
GO:0032195 -[is_a]-> GO:0030139
GO:0032196 -[is_a]-> GO:0044763
GO:0032197 -[is_a]-> GO:0032196
GO:0032198 -[is_a]-> GO:0032196
GO:0032199 -[is_a]-> GO:0001171
GO:0032199 -[part_of]-> GO:0032197
GO:0032200 -[is_a]-> GO:0051276
GO:0032201 -[is_a]-> GO:0000723
GO:0032201 -[is_a]-> GO:0019725
GO:0032201 -[is_a]-> GO:0022402
GO:0032201 -[is_a]-> GO:0044710
GO:0032201 -[is_a]-> GO:1902589
GO:0032201 -[part_of]-> GO:0033260
GO:0032202 -[is_a]-> GO:0022607
GO:0032202 -[is_a]-> GO:0032200
GO:0032203 -[is_a]-> GO:0032202
GO:0032203 -[has_part]-> GO:0003720
GO:0032203 -[has_part]-> GO:1905324
GO:0032204 -[is_a]-> GO:0032844
GO:0032204 -[is_a]-> GO:0033044
GO:0032204 -[is_a]-> GO:0051052
GO:0032204 -[regulates]-> GO:0000723
GO:0032205 -[is_a]-> GO:0032204
GO:0032205 -[is_a]-> GO:0032845
GO:0032205 -[is_a]-> GO:0051053
GO:0032205 -[is_a]-> GO:2001251
GO:0032205 -[negatively_regulates]-> GO:0000723
GO:0032206 -[is_a]-> GO:0032204
GO:0032206 -[is_a]-> GO:0032846
GO:0032206 -[is_a]-> GO:0051054
GO:0032206 -[is_a]-> GO:2001252
GO:0032206 -[positively_regulates]-> GO:0000723
GO:0032207 -[is_a]-> GO:0000019
GO:0032207 -[is_a]-> GO:0032204
GO:0032207 -[is_a]-> GO:0072695
GO:0032207 -[regulates]-> GO:0000722
GO:0032208 -[is_a]-> GO:0032205
GO:0032208 -[is_a]-> GO:0032207
GO:0032208 -[is_a]-> GO:0045950
GO:0032208 -[is_a]-> GO:0048239
GO:0032208 -[negatively_regulates]-> GO:0000722
GO:0032209 -[is_a]-> GO:0032206
GO:0032209 -[is_a]-> GO:0032207
GO:0032209 -[is_a]-> GO:0045951
GO:0032209 -[is_a]-> GO:0072696
GO:0032209 -[positively_regulates]-> GO:0000722
GO:0032210 -[is_a]-> GO:1904356
GO:0032210 -[is_a]-> GO:2000278
GO:0032210 -[regulates]-> GO:0007004
GO:0032211 -[is_a]-> GO:0032210
GO:0032211 -[is_a]-> GO:1904357
GO:0032211 -[is_a]-> GO:2000279
GO:0032211 -[negatively_regulates]-> GO:0007004
GO:0032212 -[is_a]-> GO:0032210
GO:0032212 -[is_a]-> GO:1904358
GO:0032212 -[is_a]-> GO:2000573
GO:0032212 -[positively_regulates]-> GO:0007004
GO:0032213 -[is_a]-> GO:0032204
GO:0032213 -[is_a]-> GO:0033262
GO:0032213 -[regulates]-> GO:0032201
GO:0032214 -[is_a]-> GO:0032205
GO:0032214 -[is_a]-> GO:0032213
GO:0032214 -[is_a]-> GO:1902576
GO:0032214 -[negatively_regulates]-> GO:0032201
GO:0032215 -[is_a]-> GO:0010571
GO:0032215 -[is_a]-> GO:0032206
GO:0032215 -[is_a]-> GO:0032213
GO:0032215 -[positively_regulates]-> GO:0032201
GO:0032216 -[is_a]-> GO:0008374
GO:0032217 -[is_a]-> GO:0051183
GO:0032217 -[part_of]-> GO:0032218
GO:0032218 -[is_a]-> GO:0051180
GO:0032218 -[is_a]-> GO:0071702
GO:0032218 -[is_a]-> GO:0071705
GO:0032219 -[is_a]-> GO:0016998
GO:0032219 -[is_a]-> GO:0022414
GO:0032219 -[part_of]-> GO:0000755
GO:0032220 -[is_a]-> GO:0044702
GO:0032220 -[is_a]-> GO:0045026
GO:0032220 -[part_of]-> GO:0000755
GO:0032221 -[is_a]-> GO:0070822
GO:0032222 -[is_a]-> GO:0050804
GO:0032222 -[regulates]-> GO:0007271
GO:0032223 -[is_a]-> GO:0032222
GO:0032223 -[is_a]-> GO:0050805
GO:0032223 -[negatively_regulates]-> GO:0007271
GO:0032224 -[is_a]-> GO:0032222
GO:0032224 -[is_a]-> GO:0050806
GO:0032224 -[positively_regulates]-> GO:0007271
GO:0032225 -[is_a]-> GO:0050804
GO:0032225 -[regulates]-> GO:0001963
GO:0032226 -[is_a]-> GO:0032225
GO:0032226 -[is_a]-> GO:0050806
GO:0032226 -[positively_regulates]-> GO:0001963
GO:0032227 -[is_a]-> GO:0032225
GO:0032227 -[is_a]-> GO:0050805
GO:0032227 -[negatively_regulates]-> GO:0001963
GO:0032228 -[is_a]-> GO:0050804
GO:0032228 -[regulates]-> GO:0051932
GO:0032229 -[is_a]-> GO:0032228
GO:0032229 -[is_a]-> GO:0050805
GO:0032229 -[negatively_regulates]-> GO:0051932
GO:0032230 -[is_a]-> GO:0032228
GO:0032230 -[is_a]-> GO:0050806
GO:0032230 -[positively_regulates]-> GO:0051932
GO:0032231 -[is_a]-> GO:0032956
GO:0032231 -[is_a]-> GO:0044087
GO:0032231 -[regulates]-> GO:0051017
GO:0032232 -[is_a]-> GO:0032231
GO:0032232 -[is_a]-> GO:0051494
GO:0032232 -[negatively_regulates]-> GO:0051017
GO:0032233 -[is_a]-> GO:0032231
GO:0032233 -[is_a]-> GO:0044089
GO:0032233 -[is_a]-> GO:0051495
GO:0032233 -[positively_regulates]-> GO:0051017
GO:0032237 -[is_a]-> GO:1901341
GO:0032238 -[is_a]-> GO:0015858
GO:0032239 -[is_a]-> GO:0051049
GO:0032239 -[regulates]-> GO:0015931
GO:0032240 -[is_a]-> GO:0032239
GO:0032240 -[is_a]-> GO:0051051
GO:0032240 -[negatively_regulates]-> GO:0015931
GO:0032241 -[is_a]-> GO:0032239
GO:0032241 -[is_a]-> GO:0051050
GO:0032241 -[positively_regulates]-> GO:0015931
GO:0032242 -[is_a]-> GO:0032239
GO:0032242 -[regulates]-> GO:0015858
GO:0032243 -[is_a]-> GO:0032240
GO:0032243 -[is_a]-> GO:0032242
GO:0032243 -[negatively_regulates]-> GO:0015858
GO:0032244 -[is_a]-> GO:0032241
GO:0032244 -[is_a]-> GO:0032242
GO:0032244 -[positively_regulates]-> GO:0015858
GO:0032245 -[is_a]-> GO:0032242
GO:0032246 -[is_a]-> GO:0032242
GO:0032246 -[regulates]-> GO:0015864
GO:0032247 -[is_a]-> GO:0032243
GO:0032247 -[is_a]-> GO:0032245
GO:0032248 -[is_a]-> GO:0032244
GO:0032248 -[is_a]-> GO:0032245
GO:0032249 -[is_a]-> GO:0032245
GO:0032249 -[regulates]-> GO:0032238
GO:0032250 -[is_a]-> GO:0032247
GO:0032250 -[is_a]-> GO:0032249
GO:0032250 -[negatively_regulates]-> GO:0032238
GO:0032251 -[is_a]-> GO:0032248
GO:0032251 -[is_a]-> GO:0032249
GO:0032251 -[positively_regulates]-> GO:0032238
GO:0032252 -[is_a]-> GO:0051648
GO:0032253 -[is_a]-> GO:0032252
GO:0032254 -[is_a]-> GO:0051650
GO:0032254 -[part_of]-> GO:0032252
GO:0032255 -[is_a]-> GO:0051655
GO:0032255 -[part_of]-> GO:0032252
GO:0032256 -[is_a]-> GO:0032254
GO:0032256 -[part_of]-> GO:0032253
GO:0032257 -[is_a]-> GO:0032255
GO:0032257 -[part_of]-> GO:0032253
GO:0032258 -[is_a]-> GO:0006623
GO:0032258 -[has_part]-> GO:0006624
GO:0032259 -[is_a]-> GO:0008152
GO:0032260 -[is_a]-> GO:0009753
GO:0032260 -[part_of]-> GO:0009861
GO:0032261 -[is_a]-> GO:0006164
GO:0032261 -[is_a]-> GO:0043101
GO:0032261 -[is_a]-> GO:0043173
GO:0032262 -[is_a]-> GO:0006221
GO:0032262 -[is_a]-> GO:0008655
GO:0032262 -[is_a]-> GO:0043173
GO:0032263 -[is_a]-> GO:0006166
GO:0032263 -[is_a]-> GO:0006177
GO:0032263 -[is_a]-> GO:0032261
GO:0032264 -[is_a]-> GO:0006188
GO:0032264 -[is_a]-> GO:0032261
GO:0032265 -[is_a]-> GO:0032261
GO:0032265 -[is_a]-> GO:0097293
GO:0032266 -[is_a]-> GO:1901981
GO:0032267 -[is_a]-> GO:0016879
GO:0032268 -[is_a]-> GO:0031323
GO:0032268 -[is_a]-> GO:0051246
GO:0032268 -[regulates]-> GO:0044267
GO:0032269 -[is_a]-> GO:0031324
GO:0032269 -[is_a]-> GO:0032268
GO:0032269 -[is_a]-> GO:0051248
GO:0032269 -[negatively_regulates]-> GO:0044267
GO:0032270 -[is_a]-> GO:0031325
GO:0032270 -[is_a]-> GO:0032268
GO:0032270 -[is_a]-> GO:0051247
GO:0032270 -[positively_regulates]-> GO:0044267
GO:0032271 -[is_a]-> GO:0043254
GO:0032271 -[regulates]-> GO:0051258
GO:0032272 -[is_a]-> GO:0031333
GO:0032272 -[is_a]-> GO:0032271
GO:0032272 -[negatively_regulates]-> GO:0051258
GO:0032273 -[is_a]-> GO:0031334
GO:0032273 -[is_a]-> GO:0032271
GO:0032273 -[positively_regulates]-> GO:0051258
GO:0032274 -[is_a]-> GO:0060986
GO:0032275 -[is_a]-> GO:0032274
GO:0032276 -[is_a]-> GO:0044060
GO:0032276 -[is_a]-> GO:0046883
GO:0032276 -[regulates]-> GO:0032274
GO:0032277 -[is_a]-> GO:0032276
GO:0032277 -[is_a]-> GO:0046888
GO:0032277 -[is_a]-> GO:0051241
GO:0032277 -[negatively_regulates]-> GO:0032274
GO:0032278 -[is_a]-> GO:0032276
GO:0032278 -[is_a]-> GO:0046887
GO:0032278 -[is_a]-> GO:0051240
GO:0032278 -[positively_regulates]-> GO:0032274
GO:0032279 -[is_a]-> GO:0098984
GO:0032279 -[has_part]-> GO:0014069
GO:0032280 -[is_a]-> GO:0098984
GO:0032281 -[is_a]-> GO:0008328
GO:0032282 -[is_a]-> GO:0009317
GO:0032282 -[is_a]-> GO:0044435
GO:0032282 -[part_of]-> GO:0009532
GO:0032282 -[part_of]-> GO:0009536
GO:0032283 -[is_a]-> GO:0009329
GO:0032283 -[is_a]-> GO:0044435
GO:0032283 -[part_of]-> GO:0009536
GO:0032283 -[part_of]-> GO:0032282
GO:0032284 -[is_a]-> GO:0009343
GO:0032284 -[is_a]-> GO:0044435
GO:0032284 -[part_of]-> GO:0009536
GO:0032284 -[part_of]-> GO:0032282
GO:0032285 -[is_a]-> GO:0008366
GO:0032286 -[is_a]-> GO:0043217
GO:0032286 -[part_of]-> GO:0022010
GO:0032287 -[is_a]-> GO:0043217
GO:0032287 -[part_of]-> GO:0022011
GO:0032288 -[is_a]-> GO:0010927
GO:0032288 -[part_of]-> GO:0042552
GO:0032289 -[is_a]-> GO:0032288
GO:0032289 -[part_of]-> GO:0022010
GO:0032290 -[is_a]-> GO:0032288
GO:0032290 -[part_of]-> GO:0022011
GO:0032291 -[is_a]-> GO:0008366
GO:0032292 -[is_a]-> GO:0008366
GO:0032293 -[is_a]-> GO:0032285
GO:0032293 -[is_a]-> GO:0032291
GO:0032294 -[is_a]-> GO:0032285
GO:0032294 -[is_a]-> GO:0032292
GO:0032295 -[is_a]-> GO:0007272
GO:0032296 -[is_a]-> GO:0004540
GO:0032297 -[is_a]-> GO:0030174
GO:0032297 -[is_a]-> GO:2000104
GO:0032297 -[negatively_regulates]-> GO:0006270
GO:0032298 -[is_a]-> GO:0030174
GO:0032298 -[is_a]-> GO:2000105
GO:0032298 -[positively_regulates]-> GO:0006270
GO:0032299 -[is_a]-> GO:0043234
GO:0032299 -[is_a]-> GO:0044424
GO:0032300 -[is_a]-> GO:0043234
GO:0032300 -[is_a]-> GO:0044424
GO:0032300 -[is_a]-> GO:1990391
GO:0032301 -[is_a]-> GO:0032300
GO:0032301 -[is_a]-> GO:0044428
GO:0032302 -[is_a]-> GO:0032300
GO:0032302 -[is_a]-> GO:0044428
GO:0032303 -[is_a]-> GO:0051046
GO:0032303 -[is_a]-> GO:2000191
GO:0032303 -[regulates]-> GO:0032309
GO:0032304 -[is_a]-> GO:0032303
GO:0032304 -[is_a]-> GO:0051048
GO:0032304 -[is_a]-> GO:2000192
GO:0032304 -[negatively_regulates]-> GO:0032309
GO:0032305 -[is_a]-> GO:0032303
GO:0032305 -[is_a]-> GO:0051047
GO:0032305 -[is_a]-> GO:2000193
GO:0032305 -[positively_regulates]-> GO:0032309
GO:0032306 -[is_a]-> GO:0032303
GO:0032306 -[regulates]-> GO:0032310
GO:0032307 -[is_a]-> GO:0032304
GO:0032307 -[is_a]-> GO:0032306
GO:0032307 -[negatively_regulates]-> GO:0032310
GO:0032308 -[is_a]-> GO:0032305
GO:0032308 -[is_a]-> GO:0032306
GO:0032308 -[positively_regulates]-> GO:0032310
GO:0032309 -[is_a]-> GO:0046903
GO:0032309 -[is_a]-> GO:0071715
GO:0032310 -[is_a]-> GO:0015732
GO:0032310 -[is_a]-> GO:0032309
GO:0032311 -[is_a]-> GO:0043234
GO:0032311 -[is_a]-> GO:0044421
GO:0032322 -[is_a]-> GO:0006743
GO:0032322 -[is_a]-> GO:1901662
GO:0032323 -[is_a]-> GO:0009062
GO:0032323 -[is_a]-> GO:0009106
GO:0032324 -[is_a]-> GO:0018130
GO:0032324 -[is_a]-> GO:0043545
GO:0032324 -[is_a]-> GO:0044711
GO:0032324 -[is_a]-> GO:0046039
GO:0032324 -[is_a]-> GO:0051188
GO:0032324 -[is_a]-> GO:0090407
GO:0032324 -[is_a]-> GO:1901362
GO:0032324 -[is_a]-> GO:1901566
GO:0032324 -[has_part]-> GO:0030366
GO:0032324 -[has_part]-> GO:0031071
GO:0032324 -[has_part]-> GO:0061598
GO:0032324 -[has_part]-> GO:0061604
GO:0032324 -[has_part]-> GO:0061605
GO:0032325 -[is_a]-> GO:0043545
GO:0032325 -[is_a]-> GO:0046434
GO:0032325 -[is_a]-> GO:0046700
GO:0032325 -[is_a]-> GO:0051187
GO:0032325 -[is_a]-> GO:1901361
GO:0032325 -[is_a]-> GO:1901565
GO:0032326 -[is_a]-> GO:0019720
GO:0032326 -[is_a]-> GO:0032325
GO:0032327 -[is_a]-> GO:0009108
GO:0032327 -[is_a]-> GO:0032325
GO:0032327 -[is_a]-> GO:0042046
GO:0032328 -[is_a]-> GO:0015804
GO:0032328 -[is_a]-> GO:0046942
GO:0032329 -[is_a]-> GO:0015804
GO:0032330 -[is_a]-> GO:0045595
GO:0032330 -[is_a]-> GO:0061035
GO:0032330 -[regulates]-> GO:0002062
GO:0032331 -[is_a]-> GO:0032330
GO:0032331 -[is_a]-> GO:0045596
GO:0032331 -[is_a]-> GO:0061037
GO:0032331 -[negatively_regulates]-> GO:0002062
GO:0032332 -[is_a]-> GO:0032330
GO:0032332 -[is_a]-> GO:0045597
GO:0032332 -[is_a]-> GO:0061036
GO:0032332 -[positively_regulates]-> GO:0002062
GO:0032333 -[is_a]-> GO:0046879
GO:0032334 -[is_a]-> GO:0060986
GO:0032335 -[is_a]-> GO:0046883
GO:0032335 -[regulates]-> GO:0032333
GO:0032336 -[is_a]-> GO:0032335
GO:0032336 -[is_a]-> GO:0046888
GO:0032336 -[negatively_regulates]-> GO:0032333
GO:0032337 -[is_a]-> GO:0032335
GO:0032337 -[is_a]-> GO:0046887
GO:0032337 -[positively_regulates]-> GO:0032333
GO:0032338 -[is_a]-> GO:0044060
GO:0032338 -[is_a]-> GO:0046883
GO:0032338 -[regulates]-> GO:0032334
GO:0032339 -[is_a]-> GO:0032338
GO:0032339 -[is_a]-> GO:0046888
GO:0032339 -[is_a]-> GO:0051241
GO:0032339 -[negatively_regulates]-> GO:0032334
GO:0032340 -[is_a]-> GO:0032338
GO:0032340 -[is_a]-> GO:0046887
GO:0032340 -[is_a]-> GO:0051240
GO:0032340 -[positively_regulates]-> GO:0032334
GO:0032341 -[is_a]-> GO:0006081
GO:0032341 -[is_a]-> GO:0008207
GO:0032341 -[is_a]-> GO:0008212
GO:0032341 -[is_a]-> GO:0042180
GO:0032341 -[is_a]-> GO:1901615
GO:0032342 -[is_a]-> GO:0006700
GO:0032342 -[is_a]-> GO:0006705
GO:0032342 -[is_a]-> GO:0032341
GO:0032342 -[is_a]-> GO:0042181
GO:0032342 -[is_a]-> GO:0046184
GO:0032342 -[is_a]-> GO:1901617
GO:0032343 -[is_a]-> GO:0006712
GO:0032343 -[is_a]-> GO:0008208
GO:0032343 -[is_a]-> GO:0032341
GO:0032343 -[is_a]-> GO:0042182
GO:0032343 -[is_a]-> GO:0046185
GO:0032343 -[is_a]-> GO:1901616
GO:0032344 -[is_a]-> GO:0010565
GO:0032344 -[is_a]-> GO:0019218
GO:0032344 -[is_a]-> GO:0032350
GO:0032344 -[regulates]-> GO:0032341
GO:0032345 -[is_a]-> GO:0031324
GO:0032345 -[is_a]-> GO:0032344
GO:0032345 -[is_a]-> GO:0032351
GO:0032345 -[is_a]-> GO:0045939
GO:0032345 -[negatively_regulates]-> GO:0032341
GO:0032346 -[is_a]-> GO:0031325
GO:0032346 -[is_a]-> GO:0032344
GO:0032346 -[is_a]-> GO:0032352
GO:0032346 -[is_a]-> GO:0045940
GO:0032346 -[positively_regulates]-> GO:0032341
GO:0032347 -[is_a]-> GO:0010566
GO:0032347 -[is_a]-> GO:0032344
GO:0032347 -[is_a]-> GO:0090030
GO:0032347 -[regulates]-> GO:0032342
GO:0032348 -[is_a]-> GO:0032345
GO:0032348 -[is_a]-> GO:0032347
GO:0032348 -[is_a]-> GO:0090032
GO:0032348 -[negatively_regulates]-> GO:0032342
GO:0032349 -[is_a]-> GO:0032346
GO:0032349 -[is_a]-> GO:0032347
GO:0032349 -[is_a]-> GO:0090031
GO:0032349 -[positively_regulates]-> GO:0032342
GO:0032350 -[is_a]-> GO:0010817
GO:0032350 -[is_a]-> GO:0019222
GO:0032350 -[regulates]-> GO:0042445
GO:0032351 -[is_a]-> GO:0009892
GO:0032351 -[is_a]-> GO:0032350
GO:0032351 -[negatively_regulates]-> GO:0042445
GO:0032352 -[is_a]-> GO:0009893
GO:0032352 -[is_a]-> GO:0032350
GO:0032352 -[positively_regulates]-> GO:0042445
GO:0032353 -[is_a]-> GO:0031327
GO:0032353 -[is_a]-> GO:0032351
GO:0032353 -[is_a]-> GO:0046885
GO:0032353 -[negatively_regulates]-> GO:0042446
GO:0032354 -[is_a]-> GO:0034698
GO:0032355 -[is_a]-> GO:0014070
GO:0032355 -[is_a]-> GO:0033993
GO:0032355 -[is_a]-> GO:1901700
GO:0032356 -[is_a]-> GO:0003684
GO:0032357 -[is_a]-> GO:0032356
GO:0032358 -[is_a]-> GO:0032356
GO:0032359 -[is_a]-> GO:0019046
GO:0032361 -[is_a]-> GO:0042822
GO:0032361 -[is_a]-> GO:0051187
GO:0032361 -[is_a]-> GO:1901575
GO:0032363 -[is_a]-> GO:0009109
GO:0032363 -[is_a]-> GO:0009158
GO:0032363 -[is_a]-> GO:0009261
GO:0032363 -[is_a]-> GO:0042728
GO:0032363 -[is_a]-> GO:0046444
GO:0032364 -[is_a]-> GO:0033483
GO:0032365 -[is_a]-> GO:0006869
GO:0032365 -[is_a]-> GO:1902582
GO:0032365 -[occurs_in]-> GO:0005622
GO:0032366 -[is_a]-> GO:0015918
GO:0032366 -[is_a]-> GO:0032365
GO:0032366 -[occurs_in]-> GO:0005622
GO:0032367 -[is_a]-> GO:0030301
GO:0032367 -[is_a]-> GO:0032366
GO:0032367 -[occurs_in]-> GO:0005622
GO:0032368 -[is_a]-> GO:0051049
GO:0032368 -[regulates]-> GO:0006869
GO:0032369 -[is_a]-> GO:0032368
GO:0032369 -[is_a]-> GO:0051051
GO:0032369 -[negatively_regulates]-> GO:0006869
GO:0032370 -[is_a]-> GO:0032368
GO:0032370 -[is_a]-> GO:0051050
GO:0032370 -[positively_regulates]-> GO:0006869
GO:0032371 -[is_a]-> GO:0032368
GO:0032371 -[regulates]-> GO:0015918
GO:0032372 -[is_a]-> GO:0032369
GO:0032372 -[is_a]-> GO:0032371
GO:0032372 -[negatively_regulates]-> GO:0015918
GO:0032373 -[is_a]-> GO:0032370
GO:0032373 -[is_a]-> GO:0032371
GO:0032373 -[positively_regulates]-> GO:0015918
GO:0032374 -[is_a]-> GO:0032371
GO:0032374 -[regulates]-> GO:0030301
GO:0032375 -[is_a]-> GO:0032372
GO:0032375 -[is_a]-> GO:0032374
GO:0032375 -[negatively_regulates]-> GO:0030301
GO:0032376 -[is_a]-> GO:0032373
GO:0032376 -[is_a]-> GO:0032374
GO:0032376 -[positively_regulates]-> GO:0030301
GO:0032377 -[is_a]-> GO:0032368
GO:0032377 -[is_a]-> GO:0032386
GO:0032377 -[regulates]-> GO:0032365
GO:0032378 -[is_a]-> GO:0032369
GO:0032378 -[is_a]-> GO:0032377
GO:0032378 -[is_a]-> GO:0032387
GO:0032378 -[negatively_regulates]-> GO:0032365
GO:0032379 -[is_a]-> GO:0032370
GO:0032379 -[is_a]-> GO:0032377
GO:0032379 -[is_a]-> GO:0032388
GO:0032379 -[positively_regulates]-> GO:0032365
GO:0032380 -[is_a]-> GO:0032371
GO:0032380 -[is_a]-> GO:0032377
GO:0032380 -[regulates]-> GO:0032366
GO:0032381 -[is_a]-> GO:0032372
GO:0032381 -[is_a]-> GO:0032378
GO:0032381 -[is_a]-> GO:0032380
GO:0032381 -[negatively_regulates]-> GO:0032366
GO:0032382 -[is_a]-> GO:0032373
GO:0032382 -[is_a]-> GO:0032379
GO:0032382 -[is_a]-> GO:0032380
GO:0032382 -[positively_regulates]-> GO:0032366
GO:0032383 -[is_a]-> GO:0032374
GO:0032383 -[is_a]-> GO:0032380
GO:0032383 -[regulates]-> GO:0032367
GO:0032384 -[is_a]-> GO:0032375
GO:0032384 -[is_a]-> GO:0032381
GO:0032384 -[is_a]-> GO:0032383
GO:0032384 -[negatively_regulates]-> GO:0032367
GO:0032385 -[is_a]-> GO:0032376
GO:0032385 -[is_a]-> GO:0032382
GO:0032385 -[is_a]-> GO:0032383
GO:0032385 -[positively_regulates]-> GO:0032367
GO:0032386 -[is_a]-> GO:0051049
GO:0032386 -[is_a]-> GO:0060341
GO:0032386 -[regulates]-> GO:0046907
GO:0032387 -[is_a]-> GO:0032386
GO:0032387 -[is_a]-> GO:0051051
GO:0032387 -[negatively_regulates]-> GO:0046907
GO:0032388 -[is_a]-> GO:0032386
GO:0032388 -[is_a]-> GO:0051050
GO:0032388 -[positively_regulates]-> GO:0046907
GO:0032389 -[is_a]-> GO:0032300
GO:0032389 -[is_a]-> GO:0044428
GO:0032390 -[is_a]-> GO:0032300
GO:0032390 -[is_a]-> GO:0044428
GO:0032391 -[is_a]-> GO:0035869
GO:0032391 -[is_a]-> GO:0097458
GO:0032391 -[part_of]-> GO:0097733
GO:0032392 -[is_a]-> GO:0071103
GO:0032393 -[is_a]-> GO:0004888
GO:0032393 -[has_part]-> GO:0042288
GO:0032394 -[is_a]-> GO:0004888
GO:0032394 -[has_part]-> GO:0023029
GO:0032395 -[is_a]-> GO:0004888
GO:0032395 -[has_part]-> GO:0042289
GO:0032396 -[is_a]-> GO:0032393
GO:0032397 -[is_a]-> GO:0032393
GO:0032398 -[is_a]-> GO:0042611
GO:0032399 -[is_a]-> GO:0019904
GO:0032400 -[is_a]-> GO:0051875
GO:0032401 -[is_a]-> GO:0051905
GO:0032401 -[part_of]-> GO:0032400
GO:0032402 -[is_a]-> GO:0032400
GO:0032402 -[is_a]-> GO:0032401
GO:0032402 -[is_a]-> GO:0051904
GO:0032403 -[is_a]-> GO:0005515
GO:0032403 -[is_a]-> GO:0044877
GO:0032404 -[is_a]-> GO:0032403
GO:0032405 -[is_a]-> GO:0032404
GO:0032406 -[is_a]-> GO:0032404
GO:0032407 -[is_a]-> GO:0032404
GO:0032408 -[is_a]-> GO:0032404
GO:0032409 -[is_a]-> GO:0051049
GO:0032409 -[is_a]-> GO:0065009
GO:0032409 -[regulates]-> GO:0005215
GO:0032410 -[is_a]-> GO:0032409
GO:0032410 -[is_a]-> GO:0044092
GO:0032410 -[is_a]-> GO:0051051
GO:0032410 -[negatively_regulates]-> GO:0005215
GO:0032411 -[is_a]-> GO:0032409
GO:0032411 -[is_a]-> GO:0044093
GO:0032411 -[is_a]-> GO:0051050
GO:0032411 -[positively_regulates]-> GO:0005215
GO:0032412 -[is_a]-> GO:0022898
GO:0032412 -[is_a]-> GO:0034765
GO:0032412 -[regulates]-> GO:0015075
GO:0032413 -[is_a]-> GO:0032410
GO:0032413 -[is_a]-> GO:0032412
GO:0032413 -[is_a]-> GO:0034766
GO:0032413 -[negatively_regulates]-> GO:0015075
GO:0032414 -[is_a]-> GO:0032411
GO:0032414 -[is_a]-> GO:0032412
GO:0032414 -[is_a]-> GO:0034767
GO:0032414 -[positively_regulates]-> GO:0015075
GO:0032415 -[is_a]-> GO:0010155
GO:0032415 -[is_a]-> GO:2000649
GO:0032415 -[regulates]-> GO:0015385
GO:0032416 -[is_a]-> GO:0032415
GO:0032416 -[is_a]-> GO:2000650
GO:0032416 -[negatively_regulates]-> GO:0015385
GO:0032417 -[is_a]-> GO:0032415
GO:0032417 -[is_a]-> GO:2000651
GO:0032417 -[positively_regulates]-> GO:0015385
GO:0032418 -[is_a]-> GO:0051640
GO:0032419 -[is_a]-> GO:0000306
GO:0032419 -[part_of]-> GO:0005765
GO:0032420 -[is_a]-> GO:0044422
GO:0032420 -[is_a]-> GO:0097458
GO:0032420 -[is_a]-> GO:0098858
GO:0032420 -[part_of]-> GO:0032421
GO:0032421 -[is_a]-> GO:0097458
GO:0032421 -[is_a]-> GO:0098862
GO:0032421 -[has_part]-> GO:0032420
GO:0032422 -[is_a]-> GO:0044212
GO:0032422 -[is_a]-> GO:1990837
GO:0032423 -[is_a]-> GO:0006282
GO:0032423 -[regulates]-> GO:0006298
GO:0032424 -[is_a]-> GO:0032423
GO:0032424 -[is_a]-> GO:0045738
GO:0032424 -[negatively_regulates]-> GO:0006298
GO:0032425 -[is_a]-> GO:0032423
GO:0032425 -[is_a]-> GO:0045739
GO:0032425 -[positively_regulates]-> GO:0006298
GO:0032426 -[is_a]-> GO:0044422
GO:0032426 -[is_a]-> GO:0044463
GO:0032426 -[is_a]-> GO:0097458
GO:0032426 -[part_of]-> GO:0032420
GO:0032427 -[is_a]-> GO:0019904
GO:0032428 -[is_a]-> GO:0004563
GO:0032429 -[is_a]-> GO:0010517
GO:0032429 -[regulates]-> GO:0004623
GO:0032430 -[is_a]-> GO:0010518
GO:0032430 -[is_a]-> GO:0032429
GO:0032430 -[positively_regulates]-> GO:0004623
GO:0032431 -[is_a]-> GO:0032430
GO:0032432 -[is_a]-> GO:0044430
GO:0032432 -[has_part]-> GO:0005884
GO:0032432 -[part_of]-> GO:0015629
GO:0032433 -[is_a]-> GO:0044463
GO:0032433 -[part_of]-> GO:0030175
GO:0032434 -[is_a]-> GO:0061136
GO:0032434 -[regulates]-> GO:0043161
GO:0032435 -[is_a]-> GO:0032434
GO:0032435 -[is_a]-> GO:1901799
GO:0032435 -[negatively_regulates]-> GO:0043161
GO:0032436 -[is_a]-> GO:0032434
GO:0032436 -[is_a]-> GO:1901800
GO:0032436 -[positively_regulates]-> GO:0043161
GO:0032437 -[is_a]-> GO:0044430
GO:0032437 -[is_a]-> GO:0044448
GO:0032437 -[is_a]-> GO:0097458
GO:0032437 -[part_of]-> GO:0030864
GO:0032438 -[is_a]-> GO:0048753
GO:0032439 -[is_a]-> GO:0051648
GO:0032440 -[is_a]-> GO:0016628
GO:0032441 -[is_a]-> GO:0016730
GO:0032442 -[is_a]-> GO:0016616
GO:0032443 -[is_a]-> GO:0031326
GO:0032443 -[is_a]-> GO:0050810
GO:0032443 -[is_a]-> GO:1902930
GO:0032443 -[regulates]-> GO:0006696
GO:0032444 -[is_a]-> GO:0090575
GO:0032445 -[is_a]-> GO:0015755
GO:0032446 -[is_a]-> GO:0070647
GO:0032447 -[is_a]-> GO:0032446
GO:0032448 -[is_a]-> GO:0000217
GO:0032449 -[is_a]-> GO:0043234
GO:0032449 -[is_a]-> GO:0044444
GO:0032450 -[is_a]-> GO:0090599
GO:0032450 -[part_of]-> GO:0000023
GO:0032451 -[is_a]-> GO:0003824
GO:0032451 -[part_of]-> GO:0070988
GO:0032452 -[is_a]-> GO:0032451
GO:0032452 -[part_of]-> GO:0016577
GO:0032453 -[is_a]-> GO:0032452
GO:0032453 -[part_of]-> GO:0034720
GO:0032454 -[is_a]-> GO:0032452
GO:0032454 -[part_of]-> GO:0033169
GO:0032455 -[is_a]-> GO:0016486
GO:0032456 -[is_a]-> GO:0016192
GO:0032456 -[is_a]-> GO:0016197
GO:0032457 -[is_a]-> GO:0032456
GO:0032458 -[is_a]-> GO:0032456
GO:0032459 -[is_a]-> GO:0043254
GO:0032459 -[regulates]-> GO:0051259
GO:0032460 -[is_a]-> GO:0031333
GO:0032460 -[is_a]-> GO:0032459
GO:0032460 -[negatively_regulates]-> GO:0051259
GO:0032461 -[is_a]-> GO:0031334
GO:0032461 -[is_a]-> GO:0032459
GO:0032461 -[positively_regulates]-> GO:0051259
GO:0032462 -[is_a]-> GO:0032459
GO:0032462 -[regulates]-> GO:0051260
GO:0032463 -[is_a]-> GO:0032460
GO:0032463 -[is_a]-> GO:0032462
GO:0032463 -[negatively_regulates]-> GO:0051260
GO:0032464 -[is_a]-> GO:0032461
GO:0032464 -[is_a]-> GO:0032462
GO:0032464 -[positively_regulates]-> GO:0051260
GO:0032465 -[is_a]-> GO:0010564
GO:0032465 -[is_a]-> GO:0051302
GO:0032465 -[regulates]-> GO:0000910
GO:0032466 -[is_a]-> GO:0010948
GO:0032466 -[is_a]-> GO:0032465
GO:0032466 -[is_a]-> GO:0051782
GO:0032466 -[negatively_regulates]-> GO:0000910
GO:0032467 -[is_a]-> GO:0032465
GO:0032467 -[is_a]-> GO:0051781
GO:0032467 -[is_a]-> GO:0090068
GO:0032467 -[positively_regulates]-> GO:0000910
GO:0032468 -[is_a]-> GO:0006874
GO:0032468 -[occurs_in]-> GO:0005794
GO:0032469 -[is_a]-> GO:0006874
GO:0032469 -[occurs_in]-> GO:0005783
GO:0032470 -[is_a]-> GO:0032469
GO:0032471 -[is_a]-> GO:0032469
GO:0032472 -[is_a]-> GO:0006816
GO:0032473 -[is_a]-> GO:0044455
GO:0032473 -[is_a]-> GO:0098562
GO:0032473 -[part_of]-> GO:0005741
GO:0032474 -[is_a]-> GO:0048598
GO:0032474 -[part_of]-> GO:0042472
GO:0032474 -[part_of]-> GO:0048840
GO:0032475 -[is_a]-> GO:0044767
GO:0032475 -[is_a]-> GO:0048646
GO:0032475 -[part_of]-> GO:0032474
GO:0032476 -[is_a]-> GO:1990234
GO:0032477 -[is_a]-> GO:0032476
GO:0032477 -[is_a]-> GO:0044444
GO:0032478 -[is_a]-> GO:0032476
GO:0032478 -[is_a]-> GO:0044455
GO:0032478 -[part_of]-> GO:0005743
GO:0032479 -[is_a]-> GO:0001817
GO:0032479 -[regulates]-> GO:0032606
GO:0032480 -[is_a]-> GO:0001818
GO:0032480 -[is_a]-> GO:0032479
GO:0032480 -[negatively_regulates]-> GO:0032606
GO:0032481 -[is_a]-> GO:0001819
GO:0032481 -[is_a]-> GO:0032479
GO:0032481 -[positively_regulates]-> GO:0032606
GO:0032482 -[is_a]-> GO:0007265
GO:0032483 -[is_a]-> GO:0046578
GO:0032483 -[regulates]-> GO:0032482
GO:0032484 -[is_a]-> GO:0007265
GO:0032485 -[is_a]-> GO:0046578
GO:0032485 -[regulates]-> GO:0032484
GO:0032486 -[is_a]-> GO:0007265
GO:0032487 -[is_a]-> GO:0046578
GO:0032487 -[regulates]-> GO:0032486
GO:0032488 -[is_a]-> GO:0007266
GO:0032489 -[is_a]-> GO:0035023
GO:0032489 -[regulates]-> GO:0032488
GO:0032490 -[is_a]-> GO:0002237
GO:0032490 -[is_a]-> GO:0009593
GO:0032490 -[is_a]-> GO:0098581
GO:0032491 -[is_a]-> GO:0002238
GO:0032491 -[is_a]-> GO:0009593
GO:0032491 -[is_a]-> GO:0098581
GO:0032492 -[is_a]-> GO:0002240
GO:0032492 -[is_a]-> GO:0009593
GO:0032492 -[is_a]-> GO:0098581
GO:0032493 -[is_a]-> GO:0002237
GO:0032494 -[is_a]-> GO:0002237
GO:0032494 -[is_a]-> GO:0010243
GO:0032494 -[is_a]-> GO:1901700
GO:0032495 -[is_a]-> GO:1901652
GO:0032496 -[is_a]-> GO:0002237
GO:0032496 -[is_a]-> GO:0033993
GO:0032496 -[is_a]-> GO:1901700
GO:0032497 -[is_a]-> GO:0032490
GO:0032497 -[is_a]-> GO:0032496
GO:0032498 -[is_a]-> GO:0032495
GO:0032498 -[is_a]-> GO:0032499
GO:0032499 -[is_a]-> GO:0032490
GO:0032499 -[is_a]-> GO:0032494
GO:0032500 -[is_a]-> GO:0042277
GO:0032500 -[is_a]-> GO:0097367
GO:0032501 -[is_a]-> GO:0008150
GO:0032502 -[is_a]-> GO:0008150
GO:0032504 -[is_a]-> GO:0000003
GO:0032504 -[is_a]-> GO:0032501
GO:0032505 -[is_a]-> GO:0000003
GO:0032506 -[is_a]-> GO:0022402
GO:0032506 -[part_of]-> GO:0000910
GO:0032507 -[is_a]-> GO:0045185
GO:0032507 -[is_a]-> GO:0051651
GO:0032507 -[occurs_in]-> GO:0005623
GO:0032507 -[part_of]-> GO:0034613
GO:0032508 -[is_a]-> GO:0032392
GO:0032509 -[is_a]-> GO:0016197
GO:0032509 -[has_part]-> GO:0071985
GO:0032510 -[is_a]-> GO:0008333
GO:0032510 -[is_a]-> GO:0032509
GO:0032511 -[is_a]-> GO:0032509
GO:0032511 -[is_a]-> GO:0045324
GO:0032512 -[is_a]-> GO:0043666
GO:0032513 -[is_a]-> GO:0032512
GO:0032513 -[is_a]-> GO:0032515
GO:0032514 -[is_a]-> GO:0032512
GO:0032514 -[is_a]-> GO:0032516
GO:0032515 -[is_a]-> GO:0010923
GO:0032515 -[is_a]-> GO:0035308
GO:0032515 -[is_a]-> GO:0043666
GO:0032515 -[negatively_regulates]-> GO:0004721
GO:0032516 -[is_a]-> GO:0010922
GO:0032516 -[is_a]-> GO:0035307
GO:0032516 -[is_a]-> GO:0043666
GO:0032516 -[positively_regulates]-> GO:0004721
GO:0032517 -[is_a]-> GO:0043234
GO:0032517 -[is_a]-> GO:0044424
GO:0032518 -[is_a]-> GO:0015424
GO:0032519 -[is_a]-> GO:0032518
GO:0032519 -[is_a]-> GO:0033230
GO:0032519 -[part_of]-> GO:0033228
GO:0032520 -[is_a]-> GO:0015424
GO:0032521 -[is_a]-> GO:0032518
GO:0032521 -[is_a]-> GO:0033232
GO:0032522 -[is_a]-> GO:0032520
GO:0032522 -[is_a]-> GO:0033232
GO:0032523 -[is_a]-> GO:0008324
GO:0032523 -[is_a]-> GO:0015562
GO:0032525 -[is_a]-> GO:0000578
GO:0032525 -[is_a]-> GO:0009948
GO:0032525 -[part_of]-> GO:0001756
GO:0032526 -[is_a]-> GO:0001101
GO:0032526 -[is_a]-> GO:0033993
GO:0032526 -[is_a]-> GO:1901700
GO:0032527 -[is_a]-> GO:0006886
GO:0032527 -[occurs_in]-> GO:0005737
GO:0032528 -[is_a]-> GO:0030030
GO:0032529 -[is_a]-> GO:0032528
GO:0032530 -[is_a]-> GO:0031344
GO:0032530 -[regulates]-> GO:0032528
GO:0032531 -[is_a]-> GO:0032530
GO:0032531 -[regulates]-> GO:0032529
GO:0032532 -[is_a]-> GO:0032530
GO:0032532 -[is_a]-> GO:0032536
GO:0032533 -[is_a]-> GO:0008361
GO:0032533 -[is_a]-> GO:0032531
GO:0032533 -[is_a]-> GO:0032532
GO:0032534 -[is_a]-> GO:0032530
GO:0032534 -[is_a]-> GO:0060491
GO:0032534 -[regulates]-> GO:0030033
GO:0032535 -[is_a]-> GO:0016043
GO:0032535 -[is_a]-> GO:0044763
GO:0032535 -[is_a]-> GO:0090066
GO:0032536 -[is_a]-> GO:0032535
GO:0032537 -[is_a]-> GO:0044708
GO:0032538 -[is_a]-> GO:0050795
GO:0032538 -[regulates]-> GO:0032537
GO:0032539 -[is_a]-> GO:0032538
GO:0032539 -[is_a]-> GO:0048521
GO:0032539 -[negatively_regulates]-> GO:0032537
GO:0032540 -[is_a]-> GO:0032538
GO:0032540 -[is_a]-> GO:0048520
GO:0032540 -[positively_regulates]-> GO:0032537
GO:0032541 -[is_a]-> GO:0044448
GO:0032541 -[is_a]-> GO:0071782
GO:0032541 -[part_of]-> GO:0005938
GO:0032542 -[is_a]-> GO:0016209
GO:0032542 -[is_a]-> GO:0016667
GO:0032543 -[is_a]-> GO:0006412
GO:0032543 -[is_a]-> GO:0007005
GO:0032543 -[occurs_in]-> GO:0005739
GO:0032544 -[is_a]-> GO:0006412
GO:0032544 -[is_a]-> GO:0009657
GO:0032544 -[occurs_in]-> GO:0009536
GO:0032545 -[is_a]-> GO:0043234
GO:0032545 -[is_a]-> GO:0044428
GO:0032546 -[is_a]-> GO:0001882
GO:0032547 -[is_a]-> GO:0001883
GO:0032547 -[is_a]-> GO:0032546
GO:0032548 -[is_a]-> GO:0001884
GO:0032548 -[is_a]-> GO:0032546
GO:0032549 -[is_a]-> GO:0001882
GO:0032550 -[is_a]-> GO:0001883
GO:0032550 -[is_a]-> GO:0032549
GO:0032551 -[is_a]-> GO:0001884
GO:0032551 -[is_a]-> GO:0032549
GO:0032552 -[is_a]-> GO:0000166
GO:0032552 -[is_a]-> GO:0097367
GO:0032553 -[is_a]-> GO:0000166
GO:0032553 -[is_a]-> GO:0097367
GO:0032554 -[is_a]-> GO:0017076
GO:0032554 -[is_a]-> GO:0032552
GO:0032555 -[is_a]-> GO:0017076
GO:0032555 -[is_a]-> GO:0032553
GO:0032556 -[is_a]-> GO:0019103
GO:0032556 -[is_a]-> GO:0032552
GO:0032557 -[is_a]-> GO:0019103
GO:0032557 -[is_a]-> GO:0032553
GO:0032558 -[is_a]-> GO:0030554
GO:0032558 -[is_a]-> GO:0032554
GO:0032559 -[is_a]-> GO:0030554
GO:0032559 -[is_a]-> GO:0032555
GO:0032560 -[is_a]-> GO:0019001
GO:0032560 -[is_a]-> GO:0032554
GO:0032561 -[is_a]-> GO:0019001
GO:0032561 -[is_a]-> GO:0032555
GO:0032562 -[is_a]-> GO:0032558
GO:0032563 -[is_a]-> GO:0032558
GO:0032564 -[is_a]-> GO:0032558
GO:0032565 -[is_a]-> GO:0032560
GO:0032566 -[is_a]-> GO:0032560
GO:0032567 -[is_a]-> GO:0032560
GO:0032570 -[is_a]-> GO:0048545
GO:0032570 -[is_a]-> GO:1901654
GO:0032571 -[is_a]-> GO:0033273
GO:0032571 -[is_a]-> GO:1901654
GO:0032572 -[is_a]-> GO:1901654
GO:0032573 -[is_a]-> GO:1901654
GO:0032574 -[is_a]-> GO:0003724
GO:0032575 -[is_a]-> GO:0004004
GO:0032575 -[is_a]-> GO:0032574
GO:0032576 -[is_a]-> GO:0008374
GO:0032577 -[is_a]-> GO:0032576
GO:0032578 -[is_a]-> GO:0030659
GO:0032578 -[is_a]-> GO:0098588
GO:0032578 -[is_a]-> GO:0098805
GO:0032578 -[part_of]-> GO:0033095
GO:0032579 -[is_a]-> GO:0044420
GO:0032579 -[part_of]-> GO:0033166
GO:0032580 -[is_a]-> GO:0000139
GO:0032580 -[part_of]-> GO:0031985
GO:0032581 -[is_a]-> GO:0007031
GO:0032584 -[is_a]-> GO:0044459
GO:0032584 -[is_a]-> GO:0044463
GO:0032584 -[is_a]-> GO:0097458
GO:0032584 -[part_of]-> GO:0030426
GO:0032585 -[is_a]-> GO:0031902
GO:0032585 -[part_of]-> GO:0005771
GO:0032586 -[is_a]-> GO:0009705
GO:0032587 -[is_a]-> GO:0031253
GO:0032587 -[is_a]-> GO:0031256
GO:0032587 -[part_of]-> GO:0001726
GO:0032588 -[is_a]-> GO:0000139
GO:0032588 -[part_of]-> GO:0005802
GO:0032589 -[is_a]-> GO:0031253
GO:0032589 -[is_a]-> GO:0031256
GO:0032589 -[is_a]-> GO:0097458
GO:0032589 -[part_of]-> GO:0043005
GO:0032590 -[is_a]-> GO:0032589
GO:0032591 -[is_a]-> GO:0032589
GO:0032591 -[is_a]-> GO:0097060
GO:0032591 -[part_of]-> GO:0032590
GO:0032592 -[is_a]-> GO:0031301
GO:0032592 -[is_a]-> GO:0098573
GO:0032592 -[part_of]-> GO:0031966
GO:0032593 -[is_a]-> GO:0030141
GO:0032594 -[is_a]-> GO:0006886
GO:0032594 -[is_a]-> GO:0044802
GO:0032594 -[is_a]-> GO:0051668
GO:0032594 -[is_a]-> GO:1902582
GO:0032594 -[occurs_in]-> GO:0016020
GO:0032595 -[is_a]-> GO:0032594
GO:0032596 -[is_a]-> GO:0032594
GO:0032596 -[is_a]-> GO:0090150
GO:0032596 -[is_a]-> GO:1903044
GO:0032597 -[is_a]-> GO:0032595
GO:0032597 -[is_a]-> GO:0032596
GO:0032598 -[is_a]-> GO:0032597
GO:0032599 -[is_a]-> GO:0032594
GO:0032600 -[is_a]-> GO:0032599
GO:0032600 -[is_a]-> GO:0033606
GO:0032601 -[is_a]-> GO:0001816
GO:0032602 -[is_a]-> GO:0001816
GO:0032603 -[is_a]-> GO:0032602
GO:0032604 -[is_a]-> GO:0001816
GO:0032605 -[is_a]-> GO:0001816
GO:0032606 -[is_a]-> GO:0001816
GO:0032607 -[is_a]-> GO:0032606
GO:0032608 -[is_a]-> GO:0032606
GO:0032609 -[is_a]-> GO:0001816
GO:0032610 -[is_a]-> GO:0032612
GO:0032611 -[is_a]-> GO:0032612
GO:0032612 -[is_a]-> GO:0001816
GO:0032613 -[is_a]-> GO:0001816
GO:0032614 -[is_a]-> GO:0001816
GO:0032615 -[is_a]-> GO:0001816
GO:0032616 -[is_a]-> GO:0001816
GO:0032617 -[is_a]-> GO:0001816
GO:0032618 -[is_a]-> GO:0001816
GO:0032619 -[is_a]-> GO:0001816
GO:0032620 -[is_a]-> GO:0001816
GO:0032621 -[is_a]-> GO:0001816
GO:0032622 -[is_a]-> GO:0001816
GO:0032623 -[is_a]-> GO:0001816
GO:0032624 -[is_a]-> GO:0001816
GO:0032625 -[is_a]-> GO:0001816
GO:0032626 -[is_a]-> GO:0001816
GO:0032627 -[is_a]-> GO:0001816
GO:0032628 -[is_a]-> GO:0001816
GO:0032629 -[is_a]-> GO:0001816
GO:0032630 -[is_a]-> GO:0001816
GO:0032631 -[is_a]-> GO:0001816
GO:0032632 -[is_a]-> GO:0001816
GO:0032633 -[is_a]-> GO:0001816
GO:0032634 -[is_a]-> GO:0001816
GO:0032635 -[is_a]-> GO:0001816
GO:0032636 -[is_a]-> GO:0001816
GO:0032637 -[is_a]-> GO:0001816
GO:0032638 -[is_a]-> GO:0001816
GO:0032639 -[is_a]-> GO:0071706
GO:0032640 -[is_a]-> GO:0071706
GO:0032641 -[is_a]-> GO:0071706
GO:0032642 -[is_a]-> GO:0001817
GO:0032642 -[regulates]-> GO:0032602
GO:0032643 -[is_a]-> GO:0001817
GO:0032643 -[regulates]-> GO:0032601
GO:0032644 -[is_a]-> GO:0032642
GO:0032644 -[regulates]-> GO:0032603
GO:0032645 -[is_a]-> GO:0001817
GO:0032645 -[regulates]-> GO:0032604
GO:0032646 -[is_a]-> GO:0001817
GO:0032646 -[regulates]-> GO:0032605
GO:0032647 -[is_a]-> GO:0032479
GO:0032647 -[regulates]-> GO:0032607
GO:0032648 -[is_a]-> GO:0032479
GO:0032648 -[regulates]-> GO:0032608
GO:0032649 -[is_a]-> GO:0001817
GO:0032649 -[regulates]-> GO:0032609
GO:0032650 -[is_a]-> GO:0032652
GO:0032650 -[regulates]-> GO:0032610
GO:0032651 -[is_a]-> GO:0032652
GO:0032651 -[regulates]-> GO:0032611
GO:0032652 -[is_a]-> GO:0001817
GO:0032652 -[regulates]-> GO:0032612
GO:0032653 -[is_a]-> GO:0001817
GO:0032653 -[regulates]-> GO:0032613
GO:0032654 -[is_a]-> GO:0001817
GO:0032654 -[regulates]-> GO:0032614
GO:0032655 -[is_a]-> GO:0001817
GO:0032655 -[regulates]-> GO:0032615
GO:0032656 -[is_a]-> GO:0001817
GO:0032656 -[regulates]-> GO:0032616
GO:0032657 -[is_a]-> GO:0001817
GO:0032657 -[regulates]-> GO:0032617
GO:0032658 -[is_a]-> GO:0001817
GO:0032658 -[regulates]-> GO:0032618
GO:0032659 -[is_a]-> GO:0001817
GO:0032659 -[regulates]-> GO:0032619
GO:0032660 -[is_a]-> GO:0001817
GO:0032660 -[regulates]-> GO:0032620
GO:0032661 -[is_a]-> GO:0001817
GO:0032661 -[regulates]-> GO:0032621
GO:0032662 -[is_a]-> GO:0001817
GO:0032662 -[regulates]-> GO:0032622
GO:0032663 -[is_a]-> GO:0001817
GO:0032663 -[regulates]-> GO:0032623
GO:0032664 -[is_a]-> GO:0001817
GO:0032664 -[regulates]-> GO:0032624
GO:0032665 -[is_a]-> GO:0001817
GO:0032665 -[regulates]-> GO:0032625
GO:0032666 -[is_a]-> GO:0001817
GO:0032666 -[regulates]-> GO:0032626
GO:0032667 -[is_a]-> GO:0001817
GO:0032667 -[regulates]-> GO:0032627
GO:0032668 -[is_a]-> GO:0001817
GO:0032668 -[regulates]-> GO:0032628
GO:0032669 -[is_a]-> GO:0001817
GO:0032669 -[regulates]-> GO:0032629
GO:0032670 -[is_a]-> GO:0001817
GO:0032670 -[regulates]-> GO:0032630
GO:0032671 -[is_a]-> GO:0001817
GO:0032671 -[regulates]-> GO:0032631
GO:0032672 -[is_a]-> GO:0001817
GO:0032672 -[regulates]-> GO:0032632
GO:0032673 -[is_a]-> GO:0001817
GO:0032673 -[regulates]-> GO:0032633
GO:0032674 -[is_a]-> GO:0001817
GO:0032674 -[regulates]-> GO:0032634
GO:0032675 -[is_a]-> GO:0001817
GO:0032675 -[regulates]-> GO:0032635
GO:0032676 -[is_a]-> GO:0001817
GO:0032676 -[regulates]-> GO:0032636
GO:0032677 -[is_a]-> GO:0001817
GO:0032677 -[regulates]-> GO:0032637
GO:0032678 -[is_a]-> GO:0001817
GO:0032678 -[regulates]-> GO:0032638
GO:0032679 -[is_a]-> GO:1903555
GO:0032679 -[regulates]-> GO:0032639
GO:0032680 -[is_a]-> GO:1903555
GO:0032680 -[regulates]-> GO:0032640
GO:0032681 -[is_a]-> GO:1903555
GO:0032681 -[regulates]-> GO:0032641
GO:0032682 -[is_a]-> GO:0001818
GO:0032682 -[is_a]-> GO:0032642
GO:0032682 -[negatively_regulates]-> GO:0032602
GO:0032683 -[is_a]-> GO:0001818
GO:0032683 -[is_a]-> GO:0032643
GO:0032683 -[negatively_regulates]-> GO:0032601
GO:0032684 -[is_a]-> GO:0032644
GO:0032684 -[is_a]-> GO:0032682
GO:0032684 -[negatively_regulates]-> GO:0032603
GO:0032685 -[is_a]-> GO:0001818
GO:0032685 -[is_a]-> GO:0032645
GO:0032685 -[negatively_regulates]-> GO:0032604
GO:0032686 -[is_a]-> GO:0001818
GO:0032686 -[is_a]-> GO:0032646
GO:0032686 -[negatively_regulates]-> GO:0032605
GO:0032687 -[is_a]-> GO:0032480
GO:0032687 -[is_a]-> GO:0032647
GO:0032687 -[negatively_regulates]-> GO:0032607
GO:0032688 -[is_a]-> GO:0032480
GO:0032688 -[is_a]-> GO:0032648
GO:0032688 -[negatively_regulates]-> GO:0032608
GO:0032689 -[is_a]-> GO:0001818
GO:0032689 -[is_a]-> GO:0032649
GO:0032689 -[negatively_regulates]-> GO:0032609
GO:0032690 -[is_a]-> GO:0032650
GO:0032690 -[is_a]-> GO:0032692
GO:0032690 -[negatively_regulates]-> GO:0032610
GO:0032691 -[is_a]-> GO:0032651
GO:0032691 -[is_a]-> GO:0032692
GO:0032691 -[negatively_regulates]-> GO:0032611
GO:0032692 -[is_a]-> GO:0001818
GO:0032692 -[is_a]-> GO:0032652
GO:0032692 -[negatively_regulates]-> GO:0032612
GO:0032693 -[is_a]-> GO:0001818
GO:0032693 -[is_a]-> GO:0032653
GO:0032693 -[negatively_regulates]-> GO:0032613
GO:0032694 -[is_a]-> GO:0001818
GO:0032694 -[is_a]-> GO:0032654
GO:0032694 -[negatively_regulates]-> GO:0032614
GO:0032695 -[is_a]-> GO:0001818
GO:0032695 -[is_a]-> GO:0032655
GO:0032695 -[negatively_regulates]-> GO:0032615
GO:0032696 -[is_a]-> GO:0001818
GO:0032696 -[is_a]-> GO:0032656
GO:0032696 -[negatively_regulates]-> GO:0032616
GO:0032697 -[is_a]-> GO:0001818
GO:0032697 -[is_a]-> GO:0032657
GO:0032697 -[negatively_regulates]-> GO:0032617
GO:0032698 -[is_a]-> GO:0001818
GO:0032698 -[is_a]-> GO:0032658
GO:0032698 -[negatively_regulates]-> GO:0032618
GO:0032699 -[is_a]-> GO:0001818
GO:0032699 -[is_a]-> GO:0032659
GO:0032699 -[negatively_regulates]-> GO:0032619
GO:0032700 -[is_a]-> GO:0001818
GO:0032700 -[is_a]-> GO:0032660
GO:0032700 -[negatively_regulates]-> GO:0032620
GO:0032701 -[is_a]-> GO:0001818
GO:0032701 -[is_a]-> GO:0032661
GO:0032701 -[negatively_regulates]-> GO:0032621
GO:0032702 -[is_a]-> GO:0001818
GO:0032702 -[is_a]-> GO:0032662
GO:0032702 -[negatively_regulates]-> GO:0032622
GO:0032703 -[is_a]-> GO:0001818
GO:0032703 -[is_a]-> GO:0032663
GO:0032703 -[negatively_regulates]-> GO:0032623
GO:0032704 -[is_a]-> GO:0001818
GO:0032704 -[is_a]-> GO:0032664
GO:0032704 -[negatively_regulates]-> GO:0032624
GO:0032705 -[is_a]-> GO:0001818
GO:0032705 -[is_a]-> GO:0032665
GO:0032705 -[negatively_regulates]-> GO:0032625
GO:0032706 -[is_a]-> GO:0001818
GO:0032706 -[is_a]-> GO:0032666
GO:0032706 -[negatively_regulates]-> GO:0032626
GO:0032707 -[is_a]-> GO:0001818
GO:0032707 -[is_a]-> GO:0032667
GO:0032707 -[negatively_regulates]-> GO:0032627
GO:0032708 -[is_a]-> GO:0001818
GO:0032708 -[is_a]-> GO:0032668
GO:0032708 -[negatively_regulates]-> GO:0032628
GO:0032709 -[is_a]-> GO:0001818
GO:0032709 -[is_a]-> GO:0032669
GO:0032709 -[negatively_regulates]-> GO:0032629
GO:0032710 -[is_a]-> GO:0001818
GO:0032710 -[is_a]-> GO:0032670
GO:0032710 -[negatively_regulates]-> GO:0032630
GO:0032711 -[is_a]-> GO:0001818
GO:0032711 -[is_a]-> GO:0032671
GO:0032711 -[negatively_regulates]-> GO:0032631
GO:0032712 -[is_a]-> GO:0001818
GO:0032712 -[is_a]-> GO:0032672
GO:0032712 -[negatively_regulates]-> GO:0032632
GO:0032713 -[is_a]-> GO:0001818
GO:0032713 -[is_a]-> GO:0032673
GO:0032713 -[negatively_regulates]-> GO:0032633
GO:0032714 -[is_a]-> GO:0001818
GO:0032714 -[is_a]-> GO:0032674
GO:0032714 -[negatively_regulates]-> GO:0032634
GO:0032715 -[is_a]-> GO:0001818
GO:0032715 -[is_a]-> GO:0032675
GO:0032715 -[negatively_regulates]-> GO:0032635
GO:0032716 -[is_a]-> GO:0001818
GO:0032716 -[is_a]-> GO:0032676
GO:0032716 -[negatively_regulates]-> GO:0032636
GO:0032717 -[is_a]-> GO:0001818
GO:0032717 -[is_a]-> GO:0032677
GO:0032717 -[negatively_regulates]-> GO:0032637
GO:0032718 -[is_a]-> GO:0001818
GO:0032718 -[is_a]-> GO:0032678
GO:0032718 -[negatively_regulates]-> GO:0032638
GO:0032719 -[is_a]-> GO:0032679
GO:0032719 -[is_a]-> GO:1903556
GO:0032719 -[negatively_regulates]-> GO:0032639
GO:0032720 -[is_a]-> GO:0032680
GO:0032720 -[is_a]-> GO:1903556
GO:0032720 -[negatively_regulates]-> GO:0032640
GO:0032721 -[is_a]-> GO:0032681
GO:0032721 -[is_a]-> GO:1903556
GO:0032721 -[negatively_regulates]-> GO:0032641
GO:0032722 -[is_a]-> GO:0001819
GO:0032722 -[is_a]-> GO:0032642
GO:0032722 -[positively_regulates]-> GO:0032602
GO:0032723 -[is_a]-> GO:0001819
GO:0032723 -[is_a]-> GO:0032643
GO:0032723 -[positively_regulates]-> GO:0032601
GO:0032724 -[is_a]-> GO:0032644
GO:0032724 -[is_a]-> GO:0032722
GO:0032724 -[positively_regulates]-> GO:0032603
GO:0032725 -[is_a]-> GO:0001819
GO:0032725 -[is_a]-> GO:0032645
GO:0032725 -[positively_regulates]-> GO:0032604
GO:0032726 -[is_a]-> GO:0001819
GO:0032726 -[is_a]-> GO:0032646
GO:0032726 -[positively_regulates]-> GO:0032605
GO:0032727 -[is_a]-> GO:0032481
GO:0032727 -[is_a]-> GO:0032647
GO:0032727 -[positively_regulates]-> GO:0032607
GO:0032728 -[is_a]-> GO:0032481
GO:0032728 -[is_a]-> GO:0032648
GO:0032728 -[positively_regulates]-> GO:0032608
GO:0032729 -[is_a]-> GO:0001819
GO:0032729 -[is_a]-> GO:0032649
GO:0032729 -[positively_regulates]-> GO:0032609
GO:0032730 -[is_a]-> GO:0032650
GO:0032730 -[is_a]-> GO:0032732
GO:0032730 -[positively_regulates]-> GO:0032610
GO:0032731 -[is_a]-> GO:0032651
GO:0032731 -[is_a]-> GO:0032732
GO:0032731 -[positively_regulates]-> GO:0032611
GO:0032732 -[is_a]-> GO:0001819
GO:0032732 -[is_a]-> GO:0032652
GO:0032732 -[positively_regulates]-> GO:0032612
GO:0032733 -[is_a]-> GO:0001819
GO:0032733 -[is_a]-> GO:0032653
GO:0032733 -[positively_regulates]-> GO:0032613
GO:0032734 -[is_a]-> GO:0001819
GO:0032734 -[is_a]-> GO:0032654
GO:0032734 -[positively_regulates]-> GO:0032614
GO:0032735 -[is_a]-> GO:0001819
GO:0032735 -[is_a]-> GO:0032655
GO:0032735 -[positively_regulates]-> GO:0032615
GO:0032736 -[is_a]-> GO:0001819
GO:0032736 -[is_a]-> GO:0032656
GO:0032736 -[positively_regulates]-> GO:0032616
GO:0032737 -[is_a]-> GO:0001819
GO:0032737 -[is_a]-> GO:0032657
GO:0032737 -[positively_regulates]-> GO:0032617
GO:0032738 -[is_a]-> GO:0001819
GO:0032738 -[is_a]-> GO:0032658
GO:0032738 -[positively_regulates]-> GO:0032618
GO:0032739 -[is_a]-> GO:0001819
GO:0032739 -[is_a]-> GO:0032659
GO:0032739 -[positively_regulates]-> GO:0032619
GO:0032740 -[is_a]-> GO:0001819
GO:0032740 -[is_a]-> GO:0032660
GO:0032740 -[positively_regulates]-> GO:0032620
GO:0032741 -[is_a]-> GO:0001819
GO:0032741 -[is_a]-> GO:0032661
GO:0032741 -[positively_regulates]-> GO:0032621
GO:0032742 -[is_a]-> GO:0001819
GO:0032742 -[is_a]-> GO:0032662
GO:0032742 -[positively_regulates]-> GO:0032622
GO:0032743 -[is_a]-> GO:0001819
GO:0032743 -[is_a]-> GO:0032663
GO:0032743 -[positively_regulates]-> GO:0032623
GO:0032744 -[is_a]-> GO:0001819
GO:0032744 -[is_a]-> GO:0032664
GO:0032744 -[positively_regulates]-> GO:0032624
GO:0032745 -[is_a]-> GO:0001819
GO:0032745 -[is_a]-> GO:0032665
GO:0032745 -[positively_regulates]-> GO:0032625
GO:0032746 -[is_a]-> GO:0001819
GO:0032746 -[is_a]-> GO:0032666
GO:0032746 -[positively_regulates]-> GO:0032626
GO:0032747 -[is_a]-> GO:0001819
GO:0032747 -[is_a]-> GO:0032667
GO:0032747 -[positively_regulates]-> GO:0032627
GO:0032748 -[is_a]-> GO:0001819
GO:0032748 -[is_a]-> GO:0032668
GO:0032748 -[positively_regulates]-> GO:0032628
GO:0032749 -[is_a]-> GO:0001819
GO:0032749 -[is_a]-> GO:0032669
GO:0032749 -[positively_regulates]-> GO:0032629
GO:0032750 -[is_a]-> GO:0001819
GO:0032750 -[is_a]-> GO:0032670
GO:0032750 -[positively_regulates]-> GO:0032630
GO:0032751 -[is_a]-> GO:0001819
GO:0032751 -[is_a]-> GO:0032671
GO:0032751 -[positively_regulates]-> GO:0032631
GO:0032752 -[is_a]-> GO:0001819
GO:0032752 -[is_a]-> GO:0032672
GO:0032752 -[positively_regulates]-> GO:0032632
GO:0032753 -[is_a]-> GO:0001819
GO:0032753 -[is_a]-> GO:0032673
GO:0032753 -[positively_regulates]-> GO:0032633
GO:0032754 -[is_a]-> GO:0001819
GO:0032754 -[is_a]-> GO:0032674
GO:0032754 -[positively_regulates]-> GO:0032634
GO:0032755 -[is_a]-> GO:0001819
GO:0032755 -[is_a]-> GO:0032675
GO:0032755 -[positively_regulates]-> GO:0032635
GO:0032756 -[is_a]-> GO:0001819
GO:0032756 -[is_a]-> GO:0032676
GO:0032756 -[positively_regulates]-> GO:0032636
GO:0032757 -[is_a]-> GO:0001819
GO:0032757 -[is_a]-> GO:0032677
GO:0032757 -[positively_regulates]-> GO:0032637
GO:0032758 -[is_a]-> GO:0001819
GO:0032758 -[is_a]-> GO:0032678
GO:0032758 -[positively_regulates]-> GO:0032638
GO:0032759 -[is_a]-> GO:0032679
GO:0032759 -[is_a]-> GO:1903557
GO:0032759 -[positively_regulates]-> GO:0032639
GO:0032760 -[is_a]-> GO:0032680
GO:0032760 -[is_a]-> GO:1903557
GO:0032760 -[positively_regulates]-> GO:0032640
GO:0032761 -[is_a]-> GO:0032681
GO:0032761 -[is_a]-> GO:1903557
GO:0032761 -[positively_regulates]-> GO:0032641
GO:0032762 -[is_a]-> GO:0061082
GO:0032763 -[is_a]-> GO:0002718
GO:0032763 -[regulates]-> GO:0032762
GO:0032764 -[is_a]-> GO:0002719
GO:0032764 -[is_a]-> GO:0032763
GO:0032764 -[negatively_regulates]-> GO:0032762
GO:0032765 -[is_a]-> GO:0032763
GO:0032765 -[is_a]-> GO:0061081
GO:0032765 -[positively_regulates]-> GO:0032762
GO:0032766 -[is_a]-> GO:0043234
GO:0032766 -[is_a]-> GO:0044464
GO:0032767 -[is_a]-> GO:0005515
GO:0032768 -[is_a]-> GO:0051341
GO:0032768 -[regulates]-> GO:0004497
GO:0032769 -[is_a]-> GO:0032768
GO:0032769 -[is_a]-> GO:0051354
GO:0032769 -[negatively_regulates]-> GO:0004497
GO:0032770 -[is_a]-> GO:0032768
GO:0032770 -[is_a]-> GO:0051353
GO:0032770 -[positively_regulates]-> GO:0004497
GO:0032771 -[is_a]-> GO:0032768
GO:0032771 -[regulates]-> GO:0004503
GO:0032772 -[is_a]-> GO:0032769
GO:0032772 -[is_a]-> GO:0032771
GO:0032772 -[negatively_regulates]-> GO:0004503
GO:0032773 -[is_a]-> GO:0032770
GO:0032773 -[is_a]-> GO:0032771
GO:0032773 -[positively_regulates]-> GO:0004503
GO:0032774 -[is_a]-> GO:0009059
GO:0032774 -[is_a]-> GO:0016070
GO:0032774 -[is_a]-> GO:0034654
GO:0032775 -[is_a]-> GO:0006306
GO:0032776 -[is_a]-> GO:0006306
GO:0032777 -[is_a]-> GO:0035267
GO:0032778 -[is_a]-> GO:0015087
GO:0032778 -[is_a]-> GO:0019829
GO:0032780 -[is_a]-> GO:0043462
GO:0032780 -[is_a]-> GO:0051346
GO:0032780 -[negatively_regulates]-> GO:0016887
GO:0032781 -[is_a]-> GO:0043462
GO:0032781 -[is_a]-> GO:0051345
GO:0032781 -[positively_regulates]-> GO:0016887
GO:0032782 -[is_a]-> GO:0006869
GO:0032782 -[is_a]-> GO:0015718
GO:0032782 -[is_a]-> GO:0046717
GO:0032783 -[is_a]-> GO:0008023
GO:0032784 -[is_a]-> GO:0006355
GO:0032784 -[regulates]-> GO:0006354
GO:0032785 -[is_a]-> GO:0032784
GO:0032785 -[is_a]-> GO:0045892
GO:0032785 -[negatively_regulates]-> GO:0006354
GO:0032786 -[is_a]-> GO:0032784
GO:0032786 -[is_a]-> GO:0045893
GO:0032786 -[positively_regulates]-> GO:0006354
GO:0032787 -[is_a]-> GO:0019752
GO:0032788 -[is_a]-> GO:0006082
GO:0032789 -[is_a]-> GO:0032787
GO:0032790 -[is_a]-> GO:0032988
GO:0032790 -[is_a]-> GO:1903008
GO:0032791 -[is_a]-> GO:0046872
GO:0032792 -[is_a]-> GO:0043433
GO:0032793 -[is_a]-> GO:0051091
GO:0032794 -[is_a]-> GO:0005515
GO:0032795 -[is_a]-> GO:0032403
GO:0032796 -[is_a]-> GO:0030030
GO:0032797 -[is_a]-> GO:0043234
GO:0032797 -[is_a]-> GO:0044424
GO:0032798 -[is_a]-> GO:0033061
GO:0032798 -[is_a]-> GO:0044454
GO:0032798 -[part_of]-> GO:0000790
GO:0032799 -[is_a]-> GO:0043112
GO:0032800 -[is_a]-> GO:0009059
GO:0032800 -[is_a]-> GO:0043112
GO:0032801 -[is_a]-> GO:0009057
GO:0032801 -[is_a]-> GO:0043112
GO:0032801 -[is_a]-> GO:0044248
GO:0032802 -[is_a]-> GO:0032799
GO:0032802 -[is_a]-> GO:0032801
GO:0032802 -[is_a]-> GO:0044257
GO:0032803 -[is_a]-> GO:1903362
GO:0032803 -[is_a]-> GO:2000644
GO:0032803 -[regulates]-> GO:0032802
GO:0032804 -[is_a]-> GO:0032803
GO:0032804 -[is_a]-> GO:1903363
GO:0032804 -[is_a]-> GO:2000645
GO:0032804 -[negatively_regulates]-> GO:0032802
GO:0032805 -[is_a]-> GO:0032803
GO:0032805 -[is_a]-> GO:1903364
GO:0032805 -[is_a]-> GO:2000646
GO:0032805 -[positively_regulates]-> GO:0032802
GO:0032806 -[is_a]-> GO:0043234
GO:0032806 -[is_a]-> GO:0044428
GO:0032806 -[is_a]-> GO:1902554
GO:0032807 -[is_a]-> GO:0043234
GO:0032807 -[is_a]-> GO:0044428
GO:0032808 -[is_a]-> GO:0048732
GO:0032808 -[part_of]-> GO:0035272
GO:0032809 -[is_a]-> GO:0044298
GO:0032809 -[is_a]-> GO:0097458
GO:0032809 -[part_of]-> GO:0043025
GO:0032810 -[is_a]-> GO:0044212
GO:0032811 -[is_a]-> GO:0014060
GO:0032811 -[is_a]-> GO:0033604
GO:0032811 -[is_a]-> GO:0046888
GO:0032811 -[negatively_regulates]-> GO:0048242
GO:0032812 -[is_a]-> GO:0014060
GO:0032812 -[is_a]-> GO:0033605
GO:0032812 -[is_a]-> GO:0046887
GO:0032812 -[positively_regulates]-> GO:0048242
GO:0032813 -[is_a]-> GO:0005126
GO:0032814 -[is_a]-> GO:0051249
GO:0032814 -[regulates]-> GO:0030101
GO:0032815 -[is_a]-> GO:0032814
GO:0032815 -[is_a]-> GO:0051250
GO:0032815 -[negatively_regulates]-> GO:0030101
GO:0032816 -[is_a]-> GO:0032814
GO:0032816 -[is_a]-> GO:0051251
GO:0032816 -[positively_regulates]-> GO:0030101
GO:0032817 -[is_a]-> GO:0032814
GO:0032817 -[is_a]-> GO:0050670
GO:0032817 -[regulates]-> GO:0001787
GO:0032818 -[is_a]-> GO:0032815
GO:0032818 -[is_a]-> GO:0032817
GO:0032818 -[is_a]-> GO:0050672
GO:0032818 -[negatively_regulates]-> GO:0001787
GO:0032819 -[is_a]-> GO:0032816
GO:0032819 -[is_a]-> GO:0032817
GO:0032819 -[is_a]-> GO:0050671
GO:0032819 -[positively_regulates]-> GO:0001787
GO:0032820 -[is_a]-> GO:0002697
GO:0032820 -[is_a]-> GO:0032817
GO:0032820 -[is_a]-> GO:0050776
GO:0032820 -[regulates]-> GO:0002324
GO:0032821 -[is_a]-> GO:0002698
GO:0032821 -[is_a]-> GO:0032818
GO:0032821 -[is_a]-> GO:0032820
GO:0032821 -[is_a]-> GO:0050777
GO:0032821 -[negatively_regulates]-> GO:0002324
GO:0032822 -[is_a]-> GO:0002699
GO:0032822 -[is_a]-> GO:0032819
GO:0032822 -[is_a]-> GO:0032820
GO:0032822 -[is_a]-> GO:0050778
GO:0032822 -[positively_regulates]-> GO:0002324
GO:0032823 -[is_a]-> GO:0032814
GO:0032823 -[is_a]-> GO:0045619
GO:0032823 -[regulates]-> GO:0001779
GO:0032824 -[is_a]-> GO:0032815
GO:0032824 -[is_a]-> GO:0032823
GO:0032824 -[is_a]-> GO:0045620
GO:0032824 -[negatively_regulates]-> GO:0001779
GO:0032825 -[is_a]-> GO:0032816
GO:0032825 -[is_a]-> GO:0032823
GO:0032825 -[is_a]-> GO:0045621
GO:0032825 -[positively_regulates]-> GO:0001779
GO:0032826 -[is_a]-> GO:0002697
GO:0032826 -[is_a]-> GO:0032823
GO:0032826 -[is_a]-> GO:0050776
GO:0032826 -[regulates]-> GO:0002325
GO:0032827 -[is_a]-> GO:0002698
GO:0032827 -[is_a]-> GO:0032824
GO:0032827 -[is_a]-> GO:0032826
GO:0032827 -[is_a]-> GO:0050777
GO:0032827 -[negatively_regulates]-> GO:0002325
GO:0032828 -[is_a]-> GO:0002699
GO:0032828 -[is_a]-> GO:0032825
GO:0032828 -[is_a]-> GO:0032826
GO:0032828 -[is_a]-> GO:0050778
GO:0032828 -[positively_regulates]-> GO:0002325
GO:0032829 -[is_a]-> GO:0043370
GO:0032829 -[is_a]-> GO:0045589
GO:0032829 -[regulates]-> GO:0002361
GO:0032830 -[is_a]-> GO:0032829
GO:0032830 -[is_a]-> GO:0043371
GO:0032830 -[is_a]-> GO:0045590
GO:0032830 -[negatively_regulates]-> GO:0002361
GO:0032831 -[is_a]-> GO:0032829
GO:0032831 -[is_a]-> GO:0043372
GO:0032831 -[is_a]-> GO:0045591
GO:0032831 -[positively_regulates]-> GO:0002361
GO:0032832 -[is_a]-> GO:0002697
GO:0032832 -[is_a]-> GO:0032829
GO:0032832 -[is_a]-> GO:0050776
GO:0032832 -[regulates]-> GO:0002298
GO:0032833 -[is_a]-> GO:0002698
GO:0032833 -[is_a]-> GO:0032830
GO:0032833 -[is_a]-> GO:0032832
GO:0032833 -[is_a]-> GO:0050777
GO:0032833 -[negatively_regulates]-> GO:0002298
GO:0032834 -[is_a]-> GO:0002699
GO:0032834 -[is_a]-> GO:0032831
GO:0032834 -[is_a]-> GO:0032832
GO:0032834 -[is_a]-> GO:0050778
GO:0032834 -[positively_regulates]-> GO:0002298
GO:0032835 -[is_a]-> GO:0044767
GO:0032835 -[is_a]-> GO:0048856
GO:0032835 -[part_of]-> GO:0072006
GO:0032836 -[is_a]-> GO:0030198
GO:0032836 -[is_a]-> GO:0044767
GO:0032836 -[is_a]-> GO:0048856
GO:0032836 -[part_of]-> GO:0032835
GO:0032837 -[is_a]-> GO:0045132
GO:0032838 -[is_a]-> GO:0044463
GO:0032838 -[is_a]-> GO:0099568
GO:0032838 -[part_of]-> GO:0042995
GO:0032839 -[is_a]-> GO:0032838
GO:0032839 -[is_a]-> GO:0097458
GO:0032839 -[part_of]-> GO:0030425
GO:0032840 -[is_a]-> GO:0043621
GO:0032840 -[is_a]-> GO:0070064
GO:0032841 -[is_a]-> GO:0097644
GO:0032843 -[is_a]-> GO:0016671
GO:0032844 -[is_a]-> GO:0050789
GO:0032844 -[is_a]-> GO:0065008
GO:0032844 -[regulates]-> GO:0042592
GO:0032845 -[is_a]-> GO:0032844
GO:0032845 -[is_a]-> GO:0048519
GO:0032845 -[negatively_regulates]-> GO:0042592
GO:0032846 -[is_a]-> GO:0032844
GO:0032846 -[is_a]-> GO:0048518
GO:0032846 -[positively_regulates]-> GO:0042592
GO:0032847 -[is_a]-> GO:0050794
GO:0032847 -[is_a]-> GO:0051453
GO:0032847 -[is_a]-> GO:2000021
GO:0032847 -[regulates]-> GO:0051452
GO:0032848 -[is_a]-> GO:0032845
GO:0032848 -[is_a]-> GO:0032847
GO:0032848 -[is_a]-> GO:0048523
GO:0032848 -[is_a]-> GO:0051454
GO:0032848 -[negatively_regulates]-> GO:0051452
GO:0032849 -[is_a]-> GO:0032846
GO:0032849 -[is_a]-> GO:0032847
GO:0032849 -[is_a]-> GO:0048522
GO:0032849 -[positively_regulates]-> GO:0051452
GO:0032865 -[is_a]-> GO:0044432
GO:0032865 -[is_a]-> GO:0098799
GO:0032865 -[part_of]-> GO:0005741
GO:0032865 -[part_of]-> GO:0044233
GO:0032866 -[is_a]-> GO:0004032
GO:0032867 -[is_a]-> GO:0004032
GO:0032868 -[is_a]-> GO:0043434
GO:0032869 -[is_a]-> GO:0032868
GO:0032869 -[is_a]-> GO:0071375
GO:0032870 -[is_a]-> GO:0009725
GO:0032870 -[is_a]-> GO:0071310
GO:0032870 -[is_a]-> GO:0071495
GO:0032871 -[is_a]-> GO:1903353
GO:0032871 -[regulates]-> GO:0000741
GO:0032872 -[is_a]-> GO:0043408
GO:0032872 -[is_a]-> GO:0070302
GO:0032872 -[regulates]-> GO:0051403
GO:0032873 -[is_a]-> GO:0032872
GO:0032873 -[is_a]-> GO:0043409
GO:0032873 -[is_a]-> GO:0070303
GO:0032873 -[negatively_regulates]-> GO:0051403
GO:0032874 -[is_a]-> GO:0032872
GO:0032874 -[is_a]-> GO:0043410
GO:0032874 -[is_a]-> GO:0070304
GO:0032874 -[positively_regulates]-> GO:0051403
GO:0032875 -[is_a]-> GO:0010564
GO:0032875 -[is_a]-> GO:0090329
GO:0032875 -[regulates]-> GO:0042023
GO:0032876 -[is_a]-> GO:0010948
GO:0032876 -[is_a]-> GO:0032875
GO:0032876 -[is_a]-> GO:2000104
GO:0032876 -[negatively_regulates]-> GO:0042023
GO:0032877 -[is_a]-> GO:0032875
GO:0032877 -[is_a]-> GO:0090068
GO:0032877 -[is_a]-> GO:2000105
GO:0032877 -[positively_regulates]-> GO:0042023
GO:0032878 -[is_a]-> GO:0050794
GO:0032878 -[regulates]-> GO:0007163
GO:0032879 -[is_a]-> GO:0050789
GO:0032879 -[regulates]-> GO:0051179
GO:0032880 -[is_a]-> GO:0032879
GO:0032880 -[regulates]-> GO:0008104
GO:0032881 -[is_a]-> GO:0006109
GO:0032881 -[is_a]-> GO:0060255
GO:0032881 -[regulates]-> GO:0005976
GO:0032882 -[is_a]-> GO:0032881
GO:0032882 -[is_a]-> GO:0051171
GO:0032882 -[regulates]-> GO:0006030
GO:0032883 -[is_a]-> GO:0032882
GO:0032883 -[is_a]-> GO:0032885
GO:0032883 -[regulates]-> GO:0006031
GO:0032884 -[is_a]-> GO:0010675
GO:0032884 -[is_a]-> GO:0032883
GO:0032884 -[is_a]-> GO:0034222
GO:0032884 -[is_a]-> GO:0044087
GO:0032884 -[is_a]-> GO:2000112
GO:0032884 -[regulates]-> GO:0006038
GO:0032885 -[is_a]-> GO:0010556
GO:0032885 -[is_a]-> GO:0032881
GO:0032885 -[is_a]-> GO:0043255
GO:0032885 -[regulates]-> GO:0000271
GO:0032886 -[is_a]-> GO:0050794
GO:0032886 -[regulates]-> GO:0007017
GO:0032887 -[is_a]-> GO:0051983
GO:0032887 -[is_a]-> GO:0090224
GO:0032887 -[regulates]-> GO:0051231
GO:0032888 -[is_a]-> GO:0032887
GO:0032888 -[is_a]-> GO:0033047
GO:0032888 -[is_a]-> GO:0060236
GO:0032888 -[regulates]-> GO:0000022
GO:0032889 -[is_a]-> GO:0044088
GO:0032889 -[regulates]-> GO:0042144
GO:0032890 -[is_a]-> GO:0051049
GO:0032890 -[regulates]-> GO:0015849
GO:0032891 -[is_a]-> GO:0032890
GO:0032891 -[is_a]-> GO:0051051
GO:0032891 -[negatively_regulates]-> GO:0015849
GO:0032892 -[is_a]-> GO:0032890
GO:0032892 -[is_a]-> GO:0051050
GO:0032892 -[positively_regulates]-> GO:0015849
GO:0032893 -[is_a]-> GO:0044070
GO:0032893 -[regulates]-> GO:0015725
GO:0032894 -[is_a]-> GO:0032893
GO:0032894 -[is_a]-> GO:1903792
GO:0032894 -[negatively_regulates]-> GO:0015725
GO:0032895 -[is_a]-> GO:0032893
GO:0032895 -[is_a]-> GO:1903793
GO:0032895 -[positively_regulates]-> GO:0015725
GO:0032896 -[is_a]-> GO:0016215
GO:0032897 -[is_a]-> GO:0010629
GO:0032897 -[is_a]-> GO:0046782
GO:0032897 -[is_a]-> GO:1902679
GO:0032897 -[is_a]-> GO:1903901
GO:0032897 -[negatively_regulates]-> GO:0019083
GO:0032898 -[is_a]-> GO:0044707
GO:0032899 -[is_a]-> GO:0051239
GO:0032899 -[regulates]-> GO:0032898
GO:0032900 -[is_a]-> GO:0032899
GO:0032900 -[is_a]-> GO:0051241
GO:0032900 -[negatively_regulates]-> GO:0032898
GO:0032901 -[is_a]-> GO:0032899
GO:0032901 -[is_a]-> GO:0051240
GO:0032901 -[positively_regulates]-> GO:0032898
GO:0032902 -[is_a]-> GO:0032898
GO:0032903 -[is_a]-> GO:0032899
GO:0032903 -[regulates]-> GO:0032902
GO:0032904 -[is_a]-> GO:0032900
GO:0032904 -[is_a]-> GO:0032903
GO:0032904 -[negatively_regulates]-> GO:0032902
GO:0032905 -[is_a]-> GO:0071604
GO:0032906 -[is_a]-> GO:0071604
GO:0032907 -[is_a]-> GO:0071604
GO:0032908 -[is_a]-> GO:0071634
GO:0032908 -[regulates]-> GO:0032905
GO:0032909 -[is_a]-> GO:0071634
GO:0032909 -[regulates]-> GO:0032906
GO:0032910 -[is_a]-> GO:0071634
GO:0032910 -[regulates]-> GO:0032907
GO:0032911 -[is_a]-> GO:0032908
GO:0032911 -[is_a]-> GO:0071635
GO:0032911 -[negatively_regulates]-> GO:0032905
GO:0032912 -[is_a]-> GO:0032909
GO:0032912 -[is_a]-> GO:0071635
GO:0032912 -[negatively_regulates]-> GO:0032906
GO:0032913 -[is_a]-> GO:0032910
GO:0032913 -[is_a]-> GO:0071635
GO:0032913 -[negatively_regulates]-> GO:0032907
GO:0032914 -[is_a]-> GO:0032908
GO:0032914 -[is_a]-> GO:0071636
GO:0032914 -[positively_regulates]-> GO:0032905
GO:0032915 -[is_a]-> GO:0032909
GO:0032915 -[is_a]-> GO:0071636
GO:0032915 -[positively_regulates]-> GO:0032906
GO:0032916 -[is_a]-> GO:0032910
GO:0032916 -[is_a]-> GO:0071636
GO:0032916 -[positively_regulates]-> GO:0032907
GO:0032917 -[is_a]-> GO:0006595
GO:0032918 -[is_a]-> GO:0008216
GO:0032918 -[is_a]-> GO:0032917
GO:0032919 -[is_a]-> GO:0008215
GO:0032919 -[is_a]-> GO:0032917
GO:0032920 -[is_a]-> GO:0009445
GO:0032920 -[is_a]-> GO:0032917
GO:0032921 -[is_a]-> GO:0044444
GO:0032921 -[is_a]-> GO:1990204
GO:0032922 -[is_a]-> GO:0007623
GO:0032922 -[is_a]-> GO:0010468
GO:0032922 -[is_a]-> GO:0044707
GO:0032923 -[is_a]-> GO:0019634
GO:0032923 -[is_a]-> GO:0044249
GO:0032923 -[is_a]-> GO:0090407
GO:0032924 -[is_a]-> GO:0007178
GO:0032925 -[is_a]-> GO:0090092
GO:0032925 -[regulates]-> GO:0032924
GO:0032926 -[is_a]-> GO:0032925
GO:0032926 -[is_a]-> GO:0090101
GO:0032926 -[negatively_regulates]-> GO:0032924
GO:0032927 -[is_a]-> GO:0032925
GO:0032927 -[is_a]-> GO:0090100
GO:0032927 -[positively_regulates]-> GO:0032924
GO:0032928 -[is_a]-> GO:0090322
GO:0032928 -[regulates]-> GO:0042554
GO:0032929 -[is_a]-> GO:0032928
GO:0032929 -[is_a]-> GO:2000378
GO:0032929 -[negatively_regulates]-> GO:0042554
GO:0032930 -[is_a]-> GO:0032928
GO:0032930 -[is_a]-> GO:2000379
GO:0032930 -[positively_regulates]-> GO:0042554
GO:0032931 -[is_a]-> GO:0010484
GO:0032931 -[part_of]-> GO:0097043
GO:0032932 -[is_a]-> GO:0007026
GO:0032932 -[is_a]-> GO:0010948
GO:0032932 -[is_a]-> GO:0090224
GO:0032932 -[negatively_regulates]-> GO:0060172
GO:0032933 -[is_a]-> GO:0006984
GO:0032933 -[is_a]-> GO:0045944
GO:0032933 -[is_a]-> GO:0071501
GO:0032934 -[is_a]-> GO:0005496
GO:0032935 -[is_a]-> GO:0032934
GO:0032936 -[is_a]-> GO:0098796
GO:0032937 -[is_a]-> GO:0044432
GO:0032937 -[is_a]-> GO:0098796
GO:0032937 -[part_of]-> GO:0030176
GO:0032938 -[is_a]-> GO:0032055
GO:0032938 -[is_a]-> GO:0043556
GO:0032939 -[is_a]-> GO:0032056
GO:0032939 -[is_a]-> GO:0043556
GO:0032940 -[is_a]-> GO:0044763
GO:0032940 -[is_a]-> GO:0046903
GO:0032941 -[is_a]-> GO:0044707
GO:0032941 -[is_a]-> GO:0046903
GO:0032942 -[is_a]-> GO:0051765
GO:0032943 -[is_a]-> GO:0070661
GO:0032944 -[is_a]-> GO:0070663
GO:0032944 -[regulates]-> GO:0032943
GO:0032945 -[is_a]-> GO:0032944
GO:0032945 -[is_a]-> GO:0070664
GO:0032945 -[negatively_regulates]-> GO:0032943
GO:0032946 -[is_a]-> GO:0032944
GO:0032946 -[is_a]-> GO:0070665
GO:0032946 -[positively_regulates]-> GO:0032943
GO:0032947 -[is_a]-> GO:0005198
GO:0032947 -[is_a]-> GO:0005515
GO:0032948 -[is_a]-> GO:0010675
GO:0032948 -[is_a]-> GO:0032881
GO:0032948 -[regulates]-> GO:0030978
GO:0032949 -[is_a]-> GO:0010962
GO:0032949 -[is_a]-> GO:0032948
GO:0032949 -[regulates]-> GO:0030979
GO:0032950 -[is_a]-> GO:0010675
GO:0032950 -[is_a]-> GO:0032881
GO:0032950 -[regulates]-> GO:0051273
GO:0032951 -[is_a]-> GO:0010962
GO:0032951 -[is_a]-> GO:0032950
GO:0032951 -[regulates]-> GO:0051274
GO:0032952 -[is_a]-> GO:0032950
GO:0032952 -[regulates]-> GO:0006074
GO:0032953 -[is_a]-> GO:0032951
GO:0032953 -[is_a]-> GO:0032952
GO:0032953 -[regulates]-> GO:0006075
GO:0032954 -[is_a]-> GO:0032465
GO:0032954 -[regulates]-> GO:0032506
GO:0032955 -[is_a]-> GO:1901891
GO:0032955 -[is_a]-> GO:1903436
GO:0032955 -[regulates]-> GO:0000917
GO:0032956 -[is_a]-> GO:0032970
GO:0032956 -[is_a]-> GO:0051493
GO:0032956 -[regulates]-> GO:0030036
GO:0032957 -[is_a]-> GO:0043647
GO:0032958 -[is_a]-> GO:0043647
GO:0032958 -[is_a]-> GO:0046173
GO:0032958 -[is_a]-> GO:0090407
GO:0032959 -[is_a]-> GO:0032957
GO:0032959 -[is_a]-> GO:0032958
GO:0032960 -[is_a]-> GO:0010919
GO:0032960 -[regulates]-> GO:0032959
GO:0032961 -[is_a]-> GO:0010920
GO:0032961 -[is_a]-> GO:0032960
GO:0032961 -[negatively_regulates]-> GO:0032959
GO:0032962 -[is_a]-> GO:0032960
GO:0032962 -[is_a]-> GO:0060732
GO:0032962 -[positively_regulates]-> GO:0032959
GO:0032963 -[is_a]-> GO:0044259
GO:0032964 -[is_a]-> GO:0009059
GO:0032964 -[is_a]-> GO:0032963
GO:0032964 -[is_a]-> GO:0044711
GO:0032965 -[is_a]-> GO:0010556
GO:0032965 -[is_a]-> GO:0010712
GO:0032965 -[regulates]-> GO:0032964
GO:0032966 -[is_a]-> GO:0010558
GO:0032966 -[is_a]-> GO:0010713
GO:0032966 -[is_a]-> GO:0032965
GO:0032966 -[negatively_regulates]-> GO:0032964
GO:0032967 -[is_a]-> GO:0010557
GO:0032967 -[is_a]-> GO:0010714
GO:0032967 -[is_a]-> GO:0032965
GO:0032967 -[positively_regulates]-> GO:0032964
GO:0032968 -[is_a]-> GO:0032786
GO:0032968 -[is_a]-> GO:0034243
GO:0032968 -[is_a]-> GO:0045944
GO:0032968 -[positively_regulates]-> GO:0006368
GO:0032969 -[is_a]-> GO:0044440
GO:0032969 -[is_a]-> GO:0098796
GO:0032969 -[part_of]-> GO:0031902
GO:0032970 -[is_a]-> GO:0050794
GO:0032970 -[regulates]-> GO:0030029
GO:0032971 -[is_a]-> GO:0006937
GO:0032971 -[is_a]-> GO:0032386
GO:0032971 -[is_a]-> GO:1903115
GO:0032971 -[regulates]-> GO:0030049
GO:0032972 -[is_a]-> GO:0032971
GO:0032972 -[is_a]-> GO:0065008
GO:0032973 -[is_a]-> GO:0006865
GO:0032974 -[is_a]-> GO:0034487
GO:0032974 -[is_a]-> GO:0044746
GO:0032975 -[is_a]-> GO:0034487
GO:0032975 -[is_a]-> GO:0044745
GO:0032976 -[is_a]-> GO:0008637
GO:0032977 -[is_a]-> GO:0008565
GO:0032978 -[is_a]-> GO:0051205
GO:0032979 -[is_a]-> GO:0032978
GO:0032979 -[is_a]-> GO:0051204
GO:0032980 -[is_a]-> GO:0001775
GO:0032981 -[is_a]-> GO:0010257
GO:0032981 -[is_a]-> GO:0033108
GO:0032981 -[is_a]-> GO:0097031
GO:0032982 -[is_a]-> GO:0016459
GO:0032983 -[is_a]-> GO:0008328
GO:0032984 -[is_a]-> GO:0022411
GO:0032984 -[is_a]-> GO:0043933
GO:0032985 -[is_a]-> GO:0032984
GO:0032985 -[is_a]-> GO:0071823
GO:0032986 -[is_a]-> GO:0032984
GO:0032986 -[is_a]-> GO:0071824
GO:0032987 -[is_a]-> GO:0032984
GO:0032987 -[is_a]-> GO:0071825
GO:0032988 -[is_a]-> GO:0032984
GO:0032988 -[is_a]-> GO:0071826
GO:0032989 -[is_a]-> GO:0009653
GO:0032989 -[is_a]-> GO:0016043
GO:0032989 -[is_a]-> GO:0048869
GO:0032990 -[is_a]-> GO:0032989
GO:0032991 -[is_a]-> GO:0005575
GO:0032992 -[is_a]-> GO:0032991
GO:0032993 -[is_a]-> GO:0032991
GO:0032994 -[is_a]-> GO:0032991
GO:0032995 -[is_a]-> GO:0044087
GO:0032995 -[is_a]-> GO:1903338
GO:0032995 -[regulates]-> GO:0009272
GO:0032996 -[is_a]-> GO:0043234
GO:0032996 -[is_a]-> GO:0044424
GO:0032997 -[is_a]-> GO:0098797
GO:0032998 -[is_a]-> GO:0032997
GO:0032999 -[is_a]-> GO:0032997
GO:0033000 -[is_a]-> GO:0032997
GO:0033001 -[is_a]-> GO:0032997
GO:0033002 -[is_a]-> GO:0008283
GO:0033003 -[is_a]-> GO:0002694
GO:0033003 -[regulates]-> GO:0045576
GO:0033004 -[is_a]-> GO:0002695
GO:0033004 -[is_a]-> GO:0033003
GO:0033004 -[negatively_regulates]-> GO:0045576
GO:0033005 -[is_a]-> GO:0002696
GO:0033005 -[is_a]-> GO:0033003
GO:0033005 -[positively_regulates]-> GO:0045576
GO:0033006 -[is_a]-> GO:0002699
GO:0033006 -[is_a]-> GO:0033003
GO:0033006 -[is_a]-> GO:0050776
GO:0033006 -[regulates]-> GO:0002279
GO:0033007 -[is_a]-> GO:0002698
GO:0033007 -[is_a]-> GO:0033004
GO:0033007 -[is_a]-> GO:0033006
GO:0033007 -[is_a]-> GO:0050777
GO:0033007 -[negatively_regulates]-> GO:0002279
GO:0033008 -[is_a]-> GO:0033005
GO:0033008 -[is_a]-> GO:0033006
GO:0033008 -[is_a]-> GO:0050778
GO:0033008 -[positively_regulates]-> GO:0002279
GO:0033009 -[is_a]-> GO:0043231
GO:0033009 -[is_a]-> GO:0044435
GO:0033010 -[is_a]-> GO:0005911
GO:0033011 -[is_a]-> GO:0005856
GO:0033011 -[is_a]-> GO:0044444
GO:0033011 -[part_of]-> GO:0048471
GO:0033012 -[is_a]-> GO:0044459
GO:0033013 -[is_a]-> GO:0006725
GO:0033013 -[is_a]-> GO:0046483
GO:0033013 -[is_a]-> GO:1901360
GO:0033013 -[is_a]-> GO:1901564
GO:0033014 -[is_a]-> GO:0018130
GO:0033014 -[is_a]-> GO:0019438
GO:0033014 -[is_a]-> GO:0033013
GO:0033014 -[is_a]-> GO:0044271
GO:0033014 -[is_a]-> GO:1901362
GO:0033014 -[is_a]-> GO:1901566
GO:0033015 -[is_a]-> GO:0019439
GO:0033015 -[is_a]-> GO:0033013
GO:0033015 -[is_a]-> GO:0044270
GO:0033015 -[is_a]-> GO:0046700
GO:0033015 -[is_a]-> GO:1901361
GO:0033015 -[is_a]-> GO:1901565
GO:0033016 -[is_a]-> GO:0031090
GO:0033016 -[is_a]-> GO:0044464
GO:0033016 -[part_of]-> GO:0020008
GO:0033017 -[is_a]-> GO:0005789
GO:0033017 -[is_a]-> GO:0098588
GO:0033017 -[part_of]-> GO:0016529
GO:0033018 -[is_a]-> GO:0005788
GO:0033018 -[part_of]-> GO:0016529
GO:0033019 -[is_a]-> GO:0016616
GO:0033020 -[is_a]-> GO:0006066
GO:0033020 -[is_a]-> GO:1901360
GO:0033021 -[is_a]-> GO:0033020
GO:0033021 -[is_a]-> GO:0046165
GO:0033021 -[is_a]-> GO:1901362
GO:0033022 -[is_a]-> GO:0033020
GO:0033022 -[is_a]-> GO:0046164
GO:0033022 -[is_a]-> GO:1901361
GO:0033023 -[is_a]-> GO:0001776
GO:0033023 -[is_a]-> GO:0002262
GO:0033024 -[is_a]-> GO:0033028
GO:0033024 -[is_a]-> GO:0071887
GO:0033024 -[part_of]-> GO:0033023
GO:0033025 -[is_a]-> GO:0002682
GO:0033025 -[is_a]-> GO:0032844
GO:0033025 -[is_a]-> GO:0033032
GO:0033025 -[is_a]-> GO:2000106
GO:0033025 -[regulates]-> GO:0033024
GO:0033026 -[is_a]-> GO:0002683
GO:0033026 -[is_a]-> GO:0032845
GO:0033026 -[is_a]-> GO:0033025
GO:0033026 -[is_a]-> GO:0033033
GO:0033026 -[is_a]-> GO:2000107
GO:0033026 -[negatively_regulates]-> GO:0033024
GO:0033027 -[is_a]-> GO:0002684
GO:0033027 -[is_a]-> GO:0032846
GO:0033027 -[is_a]-> GO:0033025
GO:0033027 -[is_a]-> GO:0033034
GO:0033027 -[is_a]-> GO:2000108
GO:0033027 -[positively_regulates]-> GO:0033024
GO:0033028 -[is_a]-> GO:0006915
GO:0033029 -[is_a]-> GO:0002682
GO:0033029 -[is_a]-> GO:0032844
GO:0033029 -[is_a]-> GO:0033032
GO:0033029 -[is_a]-> GO:2000106
GO:0033029 -[regulates]-> GO:0001781
GO:0033030 -[is_a]-> GO:0002683
GO:0033030 -[is_a]-> GO:0032845
GO:0033030 -[is_a]-> GO:0033029
GO:0033030 -[is_a]-> GO:0033033
GO:0033030 -[is_a]-> GO:2000107
GO:0033030 -[negatively_regulates]-> GO:0001781
GO:0033031 -[is_a]-> GO:0002684
GO:0033031 -[is_a]-> GO:0032846
GO:0033031 -[is_a]-> GO:0033029
GO:0033031 -[is_a]-> GO:0033034
GO:0033031 -[is_a]-> GO:2000108
GO:0033031 -[positively_regulates]-> GO:0001781
GO:0033032 -[is_a]-> GO:0042981
GO:0033032 -[regulates]-> GO:0033028
GO:0033033 -[is_a]-> GO:0033032
GO:0033033 -[is_a]-> GO:0043066
GO:0033033 -[negatively_regulates]-> GO:0033028
GO:0033034 -[is_a]-> GO:0033032
GO:0033034 -[is_a]-> GO:0043065
GO:0033034 -[positively_regulates]-> GO:0033028
GO:0033036 -[is_a]-> GO:0051179
GO:0033037 -[is_a]-> GO:0033036
GO:0033038 -[is_a]-> GO:0008527
GO:0033038 -[part_of]-> GO:0001580
GO:0033039 -[is_a]-> GO:0008527
GO:0033039 -[part_of]-> GO:0001583
GO:0033040 -[is_a]-> GO:0008527
GO:0033040 -[part_of]-> GO:0001581
GO:0033041 -[is_a]-> GO:0008527
GO:0033041 -[part_of]-> GO:0001582
GO:0033042 -[is_a]-> GO:0090681
GO:0033042 -[part_of]-> GO:0046535
GO:0033043 -[is_a]-> GO:0051128
GO:0033043 -[regulates]-> GO:0006996
GO:0033044 -[is_a]-> GO:0033043
GO:0033044 -[regulates]-> GO:0051276
GO:0033045 -[is_a]-> GO:0010564
GO:0033045 -[is_a]-> GO:0033044
GO:0033045 -[is_a]-> GO:0051983
GO:0033045 -[regulates]-> GO:0000819
GO:0033046 -[is_a]-> GO:0010948
GO:0033046 -[is_a]-> GO:0033045
GO:0033046 -[is_a]-> GO:0051985
GO:0033046 -[is_a]-> GO:2001251
GO:0033046 -[negatively_regulates]-> GO:0000819
GO:0033047 -[is_a]-> GO:0007088
GO:0033047 -[is_a]-> GO:0033045
GO:0033047 -[regulates]-> GO:0000070
GO:0033048 -[is_a]-> GO:0033046
GO:0033048 -[is_a]-> GO:0033047
GO:0033048 -[is_a]-> GO:0045839
GO:0033048 -[negatively_regulates]-> GO:0000070
GO:0033049 -[is_a]-> GO:0032787
GO:0033050 -[is_a]-> GO:0033049
GO:0033050 -[is_a]-> GO:0072330
GO:0033051 -[is_a]-> GO:0019634
GO:0033051 -[is_a]-> GO:1901564
GO:0033052 -[is_a]-> GO:0006082
GO:0033052 -[is_a]-> GO:0050898
GO:0033053 -[is_a]-> GO:0006541
GO:0033053 -[is_a]-> GO:0046144
GO:0033054 -[is_a]-> GO:0006536
GO:0033054 -[is_a]-> GO:0046144
GO:0033055 -[is_a]-> GO:0046144
GO:0033056 -[is_a]-> GO:0046144
GO:0033058 -[is_a]-> GO:0040011
GO:0033059 -[is_a]-> GO:0043473
GO:0033059 -[is_a]-> GO:0044763
GO:0033060 -[is_a]-> GO:0043473
GO:0033061 -[is_a]-> GO:0043234
GO:0033062 -[is_a]-> GO:0033061
GO:0033062 -[is_a]-> GO:0044428
GO:0033063 -[is_a]-> GO:0033061
GO:0033063 -[is_a]-> GO:0044428
GO:0033064 -[is_a]-> GO:0033061
GO:0033064 -[is_a]-> GO:0044428
GO:0033065 -[is_a]-> GO:0033061
GO:0033065 -[is_a]-> GO:0044428
GO:0033066 -[is_a]-> GO:0033061
GO:0033066 -[is_a]-> GO:0044428
GO:0033067 -[is_a]-> GO:0016999
GO:0033067 -[is_a]-> GO:0030638
GO:0033067 -[is_a]-> GO:0044763
GO:0033067 -[is_a]-> GO:1901334
GO:0033068 -[is_a]-> GO:0017000
GO:0033068 -[is_a]-> GO:0030639
GO:0033068 -[is_a]-> GO:0033067
GO:0033068 -[is_a]-> GO:1901336
GO:0033069 -[is_a]-> GO:0016999
GO:0033069 -[is_a]-> GO:0030638
GO:0033069 -[is_a]-> GO:0043603
GO:0033069 -[is_a]-> GO:0044763
GO:0033069 -[is_a]-> GO:0046483
GO:0033069 -[is_a]-> GO:1901360
GO:0033069 -[is_a]-> GO:1901564
GO:0033070 -[is_a]-> GO:0018130
GO:0033070 -[is_a]-> GO:0030639
GO:0033070 -[is_a]-> GO:0033069
GO:0033070 -[is_a]-> GO:0043604
GO:0033070 -[is_a]-> GO:1901362
GO:0033070 -[is_a]-> GO:1901566
GO:0033071 -[is_a]-> GO:0030650
GO:0033071 -[is_a]-> GO:1901135
GO:0033072 -[is_a]-> GO:0019184
GO:0033072 -[is_a]-> GO:0030651
GO:0033072 -[is_a]-> GO:0033071
GO:0033072 -[is_a]-> GO:1901137
GO:0033073 -[is_a]-> GO:0043692
GO:0033074 -[is_a]-> GO:0033073
GO:0033074 -[is_a]-> GO:0043694
GO:0033075 -[is_a]-> GO:0009821
GO:0033075 -[is_a]-> GO:0018130
GO:0033075 -[is_a]-> GO:0019438
GO:0033075 -[is_a]-> GO:0033076
GO:0033075 -[is_a]-> GO:1901362
GO:0033076 -[is_a]-> GO:0006725
GO:0033076 -[is_a]-> GO:0009820
GO:0033076 -[is_a]-> GO:0034641
GO:0033076 -[is_a]-> GO:0046483
GO:0033076 -[is_a]-> GO:1901360
GO:0033077 -[is_a]-> GO:0030217
GO:0033077 -[is_a]-> GO:0071594
GO:0033078 -[is_a]-> GO:0030217
GO:0033079 -[is_a]-> GO:0042098
GO:0033080 -[is_a]-> GO:0033079
GO:0033080 -[is_a]-> GO:0071594
GO:0033080 -[part_of]-> GO:0033077
GO:0033081 -[is_a]-> GO:0045580
GO:0033081 -[is_a]-> GO:2000398
GO:0033081 -[regulates]-> GO:0033077
GO:0033082 -[is_a]-> GO:0045580
GO:0033082 -[regulates]-> GO:0033078
GO:0033083 -[is_a]-> GO:0042129
GO:0033083 -[regulates]-> GO:0033079
GO:0033084 -[is_a]-> GO:0033081
GO:0033084 -[is_a]-> GO:0033083
GO:0033084 -[regulates]-> GO:0033080
GO:0033085 -[is_a]-> GO:0033081
GO:0033085 -[is_a]-> GO:0045581
GO:0033085 -[is_a]-> GO:2000399
GO:0033085 -[negatively_regulates]-> GO:0033077
GO:0033086 -[is_a]-> GO:0033082
GO:0033086 -[is_a]-> GO:0045581
GO:0033086 -[negatively_regulates]-> GO:0033078
GO:0033087 -[is_a]-> GO:0033083
GO:0033087 -[is_a]-> GO:0042130
GO:0033087 -[negatively_regulates]-> GO:0033079
GO:0033088 -[is_a]-> GO:0033084
GO:0033088 -[is_a]-> GO:0033085
GO:0033088 -[is_a]-> GO:0033087
GO:0033088 -[negatively_regulates]-> GO:0033080
GO:0033089 -[is_a]-> GO:0033081
GO:0033089 -[is_a]-> GO:0045582
GO:0033089 -[is_a]-> GO:2000400
GO:0033089 -[positively_regulates]-> GO:0033077
GO:0033090 -[is_a]-> GO:0033082
GO:0033090 -[is_a]-> GO:0045582
GO:0033090 -[positively_regulates]-> GO:0033078
GO:0033091 -[is_a]-> GO:0033083
GO:0033091 -[is_a]-> GO:0042102
GO:0033091 -[positively_regulates]-> GO:0033079
GO:0033092 -[is_a]-> GO:0033084
GO:0033092 -[is_a]-> GO:0033089
GO:0033092 -[is_a]-> GO:0033091
GO:0033092 -[positively_regulates]-> GO:0033080
GO:0033093 -[is_a]-> GO:0030136
GO:0033093 -[is_a]-> GO:0030141
GO:0033094 -[is_a]-> GO:0008483
GO:0033095 -[is_a]-> GO:0031410
GO:0033096 -[is_a]-> GO:0009526
GO:0033096 -[part_of]-> GO:0009501
GO:0033097 -[is_a]-> GO:0042170
GO:0033097 -[part_of]-> GO:0033096
GO:0033098 -[is_a]-> GO:0009528
GO:0033098 -[is_a]-> GO:0033097
GO:0033099 -[is_a]-> GO:0043231
GO:0033100 -[is_a]-> GO:0070775
GO:0033101 -[is_a]-> GO:0044459
GO:0033101 -[part_of]-> GO:0005933
GO:0033102 -[is_a]-> GO:0044444
GO:0033102 -[is_a]-> GO:0098588
GO:0033102 -[is_a]-> GO:0098805
GO:0033102 -[part_of]-> GO:0020022
GO:0033103 -[is_a]-> GO:0009306
GO:0033103 -[is_a]-> GO:0071806
GO:0033104 -[is_a]-> GO:0043234
GO:0033104 -[is_a]-> GO:0044464
GO:0033105 -[is_a]-> GO:0034646
GO:0033105 -[part_of]-> GO:0046858
GO:0033106 -[is_a]-> GO:0044424
GO:0033106 -[is_a]-> GO:0098588
GO:0033106 -[part_of]-> GO:0005801
GO:0033107 -[is_a]-> GO:0031410
GO:0033108 -[is_a]-> GO:0043623
GO:0033108 -[part_of]-> GO:0007005
GO:0033110 -[is_a]-> GO:0030659
GO:0033110 -[part_of]-> GO:0033107
GO:0033111 -[is_a]-> GO:0044424
GO:0033111 -[is_a]-> GO:0098588
GO:0033111 -[is_a]-> GO:0098589
GO:0033111 -[part_of]-> GO:0033099
GO:0033112 -[is_a]-> GO:0009526
GO:0033112 -[part_of]-> GO:0009842
GO:0033113 -[is_a]-> GO:0042170
GO:0033113 -[part_of]-> GO:0033112
GO:0033114 -[is_a]-> GO:0031978
GO:0033114 -[part_of]-> GO:0009843
GO:0033115 -[is_a]-> GO:0055035
GO:0033115 -[part_of]-> GO:0009843
GO:0033116 -[is_a]-> GO:0044444
GO:0033116 -[is_a]-> GO:0098588
GO:0033116 -[part_of]-> GO:0005793
GO:0033117 -[is_a]-> GO:0031410
GO:0033118 -[is_a]-> GO:0030659
GO:0033118 -[is_a]-> GO:0098588
GO:0033118 -[is_a]-> GO:0098805
GO:0033118 -[part_of]-> GO:0033117
GO:0033119 -[is_a]-> GO:0010629
GO:0033119 -[is_a]-> GO:0043484
GO:0033119 -[is_a]-> GO:0051253
GO:0033119 -[negatively_regulates]-> GO:0008380
GO:0033120 -[is_a]-> GO:0010628
GO:0033120 -[is_a]-> GO:0043484
GO:0033120 -[is_a]-> GO:0051254
GO:0033120 -[positively_regulates]-> GO:0008380
GO:0033121 -[is_a]-> GO:0030811
GO:0033121 -[is_a]-> GO:1900542
GO:0033121 -[regulates]-> GO:0006195
GO:0033122 -[is_a]-> GO:0030812
GO:0033122 -[is_a]-> GO:0033121
GO:0033122 -[is_a]-> GO:1900543
GO:0033122 -[negatively_regulates]-> GO:0006195
GO:0033123 -[is_a]-> GO:0030813
GO:0033123 -[is_a]-> GO:0033121
GO:0033123 -[is_a]-> GO:1900544
GO:0033123 -[positively_regulates]-> GO:0006195
GO:0033127 -[is_a]-> GO:0001932
GO:0033127 -[is_a]-> GO:0031056
GO:0033127 -[regulates]-> GO:0016572
GO:0033128 -[is_a]-> GO:0001933
GO:0033128 -[is_a]-> GO:0031057
GO:0033128 -[is_a]-> GO:0033127
GO:0033128 -[negatively_regulates]-> GO:0016572
GO:0033129 -[is_a]-> GO:0001934
GO:0033129 -[is_a]-> GO:0031058
GO:0033129 -[is_a]-> GO:0033127
GO:0033129 -[positively_regulates]-> GO:0016572
GO:0033130 -[is_a]-> GO:0005102
GO:0033131 -[is_a]-> GO:0010906
GO:0033131 -[is_a]-> GO:1903299
GO:0033131 -[regulates]-> GO:0004340
GO:0033132 -[is_a]-> GO:0033131
GO:0033132 -[is_a]-> GO:1903300
GO:0033132 -[negatively_regulates]-> GO:0004340
GO:0033133 -[is_a]-> GO:0033131
GO:0033133 -[is_a]-> GO:1903301
GO:0033133 -[positively_regulates]-> GO:0004340
GO:0033134 -[is_a]-> GO:0044388
GO:0033135 -[is_a]-> GO:0001932
GO:0033135 -[regulates]-> GO:0018105
GO:0033136 -[is_a]-> GO:0042501
GO:0033137 -[is_a]-> GO:0001933
GO:0033137 -[is_a]-> GO:0033135
GO:0033137 -[negatively_regulates]-> GO:0018105
GO:0033138 -[is_a]-> GO:0001934
GO:0033138 -[is_a]-> GO:0033135
GO:0033138 -[positively_regulates]-> GO:0018105
GO:0033139 -[is_a]-> GO:0033135
GO:0033139 -[is_a]-> GO:0046425
GO:0033139 -[regulates]-> GO:0042501
GO:0033140 -[is_a]-> GO:0033137
GO:0033140 -[is_a]-> GO:0033139
GO:0033140 -[negatively_regulates]-> GO:0042501
GO:0033141 -[is_a]-> GO:0033138
GO:0033141 -[is_a]-> GO:0033139
GO:0033141 -[positively_regulates]-> GO:0042501
GO:0033142 -[is_a]-> GO:0035258
GO:0033143 -[is_a]-> GO:0009966
GO:0033143 -[regulates]-> GO:0030518
GO:0033144 -[is_a]-> GO:0009968
GO:0033144 -[is_a]-> GO:0033143
GO:0033144 -[negatively_regulates]-> GO:0030518
GO:0033145 -[is_a]-> GO:0009967
GO:0033145 -[is_a]-> GO:0033143
GO:0033145 -[positively_regulates]-> GO:0030518
GO:0033146 -[is_a]-> GO:0033143
GO:0033146 -[regulates]-> GO:0030520
GO:0033147 -[is_a]-> GO:0033144
GO:0033147 -[is_a]-> GO:0033146
GO:0033147 -[negatively_regulates]-> GO:0030520
GO:0033148 -[is_a]-> GO:0033145
GO:0033148 -[is_a]-> GO:0033146
GO:0033148 -[positively_regulates]-> GO:0030520
GO:0033149 -[is_a]-> GO:0019904
GO:0033150 -[is_a]-> GO:0044430
GO:0033150 -[is_a]-> GO:0044444
GO:0033150 -[part_of]-> GO:0033011
GO:0033151 -[is_a]-> GO:0002562
GO:0033152 -[is_a]-> GO:0016447
GO:0033152 -[is_a]-> GO:0033151
GO:0033153 -[is_a]-> GO:0002681
GO:0033153 -[is_a]-> GO:0033151
GO:0033154 -[is_a]-> GO:0015422
GO:0033154 -[is_a]-> GO:0015478
GO:0033154 -[is_a]-> GO:0033155
GO:0033155 -[is_a]-> GO:0015157
GO:0033155 -[part_of]-> GO:0033156
GO:0033156 -[is_a]-> GO:0015772
GO:0033157 -[is_a]-> GO:0032386
GO:0033157 -[is_a]-> GO:0051223
GO:0033157 -[is_a]-> GO:1903827
GO:0033157 -[regulates]-> GO:0006886
GO:0033158 -[is_a]-> GO:0042306
GO:0033158 -[regulates]-> GO:0000060
GO:0033159 -[is_a]-> GO:0033158
GO:0033159 -[is_a]-> GO:0042308
GO:0033159 -[negatively_regulates]-> GO:0000060
GO:0033160 -[is_a]-> GO:0033158
GO:0033160 -[is_a]-> GO:0042307
GO:0033160 -[positively_regulates]-> GO:0000060
GO:0033161 -[is_a]-> GO:0019901
GO:0033162 -[is_a]-> GO:0030659
GO:0033162 -[is_a]-> GO:0098588
GO:0033162 -[is_a]-> GO:0098805
GO:0033162 -[part_of]-> GO:0042470
GO:0033162 -[part_of]-> GO:0045009
GO:0033163 -[is_a]-> GO:0044424
GO:0033163 -[is_a]-> GO:0098588
GO:0033163 -[part_of]-> GO:0020009
GO:0033164 -[is_a]-> GO:0000009
GO:0033164 -[is_a]-> GO:0004376
GO:0033165 -[is_a]-> GO:0005578
GO:0033166 -[is_a]-> GO:0005578
GO:0033167 -[is_a]-> GO:0031332
GO:0033167 -[is_a]-> GO:0044428
GO:0033168 -[is_a]-> GO:0036404
GO:0033168 -[part_of]-> GO:0016246
GO:0033168 -[part_of]-> GO:0030422
GO:0033169 -[is_a]-> GO:0070076
GO:0033170 -[is_a]-> GO:0008094
GO:0033172 -[is_a]-> GO:0044446
GO:0033172 -[part_of]-> GO:0031411
GO:0033173 -[is_a]-> GO:0048016
GO:0033173 -[is_a]-> GO:0097720
GO:0033174 -[is_a]-> GO:0045261
GO:0033174 -[is_a]-> GO:0098807
GO:0033174 -[part_of]-> GO:0045320
GO:0033175 -[is_a]-> GO:0045263
GO:0033175 -[is_a]-> GO:0098807
GO:0033175 -[part_of]-> GO:0045320
GO:0033176 -[is_a]-> GO:0016469
GO:0033177 -[is_a]-> GO:0098796
GO:0033177 -[part_of]-> GO:0016469
GO:0033178 -[is_a]-> GO:0098796
GO:0033178 -[part_of]-> GO:0016469
GO:0033179 -[is_a]-> GO:0033177
GO:0033179 -[part_of]-> GO:0033176
GO:0033180 -[is_a]-> GO:0033178
GO:0033180 -[part_of]-> GO:0033176
GO:0033181 -[is_a]-> GO:0033176
GO:0033181 -[is_a]-> GO:0098797
GO:0033181 -[part_of]-> GO:0005886
GO:0033182 -[is_a]-> GO:0031056
GO:0033182 -[is_a]-> GO:0031396
GO:0033182 -[regulates]-> GO:0016574
GO:0033183 -[is_a]-> GO:0031057
GO:0033183 -[is_a]-> GO:0031397
GO:0033183 -[is_a]-> GO:0033182
GO:0033183 -[negatively_regulates]-> GO:0016574
GO:0033184 -[is_a]-> GO:0031058
GO:0033184 -[is_a]-> GO:0031398
GO:0033184 -[is_a]-> GO:0033182
GO:0033184 -[positively_regulates]-> GO:0016574
GO:0033185 -[is_a]-> GO:0031501
GO:0033186 -[is_a]-> GO:0043234
GO:0033188 -[is_a]-> GO:0016780
GO:0033189 -[is_a]-> GO:0033273
GO:0033189 -[is_a]-> GO:0033993
GO:0033190 -[is_a]-> GO:0009975
GO:0033191 -[is_a]-> GO:0016744
GO:0033192 -[is_a]-> GO:0004723
GO:0033193 -[is_a]-> GO:0043234
GO:0033193 -[is_a]-> GO:0044427
GO:0033194 -[is_a]-> GO:0006979
GO:0033194 -[is_a]-> GO:1901700
GO:0033195 -[is_a]-> GO:0010033
GO:0033195 -[is_a]-> GO:0033194
GO:0033196 -[is_a]-> GO:0004601
GO:0033196 -[is_a]-> GO:0051920
GO:0033197 -[is_a]-> GO:0014070
GO:0033197 -[is_a]-> GO:0033273
GO:0033197 -[is_a]-> GO:1901700
GO:0033198 -[is_a]-> GO:0014074
GO:0033198 -[is_a]-> GO:0046683
GO:0033198 -[is_a]-> GO:1901700
GO:0033200 -[is_a]-> GO:0000829
GO:0033201 -[is_a]-> GO:0016758
GO:0033202 -[is_a]-> GO:0044424
GO:0033202 -[is_a]-> GO:1902494
GO:0033203 -[is_a]-> GO:0033202
GO:0033203 -[is_a]-> GO:0044428
GO:0033204 -[is_a]-> GO:0003723
GO:0033206 -[is_a]-> GO:0061640
GO:0033206 -[is_a]-> GO:1903046
GO:0033206 -[part_of]-> GO:0051321
GO:0033207 -[is_a]-> GO:0008376
GO:0033208 -[is_a]-> GO:0033207
GO:0033209 -[is_a]-> GO:0019221
GO:0033209 -[part_of]-> GO:0071356
GO:0033210 -[is_a]-> GO:0019221
GO:0033210 -[part_of]-> GO:0044320
GO:0033211 -[is_a]-> GO:0009755
GO:0033211 -[is_a]-> GO:0019221
GO:0033212 -[is_a]-> GO:0006879
GO:0033212 -[has_part]-> GO:0097459
GO:0033213 -[is_a]-> GO:0033212
GO:0033213 -[has_part]-> GO:0034755
GO:0033214 -[is_a]-> GO:0033212
GO:0033214 -[has_part]-> GO:0098711
GO:0033215 -[is_a]-> GO:0033212
GO:0033215 -[has_part]-> GO:0000293
GO:0033215 -[has_part]-> GO:0034755
GO:0033216 -[is_a]-> GO:0015682
GO:0033216 -[is_a]-> GO:0097286
GO:0033217 -[is_a]-> GO:0010106
GO:0033217 -[is_a]-> GO:0043618
GO:0033218 -[is_a]-> GO:0005488
GO:0033219 -[is_a]-> GO:0033218
GO:0033219 -[is_a]-> GO:0036094
GO:0033220 -[is_a]-> GO:0042626
GO:0033220 -[is_a]-> GO:0042887
GO:0033221 -[is_a]-> GO:0015204
GO:0033221 -[is_a]-> GO:0033220
GO:0033222 -[is_a]-> GO:0048029
GO:0033223 -[is_a]-> GO:0044765
GO:0033223 -[is_a]-> GO:0071702
GO:0033223 -[is_a]-> GO:0071705
GO:0033224 -[is_a]-> GO:0022804
GO:0033224 -[part_of]-> GO:0033223
GO:0033225 -[is_a]-> GO:0033224
GO:0033225 -[is_a]-> GO:0042626
GO:0033226 -[is_a]-> GO:0005488
GO:0033227 -[is_a]-> GO:0044765
GO:0033227 -[is_a]-> GO:0050658
GO:0033228 -[is_a]-> GO:0032973
GO:0033228 -[is_a]-> GO:0042883
GO:0033229 -[is_a]-> GO:0000099
GO:0033229 -[is_a]-> GO:0015175
GO:0033229 -[part_of]-> GO:1903712
GO:0033230 -[is_a]-> GO:0015424
GO:0033230 -[is_a]-> GO:0033229
GO:0033231 -[is_a]-> GO:0008643
GO:0033232 -[is_a]-> GO:0015424
GO:0033232 -[is_a]-> GO:0048474
GO:0033232 -[is_a]-> GO:1901243
GO:0033233 -[is_a]-> GO:1903320
GO:0033233 -[regulates]-> GO:0016925
GO:0033234 -[is_a]-> GO:0033233
GO:0033234 -[is_a]-> GO:1903321
GO:0033234 -[negatively_regulates]-> GO:0016925
GO:0033235 -[is_a]-> GO:0033233
GO:0033235 -[is_a]-> GO:1903322
GO:0033235 -[positively_regulates]-> GO:0016925
GO:0033238 -[is_a]-> GO:0031323
GO:0033238 -[is_a]-> GO:0051171
GO:0033238 -[regulates]-> GO:0044106
GO:0033239 -[is_a]-> GO:0031324
GO:0033239 -[is_a]-> GO:0033238
GO:0033239 -[is_a]-> GO:0051172
GO:0033239 -[negatively_regulates]-> GO:0044106
GO:0033240 -[is_a]-> GO:0031325
GO:0033240 -[is_a]-> GO:0033238
GO:0033240 -[is_a]-> GO:0051173
GO:0033240 -[positively_regulates]-> GO:0044106
GO:0033241 -[is_a]-> GO:0031329
GO:0033241 -[is_a]-> GO:0033238
GO:0033241 -[regulates]-> GO:0009310
GO:0033242 -[is_a]-> GO:0031330
GO:0033242 -[is_a]-> GO:0033239
GO:0033242 -[is_a]-> GO:0033241
GO:0033242 -[negatively_regulates]-> GO:0009310
GO:0033243 -[is_a]-> GO:0031331
GO:0033243 -[is_a]-> GO:0033240
GO:0033243 -[is_a]-> GO:0033241
GO:0033243 -[positively_regulates]-> GO:0009310
GO:0033244 -[is_a]-> GO:0010565
GO:0033244 -[is_a]-> GO:0033238
GO:0033244 -[is_a]-> GO:0034248
GO:0033244 -[is_a]-> GO:0042762
GO:0033244 -[is_a]-> GO:0043455
GO:0033244 -[regulates]-> GO:0042316
GO:0033245 -[is_a]-> GO:0033239
GO:0033245 -[is_a]-> GO:0033244
GO:0033245 -[is_a]-> GO:0034249
GO:0033245 -[is_a]-> GO:0051175
GO:0033245 -[negatively_regulates]-> GO:0042316
GO:0033246 -[is_a]-> GO:0033240
GO:0033246 -[is_a]-> GO:0033244
GO:0033246 -[is_a]-> GO:0034250
GO:0033246 -[is_a]-> GO:0051176
GO:0033246 -[positively_regulates]-> GO:0042316
GO:0033247 -[is_a]-> GO:0033244
GO:0033247 -[is_a]-> GO:0034251
GO:0033247 -[regulates]-> GO:0042317
GO:0033248 -[is_a]-> GO:0033245
GO:0033248 -[is_a]-> GO:0033247
GO:0033248 -[is_a]-> GO:0034252
GO:0033248 -[negatively_regulates]-> GO:0042317
GO:0033249 -[is_a]-> GO:0033246
GO:0033249 -[is_a]-> GO:0033247
GO:0033249 -[is_a]-> GO:0034253
GO:0033249 -[positively_regulates]-> GO:0042317
GO:0033250 -[is_a]-> GO:0008800
GO:0033251 -[is_a]-> GO:0008800
GO:0033252 -[is_a]-> GO:0051336
GO:0033252 -[regulates]-> GO:0008800
GO:0033253 -[is_a]-> GO:0033252
GO:0033253 -[regulates]-> GO:0033250
GO:0033254 -[is_a]-> GO:0043234
GO:0033254 -[is_a]-> GO:0044444
GO:0033255 -[is_a]-> GO:0032777
GO:0033256 -[is_a]-> GO:0043234
GO:0033256 -[is_a]-> GO:0044424
GO:0033257 -[is_a]-> GO:0033256
GO:0033258 -[is_a]-> GO:0006259
GO:0033258 -[part_of]-> GO:0009657
GO:0033259 -[is_a]-> GO:0006261
GO:0033259 -[is_a]-> GO:0033258
GO:0033259 -[occurs_in]-> GO:0009536
GO:0033260 -[is_a]-> GO:0044786
GO:0033260 -[occurs_in]-> GO:0005634
GO:0033260 -[part_of]-> GO:0007049
GO:0033262 -[is_a]-> GO:0010564
GO:0033262 -[is_a]-> GO:0090329
GO:0033262 -[regulates]-> GO:0033260
GO:0033263 -[is_a]-> GO:0043234
GO:0033263 -[is_a]-> GO:0044440
GO:0033263 -[is_a]-> GO:0099023
GO:0033265 -[is_a]-> GO:0070405
GO:0033266 -[is_a]-> GO:0015220
GO:0033266 -[is_a]-> GO:0019829
GO:0033266 -[is_a]-> GO:0031263
GO:0033267 -[is_a]-> GO:0044463
GO:0033267 -[is_a]-> GO:0097458
GO:0033267 -[part_of]-> GO:0030424
GO:0033268 -[is_a]-> GO:0033267
GO:0033268 -[part_of]-> GO:0044304
GO:0033269 -[is_a]-> GO:0033267
GO:0033269 -[part_of]-> GO:0044304
GO:0033270 -[is_a]-> GO:0033267
GO:0033270 -[part_of]-> GO:0044304
GO:0033271 -[is_a]-> GO:0015748
GO:0033271 -[is_a]-> GO:0015791
GO:0033272 -[is_a]-> GO:0033271
GO:0033273 -[is_a]-> GO:0007584
GO:0033274 -[is_a]-> GO:0010243
GO:0033274 -[is_a]-> GO:0014070
GO:0033274 -[is_a]-> GO:0033273
GO:0033275 -[is_a]-> GO:0070252
GO:0033276 -[is_a]-> GO:0070461
GO:0033276 -[is_a]-> GO:0090575
GO:0033276 -[part_of]-> GO:0016591
GO:0033277 -[is_a]-> GO:0000278
GO:0033278 -[is_a]-> GO:0061351
GO:0033278 -[part_of]-> GO:0030901
GO:0033280 -[is_a]-> GO:0014070
GO:0033280 -[is_a]-> GO:0033273
GO:0033280 -[is_a]-> GO:0033993
GO:0033280 -[is_a]-> GO:1901700
GO:0033281 -[is_a]-> GO:0098797
GO:0033282 -[is_a]-> GO:0044433
GO:0033282 -[is_a]-> GO:0097180
GO:0033282 -[is_a]-> GO:0097223
GO:0033282 -[is_a]-> GO:0098796
GO:0033282 -[part_of]-> GO:0002080
GO:0033283 -[is_a]-> GO:0005342
GO:0033283 -[is_a]-> GO:0042626
GO:0033284 -[is_a]-> GO:0033283
GO:0033284 -[is_a]-> GO:0046943
GO:0033285 -[is_a]-> GO:0008028
GO:0033285 -[is_a]-> GO:0033284
GO:0033286 -[is_a]-> GO:0033285
GO:0033286 -[is_a]-> GO:0051471
GO:0033287 -[is_a]-> GO:0008028
GO:0033287 -[is_a]-> GO:0015665
GO:0033287 -[part_of]-> GO:0033308
GO:0033288 -[is_a]-> GO:0033285
GO:0033288 -[is_a]-> GO:0033287
GO:0033289 -[is_a]-> GO:0005874
GO:0033289 -[part_of]-> GO:0020007
GO:0033290 -[is_a]-> GO:0070993
GO:0033290 -[has_part]-> GO:0022627
GO:0033291 -[is_a]-> GO:0070992
GO:0033292 -[is_a]-> GO:0044802
GO:0033292 -[part_of]-> GO:0007009
GO:0033292 -[part_of]-> GO:0055001
GO:0033293 -[is_a]-> GO:0031406
GO:0033294 -[is_a]-> GO:0043177
GO:0033294 -[is_a]-> GO:0097159
GO:0033294 -[is_a]-> GO:1901363
GO:0033295 -[is_a]-> GO:0043177
GO:0033295 -[is_a]-> GO:0043178
GO:0033295 -[is_a]-> GO:0097159
GO:0033295 -[is_a]-> GO:1901363
GO:0033296 -[is_a]-> GO:0048029
GO:0033297 -[is_a]-> GO:0015153
GO:0033297 -[is_a]-> GO:0015407
GO:0033297 -[is_a]-> GO:0015608
GO:0033298 -[is_a]-> GO:0007033
GO:0033298 -[is_a]-> GO:0016050
GO:0033299 -[is_a]-> GO:0009306
GO:0033300 -[is_a]-> GO:0051183
GO:0033300 -[part_of]-> GO:0070837
GO:0033301 -[is_a]-> GO:0000278
GO:0033302 -[is_a]-> GO:0016137
GO:0033302 -[is_a]-> GO:0051552
GO:0033303 -[is_a]-> GO:0016138
GO:0033303 -[is_a]-> GO:0033302
GO:0033303 -[is_a]-> GO:0051553
GO:0033304 -[is_a]-> GO:0015994
GO:0033305 -[is_a]-> GO:0015995
GO:0033305 -[is_a]-> GO:0033304
GO:0033306 -[is_a]-> GO:0016101
GO:0033306 -[is_a]-> GO:0034308
GO:0033306 -[is_a]-> GO:1903173
GO:0033307 -[is_a]-> GO:0033520
GO:0033307 -[is_a]-> GO:0043094
GO:0033308 -[is_a]-> GO:0015849
GO:0033308 -[is_a]-> GO:0015850
GO:0033308 -[is_a]-> GO:0071705
GO:0033309 -[is_a]-> GO:0090575
GO:0033310 -[is_a]-> GO:0015996
GO:0033310 -[is_a]-> GO:0033304
GO:0033311 -[is_a]-> GO:0033305
GO:0033312 -[is_a]-> GO:0033305
GO:0033313 -[is_a]-> GO:0000075
GO:0033313 -[is_a]-> GO:1903046
GO:0033313 -[part_of]-> GO:0051321
GO:0033314 -[is_a]-> GO:0000076
GO:0033314 -[is_a]-> GO:0044774
GO:0033314 -[is_a]-> GO:0044818
GO:0033314 -[part_of]-> GO:0000278
GO:0033315 -[is_a]-> GO:0000076
GO:0033315 -[is_a]-> GO:0044778
GO:0033315 -[is_a]-> GO:1901994
GO:0033315 -[part_of]-> GO:0051321
GO:0033316 -[is_a]-> GO:0044779
GO:0033316 -[is_a]-> GO:0071173
GO:0033316 -[part_of]-> GO:0051321
GO:0033317 -[is_a]-> GO:0006573
GO:0033317 -[is_a]-> GO:0015940
GO:0033318 -[is_a]-> GO:0015940
GO:0033318 -[is_a]-> GO:0046483
GO:0033318 -[is_a]-> GO:1901360
GO:0033319 -[is_a]-> GO:0009225
GO:0033320 -[is_a]-> GO:0009226
GO:0033320 -[is_a]-> GO:0033319
GO:0033321 -[is_a]-> GO:0006520
GO:0033322 -[is_a]-> GO:0008652
GO:0033322 -[is_a]-> GO:0033321
GO:0033323 -[is_a]-> GO:0042425
GO:0033324 -[is_a]-> GO:0042425
GO:0033325 -[is_a]-> GO:0042425
GO:0033326 -[is_a]-> GO:0007589
GO:0033326 -[is_a]-> GO:0032941
GO:0033327 -[is_a]-> GO:0003006
GO:0033327 -[is_a]-> GO:0030154
GO:0033327 -[is_a]-> GO:0044702
GO:0033327 -[part_of]-> GO:0008584
GO:0033328 -[is_a]-> GO:0000268
GO:0033329 -[is_a]-> GO:0051552
GO:0033329 -[is_a]-> GO:1901615
GO:0033329 -[is_a]-> GO:1901804
GO:0033330 -[is_a]-> GO:0033329
GO:0033330 -[is_a]-> GO:0051553
GO:0033330 -[is_a]-> GO:1901617
GO:0033330 -[is_a]-> GO:1901806
GO:0033331 -[is_a]-> GO:0042214
GO:0033332 -[is_a]-> GO:0033331
GO:0033332 -[is_a]-> GO:0046246
GO:0033333 -[is_a]-> GO:0048736
GO:0033334 -[is_a]-> GO:0035107
GO:0033334 -[part_of]-> GO:0033333
GO:0033335 -[is_a]-> GO:0033338
GO:0033336 -[is_a]-> GO:0033338
GO:0033337 -[is_a]-> GO:0033338
GO:0033338 -[is_a]-> GO:0033333
GO:0033339 -[is_a]-> GO:0033333
GO:0033340 -[is_a]-> GO:0033333
GO:0033341 -[is_a]-> GO:0043393
GO:0033341 -[regulates]-> GO:0005518
GO:0033342 -[is_a]-> GO:0032091
GO:0033342 -[is_a]-> GO:0033341
GO:0033342 -[negatively_regulates]-> GO:0005518
GO:0033343 -[is_a]-> GO:0032092
GO:0033343 -[is_a]-> GO:0033341
GO:0033343 -[positively_regulates]-> GO:0005518
GO:0033344 -[is_a]-> GO:0030301
GO:0033345 -[is_a]-> GO:0006530
GO:0033346 -[is_a]-> GO:0006530
GO:0033347 -[is_a]-> GO:0005996
GO:0033348 -[is_a]-> GO:0033347
GO:0033348 -[is_a]-> GO:0046364
GO:0033349 -[is_a]-> GO:0033347
GO:0033350 -[is_a]-> GO:0033348
GO:0033350 -[is_a]-> GO:0033349
GO:0033351 -[is_a]-> GO:0009225
GO:0033352 -[is_a]-> GO:0009226
GO:0033352 -[is_a]-> GO:0033351
GO:0033353 -[is_a]-> GO:0000096
GO:0033353 -[is_a]-> GO:0009066
GO:0033353 -[is_a]-> GO:0009069
GO:0033353 -[is_a]-> GO:0046498
GO:0033353 -[is_a]-> GO:0046500
GO:0033353 -[has_part]-> GO:0008898
GO:0033354 -[is_a]-> GO:0015994
GO:0033355 -[is_a]-> GO:0006749
GO:0033355 -[is_a]-> GO:0019852
GO:0033355 -[is_a]-> GO:0042744
GO:0033355 -[is_a]-> GO:0044712
GO:0033356 -[is_a]-> GO:0009225
GO:0033357 -[is_a]-> GO:0019567
GO:0033357 -[is_a]-> GO:0046373
GO:0033358 -[is_a]-> GO:0009226
GO:0033358 -[is_a]-> GO:0033356
GO:0033359 -[is_a]-> GO:0009089
GO:0033360 -[is_a]-> GO:0009089
GO:0033361 -[is_a]-> GO:0009089
GO:0033361 -[has_part]-> GO:0047850
GO:0033362 -[is_a]-> GO:0009089
GO:0033362 -[has_part]-> GO:0008837
GO:0033362 -[has_part]-> GO:0010285
GO:0033363 -[is_a]-> GO:0016050
GO:0033363 -[part_of]-> GO:0010256
GO:0033364 -[is_a]-> GO:0033363
GO:0033365 -[is_a]-> GO:0034613
GO:0033366 -[is_a]-> GO:0033365
GO:0033367 -[is_a]-> GO:0033366
GO:0033367 -[part_of]-> GO:0033364
GO:0033368 -[is_a]-> GO:0033367
GO:0033369 -[is_a]-> GO:0006886
GO:0033369 -[part_of]-> GO:0033367
GO:0033370 -[is_a]-> GO:0045185
GO:0033370 -[is_a]-> GO:0051651
GO:0033370 -[part_of]-> GO:0033367
GO:0033371 -[is_a]-> GO:0033363
GO:0033372 -[is_a]-> GO:0033369
GO:0033372 -[part_of]-> GO:0033368
GO:0033373 -[is_a]-> GO:0033370
GO:0033373 -[part_of]-> GO:0033368
GO:0033374 -[is_a]-> GO:0033366
GO:0033374 -[part_of]-> GO:0033371
GO:0033375 -[is_a]-> GO:0033374
GO:0033376 -[is_a]-> GO:0006886
GO:0033376 -[part_of]-> GO:0033374
GO:0033377 -[is_a]-> GO:0045185
GO:0033377 -[is_a]-> GO:0051651
GO:0033377 -[part_of]-> GO:0033374
GO:0033378 -[is_a]-> GO:0033376
GO:0033378 -[part_of]-> GO:0033375
GO:0033379 -[is_a]-> GO:0033377
GO:0033379 -[part_of]-> GO:0033375
GO:0033380 -[is_a]-> GO:0033375
GO:0033381 -[is_a]-> GO:0033378
GO:0033381 -[part_of]-> GO:0033380
GO:0033382 -[is_a]-> GO:0033379
GO:0033382 -[part_of]-> GO:0033380
GO:0033383 -[is_a]-> GO:0006644
GO:0033383 -[is_a]-> GO:0006721
GO:0033384 -[is_a]-> GO:0008654
GO:0033384 -[is_a]-> GO:0016114
GO:0033384 -[is_a]-> GO:0033383
GO:0033385 -[is_a]-> GO:0006644
GO:0033385 -[is_a]-> GO:0006721
GO:0033386 -[is_a]-> GO:0008654
GO:0033386 -[is_a]-> GO:0016114
GO:0033386 -[is_a]-> GO:0033385
GO:0033387 -[is_a]-> GO:0006591
GO:0033387 -[is_a]-> GO:0009446
GO:0033387 -[is_a]-> GO:0044711
GO:0033388 -[is_a]-> GO:0006525
GO:0033388 -[is_a]-> GO:0009446
GO:0033388 -[is_a]-> GO:0044711
GO:0033389 -[is_a]-> GO:0033388
GO:0033390 -[is_a]-> GO:0033388
GO:0033391 -[is_a]-> GO:0036464
GO:0033393 -[is_a]-> GO:0000272
GO:0033393 -[is_a]-> GO:0010394
GO:0033394 -[is_a]-> GO:0019483
GO:0033395 -[is_a]-> GO:0019483
GO:0033396 -[is_a]-> GO:0019483
GO:0033397 -[is_a]-> GO:0009690
GO:0033397 -[is_a]-> GO:0072521
GO:0033398 -[is_a]-> GO:0009691
GO:0033398 -[is_a]-> GO:0033397
GO:0033398 -[is_a]-> GO:0072522
GO:0033399 -[is_a]-> GO:0033397
GO:0033400 -[is_a]-> GO:0033397
GO:0033401 -[is_a]-> GO:0030533
GO:0033402 -[is_a]-> GO:0030533
GO:0033403 -[is_a]-> GO:0030533
GO:0033404 -[is_a]-> GO:0030533
GO:0033405 -[is_a]-> GO:0030533
GO:0033406 -[is_a]-> GO:0030533
GO:0033407 -[is_a]-> GO:0030533
GO:0033408 -[is_a]-> GO:0030533
GO:0033409 -[is_a]-> GO:0030533
GO:0033410 -[is_a]-> GO:0030533
GO:0033411 -[is_a]-> GO:0030533
GO:0033412 -[is_a]-> GO:0030533
GO:0033413 -[is_a]-> GO:0030533
GO:0033414 -[is_a]-> GO:0030533
GO:0033415 -[is_a]-> GO:0030533
GO:0033416 -[is_a]-> GO:0030533
GO:0033417 -[is_a]-> GO:0030533
GO:0033418 -[is_a]-> GO:0030533
GO:0033419 -[is_a]-> GO:0030533
GO:0033420 -[is_a]-> GO:0030533
GO:0033421 -[is_a]-> GO:0030533
GO:0033422 -[is_a]-> GO:0030533
GO:0033423 -[is_a]-> GO:0030533
GO:0033424 -[is_a]-> GO:0030533
GO:0033425 -[is_a]-> GO:0030533
GO:0033426 -[is_a]-> GO:0030533
GO:0033427 -[is_a]-> GO:0030533
GO:0033428 -[is_a]-> GO:0030533
GO:0033429 -[is_a]-> GO:0030533
GO:0033430 -[is_a]-> GO:0030533
GO:0033431 -[is_a]-> GO:0030533
GO:0033432 -[is_a]-> GO:0030533
GO:0033433 -[is_a]-> GO:0030533
GO:0033434 -[is_a]-> GO:0030533
GO:0033435 -[is_a]-> GO:0030533
GO:0033436 -[is_a]-> GO:0030533
GO:0033437 -[is_a]-> GO:0030533
GO:0033438 -[is_a]-> GO:0030533
GO:0033439 -[is_a]-> GO:0030533
GO:0033440 -[is_a]-> GO:0030533
GO:0033441 -[is_a]-> GO:0030533
GO:0033442 -[is_a]-> GO:0030533
GO:0033443 -[is_a]-> GO:0030533
GO:0033444 -[is_a]-> GO:0030533
GO:0033445 -[is_a]-> GO:0030533
GO:0033446 -[is_a]-> GO:0030533
GO:0033447 -[is_a]-> GO:0030533
GO:0033448 -[is_a]-> GO:0030533
GO:0033449 -[is_a]-> GO:0030533
GO:0033450 -[is_a]-> GO:0030533
GO:0033451 -[is_a]-> GO:0030533
GO:0033452 -[is_a]-> GO:0030533
GO:0033453 -[is_a]-> GO:0030533
GO:0033454 -[is_a]-> GO:0030533
GO:0033455 -[is_a]-> GO:0030533
GO:0033456 -[is_a]-> GO:0030533
GO:0033457 -[is_a]-> GO:0030533
GO:0033458 -[is_a]-> GO:0030533
GO:0033459 -[is_a]-> GO:0030533
GO:0033460 -[is_a]-> GO:0030533
GO:0033461 -[is_a]-> GO:0030533
GO:0033462 -[is_a]-> GO:0030533
GO:0033463 -[is_a]-> GO:0030533
GO:0033464 -[is_a]-> GO:0030533
GO:0033465 -[is_a]-> GO:0033398
GO:0033465 -[is_a]-> GO:0033399
GO:0033466 -[is_a]-> GO:0033398
GO:0033466 -[is_a]-> GO:0033400
GO:0033467 -[is_a]-> GO:0009225
GO:0033468 -[is_a]-> GO:0009226
GO:0033468 -[is_a]-> GO:0033467
GO:0033469 -[is_a]-> GO:0043648
GO:0033470 -[is_a]-> GO:0033469
GO:0033470 -[is_a]-> GO:0043650
GO:0033471 -[is_a]-> GO:0009225
GO:0033472 -[is_a]-> GO:0009226
GO:0033472 -[is_a]-> GO:0033471
GO:0033473 -[is_a]-> GO:0009683
GO:0033474 -[is_a]-> GO:0009851
GO:0033474 -[is_a]-> GO:0033473
GO:0033474 -[is_a]-> GO:0042435
GO:0033474 -[is_a]-> GO:0044711
GO:0033475 -[is_a]-> GO:0033474
GO:0033475 -[is_a]-> GO:0043604
GO:0033476 -[is_a]-> GO:0033474
GO:0033477 -[is_a]-> GO:0006790
GO:0033478 -[is_a]-> GO:0006793
GO:0033478 -[is_a]-> GO:0071704
GO:0033479 -[is_a]-> GO:0009225
GO:0033480 -[is_a]-> GO:0009226
GO:0033480 -[is_a]-> GO:0033479
GO:0033481 -[is_a]-> GO:0019586
GO:0033481 -[is_a]-> GO:0072330
GO:0033482 -[is_a]-> GO:0033481
GO:0033482 -[is_a]-> GO:0046396
GO:0033483 -[is_a]-> GO:0048878
GO:0033484 -[is_a]-> GO:0033483
GO:0033485 -[is_a]-> GO:0009813
GO:0033485 -[is_a]-> GO:1901038
GO:0033485 -[is_a]-> GO:1901806
GO:0033486 -[is_a]-> GO:0009813
GO:0033486 -[is_a]-> GO:1901806
GO:0033487 -[is_a]-> GO:0009813
GO:0033487 -[is_a]-> GO:1901806
GO:0033488 -[is_a]-> GO:0006695
GO:0033489 -[is_a]-> GO:0006695
GO:0033490 -[is_a]-> GO:0006695
GO:0033491 -[is_a]-> GO:0006725
GO:0033491 -[is_a]-> GO:0018904
GO:0033491 -[is_a]-> GO:0044763
GO:0033491 -[is_a]-> GO:1901360
GO:0033491 -[is_a]-> GO:1901804
GO:0033492 -[is_a]-> GO:0009804
GO:0033493 -[is_a]-> GO:0009805
GO:0033493 -[is_a]-> GO:0033492
GO:0033494 -[is_a]-> GO:0032787
GO:0033495 -[is_a]-> GO:0033494
GO:0033495 -[is_a]-> GO:0072330
GO:0033496 -[is_a]-> GO:0032787
GO:0033497 -[is_a]-> GO:0033496
GO:0033497 -[is_a]-> GO:0072330
GO:0033498 -[is_a]-> GO:0019388
GO:0033499 -[is_a]-> GO:0019388
GO:0033500 -[is_a]-> GO:0048878
GO:0033501 -[is_a]-> GO:0033500
GO:0033502 -[is_a]-> GO:0033501
GO:0033502 -[is_a]-> GO:0055082
GO:0033503 -[is_a]-> GO:0000151
GO:0033503 -[is_a]-> GO:0031371
GO:0033503 -[is_a]-> GO:0044427
GO:0033503 -[part_of]-> GO:0000792
GO:0033504 -[is_a]-> GO:0044767
GO:0033504 -[is_a]-> GO:0048856
GO:0033504 -[part_of]-> GO:0021915
GO:0033505 -[is_a]-> GO:0048598
GO:0033505 -[is_a]-> GO:0048729
GO:0033505 -[part_of]-> GO:0033504
GO:0033506 -[is_a]-> GO:0019761
GO:0033506 -[is_a]-> GO:0033321
GO:0033507 -[is_a]-> GO:0006520
GO:0033507 -[is_a]-> GO:0019761
GO:0033508 -[is_a]-> GO:0006538
GO:0033508 -[is_a]-> GO:0019605
GO:0033509 -[is_a]-> GO:0006538
GO:0033509 -[is_a]-> GO:0019541
GO:0033510 -[is_a]-> GO:0051552
GO:0033510 -[is_a]-> GO:1901615
GO:0033511 -[is_a]-> GO:0033510
GO:0033511 -[is_a]-> GO:0051553
GO:0033511 -[is_a]-> GO:1901617
GO:0033512 -[is_a]-> GO:0019474
GO:0033513 -[is_a]-> GO:0019474
GO:0033514 -[is_a]-> GO:0019474
GO:0033515 -[is_a]-> GO:0019474
GO:0033516 -[is_a]-> GO:0019279
GO:0033517 -[is_a]-> GO:0043647
GO:0033518 -[is_a]-> GO:0033517
GO:0033518 -[is_a]-> GO:0046855
GO:0033519 -[is_a]-> GO:0006644
GO:0033519 -[is_a]-> GO:0006721
GO:0033520 -[is_a]-> GO:0016102
GO:0033520 -[is_a]-> GO:0033306
GO:0033520 -[is_a]-> GO:0034309
GO:0033520 -[is_a]-> GO:1903175
GO:0033521 -[is_a]-> GO:0008654
GO:0033521 -[is_a]-> GO:0016114
GO:0033521 -[is_a]-> GO:0033519
GO:0033522 -[is_a]-> GO:0016574
GO:0033523 -[is_a]-> GO:0016574
GO:0033524 -[is_a]-> GO:0009698
GO:0033524 -[is_a]-> GO:0018958
GO:0033525 -[is_a]-> GO:0009699
GO:0033525 -[is_a]-> GO:0033524
GO:0033525 -[is_a]-> GO:0046189
GO:0033526 -[is_a]-> GO:0006536
GO:0033526 -[is_a]-> GO:0033014
GO:0033526 -[is_a]-> GO:0044711
GO:0033527 -[is_a]-> GO:0006104
GO:0033527 -[is_a]-> GO:0006544
GO:0033527 -[is_a]-> GO:0033014
GO:0033527 -[is_a]-> GO:0044711
GO:0033528 -[is_a]-> GO:0033477
GO:0033529 -[is_a]-> GO:0010325
GO:0033529 -[is_a]-> GO:0033530
GO:0033530 -[is_a]-> GO:0009311
GO:0033531 -[is_a]-> GO:0009311
GO:0033532 -[is_a]-> GO:0010325
GO:0033532 -[is_a]-> GO:0033531
GO:0033533 -[is_a]-> GO:0009311
GO:0033534 -[is_a]-> GO:0010325
GO:0033534 -[is_a]-> GO:0033533
GO:0033535 -[is_a]-> GO:0009311
GO:0033536 -[is_a]-> GO:0010325
GO:0033536 -[is_a]-> GO:0033535
GO:0033537 -[is_a]-> GO:0033536
GO:0033538 -[is_a]-> GO:0033536
GO:0033539 -[is_a]-> GO:0006635
GO:0033539 -[has_part]-> GO:0003995
GO:0033540 -[is_a]-> GO:0006635
GO:0033541 -[is_a]-> GO:0006635
GO:0033542 -[is_a]-> GO:0006635
GO:0033543 -[is_a]-> GO:0033542
GO:0033544 -[is_a]-> GO:0033542
GO:0033545 -[is_a]-> GO:0010264
GO:0033546 -[is_a]-> GO:0033545
GO:0033548 -[is_a]-> GO:0010264
GO:0033549 -[is_a]-> GO:0004721
GO:0033549 -[part_of]-> GO:0000188
GO:0033550 -[is_a]-> GO:0004725
GO:0033550 -[is_a]-> GO:0033549
GO:0033550 -[part_of]-> GO:1990264
GO:0033551 -[is_a]-> GO:0043234
GO:0033551 -[is_a]-> GO:0044427
GO:0033551 -[part_of]-> GO:0000777
GO:0033552 -[is_a]-> GO:0033273
GO:0033553 -[is_a]-> GO:0000792
GO:0033554 -[is_a]-> GO:0006950
GO:0033554 -[is_a]-> GO:0051716
GO:0033555 -[is_a]-> GO:0006950
GO:0033555 -[is_a]-> GO:0044707
GO:0033556 -[is_a]-> GO:0046527
GO:0033557 -[is_a]-> GO:0043234
GO:0033557 -[is_a]-> GO:0044454
GO:0033558 -[is_a]-> GO:0019213
GO:0033558 -[part_of]-> GO:0006476
GO:0033559 -[is_a]-> GO:0006631
GO:0033560 -[is_a]-> GO:0016646
GO:0033561 -[is_a]-> GO:0050891
GO:0033562 -[is_a]-> GO:0031047
GO:0033563 -[is_a]-> GO:0007411
GO:0033564 -[is_a]-> GO:0007411
GO:0033565 -[is_a]-> GO:0036452
GO:0033566 -[is_a]-> GO:0034629
GO:0033567 -[is_a]-> GO:0006259
GO:0033567 -[part_of]-> GO:0006273
GO:0033568 -[is_a]-> GO:0038024
GO:0033569 -[is_a]-> GO:0015091
GO:0033569 -[is_a]-> GO:0015450
GO:0033569 -[part_of]-> GO:0033571
GO:0033570 -[is_a]-> GO:0015091
GO:0033570 -[is_a]-> GO:0015450
GO:0033570 -[part_of]-> GO:0033572
GO:0033571 -[is_a]-> GO:0015031
GO:0033571 -[is_a]-> GO:0015682
GO:0033572 -[is_a]-> GO:0015031
GO:0033572 -[is_a]-> GO:0015682
GO:0033573 -[is_a]-> GO:0098797
GO:0033574 -[is_a]-> GO:0014070
GO:0033574 -[is_a]-> GO:0033993
GO:0033574 -[is_a]-> GO:1901654
GO:0033575 -[is_a]-> GO:0006486
GO:0033576 -[is_a]-> GO:0006486
GO:0033576 -[occurs_in]-> GO:0005829
GO:0033577 -[is_a]-> GO:0006486
GO:0033577 -[occurs_in]-> GO:0005783
GO:0033578 -[is_a]-> GO:0006486
GO:0033578 -[occurs_in]-> GO:0005794
GO:0033579 -[is_a]-> GO:0033577
GO:0033579 -[is_a]-> GO:0042125
GO:0033579 -[occurs_in]-> GO:0005783
GO:0033580 -[is_a]-> GO:0033575
GO:0033580 -[is_a]-> GO:0042125
GO:0033581 -[is_a]-> GO:0033578
GO:0033581 -[is_a]-> GO:0042125
GO:0033581 -[occurs_in]-> GO:0005794
GO:0033582 -[is_a]-> GO:0033576
GO:0033582 -[is_a]-> GO:0042125
GO:0033582 -[occurs_in]-> GO:0005829
GO:0033583 -[is_a]-> GO:0031253
GO:0033583 -[part_of]-> GO:0016028
GO:0033584 -[is_a]-> GO:0006571
GO:0033584 -[is_a]-> GO:0046417
GO:0033585 -[is_a]-> GO:0009094
GO:0033585 -[is_a]-> GO:0046417
GO:0033586 -[is_a]-> GO:0009094
GO:0033586 -[is_a]-> GO:0046417
GO:0033587 -[is_a]-> GO:0019632
GO:0033587 -[is_a]-> GO:0072330
GO:0033588 -[is_a]-> GO:0043234
GO:0033588 -[is_a]-> GO:0044424
GO:0033590 -[is_a]-> GO:0010243
GO:0033590 -[is_a]-> GO:0014070
GO:0033590 -[is_a]-> GO:0033273
GO:0033591 -[is_a]-> GO:0001101
GO:0033591 -[is_a]-> GO:0033273
GO:0033591 -[is_a]-> GO:0034284
GO:0033592 -[is_a]-> GO:0003725
GO:0033592 -[is_a]-> GO:0003727
GO:0033592 -[is_a]-> GO:0097617
GO:0033593 -[is_a]-> GO:0043234
GO:0033593 -[is_a]-> GO:0044424
GO:0033594 -[is_a]-> GO:0080184
GO:0033594 -[is_a]-> GO:1901654
GO:0033595 -[is_a]-> GO:0033594
GO:0033596 -[is_a]-> GO:0043234
GO:0033596 -[is_a]-> GO:0044445
GO:0033597 -[is_a]-> GO:0043234
GO:0033597 -[is_a]-> GO:0044428
GO:0033597 -[has_part]-> GO:1990298
GO:0033598 -[is_a]-> GO:0050673
GO:0033598 -[part_of]-> GO:0061180
GO:0033599 -[is_a]-> GO:0050678
GO:0033599 -[is_a]-> GO:2000026
GO:0033599 -[regulates]-> GO:0033598
GO:0033600 -[is_a]-> GO:0033599
GO:0033600 -[is_a]-> GO:0050680
GO:0033600 -[is_a]-> GO:0051093
GO:0033600 -[is_a]-> GO:0051241
GO:0033600 -[negatively_regulates]-> GO:0033598
GO:0033601 -[is_a]-> GO:0033599
GO:0033601 -[is_a]-> GO:0050679
GO:0033601 -[is_a]-> GO:0051094
GO:0033601 -[is_a]-> GO:0051240
GO:0033601 -[positively_regulates]-> GO:0033598
GO:0033602 -[is_a]-> GO:0014059
GO:0033602 -[is_a]-> GO:0033604
GO:0033602 -[negatively_regulates]-> GO:0014046
GO:0033603 -[is_a]-> GO:0014059
GO:0033603 -[is_a]-> GO:0033605
GO:0033603 -[positively_regulates]-> GO:0014046
GO:0033604 -[is_a]-> GO:0050433
GO:0033604 -[is_a]-> GO:0051953
GO:0033604 -[is_a]-> GO:1903531
GO:0033604 -[negatively_regulates]-> GO:0050432
GO:0033605 -[is_a]-> GO:0050433
GO:0033605 -[is_a]-> GO:0051954
GO:0033605 -[is_a]-> GO:1903532
GO:0033605 -[positively_regulates]-> GO:0050432
GO:0033606 -[is_a]-> GO:0032594
GO:0033607 -[is_a]-> GO:0043234
GO:0033607 -[is_a]-> GO:0044424
GO:0033608 -[is_a]-> GO:0008410
GO:0033609 -[is_a]-> GO:0043648
GO:0033610 -[is_a]-> GO:0033609
GO:0033610 -[is_a]-> GO:0043650
GO:0033611 -[is_a]-> GO:0033609
GO:0033611 -[is_a]-> GO:0043649
GO:0033612 -[is_a]-> GO:0005102
GO:0033613 -[is_a]-> GO:0008134
GO:0033614 -[is_a]-> GO:0043461
GO:0033614 -[part_of]-> GO:0009658
GO:0033615 -[is_a]-> GO:0043461
GO:0033615 -[occurs_in]-> GO:0005739
GO:0033615 -[part_of]-> GO:0007005
GO:0033616 -[is_a]-> GO:0043461
GO:0033616 -[part_of]-> GO:0007009
GO:0033617 -[is_a]-> GO:0008535
GO:0033617 -[is_a]-> GO:0033108
GO:0033617 -[is_a]-> GO:0097034
GO:0033617 -[occurs_in]-> GO:0005739
GO:0033618 -[is_a]-> GO:0008535
GO:0033618 -[part_of]-> GO:0007009
GO:0033619 -[is_a]-> GO:0006508
GO:0033620 -[is_a]-> GO:0030529
GO:0033620 -[is_a]-> GO:0044428
GO:0033621 -[is_a]-> GO:0000956
GO:0033622 -[is_a]-> GO:0006461
GO:0033623 -[is_a]-> GO:0043254
GO:0033623 -[regulates]-> GO:0033622
GO:0033624 -[is_a]-> GO:0031333
GO:0033624 -[is_a]-> GO:0033623
GO:0033624 -[negatively_regulates]-> GO:0033622
GO:0033625 -[is_a]-> GO:0031334
GO:0033625 -[is_a]-> GO:0033623
GO:0033625 -[positively_regulates]-> GO:0033622
GO:0033626 -[is_a]-> GO:0007166
GO:0033626 -[is_a]-> GO:0033625
GO:0033626 -[positively_regulates]-> GO:0033622
GO:0033627 -[is_a]-> GO:0007155
GO:0033628 -[is_a]-> GO:0030155
GO:0033628 -[regulates]-> GO:0033627
GO:0033629 -[is_a]-> GO:0007162
GO:0033629 -[is_a]-> GO:0033628
GO:0033629 -[negatively_regulates]-> GO:0033627
GO:0033630 -[is_a]-> GO:0033628
GO:0033630 -[is_a]-> GO:0045785
GO:0033630 -[positively_regulates]-> GO:0033627
GO:0033631 -[is_a]-> GO:0016337
GO:0033631 -[is_a]-> GO:0033627
GO:0033632 -[is_a]-> GO:0022407
GO:0033632 -[is_a]-> GO:0033628
GO:0033632 -[regulates]-> GO:0033631
GO:0033633 -[is_a]-> GO:0022408
GO:0033633 -[is_a]-> GO:0033629
GO:0033633 -[is_a]-> GO:0033632
GO:0033633 -[negatively_regulates]-> GO:0033631
GO:0033634 -[is_a]-> GO:0022409
GO:0033634 -[is_a]-> GO:0033630
GO:0033634 -[is_a]-> GO:0033632
GO:0033634 -[positively_regulates]-> GO:0033631
GO:0033635 -[is_a]-> GO:0044003
GO:0033636 -[is_a]-> GO:0033635
GO:0033637 -[is_a]-> GO:0033636
GO:0033638 -[is_a]-> GO:0033636
GO:0033639 -[is_a]-> GO:0033635
GO:0033640 -[is_a]-> GO:0033635
GO:0033641 -[is_a]-> GO:0033635
GO:0033642 -[is_a]-> GO:0033635
GO:0033643 -[is_a]-> GO:0044217
GO:0033643 -[part_of]-> GO:0043657
GO:0033644 -[is_a]-> GO:0033643
GO:0033644 -[is_a]-> GO:0044218
GO:0033645 -[is_a]-> GO:0033644
GO:0033646 -[is_a]-> GO:0033643
GO:0033646 -[part_of]-> GO:0043656
GO:0033647 -[is_a]-> GO:0033646
GO:0033648 -[is_a]-> GO:0033647
GO:0033650 -[is_a]-> GO:0033648
GO:0033650 -[is_a]-> GO:0033655
GO:0033651 -[is_a]-> GO:0033648
GO:0033651 -[is_a]-> GO:0033655
GO:0033652 -[is_a]-> GO:0033651
GO:0033653 -[is_a]-> GO:0033652
GO:0033654 -[is_a]-> GO:0033653
GO:0033654 -[is_a]-> GO:0044160
GO:0033655 -[is_a]-> GO:0033646
GO:0033655 -[part_of]-> GO:0030430
GO:0033656 -[is_a]-> GO:0052043
GO:0033657 -[is_a]-> GO:0033656
GO:0033658 -[is_a]-> GO:0033657
GO:0033659 -[is_a]-> GO:0052043
GO:0033660 -[is_a]-> GO:0052037
GO:0033660 -[is_a]-> GO:0052158
GO:0033661 -[is_a]-> GO:0052037
GO:0033661 -[is_a]-> GO:0052164
GO:0033662 -[is_a]-> GO:0052031
GO:0033662 -[is_a]-> GO:0075344
GO:0033663 -[is_a]-> GO:0033662
GO:0033663 -[is_a]-> GO:0052037
GO:0033664 -[is_a]-> GO:0033662
GO:0033664 -[is_a]-> GO:0052509
GO:0033668 -[is_a]-> GO:0043066
GO:0033668 -[is_a]-> GO:0052041
GO:0033668 -[is_a]-> GO:0052150
GO:0033670 -[is_a]-> GO:0043549
GO:0033670 -[regulates]-> GO:0003951
GO:0033671 -[is_a]-> GO:0033670
GO:0033671 -[is_a]-> GO:0033673
GO:0033671 -[negatively_regulates]-> GO:0003951
GO:0033672 -[is_a]-> GO:0033670
GO:0033672 -[is_a]-> GO:0033674
GO:0033672 -[positively_regulates]-> GO:0003951
GO:0033673 -[is_a]-> GO:0042326
GO:0033673 -[is_a]-> GO:0043549
GO:0033673 -[is_a]-> GO:0051348
GO:0033673 -[negatively_regulates]-> GO:0016301
GO:0033674 -[is_a]-> GO:0042327
GO:0033674 -[is_a]-> GO:0043549
GO:0033674 -[is_a]-> GO:0051347
GO:0033674 -[positively_regulates]-> GO:0016301
GO:0033675 -[is_a]-> GO:0031410
GO:0033676 -[is_a]-> GO:0008094
GO:0033677 -[is_a]-> GO:0004386
GO:0033678 -[is_a]-> GO:0033677
GO:0033679 -[is_a]-> GO:0033677
GO:0033680 -[is_a]-> GO:0008026
GO:0033680 -[is_a]-> GO:0008094
GO:0033680 -[is_a]-> GO:0033677
GO:0033681 -[is_a]-> GO:0033679
GO:0033681 -[is_a]-> GO:0033680
GO:0033682 -[is_a]-> GO:0033678
GO:0033682 -[is_a]-> GO:0033680
GO:0033683 -[is_a]-> GO:0090305
GO:0033683 -[part_of]-> GO:0006289
GO:0033684 -[is_a]-> GO:0032276
GO:0033684 -[regulates]-> GO:0032275
GO:0033685 -[is_a]-> GO:0032277
GO:0033685 -[is_a]-> GO:0033684
GO:0033685 -[negatively_regulates]-> GO:0032275
GO:0033686 -[is_a]-> GO:0032278
GO:0033686 -[is_a]-> GO:0033684
GO:0033686 -[positively_regulates]-> GO:0032275
GO:0033687 -[is_a]-> GO:0008283
GO:0033688 -[is_a]-> GO:0042127
GO:0033688 -[regulates]-> GO:0033687
GO:0033689 -[is_a]-> GO:0008285
GO:0033689 -[is_a]-> GO:0033688
GO:0033689 -[negatively_regulates]-> GO:0033687
GO:0033690 -[is_a]-> GO:0008284
GO:0033690 -[is_a]-> GO:0033688
GO:0033690 -[positively_regulates]-> GO:0033687
GO:0033691 -[is_a]-> GO:0031406
GO:0033691 -[is_a]-> GO:0097367
GO:0033692 -[is_a]-> GO:0000271
GO:0033692 -[is_a]-> GO:0034637
GO:0033692 -[is_a]-> GO:0034645
GO:0033692 -[is_a]-> GO:0044264
GO:0033693 -[is_a]-> GO:0045110
GO:0033693 -[is_a]-> GO:0060052
GO:0033694 -[is_a]-> GO:0016645
GO:0033695 -[is_a]-> GO:0016725
GO:0033696 -[is_a]-> GO:0031452
GO:0033696 -[is_a]-> GO:0031454
GO:0033697 -[is_a]-> GO:0031453
GO:0033697 -[is_a]-> GO:0031454
GO:0033698 -[is_a]-> GO:0070822
GO:0033699 -[is_a]-> GO:0035312
GO:0033700 -[is_a]-> GO:0015914
GO:0033701 -[is_a]-> GO:0016616
GO:0033702 -[is_a]-> GO:0016616
GO:0033703 -[is_a]-> GO:0016616
GO:0033704 -[is_a]-> GO:0016616
GO:0033705 -[is_a]-> GO:0016616
GO:0033707 -[is_a]-> GO:0016616
GO:0033708 -[is_a]-> GO:0016616
GO:0033709 -[is_a]-> GO:0016616
GO:0033711 -[is_a]-> GO:0016616
GO:0033712 -[is_a]-> GO:0016616
GO:0033713 -[is_a]-> GO:0016899
GO:0033714 -[is_a]-> GO:0016899
GO:0033715 -[is_a]-> GO:0016899
GO:0033716 -[is_a]-> GO:0016899
GO:0033717 -[is_a]-> GO:0008875
GO:0033718 -[is_a]-> GO:0016614
GO:0033719 -[is_a]-> GO:0016614
GO:0033720 -[is_a]-> GO:0016614
GO:0033721 -[is_a]-> GO:0016620
GO:0033722 -[is_a]-> GO:0016620
GO:0033723 -[is_a]-> GO:0004029
GO:0033726 -[is_a]-> GO:0016625
GO:0033727 -[is_a]-> GO:0016903
GO:0033728 -[is_a]-> GO:0016628
GO:0033729 -[is_a]-> GO:0016628
GO:0033730 -[is_a]-> GO:0016628
GO:0033731 -[is_a]-> GO:0016628
GO:0033732 -[is_a]-> GO:0016634
GO:0033734 -[is_a]-> GO:0016627
GO:0033735 -[is_a]-> GO:0016638
GO:0033736 -[is_a]-> GO:0001716
GO:0033737 -[is_a]-> GO:0016903
GO:0033738 -[is_a]-> GO:0033694
GO:0033739 -[is_a]-> GO:0016646
GO:0033739 -[is_a]-> GO:0016657
GO:0033740 -[is_a]-> GO:0016646
GO:0033741 -[is_a]-> GO:0016671
GO:0033743 -[is_a]-> GO:0016671
GO:0033744 -[is_a]-> GO:0016671
GO:0033745 -[is_a]-> GO:0016671
GO:0033746 -[is_a]-> GO:0032452
GO:0033746 -[part_of]-> GO:0070078
GO:0033748 -[is_a]-> GO:0016695
GO:0033749 -[is_a]-> GO:0032452
GO:0033749 -[part_of]-> GO:0070079
GO:0033750 -[is_a]-> GO:0051640
GO:0033751 -[is_a]-> GO:0016702
GO:0033752 -[is_a]-> GO:0016702
GO:0033753 -[is_a]-> GO:0033750
GO:0033753 -[is_a]-> GO:0051649
GO:0033753 -[is_a]-> GO:0051656
GO:0033754 -[is_a]-> GO:0016702
GO:0033755 -[is_a]-> GO:0016702
GO:0033756 -[is_a]-> GO:0016703
GO:0033756 -[is_a]-> GO:0045289
GO:0033757 -[is_a]-> GO:0016614
GO:0033758 -[is_a]-> GO:0016706
GO:0033759 -[is_a]-> GO:0016706
GO:0033759 -[part_of]-> GO:0051553
GO:0033760 -[is_a]-> GO:0016706
GO:0033761 -[is_a]-> GO:0016706
GO:0033762 -[is_a]-> GO:0043434
GO:0033763 -[is_a]-> GO:0016706
GO:0033764 -[is_a]-> GO:0016229
GO:0033764 -[is_a]-> GO:0016616
GO:0033765 -[is_a]-> GO:0016229
GO:0033765 -[is_a]-> GO:0016627
GO:0033766 -[is_a]-> GO:0016709
GO:0033767 -[is_a]-> GO:0016709
GO:0033768 -[is_a]-> GO:0000152
GO:0033769 -[is_a]-> GO:0016709
GO:0033770 -[is_a]-> GO:0016709
GO:0033771 -[is_a]-> GO:0016709
GO:0033772 -[is_a]-> GO:0016709
GO:0033773 -[is_a]-> GO:0016709
GO:0033774 -[is_a]-> GO:0044464
GO:0033774 -[part_of]-> GO:0045178
GO:0033775 -[is_a]-> GO:0016709
GO:0033776 -[is_a]-> GO:0016709
GO:0033777 -[is_a]-> GO:0016709
GO:0033778 -[is_a]-> GO:0016709
GO:0033779 -[is_a]-> GO:0016709
GO:0033780 -[is_a]-> GO:0016709
GO:0033781 -[is_a]-> GO:0016709
GO:0033782 -[is_a]-> GO:0016709
GO:0033783 -[is_a]-> GO:0016709
GO:0033784 -[is_a]-> GO:0016709
GO:0033785 -[is_a]-> GO:0019200
GO:0033786 -[is_a]-> GO:0070566
GO:0033787 -[is_a]-> GO:0016723
GO:0033788 -[is_a]-> GO:0016726
GO:0033789 -[is_a]-> GO:0033695
GO:0033790 -[is_a]-> GO:0016616
GO:0033791 -[is_a]-> GO:0016725
GO:0033792 -[is_a]-> GO:0016725
GO:0033793 -[is_a]-> GO:0046993
GO:0033794 -[is_a]-> GO:0050485
GO:0033795 -[is_a]-> GO:0050485
GO:0033796 -[is_a]-> GO:0016491
GO:0033797 -[is_a]-> GO:0016491
GO:0033798 -[is_a]-> GO:0016491
GO:0033799 -[is_a]-> GO:0008171
GO:0033799 -[is_a]-> GO:0008757
GO:0033800 -[is_a]-> GO:0008171
GO:0033800 -[is_a]-> GO:0008757
GO:0033801 -[is_a]-> GO:0008171
GO:0033801 -[is_a]-> GO:0008757
GO:0033802 -[is_a]-> GO:0008171
GO:0033802 -[is_a]-> GO:0008757
GO:0033803 -[is_a]-> GO:0008171
GO:0033803 -[is_a]-> GO:0008757
GO:0033806 -[is_a]-> GO:0016744
GO:0033807 -[is_a]-> GO:0016747
GO:0033808 -[is_a]-> GO:0016747
GO:0033809 -[is_a]-> GO:0016747
GO:0033810 -[is_a]-> GO:0016747
GO:0033811 -[is_a]-> GO:0016747
GO:0033812 -[is_a]-> GO:0016747
GO:0033813 -[is_a]-> GO:0016408
GO:0033814 -[is_a]-> GO:0016408
GO:0033815 -[is_a]-> GO:0016747
GO:0033816 -[is_a]-> GO:0016407
GO:0033817 -[is_a]-> GO:0016747
GO:0033818 -[is_a]-> GO:0016747
GO:0033819 -[is_a]-> GO:0016747
GO:0033820 -[is_a]-> GO:0046527
GO:0033821 -[is_a]-> GO:0046527
GO:0033822 -[is_a]-> GO:0046527
GO:0033823 -[is_a]-> GO:0046527
GO:0033824 -[is_a]-> GO:0046527
GO:0033825 -[is_a]-> GO:0046527
GO:0033826 -[is_a]-> GO:0046527
GO:0033827 -[is_a]-> GO:0008375
GO:0033828 -[is_a]-> GO:0046527
GO:0033829 -[is_a]-> GO:0008375
GO:0033830 -[is_a]-> GO:0008375
GO:0033831 -[is_a]-> GO:0046527
GO:0033832 -[is_a]-> GO:0046527
GO:0033833 -[is_a]-> GO:0016616
GO:0033834 -[is_a]-> GO:0008378
GO:0033835 -[is_a]-> GO:0016758
GO:0033836 -[is_a]-> GO:0046527
GO:0033837 -[is_a]-> GO:0046527
GO:0033838 -[is_a]-> GO:0046527
GO:0033839 -[is_a]-> GO:0046527
GO:0033840 -[is_a]-> GO:0046527
GO:0033841 -[is_a]-> GO:0050738
GO:0033842 -[is_a]-> GO:0008376
GO:0033843 -[is_a]-> GO:0042285
GO:0033844 -[is_a]-> GO:0016765
GO:0033845 -[is_a]-> GO:0016616
GO:0033846 -[is_a]-> GO:0016765
GO:0033847 -[is_a]-> GO:0016765
GO:0033848 -[is_a]-> GO:0016765
GO:0033849 -[is_a]-> GO:0016765
GO:0033850 -[is_a]-> GO:0016765
GO:0033851 -[is_a]-> GO:0016765
GO:0033852 -[is_a]-> GO:0008483
GO:0033853 -[is_a]-> GO:0008483
GO:0033854 -[is_a]-> GO:0008483
GO:0033855 -[is_a]-> GO:0008483
GO:0033856 -[is_a]-> GO:0016769
GO:0033857 -[is_a]-> GO:0016301
GO:0033857 -[is_a]-> GO:0016776
GO:0033858 -[is_a]-> GO:0016773
GO:0033858 -[is_a]-> GO:0019200
GO:0033859 -[is_a]-> GO:0006081
GO:0033859 -[is_a]-> GO:0046483
GO:0033859 -[is_a]-> GO:1901360
GO:0033860 -[is_a]-> GO:0051341
GO:0033860 -[regulates]-> GO:0016174
GO:0033861 -[is_a]-> GO:0033860
GO:0033861 -[is_a]-> GO:0051354
GO:0033861 -[negatively_regulates]-> GO:0016174
GO:0033862 -[is_a]-> GO:0009041
GO:0033863 -[is_a]-> GO:0016776
GO:0033863 -[is_a]-> GO:0019200
GO:0033864 -[is_a]-> GO:0033860
GO:0033864 -[is_a]-> GO:0051353
GO:0033864 -[positively_regulates]-> GO:0016174
GO:0033865 -[is_a]-> GO:0006753
GO:0033866 -[is_a]-> GO:0033865
GO:0033866 -[is_a]-> GO:1901293
GO:0033867 -[is_a]-> GO:0004674
GO:0033868 -[is_a]-> GO:0004674
GO:0033869 -[is_a]-> GO:0033865
GO:0033869 -[is_a]-> GO:1901292
GO:0033870 -[is_a]-> GO:0008146
GO:0033871 -[is_a]-> GO:0034483
GO:0033872 -[is_a]-> GO:0034483
GO:0033873 -[is_a]-> GO:0008146
GO:0033874 -[is_a]-> GO:0008146
GO:0033875 -[is_a]-> GO:0033865
GO:0033876 -[is_a]-> GO:0008146
GO:0033877 -[is_a]-> GO:0008410
GO:0033878 -[is_a]-> GO:0052689
GO:0033879 -[is_a]-> GO:0052689
GO:0033880 -[is_a]-> GO:0016289
GO:0033881 -[is_a]-> GO:0016289
GO:0033882 -[is_a]-> GO:0016289
GO:0033883 -[is_a]-> GO:0016791
GO:0033885 -[is_a]-> GO:0016791
GO:0033886 -[is_a]-> GO:0008484
GO:0033887 -[is_a]-> GO:0008484
GO:0033888 -[is_a]-> GO:0008484
GO:0033889 -[is_a]-> GO:0008484
GO:0033890 -[is_a]-> GO:0016896
GO:0033891 -[is_a]-> GO:0016888
GO:0033892 -[is_a]-> GO:0016890
GO:0033893 -[is_a]-> GO:0016891
GO:0033894 -[is_a]-> GO:0016891
GO:0033895 -[is_a]-> GO:0016891
GO:0033896 -[is_a]-> GO:0016891
GO:0033897 -[is_a]-> GO:0016892
GO:0033898 -[is_a]-> GO:0016892
GO:0033899 -[is_a]-> GO:0016892
GO:0033900 -[is_a]-> GO:0016892
GO:0033901 -[is_a]-> GO:0016892
GO:0033902 -[is_a]-> GO:0016892
GO:0033904 -[is_a]-> GO:0004553
GO:0033905 -[is_a]-> GO:0097599
GO:0033906 -[is_a]-> GO:0004553
GO:0033907 -[is_a]-> GO:0004553
GO:0033908 -[is_a]-> GO:0004553
GO:0033909 -[is_a]-> GO:0004553
GO:0033910 -[is_a]-> GO:0004553
GO:0033911 -[is_a]-> GO:0004553
GO:0033912 -[is_a]-> GO:0004553
GO:0033913 -[is_a]-> GO:0008422
GO:0033914 -[is_a]-> GO:0097599
GO:0033915 -[is_a]-> GO:0004559
GO:0033916 -[is_a]-> GO:0004553
GO:0033917 -[is_a]-> GO:0004553
GO:0033918 -[is_a]-> GO:0004553
GO:0033919 -[is_a]-> GO:0090600
GO:0033920 -[is_a]-> GO:0015925
GO:0033921 -[is_a]-> GO:0015925
GO:0033922 -[is_a]-> GO:0004553
GO:0033923 -[is_a]-> GO:0004553
GO:0033924 -[is_a]-> GO:0004553
GO:0033925 -[is_a]-> GO:0004553
GO:0033926 -[is_a]-> GO:0004553
GO:0033927 -[is_a]-> GO:0004553
GO:0033928 -[is_a]-> GO:0004553
GO:0033929 -[is_a]-> GO:0015925
GO:0033930 -[is_a]-> GO:0015925
GO:0033931 -[is_a]-> GO:0015929
GO:0033932 -[is_a]-> GO:0004560
GO:0033933 -[is_a]-> GO:0015926
GO:0033934 -[is_a]-> GO:0004553
GO:0033935 -[is_a]-> GO:0008422
GO:0033936 -[is_a]-> GO:0004553
GO:0033937 -[is_a]-> GO:0004553
GO:0033938 -[is_a]-> GO:0004560
GO:0033939 -[is_a]-> GO:0004553
GO:0033940 -[is_a]-> GO:0097599
GO:0033941 -[is_a]-> GO:0004559
GO:0033942 -[is_a]-> GO:0004553
GO:0033943 -[is_a]-> GO:0015925
GO:0033944 -[is_a]-> GO:0004553
GO:0033945 -[is_a]-> GO:0004553
GO:0033946 -[is_a]-> GO:0052736
GO:0033947 -[is_a]-> GO:0004567
GO:0033948 -[is_a]-> GO:0004553
GO:0033949 -[is_a]-> GO:0004553
GO:0033950 -[is_a]-> GO:0052736
GO:0033951 -[is_a]-> GO:0004553
GO:0033952 -[is_a]-> GO:0004553
GO:0033953 -[is_a]-> GO:0004553
GO:0033954 -[is_a]-> GO:0004553
GO:0033955 -[is_a]-> GO:0000002
GO:0033955 -[part_of]-> GO:0000266
GO:0033956 -[is_a]-> GO:0008422
GO:0033957 -[is_a]-> GO:0004553
GO:0033958 -[is_a]-> GO:0016799
GO:0033959 -[is_a]-> GO:0016799
GO:0033960 -[is_a]-> GO:0016799
GO:0033961 -[is_a]-> GO:0016803
GO:0033962 -[is_a]-> GO:0022618
GO:0033962 -[is_a]-> GO:0070925
GO:0033963 -[is_a]-> GO:0016803
GO:0033964 -[is_a]-> GO:0016811
GO:0033965 -[is_a]-> GO:0016811
GO:0033966 -[is_a]-> GO:0016811
GO:0033967 -[is_a]-> GO:0016074
GO:0033968 -[is_a]-> GO:0016811
GO:0033969 -[is_a]-> GO:0016811
GO:0033970 -[is_a]-> GO:0016811
GO:0033971 -[is_a]-> GO:0016812
GO:0033972 -[is_a]-> GO:0016813
GO:0033973 -[is_a]-> GO:0016814
GO:0033973 -[is_a]-> GO:0019239
GO:0033974 -[is_a]-> GO:0016818
GO:0033975 -[is_a]-> GO:0019120
GO:0033976 -[is_a]-> GO:0019120
GO:0033977 -[is_a]-> GO:0019120
GO:0033978 -[is_a]-> GO:0016827
GO:0033979 -[is_a]-> GO:0016074
GO:0033980 -[is_a]-> GO:0016831
GO:0033981 -[is_a]-> GO:0016831
GO:0033982 -[is_a]-> GO:0016831
GO:0033983 -[is_a]-> GO:0016831
GO:0033984 -[is_a]-> GO:0016832
GO:0033985 -[is_a]-> GO:0044444
GO:0033985 -[is_a]-> GO:0070013
GO:0033985 -[part_of]-> GO:0020022
GO:0033986 -[is_a]-> GO:0001101
GO:0033986 -[is_a]-> GO:0097305
GO:0033987 -[is_a]-> GO:0016836
GO:0033988 -[is_a]-> GO:0016836
GO:0033989 -[is_a]-> GO:0016836
GO:0033990 -[is_a]-> GO:0016836
GO:0033991 -[is_a]-> GO:0016836
GO:0033992 -[is_a]-> GO:0016836
GO:0033993 -[is_a]-> GO:0010033
GO:0033994 -[is_a]-> GO:0016837
GO:0033995 -[is_a]-> GO:0016837
GO:0033996 -[is_a]-> GO:0016837
GO:0033997 -[is_a]-> GO:0016837
GO:0033998 -[is_a]-> GO:0016837
GO:0033999 -[is_a]-> GO:0016837
GO:0034000 -[is_a]-> GO:0047486
GO:0034001 -[is_a]-> GO:0047486
GO:0034002 -[is_a]-> GO:0010333
GO:0034003 -[is_a]-> GO:0010334
GO:0034004 -[is_a]-> GO:0016838
GO:0034005 -[is_a]-> GO:0010334
GO:0034006 -[is_a]-> GO:0010334
GO:0034007 -[is_a]-> GO:0016838
GO:0034008 -[is_a]-> GO:0016838
GO:0034009 -[is_a]-> GO:0010333
GO:0034010 -[is_a]-> GO:0016846
GO:0034011 -[is_a]-> GO:0016846
GO:0034012 -[is_a]-> GO:0009975
GO:0034012 -[is_a]-> GO:0016849
GO:0034013 -[is_a]-> GO:0016881
GO:0034014 -[is_a]-> GO:0033993
GO:0034014 -[is_a]-> GO:1901700
GO:0034015 -[is_a]-> GO:0016857
GO:0034016 -[is_a]-> GO:0016863
GO:0034017 -[is_a]-> GO:0016863
GO:0034018 -[is_a]-> GO:0016863
GO:0034020 -[is_a]-> GO:0016860
GO:0034021 -[is_a]-> GO:0010035
GO:0034021 -[is_a]-> GO:1901700
GO:0034022 -[is_a]-> GO:0050486
GO:0034023 -[is_a]-> GO:0016866
GO:0034024 -[is_a]-> GO:0016880
GO:0034025 -[is_a]-> GO:0016880
GO:0034026 -[is_a]-> GO:0016881
GO:0034027 -[is_a]-> GO:0016882
GO:0034028 -[is_a]-> GO:0016879
GO:0034029 -[is_a]-> GO:0016885
GO:0034030 -[is_a]-> GO:0033866
GO:0034030 -[is_a]-> GO:0033875
GO:0034031 -[is_a]-> GO:0033869
GO:0034031 -[is_a]-> GO:0033875
GO:0034032 -[is_a]-> GO:0033865
GO:0034032 -[is_a]-> GO:0072521
GO:0034033 -[is_a]-> GO:0033866
GO:0034033 -[is_a]-> GO:0034032
GO:0034033 -[is_a]-> GO:0072522
GO:0034034 -[is_a]-> GO:0033869
GO:0034034 -[is_a]-> GO:0034032
GO:0034034 -[is_a]-> GO:0072523
GO:0034035 -[is_a]-> GO:0033875
GO:0034035 -[is_a]-> GO:0034032
GO:0034036 -[is_a]-> GO:0034030
GO:0034036 -[is_a]-> GO:0034033
GO:0034036 -[is_a]-> GO:0034035
GO:0034037 -[is_a]-> GO:0034031
GO:0034037 -[is_a]-> GO:0034034
GO:0034037 -[is_a]-> GO:0034035
GO:0034038 -[is_a]-> GO:0016765
GO:0034039 -[is_a]-> GO:0008534
GO:0034040 -[is_a]-> GO:0005319
GO:0034040 -[is_a]-> GO:0042626
GO:0034041 -[is_a]-> GO:0015248
GO:0034041 -[is_a]-> GO:0034040
GO:0034041 -[is_a]-> GO:1901618
GO:0034042 -[is_a]-> GO:0000703
GO:0034043 -[is_a]-> GO:0000703
GO:0034044 -[is_a]-> GO:0043234
GO:0034044 -[is_a]-> GO:0044431
GO:0034044 -[is_a]-> GO:0044433
GO:0034044 -[part_of]-> GO:0030140
GO:0034045 -[is_a]-> GO:0044444
GO:0034045 -[is_a]-> GO:0098805
GO:0034045 -[part_of]-> GO:0000407
GO:0034046 -[is_a]-> GO:0070717
GO:0034047 -[is_a]-> GO:0043666
GO:0034048 -[is_a]-> GO:0032515
GO:0034048 -[is_a]-> GO:0034047
GO:0034049 -[is_a]-> GO:0032516
GO:0034049 -[is_a]-> GO:0034047
GO:0034050 -[is_a]-> GO:0012501
GO:0034051 -[is_a]-> GO:0010363
GO:0034051 -[is_a]-> GO:0043069
GO:0034051 -[is_a]-> GO:0045824
GO:0034051 -[negatively_regulates]-> GO:0009626
GO:0034052 -[is_a]-> GO:0010363
GO:0034052 -[is_a]-> GO:0043068
GO:0034052 -[is_a]-> GO:0045089
GO:0034052 -[positively_regulates]-> GO:0009626
GO:0034053 -[is_a]-> GO:0052031
GO:0034053 -[is_a]-> GO:0052040
GO:0034054 -[is_a]-> GO:0034053
GO:0034054 -[is_a]-> GO:0052037
GO:0034054 -[is_a]-> GO:0052041
GO:0034055 -[is_a]-> GO:0034053
GO:0034055 -[is_a]-> GO:0052042
GO:0034055 -[is_a]-> GO:0052509
GO:0034056 -[is_a]-> GO:0044212
GO:0034057 -[is_a]-> GO:0003725
GO:0034057 -[is_a]-> GO:0003727
GO:0034058 -[is_a]-> GO:0006906
GO:0034059 -[is_a]-> GO:0006950
GO:0034059 -[is_a]-> GO:0036293
GO:0034060 -[is_a]-> GO:0009532
GO:0034060 -[part_of]-> GO:0009842
GO:0034061 -[is_a]-> GO:0016779
GO:0034061 -[part_of]-> GO:0071897
GO:0034062 -[is_a]-> GO:0016779
GO:0034063 -[is_a]-> GO:0022618
GO:0034063 -[is_a]-> GO:0070925
GO:0034064 -[is_a]-> GO:0043234
GO:0034064 -[is_a]-> GO:0044428
GO:0034065 -[is_a]-> GO:0031297
GO:0034065 -[is_a]-> GO:0043007
GO:0034066 -[is_a]-> GO:0032045
GO:0034066 -[is_a]-> GO:0044431
GO:0034067 -[is_a]-> GO:0033365
GO:0034068 -[is_a]-> GO:0016779
GO:0034069 -[is_a]-> GO:0008080
GO:0034070 -[is_a]-> GO:0034069
GO:0034071 -[is_a]-> GO:0016301
GO:0034071 -[is_a]-> GO:0016773
GO:0034072 -[is_a]-> GO:0009975
GO:0034073 -[is_a]-> GO:0034072
GO:0034074 -[is_a]-> GO:0031559
GO:0034075 -[is_a]-> GO:0031559
GO:0034076 -[is_a]-> GO:0031559
GO:0034077 -[is_a]-> GO:0042844
GO:0034077 -[is_a]-> GO:1902652
GO:0034078 -[is_a]-> GO:0034077
GO:0034078 -[is_a]-> GO:0042846
GO:0034079 -[is_a]-> GO:0034077
GO:0034079 -[is_a]-> GO:0042845
GO:0034079 -[is_a]-> GO:1902653
GO:0034080 -[is_a]-> GO:0006336
GO:0034080 -[is_a]-> GO:0031055
GO:0034080 -[is_a]-> GO:0043486
GO:0034080 -[has_part]-> GO:0061644
GO:0034080 -[part_of]-> GO:0034508
GO:0034080 -[part_of]-> GO:0061641
GO:0034081 -[is_a]-> GO:0043234
GO:0034081 -[is_a]-> GO:0044444
GO:0034082 -[is_a]-> GO:0034081
GO:0034083 -[is_a]-> GO:0034081
GO:0034084 -[is_a]-> GO:0019213
GO:0034085 -[is_a]-> GO:0022402
GO:0034085 -[part_of]-> GO:0007062
GO:0034086 -[is_a]-> GO:0022402
GO:0034086 -[part_of]-> GO:0007062
GO:0034087 -[is_a]-> GO:0034085
GO:0034087 -[is_a]-> GO:1903047
GO:0034087 -[part_of]-> GO:0000278
GO:0034087 -[part_of]-> GO:0007064
GO:0034088 -[is_a]-> GO:0034086
GO:0034088 -[is_a]-> GO:1903047
GO:0034088 -[part_of]-> GO:0007064
GO:0034089 -[is_a]-> GO:0034085
GO:0034089 -[is_a]-> GO:1903046
GO:0034089 -[part_of]-> GO:0051177
GO:0034090 -[is_a]-> GO:0034086
GO:0034090 -[is_a]-> GO:1903046
GO:0034090 -[part_of]-> GO:0051177
GO:0034091 -[is_a]-> GO:0007063
GO:0034091 -[regulates]-> GO:0034086
GO:0034092 -[is_a]-> GO:0034091
GO:0034092 -[is_a]-> GO:0045875
GO:0034092 -[negatively_regulates]-> GO:0034086
GO:0034093 -[is_a]-> GO:0034091
GO:0034093 -[is_a]-> GO:0045876
GO:0034093 -[positively_regulates]-> GO:0034086
GO:0034094 -[is_a]-> GO:0034091
GO:0034094 -[is_a]-> GO:0040020
GO:0034094 -[regulates]-> GO:0034090
GO:0034095 -[is_a]-> GO:0034092
GO:0034095 -[is_a]-> GO:0034094
GO:0034095 -[is_a]-> GO:0045835
GO:0034095 -[negatively_regulates]-> GO:0034090
GO:0034096 -[is_a]-> GO:0034093
GO:0034096 -[is_a]-> GO:0034094
GO:0034096 -[is_a]-> GO:0045836
GO:0034096 -[positively_regulates]-> GO:0034090
GO:0034097 -[is_a]-> GO:0010033
GO:0034098 -[is_a]-> GO:0044432
GO:0034098 -[is_a]-> GO:0098796
GO:0034098 -[has_part]-> GO:0036501
GO:0034098 -[part_of]-> GO:0005789
GO:0034099 -[is_a]-> GO:0043234
GO:0034099 -[is_a]-> GO:0044432
GO:0034099 -[part_of]-> GO:0005788
GO:0034101 -[is_a]-> GO:0002262
GO:0034102 -[is_a]-> GO:0048771
GO:0034102 -[part_of]-> GO:0034101
GO:0034103 -[is_a]-> GO:0051239
GO:0034103 -[regulates]-> GO:0048771
GO:0034104 -[is_a]-> GO:0034103
GO:0034104 -[is_a]-> GO:0051241
GO:0034104 -[negatively_regulates]-> GO:0048771
GO:0034105 -[is_a]-> GO:0034103
GO:0034105 -[is_a]-> GO:0051240
GO:0034105 -[positively_regulates]-> GO:0048771
GO:0034106 -[is_a]-> GO:0002682
GO:0034106 -[is_a]-> GO:0032844
GO:0034106 -[is_a]-> GO:0034103
GO:0034106 -[regulates]-> GO:0034102
GO:0034107 -[is_a]-> GO:0002683
GO:0034107 -[is_a]-> GO:0032845
GO:0034107 -[is_a]-> GO:0034104
GO:0034107 -[is_a]-> GO:0034106
GO:0034107 -[negatively_regulates]-> GO:0034102
GO:0034108 -[is_a]-> GO:0002684
GO:0034108 -[is_a]-> GO:0032846
GO:0034108 -[is_a]-> GO:0034105
GO:0034108 -[is_a]-> GO:0034106
GO:0034108 -[positively_regulates]-> GO:0034102
GO:0034109 -[is_a]-> GO:0016337
GO:0034110 -[is_a]-> GO:0022407
GO:0034110 -[regulates]-> GO:0034109
GO:0034111 -[is_a]-> GO:0022408
GO:0034111 -[is_a]-> GO:0034110
GO:0034111 -[negatively_regulates]-> GO:0034109
GO:0034112 -[is_a]-> GO:0022409
GO:0034112 -[is_a]-> GO:0034110
GO:0034112 -[positively_regulates]-> GO:0034109
GO:0034113 -[is_a]-> GO:0016337
GO:0034114 -[is_a]-> GO:0022407
GO:0034114 -[regulates]-> GO:0034113
GO:0034115 -[is_a]-> GO:0022408
GO:0034115 -[is_a]-> GO:0034114
GO:0034115 -[is_a]-> GO:0070587
GO:0034115 -[negatively_regulates]-> GO:0034113
GO:0034116 -[is_a]-> GO:0022409
GO:0034116 -[is_a]-> GO:0034114
GO:0034116 -[positively_regulates]-> GO:0034113
GO:0034117 -[is_a]-> GO:0034109
GO:0034118 -[is_a]-> GO:0034110
GO:0034118 -[regulates]-> GO:0034117
GO:0034119 -[is_a]-> GO:0034111
GO:0034119 -[is_a]-> GO:0034118
GO:0034119 -[negatively_regulates]-> GO:0034117
GO:0034120 -[is_a]-> GO:0034112
GO:0034120 -[is_a]-> GO:0034118
GO:0034120 -[positively_regulates]-> GO:0034117
GO:0034121 -[is_a]-> GO:0009966
GO:0034121 -[is_a]-> GO:0045088
GO:0034121 -[regulates]-> GO:0002224
GO:0034122 -[is_a]-> GO:0002683
GO:0034122 -[is_a]-> GO:0009968
GO:0034122 -[is_a]-> GO:0034121
GO:0034122 -[negatively_regulates]-> GO:0002224
GO:0034123 -[is_a]-> GO:0002684
GO:0034123 -[is_a]-> GO:0009967
GO:0034123 -[is_a]-> GO:0034121
GO:0034123 -[positively_regulates]-> GO:0002224
GO:0034124 -[is_a]-> GO:0034121
GO:0034124 -[regulates]-> GO:0002755
GO:0034125 -[is_a]-> GO:0034122
GO:0034125 -[is_a]-> GO:0034124
GO:0034125 -[negatively_regulates]-> GO:0002755
GO:0034126 -[is_a]-> GO:0034123
GO:0034126 -[is_a]-> GO:0034124
GO:0034126 -[positively_regulates]-> GO:0002755
GO:0034127 -[is_a]-> GO:0034121
GO:0034127 -[regulates]-> GO:0002756
GO:0034128 -[is_a]-> GO:0034122
GO:0034128 -[is_a]-> GO:0034127
GO:0034128 -[negatively_regulates]-> GO:0002756
GO:0034129 -[is_a]-> GO:0034123
GO:0034129 -[is_a]-> GO:0034127
GO:0034129 -[positively_regulates]-> GO:0002756
GO:0034130 -[is_a]-> GO:0002224
GO:0034131 -[is_a]-> GO:0034121
GO:0034131 -[regulates]-> GO:0034130
GO:0034132 -[is_a]-> GO:0034122
GO:0034132 -[is_a]-> GO:0034131
GO:0034132 -[negatively_regulates]-> GO:0034130
GO:0034133 -[is_a]-> GO:0034123
GO:0034133 -[is_a]-> GO:0034131
GO:0034133 -[positively_regulates]-> GO:0034130
GO:0034134 -[is_a]-> GO:0002224
GO:0034135 -[is_a]-> GO:0034121
GO:0034135 -[regulates]-> GO:0034134
GO:0034136 -[is_a]-> GO:0034122
GO:0034136 -[is_a]-> GO:0034135
GO:0034136 -[negatively_regulates]-> GO:0034134
GO:0034137 -[is_a]-> GO:0034123
GO:0034137 -[is_a]-> GO:0034135
GO:0034137 -[positively_regulates]-> GO:0034134
GO:0034138 -[is_a]-> GO:0002224
GO:0034139 -[is_a]-> GO:0034121
GO:0034139 -[regulates]-> GO:0034138
GO:0034140 -[is_a]-> GO:0034122
GO:0034140 -[is_a]-> GO:0034139
GO:0034140 -[negatively_regulates]-> GO:0034138
GO:0034141 -[is_a]-> GO:0034123
GO:0034141 -[is_a]-> GO:0034139
GO:0034141 -[positively_regulates]-> GO:0034138
GO:0034142 -[is_a]-> GO:0002224
GO:0034143 -[is_a]-> GO:0034121
GO:0034143 -[regulates]-> GO:0034142
GO:0034144 -[is_a]-> GO:0034122
GO:0034144 -[is_a]-> GO:0034143
GO:0034144 -[negatively_regulates]-> GO:0034142
GO:0034145 -[is_a]-> GO:0034123
GO:0034145 -[is_a]-> GO:0034143
GO:0034145 -[positively_regulates]-> GO:0034142
GO:0034146 -[is_a]-> GO:0002224
GO:0034147 -[is_a]-> GO:0034121
GO:0034147 -[regulates]-> GO:0034146
GO:0034148 -[is_a]-> GO:0034122
GO:0034148 -[is_a]-> GO:0034147
GO:0034148 -[negatively_regulates]-> GO:0034146
GO:0034149 -[is_a]-> GO:0034123
GO:0034149 -[is_a]-> GO:0034147
GO:0034149 -[positively_regulates]-> GO:0034146
GO:0034150 -[is_a]-> GO:0002224
GO:0034151 -[is_a]-> GO:0034121
GO:0034151 -[regulates]-> GO:0034150
GO:0034152 -[is_a]-> GO:0034122
GO:0034152 -[is_a]-> GO:0034151
GO:0034152 -[negatively_regulates]-> GO:0034150
GO:0034153 -[is_a]-> GO:0034123
GO:0034153 -[is_a]-> GO:0034151
GO:0034153 -[positively_regulates]-> GO:0034150
GO:0034154 -[is_a]-> GO:0002224
GO:0034155 -[is_a]-> GO:0034121
GO:0034155 -[regulates]-> GO:0034154
GO:0034156 -[is_a]-> GO:0034122
GO:0034156 -[is_a]-> GO:0034155
GO:0034156 -[negatively_regulates]-> GO:0034154
GO:0034157 -[is_a]-> GO:0034123
GO:0034157 -[is_a]-> GO:0034155
GO:0034157 -[positively_regulates]-> GO:0034154
GO:0034158 -[is_a]-> GO:0002224
GO:0034159 -[is_a]-> GO:0034121
GO:0034159 -[regulates]-> GO:0034158
GO:0034160 -[is_a]-> GO:0034122
GO:0034160 -[is_a]-> GO:0034159
GO:0034160 -[negatively_regulates]-> GO:0034158
GO:0034161 -[is_a]-> GO:0034123
GO:0034161 -[is_a]-> GO:0034159
GO:0034161 -[positively_regulates]-> GO:0034158
GO:0034162 -[is_a]-> GO:0002224
GO:0034163 -[is_a]-> GO:0034121
GO:0034163 -[regulates]-> GO:0034162
GO:0034164 -[is_a]-> GO:0034122
GO:0034164 -[is_a]-> GO:0034163
GO:0034164 -[negatively_regulates]-> GO:0034162
GO:0034165 -[is_a]-> GO:0034123
GO:0034165 -[is_a]-> GO:0034163
GO:0034165 -[positively_regulates]-> GO:0034162
GO:0034166 -[is_a]-> GO:0002224
GO:0034167 -[is_a]-> GO:0034121
GO:0034167 -[regulates]-> GO:0034166
GO:0034168 -[is_a]-> GO:0034122
GO:0034168 -[is_a]-> GO:0034167
GO:0034168 -[negatively_regulates]-> GO:0034166
GO:0034169 -[is_a]-> GO:0034123
GO:0034169 -[is_a]-> GO:0034167
GO:0034169 -[positively_regulates]-> GO:0034166
GO:0034170 -[is_a]-> GO:0002224
GO:0034171 -[is_a]-> GO:0034121
GO:0034171 -[regulates]-> GO:0034170
GO:0034172 -[is_a]-> GO:0034122
GO:0034172 -[is_a]-> GO:0034171
GO:0034172 -[negatively_regulates]-> GO:0034170
GO:0034173 -[is_a]-> GO:0034123
GO:0034173 -[is_a]-> GO:0034171
GO:0034173 -[positively_regulates]-> GO:0034170
GO:0034174 -[is_a]-> GO:0002224
GO:0034175 -[is_a]-> GO:0034121
GO:0034175 -[regulates]-> GO:0034174
GO:0034176 -[is_a]-> GO:0034122
GO:0034176 -[is_a]-> GO:0034175
GO:0034176 -[negatively_regulates]-> GO:0034174
GO:0034177 -[is_a]-> GO:0034123
GO:0034177 -[is_a]-> GO:0034175
GO:0034177 -[positively_regulates]-> GO:0034174
GO:0034178 -[is_a]-> GO:0002224
GO:0034179 -[is_a]-> GO:0034121
GO:0034179 -[regulates]-> GO:0034178
GO:0034180 -[is_a]-> GO:0034122
GO:0034180 -[is_a]-> GO:0034179
GO:0034180 -[negatively_regulates]-> GO:0034178
GO:0034181 -[is_a]-> GO:0034123
GO:0034181 -[is_a]-> GO:0034179
GO:0034181 -[positively_regulates]-> GO:0034178
GO:0034182 -[is_a]-> GO:0033047
GO:0034182 -[is_a]-> GO:0034091
GO:0034182 -[regulates]-> GO:0034088
GO:0034183 -[is_a]-> GO:0033048
GO:0034183 -[is_a]-> GO:0034092
GO:0034183 -[is_a]-> GO:0034182
GO:0034183 -[negatively_regulates]-> GO:0034088
GO:0034184 -[is_a]-> GO:0034093
GO:0034184 -[is_a]-> GO:0034182
GO:0034184 -[is_a]-> GO:0045840
GO:0034184 -[positively_regulates]-> GO:0034088
GO:0034185 -[is_a]-> GO:0005515
GO:0034186 -[is_a]-> GO:0034185
GO:0034188 -[is_a]-> GO:0004888
GO:0034188 -[is_a]-> GO:0030226
GO:0034188 -[has_part]-> GO:0034186
GO:0034188 -[part_of]-> GO:0038027
GO:0034189 -[is_a]-> GO:0071813
GO:0034190 -[is_a]-> GO:0005102
GO:0034191 -[is_a]-> GO:0034190
GO:0034192 -[is_a]-> GO:0019583
GO:0034193 -[is_a]-> GO:0019583
GO:0034194 -[is_a]-> GO:0019584
GO:0034194 -[is_a]-> GO:0034192
GO:0034195 -[is_a]-> GO:0019584
GO:0034195 -[is_a]-> GO:0034193
GO:0034196 -[is_a]-> GO:0006869
GO:0034197 -[is_a]-> GO:0034196
GO:0034198 -[is_a]-> GO:0009267
GO:0034199 -[is_a]-> GO:0032147
GO:0034200 -[is_a]-> GO:0016791
GO:0034201 -[is_a]-> GO:0033993
GO:0034201 -[is_a]-> GO:1901700
GO:0034202 -[is_a]-> GO:0017089
GO:0034202 -[part_of]-> GO:0034203
GO:0034203 -[is_a]-> GO:0034204
GO:0034203 -[is_a]-> GO:0046836
GO:0034204 -[is_a]-> GO:0006869
GO:0034204 -[is_a]-> GO:0097035
GO:0034205 -[is_a]-> GO:0042987
GO:0034205 -[is_a]-> GO:0050435
GO:0034206 -[is_a]-> GO:0032993
GO:0034207 -[is_a]-> GO:0008202
GO:0034207 -[is_a]-> GO:0030258
GO:0034208 -[is_a]-> GO:0008202
GO:0034208 -[is_a]-> GO:0030258
GO:0034209 -[is_a]-> GO:0016125
GO:0034209 -[is_a]-> GO:0034207
GO:0034210 -[is_a]-> GO:0016125
GO:0034210 -[is_a]-> GO:0034208
GO:0034211 -[is_a]-> GO:0004674
GO:0034212 -[is_a]-> GO:0008080
GO:0034213 -[is_a]-> GO:0043649
GO:0034213 -[is_a]-> GO:0046874
GO:0034214 -[is_a]-> GO:0051259
GO:0034215 -[is_a]-> GO:0015295
GO:0034215 -[is_a]-> GO:0015403
GO:0034216 -[is_a]-> GO:0034215
GO:0034217 -[is_a]-> GO:0034218
GO:0034217 -[is_a]-> GO:0034221
GO:0034217 -[is_a]-> GO:0044106
GO:0034217 -[is_a]-> GO:0044702
GO:0034217 -[is_a]-> GO:1903046
GO:0034217 -[part_of]-> GO:0070591
GO:0034218 -[is_a]-> GO:0006037
GO:0034218 -[is_a]-> GO:0044264
GO:0034218 -[is_a]-> GO:0044723
GO:0034218 -[is_a]-> GO:0044763
GO:0034218 -[is_a]-> GO:0071966
GO:0034219 -[is_a]-> GO:0008643
GO:0034219 -[is_a]-> GO:0055085
GO:0034220 -[is_a]-> GO:0006811
GO:0034220 -[is_a]-> GO:0055085
GO:0034221 -[is_a]-> GO:0006038
GO:0034221 -[is_a]-> GO:0051278
GO:0034222 -[is_a]-> GO:0010981
GO:0034222 -[is_a]-> GO:0032882
GO:0034222 -[is_a]-> GO:0051128
GO:0034222 -[regulates]-> GO:0006037
GO:0034223 -[is_a]-> GO:0032884
GO:0034223 -[is_a]-> GO:0032995
GO:0034223 -[is_a]-> GO:0033238
GO:0034223 -[is_a]-> GO:0034307
GO:0034223 -[regulates]-> GO:0034217
GO:0034224 -[is_a]-> GO:0009267
GO:0034225 -[is_a]-> GO:0034224
GO:0034225 -[is_a]-> GO:0043618
GO:0034226 -[is_a]-> GO:0043090
GO:0034227 -[is_a]-> GO:0006400
GO:0034228 -[is_a]-> GO:0005275
GO:0034228 -[is_a]-> GO:0015665
GO:0034228 -[part_of]-> GO:0034229
GO:0034229 -[is_a]-> GO:0015837
GO:0034229 -[is_a]-> GO:0015850
GO:0034230 -[is_a]-> GO:0016486
GO:0034231 -[is_a]-> GO:0016486
GO:0034232 -[is_a]-> GO:0006039
GO:0034232 -[is_a]-> GO:0034218
GO:0034232 -[is_a]-> GO:0044247
GO:0034232 -[is_a]-> GO:0044724
GO:0034232 -[is_a]-> GO:0071854
GO:0034233 -[is_a]-> GO:0031329
GO:0034233 -[is_a]-> GO:0034222
GO:0034233 -[is_a]-> GO:0043470
GO:0034233 -[regulates]-> GO:0006039
GO:0034234 -[is_a]-> GO:0034233
GO:0034234 -[is_a]-> GO:0043471
GO:0034234 -[is_a]-> GO:0060237
GO:0034234 -[regulates]-> GO:0034232
GO:0034235 -[is_a]-> GO:0035091
GO:0034235 -[is_a]-> GO:0051861
GO:0034236 -[is_a]-> GO:0019901
GO:0034236 -[is_a]-> GO:0051018
GO:0034237 -[is_a]-> GO:0051018
GO:0034238 -[is_a]-> GO:0000768
GO:0034239 -[is_a]-> GO:0060142
GO:0034239 -[regulates]-> GO:0034238
GO:0034240 -[is_a]-> GO:0034239
GO:0034240 -[is_a]-> GO:0034242
GO:0034240 -[negatively_regulates]-> GO:0034238
GO:0034241 -[is_a]-> GO:0034239
GO:0034241 -[is_a]-> GO:0060143
GO:0034241 -[positively_regulates]-> GO:0034238
GO:0034242 -[is_a]-> GO:0051093
GO:0034242 -[is_a]-> GO:0051129
GO:0034242 -[is_a]-> GO:0060142
GO:0034242 -[negatively_regulates]-> GO:0000768
GO:0034243 -[is_a]-> GO:0006357
GO:0034243 -[is_a]-> GO:0032784
GO:0034243 -[regulates]-> GO:0006368
GO:0034244 -[is_a]-> GO:0000122
GO:0034244 -[is_a]-> GO:0032785
GO:0034244 -[is_a]-> GO:0034243
GO:0034244 -[negatively_regulates]-> GO:0006368
GO:0034245 -[is_a]-> GO:0000428
GO:0034245 -[is_a]-> GO:0044429
GO:0034245 -[part_of]-> GO:0005739
GO:0034246 -[is_a]-> GO:0000996
GO:0034246 -[has_part]-> GO:0000997
GO:0034246 -[has_part]-> GO:0001001
GO:0034246 -[has_part]-> GO:0044212
GO:0034246 -[part_of]-> GO:0006391
GO:0034246 -[part_of]-> GO:1903108
GO:0034247 -[is_a]-> GO:0008380
GO:0034247 -[is_a]-> GO:0043144
GO:0034248 -[is_a]-> GO:0031323
GO:0034248 -[is_a]-> GO:0051171
GO:0034248 -[regulates]-> GO:0043603
GO:0034249 -[is_a]-> GO:0031324
GO:0034249 -[is_a]-> GO:0034248
GO:0034249 -[is_a]-> GO:0051172
GO:0034249 -[negatively_regulates]-> GO:0043603
GO:0034250 -[is_a]-> GO:0031325
GO:0034250 -[is_a]-> GO:0034248
GO:0034250 -[is_a]-> GO:0051173
GO:0034250 -[positively_regulates]-> GO:0043603
GO:0034251 -[is_a]-> GO:0031329
GO:0034251 -[is_a]-> GO:0034248
GO:0034251 -[regulates]-> GO:0043605
GO:0034252 -[is_a]-> GO:0031330
GO:0034252 -[is_a]-> GO:0034249
GO:0034252 -[is_a]-> GO:0034251
GO:0034252 -[negatively_regulates]-> GO:0043605
GO:0034253 -[is_a]-> GO:0031331
GO:0034253 -[is_a]-> GO:0034250
GO:0034253 -[is_a]-> GO:0034251
GO:0034253 -[positively_regulates]-> GO:0043605
GO:0034254 -[is_a]-> GO:0034251
GO:0034254 -[is_a]-> GO:0034255
GO:0034254 -[regulates]-> GO:0043419
GO:0034255 -[is_a]-> GO:0034248
GO:0034255 -[is_a]-> GO:1903314
GO:0034255 -[regulates]-> GO:0019627
GO:0034256 -[is_a]-> GO:0016616
GO:0034257 -[is_a]-> GO:0005337
GO:0034257 -[part_of]-> GO:0034258
GO:0034258 -[is_a]-> GO:0015858
GO:0034260 -[is_a]-> GO:0043087
GO:0034260 -[is_a]-> GO:0048519
GO:0034260 -[is_a]-> GO:0051346
GO:0034260 -[negatively_regulates]-> GO:0003924
GO:0034263 -[is_a]-> GO:0006914
GO:0034263 -[is_a]-> GO:0006983
GO:0034264 -[is_a]-> GO:0009690
GO:0034264 -[is_a]-> GO:0072521
GO:0034265 -[is_a]-> GO:0009691
GO:0034265 -[is_a]-> GO:0034264
GO:0034265 -[is_a]-> GO:0072522
GO:0034266 -[is_a]-> GO:0009823
GO:0034266 -[is_a]-> GO:0034264
GO:0034266 -[is_a]-> GO:0072523
GO:0034267 -[is_a]-> GO:0006520
GO:0034267 -[is_a]-> GO:0009690
GO:0034268 -[is_a]-> GO:0008652
GO:0034268 -[is_a]-> GO:0009691
GO:0034268 -[is_a]-> GO:0034267
GO:0034269 -[is_a]-> GO:0009063
GO:0034269 -[is_a]-> GO:0009823
GO:0034269 -[is_a]-> GO:0034267
GO:0034270 -[is_a]-> GO:0043234
GO:0034270 -[is_a]-> GO:0044444
GO:0034271 -[is_a]-> GO:0035032
GO:0034272 -[is_a]-> GO:0035032
GO:0034274 -[is_a]-> GO:0043234
GO:0034274 -[is_a]-> GO:0044444
GO:0034275 -[is_a]-> GO:0032787
GO:0034276 -[is_a]-> GO:0034275
GO:0034276 -[is_a]-> GO:0072330
GO:0034277 -[is_a]-> GO:0016838
GO:0034278 -[is_a]-> GO:0016838
GO:0034279 -[is_a]-> GO:0016838
GO:0034280 -[is_a]-> GO:0016838
GO:0034281 -[is_a]-> GO:0010333
GO:0034282 -[is_a]-> GO:0016838
GO:0034283 -[is_a]-> GO:0016838
GO:0034284 -[is_a]-> GO:0009743
GO:0034285 -[is_a]-> GO:0009743
GO:0034286 -[is_a]-> GO:0034285
GO:0034287 -[is_a]-> GO:0009730
GO:0034287 -[is_a]-> GO:0034284
GO:0034288 -[is_a]-> GO:0009730
GO:0034288 -[is_a]-> GO:0034285
GO:0034289 -[is_a]-> GO:0034286
GO:0034289 -[is_a]-> GO:0034288
GO:0034290 -[is_a]-> GO:0015267
GO:0034290 -[part_of]-> GO:0044660
GO:0034291 -[is_a]-> GO:0015266
GO:0034291 -[is_a]-> GO:0034290
GO:0034292 -[is_a]-> GO:0005216
GO:0034292 -[is_a]-> GO:0034290
GO:0034293 -[is_a]-> GO:0003006
GO:0034293 -[is_a]-> GO:0043934
GO:0034293 -[is_a]-> GO:0044702
GO:0034293 -[part_of]-> GO:0019953
GO:0034293 -[part_of]-> GO:0051321
GO:0034294 -[is_a]-> GO:0003006
GO:0034294 -[is_a]-> GO:0042244
GO:0034294 -[is_a]-> GO:0044702
GO:0034294 -[is_a]-> GO:1903046
GO:0034294 -[part_of]-> GO:0034293
GO:0034295 -[is_a]-> GO:0043935
GO:0034296 -[is_a]-> GO:0043935
GO:0034297 -[is_a]-> GO:0030436
GO:0034298 -[is_a]-> GO:0048315
GO:0034299 -[is_a]-> GO:0048315
GO:0034300 -[is_a]-> GO:0043936
GO:0034301 -[is_a]-> GO:0043936
GO:0034302 -[is_a]-> GO:0043936
GO:0034303 -[is_a]-> GO:0043936
GO:0034304 -[is_a]-> GO:0003006
GO:0034304 -[is_a]-> GO:0022413
GO:0034304 -[is_a]-> GO:0043936
GO:0034304 -[is_a]-> GO:0044702
GO:0034305 -[is_a]-> GO:0043937
GO:0034305 -[is_a]-> GO:1903664
GO:0034305 -[regulates]-> GO:0030436
GO:0034306 -[is_a]-> GO:0043900
GO:0034306 -[is_a]-> GO:0043937
GO:0034306 -[is_a]-> GO:0051445
GO:0034306 -[regulates]-> GO:0034293
GO:0034307 -[is_a]-> GO:0043940
GO:0034307 -[is_a]-> GO:0060284
GO:0034307 -[regulates]-> GO:0030437
GO:0034308 -[is_a]-> GO:0006066
GO:0034309 -[is_a]-> GO:0034308
GO:0034309 -[is_a]-> GO:0046165
GO:0034310 -[is_a]-> GO:0034308
GO:0034310 -[is_a]-> GO:0046164
GO:0034311 -[is_a]-> GO:0019751
GO:0034312 -[is_a]-> GO:0034311
GO:0034312 -[is_a]-> GO:0046173
GO:0034313 -[is_a]-> GO:0034311
GO:0034313 -[is_a]-> GO:0046174
GO:0034314 -[is_a]-> GO:0045010
GO:0034315 -[is_a]-> GO:0051125
GO:0034315 -[regulates]-> GO:0034314
GO:0034316 -[is_a]-> GO:0034315
GO:0034316 -[is_a]-> GO:0051126
GO:0034316 -[negatively_regulates]-> GO:0034314
GO:0034317 -[is_a]-> GO:0019206
GO:0034318 -[is_a]-> GO:0008374
GO:0034319 -[is_a]-> GO:0016413
GO:0034319 -[is_a]-> GO:0034318
GO:0034319 -[is_a]-> GO:0034323
GO:0034320 -[is_a]-> GO:0016413
GO:0034320 -[is_a]-> GO:0034318
GO:0034320 -[is_a]-> GO:0034324
GO:0034321 -[is_a]-> GO:0016413
GO:0034321 -[is_a]-> GO:0016414
GO:0034321 -[is_a]-> GO:0034318
GO:0034322 -[is_a]-> GO:0016413
GO:0034322 -[is_a]-> GO:0034318
GO:0034322 -[is_a]-> GO:0034325
GO:0034323 -[is_a]-> GO:0008374
GO:0034323 -[is_a]-> GO:0034326
GO:0034324 -[is_a]-> GO:0008374
GO:0034324 -[is_a]-> GO:0034327
GO:0034325 -[is_a]-> GO:0008374
GO:0034325 -[is_a]-> GO:0034328
GO:0034326 -[is_a]-> GO:0016747
GO:0034327 -[is_a]-> GO:0016747
GO:0034328 -[is_a]-> GO:0016747
GO:0034329 -[is_a]-> GO:0022607
GO:0034329 -[is_a]-> GO:0034330
GO:0034330 -[is_a]-> GO:0016043
GO:0034330 -[is_a]-> GO:0044763
GO:0034331 -[is_a]-> GO:0034330
GO:0034331 -[is_a]-> GO:0043954
GO:0034332 -[is_a]-> GO:0045216
GO:0034333 -[is_a]-> GO:0034329
GO:0034333 -[is_a]-> GO:0034332
GO:0034334 -[is_a]-> GO:0034331
GO:0034334 -[is_a]-> GO:0034332
GO:0034335 -[is_a]-> GO:0003918
GO:0034336 -[is_a]-> GO:0003723
GO:0034337 -[is_a]-> GO:0016070
GO:0034338 -[is_a]-> GO:0052689
GO:0034340 -[is_a]-> GO:0034097
GO:0034340 -[part_of]-> GO:0045087
GO:0034341 -[is_a]-> GO:0034097
GO:0034341 -[part_of]-> GO:0045087
GO:0034342 -[is_a]-> GO:0034097
GO:0034342 -[part_of]-> GO:0045087
GO:0034343 -[is_a]-> GO:0001816
GO:0034344 -[is_a]-> GO:0001817
GO:0034344 -[regulates]-> GO:0034343
GO:0034345 -[is_a]-> GO:0001818
GO:0034345 -[is_a]-> GO:0034344
GO:0034345 -[negatively_regulates]-> GO:0034343
GO:0034346 -[is_a]-> GO:0001819
GO:0034346 -[is_a]-> GO:0034344
GO:0034346 -[positively_regulates]-> GO:0034343
GO:0034347 -[is_a]-> GO:0019961
GO:0034348 -[is_a]-> GO:0004904
GO:0034348 -[has_part]-> GO:0034347
GO:0034348 -[part_of]-> GO:0038196
GO:0034349 -[is_a]-> GO:0006915
GO:0034350 -[is_a]-> GO:0042981
GO:0034350 -[regulates]-> GO:0034349
GO:0034351 -[is_a]-> GO:0034350
GO:0034351 -[is_a]-> GO:0043066
GO:0034351 -[negatively_regulates]-> GO:0034349
GO:0034352 -[is_a]-> GO:0034350
GO:0034352 -[is_a]-> GO:0043065
GO:0034352 -[positively_regulates]-> GO:0034349
GO:0034353 -[is_a]-> GO:0016462
GO:0034354 -[is_a]-> GO:0006568
GO:0034354 -[is_a]-> GO:0034627
GO:0034355 -[is_a]-> GO:0009435
GO:0034355 -[is_a]-> GO:0019365
GO:0034356 -[is_a]-> GO:0009435
GO:0034357 -[is_a]-> GO:0016020
GO:0034357 -[is_a]-> GO:0044436
GO:0034357 -[part_of]-> GO:0009579
GO:0034358 -[is_a]-> GO:0044421
GO:0034358 -[is_a]-> GO:1990777
GO:0034358 -[part_of]-> GO:0005615
GO:0034359 -[is_a]-> GO:0042627
GO:0034360 -[is_a]-> GO:0042627
GO:0034361 -[is_a]-> GO:0034385
GO:0034362 -[is_a]-> GO:0034358
GO:0034363 -[is_a]-> GO:0034385
GO:0034364 -[is_a]-> GO:0034358
GO:0034365 -[is_a]-> GO:0034364
GO:0034366 -[is_a]-> GO:0034364
GO:0034367 -[is_a]-> GO:0043933
GO:0034368 -[is_a]-> GO:0034367
GO:0034368 -[is_a]-> GO:0071825
GO:0034369 -[is_a]-> GO:0034368
GO:0034369 -[is_a]-> GO:0071827
GO:0034369 -[part_of]-> GO:0097006
GO:0034370 -[is_a]-> GO:0034369
GO:0034371 -[is_a]-> GO:0034370
GO:0034372 -[is_a]-> GO:0034370
GO:0034373 -[is_a]-> GO:0034370
GO:0034374 -[is_a]-> GO:0034369
GO:0034375 -[is_a]-> GO:0034369
GO:0034376 -[is_a]-> GO:0034375
GO:0034377 -[is_a]-> GO:0065005
GO:0034377 -[is_a]-> GO:0071827
GO:0034377 -[part_of]-> GO:0097006
GO:0034378 -[is_a]-> GO:0034377
GO:0034379 -[is_a]-> GO:0034377
GO:0034380 -[is_a]-> GO:0034377
GO:0034381 -[is_a]-> GO:0044707
GO:0034381 -[has_part]-> GO:0006898
GO:0034381 -[has_part]-> GO:0071829
GO:0034381 -[part_of]-> GO:0097006
GO:0034382 -[is_a]-> GO:0071830
GO:0034383 -[is_a]-> GO:0034381
GO:0034383 -[has_part]-> GO:0090495
GO:0034384 -[is_a]-> GO:0034381
GO:0034385 -[is_a]-> GO:0034358
GO:0034386 -[is_a]-> GO:0003867
GO:0034387 -[is_a]-> GO:0003867
GO:0034388 -[is_a]-> GO:0043234
GO:0034388 -[is_a]-> GO:0044452
GO:0034388 -[part_of]-> GO:0030686
GO:0034389 -[is_a]-> GO:0006996
GO:0034390 -[is_a]-> GO:0010657
GO:0034391 -[is_a]-> GO:0010660
GO:0034391 -[regulates]-> GO:0034390
GO:0034392 -[is_a]-> GO:0010656
GO:0034392 -[is_a]-> GO:0034391
GO:0034392 -[negatively_regulates]-> GO:0034390
GO:0034393 -[is_a]-> GO:0010661
GO:0034393 -[is_a]-> GO:0034391
GO:0034393 -[positively_regulates]-> GO:0034390
GO:0034394 -[is_a]-> GO:0034613
GO:0034395 -[is_a]-> GO:0006357
GO:0034395 -[part_of]-> GO:0071281
GO:0034396 -[is_a]-> GO:0000122
GO:0034396 -[is_a]-> GO:0034395
GO:0034397 -[is_a]-> GO:0050000
GO:0034398 -[is_a]-> GO:0034397
GO:0034399 -[is_a]-> GO:0044428
GO:0034399 -[part_of]-> GO:0031981
GO:0034400 -[is_a]-> GO:0009536
GO:0034401 -[is_a]-> GO:0006325
GO:0034401 -[part_of]-> GO:0006355
GO:0034402 -[is_a]-> GO:0022618
GO:0034402 -[part_of]-> GO:0031124
GO:0034403 -[is_a]-> GO:0000389
GO:0034403 -[is_a]-> GO:0000395
GO:0034403 -[part_of]-> GO:0000350
GO:0034404 -[is_a]-> GO:0034654
GO:0034404 -[is_a]-> GO:0044283
GO:0034404 -[is_a]-> GO:0055086
GO:0034405 -[is_a]-> GO:0006950
GO:0034406 -[is_a]-> GO:0010383
GO:0034406 -[is_a]-> GO:0044723
GO:0034406 -[is_a]-> GO:0044763
GO:0034406 -[is_a]-> GO:0051273
GO:0034407 -[is_a]-> GO:0006074
GO:0034407 -[is_a]-> GO:0034406
GO:0034408 -[is_a]-> GO:0044702
GO:0034408 -[is_a]-> GO:0070879
GO:0034408 -[is_a]-> GO:1903046
GO:0034408 -[part_of]-> GO:0070591
GO:0034409 -[is_a]-> GO:0034408
GO:0034409 -[is_a]-> GO:0071969
GO:0034410 -[is_a]-> GO:0034406
GO:0034410 -[is_a]-> GO:0051274
GO:0034410 -[is_a]-> GO:0070592
GO:0034411 -[is_a]-> GO:0006075
GO:0034411 -[is_a]-> GO:0034407
GO:0034411 -[is_a]-> GO:0034410
GO:0034411 -[is_a]-> GO:0051278
GO:0034412 -[is_a]-> GO:0034408
GO:0034412 -[is_a]-> GO:0070880
GO:0034413 -[is_a]-> GO:0034409
GO:0034413 -[is_a]-> GO:0034412
GO:0034413 -[is_a]-> GO:0071970
GO:0034414 -[is_a]-> GO:0042779
GO:0034414 -[is_a]-> GO:0090502
GO:0034415 -[is_a]-> GO:0042779
GO:0034415 -[is_a]-> GO:0090503
GO:0034416 -[is_a]-> GO:0016791
GO:0034417 -[is_a]-> GO:0034416
GO:0034418 -[is_a]-> GO:0044283
GO:0034418 -[is_a]-> GO:0046415
GO:0034418 -[is_a]-> GO:1901576
GO:0034419 -[is_a]-> GO:0003973
GO:0034420 -[is_a]-> GO:0006473
GO:0034420 -[is_a]-> GO:0043686
GO:0034421 -[is_a]-> GO:0006473
GO:0034421 -[is_a]-> GO:0043687
GO:0034422 -[is_a]-> GO:0060205
GO:0034422 -[part_of]-> GO:0033095
GO:0034423 -[is_a]-> GO:0005775
GO:0034423 -[part_of]-> GO:0005776
GO:0034424 -[is_a]-> GO:0044440
GO:0034424 -[is_a]-> GO:0098796
GO:0034424 -[part_of]-> GO:0010008
GO:0034425 -[is_a]-> GO:0009526
GO:0034425 -[part_of]-> GO:0009513
GO:0034426 -[is_a]-> GO:0042170
GO:0034426 -[part_of]-> GO:0034425
GO:0034427 -[is_a]-> GO:0000291
GO:0034428 -[is_a]-> GO:0000291
GO:0034429 -[is_a]-> GO:0021952
GO:0034430 -[is_a]-> GO:0034646
GO:0034430 -[is_a]-> GO:0044444
GO:0034430 -[part_of]-> GO:0012511
GO:0034431 -[is_a]-> GO:0004551
GO:0034432 -[is_a]-> GO:0004551
GO:0034433 -[is_a]-> GO:0008202
GO:0034433 -[is_a]-> GO:0030258
GO:0034434 -[is_a]-> GO:0034433
GO:0034435 -[is_a]-> GO:0034434
GO:0034436 -[is_a]-> GO:0045184
GO:0034436 -[is_a]-> GO:1901264
GO:0034437 -[is_a]-> GO:1901505
GO:0034437 -[part_of]-> GO:0034436
GO:0034438 -[is_a]-> GO:0018158
GO:0034438 -[is_a]-> GO:0042161
GO:0034439 -[is_a]-> GO:0034440
GO:0034439 -[is_a]-> GO:0042161
GO:0034440 -[is_a]-> GO:0030258
GO:0034440 -[is_a]-> GO:0055114
GO:0034441 -[is_a]-> GO:0042161
GO:0034442 -[is_a]-> GO:0050746
GO:0034442 -[regulates]-> GO:0042161
GO:0034443 -[is_a]-> GO:0034442
GO:0034443 -[is_a]-> GO:0050748
GO:0034443 -[negatively_regulates]-> GO:0042161
GO:0034444 -[is_a]-> GO:0034442
GO:0034444 -[regulates]-> GO:0034441
GO:0034445 -[is_a]-> GO:0034443
GO:0034445 -[is_a]-> GO:0034444
GO:0034445 -[negatively_regulates]-> GO:0034441
GO:0034446 -[is_a]-> GO:0000904
GO:0034446 -[is_a]-> GO:0031589
GO:0034446 -[is_a]-> GO:0098602
GO:0034447 -[is_a]-> GO:0034381
GO:0034448 -[is_a]-> GO:0044437
GO:0034448 -[is_a]-> GO:0044440
GO:0034448 -[is_a]-> GO:0098796
GO:0034448 -[part_of]-> GO:0005774
GO:0034450 -[is_a]-> GO:0061630
GO:0034451 -[is_a]-> GO:0044450
GO:0034451 -[part_of]-> GO:0005813
GO:0034452 -[is_a]-> GO:0008092
GO:0034453 -[is_a]-> GO:0000226
GO:0034454 -[is_a]-> GO:0072393
GO:0034455 -[is_a]-> GO:0043234
GO:0034455 -[is_a]-> GO:0044452
GO:0034456 -[is_a]-> GO:0043234
GO:0034456 -[is_a]-> GO:0044452
GO:0034456 -[part_of]-> GO:0030686
GO:0034457 -[is_a]-> GO:0043234
GO:0034457 -[is_a]-> GO:0044452
GO:0034457 -[part_of]-> GO:0030686
GO:0034458 -[is_a]-> GO:0003724
GO:0034459 -[is_a]-> GO:0004004
GO:0034459 -[is_a]-> GO:0034458
GO:0034460 -[is_a]-> GO:0030031
GO:0034460 -[is_a]-> GO:0032796
GO:0034461 -[is_a]-> GO:0032796
GO:0034462 -[is_a]-> GO:0022618
GO:0034462 -[part_of]-> GO:0000028
GO:0034463 -[is_a]-> GO:0022618
GO:0034463 -[part_of]-> GO:0000027
GO:0034463 -[part_of]-> GO:0000028
GO:0034464 -[is_a]-> GO:0043234
GO:0034464 -[is_a]-> GO:0044441
GO:0034464 -[part_of]-> GO:0005929
GO:0034465 -[is_a]-> GO:0010033
GO:0034465 -[is_a]-> GO:1901700
GO:0034466 -[is_a]-> GO:0034774
GO:0034466 -[part_of]-> GO:0042583
GO:0034467 -[is_a]-> GO:0060205
GO:0034467 -[part_of]-> GO:0033117
GO:0034468 -[is_a]-> GO:0005782
GO:0034468 -[part_of]-> GO:0020015
GO:0034469 -[is_a]-> GO:0005796
GO:0034469 -[part_of]-> GO:0005795
GO:0034470 -[is_a]-> GO:0006396
GO:0034470 -[is_a]-> GO:0034660
GO:0034471 -[is_a]-> GO:0000966
GO:0034471 -[is_a]-> GO:0034470
GO:0034472 -[is_a]-> GO:0016180
GO:0034472 -[is_a]-> GO:0043628
GO:0034473 -[is_a]-> GO:0034472
GO:0034474 -[is_a]-> GO:0034472
GO:0034475 -[is_a]-> GO:0034472
GO:0034476 -[is_a]-> GO:0034472
GO:0034477 -[is_a]-> GO:0034472
GO:0034478 -[is_a]-> GO:0046471
GO:0034478 -[is_a]-> GO:0046475
GO:0034479 -[is_a]-> GO:0004629
GO:0034480 -[is_a]-> GO:0004629
GO:0034481 -[is_a]-> GO:0008146
GO:0034482 -[is_a]-> GO:0034481
GO:0034483 -[is_a]-> GO:0008146
GO:0034484 -[is_a]-> GO:0009313
GO:0034484 -[is_a]-> GO:0033530
GO:0034485 -[is_a]-> GO:0034594
GO:0034485 -[is_a]-> GO:0034595
GO:0034486 -[is_a]-> GO:0007034
GO:0034486 -[is_a]-> GO:0055085
GO:0034487 -[is_a]-> GO:0003333
GO:0034487 -[is_a]-> GO:0034486
GO:0034488 -[is_a]-> GO:0015802
GO:0034488 -[is_a]-> GO:0032974
GO:0034489 -[is_a]-> GO:0015804
GO:0034489 -[is_a]-> GO:0032974
GO:0034490 -[is_a]-> GO:0015802
GO:0034490 -[is_a]-> GO:0032975
GO:0034491 -[is_a]-> GO:0015804
GO:0034491 -[is_a]-> GO:0032975
GO:0034492 -[is_a]-> GO:0044444
GO:0034492 -[is_a]-> GO:0070013
GO:0034492 -[part_of]-> GO:0042566
GO:0034493 -[is_a]-> GO:0060205
GO:0034493 -[part_of]-> GO:0042470
GO:0034494 -[is_a]-> GO:0070013
GO:0034494 -[part_of]-> GO:0020009
GO:0034495 -[is_a]-> GO:0000330
GO:0034495 -[part_of]-> GO:0000326
GO:0034496 -[is_a]-> GO:0030397
GO:0034496 -[part_of]-> GO:0036257
GO:0034497 -[is_a]-> GO:0034613
GO:0034497 -[part_of]-> GO:0000045
GO:0034498 -[is_a]-> GO:0042147
GO:0034498 -[is_a]-> GO:0048193
GO:0034499 -[is_a]-> GO:0042147
GO:0034499 -[is_a]-> GO:0048193
GO:0034499 -[occurs_in]-> GO:0005737
GO:0034501 -[is_a]-> GO:0071459
GO:0034502 -[is_a]-> GO:0033365
GO:0034503 -[is_a]-> GO:0034502
GO:0034503 -[part_of]-> GO:0007000
GO:0034504 -[is_a]-> GO:0033365
GO:0034505 -[is_a]-> GO:0031214
GO:0034505 -[is_a]-> GO:0044767
GO:0034505 -[part_of]-> GO:0042476
GO:0034506 -[is_a]-> GO:0098687
GO:0034506 -[part_of]-> GO:0000775
GO:0034507 -[is_a]-> GO:0098687
GO:0034507 -[part_of]-> GO:0000775
GO:0034508 -[is_a]-> GO:0051276
GO:0034508 -[is_a]-> GO:0065004
GO:0034510 -[is_a]-> GO:0022402
GO:0034510 -[part_of]-> GO:0051304
GO:0034510 -[part_of]-> GO:0098813
GO:0034511 -[is_a]-> GO:0030515
GO:0034512 -[is_a]-> GO:0030515
GO:0034513 -[is_a]-> GO:0030515
GO:0034514 -[is_a]-> GO:0034620
GO:0034515 -[is_a]-> GO:0031597
GO:0034516 -[is_a]-> GO:0010243
GO:0034516 -[is_a]-> GO:0014070
GO:0034516 -[is_a]-> GO:0033273
GO:0034517 -[is_a]-> GO:0016236
GO:0034518 -[is_a]-> GO:0032991
GO:0034519 -[is_a]-> GO:0005845
GO:0034519 -[is_a]-> GO:0043234
GO:0034519 -[is_a]-> GO:0044445
GO:0034519 -[part_of]-> GO:0005829
GO:0034520 -[is_a]-> GO:0004029
GO:0034521 -[is_a]-> GO:0016708
GO:0034522 -[is_a]-> GO:0016614
GO:0034523 -[is_a]-> GO:0016623
GO:0034524 -[is_a]-> GO:0016831
GO:0034525 -[is_a]-> GO:0016620
GO:0034526 -[is_a]-> GO:0016709
GO:0034527 -[is_a]-> GO:0016701
GO:0034528 -[is_a]-> GO:0016860
GO:0034529 -[is_a]-> GO:0016832
GO:0034530 -[is_a]-> GO:0004029
GO:0034531 -[is_a]-> GO:0016832
GO:0034532 -[is_a]-> GO:0016860
GO:0034533 -[is_a]-> GO:0016701
GO:0034534 -[is_a]-> GO:0016709
GO:0034535 -[is_a]-> GO:0016701
GO:0034536 -[is_a]-> GO:0016860
GO:0034537 -[is_a]-> GO:0016832
GO:0034538 -[is_a]-> GO:0016620
GO:0034539 -[is_a]-> GO:0016491
GO:0034540 -[is_a]-> GO:0016491
GO:0034541 -[is_a]-> GO:0008168
GO:0034542 -[is_a]-> GO:0016491
GO:0034543 -[is_a]-> GO:0016702
GO:0034544 -[is_a]-> GO:0016810
GO:0034545 -[is_a]-> GO:0016823
GO:0034546 -[is_a]-> GO:0016491
GO:0034547 -[is_a]-> GO:0016814
GO:0034548 -[is_a]-> GO:0016814
GO:0034549 -[is_a]-> GO:0016814
GO:0034550 -[is_a]-> GO:0016491
GO:0034551 -[is_a]-> GO:0017062
GO:0034551 -[is_a]-> GO:0033108
GO:0034551 -[is_a]-> GO:0097033
GO:0034551 -[occurs_in]-> GO:0005739
GO:0034552 -[is_a]-> GO:0043623
GO:0034553 -[is_a]-> GO:0033108
GO:0034553 -[is_a]-> GO:0034552
GO:0034553 -[is_a]-> GO:0097032
GO:0034553 -[occurs_in]-> GO:0005739
GO:0034554 -[is_a]-> GO:0016491
GO:0034555 -[is_a]-> GO:0016491
GO:0034556 -[is_a]-> GO:0016657
GO:0034557 -[is_a]-> GO:0016638
GO:0034558 -[is_a]-> GO:0016695
GO:0034559 -[is_a]-> GO:0016705
GO:0034560 -[is_a]-> GO:0016709
GO:0034561 -[is_a]-> GO:0016836
GO:0034562 -[is_a]-> GO:0016705
GO:0034563 -[is_a]-> GO:0016713
GO:0034564 -[is_a]-> GO:0016627
GO:0034565 -[is_a]-> GO:0016810
GO:0034567 -[is_a]-> GO:0016491
GO:0034568 -[is_a]-> GO:0016645
GO:0034569 -[is_a]-> GO:0016725
GO:0034570 -[is_a]-> GO:0016645
GO:0034571 -[is_a]-> GO:0016811
GO:0034572 -[is_a]-> GO:0016645
GO:0034573 -[is_a]-> GO:0016811
GO:0034574 -[is_a]-> GO:0016725
GO:0034575 -[is_a]-> GO:0016725
GO:0034576 -[is_a]-> GO:0016811
GO:0034577 -[is_a]-> GO:0016713
GO:0034578 -[is_a]-> GO:0016836
GO:0034579 -[is_a]-> GO:0016830
GO:0034580 -[is_a]-> GO:0016627
GO:0034581 -[is_a]-> GO:0016836
GO:0034582 -[is_a]-> GO:0016614
GO:0034583 -[is_a]-> GO:0003723
GO:0034584 -[is_a]-> GO:0003723
GO:0034585 -[is_a]-> GO:0034660
GO:0034586 -[is_a]-> GO:0034585
GO:0034586 -[is_a]-> GO:0034661
GO:0034587 -[is_a]-> GO:0034660
GO:0034588 -[is_a]-> GO:0034587
GO:0034588 -[is_a]-> GO:0034661
GO:0034589 -[is_a]-> GO:0006865
GO:0034589 -[is_a]-> GO:0072337
GO:0034590 -[is_a]-> GO:0015179
GO:0034590 -[is_a]-> GO:0072349
GO:0034590 -[part_of]-> GO:0034589
GO:0034591 -[is_a]-> GO:0043233
GO:0034591 -[is_a]-> GO:0044464
GO:0034591 -[part_of]-> GO:0020008
GO:0034592 -[is_a]-> GO:0044456
GO:0034592 -[is_a]-> GO:0060205
GO:0034592 -[is_a]-> GO:0097458
GO:0034592 -[part_of]-> GO:0008021
GO:0034593 -[is_a]-> GO:0052866
GO:0034594 -[is_a]-> GO:0052866
GO:0034595 -[is_a]-> GO:0052866
GO:0034596 -[is_a]-> GO:0052866
GO:0034597 -[is_a]-> GO:0034593
GO:0034597 -[is_a]-> GO:0034596
GO:0034598 -[is_a]-> GO:0016838
GO:0034599 -[is_a]-> GO:0006979
GO:0034599 -[is_a]-> GO:0033554
GO:0034599 -[is_a]-> GO:0070887
GO:0034601 -[is_a]-> GO:0016620
GO:0034602 -[is_a]-> GO:0016620
GO:0034603 -[is_a]-> GO:0004738
GO:0034603 -[is_a]-> GO:0016620
GO:0034604 -[is_a]-> GO:0034603
GO:0034604 -[has_part]-> GO:0004148
GO:0034604 -[has_part]-> GO:0004739
GO:0034604 -[has_part]-> GO:0004742
GO:0034604 -[part_of]-> GO:0006086
GO:0034605 -[is_a]-> GO:0009408
GO:0034605 -[is_a]-> GO:0033554
GO:0034606 -[is_a]-> GO:0060179
GO:0034607 -[is_a]-> GO:0035178
GO:0034607 -[is_a]-> GO:0060179
GO:0034607 -[part_of]-> GO:0007618
GO:0034608 -[is_a]-> GO:0060179
GO:0034609 -[is_a]-> GO:0060179
GO:0034610 -[is_a]-> GO:0004536
GO:0034610 -[is_a]-> GO:0008946
GO:0034611 -[is_a]-> GO:0004540
GO:0034611 -[is_a]-> GO:0008946
GO:0034612 -[is_a]-> GO:0034097
GO:0034613 -[is_a]-> GO:0008104
GO:0034613 -[is_a]-> GO:0070727
GO:0034614 -[is_a]-> GO:0000302
GO:0034614 -[is_a]-> GO:0034599
GO:0034614 -[is_a]-> GO:1901701
GO:0034615 -[is_a]-> GO:0044424
GO:0034615 -[is_a]-> GO:1902494
GO:0034616 -[is_a]-> GO:0034405
GO:0034617 -[is_a]-> GO:0050662
GO:0034617 -[is_a]-> GO:0097159
GO:0034617 -[is_a]-> GO:1901363
GO:0034618 -[is_a]-> GO:0016597
GO:0034620 -[is_a]-> GO:0006986
GO:0034620 -[is_a]-> GO:0035967
GO:0034622 -[is_a]-> GO:0065003
GO:0034624 -[is_a]-> GO:0000730
GO:0034624 -[is_a]-> GO:0022414
GO:0034624 -[part_of]-> GO:0007534
GO:0034625 -[is_a]-> GO:0019368
GO:0034626 -[is_a]-> GO:0019368
GO:0034627 -[is_a]-> GO:0009435
GO:0034628 -[is_a]-> GO:0019355
GO:0034628 -[is_a]-> GO:0034627
GO:0034629 -[is_a]-> GO:0031503
GO:0034629 -[is_a]-> GO:0034613
GO:0034630 -[is_a]-> GO:0034629
GO:0034631 -[is_a]-> GO:0022402
GO:0034631 -[is_a]-> GO:0072393
GO:0034631 -[part_of]-> GO:0007051
GO:0034632 -[is_a]-> GO:0005319
GO:0034632 -[is_a]-> GO:0051183
GO:0034632 -[part_of]-> GO:0034633
GO:0034633 -[is_a]-> GO:0015850
GO:0034633 -[is_a]-> GO:0046865
GO:0034634 -[is_a]-> GO:0035673
GO:0034634 -[is_a]-> GO:0042937
GO:0034634 -[is_a]-> GO:0072349
GO:0034634 -[is_a]-> GO:1901682
GO:0034634 -[part_of]-> GO:0034775
GO:0034635 -[is_a]-> GO:0042939
GO:0034635 -[is_a]-> GO:0072337
GO:0034635 -[is_a]-> GO:0072348
GO:0034636 -[is_a]-> GO:0022414
GO:0034636 -[is_a]-> GO:0042148
GO:0034636 -[part_of]-> GO:0007534
GO:0034637 -[is_a]-> GO:0016051
GO:0034637 -[is_a]-> GO:0044249
GO:0034637 -[is_a]-> GO:0044262
GO:0034637 -[is_a]-> GO:0044763
GO:0034638 -[is_a]-> GO:0046470
GO:0034638 -[is_a]-> GO:0046475
GO:0034638 -[is_a]-> GO:1901565
GO:0034639 -[is_a]-> GO:0015179
GO:0034639 -[is_a]-> GO:0015562
GO:0034640 -[is_a]-> GO:0034643
GO:0034641 -[is_a]-> GO:0006807
GO:0034641 -[is_a]-> GO:0044237
GO:0034642 -[is_a]-> GO:0030048
GO:0034642 -[is_a]-> GO:0051654
GO:0034642 -[is_a]-> GO:0099515
GO:0034642 -[is_a]-> GO:1902582
GO:0034643 -[is_a]-> GO:0007017
GO:0034643 -[is_a]-> GO:0051654
GO:0034643 -[is_a]-> GO:1902580
GO:0034644 -[is_a]-> GO:0009411
GO:0034644 -[is_a]-> GO:0071482
GO:0034645 -[is_a]-> GO:0009059
GO:0034645 -[is_a]-> GO:0044249
GO:0034645 -[is_a]-> GO:0044260
GO:0034646 -[is_a]-> GO:0044446
GO:0034647 -[is_a]-> GO:0032453
GO:0034647 -[part_of]-> GO:0034721
GO:0034648 -[is_a]-> GO:0032453
GO:0034649 -[is_a]-> GO:0016705
GO:0034649 -[is_a]-> GO:0032453
GO:0034650 -[is_a]-> GO:0008211
GO:0034650 -[is_a]-> GO:0042180
GO:0034650 -[is_a]-> GO:1901615
GO:0034651 -[is_a]-> GO:0006704
GO:0034651 -[is_a]-> GO:0034650
GO:0034651 -[is_a]-> GO:0042181
GO:0034651 -[is_a]-> GO:1901617
GO:0034652 -[is_a]-> GO:0001301
GO:0034653 -[is_a]-> GO:0016103
GO:0034653 -[is_a]-> GO:0042363
GO:0034653 -[is_a]-> GO:0042573
GO:0034653 -[is_a]-> GO:0072329
GO:0034654 -[is_a]-> GO:0006139
GO:0034654 -[is_a]-> GO:0018130
GO:0034654 -[is_a]-> GO:0019438
GO:0034654 -[is_a]-> GO:0044271
GO:0034654 -[is_a]-> GO:1901362
GO:0034655 -[is_a]-> GO:0006139
GO:0034655 -[is_a]-> GO:0019439
GO:0034655 -[is_a]-> GO:0044270
GO:0034655 -[is_a]-> GO:0046700
GO:0034655 -[is_a]-> GO:1901361
GO:0034656 -[is_a]-> GO:0034655
GO:0034656 -[is_a]-> GO:0044282
GO:0034656 -[is_a]-> GO:0055086
GO:0034657 -[is_a]-> GO:0043234
GO:0034657 -[is_a]-> GO:0044424
GO:0034658 -[is_a]-> GO:0005310
GO:0034658 -[part_of]-> GO:0034659
GO:0034659 -[is_a]-> GO:0006835
GO:0034660 -[is_a]-> GO:0016070
GO:0034661 -[is_a]-> GO:0006401
GO:0034661 -[is_a]-> GO:0034660
GO:0034662 -[is_a]-> GO:0098797
GO:0034663 -[is_a]-> GO:0043234
GO:0034663 -[is_a]-> GO:0044432
GO:0034664 -[is_a]-> GO:0043234
GO:0034664 -[is_a]-> GO:0044432
GO:0034665 -[is_a]-> GO:0008305
GO:0034666 -[is_a]-> GO:0008305
GO:0034667 -[is_a]-> GO:0008305
GO:0034668 -[is_a]-> GO:0008305
GO:0034669 -[is_a]-> GO:0008305
GO:0034670 -[is_a]-> GO:0006935
GO:0034671 -[is_a]-> GO:0048384
GO:0034671 -[part_of]-> GO:0034672
GO:0034672 -[is_a]-> GO:0039017
GO:0034672 -[is_a]-> GO:0072098
GO:0034672 -[part_of]-> GO:0048793
GO:0034673 -[is_a]-> GO:0098797
GO:0034674 -[is_a]-> GO:0008305
GO:0034675 -[is_a]-> GO:0008305
GO:0034676 -[is_a]-> GO:0008305
GO:0034677 -[is_a]-> GO:0008305
GO:0034678 -[is_a]-> GO:0008305
GO:0034679 -[is_a]-> GO:0008305
GO:0034680 -[is_a]-> GO:0008305
GO:0034681 -[is_a]-> GO:0008305
GO:0034682 -[is_a]-> GO:0008305
GO:0034683 -[is_a]-> GO:0008305
GO:0034684 -[is_a]-> GO:0008305
GO:0034685 -[is_a]-> GO:0008305
GO:0034686 -[is_a]-> GO:0008305
GO:0034687 -[is_a]-> GO:0008305
GO:0034688 -[is_a]-> GO:0008305
GO:0034689 -[is_a]-> GO:0008305
GO:0034690 -[is_a]-> GO:0008305
GO:0034691 -[is_a]-> GO:0008305
GO:0034692 -[is_a]-> GO:0043234
GO:0034692 -[is_a]-> GO:0044428
GO:0034693 -[is_a]-> GO:0097525
GO:0034694 -[is_a]-> GO:0009725
GO:0034695 -[is_a]-> GO:0034694
GO:0034695 -[is_a]-> GO:1901654
GO:0034696 -[is_a]-> GO:0034694
GO:0034697 -[is_a]-> GO:0034694
GO:0034698 -[is_a]-> GO:0009725
GO:0034699 -[is_a]-> GO:0034698
GO:0034700 -[is_a]-> GO:0016857
GO:0034701 -[is_a]-> GO:0008238
GO:0034702 -[is_a]-> GO:1902495
GO:0034702 -[part_of]-> GO:0016021
GO:0034703 -[is_a]-> GO:0034702
GO:0034704 -[is_a]-> GO:0034703
GO:0034705 -[is_a]-> GO:0034703
GO:0034706 -[is_a]-> GO:0034703
GO:0034707 -[is_a]-> GO:0034702
GO:0034708 -[is_a]-> GO:0044424
GO:0034708 -[is_a]-> GO:1990234
GO:0034709 -[is_a]-> GO:0034708
GO:0034709 -[is_a]-> GO:0044444
GO:0034710 -[is_a]-> GO:0032403
GO:0034711 -[is_a]-> GO:0005515
GO:0034713 -[is_a]-> GO:0005160
GO:0034714 -[is_a]-> GO:0005160
GO:0034715 -[is_a]-> GO:0043234
GO:0034715 -[is_a]-> GO:0044444
GO:0034716 -[is_a]-> GO:0043234
GO:0034716 -[is_a]-> GO:0044424
GO:0034717 -[is_a]-> GO:0043234
GO:0034717 -[is_a]-> GO:0044424
GO:0034718 -[is_a]-> GO:0043234
GO:0034718 -[is_a]-> GO:0044424
GO:0034719 -[is_a]-> GO:0043234
GO:0034719 -[is_a]-> GO:0044444
GO:0034719 -[has_part]-> GO:0032797
GO:0034720 -[is_a]-> GO:0070076
GO:0034721 -[is_a]-> GO:0034720
GO:0034722 -[is_a]-> GO:0008242
GO:0034723 -[is_a]-> GO:0006333
GO:0034723 -[is_a]-> GO:0034728
GO:0034724 -[is_a]-> GO:0006333
GO:0034724 -[is_a]-> GO:0034728
GO:0034725 -[is_a]-> GO:0006337
GO:0034725 -[is_a]-> GO:0034723
GO:0034726 -[is_a]-> GO:0006337
GO:0034726 -[is_a]-> GO:0034724
GO:0034727 -[is_a]-> GO:0016237
GO:0034727 -[is_a]-> GO:0044804
GO:0034728 -[is_a]-> GO:0006325
GO:0034728 -[is_a]-> GO:0071824
GO:0034729 -[is_a]-> GO:0034968
GO:0034730 -[is_a]-> GO:0034719
GO:0034731 -[is_a]-> GO:0034719
GO:0034732 -[is_a]-> GO:0000126
GO:0034733 -[is_a]-> GO:0000126
GO:0034734 -[is_a]-> GO:0090576
GO:0034734 -[part_of]-> GO:0000127
GO:0034735 -[is_a]-> GO:0090576
GO:0034735 -[part_of]-> GO:0000127
GO:0034736 -[is_a]-> GO:0004772
GO:0034737 -[is_a]-> GO:0004772
GO:0034738 -[is_a]-> GO:0004772
GO:0034739 -[is_a]-> GO:0004407
GO:0034739 -[part_of]-> GO:0070933
GO:0034740 -[is_a]-> GO:0044451
GO:0034740 -[is_a]-> GO:0090576
GO:0034740 -[part_of]-> GO:0016591
GO:0034741 -[is_a]-> GO:0043234
GO:0034741 -[is_a]-> GO:0044444
GO:0034743 -[is_a]-> GO:0043234
GO:0034743 -[is_a]-> GO:0044444
GO:0034743 -[part_of]-> GO:0031252
GO:0034744 -[is_a]-> GO:0043234
GO:0034744 -[is_a]-> GO:0044444
GO:0034744 -[part_of]-> GO:0031252
GO:0034745 -[is_a]-> GO:0043234
GO:0034745 -[is_a]-> GO:0044444
GO:0034745 -[part_of]-> GO:0031252
GO:0034746 -[is_a]-> GO:0043234
GO:0034746 -[is_a]-> GO:0044444
GO:0034746 -[part_of]-> GO:0031252
GO:0034748 -[is_a]-> GO:0043234
GO:0034748 -[is_a]-> GO:0044444
GO:0034749 -[is_a]-> GO:0043234
GO:0034749 -[is_a]-> GO:0044444
GO:0034750 -[is_a]-> GO:0043234
GO:0034750 -[is_a]-> GO:0044444
GO:0034751 -[is_a]-> GO:0043235
GO:0034751 -[is_a]-> GO:0044424
GO:0034752 -[is_a]-> GO:0034751
GO:0034752 -[is_a]-> GO:0044445
GO:0034753 -[is_a]-> GO:0034751
GO:0034753 -[is_a]-> GO:0044428
GO:0034753 -[part_of]-> GO:0005634
GO:0034754 -[is_a]-> GO:0042445
GO:0034754 -[is_a]-> GO:0044237
GO:0034755 -[is_a]-> GO:0006826
GO:0034755 -[is_a]-> GO:0098662
GO:0034756 -[is_a]-> GO:0010959
GO:0034756 -[regulates]-> GO:0006826
GO:0034757 -[is_a]-> GO:0034756
GO:0034757 -[is_a]-> GO:0043271
GO:0034757 -[negatively_regulates]-> GO:0006826
GO:0034758 -[is_a]-> GO:0034756
GO:0034758 -[is_a]-> GO:0043270
GO:0034758 -[positively_regulates]-> GO:0006826
GO:0034759 -[is_a]-> GO:0034756
GO:0034759 -[is_a]-> GO:1904062
GO:0034759 -[regulates]-> GO:0034755
GO:0034760 -[is_a]-> GO:0034757
GO:0034760 -[is_a]-> GO:0034759
GO:0034760 -[is_a]-> GO:1904063
GO:0034760 -[negatively_regulates]-> GO:0034755
GO:0034761 -[is_a]-> GO:0034758
GO:0034761 -[is_a]-> GO:0034759
GO:0034761 -[is_a]-> GO:1904064
GO:0034761 -[positively_regulates]-> GO:0034755
GO:0034762 -[is_a]-> GO:0051049
GO:0034762 -[regulates]-> GO:0055085
GO:0034763 -[is_a]-> GO:0034762
GO:0034763 -[is_a]-> GO:0051051
GO:0034763 -[negatively_regulates]-> GO:0055085
GO:0034764 -[is_a]-> GO:0034762
GO:0034764 -[is_a]-> GO:0051050
GO:0034764 -[positively_regulates]-> GO:0055085
GO:0034765 -[is_a]-> GO:0034762
GO:0034765 -[is_a]-> GO:0043269
GO:0034765 -[regulates]-> GO:0034220
GO:0034766 -[is_a]-> GO:0034763
GO:0034766 -[is_a]-> GO:0034765
GO:0034766 -[is_a]-> GO:0043271
GO:0034766 -[negatively_regulates]-> GO:0034220
GO:0034767 -[is_a]-> GO:0034764
GO:0034767 -[is_a]-> GO:0034765
GO:0034767 -[is_a]-> GO:0043270
GO:0034767 -[positively_regulates]-> GO:0034220
GO:0034768 -[is_a]-> GO:0016838
GO:0034769 -[is_a]-> GO:0022617
GO:0034769 -[is_a]-> GO:0071711
GO:0034770 -[is_a]-> GO:0034968
GO:0034771 -[is_a]-> GO:0018026
GO:0034771 -[is_a]-> GO:0034770
GO:0034772 -[is_a]-> GO:0018027
GO:0034772 -[is_a]-> GO:0034770
GO:0034773 -[is_a]-> GO:0018023
GO:0034773 -[is_a]-> GO:0034770
GO:0034774 -[is_a]-> GO:0060205
GO:0034774 -[part_of]-> GO:0030141
GO:0034775 -[is_a]-> GO:0034635
GO:0034775 -[is_a]-> GO:0035443
GO:0034776 -[is_a]-> GO:0010243
GO:0034776 -[is_a]-> GO:0014070
GO:0034777 -[is_a]-> GO:0031904
GO:0034777 -[part_of]-> GO:0055037
GO:0034778 -[is_a]-> GO:0016614
GO:0034779 -[is_a]-> GO:0016823
GO:0034780 -[is_a]-> GO:0016645
GO:0034781 -[is_a]-> GO:0016811
GO:0034782 -[is_a]-> GO:0016831
GO:0034783 -[is_a]-> GO:0016405
GO:0034783 -[is_a]-> GO:0016878
GO:0034784 -[is_a]-> GO:0016866
GO:0034785 -[is_a]-> GO:0016709
GO:0034786 -[is_a]-> GO:0016705
GO:0034787 -[is_a]-> GO:0016627
GO:0034788 -[is_a]-> GO:0016701
GO:0034789 -[is_a]-> GO:0016823
GO:0034790 -[is_a]-> GO:0016628
GO:0034791 -[is_a]-> GO:0016709
GO:0034792 -[is_a]-> GO:0016706
GO:0034793 -[is_a]-> GO:0016405
GO:0034793 -[is_a]-> GO:0016878
GO:0034794 -[is_a]-> GO:0016872
GO:0034795 -[is_a]-> GO:0016713
GO:0034796 -[is_a]-> GO:0016405
GO:0034796 -[is_a]-> GO:0016878
GO:0034797 -[is_a]-> GO:0016877
GO:0034798 -[is_a]-> GO:0016877
GO:0034799 -[is_a]-> GO:0016862
GO:0034800 -[is_a]-> GO:0016661
GO:0034801 -[is_a]-> GO:0016823
GO:0034802 -[is_a]-> GO:0016709
GO:0034803 -[is_a]-> GO:0016702
GO:0034804 -[is_a]-> GO:0016705
GO:0034805 -[is_a]-> GO:0016628
GO:0034806 -[is_a]-> GO:0016702
GO:0034807 -[is_a]-> GO:0008168
GO:0034808 -[is_a]-> GO:0016702
GO:0034809 -[is_a]-> GO:0016628
GO:0034810 -[is_a]-> GO:0016702
GO:0034811 -[is_a]-> GO:0016702
GO:0034812 -[is_a]-> GO:0016702
GO:0034813 -[is_a]-> GO:0016702
GO:0034814 -[is_a]-> GO:0016702
GO:0034815 -[is_a]-> GO:0016833
GO:0034816 -[is_a]-> GO:0016705
GO:0034817 -[is_a]-> GO:0016614
GO:0034818 -[is_a]-> GO:0016713
GO:0034819 -[is_a]-> GO:0016709
GO:0034820 -[is_a]-> GO:0016823
GO:0034821 -[is_a]-> GO:0016614
GO:0034822 -[is_a]-> GO:0016620
GO:0034823 -[is_a]-> GO:0016405
GO:0034823 -[is_a]-> GO:0016878
GO:0034824 -[is_a]-> GO:0016628
GO:0034825 -[is_a]-> GO:0016708
GO:0034826 -[is_a]-> GO:0016627
GO:0034827 -[is_a]-> GO:0016702
GO:0034828 -[is_a]-> GO:0016823
GO:0034829 -[is_a]-> GO:0016836
GO:0034830 -[is_a]-> GO:0016833
GO:0034831 -[is_a]-> GO:0016616
GO:0034832 -[is_a]-> GO:0016620
GO:0034833 -[is_a]-> GO:0008410
GO:0034834 -[is_a]-> GO:0016702
GO:0034835 -[is_a]-> GO:0016703
GO:0034836 -[is_a]-> GO:0016703
GO:0034837 -[is_a]-> GO:0016627
GO:0034838 -[is_a]-> GO:0016628
GO:0034839 -[is_a]-> GO:0016836
GO:0034840 -[is_a]-> GO:0016616
GO:0034841 -[is_a]-> GO:0016405
GO:0034841 -[is_a]-> GO:0016878
GO:0034842 -[is_a]-> GO:0016405
GO:0034842 -[is_a]-> GO:0016878
GO:0034843 -[is_a]-> GO:0016790
GO:0034844 -[is_a]-> GO:0008410
GO:0034845 -[is_a]-> GO:0016627
GO:0034846 -[is_a]-> GO:0016836
GO:0034847 -[is_a]-> GO:0016614
GO:0034848 -[is_a]-> GO:0016747
GO:0034849 -[is_a]-> GO:0008410
GO:0034850 -[is_a]-> GO:0016703
GO:0034851 -[is_a]-> GO:0016747
GO:0034852 -[is_a]-> GO:0016903
GO:0034853 -[is_a]-> GO:0016831
GO:0034854 -[is_a]-> GO:0016831
GO:0034855 -[is_a]-> GO:0016713
GO:0034856 -[is_a]-> GO:0016836
GO:0034857 -[is_a]-> GO:0016705
GO:0034858 -[is_a]-> GO:0016705
GO:0034859 -[is_a]-> GO:0016705
GO:0034860 -[is_a]-> GO:0016846
GO:0034861 -[is_a]-> GO:0046508
GO:0034862 -[is_a]-> GO:0016705
GO:0034863 -[is_a]-> GO:0016614
GO:0034864 -[is_a]-> GO:0016903
GO:0034865 -[is_a]-> GO:0016405
GO:0034865 -[is_a]-> GO:0016878
GO:0034866 -[is_a]-> GO:0016627
GO:0034867 -[is_a]-> GO:0016836
GO:0034868 -[is_a]-> GO:0016614
GO:0034869 -[is_a]-> GO:0016790
GO:0034870 -[is_a]-> GO:0016705
GO:0034871 -[is_a]-> GO:0016614
GO:0034872 -[is_a]-> GO:0016859
GO:0034873 -[is_a]-> GO:0016705
GO:0034874 -[is_a]-> GO:0016705
GO:0034875 -[is_a]-> GO:0033695
GO:0034876 -[is_a]-> GO:0016811
GO:0034877 -[is_a]-> GO:0016721
GO:0034878 -[is_a]-> GO:0016721
GO:0034879 -[is_a]-> GO:0016831
GO:0034880 -[is_a]-> GO:0016721
GO:0034881 -[is_a]-> GO:0016812
GO:0034882 -[is_a]-> GO:0016811
GO:0034885 -[is_a]-> GO:0016811
GO:0034886 -[is_a]-> GO:0016810
GO:0034888 -[is_a]-> GO:0016705
GO:0034889 -[is_a]-> GO:0008484
GO:0034890 -[is_a]-> GO:0016836
GO:0034891 -[is_a]-> GO:0016614
GO:0034892 -[is_a]-> GO:0052689
GO:0034893 -[is_a]-> GO:0016705
GO:0034894 -[is_a]-> GO:0016709
GO:0034895 -[is_a]-> GO:0016702
GO:0034896 -[is_a]-> GO:0016810
GO:0034897 -[is_a]-> GO:0016705
GO:0034898 -[is_a]-> GO:0016703
GO:0034899 -[is_a]-> GO:0016709
GO:0034900 -[is_a]-> GO:0016810
GO:0034901 -[is_a]-> GO:0016614
GO:0034902 -[is_a]-> GO:0008484
GO:0034903 -[is_a]-> GO:0016705
GO:0034904 -[is_a]-> GO:0016836
GO:0034905 -[is_a]-> GO:0016833
GO:0034906 -[is_a]-> GO:0016708
GO:0034907 -[is_a]-> GO:0016708
GO:0034908 -[is_a]-> GO:0016708
GO:0034909 -[is_a]-> GO:0016645
GO:0034910 -[is_a]-> GO:0016823
GO:0034911 -[is_a]-> GO:0016708
GO:0034912 -[is_a]-> GO:0016628
GO:0034914 -[is_a]-> GO:0016661
GO:0034915 -[is_a]-> GO:0016747
GO:0034916 -[is_a]-> GO:0016627
GO:0034917 -[is_a]-> GO:0016836
GO:0034918 -[is_a]-> GO:0016614
GO:0034919 -[is_a]-> GO:0016747
GO:0034920 -[is_a]-> GO:0016702
GO:0034921 -[is_a]-> GO:0016627
GO:0034922 -[is_a]-> GO:0016702
GO:0034923 -[is_a]-> GO:0016831
GO:0034924 -[is_a]-> GO:0016627
GO:0034925 -[is_a]-> GO:0016705
GO:0034926 -[is_a]-> GO:0016803
GO:0034927 -[is_a]-> GO:0016705
GO:0034928 -[is_a]-> GO:0016705
GO:0034929 -[is_a]-> GO:0016705
GO:0034930 -[is_a]-> GO:0008146
GO:0034931 -[is_a]-> GO:0008168
GO:0034932 -[is_a]-> GO:0016638
GO:0034933 -[is_a]-> GO:0008168
GO:0034934 -[is_a]-> GO:0016702
GO:0034935 -[is_a]-> GO:0016702
GO:0034936 -[is_a]-> GO:0016702
GO:0034937 -[is_a]-> GO:0016491
GO:0034938 -[is_a]-> GO:0016712
GO:0034939 -[is_a]-> GO:0016862
GO:0034940 -[is_a]-> GO:0016812
GO:0034941 -[is_a]-> GO:0016831
GO:0034942 -[is_a]-> GO:0016405
GO:0034942 -[is_a]-> GO:0016878
GO:0034943 -[is_a]-> GO:0016405
GO:0034943 -[is_a]-> GO:0016878
GO:0034944 -[is_a]-> GO:0016614
GO:0034945 -[is_a]-> GO:0016747
GO:0034946 -[is_a]-> GO:0016790
GO:0034947 -[is_a]-> GO:0016831
GO:0034948 -[is_a]-> GO:0016823
GO:0034949 -[is_a]-> GO:0016491
GO:0034950 -[is_a]-> GO:0016705
GO:0034951 -[is_a]-> GO:0016866
GO:0034952 -[is_a]-> GO:0016831
GO:0034953 -[is_a]-> GO:0016836
GO:0034954 -[is_a]-> GO:0016708
GO:0034955 -[is_a]-> GO:0016702
GO:0034956 -[is_a]-> GO:0016702
GO:0034957 -[is_a]-> GO:0046857
GO:0034958 -[is_a]-> GO:0016810
GO:0034959 -[is_a]-> GO:0016486
GO:0034959 -[part_of]-> GO:0002002
GO:0034963 -[is_a]-> GO:0033967
GO:0034963 -[is_a]-> GO:0043144
GO:0034964 -[is_a]-> GO:0033979
GO:0034964 -[is_a]-> GO:0043144
GO:0034965 -[is_a]-> GO:0031070
GO:0034965 -[is_a]-> GO:0034963
GO:0034966 -[is_a]-> GO:0031070
GO:0034966 -[is_a]-> GO:0034964
GO:0034967 -[is_a]-> GO:0000118
GO:0034967 -[is_a]-> GO:0044454
GO:0034967 -[part_of]-> GO:0000790
GO:0034968 -[is_a]-> GO:0016571
GO:0034968 -[is_a]-> GO:0018022
GO:0034969 -[is_a]-> GO:0016571
GO:0034969 -[is_a]-> GO:0018216
GO:0034970 -[is_a]-> GO:0034969
GO:0034971 -[is_a]-> GO:0034969
GO:0034972 -[is_a]-> GO:0034969
GO:0034973 -[is_a]-> GO:0043234
GO:0034973 -[is_a]-> GO:0044444
GO:0034974 -[is_a]-> GO:0043234
GO:0034974 -[is_a]-> GO:0044454
GO:0034974 -[part_of]-> GO:0000790
GO:0034975 -[is_a]-> GO:0006457
GO:0034976 -[is_a]-> GO:0033554
GO:0034977 -[is_a]-> GO:0043234
GO:0034977 -[is_a]-> GO:0044424
GO:0034978 -[is_a]-> GO:0043234
GO:0034978 -[is_a]-> GO:0044428
GO:0034979 -[is_a]-> GO:0033558
GO:0034980 -[is_a]-> GO:0033202
GO:0034980 -[is_a]-> GO:0044428
GO:0034981 -[is_a]-> GO:0033202
GO:0034981 -[is_a]-> GO:0044428
GO:0034982 -[is_a]-> GO:0016485
GO:0034982 -[is_a]-> GO:0044267
GO:0034982 -[occurs_in]-> GO:0005739
GO:0034983 -[is_a]-> GO:0006476
GO:0034983 -[is_a]-> GO:0018205
GO:0034985 -[is_a]-> GO:0098798
GO:0034985 -[part_of]-> GO:0005759
GO:0034986 -[is_a]-> GO:0005506
GO:0034986 -[is_a]-> GO:0016530
GO:0034987 -[is_a]-> GO:0005102
GO:0034988 -[is_a]-> GO:0032403
GO:0034988 -[is_a]-> GO:0034987
GO:0034990 -[is_a]-> GO:0000798
GO:0034990 -[is_a]-> GO:0030892
GO:0034991 -[is_a]-> GO:0000798
GO:0034991 -[is_a]-> GO:0030893
GO:0034992 -[is_a]-> GO:0044428
GO:0034992 -[part_of]-> GO:0005635
GO:0034993 -[is_a]-> GO:0043234
GO:0034993 -[is_a]-> GO:0044428
GO:0034993 -[part_of]-> GO:0005635
GO:0034993 -[part_of]-> GO:0034992
GO:0034994 -[is_a]-> GO:0016043
GO:0034994 -[is_a]-> GO:0044763
GO:0034994 -[part_of]-> GO:0006998
GO:0034995 -[is_a]-> GO:0098797
GO:0034995 -[part_of]-> GO:0005887
GO:0034996 -[is_a]-> GO:0043234
GO:0034996 -[is_a]-> GO:0044444
GO:0034997 -[is_a]-> GO:0098797
GO:0034997 -[part_of]-> GO:0005887
GO:0034998 -[is_a]-> GO:0008250
GO:0034999 -[is_a]-> GO:0008250
GO:0035000 -[is_a]-> GO:0008250
GO:0035001 -[is_a]-> GO:0060560
GO:0035001 -[part_of]-> GO:0007424
GO:0035002 -[is_a]-> GO:0042045
GO:0035002 -[part_of]-> GO:0007424
GO:0035003 -[is_a]-> GO:0032991
GO:0035003 -[is_a]-> GO:0044459
GO:0035003 -[part_of]-> GO:0043296
GO:0035004 -[is_a]-> GO:0016301
GO:0035004 -[part_of]-> GO:0046854
GO:0035005 -[is_a]-> GO:0016307
GO:0035005 -[is_a]-> GO:0035004
GO:0035006 -[is_a]-> GO:0006582
GO:0035006 -[is_a]-> GO:0045087
GO:0035007 -[is_a]-> GO:0031323
GO:0035007 -[is_a]-> GO:0043455
GO:0035007 -[is_a]-> GO:0045088
GO:0035007 -[regulates]-> GO:0035006
GO:0035008 -[is_a]-> GO:0031325
GO:0035008 -[is_a]-> GO:0035007
GO:0035008 -[is_a]-> GO:0045089
GO:0035008 -[positively_regulates]-> GO:0035006
GO:0035009 -[is_a]-> GO:0031324
GO:0035009 -[is_a]-> GO:0035007
GO:0035009 -[is_a]-> GO:0045824
GO:0035009 -[negatively_regulates]-> GO:0035006
GO:0035010 -[is_a]-> GO:0002252
GO:0035011 -[is_a]-> GO:0035006
GO:0035011 -[is_a]-> GO:0035010
GO:0035012 -[is_a]-> GO:0000781
GO:0035012 -[part_of]-> GO:0005700
GO:0035013 -[is_a]-> GO:0008528
GO:0035014 -[is_a]-> GO:0019207
GO:0035014 -[has_part]-> GO:0036313
GO:0035014 -[part_of]-> GO:0043551
GO:0035014 -[regulates]-> GO:0035004
GO:0035015 -[is_a]-> GO:0060560
GO:0035015 -[part_of]-> GO:0048800
GO:0035016 -[is_a]-> GO:0060560
GO:0035016 -[part_of]-> GO:0048800
GO:0035017 -[is_a]-> GO:0003002
GO:0035017 -[part_of]-> GO:0042335
GO:0035018 -[is_a]-> GO:0035017
GO:0035018 -[part_of]-> GO:0008365
GO:0035019 -[is_a]-> GO:0019827
GO:0035020 -[is_a]-> GO:0046578
GO:0035020 -[regulates]-> GO:0016601
GO:0035021 -[is_a]-> GO:0035020
GO:0035021 -[is_a]-> GO:0046580
GO:0035021 -[negatively_regulates]-> GO:0016601
GO:0035022 -[is_a]-> GO:0035020
GO:0035022 -[is_a]-> GO:0046579
GO:0035022 -[positively_regulates]-> GO:0016601
GO:0035023 -[is_a]-> GO:0046578
GO:0035023 -[regulates]-> GO:0007266
GO:0035024 -[is_a]-> GO:0035023
GO:0035024 -[is_a]-> GO:0046580
GO:0035024 -[negatively_regulates]-> GO:0007266
GO:0035025 -[is_a]-> GO:0035023
GO:0035025 -[is_a]-> GO:0046579
GO:0035025 -[positively_regulates]-> GO:0007266
GO:0035026 -[is_a]-> GO:0030855
GO:0035027 -[is_a]-> GO:0072148
GO:0035027 -[part_of]-> GO:0035026
GO:0035028 -[is_a]-> GO:0001709
GO:0035028 -[part_of]-> GO:0035027
GO:0035029 -[is_a]-> GO:0035027
GO:0035029 -[part_of]-> GO:0007391
GO:0035029 -[part_of]-> GO:0046663
GO:0035032 -[is_a]-> GO:0005942
GO:0035033 -[is_a]-> GO:0030234
GO:0035033 -[has_part]-> GO:0042826
GO:0035033 -[part_of]-> GO:0031063
GO:0035033 -[regulates]-> GO:0004407
GO:0035034 -[is_a]-> GO:0030234
GO:0035034 -[has_part]-> GO:0035035
GO:0035034 -[part_of]-> GO:0035065
GO:0035034 -[regulates]-> GO:0004402
GO:0035035 -[is_a]-> GO:0019899
GO:0035036 -[is_a]-> GO:0009988
GO:0035036 -[is_a]-> GO:0044702
GO:0035036 -[part_of]-> GO:0007338
GO:0035037 -[is_a]-> GO:0006897
GO:0035037 -[is_a]-> GO:0044702
GO:0035037 -[is_a]-> GO:0044765
GO:0035037 -[part_of]-> GO:0007338
GO:0035038 -[is_a]-> GO:0006997
GO:0035038 -[is_a]-> GO:0022414
GO:0035038 -[is_a]-> GO:0070925
GO:0035038 -[part_of]-> GO:0007338
GO:0035039 -[is_a]-> GO:0006997
GO:0035039 -[is_a]-> GO:0022414
GO:0035039 -[is_a]-> GO:0070925
GO:0035039 -[part_of]-> GO:0007338
GO:0035040 -[is_a]-> GO:0044702
GO:0035040 -[is_a]-> GO:0051081
GO:0035040 -[part_of]-> GO:0035039
GO:0035041 -[is_a]-> GO:0006325
GO:0035041 -[is_a]-> GO:0022414
GO:0035041 -[part_of]-> GO:0035039
GO:0035042 -[is_a]-> GO:0022414
GO:0035042 -[is_a]-> GO:0043486
GO:0035042 -[part_of]-> GO:0035041
GO:0035043 -[is_a]-> GO:0018985
GO:0035043 -[part_of]-> GO:0035039
GO:0035044 -[is_a]-> GO:0000226
GO:0035044 -[is_a]-> GO:0044702
GO:0035044 -[part_of]-> GO:0007338
GO:0035045 -[is_a]-> GO:0007009
GO:0035045 -[is_a]-> GO:0022412
GO:0035045 -[is_a]-> GO:0030397
GO:0035045 -[part_of]-> GO:0007338
GO:0035046 -[is_a]-> GO:0007097
GO:0035046 -[is_a]-> GO:0022414
GO:0035046 -[part_of]-> GO:0007338
GO:0035047 -[is_a]-> GO:0003006
GO:0035047 -[is_a]-> GO:0044702
GO:0035047 -[is_a]-> GO:0048869
GO:0035047 -[part_of]-> GO:0007338
GO:0035048 -[is_a]-> GO:0006606
GO:0035049 -[is_a]-> GO:0008168
GO:0035050 -[is_a]-> GO:0035295
GO:0035050 -[is_a]-> GO:0060429
GO:0035050 -[part_of]-> GO:0007507
GO:0035050 -[part_of]-> GO:0009790
GO:0035050 -[part_of]-> GO:0048568
GO:0035051 -[is_a]-> GO:0030154
GO:0035051 -[part_of]-> GO:0007507
GO:0035052 -[is_a]-> GO:0060581
GO:0035052 -[is_a]-> GO:0060911
GO:0035052 -[part_of]-> GO:0035054
GO:0035053 -[is_a]-> GO:0060581
GO:0035053 -[is_a]-> GO:0060911
GO:0035053 -[part_of]-> GO:0035054
GO:0035054 -[is_a]-> GO:0009952
GO:0035054 -[part_of]-> GO:0007507
GO:0035059 -[is_a]-> GO:0043234
GO:0035059 -[is_a]-> GO:0044428
GO:0035060 -[is_a]-> GO:0090544
GO:0035061 -[is_a]-> GO:0016604
GO:0035062 -[is_a]-> GO:0016607
GO:0035063 -[is_a]-> GO:0030575
GO:0035064 -[is_a]-> GO:0042393
GO:0035065 -[is_a]-> GO:0031056
GO:0035065 -[is_a]-> GO:2000756
GO:0035065 -[regulates]-> GO:0016573
GO:0035066 -[is_a]-> GO:0031058
GO:0035066 -[is_a]-> GO:0035065
GO:0035066 -[is_a]-> GO:2000758
GO:0035066 -[positively_regulates]-> GO:0016573
GO:0035067 -[is_a]-> GO:0031057
GO:0035067 -[is_a]-> GO:0035065
GO:0035067 -[is_a]-> GO:2000757
GO:0035067 -[negatively_regulates]-> GO:0016573
GO:0035068 -[is_a]-> GO:0030529
GO:0035069 -[is_a]-> GO:0060033
GO:0035069 -[part_of]-> GO:0007552
GO:0035069 -[part_of]-> GO:0048707
GO:0035070 -[is_a]-> GO:0007435
GO:0035070 -[is_a]-> GO:0009886
GO:0035070 -[is_a]-> GO:0060033
GO:0035070 -[part_of]-> GO:0007552
GO:0035070 -[part_of]-> GO:0048707
GO:0035071 -[is_a]-> GO:0010623
GO:0035071 -[is_a]-> GO:0048102
GO:0035071 -[part_of]-> GO:0035070
GO:0035072 -[is_a]-> GO:0035078
GO:0035072 -[part_of]-> GO:0035071
GO:0035073 -[is_a]-> GO:0044707
GO:0035073 -[part_of]-> GO:0035210
GO:0035074 -[is_a]-> GO:0044707
GO:0035074 -[part_of]-> GO:0035209
GO:0035075 -[is_a]-> GO:0036314
GO:0035075 -[is_a]-> GO:0097305
GO:0035075 -[is_a]-> GO:1901654
GO:0035076 -[is_a]-> GO:0030518
GO:0035076 -[part_of]-> GO:0071390
GO:0035077 -[is_a]-> GO:0035079
GO:0035077 -[part_of]-> GO:0071390
GO:0035078 -[is_a]-> GO:0035081
GO:0035078 -[part_of]-> GO:0035075
GO:0035079 -[is_a]-> GO:0051276
GO:0035080 -[is_a]-> GO:0034605
GO:0035080 -[is_a]-> GO:0035079
GO:0035081 -[is_a]-> GO:0012502
GO:0035082 -[is_a]-> GO:0001578
GO:0035082 -[is_a]-> GO:0030031
GO:0035082 -[part_of]-> GO:0060271
GO:0035087 -[is_a]-> GO:0070922
GO:0035087 -[part_of]-> GO:0016246
GO:0035088 -[is_a]-> GO:0061245
GO:0035089 -[is_a]-> GO:0035088
GO:0035089 -[is_a]-> GO:0061162
GO:0035090 -[is_a]-> GO:0030011
GO:0035090 -[is_a]-> GO:0035088
GO:0035091 -[is_a]-> GO:0005543
GO:0035092 -[is_a]-> GO:0006323
GO:0035092 -[is_a]-> GO:0006325
GO:0035092 -[is_a]-> GO:0022414
GO:0035092 -[part_of]-> GO:0007289
GO:0035093 -[is_a]-> GO:0022414
GO:0035093 -[is_a]-> GO:0043486
GO:0035093 -[part_of]-> GO:0035092
GO:0035094 -[is_a]-> GO:0014070
GO:0035094 -[is_a]-> GO:0043279
GO:0035095 -[is_a]-> GO:0030534
GO:0035095 -[part_of]-> GO:0035094
GO:0035096 -[is_a]-> GO:0010623
GO:0035096 -[part_of]-> GO:0035069
GO:0035097 -[is_a]-> GO:0034708
GO:0035097 -[is_a]-> GO:0044451
GO:0035098 -[is_a]-> GO:0031519
GO:0035098 -[is_a]-> GO:0035097
GO:0035099 -[is_a]-> GO:0016477
GO:0035099 -[part_of]-> GO:0035162
GO:0035100 -[is_a]-> GO:0032934
GO:0035100 -[is_a]-> GO:0042562
GO:0035100 -[is_a]-> GO:0043178
GO:0035101 -[is_a]-> GO:0008023
GO:0035102 -[is_a]-> GO:0000152
GO:0035102 -[is_a]-> GO:0031519
GO:0035103 -[is_a]-> GO:0016485
GO:0035103 -[is_a]-> GO:0044267
GO:0035103 -[part_of]-> GO:0032933
GO:0035105 -[is_a]-> GO:0006606
GO:0035105 -[part_of]-> GO:0032933
GO:0035106 -[is_a]-> GO:0007612
GO:0035107 -[is_a]-> GO:0009653
GO:0035107 -[is_a]-> GO:0044767
GO:0035107 -[part_of]-> GO:0048736
GO:0035108 -[is_a]-> GO:0035107
GO:0035108 -[part_of]-> GO:0060173
GO:0035112 -[is_a]-> GO:0003006
GO:0035112 -[is_a]-> GO:0009887
GO:0035112 -[is_a]-> GO:0044702
GO:0035112 -[part_of]-> GO:0048806
GO:0035113 -[is_a]-> GO:0035107
GO:0035113 -[is_a]-> GO:0048598
GO:0035114 -[is_a]-> GO:0035107
GO:0035114 -[part_of]-> GO:0048737
GO:0035115 -[is_a]-> GO:0030326
GO:0035115 -[is_a]-> GO:0035136
GO:0035116 -[is_a]-> GO:0030326
GO:0035116 -[is_a]-> GO:0035137
GO:0035118 -[is_a]-> GO:0035113
GO:0035118 -[is_a]-> GO:0035138
GO:0035119 -[is_a]-> GO:0035113
GO:0035119 -[is_a]-> GO:0035139
GO:0035120 -[is_a]-> GO:0009886
GO:0035120 -[is_a]-> GO:0035107
GO:0035122 -[is_a]-> GO:0035113
GO:0035122 -[is_a]-> GO:0035141
GO:0035123 -[is_a]-> GO:0035122
GO:0035123 -[is_a]-> GO:0035142
GO:0035124 -[is_a]-> GO:0035122
GO:0035124 -[is_a]-> GO:0035143
GO:0035125 -[is_a]-> GO:0035122
GO:0035125 -[is_a]-> GO:0035144
GO:0035126 -[is_a]-> GO:0035112
GO:0035126 -[is_a]-> GO:0048563
GO:0035127 -[is_a]-> GO:0035108
GO:0035127 -[is_a]-> GO:0035120
GO:0035128 -[is_a]-> GO:0035127
GO:0035128 -[is_a]-> GO:0035136
GO:0035129 -[is_a]-> GO:0035127
GO:0035129 -[is_a]-> GO:0035137
GO:0035130 -[is_a]-> GO:0035120
GO:0035130 -[is_a]-> GO:0035138
GO:0035131 -[is_a]-> GO:0035120
GO:0035131 -[is_a]-> GO:0035139
GO:0035132 -[is_a]-> GO:0035120
GO:0035132 -[is_a]-> GO:0035141
GO:0035133 -[is_a]-> GO:0035132
GO:0035133 -[is_a]-> GO:0035143
GO:0035134 -[is_a]-> GO:0035132
GO:0035134 -[is_a]-> GO:0035142
GO:0035135 -[is_a]-> GO:0035132
GO:0035135 -[is_a]-> GO:0035144
GO:0035136 -[is_a]-> GO:0035108
GO:0035137 -[is_a]-> GO:0035108
GO:0035138 -[is_a]-> GO:0033334
GO:0035138 -[part_of]-> GO:0033339
GO:0035139 -[is_a]-> GO:0033334
GO:0035139 -[part_of]-> GO:0033340
GO:0035141 -[is_a]-> GO:0033334
GO:0035141 -[part_of]-> GO:0033338
GO:0035142 -[is_a]-> GO:0035141
GO:0035142 -[part_of]-> GO:0033337
GO:0035143 -[is_a]-> GO:0035141
GO:0035143 -[part_of]-> GO:0033336
GO:0035144 -[is_a]-> GO:0035141
GO:0035144 -[part_of]-> GO:0033335
GO:0035145 -[is_a]-> GO:0043234
GO:0035145 -[is_a]-> GO:0044428
GO:0035146 -[is_a]-> GO:0035239
GO:0035146 -[part_of]-> GO:0048754
GO:0035147 -[is_a]-> GO:0035146
GO:0035147 -[part_of]-> GO:0060446
GO:0035148 -[is_a]-> GO:0044767
GO:0035148 -[is_a]-> GO:0048646
GO:0035148 -[part_of]-> GO:0035239
GO:0035149 -[is_a]-> GO:0035148
GO:0035149 -[is_a]-> GO:0035152
GO:0035150 -[is_a]-> GO:0090066
GO:0035151 -[is_a]-> GO:0035150
GO:0035151 -[is_a]-> GO:0035152
GO:0035151 -[part_of]-> GO:0007424
GO:0035152 -[is_a]-> GO:0065008
GO:0035152 -[part_of]-> GO:0007424
GO:0035153 -[is_a]-> GO:0001708
GO:0035153 -[part_of]-> GO:0007424
GO:0035154 -[is_a]-> GO:0035153
GO:0035155 -[is_a]-> GO:0009996
GO:0035155 -[is_a]-> GO:0051241
GO:0035155 -[is_a]-> GO:2000026
GO:0035155 -[negatively_regulates]-> GO:0035154
GO:0035156 -[is_a]-> GO:0035153
GO:0035157 -[is_a]-> GO:0009996
GO:0035157 -[is_a]-> GO:0051241
GO:0035157 -[is_a]-> GO:2000026
GO:0035157 -[negatively_regulates]-> GO:0035156
GO:0035158 -[is_a]-> GO:0035159
GO:0035158 -[is_a]-> GO:0035296
GO:0035159 -[is_a]-> GO:0035151
GO:0035160 -[is_a]-> GO:0010669
GO:0035160 -[is_a]-> GO:0035152
GO:0035161 -[is_a]-> GO:0007389
GO:0035161 -[part_of]-> GO:0007447
GO:0035162 -[is_a]-> GO:0030097
GO:0035162 -[is_a]-> GO:0048568
GO:0035163 -[is_a]-> GO:0042386
GO:0035163 -[part_of]-> GO:0035162
GO:0035164 -[is_a]-> GO:0035163
GO:0035164 -[is_a]-> GO:0042387
GO:0035165 -[is_a]-> GO:0035163
GO:0035165 -[is_a]-> GO:0042688
GO:0035166 -[is_a]-> GO:0030097
GO:0035166 -[is_a]-> GO:0048569
GO:0035166 -[part_of]-> GO:0009791
GO:0035167 -[is_a]-> GO:0035166
GO:0035167 -[part_of]-> GO:0002164
GO:0035167 -[part_of]-> GO:0048542
GO:0035168 -[is_a]-> GO:0042386
GO:0035168 -[part_of]-> GO:0035167
GO:0035169 -[is_a]-> GO:0035168
GO:0035169 -[is_a]-> GO:0042387
GO:0035170 -[is_a]-> GO:0035168
GO:0035170 -[is_a]-> GO:0042688
GO:0035171 -[is_a]-> GO:0035168
GO:0035171 -[is_a]-> GO:0042387
GO:0035172 -[is_a]-> GO:0002376
GO:0035172 -[is_a]-> GO:0008283
GO:0035173 -[is_a]-> GO:0004672
GO:0035173 -[part_of]-> GO:0016572
GO:0035174 -[is_a]-> GO:0004674
GO:0035174 -[is_a]-> GO:0035173
GO:0035174 -[part_of]-> GO:0035404
GO:0035175 -[is_a]-> GO:0035174
GO:0035175 -[part_of]-> GO:0043987
GO:0035176 -[is_a]-> GO:0051703
GO:0035176 -[is_a]-> GO:0051705
GO:0035177 -[is_a]-> GO:0030537
GO:0035177 -[is_a]-> GO:0060756
GO:0035178 -[is_a]-> GO:0007626
GO:0035179 -[is_a]-> GO:0008345
GO:0035179 -[is_a]-> GO:0035178
GO:0035180 -[is_a]-> GO:0008345
GO:0035181 -[is_a]-> GO:0008345
GO:0035182 -[is_a]-> GO:0044421
GO:0035182 -[part_of]-> GO:0035324
GO:0035183 -[is_a]-> GO:0044421
GO:0035183 -[part_of]-> GO:0035324
GO:0035184 -[is_a]-> GO:0004674
GO:0035184 -[is_a]-> GO:0035173
GO:0035184 -[part_of]-> GO:0035405
GO:0035185 -[is_a]-> GO:0033301
GO:0035185 -[is_a]-> GO:0045448
GO:0035186 -[is_a]-> GO:0033301
GO:0035186 -[is_a]-> GO:0045448
GO:0035187 -[is_a]-> GO:0044707
GO:0035187 -[is_a]-> GO:0044708
GO:0035187 -[part_of]-> GO:0035188
GO:0035188 -[is_a]-> GO:0071684
GO:0035188 -[part_of]-> GO:0007275
GO:0035189 -[is_a]-> GO:0090575
GO:0035190 -[is_a]-> GO:0007097
GO:0035190 -[part_of]-> GO:0001700
GO:0035191 -[is_a]-> GO:0035190
GO:0035192 -[is_a]-> GO:0035190
GO:0035193 -[is_a]-> GO:0009886
GO:0035193 -[part_of]-> GO:0002165
GO:0035193 -[part_of]-> GO:0007417
GO:0035194 -[is_a]-> GO:0016441
GO:0035194 -[is_a]-> GO:0031047
GO:0035195 -[is_a]-> GO:0017148
GO:0035195 -[is_a]-> GO:0035194
GO:0035195 -[negatively_regulates]-> GO:0006412
GO:0035196 -[is_a]-> GO:0070918
GO:0035196 -[part_of]-> GO:0035195
GO:0035197 -[is_a]-> GO:0003723
GO:0035198 -[is_a]-> GO:0003723
GO:0035199 -[is_a]-> GO:0007631
GO:0035199 -[part_of]-> GO:0042221
GO:0035200 -[is_a]-> GO:0007448
GO:0035200 -[is_a]-> GO:0035223
GO:0035201 -[is_a]-> GO:0048099
GO:0035201 -[part_of]-> GO:0035200
GO:0035202 -[is_a]-> GO:0044767
GO:0035202 -[is_a]-> GO:0048646
GO:0035202 -[part_of]-> GO:0007424
GO:0035203 -[is_a]-> GO:0045613
GO:0035203 -[is_a]-> GO:0048580
GO:0035203 -[is_a]-> GO:1903706
GO:0035203 -[regulates]-> GO:0035171
GO:0035204 -[is_a]-> GO:0035203
GO:0035204 -[is_a]-> GO:0045614
GO:0035204 -[is_a]-> GO:0048581
GO:0035204 -[is_a]-> GO:1903707
GO:0035204 -[negatively_regulates]-> GO:0035171
GO:0035205 -[is_a]-> GO:0035203
GO:0035205 -[is_a]-> GO:0045615
GO:0035205 -[is_a]-> GO:0048582
GO:0035205 -[is_a]-> GO:1903708
GO:0035205 -[positively_regulates]-> GO:0035171
GO:0035206 -[is_a]-> GO:0002682
GO:0035206 -[is_a]-> GO:0042127
GO:0035206 -[is_a]-> GO:0050793
GO:0035206 -[is_a]-> GO:0051239
GO:0035206 -[regulates]-> GO:0035172
GO:0035207 -[is_a]-> GO:0002683
GO:0035207 -[is_a]-> GO:0008285
GO:0035207 -[is_a]-> GO:0035206
GO:0035207 -[negatively_regulates]-> GO:0035172
GO:0035208 -[is_a]-> GO:0002684
GO:0035208 -[is_a]-> GO:0008284
GO:0035208 -[is_a]-> GO:0035206
GO:0035208 -[positively_regulates]-> GO:0035172
GO:0035209 -[is_a]-> GO:0002165
GO:0035210 -[is_a]-> GO:0002165
GO:0035211 -[is_a]-> GO:0009887
GO:0035212 -[is_a]-> GO:0040008
GO:0035212 -[is_a]-> GO:0044763
GO:0035212 -[part_of]-> GO:0007275
GO:0035213 -[is_a]-> GO:0007444
GO:0035214 -[is_a]-> GO:0007444
GO:0035215 -[is_a]-> GO:0007444
GO:0035216 -[is_a]-> GO:0007444
GO:0035217 -[is_a]-> GO:0007444
GO:0035218 -[is_a]-> GO:0007444
GO:0035219 -[is_a]-> GO:0007444
GO:0035220 -[is_a]-> GO:0007444
GO:0035221 -[is_a]-> GO:0007447
GO:0035221 -[part_of]-> GO:0035215
GO:0035222 -[is_a]-> GO:0007447
GO:0035222 -[part_of]-> GO:0035220
GO:0035223 -[is_a]-> GO:0007447
GO:0035223 -[part_of]-> GO:0035218
GO:0035224 -[is_a]-> GO:0007448
GO:0035224 -[is_a]-> GO:0035221
GO:0035225 -[is_a]-> GO:0007445
GO:0035225 -[part_of]-> GO:0035215
GO:0035226 -[is_a]-> GO:0019899
GO:0035227 -[is_a]-> GO:0051340
GO:0035227 -[regulates]-> GO:0004357
GO:0035228 -[is_a]-> GO:0035227
GO:0035228 -[is_a]-> GO:0051352
GO:0035228 -[negatively_regulates]-> GO:0004357
GO:0035229 -[is_a]-> GO:0035227
GO:0035229 -[is_a]-> GO:0051351
GO:0035229 -[positively_regulates]-> GO:0004357
GO:0035230 -[is_a]-> GO:0042995
GO:0035231 -[is_a]-> GO:0010927
GO:0035231 -[is_a]-> GO:0030031
GO:0035231 -[part_of]-> GO:0003399
GO:0035232 -[is_a]-> GO:0022412
GO:0035232 -[is_a]-> GO:0050918
GO:0035232 -[is_a]-> GO:0060326
GO:0035232 -[part_of]-> GO:0008354
GO:0035233 -[is_a]-> GO:0022412
GO:0035233 -[is_a]-> GO:0050919
GO:0035233 -[is_a]-> GO:0060326
GO:0035233 -[part_of]-> GO:0008354
GO:0035234 -[is_a]-> GO:0003006
GO:0035234 -[is_a]-> GO:0010623
GO:0035234 -[is_a]-> GO:0044702
GO:0035235 -[is_a]-> GO:0007215
GO:0035236 -[is_a]-> GO:0008188
GO:0035237 -[is_a]-> GO:0008188
GO:0035238 -[is_a]-> GO:0006776
GO:0035238 -[is_a]-> GO:0016102
GO:0035238 -[is_a]-> GO:0042362
GO:0035239 -[is_a]-> GO:0009653
GO:0035239 -[is_a]-> GO:0044767
GO:0035239 -[part_of]-> GO:0035295
GO:0035240 -[is_a]-> GO:1901338
GO:0035241 -[is_a]-> GO:0016274
GO:0035241 -[part_of]-> GO:0035247
GO:0035242 -[is_a]-> GO:0016274
GO:0035242 -[part_of]-> GO:0019919
GO:0035243 -[is_a]-> GO:0016274
GO:0035243 -[part_of]-> GO:0019918
GO:0035244 -[is_a]-> GO:0008169
GO:0035244 -[is_a]-> GO:0008276
GO:0035244 -[is_a]-> GO:0008757
GO:0035244 -[part_of]-> GO:0035245
GO:0035245 -[is_a]-> GO:0018216
GO:0035246 -[is_a]-> GO:0018216
GO:0035247 -[is_a]-> GO:0035246
GO:0035248 -[is_a]-> GO:0008376
GO:0035249 -[is_a]-> GO:0007270
GO:0035250 -[is_a]-> GO:0008194
GO:0035250 -[is_a]-> GO:0008378
GO:0035251 -[is_a]-> GO:0008194
GO:0035251 -[is_a]-> GO:0046527
GO:0035252 -[is_a]-> GO:0008194
GO:0035252 -[is_a]-> GO:0042285
GO:0035253 -[is_a]-> GO:0044430
GO:0035253 -[is_a]-> GO:0044441
GO:0035254 -[is_a]-> GO:0005102
GO:0035255 -[is_a]-> GO:0035254
GO:0035256 -[is_a]-> GO:0001664
GO:0035256 -[is_a]-> GO:0035254
GO:0035257 -[is_a]-> GO:0051427
GO:0035258 -[is_a]-> GO:0035257
GO:0035259 -[is_a]-> GO:0035258
GO:0035260 -[is_a]-> GO:0035112
GO:0035261 -[is_a]-> GO:0035112
GO:0035262 -[is_a]-> GO:0003006
GO:0035262 -[is_a]-> GO:0009887
GO:0035262 -[is_a]-> GO:0044702
GO:0035262 -[part_of]-> GO:0008406
GO:0035263 -[is_a]-> GO:0003006
GO:0035263 -[is_a]-> GO:0048609
GO:0035263 -[part_of]-> GO:0007548
GO:0035263 -[part_of]-> GO:0035215
GO:0035264 -[is_a]-> GO:0044707
GO:0035264 -[is_a]-> GO:0048589
GO:0035265 -[is_a]-> GO:0044707
GO:0035265 -[is_a]-> GO:0048589
GO:0035266 -[is_a]-> GO:0048589
GO:0035266 -[part_of]-> GO:0048507
GO:0035267 -[is_a]-> GO:0043189
GO:0035267 -[is_a]-> GO:0043234
GO:0035268 -[is_a]-> GO:0006486
GO:0035268 -[is_a]-> GO:0097502
GO:0035269 -[is_a]-> GO:0006493
GO:0035269 -[is_a]-> GO:0035268
GO:0035270 -[is_a]-> GO:0048731
GO:0035271 -[is_a]-> GO:0048732
GO:0035271 -[part_of]-> GO:0035270
GO:0035272 -[is_a]-> GO:0048731
GO:0035273 -[is_a]-> GO:0031406
GO:0035273 -[is_a]-> GO:0097159
GO:0035274 -[is_a]-> GO:0097159
GO:0035275 -[is_a]-> GO:0097159
GO:0035276 -[is_a]-> GO:0043178
GO:0035277 -[is_a]-> GO:0009653
GO:0035277 -[is_a]-> GO:0044767
GO:0035277 -[part_of]-> GO:0007424
GO:0035278 -[is_a]-> GO:0040033
GO:0035278 -[part_of]-> GO:0035195
GO:0035279 -[is_a]-> GO:0098795
GO:0035279 -[part_of]-> GO:0035195
GO:0035280 -[is_a]-> GO:0070922
GO:0035280 -[part_of]-> GO:0035195
GO:0035281 -[is_a]-> GO:0006405
GO:0035281 -[part_of]-> GO:0035195
GO:0035282 -[is_a]-> GO:0003002
GO:0035283 -[is_a]-> GO:0035282
GO:0035283 -[part_of]-> GO:0007417
GO:0035284 -[is_a]-> GO:0035282
GO:0035284 -[part_of]-> GO:0007420
GO:0035284 -[part_of]-> GO:0035283
GO:0035285 -[is_a]-> GO:0035282
GO:0035285 -[part_of]-> GO:0035107
GO:0035287 -[is_a]-> GO:0007389
GO:0035287 -[part_of]-> GO:0007350
GO:0035287 -[part_of]-> GO:0060322
GO:0035288 -[is_a]-> GO:0035287
GO:0035288 -[part_of]-> GO:0097065
GO:0035289 -[is_a]-> GO:0035287
GO:0035290 -[is_a]-> GO:0035282
GO:0035290 -[part_of]-> GO:0007350
GO:0035291 -[is_a]-> GO:0007380
GO:0035291 -[part_of]-> GO:0035288
GO:0035292 -[is_a]-> GO:0007379
GO:0035292 -[part_of]-> GO:0035290
GO:0035293 -[is_a]-> GO:0035017
GO:0035293 -[part_of]-> GO:0008363
GO:0035294 -[is_a]-> GO:0007445
GO:0035294 -[is_a]-> GO:0035220
GO:0035295 -[is_a]-> GO:0048856
GO:0035295 -[part_of]-> GO:0007275
GO:0035296 -[is_a]-> GO:0035150
GO:0035297 -[is_a]-> GO:0035296
GO:0035297 -[is_a]-> GO:0035298
GO:0035298 -[is_a]-> GO:0035150
GO:0035298 -[part_of]-> GO:0007443
GO:0035299 -[is_a]-> GO:0016301
GO:0035299 -[is_a]-> GO:0016773
GO:0035301 -[is_a]-> GO:0043234
GO:0035301 -[is_a]-> GO:0044424
GO:0035302 -[is_a]-> GO:0008395
GO:0035303 -[is_a]-> GO:0019220
GO:0035303 -[regulates]-> GO:0016311
GO:0035304 -[is_a]-> GO:0031399
GO:0035304 -[is_a]-> GO:0035303
GO:0035304 -[regulates]-> GO:0006470
GO:0035305 -[is_a]-> GO:0035303
GO:0035305 -[is_a]-> GO:0045936
GO:0035305 -[negatively_regulates]-> GO:0016311
GO:0035306 -[is_a]-> GO:0035303
GO:0035306 -[is_a]-> GO:0045937
GO:0035306 -[positively_regulates]-> GO:0016311
GO:0035307 -[is_a]-> GO:0031401
GO:0035307 -[is_a]-> GO:0035304
GO:0035307 -[is_a]-> GO:0035306
GO:0035307 -[positively_regulates]-> GO:0006470
GO:0035308 -[is_a]-> GO:0031400
GO:0035308 -[is_a]-> GO:0035304
GO:0035308 -[is_a]-> GO:0035305
GO:0035308 -[negatively_regulates]-> GO:0006470
GO:0035309 -[is_a]-> GO:0003002
GO:0035309 -[part_of]-> GO:0035220
GO:0035310 -[is_a]-> GO:0060573
GO:0035310 -[part_of]-> GO:0035309
GO:0035311 -[is_a]-> GO:0060573
GO:0035311 -[part_of]-> GO:0035309
GO:0035312 -[is_a]-> GO:0008409
GO:0035312 -[is_a]-> GO:0016895
GO:0035313 -[is_a]-> GO:0044319
GO:0035314 -[is_a]-> GO:0044707
GO:0035314 -[part_of]-> GO:0042060
GO:0035315 -[is_a]-> GO:0009913
GO:0035315 -[is_a]-> GO:0030182
GO:0035316 -[is_a]-> GO:0030030
GO:0035316 -[part_of]-> GO:0035315
GO:0035317 -[is_a]-> GO:0035316
GO:0035317 -[part_of]-> GO:0007476
GO:0035318 -[is_a]-> GO:0009886
GO:0035318 -[is_a]-> GO:0048858
GO:0035318 -[part_of]-> GO:0035317
GO:0035319 -[is_a]-> GO:0009886
GO:0035319 -[is_a]-> GO:0048858
GO:0035319 -[part_of]-> GO:0035317
GO:0035320 -[is_a]-> GO:0022606
GO:0035320 -[part_of]-> GO:0001737
GO:0035321 -[is_a]-> GO:0009954
GO:0035321 -[part_of]-> GO:0035317
GO:0035322 -[is_a]-> GO:0090497
GO:0035322 -[part_of]-> GO:0060174
GO:0035322 -[part_of]-> GO:0090496
GO:0035323 -[is_a]-> GO:0045172
GO:0035324 -[is_a]-> GO:0045172
GO:0035325 -[is_a]-> GO:0005102
GO:0035326 -[is_a]-> GO:0044212
GO:0035327 -[is_a]-> GO:0000785
GO:0035328 -[is_a]-> GO:0000785
GO:0035329 -[is_a]-> GO:0035556
GO:0035330 -[is_a]-> GO:1902531
GO:0035330 -[regulates]-> GO:0035329
GO:0035331 -[is_a]-> GO:0035330
GO:0035331 -[is_a]-> GO:1902532
GO:0035331 -[negatively_regulates]-> GO:0035329
GO:0035332 -[is_a]-> GO:0035330
GO:0035332 -[is_a]-> GO:1902533
GO:0035332 -[positively_regulates]-> GO:0035329
GO:0035333 -[is_a]-> GO:0031293
GO:0035333 -[part_of]-> GO:0007219
GO:0035333 -[part_of]-> GO:0007220
GO:0035334 -[is_a]-> GO:0016485
GO:0035334 -[part_of]-> GO:0007220
GO:0035335 -[is_a]-> GO:0006470
GO:0035336 -[is_a]-> GO:0035337
GO:0035337 -[is_a]-> GO:0006637
GO:0035338 -[is_a]-> GO:0035336
GO:0035338 -[is_a]-> GO:0046949
GO:0035339 -[is_a]-> GO:0017059
GO:0035340 -[is_a]-> GO:0015858
GO:0035341 -[is_a]-> GO:0032245
GO:0035341 -[regulates]-> GO:0035340
GO:0035342 -[is_a]-> GO:0032248
GO:0035342 -[is_a]-> GO:0035341
GO:0035342 -[positively_regulates]-> GO:0035340
GO:0035343 -[is_a]-> GO:0032247
GO:0035343 -[is_a]-> GO:0035341
GO:0035343 -[negatively_regulates]-> GO:0035340
GO:0035344 -[is_a]-> GO:0006863
GO:0035345 -[is_a]-> GO:0032239
GO:0035345 -[regulates]-> GO:0035344
GO:0035346 -[is_a]-> GO:0032241
GO:0035346 -[is_a]-> GO:0035345
GO:0035346 -[positively_regulates]-> GO:0035344
GO:0035347 -[is_a]-> GO:0032240
GO:0035347 -[is_a]-> GO:0035345
GO:0035347 -[negatively_regulates]-> GO:0035344
GO:0035348 -[is_a]-> GO:0015876
GO:0035348 -[is_a]-> GO:0055085
GO:0035349 -[is_a]-> GO:0015880
GO:0035349 -[is_a]-> GO:0071106
GO:0035350 -[is_a]-> GO:0015883
GO:0035350 -[is_a]-> GO:1901679
GO:0035351 -[is_a]-> GO:0015886
GO:0035351 -[is_a]-> GO:0055085
GO:0035352 -[is_a]-> GO:0043132
GO:0035352 -[is_a]-> GO:1901679
GO:0035353 -[is_a]-> GO:0015890
GO:0035353 -[is_a]-> GO:1901679
GO:0035354 -[is_a]-> GO:0098802
GO:0035355 -[is_a]-> GO:0098802
GO:0035356 -[is_a]-> GO:0055082
GO:0035356 -[is_a]-> GO:0070328
GO:0035357 -[is_a]-> GO:0030522
GO:0035358 -[is_a]-> GO:0009966
GO:0035358 -[regulates]-> GO:0035357
GO:0035359 -[is_a]-> GO:0009968
GO:0035359 -[is_a]-> GO:0035358
GO:0035359 -[negatively_regulates]-> GO:0035357
GO:0035360 -[is_a]-> GO:0009967
GO:0035360 -[is_a]-> GO:0035358
GO:0035360 -[positively_regulates]-> GO:0035357
GO:0035361 -[is_a]-> GO:0031461
GO:0035362 -[is_a]-> GO:0065004
GO:0035363 -[is_a]-> GO:0016604
GO:0035364 -[is_a]-> GO:0015855
GO:0035365 -[is_a]-> GO:0032239
GO:0035365 -[regulates]-> GO:0035364
GO:0035366 -[is_a]-> GO:0032240
GO:0035366 -[is_a]-> GO:0035365
GO:0035366 -[negatively_regulates]-> GO:0035364
GO:0035367 -[is_a]-> GO:0032241
GO:0035367 -[is_a]-> GO:0035365
GO:0035367 -[positively_regulates]-> GO:0035364
GO:0035368 -[is_a]-> GO:0003729
GO:0035369 -[is_a]-> GO:0098796
GO:0035370 -[is_a]-> GO:0031371
GO:0035371 -[is_a]-> GO:1990752
GO:0035371 -[part_of]-> GO:0005874
GO:0035372 -[is_a]-> GO:0072698
GO:0035373 -[is_a]-> GO:0005539
GO:0035373 -[is_a]-> GO:0043394
GO:0035373 -[is_a]-> GO:1901681
GO:0035374 -[is_a]-> GO:0005539
GO:0035374 -[is_a]-> GO:1901681
GO:0035375 -[is_a]-> GO:0019899
GO:0035376 -[is_a]-> GO:0015918
GO:0035377 -[is_a]-> GO:0006833
GO:0035377 -[is_a]-> GO:0042045
GO:0035378 -[is_a]-> GO:0015670
GO:0035378 -[is_a]-> GO:0055085
GO:0035379 -[is_a]-> GO:0022891
GO:0035379 -[part_of]-> GO:0035378
GO:0035380 -[is_a]-> GO:0016616
GO:0035381 -[is_a]-> GO:0015276
GO:0035382 -[is_a]-> GO:0015918
GO:0035382 -[is_a]-> GO:0055085
GO:0035383 -[is_a]-> GO:0006790
GO:0035383 -[is_a]-> GO:0071704
GO:0035384 -[is_a]-> GO:0035383
GO:0035384 -[is_a]-> GO:0044272
GO:0035384 -[is_a]-> GO:1901576
GO:0035385 -[is_a]-> GO:0007166
GO:0035386 -[is_a]-> GO:0009966
GO:0035386 -[regulates]-> GO:0035385
GO:0035387 -[is_a]-> GO:0009968
GO:0035387 -[is_a]-> GO:0035386
GO:0035387 -[negatively_regulates]-> GO:0035385
GO:0035388 -[is_a]-> GO:0009967
GO:0035388 -[is_a]-> GO:0035386
GO:0035388 -[positively_regulates]-> GO:0035385
GO:0035389 -[is_a]-> GO:0006343
GO:0035389 -[part_of]-> GO:0030466
GO:0035390 -[is_a]-> GO:0006343
GO:0035390 -[part_of]-> GO:0006348
GO:0035391 -[is_a]-> GO:0006344
GO:0035391 -[part_of]-> GO:0030466
GO:0035392 -[is_a]-> GO:0006344
GO:0035392 -[part_of]-> GO:0006348
GO:0035393 -[is_a]-> GO:0032602
GO:0035394 -[is_a]-> GO:0032642
GO:0035394 -[regulates]-> GO:0035393
GO:0035395 -[is_a]-> GO:0032682
GO:0035395 -[is_a]-> GO:0035394
GO:0035395 -[negatively_regulates]-> GO:0035393
GO:0035396 -[is_a]-> GO:0032722
GO:0035396 -[is_a]-> GO:0035394
GO:0035396 -[positively_regulates]-> GO:0035393
GO:0035397 -[is_a]-> GO:0002824
GO:0035398 -[is_a]-> GO:0002711
GO:0035398 -[is_a]-> GO:0035397
GO:0035399 -[is_a]-> GO:0002714
GO:0035399 -[is_a]-> GO:0035397
GO:0035400 -[is_a]-> GO:0004713
GO:0035400 -[is_a]-> GO:0035173
GO:0035400 -[part_of]-> GO:0035406
GO:0035401 -[is_a]-> GO:0035400
GO:0035401 -[part_of]-> GO:0035409
GO:0035402 -[is_a]-> GO:0035184
GO:0035402 -[part_of]-> GO:0035407
GO:0035403 -[is_a]-> GO:0035184
GO:0035403 -[part_of]-> GO:0035408
GO:0035404 -[is_a]-> GO:0016572
GO:0035404 -[is_a]-> GO:0018105
GO:0035405 -[is_a]-> GO:0016572
GO:0035405 -[is_a]-> GO:0018107
GO:0035406 -[is_a]-> GO:0016572
GO:0035406 -[is_a]-> GO:0018108
GO:0035407 -[is_a]-> GO:0035405
GO:0035408 -[is_a]-> GO:0035405
GO:0035409 -[is_a]-> GO:0035406
GO:0035410 -[is_a]-> GO:0033764
GO:0035411 -[is_a]-> GO:0006606
GO:0035412 -[is_a]-> GO:0042306
GO:0035412 -[regulates]-> GO:0035411
GO:0035413 -[is_a]-> GO:0035412
GO:0035413 -[is_a]-> GO:0042307
GO:0035413 -[positively_regulates]-> GO:0035411
GO:0035414 -[is_a]-> GO:0035412
GO:0035414 -[is_a]-> GO:0042308
GO:0035414 -[negatively_regulates]-> GO:0035411
GO:0035418 -[is_a]-> GO:0008104
GO:0035419 -[is_a]-> GO:0000187
GO:0035419 -[is_a]-> GO:0002758
GO:0035419 -[positively_regulates]-> GO:0038075
GO:0035420 -[is_a]-> GO:0000165
GO:0035420 -[part_of]-> GO:0045087
GO:0035421 -[is_a]-> GO:0000186
GO:0035421 -[is_a]-> GO:0002758
GO:0035421 -[positively_regulates]-> GO:0038076
GO:0035422 -[is_a]-> GO:0000185
GO:0035422 -[is_a]-> GO:0002758
GO:0035422 -[positively_regulates]-> GO:0038077
GO:0035423 -[is_a]-> GO:0000188
GO:0035423 -[is_a]-> GO:0002766
GO:0035423 -[is_a]-> GO:0045824
GO:0035423 -[negatively_regulates]-> GO:0038075
GO:0035424 -[is_a]-> GO:0000189
GO:0035424 -[is_a]-> GO:0002758
GO:0035424 -[is_a]-> GO:0035556
GO:0035424 -[part_of]-> GO:0035420
GO:0035424 -[part_of]-> GO:0045087
GO:0035425 -[is_a]-> GO:0007267
GO:0035426 -[is_a]-> GO:0007154
GO:0035426 -[is_a]-> GO:0044700
GO:0035428 -[is_a]-> GO:0008645
GO:0035428 -[is_a]-> GO:0034219
GO:0035429 -[is_a]-> GO:0015725
GO:0035429 -[is_a]-> GO:0098656
GO:0035430 -[is_a]-> GO:0032893
GO:0035430 -[is_a]-> GO:1903959
GO:0035430 -[regulates]-> GO:0035429
GO:0035431 -[is_a]-> GO:0032894
GO:0035431 -[is_a]-> GO:0035430
GO:0035431 -[is_a]-> GO:1903960
GO:0035431 -[negatively_regulates]-> GO:0035429
GO:0035432 -[is_a]-> GO:0032895
GO:0035432 -[is_a]-> GO:0035430
GO:0035432 -[is_a]-> GO:1903961
GO:0035432 -[positively_regulates]-> GO:0035429
GO:0035433 -[is_a]-> GO:0006846
GO:0035433 -[is_a]-> GO:0098656
GO:0035434 -[is_a]-> GO:0006825
GO:0035434 -[is_a]-> GO:0098662
GO:0035435 -[is_a]-> GO:0006817
GO:0035435 -[is_a]-> GO:0098661
GO:0035436 -[is_a]-> GO:0015717
GO:0035436 -[is_a]-> GO:0055085
GO:0035437 -[is_a]-> GO:0051220
GO:0035437 -[is_a]-> GO:0072595
GO:0035437 -[occurs_in]-> GO:0005783
GO:0035437 -[part_of]-> GO:0070972
GO:0035438 -[is_a]-> GO:0030551
GO:0035438 -[is_a]-> GO:0032561
GO:0035439 -[is_a]-> GO:0009975
GO:0035439 -[is_a]-> GO:0016872
GO:0035440 -[is_a]-> GO:0016102
GO:0035441 -[is_a]-> GO:0016477
GO:0035441 -[part_of]-> GO:0001570
GO:0035442 -[is_a]-> GO:0035672
GO:0035442 -[is_a]-> GO:0042938
GO:0035443 -[is_a]-> GO:0035672
GO:0035443 -[is_a]-> GO:0042939
GO:0035444 -[is_a]-> GO:0015675
GO:0035444 -[is_a]-> GO:0098662
GO:0035445 -[is_a]-> GO:0046713
GO:0035445 -[is_a]-> GO:0098661
GO:0035446 -[is_a]-> GO:0016880
GO:0035447 -[is_a]-> GO:0016747
GO:0035448 -[is_a]-> GO:0019898
GO:0035448 -[is_a]-> GO:0044436
GO:0035448 -[part_of]-> GO:0042651
GO:0035449 -[is_a]-> GO:0035448
GO:0035449 -[is_a]-> GO:0044435
GO:0035449 -[part_of]-> GO:0055035
GO:0035450 -[is_a]-> GO:0035449
GO:0035450 -[is_a]-> GO:0035453
GO:0035450 -[part_of]-> GO:0098570
GO:0035451 -[is_a]-> GO:0035449
GO:0035451 -[part_of]-> GO:0098572
GO:0035452 -[is_a]-> GO:0031312
GO:0035452 -[is_a]-> GO:0044435
GO:0035452 -[part_of]-> GO:0042170
GO:0035453 -[is_a]-> GO:0035452
GO:0035453 -[part_of]-> GO:0009528
GO:0035454 -[is_a]-> GO:0035450
GO:0035454 -[part_of]-> GO:0098570
GO:0035455 -[is_a]-> GO:0034097
GO:0035456 -[is_a]-> GO:0034097
GO:0035457 -[is_a]-> GO:0035455
GO:0035457 -[is_a]-> GO:0071345
GO:0035458 -[is_a]-> GO:0035456
GO:0035458 -[is_a]-> GO:0071345
GO:0035459 -[is_a]-> GO:0034622
GO:0035459 -[is_a]-> GO:0044763
GO:0035459 -[is_a]-> GO:0044765
GO:0035459 -[part_of]-> GO:0016192
GO:0035460 -[is_a]-> GO:0052689
GO:0035461 -[is_a]-> GO:0051180
GO:0035461 -[is_a]-> GO:0055085
GO:0035462 -[is_a]-> GO:0035545
GO:0035462 -[part_of]-> GO:0021536
GO:0035463 -[is_a]-> GO:0007179
GO:0035463 -[part_of]-> GO:0007368
GO:0035464 -[is_a]-> GO:0017015
GO:0035464 -[is_a]-> GO:2000026
GO:0035464 -[regulates]-> GO:0035463
GO:0035469 -[is_a]-> GO:0007368
GO:0035469 -[part_of]-> GO:0031016
GO:0035470 -[is_a]-> GO:0045766
GO:0035470 -[is_a]-> GO:0061043
GO:0035470 -[is_a]-> GO:0090303
GO:0035470 -[positively_regulates]-> GO:0061042
GO:0035471 -[is_a]-> GO:0022414
GO:0035471 -[is_a]-> GO:0042700
GO:0035471 -[part_of]-> GO:0001541
GO:0035472 -[is_a]-> GO:0016500
GO:0035472 -[has_part]-> GO:0038106
GO:0035473 -[is_a]-> GO:0019899
GO:0035474 -[is_a]-> GO:0044767
GO:0035474 -[is_a]-> GO:0048646
GO:0035474 -[part_of]-> GO:0048514
GO:0035475 -[is_a]-> GO:0035476
GO:0035475 -[part_of]-> GO:0035474
GO:0035476 -[is_a]-> GO:0016477
GO:0035476 -[part_of]-> GO:0048514
GO:0035477 -[is_a]-> GO:0022603
GO:0035477 -[is_a]-> GO:0030334
GO:0035477 -[is_a]-> GO:1901342
GO:0035477 -[regulates]-> GO:0035475
GO:0035478 -[is_a]-> GO:0071813
GO:0035479 -[is_a]-> GO:0035476
GO:0035480 -[is_a]-> GO:0008593
GO:0035480 -[is_a]-> GO:0090381
GO:0035480 -[regulates]-> GO:0003137
GO:0035481 -[is_a]-> GO:0035480
GO:0035481 -[is_a]-> GO:0045747
GO:0035481 -[is_a]-> GO:1901321
GO:0035481 -[positively_regulates]-> GO:0003137
GO:0035482 -[is_a]-> GO:0022600
GO:0035483 -[is_a]-> GO:0035482
GO:0035484 -[is_a]-> GO:0030983
GO:0035485 -[is_a]-> GO:0030983
GO:0035486 -[is_a]-> GO:0030983
GO:0035487 -[is_a]-> GO:0030983
GO:0035488 -[is_a]-> GO:0030983
GO:0035489 -[is_a]-> GO:0030983
GO:0035490 -[is_a]-> GO:0050727
GO:0035490 -[is_a]-> GO:0051239
GO:0035490 -[regulates]-> GO:0002540
GO:0035491 -[is_a]-> GO:0035490
GO:0035491 -[is_a]-> GO:0050729
GO:0035491 -[is_a]-> GO:0051240
GO:0035491 -[positively_regulates]-> GO:0002540
GO:0035492 -[is_a]-> GO:0035490
GO:0035492 -[is_a]-> GO:0050728
GO:0035492 -[is_a]-> GO:0051241
GO:0035492 -[negatively_regulates]-> GO:0002540
GO:0035493 -[is_a]-> GO:0043623
GO:0035493 -[part_of]-> GO:0006906
GO:0035494 -[is_a]-> GO:0043624
GO:0035494 -[part_of]-> GO:0016192
GO:0035495 -[is_a]-> GO:0043244
GO:0035495 -[is_a]-> GO:0060627
GO:0035495 -[regulates]-> GO:0035494
GO:0035496 -[is_a]-> GO:0035250
GO:0035497 -[is_a]-> GO:0044212
GO:0035498 -[is_a]-> GO:0006518
GO:0035499 -[is_a]-> GO:0035498
GO:0035499 -[is_a]-> GO:0043043
GO:0035500 -[is_a]-> GO:0019904
GO:0035501 -[is_a]-> GO:0019904
GO:0035502 -[is_a]-> GO:0035295
GO:0035502 -[is_a]-> GO:0044767
GO:0035502 -[part_of]-> GO:0001657
GO:0035502 -[part_of]-> GO:0003338
GO:0035503 -[is_a]-> GO:0035295
GO:0035503 -[is_a]-> GO:0044767
GO:0035503 -[part_of]-> GO:0001657
GO:0035503 -[part_of]-> GO:0072197
GO:0035504 -[is_a]-> GO:0071900
GO:0035504 -[regulates]-> GO:0004687
GO:0035505 -[is_a]-> GO:0035504
GO:0035505 -[is_a]-> GO:0071902
GO:0035505 -[positively_regulates]-> GO:0004687
GO:0035506 -[is_a]-> GO:0035504
GO:0035506 -[is_a]-> GO:0071901
GO:0035506 -[negatively_regulates]-> GO:0004687
GO:0035507 -[is_a]-> GO:0043666
GO:0035507 -[regulates]-> GO:0050115
GO:0035508 -[is_a]-> GO:0032516
GO:0035508 -[is_a]-> GO:0035507
GO:0035508 -[positively_regulates]-> GO:0050115
GO:0035509 -[is_a]-> GO:0032515
GO:0035509 -[is_a]-> GO:0035507
GO:0035509 -[negatively_regulates]-> GO:0050115
GO:0035510 -[is_a]-> GO:0006304
GO:0035511 -[is_a]-> GO:0070989
GO:0035511 -[is_a]-> GO:0080111
GO:0035512 -[is_a]-> GO:0080111
GO:0035513 -[is_a]-> GO:0009451
GO:0035513 -[is_a]-> GO:0044763
GO:0035513 -[is_a]-> GO:0070989
GO:0035514 -[is_a]-> GO:0032451
GO:0035514 -[part_of]-> GO:0080111
GO:0035515 -[is_a]-> GO:0016491
GO:0035515 -[is_a]-> GO:0032451
GO:0035515 -[part_of]-> GO:0035513
GO:0035516 -[is_a]-> GO:0016491
GO:0035516 -[is_a]-> GO:0035514
GO:0035516 -[part_of]-> GO:0035511
GO:0035517 -[is_a]-> GO:0031519
GO:0035518 -[is_a]-> GO:0010390
GO:0035518 -[is_a]-> GO:0033522
GO:0035519 -[is_a]-> GO:0000209
GO:0035520 -[is_a]-> GO:0016579
GO:0035521 -[is_a]-> GO:0016578
GO:0035521 -[is_a]-> GO:0035520
GO:0035522 -[is_a]-> GO:0035521
GO:0035523 -[is_a]-> GO:0016579
GO:0035524 -[is_a]-> GO:0003333
GO:0035525 -[is_a]-> GO:0071159
GO:0035526 -[is_a]-> GO:0016192
GO:0035527 -[is_a]-> GO:0016616
GO:0035528 -[is_a]-> GO:0006048
GO:0035528 -[part_of]-> GO:0006031
GO:0035529 -[is_a]-> GO:0004551
GO:0035530 -[is_a]-> GO:0032602
GO:0035531 -[is_a]-> GO:0032642
GO:0035531 -[regulates]-> GO:0035530
GO:0035532 -[is_a]-> GO:0032682
GO:0035532 -[is_a]-> GO:0035531
GO:0035532 -[negatively_regulates]-> GO:0035530
GO:0035533 -[is_a]-> GO:0032722
GO:0035533 -[is_a]-> GO:0035531
GO:0035533 -[positively_regulates]-> GO:0035530
GO:0035534 -[is_a]-> GO:0090195
GO:0035534 -[part_of]-> GO:0035530
GO:0035535 -[is_a]-> GO:0035531
GO:0035535 -[is_a]-> GO:0090196
GO:0035535 -[regulates]-> GO:0035534
GO:0035536 -[is_a]-> GO:0035532
GO:0035536 -[is_a]-> GO:0035535
GO:0035536 -[is_a]-> GO:0090198
GO:0035536 -[negatively_regulates]-> GO:0035534
GO:0035537 -[is_a]-> GO:0035533
GO:0035537 -[is_a]-> GO:0035535
GO:0035537 -[is_a]-> GO:0090197
GO:0035537 -[positively_regulates]-> GO:0035534
GO:0035538 -[is_a]-> GO:0044212
GO:0035539 -[is_a]-> GO:0047429
GO:0035540 -[is_a]-> GO:0035495
GO:0035540 -[is_a]-> GO:0043243
GO:0035540 -[is_a]-> GO:0051050
GO:0035540 -[positively_regulates]-> GO:0035494
GO:0035541 -[is_a]-> GO:0035495
GO:0035541 -[is_a]-> GO:0043242
GO:0035541 -[is_a]-> GO:0051051
GO:0035541 -[negatively_regulates]-> GO:0035494
GO:0035542 -[is_a]-> GO:0031338
GO:0035542 -[is_a]-> GO:0043254
GO:0035542 -[regulates]-> GO:0035493
GO:0035543 -[is_a]-> GO:0031334
GO:0035543 -[is_a]-> GO:0031340
GO:0035543 -[is_a]-> GO:0035542
GO:0035543 -[positively_regulates]-> GO:0035493
GO:0035544 -[is_a]-> GO:0031333
GO:0035544 -[is_a]-> GO:0031339
GO:0035544 -[is_a]-> GO:0035542
GO:0035544 -[negatively_regulates]-> GO:0035493
GO:0035545 -[is_a]-> GO:0007368
GO:0035545 -[part_of]-> GO:0007399
GO:0035546 -[is_a]-> GO:0072641
GO:0035546 -[part_of]-> GO:0032608
GO:0035547 -[is_a]-> GO:0032648
GO:0035547 -[is_a]-> GO:0050707
GO:0035547 -[regulates]-> GO:0035546
GO:0035548 -[is_a]-> GO:0032688
GO:0035548 -[is_a]-> GO:0035547
GO:0035548 -[is_a]-> GO:0050710
GO:0035548 -[negatively_regulates]-> GO:0035546
GO:0035549 -[is_a]-> GO:0032728
GO:0035549 -[is_a]-> GO:0035547
GO:0035549 -[is_a]-> GO:0050715
GO:0035549 -[positively_regulates]-> GO:0035546
GO:0035550 -[is_a]-> GO:0044444
GO:0035550 -[is_a]-> GO:1902494
GO:0035551 -[is_a]-> GO:0016485
GO:0035551 -[is_a]-> GO:0070084
GO:0035551 -[part_of]-> GO:0051604
GO:0035552 -[is_a]-> GO:0035511
GO:0035553 -[is_a]-> GO:0035513
GO:0035554 -[is_a]-> GO:0023021
GO:0035554 -[is_a]-> GO:0035387
GO:0035554 -[part_of]-> GO:0035385
GO:0035556 -[is_a]-> GO:0007165
GO:0035556 -[occurs_in]-> GO:0005622
GO:0035560 -[is_a]-> GO:0052689
GO:0035561 -[is_a]-> GO:0051098
GO:0035561 -[regulates]-> GO:0003682
GO:0035562 -[is_a]-> GO:0035561
GO:0035562 -[is_a]-> GO:0051100
GO:0035562 -[negatively_regulates]-> GO:0003682
GO:0035563 -[is_a]-> GO:0035561
GO:0035563 -[is_a]-> GO:0051099
GO:0035563 -[positively_regulates]-> GO:0003682
GO:0035564 -[is_a]-> GO:0090066
GO:0035564 -[part_of]-> GO:0060993
GO:0035565 -[is_a]-> GO:0035564
GO:0035565 -[part_of]-> GO:0072114
GO:0035566 -[is_a]-> GO:0035564
GO:0035566 -[part_of]-> GO:0003338
GO:0035567 -[is_a]-> GO:0016055
GO:0035568 -[is_a]-> GO:0006480
GO:0035568 -[is_a]-> GO:0018208
GO:0035570 -[is_a]-> GO:0006480
GO:0035570 -[is_a]-> GO:0018209
GO:0035571 -[is_a]-> GO:0035570
GO:0035572 -[is_a]-> GO:0035570
GO:0035573 -[is_a]-> GO:0035570
GO:0035574 -[is_a]-> GO:0070076
GO:0035575 -[is_a]-> GO:0032452
GO:0035575 -[part_of]-> GO:0035574
GO:0035576 -[is_a]-> GO:0048384
GO:0035576 -[part_of]-> GO:0039003
GO:0035577 -[is_a]-> GO:0005765
GO:0035577 -[is_a]-> GO:0030667
GO:0035577 -[part_of]-> GO:0042582
GO:0035578 -[is_a]-> GO:0005775
GO:0035578 -[is_a]-> GO:0034774
GO:0035578 -[part_of]-> GO:0042582
GO:0035579 -[is_a]-> GO:0030667
GO:0035579 -[part_of]-> GO:0042581
GO:0035580 -[is_a]-> GO:0034774
GO:0035580 -[part_of]-> GO:0042581
GO:0035581 -[is_a]-> GO:1900116
GO:0035582 -[is_a]-> GO:0030514
GO:0035582 -[is_a]-> GO:0035581
GO:0035582 -[is_a]-> GO:0071694
GO:0035583 -[is_a]-> GO:0030512
GO:0035583 -[is_a]-> GO:0035581
GO:0035583 -[is_a]-> GO:0071694
GO:0035584 -[is_a]-> GO:0019722
GO:0035585 -[is_a]-> GO:0019722
GO:0035586 -[is_a]-> GO:0004888
GO:0035586 -[part_of]-> GO:0035587
GO:0035587 -[is_a]-> GO:0007166
GO:0035588 -[is_a]-> GO:0007186
GO:0035588 -[is_a]-> GO:0035587
GO:0035589 -[is_a]-> GO:0035588
GO:0035589 -[is_a]-> GO:0035590
GO:0035590 -[is_a]-> GO:0035587
GO:0035591 -[is_a]-> GO:0060090
GO:0035591 -[part_of]-> GO:0009967
GO:0035592 -[is_a]-> GO:0045184
GO:0035592 -[is_a]-> GO:1902578
GO:0035592 -[part_of]-> GO:0071692
GO:0035593 -[is_a]-> GO:0030177
GO:0035593 -[is_a]-> GO:0035592
GO:0035594 -[is_a]-> GO:0043208
GO:0035594 -[is_a]-> GO:0097001
GO:0035595 -[is_a]-> GO:0016811
GO:0035595 -[is_a]-> GO:0019213
GO:0035596 -[is_a]-> GO:0050497
GO:0035597 -[is_a]-> GO:0035596
GO:0035597 -[part_of]-> GO:0035600
GO:0035598 -[is_a]-> GO:0035596
GO:0035598 -[part_of]-> GO:0035600
GO:0035599 -[is_a]-> GO:0035596
GO:0035599 -[part_of]-> GO:0018339
GO:0035600 -[is_a]-> GO:0006400
GO:0035601 -[is_a]-> GO:0006464
GO:0035601 -[is_a]-> GO:0098732
GO:0035602 -[is_a]-> GO:0008543
GO:0035602 -[part_of]-> GO:0071866
GO:0035603 -[is_a]-> GO:0008543
GO:0035603 -[part_of]-> GO:0030097
GO:0035604 -[is_a]-> GO:0008543
GO:0035604 -[part_of]-> GO:0071864
GO:0035605 -[is_a]-> GO:0016769
GO:0035605 -[part_of]-> GO:0018119
GO:0035606 -[is_a]-> GO:0018119
GO:0035607 -[is_a]-> GO:0008543
GO:0035607 -[part_of]-> GO:0021769
GO:0035608 -[is_a]-> GO:0018200
GO:0035609 -[is_a]-> GO:0018410
GO:0035609 -[is_a]-> GO:0035608
GO:0035610 -[is_a]-> GO:0035608
GO:0035611 -[is_a]-> GO:0035608
GO:0035612 -[is_a]-> GO:0032403
GO:0035613 -[is_a]-> GO:0003723
GO:0035614 -[is_a]-> GO:0017069
GO:0035614 -[is_a]-> GO:0035613
GO:0035615 -[is_a]-> GO:0030276
GO:0035615 -[is_a]-> GO:0098748
GO:0035616 -[is_a]-> GO:0016578
GO:0035617 -[is_a]-> GO:0032988
GO:0035617 -[is_a]-> GO:1903008
GO:0035618 -[is_a]-> GO:0042995
GO:0035619 -[is_a]-> GO:0044463
GO:0035619 -[part_of]-> GO:0035618
GO:0035620 -[is_a]-> GO:0046624
GO:0035620 -[part_of]-> GO:0035627
GO:0035621 -[is_a]-> GO:0032365
GO:0035621 -[is_a]-> GO:0035627
GO:0035622 -[is_a]-> GO:0061009
GO:0035622 -[part_of]-> GO:0001889
GO:0035623 -[is_a]-> GO:0015758
GO:0035623 -[is_a]-> GO:0044707
GO:0035623 -[is_a]-> GO:0070293
GO:0035624 -[is_a]-> GO:2000273
GO:0035625 -[is_a]-> GO:0007186
GO:0035625 -[is_a]-> GO:0035624
GO:0035625 -[is_a]-> GO:0045741
GO:0035626 -[is_a]-> GO:0009755
GO:0035626 -[is_a]-> GO:0030522
GO:0035627 -[is_a]-> GO:0006869
GO:0035627 -[is_a]-> GO:0042886
GO:0035628 -[is_a]-> GO:0061009
GO:0035628 -[part_of]-> GO:0061008
GO:0035629 -[is_a]-> GO:0006487
GO:0035629 -[is_a]-> GO:0031365
GO:0035630 -[is_a]-> GO:0030282
GO:0035630 -[part_of]-> GO:0043931
GO:0035631 -[is_a]-> GO:0098802
GO:0035631 -[part_of]-> GO:0005887
GO:0035632 -[is_a]-> GO:0098800
GO:0035632 -[part_of]-> GO:0005743
GO:0035633 -[is_a]-> GO:0044763
GO:0035634 -[is_a]-> GO:0014070
GO:0035635 -[is_a]-> GO:0030260
GO:0035636 -[is_a]-> GO:0023052
GO:0035636 -[is_a]-> GO:0051704
GO:0035637 -[is_a]-> GO:0044700
GO:0035637 -[is_a]-> GO:0044707
GO:0035638 -[is_a]-> GO:0044763
GO:0035638 -[part_of]-> GO:0023056
GO:0035639 -[is_a]-> GO:1901265
GO:0035640 -[is_a]-> GO:0044708
GO:0035641 -[is_a]-> GO:0007626
GO:0035641 -[is_a]-> GO:0035640
GO:0035642 -[is_a]-> GO:0008469
GO:0035642 -[part_of]-> GO:0034971
GO:0035643 -[is_a]-> GO:0008188
GO:0035643 -[has_part]-> GO:0072544
GO:0035644 -[is_a]-> GO:0016311
GO:0035645 -[is_a]-> GO:0051145
GO:0035645 -[part_of]-> GO:0048565
GO:0035646 -[is_a]-> GO:0043485
GO:0035647 -[is_a]-> GO:0035671
GO:0035648 -[is_a]-> GO:0007617
GO:0035648 -[is_a]-> GO:0048512
GO:0035649 -[is_a]-> GO:0043234
GO:0035650 -[is_a]-> GO:0032403
GO:0035651 -[is_a]-> GO:0032403
GO:0035652 -[is_a]-> GO:0035459
GO:0035653 -[is_a]-> GO:0035652
GO:0035654 -[is_a]-> GO:0035652
GO:0035655 -[is_a]-> GO:0019221
GO:0035655 -[part_of]-> GO:0071351
GO:0035656 -[is_a]-> GO:0019894
GO:0035656 -[is_a]-> GO:0030674
GO:0035657 -[is_a]-> GO:0034708
GO:0035658 -[is_a]-> GO:0043234
GO:0035658 -[is_a]-> GO:0044440
GO:0035658 -[part_of]-> GO:0005770
GO:0035659 -[is_a]-> GO:0016055
GO:0035659 -[part_of]-> GO:0035313
GO:0035660 -[is_a]-> GO:0002755
GO:0035660 -[is_a]-> GO:0034142
GO:0035661 -[is_a]-> GO:0002755
GO:0035661 -[is_a]-> GO:0034134
GO:0035662 -[is_a]-> GO:0035325
GO:0035663 -[is_a]-> GO:0035325
GO:0035664 -[is_a]-> GO:0002224
GO:0035665 -[is_a]-> GO:0034142
GO:0035665 -[is_a]-> GO:0035664
GO:0035666 -[is_a]-> GO:0002756
GO:0035667 -[is_a]-> GO:0034142
GO:0035667 -[is_a]-> GO:0035666
GO:0035668 -[is_a]-> GO:0002756
GO:0035669 -[is_a]-> GO:0034142
GO:0035669 -[is_a]-> GO:0035668
GO:0035670 -[is_a]-> GO:0048608
GO:0035670 -[part_of]-> GO:0048440
GO:0035671 -[is_a]-> GO:0016628
GO:0035672 -[is_a]-> GO:0006857
GO:0035672 -[is_a]-> GO:0055085
GO:0035673 -[is_a]-> GO:0015198
GO:0035673 -[is_a]-> GO:1904680
GO:0035673 -[part_of]-> GO:0035672
GO:0035674 -[is_a]-> GO:1905039
GO:0035675 -[is_a]-> GO:0048666
GO:0035675 -[part_of]-> GO:0048886
GO:0035676 -[is_a]-> GO:0035675
GO:0035676 -[part_of]-> GO:0048903
GO:0035677 -[is_a]-> GO:0035675
GO:0035677 -[part_of]-> GO:0048923
GO:0035678 -[is_a]-> GO:0048667
GO:0035678 -[part_of]-> GO:0035675
GO:0035679 -[is_a]-> GO:0035678
GO:0035679 -[part_of]-> GO:0035676
GO:0035680 -[is_a]-> GO:0035678
GO:0035680 -[part_of]-> GO:0035677
GO:0035681 -[is_a]-> GO:0002224
GO:0035682 -[is_a]-> GO:0002224
GO:0035683 -[is_a]-> GO:0072683
GO:0035684 -[is_a]-> GO:0072683
GO:0035685 -[is_a]-> GO:0050904
GO:0035685 -[is_a]-> GO:0072678
GO:0035685 -[part_of]-> GO:0035684
GO:0035686 -[is_a]-> GO:0044441
GO:0035686 -[is_a]-> GO:0097223
GO:0035686 -[part_of]-> GO:0036126
GO:0035687 -[is_a]-> GO:0035684
GO:0035687 -[is_a]-> GO:0035697
GO:0035688 -[is_a]-> GO:0035685
GO:0035688 -[part_of]-> GO:0035687
GO:0035689 -[is_a]-> GO:0070098
GO:0035690 -[is_a]-> GO:0042493
GO:0035690 -[is_a]-> GO:0070887
GO:0035691 -[is_a]-> GO:0019221
GO:0035692 -[is_a]-> GO:0043235
GO:0035693 -[is_a]-> GO:0043234
GO:0035694 -[is_a]-> GO:0044257
GO:0035694 -[occurs_in]-> GO:0005739
GO:0035694 -[part_of]-> GO:0007005
GO:0035695 -[is_a]-> GO:0000422
GO:0035696 -[is_a]-> GO:0045123
GO:0035696 -[is_a]-> GO:0071674
GO:0035696 -[is_a]-> GO:0097529
GO:0035697 -[is_a]-> GO:0072683
GO:0035698 -[is_a]-> GO:0035697
GO:0035699 -[is_a]-> GO:0035684
GO:0035699 -[is_a]-> GO:0035697
GO:0035700 -[is_a]-> GO:0043615
GO:0035700 -[is_a]-> GO:0060326
GO:0035701 -[is_a]-> GO:0016477
GO:0035702 -[is_a]-> GO:0001776
GO:0035702 -[is_a]-> GO:0002262
GO:0035703 -[is_a]-> GO:0071674
GO:0035703 -[is_a]-> GO:0097529
GO:0035703 -[part_of]-> GO:0008015
GO:0035704 -[is_a]-> GO:0010818
GO:0035705 -[is_a]-> GO:0035704
GO:0035706 -[is_a]-> GO:0035704
GO:0035707 -[is_a]-> GO:0035704
GO:0035708 -[is_a]-> GO:0048289
GO:0035709 -[is_a]-> GO:0042110
GO:0035710 -[is_a]-> GO:0046631
GO:0035711 -[is_a]-> GO:0035710
GO:0035712 -[is_a]-> GO:0035710
GO:0035713 -[is_a]-> GO:0010035
GO:0035713 -[is_a]-> GO:1901698
GO:0035713 -[is_a]-> GO:1901700
GO:0035714 -[is_a]-> GO:0035713
GO:0035714 -[is_a]-> GO:0071241
GO:0035714 -[is_a]-> GO:1901699
GO:0035714 -[is_a]-> GO:1901701
GO:0035715 -[is_a]-> GO:0019957
GO:0035716 -[is_a]-> GO:0019957
GO:0035717 -[is_a]-> GO:0019957
GO:0035718 -[is_a]-> GO:0019955
GO:0035719 -[is_a]-> GO:0006404
GO:0035719 -[is_a]-> GO:0051031
GO:0035719 -[is_a]-> GO:1902593
GO:0035720 -[is_a]-> GO:0042073
GO:0035721 -[is_a]-> GO:0042073
GO:0035722 -[is_a]-> GO:0019221
GO:0035722 -[part_of]-> GO:0071349
GO:0035723 -[is_a]-> GO:0019221
GO:0035723 -[part_of]-> GO:0071350
GO:0035724 -[is_a]-> GO:0009101
GO:0035725 -[is_a]-> GO:0006814
GO:0035725 -[is_a]-> GO:0098662
GO:0035726 -[is_a]-> GO:0008283
GO:0035727 -[is_a]-> GO:0005543
GO:0035727 -[is_a]-> GO:0097367
GO:0035728 -[is_a]-> GO:0070848
GO:0035729 -[is_a]-> GO:0035728
GO:0035729 -[is_a]-> GO:0071363
GO:0035730 -[is_a]-> GO:1901681
GO:0035731 -[is_a]-> GO:0005488
GO:0035732 -[is_a]-> GO:0051179
GO:0035732 -[part_of]-> GO:0033484
GO:0035733 -[is_a]-> GO:0072537
GO:0035735 -[is_a]-> GO:0042073
GO:0035735 -[part_of]-> GO:0060271
GO:0035736 -[is_a]-> GO:0008283
GO:0035736 -[part_of]-> GO:0001745
GO:0035737 -[is_a]-> GO:0051705
GO:0035738 -[is_a]-> GO:0035737
GO:0035738 -[has_part]-> GO:0035821
GO:0035739 -[is_a]-> GO:0035710
GO:0035739 -[is_a]-> GO:0046633
GO:0035740 -[is_a]-> GO:0036037
GO:0035740 -[is_a]-> GO:0046633
GO:0035741 -[is_a]-> GO:0035739
GO:0035742 -[is_a]-> GO:0035740
GO:0035743 -[is_a]-> GO:0002369
GO:0035744 -[is_a]-> GO:0035743
GO:0035744 -[part_of]-> GO:0042088
GO:0035745 -[is_a]-> GO:0035743
GO:0035745 -[part_of]-> GO:0042092
GO:0035746 -[is_a]-> GO:0002440
GO:0035747 -[is_a]-> GO:0048247
GO:0035748 -[is_a]-> GO:0044464
GO:0035748 -[part_of]-> GO:0043209
GO:0035749 -[is_a]-> GO:0044464
GO:0035749 -[part_of]-> GO:0043209
GO:0035750 -[is_a]-> GO:0008105
GO:0035750 -[is_a]-> GO:0034613
GO:0035751 -[is_a]-> GO:0051453
GO:0035751 -[part_of]-> GO:0007040
GO:0035752 -[is_a]-> GO:0035751
GO:0035752 -[is_a]-> GO:0051454
GO:0035753 -[is_a]-> GO:0043570
GO:0035754 -[is_a]-> GO:0048247
GO:0035755 -[is_a]-> GO:0004620
GO:0035755 -[is_a]-> GO:0008081
GO:0035756 -[is_a]-> GO:0044001
GO:0035757 -[is_a]-> GO:0019957
GO:0035758 -[is_a]-> GO:0019957
GO:0035759 -[is_a]-> GO:0007160
GO:0035760 -[is_a]-> GO:0016075
GO:0035760 -[is_a]-> GO:0043634
GO:0035761 -[is_a]-> GO:0071695
GO:0035761 -[part_of]-> GO:0021744
GO:0035762 -[is_a]-> GO:0009653
GO:0035762 -[is_a]-> GO:0044767
GO:0035762 -[part_of]-> GO:0021744
GO:0035763 -[is_a]-> GO:0048532
GO:0035763 -[part_of]-> GO:0035762
GO:0035764 -[is_a]-> GO:0044767
GO:0035764 -[is_a]-> GO:0048646
GO:0035764 -[part_of]-> GO:0035762
GO:0035765 -[is_a]-> GO:0021535
GO:0035765 -[part_of]-> GO:0035764
GO:0035766 -[is_a]-> GO:0060326
GO:0035766 -[part_of]-> GO:0044344
GO:0035767 -[is_a]-> GO:0043542
GO:0035767 -[is_a]-> GO:0060326
GO:0035768 -[is_a]-> GO:0035766
GO:0035768 -[is_a]-> GO:0035767
GO:0035769 -[is_a]-> GO:0002518
GO:0035769 -[is_a]-> GO:0035754
GO:0035770 -[is_a]-> GO:0030529
GO:0035770 -[is_a]-> GO:0043232
GO:0035771 -[is_a]-> GO:0019221
GO:0035771 -[part_of]-> GO:0071353
GO:0035772 -[is_a]-> GO:0019221
GO:0035772 -[part_of]-> GO:0035963
GO:0035773 -[is_a]-> GO:0030073
GO:0035773 -[is_a]-> GO:0051649
GO:0035773 -[part_of]-> GO:0071333
GO:0035774 -[is_a]-> GO:0032024
GO:0035774 -[is_a]-> GO:0032846
GO:0035774 -[is_a]-> GO:0048584
GO:0035774 -[is_a]-> GO:0061178
GO:0035774 -[positively_regulates]-> GO:0035773
GO:0035775 -[is_a]-> GO:0072102
GO:0035775 -[part_of]-> GO:0039021
GO:0035776 -[is_a]-> GO:0039020
GO:0035776 -[is_a]-> GO:0072014
GO:0035777 -[is_a]-> GO:0039020
GO:0035777 -[is_a]-> GO:0072017
GO:0035778 -[is_a]-> GO:0039014
GO:0035778 -[is_a]-> GO:0072160
GO:0035778 -[part_of]-> GO:0039020
GO:0035779 -[is_a]-> GO:0048863
GO:0035779 -[part_of]-> GO:0001568
GO:0035780 -[is_a]-> GO:0009101
GO:0035781 -[is_a]-> GO:0009101
GO:0035782 -[is_a]-> GO:0035747
GO:0035783 -[is_a]-> GO:0031295
GO:0035783 -[is_a]-> GO:2000516
GO:0035784 -[is_a]-> GO:0055076
GO:0035784 -[is_a]-> GO:0072507
GO:0035785 -[is_a]-> GO:0035784
GO:0035785 -[is_a]-> GO:0046916
GO:0035785 -[is_a]-> GO:0072503
GO:0035786 -[is_a]-> GO:0006461
GO:0035787 -[is_a]-> GO:0016477
GO:0035787 -[part_of]-> GO:0001822
GO:0035788 -[is_a]-> GO:0035787
GO:0035788 -[part_of]-> GO:0001656
GO:0035789 -[is_a]-> GO:0035788
GO:0035790 -[is_a]-> GO:0048008
GO:0035791 -[is_a]-> GO:0048008
GO:0035792 -[is_a]-> GO:0044218
GO:0035793 -[is_a]-> GO:1900238
GO:0035793 -[is_a]-> GO:2000591
GO:0035793 -[positively_regulates]-> GO:0035789
GO:0035794 -[is_a]-> GO:0046902
GO:0035795 -[is_a]-> GO:0046902
GO:0035796 -[is_a]-> GO:0043190
GO:0035797 -[is_a]-> GO:0008757
GO:0035798 -[is_a]-> GO:0016628
GO:0035799 -[is_a]-> GO:0048799
GO:0035799 -[part_of]-> GO:0072189
GO:0035800 -[is_a]-> GO:0016504
GO:0035800 -[part_of]-> GO:2000158
GO:0035801 -[is_a]-> GO:0044767
GO:0035801 -[is_a]-> GO:0048856
GO:0035801 -[part_of]-> GO:0030325
GO:0035802 -[is_a]-> GO:0044767
GO:0035802 -[is_a]-> GO:0048646
GO:0035802 -[part_of]-> GO:0035801
GO:0035803 -[is_a]-> GO:0022412
GO:0035803 -[part_of]-> GO:0048477
GO:0035804 -[is_a]-> GO:0005198
GO:0035805 -[is_a]-> GO:0030312
GO:0035806 -[is_a]-> GO:0030193
GO:0035806 -[is_a]-> GO:0035821
GO:0035807 -[is_a]-> GO:0030194
GO:0035807 -[is_a]-> GO:0035806
GO:0035808 -[is_a]-> GO:0043234
GO:0035808 -[is_a]-> GO:0044454
GO:0035808 -[part_of]-> GO:0000794
GO:0035809 -[is_a]-> GO:0003014
GO:0035809 -[is_a]-> GO:0050878
GO:0035810 -[is_a]-> GO:0035809
GO:0035811 -[is_a]-> GO:0035809
GO:0035812 -[is_a]-> GO:0003014
GO:0035812 -[is_a]-> GO:0007588
GO:0035812 -[part_of]-> GO:0055078
GO:0035813 -[is_a]-> GO:0044062
GO:0035813 -[is_a]-> GO:0098801
GO:0035813 -[is_a]-> GO:2000021
GO:0035813 -[regulates]-> GO:0035812
GO:0035814 -[is_a]-> GO:0032845
GO:0035814 -[is_a]-> GO:0035813
GO:0035814 -[is_a]-> GO:0051048
GO:0035814 -[is_a]-> GO:0051241
GO:0035814 -[negatively_regulates]-> GO:0035812
GO:0035815 -[is_a]-> GO:0032846
GO:0035815 -[is_a]-> GO:0035813
GO:0035815 -[is_a]-> GO:0051047
GO:0035815 -[is_a]-> GO:0051240
GO:0035815 -[positively_regulates]-> GO:0035812
GO:0035816 -[is_a]-> GO:0070295
GO:0035816 -[part_of]-> GO:0035811
GO:0035817 -[is_a]-> GO:0070294
GO:0035817 -[part_of]-> GO:0035814
GO:0035818 -[is_a]-> GO:0003095
GO:0035818 -[is_a]-> GO:0035810
GO:0035819 -[is_a]-> GO:0003095
GO:0035819 -[is_a]-> GO:0035815
GO:0035819 -[positively_regulates]-> GO:0035812
GO:0035820 -[is_a]-> GO:0003083
GO:0035820 -[is_a]-> GO:0035814
GO:0035821 -[is_a]-> GO:0051704
GO:0035821 -[is_a]-> GO:0065008
GO:0035822 -[is_a]-> GO:0006310
GO:0035823 -[is_a]-> GO:0035822
GO:0035824 -[is_a]-> GO:0035822
GO:0035825 -[is_a]-> GO:0006310
GO:0035826 -[is_a]-> GO:0015672
GO:0035826 -[is_a]-> GO:0030001
GO:0035827 -[is_a]-> GO:0015077
GO:0035827 -[is_a]-> GO:0046873
GO:0035827 -[part_of]-> GO:0035826
GO:0035828 -[is_a]-> GO:0003014
GO:0035828 -[is_a]-> GO:0035826
GO:0035829 -[is_a]-> GO:0035828
GO:0035829 -[is_a]-> GO:0070293
GO:0035830 -[is_a]-> GO:0033076
GO:0035831 -[is_a]-> GO:0033075
GO:0035831 -[is_a]-> GO:0035830
GO:0035832 -[is_a]-> GO:0046445
GO:0035833 -[is_a]-> GO:0009708
GO:0035833 -[is_a]-> GO:0035832
GO:0035834 -[is_a]-> GO:0009820
GO:0035835 -[is_a]-> GO:0009821
GO:0035835 -[is_a]-> GO:0035834
GO:0035836 -[is_a]-> GO:0019748
GO:0035836 -[is_a]-> GO:0046447
GO:0035837 -[is_a]-> GO:0009709
GO:0035837 -[is_a]-> GO:0035836
GO:0035837 -[is_a]-> GO:0044550
GO:0035837 -[is_a]-> GO:0044763
GO:0035838 -[is_a]-> GO:0030427
GO:0035838 -[is_a]-> GO:0051286
GO:0035839 -[is_a]-> GO:0051286
GO:0035840 -[is_a]-> GO:0035838
GO:0035841 -[is_a]-> GO:0035838
GO:0035842 -[is_a]-> GO:0035840
GO:0035843 -[is_a]-> GO:0044428
GO:0035843 -[part_of]-> GO:0001673
GO:0035844 -[is_a]-> GO:0044767
GO:0035844 -[is_a]-> GO:0048856
GO:0035844 -[part_of]-> GO:0001655
GO:0035844 -[part_of]-> GO:0048546
GO:0035845 -[is_a]-> GO:0016043
GO:0035845 -[is_a]-> GO:0044763
GO:0035845 -[part_of]-> GO:0042461
GO:0035846 -[is_a]-> GO:0048608
GO:0035846 -[is_a]-> GO:0060429
GO:0035846 -[part_of]-> GO:0060066
GO:0035847 -[is_a]-> GO:0035846
GO:0035847 -[part_of]-> GO:0060065
GO:0035848 -[is_a]-> GO:0003006
GO:0035848 -[is_a]-> GO:0009887
GO:0035848 -[is_a]-> GO:0035239
GO:0035848 -[is_a]-> GO:0044702
GO:0035848 -[part_of]-> GO:0060066
GO:0035849 -[is_a]-> GO:0060560
GO:0035849 -[part_of]-> GO:0072178
GO:0035850 -[is_a]-> GO:0030855
GO:0035850 -[is_a]-> GO:0061005
GO:0035850 -[part_of]-> GO:0001822
GO:0035851 -[is_a]-> GO:0019904
GO:0035852 -[is_a]-> GO:0051674
GO:0035852 -[part_of]-> GO:0010842
GO:0035853 -[is_a]-> GO:0034629
GO:0035853 -[is_a]-> GO:0044380
GO:0035854 -[is_a]-> GO:0045165
GO:0035854 -[part_of]-> GO:0030222
GO:0035855 -[is_a]-> GO:0061515
GO:0035855 -[is_a]-> GO:0098751
GO:0035855 -[part_of]-> GO:0030219
GO:0035857 -[is_a]-> GO:0001708
GO:0035857 -[part_of]-> GO:0035854
GO:0035858 -[is_a]-> GO:0001709
GO:0035858 -[part_of]-> GO:0035854
GO:0035859 -[is_a]-> GO:0043234
GO:0035860 -[is_a]-> GO:0007169
GO:0035861 -[is_a]-> GO:0044427
GO:0035862 -[is_a]-> GO:0009151
GO:0035862 -[is_a]-> GO:0009215
GO:0035863 -[is_a]-> GO:0009155
GO:0035863 -[is_a]-> GO:0009217
GO:0035863 -[is_a]-> GO:0035862
GO:0035864 -[is_a]-> GO:0010038
GO:0035865 -[is_a]-> GO:0035864
GO:0035865 -[is_a]-> GO:0071248
GO:0035866 -[is_a]-> GO:0098797
GO:0035867 -[is_a]-> GO:0098797
GO:0035868 -[is_a]-> GO:0098797
GO:0035869 -[is_a]-> GO:0044441
GO:0035869 -[part_of]-> GO:0005929
GO:0035870 -[is_a]-> GO:0047429
GO:0035871 -[is_a]-> GO:0016579
GO:0035872 -[is_a]-> GO:0030522
GO:0035873 -[is_a]-> GO:0015727
GO:0035873 -[is_a]-> GO:0098656
GO:0035874 -[is_a]-> GO:0009267
GO:0035875 -[is_a]-> GO:0034090
GO:0035875 -[part_of]-> GO:0051754
GO:0035876 -[is_a]-> GO:0034090
GO:0035876 -[part_of]-> GO:0051760
GO:0035877 -[is_a]-> GO:0019904
GO:0035878 -[is_a]-> GO:0044767
GO:0035878 -[is_a]-> GO:0048856
GO:0035878 -[part_of]-> GO:0060173
GO:0035879 -[is_a]-> GO:0035873
GO:0035880 -[is_a]-> GO:0048598
GO:0035880 -[part_of]-> GO:0035878
GO:0035880 -[part_of]-> GO:0042733
GO:0035881 -[is_a]-> GO:0030182
GO:0035881 -[part_of]-> GO:0003407
GO:0035882 -[is_a]-> GO:0007624
GO:0035882 -[part_of]-> GO:0030421
GO:0035883 -[is_a]-> GO:0002067
GO:0035884 -[is_a]-> GO:0000271
GO:0035884 -[is_a]-> GO:0031221
GO:0035885 -[is_a]-> GO:0004568
GO:0035886 -[is_a]-> GO:0051145
GO:0035886 -[part_of]-> GO:0001944
GO:0035887 -[is_a]-> GO:0035886
GO:0035888 -[is_a]-> GO:0016814
GO:0035888 -[is_a]-> GO:0019239
GO:0035889 -[is_a]-> GO:0044707
GO:0035889 -[part_of]-> GO:0048840
GO:0035890 -[is_a]-> GO:0052126
GO:0035891 -[is_a]-> GO:0035890
GO:0035892 -[is_a]-> GO:0035806
GO:0035892 -[is_a]-> GO:0044364
GO:0035892 -[is_a]-> GO:0090330
GO:0035893 -[is_a]-> GO:0035892
GO:0035893 -[is_a]-> GO:0035899
GO:0035893 -[is_a]-> GO:0090331
GO:0035894 -[is_a]-> GO:0035807
GO:0035894 -[is_a]-> GO:0035892
GO:0035894 -[is_a]-> GO:1901731
GO:0035895 -[is_a]-> GO:0035821
GO:0035895 -[is_a]-> GO:0043304
GO:0035896 -[is_a]-> GO:0035895
GO:0035896 -[is_a]-> GO:0043306
GO:0035897 -[is_a]-> GO:0006508
GO:0035897 -[is_a]-> GO:0044033
GO:0035898 -[is_a]-> GO:0060986
GO:0035899 -[is_a]-> GO:0030195
GO:0035899 -[is_a]-> GO:0035806
GO:0035900 -[is_a]-> GO:0006950
GO:0035901 -[is_a]-> GO:0033554
GO:0035901 -[is_a]-> GO:0035900
GO:0035902 -[is_a]-> GO:0006950
GO:0035903 -[is_a]-> GO:0033554
GO:0035903 -[is_a]-> GO:0035902
GO:0035904 -[is_a]-> GO:0060840
GO:0035905 -[is_a]-> GO:0044767
GO:0035905 -[is_a]-> GO:0048856
GO:0035905 -[part_of]-> GO:0035904
GO:0035906 -[is_a]-> GO:0044767
GO:0035906 -[is_a]-> GO:0048856
GO:0035906 -[part_of]-> GO:0035904
GO:0035907 -[is_a]-> GO:0035904
GO:0035908 -[is_a]-> GO:0035904
GO:0035909 -[is_a]-> GO:0048844
GO:0035909 -[part_of]-> GO:0035904
GO:0035910 -[is_a]-> GO:0009653
GO:0035910 -[is_a]-> GO:0044767
GO:0035910 -[part_of]-> GO:0035905
GO:0035910 -[part_of]-> GO:0035909
GO:0035911 -[is_a]-> GO:0009653
GO:0035911 -[is_a]-> GO:0044767
GO:0035911 -[part_of]-> GO:0035906
GO:0035911 -[part_of]-> GO:0035909
GO:0035912 -[is_a]-> GO:0035909
GO:0035912 -[part_of]-> GO:0035907
GO:0035913 -[is_a]-> GO:0035909
GO:0035913 -[part_of]-> GO:0035908
GO:0035914 -[is_a]-> GO:0030154
GO:0035914 -[part_of]-> GO:0007519
GO:0035915 -[is_a]-> GO:0016043
GO:0035915 -[is_a]-> GO:0044764
GO:0035915 -[is_a]-> GO:0051673
GO:0035916 -[is_a]-> GO:0044561
GO:0035917 -[is_a]-> GO:0035916
GO:0035917 -[is_a]-> GO:0052204
GO:0035917 -[is_a]-> GO:2001258
GO:0035918 -[is_a]-> GO:0035917
GO:0035919 -[is_a]-> GO:0035918
GO:0035920 -[is_a]-> GO:0035918
GO:0035921 -[is_a]-> GO:0002934
GO:0035921 -[is_a]-> GO:0022411
GO:0035922 -[is_a]-> GO:0009653
GO:0035922 -[is_a]-> GO:0044767
GO:0035922 -[part_of]-> GO:0060411
GO:0035923 -[is_a]-> GO:0097159
GO:0035924 -[is_a]-> GO:0071363
GO:0035925 -[is_a]-> GO:0003730
GO:0035925 -[is_a]-> GO:0017091
GO:0035926 -[is_a]-> GO:0090195
GO:0035926 -[part_of]-> GO:0072567
GO:0035927 -[is_a]-> GO:0006839
GO:0035927 -[is_a]-> GO:0050658
GO:0035928 -[is_a]-> GO:0035927
GO:0035928 -[is_a]-> GO:0051029
GO:0035929 -[is_a]-> GO:0006869
GO:0035929 -[is_a]-> GO:0060986
GO:0035930 -[is_a]-> GO:0035929
GO:0035931 -[is_a]-> GO:0035930
GO:0035932 -[is_a]-> GO:0015850
GO:0035932 -[is_a]-> GO:0035931
GO:0035933 -[is_a]-> GO:0035930
GO:0035934 -[is_a]-> GO:0015850
GO:0035934 -[is_a]-> GO:0035933
GO:0035935 -[is_a]-> GO:0035929
GO:0035936 -[is_a]-> GO:0006869
GO:0035936 -[is_a]-> GO:0015850
GO:0035936 -[is_a]-> GO:0046903
GO:0035937 -[is_a]-> GO:0035929
GO:0035938 -[is_a]-> GO:0006869
GO:0035938 -[is_a]-> GO:0015850
GO:0035938 -[is_a]-> GO:0046903
GO:0035939 -[is_a]-> GO:0003696
GO:0035940 -[is_a]-> GO:0010466
GO:0035940 -[is_a]-> GO:0044362
GO:0035941 -[is_a]-> GO:0006869
GO:0035941 -[is_a]-> GO:0046903
GO:0035942 -[is_a]-> GO:0006869
GO:0035942 -[is_a]-> GO:0015850
GO:0035942 -[is_a]-> GO:0046903
GO:0035943 -[is_a]-> GO:0006869
GO:0035943 -[is_a]-> GO:0015850
GO:0035943 -[is_a]-> GO:0046903
GO:0035944 -[is_a]-> GO:0002440
GO:0035945 -[is_a]-> GO:2000827
GO:0035946 -[is_a]-> GO:2000827
GO:0035947 -[is_a]-> GO:0006111
GO:0035947 -[is_a]-> GO:0006357
GO:0035947 -[regulates]-> GO:0006094
GO:0035948 -[is_a]-> GO:0035947
GO:0035948 -[is_a]-> GO:0045722
GO:0035948 -[is_a]-> GO:0045944
GO:0035948 -[positively_regulates]-> GO:0006094
GO:0035949 -[is_a]-> GO:0000122
GO:0035949 -[is_a]-> GO:0035947
GO:0035949 -[is_a]-> GO:0045722
GO:0035949 -[negatively_regulates]-> GO:0006366
GO:0035950 -[is_a]-> GO:0006357
GO:0035950 -[is_a]-> GO:0090088
GO:0035950 -[regulates]-> GO:0006366
GO:0035950 -[regulates]-> GO:0006857
GO:0035951 -[is_a]-> GO:0035950
GO:0035951 -[is_a]-> GO:0045944
GO:0035951 -[is_a]-> GO:2000878
GO:0035951 -[positively_regulates]-> GO:0006366
GO:0035951 -[positively_regulates]-> GO:0006857
GO:0035952 -[is_a]-> GO:0000122
GO:0035952 -[is_a]-> GO:0035950
GO:0035952 -[is_a]-> GO:2000877
GO:0035952 -[negatively_regulates]-> GO:0006857
GO:0035953 -[is_a]-> GO:0035950
GO:0035953 -[is_a]-> GO:0090089
GO:0035953 -[regulates]-> GO:0006366
GO:0035953 -[regulates]-> GO:0042938
GO:0035954 -[is_a]-> GO:0035951
GO:0035954 -[is_a]-> GO:0035953
GO:0035954 -[is_a]-> GO:2000880
GO:0035954 -[positively_regulates]-> GO:0006366
GO:0035954 -[positively_regulates]-> GO:0042938
GO:0035955 -[is_a]-> GO:0035952
GO:0035955 -[is_a]-> GO:0035953
GO:0035955 -[is_a]-> GO:2000879
GO:0035955 -[negatively_regulates]-> GO:0042938
GO:0035956 -[is_a]-> GO:0006357
GO:0035956 -[is_a]-> GO:2000881
GO:0035956 -[regulates]-> GO:0005983
GO:0035956 -[regulates]-> GO:0006366
GO:0035957 -[is_a]-> GO:0035956
GO:0035957 -[is_a]-> GO:0045944
GO:0035957 -[is_a]-> GO:2000883
GO:0035957 -[positively_regulates]-> GO:0005983
GO:0035957 -[positively_regulates]-> GO:0006366
GO:0035958 -[is_a]-> GO:0072364
GO:0035958 -[is_a]-> GO:2000874
GO:0035958 -[regulates]-> GO:0006097
GO:0035958 -[regulates]-> GO:0006366
GO:0035959 -[is_a]-> GO:0035958
GO:0035959 -[is_a]-> GO:0072366
GO:0035959 -[is_a]-> GO:2000876
GO:0035959 -[positively_regulates]-> GO:0006097
GO:0035959 -[positively_regulates]-> GO:0006366
GO:0035960 -[is_a]-> GO:0006357
GO:0035960 -[is_a]-> GO:0032443
GO:0035960 -[regulates]-> GO:0006366
GO:0035960 -[regulates]-> GO:0006696
GO:0035961 -[is_a]-> GO:0035960
GO:0035961 -[is_a]-> GO:0045944
GO:0035961 -[is_a]-> GO:0070452
GO:0035961 -[positively_regulates]-> GO:0006366
GO:0035961 -[positively_regulates]-> GO:0006696
GO:0035962 -[is_a]-> GO:0034097
GO:0035963 -[is_a]-> GO:0035962
GO:0035963 -[is_a]-> GO:0071345
GO:0035964 -[is_a]-> GO:0048194
GO:0035964 -[occurs_in]-> GO:0000139
GO:0035964 -[part_of]-> GO:0048199
GO:0035965 -[is_a]-> GO:0032048
GO:0035966 -[is_a]-> GO:0006950
GO:0035966 -[is_a]-> GO:0010033
GO:0035967 -[is_a]-> GO:0033554
GO:0035967 -[is_a]-> GO:0035966
GO:0035967 -[is_a]-> GO:0071310
GO:0035968 -[is_a]-> GO:0072367
GO:0035968 -[is_a]-> GO:2000909
GO:0035968 -[regulates]-> GO:0006366
GO:0035968 -[regulates]-> GO:0035376
GO:0035969 -[is_a]-> GO:0035968
GO:0035969 -[is_a]-> GO:0072369
GO:0035969 -[is_a]-> GO:2000911
GO:0035969 -[positively_regulates]-> GO:0006366
GO:0035969 -[positively_regulates]-> GO:0035376
GO:0035970 -[is_a]-> GO:0006470
GO:0035971 -[is_a]-> GO:0006470
GO:0035973 -[is_a]-> GO:0016236
GO:0035974 -[is_a]-> GO:0005816
GO:0035974 -[part_of]-> GO:0072687
GO:0035975 -[is_a]-> GO:0044270
GO:0035975 -[is_a]-> GO:0046434
GO:0035975 -[is_a]-> GO:0070408
GO:0035976 -[is_a]-> GO:0090575
GO:0035977 -[is_a]-> GO:0006517
GO:0035977 -[part_of]-> GO:0006516
GO:0035978 -[is_a]-> GO:0035404
GO:0035978 -[is_a]-> GO:1990164
GO:0035979 -[is_a]-> GO:0035174
GO:0035979 -[part_of]-> GO:0035978
GO:0035981 -[is_a]-> GO:0098528
GO:0035983 -[is_a]-> GO:0010243
GO:0035983 -[is_a]-> GO:0014070
GO:0035983 -[is_a]-> GO:0046677
GO:0035983 -[is_a]-> GO:1901700
GO:0035984 -[is_a]-> GO:0035983
GO:0035984 -[is_a]-> GO:0071236
GO:0035984 -[is_a]-> GO:0071407
GO:0035984 -[is_a]-> GO:0071417
GO:0035984 -[is_a]-> GO:1901701
GO:0035985 -[is_a]-> GO:0000792
GO:0035986 -[is_a]-> GO:0031507
GO:0035987 -[is_a]-> GO:0030154
GO:0035987 -[part_of]-> GO:0001706
GO:0035988 -[is_a]-> GO:0008283
GO:0035989 -[is_a]-> GO:0061448
GO:0035990 -[is_a]-> GO:0030154
GO:0035990 -[part_of]-> GO:0035992
GO:0035991 -[is_a]-> GO:0070026
GO:0035991 -[part_of]-> GO:0071731
GO:0035992 -[is_a]-> GO:0044767
GO:0035992 -[is_a]-> GO:0048646
GO:0035992 -[part_of]-> GO:0035989
GO:0035993 -[is_a]-> GO:0044767
GO:0035993 -[is_a]-> GO:0048856
GO:0035993 -[part_of]-> GO:0060173
GO:0035993 -[part_of]-> GO:0060348
GO:0035994 -[is_a]-> GO:0009612
GO:0035995 -[is_a]-> GO:0035994
GO:0035995 -[is_a]-> GO:0050982
GO:0035996 -[is_a]-> GO:0005902
GO:0035996 -[is_a]-> GO:0044463
GO:0035996 -[part_of]-> GO:0016028
GO:0035997 -[is_a]-> GO:0031528
GO:0035997 -[part_of]-> GO:0033583
GO:0035997 -[part_of]-> GO:0035996
GO:0035998 -[is_a]-> GO:0006796
GO:0035998 -[is_a]-> GO:0042559
GO:0035998 -[is_a]-> GO:0051066
GO:0035998 -[is_a]-> GO:0051188
GO:0035998 -[is_a]-> GO:0090407
GO:0035999 -[is_a]-> GO:0006730
GO:0035999 -[is_a]-> GO:0046653
GO:0036000 -[is_a]-> GO:0030141
GO:0036001 -[is_a]-> GO:0042823
GO:0036002 -[is_a]-> GO:0003723
GO:0036003 -[is_a]-> GO:0043618
GO:0036003 -[is_a]-> GO:0045944
GO:0036004 -[is_a]-> GO:0019904
GO:0036005 -[is_a]-> GO:0034097
GO:0036006 -[is_a]-> GO:0036005
GO:0036006 -[is_a]-> GO:0071345
GO:0036007 -[is_a]-> GO:0044444
GO:0036008 -[is_a]-> GO:0005987
GO:0036008 -[is_a]-> GO:0006002
GO:0036008 -[is_a]-> GO:0051156
GO:0036008 -[has_part]-> GO:0008865
GO:0036008 -[has_part]-> GO:0050307
GO:0036009 -[is_a]-> GO:0008170
GO:0036009 -[is_a]-> GO:0008276
GO:0036009 -[is_a]-> GO:0008757
GO:0036010 -[is_a]-> GO:0033365
GO:0036011 -[is_a]-> GO:0035285
GO:0036011 -[part_of]-> GO:0007480
GO:0036012 -[is_a]-> GO:0009528
GO:0036012 -[is_a]-> GO:0033113
GO:0036013 -[is_a]-> GO:0009527
GO:0036013 -[is_a]-> GO:0033113
GO:0036014 -[is_a]-> GO:0009529
GO:0036014 -[part_of]-> GO:0033112
GO:0036015 -[is_a]-> GO:0034097
GO:0036016 -[is_a]-> GO:0036015
GO:0036016 -[is_a]-> GO:0071345
GO:0036017 -[is_a]-> GO:0034097
GO:0036018 -[is_a]-> GO:0036017
GO:0036018 -[is_a]-> GO:0071345
GO:0036019 -[is_a]-> GO:0005764
GO:0036019 -[is_a]-> GO:0005768
GO:0036020 -[is_a]-> GO:0005765
GO:0036020 -[is_a]-> GO:0010008
GO:0036020 -[part_of]-> GO:0036019
GO:0036021 -[is_a]-> GO:0031904
GO:0036021 -[is_a]-> GO:0043202
GO:0036021 -[part_of]-> GO:0036019
GO:0036022 -[is_a]-> GO:0009653
GO:0036022 -[is_a]-> GO:0044767
GO:0036022 -[part_of]-> GO:0035108
GO:0036023 -[is_a]-> GO:0036022
GO:0036023 -[is_a]-> GO:0060272
GO:0036023 -[part_of]-> GO:0030326
GO:0036024 -[is_a]-> GO:0097180
GO:0036025 -[is_a]-> GO:0097180
GO:0036026 -[is_a]-> GO:0097180
GO:0036027 -[is_a]-> GO:0097180
GO:0036028 -[is_a]-> GO:0097180
GO:0036029 -[is_a]-> GO:0097180
GO:0036030 -[is_a]-> GO:0097180
GO:0036031 -[is_a]-> GO:0022618
GO:0036031 -[part_of]-> GO:0006370
GO:0036032 -[is_a]-> GO:0060232
GO:0036033 -[is_a]-> GO:0032403
GO:0036034 -[is_a]-> GO:0043623
GO:0036035 -[is_a]-> GO:0061515
GO:0036035 -[is_a]-> GO:0098751
GO:0036035 -[part_of]-> GO:0030316
GO:0036036 -[is_a]-> GO:0036032
GO:0036037 -[is_a]-> GO:0046631
GO:0036038 -[is_a]-> GO:0043234
GO:0036038 -[is_a]-> GO:0044441
GO:0036038 -[part_of]-> GO:0035869
GO:0036039 -[is_a]-> GO:0018904
GO:0036039 -[is_a]-> GO:0018958
GO:0036039 -[is_a]-> GO:0042180
GO:0036040 -[is_a]-> GO:0019336
GO:0036040 -[is_a]-> GO:0036039
GO:0036040 -[is_a]-> GO:0042182
GO:0036040 -[is_a]-> GO:1901502
GO:0036041 -[is_a]-> GO:0005504
GO:0036042 -[is_a]-> GO:0000062
GO:0036046 -[is_a]-> GO:0035601
GO:0036047 -[is_a]-> GO:0018205
GO:0036047 -[is_a]-> GO:0036046
GO:0036048 -[is_a]-> GO:0035601
GO:0036049 -[is_a]-> GO:0018205
GO:0036049 -[is_a]-> GO:0036048
GO:0036050 -[is_a]-> GO:0018205
GO:0036050 -[is_a]-> GO:0018335
GO:0036051 -[is_a]-> GO:0034613
GO:0036052 -[is_a]-> GO:0036051
GO:0036053 -[is_a]-> GO:0046930
GO:0036054 -[is_a]-> GO:0016811
GO:0036054 -[part_of]-> GO:0036047
GO:0036055 -[is_a]-> GO:0016811
GO:0036055 -[part_of]-> GO:0036049
GO:0036056 -[is_a]-> GO:0005911
GO:0036057 -[is_a]-> GO:0036056
GO:0036058 -[is_a]-> GO:0007043
GO:0036059 -[is_a]-> GO:0034333
GO:0036059 -[is_a]-> GO:0036058
GO:0036060 -[is_a]-> GO:0036058
GO:0036061 -[is_a]-> GO:0014812
GO:0036061 -[is_a]-> GO:0060326
GO:0036062 -[is_a]-> GO:0097060
GO:0036062 -[is_a]-> GO:0097458
GO:0036062 -[part_of]-> GO:0042734
GO:0036063 -[is_a]-> GO:0044431
GO:0036064 -[is_a]-> GO:0005815
GO:0036064 -[is_a]-> GO:0044441
GO:0036064 -[part_of]-> GO:0042995
GO:0036065 -[is_a]-> GO:0070085
GO:0036066 -[is_a]-> GO:0006493
GO:0036066 -[is_a]-> GO:0036065
GO:0036067 -[is_a]-> GO:0015995
GO:0036068 -[is_a]-> GO:0015995
GO:0036069 -[is_a]-> GO:0030494
GO:0036069 -[is_a]-> GO:0036067
GO:0036070 -[is_a]-> GO:0030494
GO:0036070 -[is_a]-> GO:0036068
GO:0036071 -[is_a]-> GO:0036065
GO:0036072 -[is_a]-> GO:0001503
GO:0036073 -[is_a]-> GO:0001957
GO:0036074 -[is_a]-> GO:0036072
GO:0036075 -[is_a]-> GO:0001503
GO:0036076 -[is_a]-> GO:0001503
GO:0036077 -[is_a]-> GO:0001503
GO:0036078 -[is_a]-> GO:0007019
GO:0036079 -[is_a]-> GO:0015780
GO:0036080 -[is_a]-> GO:0005338
GO:0036080 -[part_of]-> GO:0090480
GO:0036081 -[is_a]-> GO:0005230
GO:0036082 -[is_a]-> GO:0005230
GO:0036083 -[is_a]-> GO:0072366
GO:0036083 -[is_a]-> GO:2000531
GO:0036083 -[is_a]-> GO:2001280
GO:0036083 -[positively_regulates]-> GO:0006366
GO:0036083 -[positively_regulates]-> GO:0006636
GO:0036084 -[is_a]-> GO:0015783
GO:0036084 -[is_a]-> GO:0090480
GO:0036084 -[is_a]-> GO:1902582
GO:0036084 -[occurs_in]-> GO:0005737
GO:0036085 -[is_a]-> GO:0015783
GO:0036085 -[is_a]-> GO:0090480
GO:0036085 -[is_a]-> GO:1902582
GO:0036085 -[occurs_in]-> GO:0005737
GO:0036086 -[is_a]-> GO:0033217
GO:0036086 -[is_a]-> GO:0036003
GO:0036087 -[is_a]-> GO:1902494
GO:0036088 -[is_a]-> GO:0009071
GO:0036088 -[is_a]-> GO:0070178
GO:0036089 -[is_a]-> GO:0032506
GO:0036089 -[is_a]-> GO:0099024
GO:0036089 -[part_of]-> GO:0061640
GO:0036090 -[is_a]-> GO:0032506
GO:0036090 -[is_a]-> GO:0099024
GO:0036090 -[part_of]-> GO:0061640
GO:0036091 -[is_a]-> GO:0036003
GO:0036091 -[is_a]-> GO:0043619
GO:0036091 -[is_a]-> GO:1901522
GO:0036092 -[is_a]-> GO:0006661
GO:0036093 -[is_a]-> GO:0008283
GO:0036093 -[is_a]-> GO:0044702
GO:0036093 -[part_of]-> GO:0007276
GO:0036094 -[is_a]-> GO:0005488
GO:0036095 -[is_a]-> GO:0045944
GO:0036095 -[is_a]-> GO:2000219
GO:0036095 -[positively_regulates]-> GO:0001403
GO:0036095 -[positively_regulates]-> GO:0006357
GO:0036098 -[is_a]-> GO:0030718
GO:0036099 -[is_a]-> GO:0030718
GO:0036100 -[is_a]-> GO:0006691
GO:0036100 -[is_a]-> GO:0009062
GO:0036101 -[is_a]-> GO:0016042
GO:0036101 -[is_a]-> GO:0016054
GO:0036101 -[is_a]-> GO:0036102
GO:0036101 -[is_a]-> GO:1901523
GO:0036101 -[is_a]-> GO:1901616
GO:0036102 -[is_a]-> GO:0006082
GO:0036102 -[is_a]-> GO:0006629
GO:0036102 -[is_a]-> GO:1901568
GO:0036102 -[is_a]-> GO:1901615
GO:0036103 -[is_a]-> GO:0006644
GO:0036103 -[is_a]-> GO:0006664
GO:0036103 -[is_a]-> GO:1901269
GO:0036104 -[is_a]-> GO:0008654
GO:0036104 -[is_a]-> GO:0009247
GO:0036104 -[is_a]-> GO:0036103
GO:0036104 -[is_a]-> GO:1901271
GO:0036105 -[is_a]-> GO:0033328
GO:0036106 -[is_a]-> GO:0033328
GO:0036107 -[is_a]-> GO:0006644
GO:0036107 -[is_a]-> GO:0006664
GO:0036107 -[is_a]-> GO:0006721
GO:0036108 -[is_a]-> GO:0008654
GO:0036108 -[is_a]-> GO:0009247
GO:0036108 -[is_a]-> GO:0016114
GO:0036108 -[is_a]-> GO:0036107
GO:0036109 -[is_a]-> GO:0001676
GO:0036110 -[is_a]-> GO:0009267
GO:0036111 -[is_a]-> GO:0035337
GO:0036112 -[is_a]-> GO:0035337
GO:0036113 -[is_a]-> GO:0036111
GO:0036113 -[is_a]-> GO:0036115
GO:0036114 -[is_a]-> GO:0036112
GO:0036114 -[is_a]-> GO:0036115
GO:0036115 -[is_a]-> GO:0009109
GO:0036115 -[is_a]-> GO:0035337
GO:0036115 -[is_a]-> GO:0044273
GO:0036115 -[is_a]-> GO:1901575
GO:0036116 -[is_a]-> GO:0035336
GO:0036116 -[is_a]-> GO:0036115
GO:0036117 -[is_a]-> GO:0044421
GO:0036118 -[is_a]-> GO:0022607
GO:0036119 -[is_a]-> GO:0009719
GO:0036119 -[is_a]-> GO:0070848
GO:0036120 -[is_a]-> GO:0036119
GO:0036120 -[is_a]-> GO:0071363
GO:0036120 -[is_a]-> GO:0071495
GO:0036121 -[is_a]-> GO:0004003
GO:0036121 -[is_a]-> GO:0033676
GO:0036122 -[is_a]-> GO:0019955
GO:0036123 -[is_a]-> GO:0018027
GO:0036123 -[is_a]-> GO:0051567
GO:0036124 -[is_a]-> GO:0018023
GO:0036124 -[is_a]-> GO:0051567
GO:0036125 -[is_a]-> GO:0032991
GO:0036126 -[is_a]-> GO:0097223
GO:0036126 -[is_a]-> GO:0097729
GO:0036127 -[is_a]-> GO:0043177
GO:0036127 -[is_a]-> GO:0072341
GO:0036127 -[is_a]-> GO:1901681
GO:0036128 -[is_a]-> GO:0005891
GO:0036129 -[is_a]-> GO:0061417
GO:0036129 -[part_of]-> GO:0070301
GO:0036130 -[is_a]-> GO:0016616
GO:0036130 -[part_of]-> GO:0006693
GO:0036131 -[is_a]-> GO:0016616
GO:0036131 -[part_of]-> GO:0006693
GO:0036132 -[is_a]-> GO:0016616
GO:0036132 -[part_of]-> GO:0006693
GO:0036133 -[is_a]-> GO:0016628
GO:0036134 -[is_a]-> GO:0016628
GO:0036135 -[is_a]-> GO:0008347
GO:0036136 -[is_a]-> GO:0036137
GO:0036137 -[is_a]-> GO:0008483
GO:0036137 -[part_of]-> GO:0097052
GO:0036138 -[is_a]-> GO:0018126
GO:0036138 -[is_a]-> GO:0018202
GO:0036139 -[is_a]-> GO:0016706
GO:0036140 -[is_a]-> GO:0016706
GO:0036141 -[is_a]-> GO:0070546
GO:0036143 -[is_a]-> GO:0019904
GO:0036145 -[is_a]-> GO:0001776
GO:0036146 -[is_a]-> GO:0010046
GO:0036146 -[is_a]-> GO:0097237
GO:0036147 -[is_a]-> GO:0022600
GO:0036148 -[is_a]-> GO:0046471
GO:0036149 -[is_a]-> GO:0046488
GO:0036150 -[is_a]-> GO:0006658
GO:0036151 -[is_a]-> GO:0046470
GO:0036152 -[is_a]-> GO:0046470
GO:0036153 -[is_a]-> GO:0006641
GO:0036153 -[is_a]-> GO:0036155
GO:0036154 -[is_a]-> GO:0036155
GO:0036154 -[is_a]-> GO:0046339
GO:0036155 -[is_a]-> GO:0006639
GO:0036156 -[is_a]-> GO:0005858
GO:0036157 -[is_a]-> GO:0005858
GO:0036158 -[is_a]-> GO:0070286
GO:0036159 -[is_a]-> GO:0070286
GO:0036160 -[is_a]-> GO:0030072
GO:0036161 -[is_a]-> GO:0030072
GO:0036162 -[is_a]-> GO:0030072
GO:0036163 -[is_a]-> GO:0016831
GO:0036164 -[is_a]-> GO:0031589
GO:0036165 -[is_a]-> GO:0036168
GO:0036165 -[is_a]-> GO:0036267
GO:0036166 -[is_a]-> GO:0009987
GO:0036167 -[is_a]-> GO:0036166
GO:0036167 -[is_a]-> GO:0044764
GO:0036167 -[is_a]-> GO:0075136
GO:0036168 -[is_a]-> GO:0009408
GO:0036168 -[is_a]-> GO:0044182
GO:0036169 -[is_a]-> GO:0016831
GO:0036170 -[is_a]-> GO:0042594
GO:0036170 -[is_a]-> GO:0044182
GO:0036171 -[is_a]-> GO:0044182
GO:0036171 -[part_of]-> GO:0042221
GO:0036172 -[is_a]-> GO:0008655
GO:0036172 -[is_a]-> GO:0009228
GO:0036173 -[is_a]-> GO:0043168
GO:0036173 -[is_a]-> GO:1901681
GO:0036174 -[is_a]-> GO:0016713
GO:0036175 -[is_a]-> GO:0061731
GO:0036176 -[is_a]-> GO:0009268
GO:0036177 -[is_a]-> GO:0009268
GO:0036177 -[is_a]-> GO:0044182
GO:0036178 -[is_a]-> GO:0036176
GO:0036178 -[is_a]-> GO:0036177
GO:0036179 -[is_a]-> GO:0048469
GO:0036179 -[part_of]-> GO:0036035
GO:0036180 -[is_a]-> GO:0009607
GO:0036180 -[is_a]-> GO:0044182
GO:0036181 -[is_a]-> GO:1903084
GO:0036182 -[is_a]-> GO:0018958
GO:0036182 -[is_a]-> GO:0019748
GO:0036182 -[is_a]-> GO:1901661
GO:0036183 -[is_a]-> GO:0019336
GO:0036183 -[is_a]-> GO:0036182
GO:0036183 -[is_a]-> GO:0090487
GO:0036183 -[is_a]-> GO:1901662
GO:0036184 -[is_a]-> GO:0036182
GO:0036184 -[is_a]-> GO:0044550
GO:0036184 -[is_a]-> GO:0046189
GO:0036184 -[is_a]-> GO:1901663
GO:0036185 -[is_a]-> GO:0016616
GO:0036186 -[is_a]-> GO:0030670
GO:0036186 -[part_of]-> GO:0032009
GO:0036187 -[is_a]-> GO:0070784
GO:0036188 -[is_a]-> GO:0016620
GO:0036189 -[is_a]-> GO:0016709
GO:0036190 -[is_a]-> GO:0016709
GO:0036191 -[is_a]-> GO:0016709
GO:0036192 -[is_a]-> GO:0016709
GO:0036193 -[is_a]-> GO:0016709
GO:0036194 -[is_a]-> GO:0042995
GO:0036195 -[is_a]-> GO:0031253
GO:0036195 -[part_of]-> GO:0036194
GO:0036196 -[is_a]-> GO:0016125
GO:0036196 -[is_a]-> GO:1902652
GO:0036197 -[is_a]-> GO:0016126
GO:0036197 -[is_a]-> GO:0036196
GO:0036197 -[is_a]-> GO:1902653
GO:0036198 -[is_a]-> GO:0006231
GO:0036198 -[is_a]-> GO:0010139
GO:0036199 -[is_a]-> GO:0016709
GO:0036200 -[is_a]-> GO:0016709
GO:0036201 -[is_a]-> GO:0016709
GO:0036202 -[is_a]-> GO:0016709
GO:0036203 -[is_a]-> GO:0016709
GO:0036204 -[is_a]-> GO:0016709
GO:0036205 -[is_a]-> GO:0044257
GO:0036206 -[is_a]-> GO:0010468
GO:0036207 -[is_a]-> GO:0010628
GO:0036207 -[is_a]-> GO:0036206
GO:0036208 -[is_a]-> GO:0010629
GO:0036208 -[is_a]-> GO:0036206
GO:0036209 -[is_a]-> GO:0016709
GO:0036210 -[is_a]-> GO:0036211
GO:0036210 -[is_a]-> GO:0044033
GO:0036211 -[is_a]-> GO:0019538
GO:0036211 -[is_a]-> GO:0043412
GO:0036212 -[is_a]-> GO:0032506
GO:0036212 -[part_of]-> GO:0061640
GO:0036213 -[is_a]-> GO:0032506
GO:0036213 -[part_of]-> GO:0061640
GO:0036214 -[is_a]-> GO:0032506
GO:0036214 -[part_of]-> GO:0061640
GO:0036215 -[is_a]-> GO:0034097
GO:0036216 -[is_a]-> GO:0036215
GO:0036216 -[is_a]-> GO:0071345
GO:0036217 -[is_a]-> GO:0047429
GO:0036218 -[is_a]-> GO:0047429
GO:0036219 -[is_a]-> GO:0047429
GO:0036220 -[is_a]-> GO:0047429
GO:0036221 -[is_a]-> GO:0047429
GO:0036222 -[is_a]-> GO:0047429
GO:0036223 -[is_a]-> GO:0009267
GO:0036224 -[is_a]-> GO:0044454
GO:0036224 -[part_of]-> GO:0000794
GO:0036225 -[is_a]-> GO:0009267
GO:0036227 -[is_a]-> GO:0071850
GO:0036228 -[is_a]-> GO:0006612
GO:0036228 -[is_a]-> GO:0044744
GO:0036228 -[is_a]-> GO:0090435
GO:0036229 -[is_a]-> GO:0043092
GO:0036230 -[is_a]-> GO:0002274
GO:0036231 -[is_a]-> GO:0043092
GO:0036232 -[is_a]-> GO:0015828
GO:0036232 -[is_a]-> GO:0043092
GO:0036233 -[is_a]-> GO:0043092
GO:0036234 -[is_a]-> GO:0019585
GO:0036235 -[is_a]-> GO:0036234
GO:0036236 -[is_a]-> GO:0052695
GO:0036237 -[is_a]-> GO:0004553
GO:0036238 -[is_a]-> GO:0016702
GO:0036239 -[is_a]-> GO:0016709
GO:0036240 -[is_a]-> GO:0042597
GO:0036241 -[is_a]-> GO:0006538
GO:0036241 -[is_a]-> GO:0032787
GO:0036241 -[has_part]-> GO:0047577
GO:0036242 -[is_a]-> GO:0006540
GO:0036242 -[has_part]-> GO:0034386
GO:0036243 -[is_a]-> GO:0016620
GO:0036244 -[is_a]-> GO:0036176
GO:0036244 -[is_a]-> GO:0071467
GO:0036245 -[is_a]-> GO:0071310
GO:0036245 -[is_a]-> GO:1901655
GO:0036246 -[is_a]-> GO:0035672
GO:0036246 -[is_a]-> GO:0071995
GO:0036247 -[is_a]-> GO:0035672
GO:0036247 -[is_a]-> GO:0071995
GO:0036248 -[is_a]-> GO:0035672
GO:0036248 -[is_a]-> GO:0071995
GO:0036249 -[is_a]-> GO:0000041
GO:0036249 -[is_a]-> GO:0034486
GO:0036249 -[is_a]-> GO:0098662
GO:0036250 -[is_a]-> GO:0072384
GO:0036251 -[is_a]-> GO:0061393
GO:0036251 -[is_a]-> GO:0061416
GO:0036252 -[is_a]-> GO:0036003
GO:0036252 -[is_a]-> GO:1901522
GO:0036252 -[part_of]-> GO:0036245
GO:0036253 -[is_a]-> GO:0010243
GO:0036253 -[is_a]-> GO:0014070
GO:0036253 -[is_a]-> GO:1901700
GO:0036254 -[is_a]-> GO:0036253
GO:0036254 -[is_a]-> GO:0071407
GO:0036254 -[is_a]-> GO:0071417
GO:0036254 -[is_a]-> GO:1901701
GO:0036255 -[is_a]-> GO:0014075
GO:0036256 -[is_a]-> GO:0036255
GO:0036256 -[is_a]-> GO:0071418
GO:0036257 -[is_a]-> GO:0007032
GO:0036258 -[is_a]-> GO:0036257
GO:0036258 -[is_a]-> GO:0070925
GO:0036259 -[is_a]-> GO:0034484
GO:0036260 -[is_a]-> GO:0006396
GO:0036261 -[is_a]-> GO:0001510
GO:0036261 -[is_a]-> GO:0036260
GO:0036262 -[is_a]-> GO:0002440
GO:0036263 -[is_a]-> GO:0004097
GO:0036264 -[is_a]-> GO:0004097
GO:0036265 -[is_a]-> GO:0001510
GO:0036265 -[part_of]-> GO:0009452
GO:0036266 -[is_a]-> GO:0098799
GO:0036266 -[part_of]-> GO:0005741
GO:0036267 -[is_a]-> GO:0070783
GO:0036268 -[is_a]-> GO:0040011
GO:0036269 -[is_a]-> GO:0007626
GO:0036270 -[is_a]-> GO:0042493
GO:0036271 -[is_a]-> GO:0042221
GO:0036272 -[is_a]-> GO:0010243
GO:0036272 -[is_a]-> GO:0014070
GO:0036272 -[is_a]-> GO:1901700
GO:0036273 -[is_a]-> GO:0010033
GO:0036273 -[is_a]-> GO:1901700
GO:0036274 -[is_a]-> GO:0010243
GO:0036274 -[is_a]-> GO:0014070
GO:0036274 -[is_a]-> GO:1901700
GO:0036275 -[is_a]-> GO:0014070
GO:0036276 -[is_a]-> GO:0042493
GO:0036277 -[is_a]-> GO:0042493
GO:0036278 -[is_a]-> GO:0006995
GO:0036278 -[is_a]-> GO:0045944
GO:0036278 -[positively_regulates]-> GO:0006366
GO:0036279 -[is_a]-> GO:0042149
GO:0036279 -[is_a]-> GO:0046827
GO:0036280 -[is_a]-> GO:0071230
GO:0036280 -[is_a]-> GO:1901354
GO:0036281 -[is_a]-> GO:0044419
GO:0036281 -[is_a]-> GO:0098630
GO:0036282 -[is_a]-> GO:0036281
GO:0036283 -[is_a]-> GO:0042993
GO:0036283 -[part_of]-> GO:0034599
GO:0036284 -[is_a]-> GO:0043234
GO:0036285 -[is_a]-> GO:0043623
GO:0036286 -[is_a]-> GO:0043234
GO:0036286 -[is_a]-> GO:0044430
GO:0036286 -[is_a]-> GO:0044448
GO:0036286 -[part_of]-> GO:0030863
GO:0036286 -[part_of]-> GO:0032126
GO:0036287 -[is_a]-> GO:0014070
GO:0036287 -[is_a]-> GO:0045472
GO:0036287 -[is_a]-> GO:0071867
GO:0036287 -[is_a]-> GO:1901654
GO:0036288 -[is_a]-> GO:0010243
GO:0036288 -[is_a]-> GO:0014070
GO:0036288 -[is_a]-> GO:1901700
GO:0036289 -[is_a]-> GO:0018105
GO:0036289 -[is_a]-> GO:0046777
GO:0036290 -[is_a]-> GO:0046777
GO:0036291 -[is_a]-> GO:0046777
GO:0036292 -[is_a]-> GO:0032392
GO:0036292 -[has_part]-> GO:0000733
GO:0036293 -[is_a]-> GO:0070482
GO:0036294 -[is_a]-> GO:0036293
GO:0036294 -[is_a]-> GO:0071453
GO:0036295 -[is_a]-> GO:0036296
GO:0036295 -[is_a]-> GO:0071453
GO:0036296 -[is_a]-> GO:0070482
GO:0036297 -[is_a]-> GO:0006281
GO:0036298 -[is_a]-> GO:0000725
GO:0036298 -[is_a]-> GO:0036297
GO:0036299 -[is_a]-> GO:0000726
GO:0036299 -[is_a]-> GO:0036297
GO:0036300 -[is_a]-> GO:0031623
GO:0036301 -[is_a]-> GO:0001816
GO:0036302 -[is_a]-> GO:0044767
GO:0036302 -[is_a]-> GO:0048856
GO:0036302 -[part_of]-> GO:0007507
GO:0036303 -[is_a]-> GO:0009653
GO:0036303 -[is_a]-> GO:0044767
GO:0036303 -[part_of]-> GO:0001945
GO:0036304 -[is_a]-> GO:0009653
GO:0036304 -[is_a]-> GO:0044767
GO:0036304 -[part_of]-> GO:0061027
GO:0036305 -[is_a]-> GO:0002065
GO:0036306 -[is_a]-> GO:0044767
GO:0036306 -[is_a]-> GO:0048856
GO:0036306 -[part_of]-> GO:0035050
GO:0036307 -[is_a]-> GO:0008988
GO:0036308 -[is_a]-> GO:0008990
GO:0036309 -[is_a]-> GO:0033365
GO:0036310 -[is_a]-> GO:0017111
GO:0036310 -[is_a]-> GO:0097617
GO:0036310 -[part_of]-> GO:0000733
GO:0036311 -[is_a]-> GO:0016811
GO:0036312 -[is_a]-> GO:0043548
GO:0036313 -[is_a]-> GO:0019900
GO:0036313 -[is_a]-> GO:0043548
GO:0036314 -[is_a]-> GO:0014070
GO:0036314 -[is_a]-> GO:0033993
GO:0036314 -[is_a]-> GO:1901700
GO:0036315 -[is_a]-> GO:0036314
GO:0036315 -[is_a]-> GO:0071396
GO:0036315 -[is_a]-> GO:0071407
GO:0036315 -[is_a]-> GO:1901701
GO:0036316 -[is_a]-> GO:0035437
GO:0036316 -[is_a]-> GO:2000639
GO:0036316 -[part_of]-> GO:0036315
GO:0036317 -[is_a]-> GO:0008081
GO:0036318 -[is_a]-> GO:0008528
GO:0036318 -[is_a]-> GO:0016503
GO:0036319 -[is_a]-> GO:0004932
GO:0036319 -[is_a]-> GO:0036318
GO:0036320 -[is_a]-> GO:0004932
GO:0036320 -[is_a]-> GO:0036318
GO:0036321 -[is_a]-> GO:0030072
GO:0036322 -[is_a]-> GO:0030072
GO:0036323 -[is_a]-> GO:0048010
GO:0036324 -[is_a]-> GO:0048010
GO:0036325 -[is_a]-> GO:0048010
GO:0036326 -[is_a]-> GO:0005021
GO:0036327 -[is_a]-> GO:0005021
GO:0036328 -[is_a]-> GO:0005021
GO:0036329 -[is_a]-> GO:0005021
GO:0036330 -[is_a]-> GO:0005021
GO:0036330 -[part_of]-> GO:0036324
GO:0036331 -[is_a]-> GO:0061303
GO:0036332 -[is_a]-> GO:0004714
GO:0036332 -[part_of]-> GO:0036323
GO:0036333 -[is_a]-> GO:0048872
GO:0036334 -[is_a]-> GO:0048872
GO:0036335 -[is_a]-> GO:0048872
GO:0036336 -[is_a]-> GO:0050900
GO:0036337 -[is_a]-> GO:0007166
GO:0036338 -[is_a]-> GO:0044423
GO:0036339 -[is_a]-> GO:0061756
GO:0036340 -[is_a]-> GO:0007593
GO:0036340 -[is_a]-> GO:0031214
GO:0036341 -[is_a]-> GO:0007593
GO:0036342 -[is_a]-> GO:0009653
GO:0036342 -[is_a]-> GO:0044767
GO:0036343 -[is_a]-> GO:0061744
GO:0036344 -[is_a]-> GO:0000904
GO:0036345 -[is_a]-> GO:0048469
GO:0036346 -[is_a]-> GO:0071230
GO:0036346 -[is_a]-> GO:1901367
GO:0036347 -[is_a]-> GO:0034635
GO:0036347 -[is_a]-> GO:0098657
GO:0036348 -[is_a]-> GO:0016854
GO:0036349 -[is_a]-> GO:0000501
GO:0036349 -[has_part]-> GO:0005534
GO:0036350 -[is_a]-> GO:0000501
GO:0036350 -[has_part]-> GO:0005537
GO:0036351 -[is_a]-> GO:0033522
GO:0036352 -[is_a]-> GO:0033522
GO:0036353 -[is_a]-> GO:0035518
GO:0036354 -[is_a]-> GO:0016491
GO:0036354 -[part_of]-> GO:0030494
GO:0036355 -[is_a]-> GO:0016830
GO:0036355 -[part_of]-> GO:0009228
GO:0036356 -[is_a]-> GO:0009975
GO:0036356 -[part_of]-> GO:1901369
GO:0036357 -[is_a]-> GO:0016301
GO:0036357 -[part_of]-> GO:1901369
GO:0036358 -[is_a]-> GO:0070400
GO:0036359 -[is_a]-> GO:0003014
GO:0036359 -[is_a]-> GO:0007588
GO:0036360 -[is_a]-> GO:0003006
GO:0036360 -[is_a]-> GO:0009653
GO:0036360 -[is_a]-> GO:0044702
GO:0036360 -[is_a]-> GO:0044767
GO:0036360 -[part_of]-> GO:0031150
GO:0036360 -[part_of]-> GO:0031288
GO:0036361 -[is_a]-> GO:0016855
GO:0036362 -[is_a]-> GO:0016020
GO:0036363 -[is_a]-> GO:0044707
GO:0036363 -[part_of]-> GO:0071604
GO:0036364 -[is_a]-> GO:0036363
GO:0036364 -[part_of]-> GO:0032905
GO:0036365 -[is_a]-> GO:0036363
GO:0036365 -[part_of]-> GO:0032906
GO:0036366 -[is_a]-> GO:0036363
GO:0036366 -[part_of]-> GO:0032907
GO:0036367 -[is_a]-> GO:0009642
GO:0036368 -[is_a]-> GO:0009416
GO:0036369 -[is_a]-> GO:0043161
GO:0036370 -[is_a]-> GO:0003674
GO:0036370 -[part_of]-> GO:0070400
GO:0036371 -[is_a]-> GO:0072659
GO:0036372 -[is_a]-> GO:0015031
GO:0036373 -[is_a]-> GO:0016857
GO:0036374 -[is_a]-> GO:0008242
GO:0036375 -[is_a]-> GO:0043234
GO:0036375 -[is_a]-> GO:0044464
GO:0036375 -[part_of]-> GO:0045177
GO:0036376 -[is_a]-> GO:0071436
GO:0036377 -[is_a]-> GO:0085030
GO:0036378 -[is_a]-> GO:0042368
GO:0036378 -[is_a]-> GO:0044108
GO:0036378 -[is_a]-> GO:0046173
GO:0036378 -[is_a]-> GO:0070640
GO:0036379 -[is_a]-> GO:0044449
GO:0036379 -[part_of]-> GO:0030016
GO:0036380 -[is_a]-> GO:0016780
GO:0036381 -[is_a]-> GO:0016843
GO:0036382 -[is_a]-> GO:0016646
GO:0036383 -[is_a]-> GO:0016712
GO:0036384 -[is_a]-> GO:0017110
GO:0036385 -[is_a]-> GO:0006323
GO:0036385 -[occurs_in]-> GO:0009295
GO:0036386 -[is_a]-> GO:0036385
GO:0036386 -[occurs_in]-> GO:0043590
GO:0036387 -[is_a]-> GO:0032993
GO:0036388 -[is_a]-> GO:0065004
GO:0036388 -[part_of]-> GO:0006261
GO:0036389 -[is_a]-> GO:0036387
GO:0036389 -[has_part]-> GO:1990101
GO:0036390 -[is_a]-> GO:1902299
GO:0036390 -[part_of]-> GO:0044787
GO:0036391 -[is_a]-> GO:0005940
GO:0036391 -[is_a]-> GO:0032161
GO:0036391 -[part_of]-> GO:0031097
GO:0036392 -[is_a]-> GO:0032602
GO:0036393 -[is_a]-> GO:0004601
GO:0036393 -[part_of]-> GO:0018969
GO:0036394 -[is_a]-> GO:0009306
GO:0036395 -[is_a]-> GO:0036394
GO:0036395 -[part_of]-> GO:0030157
GO:0036396 -[is_a]-> GO:0034708
GO:0036396 -[is_a]-> GO:0045293
GO:0036397 -[is_a]-> GO:0052738
GO:0036398 -[is_a]-> GO:0043234
GO:0036398 -[has_part]-> GO:0042101
GO:0036399 -[is_a]-> GO:0006461
GO:0036400 -[is_a]-> GO:0008188
GO:0036401 -[is_a]-> GO:0008188
GO:0036402 -[is_a]-> GO:0042623
GO:0036402 -[part_of]-> GO:1901800
GO:0036403 -[is_a]-> GO:0016702
GO:0036404 -[is_a]-> GO:0006396
GO:0036404 -[part_of]-> GO:0031050
GO:0036405 -[is_a]-> GO:0031225
GO:0036405 -[is_a]-> GO:0031230
GO:0036405 -[part_of]-> GO:0009279
GO:0036406 -[is_a]-> GO:0031246
GO:0036406 -[is_a]-> GO:0036405
GO:0036406 -[part_of]-> GO:0031241
GO:0036407 -[is_a]-> GO:0009279
GO:0036408 -[is_a]-> GO:0010484
GO:0036408 -[part_of]-> GO:0044154
GO:0036409 -[is_a]-> GO:0070775
GO:0036410 -[is_a]-> GO:0036409
GO:0036411 -[is_a]-> GO:0043234
GO:0036411 -[is_a]-> GO:0044445
GO:0036411 -[is_a]-> GO:0090569
GO:0036411 -[has_part]-> GO:1990121
GO:0036412 -[is_a]-> GO:0008410
GO:0036413 -[is_a]-> GO:0036414
GO:0036414 -[is_a]-> GO:0016570
GO:0036414 -[is_a]-> GO:0018101
GO:0036415 -[is_a]-> GO:0043487
GO:0036416 -[is_a]-> GO:0036415
GO:0036416 -[is_a]-> GO:0043489
GO:0036417 -[is_a]-> GO:0036415
GO:0036417 -[is_a]-> GO:0050779
GO:0036418 -[is_a]-> GO:0031230
GO:0036418 -[part_of]-> GO:0036407
GO:0036419 -[is_a]-> GO:0036418
GO:0036419 -[is_a]-> GO:0045203
GO:0036419 -[part_of]-> GO:0036407
GO:0036420 -[is_a]-> GO:0031244
GO:0036420 -[part_of]-> GO:0036407
GO:0036421 -[is_a]-> GO:0031242
GO:0036421 -[is_a]-> GO:0036420
GO:0036421 -[part_of]-> GO:0098568
GO:0036422 -[is_a]-> GO:0016765
GO:0036423 -[is_a]-> GO:0016765
GO:0036424 -[is_a]-> GO:0004647
GO:0036425 -[is_a]-> GO:0004647
GO:0036426 -[is_a]-> GO:0047267
GO:0036427 -[is_a]-> GO:0047267
GO:0036428 -[is_a]-> GO:0043752
GO:0036429 -[is_a]-> GO:0043752
GO:0036430 -[is_a]-> GO:0004127
GO:0036431 -[is_a]-> GO:0004127
GO:0036432 -[is_a]-> GO:0009038
GO:0036433 -[is_a]-> GO:0009038
GO:0036434 -[is_a]-> GO:0016703
GO:0036435 -[is_a]-> GO:0031593
GO:0036436 -[is_a]-> GO:0016587
GO:0036437 -[is_a]-> GO:0016587
GO:0036438 -[is_a]-> GO:0001894
GO:0036439 -[is_a]-> GO:0016616
GO:0036440 -[is_a]-> GO:0046912
GO:0036441 -[is_a]-> GO:0016616
GO:0036442 -[is_a]-> GO:0019829
GO:0036443 -[is_a]-> GO:0008146
GO:0036444 -[is_a]-> GO:0006851
GO:0036444 -[is_a]-> GO:0070509
GO:0036444 -[is_a]-> GO:0070588
GO:0036444 -[is_a]-> GO:1990542
GO:0036445 -[is_a]-> GO:0048103
GO:0036446 -[is_a]-> GO:0030154
GO:0036447 -[is_a]-> GO:0033554
GO:0036448 -[is_a]-> GO:0036447
GO:0036449 -[is_a]-> GO:1990752
GO:0036449 -[part_of]-> GO:0005874
GO:0036450 -[is_a]-> GO:0031087
GO:0036450 -[part_of]-> GO:1990074
GO:0036451 -[is_a]-> GO:0080009
GO:0036452 -[is_a]-> GO:0043234
GO:0036452 -[is_a]-> GO:0044440
GO:0036453 -[is_a]-> GO:0016246
GO:0036454 -[is_a]-> GO:0043234
GO:0036455 -[is_a]-> GO:0016782
GO:0036456 -[is_a]-> GO:0033744
GO:0036457 -[is_a]-> GO:0044444
GO:0036458 -[is_a]-> GO:0019838
GO:0036459 -[is_a]-> GO:0019783
GO:0036459 -[is_a]-> GO:0101005
GO:0036460 -[is_a]-> GO:0033554
GO:0036461 -[is_a]-> GO:0032403
GO:0036462 -[is_a]-> GO:0008625
GO:0036463 -[is_a]-> GO:0005035
GO:0036463 -[has_part]-> GO:0045569
GO:0036463 -[part_of]-> GO:0036462
GO:0036464 -[is_a]-> GO:0035770
GO:0036464 -[is_a]-> GO:0044444
GO:0036464 -[part_of]-> GO:0005737
GO:0036465 -[is_a]-> GO:0048489
GO:0036465 -[is_a]-> GO:0099003
GO:0036465 -[part_of]-> GO:0099504
GO:0036466 -[is_a]-> GO:0032456
GO:0036466 -[is_a]-> GO:0036465
GO:0036467 -[is_a]-> GO:0004058
GO:0036468 -[is_a]-> GO:0004058
GO:0036469 -[is_a]-> GO:0004058
GO:0036470 -[is_a]-> GO:0008047
GO:0036470 -[part_of]-> GO:1903178
GO:0036470 -[positively_regulates]-> GO:0004511
GO:0036471 -[is_a]-> GO:0071310
GO:0036471 -[is_a]-> GO:1901701
GO:0036472 -[is_a]-> GO:0032091
GO:0036472 -[is_a]-> GO:0039507
GO:0036473 -[is_a]-> GO:0008219
GO:0036473 -[part_of]-> GO:0034599
GO:0036474 -[is_a]-> GO:0036473
GO:0036474 -[part_of]-> GO:0070301
GO:0036475 -[is_a]-> GO:0036473
GO:0036475 -[is_a]-> GO:0070997
GO:0036476 -[is_a]-> GO:0036474
GO:0036476 -[is_a]-> GO:0036475
GO:0036477 -[is_a]-> GO:0097458
GO:0036478 -[is_a]-> GO:0008047
GO:0036478 -[part_of]-> GO:1903200
GO:0036478 -[positively_regulates]-> GO:0036468
GO:0036479 -[is_a]-> GO:0004857
GO:0036479 -[negatively_regulates]-> GO:0004601
GO:0036479 -[part_of]-> GO:2000469
GO:0036480 -[is_a]-> GO:0008631
GO:0036480 -[part_of]-> GO:0036475
GO:0036480 -[part_of]-> GO:0051402
GO:0036481 -[is_a]-> GO:0008631
GO:0036481 -[part_of]-> GO:0010421
GO:0036482 -[is_a]-> GO:0036480
GO:0036482 -[is_a]-> GO:0036481
GO:0036482 -[part_of]-> GO:0036476
GO:0036483 -[is_a]-> GO:0070059
GO:0036483 -[part_of]-> GO:0051402
GO:0036484 -[is_a]-> GO:0001755
GO:0036484 -[part_of]-> GO:0035290
GO:0036485 -[is_a]-> GO:0036484
GO:0036486 -[is_a]-> GO:0036484
GO:0036487 -[is_a]-> GO:0004857
GO:0036487 -[is_a]-> GO:0030235
GO:0036487 -[negatively_regulates]-> GO:0004517
GO:0036488 -[is_a]-> GO:0090575
GO:0036489 -[is_a]-> GO:0009059
GO:0036490 -[is_a]-> GO:0034976
GO:0036490 -[is_a]-> GO:0043555
GO:0036491 -[is_a]-> GO:0036490
GO:0036491 -[is_a]-> GO:0043558
GO:0036492 -[is_a]-> GO:0010998
GO:0036492 -[is_a]-> GO:0036491
GO:0036493 -[is_a]-> GO:0032056
GO:0036493 -[is_a]-> GO:0036490
GO:0036494 -[is_a]-> GO:0032058
GO:0036494 -[is_a]-> GO:0036491
GO:0036494 -[is_a]-> GO:0036493
GO:0036495 -[is_a]-> GO:0032057
GO:0036495 -[is_a]-> GO:0036491
GO:0036495 -[is_a]-> GO:1902010
GO:0036496 -[is_a]-> GO:0006470
GO:0036496 -[is_a]-> GO:0043558
GO:0036496 -[is_a]-> GO:0044710
GO:0036496 -[is_a]-> GO:0044763
GO:0036497 -[is_a]-> GO:0036491
GO:0036497 -[is_a]-> GO:0036496
GO:0036498 -[is_a]-> GO:0030968
GO:0036499 -[is_a]-> GO:0006984
GO:0036499 -[is_a]-> GO:0030968
GO:0036500 -[is_a]-> GO:0006984
GO:0036500 -[is_a]-> GO:0030968
GO:0036501 -[is_a]-> GO:0043234
GO:0036501 -[is_a]-> GO:0044444
GO:0036502 -[is_a]-> GO:0044432
GO:0036502 -[is_a]-> GO:0098796
GO:0036502 -[part_of]-> GO:0005789
GO:0036503 -[is_a]-> GO:0010033
GO:0036503 -[is_a]-> GO:0030163
GO:0036503 -[is_a]-> GO:0034976
GO:0036503 -[is_a]-> GO:0044712
GO:0036503 -[is_a]-> GO:0044763
GO:0036504 -[is_a]-> GO:0090174
GO:0036504 -[part_of]-> GO:0090168
GO:0036505 -[is_a]-> GO:0004930
GO:0036506 -[is_a]-> GO:0031647
GO:0036507 -[is_a]-> GO:0006517
GO:0036507 -[has_part]-> GO:0015923
GO:0036508 -[is_a]-> GO:0036507
GO:0036508 -[has_part]-> GO:0004571
GO:0036509 -[is_a]-> GO:1904380
GO:0036510 -[is_a]-> GO:1904380
GO:0036511 -[is_a]-> GO:1904380
GO:0036512 -[is_a]-> GO:1904380
GO:0036513 -[is_a]-> GO:0044432
GO:0036513 -[is_a]-> GO:0098796
GO:0036513 -[part_of]-> GO:0005789
GO:0036514 -[is_a]-> GO:0007411
GO:0036515 -[is_a]-> GO:0007411
GO:0036516 -[is_a]-> GO:0061642
GO:0036516 -[part_of]-> GO:0036514
GO:0036517 -[is_a]-> GO:0061642
GO:0036517 -[part_of]-> GO:0036515
GO:0036518 -[is_a]-> GO:0061643
GO:0036518 -[part_of]-> GO:0036514
GO:0036519 -[is_a]-> GO:0061643
GO:0036519 -[part_of]-> GO:0036515
GO:0036520 -[is_a]-> GO:0007267
GO:0036521 -[is_a]-> GO:0044068
GO:0036521 -[is_a]-> GO:1905169
GO:0036522 -[is_a]-> GO:0036521
GO:0036522 -[is_a]-> GO:1905170
GO:0036523 -[is_a]-> GO:0050715
GO:0036523 -[is_a]-> GO:0052166
GO:0036524 -[is_a]-> GO:0016836
GO:0036524 -[part_of]-> GO:0036525
GO:0036525 -[is_a]-> GO:0006464
GO:0036525 -[is_a]-> GO:0030091
GO:0036526 -[is_a]-> GO:0018198
GO:0036526 -[is_a]-> GO:0036525
GO:0036527 -[is_a]-> GO:0018195
GO:0036527 -[is_a]-> GO:0036525
GO:0036528 -[is_a]-> GO:0018205
GO:0036528 -[is_a]-> GO:0036525
GO:0036529 -[is_a]-> GO:0036525
GO:0036529 -[is_a]-> GO:0046295
GO:0036529 -[is_a]-> GO:1903189
GO:0036530 -[is_a]-> GO:0009438
GO:0036530 -[is_a]-> GO:0019249
GO:0036530 -[is_a]-> GO:0036525
GO:0036531 -[is_a]-> GO:0006749
GO:0038001 -[is_a]-> GO:0007267
GO:0038002 -[is_a]-> GO:0007267
GO:0038002 -[part_of]-> GO:0050886
GO:0038003 -[is_a]-> GO:0007186
GO:0038004 -[is_a]-> GO:0035638
GO:0038004 -[is_a]-> GO:0044710
GO:0038004 -[is_a]-> GO:0045742
GO:0038004 -[is_a]-> GO:0051604
GO:0038005 -[is_a]-> GO:0016485
GO:0038005 -[has_part]-> GO:0006509
GO:0038005 -[part_of]-> GO:0038004
GO:0038006 -[is_a]-> GO:0005042
GO:0038006 -[part_of]-> GO:0050918
GO:0038007 -[is_a]-> GO:0007166
GO:0038008 -[is_a]-> GO:0035556
GO:0038009 -[is_a]-> GO:0009966
GO:0038009 -[is_a]-> GO:0031623
GO:0038009 -[regulates]-> GO:0007165
GO:0038010 -[is_a]-> GO:0009967
GO:0038010 -[is_a]-> GO:0038009
GO:0038010 -[positively_regulates]-> GO:0007165
GO:0038011 -[is_a]-> GO:0009968
GO:0038011 -[is_a]-> GO:0038009
GO:0038011 -[negatively_regulates]-> GO:0007165
GO:0038012 -[is_a]-> GO:0030178
GO:0038012 -[is_a]-> GO:0038011
GO:0038012 -[is_a]-> GO:0038017
GO:0038012 -[negatively_regulates]-> GO:0016055
GO:0038013 -[is_a]-> GO:0030177
GO:0038013 -[is_a]-> GO:0038010
GO:0038013 -[is_a]-> GO:0038017
GO:0038013 -[positively_regulates]-> GO:0016055
GO:0038014 -[is_a]-> GO:0038011
GO:0038014 -[is_a]-> GO:0038016
GO:0038014 -[is_a]-> GO:0046627
GO:0038014 -[negatively_regulates]-> GO:0008286
GO:0038015 -[is_a]-> GO:0038010
GO:0038015 -[is_a]-> GO:0038016
GO:0038015 -[is_a]-> GO:0046628
GO:0038015 -[positively_regulates]-> GO:0008286
GO:0038016 -[is_a]-> GO:0031623
GO:0038017 -[is_a]-> GO:0031623
GO:0038018 -[is_a]-> GO:0032801
GO:0038018 -[part_of]-> GO:0030178
GO:0038019 -[is_a]-> GO:0001881
GO:0038019 -[part_of]-> GO:0030177
GO:0038020 -[is_a]-> GO:0001881
GO:0038020 -[part_of]-> GO:0046628
GO:0038021 -[is_a]-> GO:0004896
GO:0038021 -[part_of]-> GO:0033210
GO:0038022 -[is_a]-> GO:0004930
GO:0038022 -[is_a]-> GO:0004984
GO:0038023 -[is_a]-> GO:0004871
GO:0038023 -[is_a]-> GO:0004872
GO:0038023 -[part_of]-> GO:0007165
GO:0038024 -[is_a]-> GO:0004872
GO:0038024 -[part_of]-> GO:0006898
GO:0038025 -[is_a]-> GO:0004888
GO:0038025 -[part_of]-> GO:0038026
GO:0038026 -[is_a]-> GO:0007166
GO:0038027 -[is_a]-> GO:0007166
GO:0038028 -[is_a]-> GO:0008286
GO:0038028 -[has_part]-> GO:0014065
GO:0038029 -[is_a]-> GO:0007173
GO:0038029 -[has_part]-> GO:0000165
GO:0038030 -[is_a]-> GO:0035567
GO:0038030 -[has_part]-> GO:0000165
GO:0038031 -[is_a]-> GO:0038030
GO:0038031 -[has_part]-> GO:0007254
GO:0038032 -[is_a]-> GO:0023021
GO:0038032 -[is_a]-> GO:0045744
GO:0038033 -[is_a]-> GO:0038089
GO:0038033 -[is_a]-> GO:0048010
GO:0038033 -[is_a]-> GO:2001028
GO:0038034 -[is_a]-> GO:0007165
GO:0038035 -[is_a]-> GO:0007186
GO:0038035 -[is_a]-> GO:0038034
GO:0038036 -[is_a]-> GO:0045125
GO:0038036 -[part_of]-> GO:0003376
GO:0038037 -[is_a]-> GO:0097648
GO:0038038 -[is_a]-> GO:0038037
GO:0038039 -[is_a]-> GO:0038037
GO:0038040 -[is_a]-> GO:0035624
GO:0038040 -[is_a]-> GO:0045745
GO:0038040 -[positively_regulates]-> GO:0038042
GO:0038041 -[is_a]-> GO:0008277
GO:0038041 -[is_a]-> GO:2000272
GO:0038041 -[regulates]-> GO:0038042
GO:0038042 -[is_a]-> GO:0007186
GO:0038043 -[is_a]-> GO:0019221
GO:0038044 -[is_a]-> GO:0050663
GO:0038045 -[is_a]-> GO:0043234
GO:0038046 -[is_a]-> GO:0004985
GO:0038047 -[is_a]-> GO:0004985
GO:0038047 -[part_of]-> GO:0071315
GO:0038048 -[is_a]-> GO:0004985
GO:0038049 -[is_a]-> GO:0001076
GO:0038049 -[is_a]-> GO:0038023
GO:0038049 -[part_of]-> GO:0030522
GO:0038050 -[is_a]-> GO:0004879
GO:0038050 -[is_a]-> GO:0004883
GO:0038051 -[is_a]-> GO:0004883
GO:0038051 -[is_a]-> GO:0038049
GO:0038052 -[is_a]-> GO:0004879
GO:0038052 -[is_a]-> GO:0030284
GO:0038052 -[part_of]-> GO:0030520
GO:0038053 -[is_a]-> GO:0030284
GO:0038053 -[is_a]-> GO:0038049
GO:0038053 -[part_of]-> GO:0030520
GO:0038054 -[is_a]-> GO:0004930
GO:0038054 -[is_a]-> GO:0030284
GO:0038055 -[is_a]-> GO:0009306
GO:0038055 -[is_a]-> GO:0023061
GO:0038056 -[is_a]-> GO:0030514
GO:0038056 -[is_a]-> GO:2001285
GO:0038056 -[negatively_regulates]-> GO:0030509
GO:0038056 -[negatively_regulates]-> GO:0038055
GO:0038057 -[is_a]-> GO:0043120
GO:0038058 -[is_a]-> GO:0005031
GO:0038058 -[has_part]-> GO:0038057
GO:0038058 -[part_of]-> GO:0071847
GO:0038059 -[is_a]-> GO:0043234
GO:0038060 -[is_a]-> GO:0007263
GO:0038060 -[is_a]-> GO:0019934
GO:0038061 -[is_a]-> GO:0035556
GO:0038061 -[has_part]-> GO:0051092
GO:0038062 -[is_a]-> GO:0004714
GO:0038062 -[is_a]-> GO:0038064
GO:0038062 -[part_of]-> GO:0038063
GO:0038063 -[is_a]-> GO:0007169
GO:0038063 -[is_a]-> GO:0038065
GO:0038064 -[is_a]-> GO:0004888
GO:0038064 -[has_part]-> GO:0005518
GO:0038064 -[part_of]-> GO:0038065
GO:0038065 -[is_a]-> GO:0007166
GO:0038066 -[is_a]-> GO:0051403
GO:0038067 -[is_a]-> GO:0004707
GO:0038067 -[part_of]-> GO:0000196
GO:0038068 -[is_a]-> GO:0004708
GO:0038068 -[part_of]-> GO:0000196
GO:0038068 -[part_of]-> GO:0000199
GO:0038069 -[is_a]-> GO:0033549
GO:0038069 -[part_of]-> GO:0000200
GO:0038070 -[is_a]-> GO:0004709
GO:0038070 -[part_of]-> GO:0000196
GO:0038070 -[part_of]-> GO:0000198
GO:0038071 -[is_a]-> GO:0004707
GO:0038071 -[part_of]-> GO:0071507
GO:0038072 -[is_a]-> GO:0004708
GO:0038072 -[part_of]-> GO:0071507
GO:0038072 -[part_of]-> GO:0071508
GO:0038073 -[is_a]-> GO:0004709
GO:0038073 -[part_of]-> GO:0071507
GO:0038073 -[part_of]-> GO:0071509
GO:0038074 -[is_a]-> GO:0033549
GO:0038074 -[part_of]-> GO:0031137
GO:0038074 -[part_of]-> GO:0071511
GO:0038075 -[is_a]-> GO:0004707
GO:0038075 -[part_of]-> GO:0035420
GO:0038076 -[is_a]-> GO:0004708
GO:0038076 -[part_of]-> GO:0035419
GO:0038076 -[part_of]-> GO:0035420
GO:0038077 -[is_a]-> GO:0004709
GO:0038077 -[part_of]-> GO:0035420
GO:0038077 -[part_of]-> GO:0035421
GO:0038078 -[is_a]-> GO:0004871
GO:0038078 -[is_a]-> GO:0033549
GO:0038078 -[part_of]-> GO:0035423
GO:0038078 -[part_of]-> GO:0045088
GO:0038079 -[is_a]-> GO:0004707
GO:0038079 -[part_of]-> GO:0000161
GO:0038080 -[is_a]-> GO:0004708
GO:0038080 -[part_of]-> GO:0000161
GO:0038080 -[part_of]-> GO:0000169
GO:0038081 -[is_a]-> GO:0004709
GO:0038081 -[part_of]-> GO:0000161
GO:0038081 -[part_of]-> GO:0000168
GO:0038082 -[is_a]-> GO:0033549
GO:0038082 -[part_of]-> GO:0000173
GO:0038082 -[part_of]-> GO:0047484
GO:0038083 -[is_a]-> GO:0018108
GO:0038083 -[is_a]-> GO:0046777
GO:0038084 -[is_a]-> GO:0007169
GO:0038084 -[part_of]-> GO:0035924
GO:0038085 -[is_a]-> GO:0019838
GO:0038086 -[is_a]-> GO:0038084
GO:0038086 -[is_a]-> GO:0048008
GO:0038086 -[has_part]-> GO:0005021
GO:0038087 -[is_a]-> GO:0035790
GO:0038087 -[is_a]-> GO:0038086
GO:0038088 -[is_a]-> GO:0035791
GO:0038088 -[is_a]-> GO:0038086
GO:0038089 -[is_a]-> GO:0030335
GO:0038089 -[is_a]-> GO:0038084
GO:0038089 -[positively_regulates]-> GO:0016477
GO:0038090 -[is_a]-> GO:0038086
GO:0038090 -[is_a]-> GO:0038089
GO:0038090 -[positively_regulates]-> GO:0016477
GO:0038091 -[is_a]-> GO:0008284
GO:0038091 -[is_a]-> GO:0038086
GO:0038091 -[positively_regulates]-> GO:0008283
GO:0038092 -[is_a]-> GO:0032924
GO:0038093 -[is_a]-> GO:0002768
GO:0038094 -[is_a]-> GO:0038093
GO:0038095 -[is_a]-> GO:0038093
GO:0038096 -[is_a]-> GO:0002431
GO:0038096 -[is_a]-> GO:0002433
GO:0038096 -[is_a]-> GO:0038094
GO:0038096 -[part_of]-> GO:0006909
GO:0038097 -[is_a]-> GO:0002431
GO:0038097 -[is_a]-> GO:0033005
GO:0038097 -[is_a]-> GO:0038095
GO:0038097 -[positively_regulates]-> GO:0045576
GO:0038098 -[is_a]-> GO:0030514
GO:0038098 -[is_a]-> GO:0035581
GO:0038099 -[is_a]-> GO:0043623
GO:0038099 -[part_of]-> GO:0038092
GO:0038100 -[is_a]-> GO:0005515
GO:0038101 -[is_a]-> GO:0035581
GO:0038101 -[has_part]-> GO:0038100
GO:0038101 -[part_of]-> GO:1900108
GO:0038102 -[is_a]-> GO:0048019
GO:0038102 -[part_of]-> GO:0032926
GO:0038103 -[is_a]-> GO:0038102
GO:0038103 -[part_of]-> GO:1900108
GO:0038104 -[is_a]-> GO:0043235
GO:0038105 -[is_a]-> GO:0035581
GO:0038106 -[is_a]-> GO:0042562
GO:0038107 -[is_a]-> GO:0038092
GO:0038107 -[is_a]-> GO:1900094
GO:0038107 -[part_of]-> GO:0007368
GO:0038108 -[is_a]-> GO:0032099
GO:0038108 -[is_a]-> GO:0033210
GO:0038109 -[is_a]-> GO:0007169
GO:0038109 -[is_a]-> GO:0019221
GO:0038109 -[part_of]-> GO:0036216
GO:0038110 -[is_a]-> GO:0019221
GO:0038110 -[part_of]-> GO:0071352
GO:0038111 -[is_a]-> GO:0019221
GO:0038111 -[part_of]-> GO:0098761
GO:0038112 -[is_a]-> GO:0019221
GO:0038112 -[part_of]-> GO:0098759
GO:0038113 -[is_a]-> GO:0019221
GO:0038113 -[part_of]-> GO:0071355
GO:0038114 -[is_a]-> GO:0019221
GO:0038114 -[part_of]-> GO:0098757
GO:0038115 -[is_a]-> GO:0070098
GO:0038116 -[is_a]-> GO:0070098
GO:0038117 -[is_a]-> GO:0016493
GO:0038117 -[has_part]-> GO:0035757
GO:0038117 -[part_of]-> GO:0038115
GO:0038118 -[is_a]-> GO:0070098
GO:0038119 -[is_a]-> GO:0038115
GO:0038119 -[is_a]-> GO:0038118
GO:0038120 -[is_a]-> GO:0038116
GO:0038120 -[is_a]-> GO:0038118
GO:0038121 -[is_a]-> GO:0016493
GO:0038121 -[has_part]-> GO:0035758
GO:0038121 -[part_of]-> GO:0038116
GO:0038122 -[is_a]-> GO:0016493
GO:0038122 -[has_part]-> GO:0071791
GO:0038122 -[part_of]-> GO:0035689
GO:0038123 -[is_a]-> GO:0002224
GO:0038124 -[is_a]-> GO:0002224
GO:0038127 -[is_a]-> GO:0007169
GO:0038128 -[is_a]-> GO:0038127
GO:0038129 -[is_a]-> GO:0038127
GO:0038130 -[is_a]-> GO:0038127
GO:0038131 -[is_a]-> GO:0004888
GO:0038131 -[has_part]-> GO:0038132
GO:0038132 -[is_a]-> GO:0019838
GO:0038133 -[is_a]-> GO:0038128
GO:0038133 -[is_a]-> GO:0038129
GO:0038134 -[is_a]-> GO:0007173
GO:0038134 -[is_a]-> GO:0038128
GO:0038135 -[is_a]-> GO:0038128
GO:0038135 -[is_a]-> GO:0038130
GO:0038136 -[is_a]-> GO:0038129
GO:0038136 -[is_a]-> GO:0038130
GO:0038137 -[is_a]-> GO:0007173
GO:0038137 -[is_a]-> GO:0038130
GO:0038138 -[is_a]-> GO:0038130
GO:0038139 -[is_a]-> GO:0098802
GO:0038140 -[is_a]-> GO:0098802
GO:0038141 -[is_a]-> GO:0098802
GO:0038142 -[is_a]-> GO:0098802
GO:0038143 -[is_a]-> GO:0098802
GO:0038144 -[is_a]-> GO:0098802
GO:0038145 -[is_a]-> GO:0019221
GO:0038145 -[part_of]-> GO:0036006
GO:0038146 -[is_a]-> GO:0070098
GO:0038147 -[is_a]-> GO:0016494
GO:0038147 -[part_of]-> GO:0038146
GO:0038148 -[is_a]-> GO:0070098
GO:0038149 -[is_a]-> GO:0016493
GO:0038149 -[part_of]-> GO:0038148
GO:0038150 -[is_a]-> GO:0070098
GO:0038151 -[is_a]-> GO:0038148
GO:0038151 -[is_a]-> GO:0038150
GO:0038152 -[is_a]-> GO:0070098
GO:0038153 -[is_a]-> GO:0038148
GO:0038153 -[is_a]-> GO:0038152
GO:0038154 -[is_a]-> GO:0019221
GO:0038155 -[is_a]-> GO:0019221
GO:0038156 -[is_a]-> GO:0019221
GO:0038157 -[is_a]-> GO:0019221
GO:0038158 -[is_a]-> GO:0019221
GO:0038159 -[is_a]-> GO:0070098
GO:0038160 -[is_a]-> GO:0038146
GO:0038160 -[is_a]-> GO:0038159
GO:0038161 -[is_a]-> GO:0009755
GO:0038161 -[is_a]-> GO:0019221
GO:0038162 -[is_a]-> GO:0019221
GO:0038162 -[part_of]-> GO:0036018
GO:0038163 -[is_a]-> GO:0070098
GO:0038164 -[is_a]-> GO:0004896
GO:0038164 -[part_of]-> GO:0038163
GO:0038165 -[is_a]-> GO:0019221
GO:0038166 -[is_a]-> GO:0007186
GO:0038166 -[part_of]-> GO:1904385
GO:0038167 -[is_a]-> GO:0007173
GO:0038167 -[has_part]-> GO:0051092
GO:0038168 -[is_a]-> GO:0038167
GO:0038168 -[has_part]-> GO:0007249
GO:0038169 -[is_a]-> GO:0007186
GO:0038170 -[is_a]-> GO:0009755
GO:0038170 -[is_a]-> GO:0038169
GO:0038171 -[is_a]-> GO:0007186
GO:0038172 -[is_a]-> GO:0019221
GO:0038173 -[is_a]-> GO:0019221
GO:0038174 -[is_a]-> GO:0030368
GO:0038174 -[part_of]-> GO:0038173
GO:0038175 -[is_a]-> GO:2000639
GO:0038175 -[part_of]-> GO:0036295
GO:0038176 -[is_a]-> GO:2000640
GO:0038176 -[part_of]-> GO:0036294
GO:0038177 -[is_a]-> GO:0048018
GO:0038177 -[has_part]-> GO:0005123
GO:0038178 -[is_a]-> GO:0002430
GO:0038178 -[is_a]-> GO:0007186
GO:0038179 -[is_a]-> GO:0007166
GO:0038179 -[part_of]-> GO:0071363
GO:0038180 -[is_a]-> GO:0038179
GO:0038180 -[part_of]-> GO:1990090
GO:0038181 -[is_a]-> GO:0038023
GO:0038181 -[has_part]-> GO:0032052
GO:0038181 -[part_of]-> GO:0038183
GO:0038182 -[is_a]-> GO:0004930
GO:0038182 -[is_a]-> GO:0038181
GO:0038182 -[part_of]-> GO:0038184
GO:0038183 -[is_a]-> GO:0007165
GO:0038184 -[is_a]-> GO:0007166
GO:0038184 -[is_a]-> GO:0038183
GO:0038185 -[is_a]-> GO:0030522
GO:0038185 -[is_a]-> GO:0038183
GO:0038186 -[is_a]-> GO:0038181
GO:0038186 -[has_part]-> GO:1902121
GO:0038187 -[is_a]-> GO:0004872
GO:0038187 -[has_part]-> GO:0001871
GO:0038188 -[is_a]-> GO:0007186
GO:0038189 -[is_a]-> GO:0007166
GO:0038190 -[is_a]-> GO:0038084
GO:0038190 -[is_a]-> GO:0038189
GO:0038190 -[has_part]-> GO:0005021
GO:0038191 -[is_a]-> GO:0005102
GO:0038192 -[is_a]-> GO:0007186
GO:0038193 -[is_a]-> GO:0007186
GO:0038194 -[is_a]-> GO:0007186
GO:0038195 -[is_a]-> GO:0007166
GO:0038196 -[is_a]-> GO:0019221
GO:0038196 -[part_of]-> GO:0071358
GO:0038197 -[is_a]-> GO:0098802
GO:0038197 -[part_of]-> GO:0005887
GO:0038198 -[is_a]-> GO:0038023
GO:0038198 -[has_part]-> GO:0010011
GO:0038198 -[part_of]-> GO:0009734
GO:0038199 -[is_a]-> GO:0038023
GO:0038199 -[has_part]-> GO:0051740
GO:0038199 -[part_of]-> GO:0009873
GO:0038200 -[is_a]-> GO:0038199
GO:0038200 -[has_part]-> GO:0004673
GO:0038201 -[is_a]-> GO:0044424
GO:0038202 -[is_a]-> GO:0031929
GO:0038203 -[is_a]-> GO:0031929
GO:0039003 -[is_a]-> GO:0039017
GO:0039003 -[is_a]-> GO:0072004
GO:0039003 -[part_of]-> GO:0048793
GO:0039004 -[is_a]-> GO:0039005
GO:0039004 -[is_a]-> GO:0072082
GO:0039004 -[is_a]-> GO:0072196
GO:0039004 -[part_of]-> GO:0039011
GO:0039005 -[is_a]-> GO:0039017
GO:0039005 -[is_a]-> GO:0072081
GO:0039005 -[part_of]-> GO:0039008
GO:0039006 -[is_a]-> GO:0072079
GO:0039006 -[part_of]-> GO:0039008
GO:0039006 -[part_of]-> GO:0072116
GO:0039007 -[is_a]-> GO:0072028
GO:0039007 -[part_of]-> GO:0039019
GO:0039007 -[part_of]-> GO:0072114
GO:0039008 -[is_a]-> GO:0072078
GO:0039008 -[part_of]-> GO:0039007
GO:0039008 -[part_of]-> GO:0039020
GO:0039009 -[is_a]-> GO:0048856
GO:0039009 -[part_of]-> GO:0048793
GO:0039010 -[is_a]-> GO:0039005
GO:0039010 -[is_a]-> GO:0072084
GO:0039010 -[is_a]-> GO:0072196
GO:0039010 -[part_of]-> GO:0039013
GO:0039011 -[is_a]-> GO:0039008
GO:0039011 -[is_a]-> GO:0072158
GO:0039011 -[part_of]-> GO:0035776
GO:0039012 -[is_a]-> GO:0048856
GO:0039012 -[part_of]-> GO:0048793
GO:0039013 -[is_a]-> GO:0039008
GO:0039013 -[is_a]-> GO:0072156
GO:0039013 -[part_of]-> GO:0035777
GO:0039014 -[is_a]-> GO:0061005
GO:0039014 -[part_of]-> GO:0048793
GO:0039015 -[is_a]-> GO:0072111
GO:0039015 -[part_of]-> GO:0048793
GO:0039016 -[is_a]-> GO:0060995
GO:0039016 -[part_of]-> GO:0048793
GO:0039017 -[is_a]-> GO:0061004
GO:0039017 -[part_of]-> GO:0048793
GO:0039018 -[is_a]-> GO:0044767
GO:0039018 -[is_a]-> GO:0048856
GO:0039018 -[part_of]-> GO:0048793
GO:0039019 -[is_a]-> GO:0072006
GO:0039019 -[part_of]-> GO:0048793
GO:0039020 -[is_a]-> GO:0072080
GO:0039020 -[part_of]-> GO:0039019
GO:0039021 -[is_a]-> GO:0032835
GO:0039021 -[part_of]-> GO:0039019
GO:0039022 -[is_a]-> GO:0072176
GO:0039022 -[part_of]-> GO:0048793
GO:0039023 -[is_a]-> GO:0072178
GO:0039023 -[part_of]-> GO:0039022
GO:0039023 -[part_of]-> GO:0072114
GO:0039501 -[is_a]-> GO:0032480
GO:0039501 -[is_a]-> GO:0046775
GO:0039502 -[is_a]-> GO:0039503
GO:0039502 -[is_a]-> GO:0060339
GO:0039502 -[is_a]-> GO:0075114
GO:0039502 -[negatively_regulates]-> GO:0060337
GO:0039503 -[is_a]-> GO:0030683
GO:0039503 -[is_a]-> GO:0052170
GO:0039503 -[is_a]-> GO:0075528
GO:0039503 -[negatively_regulates]-> GO:0045087
GO:0039504 -[is_a]-> GO:0002820
GO:0039504 -[is_a]-> GO:0030683
GO:0039504 -[is_a]-> GO:0052562
GO:0039504 -[is_a]-> GO:0075528
GO:0039504 -[negatively_regulates]-> GO:0002250
GO:0039505 -[is_a]-> GO:0002587
GO:0039505 -[is_a]-> GO:0039588
GO:0039505 -[negatively_regulates]-> GO:0002495
GO:0039506 -[is_a]-> GO:0019048
GO:0039506 -[is_a]-> GO:0052055
GO:0039507 -[is_a]-> GO:0039506
GO:0039507 -[is_a]-> GO:0052056
GO:0039508 -[is_a]-> GO:0039507
GO:0039509 -[is_a]-> GO:0039508
GO:0039510 -[is_a]-> GO:0039513
GO:0039510 -[is_a]-> GO:1902281
GO:0039511 -[is_a]-> GO:0039508
GO:0039512 -[is_a]-> GO:0039584
GO:0039512 -[is_a]-> GO:0061099
GO:0039513 -[is_a]-> GO:0039507
GO:0039513 -[is_a]-> GO:0039516
GO:0039513 -[is_a]-> GO:0052053
GO:0039514 -[is_a]-> GO:0019054
GO:0039514 -[is_a]-> GO:0052029
GO:0039516 -[is_a]-> GO:0039506
GO:0039516 -[is_a]-> GO:0052148
GO:0039517 -[is_a]-> GO:0039516
GO:0039517 -[is_a]-> GO:0080163
GO:0039518 -[is_a]-> GO:0039507
GO:0039518 -[is_a]-> GO:0060302
GO:0039519 -[is_a]-> GO:0010506
GO:0039519 -[is_a]-> GO:0019054
GO:0039520 -[is_a]-> GO:0010508
GO:0039520 -[is_a]-> GO:0039519
GO:0039521 -[is_a]-> GO:0010507
GO:0039521 -[is_a]-> GO:0039519
GO:0039522 -[is_a]-> GO:0019054
GO:0039522 -[is_a]-> GO:0052038
GO:0039523 -[is_a]-> GO:0039507
GO:0039523 -[is_a]-> GO:0039653
GO:0039524 -[is_a]-> GO:0039657
GO:0039524 -[is_a]-> GO:0046778
GO:0039524 -[is_a]-> GO:0050686
GO:0039525 -[is_a]-> GO:0019054
GO:0039526 -[is_a]-> GO:0019054
GO:0039526 -[is_a]-> GO:0052150
GO:0039527 -[is_a]-> GO:0019054
GO:0039527 -[is_a]-> GO:0052029
GO:0039528 -[is_a]-> GO:0001819
GO:0039528 -[is_a]-> GO:0002753
GO:0039528 -[is_a]-> GO:0098586
GO:0039528 -[part_of]-> GO:0051607
GO:0039529 -[is_a]-> GO:0039528
GO:0039530 -[is_a]-> GO:0039528
GO:0039531 -[is_a]-> GO:0001817
GO:0039531 -[is_a]-> GO:0045088
GO:0039531 -[is_a]-> GO:0050688
GO:0039531 -[is_a]-> GO:1902531
GO:0039531 -[regulates]-> GO:0039528
GO:0039532 -[is_a]-> GO:0039531
GO:0039532 -[is_a]-> GO:0050687
GO:0039532 -[is_a]-> GO:1902532
GO:0039532 -[negatively_regulates]-> GO:0039528
GO:0039533 -[is_a]-> GO:0039531
GO:0039533 -[regulates]-> GO:0039530
GO:0039534 -[is_a]-> GO:0039532
GO:0039534 -[is_a]-> GO:0039533
GO:0039534 -[negatively_regulates]-> GO:0039530
GO:0039535 -[is_a]-> GO:0039531
GO:0039535 -[regulates]-> GO:0039529
GO:0039536 -[is_a]-> GO:0039532
GO:0039536 -[is_a]-> GO:0039535
GO:0039536 -[negatively_regulates]-> GO:0039529
GO:0039537 -[is_a]-> GO:0039503
GO:0039537 -[is_a]-> GO:0039532
GO:0039537 -[is_a]-> GO:0044831
GO:0039537 -[is_a]-> GO:0075111
GO:0039537 -[negatively_regulates]-> GO:0039528
GO:0039538 -[is_a]-> GO:0039536
GO:0039538 -[is_a]-> GO:0039537
GO:0039538 -[negatively_regulates]-> GO:0039529
GO:0039539 -[is_a]-> GO:0039534
GO:0039539 -[is_a]-> GO:0039537
GO:0039539 -[negatively_regulates]-> GO:0039530
GO:0039540 -[is_a]-> GO:0039509
GO:0039540 -[is_a]-> GO:0039538
GO:0039541 -[is_a]-> GO:0039540
GO:0039541 -[has_part]-> GO:0039552
GO:0039542 -[is_a]-> GO:0039540
GO:0039542 -[is_a]-> GO:1900045
GO:0039543 -[is_a]-> GO:0039540
GO:0039544 -[is_a]-> GO:0035897
GO:0039544 -[is_a]-> GO:0039540
GO:0039545 -[is_a]-> GO:0039507
GO:0039545 -[is_a]-> GO:0039537
GO:0039546 -[is_a]-> GO:0035897
GO:0039546 -[is_a]-> GO:0039545
GO:0039547 -[is_a]-> GO:0039507
GO:0039547 -[part_of]-> GO:0039527
GO:0039548 -[is_a]-> GO:0039503
GO:0039548 -[is_a]-> GO:0039507
GO:0039548 -[is_a]-> GO:0039653
GO:0039549 -[is_a]-> GO:0039548
GO:0039549 -[is_a]-> GO:0039613
GO:0039550 -[is_a]-> GO:0039548
GO:0039550 -[is_a]-> GO:0043392
GO:0039551 -[is_a]-> GO:0032436
GO:0039551 -[is_a]-> GO:0039548
GO:0039552 -[is_a]-> GO:0005102
GO:0039553 -[is_a]-> GO:0039518
GO:0039553 -[is_a]-> GO:1900137
GO:0039554 -[is_a]-> GO:0039509
GO:0039554 -[is_a]-> GO:0039539
GO:0039555 -[is_a]-> GO:0039554
GO:0039555 -[has_part]-> GO:0039556
GO:0039556 -[is_a]-> GO:0005102
GO:0039557 -[is_a]-> GO:0039503
GO:0039557 -[is_a]-> GO:0039507
GO:0039557 -[is_a]-> GO:0039653
GO:0039558 -[is_a]-> GO:0033235
GO:0039558 -[is_a]-> GO:0039557
GO:0039559 -[is_a]-> GO:0032436
GO:0039559 -[is_a]-> GO:0039557
GO:0039560 -[is_a]-> GO:0039503
GO:0039560 -[is_a]-> GO:0039507
GO:0039560 -[is_a]-> GO:0039653
GO:0039561 -[is_a]-> GO:0039560
GO:0039561 -[is_a]-> GO:1900182
GO:0039562 -[is_a]-> GO:0039507
GO:0039562 -[is_a]-> GO:0039514
GO:0039563 -[is_a]-> GO:0039562
GO:0039564 -[is_a]-> GO:0039562
GO:0039565 -[is_a]-> GO:0032436
GO:0039565 -[is_a]-> GO:0039563
GO:0039566 -[is_a]-> GO:0036210
GO:0039566 -[is_a]-> GO:0039563
GO:0039567 -[is_a]-> GO:0039563
GO:0039567 -[is_a]-> GO:0044833
GO:0039567 -[is_a]-> GO:1990215
GO:0039567 -[is_a]-> GO:2000365
GO:0039568 -[is_a]-> GO:0039563
GO:0039568 -[is_a]-> GO:0043392
GO:0039569 -[is_a]-> GO:0032436
GO:0039569 -[is_a]-> GO:0039564
GO:0039570 -[is_a]-> GO:0039564
GO:0039570 -[is_a]-> GO:0044833
GO:0039570 -[is_a]-> GO:1990215
GO:0039570 -[is_a]-> GO:2000365
GO:0039571 -[is_a]-> GO:0039563
GO:0039571 -[is_a]-> GO:0039613
GO:0039571 -[is_a]-> GO:0042512
GO:0039572 -[is_a]-> GO:0039564
GO:0039572 -[is_a]-> GO:0039613
GO:0039572 -[is_a]-> GO:0042514
GO:0039573 -[is_a]-> GO:0030683
GO:0039573 -[is_a]-> GO:0045916
GO:0039573 -[is_a]-> GO:0075528
GO:0039573 -[negatively_regulates]-> GO:0006956
GO:0039574 -[is_a]-> GO:0039503
GO:0039574 -[is_a]-> GO:0039512
GO:0039575 -[is_a]-> GO:0039574
GO:0039576 -[is_a]-> GO:0039512
GO:0039576 -[is_a]-> GO:0039514
GO:0039577 -[is_a]-> GO:0039576
GO:0039578 -[is_a]-> GO:0039576
GO:0039578 -[has_part]-> GO:0019901
GO:0039579 -[is_a]-> GO:0039503
GO:0039579 -[is_a]-> GO:0039507
GO:0039580 -[is_a]-> GO:0039503
GO:0039580 -[is_a]-> GO:0039584
GO:0039581 -[is_a]-> GO:0039580
GO:0039581 -[has_part]-> GO:0003725
GO:0039582 -[is_a]-> GO:0039580
GO:0039582 -[is_a]-> GO:1900182
GO:0039583 -[is_a]-> GO:0032436
GO:0039583 -[is_a]-> GO:0039580
GO:0039584 -[is_a]-> GO:0006469
GO:0039584 -[is_a]-> GO:0039513
GO:0039584 -[is_a]-> GO:0039613
GO:0039585 -[is_a]-> GO:0035556
GO:0039586 -[is_a]-> GO:0039517
GO:0039587 -[is_a]-> GO:0039506
GO:0039588 -[is_a]-> GO:0002578
GO:0039588 -[is_a]-> GO:0030683
GO:0039588 -[is_a]-> GO:0075528
GO:0039588 -[negatively_regulates]-> GO:0019882
GO:0039589 -[is_a]-> GO:0039504
GO:0039589 -[is_a]-> GO:0039588
GO:0039589 -[is_a]-> GO:1901040
GO:0039591 -[is_a]-> GO:0039507
GO:0039591 -[is_a]-> GO:0046776
GO:0039592 -[is_a]-> GO:0060153
GO:0039593 -[is_a]-> GO:0060153
GO:0039594 -[is_a]-> GO:0004521
GO:0039594 -[part_of]-> GO:0039599
GO:0039594 -[part_of]-> GO:0039600
GO:0039595 -[is_a]-> GO:0019054
GO:0039595 -[is_a]-> GO:0061014
GO:0039596 -[is_a]-> GO:0019054
GO:0039596 -[is_a]-> GO:0035304
GO:0039597 -[is_a]-> GO:0039600
GO:0039597 -[is_a]-> GO:0039712
GO:0039597 -[is_a]-> GO:1902380
GO:0039599 -[is_a]-> GO:0006379
GO:0039599 -[is_a]-> GO:0019048
GO:0039599 -[is_a]-> GO:0044033
GO:0039600 -[is_a]-> GO:0039595
GO:0039602 -[is_a]-> GO:0039653
GO:0039603 -[is_a]-> GO:0017025
GO:0039603 -[part_of]-> GO:0039602
GO:0039604 -[is_a]-> GO:0019057
GO:0039604 -[is_a]-> GO:0039657
GO:0039605 -[is_a]-> GO:0001093
GO:0039605 -[part_of]-> GO:0039602
GO:0039606 -[is_a]-> GO:0039604
GO:0039607 -[is_a]-> GO:0035897
GO:0039607 -[is_a]-> GO:0039611
GO:0039608 -[is_a]-> GO:0035307
GO:0039608 -[is_a]-> GO:0039596
GO:0039608 -[is_a]-> GO:0039611
GO:0039611 -[is_a]-> GO:0039507
GO:0039611 -[is_a]-> GO:0039606
GO:0039612 -[is_a]-> GO:0001932
GO:0039612 -[is_a]-> GO:0019054
GO:0039613 -[is_a]-> GO:0001933
GO:0039613 -[is_a]-> GO:0039612
GO:0039614 -[is_a]-> GO:0001934
GO:0039614 -[is_a]-> GO:0039612
GO:0039615 -[is_a]-> GO:0019030
GO:0039616 -[is_a]-> GO:0019030
GO:0039617 -[is_a]-> GO:0019030
GO:0039618 -[is_a]-> GO:0019030
GO:0039619 -[is_a]-> GO:0019030
GO:0039620 -[is_a]-> GO:0019030
GO:0039621 -[is_a]-> GO:0019030
GO:0039622 -[is_a]-> GO:0019030
GO:0039623 -[is_a]-> GO:0019030
GO:0039624 -[is_a]-> GO:0044423
GO:0039624 -[part_of]-> GO:0019030
GO:0039625 -[is_a]-> GO:0044423
GO:0039625 -[part_of]-> GO:0019030
GO:0039626 -[is_a]-> GO:0044423
GO:0039626 -[part_of]-> GO:0019030
GO:0039627 -[is_a]-> GO:0019030
GO:0039628 -[is_a]-> GO:0019030
GO:0039629 -[is_a]-> GO:0019030
GO:0039630 -[is_a]-> GO:0008186
GO:0039631 -[is_a]-> GO:0015616
GO:0039631 -[part_of]-> GO:0019073
GO:0039632 -[is_a]-> GO:0039630
GO:0039632 -[part_of]-> GO:0019074
GO:0039633 -[is_a]-> GO:0001907
GO:0039633 -[is_a]-> GO:0019048
GO:0039634 -[is_a]-> GO:0009615
GO:0039634 -[is_a]-> GO:0039633
GO:0039635 -[is_a]-> GO:0039636
GO:0039636 -[is_a]-> GO:0019054
GO:0039637 -[is_a]-> GO:0006308
GO:0039637 -[is_a]-> GO:0019048
GO:0039637 -[is_a]-> GO:0044035
GO:0039638 -[is_a]-> GO:0019062
GO:0039638 -[has_part]-> GO:0001530
GO:0039639 -[is_a]-> GO:0001899
GO:0039639 -[is_a]-> GO:0098586
GO:0039640 -[is_a]-> GO:0044659
GO:0039640 -[has_part]-> GO:0039635
GO:0039641 -[is_a]-> GO:0036338
GO:0039642 -[is_a]-> GO:0009295
GO:0039642 -[is_a]-> GO:0044423
GO:0039642 -[part_of]-> GO:0019012
GO:0039643 -[is_a]-> GO:0033643
GO:0039644 -[is_a]-> GO:0039507
GO:0039644 -[is_a]-> GO:0039653
GO:0039645 -[is_a]-> GO:0060153
GO:0039646 -[is_a]-> GO:0060153
GO:0039647 -[is_a]-> GO:0039507
GO:0039647 -[is_a]-> GO:0039604
GO:0039648 -[is_a]-> GO:0019054
GO:0039649 -[is_a]-> GO:0039516
GO:0039649 -[is_a]-> GO:0039648
GO:0039649 -[is_a]-> GO:0051438
GO:0039650 -[is_a]-> GO:0019050
GO:0039650 -[is_a]-> GO:0039513
GO:0039650 -[is_a]-> GO:0043154
GO:0039651 -[is_a]-> GO:0019051
GO:0039651 -[is_a]-> GO:0039712
GO:0039651 -[is_a]-> GO:0043280
GO:0039652 -[is_a]-> GO:0019056
GO:0039652 -[is_a]-> GO:0039506
GO:0039653 -[is_a]-> GO:0019056
GO:0039653 -[is_a]-> GO:0039657
GO:0039654 -[is_a]-> GO:0039663
GO:0039655 -[is_a]-> GO:0046740
GO:0039655 -[is_a]-> GO:1902588
GO:0039656 -[is_a]-> GO:0010468
GO:0039656 -[is_a]-> GO:0019054
GO:0039657 -[is_a]-> GO:0010629
GO:0039657 -[is_a]-> GO:0039656
GO:0039658 -[is_a]-> GO:0043234
GO:0039659 -[is_a]-> GO:0019048
GO:0039660 -[is_a]-> GO:0005198
GO:0039661 -[is_a]-> GO:0044384
GO:0039662 -[is_a]-> GO:0044384
GO:0039662 -[part_of]-> GO:0044230
GO:0039663 -[is_a]-> GO:0044800
GO:0039663 -[part_of]-> GO:0046718
GO:0039664 -[is_a]-> GO:0016032
GO:0039664 -[has_part]-> GO:0044662
GO:0039664 -[part_of]-> GO:0046718
GO:0039665 -[is_a]-> GO:0016032
GO:0039665 -[part_of]-> GO:0046718
GO:0039666 -[is_a]-> GO:0019062
GO:0039667 -[is_a]-> GO:0016032
GO:0039667 -[is_a]-> GO:0046718
GO:0039667 -[has_part]-> GO:0043108
GO:0039667 -[has_part]-> GO:0046794
GO:0039668 -[is_a]-> GO:0039667
GO:0039669 -[is_a]-> GO:0039667
GO:0039669 -[has_part]-> GO:0019064
GO:0039670 -[is_a]-> GO:0098021
GO:0039670 -[part_of]-> GO:0019030
GO:0039671 -[is_a]-> GO:0030683
GO:0039672 -[is_a]-> GO:0032815
GO:0039672 -[is_a]-> GO:0039671
GO:0039673 -[is_a]-> GO:0030683
GO:0039674 -[is_a]-> GO:0051168
GO:0039674 -[is_a]-> GO:0075733
GO:0039675 -[is_a]-> GO:0039674
GO:0039677 -[is_a]-> GO:0039674
GO:0039677 -[has_part]-> GO:0051081
GO:0039678 -[is_a]-> GO:0046718
GO:0039678 -[is_a]-> GO:0046794
GO:0039679 -[is_a]-> GO:0005575
GO:0039679 -[has_part]-> GO:0019012
GO:0039680 -[is_a]-> GO:0075520
GO:0039680 -[is_a]-> GO:0075606
GO:0039682 -[is_a]-> GO:0039687
GO:0039682 -[is_a]-> GO:0070581
GO:0039683 -[is_a]-> GO:0039682
GO:0039684 -[is_a]-> GO:0039682
GO:0039685 -[is_a]-> GO:0039693
GO:0039686 -[is_a]-> GO:0039693
GO:0039687 -[is_a]-> GO:0039693
GO:0039688 -[is_a]-> GO:0016070
GO:0039688 -[is_a]-> GO:0039693
GO:0039688 -[has_part]-> GO:0001171
GO:0039688 -[has_part]-> GO:0039695
GO:0039689 -[is_a]-> GO:0032774
GO:0039689 -[is_a]-> GO:0039694
GO:0039689 -[is_a]-> GO:0044034
GO:0039689 -[has_part]-> GO:0039696
GO:0039690 -[is_a]-> GO:0032774
GO:0039690 -[is_a]-> GO:0039694
GO:0039690 -[is_a]-> GO:0044034
GO:0039691 -[is_a]-> GO:0032774
GO:0039691 -[is_a]-> GO:0039694
GO:0039691 -[is_a]-> GO:0044034
GO:0039691 -[has_part]-> GO:0039696
GO:0039692 -[is_a]-> GO:0006259
GO:0039692 -[is_a]-> GO:0039694
GO:0039692 -[has_part]-> GO:0001171
GO:0039692 -[has_part]-> GO:0039695
GO:0039692 -[has_part]-> GO:0044826
GO:0039693 -[is_a]-> GO:0006261
GO:0039693 -[is_a]-> GO:0019079
GO:0039693 -[is_a]-> GO:0044034
GO:0039694 -[is_a]-> GO:0019079
GO:0039694 -[is_a]-> GO:0039703
GO:0039694 -[is_a]-> GO:0044033
GO:0039695 -[is_a]-> GO:0006351
GO:0039695 -[is_a]-> GO:0019083
GO:0039696 -[is_a]-> GO:0001172
GO:0039696 -[is_a]-> GO:0019083
GO:0039697 -[is_a]-> GO:0039696
GO:0039698 -[is_a]-> GO:0043631
GO:0039699 -[is_a]-> GO:0036451
GO:0039699 -[is_a]-> GO:0039503
GO:0039699 -[is_a]-> GO:0044033
GO:0039700 -[is_a]-> GO:0044800
GO:0039700 -[part_of]-> GO:0046802
GO:0039701 -[is_a]-> GO:0075519
GO:0039702 -[is_a]-> GO:0046755
GO:0039703 -[is_a]-> GO:0016070
GO:0039703 -[has_part]-> GO:0032774
GO:0039704 -[is_a]-> GO:0019081
GO:0039705 -[is_a]-> GO:0006451
GO:0039705 -[part_of]-> GO:0019081
GO:0039706 -[is_a]-> GO:0005515
GO:0039707 -[is_a]-> GO:0016032
GO:0039707 -[is_a]-> GO:0044658
GO:0039708 -[is_a]-> GO:0019069
GO:0039708 -[occurs_in]-> GO:0005634
GO:0039709 -[is_a]-> GO:0019069
GO:0039709 -[occurs_in]-> GO:0005737
GO:0039710 -[is_a]-> GO:0039709
GO:0039711 -[is_a]-> GO:0039709
GO:0039712 -[is_a]-> GO:0039516
GO:0039712 -[is_a]-> GO:0043948
GO:0039713 -[is_a]-> GO:0033643
GO:0039714 -[is_a]-> GO:0033655
GO:0039714 -[is_a]-> GO:0039713
GO:0039714 -[part_of]-> GO:0030430
GO:0039715 -[is_a]-> GO:0039713
GO:0039715 -[part_of]-> GO:0042025
GO:0039716 -[is_a]-> GO:0039714
GO:0039717 -[is_a]-> GO:0039714
GO:0039718 -[is_a]-> GO:0039714
GO:0039719 -[is_a]-> GO:0039714
GO:0039720 -[is_a]-> GO:0039715
GO:0039721 -[is_a]-> GO:0039715
GO:0039722 -[is_a]-> GO:0034122
GO:0039722 -[is_a]-> GO:0039503
GO:0039723 -[is_a]-> GO:0039503
GO:0039723 -[is_a]-> GO:0039584
GO:0039724 -[is_a]-> GO:0039503
GO:0039724 -[is_a]-> GO:0039507
GO:0040001 -[is_a]-> GO:0051293
GO:0040001 -[is_a]-> GO:1903047
GO:0040001 -[part_of]-> GO:0000278
GO:0040002 -[is_a]-> GO:0042335
GO:0040003 -[is_a]-> GO:0042335
GO:0040004 -[is_a]-> GO:0022404
GO:0040004 -[part_of]-> GO:0018996
GO:0040005 -[is_a]-> GO:0022404
GO:0040005 -[part_of]-> GO:0007591
GO:0040007 -[is_a]-> GO:0008150
GO:0040008 -[is_a]-> GO:0050789
GO:0040008 -[regulates]-> GO:0040007
GO:0040009 -[is_a]-> GO:0040008
GO:0040010 -[is_a]-> GO:0040009
GO:0040010 -[is_a]-> GO:0045927
GO:0040011 -[is_a]-> GO:0008150
GO:0040012 -[is_a]-> GO:0050789
GO:0040012 -[regulates]-> GO:0040011
GO:0040013 -[is_a]-> GO:0040012
GO:0040013 -[is_a]-> GO:0048519
GO:0040013 -[negatively_regulates]-> GO:0040011
GO:0040014 -[is_a]-> GO:0048638
GO:0040014 -[is_a]-> GO:0051239
GO:0040014 -[regulates]-> GO:0035264
GO:0040015 -[is_a]-> GO:0040014
GO:0040015 -[is_a]-> GO:0048640
GO:0040015 -[is_a]-> GO:0051241
GO:0040015 -[negatively_regulates]-> GO:0035264
GO:0040016 -[is_a]-> GO:0051301
GO:0040016 -[part_of]-> GO:0009790
GO:0040017 -[is_a]-> GO:0040012
GO:0040017 -[is_a]-> GO:0048518
GO:0040017 -[positively_regulates]-> GO:0040011
GO:0040018 -[is_a]-> GO:0040014
GO:0040018 -[is_a]-> GO:0048639
GO:0040018 -[is_a]-> GO:0051240
GO:0040018 -[positively_regulates]-> GO:0035264
GO:0040019 -[is_a]-> GO:0045995
GO:0040019 -[is_a]-> GO:0051094
GO:0040019 -[is_a]-> GO:0051240
GO:0040019 -[positively_regulates]-> GO:0009790
GO:0040020 -[is_a]-> GO:0010564
GO:0040020 -[is_a]-> GO:0051445
GO:0040020 -[is_a]-> GO:0051783
GO:0040020 -[regulates]-> GO:0007126
GO:0040021 -[is_a]-> GO:0018992
GO:0040022 -[is_a]-> GO:0040021
GO:0040023 -[is_a]-> GO:0051647
GO:0040023 -[is_a]-> GO:0051649
GO:0040023 -[is_a]-> GO:0051656
GO:0040024 -[is_a]-> GO:0002119
GO:0040025 -[is_a]-> GO:0048569
GO:0040025 -[part_of]-> GO:0002119
GO:0040026 -[is_a]-> GO:0040028
GO:0040026 -[is_a]-> GO:0061063
GO:0040026 -[positively_regulates]-> GO:0040025
GO:0040027 -[is_a]-> GO:0040028
GO:0040027 -[is_a]-> GO:0061064
GO:0040027 -[negatively_regulates]-> GO:0040025
GO:0040028 -[is_a]-> GO:0061062
GO:0040028 -[regulates]-> GO:0040025
GO:0040029 -[is_a]-> GO:0010468
GO:0040030 -[is_a]-> GO:0065009
GO:0040031 -[is_a]-> GO:0009451
GO:0040031 -[is_a]-> GO:0016073
GO:0040032 -[is_a]-> GO:0009886
GO:0040032 -[is_a]-> GO:0010171
GO:0040033 -[is_a]-> GO:0017148
GO:0040033 -[is_a]-> GO:0045974
GO:0040033 -[negatively_regulates]-> GO:0006412
GO:0040034 -[is_a]-> GO:0050793
GO:0040035 -[is_a]-> GO:0008406
GO:0040035 -[is_a]-> GO:0048806
GO:0040036 -[is_a]-> GO:0009966
GO:0040036 -[is_a]-> GO:0090287
GO:0040036 -[regulates]-> GO:0008543
GO:0040037 -[is_a]-> GO:0009968
GO:0040037 -[is_a]-> GO:0040036
GO:0040037 -[is_a]-> GO:0090288
GO:0040037 -[negatively_regulates]-> GO:0008543
GO:0040038 -[is_a]-> GO:0033206
GO:0040038 -[part_of]-> GO:0007143
GO:0040039 -[is_a]-> GO:0016477
GO:0040040 -[is_a]-> GO:0009266
GO:0040040 -[is_a]-> GO:0044708
GO:0042000 -[is_a]-> GO:0044417
GO:0042000 -[is_a]-> GO:0051808
GO:0042001 -[is_a]-> GO:0018993
GO:0042003 -[is_a]-> GO:0042001
GO:0042004 -[is_a]-> GO:0042001
GO:0042006 -[is_a]-> GO:0040021
GO:0042007 -[is_a]-> GO:0019955
GO:0042008 -[is_a]-> GO:0004896
GO:0042008 -[has_part]-> GO:0042007
GO:0042008 -[part_of]-> GO:0035655
GO:0042009 -[is_a]-> GO:0019955
GO:0042010 -[is_a]-> GO:0004896
GO:0042010 -[has_part]-> GO:0042009
GO:0042010 -[part_of]-> GO:0035723
GO:0042011 -[is_a]-> GO:0019955
GO:0042012 -[is_a]-> GO:0004896
GO:0042012 -[has_part]-> GO:0042011
GO:0042013 -[is_a]-> GO:0019955
GO:0042014 -[is_a]-> GO:0004896
GO:0042014 -[has_part]-> GO:0042013
GO:0042015 -[is_a]-> GO:0019955
GO:0042016 -[is_a]-> GO:0004896
GO:0042016 -[has_part]-> GO:0042015
GO:0042017 -[is_a]-> GO:0019955
GO:0042018 -[is_a]-> GO:0004896
GO:0042018 -[has_part]-> GO:0042017
GO:0042019 -[is_a]-> GO:0019955
GO:0042020 -[is_a]-> GO:0004896
GO:0042020 -[has_part]-> GO:0042019
GO:0042020 -[part_of]-> GO:0038155
GO:0042021 -[is_a]-> GO:0019955
GO:0042022 -[is_a]-> GO:0098802
GO:0042022 -[part_of]-> GO:0005887
GO:0042023 -[is_a]-> GO:0044786
GO:0042023 -[has_part]-> GO:0006270
GO:0042025 -[is_a]-> GO:0033648
GO:0042026 -[is_a]-> GO:0006457
GO:0042030 -[is_a]-> GO:0004857
GO:0042030 -[is_a]-> GO:0060590
GO:0042030 -[negatively_regulates]-> GO:0016887
GO:0042033 -[is_a]-> GO:0042089
GO:0042033 -[is_a]-> GO:0050755
GO:0042033 -[part_of]-> GO:0032602
GO:0042034 -[is_a]-> GO:0006481
GO:0042034 -[is_a]-> GO:0018205
GO:0042034 -[is_a]-> GO:0018350
GO:0042035 -[is_a]-> GO:0001817
GO:0042035 -[is_a]-> GO:0010556
GO:0042035 -[is_a]-> GO:0031326
GO:0042035 -[is_a]-> GO:0051246
GO:0042035 -[regulates]-> GO:0042089
GO:0042036 -[is_a]-> GO:0001818
GO:0042036 -[is_a]-> GO:0010558
GO:0042036 -[is_a]-> GO:0031327
GO:0042036 -[is_a]-> GO:0042035
GO:0042036 -[is_a]-> GO:0051248
GO:0042036 -[negatively_regulates]-> GO:0042089
GO:0042037 -[is_a]-> GO:0018021
GO:0042038 -[is_a]-> GO:0018021
GO:0042039 -[is_a]-> GO:0018282
GO:0042040 -[is_a]-> GO:0006464
GO:0042042 -[is_a]-> GO:0042040
GO:0042043 -[is_a]-> GO:0005102
GO:0042044 -[is_a]-> GO:0044765
GO:0042045 -[is_a]-> GO:0042044
GO:0042045 -[is_a]-> GO:0070633
GO:0042046 -[is_a]-> GO:0043545
GO:0042047 -[is_a]-> GO:0009108
GO:0042047 -[is_a]-> GO:0018130
GO:0042047 -[is_a]-> GO:0019538
GO:0042047 -[is_a]-> GO:0042046
GO:0042047 -[is_a]-> GO:0090407
GO:0042047 -[is_a]-> GO:1901362
GO:0042047 -[is_a]-> GO:1901566
GO:0042047 -[has_part]-> GO:0042042
GO:0042048 -[is_a]-> GO:0007635
GO:0042049 -[is_a]-> GO:0055082
GO:0042051 -[is_a]-> GO:0042462
GO:0042051 -[part_of]-> GO:0001751
GO:0042052 -[is_a]-> GO:0006996
GO:0042052 -[part_of]-> GO:0042051
GO:0042053 -[is_a]-> GO:0042069
GO:0042053 -[regulates]-> GO:0042417
GO:0042054 -[is_a]-> GO:0008276
GO:0042054 -[part_of]-> GO:0016571
GO:0042056 -[is_a]-> GO:0003674
GO:0042056 -[part_of]-> GO:0050918
GO:0042058 -[is_a]-> GO:1901184
GO:0042058 -[regulates]-> GO:0007173
GO:0042059 -[is_a]-> GO:0042058
GO:0042059 -[is_a]-> GO:1901185
GO:0042059 -[negatively_regulates]-> GO:0007173
GO:0042060 -[is_a]-> GO:0009611
GO:0042062 -[is_a]-> GO:0050806
GO:0042062 -[part_of]-> GO:0008582
GO:0042063 -[is_a]-> GO:0022008
GO:0042065 -[is_a]-> GO:0048588
GO:0042065 -[part_of]-> GO:0042063
GO:0042066 -[is_a]-> GO:0042065
GO:0042067 -[is_a]-> GO:0001736
GO:0042067 -[is_a]-> GO:0007163
GO:0042067 -[part_of]-> GO:0001745
GO:0042068 -[is_a]-> GO:0031323
GO:0042068 -[is_a]-> GO:0051171
GO:0042068 -[regulates]-> GO:0019889
GO:0042069 -[is_a]-> GO:0033238
GO:0042069 -[is_a]-> GO:0080090
GO:0042069 -[regulates]-> GO:0006584
GO:0042070 -[is_a]-> GO:0022412
GO:0042070 -[is_a]-> GO:0051658
GO:0042070 -[part_of]-> GO:0051663
GO:0042071 -[is_a]-> GO:0038023
GO:0042071 -[part_of]-> GO:0009755
GO:0042073 -[is_a]-> GO:0031503
GO:0042073 -[is_a]-> GO:0098840
GO:0042073 -[occurs_in]-> GO:0005929
GO:0042073 -[part_of]-> GO:0044782
GO:0042074 -[is_a]-> GO:0001667
GO:0042074 -[part_of]-> GO:0007369
GO:0042075 -[is_a]-> GO:0016226
GO:0042075 -[is_a]-> GO:0018198
GO:0042075 -[is_a]-> GO:0018202
GO:0042075 -[is_a]-> GO:0018414
GO:0042076 -[is_a]-> GO:0006486
GO:0042077 -[is_a]-> GO:0042076
GO:0042078 -[is_a]-> GO:0017145
GO:0042078 -[is_a]-> GO:0022412
GO:0042078 -[part_of]-> GO:0007281
GO:0042081 -[is_a]-> GO:0006687
GO:0042082 -[is_a]-> GO:0006497
GO:0042082 -[is_a]-> GO:0006688
GO:0042082 -[is_a]-> GO:0042081
GO:0042083 -[is_a]-> GO:0008168
GO:0042084 -[is_a]-> GO:0008168
GO:0042085 -[is_a]-> GO:0008168
GO:0042086 -[is_a]-> GO:0008168
GO:0042088 -[is_a]-> GO:0002460
GO:0042089 -[is_a]-> GO:0042107
GO:0042089 -[part_of]-> GO:0001816
GO:0042090 -[is_a]-> GO:0042089
GO:0042090 -[part_of]-> GO:0032615
GO:0042091 -[is_a]-> GO:0009058
GO:0042091 -[is_a]-> GO:0042089
GO:0042091 -[part_of]-> GO:0032613
GO:0042092 -[is_a]-> GO:0006955
GO:0042093 -[is_a]-> GO:0002294
GO:0042094 -[is_a]-> GO:0009058
GO:0042094 -[is_a]-> GO:0042089
GO:0042094 -[part_of]-> GO:0032623
GO:0042095 -[is_a]-> GO:0042089
GO:0042095 -[part_of]-> GO:0032609
GO:0042097 -[is_a]-> GO:0009058
GO:0042097 -[is_a]-> GO:0042089
GO:0042097 -[part_of]-> GO:0032633
GO:0042098 -[is_a]-> GO:0042110
GO:0042098 -[is_a]-> GO:0046651
GO:0042100 -[is_a]-> GO:0042113
GO:0042100 -[is_a]-> GO:0046651
GO:0042101 -[is_a]-> GO:0098802
GO:0042102 -[is_a]-> GO:0042129
GO:0042102 -[is_a]-> GO:0050671
GO:0042102 -[is_a]-> GO:0050870
GO:0042102 -[positively_regulates]-> GO:0042098
GO:0042103 -[is_a]-> GO:0032846
GO:0042103 -[is_a]-> GO:0042102
GO:0042103 -[is_a]-> GO:0046013
GO:0042103 -[positively_regulates]-> GO:0001777
GO:0042104 -[is_a]-> GO:0042102
GO:0042104 -[is_a]-> GO:0046006
GO:0042104 -[positively_regulates]-> GO:0050798
GO:0042105 -[is_a]-> GO:0042101
GO:0042106 -[is_a]-> GO:0042101
GO:0042107 -[is_a]-> GO:0019538
GO:0042108 -[is_a]-> GO:0001819
GO:0042108 -[is_a]-> GO:0010557
GO:0042108 -[is_a]-> GO:0031328
GO:0042108 -[is_a]-> GO:0042035
GO:0042108 -[is_a]-> GO:0051247
GO:0042108 -[positively_regulates]-> GO:0042089
GO:0042109 -[is_a]-> GO:0009058
GO:0042109 -[is_a]-> GO:0042089
GO:0042109 -[part_of]-> GO:0032641
GO:0042110 -[is_a]-> GO:0046649
GO:0042110 -[is_a]-> GO:0070489
GO:0042113 -[is_a]-> GO:0046649
GO:0042116 -[is_a]-> GO:0002274
GO:0042117 -[is_a]-> GO:0002274
GO:0042118 -[is_a]-> GO:0001775
GO:0042119 -[is_a]-> GO:0036230
GO:0042120 -[is_a]-> GO:0019752
GO:0042120 -[is_a]-> GO:0044264
GO:0042120 -[is_a]-> GO:0044723
GO:0042121 -[is_a]-> GO:0033692
GO:0042121 -[is_a]-> GO:0042120
GO:0042121 -[is_a]-> GO:0046394
GO:0042122 -[is_a]-> GO:0042120
GO:0042122 -[is_a]-> GO:0044247
GO:0042122 -[is_a]-> GO:0044724
GO:0042122 -[is_a]-> GO:0046395
GO:0042123 -[is_a]-> GO:0016740
GO:0042124 -[is_a]-> GO:0042123
GO:0042125 -[is_a]-> GO:0006486
GO:0042126 -[is_a]-> GO:0043436
GO:0042126 -[is_a]-> GO:2001057
GO:0042127 -[is_a]-> GO:0050794
GO:0042127 -[regulates]-> GO:0008283
GO:0042128 -[is_a]-> GO:0042126
GO:0042128 -[is_a]-> GO:0071941
GO:0042129 -[is_a]-> GO:0050670
GO:0042129 -[is_a]-> GO:0050863
GO:0042129 -[regulates]-> GO:0042098
GO:0042130 -[is_a]-> GO:0042129
GO:0042130 -[is_a]-> GO:0050672
GO:0042130 -[is_a]-> GO:0050868
GO:0042130 -[negatively_regulates]-> GO:0042098
GO:0042131 -[is_a]-> GO:0003993
GO:0042132 -[is_a]-> GO:0050308
GO:0042133 -[is_a]-> GO:0001505
GO:0042133 -[is_a]-> GO:0044237
GO:0042134 -[is_a]-> GO:0019843
GO:0042135 -[is_a]-> GO:0042133
GO:0042135 -[is_a]-> GO:0044248
GO:0042136 -[is_a]-> GO:0042133
GO:0042136 -[is_a]-> GO:0044249
GO:0042137 -[is_a]-> GO:0001505
GO:0042137 -[is_a]-> GO:0051235
GO:0042138 -[is_a]-> GO:0090305
GO:0042138 -[is_a]-> GO:1903046
GO:0042138 -[part_of]-> GO:0007127
GO:0042139 -[is_a]-> GO:0007146
GO:0042140 -[is_a]-> GO:0007146
GO:0042144 -[is_a]-> GO:0044801
GO:0042144 -[is_a]-> GO:0097576
GO:0042144 -[is_a]-> GO:1902589
GO:0042147 -[is_a]-> GO:0016192
GO:0042147 -[is_a]-> GO:0016197
GO:0042147 -[is_a]-> GO:0016482
GO:0042147 -[occurs_in]-> GO:0005829
GO:0042148 -[is_a]-> GO:0006259
GO:0042148 -[part_of]-> GO:0006310
GO:0042149 -[is_a]-> GO:0009267
GO:0042150 -[is_a]-> GO:0006310
GO:0042151 -[is_a]-> GO:0043232
GO:0042151 -[is_a]-> GO:0044448
GO:0042152 -[is_a]-> GO:0006310
GO:0042157 -[is_a]-> GO:0043170
GO:0042158 -[is_a]-> GO:0034645
GO:0042158 -[is_a]-> GO:0042157
GO:0042159 -[is_a]-> GO:0009057
GO:0042159 -[is_a]-> GO:0042157
GO:0042160 -[is_a]-> GO:0042157
GO:0042161 -[is_a]-> GO:0042160
GO:0042161 -[is_a]-> GO:0055114
GO:0042162 -[is_a]-> GO:0043565
GO:0042163 -[is_a]-> GO:0019972
GO:0042164 -[is_a]-> GO:0019972
GO:0042165 -[is_a]-> GO:0005488
GO:0042166 -[is_a]-> GO:0042165
GO:0042166 -[is_a]-> GO:0070405
GO:0042167 -[is_a]-> GO:0006787
GO:0042167 -[is_a]-> GO:0042168
GO:0042167 -[is_a]-> GO:0044712
GO:0042167 -[is_a]-> GO:0046149
GO:0042168 -[is_a]-> GO:0006778
GO:0042168 -[is_a]-> GO:0042440
GO:0042168 -[is_a]-> GO:0044763
GO:0042169 -[is_a]-> GO:0019904
GO:0042170 -[is_a]-> GO:0031090
GO:0042170 -[is_a]-> GO:0044435
GO:0042170 -[part_of]-> GO:0009526
GO:0042171 -[is_a]-> GO:0071617
GO:0042173 -[is_a]-> GO:0022603
GO:0042173 -[is_a]-> GO:0043937
GO:0042173 -[is_a]-> GO:0045595
GO:0042173 -[regulates]-> GO:0030435
GO:0042174 -[is_a]-> GO:0042173
GO:0042174 -[is_a]-> GO:0043939
GO:0042174 -[is_a]-> GO:0045596
GO:0042174 -[negatively_regulates]-> GO:0030435
GO:0042175 -[is_a]-> GO:0016020
GO:0042175 -[is_a]-> GO:0044464
GO:0042175 -[part_of]-> GO:0012505
GO:0042176 -[is_a]-> GO:0009894
GO:0042176 -[is_a]-> GO:0051246
GO:0042176 -[regulates]-> GO:0030163
GO:0042177 -[is_a]-> GO:0009895
GO:0042177 -[is_a]-> GO:0042176
GO:0042177 -[is_a]-> GO:0051248
GO:0042177 -[negatively_regulates]-> GO:0030163
GO:0042178 -[is_a]-> GO:0006805
GO:0042178 -[is_a]-> GO:0044248
GO:0042179 -[is_a]-> GO:0009821
GO:0042179 -[is_a]-> GO:0018933
GO:0042179 -[is_a]-> GO:0072525
GO:0042180 -[is_a]-> GO:0044237
GO:0042180 -[is_a]-> GO:0044281
GO:0042180 -[is_a]-> GO:0044763
GO:0042180 -[is_a]-> GO:0071704
GO:0042181 -[is_a]-> GO:0042180
GO:0042181 -[is_a]-> GO:0044249
GO:0042181 -[is_a]-> GO:0044283
GO:0042181 -[is_a]-> GO:1901576
GO:0042182 -[is_a]-> GO:0042180
GO:0042182 -[is_a]-> GO:0044248
GO:0042182 -[is_a]-> GO:0044282
GO:0042182 -[is_a]-> GO:1901575
GO:0042183 -[is_a]-> GO:0015942
GO:0042183 -[is_a]-> GO:0072329
GO:0042184 -[is_a]-> GO:0018948
GO:0042184 -[is_a]-> GO:0019439
GO:0042184 -[is_a]-> GO:0042178
GO:0042184 -[is_a]-> GO:1901361
GO:0042185 -[is_a]-> GO:0018949
GO:0042185 -[is_a]-> GO:0042184
GO:0042186 -[is_a]-> GO:0018950
GO:0042186 -[is_a]-> GO:0042184
GO:0042187 -[is_a]-> GO:0018951
GO:0042187 -[is_a]-> GO:0042184
GO:0042188 -[is_a]-> GO:0018977
GO:0042188 -[is_a]-> GO:0019439
GO:0042188 -[is_a]-> GO:0042205
GO:0042188 -[is_a]-> GO:0046701
GO:0042188 -[is_a]-> GO:1901361
GO:0042189 -[is_a]-> GO:0018982
GO:0042189 -[is_a]-> GO:0046184
GO:0042189 -[is_a]-> GO:0046189
GO:0042189 -[is_a]-> GO:1901503
GO:0042190 -[is_a]-> GO:0018982
GO:0042190 -[is_a]-> GO:0019336
GO:0042190 -[is_a]-> GO:0046185
GO:0042190 -[is_a]-> GO:1901502
GO:0042191 -[is_a]-> GO:0018941
GO:0042192 -[is_a]-> GO:0042191
GO:0042192 -[is_a]-> GO:0046414
GO:0042193 -[is_a]-> GO:0042191
GO:0042193 -[is_a]-> GO:0046413
GO:0042194 -[is_a]-> GO:0019630
GO:0042194 -[is_a]-> GO:0072330
GO:0042195 -[is_a]-> GO:0019396
GO:0042196 -[is_a]-> GO:0042197
GO:0042197 -[is_a]-> GO:0006805
GO:0042197 -[is_a]-> GO:0044710
GO:0042197 -[is_a]-> GO:0044763
GO:0042197 -[is_a]-> GO:0071704
GO:0042198 -[is_a]-> GO:0006805
GO:0042199 -[is_a]-> GO:0018965
GO:0042199 -[is_a]-> GO:1901615
GO:0042200 -[is_a]-> GO:0042199
GO:0042200 -[is_a]-> GO:0042204
GO:0042200 -[is_a]-> GO:1901616
GO:0042201 -[is_a]-> GO:0018965
GO:0042202 -[is_a]-> GO:0042201
GO:0042202 -[is_a]-> GO:0042204
GO:0042203 -[is_a]-> GO:0018970
GO:0042203 -[is_a]-> GO:0042178
GO:0042203 -[is_a]-> GO:0072491
GO:0042204 -[is_a]-> GO:0018965
GO:0042204 -[is_a]-> GO:0019439
GO:0042204 -[is_a]-> GO:0042178
GO:0042204 -[is_a]-> GO:0044270
GO:0042204 -[is_a]-> GO:0046700
GO:0042204 -[is_a]-> GO:1901361
GO:0042204 -[is_a]-> GO:1901565
GO:0042205 -[is_a]-> GO:0042196
GO:0042205 -[is_a]-> GO:0042206
GO:0042206 -[is_a]-> GO:0042178
GO:0042206 -[is_a]-> GO:0042197
GO:0042206 -[is_a]-> GO:0044712
GO:0042206 -[is_a]-> GO:1901575
GO:0042207 -[is_a]-> GO:0018966
GO:0042207 -[is_a]-> GO:0019439
GO:0042207 -[is_a]-> GO:0042178
GO:0042207 -[is_a]-> GO:1901361
GO:0042208 -[is_a]-> GO:0018964
GO:0042208 -[is_a]-> GO:0042178
GO:0042208 -[is_a]-> GO:0043451
GO:0042209 -[is_a]-> GO:0018940
GO:0042209 -[is_a]-> GO:0019336
GO:0042209 -[is_a]-> GO:0072491
GO:0042209 -[is_a]-> GO:0090487
GO:0042210 -[is_a]-> GO:0018947
GO:0042210 -[is_a]-> GO:0044712
GO:0042210 -[is_a]-> GO:0046454
GO:0042210 -[is_a]-> GO:0046517
GO:0042211 -[is_a]-> GO:0018946
GO:0042211 -[is_a]-> GO:0044712
GO:0042211 -[is_a]-> GO:0046454
GO:0042211 -[is_a]-> GO:0046455
GO:0042212 -[is_a]-> GO:0018958
GO:0042212 -[is_a]-> GO:0072490
GO:0042213 -[is_a]-> GO:0018925
GO:0042213 -[is_a]-> GO:0046199
GO:0042214 -[is_a]-> GO:0006720
GO:0042215 -[is_a]-> GO:0018958
GO:0042216 -[is_a]-> GO:0018955
GO:0042216 -[is_a]-> GO:0019439
GO:0042216 -[is_a]-> GO:0042178
GO:0042216 -[is_a]-> GO:1901361
GO:0042217 -[is_a]-> GO:0009063
GO:0042217 -[is_a]-> GO:0018871
GO:0042218 -[is_a]-> GO:0008652
GO:0042218 -[is_a]-> GO:0018871
GO:0042219 -[is_a]-> GO:1901565
GO:0042220 -[is_a]-> GO:0014070
GO:0042220 -[is_a]-> GO:0043279
GO:0042220 -[is_a]-> GO:1901700
GO:0042221 -[is_a]-> GO:0050896
GO:0042222 -[is_a]-> GO:0009058
GO:0042222 -[is_a]-> GO:0042089
GO:0042222 -[part_of]-> GO:0032612
GO:0042223 -[is_a]-> GO:0009058
GO:0042223 -[is_a]-> GO:0042089
GO:0042223 -[part_of]-> GO:0032632
GO:0042225 -[is_a]-> GO:0009058
GO:0042225 -[is_a]-> GO:0042089
GO:0042225 -[part_of]-> GO:0032634
GO:0042226 -[is_a]-> GO:0009058
GO:0042226 -[is_a]-> GO:0042089
GO:0042226 -[part_of]-> GO:0032635
GO:0042227 -[is_a]-> GO:0009058
GO:0042227 -[is_a]-> GO:0042089
GO:0042227 -[part_of]-> GO:0032636
GO:0042228 -[is_a]-> GO:0009058
GO:0042228 -[is_a]-> GO:0042089
GO:0042228 -[part_of]-> GO:0032637
GO:0042229 -[is_a]-> GO:0009058
GO:0042229 -[is_a]-> GO:0042089
GO:0042229 -[part_of]-> GO:0032638
GO:0042230 -[is_a]-> GO:0009058
GO:0042230 -[is_a]-> GO:0042089
GO:0042230 -[part_of]-> GO:0032614
GO:0042231 -[is_a]-> GO:0009058
GO:0042231 -[is_a]-> GO:0042089
GO:0042231 -[part_of]-> GO:0032616
GO:0042232 -[is_a]-> GO:0042089
GO:0042232 -[part_of]-> GO:0032617
GO:0042233 -[is_a]-> GO:0009058
GO:0042233 -[is_a]-> GO:0042089
GO:0042233 -[part_of]-> GO:0032618
GO:0042234 -[is_a]-> GO:0009058
GO:0042234 -[is_a]-> GO:0042089
GO:0042234 -[part_of]-> GO:0032619
GO:0042235 -[is_a]-> GO:0009058
GO:0042235 -[is_a]-> GO:0042089
GO:0042235 -[part_of]-> GO:0032620
GO:0042236 -[is_a]-> GO:0009058
GO:0042236 -[is_a]-> GO:0042089
GO:0042236 -[part_of]-> GO:0032622
GO:0042237 -[is_a]-> GO:0009058
GO:0042237 -[is_a]-> GO:0042089
GO:0042237 -[part_of]-> GO:0032624
GO:0042238 -[is_a]-> GO:0009058
GO:0042238 -[is_a]-> GO:0042089
GO:0042238 -[part_of]-> GO:0032625
GO:0042239 -[is_a]-> GO:0009058
GO:0042239 -[is_a]-> GO:0042089
GO:0042239 -[part_of]-> GO:0032626
GO:0042240 -[is_a]-> GO:0042089
GO:0042240 -[part_of]-> GO:0032627
GO:0042241 -[is_a]-> GO:0009058
GO:0042241 -[is_a]-> GO:0042089
GO:0042241 -[part_of]-> GO:0032621
GO:0042242 -[is_a]-> GO:0016811
GO:0042243 -[is_a]-> GO:0003006
GO:0042243 -[is_a]-> GO:0042244
GO:0042243 -[is_a]-> GO:0044702
GO:0042243 -[part_of]-> GO:0030436
GO:0042244 -[is_a]-> GO:0010927
GO:0042244 -[is_a]-> GO:0070726
GO:0042244 -[part_of]-> GO:0070590
GO:0042245 -[is_a]-> GO:0016070
GO:0042246 -[is_a]-> GO:0009888
GO:0042246 -[is_a]-> GO:0031099
GO:0042246 -[is_a]-> GO:0048589
GO:0042246 -[part_of]-> GO:0042060
GO:0042247 -[is_a]-> GO:0001736
GO:0042247 -[is_a]-> GO:0016334
GO:0042248 -[is_a]-> GO:0016334
GO:0042249 -[is_a]-> GO:0001736
GO:0042250 -[is_a]-> GO:0016332
GO:0042251 -[is_a]-> GO:0016336
GO:0042252 -[is_a]-> GO:0001736
GO:0042253 -[is_a]-> GO:0009058
GO:0042253 -[is_a]-> GO:0042089
GO:0042253 -[part_of]-> GO:0032604
GO:0042254 -[is_a]-> GO:0022613
GO:0042255 -[is_a]-> GO:0022618
GO:0042255 -[is_a]-> GO:0070925
GO:0042255 -[part_of]-> GO:0042254
GO:0042256 -[is_a]-> GO:0042255
GO:0042258 -[is_a]-> GO:0018209
GO:0042258 -[is_a]-> GO:0018315
GO:0042259 -[is_a]-> GO:0018196
GO:0042262 -[is_a]-> GO:0006259
GO:0042262 -[is_a]-> GO:0031668
GO:0042262 -[is_a]-> GO:0033554
GO:0042262 -[is_a]-> GO:0044710
GO:0042263 -[is_a]-> GO:0008188
GO:0042264 -[is_a]-> GO:0018126
GO:0042264 -[is_a]-> GO:0018197
GO:0042265 -[is_a]-> GO:0018126
GO:0042265 -[is_a]-> GO:0018196
GO:0042267 -[is_a]-> GO:0001909
GO:0042267 -[is_a]-> GO:0002228
GO:0042267 -[is_a]-> GO:0044699
GO:0042268 -[is_a]-> GO:0050794
GO:0042268 -[regulates]-> GO:0019835
GO:0042269 -[is_a]-> GO:0001910
GO:0042269 -[is_a]-> GO:0002715
GO:0042269 -[regulates]-> GO:0042267
GO:0042270 -[is_a]-> GO:0045953
GO:0042271 -[is_a]-> GO:0045954
GO:0042272 -[is_a]-> GO:0043234
GO:0042272 -[is_a]-> GO:0044451
GO:0042273 -[is_a]-> GO:0022613
GO:0042273 -[part_of]-> GO:0042254
GO:0042274 -[is_a]-> GO:0022613
GO:0042274 -[part_of]-> GO:0042254
GO:0042275 -[is_a]-> GO:0006301
GO:0042276 -[is_a]-> GO:0019985
GO:0042277 -[is_a]-> GO:0033218
GO:0042278 -[is_a]-> GO:0009116
GO:0042278 -[is_a]-> GO:0072521
GO:0042279 -[is_a]-> GO:0016662
GO:0042279 -[is_a]-> GO:0098809
GO:0042281 -[is_a]-> GO:0046527
GO:0042281 -[part_of]-> GO:0006490
GO:0042282 -[is_a]-> GO:0016616
GO:0042283 -[is_a]-> GO:0046527
GO:0042284 -[is_a]-> GO:0016705
GO:0042285 -[is_a]-> GO:0016763
GO:0042286 -[is_a]-> GO:0016869
GO:0042287 -[is_a]-> GO:0005102
GO:0042288 -[is_a]-> GO:0042287
GO:0042289 -[is_a]-> GO:0042287
GO:0042292 -[is_a]-> GO:0008641
GO:0042293 -[is_a]-> GO:0008641
GO:0042294 -[is_a]-> GO:0019787
GO:0042296 -[is_a]-> GO:0019787
GO:0042297 -[is_a]-> GO:0031223
GO:0042297 -[is_a]-> GO:0098596
GO:0042297 -[is_a]-> GO:0098598
GO:0042299 -[is_a]-> GO:0031559
GO:0042300 -[is_a]-> GO:0031559
GO:0042301 -[is_a]-> GO:0043168
GO:0042302 -[is_a]-> GO:0005198
GO:0042303 -[is_a]-> GO:0044707
GO:0042304 -[is_a]-> GO:0019217
GO:0042304 -[is_a]-> GO:0031326
GO:0042304 -[is_a]-> GO:0046890
GO:0042304 -[regulates]-> GO:0006633
GO:0042305 -[is_a]-> GO:0007380
GO:0042305 -[part_of]-> GO:0035289
GO:0042306 -[is_a]-> GO:0046822
GO:0042306 -[is_a]-> GO:1900180
GO:0042306 -[is_a]-> GO:1903533
GO:0042306 -[is_a]-> GO:1904589
GO:0042306 -[regulates]-> GO:0006606
GO:0042307 -[is_a]-> GO:0042306
GO:0042307 -[is_a]-> GO:0046824
GO:0042307 -[is_a]-> GO:0090316
GO:0042307 -[is_a]-> GO:1900182
GO:0042307 -[is_a]-> GO:1904591
GO:0042307 -[positively_regulates]-> GO:0006606
GO:0042308 -[is_a]-> GO:0042306
GO:0042308 -[is_a]-> GO:0046823
GO:0042308 -[is_a]-> GO:0090317
GO:0042308 -[is_a]-> GO:1900181
GO:0042308 -[is_a]-> GO:1904590
GO:0042308 -[negatively_regulates]-> GO:0006606
GO:0042309 -[is_a]-> GO:0001659
GO:0042310 -[is_a]-> GO:0050880
GO:0042311 -[is_a]-> GO:0050880
GO:0042312 -[is_a]-> GO:0050880
GO:0042312 -[is_a]-> GO:1903522
GO:0042312 -[regulates]-> GO:0042311
GO:0042313 -[is_a]-> GO:0008277
GO:0042314 -[is_a]-> GO:0016168
GO:0042316 -[is_a]-> GO:0006082
GO:0042316 -[is_a]-> GO:0006790
GO:0042316 -[is_a]-> GO:0019748
GO:0042316 -[is_a]-> GO:0030653
GO:0042317 -[is_a]-> GO:0016054
GO:0042317 -[is_a]-> GO:0030655
GO:0042317 -[is_a]-> GO:0042316
GO:0042317 -[is_a]-> GO:0044273
GO:0042317 -[is_a]-> GO:0090487
GO:0042318 -[is_a]-> GO:0016053
GO:0042318 -[is_a]-> GO:0030654
GO:0042318 -[is_a]-> GO:0042316
GO:0042318 -[is_a]-> GO:0044272
GO:0042318 -[is_a]-> GO:0044550
GO:0042320 -[is_a]-> GO:0045187
GO:0042320 -[regulates]-> GO:0042747
GO:0042321 -[is_a]-> GO:0042754
GO:0042321 -[is_a]-> GO:0045187
GO:0042321 -[is_a]-> GO:0048521
GO:0042321 -[is_a]-> GO:0051241
GO:0042321 -[negatively_regulates]-> GO:0050802
GO:0042322 -[is_a]-> GO:0042320
GO:0042322 -[is_a]-> GO:0042321
GO:0042322 -[negatively_regulates]-> GO:0042747
GO:0042323 -[is_a]-> GO:0042321
GO:0042323 -[is_a]-> GO:0045188
GO:0042323 -[negatively_regulates]-> GO:0042748
GO:0042324 -[is_a]-> GO:0071855
GO:0042325 -[is_a]-> GO:0019220
GO:0042325 -[regulates]-> GO:0016310
GO:0042326 -[is_a]-> GO:0042325
GO:0042326 -[is_a]-> GO:0045936
GO:0042326 -[negatively_regulates]-> GO:0016310
GO:0042327 -[is_a]-> GO:0042325
GO:0042327 -[is_a]-> GO:0045937
GO:0042327 -[positively_regulates]-> GO:0016310
GO:0042328 -[is_a]-> GO:0008375
GO:0042329 -[is_a]-> GO:0042302
GO:0042330 -[is_a]-> GO:0040011
GO:0042330 -[part_of]-> GO:0009605
GO:0042331 -[is_a]-> GO:0009416
GO:0042331 -[is_a]-> GO:0009453
GO:0042332 -[is_a]-> GO:0009629
GO:0042332 -[is_a]-> GO:0042330
GO:0042333 -[is_a]-> GO:0006935
GO:0042333 -[is_a]-> GO:0009453
GO:0042334 -[is_a]-> GO:0009453
GO:0042335 -[is_a]-> GO:0044767
GO:0042335 -[is_a]-> GO:0048856
GO:0042335 -[part_of]-> GO:0007275
GO:0042337 -[is_a]-> GO:0040003
GO:0042337 -[part_of]-> GO:0007591
GO:0042338 -[is_a]-> GO:0040002
GO:0042338 -[part_of]-> GO:0018996
GO:0042339 -[is_a]-> GO:0006790
GO:0042339 -[is_a]-> GO:1903510
GO:0042340 -[is_a]-> GO:0006027
GO:0042340 -[is_a]-> GO:0042339
GO:0042340 -[is_a]-> GO:0044273
GO:0042341 -[is_a]-> GO:0016137
GO:0042341 -[is_a]-> GO:0019748
GO:0042341 -[is_a]-> GO:0050898
GO:0042342 -[is_a]-> GO:0016139
GO:0042342 -[is_a]-> GO:0042341
GO:0042342 -[is_a]-> GO:0044763
GO:0042342 -[is_a]-> GO:0050899
GO:0042343 -[is_a]-> GO:0016143
GO:0042343 -[is_a]-> GO:0042430
GO:0042344 -[is_a]-> GO:0016145
GO:0042344 -[is_a]-> GO:0042343
GO:0042344 -[is_a]-> GO:0042436
GO:0042345 -[is_a]-> GO:0042990
GO:0042345 -[is_a]-> GO:0043122
GO:0042345 -[regulates]-> GO:0042348
GO:0042346 -[is_a]-> GO:0042345
GO:0042346 -[is_a]-> GO:0042993
GO:0042346 -[is_a]-> GO:0043123
GO:0042346 -[positively_regulates]-> GO:0042348
GO:0042347 -[is_a]-> GO:0042345
GO:0042347 -[is_a]-> GO:0042992
GO:0042347 -[is_a]-> GO:0043124
GO:0042347 -[negatively_regulates]-> GO:0042348
GO:0042348 -[is_a]-> GO:0031503
GO:0042348 -[is_a]-> GO:0042991
GO:0042348 -[part_of]-> GO:0007249
GO:0042349 -[is_a]-> GO:0030234
GO:0042350 -[is_a]-> GO:0009226
GO:0042350 -[is_a]-> GO:0046368
GO:0042351 -[is_a]-> GO:0042350
GO:0042352 -[is_a]-> GO:0042350
GO:0042352 -[is_a]-> GO:0043173
GO:0042353 -[is_a]-> GO:0006004
GO:0042353 -[is_a]-> GO:0019319
GO:0042354 -[is_a]-> GO:0006004
GO:0042355 -[is_a]-> GO:0019317
GO:0042355 -[is_a]-> GO:0042354
GO:0042356 -[is_a]-> GO:0016616
GO:0042357 -[is_a]-> GO:0006725
GO:0042357 -[is_a]-> GO:0006732
GO:0042357 -[is_a]-> GO:0006796
GO:0042357 -[is_a]-> GO:0019637
GO:0042357 -[is_a]-> GO:0072527
GO:0042358 -[is_a]-> GO:0009109
GO:0042358 -[is_a]-> GO:0019439
GO:0042358 -[is_a]-> GO:0042357
GO:0042358 -[is_a]-> GO:0046434
GO:0042358 -[is_a]-> GO:0072529
GO:0042359 -[is_a]-> GO:0006775
GO:0042359 -[is_a]-> GO:0008202
GO:0042359 -[is_a]-> GO:1901615
GO:0042360 -[is_a]-> GO:0006775
GO:0042360 -[is_a]-> GO:0044763
GO:0042360 -[is_a]-> GO:0046483
GO:0042360 -[is_a]-> GO:1901360
GO:0042360 -[is_a]-> GO:1901615
GO:0042361 -[is_a]-> GO:0009233
GO:0042361 -[is_a]-> GO:1901662
GO:0042362 -[is_a]-> GO:0006775
GO:0042362 -[is_a]-> GO:0009110
GO:0042363 -[is_a]-> GO:0006775
GO:0042363 -[is_a]-> GO:0009111
GO:0042364 -[is_a]-> GO:0006767
GO:0042364 -[is_a]-> GO:0009110
GO:0042365 -[is_a]-> GO:0006767
GO:0042365 -[is_a]-> GO:0009111
GO:0042366 -[is_a]-> GO:0009235
GO:0042366 -[is_a]-> GO:0033015
GO:0042366 -[is_a]-> GO:0042365
GO:0042367 -[is_a]-> GO:0006768
GO:0042367 -[is_a]-> GO:0042365
GO:0042367 -[is_a]-> GO:0043605
GO:0042367 -[is_a]-> GO:0072329
GO:0042368 -[is_a]-> GO:0006694
GO:0042368 -[is_a]-> GO:0042359
GO:0042368 -[is_a]-> GO:0042362
GO:0042368 -[is_a]-> GO:1901617
GO:0042369 -[is_a]-> GO:0006706
GO:0042369 -[is_a]-> GO:0042359
GO:0042369 -[is_a]-> GO:0042363
GO:0042369 -[is_a]-> GO:1901616
GO:0042370 -[is_a]-> GO:0042357
GO:0042371 -[is_a]-> GO:0042362
GO:0042371 -[is_a]-> GO:0042373
GO:0042371 -[is_a]-> GO:1901663
GO:0042372 -[is_a]-> GO:0042374
GO:0042372 -[is_a]-> GO:1901663
GO:0042373 -[is_a]-> GO:0006775
GO:0042373 -[is_a]-> GO:1901661
GO:0042374 -[is_a]-> GO:1901661
GO:0042376 -[is_a]-> GO:0042374
GO:0042376 -[is_a]-> GO:1901662
GO:0042377 -[is_a]-> GO:0042363
GO:0042377 -[is_a]-> GO:0042373
GO:0042377 -[is_a]-> GO:1901662
GO:0042379 -[is_a]-> GO:0001664
GO:0042379 -[is_a]-> GO:0005126
GO:0042380 -[is_a]-> GO:0016491
GO:0042381 -[is_a]-> GO:0006959
GO:0042381 -[is_a]-> GO:0007599
GO:0042381 -[is_a]-> GO:0045087
GO:0042381 -[is_a]-> GO:0050817
GO:0042381 -[part_of]-> GO:0042060
GO:0042382 -[is_a]-> GO:0016604
GO:0042383 -[is_a]-> GO:0005886
GO:0042385 -[is_a]-> GO:0016461
GO:0042386 -[is_a]-> GO:0002376
GO:0042386 -[is_a]-> GO:0030154
GO:0042387 -[is_a]-> GO:0042386
GO:0042388 -[is_a]-> GO:0009740
GO:0042389 -[is_a]-> GO:0016705
GO:0042390 -[is_a]-> GO:0009740
GO:0042391 -[is_a]-> GO:0065008
GO:0042392 -[is_a]-> GO:0016791
GO:0042393 -[is_a]-> GO:0005515
GO:0042395 -[is_a]-> GO:0022404
GO:0042395 -[part_of]-> GO:0018996
GO:0042396 -[is_a]-> GO:0006599
GO:0042396 -[is_a]-> GO:0042398
GO:0042396 -[is_a]-> GO:0090407
GO:0042397 -[is_a]-> GO:0006599
GO:0042397 -[is_a]-> GO:0042219
GO:0042397 -[is_a]-> GO:0046434
GO:0042398 -[is_a]-> GO:1901566
GO:0042399 -[is_a]-> GO:0006082
GO:0042399 -[is_a]-> GO:0046483
GO:0042399 -[is_a]-> GO:1901360
GO:0042399 -[is_a]-> GO:1901564
GO:0042400 -[is_a]-> GO:0016054
GO:0042400 -[is_a]-> GO:0042399
GO:0042400 -[is_a]-> GO:0046700
GO:0042400 -[is_a]-> GO:1901361
GO:0042400 -[is_a]-> GO:1901565
GO:0042401 -[is_a]-> GO:0006576
GO:0042401 -[is_a]-> GO:0009309
GO:0042402 -[is_a]-> GO:0006576
GO:0042402 -[is_a]-> GO:0009310
GO:0042403 -[is_a]-> GO:0006575
GO:0042403 -[is_a]-> GO:0018958
GO:0042403 -[is_a]-> GO:0042445
GO:0042404 -[is_a]-> GO:0019336
GO:0042404 -[is_a]-> GO:0042219
GO:0042404 -[is_a]-> GO:0042403
GO:0042404 -[is_a]-> GO:0042447
GO:0042405 -[is_a]-> GO:0016234
GO:0042405 -[is_a]-> GO:0044428
GO:0042405 -[part_of]-> GO:0005634
GO:0042406 -[is_a]-> GO:0031312
GO:0042406 -[is_a]-> GO:0044432
GO:0042406 -[part_of]-> GO:0005789
GO:0042407 -[is_a]-> GO:0007007
GO:0042409 -[is_a]-> GO:0008171
GO:0042409 -[is_a]-> GO:0008757
GO:0042410 -[is_a]-> GO:0016878
GO:0042412 -[is_a]-> GO:0019530
GO:0042412 -[is_a]-> GO:0044272
GO:0042412 -[is_a]-> GO:1901566
GO:0042413 -[is_a]-> GO:0006579
GO:0042413 -[is_a]-> GO:0009437
GO:0042414 -[is_a]-> GO:0006584
GO:0042415 -[is_a]-> GO:0006584
GO:0042416 -[is_a]-> GO:0042417
GO:0042416 -[is_a]-> GO:0042423
GO:0042417 -[is_a]-> GO:0006584
GO:0042418 -[is_a]-> GO:0042414
GO:0042418 -[is_a]-> GO:0042423
GO:0042419 -[is_a]-> GO:0042414
GO:0042419 -[is_a]-> GO:0042424
GO:0042420 -[is_a]-> GO:0042417
GO:0042420 -[is_a]-> GO:0042424
GO:0042421 -[is_a]-> GO:0042415
GO:0042421 -[is_a]-> GO:0042423
GO:0042422 -[is_a]-> GO:0042415
GO:0042422 -[is_a]-> GO:0042424
GO:0042423 -[is_a]-> GO:0006584
GO:0042423 -[is_a]-> GO:0009713
GO:0042423 -[is_a]-> GO:1901566
GO:0042424 -[is_a]-> GO:0006584
GO:0042424 -[is_a]-> GO:0019614
GO:0042424 -[is_a]-> GO:1901565
GO:0042425 -[is_a]-> GO:0019695
GO:0042425 -[is_a]-> GO:0042401
GO:0042426 -[is_a]-> GO:0019695
GO:0042426 -[is_a]-> GO:0042402
GO:0042427 -[is_a]-> GO:0042428
GO:0042427 -[is_a]-> GO:0042435
GO:0042427 -[is_a]-> GO:0046189
GO:0042427 -[is_a]-> GO:1901162
GO:0042428 -[is_a]-> GO:0018958
GO:0042428 -[is_a]-> GO:0042430
GO:0042428 -[is_a]-> GO:1901160
GO:0042429 -[is_a]-> GO:0019336
GO:0042429 -[is_a]-> GO:0042428
GO:0042429 -[is_a]-> GO:0042436
GO:0042429 -[is_a]-> GO:1901161
GO:0042430 -[is_a]-> GO:0006725
GO:0042430 -[is_a]-> GO:0034641
GO:0042430 -[is_a]-> GO:0046483
GO:0042430 -[is_a]-> GO:1901360
GO:0042430 -[is_a]-> GO:1901564
GO:0042431 -[is_a]-> GO:0042430
GO:0042432 -[is_a]-> GO:0042431
GO:0042432 -[is_a]-> GO:0042435
GO:0042433 -[is_a]-> GO:0042431
GO:0042433 -[is_a]-> GO:0042436
GO:0042435 -[is_a]-> GO:0018130
GO:0042435 -[is_a]-> GO:0019438
GO:0042435 -[is_a]-> GO:0042430
GO:0042435 -[is_a]-> GO:0044271
GO:0042435 -[is_a]-> GO:1901362
GO:0042435 -[is_a]-> GO:1901566
GO:0042436 -[is_a]-> GO:0019439
GO:0042436 -[is_a]-> GO:0042430
GO:0042436 -[is_a]-> GO:0044270
GO:0042436 -[is_a]-> GO:0046700
GO:0042436 -[is_a]-> GO:1901361
GO:0042436 -[is_a]-> GO:1901565
GO:0042437 -[is_a]-> GO:0009683
GO:0042437 -[is_a]-> GO:0009852
GO:0042437 -[is_a]-> GO:0016054
GO:0042437 -[is_a]-> GO:0042436
GO:0042438 -[is_a]-> GO:0006582
GO:0042438 -[is_a]-> GO:0044550
GO:0042438 -[is_a]-> GO:0046148
GO:0042438 -[is_a]-> GO:0046189
GO:0042439 -[is_a]-> GO:0006066
GO:0042439 -[is_a]-> GO:0006576
GO:0042439 -[is_a]-> GO:0044763
GO:0042440 -[is_a]-> GO:0044710
GO:0042441 -[is_a]-> GO:0043324
GO:0042441 -[part_of]-> GO:0048069
GO:0042442 -[is_a]-> GO:0030186
GO:0042442 -[is_a]-> GO:0042436
GO:0042442 -[is_a]-> GO:0042447
GO:0042443 -[is_a]-> GO:0006576
GO:0042443 -[is_a]-> GO:1901160
GO:0042444 -[is_a]-> GO:0042401
GO:0042444 -[is_a]-> GO:0042443
GO:0042444 -[is_a]-> GO:1901162
GO:0042445 -[is_a]-> GO:0008152
GO:0042445 -[is_a]-> GO:0010817
GO:0042446 -[is_a]-> GO:0009058
GO:0042446 -[is_a]-> GO:0042445
GO:0042447 -[is_a]-> GO:0009056
GO:0042447 -[is_a]-> GO:0042445
GO:0042448 -[is_a]-> GO:0008207
GO:0042448 -[is_a]-> GO:0042180
GO:0042450 -[is_a]-> GO:0006526
GO:0042450 -[is_a]-> GO:0006591
GO:0042451 -[is_a]-> GO:0009163
GO:0042451 -[is_a]-> GO:0042278
GO:0042451 -[is_a]-> GO:0072522
GO:0042452 -[is_a]-> GO:0042453
GO:0042452 -[is_a]-> GO:0046123
GO:0042453 -[is_a]-> GO:0046122
GO:0042454 -[is_a]-> GO:0009119
GO:0042454 -[is_a]-> GO:0009164
GO:0042455 -[is_a]-> GO:0009119
GO:0042455 -[is_a]-> GO:0009163
GO:0042457 -[is_a]-> GO:0009692
GO:0042457 -[is_a]-> GO:0043451
GO:0042458 -[is_a]-> GO:0006560
GO:0042458 -[is_a]-> GO:0019468
GO:0042459 -[is_a]-> GO:0006560
GO:0042459 -[is_a]-> GO:0019469
GO:0042461 -[is_a]-> GO:0048666
GO:0042461 -[part_of]-> GO:0046530
GO:0042462 -[is_a]-> GO:0042461
GO:0042462 -[part_of]-> GO:0001754
GO:0042463 -[is_a]-> GO:0042461
GO:0042463 -[part_of]-> GO:0042705
GO:0042464 -[is_a]-> GO:0007549
GO:0042465 -[is_a]-> GO:0009605
GO:0042466 -[is_a]-> GO:0042465
GO:0042467 -[is_a]-> GO:0042465
GO:0042468 -[is_a]-> GO:0042465
GO:0042469 -[is_a]-> GO:0016614
GO:0042470 -[is_a]-> GO:0048770
GO:0042471 -[is_a]-> GO:0048562
GO:0042471 -[is_a]-> GO:0090596
GO:0042471 -[part_of]-> GO:0043583
GO:0042472 -[is_a]-> GO:0048598
GO:0042472 -[part_of]-> GO:0042471
GO:0042472 -[part_of]-> GO:0048839
GO:0042473 -[is_a]-> GO:0048598
GO:0042473 -[part_of]-> GO:0042471
GO:0042474 -[is_a]-> GO:0048598
GO:0042474 -[part_of]-> GO:0042471
GO:0042475 -[is_a]-> GO:0042476
GO:0042476 -[is_a]-> GO:0009887
GO:0042478 -[is_a]-> GO:0046532
GO:0042478 -[is_a]-> GO:2000027
GO:0042478 -[regulates]-> GO:0042462
GO:0042479 -[is_a]-> GO:0042478
GO:0042479 -[is_a]-> GO:0046534
GO:0042479 -[positively_regulates]-> GO:0042462
GO:0042480 -[is_a]-> GO:0042478
GO:0042480 -[is_a]-> GO:0046533
GO:0042480 -[negatively_regulates]-> GO:0042462
GO:0042481 -[is_a]-> GO:2000027
GO:0042481 -[regulates]-> GO:0042476
GO:0042482 -[is_a]-> GO:0042481
GO:0042482 -[is_a]-> GO:0051094
GO:0042482 -[is_a]-> GO:0051240
GO:0042482 -[positively_regulates]-> GO:0042476
GO:0042483 -[is_a]-> GO:0042481
GO:0042483 -[is_a]-> GO:0051093
GO:0042483 -[is_a]-> GO:0051241
GO:0042483 -[negatively_regulates]-> GO:0042476
GO:0042487 -[is_a]-> GO:0042481
GO:0042487 -[regulates]-> GO:0042475
GO:0042488 -[is_a]-> GO:0042482
GO:0042488 -[is_a]-> GO:0042487
GO:0042488 -[positively_regulates]-> GO:0042475
GO:0042489 -[is_a]-> GO:0042483
GO:0042489 -[is_a]-> GO:0042487
GO:0042489 -[negatively_regulates]-> GO:0042475
GO:0042490 -[is_a]-> GO:0030182
GO:0042491 -[is_a]-> GO:0035315
GO:0042491 -[is_a]-> GO:0060113
GO:0042491 -[is_a]-> GO:0060563
GO:0042492 -[is_a]-> GO:0030217
GO:0042492 -[is_a]-> GO:0046629
GO:0042493 -[is_a]-> GO:0042221
GO:0042494 -[is_a]-> GO:0032490
GO:0042494 -[is_a]-> GO:0032493
GO:0042494 -[part_of]-> GO:0016045
GO:0042495 -[is_a]-> GO:0070340
GO:0042495 -[is_a]-> GO:0071725
GO:0042496 -[is_a]-> GO:0070340
GO:0042496 -[is_a]-> GO:0071724
GO:0042497 -[is_a]-> GO:0071723
GO:0042498 -[is_a]-> GO:0071723
GO:0042500 -[is_a]-> GO:0004190
GO:0042501 -[is_a]-> GO:0018105
GO:0042501 -[part_of]-> GO:0046425
GO:0042502 -[is_a]-> GO:0007260
GO:0042503 -[is_a]-> GO:0007260
GO:0042504 -[is_a]-> GO:0007260
GO:0042505 -[is_a]-> GO:0007260
GO:0042506 -[is_a]-> GO:0007260
GO:0042507 -[is_a]-> GO:0007260
GO:0042508 -[is_a]-> GO:0007260
GO:0042509 -[is_a]-> GO:0046425
GO:0042509 -[is_a]-> GO:0050730
GO:0042509 -[regulates]-> GO:0007260
GO:0042510 -[is_a]-> GO:0042509
GO:0042510 -[regulates]-> GO:0042508
GO:0042511 -[is_a]-> GO:0042510
GO:0042511 -[is_a]-> GO:0042531
GO:0042511 -[positively_regulates]-> GO:0042508
GO:0042512 -[is_a]-> GO:0042510
GO:0042512 -[is_a]-> GO:0042532
GO:0042512 -[negatively_regulates]-> GO:0042508
GO:0042513 -[is_a]-> GO:0042509
GO:0042513 -[regulates]-> GO:0042502
GO:0042514 -[is_a]-> GO:0042513
GO:0042514 -[is_a]-> GO:0042532
GO:0042514 -[negatively_regulates]-> GO:0042502
GO:0042515 -[is_a]-> GO:0042513
GO:0042515 -[is_a]-> GO:0042531
GO:0042515 -[positively_regulates]-> GO:0042502
GO:0042516 -[is_a]-> GO:0042509
GO:0042516 -[regulates]-> GO:0042503
GO:0042517 -[is_a]-> GO:0042516
GO:0042517 -[is_a]-> GO:0042531
GO:0042517 -[positively_regulates]-> GO:0042503
GO:0042518 -[is_a]-> GO:0042516
GO:0042518 -[is_a]-> GO:0042532
GO:0042518 -[negatively_regulates]-> GO:0042503
GO:0042519 -[is_a]-> GO:0042509
GO:0042519 -[regulates]-> GO:0042504
GO:0042520 -[is_a]-> GO:0042519
GO:0042520 -[is_a]-> GO:0042531
GO:0042520 -[positively_regulates]-> GO:0042504
GO:0042521 -[is_a]-> GO:0042519
GO:0042521 -[is_a]-> GO:0042532
GO:0042521 -[negatively_regulates]-> GO:0042504
GO:0042522 -[is_a]-> GO:0042509
GO:0042522 -[regulates]-> GO:0042506
GO:0042523 -[is_a]-> GO:0042522
GO:0042523 -[is_a]-> GO:0042531
GO:0042523 -[positively_regulates]-> GO:0042506
GO:0042524 -[is_a]-> GO:0042522
GO:0042524 -[is_a]-> GO:0042532
GO:0042524 -[negatively_regulates]-> GO:0042506
GO:0042525 -[is_a]-> GO:0042509
GO:0042525 -[regulates]-> GO:0042505
GO:0042526 -[is_a]-> GO:0042525
GO:0042526 -[is_a]-> GO:0042531
GO:0042526 -[positively_regulates]-> GO:0042505
GO:0042527 -[is_a]-> GO:0042525
GO:0042527 -[is_a]-> GO:0042532
GO:0042527 -[negatively_regulates]-> GO:0042505
GO:0042528 -[is_a]-> GO:0042509
GO:0042528 -[regulates]-> GO:0042507
GO:0042529 -[is_a]-> GO:0042528
GO:0042529 -[is_a]-> GO:0042531
GO:0042529 -[positively_regulates]-> GO:0042507
GO:0042530 -[is_a]-> GO:0042528
GO:0042530 -[is_a]-> GO:0042532
GO:0042530 -[negatively_regulates]-> GO:0042507
GO:0042531 -[is_a]-> GO:0042509
GO:0042531 -[is_a]-> GO:0046427
GO:0042531 -[is_a]-> GO:0050731
GO:0042531 -[positively_regulates]-> GO:0007260
GO:0042532 -[is_a]-> GO:0042509
GO:0042532 -[is_a]-> GO:0046426
GO:0042532 -[is_a]-> GO:0050732
GO:0042532 -[negatively_regulates]-> GO:0007260
GO:0042533 -[is_a]-> GO:0042089
GO:0042533 -[part_of]-> GO:0032640
GO:0042534 -[is_a]-> GO:0032680
GO:0042534 -[is_a]-> GO:0042035
GO:0042534 -[regulates]-> GO:0042533
GO:0042535 -[is_a]-> GO:0032760
GO:0042535 -[is_a]-> GO:0042108
GO:0042535 -[is_a]-> GO:0042534
GO:0042535 -[positively_regulates]-> GO:0042533
GO:0042536 -[is_a]-> GO:0032720
GO:0042536 -[is_a]-> GO:0042036
GO:0042536 -[is_a]-> GO:0042534
GO:0042536 -[negatively_regulates]-> GO:0042533
GO:0042537 -[is_a]-> GO:0006725
GO:0042537 -[is_a]-> GO:1901360
GO:0042538 -[is_a]-> GO:0006972
GO:0042538 -[is_a]-> GO:0009651
GO:0042539 -[is_a]-> GO:0006971
GO:0042539 -[is_a]-> GO:0009651
GO:0042540 -[is_a]-> GO:0020027
GO:0042540 -[is_a]-> GO:0044265
GO:0042541 -[is_a]-> GO:0020027
GO:0042541 -[is_a]-> GO:0034645
GO:0042542 -[is_a]-> GO:0000302
GO:0042542 -[is_a]-> GO:0010035
GO:0042543 -[is_a]-> GO:0006487
GO:0042543 -[is_a]-> GO:0018195
GO:0042544 -[is_a]-> GO:0005994
GO:0042544 -[is_a]-> GO:0046351
GO:0042545 -[is_a]-> GO:0071555
GO:0042546 -[is_a]-> GO:0044085
GO:0042546 -[is_a]-> GO:0071554
GO:0042547 -[is_a]-> GO:0042545
GO:0042547 -[part_of]-> GO:0009825
GO:0042548 -[is_a]-> GO:0010109
GO:0042548 -[is_a]-> GO:0043467
GO:0042548 -[regulates]-> GO:0019684
GO:0042549 -[is_a]-> GO:0042548
GO:0042550 -[is_a]-> GO:0042548
GO:0042551 -[is_a]-> GO:0048469
GO:0042551 -[part_of]-> GO:0048666
GO:0042552 -[is_a]-> GO:0008366
GO:0042554 -[is_a]-> GO:0006801
GO:0042555 -[is_a]-> GO:0043234
GO:0042555 -[has_part]-> GO:0097373
GO:0042556 -[is_a]-> GO:0019887
GO:0042556 -[regulates]-> GO:0004686
GO:0042557 -[is_a]-> GO:0030295
GO:0042557 -[is_a]-> GO:0042556
GO:0042557 -[positively_regulates]-> GO:0004686
GO:0042558 -[is_a]-> GO:0006725
GO:0042558 -[is_a]-> GO:0046483
GO:0042558 -[is_a]-> GO:1901360
GO:0042558 -[is_a]-> GO:1901564
GO:0042559 -[is_a]-> GO:0018130
GO:0042559 -[is_a]-> GO:0019438
GO:0042559 -[is_a]-> GO:0042558
GO:0042559 -[is_a]-> GO:0044271
GO:0042559 -[is_a]-> GO:1901362
GO:0042559 -[is_a]-> GO:1901566
GO:0042560 -[is_a]-> GO:0019439
GO:0042560 -[is_a]-> GO:0042558
GO:0042560 -[is_a]-> GO:0044270
GO:0042560 -[is_a]-> GO:0046700
GO:0042560 -[is_a]-> GO:1901361
GO:0042560 -[is_a]-> GO:1901565
GO:0042561 -[is_a]-> GO:0031559
GO:0042562 -[is_a]-> GO:0005488
GO:0042563 -[is_a]-> GO:0031074
GO:0042564 -[is_a]-> GO:0031074
GO:0042565 -[is_a]-> GO:0031074
GO:0042566 -[is_a]-> GO:0043231
GO:0042566 -[is_a]-> GO:0044444
GO:0042567 -[is_a]-> GO:0016942
GO:0042568 -[is_a]-> GO:0016942
GO:0042571 -[is_a]-> GO:0019814
GO:0042571 -[is_a]-> GO:0044421
GO:0042571 -[part_of]-> GO:0005615
GO:0042572 -[is_a]-> GO:0001523
GO:0042572 -[is_a]-> GO:0034308
GO:0042572 -[is_a]-> GO:0034754
GO:0042573 -[is_a]-> GO:0001523
GO:0042573 -[is_a]-> GO:0032787
GO:0042573 -[is_a]-> GO:0034754
GO:0042574 -[is_a]-> GO:0001523
GO:0042574 -[is_a]-> GO:0006081
GO:0042575 -[is_a]-> GO:0044424
GO:0042575 -[is_a]-> GO:0061695
GO:0042577 -[is_a]-> GO:0016791
GO:0042578 -[is_a]-> GO:0016788
GO:0042579 -[is_a]-> GO:0043231
GO:0042579 -[is_a]-> GO:0044444
GO:0042580 -[is_a]-> GO:0005777
GO:0042581 -[is_a]-> GO:0030141
GO:0042582 -[is_a]-> GO:0005766
GO:0042582 -[is_a]-> GO:0030141
GO:0042583 -[is_a]-> GO:0030141
GO:0042584 -[is_a]-> GO:0030667
GO:0042584 -[part_of]-> GO:0042583
GO:0042585 -[is_a]-> GO:0001674
GO:0042586 -[is_a]-> GO:0016811
GO:0042587 -[is_a]-> GO:0044444
GO:0042588 -[is_a]-> GO:0030141
GO:0042589 -[is_a]-> GO:0030667
GO:0042589 -[part_of]-> GO:0042588
GO:0042590 -[is_a]-> GO:0002474
GO:0042590 -[is_a]-> GO:0002478
GO:0042592 -[is_a]-> GO:0065008
GO:0042593 -[is_a]-> GO:0033500
GO:0042594 -[is_a]-> GO:0006950
GO:0042594 -[is_a]-> GO:0031667
GO:0042595 -[is_a]-> GO:0042594
GO:0042596 -[is_a]-> GO:0033555
GO:0042597 -[is_a]-> GO:0044464
GO:0042599 -[is_a]-> GO:0030141
GO:0042600 -[is_a]-> GO:0030312
GO:0042601 -[is_a]-> GO:0042763
GO:0042602 -[is_a]-> GO:0016646
GO:0042603 -[is_a]-> GO:0030112
GO:0042605 -[is_a]-> GO:0003823
GO:0042605 -[is_a]-> GO:0042277
GO:0042608 -[is_a]-> GO:0005102
GO:0042608 -[is_a]-> GO:0032403
GO:0042609 -[is_a]-> GO:0005102
GO:0042610 -[is_a]-> GO:0005102
GO:0042611 -[is_a]-> GO:0098797
GO:0042612 -[is_a]-> GO:0042611
GO:0042613 -[is_a]-> GO:0042611
GO:0042614 -[is_a]-> GO:0005102
GO:0042615 -[is_a]-> GO:0005102
GO:0042616 -[is_a]-> GO:0016101
GO:0042616 -[is_a]-> GO:0034641
GO:0042617 -[is_a]-> GO:0016102
GO:0042617 -[is_a]-> GO:0042616
GO:0042618 -[is_a]-> GO:1901440
GO:0042619 -[is_a]-> GO:0042618
GO:0042619 -[is_a]-> GO:1901441
GO:0042620 -[is_a]-> GO:0071704
GO:0042621 -[is_a]-> GO:0042620
GO:0042621 -[is_a]-> GO:1901576
GO:0042622 -[is_a]-> GO:0060170
GO:0042622 -[is_a]-> GO:0097458
GO:0042622 -[part_of]-> GO:0001750
GO:0042623 -[is_a]-> GO:0016887
GO:0042624 -[is_a]-> GO:0016887
GO:0042625 -[is_a]-> GO:0022853
GO:0042625 -[is_a]-> GO:0042626
GO:0042626 -[is_a]-> GO:0015405
GO:0042626 -[is_a]-> GO:0016820
GO:0042626 -[is_a]-> GO:0043492
GO:0042627 -[is_a]-> GO:0034358
GO:0042628 -[is_a]-> GO:0007617
GO:0042628 -[is_a]-> GO:0044704
GO:0042628 -[is_a]-> GO:0045297
GO:0042628 -[part_of]-> GO:0007320
GO:0042629 -[is_a]-> GO:0005764
GO:0042630 -[is_a]-> GO:0044708
GO:0042630 -[part_of]-> GO:0009414
GO:0042631 -[is_a]-> GO:0009414
GO:0042631 -[is_a]-> GO:0031668
GO:0042631 -[is_a]-> GO:0033554
GO:0042631 -[is_a]-> GO:0071462
GO:0042632 -[is_a]-> GO:0055092
GO:0042633 -[is_a]-> GO:0042303
GO:0042634 -[is_a]-> GO:0051239
GO:0042634 -[regulates]-> GO:0042633
GO:0042635 -[is_a]-> GO:0042634
GO:0042635 -[is_a]-> GO:0051240
GO:0042635 -[positively_regulates]-> GO:0042633
GO:0042636 -[is_a]-> GO:0042634
GO:0042636 -[is_a]-> GO:0051241
GO:0042636 -[negatively_regulates]-> GO:0042633
GO:0042637 -[is_a]-> GO:0044851
GO:0042637 -[part_of]-> GO:0048820
GO:0042638 -[is_a]-> GO:0044851
GO:0042638 -[part_of]-> GO:0048820
GO:0042639 -[is_a]-> GO:0044851
GO:0042640 -[is_a]-> GO:0044851
GO:0042640 -[part_of]-> GO:0048820
GO:0042641 -[is_a]-> GO:0044430
GO:0042641 -[part_of]-> GO:0015629
GO:0042642 -[is_a]-> GO:0016459
GO:0042642 -[part_of]-> GO:0042641
GO:0042643 -[is_a]-> GO:0005884
GO:0042643 -[part_of]-> GO:0042641
GO:0042644 -[is_a]-> GO:0042646
GO:0042644 -[is_a]-> GO:0044434
GO:0042644 -[part_of]-> GO:0009507
GO:0042644 -[part_of]-> GO:0009570
GO:0042645 -[is_a]-> GO:0009295
GO:0042645 -[is_a]-> GO:0043232
GO:0042645 -[is_a]-> GO:0044429
GO:0042645 -[part_of]-> GO:0005739
GO:0042645 -[part_of]-> GO:0005759
GO:0042646 -[is_a]-> GO:0009295
GO:0042646 -[is_a]-> GO:0043232
GO:0042646 -[is_a]-> GO:0044435
GO:0042646 -[part_of]-> GO:0009532
GO:0042646 -[part_of]-> GO:0009536
GO:0042647 -[is_a]-> GO:0042646
GO:0042647 -[part_of]-> GO:0009537
GO:0042647 -[part_of]-> GO:0009571
GO:0042648 -[is_a]-> GO:0009508
GO:0042648 -[is_a]-> GO:0044434
GO:0042648 -[part_of]-> GO:0009507
GO:0042648 -[part_of]-> GO:0042644
GO:0042649 -[is_a]-> GO:0031976
GO:0042649 -[part_of]-> GO:0009513
GO:0042650 -[is_a]-> GO:0055035
GO:0042650 -[part_of]-> GO:0042649
GO:0042651 -[is_a]-> GO:0034357
GO:0042652 -[is_a]-> GO:0098800
GO:0042652 -[is_a]-> GO:0098803
GO:0042652 -[part_of]-> GO:0005747
GO:0042653 -[is_a]-> GO:0098800
GO:0042653 -[is_a]-> GO:0098803
GO:0042653 -[part_of]-> GO:0005747
GO:0042654 -[is_a]-> GO:0004930
GO:0042654 -[has_part]-> GO:0042562
GO:0042655 -[is_a]-> GO:0000185
GO:0042655 -[is_a]-> GO:0043506
GO:0042655 -[is_a]-> GO:0046330
GO:0042655 -[part_of]-> GO:0007254
GO:0042655 -[positively_regulates]-> GO:0004706
GO:0042656 -[is_a]-> GO:0008349
GO:0042656 -[part_of]-> GO:0042655
GO:0042657 -[is_a]-> GO:0042289
GO:0042658 -[is_a]-> GO:0042289
GO:0042658 -[part_of]-> GO:0023026
GO:0042659 -[is_a]-> GO:0010453
GO:0042659 -[regulates]-> GO:0001708
GO:0042660 -[is_a]-> GO:0010455
GO:0042660 -[is_a]-> GO:0042659
GO:0042660 -[positively_regulates]-> GO:0001708
GO:0042661 -[is_a]-> GO:0010470
GO:0042661 -[is_a]-> GO:0042659
GO:0042661 -[is_a]-> GO:2000027
GO:0042661 -[is_a]-> GO:2000380
GO:0042661 -[regulates]-> GO:0007501
GO:0042662 -[is_a]-> GO:0009996
GO:0042662 -[is_a]-> GO:0042661
GO:0042662 -[is_a]-> GO:2000381
GO:0042662 -[is_a]-> GO:2000542
GO:0042662 -[negatively_regulates]-> GO:0007501
GO:0042663 -[is_a]-> GO:0042659
GO:0042663 -[is_a]-> GO:1903224
GO:0042663 -[regulates]-> GO:0001714
GO:0042664 -[is_a]-> GO:0009996
GO:0042664 -[is_a]-> GO:0042663
GO:0042664 -[is_a]-> GO:1903225
GO:0042664 -[negatively_regulates]-> GO:0001714
GO:0042665 -[is_a]-> GO:0010470
GO:0042665 -[is_a]-> GO:0042659
GO:0042665 -[is_a]-> GO:2000383
GO:0042665 -[regulates]-> GO:0001715
GO:0042666 -[is_a]-> GO:0009996
GO:0042666 -[is_a]-> GO:0042665
GO:0042666 -[is_a]-> GO:2000384
GO:0042666 -[is_a]-> GO:2000542
GO:0042666 -[negatively_regulates]-> GO:0001715
GO:0042667 -[is_a]-> GO:0048665
GO:0042667 -[part_of]-> GO:0009912
GO:0042668 -[is_a]-> GO:0048664
GO:0042668 -[part_of]-> GO:0009912
GO:0042669 -[is_a]-> GO:0042659
GO:0042669 -[is_a]-> GO:0045607
GO:0042669 -[regulates]-> GO:0042667
GO:0042670 -[is_a]-> GO:0060219
GO:0042671 -[is_a]-> GO:0043703
GO:0042671 -[part_of]-> GO:0046551
GO:0042672 -[is_a]-> GO:0043704
GO:0042672 -[part_of]-> GO:0046551
GO:0042673 -[is_a]-> GO:0042659
GO:0042673 -[is_a]-> GO:0060222
GO:0042673 -[regulates]-> GO:0042672
GO:0042675 -[is_a]-> GO:0030154
GO:0042675 -[part_of]-> GO:0001745
GO:0042676 -[is_a]-> GO:0045165
GO:0042676 -[part_of]-> GO:0042675
GO:0042679 -[is_a]-> GO:0001708
GO:0042679 -[part_of]-> GO:0042676
GO:0042680 -[is_a]-> GO:0001709
GO:0042680 -[part_of]-> GO:0042676
GO:0042682 -[is_a]-> GO:0042659
GO:0042682 -[is_a]-> GO:2000027
GO:0042682 -[regulates]-> GO:0042679
GO:0042683 -[is_a]-> GO:0009996
GO:0042683 -[is_a]-> GO:0042682
GO:0042683 -[is_a]-> GO:0051241
GO:0042683 -[negatively_regulates]-> GO:0042679
GO:0042684 -[is_a]-> GO:0060911
GO:0042684 -[part_of]-> GO:0010002
GO:0042685 -[is_a]-> GO:0060912
GO:0042685 -[part_of]-> GO:0042684
GO:0042686 -[is_a]-> GO:0051890
GO:0042686 -[is_a]-> GO:2000043
GO:0042686 -[regulates]-> GO:0042685
GO:0042688 -[is_a]-> GO:0042386
GO:0042689 -[is_a]-> GO:0045610
GO:0042689 -[regulates]-> GO:0042688
GO:0042690 -[is_a]-> GO:0042689
GO:0042690 -[is_a]-> GO:0045611
GO:0042690 -[negatively_regulates]-> GO:0042688
GO:0042691 -[is_a]-> GO:0042689
GO:0042691 -[is_a]-> GO:0045612
GO:0042691 -[positively_regulates]-> GO:0042688
GO:0042692 -[is_a]-> GO:0030154
GO:0042692 -[part_of]-> GO:0061061
GO:0042693 -[is_a]-> GO:0045165
GO:0042693 -[part_of]-> GO:0042692
GO:0042694 -[is_a]-> GO:0001708
GO:0042694 -[part_of]-> GO:0042693
GO:0042695 -[is_a]-> GO:0046543
GO:0042695 -[part_of]-> GO:0030879
GO:0042696 -[is_a]-> GO:0022601
GO:0042697 -[is_a]-> GO:0022601
GO:0042697 -[part_of]-> GO:0010259
GO:0042698 -[is_a]-> GO:0044702
GO:0042698 -[is_a]-> GO:0048511
GO:0042698 -[is_a]-> GO:0048609
GO:0042699 -[is_a]-> GO:0007186
GO:0042699 -[is_a]-> GO:0022602
GO:0042699 -[part_of]-> GO:0001541
GO:0042700 -[is_a]-> GO:0007186
GO:0042701 -[is_a]-> GO:0022412
GO:0042701 -[is_a]-> GO:0022602
GO:0042701 -[is_a]-> GO:0035929
GO:0042701 -[part_of]-> GO:0001553
GO:0042702 -[is_a]-> GO:0022602
GO:0042702 -[is_a]-> GO:0040007
GO:0042702 -[part_of]-> GO:0001553
GO:0042703 -[is_a]-> GO:0022601
GO:0042704 -[is_a]-> GO:0022602
GO:0042704 -[happens_during]-> GO:0042703
GO:0042705 -[is_a]-> GO:0046530
GO:0042706 -[is_a]-> GO:0046552
GO:0042706 -[part_of]-> GO:0001754
GO:0042707 -[is_a]-> GO:0046552
GO:0042707 -[part_of]-> GO:0042705
GO:0042709 -[is_a]-> GO:0045239
GO:0042709 -[is_a]-> GO:1902494
GO:0042710 -[is_a]-> GO:0044764
GO:0042711 -[is_a]-> GO:0060746
GO:0042712 -[is_a]-> GO:0060746
GO:0042713 -[is_a]-> GO:0044702
GO:0042713 -[is_a]-> GO:0048609
GO:0042713 -[part_of]-> GO:0007320
GO:0042714 -[is_a]-> GO:0034622
GO:0042714 -[part_of]-> GO:0007549
GO:0042715 -[is_a]-> GO:0042714
GO:0042715 -[is_a]-> GO:0065004
GO:0042715 -[part_of]-> GO:0042464
GO:0042716 -[is_a]-> GO:0044444
GO:0042717 -[is_a]-> GO:0034357
GO:0042717 -[is_a]-> GO:0044444
GO:0042717 -[part_of]-> GO:0042716
GO:0042718 -[is_a]-> GO:0044444
GO:0042718 -[part_of]-> GO:0060417
GO:0042719 -[is_a]-> GO:0044429
GO:0042719 -[is_a]-> GO:1990351
GO:0042719 -[part_of]-> GO:0005758
GO:0042720 -[is_a]-> GO:0098800
GO:0042720 -[part_of]-> GO:0005743
GO:0042721 -[is_a]-> GO:0098800
GO:0042721 -[part_of]-> GO:0005743
GO:0042722 -[is_a]-> GO:0046631
GO:0042723 -[is_a]-> GO:0006725
GO:0042723 -[is_a]-> GO:0006767
GO:0042723 -[is_a]-> GO:0006790
GO:0042723 -[is_a]-> GO:0044763
GO:0042723 -[is_a]-> GO:0072527
GO:0042724 -[is_a]-> GO:0019438
GO:0042724 -[is_a]-> GO:0042364
GO:0042724 -[is_a]-> GO:0042723
GO:0042724 -[is_a]-> GO:0044272
GO:0042724 -[is_a]-> GO:0072528
GO:0042725 -[is_a]-> GO:0019439
GO:0042725 -[is_a]-> GO:0042365
GO:0042725 -[is_a]-> GO:0042723
GO:0042725 -[is_a]-> GO:0044273
GO:0042725 -[is_a]-> GO:0072529
GO:0042726 -[is_a]-> GO:0034641
GO:0042726 -[is_a]-> GO:0046483
GO:0042726 -[is_a]-> GO:1901360
GO:0042726 -[is_a]-> GO:1901564
GO:0042727 -[is_a]-> GO:0018130
GO:0042727 -[is_a]-> GO:0042726
GO:0042727 -[is_a]-> GO:0044271
GO:0042727 -[is_a]-> GO:1901362
GO:0042727 -[is_a]-> GO:1901566
GO:0042728 -[is_a]-> GO:0042726
GO:0042728 -[is_a]-> GO:0044270
GO:0042728 -[is_a]-> GO:0046700
GO:0042728 -[is_a]-> GO:1901361
GO:0042728 -[is_a]-> GO:1901565
GO:0042729 -[is_a]-> GO:0000942
GO:0042730 -[is_a]-> GO:0030195
GO:0042731 -[is_a]-> GO:0019904
GO:0042732 -[is_a]-> GO:0019321
GO:0042733 -[is_a]-> GO:0048598
GO:0042733 -[part_of]-> GO:0030326
GO:0042734 -[is_a]-> GO:0097060
GO:0042734 -[is_a]-> GO:0097458
GO:0042734 -[part_of]-> GO:0098793
GO:0042735 -[is_a]-> GO:0043231
GO:0042735 -[is_a]-> GO:0044444
GO:0042736 -[is_a]-> GO:0016301
GO:0042736 -[is_a]-> GO:0016773
GO:0042737 -[is_a]-> GO:0017144
GO:0042737 -[is_a]-> GO:0044248
GO:0042738 -[is_a]-> GO:0042737
GO:0042738 -[part_of]-> GO:0042493
GO:0042739 -[is_a]-> GO:0042737
GO:0042740 -[is_a]-> GO:0017001
GO:0042740 -[is_a]-> GO:0042738
GO:0042740 -[part_of]-> GO:0046677
GO:0042741 -[is_a]-> GO:0017001
GO:0042741 -[is_a]-> GO:0042739
GO:0042742 -[is_a]-> GO:0009617
GO:0042742 -[is_a]-> GO:0098542
GO:0042743 -[is_a]-> GO:0072593
GO:0042744 -[is_a]-> GO:0042743
GO:0042744 -[is_a]-> GO:0044248
GO:0042745 -[is_a]-> GO:0048512
GO:0042746 -[is_a]-> GO:0022410
GO:0042747 -[is_a]-> GO:0022410
GO:0042747 -[part_of]-> GO:0050802
GO:0042748 -[is_a]-> GO:0022410
GO:0042748 -[part_of]-> GO:0050802
GO:0042749 -[is_a]-> GO:0042752
GO:0042749 -[is_a]-> GO:0050795
GO:0042749 -[is_a]-> GO:0051239
GO:0042749 -[regulates]-> GO:0042745
GO:0042750 -[is_a]-> GO:0022611
GO:0042750 -[is_a]-> GO:0030431
GO:0042750 -[is_a]-> GO:0044767
GO:0042751 -[is_a]-> GO:0022611
GO:0042751 -[is_a]-> GO:0030431
GO:0042751 -[is_a]-> GO:0044767
GO:0042752 -[is_a]-> GO:0050789
GO:0042752 -[regulates]-> GO:0007623
GO:0042753 -[is_a]-> GO:0042752
GO:0042753 -[is_a]-> GO:0048518
GO:0042753 -[positively_regulates]-> GO:0007623
GO:0042754 -[is_a]-> GO:0042752
GO:0042754 -[is_a]-> GO:0048519
GO:0042754 -[negatively_regulates]-> GO:0007623
GO:0042755 -[is_a]-> GO:0007631
GO:0042756 -[is_a]-> GO:0007631
GO:0042757 -[is_a]-> GO:0030424
GO:0042758 -[is_a]-> GO:0001676
GO:0042758 -[is_a]-> GO:0009062
GO:0042759 -[is_a]-> GO:0001676
GO:0042759 -[is_a]-> GO:0006633
GO:0042760 -[is_a]-> GO:0000038
GO:0042760 -[is_a]-> GO:0009062
GO:0042761 -[is_a]-> GO:0000038
GO:0042761 -[is_a]-> GO:0006633
GO:0042762 -[is_a]-> GO:0031323
GO:0042762 -[regulates]-> GO:0006790
GO:0042763 -[is_a]-> GO:0044464
GO:0042764 -[is_a]-> GO:0042763
GO:0042765 -[is_a]-> GO:0044425
GO:0042765 -[is_a]-> GO:0044432
GO:0042765 -[is_a]-> GO:1902494
GO:0042765 -[part_of]-> GO:0030176
GO:0042766 -[is_a]-> GO:0006338
GO:0042766 -[is_a]-> GO:0034728
GO:0042767 -[is_a]-> GO:0008395
GO:0042768 -[is_a]-> GO:0008395
GO:0042769 -[is_a]-> GO:0006974
GO:0042769 -[is_a]-> GO:0051606
GO:0042770 -[is_a]-> GO:0006974
GO:0042770 -[is_a]-> GO:0035556
GO:0042771 -[is_a]-> GO:0008630
GO:0042771 -[is_a]-> GO:0072332
GO:0042772 -[is_a]-> GO:0042770
GO:0042773 -[is_a]-> GO:0022904
GO:0042773 -[part_of]-> GO:0006119
GO:0042774 -[is_a]-> GO:0042773
GO:0042774 -[occurs_in]-> GO:0005886
GO:0042775 -[is_a]-> GO:0042773
GO:0042775 -[occurs_in]-> GO:0005739
GO:0042776 -[is_a]-> GO:0015986
GO:0042776 -[is_a]-> GO:1902582
GO:0042776 -[is_a]-> GO:1990542
GO:0042776 -[occurs_in]-> GO:0005739
GO:0042777 -[is_a]-> GO:0015986
GO:0042778 -[is_a]-> GO:0006399
GO:0042779 -[is_a]-> GO:0042780
GO:0042779 -[is_a]-> GO:0090501
GO:0042780 -[is_a]-> GO:0008033
GO:0042780 -[is_a]-> GO:0043628
GO:0042781 -[is_a]-> GO:0016891
GO:0042781 -[part_of]-> GO:0034414
GO:0042782 -[is_a]-> GO:0020012
GO:0042782 -[is_a]-> GO:0051809
GO:0042783 -[is_a]-> GO:0020012
GO:0042783 -[is_a]-> GO:0051810
GO:0042784 -[is_a]-> GO:0042783
GO:0042784 -[is_a]-> GO:0051811
GO:0042785 -[is_a]-> GO:0042783
GO:0042785 -[is_a]-> GO:0051812
GO:0042786 -[is_a]-> GO:0042783
GO:0042787 -[is_a]-> GO:0016567
GO:0042787 -[part_of]-> GO:0006511
GO:0042788 -[is_a]-> GO:0005840
GO:0042788 -[part_of]-> GO:0005844
GO:0042789 -[is_a]-> GO:0006366
GO:0042789 -[is_a]-> GO:0009299
GO:0042790 -[is_a]-> GO:0006360
GO:0042790 -[is_a]-> GO:0009303
GO:0042791 -[is_a]-> GO:0006383
GO:0042791 -[is_a]-> GO:0009303
GO:0042792 -[is_a]-> GO:0006390
GO:0042792 -[is_a]-> GO:0009303
GO:0042793 -[is_a]-> GO:0006351
GO:0042793 -[is_a]-> GO:0009657
GO:0042794 -[is_a]-> GO:0009303
GO:0042794 -[is_a]-> GO:0042793
GO:0042795 -[is_a]-> GO:0006366
GO:0042795 -[is_a]-> GO:0009301
GO:0042796 -[is_a]-> GO:0006383
GO:0042796 -[is_a]-> GO:0009301
GO:0042797 -[is_a]-> GO:0006383
GO:0042797 -[is_a]-> GO:0009304
GO:0042799 -[is_a]-> GO:0018024
GO:0042799 -[part_of]-> GO:0034770
GO:0042800 -[is_a]-> GO:0018024
GO:0042800 -[part_of]-> GO:0051568
GO:0042801 -[is_a]-> GO:0004702
GO:0042802 -[is_a]-> GO:0005515
GO:0042803 -[is_a]-> GO:0042802
GO:0042803 -[is_a]-> GO:0046983
GO:0042805 -[is_a]-> GO:0008092
GO:0042806 -[is_a]-> GO:0048029
GO:0042807 -[is_a]-> GO:0000325
GO:0042809 -[is_a]-> GO:0008134
GO:0042809 -[is_a]-> GO:0035257
GO:0042810 -[is_a]-> GO:0019748
GO:0042810 -[is_a]-> GO:0042445
GO:0042810 -[is_a]-> GO:0044237
GO:0042810 -[is_a]-> GO:0044763
GO:0042811 -[is_a]-> GO:0042446
GO:0042811 -[is_a]-> GO:0042810
GO:0042811 -[is_a]-> GO:0044249
GO:0042811 -[is_a]-> GO:0044550
GO:0042812 -[is_a]-> GO:0042447
GO:0042812 -[is_a]-> GO:0042810
GO:0042812 -[is_a]-> GO:0044248
GO:0042812 -[is_a]-> GO:0044712
GO:0042813 -[is_a]-> GO:0004888
GO:0042813 -[has_part]-> GO:0017147
GO:0042813 -[part_of]-> GO:0016055
GO:0042814 -[is_a]-> GO:0009826
GO:0042815 -[is_a]-> GO:0009826
GO:0042816 -[is_a]-> GO:0006767
GO:0042816 -[is_a]-> GO:0044763
GO:0042816 -[is_a]-> GO:0072524
GO:0042817 -[is_a]-> GO:0006081
GO:0042817 -[is_a]-> GO:0006725
GO:0042817 -[is_a]-> GO:0042816
GO:0042817 -[is_a]-> GO:1901615
GO:0042818 -[is_a]-> GO:0006725
GO:0042818 -[is_a]-> GO:0042816
GO:0042818 -[is_a]-> GO:1901615
GO:0042819 -[is_a]-> GO:0042364
GO:0042819 -[is_a]-> GO:0042816
GO:0042819 -[is_a]-> GO:0072525
GO:0042820 -[is_a]-> GO:0042365
GO:0042820 -[is_a]-> GO:0042816
GO:0042820 -[is_a]-> GO:0072526
GO:0042821 -[is_a]-> GO:0019438
GO:0042821 -[is_a]-> GO:0042817
GO:0042821 -[is_a]-> GO:0042819
GO:0042821 -[is_a]-> GO:0046184
GO:0042821 -[is_a]-> GO:1901617
GO:0042822 -[is_a]-> GO:0006793
GO:0042822 -[is_a]-> GO:0051186
GO:0042822 -[is_a]-> GO:0071704
GO:0042823 -[is_a]-> GO:0009108
GO:0042823 -[is_a]-> GO:0042822
GO:0042823 -[is_a]-> GO:1901576
GO:0042824 -[is_a]-> GO:0044432
GO:0042824 -[is_a]-> GO:0098796
GO:0042824 -[part_of]-> GO:0030176
GO:0042825 -[is_a]-> GO:0044432
GO:0042825 -[is_a]-> GO:0098796
GO:0042825 -[part_of]-> GO:0042824
GO:0042826 -[is_a]-> GO:0019899
GO:0042827 -[is_a]-> GO:0030141
GO:0042832 -[is_a]-> GO:0001562
GO:0042832 -[is_a]-> GO:0098542
GO:0042834 -[is_a]-> GO:0005539
GO:0042835 -[is_a]-> GO:0003723
GO:0042836 -[is_a]-> GO:0019392
GO:0042837 -[is_a]-> GO:0019393
GO:0042837 -[is_a]-> GO:0042836
GO:0042838 -[is_a]-> GO:0019394
GO:0042838 -[is_a]-> GO:0042836
GO:0042839 -[is_a]-> GO:0019585
GO:0042840 -[is_a]-> GO:0006064
GO:0042840 -[is_a]-> GO:0042839
GO:0042841 -[is_a]-> GO:0042839
GO:0042841 -[is_a]-> GO:0046399
GO:0042842 -[is_a]-> GO:0019322
GO:0042842 -[is_a]-> GO:0042732
GO:0042843 -[is_a]-> GO:0019323
GO:0042843 -[is_a]-> GO:0042732
GO:0042844 -[is_a]-> GO:0034311
GO:0042845 -[is_a]-> GO:0034312
GO:0042845 -[is_a]-> GO:0042844
GO:0042846 -[is_a]-> GO:0034313
GO:0042846 -[is_a]-> GO:0042844
GO:0042847 -[is_a]-> GO:0019311
GO:0042847 -[is_a]-> GO:0019319
GO:0042848 -[is_a]-> GO:0019311
GO:0042848 -[is_a]-> GO:0019320
GO:0042849 -[is_a]-> GO:0019312
GO:0042849 -[is_a]-> GO:0042847
GO:0042850 -[is_a]-> GO:0019312
GO:0042850 -[is_a]-> GO:0042848
GO:0042851 -[is_a]-> GO:0006522
GO:0042852 -[is_a]-> GO:0006523
GO:0042852 -[is_a]-> GO:0042851
GO:0042853 -[is_a]-> GO:0006524
GO:0042853 -[is_a]-> GO:0042851
GO:0042854 -[is_a]-> GO:0009698
GO:0042854 -[is_a]-> GO:0018904
GO:0042854 -[is_a]-> GO:0018958
GO:0042854 -[is_a]-> GO:0042537
GO:0042855 -[is_a]-> GO:0009699
GO:0042855 -[is_a]-> GO:0042854
GO:0042855 -[is_a]-> GO:0046189
GO:0042855 -[is_a]-> GO:1901503
GO:0042856 -[is_a]-> GO:0019336
GO:0042856 -[is_a]-> GO:0042854
GO:0042856 -[is_a]-> GO:0046271
GO:0042856 -[is_a]-> GO:1901502
GO:0042857 -[is_a]-> GO:0006082
GO:0042857 -[is_a]-> GO:0006518
GO:0042857 -[is_a]-> GO:0009237
GO:0042857 -[is_a]-> GO:0009712
GO:0042857 -[is_a]-> GO:0034308
GO:0042857 -[is_a]-> GO:1901160
GO:0042858 -[is_a]-> GO:0009713
GO:0042858 -[is_a]-> GO:0016053
GO:0042858 -[is_a]-> GO:0019290
GO:0042858 -[is_a]-> GO:0034309
GO:0042858 -[is_a]-> GO:0042857
GO:0042858 -[is_a]-> GO:1901162
GO:0042859 -[is_a]-> GO:0016054
GO:0042859 -[is_a]-> GO:0019614
GO:0042859 -[is_a]-> GO:0034310
GO:0042859 -[is_a]-> GO:0042857
GO:0042859 -[is_a]-> GO:0043171
GO:0042859 -[is_a]-> GO:0046215
GO:0042859 -[is_a]-> GO:1901161
GO:0042860 -[is_a]-> GO:0009237
GO:0042860 -[is_a]-> GO:0019752
GO:0042861 -[is_a]-> GO:0019290
GO:0042861 -[is_a]-> GO:0042860
GO:0042861 -[is_a]-> GO:0046394
GO:0042862 -[is_a]-> GO:0042860
GO:0042862 -[is_a]-> GO:0046215
GO:0042862 -[is_a]-> GO:0046395
GO:0042863 -[is_a]-> GO:0006082
GO:0042863 -[is_a]-> GO:0006790
GO:0042863 -[is_a]-> GO:0009237
GO:0042863 -[is_a]-> GO:0018958
GO:0042863 -[is_a]-> GO:0046483
GO:0042863 -[is_a]-> GO:1901564
GO:0042864 -[is_a]-> GO:0016053
GO:0042864 -[is_a]-> GO:0018130
GO:0042864 -[is_a]-> GO:0019290
GO:0042864 -[is_a]-> GO:0042863
GO:0042864 -[is_a]-> GO:0044272
GO:0042864 -[is_a]-> GO:0046189
GO:0042865 -[is_a]-> GO:0016054
GO:0042865 -[is_a]-> GO:0019336
GO:0042865 -[is_a]-> GO:0042863
GO:0042865 -[is_a]-> GO:0044273
GO:0042865 -[is_a]-> GO:0046215
GO:0042865 -[is_a]-> GO:0046700
GO:0042865 -[is_a]-> GO:1901565
GO:0042866 -[is_a]-> GO:0006090
GO:0042866 -[is_a]-> GO:0072330
GO:0042867 -[is_a]-> GO:0006090
GO:0042867 -[is_a]-> GO:0072329
GO:0042868 -[is_a]-> GO:0034660
GO:0042869 -[is_a]-> GO:0006835
GO:0042870 -[is_a]-> GO:0042869
GO:0042873 -[is_a]-> GO:0015718
GO:0042874 -[is_a]-> GO:0015738
GO:0042875 -[is_a]-> GO:0042873
GO:0042876 -[is_a]-> GO:0008514
GO:0042876 -[part_of]-> GO:0042869
GO:0042878 -[is_a]-> GO:0042876
GO:0042878 -[part_of]-> GO:0042870
GO:0042879 -[is_a]-> GO:0008514
GO:0042879 -[part_of]-> GO:0042873
GO:0042880 -[is_a]-> GO:0015135
GO:0042880 -[part_of]-> GO:0042874
GO:0042881 -[is_a]-> GO:0042879
GO:0042881 -[part_of]-> GO:0042875
GO:0042882 -[is_a]-> GO:0015751
GO:0042883 -[is_a]-> GO:0000101
GO:0042883 -[is_a]-> GO:0015804
GO:0042884 -[is_a]-> GO:0015833
GO:0042884 -[is_a]-> GO:0042891
GO:0042885 -[is_a]-> GO:0042884
GO:0042886 -[is_a]-> GO:0071705
GO:0042887 -[is_a]-> GO:0022891
GO:0042887 -[part_of]-> GO:0042886
GO:0042888 -[is_a]-> GO:0046915
GO:0042889 -[is_a]-> GO:0015718
GO:0042890 -[is_a]-> GO:0008028
GO:0042890 -[part_of]-> GO:0042889
GO:0042891 -[is_a]-> GO:0015893
GO:0042892 -[is_a]-> GO:0015791
GO:0042892 -[is_a]-> GO:0042886
GO:0042892 -[is_a]-> GO:0042891
GO:0042893 -[is_a]-> GO:0006869
GO:0042893 -[is_a]-> GO:0015833
GO:0042893 -[is_a]-> GO:0042891
GO:0042894 -[is_a]-> GO:0042886
GO:0042894 -[is_a]-> GO:0042891
GO:0042894 -[is_a]-> GO:0071702
GO:0042895 -[is_a]-> GO:0090484
GO:0042895 -[part_of]-> GO:0042891
GO:0042896 -[is_a]-> GO:0042895
GO:0042896 -[part_of]-> GO:0042892
GO:0042897 -[is_a]-> GO:0005319
GO:0042897 -[is_a]-> GO:0015197
GO:0042897 -[is_a]-> GO:0042895
GO:0042897 -[part_of]-> GO:0042893
GO:0042898 -[is_a]-> GO:0042895
GO:0042898 -[part_of]-> GO:0042894
GO:0042899 -[is_a]-> GO:0015751
GO:0042899 -[is_a]-> GO:0015774
GO:0042900 -[is_a]-> GO:0015146
GO:0042900 -[part_of]-> GO:0015751
GO:0042901 -[is_a]-> GO:0015159
GO:0042901 -[is_a]-> GO:0042900
GO:0042902 -[is_a]-> GO:0018104
GO:0042902 -[is_a]-> GO:0018210
GO:0042903 -[is_a]-> GO:0016811
GO:0042903 -[is_a]-> GO:0033558
GO:0042903 -[part_of]-> GO:0090042
GO:0042904 -[is_a]-> GO:0016053
GO:0042904 -[is_a]-> GO:0016102
GO:0042904 -[is_a]-> GO:0042905
GO:0042905 -[is_a]-> GO:0001523
GO:0042905 -[is_a]-> GO:0006082
GO:0042906 -[is_a]-> GO:0006863
GO:0042907 -[is_a]-> GO:0005345
GO:0042907 -[part_of]-> GO:0042906
GO:0042908 -[is_a]-> GO:0044765
GO:0042909 -[is_a]-> GO:0042908
GO:0042909 -[is_a]-> GO:0071702
GO:0042909 -[is_a]-> GO:0071705
GO:0042910 -[is_a]-> GO:0005215
GO:0042910 -[part_of]-> GO:0042908
GO:0042911 -[is_a]-> GO:0042910
GO:0042911 -[part_of]-> GO:0042909
GO:0042912 -[is_a]-> GO:0022885
GO:0042913 -[is_a]-> GO:0042912
GO:0042914 -[is_a]-> GO:0043213
GO:0042915 -[is_a]-> GO:0042914
GO:0042916 -[is_a]-> GO:0015716
GO:0042917 -[is_a]-> GO:0015604
GO:0042918 -[is_a]-> GO:0015711
GO:0042918 -[is_a]-> GO:0042908
GO:0042919 -[is_a]-> GO:0015718
GO:0042919 -[is_a]-> GO:0042908
GO:0042920 -[is_a]-> GO:0015849
GO:0042920 -[is_a]-> GO:0015850
GO:0042920 -[is_a]-> GO:0042908
GO:0042921 -[is_a]-> GO:0031958
GO:0042922 -[is_a]-> GO:0071855
GO:0042923 -[is_a]-> GO:0042277
GO:0042924 -[is_a]-> GO:0042923
GO:0042925 -[is_a]-> GO:0042910
GO:0042925 -[part_of]-> GO:0042919
GO:0042926 -[is_a]-> GO:0042910
GO:0042926 -[part_of]-> GO:0042920
GO:0042927 -[is_a]-> GO:0005215
GO:0042927 -[part_of]-> GO:0015891
GO:0042928 -[is_a]-> GO:0015687
GO:0042928 -[is_a]-> GO:0015833
GO:0042929 -[is_a]-> GO:0015197
GO:0042929 -[is_a]-> GO:0042927
GO:0042929 -[part_of]-> GO:0042928
GO:0042930 -[is_a]-> GO:0015850
GO:0042930 -[is_a]-> GO:0015891
GO:0042931 -[is_a]-> GO:0042927
GO:0042931 -[part_of]-> GO:0042930
GO:0042932 -[is_a]-> GO:0015849
GO:0042932 -[is_a]-> GO:0015850
GO:0042932 -[is_a]-> GO:0015891
GO:0042932 -[is_a]-> GO:0042938
GO:0042933 -[is_a]-> GO:0042927
GO:0042933 -[is_a]-> GO:0042936
GO:0042933 -[part_of]-> GO:0042932
GO:0042934 -[is_a]-> GO:0042927
GO:0042934 -[is_a]-> GO:0051184
GO:0042934 -[part_of]-> GO:0042935
GO:0042935 -[is_a]-> GO:0015891
GO:0042935 -[is_a]-> GO:0046942
GO:0042935 -[is_a]-> GO:0051181
GO:0042936 -[is_a]-> GO:0015198
GO:0042936 -[part_of]-> GO:0042938
GO:0042937 -[is_a]-> GO:0015198
GO:0042937 -[part_of]-> GO:0042939
GO:0042938 -[is_a]-> GO:0006857
GO:0042939 -[is_a]-> GO:0006857
GO:0042940 -[is_a]-> GO:0046942
GO:0042940 -[is_a]-> GO:0071705
GO:0042941 -[is_a]-> GO:0032328
GO:0042942 -[is_a]-> GO:0032329
GO:0042943 -[is_a]-> GO:0015171
GO:0042943 -[part_of]-> GO:0042940
GO:0042944 -[is_a]-> GO:0022858
GO:0042944 -[is_a]-> GO:0042943
GO:0042944 -[part_of]-> GO:0042941
GO:0042945 -[is_a]-> GO:0022889
GO:0042945 -[is_a]-> GO:0042943
GO:0042945 -[part_of]-> GO:0042942
GO:0042946 -[is_a]-> GO:1901656
GO:0042947 -[is_a]-> GO:0022891
GO:0042947 -[is_a]-> GO:1901505
GO:0042947 -[part_of]-> GO:0042946
GO:0042948 -[is_a]-> GO:0015759
GO:0042948 -[is_a]-> GO:0015850
GO:0042949 -[is_a]-> GO:0015759
GO:0042950 -[is_a]-> GO:0015573
GO:0042950 -[is_a]-> GO:0015665
GO:0042950 -[part_of]-> GO:0042948
GO:0042951 -[is_a]-> GO:0015573
GO:0042951 -[part_of]-> GO:0042949
GO:0042952 -[is_a]-> GO:0019439
GO:0042953 -[is_a]-> GO:0044765
GO:0042953 -[is_a]-> GO:0044872
GO:0042953 -[is_a]-> GO:0045184
GO:0042953 -[is_a]-> GO:0071702
GO:0042954 -[is_a]-> GO:0005215
GO:0042954 -[part_of]-> GO:0042953
GO:0042955 -[is_a]-> GO:0015774
GO:0042956 -[is_a]-> GO:0015774
GO:0042957 -[is_a]-> GO:0015159
GO:0042957 -[part_of]-> GO:0042955
GO:0042958 -[is_a]-> GO:0015159
GO:0042958 -[part_of]-> GO:0042956
GO:0042959 -[is_a]-> GO:0042910
GO:0042959 -[part_of]-> GO:0042918
GO:0042960 -[is_a]-> GO:0015104
GO:0042960 -[is_a]-> GO:0015291
GO:0042961 -[is_a]-> GO:0042960
GO:0042961 -[is_a]-> GO:0043225
GO:0042962 -[is_a]-> GO:0015299
GO:0042962 -[is_a]-> GO:0042911
GO:0042964 -[is_a]-> GO:0034645
GO:0042965 -[is_a]-> GO:0034645
GO:0042966 -[is_a]-> GO:0009059
GO:0042967 -[is_a]-> GO:0034645
GO:0042968 -[is_a]-> GO:0015804
GO:0042968 -[is_a]-> GO:0046942
GO:0042969 -[is_a]-> GO:0044765
GO:0042969 -[is_a]-> GO:0071702
GO:0042970 -[is_a]-> GO:0015175
GO:0042970 -[is_a]-> GO:0015179
GO:0042970 -[part_of]-> GO:0042968
GO:0042971 -[is_a]-> GO:0022891
GO:0042971 -[part_of]-> GO:0042969
GO:0042972 -[is_a]-> GO:0004553
GO:0042973 -[is_a]-> GO:0008422
GO:0042974 -[is_a]-> GO:0008134
GO:0042974 -[is_a]-> GO:0035257
GO:0042975 -[is_a]-> GO:0005102
GO:0042976 -[is_a]-> GO:0018108
GO:0042976 -[is_a]-> GO:0032147
GO:0042976 -[part_of]-> GO:0046427
GO:0042977 -[is_a]-> GO:0042976
GO:0042978 -[is_a]-> GO:0008047
GO:0042978 -[is_a]-> GO:0042979
GO:0042978 -[positively_regulates]-> GO:0004586
GO:0042979 -[is_a]-> GO:0030234
GO:0042979 -[regulates]-> GO:0004586
GO:0042981 -[is_a]-> GO:0043067
GO:0042981 -[regulates]-> GO:0006915
GO:0042982 -[is_a]-> GO:0019538
GO:0042983 -[is_a]-> GO:0009058
GO:0042983 -[is_a]-> GO:0042982
GO:0042984 -[is_a]-> GO:0010559
GO:0042984 -[is_a]-> GO:0051246
GO:0042984 -[regulates]-> GO:0042983
GO:0042985 -[is_a]-> GO:0010561
GO:0042985 -[is_a]-> GO:0042984
GO:0042985 -[is_a]-> GO:0051248
GO:0042985 -[negatively_regulates]-> GO:0042983
GO:0042986 -[is_a]-> GO:0010560
GO:0042986 -[is_a]-> GO:0042984
GO:0042986 -[is_a]-> GO:0051247
GO:0042986 -[positively_regulates]-> GO:0042983
GO:0042987 -[is_a]-> GO:0042982
GO:0042988 -[is_a]-> GO:0005515
GO:0042989 -[is_a]-> GO:0030837
GO:0042989 -[is_a]-> GO:0032507
GO:0042990 -[is_a]-> GO:0042306
GO:0042990 -[regulates]-> GO:0042991
GO:0042991 -[is_a]-> GO:0006606
GO:0042992 -[is_a]-> GO:0042308
GO:0042992 -[is_a]-> GO:0042990
GO:0042992 -[negatively_regulates]-> GO:0042991
GO:0042993 -[is_a]-> GO:0042307
GO:0042993 -[is_a]-> GO:0042990
GO:0042993 -[positively_regulates]-> GO:0042991
GO:0042994 -[is_a]-> GO:0042992
GO:0042994 -[is_a]-> GO:0051220
GO:0042995 -[is_a]-> GO:0044464
GO:0042995 -[has_part]-> GO:0098590
GO:0042996 -[is_a]-> GO:0051223
GO:0042996 -[is_a]-> GO:0060627
GO:0042996 -[is_a]-> GO:0090003
GO:0042996 -[regulates]-> GO:0043001
GO:0042997 -[is_a]-> GO:0042996
GO:0042997 -[is_a]-> GO:0051224
GO:0042997 -[is_a]-> GO:0090005
GO:0042997 -[negatively_regulates]-> GO:0043001
GO:0042998 -[is_a]-> GO:0042996
GO:0042998 -[is_a]-> GO:0051222
GO:0042998 -[is_a]-> GO:0090004
GO:0042998 -[positively_regulates]-> GO:0043001
GO:0042999 -[is_a]-> GO:0042996
GO:0042999 -[regulates]-> GO:0043000
GO:0043000 -[is_a]-> GO:0043001
GO:0043001 -[is_a]-> GO:0006893
GO:0043001 -[is_a]-> GO:0015031
GO:0043001 -[is_a]-> GO:0044765
GO:0043001 -[is_a]-> GO:0072659
GO:0043001 -[is_a]-> GO:0090002
GO:0043002 -[is_a]-> GO:0042997
GO:0043002 -[is_a]-> GO:0042999
GO:0043002 -[negatively_regulates]-> GO:0043000
GO:0043003 -[is_a]-> GO:0042998
GO:0043003 -[is_a]-> GO:0042999
GO:0043003 -[positively_regulates]-> GO:0043000
GO:0043004 -[is_a]-> GO:0043002
GO:0043004 -[is_a]-> GO:0051220
GO:0043005 -[is_a]-> GO:0042995
GO:0043005 -[is_a]-> GO:0097458
GO:0043006 -[is_a]-> GO:0019722
GO:0043006 -[is_a]-> GO:0032431
GO:0043007 -[is_a]-> GO:0043570
GO:0043008 -[is_a]-> GO:0005515
GO:0043009 -[is_a]-> GO:0009792
GO:0043010 -[is_a]-> GO:0001654
GO:0043011 -[is_a]-> GO:0001773
GO:0043011 -[is_a]-> GO:0002573
GO:0043011 -[is_a]-> GO:0097028
GO:0043012 -[is_a]-> GO:0051128
GO:0043012 -[is_a]-> GO:0051239
GO:0043012 -[is_a]-> GO:0080154
GO:0043012 -[regulates]-> GO:0007342
GO:0043013 -[is_a]-> GO:0043012
GO:0043013 -[is_a]-> GO:0051129
GO:0043013 -[is_a]-> GO:0051241
GO:0043013 -[is_a]-> GO:0060467
GO:0043013 -[negatively_regulates]-> GO:0007342
GO:0043014 -[is_a]-> GO:0015631
GO:0043015 -[is_a]-> GO:0015631
GO:0043016 -[is_a]-> GO:0032681
GO:0043016 -[is_a]-> GO:0042035
GO:0043016 -[regulates]-> GO:0042109
GO:0043017 -[is_a]-> GO:0032761
GO:0043017 -[is_a]-> GO:0042108
GO:0043017 -[is_a]-> GO:0043016
GO:0043017 -[positively_regulates]-> GO:0042109
GO:0043018 -[is_a]-> GO:0032721
GO:0043018 -[is_a]-> GO:0042036
GO:0043018 -[is_a]-> GO:0043016
GO:0043018 -[negatively_regulates]-> GO:0042109
GO:0043020 -[is_a]-> GO:0044459
GO:0043020 -[is_a]-> GO:1990204
GO:0043020 -[part_of]-> GO:0005887
GO:0043021 -[is_a]-> GO:0044877
GO:0043022 -[is_a]-> GO:0043021
GO:0043023 -[is_a]-> GO:0043021
GO:0043024 -[is_a]-> GO:0043021
GO:0043025 -[is_a]-> GO:0044297
GO:0043025 -[is_a]-> GO:0097458
GO:0043025 -[part_of]-> GO:0036477
GO:0043027 -[is_a]-> GO:0004869
GO:0043027 -[is_a]-> GO:0043028
GO:0043027 -[part_of]-> GO:0006915
GO:0043027 -[part_of]-> GO:0043154
GO:0043028 -[is_a]-> GO:0030234
GO:0043028 -[part_of]-> GO:0043281
GO:0043029 -[is_a]-> GO:0002260
GO:0043030 -[is_a]-> GO:0002694
GO:0043030 -[regulates]-> GO:0042116
GO:0043031 -[is_a]-> GO:0002695
GO:0043031 -[is_a]-> GO:0043030
GO:0043031 -[negatively_regulates]-> GO:0042116
GO:0043032 -[is_a]-> GO:0002696
GO:0043032 -[is_a]-> GO:0043030
GO:0043032 -[positively_regulates]-> GO:0042116
GO:0043033 -[is_a]-> GO:1902494
GO:0043034 -[is_a]-> GO:0044449
GO:0043034 -[part_of]-> GO:0030016
GO:0043035 -[is_a]-> GO:0031490
GO:0043036 -[is_a]-> GO:0044435
GO:0043038 -[is_a]-> GO:0006520
GO:0043039 -[is_a]-> GO:0006399
GO:0043039 -[is_a]-> GO:0043038
GO:0043040 -[is_a]-> GO:0043039
GO:0043040 -[is_a]-> GO:0043041
GO:0043041 -[is_a]-> GO:0043038
GO:0043041 -[part_of]-> GO:0019184
GO:0043042 -[is_a]-> GO:0043041
GO:0043043 -[is_a]-> GO:0006518
GO:0043043 -[is_a]-> GO:0043604
GO:0043043 -[is_a]-> GO:1901566
GO:0043044 -[is_a]-> GO:0006338
GO:0043045 -[is_a]-> GO:0006306
GO:0043045 -[is_a]-> GO:1901538
GO:0043045 -[part_of]-> GO:0009790
GO:0043046 -[is_a]-> GO:0006306
GO:0043046 -[is_a]-> GO:0022414
GO:0043046 -[part_of]-> GO:0007276
GO:0043047 -[is_a]-> GO:0042162
GO:0043047 -[is_a]-> GO:0098847
GO:0043048 -[is_a]-> GO:0008654
GO:0043049 -[is_a]-> GO:0060788
GO:0043049 -[part_of]-> GO:0030916
GO:0043050 -[is_a]-> GO:0042755
GO:0043051 -[is_a]-> GO:1903998
GO:0043051 -[regulates]-> GO:0043050
GO:0043052 -[is_a]-> GO:0009266
GO:0043052 -[is_a]-> GO:0042330
GO:0043053 -[is_a]-> GO:0055115
GO:0043053 -[part_of]-> GO:0040024
GO:0043054 -[is_a]-> GO:0071981
GO:0043054 -[part_of]-> GO:0040024
GO:0043055 -[is_a]-> GO:0071982
GO:0043055 -[part_of]-> GO:0040024
GO:0043056 -[is_a]-> GO:0033058
GO:0043057 -[is_a]-> GO:0033058
GO:0043058 -[is_a]-> GO:0040012
GO:0043058 -[regulates]-> GO:0043057
GO:0043059 -[is_a]-> GO:0040012
GO:0043059 -[regulates]-> GO:0043056
GO:0043060 -[is_a]-> GO:0051311
GO:0043060 -[part_of]-> GO:0045143
GO:0043061 -[is_a]-> GO:0051311
GO:0043061 -[part_of]-> GO:0045144
GO:0043062 -[is_a]-> GO:0016043
GO:0043062 -[is_a]-> GO:0044763
GO:0043063 -[is_a]-> GO:0043062
GO:0043065 -[is_a]-> GO:0042981
GO:0043065 -[is_a]-> GO:0043068
GO:0043065 -[positively_regulates]-> GO:0006915
GO:0043066 -[is_a]-> GO:0042981
GO:0043066 -[is_a]-> GO:0043069
GO:0043066 -[negatively_regulates]-> GO:0006915
GO:0043067 -[is_a]-> GO:0010941
GO:0043067 -[regulates]-> GO:0012501
GO:0043068 -[is_a]-> GO:0010942
GO:0043068 -[is_a]-> GO:0043067
GO:0043068 -[positively_regulates]-> GO:0012501
GO:0043069 -[is_a]-> GO:0043067
GO:0043069 -[is_a]-> GO:0060548
GO:0043069 -[negatively_regulates]-> GO:0012501
GO:0043073 -[is_a]-> GO:0005634
GO:0043076 -[is_a]-> GO:0005634
GO:0043077 -[is_a]-> GO:0045754
GO:0043078 -[is_a]-> GO:0043076
GO:0043079 -[is_a]-> GO:0043076
GO:0043082 -[is_a]-> GO:0043076
GO:0043083 -[is_a]-> GO:0005576
GO:0043083 -[is_a]-> GO:0044456
GO:0043083 -[part_of]-> GO:0045202
GO:0043084 -[is_a]-> GO:0044702
GO:0043084 -[is_a]-> GO:0048609
GO:0043084 -[part_of]-> GO:0007620
GO:0043085 -[is_a]-> GO:0044093
GO:0043085 -[is_a]-> GO:0050790
GO:0043085 -[positively_regulates]-> GO:0003824
GO:0043086 -[is_a]-> GO:0044092
GO:0043086 -[is_a]-> GO:0050790
GO:0043086 -[negatively_regulates]-> GO:0003824
GO:0043087 -[is_a]-> GO:0051336
GO:0043087 -[regulates]-> GO:0003924
GO:0043090 -[is_a]-> GO:0006865
GO:0043091 -[is_a]-> GO:0043092
GO:0043091 -[is_a]-> GO:0090467
GO:0043091 -[is_a]-> GO:1902023
GO:0043092 -[is_a]-> GO:0043090
GO:0043093 -[is_a]-> GO:0000910
GO:0043093 -[is_a]-> GO:0022414
GO:0043093 -[part_of]-> GO:0019954
GO:0043093 -[part_of]-> GO:0032505
GO:0043094 -[is_a]-> GO:0044249
GO:0043095 -[is_a]-> GO:0051336
GO:0043095 -[regulates]-> GO:0003934
GO:0043096 -[is_a]-> GO:0009113
GO:0043096 -[is_a]-> GO:0043101
GO:0043097 -[is_a]-> GO:0008655
GO:0043097 -[is_a]-> GO:0043174
GO:0043097 -[is_a]-> GO:0046134
GO:0043098 -[is_a]-> GO:0043101
GO:0043098 -[is_a]-> GO:0043174
GO:0043098 -[is_a]-> GO:0046123
GO:0043099 -[is_a]-> GO:0043097
GO:0043099 -[is_a]-> GO:0046126
GO:0043100 -[is_a]-> GO:0008655
GO:0043100 -[is_a]-> GO:0019856
GO:0043101 -[is_a]-> GO:0034654
GO:0043101 -[is_a]-> GO:0043094
GO:0043101 -[is_a]-> GO:0072522
GO:0043102 -[is_a]-> GO:0008652
GO:0043102 -[is_a]-> GO:0043094
GO:0043103 -[is_a]-> GO:0043096
GO:0043103 -[is_a]-> GO:0046101
GO:0043104 -[is_a]-> GO:0043095
GO:0043104 -[is_a]-> GO:0051345
GO:0043104 -[positively_regulates]-> GO:0003934
GO:0043105 -[is_a]-> GO:0043095
GO:0043105 -[is_a]-> GO:0051346
GO:0043105 -[negatively_regulates]-> GO:0003934
GO:0043107 -[is_a]-> GO:0048870
GO:0043108 -[is_a]-> GO:0043711
GO:0043110 -[is_a]-> GO:0000182
GO:0043110 -[is_a]-> GO:0031634
GO:0043111 -[is_a]-> GO:0045005
GO:0043111 -[is_a]-> GO:2000104
GO:0043112 -[is_a]-> GO:0044260
GO:0043113 -[is_a]-> GO:0051668
GO:0043113 -[is_a]-> GO:0072657
GO:0043113 -[occurs_in]-> GO:0005886
GO:0043114 -[is_a]-> GO:0003018
GO:0043114 -[is_a]-> GO:0065008
GO:0043114 -[part_of]-> GO:0008015
GO:0043115 -[is_a]-> GO:0016628
GO:0043116 -[is_a]-> GO:0043114
GO:0043117 -[is_a]-> GO:0043114
GO:0043120 -[is_a]-> GO:0019955
GO:0043121 -[is_a]-> GO:0019838
GO:0043122 -[is_a]-> GO:1902531
GO:0043122 -[regulates]-> GO:0007249
GO:0043123 -[is_a]-> GO:0043122
GO:0043123 -[is_a]-> GO:1902533
GO:0043123 -[positively_regulates]-> GO:0007249
GO:0043124 -[is_a]-> GO:0043122
GO:0043124 -[is_a]-> GO:1902532
GO:0043124 -[negatively_regulates]-> GO:0007249
GO:0043125 -[is_a]-> GO:0005102
GO:0043126 -[is_a]-> GO:0043550
GO:0043126 -[is_a]-> GO:1903725
GO:0043126 -[regulates]-> GO:0004430
GO:0043127 -[is_a]-> GO:0043126
GO:0043127 -[is_a]-> GO:0090219
GO:0043127 -[is_a]-> GO:1903726
GO:0043127 -[negatively_regulates]-> GO:0004430
GO:0043128 -[is_a]-> GO:0043126
GO:0043128 -[is_a]-> GO:0090218
GO:0043128 -[is_a]-> GO:1903727
GO:0043128 -[positively_regulates]-> GO:0004430
GO:0043129 -[is_a]-> GO:0048875
GO:0043130 -[is_a]-> GO:0032182
GO:0043131 -[is_a]-> GO:0090601
GO:0043131 -[part_of]-> GO:0043354
GO:0043132 -[is_a]-> GO:0006862
GO:0043132 -[is_a]-> GO:0051181
GO:0043133 -[is_a]-> GO:0006939
GO:0043133 -[is_a]-> GO:0022600
GO:0043134 -[is_a]-> GO:0006940
GO:0043134 -[is_a]-> GO:0044058
GO:0043134 -[regulates]-> GO:0043133
GO:0043135 -[is_a]-> GO:0016462
GO:0043136 -[is_a]-> GO:0016791
GO:0043137 -[is_a]-> GO:0006259
GO:0043137 -[is_a]-> GO:0006401
GO:0043137 -[part_of]-> GO:0033567
GO:0043138 -[is_a]-> GO:0003678
GO:0043139 -[is_a]-> GO:0003678
GO:0043140 -[is_a]-> GO:0004003
GO:0043140 -[is_a]-> GO:0043138
GO:0043141 -[is_a]-> GO:0004003
GO:0043141 -[is_a]-> GO:0043139
GO:0043142 -[is_a]-> GO:0008094
GO:0043143 -[is_a]-> GO:0006417
GO:0043143 -[is_a]-> GO:0034613
GO:0043143 -[part_of]-> GO:0006412
GO:0043144 -[is_a]-> GO:0016074
GO:0043144 -[is_a]-> GO:0034470
GO:0043145 -[is_a]-> GO:0031126
GO:0043145 -[is_a]-> GO:0090502
GO:0043149 -[is_a]-> GO:0030038
GO:0043149 -[is_a]-> GO:0031032
GO:0043150 -[is_a]-> GO:0000731
GO:0043150 -[part_of]-> GO:0000724
GO:0043151 -[is_a]-> GO:0000731
GO:0043151 -[part_of]-> GO:0045002
GO:0043152 -[is_a]-> GO:0019731
GO:0043153 -[is_a]-> GO:0009648
GO:0043153 -[is_a]-> GO:0009649
GO:0043154 -[is_a]-> GO:0043066
GO:0043154 -[is_a]-> GO:0043281
GO:0043154 -[is_a]-> GO:2000117
GO:0043154 -[negatively_regulates]-> GO:0097153
GO:0043155 -[is_a]-> GO:0042548
GO:0043155 -[is_a]-> GO:1905156
GO:0043155 -[negatively_regulates]-> GO:0019684
GO:0043156 -[is_a]-> GO:0006338
GO:0043156 -[is_a]-> GO:0071473
GO:0043157 -[is_a]-> GO:0009651
GO:0043158 -[is_a]-> GO:0030154
GO:0043159 -[is_a]-> GO:0044433
GO:0043159 -[is_a]-> GO:0044437
GO:0043159 -[is_a]-> GO:0097223
GO:0043159 -[part_of]-> GO:0001669
GO:0043160 -[is_a]-> GO:0034774
GO:0043160 -[is_a]-> GO:0043202
GO:0043160 -[is_a]-> GO:0097223
GO:0043160 -[part_of]-> GO:0001669
GO:0043161 -[is_a]-> GO:0006511
GO:0043161 -[is_a]-> GO:0010498
GO:0043162 -[is_a]-> GO:0006511
GO:0043162 -[has_part]-> GO:0007039
GO:0043162 -[has_part]-> GO:0071985
GO:0043163 -[is_a]-> GO:0045229
GO:0043164 -[is_a]-> GO:0009273
GO:0043165 -[is_a]-> GO:0071709
GO:0043165 -[part_of]-> GO:0043163
GO:0043167 -[is_a]-> GO:0005488
GO:0043168 -[is_a]-> GO:0043167
GO:0043169 -[is_a]-> GO:0043167
GO:0043170 -[is_a]-> GO:0071704
GO:0043171 -[is_a]-> GO:0006518
GO:0043171 -[is_a]-> GO:0044248
GO:0043171 -[is_a]-> GO:1901565
GO:0043172 -[is_a]-> GO:0006124
GO:0043172 -[is_a]-> GO:0034645
GO:0043173 -[is_a]-> GO:0009165
GO:0043173 -[is_a]-> GO:0043094
GO:0043174 -[is_a]-> GO:0009163
GO:0043174 -[is_a]-> GO:0043094
GO:0043175 -[is_a]-> GO:0070063
GO:0043176 -[is_a]-> GO:0005488
GO:0043177 -[is_a]-> GO:0036094
GO:0043178 -[is_a]-> GO:0036094
GO:0043179 -[is_a]-> GO:0060024
GO:0043180 -[is_a]-> GO:0060024
GO:0043181 -[is_a]-> GO:0051651
GO:0043182 -[is_a]-> GO:0043181
GO:0043182 -[part_of]-> GO:0006883
GO:0043183 -[is_a]-> GO:0005172
GO:0043184 -[is_a]-> GO:0005172
GO:0043185 -[is_a]-> GO:0005172
GO:0043186 -[is_a]-> GO:0036464
GO:0043186 -[part_of]-> GO:0060293
GO:0043187 -[is_a]-> GO:0044457
GO:0043188 -[is_a]-> GO:0044426
GO:0043188 -[part_of]-> GO:0009277
GO:0043189 -[is_a]-> GO:1902562
GO:0043190 -[is_a]-> GO:0098533
GO:0043190 -[is_a]-> GO:0098797
GO:0043190 -[part_of]-> GO:0005886
GO:0043194 -[is_a]-> GO:0033267
GO:0043194 -[part_of]-> GO:0044304
GO:0043195 -[is_a]-> GO:0033267
GO:0043195 -[is_a]-> GO:0098793
GO:0043195 -[part_of]-> GO:0043679
GO:0043196 -[is_a]-> GO:0033267
GO:0043196 -[part_of]-> GO:0044304
GO:0043197 -[is_a]-> GO:0044309
GO:0043197 -[is_a]-> GO:0044463
GO:0043197 -[is_a]-> GO:0098794
GO:0043197 -[part_of]-> GO:0030425
GO:0043198 -[is_a]-> GO:0044463
GO:0043198 -[is_a]-> GO:0097458
GO:0043198 -[part_of]-> GO:0030425
GO:0043199 -[is_a]-> GO:0043168
GO:0043199 -[is_a]-> GO:1901681
GO:0043200 -[is_a]-> GO:0001101
GO:0043200 -[is_a]-> GO:0010243
GO:0043200 -[is_a]-> GO:1901700
GO:0043201 -[is_a]-> GO:0043200
GO:0043202 -[is_a]-> GO:0005775
GO:0043202 -[part_of]-> GO:0005764
GO:0043203 -[is_a]-> GO:0033267
GO:0043203 -[part_of]-> GO:0043025
GO:0043204 -[is_a]-> GO:0097458
GO:0043204 -[part_of]-> GO:0043025
GO:0043205 -[is_a]-> GO:0044420
GO:0043205 -[is_a]-> GO:0099512
GO:0043205 -[part_of]-> GO:0005578
GO:0043206 -[is_a]-> GO:0097435
GO:0043206 -[occurs_in]-> GO:0031012
GO:0043207 -[is_a]-> GO:0009605
GO:0043207 -[is_a]-> GO:0009607
GO:0043208 -[is_a]-> GO:0046625
GO:0043208 -[is_a]-> GO:0051861
GO:0043209 -[is_a]-> GO:0044464
GO:0043210 -[is_a]-> GO:0043168
GO:0043211 -[is_a]-> GO:0015144
GO:0043211 -[is_a]-> GO:0042626
GO:0043212 -[is_a]-> GO:0043211
GO:0043213 -[is_a]-> GO:0015833
GO:0043214 -[is_a]-> GO:0015462
GO:0043214 -[is_a]-> GO:0022885
GO:0043215 -[is_a]-> GO:0015893
GO:0043215 -[is_a]-> GO:1901656
GO:0043216 -[is_a]-> GO:0015238
GO:0043216 -[is_a]-> GO:0042626
GO:0043216 -[part_of]-> GO:0043215
GO:0043217 -[is_a]-> GO:0007009
GO:0043217 -[part_of]-> GO:0042552
GO:0043218 -[is_a]-> GO:0044464
GO:0043218 -[part_of]-> GO:0043209
GO:0043219 -[is_a]-> GO:0044464
GO:0043219 -[part_of]-> GO:0043209
GO:0043220 -[is_a]-> GO:0044464
GO:0043220 -[part_of]-> GO:0043218
GO:0043221 -[is_a]-> GO:0005515
GO:0043223 -[is_a]-> GO:0000153
GO:0043223 -[is_a]-> GO:0019005
GO:0043223 -[part_of]-> GO:0005737
GO:0043224 -[is_a]-> GO:0000152
GO:0043224 -[is_a]-> GO:0019005
GO:0043224 -[part_of]-> GO:0005634
GO:0043225 -[is_a]-> GO:0008509
GO:0043225 -[is_a]-> GO:0042625
GO:0043226 -[is_a]-> GO:0005575
GO:0043227 -[is_a]-> GO:0043226
GO:0043228 -[is_a]-> GO:0043226
GO:0043229 -[is_a]-> GO:0043226
GO:0043229 -[is_a]-> GO:0044424
GO:0043230 -[is_a]-> GO:0043226
GO:0043230 -[is_a]-> GO:0044421
GO:0043230 -[part_of]-> GO:0005576
GO:0043231 -[is_a]-> GO:0043227
GO:0043231 -[is_a]-> GO:0043229
GO:0043232 -[is_a]-> GO:0043228
GO:0043232 -[is_a]-> GO:0043229
GO:0043233 -[is_a]-> GO:0031974
GO:0043233 -[is_a]-> GO:0044422
GO:0043233 -[part_of]-> GO:0043226
GO:0043234 -[is_a]-> GO:0032991
GO:0043235 -[is_a]-> GO:0032991
GO:0043236 -[is_a]-> GO:0005515
GO:0043236 -[is_a]-> GO:0050840
GO:0043237 -[is_a]-> GO:0043236
GO:0043240 -[is_a]-> GO:0043234
GO:0043240 -[is_a]-> GO:0044451
GO:0043241 -[is_a]-> GO:0032984
GO:0043241 -[is_a]-> GO:0071822
GO:0043242 -[is_a]-> GO:0043244
GO:0043242 -[is_a]-> GO:0051129
GO:0043242 -[negatively_regulates]-> GO:0043241
GO:0043243 -[is_a]-> GO:0043244
GO:0043243 -[is_a]-> GO:0051130
GO:0043243 -[positively_regulates]-> GO:0043241
GO:0043244 -[is_a]-> GO:0051128
GO:0043244 -[regulates]-> GO:0043241
GO:0043245 -[is_a]-> GO:0044421
GO:0043246 -[is_a]-> GO:0005764
GO:0043247 -[is_a]-> GO:0000723
GO:0043247 -[is_a]-> GO:0006974
GO:0043248 -[is_a]-> GO:0043623
GO:0043249 -[is_a]-> GO:0048469
GO:0043249 -[part_of]-> GO:0048821
GO:0043250 -[is_a]-> GO:0008514
GO:0043251 -[is_a]-> GO:0015711
GO:0043252 -[is_a]-> GO:0015711
GO:0043253 -[is_a]-> GO:0009547
GO:0043253 -[is_a]-> GO:0044434
GO:0043253 -[part_of]-> GO:0009507
GO:0043253 -[part_of]-> GO:0009570
GO:0043254 -[is_a]-> GO:0044087
GO:0043254 -[is_a]-> GO:0051128
GO:0043254 -[regulates]-> GO:0006461
GO:0043255 -[is_a]-> GO:0006109
GO:0043255 -[is_a]-> GO:0009889
GO:0043255 -[regulates]-> GO:0016051
GO:0043256 -[is_a]-> GO:0043234
GO:0043256 -[is_a]-> GO:0044420
GO:0043256 -[part_of]-> GO:0005605
GO:0043257 -[is_a]-> GO:0043256
GO:0043258 -[is_a]-> GO:0043256
GO:0043259 -[is_a]-> GO:0043256
GO:0043260 -[is_a]-> GO:0043256
GO:0043261 -[is_a]-> GO:0043256
GO:0043262 -[is_a]-> GO:0017110
GO:0043263 -[is_a]-> GO:0043264
GO:0043264 -[is_a]-> GO:0043228
GO:0043264 -[is_a]-> GO:0043230
GO:0043265 -[is_a]-> GO:0044444
GO:0043266 -[is_a]-> GO:0010959
GO:0043266 -[regulates]-> GO:0006813
GO:0043267 -[is_a]-> GO:0043266
GO:0043267 -[is_a]-> GO:0043271
GO:0043267 -[negatively_regulates]-> GO:0006813
GO:0043268 -[is_a]-> GO:0043266
GO:0043268 -[is_a]-> GO:0043270
GO:0043268 -[positively_regulates]-> GO:0006813
GO:0043269 -[is_a]-> GO:0051049
GO:0043269 -[regulates]-> GO:0006811
GO:0043270 -[is_a]-> GO:0043269
GO:0043270 -[is_a]-> GO:0051050
GO:0043270 -[positively_regulates]-> GO:0006811
GO:0043271 -[is_a]-> GO:0043269
GO:0043271 -[is_a]-> GO:0051051
GO:0043271 -[negatively_regulates]-> GO:0006811
GO:0043272 -[is_a]-> GO:0009693
GO:0043272 -[part_of]-> GO:0009861
GO:0043273 -[is_a]-> GO:0017111
GO:0043274 -[is_a]-> GO:0019899
GO:0043276 -[is_a]-> GO:0006915
GO:0043277 -[is_a]-> GO:0006909
GO:0043278 -[is_a]-> GO:0014072
GO:0043279 -[is_a]-> GO:0010243
GO:0043280 -[is_a]-> GO:0043065
GO:0043280 -[is_a]-> GO:0043281
GO:0043280 -[is_a]-> GO:2001056
GO:0043280 -[positively_regulates]-> GO:0097153
GO:0043281 -[is_a]-> GO:0042981
GO:0043281 -[is_a]-> GO:2000116
GO:0043281 -[regulates]-> GO:0097153
GO:0043282 -[is_a]-> GO:0007517
GO:0043282 -[part_of]-> GO:0060465
GO:0043286 -[is_a]-> GO:0009889
GO:0043286 -[regulates]-> GO:0042621
GO:0043287 -[is_a]-> GO:0005488
GO:0043288 -[is_a]-> GO:0006720
GO:0043289 -[is_a]-> GO:0008299
GO:0043289 -[is_a]-> GO:0043288
GO:0043290 -[is_a]-> GO:0008300
GO:0043290 -[is_a]-> GO:0043288
GO:0043291 -[is_a]-> GO:0043234
GO:0043291 -[is_a]-> GO:0044444
GO:0043292 -[is_a]-> GO:0043232
GO:0043292 -[is_a]-> GO:0044444
GO:0043293 -[is_a]-> GO:0043234
GO:0043293 -[is_a]-> GO:0044445
GO:0043294 -[is_a]-> GO:0031027
GO:0043294 -[is_a]-> GO:0044429
GO:0043294 -[part_of]-> GO:0005739
GO:0043294 -[part_of]-> GO:0005759
GO:0043295 -[is_a]-> GO:0072341
GO:0043295 -[is_a]-> GO:1900750
GO:0043295 -[is_a]-> GO:1901681
GO:0043296 -[is_a]-> GO:0005911
GO:0043297 -[is_a]-> GO:0007043
GO:0043299 -[is_a]-> GO:0002252
GO:0043299 -[is_a]-> GO:0045055
GO:0043300 -[is_a]-> GO:0002697
GO:0043300 -[is_a]-> GO:1903305
GO:0043300 -[regulates]-> GO:0043299
GO:0043301 -[is_a]-> GO:0002698
GO:0043301 -[is_a]-> GO:0043300
GO:0043301 -[is_a]-> GO:1903306
GO:0043301 -[negatively_regulates]-> GO:0043299
GO:0043302 -[is_a]-> GO:0002699
GO:0043302 -[is_a]-> GO:0043300
GO:0043302 -[is_a]-> GO:1903307
GO:0043302 -[positively_regulates]-> GO:0043299
GO:0043303 -[is_a]-> GO:0002279
GO:0043303 -[is_a]-> GO:0032418
GO:0043303 -[is_a]-> GO:0043299
GO:0043303 -[is_a]-> GO:0051656
GO:0043303 -[is_a]-> GO:1902582
GO:0043303 -[occurs_in]-> GO:0042629
GO:0043303 -[part_of]-> GO:0002448
GO:0043304 -[is_a]-> GO:0002886
GO:0043304 -[is_a]-> GO:0032386
GO:0043304 -[is_a]-> GO:0033006
GO:0043304 -[is_a]-> GO:0043300
GO:0043304 -[regulates]-> GO:0043303
GO:0043305 -[is_a]-> GO:0002887
GO:0043305 -[is_a]-> GO:0032387
GO:0043305 -[is_a]-> GO:0033007
GO:0043305 -[is_a]-> GO:0043301
GO:0043305 -[is_a]-> GO:0043304
GO:0043305 -[negatively_regulates]-> GO:0043303
GO:0043306 -[is_a]-> GO:0002888
GO:0043306 -[is_a]-> GO:0032388
GO:0043306 -[is_a]-> GO:0033008
GO:0043306 -[is_a]-> GO:0043302
GO:0043306 -[is_a]-> GO:0043304
GO:0043306 -[positively_regulates]-> GO:0043303
GO:0043307 -[is_a]-> GO:0036230
GO:0043308 -[is_a]-> GO:0002278
GO:0043308 -[is_a]-> GO:0043299
GO:0043308 -[part_of]-> GO:0002447
GO:0043309 -[is_a]-> GO:0002886
GO:0043309 -[is_a]-> GO:0043300
GO:0043309 -[is_a]-> GO:0050776
GO:0043309 -[is_a]-> GO:1902566
GO:0043309 -[regulates]-> GO:0043308
GO:0043310 -[is_a]-> GO:0002887
GO:0043310 -[is_a]-> GO:0043301
GO:0043310 -[is_a]-> GO:0043309
GO:0043310 -[is_a]-> GO:0050777
GO:0043310 -[is_a]-> GO:1902567
GO:0043310 -[negatively_regulates]-> GO:0043308
GO:0043311 -[is_a]-> GO:0002888
GO:0043311 -[is_a]-> GO:0043302
GO:0043311 -[is_a]-> GO:0043309
GO:0043311 -[is_a]-> GO:0050778
GO:0043311 -[is_a]-> GO:1902568
GO:0043311 -[positively_regulates]-> GO:0043308
GO:0043312 -[is_a]-> GO:0002283
GO:0043312 -[is_a]-> GO:0043299
GO:0043312 -[part_of]-> GO:0002446
GO:0043313 -[is_a]-> GO:0002886
GO:0043313 -[is_a]-> GO:0043300
GO:0043313 -[is_a]-> GO:0050776
GO:0043313 -[is_a]-> GO:1902563
GO:0043313 -[regulates]-> GO:0043312
GO:0043314 -[is_a]-> GO:0002887
GO:0043314 -[is_a]-> GO:0043301
GO:0043314 -[is_a]-> GO:0043313
GO:0043314 -[is_a]-> GO:0050777
GO:0043314 -[is_a]-> GO:1902564
GO:0043314 -[negatively_regulates]-> GO:0043312
GO:0043315 -[is_a]-> GO:0002888
GO:0043315 -[is_a]-> GO:0043302
GO:0043315 -[is_a]-> GO:0043313
GO:0043315 -[is_a]-> GO:0050778
GO:0043315 -[is_a]-> GO:1902565
GO:0043315 -[positively_regulates]-> GO:0043312
GO:0043316 -[is_a]-> GO:0002286
GO:0043316 -[is_a]-> GO:0043299
GO:0043316 -[part_of]-> GO:0001913
GO:0043317 -[is_a]-> GO:0001914
GO:0043317 -[is_a]-> GO:0043300
GO:0043317 -[is_a]-> GO:0050863
GO:0043317 -[regulates]-> GO:0043316
GO:0043318 -[is_a]-> GO:0001915
GO:0043318 -[is_a]-> GO:0043301
GO:0043318 -[is_a]-> GO:0043317
GO:0043318 -[is_a]-> GO:0050868
GO:0043318 -[negatively_regulates]-> GO:0043316
GO:0043319 -[is_a]-> GO:0001916
GO:0043319 -[is_a]-> GO:0043302
GO:0043319 -[is_a]-> GO:0043317
GO:0043319 -[is_a]-> GO:0050870
GO:0043319 -[positively_regulates]-> GO:0043316
GO:0043320 -[is_a]-> GO:0002323
GO:0043320 -[is_a]-> GO:0043299
GO:0043320 -[part_of]-> GO:0042267
GO:0043321 -[is_a]-> GO:0032814
GO:0043321 -[is_a]-> GO:0042269
GO:0043321 -[is_a]-> GO:0043300
GO:0043321 -[regulates]-> GO:0043320
GO:0043322 -[is_a]-> GO:0032815
GO:0043322 -[is_a]-> GO:0043301
GO:0043322 -[is_a]-> GO:0043321
GO:0043322 -[is_a]-> GO:0045953
GO:0043322 -[negatively_regulates]-> GO:0043320
GO:0043323 -[is_a]-> GO:0032816
GO:0043323 -[is_a]-> GO:0043302
GO:0043323 -[is_a]-> GO:0043321
GO:0043323 -[is_a]-> GO:0045954
GO:0043323 -[positively_regulates]-> GO:0043320
GO:0043324 -[is_a]-> GO:0043474
GO:0043324 -[part_of]-> GO:0048066
GO:0043325 -[is_a]-> GO:0043168
GO:0043326 -[is_a]-> GO:0006935
GO:0043326 -[is_a]-> GO:0051593
GO:0043327 -[is_a]-> GO:0006935
GO:0043328 -[is_a]-> GO:0006623
GO:0043328 -[is_a]-> GO:0032511
GO:0043328 -[part_of]-> GO:0043162
GO:0043329 -[is_a]-> GO:0006612
GO:0043329 -[has_part]-> GO:0071985
GO:0043329 -[part_of]-> GO:0043162
GO:0043330 -[is_a]-> GO:0043331
GO:0043331 -[is_a]-> GO:0014070
GO:0043331 -[is_a]-> GO:1901698
GO:0043332 -[is_a]-> GO:0030427
GO:0043332 -[is_a]-> GO:0044463
GO:0043332 -[part_of]-> GO:0005937
GO:0043333 -[is_a]-> GO:0008425
GO:0043334 -[is_a]-> GO:0008425
GO:0043335 -[is_a]-> GO:0009987
GO:0043336 -[is_a]-> GO:0003824
GO:0043336 -[part_of]-> GO:0000723
GO:0043337 -[is_a]-> GO:0030572
GO:0043338 -[is_a]-> GO:0070567
GO:0043353 -[is_a]-> GO:0030218
GO:0043354 -[is_a]-> GO:0043249
GO:0043354 -[part_of]-> GO:0048822
GO:0043362 -[is_a]-> GO:0043249
GO:0043362 -[part_of]-> GO:0048823
GO:0043363 -[is_a]-> GO:0030218
GO:0043364 -[is_a]-> GO:0003824
GO:0043365 -[is_a]-> GO:0016491
GO:0043365 -[is_a]-> GO:0043364
GO:0043365 -[is_a]-> GO:0070283
GO:0043366 -[is_a]-> GO:0045058
GO:0043366 -[part_of]-> GO:0046632
GO:0043367 -[is_a]-> GO:0035710
GO:0043367 -[is_a]-> GO:0046632
GO:0043368 -[is_a]-> GO:0045058
GO:0043369 -[is_a]-> GO:0002360
GO:0043369 -[part_of]-> GO:0043368
GO:0043370 -[is_a]-> GO:0046637
GO:0043370 -[is_a]-> GO:2000514
GO:0043370 -[regulates]-> GO:0043367
GO:0043371 -[is_a]-> GO:0043370
GO:0043371 -[is_a]-> GO:0046639
GO:0043371 -[is_a]-> GO:2000515
GO:0043371 -[negatively_regulates]-> GO:0043367
GO:0043372 -[is_a]-> GO:0043370
GO:0043372 -[is_a]-> GO:0046638
GO:0043372 -[is_a]-> GO:2000516
GO:0043372 -[positively_regulates]-> GO:0043367
GO:0043373 -[is_a]-> GO:0002363
GO:0043373 -[is_a]-> GO:0043369
GO:0043373 -[part_of]-> GO:0043367
GO:0043374 -[is_a]-> GO:0036037
GO:0043374 -[is_a]-> GO:0046632
GO:0043375 -[is_a]-> GO:0002363
GO:0043375 -[is_a]-> GO:0043369
GO:0043375 -[part_of]-> GO:0043374
GO:0043376 -[is_a]-> GO:0046637
GO:0043376 -[is_a]-> GO:2001185
GO:0043376 -[regulates]-> GO:0043374
GO:0043377 -[is_a]-> GO:0043376
GO:0043377 -[is_a]-> GO:0046639
GO:0043377 -[is_a]-> GO:2001186
GO:0043377 -[negatively_regulates]-> GO:0043374
GO:0043378 -[is_a]-> GO:0043376
GO:0043378 -[is_a]-> GO:0046638
GO:0043378 -[is_a]-> GO:2001187
GO:0043378 -[positively_regulates]-> GO:0043374
GO:0043379 -[is_a]-> GO:0002292
GO:0043380 -[is_a]-> GO:0002697
GO:0043380 -[is_a]-> GO:0045580
GO:0043380 -[is_a]-> GO:0050776
GO:0043380 -[regulates]-> GO:0043379
GO:0043381 -[is_a]-> GO:0002698
GO:0043381 -[is_a]-> GO:0043380
GO:0043381 -[is_a]-> GO:0045581
GO:0043381 -[is_a]-> GO:0050777
GO:0043381 -[negatively_regulates]-> GO:0043379
GO:0043382 -[is_a]-> GO:0002699
GO:0043382 -[is_a]-> GO:0043380
GO:0043382 -[is_a]-> GO:0045582
GO:0043382 -[is_a]-> GO:0050778
GO:0043382 -[positively_regulates]-> GO:0043379
GO:0043383 -[is_a]-> GO:0045058
GO:0043384 -[is_a]-> GO:0098802
GO:0043384 -[part_of]-> GO:0005887
GO:0043385 -[is_a]-> GO:0009404
GO:0043386 -[is_a]-> GO:0009403
GO:0043386 -[is_a]-> GO:0043385
GO:0043387 -[is_a]-> GO:0009407
GO:0043387 -[is_a]-> GO:0043385
GO:0043388 -[is_a]-> GO:0051099
GO:0043388 -[is_a]-> GO:0051101
GO:0043388 -[positively_regulates]-> GO:0003677
GO:0043390 -[is_a]-> GO:0006725
GO:0043390 -[is_a]-> GO:0018904
GO:0043390 -[is_a]-> GO:0042180
GO:0043390 -[is_a]-> GO:0046222
GO:0043391 -[is_a]-> GO:0046222
GO:0043392 -[is_a]-> GO:0051100
GO:0043392 -[is_a]-> GO:0051101
GO:0043392 -[negatively_regulates]-> GO:0003677
GO:0043393 -[is_a]-> GO:0051098
GO:0043393 -[regulates]-> GO:0005515
GO:0043394 -[is_a]-> GO:0001948
GO:0043395 -[is_a]-> GO:0043394
GO:0043395 -[is_a]-> GO:1901681
GO:0043396 -[is_a]-> GO:0030072
GO:0043397 -[is_a]-> GO:0090276
GO:0043397 -[regulates]-> GO:0043396
GO:0043398 -[is_a]-> GO:0019904
GO:0043399 -[is_a]-> GO:0016763
GO:0043400 -[is_a]-> GO:0015850
GO:0043400 -[is_a]-> GO:0035933
GO:0043401 -[is_a]-> GO:0009755
GO:0043401 -[part_of]-> GO:0071383
GO:0043402 -[is_a]-> GO:0043401
GO:0043402 -[part_of]-> GO:0071385
GO:0043403 -[is_a]-> GO:0042246
GO:0043404 -[is_a]-> GO:0001653
GO:0043404 -[has_part]-> GO:0051424
GO:0043404 -[part_of]-> GO:0009755
GO:0043405 -[is_a]-> GO:0043408
GO:0043405 -[is_a]-> GO:0071900
GO:0043405 -[regulates]-> GO:0004707
GO:0043406 -[is_a]-> GO:0043405
GO:0043406 -[is_a]-> GO:0043410
GO:0043406 -[is_a]-> GO:0071902
GO:0043406 -[positively_regulates]-> GO:0004707
GO:0043407 -[is_a]-> GO:0043405
GO:0043407 -[is_a]-> GO:0043409
GO:0043407 -[is_a]-> GO:0071901
GO:0043407 -[negatively_regulates]-> GO:0004707
GO:0043408 -[is_a]-> GO:0001932
GO:0043408 -[is_a]-> GO:1902531
GO:0043408 -[regulates]-> GO:0000165
GO:0043409 -[is_a]-> GO:0001933
GO:0043409 -[is_a]-> GO:0043408
GO:0043409 -[is_a]-> GO:1902532
GO:0043409 -[negatively_regulates]-> GO:0000165
GO:0043410 -[is_a]-> GO:0001934
GO:0043410 -[is_a]-> GO:0043408
GO:0043410 -[is_a]-> GO:1902533
GO:0043410 -[positively_regulates]-> GO:0000165
GO:0043412 -[is_a]-> GO:0043170
GO:0043413 -[is_a]-> GO:0043412
GO:0043413 -[is_a]-> GO:0070085
GO:0043414 -[is_a]-> GO:0032259
GO:0043414 -[is_a]-> GO:0043412
GO:0043414 -[is_a]-> GO:0044260
GO:0043415 -[is_a]-> GO:0043416
GO:0043415 -[is_a]-> GO:0048639
GO:0043415 -[is_a]-> GO:0090303
GO:0043415 -[positively_regulates]-> GO:0043403
GO:0043416 -[is_a]-> GO:0032101
GO:0043416 -[is_a]-> GO:0048638
GO:0043416 -[is_a]-> GO:0061041
GO:0043416 -[is_a]-> GO:2000026
GO:0043416 -[regulates]-> GO:0043403
GO:0043417 -[is_a]-> GO:0043416
GO:0043417 -[is_a]-> GO:0048640
GO:0043417 -[is_a]-> GO:0061045
GO:0043417 -[negatively_regulates]-> GO:0043403
GO:0043418 -[is_a]-> GO:0000098
GO:0043418 -[is_a]-> GO:0050667
GO:0043418 -[is_a]-> GO:1901606
GO:0043419 -[is_a]-> GO:0019627
GO:0043419 -[is_a]-> GO:0043605
GO:0043419 -[is_a]-> GO:0044282
GO:0043419 -[is_a]-> GO:1901565
GO:0043420 -[is_a]-> GO:0032787
GO:0043421 -[is_a]-> GO:0042178
GO:0043421 -[is_a]-> GO:0043420
GO:0043421 -[is_a]-> GO:0072329
GO:0043422 -[is_a]-> GO:0019901
GO:0043423 -[is_a]-> GO:0019901
GO:0043424 -[is_a]-> GO:0019901
GO:0043425 -[is_a]-> GO:0008134
GO:0043426 -[is_a]-> GO:0043425
GO:0043427 -[is_a]-> GO:0015977
GO:0043428 -[is_a]-> GO:0008425
GO:0043429 -[is_a]-> GO:0008425
GO:0043430 -[is_a]-> GO:0008425
GO:0043431 -[is_a]-> GO:0008171
GO:0043433 -[is_a]-> GO:0044092
GO:0043433 -[is_a]-> GO:0048519
GO:0043433 -[is_a]-> GO:0051090
GO:0043433 -[negatively_regulates]-> GO:0003700
GO:0043434 -[is_a]-> GO:0009725
GO:0043434 -[is_a]-> GO:1901652
GO:0043435 -[is_a]-> GO:0043434
GO:0043436 -[is_a]-> GO:0006082
GO:0043438 -[is_a]-> GO:0046459
GO:0043441 -[is_a]-> GO:0043438
GO:0043441 -[is_a]-> GO:0051790
GO:0043442 -[is_a]-> GO:0019626
GO:0043442 -[is_a]-> GO:0043438
GO:0043443 -[is_a]-> GO:0042180
GO:0043443 -[is_a]-> GO:1902224
GO:0043444 -[is_a]-> GO:0042182
GO:0043444 -[is_a]-> GO:0043443
GO:0043444 -[is_a]-> GO:0046952
GO:0043445 -[is_a]-> GO:0042181
GO:0043445 -[is_a]-> GO:0043443
GO:0043445 -[is_a]-> GO:0046951
GO:0043446 -[is_a]-> GO:0044237
GO:0043446 -[is_a]-> GO:0044710
GO:0043446 -[is_a]-> GO:0044763
GO:0043446 -[is_a]-> GO:0071704
GO:0043447 -[is_a]-> GO:0043446
GO:0043447 -[is_a]-> GO:0044249
GO:0043447 -[is_a]-> GO:0044711
GO:0043447 -[is_a]-> GO:1901576
GO:0043448 -[is_a]-> GO:0043446
GO:0043448 -[is_a]-> GO:0044248
GO:0043448 -[is_a]-> GO:0044712
GO:0043448 -[is_a]-> GO:1901575
GO:0043449 -[is_a]-> GO:0044237
GO:0043449 -[is_a]-> GO:1900673
GO:0043450 -[is_a]-> GO:0043449
GO:0043450 -[is_a]-> GO:0044249
GO:0043450 -[is_a]-> GO:1900674
GO:0043451 -[is_a]-> GO:0043449
GO:0043451 -[is_a]-> GO:0044248
GO:0043451 -[is_a]-> GO:1901575
GO:0043452 -[is_a]-> GO:0044237
GO:0043452 -[is_a]-> GO:0044710
GO:0043452 -[is_a]-> GO:0044763
GO:0043452 -[is_a]-> GO:0071704
GO:0043453 -[is_a]-> GO:0043452
GO:0043453 -[is_a]-> GO:0044249
GO:0043453 -[is_a]-> GO:0044711
GO:0043453 -[is_a]-> GO:1901576
GO:0043454 -[is_a]-> GO:0043452
GO:0043454 -[is_a]-> GO:0044248
GO:0043454 -[is_a]-> GO:0044712
GO:0043454 -[is_a]-> GO:1901575
GO:0043455 -[is_a]-> GO:0019222
GO:0043455 -[regulates]-> GO:0019748
GO:0043456 -[is_a]-> GO:0034248
GO:0043456 -[is_a]-> GO:0043455
GO:0043456 -[is_a]-> GO:0043471
GO:0043456 -[is_a]-> GO:1902031
GO:0043456 -[regulates]-> GO:0006098
GO:0043457 -[is_a]-> GO:0043467
GO:0043457 -[regulates]-> GO:0045333
GO:0043458 -[is_a]-> GO:0006115
GO:0043458 -[part_of]-> GO:0019655
GO:0043461 -[is_a]-> GO:0070071
GO:0043461 -[part_of]-> GO:0070272
GO:0043462 -[is_a]-> GO:0051336
GO:0043462 -[regulates]-> GO:0016887
GO:0043463 -[is_a]-> GO:0043471
GO:0043463 -[regulates]-> GO:0019301
GO:0043464 -[is_a]-> GO:0006113
GO:0043465 -[is_a]-> GO:0043467
GO:0043465 -[regulates]-> GO:0006113
GO:0043466 -[is_a]-> GO:0006208
GO:0043466 -[is_a]-> GO:0019666
GO:0043467 -[is_a]-> GO:0031323
GO:0043467 -[regulates]-> GO:0006091
GO:0043468 -[is_a]-> GO:0043471
GO:0043468 -[regulates]-> GO:0019317
GO:0043469 -[is_a]-> GO:0043471
GO:0043469 -[regulates]-> GO:0042843
GO:0043470 -[is_a]-> GO:0006109
GO:0043470 -[is_a]-> GO:0009894
GO:0043470 -[regulates]-> GO:0016052
GO:0043471 -[is_a]-> GO:0010675
GO:0043471 -[is_a]-> GO:0031329
GO:0043471 -[is_a]-> GO:0043470
GO:0043471 -[is_a]-> GO:0060255
GO:0043471 -[regulates]-> GO:0044275
GO:0043472 -[is_a]-> GO:0019865
GO:0043473 -[is_a]-> GO:0044699
GO:0043474 -[is_a]-> GO:0042440
GO:0043474 -[part_of]-> GO:0043473
GO:0043475 -[is_a]-> GO:0043474
GO:0043475 -[part_of]-> GO:0043476
GO:0043476 -[is_a]-> GO:0009605
GO:0043476 -[is_a]-> GO:0043473
GO:0043477 -[is_a]-> GO:0043475
GO:0043477 -[is_a]-> GO:0046148
GO:0043477 -[part_of]-> GO:0043476
GO:0043478 -[is_a]-> GO:0009411
GO:0043478 -[is_a]-> GO:0043476
GO:0043479 -[is_a]-> GO:0043478
GO:0043479 -[is_a]-> GO:0043480
GO:0043480 -[is_a]-> GO:0043476
GO:0043480 -[is_a]-> GO:0044707
GO:0043481 -[is_a]-> GO:0043479
GO:0043482 -[is_a]-> GO:0033059
GO:0043482 -[is_a]-> GO:0043476
GO:0043482 -[is_a]-> GO:0051716
GO:0043483 -[is_a]-> GO:0009718
GO:0043483 -[is_a]-> GO:0043477
GO:0043483 -[part_of]-> GO:0043481
GO:0043484 -[is_a]-> GO:0010468
GO:0043484 -[is_a]-> GO:0051252
GO:0043484 -[regulates]-> GO:0008380
GO:0043485 -[is_a]-> GO:0016197
GO:0043485 -[part_of]-> GO:0048757
GO:0043486 -[is_a]-> GO:0034728
GO:0043486 -[is_a]-> GO:0043044
GO:0043486 -[has_part]-> GO:0001207
GO:0043487 -[is_a]-> GO:0010608
GO:0043487 -[is_a]-> GO:0065008
GO:0043488 -[is_a]-> GO:0043487
GO:0043489 -[is_a]-> GO:0043487
GO:0043490 -[is_a]-> GO:0006839
GO:0043490 -[part_of]-> GO:0022904
GO:0043491 -[is_a]-> GO:0035556
GO:0043492 -[is_a]-> GO:0042623
GO:0043493 -[is_a]-> GO:0043234
GO:0043494 -[is_a]-> GO:0000152
GO:0043494 -[is_a]-> GO:0031465
GO:0043494 -[is_a]-> GO:0035097
GO:0043495 -[is_a]-> GO:0005515
GO:0043496 -[is_a]-> GO:0043393
GO:0043496 -[regulates]-> GO:0042803
GO:0043497 -[is_a]-> GO:0043393
GO:0043497 -[regulates]-> GO:0046982
GO:0043500 -[is_a]-> GO:0003012
GO:0043500 -[is_a]-> GO:0050896
GO:0043501 -[is_a]-> GO:0014888
GO:0043502 -[is_a]-> GO:0048583
GO:0043502 -[is_a]-> GO:0090257
GO:0043502 -[regulates]-> GO:0043500
GO:0043503 -[is_a]-> GO:0051716
GO:0043503 -[part_of]-> GO:0043501
GO:0043504 -[is_a]-> GO:0006281
GO:0043504 -[is_a]-> GO:0032042
GO:0043504 -[occurs_in]-> GO:0005739
GO:0043505 -[is_a]-> GO:0000786
GO:0043505 -[part_of]-> GO:0000775
GO:0043505 -[part_of]-> GO:0061638
GO:0043506 -[is_a]-> GO:0043405
GO:0043506 -[is_a]-> GO:0046328
GO:0043506 -[regulates]-> GO:0004705
GO:0043507 -[is_a]-> GO:0043406
GO:0043507 -[is_a]-> GO:0043506
GO:0043507 -[is_a]-> GO:0046330
GO:0043507 -[positively_regulates]-> GO:0004705
GO:0043508 -[is_a]-> GO:0043407
GO:0043508 -[is_a]-> GO:0043506
GO:0043508 -[is_a]-> GO:0046329
GO:0043508 -[negatively_regulates]-> GO:0004705
GO:0043509 -[is_a]-> GO:0048180
GO:0043510 -[is_a]-> GO:0048180
GO:0043511 -[is_a]-> GO:0043234
GO:0043511 -[is_a]-> GO:0044421
GO:0043511 -[part_of]-> GO:0005615
GO:0043512 -[is_a]-> GO:0043511
GO:0043513 -[is_a]-> GO:0043511
GO:0043514 -[is_a]-> GO:0043234
GO:0043514 -[is_a]-> GO:0044421
GO:0043514 -[part_of]-> GO:0005615
GO:0043515 -[is_a]-> GO:0032403
GO:0043516 -[is_a]-> GO:1901796
GO:0043516 -[is_a]-> GO:2001020
GO:0043516 -[regulates]-> GO:0030330
GO:0043517 -[is_a]-> GO:0043516
GO:0043517 -[is_a]-> GO:1901798
GO:0043517 -[is_a]-> GO:2001022
GO:0043517 -[positively_regulates]-> GO:0030330
GO:0043518 -[is_a]-> GO:0043516
GO:0043518 -[is_a]-> GO:1901797
GO:0043518 -[is_a]-> GO:2001021
GO:0043518 -[negatively_regulates]-> GO:0030330
GO:0043519 -[is_a]-> GO:0032956
GO:0043519 -[regulates]-> GO:0031038
GO:0043520 -[is_a]-> GO:0043254
GO:0043520 -[is_a]-> GO:0043519
GO:0043520 -[regulates]-> GO:0031036
GO:0043521 -[is_a]-> GO:0043244
GO:0043521 -[is_a]-> GO:0043519
GO:0043521 -[regulates]-> GO:0031037
GO:0043522 -[is_a]-> GO:0030275
GO:0043523 -[is_a]-> GO:0042981
GO:0043523 -[is_a]-> GO:1901214
GO:0043523 -[regulates]-> GO:0051402
GO:0043524 -[is_a]-> GO:0043066
GO:0043524 -[is_a]-> GO:0043523
GO:0043524 -[is_a]-> GO:1901215
GO:0043524 -[negatively_regulates]-> GO:0051402
GO:0043525 -[is_a]-> GO:0043065
GO:0043525 -[is_a]-> GO:0043523
GO:0043525 -[is_a]-> GO:1901216
GO:0043525 -[positively_regulates]-> GO:0051402
GO:0043527 -[is_a]-> GO:0034708
GO:0043527 -[is_a]-> GO:0044444
GO:0043528 -[is_a]-> GO:0043527
GO:0043529 -[is_a]-> GO:0043234
GO:0043529 -[is_a]-> GO:0044432
GO:0043530 -[is_a]-> GO:0016811
GO:0043531 -[is_a]-> GO:0032550
GO:0043531 -[is_a]-> GO:0032559
GO:0043532 -[is_a]-> GO:0005515
GO:0043533 -[is_a]-> GO:0043178
GO:0043534 -[is_a]-> GO:0043542
GO:0043535 -[is_a]-> GO:0010594
GO:0043535 -[regulates]-> GO:0043534
GO:0043536 -[is_a]-> GO:0010595
GO:0043536 -[is_a]-> GO:0043535
GO:0043536 -[positively_regulates]-> GO:0043534
GO:0043537 -[is_a]-> GO:0010596
GO:0043537 -[is_a]-> GO:0043535
GO:0043537 -[negatively_regulates]-> GO:0043534
GO:0043538 -[is_a]-> GO:0001932
GO:0043538 -[is_a]-> GO:0032956
GO:0043538 -[regulates]-> GO:0031289
GO:0043539 -[is_a]-> GO:0030295
GO:0043539 -[part_of]-> GO:0071902
GO:0043539 -[positively_regulates]-> GO:0004674
GO:0043540 -[is_a]-> GO:0044445
GO:0043540 -[is_a]-> GO:0061695
GO:0043541 -[is_a]-> GO:0044432
GO:0043541 -[is_a]-> GO:0098796
GO:0043541 -[part_of]-> GO:0005789
GO:0043542 -[is_a]-> GO:0010631
GO:0043543 -[is_a]-> GO:0006464
GO:0043544 -[is_a]-> GO:0033218
GO:0043544 -[is_a]-> GO:0097159
GO:0043544 -[is_a]-> GO:1901363
GO:0043544 -[is_a]-> GO:1901681
GO:0043545 -[is_a]-> GO:0006732
GO:0043545 -[is_a]-> GO:0006796
GO:0043545 -[is_a]-> GO:0019637
GO:0043545 -[is_a]-> GO:0046483
GO:0043545 -[is_a]-> GO:0051189
GO:0043545 -[is_a]-> GO:1901360
GO:0043545 -[is_a]-> GO:1901564
GO:0043546 -[is_a]-> GO:0050662
GO:0043546 -[is_a]-> GO:0097159
GO:0043546 -[is_a]-> GO:1901363
GO:0043547 -[is_a]-> GO:0043087
GO:0043547 -[is_a]-> GO:0051345
GO:0043547 -[positively_regulates]-> GO:0003924
GO:0043548 -[is_a]-> GO:0005515
GO:0043549 -[is_a]-> GO:0042325
GO:0043549 -[is_a]-> GO:0051338
GO:0043549 -[regulates]-> GO:0016301
GO:0043550 -[is_a]-> GO:0019216
GO:0043550 -[is_a]-> GO:0043549
GO:0043550 -[regulates]-> GO:0001727
GO:0043551 -[is_a]-> GO:0043550
GO:0043551 -[is_a]-> GO:1903725
GO:0043551 -[regulates]-> GO:0035004
GO:0043552 -[is_a]-> GO:0043551
GO:0043552 -[is_a]-> GO:0090218
GO:0043552 -[is_a]-> GO:1903727
GO:0043552 -[positively_regulates]-> GO:0035004
GO:0043553 -[is_a]-> GO:0043551
GO:0043553 -[is_a]-> GO:0090219
GO:0043553 -[is_a]-> GO:1903726
GO:0043553 -[negatively_regulates]-> GO:0035004
GO:0043554 -[is_a]-> GO:0009060
GO:0043554 -[is_a]-> GO:0015975
GO:0043555 -[is_a]-> GO:0006417
GO:0043555 -[is_a]-> GO:0033554
GO:0043556 -[is_a]-> GO:0043555
GO:0043556 -[part_of]-> GO:0034599
GO:0043557 -[is_a]-> GO:0006970
GO:0043557 -[is_a]-> GO:0043555
GO:0043558 -[is_a]-> GO:0006446
GO:0043558 -[is_a]-> GO:0043555
GO:0043559 -[is_a]-> GO:0005515
GO:0043559 -[is_a]-> GO:0017046
GO:0043560 -[is_a]-> GO:0005515
GO:0043561 -[is_a]-> GO:0043557
GO:0043561 -[is_a]-> GO:0043558
GO:0043562 -[is_a]-> GO:0031669
GO:0043563 -[is_a]-> GO:0005215
GO:0043564 -[is_a]-> GO:0043234
GO:0043564 -[is_a]-> GO:0044428
GO:0043565 -[is_a]-> GO:0003677
GO:0043566 -[is_a]-> GO:0003677
GO:0043567 -[is_a]-> GO:0009966
GO:0043567 -[regulates]-> GO:0048009
GO:0043568 -[is_a]-> GO:0009967
GO:0043568 -[is_a]-> GO:0043567
GO:0043568 -[positively_regulates]-> GO:0048009
GO:0043569 -[is_a]-> GO:0009968
GO:0043569 -[is_a]-> GO:0043567
GO:0043569 -[negatively_regulates]-> GO:0048009
GO:0043570 -[is_a]-> GO:0006259
GO:0043570 -[is_a]-> GO:0051276
GO:0043571 -[is_a]-> GO:0043570
GO:0043572 -[is_a]-> GO:0048285
GO:0043573 -[is_a]-> GO:0043572
GO:0043574 -[is_a]-> GO:0006810
GO:0043575 -[is_a]-> GO:0006970
GO:0043575 -[is_a]-> GO:0009582
GO:0043576 -[is_a]-> GO:0051239
GO:0043576 -[regulates]-> GO:0007585
GO:0043577 -[is_a]-> GO:0009606
GO:0043577 -[part_of]-> GO:0042221
GO:0043578 -[is_a]-> GO:0006997
GO:0043579 -[is_a]-> GO:0009657
GO:0043580 -[is_a]-> GO:0016043
GO:0043580 -[is_a]-> GO:0044763
GO:0043581 -[is_a]-> GO:0044767
GO:0043581 -[is_a]-> GO:0048856
GO:0043581 -[part_of]-> GO:0007275
GO:0043582 -[is_a]-> GO:0075259
GO:0043582 -[is_a]-> GO:0099402
GO:0043583 -[is_a]-> GO:0007423
GO:0043584 -[is_a]-> GO:0007423
GO:0043584 -[part_of]-> GO:0060541
GO:0043585 -[is_a]-> GO:0090596
GO:0043585 -[part_of]-> GO:0043584
GO:0043586 -[is_a]-> GO:0007423
GO:0043587 -[is_a]-> GO:0090596
GO:0043587 -[part_of]-> GO:0043586
GO:0043588 -[is_a]-> GO:0048513
GO:0043589 -[is_a]-> GO:0009887
GO:0043589 -[part_of]-> GO:0043588
GO:0043590 -[is_a]-> GO:0009295
GO:0043590 -[is_a]-> GO:0043232
GO:0043591 -[is_a]-> GO:0031160
GO:0043592 -[is_a]-> GO:0044426
GO:0043592 -[part_of]-> GO:0043591
GO:0043593 -[is_a]-> GO:0044426
GO:0043593 -[part_of]-> GO:0043591
GO:0043594 -[is_a]-> GO:0019867
GO:0043594 -[is_a]-> GO:0044426
GO:0043594 -[part_of]-> GO:0043591
GO:0043595 -[is_a]-> GO:0044426
GO:0043595 -[part_of]-> GO:0043591
GO:0043596 -[is_a]-> GO:0005657
GO:0043596 -[is_a]-> GO:0044454
GO:0043596 -[has_part]-> GO:0071162
GO:0043596 -[part_of]-> GO:0005634
GO:0043597 -[is_a]-> GO:0005657
GO:0043597 -[is_a]-> GO:0044444
GO:0043597 -[part_of]-> GO:0000229
GO:0043597 -[part_of]-> GO:0005737
GO:0043598 -[is_a]-> GO:0005663
GO:0043598 -[is_a]-> GO:0044444
GO:0043598 -[part_of]-> GO:0005737
GO:0043598 -[part_of]-> GO:0043600
GO:0043599 -[is_a]-> GO:0005663
GO:0043599 -[is_a]-> GO:0044454
GO:0043599 -[part_of]-> GO:0005634
GO:0043599 -[part_of]-> GO:0043601
GO:0043600 -[is_a]-> GO:0030894
GO:0043600 -[is_a]-> GO:0044444
GO:0043600 -[has_part]-> GO:0009360
GO:0043600 -[has_part]-> GO:0044777
GO:0043600 -[part_of]-> GO:0005737
GO:0043600 -[part_of]-> GO:0043597
GO:0043601 -[is_a]-> GO:0030894
GO:0043601 -[is_a]-> GO:0044454
GO:0043601 -[part_of]-> GO:0005634
GO:0043601 -[part_of]-> GO:0043596
GO:0043602 -[is_a]-> GO:0042126
GO:0043602 -[is_a]-> GO:0044270
GO:0043602 -[is_a]-> GO:0044712
GO:0043603 -[is_a]-> GO:0034641
GO:0043604 -[is_a]-> GO:0043603
GO:0043604 -[is_a]-> GO:0044271
GO:0043605 -[is_a]-> GO:0043603
GO:0043605 -[is_a]-> GO:0044270
GO:0043606 -[is_a]-> GO:0043603
GO:0043606 -[is_a]-> GO:1901564
GO:0043607 -[is_a]-> GO:0043604
GO:0043607 -[is_a]-> GO:0043606
GO:0043607 -[is_a]-> GO:1901566
GO:0043608 -[is_a]-> GO:0043605
GO:0043608 -[is_a]-> GO:0043606
GO:0043608 -[is_a]-> GO:1901565
GO:0043609 -[is_a]-> GO:0050789
GO:0043609 -[regulates]-> GO:0015976
GO:0043610 -[is_a]-> GO:0050789
GO:0043610 -[regulates]-> GO:0009758
GO:0043611 -[is_a]-> GO:0042214
GO:0043611 -[is_a]-> GO:1900673
GO:0043612 -[is_a]-> GO:0043611
GO:0043612 -[is_a]-> GO:0046246
GO:0043612 -[is_a]-> GO:1900674
GO:0043613 -[is_a]-> GO:0043611
GO:0043613 -[is_a]-> GO:0046247
GO:0043614 -[is_a]-> GO:0030529
GO:0043614 -[is_a]-> GO:0044444
GO:0043615 -[is_a]-> GO:0008347
GO:0043616 -[is_a]-> GO:0050673
GO:0043617 -[is_a]-> GO:0009267
GO:0043618 -[is_a]-> GO:0006357
GO:0043618 -[is_a]-> GO:0043620
GO:0043619 -[is_a]-> GO:0043618
GO:0043619 -[part_of]-> GO:0034599
GO:0043620 -[is_a]-> GO:0006355
GO:0043620 -[is_a]-> GO:0033554
GO:0043621 -[is_a]-> GO:0005515
GO:0043622 -[is_a]-> GO:0030865
GO:0043622 -[is_a]-> GO:0031122
GO:0043623 -[is_a]-> GO:0006461
GO:0043623 -[is_a]-> GO:0034622
GO:0043624 -[is_a]-> GO:0043241
GO:0043625 -[is_a]-> GO:0042575
GO:0043625 -[is_a]-> GO:0044454
GO:0043625 -[part_of]-> GO:0043601
GO:0043626 -[is_a]-> GO:0044796
GO:0043627 -[is_a]-> GO:0050896
GO:0043628 -[is_a]-> GO:0031123
GO:0043628 -[is_a]-> GO:0034470
GO:0043629 -[is_a]-> GO:0034660
GO:0043629 -[is_a]-> GO:0043631
GO:0043630 -[is_a]-> GO:0043629
GO:0043630 -[part_of]-> GO:0043634
GO:0043631 -[is_a]-> GO:0016070
GO:0043632 -[is_a]-> GO:0044265
GO:0043633 -[is_a]-> GO:0006401
GO:0043633 -[is_a]-> GO:0043632
GO:0043634 -[is_a]-> GO:0034661
GO:0043634 -[is_a]-> GO:0043633
GO:0043634 -[has_part]-> GO:0043629
GO:0043635 -[is_a]-> GO:0019439
GO:0043635 -[is_a]-> GO:0042178
GO:0043635 -[is_a]-> GO:0090420
GO:0043635 -[is_a]-> GO:1901361
GO:0043636 -[is_a]-> GO:0019336
GO:0043636 -[is_a]-> GO:0042178
GO:0043637 -[is_a]-> GO:0016999
GO:0043637 -[is_a]-> GO:0046128
GO:0043638 -[is_a]-> GO:0017000
GO:0043638 -[is_a]-> GO:0043637
GO:0043638 -[is_a]-> GO:0046129
GO:0043639 -[is_a]-> GO:0018874
GO:0043639 -[is_a]-> GO:0072329
GO:0043640 -[is_a]-> GO:0043639
GO:0043641 -[is_a]-> GO:0009804
GO:0043641 -[is_a]-> GO:0016137
GO:0043641 -[is_a]-> GO:0016999
GO:0043641 -[is_a]-> GO:0043603
GO:0043641 -[is_a]-> GO:1901564
GO:0043642 -[is_a]-> GO:0009805
GO:0043642 -[is_a]-> GO:0016138
GO:0043642 -[is_a]-> GO:0017000
GO:0043642 -[is_a]-> GO:0043604
GO:0043642 -[is_a]-> GO:0043641
GO:0043642 -[is_a]-> GO:1901566
GO:0043643 -[is_a]-> GO:0016999
GO:0043643 -[is_a]-> GO:0030638
GO:0043643 -[is_a]-> GO:0044763
GO:0043644 -[is_a]-> GO:0017000
GO:0043644 -[is_a]-> GO:0030639
GO:0043644 -[is_a]-> GO:0043643
GO:0043645 -[is_a]-> GO:0006790
GO:0043645 -[is_a]-> GO:0030653
GO:0043646 -[is_a]-> GO:0030654
GO:0043646 -[is_a]-> GO:0043645
GO:0043646 -[is_a]-> GO:0044272
GO:0043647 -[is_a]-> GO:0006796
GO:0043647 -[is_a]-> GO:0019637
GO:0043647 -[is_a]-> GO:0019751
GO:0043647 -[is_a]-> GO:0044763
GO:0043648 -[is_a]-> GO:0019752
GO:0043649 -[is_a]-> GO:0043648
GO:0043649 -[is_a]-> GO:0046395
GO:0043650 -[is_a]-> GO:0043648
GO:0043650 -[is_a]-> GO:0046394
GO:0043651 -[is_a]-> GO:0001676
GO:0043651 -[is_a]-> GO:0033559
GO:0043652 -[is_a]-> GO:0006911
GO:0043652 -[part_of]-> GO:0043277
GO:0043653 -[is_a]-> GO:0008637
GO:0043654 -[is_a]-> GO:0006910
GO:0043654 -[part_of]-> GO:0043277
GO:0043655 -[is_a]-> GO:0044217
GO:0043655 -[is_a]-> GO:0044421
GO:0043655 -[part_of]-> GO:0018995
GO:0043656 -[is_a]-> GO:0033643
GO:0043657 -[is_a]-> GO:0044216
GO:0043657 -[part_of]-> GO:0018995
GO:0043658 -[is_a]-> GO:0033648
GO:0043658 -[is_a]-> GO:0033655
GO:0043659 -[is_a]-> GO:0030139
GO:0043660 -[is_a]-> GO:0043659
GO:0043661 -[is_a]-> GO:0030666
GO:0043661 -[part_of]-> GO:0043660
GO:0043662 -[is_a]-> GO:0044433
GO:0043662 -[part_of]-> GO:0043660
GO:0043663 -[is_a]-> GO:0043658
GO:0043664 -[is_a]-> GO:0033643
GO:0043664 -[part_of]-> GO:0043663
GO:0043665 -[is_a]-> GO:0033643
GO:0043665 -[part_of]-> GO:0043663
GO:0043666 -[is_a]-> GO:0010921
GO:0043666 -[is_a]-> GO:0035304
GO:0043666 -[regulates]-> GO:0004721
GO:0043667 -[is_a]-> GO:0044420
GO:0043668 -[is_a]-> GO:0044420
GO:0043668 -[part_of]-> GO:0043667
GO:0043669 -[is_a]-> GO:0044420
GO:0043669 -[part_of]-> GO:0043668
GO:0043670 -[is_a]-> GO:0044420
GO:0043670 -[part_of]-> GO:0043669
GO:0043671 -[is_a]-> GO:0044420
GO:0043671 -[part_of]-> GO:0043668
GO:0043672 -[is_a]-> GO:0044420
GO:0043672 -[part_of]-> GO:0043668
GO:0043673 -[is_a]-> GO:0044420
GO:0043673 -[part_of]-> GO:0043668
GO:0043674 -[is_a]-> GO:0044420
GO:0043674 -[part_of]-> GO:0043673
GO:0043675 -[is_a]-> GO:0044420
GO:0043675 -[part_of]-> GO:0043673
GO:0043676 -[is_a]-> GO:0044420
GO:0043676 -[part_of]-> GO:0043673
GO:0043677 -[is_a]-> GO:0044420
GO:0043678 -[is_a]-> GO:0044420
GO:0043678 -[part_of]-> GO:0043667
GO:0043679 -[is_a]-> GO:0033267
GO:0043679 -[is_a]-> GO:0044306
GO:0043680 -[is_a]-> GO:0044426
GO:0043682 -[is_a]-> GO:0005375
GO:0043682 -[is_a]-> GO:0015662
GO:0043682 -[is_a]-> GO:0019829
GO:0043683 -[is_a]-> GO:0009297
GO:0043683 -[is_a]-> GO:0044085
GO:0043684 -[is_a]-> GO:0043234
GO:0043684 -[is_a]-> GO:0044464
GO:0043685 -[is_a]-> GO:0019988
GO:0043686 -[is_a]-> GO:0006464
GO:0043687 -[is_a]-> GO:0006464
GO:0043688 -[is_a]-> GO:0019988
GO:0043689 -[is_a]-> GO:0098741
GO:0043689 -[part_of]-> GO:0000128
GO:0043690 -[is_a]-> GO:0043689
GO:0043690 -[part_of]-> GO:0000501
GO:0043691 -[is_a]-> GO:0030301
GO:0043692 -[is_a]-> GO:0042214
GO:0043693 -[is_a]-> GO:0043692
GO:0043693 -[is_a]-> GO:0046246
GO:0043694 -[is_a]-> GO:0043692
GO:0043694 -[is_a]-> GO:0046247
GO:0043695 -[is_a]-> GO:0009593
GO:0043695 -[is_a]-> GO:0019236
GO:0043696 -[is_a]-> GO:0044767
GO:0043697 -[is_a]-> GO:0043696
GO:0043697 -[is_a]-> GO:0048869
GO:0043698 -[is_a]-> GO:0048770
GO:0043699 -[is_a]-> GO:0048770
GO:0043700 -[is_a]-> GO:0048770
GO:0043701 -[is_a]-> GO:0048770
GO:0043702 -[is_a]-> GO:0031410
GO:0043703 -[is_a]-> GO:0048664
GO:0043703 -[part_of]-> GO:0046552
GO:0043704 -[is_a]-> GO:0048665
GO:0043704 -[part_of]-> GO:0046552
GO:0043705 -[is_a]-> GO:0006518
GO:0043705 -[is_a]-> GO:0006575
GO:0043705 -[is_a]-> GO:0043170
GO:0043706 -[is_a]-> GO:0098740
GO:0043706 -[part_of]-> GO:0020035
GO:0043707 -[is_a]-> GO:0043709
GO:0043707 -[part_of]-> GO:0044407
GO:0043708 -[is_a]-> GO:0031589
GO:0043708 -[part_of]-> GO:0042710
GO:0043708 -[part_of]-> GO:0090605
GO:0043709 -[is_a]-> GO:0043708
GO:0043709 -[part_of]-> GO:0044010
GO:0043709 -[part_of]-> GO:0090609
GO:0043710 -[is_a]-> GO:0043708
GO:0043710 -[part_of]-> GO:0044399
GO:0043710 -[part_of]-> GO:0090608
GO:0043711 -[is_a]-> GO:0030030
GO:0043712 -[is_a]-> GO:0008410
GO:0043713 -[is_a]-> GO:0016616
GO:0043714 -[is_a]-> GO:0046912
GO:0043715 -[is_a]-> GO:0016862
GO:0043716 -[is_a]-> GO:0016791
GO:0043717 -[is_a]-> GO:0016836
GO:0043718 -[is_a]-> GO:0016616
GO:0043719 -[is_a]-> GO:0016709
GO:0043720 -[is_a]-> GO:0016747
GO:0043721 -[is_a]-> GO:0016836
GO:0043722 -[is_a]-> GO:0016831
GO:0043723 -[is_a]-> GO:0016814
GO:0043724 -[is_a]-> GO:0016836
GO:0043725 -[is_a]-> GO:0016836
GO:0043726 -[is_a]-> GO:0016791
GO:0043727 -[is_a]-> GO:0016831
GO:0043728 -[is_a]-> GO:0008483
GO:0043729 -[is_a]-> GO:0016829
GO:0043730 -[is_a]-> GO:0016813
GO:0043731 -[is_a]-> GO:0016709
GO:0043732 -[is_a]-> GO:0016727
GO:0043733 -[is_a]-> GO:0003905
GO:0043734 -[is_a]-> GO:0016706
GO:0043737 -[is_a]-> GO:0016888
GO:0043738 -[is_a]-> GO:0016491
GO:0043739 -[is_a]-> GO:0004844
GO:0043739 -[is_a]-> GO:0008263
GO:0043740 -[is_a]-> GO:0003933
GO:0043741 -[is_a]-> GO:0008080
GO:0043743 -[is_a]-> GO:0016773
GO:0043744 -[is_a]-> GO:0016301
GO:0043744 -[is_a]-> GO:0016774
GO:0043745 -[is_a]-> GO:0016620
GO:0043746 -[is_a]-> GO:0008483
GO:0043747 -[is_a]-> GO:0016811
GO:0043748 -[is_a]-> GO:0016836
GO:0043749 -[is_a]-> GO:0016301
GO:0043749 -[is_a]-> GO:0016781
GO:0043750 -[is_a]-> GO:0016758
GO:0043751 -[is_a]-> GO:0016776
GO:0043752 -[is_a]-> GO:0016301
GO:0043752 -[is_a]-> GO:0016773
GO:0043754 -[is_a]-> GO:0016747
GO:0043755 -[is_a]-> GO:0016791
GO:0043756 -[is_a]-> GO:0016811
GO:0043757 -[is_a]-> GO:0016880
GO:0043758 -[is_a]-> GO:0016878
GO:0043759 -[is_a]-> GO:0016878
GO:0043760 -[is_a]-> GO:0008483
GO:0043761 -[is_a]-> GO:0016780
GO:0043762 -[is_a]-> GO:0016878
GO:0043763 -[is_a]-> GO:0030234
GO:0043763 -[regulates]-> GO:0003983
GO:0043764 -[is_a]-> GO:0016747
GO:0043765 -[is_a]-> GO:0004519
GO:0043766 -[is_a]-> GO:0016765
GO:0043766 -[part_of]-> GO:0071952
GO:0043767 -[is_a]-> GO:0004812
GO:0043768 -[is_a]-> GO:0016846
GO:0043769 -[is_a]-> GO:0000782
GO:0043770 -[is_a]-> GO:0008168
GO:0043771 -[is_a]-> GO:0016773
GO:0043771 -[is_a]-> GO:0019206
GO:0043771 -[part_of]-> GO:0009224
GO:0043772 -[is_a]-> GO:0016747
GO:0043773 -[is_a]-> GO:0016881
GO:0043773 -[has_part]-> GO:0052618
GO:0043773 -[has_part]-> GO:0052619
GO:0043774 -[is_a]-> GO:0016881
GO:0043775 -[is_a]-> GO:0016884
GO:0043776 -[is_a]-> GO:0008168
GO:0043777 -[is_a]-> GO:0008168
GO:0043778 -[is_a]-> GO:0016867
GO:0043779 -[is_a]-> GO:0016829
GO:0043780 -[is_a]-> GO:0008168
GO:0043781 -[is_a]-> GO:0008168
GO:0043782 -[is_a]-> GO:0008168
GO:0043783 -[is_a]-> GO:0016722
GO:0043784 -[is_a]-> GO:0043783
GO:0043785 -[is_a]-> GO:0008410
GO:0043786 -[is_a]-> GO:0016628
GO:0043791 -[is_a]-> GO:0008168
GO:0043792 -[is_a]-> GO:0016812
GO:0043793 -[is_a]-> GO:0016763
GO:0043794 -[is_a]-> GO:0016903
GO:0043795 -[is_a]-> GO:0016903
GO:0043796 -[is_a]-> GO:0016620
GO:0043797 -[is_a]-> GO:0016625
GO:0043798 -[is_a]-> GO:0016301
GO:0043798 -[is_a]-> GO:0016662
GO:0043799 -[is_a]-> GO:0016641
GO:0043800 -[is_a]-> GO:0016853
GO:0043801 -[is_a]-> GO:0016832
GO:0043802 -[is_a]-> GO:0016884
GO:0043803 -[is_a]-> GO:0008168
GO:0043804 -[is_a]-> GO:0016812
GO:0043805 -[is_a]-> GO:0016625
GO:0043806 -[is_a]-> GO:0016747
GO:0043807 -[is_a]-> GO:0016625
GO:0043808 -[is_a]-> GO:0016410
GO:0043810 -[is_a]-> GO:0016410
GO:0043811 -[is_a]-> GO:0016747
GO:0043812 -[is_a]-> GO:0034596
GO:0043812 -[is_a]-> GO:0052744
GO:0043813 -[is_a]-> GO:0034593
GO:0043813 -[is_a]-> GO:0034595
GO:0043813 -[part_of]-> GO:0036092
GO:0043814 -[is_a]-> GO:0070568
GO:0043815 -[is_a]-> GO:0016742
GO:0043816 -[is_a]-> GO:0004812
GO:0043817 -[is_a]-> GO:0016846
GO:0043818 -[is_a]-> GO:0016709
GO:0043819 -[is_a]-> GO:0008168
GO:0043820 -[is_a]-> GO:0016627
GO:0043821 -[is_a]-> GO:0008410
GO:0043822 -[is_a]-> GO:0016891
GO:0043823 -[is_a]-> GO:0016705
GO:0043824 -[is_a]-> GO:0016620
GO:0043825 -[is_a]-> GO:0008483
GO:0043826 -[is_a]-> GO:0016491
GO:0043827 -[is_a]-> GO:0016429
GO:0043828 -[is_a]-> GO:0016785
GO:0043829 -[is_a]-> GO:0008251
GO:0043830 -[is_a]-> GO:0016627
GO:0043831 -[is_a]-> GO:0016672
GO:0043833 -[is_a]-> GO:0008168
GO:0043834 -[is_a]-> GO:0008168
GO:0043836 -[is_a]-> GO:0016812
GO:0043837 -[is_a]-> GO:0016639
GO:0043838 -[is_a]-> GO:0016780
GO:0043839 -[is_a]-> GO:0008757
GO:0043840 -[is_a]-> GO:0008483
GO:0043841 -[is_a]-> GO:0016301
GO:0043841 -[is_a]-> GO:0016773
GO:0043842 -[is_a]-> GO:0016740
GO:0043843 -[is_a]-> GO:0016301
GO:0043843 -[is_a]-> GO:0016773
GO:0043844 -[is_a]-> GO:0016301
GO:0043844 -[is_a]-> GO:0016773
GO:0043845 -[is_a]-> GO:0043234
GO:0043845 -[is_a]-> GO:0044424
GO:0043845 -[part_of]-> GO:0044776
GO:0043846 -[is_a]-> GO:0043234
GO:0043846 -[is_a]-> GO:0044424
GO:0043846 -[part_of]-> GO:0009360
GO:0043847 -[is_a]-> GO:0043234
GO:0043847 -[is_a]-> GO:0044424
GO:0043847 -[part_of]-> GO:0043846
GO:0043848 -[is_a]-> GO:0016890
GO:0043849 -[is_a]-> GO:0016409
GO:0043850 -[is_a]-> GO:0043234
GO:0043850 -[is_a]-> GO:0044427
GO:0043851 -[is_a]-> GO:0008168
GO:0043852 -[is_a]-> GO:0008168
GO:0043853 -[is_a]-> GO:0034708
GO:0043854 -[is_a]-> GO:0008381
GO:0043854 -[is_a]-> GO:0043855
GO:0043855 -[is_a]-> GO:0015276
GO:0043856 -[is_a]-> GO:0000989
GO:0043856 -[part_of]-> GO:0045893
GO:0043857 -[is_a]-> GO:0016743
GO:0043858 -[is_a]-> GO:0015181
GO:0043858 -[is_a]-> GO:0015297
GO:0043860 -[is_a]-> GO:0016881
GO:0043861 -[is_a]-> GO:0015297
GO:0043861 -[is_a]-> GO:0015489
GO:0043862 -[is_a]-> GO:0015181
GO:0043862 -[is_a]-> GO:0015297
GO:0043863 -[is_a]-> GO:0016832
GO:0043864 -[is_a]-> GO:0016811
GO:0043865 -[is_a]-> GO:0000099
GO:0043865 -[part_of]-> GO:0015821
GO:0043866 -[is_a]-> GO:0016671
GO:0043867 -[is_a]-> GO:0016763
GO:0043869 -[is_a]-> GO:0016407
GO:0043870 -[is_a]-> GO:0016620
GO:0043871 -[is_a]-> GO:0016491
GO:0043872 -[is_a]-> GO:0015189
GO:0043872 -[is_a]-> GO:0015297
GO:0043872 -[is_a]-> GO:0015490
GO:0043873 -[is_a]-> GO:0016625
GO:0043874 -[is_a]-> GO:0016791
GO:0043875 -[is_a]-> GO:0016747
GO:0043876 -[is_a]-> GO:0016832
GO:0043877 -[is_a]-> GO:0016861
GO:0043878 -[is_a]-> GO:0016620
GO:0043879 -[is_a]-> GO:0008028
GO:0043879 -[is_a]-> GO:0015665
GO:0043879 -[part_of]-> GO:0097339
GO:0043880 -[is_a]-> GO:0016491
GO:0043881 -[is_a]-> GO:0016836
GO:0043882 -[is_a]-> GO:0015081
GO:0043882 -[is_a]-> GO:0015140
GO:0043882 -[is_a]-> GO:0015296
GO:0043883 -[is_a]-> GO:0016491
GO:0043884 -[is_a]-> GO:0016747
GO:0043885 -[is_a]-> GO:0016625
GO:0043886 -[is_a]-> GO:0005198
GO:0043887 -[is_a]-> GO:0015081
GO:0043887 -[is_a]-> GO:0015487
GO:0043888 -[is_a]-> GO:0002094
GO:0043888 -[is_a]-> GO:0004337
GO:0043889 -[is_a]-> GO:0004659
GO:0043890 -[is_a]-> GO:0008484
GO:0043891 -[is_a]-> GO:0016620
GO:0043892 -[is_a]-> GO:0016616
GO:0043893 -[is_a]-> GO:0015123
GO:0043893 -[is_a]-> GO:0015296
GO:0043894 -[is_a]-> GO:0016407
GO:0043895 -[is_a]-> GO:0016758
GO:0043896 -[is_a]-> GO:0015926
GO:0043897 -[is_a]-> GO:0004553
GO:0043898 -[is_a]-> GO:0016702
GO:0043899 -[is_a]-> GO:0016773
GO:0043900 -[is_a]-> GO:0050789
GO:0043900 -[regulates]-> GO:0051704
GO:0043901 -[is_a]-> GO:0043900
GO:0043901 -[is_a]-> GO:0048519
GO:0043901 -[negatively_regulates]-> GO:0051704
GO:0043902 -[is_a]-> GO:0043900
GO:0043902 -[is_a]-> GO:0048518
GO:0043902 -[positively_regulates]-> GO:0051704
GO:0043903 -[is_a]-> GO:0043900
GO:0043903 -[regulates]-> GO:0044403
GO:0043904 -[is_a]-> GO:0016833
GO:0043905 -[is_a]-> GO:0052689
GO:0043906 -[is_a]-> GO:0002161
GO:0043907 -[is_a]-> GO:0002161
GO:0043908 -[is_a]-> GO:0052689
GO:0043909 -[is_a]-> GO:0016811
GO:0043910 -[is_a]-> GO:0070566
GO:0043911 -[is_a]-> GO:0008483
GO:0043912 -[is_a]-> GO:0003884
GO:0043913 -[is_a]-> GO:0098796
GO:0043914 -[is_a]-> GO:0016491
GO:0043915 -[is_a]-> GO:0016773
GO:0043916 -[is_a]-> GO:0003905
GO:0043917 -[is_a]-> GO:0016861
GO:0043918 -[is_a]-> GO:0016765
GO:0043919 -[is_a]-> GO:0016765
GO:0043920 -[is_a]-> GO:0016813
GO:0043921 -[is_a]-> GO:0046782
GO:0043921 -[is_a]-> GO:0052472
GO:0043922 -[is_a]-> GO:0032897
GO:0043922 -[is_a]-> GO:0043921
GO:0043923 -[is_a]-> GO:0043921
GO:0043923 -[is_a]-> GO:0050434
GO:0043924 -[is_a]-> GO:0097159
GO:0043924 -[is_a]-> GO:1901681
GO:0043927 -[is_a]-> GO:0000291
GO:0043927 -[part_of]-> GO:0000294
GO:0043928 -[is_a]-> GO:0000291
GO:0043928 -[part_of]-> GO:0000288
GO:0043929 -[is_a]-> GO:0001545
GO:0043929 -[part_of]-> GO:0048161
GO:0043930 -[is_a]-> GO:0001545
GO:0043930 -[part_of]-> GO:0048160
GO:0043931 -[is_a]-> GO:0001503
GO:0043931 -[part_of]-> GO:0070977
GO:0043932 -[is_a]-> GO:0001503
GO:0043932 -[part_of]-> GO:0046849
GO:0043933 -[is_a]-> GO:0016043
GO:0043934 -[is_a]-> GO:0044767
GO:0043935 -[is_a]-> GO:0030435
GO:0043935 -[is_a]-> GO:0034293
GO:0043935 -[is_a]-> GO:1903046
GO:0043935 -[part_of]-> GO:0051321
GO:0043936 -[is_a]-> GO:0030435
GO:0043936 -[is_a]-> GO:0030436
GO:0043937 -[is_a]-> GO:0050793
GO:0043937 -[regulates]-> GO:0043934
GO:0043938 -[is_a]-> GO:0043937
GO:0043938 -[is_a]-> GO:0051094
GO:0043938 -[positively_regulates]-> GO:0043934
GO:0043939 -[is_a]-> GO:0043937
GO:0043939 -[is_a]-> GO:0051093
GO:0043939 -[negatively_regulates]-> GO:0043934
GO:0043940 -[is_a]-> GO:0010564
GO:0043940 -[is_a]-> GO:0034306
GO:0043940 -[is_a]-> GO:0042173
GO:0043940 -[regulates]-> GO:0043935
GO:0043941 -[is_a]-> GO:0043902
GO:0043941 -[is_a]-> GO:0043940
GO:0043941 -[is_a]-> GO:0045881
GO:0043941 -[is_a]-> GO:0051446
GO:0043941 -[is_a]-> GO:0090068
GO:0043941 -[positively_regulates]-> GO:0043935
GO:0043942 -[is_a]-> GO:0010948
GO:0043942 -[is_a]-> GO:0042174
GO:0043942 -[is_a]-> GO:0043901
GO:0043942 -[is_a]-> GO:0043940
GO:0043942 -[is_a]-> GO:0051447
GO:0043942 -[negatively_regulates]-> GO:0043935
GO:0043943 -[is_a]-> GO:0034305
GO:0043943 -[is_a]-> GO:0042173
GO:0043943 -[regulates]-> GO:0043936
GO:0043944 -[is_a]-> GO:0042174
GO:0043944 -[is_a]-> GO:0043943
GO:0043944 -[is_a]-> GO:1903665
GO:0043944 -[negatively_regulates]-> GO:0043936
GO:0043945 -[is_a]-> GO:0043943
GO:0043945 -[is_a]-> GO:0045881
GO:0043945 -[is_a]-> GO:1903666
GO:0043945 -[positively_regulates]-> GO:0043936
GO:0043946 -[is_a]-> GO:0043085
GO:0043946 -[is_a]-> GO:0052203
GO:0043947 -[is_a]-> GO:0043946
GO:0043947 -[is_a]-> GO:0052405
GO:0043947 -[is_a]-> GO:0052422
GO:0043947 -[positively_regulates]-> GO:0003824
GO:0043948 -[is_a]-> GO:0043947
GO:0043948 -[is_a]-> GO:0052148
GO:0043949 -[is_a]-> GO:1902531
GO:0043949 -[regulates]-> GO:0019933
GO:0043950 -[is_a]-> GO:0043949
GO:0043950 -[is_a]-> GO:1902533
GO:0043950 -[positively_regulates]-> GO:0019933
GO:0043951 -[is_a]-> GO:0043949
GO:0043951 -[is_a]-> GO:1902532
GO:0043951 -[negatively_regulates]-> GO:0019933
GO:0043952 -[is_a]-> GO:0071806
GO:0043953 -[is_a]-> GO:0071806
GO:0043954 -[is_a]-> GO:0016043
GO:0043954 -[is_a]-> GO:0044763
GO:0043955 -[is_a]-> GO:0016878
GO:0043956 -[is_a]-> GO:0016836
GO:0043957 -[is_a]-> GO:0016628
GO:0043958 -[is_a]-> GO:0016628
GO:0043959 -[is_a]-> GO:0016833
GO:0043960 -[is_a]-> GO:0016836
GO:0043961 -[is_a]-> GO:0008410
GO:0043962 -[is_a]-> GO:0052492
GO:0043962 -[is_a]-> GO:0075332
GO:0043963 -[is_a]-> GO:0052027
GO:0043964 -[is_a]-> GO:0043963
GO:0043964 -[is_a]-> GO:0052028
GO:0043965 -[is_a]-> GO:0043963
GO:0043965 -[is_a]-> GO:0052029
GO:0043966 -[is_a]-> GO:0016573
GO:0043967 -[is_a]-> GO:0016573
GO:0043968 -[is_a]-> GO:0016573
GO:0043969 -[is_a]-> GO:0016573
GO:0043970 -[is_a]-> GO:0043966
GO:0043970 -[is_a]-> GO:0061647
GO:0043971 -[is_a]-> GO:0043966
GO:0043972 -[is_a]-> GO:0043966
GO:0043973 -[is_a]-> GO:0043966
GO:0043974 -[is_a]-> GO:0043966
GO:0043975 -[is_a]-> GO:0043966
GO:0043976 -[is_a]-> GO:0043966
GO:0043977 -[is_a]-> GO:0043968
GO:0043978 -[is_a]-> GO:0043968
GO:0043979 -[is_a]-> GO:0043969
GO:0043980 -[is_a]-> GO:0043969
GO:0043981 -[is_a]-> GO:0043967
GO:0043982 -[is_a]-> GO:0043967
GO:0043983 -[is_a]-> GO:0043967
GO:0043984 -[is_a]-> GO:0043967
GO:0043985 -[is_a]-> GO:0034969
GO:0043987 -[is_a]-> GO:0035404
GO:0043988 -[is_a]-> GO:0035404
GO:0043989 -[is_a]-> GO:0035404
GO:0043990 -[is_a]-> GO:0035404
GO:0043990 -[is_a]-> GO:1990164
GO:0043991 -[is_a]-> GO:0035404
GO:0043992 -[is_a]-> GO:0010484
GO:0043992 -[part_of]-> GO:0043970
GO:0043993 -[is_a]-> GO:0010484
GO:0043993 -[part_of]-> GO:0043971
GO:0043994 -[is_a]-> GO:0010484
GO:0043994 -[part_of]-> GO:0043972
GO:0043995 -[is_a]-> GO:0010485
GO:0043995 -[part_of]-> GO:0043981
GO:0043996 -[is_a]-> GO:0010485
GO:0043996 -[part_of]-> GO:0043982
GO:0043997 -[is_a]-> GO:0010485
GO:0043997 -[part_of]-> GO:0043983
GO:0043998 -[is_a]-> GO:0004402
GO:0043998 -[part_of]-> GO:0043968
GO:0043999 -[is_a]-> GO:0043998
GO:0043999 -[part_of]-> GO:0043977
GO:0044000 -[is_a]-> GO:0051814
GO:0044000 -[is_a]-> GO:0052126
GO:0044001 -[is_a]-> GO:0044000
GO:0044001 -[is_a]-> GO:0051815
GO:0044002 -[is_a]-> GO:0051701
GO:0044002 -[is_a]-> GO:0051816
GO:0044003 -[is_a]-> GO:0051701
GO:0044003 -[is_a]-> GO:0051817
GO:0044004 -[is_a]-> GO:0044003
GO:0044004 -[is_a]-> GO:0051818
GO:0044005 -[is_a]-> GO:0044003
GO:0044005 -[is_a]-> GO:0051819
GO:0044006 -[is_a]-> GO:0044005
GO:0044006 -[is_a]-> GO:0051820
GO:0044007 -[is_a]-> GO:0051701
GO:0044007 -[is_a]-> GO:0051821
GO:0044008 -[is_a]-> GO:0044007
GO:0044008 -[is_a]-> GO:0051822
GO:0044009 -[is_a]-> GO:0019089
GO:0044009 -[is_a]-> GO:0044008
GO:0044010 -[is_a]-> GO:0042710
GO:0044011 -[is_a]-> GO:0051703
GO:0044011 -[is_a]-> GO:0090609
GO:0044012 -[is_a]-> GO:0043998
GO:0044012 -[part_of]-> GO:0043978
GO:0044013 -[is_a]-> GO:0004402
GO:0044013 -[part_of]-> GO:0043969
GO:0044014 -[is_a]-> GO:0044013
GO:0044014 -[part_of]-> GO:0043979
GO:0044015 -[is_a]-> GO:0044013
GO:0044015 -[part_of]-> GO:0043980
GO:0044016 -[is_a]-> GO:0010484
GO:0044016 -[part_of]-> GO:0043973
GO:0044017 -[is_a]-> GO:0010484
GO:0044017 -[part_of]-> GO:0043974
GO:0044018 -[is_a]-> GO:0010484
GO:0044018 -[part_of]-> GO:0043975
GO:0044019 -[is_a]-> GO:0010484
GO:0044020 -[is_a]-> GO:0008469
GO:0044020 -[part_of]-> GO:0043985
GO:0044022 -[is_a]-> GO:0035174
GO:0044022 -[part_of]-> GO:0043988
GO:0044023 -[is_a]-> GO:0035174
GO:0044023 -[part_of]-> GO:0043989
GO:0044024 -[is_a]-> GO:0035174
GO:0044024 -[part_of]-> GO:0043990
GO:0044025 -[is_a]-> GO:0035174
GO:0044025 -[part_of]-> GO:0043991
GO:0044026 -[is_a]-> GO:0044030
GO:0044027 -[is_a]-> GO:0044026
GO:0044028 -[is_a]-> GO:0044030
GO:0044029 -[is_a]-> GO:0044028
GO:0044030 -[is_a]-> GO:0051052
GO:0044030 -[regulates]-> GO:0006306
GO:0044031 -[is_a]-> GO:0075345
GO:0044032 -[is_a]-> GO:0052019
GO:0044033 -[is_a]-> GO:0008152
GO:0044033 -[is_a]-> GO:0051704
GO:0044034 -[is_a]-> GO:0009058
GO:0044034 -[is_a]-> GO:0044033
GO:0044035 -[is_a]-> GO:0009056
GO:0044035 -[is_a]-> GO:0044033
GO:0044036 -[is_a]-> GO:0044260
GO:0044036 -[part_of]-> GO:0071554
GO:0044037 -[is_a]-> GO:0044033
GO:0044037 -[is_a]-> GO:0044036
GO:0044037 -[is_a]-> GO:0044764
GO:0044038 -[is_a]-> GO:0044036
GO:0044038 -[is_a]-> GO:0070589
GO:0044038 -[part_of]-> GO:0042546
GO:0044040 -[is_a]-> GO:0005975
GO:0044040 -[is_a]-> GO:0044033
GO:0044041 -[is_a]-> GO:0016052
GO:0044041 -[is_a]-> GO:0044035
GO:0044041 -[is_a]-> GO:0044040
GO:0044042 -[is_a]-> GO:0005976
GO:0044043 -[is_a]-> GO:0044040
GO:0044043 -[is_a]-> GO:0044042
GO:0044044 -[is_a]-> GO:0051701
GO:0044045 -[is_a]-> GO:0044044
GO:0044046 -[is_a]-> GO:0051701
GO:0044047 -[is_a]-> GO:0052048
GO:0044048 -[is_a]-> GO:0052048
GO:0044049 -[is_a]-> GO:0052048
GO:0044050 -[is_a]-> GO:0044046
GO:0044051 -[is_a]-> GO:0044046
GO:0044052 -[is_a]-> GO:0044046
GO:0044053 -[is_a]-> GO:0042000
GO:0044054 -[is_a]-> GO:0044004
GO:0044055 -[is_a]-> GO:0044003
GO:0044055 -[is_a]-> GO:0044057
GO:0044056 -[is_a]-> GO:0044055
GO:0044056 -[is_a]-> GO:0044058
GO:0044057 -[is_a]-> GO:0051239
GO:0044057 -[regulates]-> GO:0003008
GO:0044058 -[is_a]-> GO:0044057
GO:0044058 -[regulates]-> GO:0022600
GO:0044059 -[is_a]-> GO:0044055
GO:0044059 -[is_a]-> GO:0044060
GO:0044060 -[is_a]-> GO:0044057
GO:0044060 -[regulates]-> GO:0050886
GO:0044061 -[is_a]-> GO:0044055
GO:0044061 -[is_a]-> GO:0044062
GO:0044062 -[is_a]-> GO:0044057
GO:0044062 -[is_a]-> GO:0051046
GO:0044062 -[regulates]-> GO:0007588
GO:0044063 -[is_a]-> GO:0031644
GO:0044063 -[is_a]-> GO:0044055
GO:0044064 -[is_a]-> GO:0044055
GO:0044064 -[is_a]-> GO:0044065
GO:0044065 -[is_a]-> GO:0043576
GO:0044065 -[is_a]-> GO:0044057
GO:0044065 -[regulates]-> GO:0003016
GO:0044066 -[is_a]-> GO:0052043
GO:0044067 -[is_a]-> GO:0052043
GO:0044068 -[is_a]-> GO:0044003
GO:0044068 -[is_a]-> GO:0050794
GO:0044069 -[is_a]-> GO:0044070
GO:0044069 -[is_a]-> GO:0052038
GO:0044069 -[regulates]-> GO:0006820
GO:0044070 -[is_a]-> GO:0043269
GO:0044070 -[regulates]-> GO:0006820
GO:0044071 -[is_a]-> GO:0044068
GO:0044071 -[is_a]-> GO:0051726
GO:0044072 -[is_a]-> GO:0044071
GO:0044072 -[is_a]-> GO:0045786
GO:0044073 -[is_a]-> GO:0006417
GO:0044073 -[is_a]-> GO:0044068
GO:0044074 -[is_a]-> GO:0017148
GO:0044074 -[is_a]-> GO:0044073
GO:0044075 -[is_a]-> GO:0044068
GO:0044075 -[is_a]-> GO:0044088
GO:0044076 -[is_a]-> GO:0044075
GO:0044076 -[is_a]-> GO:0044090
GO:0044077 -[is_a]-> GO:0044068
GO:0044077 -[is_a]-> GO:0048259
GO:0044078 -[is_a]-> GO:0044077
GO:0044078 -[is_a]-> GO:0048260
GO:0044079 -[is_a]-> GO:0044063
GO:0044079 -[is_a]-> GO:0044068
GO:0044079 -[is_a]-> GO:0046928
GO:0044080 -[is_a]-> GO:0010752
GO:0044080 -[is_a]-> GO:0052027
GO:0044081 -[is_a]-> GO:0010749
GO:0044081 -[is_a]-> GO:0052027
GO:0044082 -[is_a]-> GO:0051056
GO:0044082 -[is_a]-> GO:0052027
GO:0044083 -[is_a]-> GO:0035023
GO:0044083 -[is_a]-> GO:0044082
GO:0044084 -[is_a]-> GO:0033643
GO:0044084 -[part_of]-> GO:0033644
GO:0044085 -[is_a]-> GO:0071840
GO:0044087 -[is_a]-> GO:0050789
GO:0044087 -[regulates]-> GO:0044085
GO:0044088 -[is_a]-> GO:0033043
GO:0044088 -[regulates]-> GO:0007033
GO:0044089 -[is_a]-> GO:0044087
GO:0044089 -[is_a]-> GO:0048518
GO:0044089 -[positively_regulates]-> GO:0044085
GO:0044090 -[is_a]-> GO:0010638
GO:0044090 -[is_a]-> GO:0044088
GO:0044090 -[positively_regulates]-> GO:0007033
GO:0044091 -[is_a]-> GO:0044085
GO:0044092 -[is_a]-> GO:0065009
GO:0044092 -[negatively_regulates]-> GO:0003674
GO:0044093 -[is_a]-> GO:0065009
GO:0044093 -[positively_regulates]-> GO:0003674
GO:0044094 -[is_a]-> GO:0033646
GO:0044094 -[part_of]-> GO:0042025
GO:0044095 -[is_a]-> GO:0044094
GO:0044096 -[is_a]-> GO:0009289
GO:0044097 -[is_a]-> GO:0032940
GO:0044098 -[is_a]-> GO:0044097
GO:0044099 -[is_a]-> GO:0044464
GO:0044100 -[is_a]-> GO:0044424
GO:0044101 -[is_a]-> GO:0016833
GO:0044102 -[is_a]-> GO:0016763
GO:0044103 -[is_a]-> GO:0016616
GO:0044104 -[is_a]-> GO:0016620
GO:0044105 -[is_a]-> GO:0016616
GO:0044106 -[is_a]-> GO:0009308
GO:0044106 -[is_a]-> GO:0034641
GO:0044107 -[is_a]-> GO:0006066
GO:0044107 -[is_a]-> GO:0044237
GO:0044107 -[is_a]-> GO:0044763
GO:0044108 -[is_a]-> GO:0044107
GO:0044108 -[is_a]-> GO:0044249
GO:0044108 -[is_a]-> GO:0046165
GO:0044109 -[is_a]-> GO:0044107
GO:0044109 -[is_a]-> GO:0044248
GO:0044109 -[is_a]-> GO:0046164
GO:0044110 -[is_a]-> GO:0040007
GO:0044110 -[is_a]-> GO:0051704
GO:0044110 -[part_of]-> GO:0044403
GO:0044111 -[is_a]-> GO:0032502
GO:0044111 -[is_a]-> GO:0051704
GO:0044111 -[part_of]-> GO:0044403
GO:0044112 -[is_a]-> GO:0044110
GO:0044113 -[is_a]-> GO:0044111
GO:0044114 -[is_a]-> GO:0044115
GO:0044115 -[is_a]-> GO:0044111
GO:0044116 -[is_a]-> GO:0044110
GO:0044117 -[is_a]-> GO:0044116
GO:0044118 -[is_a]-> GO:0044114
GO:0044119 -[is_a]-> GO:0044117
GO:0044120 -[is_a]-> GO:0044118
GO:0044121 -[is_a]-> GO:0044119
GO:0044122 -[is_a]-> GO:0044114
GO:0044123 -[is_a]-> GO:0044117
GO:0044124 -[is_a]-> GO:0044114
GO:0044125 -[is_a]-> GO:0044117
GO:0044126 -[is_a]-> GO:0040008
GO:0044126 -[is_a]-> GO:0043903
GO:0044126 -[regulates]-> GO:0044117
GO:0044127 -[is_a]-> GO:0043903
GO:0044127 -[is_a]-> GO:0050793
GO:0044127 -[regulates]-> GO:0044114
GO:0044128 -[is_a]-> GO:0044126
GO:0044128 -[is_a]-> GO:0044148
GO:0044128 -[positively_regulates]-> GO:0044117
GO:0044129 -[is_a]-> GO:0044127
GO:0044129 -[is_a]-> GO:0044149
GO:0044129 -[positively_regulates]-> GO:0044114
GO:0044130 -[is_a]-> GO:0044126
GO:0044130 -[is_a]-> GO:0044146
GO:0044130 -[negatively_regulates]-> GO:0044117
GO:0044131 -[is_a]-> GO:0044127
GO:0044131 -[is_a]-> GO:0044147
GO:0044131 -[negatively_regulates]-> GO:0044114
GO:0044132 -[is_a]-> GO:0044115
GO:0044133 -[is_a]-> GO:0044116
GO:0044134 -[is_a]-> GO:0044132
GO:0044135 -[is_a]-> GO:0044133
GO:0044136 -[is_a]-> GO:0044132
GO:0044137 -[is_a]-> GO:0044133
GO:0044138 -[is_a]-> GO:0044145
GO:0044138 -[regulates]-> GO:0044132
GO:0044139 -[is_a]-> GO:0044144
GO:0044139 -[regulates]-> GO:0044133
GO:0044140 -[is_a]-> GO:0044139
GO:0044140 -[is_a]-> GO:0044146
GO:0044140 -[negatively_regulates]-> GO:0044133
GO:0044141 -[is_a]-> GO:0044138
GO:0044141 -[is_a]-> GO:0044147
GO:0044141 -[negatively_regulates]-> GO:0044132
GO:0044142 -[is_a]-> GO:0044139
GO:0044142 -[is_a]-> GO:0044148
GO:0044142 -[positively_regulates]-> GO:0044133
GO:0044143 -[is_a]-> GO:0044138
GO:0044143 -[is_a]-> GO:0044149
GO:0044143 -[positively_regulates]-> GO:0044132
GO:0044144 -[is_a]-> GO:0040008
GO:0044144 -[is_a]-> GO:0043903
GO:0044144 -[regulates]-> GO:0044116
GO:0044145 -[is_a]-> GO:0043903
GO:0044145 -[is_a]-> GO:0050793
GO:0044145 -[regulates]-> GO:0044115
GO:0044146 -[is_a]-> GO:0043901
GO:0044146 -[is_a]-> GO:0044144
GO:0044146 -[is_a]-> GO:0045926
GO:0044146 -[negatively_regulates]-> GO:0044116
GO:0044147 -[is_a]-> GO:0043901
GO:0044147 -[is_a]-> GO:0044145
GO:0044147 -[is_a]-> GO:0051093
GO:0044147 -[negatively_regulates]-> GO:0044115
GO:0044148 -[is_a]-> GO:0043902
GO:0044148 -[is_a]-> GO:0044144
GO:0044148 -[is_a]-> GO:0045927
GO:0044148 -[positively_regulates]-> GO:0044116
GO:0044149 -[is_a]-> GO:0043902
GO:0044149 -[is_a]-> GO:0044145
GO:0044149 -[is_a]-> GO:0051094
GO:0044149 -[positively_regulates]-> GO:0044115
GO:0044150 -[is_a]-> GO:0044152
GO:0044151 -[is_a]-> GO:0044153
GO:0044152 -[is_a]-> GO:0044111
GO:0044153 -[is_a]-> GO:0044110
GO:0044154 -[is_a]-> GO:0043966
GO:0044155 -[is_a]-> GO:0033643
GO:0044155 -[part_of]-> GO:0033644
GO:0044156 -[is_a]-> GO:0033643
GO:0044156 -[part_of]-> GO:0020002
GO:0044157 -[is_a]-> GO:0033643
GO:0044158 -[is_a]-> GO:0033643
GO:0044159 -[is_a]-> GO:0033655
GO:0044160 -[is_a]-> GO:0033644
GO:0044160 -[is_a]-> GO:0033655
GO:0044160 -[part_of]-> GO:0044159
GO:0044161 -[is_a]-> GO:0033648
GO:0044161 -[is_a]-> GO:0033655
GO:0044162 -[is_a]-> GO:0033644
GO:0044162 -[is_a]-> GO:0033655
GO:0044162 -[part_of]-> GO:0044161
GO:0044163 -[is_a]-> GO:0033647
GO:0044164 -[is_a]-> GO:0033655
GO:0044165 -[is_a]-> GO:0033648
GO:0044165 -[is_a]-> GO:0033655
GO:0044166 -[is_a]-> GO:0033655
GO:0044166 -[part_of]-> GO:0044165
GO:0044167 -[is_a]-> GO:0033644
GO:0044167 -[part_of]-> GO:0033645
GO:0044167 -[part_of]-> GO:0044165
GO:0044168 -[is_a]-> GO:0044165
GO:0044169 -[is_a]-> GO:0044167
GO:0044169 -[part_of]-> GO:0044168
GO:0044170 -[is_a]-> GO:0044165
GO:0044171 -[is_a]-> GO:0044167
GO:0044171 -[part_of]-> GO:0044170
GO:0044172 -[is_a]-> GO:0033648
GO:0044172 -[is_a]-> GO:0033655
GO:0044173 -[is_a]-> GO:0033644
GO:0044173 -[part_of]-> GO:0044172
GO:0044174 -[is_a]-> GO:0033648
GO:0044174 -[is_a]-> GO:0033655
GO:0044175 -[is_a]-> GO:0033644
GO:0044175 -[part_of]-> GO:0044174
GO:0044176 -[is_a]-> GO:0044157
GO:0044177 -[is_a]-> GO:0033655
GO:0044178 -[is_a]-> GO:0033644
GO:0044178 -[part_of]-> GO:0033645
GO:0044178 -[part_of]-> GO:0044177
GO:0044179 -[is_a]-> GO:0051715
GO:0044180 -[is_a]-> GO:0030447
GO:0044181 -[is_a]-> GO:0030447
GO:0044181 -[is_a]-> GO:0060560
GO:0044182 -[is_a]-> GO:0030447
GO:0044183 -[is_a]-> GO:0005515
GO:0044183 -[part_of]-> GO:0006457
GO:0044184 -[is_a]-> GO:0044174
GO:0044185 -[is_a]-> GO:0044175
GO:0044185 -[part_of]-> GO:0044184
GO:0044186 -[is_a]-> GO:0033655
GO:0044187 -[is_a]-> GO:0033648
GO:0044187 -[is_a]-> GO:0033655
GO:0044188 -[is_a]-> GO:0033644
GO:0044188 -[part_of]-> GO:0044187
GO:0044190 -[is_a]-> GO:0033655
GO:0044190 -[part_of]-> GO:0033650
GO:0044191 -[is_a]-> GO:0033644
GO:0044191 -[part_of]-> GO:0044190
GO:0044192 -[is_a]-> GO:0044191
GO:0044193 -[is_a]-> GO:0039661
GO:0044193 -[is_a]-> GO:0044191
GO:0044194 -[is_a]-> GO:0005764
GO:0044195 -[is_a]-> GO:0044428
GO:0044195 -[part_of]-> GO:0005635
GO:0044196 -[is_a]-> GO:0044094
GO:0044197 -[is_a]-> GO:0019904
GO:0044198 -[is_a]-> GO:0019904
GO:0044199 -[is_a]-> GO:0044094
GO:0044199 -[part_of]-> GO:0033645
GO:0044200 -[is_a]-> GO:0033644
GO:0044200 -[part_of]-> GO:0044199
GO:0044201 -[is_a]-> GO:0044200
GO:0044202 -[is_a]-> GO:0039661
GO:0044202 -[is_a]-> GO:0044200
GO:0044203 -[is_a]-> GO:0044094
GO:0044203 -[part_of]-> GO:0044201
GO:0044204 -[is_a]-> GO:0044094
GO:0044205 -[is_a]-> GO:0006222
GO:0044206 -[is_a]-> GO:0006222
GO:0044206 -[is_a]-> GO:0010138
GO:0044206 -[is_a]-> GO:0043097
GO:0044207 -[is_a]-> GO:0030529
GO:0044207 -[is_a]-> GO:0044444
GO:0044208 -[is_a]-> GO:0006167
GO:0044209 -[is_a]-> GO:0006166
GO:0044209 -[is_a]-> GO:0006167
GO:0044209 -[is_a]-> GO:0032261
GO:0044210 -[is_a]-> GO:0006241
GO:0044211 -[is_a]-> GO:0006241
GO:0044211 -[is_a]-> GO:0010138
GO:0044211 -[is_a]-> GO:0043097
GO:0044212 -[is_a]-> GO:0000975
GO:0044213 -[is_a]-> GO:0044212
GO:0044214 -[is_a]-> GO:0005887
GO:0044214 -[is_a]-> GO:0089717
GO:0044214 -[part_of]-> GO:0005886
GO:0044215 -[is_a]-> GO:0005575
GO:0044216 -[is_a]-> GO:0044217
GO:0044217 -[is_a]-> GO:0005575
GO:0044217 -[part_of]-> GO:0044215
GO:0044218 -[is_a]-> GO:0044279
GO:0044218 -[part_of]-> GO:0044216
GO:0044219 -[is_a]-> GO:0044156
GO:0044220 -[is_a]-> GO:0033655
GO:0044221 -[is_a]-> GO:0033643
GO:0044222 -[is_a]-> GO:0043231
GO:0044222 -[is_a]-> GO:0044444
GO:0044223 -[is_a]-> GO:0043231
GO:0044223 -[is_a]-> GO:0044444
GO:0044224 -[is_a]-> GO:0033267
GO:0044224 -[part_of]-> GO:0044304
GO:0044225 -[is_a]-> GO:0060187
GO:0044225 -[is_a]-> GO:0097458
GO:0044225 -[part_of]-> GO:0043025
GO:0044226 -[is_a]-> GO:0060187
GO:0044226 -[is_a]-> GO:0097458
GO:0044226 -[part_of]-> GO:0043025
GO:0044227 -[is_a]-> GO:0043231
GO:0044227 -[is_a]-> GO:0044444
GO:0044228 -[is_a]-> GO:0033643
GO:0044229 -[is_a]-> GO:0033643
GO:0044230 -[is_a]-> GO:0033643
GO:0044231 -[is_a]-> GO:0033644
GO:0044231 -[is_a]-> GO:0072556
GO:0044231 -[part_of]-> GO:0044221
GO:0044232 -[is_a]-> GO:0044422
GO:0044233 -[is_a]-> GO:0044232
GO:0044236 -[is_a]-> GO:0044707
GO:0044236 -[is_a]-> GO:0044710
GO:0044237 -[is_a]-> GO:0008152
GO:0044237 -[is_a]-> GO:0009987
GO:0044238 -[is_a]-> GO:0008152
GO:0044239 -[is_a]-> GO:0044244
GO:0044240 -[is_a]-> GO:0016042
GO:0044240 -[is_a]-> GO:0044243
GO:0044240 -[part_of]-> GO:0044241
GO:0044241 -[is_a]-> GO:0007586
GO:0044242 -[is_a]-> GO:0016042
GO:0044242 -[is_a]-> GO:0044248
GO:0044242 -[is_a]-> GO:0044255
GO:0044243 -[is_a]-> GO:0044236
GO:0044244 -[is_a]-> GO:0000272
GO:0044244 -[is_a]-> GO:0044263
GO:0044244 -[is_a]-> GO:0044276
GO:0044244 -[part_of]-> GO:0044245
GO:0044245 -[is_a]-> GO:0007586
GO:0044246 -[is_a]-> GO:0019222
GO:0044246 -[is_a]-> GO:0051239
GO:0044246 -[regulates]-> GO:0044236
GO:0044247 -[is_a]-> GO:0000272
GO:0044247 -[is_a]-> GO:0044264
GO:0044247 -[is_a]-> GO:0044275
GO:0044248 -[is_a]-> GO:0009056
GO:0044248 -[is_a]-> GO:0044237
GO:0044249 -[is_a]-> GO:0009058
GO:0044249 -[is_a]-> GO:0044237
GO:0044250 -[is_a]-> GO:0044252
GO:0044250 -[part_of]-> GO:0042750
GO:0044251 -[is_a]-> GO:0044254
GO:0044252 -[is_a]-> GO:0009892
GO:0044252 -[is_a]-> GO:0044246
GO:0044252 -[is_a]-> GO:0051241
GO:0044252 -[negatively_regulates]-> GO:0044236
GO:0044253 -[is_a]-> GO:0009893
GO:0044253 -[is_a]-> GO:0044246
GO:0044253 -[is_a]-> GO:0051240
GO:0044253 -[positively_regulates]-> GO:0044236
GO:0044254 -[is_a]-> GO:0030163
GO:0044254 -[is_a]-> GO:0044243
GO:0044254 -[is_a]-> GO:0044266
GO:0044254 -[is_a]-> GO:0044268
GO:0044254 -[is_a]-> GO:0044712
GO:0044254 -[part_of]-> GO:0044256
GO:0044255 -[is_a]-> GO:0006629
GO:0044255 -[is_a]-> GO:0044237
GO:0044255 -[is_a]-> GO:0044763
GO:0044256 -[is_a]-> GO:0007586
GO:0044257 -[is_a]-> GO:0030163
GO:0044257 -[is_a]-> GO:0044265
GO:0044257 -[is_a]-> GO:0044267
GO:0044258 -[is_a]-> GO:0044240
GO:0044259 -[is_a]-> GO:0043170
GO:0044259 -[is_a]-> GO:0044236
GO:0044260 -[is_a]-> GO:0043170
GO:0044260 -[is_a]-> GO:0044237
GO:0044261 -[is_a]-> GO:0044259
GO:0044261 -[is_a]-> GO:0044723
GO:0044262 -[is_a]-> GO:0005975
GO:0044262 -[is_a]-> GO:0044237
GO:0044263 -[is_a]-> GO:0005976
GO:0044263 -[is_a]-> GO:0044261
GO:0044264 -[is_a]-> GO:0005976
GO:0044264 -[is_a]-> GO:0044260
GO:0044264 -[is_a]-> GO:0044262
GO:0044265 -[is_a]-> GO:0009057
GO:0044265 -[is_a]-> GO:0044248
GO:0044265 -[is_a]-> GO:0044260
GO:0044266 -[is_a]-> GO:0009057
GO:0044266 -[is_a]-> GO:0032501
GO:0044267 -[is_a]-> GO:0019538
GO:0044267 -[is_a]-> GO:0044260
GO:0044268 -[is_a]-> GO:0019538
GO:0044268 -[is_a]-> GO:0044259
GO:0044269 -[is_a]-> GO:0006662
GO:0044269 -[is_a]-> GO:0044248
GO:0044269 -[is_a]-> GO:0044763
GO:0044269 -[is_a]-> GO:1901502
GO:0044270 -[is_a]-> GO:0034641
GO:0044270 -[is_a]-> GO:0044248
GO:0044271 -[is_a]-> GO:0034641
GO:0044271 -[is_a]-> GO:0044249
GO:0044272 -[is_a]-> GO:0006790
GO:0044272 -[is_a]-> GO:0044249
GO:0044273 -[is_a]-> GO:0006790
GO:0044273 -[is_a]-> GO:0044248
GO:0044274 -[is_a]-> GO:0009058
GO:0044274 -[is_a]-> GO:0032501
GO:0044275 -[is_a]-> GO:0016052
GO:0044275 -[is_a]-> GO:0044248
GO:0044275 -[is_a]-> GO:0044262
GO:0044276 -[is_a]-> GO:0044243
GO:0044276 -[is_a]-> GO:0044261
GO:0044276 -[is_a]-> GO:0044266
GO:0044276 -[is_a]-> GO:0044724
GO:0044277 -[is_a]-> GO:0022411
GO:0044277 -[is_a]-> GO:0071555
GO:0044278 -[is_a]-> GO:0035821
GO:0044279 -[is_a]-> GO:0044217
GO:0044280 -[is_a]-> GO:0044424
GO:0044280 -[is_a]-> GO:0044459
GO:0044280 -[is_a]-> GO:0097458
GO:0044280 -[part_of]-> GO:0031234
GO:0044281 -[is_a]-> GO:0044710
GO:0044282 -[is_a]-> GO:0044281
GO:0044282 -[is_a]-> GO:0044712
GO:0044283 -[is_a]-> GO:0044281
GO:0044283 -[is_a]-> GO:0044711
GO:0044284 -[is_a]-> GO:0044455
GO:0044284 -[part_of]-> GO:0005743
GO:0044285 -[is_a]-> GO:0044455
GO:0044286 -[is_a]-> GO:0044291
GO:0044288 -[is_a]-> GO:0005915
GO:0044289 -[is_a]-> GO:0044455
GO:0044290 -[is_a]-> GO:0044429
GO:0044291 -[is_a]-> GO:0005911
GO:0044292 -[is_a]-> GO:0044463
GO:0044292 -[is_a]-> GO:0097458
GO:0044292 -[part_of]-> GO:0030425
GO:0044293 -[is_a]-> GO:0044292
GO:0044294 -[is_a]-> GO:0030426
GO:0044294 -[is_a]-> GO:0044292
GO:0044295 -[is_a]-> GO:0030426
GO:0044295 -[is_a]-> GO:0033267
GO:0044296 -[is_a]-> GO:0044292
GO:0044297 -[is_a]-> GO:0044464
GO:0044298 -[is_a]-> GO:0044459
GO:0044298 -[part_of]-> GO:0044297
GO:0044299 -[is_a]-> GO:0030424
GO:0044300 -[is_a]-> GO:0030424
GO:0044301 -[is_a]-> GO:0030424
GO:0044302 -[is_a]-> GO:0030424
GO:0044303 -[is_a]-> GO:0033267
GO:0044304 -[is_a]-> GO:0033267
GO:0044305 -[is_a]-> GO:0043679
GO:0044306 -[is_a]-> GO:0044463
GO:0044306 -[is_a]-> GO:0097458
GO:0044306 -[part_of]-> GO:0043005
GO:0044307 -[is_a]-> GO:0044463
GO:0044307 -[is_a]-> GO:0097458
GO:0044307 -[part_of]-> GO:0030425
GO:0044308 -[is_a]-> GO:0033267
GO:0044308 -[is_a]-> GO:0044309
GO:0044309 -[is_a]-> GO:0043005
GO:0044310 -[is_a]-> GO:0031410
GO:0044311 -[is_a]-> GO:0043231
GO:0044311 -[part_of]-> GO:0020007
GO:0044312 -[is_a]-> GO:0043232
GO:0044312 -[is_a]-> GO:0044444
GO:0044313 -[is_a]-> GO:0016579
GO:0044314 -[is_a]-> GO:0000209
GO:0044315 -[is_a]-> GO:0009306
GO:0044315 -[is_a]-> GO:0071806
GO:0044316 -[is_a]-> GO:0043679
GO:0044317 -[is_a]-> GO:0043005
GO:0044318 -[is_a]-> GO:0016638
GO:0044319 -[is_a]-> GO:0016477
GO:0044319 -[part_of]-> GO:0090505
GO:0044320 -[is_a]-> GO:0032870
GO:0044320 -[is_a]-> GO:0044321
GO:0044321 -[is_a]-> GO:0009725
GO:0044322 -[is_a]-> GO:0044432
GO:0044323 -[is_a]-> GO:0044212
GO:0044324 -[is_a]-> GO:0006357
GO:0044324 -[part_of]-> GO:0009948
GO:0044325 -[is_a]-> GO:0005515
GO:0044326 -[is_a]-> GO:0044456
GO:0044326 -[is_a]-> GO:0044463
GO:0044326 -[is_a]-> GO:0097458
GO:0044326 -[part_of]-> GO:0043197
GO:0044327 -[is_a]-> GO:0044456
GO:0044327 -[is_a]-> GO:0044463
GO:0044327 -[is_a]-> GO:0097458
GO:0044327 -[has_part]-> GO:0014069
GO:0044327 -[part_of]-> GO:0043197
GO:0044328 -[is_a]-> GO:0060070
GO:0044328 -[part_of]-> GO:0010595
GO:0044329 -[is_a]-> GO:0060070
GO:0044329 -[part_of]-> GO:0022409
GO:0044330 -[is_a]-> GO:0060070
GO:0044330 -[part_of]-> GO:0090303
GO:0044331 -[is_a]-> GO:0016337
GO:0044332 -[is_a]-> GO:0016055
GO:0044332 -[part_of]-> GO:0009950
GO:0044333 -[is_a]-> GO:0016055
GO:0044333 -[part_of]-> GO:0048546
GO:0044334 -[is_a]-> GO:0060070
GO:0044334 -[part_of]-> GO:0010718
GO:0044335 -[is_a]-> GO:0060070
GO:0044335 -[part_of]-> GO:0014033
GO:0044336 -[is_a]-> GO:0060070
GO:0044336 -[part_of]-> GO:0043066
GO:0044337 -[is_a]-> GO:0060070
GO:0044337 -[part_of]-> GO:0043065
GO:0044338 -[is_a]-> GO:0060070
GO:0044338 -[part_of]-> GO:0072497
GO:0044339 -[is_a]-> GO:0060070
GO:0044339 -[part_of]-> GO:0001649
GO:0044340 -[is_a]-> GO:0060070
GO:0044340 -[part_of]-> GO:0008283
GO:0044340 -[part_of]-> GO:0042127
GO:0044341 -[is_a]-> GO:0006817
GO:0044342 -[is_a]-> GO:0050673
GO:0044343 -[is_a]-> GO:0044340
GO:0044343 -[part_of]-> GO:0061469
GO:0044344 -[is_a]-> GO:0071363
GO:0044344 -[is_a]-> GO:0071495
GO:0044344 -[is_a]-> GO:0071774
GO:0044345 -[is_a]-> GO:0007267
GO:0044345 -[is_a]-> GO:0022412
GO:0044345 -[part_of]-> GO:0030850
GO:0044346 -[is_a]-> GO:0006915
GO:0044347 -[is_a]-> GO:0010383
GO:0044347 -[is_a]-> GO:0016998
GO:0044348 -[is_a]-> GO:0044347
GO:0044348 -[is_a]-> GO:0052541
GO:0044349 -[is_a]-> GO:0006259
GO:0044350 -[is_a]-> GO:0006907
GO:0044351 -[is_a]-> GO:0006907
GO:0044352 -[is_a]-> GO:0005768
GO:0044353 -[is_a]-> GO:0044352
GO:0044354 -[is_a]-> GO:0044352
GO:0044355 -[is_a]-> GO:0099046
GO:0044356 -[is_a]-> GO:0044355
GO:0044357 -[is_a]-> GO:0043487
GO:0044358 -[is_a]-> GO:0035738
GO:0044359 -[is_a]-> GO:0035821
GO:0044359 -[is_a]-> GO:0065009
GO:0044360 -[is_a]-> GO:0044363
GO:0044361 -[is_a]-> GO:0044360
GO:0044361 -[is_a]-> GO:0044362
GO:0044362 -[is_a]-> GO:0044092
GO:0044362 -[is_a]-> GO:0044359
GO:0044363 -[is_a]-> GO:0044561
GO:0044364 -[is_a]-> GO:0035821
GO:0044365 -[is_a]-> GO:0044468
GO:0044365 -[has_part]-> GO:0035892
GO:0044366 -[is_a]-> GO:0051704
GO:0044367 -[is_a]-> GO:0044366
GO:0044368 -[is_a]-> GO:0044367
GO:0044369 -[is_a]-> GO:0044368
GO:0044370 -[is_a]-> GO:0035737
GO:0044370 -[part_of]-> GO:0044369
GO:0044371 -[is_a]-> GO:0044368
GO:0044372 -[is_a]-> GO:0044368
GO:0044373 -[is_a]-> GO:0042562
GO:0044374 -[is_a]-> GO:0008301
GO:0044374 -[is_a]-> GO:1990837
GO:0044375 -[is_a]-> GO:0032535
GO:0044376 -[is_a]-> GO:0006606
GO:0044376 -[is_a]-> GO:0015833
GO:0044376 -[is_a]-> GO:0034629
GO:0044377 -[is_a]-> GO:0000978
GO:0044377 -[is_a]-> GO:0044374
GO:0044378 -[is_a]-> GO:0008301
GO:0044379 -[is_a]-> GO:0072697
GO:0044379 -[is_a]-> GO:1903119
GO:0044380 -[is_a]-> GO:0033365
GO:0044381 -[is_a]-> GO:0046323
GO:0044381 -[part_of]-> GO:0032869
GO:0044382 -[is_a]-> GO:0034629
GO:0044382 -[is_a]-> GO:0097355
GO:0044383 -[is_a]-> GO:0033647
GO:0044384 -[is_a]-> GO:0033644
GO:0044385 -[is_a]-> GO:0033643
GO:0044385 -[part_of]-> GO:0033644
GO:0044386 -[is_a]-> GO:0044385
GO:0044386 -[part_of]-> GO:0044167
GO:0044387 -[is_a]-> GO:0006469
GO:0044388 -[is_a]-> GO:0019899
GO:0044389 -[is_a]-> GO:0019899
GO:0044390 -[is_a]-> GO:0019899
GO:0044391 -[is_a]-> GO:0030529
GO:0044391 -[is_a]-> GO:0044444
GO:0044391 -[is_a]-> GO:0044446
GO:0044391 -[part_of]-> GO:0005840
GO:0044392 -[is_a]-> GO:0018205
GO:0044392 -[is_a]-> GO:0044394
GO:0044393 -[is_a]-> GO:0042995
GO:0044394 -[is_a]-> GO:0043543
GO:0044395 -[is_a]-> GO:0006612
GO:0044395 -[is_a]-> GO:0006623
GO:0044395 -[is_a]-> GO:1903778
GO:0044396 -[is_a]-> GO:0016043
GO:0044396 -[is_a]-> GO:0044763
GO:0044397 -[is_a]-> GO:0044396
GO:0044397 -[is_a]-> GO:0051666
GO:0044397 -[is_a]-> GO:1902580
GO:0044397 -[has_part]-> GO:0030041
GO:0044398 -[is_a]-> GO:0035738
GO:0044399 -[is_a]-> GO:0042710
GO:0044399 -[is_a]-> GO:0044403
GO:0044400 -[is_a]-> GO:0090608
GO:0044401 -[is_a]-> GO:0044406
GO:0044401 -[is_a]-> GO:0090608
GO:0044402 -[is_a]-> GO:0044419
GO:0044403 -[is_a]-> GO:0044419
GO:0044405 -[is_a]-> GO:0051824
GO:0044405 -[is_a]-> GO:0075136
GO:0044406 -[is_a]-> GO:0022610
GO:0044406 -[is_a]-> GO:0051704
GO:0044406 -[part_of]-> GO:0044403
GO:0044407 -[is_a]-> GO:0044010
GO:0044407 -[is_a]-> GO:0044406
GO:0044409 -[is_a]-> GO:0051828
GO:0044410 -[is_a]-> GO:0044409
GO:0044410 -[is_a]-> GO:0051829
GO:0044411 -[is_a]-> GO:0044409
GO:0044411 -[is_a]-> GO:0051830
GO:0044413 -[is_a]-> GO:0051832
GO:0044413 -[is_a]-> GO:0052200
GO:0044414 -[is_a]-> GO:0044413
GO:0044414 -[is_a]-> GO:0051833
GO:0044415 -[is_a]-> GO:0044413
GO:0044415 -[is_a]-> GO:0051834
GO:0044416 -[is_a]-> GO:0052251
GO:0044416 -[is_a]-> GO:0052509
GO:0044417 -[is_a]-> GO:0051701
GO:0044417 -[is_a]-> GO:0051836
GO:0044418 -[is_a]-> GO:0044417
GO:0044418 -[is_a]-> GO:0051837
GO:0044419 -[is_a]-> GO:0051704
GO:0044420 -[is_a]-> GO:0044421
GO:0044420 -[part_of]-> GO:0031012
GO:0044421 -[is_a]-> GO:0005575
GO:0044421 -[part_of]-> GO:0005576
GO:0044422 -[is_a]-> GO:0005575
GO:0044422 -[part_of]-> GO:0043226
GO:0044423 -[is_a]-> GO:0005575
GO:0044423 -[part_of]-> GO:0019012
GO:0044424 -[is_a]-> GO:0044464
GO:0044424 -[part_of]-> GO:0005622
GO:0044425 -[is_a]-> GO:0005575
GO:0044425 -[part_of]-> GO:0016020
GO:0044426 -[is_a]-> GO:0044462
GO:0044426 -[part_of]-> GO:0005618
GO:0044427 -[is_a]-> GO:0044446
GO:0044427 -[part_of]-> GO:0005694
GO:0044428 -[is_a]-> GO:0044446
GO:0044428 -[part_of]-> GO:0005634
GO:0044429 -[is_a]-> GO:0044444
GO:0044429 -[is_a]-> GO:0044446
GO:0044429 -[part_of]-> GO:0005739
GO:0044430 -[is_a]-> GO:0044446
GO:0044430 -[part_of]-> GO:0005856
GO:0044431 -[is_a]-> GO:0044444
GO:0044431 -[is_a]-> GO:0044446
GO:0044431 -[part_of]-> GO:0005794
GO:0044432 -[is_a]-> GO:0044444
GO:0044432 -[is_a]-> GO:0044446
GO:0044432 -[part_of]-> GO:0005783
GO:0044433 -[is_a]-> GO:0044444
GO:0044433 -[is_a]-> GO:0044446
GO:0044433 -[part_of]-> GO:0031410
GO:0044434 -[is_a]-> GO:0044435
GO:0044434 -[part_of]-> GO:0009507
GO:0044435 -[is_a]-> GO:0044444
GO:0044435 -[is_a]-> GO:0044446
GO:0044435 -[part_of]-> GO:0009536
GO:0044436 -[is_a]-> GO:0044424
GO:0044436 -[part_of]-> GO:0009579
GO:0044437 -[is_a]-> GO:0044444
GO:0044437 -[is_a]-> GO:0044446
GO:0044437 -[part_of]-> GO:0005773
GO:0044438 -[is_a]-> GO:0044444
GO:0044438 -[is_a]-> GO:0044446
GO:0044438 -[part_of]-> GO:0042579
GO:0044439 -[is_a]-> GO:0044438
GO:0044439 -[part_of]-> GO:0005777
GO:0044440 -[is_a]-> GO:0044433
GO:0044440 -[part_of]-> GO:0005768
GO:0044441 -[is_a]-> GO:0044422
GO:0044441 -[is_a]-> GO:0044463
GO:0044441 -[part_of]-> GO:0005929
GO:0044443 -[is_a]-> GO:0044446
GO:0044443 -[is_a]-> GO:0044463
GO:0044443 -[part_of]-> GO:0009289
GO:0044444 -[is_a]-> GO:0044424
GO:0044444 -[part_of]-> GO:0005737
GO:0044445 -[is_a]-> GO:0044444
GO:0044445 -[part_of]-> GO:0005829
GO:0044446 -[is_a]-> GO:0044422
GO:0044446 -[is_a]-> GO:0044424
GO:0044446 -[part_of]-> GO:0043229
GO:0044447 -[is_a]-> GO:0044430
GO:0044447 -[is_a]-> GO:0044441
GO:0044447 -[part_of]-> GO:0005930
GO:0044448 -[is_a]-> GO:0044444
GO:0044448 -[part_of]-> GO:0005938
GO:0044449 -[is_a]-> GO:0044422
GO:0044449 -[is_a]-> GO:0044444
GO:0044449 -[part_of]-> GO:0043292
GO:0044450 -[is_a]-> GO:0044430
GO:0044450 -[is_a]-> GO:0044444
GO:0044450 -[part_of]-> GO:0005815
GO:0044451 -[is_a]-> GO:0044428
GO:0044451 -[part_of]-> GO:0005654
GO:0044452 -[is_a]-> GO:0044428
GO:0044452 -[part_of]-> GO:0005730
GO:0044453 -[is_a]-> GO:0044425
GO:0044453 -[is_a]-> GO:0044428
GO:0044453 -[part_of]-> GO:0031965
GO:0044454 -[is_a]-> GO:0044427
GO:0044454 -[is_a]-> GO:0044428
GO:0044454 -[part_of]-> GO:0000228
GO:0044455 -[is_a]-> GO:0044425
GO:0044455 -[is_a]-> GO:0044429
GO:0044455 -[part_of]-> GO:0031966
GO:0044456 -[is_a]-> GO:0005575
GO:0044456 -[part_of]-> GO:0045202
GO:0044457 -[is_a]-> GO:0044464
GO:0044457 -[part_of]-> GO:0030428
GO:0044458 -[is_a]-> GO:0060271
GO:0044459 -[is_a]-> GO:0044425
GO:0044459 -[is_a]-> GO:0044464
GO:0044459 -[part_of]-> GO:0005886
GO:0044461 -[is_a]-> GO:0044422
GO:0044461 -[is_a]-> GO:0044463
GO:0044461 -[part_of]-> GO:0009288
GO:0044462 -[is_a]-> GO:0044464
GO:0044462 -[part_of]-> GO:0030312
GO:0044463 -[is_a]-> GO:0044464
GO:0044463 -[part_of]-> GO:0042995
GO:0044464 -[is_a]-> GO:0005575
GO:0044464 -[part_of]-> GO:0005623
GO:0044465 -[is_a]-> GO:0035821
GO:0044465 -[is_a]-> GO:0051930
GO:0044466 -[is_a]-> GO:0047617
GO:0044467 -[is_a]-> GO:0050663
GO:0044468 -[is_a]-> GO:0035738
GO:0044468 -[has_part]-> GO:0035806
GO:0044469 -[is_a]-> GO:0044468
GO:0044469 -[is_a]-> GO:0044483
GO:0044469 -[has_part]-> GO:0035807
GO:0044470 -[is_a]-> GO:0044468
GO:0044470 -[is_a]-> GO:0044483
GO:0044470 -[has_part]-> GO:0035899
GO:0044471 -[is_a]-> GO:0035738
GO:0044471 -[has_part]-> GO:0035915
GO:0044472 -[is_a]-> GO:0044560
GO:0044472 -[has_part]-> GO:0035916
GO:0044473 -[is_a]-> GO:0044472
GO:0044473 -[has_part]-> GO:0035917
GO:0044474 -[is_a]-> GO:0044473
GO:0044474 -[has_part]-> GO:0035918
GO:0044475 -[is_a]-> GO:0044474
GO:0044475 -[has_part]-> GO:0035920
GO:0044476 -[is_a]-> GO:0044474
GO:0044476 -[has_part]-> GO:0035919
GO:0044477 -[is_a]-> GO:0044365
GO:0044477 -[has_part]-> GO:0035893
GO:0044478 -[is_a]-> GO:0044365
GO:0044478 -[is_a]-> GO:0044469
GO:0044478 -[has_part]-> GO:0035807
GO:0044478 -[has_part]-> GO:0035894
GO:0044479 -[is_a]-> GO:0035738
GO:0044479 -[has_part]-> GO:0035895
GO:0044480 -[is_a]-> GO:0044479
GO:0044480 -[has_part]-> GO:0035896
GO:0044481 -[is_a]-> GO:0035738
GO:0044481 -[has_part]-> GO:0035897
GO:0044482 -[is_a]-> GO:0044358
GO:0044483 -[is_a]-> GO:0035738
GO:0044484 -[is_a]-> GO:0044483
GO:0044484 -[has_part]-> GO:0042730
GO:0044485 -[is_a]-> GO:0044536
GO:0044486 -[is_a]-> GO:0035821
GO:0044486 -[is_a]-> GO:0051969
GO:0044487 -[is_a]-> GO:0035738
GO:0044487 -[has_part]-> GO:0044486
GO:0044488 -[is_a]-> GO:0044561
GO:0044489 -[is_a]-> GO:0044362
GO:0044489 -[is_a]-> GO:0044488
GO:0044490 -[is_a]-> GO:0044488
GO:0044490 -[is_a]-> GO:0044491
GO:0044491 -[is_a]-> GO:0044092
GO:0044491 -[is_a]-> GO:0044093
GO:0044491 -[is_a]-> GO:0044359
GO:0044492 -[is_a]-> GO:0044560
GO:0044492 -[has_part]-> GO:0044488
GO:0044493 -[is_a]-> GO:0044492
GO:0044493 -[has_part]-> GO:0044489
GO:0044494 -[is_a]-> GO:0044492
GO:0044494 -[has_part]-> GO:0044490
GO:0044495 -[is_a]-> GO:0008217
GO:0044496 -[is_a]-> GO:0044495
GO:0044496 -[is_a]-> GO:0045776
GO:0044497 -[is_a]-> GO:0044495
GO:0044497 -[is_a]-> GO:0045777
GO:0044498 -[is_a]-> GO:0035738
GO:0044498 -[has_part]-> GO:0044495
GO:0044499 -[is_a]-> GO:0044498
GO:0044499 -[has_part]-> GO:0044497
GO:0044500 -[is_a]-> GO:0044498
GO:0044500 -[has_part]-> GO:0044496
GO:0044501 -[is_a]-> GO:0009966
GO:0044501 -[is_a]-> GO:0035821
GO:0044502 -[is_a]-> GO:0044501
GO:0044503 -[is_a]-> GO:0044504
GO:0044504 -[is_a]-> GO:0010469
GO:0044504 -[is_a]-> GO:0044359
GO:0044505 -[is_a]-> GO:0044503
GO:0044505 -[is_a]-> GO:0044507
GO:0044505 -[is_a]-> GO:2000273
GO:0044506 -[is_a]-> GO:0044504
GO:0044507 -[is_a]-> GO:0044491
GO:0044507 -[is_a]-> GO:0044504
GO:0044508 -[is_a]-> GO:0008528
GO:0044509 -[is_a]-> GO:0035738
GO:0044509 -[has_part]-> GO:0044501
GO:0044510 -[is_a]-> GO:0044509
GO:0044510 -[has_part]-> GO:0044502
GO:0044511 -[is_a]-> GO:0035738
GO:0044511 -[has_part]-> GO:0044504
GO:0044512 -[is_a]-> GO:0044511
GO:0044512 -[has_part]-> GO:0044506
GO:0044513 -[is_a]-> GO:0044511
GO:0044513 -[has_part]-> GO:0044503
GO:0044514 -[is_a]-> GO:0044513
GO:0044514 -[has_part]-> GO:0044505
GO:0044515 -[is_a]-> GO:0044512
GO:0044515 -[has_part]-> GO:0044516
GO:0044516 -[is_a]-> GO:0044506
GO:0044516 -[is_a]-> GO:0044507
GO:0044517 -[is_a]-> GO:0044504
GO:0044518 -[is_a]-> GO:0044507
GO:0044518 -[is_a]-> GO:0044517
GO:0044519 -[is_a]-> GO:0044511
GO:0044519 -[has_part]-> GO:0044517
GO:0044520 -[is_a]-> GO:0044519
GO:0044520 -[has_part]-> GO:0044518
GO:0044521 -[is_a]-> GO:0035738
GO:0044522 -[is_a]-> GO:0044521
GO:0044523 -[is_a]-> GO:0044521
GO:0044524 -[is_a]-> GO:0006464
GO:0044525 -[is_a]-> GO:0044524
GO:0044526 -[is_a]-> GO:0044525
GO:0044527 -[is_a]-> GO:0044525
GO:0044528 -[is_a]-> GO:0043488
GO:0044529 -[is_a]-> GO:0044357
GO:0044530 -[is_a]-> GO:0005681
GO:0044531 -[is_a]-> GO:0035821
GO:0044531 -[is_a]-> GO:0043067
GO:0044532 -[is_a]-> GO:0042981
GO:0044532 -[is_a]-> GO:0044531
GO:0044533 -[is_a]-> GO:0043065
GO:0044533 -[is_a]-> GO:0044532
GO:0044534 -[is_a]-> GO:0035738
GO:0044534 -[has_part]-> GO:0044532
GO:0044535 -[is_a]-> GO:0003997
GO:0044536 -[is_a]-> GO:0044483
GO:0044536 -[is_a]-> GO:0061754
GO:0044537 -[is_a]-> GO:0065008
GO:0044538 -[is_a]-> GO:0033643
GO:0044539 -[is_a]-> GO:0006869
GO:0044539 -[is_a]-> GO:0015849
GO:0044540 -[is_a]-> GO:0016846
GO:0044541 -[is_a]-> GO:0031638
GO:0044541 -[is_a]-> GO:0044033
GO:0044542 -[is_a]-> GO:0031639
GO:0044542 -[is_a]-> GO:0044541
GO:0044543 -[is_a]-> GO:0035738
GO:0044543 -[has_part]-> GO:0044541
GO:0044544 -[is_a]-> GO:0044484
GO:0044544 -[has_part]-> GO:0042730
GO:0044544 -[has_part]-> GO:0044542
GO:0044545 -[is_a]-> GO:0043234
GO:0044545 -[is_a]-> GO:1902562
GO:0044546 -[is_a]-> GO:0043623
GO:0044547 -[is_a]-> GO:0019899
GO:0044548 -[is_a]-> GO:0005515
GO:0044549 -[is_a]-> GO:0019899
GO:0044550 -[is_a]-> GO:0019748
GO:0044550 -[is_a]-> GO:0044711
GO:0044551 -[is_a]-> GO:0044500
GO:0044551 -[has_part]-> GO:0044552
GO:0044552 -[is_a]-> GO:0042312
GO:0044552 -[is_a]-> GO:0044553
GO:0044552 -[is_a]-> GO:0044706
GO:0044553 -[is_a]-> GO:0035821
GO:0044554 -[is_a]-> GO:0002027
GO:0044554 -[is_a]-> GO:0044553
GO:0044555 -[is_a]-> GO:0010459
GO:0044555 -[is_a]-> GO:0044554
GO:0044556 -[is_a]-> GO:0035738
GO:0044556 -[has_part]-> GO:0044555
GO:0044557 -[is_a]-> GO:0090075
GO:0044558 -[is_a]-> GO:0044557
GO:0044559 -[is_a]-> GO:0044560
GO:0044559 -[has_part]-> GO:0044360
GO:0044560 -[is_a]-> GO:0035738
GO:0044560 -[has_part]-> GO:0044561
GO:0044561 -[is_a]-> GO:0032409
GO:0044561 -[is_a]-> GO:0044359
GO:0044562 -[is_a]-> GO:0044559
GO:0044562 -[has_part]-> GO:0044361
GO:0044563 -[is_a]-> GO:0044562
GO:0044564 -[is_a]-> GO:0044562
GO:0044565 -[is_a]-> GO:0046651
GO:0044566 -[is_a]-> GO:0001775
GO:0044567 -[is_a]-> GO:0010330
GO:0044568 -[is_a]-> GO:0010330
GO:0044569 -[is_a]-> GO:1902494
GO:0044570 -[is_a]-> GO:0044462
GO:0044570 -[is_a]-> GO:0098796
GO:0044570 -[part_of]-> GO:0009279
GO:0044571 -[is_a]-> GO:0016226
GO:0044572 -[is_a]-> GO:0016226
GO:0044573 -[is_a]-> GO:0016226
GO:0044574 -[is_a]-> GO:0006461
GO:0044575 -[is_a]-> GO:0070925
GO:0044576 -[is_a]-> GO:0006115
GO:0044576 -[is_a]-> GO:0019323
GO:0044577 -[is_a]-> GO:0042843
GO:0044577 -[is_a]-> GO:0044576
GO:0044578 -[is_a]-> GO:0006633
GO:0044578 -[is_a]-> GO:0046949
GO:0044579 -[is_a]-> GO:0006084
GO:0044579 -[is_a]-> GO:0044578
GO:0044580 -[is_a]-> GO:0009062
GO:0044580 -[is_a]-> GO:0036115
GO:0044581 -[is_a]-> GO:0044580
GO:0044581 -[is_a]-> GO:0046358
GO:0044582 -[is_a]-> GO:0044580
GO:0044582 -[is_a]-> GO:0071271
GO:0044583 -[is_a]-> GO:0048031
GO:0044584 -[is_a]-> GO:0030247
GO:0044584 -[is_a]-> GO:0070492
GO:0044585 -[is_a]-> GO:0048030
GO:0044586 -[is_a]-> GO:0070492
GO:0044587 -[is_a]-> GO:0070492
GO:0044588 -[is_a]-> GO:0070492
GO:0044589 -[is_a]-> GO:0048028
GO:0044590 -[is_a]-> GO:0048037
GO:0044591 -[is_a]-> GO:0010033
GO:0044591 -[is_a]-> GO:1901700
GO:0044592 -[is_a]-> GO:0009743
GO:0044593 -[is_a]-> GO:0051188
GO:0044594 -[is_a]-> GO:0033764
GO:0044595 -[is_a]-> GO:0010420
GO:0044596 -[is_a]-> GO:0008757
GO:0044596 -[is_a]-> GO:0061542
GO:0044597 -[is_a]-> GO:0006725
GO:0044597 -[is_a]-> GO:0030638
GO:0044597 -[is_a]-> GO:0030647
GO:0044597 -[is_a]-> GO:1901360
GO:0044597 -[is_a]-> GO:1901661
GO:0044598 -[is_a]-> GO:0006725
GO:0044598 -[is_a]-> GO:0016137
GO:0044598 -[is_a]-> GO:0030638
GO:0044598 -[is_a]-> GO:1901360
GO:0044598 -[is_a]-> GO:1901661
GO:0044599 -[is_a]-> GO:0030119
GO:0044600 -[is_a]-> GO:0070568
GO:0044600 -[part_of]-> GO:0018260
GO:0044601 -[is_a]-> GO:0006464
GO:0044602 -[is_a]-> GO:0044601
GO:0044603 -[is_a]-> GO:0008081
GO:0044603 -[part_of]-> GO:0018117
GO:0044603 -[part_of]-> GO:0044602
GO:0044604 -[is_a]-> GO:0015440
GO:0044604 -[is_a]-> GO:0071992
GO:0044605 -[is_a]-> GO:0016773
GO:0044606 -[is_a]-> GO:0016818
GO:0044607 -[is_a]-> GO:0044004
GO:0044608 -[is_a]-> GO:0006481
GO:0044608 -[is_a]-> GO:0018350
GO:0044609 -[is_a]-> GO:0043234
GO:0044609 -[is_a]-> GO:0044424
GO:0044610 -[is_a]-> GO:0015215
GO:0044610 -[is_a]-> GO:1901505
GO:0044611 -[is_a]-> GO:0043234
GO:0044611 -[is_a]-> GO:0044428
GO:0044611 -[part_of]-> GO:0005643
GO:0044612 -[is_a]-> GO:0043234
GO:0044612 -[is_a]-> GO:0044428
GO:0044612 -[part_of]-> GO:0005643
GO:0044613 -[is_a]-> GO:0043234
GO:0044613 -[is_a]-> GO:0044428
GO:0044613 -[part_of]-> GO:0005643
GO:0044614 -[is_a]-> GO:0043234
GO:0044614 -[is_a]-> GO:0044428
GO:0044614 -[part_of]-> GO:0005643
GO:0044615 -[is_a]-> GO:0043234
GO:0044615 -[is_a]-> GO:0044428
GO:0044615 -[part_of]-> GO:0005643
GO:0044616 -[is_a]-> GO:0035821
GO:0044616 -[is_a]-> GO:1901077
GO:0044617 -[is_a]-> GO:0044616
GO:0044617 -[is_a]-> GO:1901080
GO:0044618 -[is_a]-> GO:0044617
GO:0044618 -[is_a]-> GO:1900719
GO:0044619 -[is_a]-> GO:0044618
GO:0044619 -[is_a]-> GO:1900721
GO:0044620 -[is_a]-> GO:0051192
GO:0044621 -[is_a]-> GO:0030334
GO:0044621 -[is_a]-> GO:0035821
GO:0044622 -[is_a]-> GO:0030336
GO:0044622 -[is_a]-> GO:0044621
GO:0044623 -[is_a]-> GO:0030335
GO:0044623 -[is_a]-> GO:0044621
GO:0044624 -[is_a]-> GO:0035738
GO:0044624 -[has_part]-> GO:0044621
GO:0044625 -[is_a]-> GO:0044624
GO:0044625 -[has_part]-> GO:0044622
GO:0044626 -[is_a]-> GO:0044624
GO:0044626 -[has_part]-> GO:0044623
GO:0044627 -[is_a]-> GO:0030450
GO:0044627 -[is_a]-> GO:0044645
GO:0044628 -[is_a]-> GO:0044627
GO:0044628 -[is_a]-> GO:0045960
GO:0044629 -[is_a]-> GO:0044627
GO:0044629 -[is_a]-> GO:0045959
GO:0044630 -[is_a]-> GO:0001868
GO:0044630 -[is_a]-> GO:0044645
GO:0044631 -[is_a]-> GO:0001870
GO:0044631 -[is_a]-> GO:0044630
GO:0044632 -[is_a]-> GO:0001869
GO:0044632 -[is_a]-> GO:0044630
GO:0044633 -[is_a]-> GO:0030451
GO:0044633 -[is_a]-> GO:0044645
GO:0044634 -[is_a]-> GO:0044633
GO:0044634 -[is_a]-> GO:0045957
GO:0044635 -[is_a]-> GO:0044633
GO:0044635 -[is_a]-> GO:0045958
GO:0044636 -[is_a]-> GO:0044646
GO:0044636 -[has_part]-> GO:0044627
GO:0044637 -[is_a]-> GO:0044636
GO:0044637 -[has_part]-> GO:0044629
GO:0044638 -[is_a]-> GO:0044636
GO:0044638 -[has_part]-> GO:0044628
GO:0044639 -[is_a]-> GO:0044646
GO:0044639 -[has_part]-> GO:0044630
GO:0044640 -[is_a]-> GO:0044639
GO:0044640 -[has_part]-> GO:0044632
GO:0044641 -[is_a]-> GO:0044639
GO:0044641 -[has_part]-> GO:0044631
GO:0044642 -[is_a]-> GO:0044646
GO:0044642 -[has_part]-> GO:0044633
GO:0044643 -[is_a]-> GO:0044642
GO:0044643 -[has_part]-> GO:0044635
GO:0044644 -[is_a]-> GO:0044642
GO:0044644 -[has_part]-> GO:0044634
GO:0044645 -[is_a]-> GO:0035821
GO:0044645 -[is_a]-> GO:0045088
GO:0044646 -[is_a]-> GO:0035738
GO:0044646 -[has_part]-> GO:0044645
GO:0044647 -[is_a]-> GO:0005923
GO:0044648 -[is_a]-> GO:0018027
GO:0044648 -[is_a]-> GO:0051568
GO:0044649 -[is_a]-> GO:0035738
GO:0044649 -[has_part]-> GO:0051715
GO:0044650 -[is_a]-> GO:0044406
GO:0044651 -[is_a]-> GO:0044650
GO:0044652 -[is_a]-> GO:0044650
GO:0044653 -[is_a]-> GO:0090599
GO:0044654 -[is_a]-> GO:0090599
GO:0044655 -[is_a]-> GO:0051454
GO:0044655 -[part_of]-> GO:0090382
GO:0044656 -[is_a]-> GO:0032535
GO:0044657 -[is_a]-> GO:0035915
GO:0044657 -[is_a]-> GO:0052025
GO:0044658 -[is_a]-> GO:0044657
GO:0044659 -[is_a]-> GO:0001897
GO:0044659 -[is_a]-> GO:0019076
GO:0044659 -[is_a]-> GO:0039633
GO:0044659 -[is_a]-> GO:0044661
GO:0044660 -[is_a]-> GO:0044659
GO:0044660 -[has_part]-> GO:0044658
GO:0044661 -[is_a]-> GO:0044004
GO:0044662 -[is_a]-> GO:0044661
GO:0044662 -[is_a]-> GO:0051673
GO:0044662 -[is_a]-> GO:0052025
GO:0044663 -[is_a]-> GO:0044763
GO:0044663 -[part_of]-> GO:0036166
GO:0044665 -[is_a]-> GO:0035097
GO:0044666 -[is_a]-> GO:0035097
GO:0044667 -[is_a]-> GO:0015297
GO:0044667 -[is_a]-> GO:1901235
GO:0044667 -[is_a]-> GO:1901236
GO:0044668 -[is_a]-> GO:0015294
GO:0044669 -[is_a]-> GO:0015294
GO:0044670 -[is_a]-> GO:0015294
GO:0044671 -[is_a]-> GO:0003006
GO:0044671 -[is_a]-> GO:0030154
GO:0044671 -[is_a]-> GO:0044702
GO:0044671 -[part_of]-> GO:0048837
GO:0044672 -[is_a]-> GO:0043234
GO:0044673 -[is_a]-> GO:1990234
GO:0044674 -[is_a]-> GO:1990234
GO:0044675 -[is_a]-> GO:0043234
GO:0044676 -[is_a]-> GO:0043234
GO:0044677 -[is_a]-> GO:0043234
GO:0044678 -[is_a]-> GO:1990204
GO:0044679 -[is_a]-> GO:1990204
GO:0044680 -[is_a]-> GO:0034708
GO:0044681 -[is_a]-> GO:1902494
GO:0044682 -[is_a]-> GO:0003933
GO:0044683 -[is_a]-> GO:0008168
GO:0044684 -[is_a]-> GO:0016646
GO:0044684 -[part_of]-> GO:2001118
GO:0044685 -[is_a]-> GO:0016742
GO:0044686 -[is_a]-> GO:0016765
GO:0044687 -[is_a]-> GO:0016765
GO:0044688 -[is_a]-> GO:0008081
GO:0044688 -[part_of]-> GO:2001116
GO:0044689 -[is_a]-> GO:0016765
GO:0044690 -[is_a]-> GO:0000101
GO:0044690 -[is_a]-> GO:0043090
GO:0044691 -[is_a]-> GO:0044767
GO:0044691 -[is_a]-> GO:0048856
GO:0044691 -[part_of]-> GO:0042476
GO:0044692 -[is_a]-> GO:0008047
GO:0044692 -[part_of]-> GO:0032075
GO:0044693 -[is_a]-> GO:0005351
GO:0044693 -[is_a]-> GO:0015574
GO:0044694 -[is_a]-> GO:0046718
GO:0044694 -[is_a]-> GO:0046794
GO:0044694 -[has_part]-> GO:0039707
GO:0044695 -[is_a]-> GO:0000151
GO:0044695 -[is_a]-> GO:0044422
GO:0044695 -[is_a]-> GO:0044425
GO:0044695 -[part_of]-> GO:0031090
GO:0044696 -[is_a]-> GO:0039633
GO:0044697 -[is_a]-> GO:0043234
GO:0044697 -[is_a]-> GO:0044464
GO:0044698 -[is_a]-> GO:0009653
GO:0044698 -[is_a]-> GO:0044111
GO:0044698 -[part_of]-> GO:0044118
GO:0044699 -[is_a]-> GO:0008150
GO:0044700 -[is_a]-> GO:0023052
GO:0044700 -[is_a]-> GO:0044699
GO:0044702 -[is_a]-> GO:0022414
GO:0044702 -[is_a]-> GO:0044699
GO:0044703 -[is_a]-> GO:0022414
GO:0044703 -[is_a]-> GO:0051704
GO:0044704 -[is_a]-> GO:0019098
GO:0044704 -[is_a]-> GO:0044702
GO:0044704 -[is_a]-> GO:0044708
GO:0044705 -[is_a]-> GO:0019098
GO:0044705 -[is_a]-> GO:0044703
GO:0044705 -[is_a]-> GO:0051705
GO:0044706 -[is_a]-> GO:0032501
GO:0044706 -[is_a]-> GO:0051704
GO:0044707 -[is_a]-> GO:0032501
GO:0044707 -[is_a]-> GO:0044699
GO:0044708 -[is_a]-> GO:0007610
GO:0044708 -[is_a]-> GO:0044699
GO:0044710 -[is_a]-> GO:0008152
GO:0044710 -[is_a]-> GO:0044699
GO:0044711 -[is_a]-> GO:0009058
GO:0044711 -[is_a]-> GO:0044710
GO:0044712 -[is_a]-> GO:0009056
GO:0044712 -[is_a]-> GO:0044710
GO:0044713 -[is_a]-> GO:0047429
GO:0044714 -[is_a]-> GO:0047429
GO:0044715 -[is_a]-> GO:0017110
GO:0044716 -[is_a]-> GO:0017110
GO:0044717 -[is_a]-> GO:0017110
GO:0044718 -[is_a]-> GO:0015891
GO:0044718 -[is_a]-> GO:0055085
GO:0044719 -[is_a]-> GO:0090066
GO:0044719 -[part_of]-> GO:0007476
GO:0044720 -[is_a]-> GO:0044719
GO:0044721 -[is_a]-> GO:0043624
GO:0044721 -[part_of]-> GO:0016558
GO:0044722 -[is_a]-> GO:0003014
GO:0044722 -[is_a]-> GO:0007588
GO:0044723 -[is_a]-> GO:0005975
GO:0044723 -[is_a]-> GO:0044710
GO:0044724 -[is_a]-> GO:0016052
GO:0044724 -[is_a]-> GO:0044712
GO:0044724 -[is_a]-> GO:0044723
GO:0044725 -[is_a]-> GO:0043045
GO:0044726 -[is_a]-> GO:0044030
GO:0044726 -[part_of]-> GO:0044725
GO:0044727 -[is_a]-> GO:0043045
GO:0044727 -[part_of]-> GO:0044725
GO:0044728 -[is_a]-> GO:0006304
GO:0044729 -[is_a]-> GO:0003690
GO:0044730 -[is_a]-> GO:0005515
GO:0044730 -[is_a]-> GO:0050840
GO:0044731 -[is_a]-> GO:0098797
GO:0044732 -[is_a]-> GO:0005816
GO:0044732 -[part_of]-> GO:0072686
GO:0044733 -[is_a]-> GO:0044560
GO:0044733 -[has_part]-> GO:0044737
GO:0044734 -[is_a]-> GO:0044733
GO:0044734 -[has_part]-> GO:0044739
GO:0044735 -[is_a]-> GO:0044733
GO:0044735 -[has_part]-> GO:0044738
GO:0044736 -[is_a]-> GO:0015280
GO:0044737 -[is_a]-> GO:0044561
GO:0044738 -[is_a]-> GO:0032410
GO:0044738 -[is_a]-> GO:0044737
GO:0044739 -[is_a]-> GO:0032411
GO:0044739 -[is_a]-> GO:0044737
GO:0044740 -[is_a]-> GO:0031645
GO:0044740 -[is_a]-> GO:0044465
GO:0044741 -[is_a]-> GO:0044742
GO:0044741 -[has_part]-> GO:0044740
GO:0044742 -[is_a]-> GO:0035738
GO:0044742 -[has_part]-> GO:0044465
GO:0044743 -[is_a]-> GO:0017038
GO:0044743 -[is_a]-> GO:0065002
GO:0044743 -[is_a]-> GO:1902582
GO:0044744 -[is_a]-> GO:0006605
GO:0044744 -[is_a]-> GO:0034504
GO:0044744 -[is_a]-> GO:0051169
GO:0044744 -[is_a]-> GO:0072594
GO:0044745 -[is_a]-> GO:0003333
GO:0044745 -[is_a]-> GO:0043090
GO:0044746 -[is_a]-> GO:0003333
GO:0044746 -[is_a]-> GO:0032973
GO:0044747 -[is_a]-> GO:0010586
GO:0044747 -[is_a]-> GO:0043628
GO:0044747 -[part_of]-> GO:0035196
GO:0044748 -[is_a]-> GO:0000175
GO:0044748 -[part_of]-> GO:0044747
GO:0044749 -[is_a]-> GO:0071578
GO:0044750 -[is_a]-> GO:0015099
GO:0044751 -[is_a]-> GO:0044752
GO:0044751 -[is_a]-> GO:0071371
GO:0044752 -[is_a]-> GO:0034698
GO:0044753 -[is_a]-> GO:0005776
GO:0044754 -[is_a]-> GO:0005767
GO:0044754 -[is_a]-> GO:0005776
GO:0044755 -[is_a]-> GO:0098657
GO:0044755 -[is_a]-> GO:1901688
GO:0044756 -[is_a]-> GO:0098657
GO:0044756 -[is_a]-> GO:1901689
GO:0044757 -[is_a]-> GO:0098657
GO:0044757 -[is_a]-> GO:1901690
GO:0044758 -[is_a]-> GO:0044063
GO:0044758 -[is_a]-> GO:0044068
GO:0044758 -[is_a]-> GO:0050804
GO:0044759 -[is_a]-> GO:0044758
GO:0044759 -[is_a]-> GO:0050805
GO:0044760 -[is_a]-> GO:0032222
GO:0044760 -[is_a]-> GO:0044758
GO:0044761 -[is_a]-> GO:0032223
GO:0044761 -[is_a]-> GO:0044759
GO:0044761 -[is_a]-> GO:0044760
GO:0044762 -[is_a]-> GO:0044079
GO:0044762 -[is_a]-> GO:0046929
GO:0044763 -[is_a]-> GO:0009987
GO:0044763 -[is_a]-> GO:0044699
GO:0044764 -[is_a]-> GO:0009987
GO:0044764 -[is_a]-> GO:0051704
GO:0044765 -[is_a]-> GO:0006810
GO:0044765 -[is_a]-> GO:1902578
GO:0044766 -[is_a]-> GO:0006810
GO:0044766 -[is_a]-> GO:1902579
GO:0044767 -[is_a]-> GO:0032502
GO:0044767 -[is_a]-> GO:0044699
GO:0044768 -[is_a]-> GO:0006461
GO:0044768 -[part_of]-> GO:0051382
GO:0044769 -[is_a]-> GO:0042625
GO:0044770 -[is_a]-> GO:0022402
GO:0044771 -[is_a]-> GO:0044770
GO:0044771 -[is_a]-> GO:1903046
GO:0044771 -[part_of]-> GO:0051321
GO:0044772 -[is_a]-> GO:0044770
GO:0044772 -[is_a]-> GO:1903047
GO:0044772 -[part_of]-> GO:0000278
GO:0044773 -[is_a]-> GO:0000077
GO:0044773 -[is_a]-> GO:0044774
GO:0044773 -[part_of]-> GO:0000278
GO:0044774 -[is_a]-> GO:0007093
GO:0044774 -[is_a]-> GO:0031570
GO:0044774 -[part_of]-> GO:0000278
GO:0044775 -[is_a]-> GO:0044796
GO:0044775 -[part_of]-> GO:0009360
GO:0044776 -[is_a]-> GO:0043234
GO:0044776 -[is_a]-> GO:0044424
GO:0044776 -[part_of]-> GO:0009360
GO:0044777 -[is_a]-> GO:0043234
GO:0044777 -[part_of]-> GO:0009295
GO:0044778 -[is_a]-> GO:0031570
GO:0044778 -[is_a]-> GO:0033313
GO:0044778 -[part_of]-> GO:0051321
GO:0044779 -[is_a]-> GO:0031577
GO:0044779 -[is_a]-> GO:0033313
GO:0044779 -[is_a]-> GO:1902103
GO:0044779 -[part_of]-> GO:0051321
GO:0044780 -[is_a]-> GO:0030031
GO:0044780 -[is_a]-> GO:0044781
GO:0044780 -[is_a]-> GO:0070925
GO:0044781 -[is_a]-> GO:0030030
GO:0044781 -[is_a]-> GO:1902589
GO:0044782 -[is_a]-> GO:0030030
GO:0044782 -[is_a]-> GO:1902589
GO:0044783 -[is_a]-> GO:0000077
GO:0044784 -[is_a]-> GO:0033045
GO:0044784 -[is_a]-> GO:0044770
GO:0044785 -[is_a]-> GO:0044771
GO:0044785 -[is_a]-> GO:0044784
GO:0044785 -[part_of]-> GO:0051321
GO:0044786 -[is_a]-> GO:0006261
GO:0044786 -[is_a]-> GO:0022402
GO:0044786 -[part_of]-> GO:0007049
GO:0044787 -[is_a]-> GO:0044786
GO:0044788 -[is_a]-> GO:0051851
GO:0044789 -[is_a]-> GO:0044788
GO:0044789 -[is_a]-> GO:1902186
GO:0044789 -[regulates]-> GO:0019076
GO:0044790 -[is_a]-> GO:0044789
GO:0044790 -[is_a]-> GO:0044793
GO:0044790 -[is_a]-> GO:1902187
GO:0044790 -[negatively_regulates]-> GO:0019076
GO:0044791 -[is_a]-> GO:0044789
GO:0044791 -[is_a]-> GO:0044794
GO:0044791 -[is_a]-> GO:1902188
GO:0044791 -[positively_regulates]-> GO:0019076
GO:0044793 -[is_a]-> GO:0044788
GO:0044793 -[is_a]-> GO:0048525
GO:0044793 -[negatively_regulates]-> GO:0016032
GO:0044794 -[is_a]-> GO:0044788
GO:0044794 -[is_a]-> GO:0048524
GO:0044794 -[positively_regulates]-> GO:0016032
GO:0044795 -[is_a]-> GO:0016197
GO:0044796 -[is_a]-> GO:0043234
GO:0044796 -[is_a]-> GO:0044424
GO:0044797 -[is_a]-> GO:0005667
GO:0044797 -[is_a]-> GO:0044444
GO:0044797 -[part_of]-> GO:0005737
GO:0044798 -[is_a]-> GO:0005667
GO:0044798 -[is_a]-> GO:0044428
GO:0044798 -[part_of]-> GO:0005634
GO:0044799 -[is_a]-> GO:0009325
GO:0044799 -[is_a]-> GO:0098797
GO:0044799 -[is_a]-> GO:0098803
GO:0044799 -[part_of]-> GO:0005887
GO:0044799 -[part_of]-> GO:0070470
GO:0044800 -[is_a]-> GO:0044803
GO:0044800 -[is_a]-> GO:0061025
GO:0044801 -[is_a]-> GO:0044802
GO:0044801 -[is_a]-> GO:0061025
GO:0044802 -[is_a]-> GO:0044763
GO:0044802 -[is_a]-> GO:0061024
GO:0044803 -[is_a]-> GO:0044764
GO:0044803 -[is_a]-> GO:0061024
GO:0044804 -[is_a]-> GO:0006914
GO:0044805 -[is_a]-> GO:0044804
GO:0044806 -[is_a]-> GO:0032392
GO:0044807 -[is_a]-> GO:0001816
GO:0044808 -[is_a]-> GO:0001816
GO:0044809 -[is_a]-> GO:0032602
GO:0044810 -[is_a]-> GO:0071174
GO:0044811 -[is_a]-> GO:0072476
GO:0044812 -[is_a]-> GO:0006113
GO:0044812 -[is_a]-> GO:0044711
GO:0044812 -[is_a]-> GO:1902422
GO:0044813 -[is_a]-> GO:0019660
GO:0044813 -[has_part]-> GO:0019164
GO:0044814 -[is_a]-> GO:0019660
GO:0044814 -[has_part]-> GO:0008861
GO:0044815 -[is_a]-> GO:0032991
GO:0044816 -[is_a]-> GO:0043234
GO:0044817 -[is_a]-> GO:1902422
GO:0044818 -[is_a]-> GO:0007093
GO:0044818 -[is_a]-> GO:0010972
GO:0044819 -[is_a]-> GO:0007093
GO:0044819 -[is_a]-> GO:2000134
GO:0044820 -[is_a]-> GO:0034398
GO:0044821 -[is_a]-> GO:0034398
GO:0044821 -[is_a]-> GO:0045141
GO:0044822 -[is_a]-> GO:0003723
GO:0044823 -[is_a]-> GO:0008907
GO:0044823 -[part_of]-> GO:0044826
GO:0044824 -[is_a]-> GO:0004520
GO:0044824 -[part_of]-> GO:0044823
GO:0044825 -[is_a]-> GO:0003824
GO:0044825 -[part_of]-> GO:0044823
GO:0044826 -[is_a]-> GO:0016032
GO:0044826 -[part_of]-> GO:0019058
GO:0044827 -[is_a]-> GO:0044788
GO:0044827 -[is_a]-> GO:0045069
GO:0044827 -[regulates]-> GO:0019079
GO:0044828 -[is_a]-> GO:0019054
GO:0044828 -[is_a]-> GO:0044793
GO:0044828 -[is_a]-> GO:0044827
GO:0044828 -[is_a]-> GO:0045071
GO:0044828 -[negatively_regulates]-> GO:0019079
GO:0044829 -[is_a]-> GO:0044794
GO:0044829 -[is_a]-> GO:0044827
GO:0044829 -[is_a]-> GO:0045070
GO:0044829 -[positively_regulates]-> GO:0019079
GO:0044830 -[is_a]-> GO:0044827
GO:0044830 -[is_a]-> GO:0051252
GO:0044830 -[regulates]-> GO:0039694
GO:0044831 -[is_a]-> GO:0001817
GO:0044831 -[is_a]-> GO:0075528
GO:0044831 -[regulates]-> GO:0001816
GO:0044832 -[is_a]-> GO:0001819
GO:0044832 -[is_a]-> GO:0044831
GO:0044832 -[positively_regulates]-> GO:0001816
GO:0044833 -[is_a]-> GO:0019054
GO:0044833 -[is_a]-> GO:0051223
GO:0044833 -[is_a]-> GO:0052038
GO:0044833 -[regulates]-> GO:0015031
GO:0044834 -[is_a]-> GO:0032993
GO:0044835 -[is_a]-> GO:1902422
GO:0044835 -[has_part]-> GO:0016163
GO:0044836 -[is_a]-> GO:0006113
GO:0044836 -[is_a]-> GO:0044577
GO:0044837 -[is_a]-> GO:0030866
GO:0044837 -[is_a]-> GO:0031032
GO:0044838 -[is_a]-> GO:0022403
GO:0044839 -[is_a]-> GO:0044770
GO:0044840 -[is_a]-> GO:0031410
GO:0044841 -[is_a]-> GO:0031090
GO:0044841 -[is_a]-> GO:0044433
GO:0044841 -[part_of]-> GO:0044840
GO:0044842 -[is_a]-> GO:0044433
GO:0044842 -[is_a]-> GO:0070013
GO:0044842 -[part_of]-> GO:0044840
GO:0044843 -[is_a]-> GO:0044770
GO:0044844 -[is_a]-> GO:0051328
GO:0044844 -[is_a]-> GO:0098765
GO:0044845 -[is_a]-> GO:0035268
GO:0044846 -[is_a]-> GO:0044032
GO:0044847 -[is_a]-> GO:0044002
GO:0044848 -[is_a]-> GO:0008150
GO:0044849 -[is_a]-> GO:0042698
GO:0044850 -[is_a]-> GO:0003006
GO:0044850 -[is_a]-> GO:0042698
GO:0044850 -[is_a]-> GO:0044767
GO:0044851 -[is_a]-> GO:0044848
GO:0044852 -[is_a]-> GO:0006323
GO:0044852 -[part_of]-> GO:0030261
GO:0044853 -[is_a]-> GO:0045121
GO:0044853 -[is_a]-> GO:0098590
GO:0044853 -[part_of]-> GO:0005886
GO:0044854 -[is_a]-> GO:0001765
GO:0044854 -[is_a]-> GO:0044857
GO:0044855 -[is_a]-> GO:0031580
GO:0044855 -[is_a]-> GO:0044856
GO:0044856 -[is_a]-> GO:0051665
GO:0044857 -[is_a]-> GO:0031579
GO:0044857 -[part_of]-> GO:0007009
GO:0044858 -[is_a]-> GO:0001766
GO:0044858 -[is_a]-> GO:0044855
GO:0044859 -[is_a]-> GO:0071210
GO:0044859 -[is_a]-> GO:0098737
GO:0044860 -[is_a]-> GO:1903044
GO:0044860 -[is_a]-> GO:1990778
GO:0044861 -[is_a]-> GO:0032596
GO:0044861 -[is_a]-> GO:0044860
GO:0044861 -[is_a]-> GO:0090002
GO:0044861 -[is_a]-> GO:0098876
GO:0044862 -[is_a]-> GO:0032599
GO:0044862 -[is_a]-> GO:0072657
GO:0044862 -[is_a]-> GO:0090002
GO:0044862 -[is_a]-> GO:0098876
GO:0044862 -[is_a]-> GO:0099632
GO:0044862 -[is_a]-> GO:1990778
GO:0044862 -[occurs_in]-> GO:0005886
GO:0044863 -[is_a]-> GO:0019054
GO:0044863 -[is_a]-> GO:0051302
GO:0044864 -[is_a]-> GO:0044863
GO:0044864 -[is_a]-> GO:0051781
GO:0044865 -[is_a]-> GO:0044863
GO:0044865 -[is_a]-> GO:0051782
GO:0044866 -[is_a]-> GO:0044867
GO:0044866 -[is_a]-> GO:1903015
GO:0044866 -[regulates]-> GO:0004308
GO:0044867 -[is_a]-> GO:0044868
GO:0044867 -[is_a]-> GO:0052422
GO:0044867 -[regulates]-> GO:0003824
GO:0044868 -[is_a]-> GO:0044788
GO:0044869 -[is_a]-> GO:0044866
GO:0044869 -[is_a]-> GO:0052403
GO:0044869 -[is_a]-> GO:1903016
GO:0044869 -[negatively_regulates]-> GO:0004308
GO:0044870 -[is_a]-> GO:0044788
GO:0044870 -[is_a]-> GO:1903018
GO:0044870 -[regulates]-> GO:0009100
GO:0044871 -[is_a]-> GO:0044793
GO:0044871 -[is_a]-> GO:0044870
GO:0044871 -[is_a]-> GO:1903019
GO:0044871 -[negatively_regulates]-> GO:0009100
GO:0044872 -[is_a]-> GO:0033036
GO:0044873 -[is_a]-> GO:0044872
GO:0044874 -[is_a]-> GO:0044873
GO:0044875 -[is_a]-> GO:0016705
GO:0044876 -[is_a]-> GO:0016705
GO:0044877 -[is_a]-> GO:0005488
GO:0044878 -[is_a]-> GO:0007093
GO:0044878 -[is_a]-> GO:0010972
GO:0044879 -[is_a]-> GO:0007093
GO:0045002 -[is_a]-> GO:0000726
GO:0045002 -[is_a]-> GO:0006302
GO:0045003 -[is_a]-> GO:0000724
GO:0045004 -[is_a]-> GO:0006281
GO:0045004 -[is_a]-> GO:0045005
GO:0045005 -[is_a]-> GO:0006259
GO:0045005 -[part_of]-> GO:0006261
GO:0045006 -[is_a]-> GO:0006304
GO:0045007 -[is_a]-> GO:0006285
GO:0045007 -[is_a]-> GO:0006304
GO:0045008 -[is_a]-> GO:0006285
GO:0045008 -[is_a]-> GO:0006304
GO:0045008 -[is_a]-> GO:0009223
GO:0045009 -[is_a]-> GO:0031410
GO:0045010 -[is_a]-> GO:0007015
GO:0045010 -[is_a]-> GO:0030838
GO:0045013 -[is_a]-> GO:0045892
GO:0045013 -[is_a]-> GO:0045990
GO:0045014 -[is_a]-> GO:0045013
GO:0045014 -[is_a]-> GO:0046015
GO:0045015 -[is_a]-> GO:0046923
GO:0045016 -[is_a]-> GO:0006839
GO:0045016 -[is_a]-> GO:0015693
GO:0045017 -[is_a]-> GO:0008610
GO:0045017 -[is_a]-> GO:0044249
GO:0045017 -[is_a]-> GO:0046486
GO:0045018 -[is_a]-> GO:0007034
GO:0045019 -[is_a]-> GO:0031327
GO:0045019 -[is_a]-> GO:0045428
GO:0045019 -[is_a]-> GO:1903427
GO:0045019 -[is_a]-> GO:1904406
GO:0045019 -[negatively_regulates]-> GO:0006809
GO:0045022 -[is_a]-> GO:0016482
GO:0045022 -[is_a]-> GO:0098927
GO:0045022 -[occurs_in]-> GO:0005829
GO:0045023 -[is_a]-> GO:0022402
GO:0045025 -[is_a]-> GO:0000177
GO:0045025 -[is_a]-> GO:0044429
GO:0045026 -[is_a]-> GO:0044801
GO:0045027 -[is_a]-> GO:0043566
GO:0045028 -[is_a]-> GO:0001608
GO:0045028 -[is_a]-> GO:0001614
GO:0045028 -[part_of]-> GO:0035589
GO:0045029 -[is_a]-> GO:0015065
GO:0045030 -[is_a]-> GO:0015065
GO:0045031 -[is_a]-> GO:0001609
GO:0045032 -[is_a]-> GO:0001609
GO:0045033 -[is_a]-> GO:0007031
GO:0045033 -[is_a]-> GO:0048308
GO:0045035 -[is_a]-> GO:0008356
GO:0045035 -[part_of]-> GO:0007423
GO:0045036 -[is_a]-> GO:0006605
GO:0045036 -[is_a]-> GO:0072596
GO:0045036 -[is_a]-> GO:0072598
GO:0045037 -[is_a]-> GO:0044743
GO:0045037 -[is_a]-> GO:0045036
GO:0045038 -[is_a]-> GO:0006612
GO:0045038 -[is_a]-> GO:0044743
GO:0045038 -[is_a]-> GO:0045036
GO:0045039 -[is_a]-> GO:0007007
GO:0045039 -[is_a]-> GO:0044743
GO:0045039 -[is_a]-> GO:0070585
GO:0045039 -[is_a]-> GO:0072657
GO:0045039 -[is_a]-> GO:0090151
GO:0045039 -[is_a]-> GO:1990542
GO:0045039 -[occurs_in]-> GO:0005737
GO:0045039 -[part_of]-> GO:0006626
GO:0045040 -[is_a]-> GO:0007008
GO:0045040 -[is_a]-> GO:0044743
GO:0045040 -[is_a]-> GO:0070585
GO:0045040 -[is_a]-> GO:0072657
GO:0045040 -[is_a]-> GO:0090151
GO:0045040 -[is_a]-> GO:1990542
GO:0045040 -[occurs_in]-> GO:0005737
GO:0045040 -[part_of]-> GO:0006626
GO:0045041 -[is_a]-> GO:0044743
GO:0045041 -[is_a]-> GO:0070585
GO:0045041 -[is_a]-> GO:0072655
GO:0045041 -[is_a]-> GO:1990542
GO:0045041 -[occurs_in]-> GO:0005737
GO:0045041 -[part_of]-> GO:0006626
GO:0045046 -[is_a]-> GO:0006612
GO:0045046 -[is_a]-> GO:0006625
GO:0045046 -[is_a]-> GO:0015919
GO:0045046 -[is_a]-> GO:0044743
GO:0045046 -[is_a]-> GO:1902589
GO:0045047 -[is_a]-> GO:0006605
GO:0045047 -[is_a]-> GO:0070972
GO:0045047 -[is_a]-> GO:0072599
GO:0045048 -[is_a]-> GO:0051205
GO:0045048 -[part_of]-> GO:0007029
GO:0045048 -[part_of]-> GO:0033365
GO:0045049 -[is_a]-> GO:0045048
GO:0045050 -[is_a]-> GO:0045048
GO:0045051 -[is_a]-> GO:0045048
GO:0045052 -[is_a]-> GO:0045048
GO:0045053 -[is_a]-> GO:0032507
GO:0045053 -[part_of]-> GO:0034067
GO:0045054 -[is_a]-> GO:0006887
GO:0045055 -[is_a]-> GO:0006887
GO:0045056 -[is_a]-> GO:0016192
GO:0045056 -[is_a]-> GO:0044765
GO:0045057 -[is_a]-> GO:0006891
GO:0045058 -[is_a]-> GO:0002376
GO:0045058 -[part_of]-> GO:0030217
GO:0045059 -[is_a]-> GO:0043368
GO:0045059 -[is_a]-> GO:0045061
GO:0045060 -[is_a]-> GO:0043383
GO:0045060 -[is_a]-> GO:0045061
GO:0045061 -[is_a]-> GO:0045058
GO:0045061 -[part_of]-> GO:0033077
GO:0045062 -[is_a]-> GO:0045058
GO:0045062 -[part_of]-> GO:0033078
GO:0045063 -[is_a]-> GO:0042093
GO:0045063 -[part_of]-> GO:0042088
GO:0045064 -[is_a]-> GO:0042093
GO:0045064 -[part_of]-> GO:0042092
GO:0045065 -[is_a]-> GO:0030217
GO:0045066 -[is_a]-> GO:0030217
GO:0045067 -[is_a]-> GO:0043368
GO:0045067 -[is_a]-> GO:0045062
GO:0045068 -[is_a]-> GO:0043383
GO:0045068 -[is_a]-> GO:0045062
GO:0045069 -[is_a]-> GO:1903900
GO:0045069 -[regulates]-> GO:0019079
GO:0045070 -[is_a]-> GO:0045069
GO:0045070 -[is_a]-> GO:1903902
GO:0045070 -[positively_regulates]-> GO:0019079
GO:0045071 -[is_a]-> GO:0045069
GO:0045071 -[is_a]-> GO:1903901
GO:0045071 -[negatively_regulates]-> GO:0019079
GO:0045072 -[is_a]-> GO:0032649
GO:0045072 -[is_a]-> GO:0042035
GO:0045072 -[regulates]-> GO:0042095
GO:0045073 -[is_a]-> GO:0032642
GO:0045073 -[is_a]-> GO:0042035
GO:0045073 -[regulates]-> GO:0042033
GO:0045074 -[is_a]-> GO:0032653
GO:0045074 -[is_a]-> GO:0042035
GO:0045074 -[regulates]-> GO:0042091
GO:0045075 -[is_a]-> GO:0032655
GO:0045075 -[is_a]-> GO:0042035
GO:0045075 -[regulates]-> GO:0042090
GO:0045076 -[is_a]-> GO:0032663
GO:0045076 -[is_a]-> GO:0042035
GO:0045076 -[regulates]-> GO:0042094
GO:0045077 -[is_a]-> GO:0032689
GO:0045077 -[is_a]-> GO:0042036
GO:0045077 -[is_a]-> GO:0045072
GO:0045077 -[negatively_regulates]-> GO:0042095
GO:0045078 -[is_a]-> GO:0032729
GO:0045078 -[is_a]-> GO:0042108
GO:0045078 -[is_a]-> GO:0045072
GO:0045078 -[positively_regulates]-> GO:0042095
GO:0045079 -[is_a]-> GO:0032682
GO:0045079 -[is_a]-> GO:0042036
GO:0045079 -[is_a]-> GO:0045073
GO:0045079 -[negatively_regulates]-> GO:0042033
GO:0045080 -[is_a]-> GO:0032722
GO:0045080 -[is_a]-> GO:0042108
GO:0045080 -[is_a]-> GO:0045073
GO:0045080 -[positively_regulates]-> GO:0042033
GO:0045081 -[is_a]-> GO:0032693
GO:0045081 -[is_a]-> GO:0042036
GO:0045081 -[is_a]-> GO:0045074
GO:0045081 -[negatively_regulates]-> GO:0042091
GO:0045082 -[is_a]-> GO:0032733
GO:0045082 -[is_a]-> GO:0042108
GO:0045082 -[is_a]-> GO:0045074
GO:0045082 -[positively_regulates]-> GO:0042091
GO:0045083 -[is_a]-> GO:0032695
GO:0045083 -[is_a]-> GO:0042036
GO:0045083 -[is_a]-> GO:0045075
GO:0045083 -[negatively_regulates]-> GO:0042090
GO:0045084 -[is_a]-> GO:0032735
GO:0045084 -[is_a]-> GO:0042108
GO:0045084 -[is_a]-> GO:0045075
GO:0045084 -[positively_regulates]-> GO:0042090
GO:0045085 -[is_a]-> GO:0032703
GO:0045085 -[is_a]-> GO:0042036
GO:0045085 -[is_a]-> GO:0045076
GO:0045085 -[negatively_regulates]-> GO:0042094
GO:0045086 -[is_a]-> GO:0032743
GO:0045086 -[is_a]-> GO:0042108
GO:0045086 -[is_a]-> GO:0045076
GO:0045086 -[positively_regulates]-> GO:0042094
GO:0045087 -[is_a]-> GO:0006952
GO:0045087 -[is_a]-> GO:0006955
GO:0045088 -[is_a]-> GO:0031347
GO:0045088 -[is_a]-> GO:0050776
GO:0045088 -[regulates]-> GO:0045087
GO:0045089 -[is_a]-> GO:0031349
GO:0045089 -[is_a]-> GO:0045088
GO:0045089 -[is_a]-> GO:0050778
GO:0045089 -[positively_regulates]-> GO:0045087
GO:0045091 -[is_a]-> GO:0045069
GO:0045091 -[is_a]-> GO:0051052
GO:0045091 -[is_a]-> GO:0051252
GO:0045091 -[regulates]-> GO:0039692
GO:0045092 -[is_a]-> GO:0098802
GO:0045092 -[part_of]-> GO:0005887
GO:0045093 -[is_a]-> GO:0042007
GO:0045094 -[is_a]-> GO:0042007
GO:0045095 -[is_a]-> GO:0005882
GO:0045098 -[is_a]-> GO:0005882
GO:0045103 -[is_a]-> GO:0044763
GO:0045104 -[is_a]-> GO:0007010
GO:0045104 -[is_a]-> GO:0045103
GO:0045104 -[is_a]-> GO:1902589
GO:0045105 -[is_a]-> GO:0043933
GO:0045105 -[part_of]-> GO:0045104
GO:0045106 -[is_a]-> GO:0045105
GO:0045106 -[is_a]-> GO:0051261
GO:0045107 -[is_a]-> GO:0045105
GO:0045107 -[is_a]-> GO:0051258
GO:0045108 -[is_a]-> GO:0051493
GO:0045108 -[regulates]-> GO:0045105
GO:0045109 -[is_a]-> GO:0045104
GO:0045110 -[is_a]-> GO:0022607
GO:0045110 -[is_a]-> GO:0045109
GO:0045111 -[is_a]-> GO:0005856
GO:0045112 -[is_a]-> GO:0009059
GO:0045112 -[part_of]-> GO:0007009
GO:0045113 -[is_a]-> GO:0010556
GO:0045113 -[is_a]-> GO:1903729
GO:0045113 -[regulates]-> GO:0045112
GO:0045114 -[is_a]-> GO:0045112
GO:0045115 -[is_a]-> GO:0045113
GO:0045115 -[regulates]-> GO:0045114
GO:0045116 -[is_a]-> GO:0032446
GO:0045117 -[is_a]-> GO:0071702
GO:0045117 -[is_a]-> GO:0071705
GO:0045118 -[is_a]-> GO:0090484
GO:0045118 -[part_of]-> GO:0045117
GO:0045119 -[is_a]-> GO:0015307
GO:0045119 -[is_a]-> GO:1901474
GO:0045120 -[is_a]-> GO:0005634
GO:0045121 -[is_a]-> GO:0098857
GO:0045122 -[is_a]-> GO:0043386
GO:0045122 -[is_a]-> GO:0046222
GO:0045122 -[is_a]-> GO:1901378
GO:0045123 -[is_a]-> GO:0050900
GO:0045124 -[is_a]-> GO:0032844
GO:0045124 -[is_a]-> GO:0046850
GO:0045124 -[regulates]-> GO:0045453
GO:0045125 -[is_a]-> GO:0004930
GO:0045127 -[is_a]-> GO:0019200
GO:0045128 -[is_a]-> GO:0010520
GO:0045128 -[is_a]-> GO:0045835
GO:0045128 -[is_a]-> GO:0045910
GO:0045128 -[negatively_regulates]-> GO:0007131
GO:0045129 -[is_a]-> GO:0004407
GO:0045130 -[is_a]-> GO:0008146
GO:0045131 -[is_a]-> GO:0036002
GO:0045132 -[is_a]-> GO:0044702
GO:0045132 -[is_a]-> GO:0098813
GO:0045132 -[is_a]-> GO:1903046
GO:0045132 -[part_of]-> GO:0007126
GO:0045133 -[is_a]-> GO:0016702
GO:0045134 -[is_a]-> GO:0017110
GO:0045135 -[is_a]-> GO:0016837
GO:0045136 -[is_a]-> GO:0003006
GO:0045137 -[is_a]-> GO:0003006
GO:0045137 -[part_of]-> GO:0007275
GO:0045137 -[part_of]-> GO:0007548
GO:0045138 -[is_a]-> GO:0090598
GO:0045140 -[is_a]-> GO:0016758
GO:0045141 -[is_a]-> GO:0034397
GO:0045141 -[is_a]-> GO:0070192
GO:0045141 -[is_a]-> GO:0090220
GO:0045142 -[is_a]-> GO:0043566
GO:0045143 -[is_a]-> GO:0045132
GO:0045143 -[part_of]-> GO:0007127
GO:0045144 -[is_a]-> GO:0000819
GO:0045144 -[is_a]-> GO:0045132
GO:0045144 -[is_a]-> GO:0070192
GO:0045144 -[part_of]-> GO:0007135
GO:0045145 -[is_a]-> GO:0008297
GO:0045145 -[is_a]-> GO:0035312
GO:0045146 -[is_a]-> GO:0043077
GO:0045146 -[part_of]-> GO:0010034
GO:0045147 -[is_a]-> GO:0045734
GO:0045147 -[is_a]-> GO:1901457
GO:0045147 -[regulates]-> GO:0045146
GO:0045148 -[is_a]-> GO:0004177
GO:0045148 -[is_a]-> GO:0034701
GO:0045149 -[is_a]-> GO:0042180
GO:0045149 -[is_a]-> GO:1902652
GO:0045150 -[is_a]-> GO:0042182
GO:0045150 -[is_a]-> GO:0045149
GO:0045150 -[is_a]-> GO:0046164
GO:0045151 -[is_a]-> GO:0042181
GO:0045151 -[is_a]-> GO:0045149
GO:0045151 -[is_a]-> GO:1902653
GO:0045152 -[is_a]-> GO:0005515
GO:0045153 -[is_a]-> GO:0009055
GO:0045154 -[is_a]-> GO:0009055
GO:0045155 -[is_a]-> GO:0009055
GO:0045156 -[is_a]-> GO:0009055
GO:0045157 -[is_a]-> GO:0009055
GO:0045158 -[is_a]-> GO:0009055
GO:0045159 -[is_a]-> GO:0017022
GO:0045160 -[is_a]-> GO:0016461
GO:0045161 -[is_a]-> GO:0044802
GO:0045161 -[part_of]-> GO:0042551
GO:0045162 -[is_a]-> GO:0045161
GO:0045163 -[is_a]-> GO:0045161
GO:0045165 -[is_a]-> GO:0048869
GO:0045165 -[part_of]-> GO:0030154
GO:0045167 -[is_a]-> GO:0008105
GO:0045167 -[part_of]-> GO:0001709
GO:0045168 -[is_a]-> GO:0007267
GO:0045168 -[part_of]-> GO:0045165
GO:0045169 -[is_a]-> GO:0044444
GO:0045170 -[is_a]-> GO:0043232
GO:0045170 -[is_a]-> GO:0044444
GO:0045171 -[is_a]-> GO:0044421
GO:0045172 -[is_a]-> GO:0045171
GO:0045173 -[is_a]-> GO:0006516
GO:0045174 -[is_a]-> GO:0015038
GO:0045174 -[is_a]-> GO:0016209
GO:0045174 -[is_a]-> GO:0016672
GO:0045175 -[is_a]-> GO:0008105
GO:0045176 -[is_a]-> GO:0008105
GO:0045177 -[is_a]-> GO:0044464
GO:0045178 -[is_a]-> GO:0044464
GO:0045179 -[is_a]-> GO:0099738
GO:0045179 -[part_of]-> GO:0045177
GO:0045180 -[is_a]-> GO:0099738
GO:0045180 -[part_of]-> GO:0045178
GO:0045181 -[is_a]-> GO:0015930
GO:0045181 -[is_a]-> GO:0016639
GO:0045182 -[is_a]-> GO:0003674
GO:0045182 -[part_of]-> GO:0006417
GO:0045183 -[is_a]-> GO:0045182
GO:0045184 -[is_a]-> GO:0051234
GO:0045184 -[part_of]-> GO:0008104
GO:0045185 -[is_a]-> GO:0051235
GO:0045185 -[part_of]-> GO:0008104
GO:0045186 -[is_a]-> GO:0007043
GO:0045186 -[is_a]-> GO:0034333
GO:0045186 -[part_of]-> GO:0043297
GO:0045187 -[is_a]-> GO:0042749
GO:0045187 -[regulates]-> GO:0050802
GO:0045188 -[is_a]-> GO:0045187
GO:0045188 -[regulates]-> GO:0042748
GO:0045189 -[is_a]-> GO:0009058
GO:0045189 -[is_a]-> GO:0042089
GO:0045189 -[part_of]-> GO:0032601
GO:0045190 -[is_a]-> GO:0002204
GO:0045190 -[is_a]-> GO:0002312
GO:0045190 -[is_a]-> GO:0044710
GO:0045191 -[is_a]-> GO:0000018
GO:0045191 -[is_a]-> GO:0002637
GO:0045191 -[is_a]-> GO:0002889
GO:0045191 -[is_a]-> GO:0050864
GO:0045191 -[is_a]-> GO:2000026
GO:0045191 -[regulates]-> GO:0045190
GO:0045196 -[is_a]-> GO:0007163
GO:0045196 -[part_of]-> GO:0055059
GO:0045197 -[is_a]-> GO:0035088
GO:0045198 -[is_a]-> GO:0030859
GO:0045198 -[is_a]-> GO:0035089
GO:0045198 -[is_a]-> GO:0045197
GO:0045198 -[is_a]-> GO:0090162
GO:0045199 -[is_a]-> GO:0035090
GO:0045199 -[is_a]-> GO:0045197
GO:0045200 -[is_a]-> GO:0030010
GO:0045200 -[is_a]-> GO:0045196
GO:0045201 -[is_a]-> GO:0030011
GO:0045201 -[is_a]-> GO:0045196
GO:0045202 -[is_a]-> GO:0005575
GO:0045203 -[is_a]-> GO:0016021
GO:0045203 -[is_a]-> GO:0031230
GO:0045203 -[part_of]-> GO:0009279
GO:0045204 -[is_a]-> GO:0006611
GO:0045208 -[is_a]-> GO:0006611
GO:0045209 -[is_a]-> GO:0045208
GO:0045210 -[is_a]-> GO:0009101
GO:0045211 -[is_a]-> GO:0097060
GO:0045211 -[part_of]-> GO:0098794
GO:0045212 -[is_a]-> GO:0032800
GO:0045212 -[is_a]-> GO:0045213
GO:0045213 -[is_a]-> GO:0043112
GO:0045214 -[is_a]-> GO:0031032
GO:0045214 -[part_of]-> GO:0030239
GO:0045216 -[is_a]-> GO:0034330
GO:0045217 -[is_a]-> GO:0034331
GO:0045217 -[is_a]-> GO:0045216
GO:0045218 -[is_a]-> GO:0045217
GO:0045219 -[is_a]-> GO:0010559
GO:0045219 -[regulates]-> GO:0045210
GO:0045220 -[is_a]-> GO:0010560
GO:0045220 -[is_a]-> GO:0045219
GO:0045220 -[positively_regulates]-> GO:0045210
GO:0045221 -[is_a]-> GO:0010561
GO:0045221 -[is_a]-> GO:0045219
GO:0045221 -[negatively_regulates]-> GO:0045210
GO:0045222 -[is_a]-> GO:0009101
GO:0045222 -[is_a]-> GO:0019538
GO:0045223 -[is_a]-> GO:0010559
GO:0045223 -[is_a]-> GO:0051246
GO:0045223 -[regulates]-> GO:0045222
GO:0045224 -[is_a]-> GO:0010560
GO:0045224 -[is_a]-> GO:0045223
GO:0045224 -[is_a]-> GO:0051247
GO:0045224 -[positively_regulates]-> GO:0045222
GO:0045225 -[is_a]-> GO:0010561
GO:0045225 -[is_a]-> GO:0045223
GO:0045225 -[is_a]-> GO:0051248
GO:0045225 -[negatively_regulates]-> GO:0045222
GO:0045226 -[is_a]-> GO:0033692
GO:0045226 -[is_a]-> GO:0046379
GO:0045227 -[is_a]-> GO:0045226
GO:0045227 -[is_a]-> GO:0045230
GO:0045228 -[is_a]-> GO:0045226
GO:0045228 -[is_a]-> GO:0045231
GO:0045229 -[is_a]-> GO:0016043
GO:0045230 -[is_a]-> GO:0045229
GO:0045231 -[is_a]-> GO:0045229
GO:0045232 -[is_a]-> GO:0045229
GO:0045234 -[is_a]-> GO:0006497
GO:0045234 -[is_a]-> GO:0043543
GO:0045236 -[is_a]-> GO:0042379
GO:0045237 -[is_a]-> GO:0005153
GO:0045238 -[is_a]-> GO:0005153
GO:0045239 -[is_a]-> GO:0043234
GO:0045239 -[is_a]-> GO:0044444
GO:0045240 -[is_a]-> GO:0045239
GO:0045240 -[is_a]-> GO:1990204
GO:0045241 -[is_a]-> GO:0045240
GO:0045241 -[is_a]-> GO:0045246
GO:0045242 -[is_a]-> GO:0045239
GO:0045242 -[is_a]-> GO:1990204
GO:0045243 -[is_a]-> GO:0045242
GO:0045243 -[is_a]-> GO:0045246
GO:0045243 -[part_of]-> GO:0005829
GO:0045244 -[is_a]-> GO:0030062
GO:0045244 -[is_a]-> GO:0042709
GO:0045244 -[part_of]-> GO:0005739
GO:0045246 -[is_a]-> GO:0044445
GO:0045246 -[is_a]-> GO:0045239
GO:0045247 -[is_a]-> GO:0044445
GO:0045247 -[is_a]-> GO:0045251
GO:0045248 -[is_a]-> GO:0044445
GO:0045248 -[is_a]-> GO:0045252
GO:0045248 -[part_of]-> GO:0005829
GO:0045249 -[is_a]-> GO:0044445
GO:0045249 -[is_a]-> GO:0045253
GO:0045249 -[part_of]-> GO:0005829
GO:0045250 -[is_a]-> GO:0044445
GO:0045250 -[is_a]-> GO:0045254
GO:0045250 -[part_of]-> GO:0005829
GO:0045251 -[is_a]-> GO:0043234
GO:0045251 -[is_a]-> GO:0044444
GO:0045252 -[is_a]-> GO:0045240
GO:0045252 -[is_a]-> GO:1990234
GO:0045253 -[is_a]-> GO:0044444
GO:0045253 -[is_a]-> GO:1903293
GO:0045254 -[is_a]-> GO:0044444
GO:0045254 -[is_a]-> GO:1990204
GO:0045257 -[is_a]-> GO:0045281
GO:0045258 -[is_a]-> GO:0045257
GO:0045258 -[is_a]-> GO:0045282
GO:0045258 -[part_of]-> GO:0005886
GO:0045259 -[is_a]-> GO:0016469
GO:0045259 -[is_a]-> GO:0044424
GO:0045260 -[is_a]-> GO:0045259
GO:0045260 -[is_a]-> GO:0098797
GO:0045260 -[part_of]-> GO:0005886
GO:0045261 -[is_a]-> GO:0033178
GO:0045261 -[is_a]-> GO:0044424
GO:0045261 -[part_of]-> GO:0045259
GO:0045262 -[is_a]-> GO:0045261
GO:0045262 -[is_a]-> GO:0098797
GO:0045262 -[part_of]-> GO:0005886
GO:0045262 -[part_of]-> GO:0045260
GO:0045263 -[is_a]-> GO:0033177
GO:0045263 -[is_a]-> GO:0044424
GO:0045263 -[part_of]-> GO:0045259
GO:0045264 -[is_a]-> GO:0045263
GO:0045264 -[is_a]-> GO:0098797
GO:0045264 -[part_of]-> GO:0005886
GO:0045264 -[part_of]-> GO:0045260
GO:0045265 -[is_a]-> GO:0044424
GO:0045265 -[is_a]-> GO:0098796
GO:0045265 -[part_of]-> GO:0045263
GO:0045266 -[is_a]-> GO:0045265
GO:0045266 -[is_a]-> GO:0098797
GO:0045266 -[part_of]-> GO:0005886
GO:0045266 -[part_of]-> GO:0045264
GO:0045267 -[is_a]-> GO:0044424
GO:0045267 -[is_a]-> GO:0098796
GO:0045267 -[part_of]-> GO:0045261
GO:0045268 -[is_a]-> GO:0045267
GO:0045268 -[is_a]-> GO:0098797
GO:0045268 -[part_of]-> GO:0005886
GO:0045268 -[part_of]-> GO:0045262
GO:0045269 -[is_a]-> GO:0044424
GO:0045269 -[is_a]-> GO:0098796
GO:0045269 -[part_of]-> GO:0045261
GO:0045270 -[is_a]-> GO:0045269
GO:0045270 -[is_a]-> GO:0098797
GO:0045270 -[part_of]-> GO:0005886
GO:0045270 -[part_of]-> GO:0045262
GO:0045271 -[is_a]-> GO:0030964
GO:0045271 -[is_a]-> GO:0098803
GO:0045271 -[part_of]-> GO:0070469
GO:0045272 -[is_a]-> GO:0045271
GO:0045272 -[is_a]-> GO:0098797
GO:0045272 -[part_of]-> GO:0005886
GO:0045272 -[part_of]-> GO:0070470
GO:0045273 -[is_a]-> GO:0044424
GO:0045273 -[is_a]-> GO:0098803
GO:0045273 -[part_of]-> GO:0070469
GO:0045274 -[is_a]-> GO:0045273
GO:0045274 -[is_a]-> GO:0098797
GO:0045274 -[part_of]-> GO:0005886
GO:0045274 -[part_of]-> GO:0070470
GO:0045275 -[is_a]-> GO:0044424
GO:0045275 -[is_a]-> GO:0070069
GO:0045275 -[is_a]-> GO:0098803
GO:0045275 -[is_a]-> GO:1902495
GO:0045275 -[is_a]-> GO:1990204
GO:0045275 -[part_of]-> GO:0070469
GO:0045276 -[is_a]-> GO:0045275
GO:0045276 -[is_a]-> GO:0098797
GO:0045276 -[part_of]-> GO:0005886
GO:0045276 -[part_of]-> GO:0070470
GO:0045277 -[is_a]-> GO:0044424
GO:0045277 -[is_a]-> GO:0070069
GO:0045277 -[is_a]-> GO:0098803
GO:0045277 -[part_of]-> GO:0070469
GO:0045278 -[is_a]-> GO:0045277
GO:0045278 -[is_a]-> GO:0098797
GO:0045278 -[part_of]-> GO:0005886
GO:0045278 -[part_of]-> GO:0070470
GO:0045281 -[is_a]-> GO:0044424
GO:0045281 -[is_a]-> GO:0044425
GO:0045281 -[is_a]-> GO:1990204
GO:0045281 -[part_of]-> GO:0045273
GO:0045282 -[is_a]-> GO:0044459
GO:0045282 -[is_a]-> GO:0045281
GO:0045282 -[part_of]-> GO:0005886
GO:0045282 -[part_of]-> GO:0045274
GO:0045283 -[is_a]-> GO:0044424
GO:0045283 -[is_a]-> GO:0098803
GO:0045283 -[part_of]-> GO:0045273
GO:0045284 -[is_a]-> GO:0045283
GO:0045284 -[is_a]-> GO:0098797
GO:0045284 -[part_of]-> GO:0005886
GO:0045284 -[part_of]-> GO:0045274
GO:0045289 -[is_a]-> GO:0004497
GO:0045290 -[is_a]-> GO:0016616
GO:0045291 -[is_a]-> GO:0000365
GO:0045292 -[is_a]-> GO:0000398
GO:0045293 -[is_a]-> GO:0043234
GO:0045293 -[is_a]-> GO:0044444
GO:0045294 -[is_a]-> GO:0005515
GO:0045295 -[is_a]-> GO:0005515
GO:0045296 -[is_a]-> GO:0050839
GO:0045297 -[is_a]-> GO:0019098
GO:0045298 -[is_a]-> GO:0043234
GO:0045298 -[is_a]-> GO:0044430
GO:0045299 -[is_a]-> GO:0031214
GO:0045299 -[part_of]-> GO:0048840
GO:0045300 -[is_a]-> GO:0016717
GO:0045301 -[is_a]-> GO:0016491
GO:0045301 -[part_of]-> GO:0002195
GO:0045302 -[is_a]-> GO:0016811
GO:0045303 -[is_a]-> GO:0008483
GO:0045304 -[is_a]-> GO:0010646
GO:0045304 -[is_a]-> GO:0032104
GO:0045304 -[is_a]-> GO:0043900
GO:0045304 -[regulates]-> GO:0030420
GO:0045309 -[is_a]-> GO:0051219
GO:0045311 -[is_a]-> GO:0036267
GO:0045311 -[part_of]-> GO:0019236
GO:0045312 -[is_a]-> GO:0006596
GO:0045312 -[is_a]-> GO:0046204
GO:0045313 -[is_a]-> GO:0044091
GO:0045313 -[part_of]-> GO:0042052
GO:0045314 -[is_a]-> GO:0042478
GO:0045314 -[part_of]-> GO:0046532
GO:0045314 -[regulates]-> GO:0042051
GO:0045315 -[is_a]-> GO:0042479
GO:0045315 -[is_a]-> GO:0045314
GO:0045315 -[positively_regulates]-> GO:0042051
GO:0045316 -[is_a]-> GO:0042480
GO:0045316 -[is_a]-> GO:0045314
GO:0045316 -[negatively_regulates]-> GO:0042051
GO:0045317 -[is_a]-> GO:0048859
GO:0045317 -[part_of]-> GO:0042067
GO:0045320 -[is_a]-> GO:0045259
GO:0045320 -[is_a]-> GO:0098807
GO:0045320 -[part_of]-> GO:0009507
GO:0045320 -[part_of]-> GO:0009535
GO:0045321 -[is_a]-> GO:0001775
GO:0045321 -[is_a]-> GO:0002376
GO:0045322 -[is_a]-> GO:0043565
GO:0045323 -[is_a]-> GO:0098802
GO:0045323 -[part_of]-> GO:0005887
GO:0045324 -[is_a]-> GO:0007034
GO:0045324 -[is_a]-> GO:0016197
GO:0045325 -[is_a]-> GO:0018211
GO:0045326 -[is_a]-> GO:0045327
GO:0045327 -[is_a]-> GO:0018142
GO:0045327 -[is_a]-> GO:0018212
GO:0045328 -[is_a]-> GO:0017003
GO:0045328 -[part_of]-> GO:0017004
GO:0045329 -[is_a]-> GO:0006578
GO:0045329 -[is_a]-> GO:0009437
GO:0045330 -[is_a]-> GO:0016788
GO:0045332 -[is_a]-> GO:0015914
GO:0045332 -[is_a]-> GO:0034204
GO:0045333 -[is_a]-> GO:0015980
GO:0045334 -[is_a]-> GO:0030136
GO:0045334 -[is_a]-> GO:0030139
GO:0045335 -[is_a]-> GO:0030139
GO:0045336 -[is_a]-> GO:0045334
GO:0045336 -[is_a]-> GO:0045335
GO:0045337 -[is_a]-> GO:0008654
GO:0045337 -[is_a]-> GO:0016114
GO:0045337 -[is_a]-> GO:0045338
GO:0045338 -[is_a]-> GO:0006644
GO:0045338 -[is_a]-> GO:0006721
GO:0045339 -[is_a]-> GO:0009395
GO:0045339 -[is_a]-> GO:0016115
GO:0045339 -[is_a]-> GO:0045338
GO:0045340 -[is_a]-> GO:0046914
GO:0045341 -[is_a]-> GO:0009059
GO:0045342 -[is_a]-> GO:0009059
GO:0045343 -[is_a]-> GO:0010556
GO:0045343 -[regulates]-> GO:0045341
GO:0045344 -[is_a]-> GO:0010558
GO:0045344 -[is_a]-> GO:0045343
GO:0045344 -[negatively_regulates]-> GO:0045341
GO:0045345 -[is_a]-> GO:0010557
GO:0045345 -[is_a]-> GO:0045343
GO:0045345 -[positively_regulates]-> GO:0045341
GO:0045346 -[is_a]-> GO:0010556
GO:0045346 -[regulates]-> GO:0045342
GO:0045347 -[is_a]-> GO:0010558
GO:0045347 -[is_a]-> GO:0045346
GO:0045347 -[negatively_regulates]-> GO:0045342
GO:0045348 -[is_a]-> GO:0010557
GO:0045348 -[is_a]-> GO:0045346
GO:0045348 -[positively_regulates]-> GO:0045342
GO:0045349 -[is_a]-> GO:0045351
GO:0045349 -[part_of]-> GO:0032607
GO:0045350 -[is_a]-> GO:0009058
GO:0045350 -[is_a]-> GO:0045351
GO:0045350 -[part_of]-> GO:0032608
GO:0045351 -[is_a]-> GO:0042089
GO:0045351 -[part_of]-> GO:0032606
GO:0045352 -[is_a]-> GO:0005152
GO:0045353 -[is_a]-> GO:0005152
GO:0045354 -[is_a]-> GO:0032647
GO:0045354 -[is_a]-> GO:0042035
GO:0045354 -[regulates]-> GO:0045349
GO:0045355 -[is_a]-> GO:0032687
GO:0045355 -[is_a]-> GO:0042036
GO:0045355 -[is_a]-> GO:0045354
GO:0045355 -[negatively_regulates]-> GO:0045349
GO:0045356 -[is_a]-> GO:0032727
GO:0045356 -[is_a]-> GO:0042108
GO:0045356 -[is_a]-> GO:0045354
GO:0045356 -[positively_regulates]-> GO:0045349
GO:0045357 -[is_a]-> GO:0032648
GO:0045357 -[is_a]-> GO:0042035
GO:0045357 -[regulates]-> GO:0045350
GO:0045358 -[is_a]-> GO:0032688
GO:0045358 -[is_a]-> GO:0042036
GO:0045358 -[is_a]-> GO:0045357
GO:0045358 -[negatively_regulates]-> GO:0045350
GO:0045359 -[is_a]-> GO:0032728
GO:0045359 -[is_a]-> GO:0042108
GO:0045359 -[is_a]-> GO:0045357
GO:0045359 -[positively_regulates]-> GO:0045350
GO:0045360 -[is_a]-> GO:0032652
GO:0045360 -[is_a]-> GO:0042035
GO:0045360 -[regulates]-> GO:0042222
GO:0045361 -[is_a]-> GO:0032692
GO:0045361 -[is_a]-> GO:0042036
GO:0045361 -[is_a]-> GO:0045360
GO:0045361 -[negatively_regulates]-> GO:0042222
GO:0045362 -[is_a]-> GO:0032732
GO:0045362 -[is_a]-> GO:0042108
GO:0045362 -[is_a]-> GO:0045360
GO:0045362 -[positively_regulates]-> GO:0042222
GO:0045363 -[is_a]-> GO:0032654
GO:0045363 -[is_a]-> GO:0042035
GO:0045363 -[regulates]-> GO:0042230
GO:0045364 -[is_a]-> GO:0032694
GO:0045364 -[is_a]-> GO:0042036
GO:0045364 -[is_a]-> GO:0045363
GO:0045364 -[negatively_regulates]-> GO:0042230
GO:0045365 -[is_a]-> GO:0032734
GO:0045365 -[is_a]-> GO:0042108
GO:0045365 -[is_a]-> GO:0045363
GO:0045365 -[positively_regulates]-> GO:0042230
GO:0045366 -[is_a]-> GO:0032656
GO:0045366 -[is_a]-> GO:0042035
GO:0045366 -[regulates]-> GO:0042231
GO:0045367 -[is_a]-> GO:0032696
GO:0045367 -[is_a]-> GO:0042036
GO:0045367 -[is_a]-> GO:0045366
GO:0045367 -[negatively_regulates]-> GO:0042231
GO:0045368 -[is_a]-> GO:0032736
GO:0045368 -[is_a]-> GO:0042108
GO:0045368 -[is_a]-> GO:0045366
GO:0045368 -[positively_regulates]-> GO:0042231
GO:0045369 -[is_a]-> GO:0032657
GO:0045369 -[is_a]-> GO:0042035
GO:0045369 -[regulates]-> GO:0042232
GO:0045370 -[is_a]-> GO:0032697
GO:0045370 -[is_a]-> GO:0042036
GO:0045370 -[is_a]-> GO:0045369
GO:0045370 -[negatively_regulates]-> GO:0042232
GO:0045371 -[is_a]-> GO:0032737
GO:0045371 -[is_a]-> GO:0042108
GO:0045371 -[is_a]-> GO:0045369
GO:0045371 -[positively_regulates]-> GO:0042232
GO:0045372 -[is_a]-> GO:0032658
GO:0045372 -[is_a]-> GO:0042035
GO:0045372 -[regulates]-> GO:0042233
GO:0045373 -[is_a]-> GO:0032698
GO:0045373 -[is_a]-> GO:0042036
GO:0045373 -[is_a]-> GO:0045372
GO:0045373 -[negatively_regulates]-> GO:0042233
GO:0045374 -[is_a]-> GO:0032738
GO:0045374 -[is_a]-> GO:0042108
GO:0045374 -[is_a]-> GO:0045372
GO:0045374 -[positively_regulates]-> GO:0042233
GO:0045375 -[is_a]-> GO:0032659
GO:0045375 -[is_a]-> GO:0042035
GO:0045375 -[regulates]-> GO:0042234
GO:0045376 -[is_a]-> GO:0032699
GO:0045376 -[is_a]-> GO:0042036
GO:0045376 -[is_a]-> GO:0045375
GO:0045376 -[negatively_regulates]-> GO:0042234
GO:0045377 -[is_a]-> GO:0032739
GO:0045377 -[is_a]-> GO:0042108
GO:0045377 -[is_a]-> GO:0045375
GO:0045377 -[positively_regulates]-> GO:0042234
GO:0045378 -[is_a]-> GO:0032660
GO:0045378 -[is_a]-> GO:0042035
GO:0045378 -[regulates]-> GO:0042235
GO:0045379 -[is_a]-> GO:0032700
GO:0045379 -[is_a]-> GO:0042036
GO:0045379 -[is_a]-> GO:0045378
GO:0045379 -[negatively_regulates]-> GO:0042235
GO:0045380 -[is_a]-> GO:0032740
GO:0045380 -[is_a]-> GO:0042108
GO:0045380 -[is_a]-> GO:0045378
GO:0045380 -[positively_regulates]-> GO:0042235
GO:0045381 -[is_a]-> GO:0032661
GO:0045381 -[is_a]-> GO:0042035
GO:0045381 -[regulates]-> GO:0042241
GO:0045382 -[is_a]-> GO:0032701
GO:0045382 -[is_a]-> GO:0042036
GO:0045382 -[is_a]-> GO:0045381
GO:0045382 -[negatively_regulates]-> GO:0042241
GO:0045383 -[is_a]-> GO:0032741
GO:0045383 -[is_a]-> GO:0042108
GO:0045383 -[is_a]-> GO:0045381
GO:0045383 -[positively_regulates]-> GO:0042241
GO:0045384 -[is_a]-> GO:0032662
GO:0045384 -[is_a]-> GO:0042035
GO:0045384 -[regulates]-> GO:0042236
GO:0045385 -[is_a]-> GO:0032702
GO:0045385 -[is_a]-> GO:0042036
GO:0045385 -[is_a]-> GO:0045384
GO:0045385 -[negatively_regulates]-> GO:0042236
GO:0045386 -[is_a]-> GO:0032742
GO:0045386 -[is_a]-> GO:0042108
GO:0045386 -[is_a]-> GO:0045384
GO:0045386 -[positively_regulates]-> GO:0042236
GO:0045387 -[is_a]-> GO:0032664
GO:0045387 -[is_a]-> GO:0042035
GO:0045387 -[regulates]-> GO:0042237
GO:0045388 -[is_a]-> GO:0032704
GO:0045388 -[is_a]-> GO:0042036
GO:0045388 -[is_a]-> GO:0045387
GO:0045388 -[negatively_regulates]-> GO:0042237
GO:0045389 -[is_a]-> GO:0032744
GO:0045389 -[is_a]-> GO:0042108
GO:0045389 -[is_a]-> GO:0045387
GO:0045389 -[positively_regulates]-> GO:0042237
GO:0045390 -[is_a]-> GO:0032665
GO:0045390 -[is_a]-> GO:0042035
GO:0045390 -[regulates]-> GO:0042238
GO:0045391 -[is_a]-> GO:0032705
GO:0045391 -[is_a]-> GO:0042036
GO:0045391 -[is_a]-> GO:0045390
GO:0045391 -[negatively_regulates]-> GO:0042238
GO:0045392 -[is_a]-> GO:0032745
GO:0045392 -[is_a]-> GO:0042108
GO:0045392 -[is_a]-> GO:0045390
GO:0045392 -[positively_regulates]-> GO:0042238
GO:0045393 -[is_a]-> GO:0032666
GO:0045393 -[is_a]-> GO:0042035
GO:0045393 -[regulates]-> GO:0042239
GO:0045394 -[is_a]-> GO:0032706
GO:0045394 -[is_a]-> GO:0042036
GO:0045394 -[is_a]-> GO:0045393
GO:0045394 -[negatively_regulates]-> GO:0042239
GO:0045395 -[is_a]-> GO:0032746
GO:0045395 -[is_a]-> GO:0042108
GO:0045395 -[is_a]-> GO:0045393
GO:0045395 -[positively_regulates]-> GO:0042239
GO:0045396 -[is_a]-> GO:0032667
GO:0045396 -[is_a]-> GO:0042035
GO:0045396 -[regulates]-> GO:0042240
GO:0045397 -[is_a]-> GO:0032707
GO:0045397 -[is_a]-> GO:0042036
GO:0045397 -[is_a]-> GO:0045396
GO:0045397 -[negatively_regulates]-> GO:0042240
GO:0045398 -[is_a]-> GO:0032747
GO:0045398 -[is_a]-> GO:0042108
GO:0045398 -[is_a]-> GO:0045396
GO:0045398 -[positively_regulates]-> GO:0042240
GO:0045399 -[is_a]-> GO:0032672
GO:0045399 -[is_a]-> GO:0042035
GO:0045399 -[regulates]-> GO:0042223
GO:0045400 -[is_a]-> GO:0032712
GO:0045400 -[is_a]-> GO:0042036
GO:0045400 -[is_a]-> GO:0045399
GO:0045400 -[negatively_regulates]-> GO:0042223
GO:0045401 -[is_a]-> GO:0032752
GO:0045401 -[is_a]-> GO:0042108
GO:0045401 -[is_a]-> GO:0045399
GO:0045401 -[positively_regulates]-> GO:0042223
GO:0045402 -[is_a]-> GO:0032673
GO:0045402 -[is_a]-> GO:0042035
GO:0045402 -[regulates]-> GO:0042097
GO:0045403 -[is_a]-> GO:0032713
GO:0045403 -[is_a]-> GO:0042036
GO:0045403 -[is_a]-> GO:0045402
GO:0045403 -[negatively_regulates]-> GO:0042097
GO:0045404 -[is_a]-> GO:0032753
GO:0045404 -[is_a]-> GO:0042108
GO:0045404 -[is_a]-> GO:0045402
GO:0045404 -[positively_regulates]-> GO:0042097
GO:0045405 -[is_a]-> GO:0032674
GO:0045405 -[is_a]-> GO:0042035
GO:0045405 -[regulates]-> GO:0042225
GO:0045406 -[is_a]-> GO:0032714
GO:0045406 -[is_a]-> GO:0042036
GO:0045406 -[is_a]-> GO:0045405
GO:0045406 -[negatively_regulates]-> GO:0042225
GO:0045407 -[is_a]-> GO:0032754
GO:0045407 -[is_a]-> GO:0042108
GO:0045407 -[is_a]-> GO:0045405
GO:0045407 -[positively_regulates]-> GO:0042225
GO:0045408 -[is_a]-> GO:0032675
GO:0045408 -[is_a]-> GO:0042035
GO:0045408 -[regulates]-> GO:0042226
GO:0045409 -[is_a]-> GO:0032715
GO:0045409 -[is_a]-> GO:0042036
GO:0045409 -[is_a]-> GO:0045408
GO:0045409 -[negatively_regulates]-> GO:0042226
GO:0045410 -[is_a]-> GO:0032755
GO:0045410 -[is_a]-> GO:0042108
GO:0045410 -[is_a]-> GO:0045408
GO:0045410 -[positively_regulates]-> GO:0042226
GO:0045411 -[is_a]-> GO:0032676
GO:0045411 -[is_a]-> GO:0042035
GO:0045411 -[regulates]-> GO:0042227
GO:0045412 -[is_a]-> GO:0032716
GO:0045412 -[is_a]-> GO:0042036
GO:0045412 -[is_a]-> GO:0045411
GO:0045412 -[negatively_regulates]-> GO:0042227
GO:0045413 -[is_a]-> GO:0032756
GO:0045413 -[is_a]-> GO:0042108
GO:0045413 -[is_a]-> GO:0045411
GO:0045413 -[positively_regulates]-> GO:0042227
GO:0045414 -[is_a]-> GO:0032677
GO:0045414 -[is_a]-> GO:0042035
GO:0045414 -[regulates]-> GO:0042228
GO:0045415 -[is_a]-> GO:0032717
GO:0045415 -[is_a]-> GO:0042036
GO:0045415 -[is_a]-> GO:0045414
GO:0045415 -[negatively_regulates]-> GO:0042228
GO:0045416 -[is_a]-> GO:0032757
GO:0045416 -[is_a]-> GO:0042108
GO:0045416 -[is_a]-> GO:0045414
GO:0045416 -[positively_regulates]-> GO:0042228
GO:0045417 -[is_a]-> GO:0032678
GO:0045417 -[is_a]-> GO:0042035
GO:0045417 -[regulates]-> GO:0042229
GO:0045418 -[is_a]-> GO:0032718
GO:0045418 -[is_a]-> GO:0042036
GO:0045418 -[is_a]-> GO:0045417
GO:0045418 -[negatively_regulates]-> GO:0042229
GO:0045419 -[is_a]-> GO:0032758
GO:0045419 -[is_a]-> GO:0042108
GO:0045419 -[is_a]-> GO:0045417
GO:0045419 -[positively_regulates]-> GO:0042229
GO:0045420 -[is_a]-> GO:0032643
GO:0045420 -[is_a]-> GO:0042035
GO:0045420 -[regulates]-> GO:0045189
GO:0045421 -[is_a]-> GO:0032683
GO:0045421 -[is_a]-> GO:0042036
GO:0045421 -[is_a]-> GO:0045420
GO:0045421 -[negatively_regulates]-> GO:0045189
GO:0045422 -[is_a]-> GO:0032723
GO:0045422 -[is_a]-> GO:0042108
GO:0045422 -[is_a]-> GO:0045420
GO:0045422 -[positively_regulates]-> GO:0045189
GO:0045423 -[is_a]-> GO:0032645
GO:0045423 -[is_a]-> GO:0042035
GO:0045423 -[regulates]-> GO:0042253
GO:0045424 -[is_a]-> GO:0032685
GO:0045424 -[is_a]-> GO:0042036
GO:0045424 -[is_a]-> GO:0045423
GO:0045424 -[negatively_regulates]-> GO:0042253
GO:0045425 -[is_a]-> GO:0032725
GO:0045425 -[is_a]-> GO:0042108
GO:0045425 -[is_a]-> GO:0045423
GO:0045425 -[positively_regulates]-> GO:0042253
GO:0045427 -[is_a]-> GO:0018307
GO:0045427 -[is_a]-> GO:0098825
GO:0045428 -[is_a]-> GO:0031326
GO:0045428 -[is_a]-> GO:0051171
GO:0045428 -[is_a]-> GO:1903426
GO:0045428 -[regulates]-> GO:0006809
GO:0045429 -[is_a]-> GO:0031328
GO:0045429 -[is_a]-> GO:0045428
GO:0045429 -[is_a]-> GO:1903428
GO:0045429 -[is_a]-> GO:1904407
GO:0045429 -[positively_regulates]-> GO:0006809
GO:0045430 -[is_a]-> GO:0016872
GO:0045431 -[is_a]-> GO:0016706
GO:0045431 -[part_of]-> GO:0051555
GO:0045433 -[is_a]-> GO:0008049
GO:0045433 -[part_of]-> GO:0016545
GO:0045434 -[is_a]-> GO:0007621
GO:0045434 -[is_a]-> GO:0046008
GO:0045435 -[is_a]-> GO:0009975
GO:0045435 -[is_a]-> GO:0016860
GO:0045436 -[is_a]-> GO:0009975
GO:0045436 -[is_a]-> GO:0016860
GO:0045437 -[is_a]-> GO:0050263
GO:0045438 -[is_a]-> GO:0016874
GO:0045439 -[is_a]-> GO:0016855
GO:0045442 -[is_a]-> GO:0016706
GO:0045443 -[is_a]-> GO:0046865
GO:0045443 -[is_a]-> GO:0060986
GO:0045444 -[is_a]-> GO:0030154
GO:0045445 -[is_a]-> GO:0042692
GO:0045446 -[is_a]-> GO:0030855
GO:0045446 -[part_of]-> GO:0003158
GO:0045448 -[is_a]-> GO:0000278
GO:0045448 -[part_of]-> GO:0009790
GO:0045450 -[is_a]-> GO:0022414
GO:0045450 -[is_a]-> GO:0060811
GO:0045450 -[part_of]-> GO:0007314
GO:0045451 -[is_a]-> GO:0019094
GO:0045453 -[is_a]-> GO:0001894
GO:0045453 -[part_of]-> GO:0046849
GO:0045454 -[is_a]-> GO:0019725
GO:0045454 -[is_a]-> GO:0050794
GO:0045455 -[is_a]-> GO:0008202
GO:0045455 -[is_a]-> GO:0034754
GO:0045455 -[is_a]-> GO:0042180
GO:0045455 -[part_of]-> GO:0002165
GO:0045456 -[is_a]-> GO:0006694
GO:0045456 -[is_a]-> GO:0042181
GO:0045456 -[is_a]-> GO:0042446
GO:0045456 -[is_a]-> GO:0045455
GO:0045457 -[is_a]-> GO:0035929
GO:0045458 -[is_a]-> GO:0006310
GO:0045458 -[is_a]-> GO:0043007
GO:0045459 -[is_a]-> GO:0018283
GO:0045460 -[is_a]-> GO:0006725
GO:0045460 -[is_a]-> GO:0009404
GO:0045460 -[is_a]-> GO:1901376
GO:0045461 -[is_a]-> GO:0009403
GO:0045461 -[is_a]-> GO:0019438
GO:0045461 -[is_a]-> GO:0045460
GO:0045461 -[is_a]-> GO:1901378
GO:0045462 -[is_a]-> GO:0016413
GO:0045463 -[is_a]-> GO:0042051
GO:0045463 -[part_of]-> GO:0045465
GO:0045464 -[is_a]-> GO:0043704
GO:0045464 -[part_of]-> GO:0007460
GO:0045465 -[is_a]-> GO:0001751
GO:0045466 -[is_a]-> GO:0001751
GO:0045467 -[is_a]-> GO:0042051
GO:0045467 -[part_of]-> GO:0045466
GO:0045468 -[is_a]-> GO:0007389
GO:0045468 -[is_a]-> GO:0065008
GO:0045468 -[part_of]-> GO:0048749
GO:0045469 -[is_a]-> GO:0045468
GO:0045470 -[is_a]-> GO:0003002
GO:0045470 -[part_of]-> GO:0042051
GO:0045471 -[is_a]-> GO:0097305
GO:0045472 -[is_a]-> GO:0010033
GO:0045472 -[is_a]-> GO:1901700
GO:0045475 -[is_a]-> GO:0007626
GO:0045475 -[is_a]-> GO:0048512
GO:0045476 -[is_a]-> GO:0003006
GO:0045476 -[is_a]-> GO:0010623
GO:0045476 -[is_a]-> GO:0022412
GO:0045476 -[is_a]-> GO:1902742
GO:0045476 -[part_of]-> GO:0048477
GO:0045477 -[is_a]-> GO:0043900
GO:0045477 -[is_a]-> GO:0051239
GO:0045477 -[is_a]-> GO:0060284
GO:0045477 -[is_a]-> GO:1904748
GO:0045477 -[is_a]-> GO:2000241
GO:0045477 -[regulates]-> GO:0045476
GO:0045478 -[is_a]-> GO:0006996
GO:0045478 -[is_a]-> GO:0022414
GO:0045478 -[part_of]-> GO:0032504
GO:0045479 -[is_a]-> GO:0006903
GO:0045479 -[is_a]-> GO:0022412
GO:0045479 -[part_of]-> GO:0045478
GO:0045480 -[is_a]-> GO:0016899
GO:0045481 -[is_a]-> GO:0016616
GO:0045482 -[is_a]-> GO:0010334
GO:0045483 -[is_a]-> GO:0010334
GO:0045484 -[is_a]-> GO:0008483
GO:0045485 -[is_a]-> GO:0016705
GO:0045486 -[is_a]-> GO:0016706
GO:0045487 -[is_a]-> GO:0009685
GO:0045487 -[is_a]-> GO:0016054
GO:0045487 -[is_a]-> GO:0016103
GO:0045488 -[is_a]-> GO:0010393
GO:0045489 -[is_a]-> GO:0000271
GO:0045489 -[is_a]-> GO:0045488
GO:0045490 -[is_a]-> GO:0000272
GO:0045490 -[is_a]-> GO:0045488
GO:0045491 -[is_a]-> GO:0010410
GO:0045492 -[is_a]-> GO:0045491
GO:0045492 -[is_a]-> GO:0070592
GO:0045493 -[is_a]-> GO:0000272
GO:0045493 -[is_a]-> GO:0045491
GO:0045494 -[is_a]-> GO:0044707
GO:0045494 -[part_of]-> GO:0001895
GO:0045495 -[is_a]-> GO:0005737
GO:0045496 -[is_a]-> GO:0007487
GO:0045497 -[is_a]-> GO:0007487
GO:0045498 -[is_a]-> GO:0007423
GO:0045499 -[is_a]-> GO:0003674
GO:0045499 -[part_of]-> GO:0050919
GO:0045500 -[is_a]-> GO:0007169
GO:0045500 -[part_of]-> GO:0007465
GO:0045501 -[is_a]-> GO:0009966
GO:0045501 -[is_a]-> GO:0010453
GO:0045501 -[is_a]-> GO:0045676
GO:0045501 -[regulates]-> GO:0045500
GO:0045502 -[is_a]-> GO:0005515
GO:0045503 -[is_a]-> GO:0045502
GO:0045504 -[is_a]-> GO:0045502
GO:0045505 -[is_a]-> GO:0045502
GO:0045506 -[is_a]-> GO:0004896
GO:0045506 -[has_part]-> GO:0045510
GO:0045507 -[is_a]-> GO:0030368
GO:0045507 -[has_part]-> GO:0045511
GO:0045508 -[is_a]-> GO:0004896
GO:0045508 -[has_part]-> GO:0045512
GO:0045509 -[is_a]-> GO:0030368
GO:0045509 -[has_part]-> GO:0045513
GO:0045509 -[part_of]-> GO:0070106
GO:0045510 -[is_a]-> GO:0019955
GO:0045511 -[is_a]-> GO:0019975
GO:0045512 -[is_a]-> GO:0019955
GO:0045513 -[is_a]-> GO:0019975
GO:0045514 -[is_a]-> GO:0005126
GO:0045515 -[is_a]-> GO:0005126
GO:0045516 -[is_a]-> GO:0005126
GO:0045517 -[is_a]-> GO:0005126
GO:0045518 -[is_a]-> GO:0005126
GO:0045519 -[is_a]-> GO:0005126
GO:0045520 -[is_a]-> GO:0005126
GO:0045521 -[is_a]-> GO:0005126
GO:0045522 -[is_a]-> GO:0005126
GO:0045523 -[is_a]-> GO:0005126
GO:0045524 -[is_a]-> GO:0009058
GO:0045524 -[is_a]-> GO:0042089
GO:0045524 -[part_of]-> GO:0032628
GO:0045525 -[is_a]-> GO:0042235
GO:0045525 -[part_of]-> GO:0032629
GO:0045526 -[is_a]-> GO:0009058
GO:0045526 -[is_a]-> GO:0042089
GO:0045526 -[part_of]-> GO:0032630
GO:0045527 -[is_a]-> GO:0042089
GO:0045527 -[part_of]-> GO:0032631
GO:0045528 -[is_a]-> GO:0032668
GO:0045528 -[is_a]-> GO:0042035
GO:0045528 -[regulates]-> GO:0045524
GO:0045529 -[is_a]-> GO:0032669
GO:0045529 -[is_a]-> GO:0045378
GO:0045529 -[regulates]-> GO:0045525
GO:0045530 -[is_a]-> GO:0032670
GO:0045530 -[is_a]-> GO:0042035
GO:0045530 -[regulates]-> GO:0045526
GO:0045531 -[is_a]-> GO:0032671
GO:0045531 -[is_a]-> GO:0042035
GO:0045531 -[regulates]-> GO:0045527
GO:0045532 -[is_a]-> GO:0032708
GO:0045532 -[is_a]-> GO:0042036
GO:0045532 -[is_a]-> GO:0045528
GO:0045532 -[negatively_regulates]-> GO:0045524
GO:0045533 -[is_a]-> GO:0032709
GO:0045533 -[is_a]-> GO:0045379
GO:0045533 -[is_a]-> GO:0045529
GO:0045533 -[negatively_regulates]-> GO:0045525
GO:0045534 -[is_a]-> GO:0032710
GO:0045534 -[is_a]-> GO:0042036
GO:0045534 -[is_a]-> GO:0045530
GO:0045534 -[negatively_regulates]-> GO:0045526
GO:0045535 -[is_a]-> GO:0032711
GO:0045535 -[is_a]-> GO:0042036
GO:0045535 -[is_a]-> GO:0045531
GO:0045535 -[negatively_regulates]-> GO:0045527
GO:0045536 -[is_a]-> GO:0032748
GO:0045536 -[is_a]-> GO:0042108
GO:0045536 -[is_a]-> GO:0045528
GO:0045536 -[positively_regulates]-> GO:0045524
GO:0045537 -[is_a]-> GO:0032749
GO:0045537 -[is_a]-> GO:0045380
GO:0045537 -[is_a]-> GO:0045529
GO:0045537 -[positively_regulates]-> GO:0045525
GO:0045538 -[is_a]-> GO:0032750
GO:0045538 -[is_a]-> GO:0042108
GO:0045538 -[is_a]-> GO:0045530
GO:0045538 -[positively_regulates]-> GO:0045526
GO:0045539 -[is_a]-> GO:0032751
GO:0045539 -[is_a]-> GO:0042108
GO:0045539 -[is_a]-> GO:0045531
GO:0045539 -[positively_regulates]-> GO:0045527
GO:0045540 -[is_a]-> GO:0050810
GO:0045540 -[is_a]-> GO:0090181
GO:0045540 -[is_a]-> GO:1902930
GO:0045540 -[regulates]-> GO:0006695
GO:0045541 -[is_a]-> GO:0010894
GO:0045541 -[is_a]-> GO:0045540
GO:0045541 -[is_a]-> GO:0090206
GO:0045541 -[is_a]-> GO:1902931
GO:0045541 -[negatively_regulates]-> GO:0006695
GO:0045542 -[is_a]-> GO:0010893
GO:0045542 -[is_a]-> GO:0045540
GO:0045542 -[is_a]-> GO:0090205
GO:0045542 -[is_a]-> GO:1902932
GO:0045542 -[positively_regulates]-> GO:0006695
GO:0045543 -[is_a]-> GO:0016706
GO:0045544 -[is_a]-> GO:0016706
GO:0045545 -[is_a]-> GO:0043394
GO:0045547 -[is_a]-> GO:0004659
GO:0045548 -[is_a]-> GO:0016841
GO:0045549 -[is_a]-> GO:0010436
GO:0045550 -[is_a]-> GO:0016491
GO:0045551 -[is_a]-> GO:0016616
GO:0045552 -[is_a]-> GO:0016616
GO:0045553 -[is_a]-> GO:0042089
GO:0045553 -[part_of]-> GO:0032639
GO:0045554 -[is_a]-> GO:0032679
GO:0045554 -[is_a]-> GO:0042035
GO:0045554 -[regulates]-> GO:0045553
GO:0045555 -[is_a]-> GO:0032719
GO:0045555 -[is_a]-> GO:0042036
GO:0045555 -[is_a]-> GO:0045554
GO:0045555 -[negatively_regulates]-> GO:0045553
GO:0045556 -[is_a]-> GO:0032759
GO:0045556 -[is_a]-> GO:0042108
GO:0045556 -[is_a]-> GO:0045554
GO:0045556 -[positively_regulates]-> GO:0045553
GO:0045557 -[is_a]-> GO:0032800
GO:0045558 -[is_a]-> GO:0019538
GO:0045558 -[is_a]-> GO:0045557
GO:0045559 -[is_a]-> GO:0019538
GO:0045559 -[is_a]-> GO:0045557
GO:0045560 -[is_a]-> GO:0010869
GO:0045560 -[regulates]-> GO:0045557
GO:0045561 -[is_a]-> GO:0045560
GO:0045561 -[is_a]-> GO:0051246
GO:0045561 -[regulates]-> GO:0045558
GO:0045562 -[is_a]-> GO:0045560
GO:0045562 -[is_a]-> GO:0051246
GO:0045562 -[regulates]-> GO:0045559
GO:0045563 -[is_a]-> GO:0010871
GO:0045563 -[is_a]-> GO:0045560
GO:0045563 -[negatively_regulates]-> GO:0045557
GO:0045564 -[is_a]-> GO:0010870
GO:0045564 -[is_a]-> GO:0045560
GO:0045564 -[positively_regulates]-> GO:0045557
GO:0045565 -[is_a]-> GO:0045561
GO:0045565 -[is_a]-> GO:0045563
GO:0045565 -[is_a]-> GO:0051248
GO:0045565 -[negatively_regulates]-> GO:0045558
GO:0045566 -[is_a]-> GO:0045561
GO:0045566 -[is_a]-> GO:0045564
GO:0045566 -[is_a]-> GO:0051247
GO:0045566 -[positively_regulates]-> GO:0045558
GO:0045567 -[is_a]-> GO:0045562
GO:0045567 -[is_a]-> GO:0045563
GO:0045567 -[is_a]-> GO:0051248
GO:0045567 -[negatively_regulates]-> GO:0045559
GO:0045568 -[is_a]-> GO:0045562
GO:0045568 -[is_a]-> GO:0045564
GO:0045568 -[is_a]-> GO:0051247
GO:0045568 -[positively_regulates]-> GO:0045559
GO:0045569 -[is_a]-> GO:0005515
GO:0045570 -[is_a]-> GO:0046620
GO:0045570 -[is_a]-> GO:2000026
GO:0045570 -[regulates]-> GO:0007446
GO:0045571 -[is_a]-> GO:0045570
GO:0045571 -[is_a]-> GO:0046621
GO:0045571 -[negatively_regulates]-> GO:0007446
GO:0045572 -[is_a]-> GO:0045570
GO:0045572 -[is_a]-> GO:0046622
GO:0045572 -[positively_regulates]-> GO:0007446
GO:0045574 -[is_a]-> GO:0009407
GO:0045574 -[is_a]-> GO:0019439
GO:0045574 -[is_a]-> GO:0045460
GO:0045574 -[is_a]-> GO:1901377
GO:0045575 -[is_a]-> GO:0036230
GO:0045576 -[is_a]-> GO:0002274
GO:0045577 -[is_a]-> GO:0045619
GO:0045577 -[is_a]-> GO:0050864
GO:0045577 -[regulates]-> GO:0030183
GO:0045578 -[is_a]-> GO:0045577
GO:0045578 -[is_a]-> GO:0045620
GO:0045578 -[is_a]-> GO:0050869
GO:0045578 -[negatively_regulates]-> GO:0030183
GO:0045579 -[is_a]-> GO:0045577
GO:0045579 -[is_a]-> GO:0045621
GO:0045579 -[is_a]-> GO:0050871
GO:0045579 -[positively_regulates]-> GO:0030183
GO:0045580 -[is_a]-> GO:0045619
GO:0045580 -[is_a]-> GO:0050863
GO:0045580 -[regulates]-> GO:0030217
GO:0045581 -[is_a]-> GO:0045580
GO:0045581 -[is_a]-> GO:0045620
GO:0045581 -[is_a]-> GO:0050868
GO:0045581 -[negatively_regulates]-> GO:0030217
GO:0045582 -[is_a]-> GO:0045580
GO:0045582 -[is_a]-> GO:0045621
GO:0045582 -[is_a]-> GO:0050870
GO:0045582 -[positively_regulates]-> GO:0030217
GO:0045583 -[is_a]-> GO:0045580
GO:0045583 -[regulates]-> GO:0045065
GO:0045584 -[is_a]-> GO:0045581
GO:0045584 -[is_a]-> GO:0045583
GO:0045584 -[negatively_regulates]-> GO:0045065
GO:0045585 -[is_a]-> GO:0045582
GO:0045585 -[is_a]-> GO:0045583
GO:0045585 -[positively_regulates]-> GO:0045065
GO:0045586 -[is_a]-> GO:0045580
GO:0045586 -[is_a]-> GO:0046643
GO:0045586 -[regulates]-> GO:0042492
GO:0045587 -[is_a]-> GO:0045581
GO:0045587 -[is_a]-> GO:0045586
GO:0045587 -[is_a]-> GO:0046644
GO:0045587 -[negatively_regulates]-> GO:0042492
GO:0045588 -[is_a]-> GO:0045582
GO:0045588 -[is_a]-> GO:0045586
GO:0045588 -[is_a]-> GO:0046645
GO:0045588 -[positively_regulates]-> GO:0042492
GO:0045589 -[is_a]-> GO:0045580
GO:0045589 -[regulates]-> GO:0045066
GO:0045590 -[is_a]-> GO:0045581
GO:0045590 -[is_a]-> GO:0045589
GO:0045590 -[negatively_regulates]-> GO:0045066
GO:0045591 -[is_a]-> GO:0045582
GO:0045591 -[is_a]-> GO:0045589
GO:0045591 -[positively_regulates]-> GO:0045066
GO:0045592 -[is_a]-> GO:0030856
GO:0045592 -[is_a]-> GO:0043900
GO:0045592 -[is_a]-> GO:0060284
GO:0045592 -[is_a]-> GO:2000387
GO:0045592 -[regulates]-> GO:0001549
GO:0045593 -[is_a]-> GO:0010721
GO:0045593 -[is_a]-> GO:0030857
GO:0045593 -[is_a]-> GO:0043901
GO:0045593 -[is_a]-> GO:0045592
GO:0045593 -[is_a]-> GO:0048640
GO:0045593 -[is_a]-> GO:2000355
GO:0045593 -[negatively_regulates]-> GO:0001549
GO:0045594 -[is_a]-> GO:0010720
GO:0045594 -[is_a]-> GO:0030858
GO:0045594 -[is_a]-> GO:0043902
GO:0045594 -[is_a]-> GO:0045592
GO:0045594 -[is_a]-> GO:2000388
GO:0045594 -[positively_regulates]-> GO:0001549
GO:0045595 -[is_a]-> GO:0050793
GO:0045595 -[is_a]-> GO:0050794
GO:0045595 -[regulates]-> GO:0030154
GO:0045596 -[is_a]-> GO:0045595
GO:0045596 -[is_a]-> GO:0048523
GO:0045596 -[is_a]-> GO:0051093
GO:0045596 -[negatively_regulates]-> GO:0030154
GO:0045597 -[is_a]-> GO:0045595
GO:0045597 -[is_a]-> GO:0048522
GO:0045597 -[is_a]-> GO:0051094
GO:0045597 -[positively_regulates]-> GO:0030154
GO:0045598 -[is_a]-> GO:0045595
GO:0045598 -[regulates]-> GO:0045444
GO:0045599 -[is_a]-> GO:0045596
GO:0045599 -[is_a]-> GO:0045598
GO:0045599 -[negatively_regulates]-> GO:0045444
GO:0045600 -[is_a]-> GO:0045597
GO:0045600 -[is_a]-> GO:0045598
GO:0045600 -[positively_regulates]-> GO:0045444
GO:0045601 -[is_a]-> GO:0030856
GO:0045601 -[regulates]-> GO:0045446
GO:0045602 -[is_a]-> GO:0030857
GO:0045602 -[is_a]-> GO:0045601
GO:0045602 -[negatively_regulates]-> GO:0045446
GO:0045603 -[is_a]-> GO:0030858
GO:0045603 -[is_a]-> GO:0045601
GO:0045603 -[positively_regulates]-> GO:0045446
GO:0045604 -[is_a]-> GO:0030856
GO:0045604 -[is_a]-> GO:0045682
GO:0045604 -[regulates]-> GO:0009913
GO:0045605 -[is_a]-> GO:0030857
GO:0045605 -[is_a]-> GO:0045604
GO:0045605 -[is_a]-> GO:0045683
GO:0045605 -[negatively_regulates]-> GO:0009913
GO:0045606 -[is_a]-> GO:0030858
GO:0045606 -[is_a]-> GO:0045604
GO:0045606 -[is_a]-> GO:0045684
GO:0045606 -[positively_regulates]-> GO:0009913
GO:0045607 -[is_a]-> GO:0045604
GO:0045607 -[is_a]-> GO:2000980
GO:0045607 -[regulates]-> GO:0042491
GO:0045608 -[is_a]-> GO:0002085
GO:0045608 -[is_a]-> GO:0045605
GO:0045608 -[is_a]-> GO:0045607
GO:0045608 -[is_a]-> GO:2000981
GO:0045608 -[negatively_regulates]-> GO:0042491
GO:0045609 -[is_a]-> GO:0045606
GO:0045609 -[is_a]-> GO:0045607
GO:0045609 -[is_a]-> GO:1902913
GO:0045609 -[is_a]-> GO:2000982
GO:0045609 -[positively_regulates]-> GO:0042491
GO:0045610 -[is_a]-> GO:0002682
GO:0045610 -[is_a]-> GO:0045595
GO:0045610 -[is_a]-> GO:0051239
GO:0045610 -[regulates]-> GO:0042386
GO:0045611 -[is_a]-> GO:0002683
GO:0045611 -[is_a]-> GO:0045596
GO:0045611 -[is_a]-> GO:0045610
GO:0045611 -[negatively_regulates]-> GO:0042386
GO:0045612 -[is_a]-> GO:0002684
GO:0045612 -[is_a]-> GO:0045597
GO:0045612 -[is_a]-> GO:0045610
GO:0045612 -[positively_regulates]-> GO:0042386
GO:0045613 -[is_a]-> GO:0045610
GO:0045613 -[regulates]-> GO:0042387
GO:0045614 -[is_a]-> GO:0045611
GO:0045614 -[is_a]-> GO:0045613
GO:0045614 -[negatively_regulates]-> GO:0042387
GO:0045615 -[is_a]-> GO:0045612
GO:0045615 -[is_a]-> GO:0045613
GO:0045615 -[positively_regulates]-> GO:0042387
GO:0045616 -[is_a]-> GO:0045604
GO:0045616 -[regulates]-> GO:0030216
GO:0045617 -[is_a]-> GO:0045605
GO:0045617 -[is_a]-> GO:0045616
GO:0045617 -[is_a]-> GO:0051241
GO:0045617 -[negatively_regulates]-> GO:0030216
GO:0045618 -[is_a]-> GO:0045606
GO:0045618 -[is_a]-> GO:0045616
GO:0045618 -[is_a]-> GO:0051240
GO:0045618 -[positively_regulates]-> GO:0030216
GO:0045619 -[is_a]-> GO:0051249
GO:0045619 -[is_a]-> GO:1902105
GO:0045619 -[regulates]-> GO:0030098
GO:0045620 -[is_a]-> GO:0045619
GO:0045620 -[is_a]-> GO:0051250
GO:0045620 -[is_a]-> GO:1902106
GO:0045620 -[negatively_regulates]-> GO:0030098
GO:0045621 -[is_a]-> GO:0045619
GO:0045621 -[is_a]-> GO:0051251
GO:0045621 -[is_a]-> GO:1902107
GO:0045621 -[positively_regulates]-> GO:0030098
GO:0045622 -[is_a]-> GO:0002697
GO:0045622 -[is_a]-> GO:0043370
GO:0045622 -[is_a]-> GO:0050776
GO:0045622 -[regulates]-> GO:0042093
GO:0045623 -[is_a]-> GO:0002698
GO:0045623 -[is_a]-> GO:0043371
GO:0045623 -[is_a]-> GO:0045622
GO:0045623 -[is_a]-> GO:0050777
GO:0045623 -[negatively_regulates]-> GO:0042093
GO:0045624 -[is_a]-> GO:0002699
GO:0045624 -[is_a]-> GO:0043372
GO:0045624 -[is_a]-> GO:0045622
GO:0045624 -[is_a]-> GO:0050778
GO:0045624 -[positively_regulates]-> GO:0042093
GO:0045625 -[is_a]-> GO:0002825
GO:0045625 -[is_a]-> GO:0045622
GO:0045625 -[regulates]-> GO:0045063
GO:0045626 -[is_a]-> GO:0002826
GO:0045626 -[is_a]-> GO:0045623
GO:0045626 -[is_a]-> GO:0045625
GO:0045626 -[negatively_regulates]-> GO:0045063
GO:0045627 -[is_a]-> GO:0002827
GO:0045627 -[is_a]-> GO:0045624
GO:0045627 -[is_a]-> GO:0045625
GO:0045627 -[positively_regulates]-> GO:0045063
GO:0045628 -[is_a]-> GO:0002828
GO:0045628 -[is_a]-> GO:0045622
GO:0045628 -[regulates]-> GO:0045064
GO:0045629 -[is_a]-> GO:0002829
GO:0045629 -[is_a]-> GO:0045623
GO:0045629 -[is_a]-> GO:0045628
GO:0045629 -[negatively_regulates]-> GO:0045064
GO:0045630 -[is_a]-> GO:0002830
GO:0045630 -[is_a]-> GO:0045624
GO:0045630 -[is_a]-> GO:0045628
GO:0045630 -[positively_regulates]-> GO:0045064
GO:0045631 -[is_a]-> GO:0045664
GO:0045631 -[regulates]-> GO:0042490
GO:0045632 -[is_a]-> GO:0045631
GO:0045632 -[is_a]-> GO:0045665
GO:0045632 -[negatively_regulates]-> GO:0042490
GO:0045633 -[is_a]-> GO:0045631
GO:0045633 -[is_a]-> GO:0045666
GO:0045633 -[positively_regulates]-> GO:0042490
GO:0045634 -[is_a]-> GO:0050932
GO:0045634 -[regulates]-> GO:0030318
GO:0045635 -[is_a]-> GO:0045634
GO:0045635 -[is_a]-> GO:0050941
GO:0045635 -[negatively_regulates]-> GO:0030318
GO:0045636 -[is_a]-> GO:0045634
GO:0045636 -[is_a]-> GO:0050942
GO:0045636 -[positively_regulates]-> GO:0030318
GO:0045637 -[is_a]-> GO:0045595
GO:0045637 -[is_a]-> GO:1903706
GO:0045637 -[regulates]-> GO:0030099
GO:0045638 -[is_a]-> GO:0045596
GO:0045638 -[is_a]-> GO:0045637
GO:0045638 -[is_a]-> GO:1903707
GO:0045638 -[negatively_regulates]-> GO:0030099
GO:0045639 -[is_a]-> GO:0045597
GO:0045639 -[is_a]-> GO:0045637
GO:0045639 -[is_a]-> GO:1903708
GO:0045639 -[positively_regulates]-> GO:0030099
GO:0045640 -[is_a]-> GO:0030852
GO:0045640 -[regulates]-> GO:0030221
GO:0045641 -[is_a]-> GO:0030853
GO:0045641 -[is_a]-> GO:0045640
GO:0045641 -[negatively_regulates]-> GO:0030221
GO:0045642 -[is_a]-> GO:0030854
GO:0045642 -[is_a]-> GO:0045640
GO:0045642 -[positively_regulates]-> GO:0030221
GO:0045643 -[is_a]-> GO:0030852
GO:0045643 -[is_a]-> GO:0060284
GO:0045643 -[regulates]-> GO:0030222
GO:0045644 -[is_a]-> GO:0010721
GO:0045644 -[is_a]-> GO:0030853
GO:0045644 -[is_a]-> GO:0045643
GO:0045644 -[negatively_regulates]-> GO:0030222
GO:0045645 -[is_a]-> GO:0010720
GO:0045645 -[is_a]-> GO:0030854
GO:0045645 -[is_a]-> GO:0045643
GO:0045645 -[positively_regulates]-> GO:0030222
GO:0045646 -[is_a]-> GO:0032844
GO:0045646 -[is_a]-> GO:0045637
GO:0045646 -[regulates]-> GO:0030218
GO:0045647 -[is_a]-> GO:0032845
GO:0045647 -[is_a]-> GO:0045638
GO:0045647 -[is_a]-> GO:0045646
GO:0045647 -[negatively_regulates]-> GO:0030218
GO:0045648 -[is_a]-> GO:0032846
GO:0045648 -[is_a]-> GO:0045639
GO:0045648 -[is_a]-> GO:0045646
GO:0045648 -[positively_regulates]-> GO:0030218
GO:0045649 -[is_a]-> GO:0002761
GO:0045649 -[regulates]-> GO:0030225
GO:0045650 -[is_a]-> GO:0002762
GO:0045650 -[is_a]-> GO:0045649
GO:0045650 -[negatively_regulates]-> GO:0030225
GO:0045651 -[is_a]-> GO:0002763
GO:0045651 -[is_a]-> GO:0045649
GO:0045651 -[positively_regulates]-> GO:0030225
GO:0045652 -[is_a]-> GO:0045637
GO:0045652 -[regulates]-> GO:0030219
GO:0045653 -[is_a]-> GO:0045638
GO:0045653 -[is_a]-> GO:0045652
GO:0045653 -[negatively_regulates]-> GO:0030219
GO:0045654 -[is_a]-> GO:0045639
GO:0045654 -[is_a]-> GO:0045652
GO:0045654 -[positively_regulates]-> GO:0030219
GO:0045655 -[is_a]-> GO:0002761
GO:0045655 -[regulates]-> GO:0030224
GO:0045656 -[is_a]-> GO:0002762
GO:0045656 -[is_a]-> GO:0045655
GO:0045656 -[negatively_regulates]-> GO:0030224
GO:0045657 -[is_a]-> GO:0002763
GO:0045657 -[is_a]-> GO:0045655
GO:0045657 -[positively_regulates]-> GO:0030224
GO:0045658 -[is_a]-> GO:0030852
GO:0045658 -[regulates]-> GO:0030223
GO:0045659 -[is_a]-> GO:0030853
GO:0045659 -[is_a]-> GO:0045658
GO:0045659 -[negatively_regulates]-> GO:0030223
GO:0045660 -[is_a]-> GO:0030854
GO:0045660 -[is_a]-> GO:0045658
GO:0045660 -[positively_regulates]-> GO:0030223
GO:0045661 -[is_a]-> GO:0051147
GO:0045661 -[regulates]-> GO:0045445
GO:0045662 -[is_a]-> GO:0045661
GO:0045662 -[is_a]-> GO:0051148
GO:0045662 -[negatively_regulates]-> GO:0045445
GO:0045663 -[is_a]-> GO:0045661
GO:0045663 -[is_a]-> GO:0051149
GO:0045663 -[positively_regulates]-> GO:0045445
GO:0045664 -[is_a]-> GO:0050767
GO:0045664 -[regulates]-> GO:0030182
GO:0045665 -[is_a]-> GO:0045664
GO:0045665 -[is_a]-> GO:0050768
GO:0045665 -[negatively_regulates]-> GO:0030182
GO:0045666 -[is_a]-> GO:0045664
GO:0045666 -[is_a]-> GO:0050769
GO:0045666 -[positively_regulates]-> GO:0030182
GO:0045667 -[is_a]-> GO:0030278
GO:0045667 -[is_a]-> GO:0045595
GO:0045667 -[regulates]-> GO:0001649
GO:0045668 -[is_a]-> GO:0030279
GO:0045668 -[is_a]-> GO:0045596
GO:0045668 -[is_a]-> GO:0045667
GO:0045668 -[negatively_regulates]-> GO:0001649
GO:0045669 -[is_a]-> GO:0045597
GO:0045669 -[is_a]-> GO:0045667
GO:0045669 -[is_a]-> GO:0045778
GO:0045669 -[positively_regulates]-> GO:0001649
GO:0045670 -[is_a]-> GO:0002761
GO:0045670 -[regulates]-> GO:0030316
GO:0045671 -[is_a]-> GO:0002762
GO:0045671 -[is_a]-> GO:0045670
GO:0045671 -[negatively_regulates]-> GO:0030316
GO:0045672 -[is_a]-> GO:0002763
GO:0045672 -[is_a]-> GO:0045670
GO:0045672 -[positively_regulates]-> GO:0030316
GO:0045676 -[is_a]-> GO:0046532
GO:0045676 -[is_a]-> GO:2000027
GO:0045676 -[regulates]-> GO:0045466
GO:0045677 -[is_a]-> GO:0045676
GO:0045677 -[is_a]-> GO:0046533
GO:0045677 -[negatively_regulates]-> GO:0045466
GO:0045678 -[is_a]-> GO:0045676
GO:0045678 -[is_a]-> GO:0046534
GO:0045678 -[positively_regulates]-> GO:0045466
GO:0045679 -[is_a]-> GO:0046532
GO:0045679 -[is_a]-> GO:2000027
GO:0045679 -[regulates]-> GO:0045465
GO:0045680 -[is_a]-> GO:0045679
GO:0045680 -[is_a]-> GO:0046533
GO:0045680 -[negatively_regulates]-> GO:0045465
GO:0045681 -[is_a]-> GO:0045679
GO:0045681 -[is_a]-> GO:0046534
GO:0045681 -[positively_regulates]-> GO:0045465
GO:0045682 -[is_a]-> GO:0050793
GO:0045682 -[regulates]-> GO:0008544
GO:0045683 -[is_a]-> GO:0045682
GO:0045683 -[is_a]-> GO:0051093
GO:0045683 -[negatively_regulates]-> GO:0008544
GO:0045684 -[is_a]-> GO:0045682
GO:0045684 -[is_a]-> GO:0051094
GO:0045684 -[positively_regulates]-> GO:0008544
GO:0045685 -[is_a]-> GO:0014013
GO:0045685 -[regulates]-> GO:0010001
GO:0045686 -[is_a]-> GO:0014014
GO:0045686 -[is_a]-> GO:0045685
GO:0045686 -[negatively_regulates]-> GO:0010001
GO:0045687 -[is_a]-> GO:0014015
GO:0045687 -[is_a]-> GO:0045685
GO:0045687 -[positively_regulates]-> GO:0010001
GO:0045688 -[is_a]-> GO:0045595
GO:0045688 -[is_a]-> GO:2000026
GO:0045688 -[regulates]-> GO:0009557
GO:0045689 -[is_a]-> GO:0045596
GO:0045689 -[is_a]-> GO:0045688
GO:0045689 -[is_a]-> GO:0051241
GO:0045689 -[negatively_regulates]-> GO:0009557
GO:0045690 -[is_a]-> GO:0045597
GO:0045690 -[is_a]-> GO:0045688
GO:0045690 -[is_a]-> GO:0051240
GO:0045690 -[positively_regulates]-> GO:0009557
GO:0045691 -[is_a]-> GO:0045595
GO:0045691 -[is_a]-> GO:2000026
GO:0045691 -[regulates]-> GO:0009559
GO:0045692 -[is_a]-> GO:0045596
GO:0045692 -[is_a]-> GO:0045691
GO:0045692 -[is_a]-> GO:0051241
GO:0045692 -[negatively_regulates]-> GO:0009559
GO:0045693 -[is_a]-> GO:0045597
GO:0045693 -[is_a]-> GO:0045691
GO:0045693 -[is_a]-> GO:0051240
GO:0045693 -[positively_regulates]-> GO:0009559
GO:0045694 -[is_a]-> GO:0043900
GO:0045694 -[is_a]-> GO:0045595
GO:0045694 -[is_a]-> GO:2000026
GO:0045694 -[is_a]-> GO:2000241
GO:0045694 -[regulates]-> GO:0009560
GO:0045695 -[is_a]-> GO:0043901
GO:0045695 -[is_a]-> GO:0045596
GO:0045695 -[is_a]-> GO:0045694
GO:0045695 -[is_a]-> GO:0051241
GO:0045695 -[is_a]-> GO:2000242
GO:0045695 -[negatively_regulates]-> GO:0009560
GO:0045696 -[is_a]-> GO:0043902
GO:0045696 -[is_a]-> GO:0045597
GO:0045696 -[is_a]-> GO:0045694
GO:0045696 -[is_a]-> GO:0051240
GO:0045696 -[is_a]-> GO:2000243
GO:0045696 -[positively_regulates]-> GO:0009560
GO:0045697 -[is_a]-> GO:0045595
GO:0045697 -[is_a]-> GO:2000026
GO:0045697 -[regulates]-> GO:0009563
GO:0045698 -[is_a]-> GO:0045596
GO:0045698 -[is_a]-> GO:0045697
GO:0045698 -[is_a]-> GO:0051241
GO:0045698 -[negatively_regulates]-> GO:0009563
GO:0045699 -[is_a]-> GO:0045597
GO:0045699 -[is_a]-> GO:0045697
GO:0045699 -[is_a]-> GO:0051240
GO:0045699 -[positively_regulates]-> GO:0009563
GO:0045700 -[is_a]-> GO:0043900
GO:0045700 -[is_a]-> GO:0051239
GO:0045700 -[is_a]-> GO:0060284
GO:0045700 -[is_a]-> GO:1903353
GO:0045700 -[is_a]-> GO:2000241
GO:0045700 -[regulates]-> GO:0007289
GO:0045701 -[is_a]-> GO:0010639
GO:0045701 -[is_a]-> GO:0010721
GO:0045701 -[is_a]-> GO:0043901
GO:0045701 -[is_a]-> GO:0045700
GO:0045701 -[is_a]-> GO:0051241
GO:0045701 -[is_a]-> GO:2000242
GO:0045701 -[negatively_regulates]-> GO:0007289
GO:0045702 -[is_a]-> GO:0010638
GO:0045702 -[is_a]-> GO:0010720
GO:0045702 -[is_a]-> GO:0043902
GO:0045702 -[is_a]-> GO:0045700
GO:0045702 -[is_a]-> GO:0051240
GO:0045702 -[is_a]-> GO:2000243
GO:0045702 -[positively_regulates]-> GO:0007289
GO:0045703 -[is_a]-> GO:0016614
GO:0045704 -[is_a]-> GO:0003156
GO:0045704 -[regulates]-> GO:0007432
GO:0045705 -[is_a]-> GO:0045704
GO:0045705 -[is_a]-> GO:0051093
GO:0045705 -[is_a]-> GO:0051241
GO:0045705 -[negatively_regulates]-> GO:0007432
GO:0045706 -[is_a]-> GO:0045704
GO:0045706 -[is_a]-> GO:0051094
GO:0045706 -[is_a]-> GO:0051240
GO:0045706 -[positively_regulates]-> GO:0007432
GO:0045707 -[is_a]-> GO:0045704
GO:0045707 -[regulates]-> GO:0007434
GO:0045708 -[is_a]-> GO:0045704
GO:0045708 -[is_a]-> GO:0048580
GO:0045708 -[regulates]-> GO:0007433
GO:0045709 -[is_a]-> GO:0045705
GO:0045709 -[is_a]-> GO:0045707
GO:0045709 -[negatively_regulates]-> GO:0007434
GO:0045710 -[is_a]-> GO:0045705
GO:0045710 -[is_a]-> GO:0045708
GO:0045710 -[is_a]-> GO:0048581
GO:0045710 -[negatively_regulates]-> GO:0007433
GO:0045711 -[is_a]-> GO:0045706
GO:0045711 -[is_a]-> GO:0045707
GO:0045711 -[positively_regulates]-> GO:0007434
GO:0045712 -[is_a]-> GO:0045706
GO:0045712 -[is_a]-> GO:0045708
GO:0045712 -[is_a]-> GO:0048582
GO:0045712 -[positively_regulates]-> GO:0007433
GO:0045713 -[is_a]-> GO:0019538
GO:0045713 -[is_a]-> GO:0032799
GO:0045713 -[is_a]-> GO:0032800
GO:0045714 -[is_a]-> GO:0010869
GO:0045714 -[is_a]-> GO:0051246
GO:0045714 -[regulates]-> GO:0045713
GO:0045715 -[is_a]-> GO:0010871
GO:0045715 -[is_a]-> GO:0045714
GO:0045715 -[is_a]-> GO:0051248
GO:0045715 -[negatively_regulates]-> GO:0045713
GO:0045716 -[is_a]-> GO:0010870
GO:0045716 -[is_a]-> GO:0045714
GO:0045716 -[is_a]-> GO:0051247
GO:0045716 -[positively_regulates]-> GO:0045713
GO:0045717 -[is_a]-> GO:0031327
GO:0045717 -[is_a]-> GO:0042304
GO:0045717 -[is_a]-> GO:0045922
GO:0045717 -[is_a]-> GO:0051055
GO:0045717 -[negatively_regulates]-> GO:0006633
GO:0045719 -[is_a]-> GO:0005979
GO:0045719 -[is_a]-> GO:0070874
GO:0045719 -[is_a]-> GO:2000113
GO:0045719 -[negatively_regulates]-> GO:0005978
GO:0045720 -[is_a]-> GO:0010558
GO:0045720 -[is_a]-> GO:0045113
GO:0045720 -[is_a]-> GO:0051129
GO:0045720 -[negatively_regulates]-> GO:0045112
GO:0045721 -[is_a]-> GO:0006111
GO:0045721 -[is_a]-> GO:0010677
GO:0045721 -[is_a]-> GO:0031327
GO:0045721 -[negatively_regulates]-> GO:0006094
GO:0045722 -[is_a]-> GO:0006111
GO:0045722 -[is_a]-> GO:0010907
GO:0045722 -[is_a]-> GO:0031328
GO:0045722 -[positively_regulates]-> GO:0006094
GO:0045723 -[is_a]-> GO:0031328
GO:0045723 -[is_a]-> GO:0042304
GO:0045723 -[is_a]-> GO:0045923
GO:0045723 -[is_a]-> GO:0046889
GO:0045723 -[positively_regulates]-> GO:0006633
GO:0045724 -[is_a]-> GO:0031346
GO:0045724 -[is_a]-> GO:1902017
GO:0045724 -[is_a]-> GO:1902117
GO:0045724 -[positively_regulates]-> GO:0060271
GO:0045725 -[is_a]-> GO:0005979
GO:0045725 -[is_a]-> GO:0010557
GO:0045725 -[is_a]-> GO:0031328
GO:0045725 -[is_a]-> GO:0070875
GO:0045725 -[positively_regulates]-> GO:0005978
GO:0045726 -[is_a]-> GO:0010557
GO:0045726 -[is_a]-> GO:0045113
GO:0045726 -[is_a]-> GO:0051130
GO:0045726 -[positively_regulates]-> GO:0045112
GO:0045727 -[is_a]-> GO:0006417
GO:0045727 -[is_a]-> GO:0010557
GO:0045727 -[is_a]-> GO:0010628
GO:0045727 -[is_a]-> GO:0031328
GO:0045727 -[is_a]-> GO:0032270
GO:0045727 -[is_a]-> GO:0034250
GO:0045727 -[positively_regulates]-> GO:0006412
GO:0045728 -[is_a]-> GO:0002679
GO:0045729 -[is_a]-> GO:0044702
GO:0045729 -[is_a]-> GO:0045730
GO:0045729 -[part_of]-> GO:0007338
GO:0045729 -[part_of]-> GO:0009566
GO:0045730 -[is_a]-> GO:0044710
GO:0045732 -[is_a]-> GO:0009896
GO:0045732 -[is_a]-> GO:0042176
GO:0045732 -[is_a]-> GO:0051247
GO:0045732 -[positively_regulates]-> GO:0030163
GO:0045733 -[is_a]-> GO:0006083
GO:0045733 -[is_a]-> GO:0072329
GO:0045734 -[is_a]-> GO:0010565
GO:0045734 -[is_a]-> GO:0031329
GO:0045734 -[regulates]-> GO:0045733
GO:0045735 -[is_a]-> GO:0003674
GO:0045736 -[is_a]-> GO:0000079
GO:0045736 -[is_a]-> GO:0045786
GO:0045736 -[is_a]-> GO:0071901
GO:0045736 -[is_a]-> GO:1904030
GO:0045736 -[negatively_regulates]-> GO:0004693
GO:0045737 -[is_a]-> GO:0000079
GO:0045737 -[is_a]-> GO:0045787
GO:0045737 -[is_a]-> GO:0071902
GO:0045737 -[is_a]-> GO:1904031
GO:0045737 -[positively_regulates]-> GO:0004693
GO:0045738 -[is_a]-> GO:0006282
GO:0045738 -[is_a]-> GO:0051053
GO:0045738 -[is_a]-> GO:2001021
GO:0045738 -[negatively_regulates]-> GO:0006281
GO:0045739 -[is_a]-> GO:0006282
GO:0045739 -[is_a]-> GO:0051054
GO:0045739 -[is_a]-> GO:2001022
GO:0045739 -[positively_regulates]-> GO:0006281
GO:0045740 -[is_a]-> GO:0006275
GO:0045740 -[is_a]-> GO:0010557
GO:0045740 -[is_a]-> GO:0031328
GO:0045740 -[is_a]-> GO:0051054
GO:0045740 -[positively_regulates]-> GO:0006260
GO:0045741 -[is_a]-> GO:0007176
GO:0045741 -[is_a]-> GO:0045742
GO:0045741 -[is_a]-> GO:0061098
GO:0045741 -[is_a]-> GO:2000273
GO:0045741 -[positively_regulates]-> GO:0005006
GO:0045742 -[is_a]-> GO:0042058
GO:0045742 -[is_a]-> GO:1901186
GO:0045742 -[positively_regulates]-> GO:0007173
GO:0045743 -[is_a]-> GO:0009967
GO:0045743 -[is_a]-> GO:0040036
GO:0045743 -[positively_regulates]-> GO:0008543
GO:0045744 -[is_a]-> GO:0008277
GO:0045744 -[is_a]-> GO:0009968
GO:0045744 -[negatively_regulates]-> GO:0007186
GO:0045745 -[is_a]-> GO:0008277
GO:0045745 -[is_a]-> GO:0009967
GO:0045745 -[positively_regulates]-> GO:0007186
GO:0045746 -[is_a]-> GO:0008593
GO:0045746 -[is_a]-> GO:0009968
GO:0045746 -[negatively_regulates]-> GO:0007219
GO:0045747 -[is_a]-> GO:0008593
GO:0045747 -[is_a]-> GO:0009967
GO:0045747 -[positively_regulates]-> GO:0007219
GO:0045748 -[is_a]-> GO:0045468
GO:0045751 -[is_a]-> GO:0008592
GO:0045751 -[is_a]-> GO:0009968
GO:0045751 -[negatively_regulates]-> GO:0008063
GO:0045752 -[is_a]-> GO:0008592
GO:0045752 -[is_a]-> GO:0009967
GO:0045752 -[positively_regulates]-> GO:0008063
GO:0045753 -[is_a]-> GO:0031330
GO:0045753 -[is_a]-> GO:0045734
GO:0045753 -[negatively_regulates]-> GO:0045733
GO:0045754 -[is_a]-> GO:0031331
GO:0045754 -[is_a]-> GO:0045734
GO:0045754 -[positively_regulates]-> GO:0045733
GO:0045755 -[is_a]-> GO:0045147
GO:0045755 -[is_a]-> GO:1901458
GO:0045755 -[negatively_regulates]-> GO:0045146
GO:0045756 -[is_a]-> GO:0045147
GO:0045756 -[is_a]-> GO:1901459
GO:0045756 -[positively_regulates]-> GO:0045146
GO:0045759 -[is_a]-> GO:0048519
GO:0045759 -[is_a]-> GO:0098900
GO:0045759 -[negatively_regulates]-> GO:0001508
GO:0045760 -[is_a]-> GO:0048518
GO:0045760 -[is_a]-> GO:0098900
GO:0045760 -[positively_regulates]-> GO:0001508
GO:0045761 -[is_a]-> GO:0030817
GO:0045761 -[is_a]-> GO:0031279
GO:0045761 -[is_a]-> GO:0051339
GO:0045761 -[regulates]-> GO:0004016
GO:0045762 -[is_a]-> GO:0030819
GO:0045762 -[is_a]-> GO:0031281
GO:0045762 -[is_a]-> GO:0045761
GO:0045762 -[is_a]-> GO:0051349
GO:0045762 -[positively_regulates]-> GO:0004016
GO:0045763 -[is_a]-> GO:0006521
GO:0045763 -[is_a]-> GO:0033239
GO:0045763 -[negatively_regulates]-> GO:0006520
GO:0045764 -[is_a]-> GO:0006521
GO:0045764 -[is_a]-> GO:0033240
GO:0045764 -[positively_regulates]-> GO:0006520
GO:0045765 -[is_a]-> GO:0022603
GO:0045765 -[is_a]-> GO:1901342
GO:0045765 -[regulates]-> GO:0001525
GO:0045766 -[is_a]-> GO:0045765
GO:0045766 -[is_a]-> GO:1904018
GO:0045766 -[positively_regulates]-> GO:0001525
GO:0045769 -[is_a]-> GO:0009786
GO:0045769 -[is_a]-> GO:0051782
GO:0045769 -[negatively_regulates]-> GO:0008356
GO:0045770 -[is_a]-> GO:0009786
GO:0045770 -[is_a]-> GO:0051781
GO:0045770 -[positively_regulates]-> GO:0008356
GO:0045771 -[is_a]-> GO:0016243
GO:0045772 -[is_a]-> GO:0016243
GO:0045773 -[is_a]-> GO:0030307
GO:0045773 -[is_a]-> GO:0030516
GO:0045773 -[is_a]-> GO:0048639
GO:0045773 -[is_a]-> GO:0050772
GO:0045773 -[positively_regulates]-> GO:0048675
GO:0045774 -[is_a]-> GO:0045115
GO:0045774 -[is_a]-> GO:0045720
GO:0045774 -[negatively_regulates]-> GO:0045114
GO:0045775 -[is_a]-> GO:0045115
GO:0045775 -[is_a]-> GO:0045726
GO:0045775 -[positively_regulates]-> GO:0045114
GO:0045776 -[is_a]-> GO:0008217
GO:0045777 -[is_a]-> GO:0008217
GO:0045778 -[is_a]-> GO:0030278
GO:0045778 -[is_a]-> GO:0051240
GO:0045778 -[positively_regulates]-> GO:0001503
GO:0045779 -[is_a]-> GO:0032845
GO:0045779 -[is_a]-> GO:0045124
GO:0045779 -[is_a]-> GO:0046851
GO:0045779 -[negatively_regulates]-> GO:0045453
GO:0045780 -[is_a]-> GO:0032846
GO:0045780 -[is_a]-> GO:0045124
GO:0045780 -[is_a]-> GO:0046852
GO:0045780 -[positively_regulates]-> GO:0045453
GO:0045781 -[is_a]-> GO:0007116
GO:0045781 -[is_a]-> GO:0051782
GO:0045781 -[is_a]-> GO:1903665
GO:0045781 -[negatively_regulates]-> GO:0007114
GO:0045782 -[is_a]-> GO:0007116
GO:0045782 -[is_a]-> GO:0051781
GO:0045782 -[is_a]-> GO:1903666
GO:0045782 -[positively_regulates]-> GO:0007114
GO:0045785 -[is_a]-> GO:0030155
GO:0045785 -[is_a]-> GO:0048518
GO:0045785 -[positively_regulates]-> GO:0007155
GO:0045786 -[is_a]-> GO:0048523
GO:0045786 -[is_a]-> GO:0051726
GO:0045786 -[negatively_regulates]-> GO:0007049
GO:0045787 -[is_a]-> GO:0048522
GO:0045787 -[is_a]-> GO:0051726
GO:0045787 -[positively_regulates]-> GO:0007049
GO:0045792 -[is_a]-> GO:0008361
GO:0045793 -[is_a]-> GO:0008361
GO:0045794 -[is_a]-> GO:0006884
GO:0045795 -[is_a]-> GO:0006884
GO:0045796 -[is_a]-> GO:0030300
GO:0045796 -[is_a]-> GO:0032375
GO:0045796 -[is_a]-> GO:1904730
GO:0045796 -[negatively_regulates]-> GO:0030299
GO:0045797 -[is_a]-> GO:0030300
GO:0045797 -[is_a]-> GO:0032376
GO:0045797 -[is_a]-> GO:1904731
GO:0045797 -[positively_regulates]-> GO:0030299
GO:0045798 -[is_a]-> GO:0001672
GO:0045798 -[is_a]-> GO:1905268
GO:0045798 -[negatively_regulates]-> GO:0006333
GO:0045799 -[is_a]-> GO:0001672
GO:0045799 -[is_a]-> GO:1905269
GO:0045799 -[positively_regulates]-> GO:0006333
GO:0045800 -[is_a]-> GO:0007564
GO:0045800 -[is_a]-> GO:0051093
GO:0045800 -[is_a]-> GO:0051241
GO:0045800 -[negatively_regulates]-> GO:0007593
GO:0045801 -[is_a]-> GO:0007564
GO:0045801 -[is_a]-> GO:0051094
GO:0045801 -[is_a]-> GO:0051240
GO:0045801 -[positively_regulates]-> GO:0007593
GO:0045804 -[is_a]-> GO:0007563
GO:0045804 -[is_a]-> GO:0051093
GO:0045804 -[is_a]-> GO:0051241
GO:0045804 -[negatively_regulates]-> GO:0007562
GO:0045805 -[is_a]-> GO:0007563
GO:0045805 -[is_a]-> GO:0051094
GO:0045805 -[is_a]-> GO:0051240
GO:0045805 -[positively_regulates]-> GO:0007562
GO:0045806 -[is_a]-> GO:0030100
GO:0045806 -[is_a]-> GO:0051051
GO:0045806 -[is_a]-> GO:0051129
GO:0045806 -[negatively_regulates]-> GO:0006897
GO:0045807 -[is_a]-> GO:0030100
GO:0045807 -[is_a]-> GO:0051050
GO:0045807 -[is_a]-> GO:0051130
GO:0045807 -[positively_regulates]-> GO:0006897
GO:0045808 -[is_a]-> GO:0010648
GO:0045808 -[is_a]-> GO:0032105
GO:0045808 -[is_a]-> GO:0043901
GO:0045808 -[is_a]-> GO:0045304
GO:0045808 -[negatively_regulates]-> GO:0030420
GO:0045809 -[is_a]-> GO:0010647
GO:0045809 -[is_a]-> GO:0032106
GO:0045809 -[is_a]-> GO:0043902
GO:0045809 -[is_a]-> GO:0045304
GO:0045809 -[positively_regulates]-> GO:0030420
GO:0045812 -[is_a]-> GO:0008591
GO:0045812 -[is_a]-> GO:2000051
GO:0045812 -[negatively_regulates]-> GO:0007223
GO:0045813 -[is_a]-> GO:0008591
GO:0045813 -[is_a]-> GO:2000052
GO:0045813 -[positively_regulates]-> GO:0007223
GO:0045814 -[is_a]-> GO:0010629
GO:0045814 -[is_a]-> GO:0040029
GO:0045815 -[is_a]-> GO:0010628
GO:0045815 -[is_a]-> GO:0040029
GO:0045818 -[is_a]-> GO:0005981
GO:0045818 -[is_a]-> GO:0031330
GO:0045818 -[is_a]-> GO:0070874
GO:0045818 -[negatively_regulates]-> GO:0005980
GO:0045819 -[is_a]-> GO:0005981
GO:0045819 -[is_a]-> GO:0031331
GO:0045819 -[is_a]-> GO:0070875
GO:0045819 -[positively_regulates]-> GO:0005980
GO:0045820 -[is_a]-> GO:0006110
GO:0045820 -[is_a]-> GO:0009895
GO:0045820 -[is_a]-> GO:0010677
GO:0045820 -[is_a]-> GO:0042326
GO:0045820 -[is_a]-> GO:0051198
GO:0045820 -[is_a]-> GO:1903579
GO:0045820 -[negatively_regulates]-> GO:0006096
GO:0045821 -[is_a]-> GO:0006110
GO:0045821 -[is_a]-> GO:0031331
GO:0045821 -[is_a]-> GO:0042327
GO:0045821 -[is_a]-> GO:0045913
GO:0045821 -[is_a]-> GO:0051197
GO:0045821 -[is_a]-> GO:1903580
GO:0045821 -[positively_regulates]-> GO:0006096
GO:0045822 -[is_a]-> GO:0008016
GO:0045822 -[is_a]-> GO:1903523
GO:0045822 -[negatively_regulates]-> GO:0060047
GO:0045823 -[is_a]-> GO:0008016
GO:0045823 -[is_a]-> GO:1903524
GO:0045823 -[positively_regulates]-> GO:0060047
GO:0045824 -[is_a]-> GO:0031348
GO:0045824 -[is_a]-> GO:0045088
GO:0045824 -[is_a]-> GO:0050777
GO:0045824 -[negatively_regulates]-> GO:0045087
GO:0045827 -[is_a]-> GO:0019747
GO:0045827 -[is_a]-> GO:0031324
GO:0045827 -[is_a]-> GO:0045833
GO:0045827 -[negatively_regulates]-> GO:0006720
GO:0045828 -[is_a]-> GO:0019747
GO:0045828 -[is_a]-> GO:0031325
GO:0045828 -[is_a]-> GO:0045834
GO:0045828 -[positively_regulates]-> GO:0006720
GO:0045829 -[is_a]-> GO:0002638
GO:0045829 -[is_a]-> GO:0002890
GO:0045829 -[is_a]-> GO:0045191
GO:0045829 -[is_a]-> GO:0045910
GO:0045829 -[is_a]-> GO:0050869
GO:0045829 -[is_a]-> GO:0051093
GO:0045829 -[is_a]-> GO:0051241
GO:0045829 -[negatively_regulates]-> GO:0045190
GO:0045830 -[is_a]-> GO:0002639
GO:0045830 -[is_a]-> GO:0002891
GO:0045830 -[is_a]-> GO:0045191
GO:0045830 -[is_a]-> GO:0045911
GO:0045830 -[is_a]-> GO:0050871
GO:0045830 -[is_a]-> GO:0051094
GO:0045830 -[is_a]-> GO:0051240
GO:0045830 -[positively_regulates]-> GO:0045190
GO:0045831 -[is_a]-> GO:0016061
GO:0045831 -[is_a]-> GO:0032413
GO:0045831 -[negatively_regulates]-> GO:0010461
GO:0045832 -[is_a]-> GO:0016061
GO:0045832 -[is_a]-> GO:0032414
GO:0045832 -[positively_regulates]-> GO:0010461
GO:0045833 -[is_a]-> GO:0009892
GO:0045833 -[is_a]-> GO:0019216
GO:0045833 -[negatively_regulates]-> GO:0006629
GO:0045834 -[is_a]-> GO:0009893
GO:0045834 -[is_a]-> GO:0019216
GO:0045834 -[positively_regulates]-> GO:0006629
GO:0045835 -[is_a]-> GO:0010948
GO:0045835 -[is_a]-> GO:0040020
GO:0045835 -[is_a]-> GO:0051447
GO:0045835 -[is_a]-> GO:0051784
GO:0045835 -[negatively_regulates]-> GO:0007126
GO:0045836 -[is_a]-> GO:0040020
GO:0045836 -[is_a]-> GO:0051446
GO:0045836 -[is_a]-> GO:0051785
GO:0045836 -[is_a]-> GO:0090068
GO:0045836 -[positively_regulates]-> GO:0007126
GO:0045837 -[is_a]-> GO:0042391
GO:0045838 -[is_a]-> GO:0042391
GO:0045839 -[is_a]-> GO:0007088
GO:0045839 -[is_a]-> GO:0010948
GO:0045839 -[is_a]-> GO:0045930
GO:0045839 -[is_a]-> GO:0051784
GO:0045839 -[negatively_regulates]-> GO:0007067
GO:0045840 -[is_a]-> GO:0007088
GO:0045840 -[is_a]-> GO:0045931
GO:0045840 -[is_a]-> GO:0051785
GO:0045840 -[is_a]-> GO:0090068
GO:0045840 -[positively_regulates]-> GO:0007067
GO:0045841 -[is_a]-> GO:0030071
GO:0045841 -[is_a]-> GO:1901991
GO:0045841 -[is_a]-> GO:1902100
GO:0045841 -[is_a]-> GO:2000816
GO:0045841 -[negatively_regulates]-> GO:0007091
GO:0045842 -[is_a]-> GO:0030071
GO:0045842 -[is_a]-> GO:1901970
GO:0045842 -[is_a]-> GO:1901992
GO:0045842 -[is_a]-> GO:1902101
GO:0045842 -[positively_regulates]-> GO:0007091
GO:0045843 -[is_a]-> GO:0016202
GO:0045843 -[is_a]-> GO:0048635
GO:0045843 -[is_a]-> GO:1901862
GO:0045843 -[negatively_regulates]-> GO:0014706
GO:0045844 -[is_a]-> GO:0016202
GO:0045844 -[is_a]-> GO:0048636
GO:0045844 -[is_a]-> GO:1901863
GO:0045844 -[positively_regulates]-> GO:0014706
GO:0045847 -[is_a]-> GO:0006808
GO:0045847 -[is_a]-> GO:0048519
GO:0045847 -[negatively_regulates]-> GO:0019740
GO:0045848 -[is_a]-> GO:0006808
GO:0045848 -[is_a]-> GO:0048518
GO:0045848 -[positively_regulates]-> GO:0019740
GO:0045849 -[is_a]-> GO:0010721
GO:0045849 -[is_a]-> GO:0043901
GO:0045849 -[is_a]-> GO:0045477
GO:0045849 -[is_a]-> GO:0051241
GO:0045849 -[is_a]-> GO:1904746
GO:0045849 -[is_a]-> GO:2000242
GO:0045849 -[negatively_regulates]-> GO:0045476
GO:0045850 -[is_a]-> GO:0010720
GO:0045850 -[is_a]-> GO:0043902
GO:0045850 -[is_a]-> GO:0045477
GO:0045850 -[is_a]-> GO:0051240
GO:0045850 -[is_a]-> GO:1904747
GO:0045850 -[is_a]-> GO:2000243
GO:0045850 -[positively_regulates]-> GO:0045476
GO:0045851 -[is_a]-> GO:0006885
GO:0045852 -[is_a]-> GO:0006885
GO:0045853 -[is_a]-> GO:0008359
GO:0045853 -[is_a]-> GO:0060283
GO:0045853 -[is_a]-> GO:1902876
GO:0045853 -[is_a]-> GO:1903430
GO:0045853 -[is_a]-> GO:1904581
GO:0045853 -[negatively_regulates]-> GO:0045450
GO:0045854 -[is_a]-> GO:0008359
GO:0045854 -[is_a]-> GO:0060282
GO:0045854 -[is_a]-> GO:1902877
GO:0045854 -[is_a]-> GO:1903431
GO:0045854 -[is_a]-> GO:1904582
GO:0045854 -[positively_regulates]-> GO:0045450
GO:0045855 -[is_a]-> GO:0007317
GO:0045855 -[is_a]-> GO:0051129
GO:0045855 -[is_a]-> GO:0060283
GO:0045855 -[is_a]-> GO:1902876
GO:0045855 -[is_a]-> GO:1903430
GO:0045855 -[is_a]-> GO:1904581
GO:0045855 -[negatively_regulates]-> GO:0045451
GO:0045856 -[is_a]-> GO:0007317
GO:0045856 -[is_a]-> GO:0044089
GO:0045856 -[is_a]-> GO:0051130
GO:0045856 -[is_a]-> GO:0060282
GO:0045856 -[is_a]-> GO:1902877
GO:0045856 -[is_a]-> GO:1903431
GO:0045856 -[is_a]-> GO:1904582
GO:0045856 -[positively_regulates]-> GO:0045451
GO:0045857 -[is_a]-> GO:0040030
GO:0045857 -[is_a]-> GO:0044092
GO:0045858 -[is_a]-> GO:0040030
GO:0045858 -[is_a]-> GO:0044093
GO:0045859 -[is_a]-> GO:0001932
GO:0045859 -[is_a]-> GO:0043549
GO:0045859 -[regulates]-> GO:0004672
GO:0045860 -[is_a]-> GO:0001934
GO:0045860 -[is_a]-> GO:0033674
GO:0045860 -[is_a]-> GO:0045859
GO:0045860 -[positively_regulates]-> GO:0004672
GO:0045861 -[is_a]-> GO:0030162
GO:0045861 -[is_a]-> GO:0032269
GO:0045861 -[negatively_regulates]-> GO:0006508
GO:0045862 -[is_a]-> GO:0030162
GO:0045862 -[is_a]-> GO:0032270
GO:0045862 -[positively_regulates]-> GO:0006508
GO:0045863 -[is_a]-> GO:0031324
GO:0045863 -[is_a]-> GO:0042068
GO:0045863 -[is_a]-> GO:0051172
GO:0045863 -[negatively_regulates]-> GO:0019889
GO:0045864 -[is_a]-> GO:0031325
GO:0045864 -[is_a]-> GO:0042068
GO:0045864 -[is_a]-> GO:0051173
GO:0045864 -[positively_regulates]-> GO:0019889
GO:0045869 -[is_a]-> GO:0045071
GO:0045869 -[is_a]-> GO:0045091
GO:0045869 -[is_a]-> GO:0051053
GO:0045869 -[is_a]-> GO:0051253
GO:0045869 -[negatively_regulates]-> GO:0039692
GO:0045870 -[is_a]-> GO:0045070
GO:0045870 -[is_a]-> GO:0045091
GO:0045870 -[is_a]-> GO:0051054
GO:0045870 -[is_a]-> GO:0051254
GO:0045870 -[positively_regulates]-> GO:0039692
GO:0045871 -[is_a]-> GO:0007468
GO:0045871 -[is_a]-> GO:0010629
GO:0045872 -[is_a]-> GO:0007468
GO:0045872 -[is_a]-> GO:0010628
GO:0045873 -[is_a]-> GO:0009968
GO:0045873 -[is_a]-> GO:0010454
GO:0045873 -[is_a]-> GO:0045501
GO:0045873 -[is_a]-> GO:0045677
GO:0045873 -[negatively_regulates]-> GO:0045500
GO:0045874 -[is_a]-> GO:0009967
GO:0045874 -[is_a]-> GO:0010455
GO:0045874 -[is_a]-> GO:0045501
GO:0045874 -[is_a]-> GO:0045678
GO:0045874 -[positively_regulates]-> GO:0045500
GO:0045875 -[is_a]-> GO:0007063
GO:0045875 -[is_a]-> GO:0033046
GO:0045875 -[negatively_regulates]-> GO:0007062
GO:0045876 -[is_a]-> GO:0007063
GO:0045876 -[is_a]-> GO:0051984
GO:0045876 -[is_a]-> GO:0090068
GO:0045876 -[is_a]-> GO:2001252
GO:0045876 -[positively_regulates]-> GO:0007062
GO:0045879 -[is_a]-> GO:0008589
GO:0045879 -[is_a]-> GO:0009968
GO:0045879 -[negatively_regulates]-> GO:0007224
GO:0045880 -[is_a]-> GO:0008589
GO:0045880 -[is_a]-> GO:0009967
GO:0045880 -[positively_regulates]-> GO:0007224
GO:0045881 -[is_a]-> GO:0042173
GO:0045881 -[is_a]-> GO:0043938
GO:0045881 -[is_a]-> GO:0045597
GO:0045881 -[positively_regulates]-> GO:0030435
GO:0045882 -[is_a]-> GO:0006792
GO:0045882 -[is_a]-> GO:0048519
GO:0045882 -[negatively_regulates]-> GO:0006791
GO:0045883 -[is_a]-> GO:0006792
GO:0045883 -[is_a]-> GO:0048518
GO:0045883 -[positively_regulates]-> GO:0006791
GO:0045886 -[is_a]-> GO:0008582
GO:0045886 -[is_a]-> GO:0048640
GO:0045886 -[is_a]-> GO:0051964
GO:0045886 -[is_a]-> GO:1904397
GO:0045886 -[negatively_regulates]-> GO:0051124
GO:0045887 -[is_a]-> GO:0008582
GO:0045887 -[is_a]-> GO:0048639
GO:0045887 -[is_a]-> GO:0051965
GO:0045887 -[is_a]-> GO:1904398
GO:0045887 -[positively_regulates]-> GO:0051124
GO:0045892 -[is_a]-> GO:0006355
GO:0045892 -[is_a]-> GO:0010629
GO:0045892 -[is_a]-> GO:1903507
GO:0045892 -[is_a]-> GO:2000113
GO:0045892 -[negatively_regulates]-> GO:0006351
GO:0045893 -[is_a]-> GO:0006355
GO:0045893 -[is_a]-> GO:0010628
GO:0045893 -[is_a]-> GO:1903508
GO:0045893 -[positively_regulates]-> GO:0006351
GO:0045894 -[is_a]-> GO:0007532
GO:0045894 -[is_a]-> GO:0045892
GO:0045895 -[is_a]-> GO:0007532
GO:0045895 -[is_a]-> GO:0045893
GO:0045896 -[is_a]-> GO:0006355
GO:0045896 -[part_of]-> GO:0007067
GO:0045897 -[is_a]-> GO:0045893
GO:0045897 -[is_a]-> GO:0045896
GO:0045897 -[part_of]-> GO:0007067
GO:0045898 -[is_a]-> GO:0060260
GO:0045898 -[regulates]-> GO:0051123
GO:0045899 -[is_a]-> GO:0045898
GO:0045899 -[is_a]-> GO:0060261
GO:0045899 -[positively_regulates]-> GO:0051123
GO:0045900 -[is_a]-> GO:0006448
GO:0045900 -[is_a]-> GO:0017148
GO:0045900 -[negatively_regulates]-> GO:0006414
GO:0045901 -[is_a]-> GO:0006448
GO:0045901 -[is_a]-> GO:0045727
GO:0045901 -[positively_regulates]-> GO:0006414
GO:0045902 -[is_a]-> GO:0006450
GO:0045902 -[is_a]-> GO:0017148
GO:0045903 -[is_a]-> GO:0006450
GO:0045903 -[is_a]-> GO:0045727
GO:0045904 -[is_a]-> GO:0006449
GO:0045904 -[is_a]-> GO:0017148
GO:0045904 -[is_a]-> GO:0043242
GO:0045904 -[negatively_regulates]-> GO:0006415
GO:0045905 -[is_a]-> GO:0006449
GO:0045905 -[is_a]-> GO:0043243
GO:0045905 -[is_a]-> GO:0045727
GO:0045905 -[positively_regulates]-> GO:0006415
GO:0045906 -[is_a]-> GO:0019229
GO:0045906 -[is_a]-> GO:1903523
GO:0045906 -[negatively_regulates]-> GO:0042310
GO:0045907 -[is_a]-> GO:0019229
GO:0045907 -[is_a]-> GO:1903524
GO:0045907 -[positively_regulates]-> GO:0042310
GO:0045908 -[is_a]-> GO:0042312
GO:0045908 -[is_a]-> GO:1903523
GO:0045908 -[negatively_regulates]-> GO:0042311
GO:0045909 -[is_a]-> GO:0042312
GO:0045909 -[is_a]-> GO:1903524
GO:0045909 -[positively_regulates]-> GO:0042311
GO:0045910 -[is_a]-> GO:0000018
GO:0045910 -[is_a]-> GO:0051053
GO:0045910 -[negatively_regulates]-> GO:0006310
GO:0045911 -[is_a]-> GO:0000018
GO:0045911 -[is_a]-> GO:0051054
GO:0045911 -[positively_regulates]-> GO:0006310
GO:0045912 -[is_a]-> GO:0006109
GO:0045912 -[is_a]-> GO:0009892
GO:0045912 -[negatively_regulates]-> GO:0005975
GO:0045913 -[is_a]-> GO:0006109
GO:0045913 -[is_a]-> GO:0009893
GO:0045913 -[positively_regulates]-> GO:0005975
GO:0045914 -[is_a]-> GO:0033239
GO:0045914 -[is_a]-> GO:0042069
GO:0045914 -[negatively_regulates]-> GO:0006584
GO:0045915 -[is_a]-> GO:0033240
GO:0045915 -[is_a]-> GO:0042069
GO:0045915 -[positively_regulates]-> GO:0006584
GO:0045916 -[is_a]-> GO:0002698
GO:0045916 -[is_a]-> GO:0002921
GO:0045916 -[is_a]-> GO:0010955
GO:0045916 -[is_a]-> GO:0030449
GO:0045916 -[is_a]-> GO:2000258
GO:0045916 -[negatively_regulates]-> GO:0006956
GO:0045917 -[is_a]-> GO:0002699
GO:0045917 -[is_a]-> GO:0002922
GO:0045917 -[is_a]-> GO:0010954
GO:0045917 -[is_a]-> GO:0030449
GO:0045917 -[is_a]-> GO:2000259
GO:0045917 -[positively_regulates]-> GO:0006956
GO:0045918 -[is_a]-> GO:0042268
GO:0045918 -[is_a]-> GO:0048523
GO:0045918 -[negatively_regulates]-> GO:0019835
GO:0045919 -[is_a]-> GO:0042268
GO:0045919 -[is_a]-> GO:0048522
GO:0045919 -[positively_regulates]-> GO:0019835
GO:0045920 -[is_a]-> GO:0017157
GO:0045920 -[is_a]-> GO:1903531
GO:0045920 -[negatively_regulates]-> GO:0006887
GO:0045921 -[is_a]-> GO:0017157
GO:0045921 -[is_a]-> GO:1903532
GO:0045921 -[positively_regulates]-> GO:0006887
GO:0045922 -[is_a]-> GO:0019217
GO:0045922 -[is_a]-> GO:0031324
GO:0045922 -[is_a]-> GO:0045833
GO:0045922 -[negatively_regulates]-> GO:0006631
GO:0045923 -[is_a]-> GO:0019217
GO:0045923 -[is_a]-> GO:0031325
GO:0045923 -[is_a]-> GO:0045834
GO:0045923 -[positively_regulates]-> GO:0006631
GO:0045924 -[is_a]-> GO:0060180
GO:0045924 -[is_a]-> GO:0065008
GO:0045925 -[is_a]-> GO:0045924
GO:0045926 -[is_a]-> GO:0040008
GO:0045926 -[is_a]-> GO:0048519
GO:0045926 -[negatively_regulates]-> GO:0040007
GO:0045927 -[is_a]-> GO:0040008
GO:0045927 -[is_a]-> GO:0048518
GO:0045927 -[positively_regulates]-> GO:0040007
GO:0045928 -[is_a]-> GO:0007556
GO:0045928 -[is_a]-> GO:0032351
GO:0045928 -[is_a]-> GO:0045827
GO:0045928 -[negatively_regulates]-> GO:0006716
GO:0045929 -[is_a]-> GO:0007556
GO:0045929 -[is_a]-> GO:0032352
GO:0045929 -[is_a]-> GO:0045828
GO:0045929 -[positively_regulates]-> GO:0006716
GO:0045930 -[is_a]-> GO:0007346
GO:0045930 -[is_a]-> GO:0045786
GO:0045930 -[negatively_regulates]-> GO:0000278
GO:0045931 -[is_a]-> GO:0007346
GO:0045931 -[is_a]-> GO:0045787
GO:0045931 -[positively_regulates]-> GO:0000278
GO:0045932 -[is_a]-> GO:0006937
GO:0045932 -[is_a]-> GO:0051241
GO:0045932 -[negatively_regulates]-> GO:0006936
GO:0045933 -[is_a]-> GO:0006937
GO:0045933 -[is_a]-> GO:0051240
GO:0045933 -[positively_regulates]-> GO:0006936
GO:0045934 -[is_a]-> GO:0019219
GO:0045934 -[is_a]-> GO:0031324
GO:0045934 -[is_a]-> GO:0051172
GO:0045934 -[negatively_regulates]-> GO:0006139
GO:0045935 -[is_a]-> GO:0019219
GO:0045935 -[is_a]-> GO:0031325
GO:0045935 -[is_a]-> GO:0051173
GO:0045935 -[positively_regulates]-> GO:0006139
GO:0045936 -[is_a]-> GO:0010563
GO:0045936 -[is_a]-> GO:0019220
GO:0045936 -[negatively_regulates]-> GO:0006796
GO:0045937 -[is_a]-> GO:0010562
GO:0045937 -[is_a]-> GO:0019220
GO:0045937 -[positively_regulates]-> GO:0006796
GO:0045938 -[is_a]-> GO:0042753
GO:0045938 -[is_a]-> GO:0045187
GO:0045938 -[is_a]-> GO:0048520
GO:0045938 -[is_a]-> GO:0051240
GO:0045938 -[positively_regulates]-> GO:0050802
GO:0045939 -[is_a]-> GO:0019218
GO:0045939 -[is_a]-> GO:0045833
GO:0045939 -[negatively_regulates]-> GO:0008202
GO:0045940 -[is_a]-> GO:0019218
GO:0045940 -[is_a]-> GO:0045834
GO:0045940 -[positively_regulates]-> GO:0008202
GO:0045942 -[is_a]-> GO:0006795
GO:0045942 -[is_a]-> GO:0048519
GO:0045942 -[negatively_regulates]-> GO:0006794
GO:0045943 -[is_a]-> GO:0006356
GO:0045943 -[is_a]-> GO:0045893
GO:0045943 -[positively_regulates]-> GO:0006360
GO:0045944 -[is_a]-> GO:0006357
GO:0045944 -[is_a]-> GO:0045893
GO:0045944 -[positively_regulates]-> GO:0006366
GO:0045945 -[is_a]-> GO:0006359
GO:0045945 -[is_a]-> GO:0045893
GO:0045945 -[positively_regulates]-> GO:0006383
GO:0045947 -[is_a]-> GO:0006446
GO:0045947 -[is_a]-> GO:0017148
GO:0045947 -[negatively_regulates]-> GO:0006413
GO:0045948 -[is_a]-> GO:0006446
GO:0045948 -[is_a]-> GO:0045727
GO:0045948 -[positively_regulates]-> GO:0006413
GO:0045949 -[is_a]-> GO:0006795
GO:0045949 -[is_a]-> GO:0048518
GO:0045949 -[positively_regulates]-> GO:0006794
GO:0045950 -[is_a]-> GO:0000019
GO:0045950 -[is_a]-> GO:0045910
GO:0045950 -[negatively_regulates]-> GO:0006312
GO:0045951 -[is_a]-> GO:0000019
GO:0045951 -[is_a]-> GO:0045911
GO:0045951 -[positively_regulates]-> GO:0006312
GO:0045952 -[is_a]-> GO:0007556
GO:0045952 -[is_a]-> GO:0031329
GO:0045952 -[is_a]-> GO:0050994
GO:0045952 -[regulates]-> GO:0006719
GO:0045953 -[is_a]-> GO:0001911
GO:0045953 -[is_a]-> GO:0002716
GO:0045953 -[is_a]-> GO:0042269
GO:0045953 -[negatively_regulates]-> GO:0042267
GO:0045954 -[is_a]-> GO:0001912
GO:0045954 -[is_a]-> GO:0002717
GO:0045954 -[is_a]-> GO:0042269
GO:0045954 -[positively_regulates]-> GO:0042267
GO:0045955 -[is_a]-> GO:0017158
GO:0045955 -[is_a]-> GO:1903306
GO:0045955 -[negatively_regulates]-> GO:0017156
GO:0045956 -[is_a]-> GO:0017158
GO:0045956 -[is_a]-> GO:1903307
GO:0045956 -[positively_regulates]-> GO:0017156
GO:0045957 -[is_a]-> GO:0030451
GO:0045957 -[is_a]-> GO:0045824
GO:0045957 -[is_a]-> GO:0045916
GO:0045957 -[negatively_regulates]-> GO:0006957
GO:0045958 -[is_a]-> GO:0030451
GO:0045958 -[is_a]-> GO:0045089
GO:0045958 -[is_a]-> GO:0045917
GO:0045958 -[positively_regulates]-> GO:0006957
GO:0045959 -[is_a]-> GO:0002924
GO:0045959 -[is_a]-> GO:0030450
GO:0045959 -[is_a]-> GO:0045916
GO:0045959 -[negatively_regulates]-> GO:0006958
GO:0045960 -[is_a]-> GO:0002925
GO:0045960 -[is_a]-> GO:0030450
GO:0045960 -[is_a]-> GO:0045917
GO:0045960 -[positively_regulates]-> GO:0006958
GO:0045961 -[is_a]-> GO:0040034
GO:0045962 -[is_a]-> GO:0040034
GO:0045963 -[is_a]-> GO:0042053
GO:0045963 -[is_a]-> GO:0045914
GO:0045963 -[negatively_regulates]-> GO:0042417
GO:0045964 -[is_a]-> GO:0042053
GO:0045964 -[is_a]-> GO:0045915
GO:0045964 -[positively_regulates]-> GO:0042417
GO:0045965 -[is_a]-> GO:0007553
GO:0045965 -[is_a]-> GO:0031324
GO:0045965 -[is_a]-> GO:0032351
GO:0045965 -[is_a]-> GO:0045939
GO:0045965 -[is_a]-> GO:0048581
GO:0045965 -[negatively_regulates]-> GO:0045455
GO:0045966 -[is_a]-> GO:0007553
GO:0045966 -[is_a]-> GO:0031325
GO:0045966 -[is_a]-> GO:0032352
GO:0045966 -[is_a]-> GO:0045940
GO:0045966 -[is_a]-> GO:0048582
GO:0045966 -[positively_regulates]-> GO:0045455
GO:0045967 -[is_a]-> GO:0040009
GO:0045967 -[is_a]-> GO:0045926
GO:0045968 -[is_a]-> GO:0007557
GO:0045968 -[is_a]-> GO:0032353
GO:0045968 -[is_a]-> GO:0045928
GO:0045968 -[is_a]-> GO:0051055
GO:0045968 -[negatively_regulates]-> GO:0006718
GO:0045969 -[is_a]-> GO:0007557
GO:0045969 -[is_a]-> GO:0045929
GO:0045969 -[is_a]-> GO:0046886
GO:0045969 -[is_a]-> GO:0046889
GO:0045969 -[positively_regulates]-> GO:0006718
GO:0045970 -[is_a]-> GO:0031330
GO:0045970 -[is_a]-> GO:0045928
GO:0045970 -[is_a]-> GO:0045952
GO:0045970 -[is_a]-> GO:0050995
GO:0045970 -[negatively_regulates]-> GO:0006719
GO:0045971 -[is_a]-> GO:0031331
GO:0045971 -[is_a]-> GO:0045929
GO:0045971 -[is_a]-> GO:0045952
GO:0045971 -[is_a]-> GO:0050996
GO:0045971 -[positively_regulates]-> GO:0006719
GO:0045972 -[is_a]-> GO:0007558
GO:0045972 -[is_a]-> GO:0032369
GO:0045972 -[is_a]-> GO:0046888
GO:0045972 -[is_a]-> GO:0051241
GO:0045972 -[negatively_regulates]-> GO:0045443
GO:0045973 -[is_a]-> GO:0007558
GO:0045973 -[is_a]-> GO:0032370
GO:0045973 -[is_a]-> GO:0046887
GO:0045973 -[is_a]-> GO:0051240
GO:0045973 -[positively_regulates]-> GO:0045443
GO:0045974 -[is_a]-> GO:0006417
GO:0045975 -[is_a]-> GO:0045727
GO:0045975 -[is_a]-> GO:0045974
GO:0045976 -[is_a]-> GO:0009794
GO:0045976 -[is_a]-> GO:0045930
GO:0045976 -[is_a]-> GO:0045992
GO:0045976 -[negatively_regulates]-> GO:0045448
GO:0045977 -[is_a]-> GO:0009794
GO:0045977 -[is_a]-> GO:0040019
GO:0045977 -[is_a]-> GO:0045931
GO:0045977 -[positively_regulates]-> GO:0045448
GO:0045978 -[is_a]-> GO:0009118
GO:0045978 -[is_a]-> GO:0045934
GO:0045978 -[negatively_regulates]-> GO:0009116
GO:0045979 -[is_a]-> GO:0009118
GO:0045979 -[is_a]-> GO:0045935
GO:0045979 -[positively_regulates]-> GO:0009116
GO:0045980 -[is_a]-> GO:0006140
GO:0045980 -[is_a]-> GO:0045934
GO:0045980 -[is_a]-> GO:0045936
GO:0045980 -[negatively_regulates]-> GO:0009117
GO:0045981 -[is_a]-> GO:0006140
GO:0045981 -[is_a]-> GO:0045935
GO:0045981 -[is_a]-> GO:0045937
GO:0045981 -[positively_regulates]-> GO:0009117
GO:0045982 -[is_a]-> GO:0006141
GO:0045982 -[is_a]-> GO:0045934
GO:0045982 -[negatively_regulates]-> GO:0006144
GO:0045983 -[is_a]-> GO:0006141
GO:0045983 -[is_a]-> GO:0045935
GO:0045983 -[positively_regulates]-> GO:0006144
GO:0045984 -[is_a]-> GO:0006142
GO:0045984 -[is_a]-> GO:0045934
GO:0045984 -[negatively_regulates]-> GO:0006206
GO:0045985 -[is_a]-> GO:0006142
GO:0045985 -[is_a]-> GO:0045935
GO:0045985 -[positively_regulates]-> GO:0006206
GO:0045986 -[is_a]-> GO:0006940
GO:0045986 -[is_a]-> GO:0045932
GO:0045986 -[negatively_regulates]-> GO:0006939
GO:0045987 -[is_a]-> GO:0006940
GO:0045987 -[is_a]-> GO:0045933
GO:0045987 -[positively_regulates]-> GO:0006939
GO:0045988 -[is_a]-> GO:0006942
GO:0045988 -[is_a]-> GO:0045932
GO:0045988 -[negatively_regulates]-> GO:0006941
GO:0045989 -[is_a]-> GO:0006942
GO:0045989 -[is_a]-> GO:0045933
GO:0045989 -[positively_regulates]-> GO:0006941
GO:0045990 -[is_a]-> GO:0006355
GO:0045990 -[part_of]-> GO:0031670
GO:0045991 -[is_a]-> GO:0045893
GO:0045991 -[is_a]-> GO:0045990
GO:0045992 -[is_a]-> GO:0045995
GO:0045992 -[is_a]-> GO:0051093
GO:0045992 -[is_a]-> GO:0051241
GO:0045992 -[negatively_regulates]-> GO:0009790
GO:0045993 -[is_a]-> GO:0006447
GO:0045993 -[is_a]-> GO:0045947
GO:0045994 -[is_a]-> GO:0006447
GO:0045994 -[is_a]-> GO:0045948
GO:0045995 -[is_a]-> GO:2000026
GO:0045995 -[regulates]-> GO:0009790
GO:0045996 -[is_a]-> GO:0009373
GO:0045996 -[is_a]-> GO:0045892
GO:0045997 -[is_a]-> GO:0007554
GO:0045997 -[is_a]-> GO:0045965
GO:0045997 -[is_a]-> GO:0090032
GO:0045997 -[negatively_regulates]-> GO:0045456
GO:0045998 -[is_a]-> GO:0007554
GO:0045998 -[is_a]-> GO:0045966
GO:0045998 -[is_a]-> GO:0090031
GO:0045998 -[positively_regulates]-> GO:0045456
GO:0045999 -[is_a]-> GO:0007555
GO:0045999 -[is_a]-> GO:2000832
GO:0045999 -[negatively_regulates]-> GO:0045457
GO:0046000 -[is_a]-> GO:0007555
GO:0046000 -[is_a]-> GO:2000833
GO:0046000 -[positively_regulates]-> GO:0045457
GO:0046001 -[is_a]-> GO:0007347
GO:0046001 -[is_a]-> GO:0045976
GO:0046001 -[negatively_regulates]-> GO:0035185
GO:0046002 -[is_a]-> GO:0007347
GO:0046002 -[is_a]-> GO:0045977
GO:0046002 -[positively_regulates]-> GO:0035185
GO:0046003 -[is_a]-> GO:0007348
GO:0046003 -[is_a]-> GO:0045976
GO:0046003 -[negatively_regulates]-> GO:0035186
GO:0046004 -[is_a]-> GO:0007348
GO:0046004 -[is_a]-> GO:0045977
GO:0046004 -[positively_regulates]-> GO:0035186
GO:0046005 -[is_a]-> GO:0042320
GO:0046005 -[is_a]-> GO:0045938
GO:0046005 -[positively_regulates]-> GO:0042747
GO:0046006 -[is_a]-> GO:0042129
GO:0046006 -[regulates]-> GO:0050798
GO:0046007 -[is_a]-> GO:0042130
GO:0046007 -[is_a]-> GO:0046006
GO:0046007 -[negatively_regulates]-> GO:0050798
GO:0046008 -[is_a]-> GO:0045924
GO:0046009 -[is_a]-> GO:0045925
GO:0046009 -[is_a]-> GO:0046008
GO:0046010 -[is_a]-> GO:0045188
GO:0046010 -[is_a]-> GO:0045938
GO:0046010 -[positively_regulates]-> GO:0042748
GO:0046011 -[is_a]-> GO:0006417
GO:0046012 -[is_a]-> GO:0045727
GO:0046012 -[is_a]-> GO:0046011
GO:0046013 -[is_a]-> GO:0032844
GO:0046013 -[is_a]-> GO:0042129
GO:0046013 -[regulates]-> GO:0001777
GO:0046014 -[is_a]-> GO:0032845
GO:0046014 -[is_a]-> GO:0042130
GO:0046014 -[is_a]-> GO:0046013
GO:0046014 -[negatively_regulates]-> GO:0001777
GO:0046015 -[is_a]-> GO:0006355
GO:0046016 -[is_a]-> GO:0045991
GO:0046016 -[is_a]-> GO:0046015
GO:0046017 -[is_a]-> GO:0006356
GO:0046017 -[is_a]-> GO:0045896
GO:0046017 -[part_of]-> GO:0007067
GO:0046018 -[is_a]-> GO:0045897
GO:0046018 -[is_a]-> GO:0045943
GO:0046018 -[is_a]-> GO:0046017
GO:0046018 -[part_of]-> GO:0007067
GO:0046019 -[is_a]-> GO:0006357
GO:0046019 -[is_a]-> GO:0009373
GO:0046020 -[is_a]-> GO:0000122
GO:0046020 -[is_a]-> GO:0045996
GO:0046020 -[is_a]-> GO:0046019
GO:0046021 -[is_a]-> GO:0006357
GO:0046021 -[is_a]-> GO:0045896
GO:0046021 -[part_of]-> GO:0007067
GO:0046022 -[is_a]-> GO:0045897
GO:0046022 -[is_a]-> GO:0045944
GO:0046022 -[is_a]-> GO:0046021
GO:0046022 -[part_of]-> GO:0007067
GO:0046023 -[is_a]-> GO:0006359
GO:0046023 -[is_a]-> GO:0045896
GO:0046023 -[part_of]-> GO:0007067
GO:0046024 -[is_a]-> GO:0045897
GO:0046024 -[is_a]-> GO:0045945
GO:0046024 -[is_a]-> GO:0046023
GO:0046024 -[part_of]-> GO:0007067
GO:0046025 -[is_a]-> GO:0008757
GO:0046026 -[is_a]-> GO:0008757
GO:0046027 -[is_a]-> GO:0008080
GO:0046028 -[is_a]-> GO:0009055
GO:0046029 -[is_a]-> GO:0016616
GO:0046029 -[is_a]-> GO:0031320
GO:0046030 -[is_a]-> GO:0052745
GO:0046031 -[is_a]-> GO:0009150
GO:0046031 -[is_a]-> GO:0009167
GO:0046031 -[is_a]-> GO:0009179
GO:0046031 -[is_a]-> GO:0046128
GO:0046032 -[is_a]-> GO:0009154
GO:0046032 -[is_a]-> GO:0009169
GO:0046032 -[is_a]-> GO:0009181
GO:0046032 -[is_a]-> GO:0046031
GO:0046032 -[is_a]-> GO:0046130
GO:0046033 -[is_a]-> GO:0009150
GO:0046033 -[is_a]-> GO:0009167
GO:0046033 -[is_a]-> GO:0046128
GO:0046034 -[is_a]-> GO:0009150
GO:0046034 -[is_a]-> GO:0009167
GO:0046034 -[is_a]-> GO:0009205
GO:0046034 -[is_a]-> GO:0046128
GO:0046035 -[is_a]-> GO:0009173
GO:0046035 -[is_a]-> GO:0009218
GO:0046035 -[is_a]-> GO:0046131
GO:0046036 -[is_a]-> GO:0009208
GO:0046036 -[is_a]-> GO:0009218
GO:0046036 -[is_a]-> GO:0046131
GO:0046037 -[is_a]-> GO:0009150
GO:0046037 -[is_a]-> GO:0009167
GO:0046037 -[is_a]-> GO:1901068
GO:0046038 -[is_a]-> GO:0009154
GO:0046038 -[is_a]-> GO:0009169
GO:0046038 -[is_a]-> GO:0046037
GO:0046038 -[is_a]-> GO:1901069
GO:0046039 -[is_a]-> GO:0009150
GO:0046039 -[is_a]-> GO:0009205
GO:0046039 -[is_a]-> GO:1901068
GO:0046040 -[is_a]-> GO:0009150
GO:0046040 -[is_a]-> GO:0009167
GO:0046041 -[is_a]-> GO:0009150
GO:0046041 -[is_a]-> GO:0009205
GO:0046042 -[is_a]-> GO:0009152
GO:0046042 -[is_a]-> GO:0009206
GO:0046042 -[is_a]-> GO:0046041
GO:0046043 -[is_a]-> GO:0009193
GO:0046043 -[is_a]-> GO:0009218
GO:0046044 -[is_a]-> GO:0009173
GO:0046044 -[is_a]-> GO:0009218
GO:0046045 -[is_a]-> GO:0044712
GO:0046045 -[is_a]-> GO:0046044
GO:0046046 -[is_a]-> GO:0006793
GO:0046046 -[is_a]-> GO:0071704
GO:0046047 -[is_a]-> GO:0046046
GO:0046047 -[is_a]-> GO:1901575
GO:0046048 -[is_a]-> GO:0009193
GO:0046048 -[is_a]-> GO:0009218
GO:0046048 -[is_a]-> GO:0046131
GO:0046049 -[is_a]-> GO:0009173
GO:0046049 -[is_a]-> GO:0009218
GO:0046049 -[is_a]-> GO:0046131
GO:0046050 -[is_a]-> GO:0009175
GO:0046050 -[is_a]-> GO:0009222
GO:0046050 -[is_a]-> GO:0046049
GO:0046050 -[is_a]-> GO:0046133
GO:0046051 -[is_a]-> GO:0009208
GO:0046051 -[is_a]-> GO:0009218
GO:0046051 -[is_a]-> GO:0046131
GO:0046052 -[is_a]-> GO:0009210
GO:0046052 -[is_a]-> GO:0009222
GO:0046052 -[is_a]-> GO:0046051
GO:0046052 -[is_a]-> GO:0046133
GO:0046053 -[is_a]-> GO:0009151
GO:0046053 -[is_a]-> GO:0009170
GO:0046054 -[is_a]-> GO:0009151
GO:0046054 -[is_a]-> GO:0009170
GO:0046055 -[is_a]-> GO:0009155
GO:0046055 -[is_a]-> GO:0009172
GO:0046055 -[is_a]-> GO:0046054
GO:0046056 -[is_a]-> GO:0009151
GO:0046056 -[is_a]-> GO:0009182
GO:0046057 -[is_a]-> GO:0009155
GO:0046057 -[is_a]-> GO:0009184
GO:0046057 -[is_a]-> GO:0046056
GO:0046058 -[is_a]-> GO:0009150
GO:0046058 -[is_a]-> GO:0009187
GO:0046059 -[is_a]-> GO:0009155
GO:0046059 -[is_a]-> GO:0009172
GO:0046059 -[is_a]-> GO:0046053
GO:0046060 -[is_a]-> GO:0009151
GO:0046060 -[is_a]-> GO:0009215
GO:0046061 -[is_a]-> GO:0009155
GO:0046061 -[is_a]-> GO:0009217
GO:0046061 -[is_a]-> GO:0046060
GO:0046062 -[is_a]-> GO:0009196
GO:0046062 -[is_a]-> GO:0009219
GO:0046063 -[is_a]-> GO:0009176
GO:0046063 -[is_a]-> GO:0009219
GO:0046064 -[is_a]-> GO:0009177
GO:0046064 -[is_a]-> GO:0009221
GO:0046064 -[is_a]-> GO:0046063
GO:0046065 -[is_a]-> GO:0009211
GO:0046065 -[is_a]-> GO:0009219
GO:0046066 -[is_a]-> GO:0009151
GO:0046066 -[is_a]-> GO:0009182
GO:0046067 -[is_a]-> GO:0009155
GO:0046067 -[is_a]-> GO:0009184
GO:0046067 -[is_a]-> GO:0046066
GO:0046068 -[is_a]-> GO:0009150
GO:0046068 -[is_a]-> GO:0009187
GO:0046069 -[is_a]-> GO:0009154
GO:0046069 -[is_a]-> GO:0009214
GO:0046069 -[is_a]-> GO:0046068
GO:0046070 -[is_a]-> GO:0009151
GO:0046070 -[is_a]-> GO:0009215
GO:0046071 -[is_a]-> GO:0009153
GO:0046071 -[is_a]-> GO:0009216
GO:0046071 -[is_a]-> GO:0046070
GO:0046072 -[is_a]-> GO:0009196
GO:0046072 -[is_a]-> GO:0009219
GO:0046073 -[is_a]-> GO:0009176
GO:0046073 -[is_a]-> GO:0009219
GO:0046074 -[is_a]-> GO:0009178
GO:0046074 -[is_a]-> GO:0009223
GO:0046074 -[is_a]-> GO:0046073
GO:0046075 -[is_a]-> GO:0009211
GO:0046075 -[is_a]-> GO:0009219
GO:0046076 -[is_a]-> GO:0009213
GO:0046076 -[is_a]-> GO:0009223
GO:0046076 -[is_a]-> GO:0046075
GO:0046077 -[is_a]-> GO:0009196
GO:0046077 -[is_a]-> GO:0009219
GO:0046078 -[is_a]-> GO:0009176
GO:0046078 -[is_a]-> GO:0009219
GO:0046079 -[is_a]-> GO:0009178
GO:0046079 -[is_a]-> GO:0009223
GO:0046079 -[is_a]-> GO:0046078
GO:0046080 -[is_a]-> GO:0009211
GO:0046080 -[is_a]-> GO:0009219
GO:0046081 -[is_a]-> GO:0009213
GO:0046081 -[is_a]-> GO:0009223
GO:0046081 -[is_a]-> GO:0046080
GO:0046082 -[is_a]-> GO:0019857
GO:0046082 -[is_a]-> GO:0072528
GO:0046083 -[is_a]-> GO:0006144
GO:0046084 -[is_a]-> GO:0009113
GO:0046084 -[is_a]-> GO:0046083
GO:0046085 -[is_a]-> GO:0046128
GO:0046086 -[is_a]-> GO:0046085
GO:0046086 -[is_a]-> GO:0046129
GO:0046087 -[is_a]-> GO:0046131
GO:0046088 -[is_a]-> GO:0046087
GO:0046088 -[is_a]-> GO:0046132
GO:0046089 -[is_a]-> GO:0019438
GO:0046089 -[is_a]-> GO:0019856
GO:0046089 -[is_a]-> GO:0019858
GO:0046090 -[is_a]-> GO:0046122
GO:0046091 -[is_a]-> GO:0046090
GO:0046091 -[is_a]-> GO:0046123
GO:0046092 -[is_a]-> GO:0046125
GO:0046093 -[is_a]-> GO:0046092
GO:0046093 -[is_a]-> GO:0046126
GO:0046094 -[is_a]-> GO:0046122
GO:0046095 -[is_a]-> GO:0046094
GO:0046095 -[is_a]-> GO:0046123
GO:0046096 -[is_a]-> GO:0046125
GO:0046097 -[is_a]-> GO:0046096
GO:0046097 -[is_a]-> GO:0046126
GO:0046098 -[is_a]-> GO:0006144
GO:0046099 -[is_a]-> GO:0009113
GO:0046099 -[is_a]-> GO:0046098
GO:0046100 -[is_a]-> GO:0006144
GO:0046101 -[is_a]-> GO:0009113
GO:0046101 -[is_a]-> GO:0046100
GO:0046102 -[is_a]-> GO:0046128
GO:0046103 -[is_a]-> GO:0046102
GO:0046103 -[is_a]-> GO:0046129
GO:0046104 -[is_a]-> GO:0046125
GO:0046105 -[is_a]-> GO:0046104
GO:0046105 -[is_a]-> GO:0046126
GO:0046106 -[is_a]-> GO:0019856
GO:0046106 -[is_a]-> GO:0019859
GO:0046107 -[is_a]-> GO:0019856
GO:0046107 -[is_a]-> GO:0019860
GO:0046108 -[is_a]-> GO:0046131
GO:0046109 -[is_a]-> GO:0046108
GO:0046109 -[is_a]-> GO:0046132
GO:0046110 -[is_a]-> GO:0006144
GO:0046111 -[is_a]-> GO:0009113
GO:0046111 -[is_a]-> GO:0046110
GO:0046112 -[is_a]-> GO:0009112
GO:0046112 -[is_a]-> GO:0018130
GO:0046112 -[is_a]-> GO:0044711
GO:0046112 -[is_a]-> GO:1901362
GO:0046112 -[is_a]-> GO:1901566
GO:0046113 -[is_a]-> GO:0009112
GO:0046113 -[is_a]-> GO:0044712
GO:0046113 -[is_a]-> GO:0046700
GO:0046113 -[is_a]-> GO:1901361
GO:0046113 -[is_a]-> GO:1901565
GO:0046114 -[is_a]-> GO:0008617
GO:0046114 -[is_a]-> GO:1901070
GO:0046115 -[is_a]-> GO:0008617
GO:0046115 -[is_a]-> GO:1901069
GO:0046116 -[is_a]-> GO:0009119
GO:0046117 -[is_a]-> GO:0042454
GO:0046117 -[is_a]-> GO:0046116
GO:0046118 -[is_a]-> GO:0008618
GO:0046118 -[is_a]-> GO:1901070
GO:0046119 -[is_a]-> GO:0008618
GO:0046119 -[is_a]-> GO:1901069
GO:0046120 -[is_a]-> GO:0009120
GO:0046120 -[is_a]-> GO:0009163
GO:0046121 -[is_a]-> GO:0009120
GO:0046121 -[is_a]-> GO:0009164
GO:0046122 -[is_a]-> GO:0009120
GO:0046122 -[is_a]-> GO:0042278
GO:0046123 -[is_a]-> GO:0042451
GO:0046123 -[is_a]-> GO:0046120
GO:0046123 -[is_a]-> GO:0046122
GO:0046124 -[is_a]-> GO:0006152
GO:0046124 -[is_a]-> GO:0046121
GO:0046124 -[is_a]-> GO:0046122
GO:0046125 -[is_a]-> GO:0006213
GO:0046125 -[is_a]-> GO:0009120
GO:0046126 -[is_a]-> GO:0046120
GO:0046126 -[is_a]-> GO:0046125
GO:0046126 -[is_a]-> GO:0046134
GO:0046127 -[is_a]-> GO:0046121
GO:0046127 -[is_a]-> GO:0046125
GO:0046127 -[is_a]-> GO:0046135
GO:0046128 -[is_a]-> GO:0009119
GO:0046128 -[is_a]-> GO:0042278
GO:0046129 -[is_a]-> GO:0042451
GO:0046129 -[is_a]-> GO:0042455
GO:0046129 -[is_a]-> GO:0046128
GO:0046130 -[is_a]-> GO:0006152
GO:0046130 -[is_a]-> GO:0042454
GO:0046130 -[is_a]-> GO:0046128
GO:0046131 -[is_a]-> GO:0006213
GO:0046131 -[is_a]-> GO:0009119
GO:0046132 -[is_a]-> GO:0042455
GO:0046132 -[is_a]-> GO:0046131
GO:0046132 -[is_a]-> GO:0046134
GO:0046133 -[is_a]-> GO:0042454
GO:0046133 -[is_a]-> GO:0046131
GO:0046133 -[is_a]-> GO:0046135
GO:0046134 -[is_a]-> GO:0006213
GO:0046134 -[is_a]-> GO:0009163
GO:0046134 -[is_a]-> GO:0072528
GO:0046135 -[is_a]-> GO:0006213
GO:0046135 -[is_a]-> GO:0009164
GO:0046135 -[is_a]-> GO:0072529
GO:0046136 -[is_a]-> GO:0009893
GO:0046136 -[is_a]-> GO:0030656
GO:0046136 -[positively_regulates]-> GO:0006766
GO:0046137 -[is_a]-> GO:0009892
GO:0046137 -[is_a]-> GO:0030656
GO:0046137 -[negatively_regulates]-> GO:0006766
GO:0046140 -[is_a]-> GO:0015009
GO:0046140 -[is_a]-> GO:0033014
GO:0046140 -[is_a]-> GO:0051188
GO:0046141 -[is_a]-> GO:0015009
GO:0046141 -[is_a]-> GO:0033015
GO:0046141 -[is_a]-> GO:0051187
GO:0046144 -[is_a]-> GO:0006522
GO:0046145 -[is_a]-> GO:0006523
GO:0046145 -[is_a]-> GO:0046144
GO:0046146 -[is_a]-> GO:0006732
GO:0046146 -[is_a]-> GO:0042558
GO:0046147 -[is_a]-> GO:0009109
GO:0046147 -[is_a]-> GO:0042560
GO:0046147 -[is_a]-> GO:0046146
GO:0046148 -[is_a]-> GO:0042440
GO:0046149 -[is_a]-> GO:0042440
GO:0046150 -[is_a]-> GO:0006582
GO:0046150 -[is_a]-> GO:0019336
GO:0046150 -[is_a]-> GO:0044712
GO:0046150 -[is_a]-> GO:0046149
GO:0046151 -[is_a]-> GO:0042441
GO:0046151 -[is_a]-> GO:0046149
GO:0046152 -[is_a]-> GO:0006725
GO:0046152 -[is_a]-> GO:0042441
GO:0046152 -[is_a]-> GO:0044763
GO:0046152 -[is_a]-> GO:0046158
GO:0046152 -[is_a]-> GO:0046483
GO:0046152 -[is_a]-> GO:1901360
GO:0046153 -[is_a]-> GO:0019439
GO:0046153 -[is_a]-> GO:0044712
GO:0046153 -[is_a]-> GO:0046151
GO:0046153 -[is_a]-> GO:0046152
GO:0046153 -[is_a]-> GO:0046159
GO:0046153 -[is_a]-> GO:0046700
GO:0046153 -[is_a]-> GO:1901361
GO:0046154 -[is_a]-> GO:0042441
GO:0046154 -[is_a]-> GO:0044267
GO:0046154 -[is_a]-> GO:0044763
GO:0046155 -[is_a]-> GO:0044257
GO:0046155 -[is_a]-> GO:0044712
GO:0046155 -[is_a]-> GO:0046151
GO:0046155 -[is_a]-> GO:0046154
GO:0046156 -[is_a]-> GO:0042168
GO:0046157 -[is_a]-> GO:0042167
GO:0046157 -[is_a]-> GO:0046156
GO:0046158 -[is_a]-> GO:0019748
GO:0046158 -[is_a]-> GO:0043474
GO:0046158 -[part_of]-> GO:0033060
GO:0046159 -[is_a]-> GO:0046149
GO:0046159 -[is_a]-> GO:0046158
GO:0046160 -[is_a]-> GO:0042168
GO:0046161 -[is_a]-> GO:0042167
GO:0046161 -[is_a]-> GO:0046160
GO:0046162 -[is_a]-> GO:0042168
GO:0046163 -[is_a]-> GO:0042167
GO:0046163 -[is_a]-> GO:0046162
GO:0046164 -[is_a]-> GO:0006066
GO:0046164 -[is_a]-> GO:0044282
GO:0046164 -[is_a]-> GO:1901616
GO:0046165 -[is_a]-> GO:0006066
GO:0046165 -[is_a]-> GO:0044283
GO:0046165 -[is_a]-> GO:1901617
GO:0046166 -[is_a]-> GO:0019682
GO:0046166 -[is_a]-> GO:0046184
GO:0046166 -[is_a]-> GO:0090407
GO:0046166 -[is_a]-> GO:1901137
GO:0046167 -[is_a]-> GO:0006072
GO:0046167 -[is_a]-> GO:0090407
GO:0046167 -[is_a]-> GO:1901137
GO:0046168 -[is_a]-> GO:0006072
GO:0046168 -[is_a]-> GO:0046434
GO:0046168 -[is_a]-> GO:1901136
GO:0046169 -[is_a]-> GO:0015945
GO:0046169 -[is_a]-> GO:0034309
GO:0046170 -[is_a]-> GO:0015945
GO:0046170 -[is_a]-> GO:0034310
GO:0046171 -[is_a]-> GO:0006070
GO:0046171 -[is_a]-> GO:0034309
GO:0046171 -[is_a]-> GO:1903175
GO:0046172 -[is_a]-> GO:0006070
GO:0046172 -[is_a]-> GO:0034310
GO:0046172 -[is_a]-> GO:1903174
GO:0046173 -[is_a]-> GO:0019751
GO:0046173 -[is_a]-> GO:0046165
GO:0046174 -[is_a]-> GO:0019751
GO:0046174 -[is_a]-> GO:0046164
GO:0046175 -[is_a]-> GO:0019520
GO:0046175 -[is_a]-> GO:0034637
GO:0046175 -[is_a]-> GO:0072330
GO:0046176 -[is_a]-> GO:0019520
GO:0046176 -[is_a]-> GO:0044275
GO:0046176 -[is_a]-> GO:0044724
GO:0046176 -[is_a]-> GO:0072329
GO:0046177 -[is_a]-> GO:0019521
GO:0046177 -[is_a]-> GO:0046176
GO:0046178 -[is_a]-> GO:0019521
GO:0046178 -[is_a]-> GO:0046175
GO:0046179 -[is_a]-> GO:0019525
GO:0046179 -[is_a]-> GO:0046180
GO:0046180 -[is_a]-> GO:0019522
GO:0046180 -[is_a]-> GO:0046175
GO:0046181 -[is_a]-> GO:0019522
GO:0046181 -[is_a]-> GO:0046176
GO:0046182 -[is_a]-> GO:0019523
GO:0046182 -[is_a]-> GO:0046175
GO:0046183 -[is_a]-> GO:0019523
GO:0046183 -[is_a]-> GO:0046176
GO:0046184 -[is_a]-> GO:0006081
GO:0046184 -[is_a]-> GO:0044249
GO:0046184 -[is_a]-> GO:0044711
GO:0046184 -[is_a]-> GO:1901576
GO:0046185 -[is_a]-> GO:0006081
GO:0046185 -[is_a]-> GO:0044248
GO:0046185 -[is_a]-> GO:0044712
GO:0046185 -[is_a]-> GO:1901575
GO:0046186 -[is_a]-> GO:0006117
GO:0046186 -[is_a]-> GO:0046184
GO:0046187 -[is_a]-> GO:0006117
GO:0046187 -[is_a]-> GO:0046185
GO:0046188 -[is_a]-> GO:0015947
GO:0046188 -[is_a]-> GO:0043448
GO:0046189 -[is_a]-> GO:0018958
GO:0046189 -[is_a]-> GO:0019438
GO:0046189 -[is_a]-> GO:1901362
GO:0046189 -[is_a]-> GO:1901617
GO:0046190 -[is_a]-> GO:0018959
GO:0046190 -[is_a]-> GO:0046189
GO:0046191 -[is_a]-> GO:0018959
GO:0046191 -[is_a]-> GO:0019336
GO:0046192 -[is_a]-> GO:0042215
GO:0046192 -[is_a]-> GO:0046189
GO:0046193 -[is_a]-> GO:0019336
GO:0046193 -[is_a]-> GO:0042215
GO:0046196 -[is_a]-> GO:0018960
GO:0046196 -[is_a]-> GO:0019336
GO:0046196 -[is_a]-> GO:0042178
GO:0046197 -[is_a]-> GO:0018940
GO:0046197 -[is_a]-> GO:0044550
GO:0046197 -[is_a]-> GO:0046189
GO:0046199 -[is_a]-> GO:0019336
GO:0046199 -[is_a]-> GO:0042178
GO:0046199 -[is_a]-> GO:0042212
GO:0046199 -[is_a]-> GO:0072491
GO:0046201 -[is_a]-> GO:0009439
GO:0046201 -[is_a]-> GO:0044271
GO:0046201 -[is_a]-> GO:0044711
GO:0046201 -[is_a]-> GO:1901566
GO:0046202 -[is_a]-> GO:0019499
GO:0046202 -[is_a]-> GO:0044271
GO:0046202 -[is_a]-> GO:0044711
GO:0046203 -[is_a]-> GO:0006598
GO:0046203 -[is_a]-> GO:0008216
GO:0046204 -[is_a]-> GO:0006595
GO:0046205 -[is_a]-> GO:0006598
GO:0046205 -[is_a]-> GO:0046204
GO:0046206 -[is_a]-> GO:1901685
GO:0046207 -[is_a]-> GO:0046206
GO:0046207 -[is_a]-> GO:1901686
GO:0046208 -[is_a]-> GO:0006598
GO:0046208 -[is_a]-> GO:0008215
GO:0046209 -[is_a]-> GO:0072593
GO:0046209 -[is_a]-> GO:2001057
GO:0046210 -[is_a]-> GO:0044270
GO:0046210 -[is_a]-> GO:0046209
GO:0046211 -[is_a]-> GO:0016099
GO:0046211 -[is_a]-> GO:0018882
GO:0046211 -[is_a]-> GO:0042181
GO:0046213 -[is_a]-> GO:0018928
GO:0046213 -[is_a]-> GO:0042178
GO:0046213 -[is_a]-> GO:0042182
GO:0046214 -[is_a]-> GO:0009238
GO:0046214 -[is_a]-> GO:0019614
GO:0046214 -[is_a]-> GO:0046215
GO:0046214 -[is_a]-> GO:0046700
GO:0046215 -[is_a]-> GO:0009237
GO:0046215 -[is_a]-> GO:0051187
GO:0046215 -[is_a]-> GO:0090487
GO:0046216 -[is_a]-> GO:0042436
GO:0046216 -[is_a]-> GO:0046217
GO:0046216 -[is_a]-> GO:0052316
GO:0046217 -[is_a]-> GO:0042430
GO:0046217 -[is_a]-> GO:0052314
GO:0046218 -[is_a]-> GO:0006586
GO:0046218 -[is_a]-> GO:0042402
GO:0046218 -[is_a]-> GO:0042436
GO:0046219 -[is_a]-> GO:0006586
GO:0046219 -[is_a]-> GO:0042401
GO:0046219 -[is_a]-> GO:0042435
GO:0046220 -[is_a]-> GO:0019438
GO:0046220 -[is_a]-> GO:0019507
GO:0046220 -[is_a]-> GO:0072525
GO:0046221 -[is_a]-> GO:0019439
GO:0046221 -[is_a]-> GO:0019507
GO:0046221 -[is_a]-> GO:0072526
GO:0046222 -[is_a]-> GO:0043385
GO:0046222 -[is_a]-> GO:1901376
GO:0046223 -[is_a]-> GO:0043387
GO:0046223 -[is_a]-> GO:0046222
GO:0046223 -[is_a]-> GO:1901377
GO:0046224 -[is_a]-> GO:0009404
GO:0046224 -[is_a]-> GO:0030650
GO:0046225 -[is_a]-> GO:0009407
GO:0046225 -[is_a]-> GO:0030652
GO:0046225 -[is_a]-> GO:0046224
GO:0046226 -[is_a]-> GO:0009804
GO:0046226 -[is_a]-> GO:0046271
GO:0046226 -[is_a]-> GO:0046700
GO:0046228 -[is_a]-> GO:0018980
GO:0046228 -[is_a]-> GO:0072329
GO:0046230 -[is_a]-> GO:0009310
GO:0046230 -[is_a]-> GO:0018868
GO:0046230 -[is_a]-> GO:0019439
GO:0046230 -[is_a]-> GO:0042178
GO:0046230 -[is_a]-> GO:0044712
GO:0046230 -[is_a]-> GO:1901361
GO:0046232 -[is_a]-> GO:0018884
GO:0046232 -[is_a]-> GO:0019439
GO:0046232 -[is_a]-> GO:0042178
GO:0046232 -[is_a]-> GO:0044270
GO:0046232 -[is_a]-> GO:0046700
GO:0046232 -[is_a]-> GO:1901361
GO:0046232 -[is_a]-> GO:1901565
GO:0046235 -[is_a]-> GO:0018918
GO:0046235 -[is_a]-> GO:0072330
GO:0046236 -[is_a]-> GO:0018924
GO:0046236 -[is_a]-> GO:0072330
GO:0046239 -[is_a]-> GO:0018963
GO:0046239 -[is_a]-> GO:0019439
GO:0046239 -[is_a]-> GO:0042178
GO:0046239 -[is_a]-> GO:0043649
GO:0046239 -[is_a]-> GO:1901361
GO:0046244 -[is_a]-> GO:0009696
GO:0046244 -[is_a]-> GO:0072329
GO:0046246 -[is_a]-> GO:0008299
GO:0046246 -[is_a]-> GO:0042214
GO:0046247 -[is_a]-> GO:0008300
GO:0046247 -[is_a]-> GO:0042214
GO:0046248 -[is_a]-> GO:0018867
GO:0046248 -[is_a]-> GO:0043693
GO:0046249 -[is_a]-> GO:0018867
GO:0046249 -[is_a]-> GO:0033074
GO:0046250 -[is_a]-> GO:0018923
GO:0046250 -[is_a]-> GO:0043693
GO:0046251 -[is_a]-> GO:0018923
GO:0046251 -[is_a]-> GO:0043694
GO:0046252 -[is_a]-> GO:0018970
GO:0046252 -[is_a]-> GO:0019438
GO:0046252 -[is_a]-> GO:1901362
GO:0046253 -[is_a]-> GO:0018971
GO:0046253 -[is_a]-> GO:0046252
GO:0046254 -[is_a]-> GO:0042203
GO:0046256 -[is_a]-> GO:0018974
GO:0046256 -[is_a]-> GO:0046260
GO:0046258 -[is_a]-> GO:0018975
GO:0046258 -[is_a]-> GO:0046256
GO:0046260 -[is_a]-> GO:0018973
GO:0046260 -[is_a]-> GO:0046263
GO:0046263 -[is_a]-> GO:0019326
GO:0046263 -[is_a]-> GO:0072491
GO:0046265 -[is_a]-> GO:0018969
GO:0046265 -[is_a]-> GO:0042178
GO:0046265 -[is_a]-> GO:0044273
GO:0046265 -[is_a]-> GO:0044282
GO:0046267 -[is_a]-> GO:0018981
GO:0046267 -[is_a]-> GO:0042178
GO:0046267 -[is_a]-> GO:0046174
GO:0046267 -[is_a]-> GO:1901565
GO:0046269 -[is_a]-> GO:0018972
GO:0046269 -[is_a]-> GO:0044282
GO:0046269 -[is_a]-> GO:1901575
GO:0046271 -[is_a]-> GO:0009698
GO:0046271 -[is_a]-> GO:0019439
GO:0046271 -[is_a]-> GO:0044712
GO:0046271 -[is_a]-> GO:1901361
GO:0046272 -[is_a]-> GO:0009810
GO:0046272 -[is_a]-> GO:0019439
GO:0046272 -[is_a]-> GO:1901361
GO:0046273 -[is_a]-> GO:0009806
GO:0046273 -[is_a]-> GO:0046271
GO:0046274 -[is_a]-> GO:0009808
GO:0046274 -[is_a]-> GO:0046271
GO:0046275 -[is_a]-> GO:0009812
GO:0046275 -[is_a]-> GO:1901575
GO:0046276 -[is_a]-> GO:0019489
GO:0046276 -[is_a]-> GO:0072329
GO:0046277 -[is_a]-> GO:0019489
GO:0046277 -[is_a]-> GO:0072330
GO:0046278 -[is_a]-> GO:0032787
GO:0046279 -[is_a]-> GO:0046278
GO:0046279 -[is_a]-> GO:0072330
GO:0046280 -[is_a]-> GO:0009714
GO:0046280 -[is_a]-> GO:0042182
GO:0046280 -[is_a]-> GO:0046271
GO:0046281 -[is_a]-> GO:0009803
GO:0046281 -[is_a]-> GO:0046271
GO:0046281 -[is_a]-> GO:0072329
GO:0046282 -[is_a]-> GO:0009801
GO:0046282 -[is_a]-> GO:0046271
GO:0046283 -[is_a]-> GO:0009812
GO:0046283 -[is_a]-> GO:0042440
GO:0046284 -[is_a]-> GO:0016139
GO:0046284 -[is_a]-> GO:0046149
GO:0046284 -[is_a]-> GO:0046275
GO:0046284 -[is_a]-> GO:0046283
GO:0046285 -[is_a]-> GO:0009812
GO:0046286 -[is_a]-> GO:0046275
GO:0046286 -[is_a]-> GO:0046285
GO:0046286 -[is_a]-> GO:0052316
GO:0046287 -[is_a]-> GO:0009698
GO:0046287 -[is_a]-> GO:0046483
GO:0046288 -[is_a]-> GO:0046271
GO:0046288 -[is_a]-> GO:0046287
GO:0046288 -[is_a]-> GO:0046700
GO:0046289 -[is_a]-> GO:0046287
GO:0046289 -[is_a]-> GO:0052314
GO:0046290 -[is_a]-> GO:0046288
GO:0046290 -[is_a]-> GO:0046289
GO:0046290 -[is_a]-> GO:0052316
GO:0046292 -[is_a]-> GO:0006081
GO:0046292 -[is_a]-> GO:0044281
GO:0046293 -[is_a]-> GO:0044283
GO:0046293 -[is_a]-> GO:0046184
GO:0046293 -[is_a]-> GO:0046292
GO:0046294 -[is_a]-> GO:0044282
GO:0046294 -[is_a]-> GO:0046185
GO:0046294 -[is_a]-> GO:0046292
GO:0046295 -[is_a]-> GO:0009441
GO:0046295 -[is_a]-> GO:0072330
GO:0046296 -[is_a]-> GO:0009441
GO:0046296 -[is_a]-> GO:0072329
GO:0046298 -[is_a]-> GO:0018898
GO:0046298 -[is_a]-> GO:0072329
GO:0046300 -[is_a]-> GO:0018901
GO:0046300 -[is_a]-> GO:0072329
GO:0046302 -[is_a]-> GO:0018889
GO:0046302 -[is_a]-> GO:0019439
GO:0046302 -[is_a]-> GO:1901361
GO:0046302 -[is_a]-> GO:1901565
GO:0046304 -[is_a]-> GO:0018938
GO:0046304 -[is_a]-> GO:0042178
GO:0046304 -[is_a]-> GO:0044270
GO:0046305 -[is_a]-> GO:0019694
GO:0046305 -[is_a]-> GO:0044711
GO:0046305 -[is_a]-> GO:1901576
GO:0046306 -[is_a]-> GO:0019694
GO:0046306 -[is_a]-> GO:0044712
GO:0046306 -[is_a]-> GO:1901575
GO:0046307 -[is_a]-> GO:0018983
GO:0046307 -[is_a]-> GO:1901576
GO:0046308 -[is_a]-> GO:0018983
GO:0046308 -[is_a]-> GO:1901575
GO:0046309 -[is_a]-> GO:0018902
GO:0046309 -[is_a]-> GO:0044108
GO:0046309 -[is_a]-> GO:1902653
GO:0046310 -[is_a]-> GO:0018902
GO:0046310 -[is_a]-> GO:0042178
GO:0046310 -[is_a]-> GO:0044109
GO:0046311 -[is_a]-> GO:0030329
GO:0046311 -[is_a]-> GO:0042398
GO:0046312 -[is_a]-> GO:0006604
GO:0046312 -[is_a]-> GO:0042396
GO:0046312 -[is_a]-> GO:1901607
GO:0046313 -[is_a]-> GO:0006604
GO:0046313 -[is_a]-> GO:0042397
GO:0046313 -[is_a]-> GO:1901606
GO:0046314 -[is_a]-> GO:0006603
GO:0046314 -[is_a]-> GO:0042396
GO:0046315 -[is_a]-> GO:0006603
GO:0046315 -[is_a]-> GO:0042397
GO:0046316 -[is_a]-> GO:0016301
GO:0046316 -[is_a]-> GO:0016773
GO:0046317 -[is_a]-> GO:2000303
GO:0046317 -[regulates]-> GO:0006679
GO:0046318 -[is_a]-> GO:0046317
GO:0046318 -[is_a]-> GO:1900060
GO:0046318 -[negatively_regulates]-> GO:0006679
GO:0046319 -[is_a]-> GO:0046317
GO:0046319 -[is_a]-> GO:2000304
GO:0046319 -[positively_regulates]-> GO:0006679
GO:0046320 -[is_a]-> GO:0019217
GO:0046320 -[regulates]-> GO:0019395
GO:0046321 -[is_a]-> GO:0045923
GO:0046321 -[is_a]-> GO:0046320
GO:0046321 -[positively_regulates]-> GO:0019395
GO:0046322 -[is_a]-> GO:0045922
GO:0046322 -[is_a]-> GO:0046320
GO:0046322 -[negatively_regulates]-> GO:0019395
GO:0046323 -[is_a]-> GO:0015758
GO:0046324 -[is_a]-> GO:0010827
GO:0046324 -[regulates]-> GO:0046323
GO:0046325 -[is_a]-> GO:0010829
GO:0046325 -[is_a]-> GO:0046324
GO:0046325 -[negatively_regulates]-> GO:0046323
GO:0046326 -[is_a]-> GO:0010828
GO:0046326 -[is_a]-> GO:0046324
GO:0046326 -[positively_regulates]-> GO:0046323
GO:0046327 -[is_a]-> GO:0006090
GO:0046327 -[is_a]-> GO:0006114
GO:0046327 -[part_of]-> GO:0019432
GO:0046328 -[is_a]-> GO:0032872
GO:0046328 -[regulates]-> GO:0007254
GO:0046329 -[is_a]-> GO:0032873
GO:0046329 -[is_a]-> GO:0046328
GO:0046329 -[negatively_regulates]-> GO:0007254
GO:0046330 -[is_a]-> GO:0032874
GO:0046330 -[is_a]-> GO:0046328
GO:0046330 -[positively_regulates]-> GO:0007254
GO:0046331 -[is_a]-> GO:0045168
GO:0046332 -[is_a]-> GO:0005515
GO:0046333 -[is_a]-> GO:0018958
GO:0046333 -[is_a]-> GO:0042133
GO:0046333 -[is_a]-> GO:0042439
GO:0046334 -[is_a]-> GO:0019336
GO:0046334 -[is_a]-> GO:0042135
GO:0046334 -[is_a]-> GO:0042402
GO:0046334 -[is_a]-> GO:0046164
GO:0046334 -[is_a]-> GO:0046333
GO:0046335 -[is_a]-> GO:0006580
GO:0046335 -[is_a]-> GO:0034309
GO:0046335 -[is_a]-> GO:0042401
GO:0046335 -[is_a]-> GO:1901162
GO:0046336 -[is_a]-> GO:0006580
GO:0046336 -[is_a]-> GO:0034310
GO:0046336 -[is_a]-> GO:0042402
GO:0046336 -[is_a]-> GO:1901161
GO:0046337 -[is_a]-> GO:0006650
GO:0046338 -[is_a]-> GO:0046337
GO:0046338 -[is_a]-> GO:0046475
GO:0046339 -[is_a]-> GO:0006639
GO:0046340 -[is_a]-> GO:0046339
GO:0046340 -[is_a]-> GO:0046464
GO:0046341 -[is_a]-> GO:0006650
GO:0046342 -[is_a]-> GO:0046341
GO:0046342 -[is_a]-> GO:0046475
GO:0046343 -[is_a]-> GO:0019751
GO:0046343 -[is_a]-> GO:0030647
GO:0046344 -[is_a]-> GO:0006706
GO:0046344 -[is_a]-> GO:0042182
GO:0046344 -[is_a]-> GO:0042447
GO:0046344 -[is_a]-> GO:0045455
GO:0046345 -[is_a]-> GO:0009687
GO:0046345 -[is_a]-> GO:0072329
GO:0046346 -[is_a]-> GO:0006050
GO:0046346 -[is_a]-> GO:0046348
GO:0046347 -[is_a]-> GO:0006050
GO:0046347 -[is_a]-> GO:0046349
GO:0046348 -[is_a]-> GO:0006040
GO:0046348 -[is_a]-> GO:1901136
GO:0046349 -[is_a]-> GO:0006040
GO:0046349 -[is_a]-> GO:1901137
GO:0046350 -[is_a]-> GO:0030203
GO:0046351 -[is_a]-> GO:0005984
GO:0046351 -[is_a]-> GO:0009312
GO:0046351 -[is_a]-> GO:0034637
GO:0046352 -[is_a]-> GO:0005984
GO:0046352 -[is_a]-> GO:0009313
GO:0046352 -[is_a]-> GO:0044275
GO:0046353 -[is_a]-> GO:0034069
GO:0046354 -[is_a]-> GO:0010412
GO:0046354 -[is_a]-> GO:0033692
GO:0046355 -[is_a]-> GO:0010412
GO:0046355 -[is_a]-> GO:0016998
GO:0046355 -[is_a]-> GO:0044247
GO:0046356 -[is_a]-> GO:0006084
GO:0046356 -[is_a]-> GO:0009109
GO:0046356 -[is_a]-> GO:0044273
GO:0046356 -[is_a]-> GO:1901575
GO:0046357 -[is_a]-> GO:0019578
GO:0046357 -[is_a]-> GO:0019580
GO:0046358 -[is_a]-> GO:0019605
GO:0046358 -[is_a]-> GO:0051790
GO:0046359 -[is_a]-> GO:0019605
GO:0046359 -[is_a]-> GO:0019626
GO:0046360 -[is_a]-> GO:0046361
GO:0046360 -[is_a]-> GO:0051790
GO:0046361 -[is_a]-> GO:0046459
GO:0046362 -[is_a]-> GO:0019349
GO:0046362 -[is_a]-> GO:0019526
GO:0046363 -[is_a]-> GO:0019349
GO:0046363 -[is_a]-> GO:0019527
GO:0046364 -[is_a]-> GO:0005996
GO:0046364 -[is_a]-> GO:0016051
GO:0046364 -[is_a]-> GO:0044283
GO:0046365 -[is_a]-> GO:0005996
GO:0046365 -[is_a]-> GO:0044282
GO:0046365 -[is_a]-> GO:0044724
GO:0046366 -[is_a]-> GO:0019313
GO:0046366 -[is_a]-> GO:0019319
GO:0046367 -[is_a]-> GO:0019313
GO:0046367 -[is_a]-> GO:0019320
GO:0046368 -[is_a]-> GO:0009225
GO:0046369 -[is_a]-> GO:0006012
GO:0046369 -[is_a]-> GO:0019319
GO:0046370 -[is_a]-> GO:0006000
GO:0046370 -[is_a]-> GO:0019319
GO:0046371 -[is_a]-> GO:0009225
GO:0046372 -[is_a]-> GO:0019566
GO:0046373 -[is_a]-> GO:0019566
GO:0046374 -[is_a]-> GO:0043170
GO:0046374 -[is_a]-> GO:1901135
GO:0046375 -[is_a]-> GO:0044264
GO:0046375 -[is_a]-> GO:1901135
GO:0046376 -[is_a]-> GO:0006139
GO:0046376 -[is_a]-> GO:0006644
GO:0046376 -[is_a]-> GO:0006664
GO:0046376 -[is_a]-> GO:0006721
GO:0046377 -[is_a]-> GO:0044264
GO:0046377 -[is_a]-> GO:1901135
GO:0046378 -[is_a]-> GO:0044264
GO:0046378 -[is_a]-> GO:1901135
GO:0046379 -[is_a]-> GO:0044264
GO:0046380 -[is_a]-> GO:0006054
GO:0046380 -[is_a]-> GO:0046394
GO:0046381 -[is_a]-> GO:0009225
GO:0046382 -[is_a]-> GO:0009225
GO:0046383 -[is_a]-> GO:0009225
GO:0046384 -[is_a]-> GO:0019692
GO:0046385 -[is_a]-> GO:0019692
GO:0046385 -[is_a]-> GO:0090407
GO:0046385 -[is_a]-> GO:1901137
GO:0046386 -[is_a]-> GO:0019692
GO:0046386 -[is_a]-> GO:0046434
GO:0046386 -[is_a]-> GO:1901136
GO:0046387 -[is_a]-> GO:0019692
GO:0046389 -[is_a]-> GO:0019692
GO:0046390 -[is_a]-> GO:0019693
GO:0046390 -[is_a]-> GO:0090407
GO:0046390 -[is_a]-> GO:1901137
GO:0046391 -[is_a]-> GO:0019693
GO:0046392 -[is_a]-> GO:0019579
GO:0046392 -[is_a]-> GO:0019580
GO:0046394 -[is_a]-> GO:0016053
GO:0046394 -[is_a]-> GO:0019752
GO:0046395 -[is_a]-> GO:0016054
GO:0046395 -[is_a]-> GO:0019752
GO:0046396 -[is_a]-> GO:0019586
GO:0046397 -[is_a]-> GO:0019586
GO:0046397 -[is_a]-> GO:0072329
GO:0046398 -[is_a]-> GO:0009225
GO:0046399 -[is_a]-> GO:0019585
GO:0046399 -[is_a]-> GO:0072330
GO:0046400 -[is_a]-> GO:0019752
GO:0046401 -[is_a]-> GO:0009311
GO:0046401 -[part_of]-> GO:0008653
GO:0046402 -[is_a]-> GO:0044264
GO:0046403 -[is_a]-> GO:0098518
GO:0046403 -[part_of]-> GO:0098506
GO:0046404 -[is_a]-> GO:0051733
GO:0046404 -[is_a]-> GO:0051734
GO:0046405 -[is_a]-> GO:0016836
GO:0046405 -[is_a]-> GO:0070283
GO:0046406 -[is_a]-> GO:0008171
GO:0046406 -[is_a]-> GO:0008757
GO:0046408 -[is_a]-> GO:0004659
GO:0046409 -[is_a]-> GO:0004497
GO:0046411 -[is_a]-> GO:0015718
GO:0046412 -[is_a]-> GO:0018941
GO:0046412 -[is_a]-> GO:0042537
GO:0046413 -[is_a]-> GO:0018941
GO:0046413 -[is_a]-> GO:0044248
GO:0046413 -[is_a]-> GO:1901575
GO:0046414 -[is_a]-> GO:0018941
GO:0046414 -[is_a]-> GO:0044249
GO:0046414 -[is_a]-> GO:1901576
GO:0046415 -[is_a]-> GO:0006082
GO:0046416 -[is_a]-> GO:0006520
GO:0046417 -[is_a]-> GO:0043648
GO:0046418 -[is_a]-> GO:0006082
GO:0046418 -[is_a]-> GO:0006575
GO:0046419 -[is_a]-> GO:0006082
GO:0046419 -[is_a]-> GO:0006575
GO:0046421 -[is_a]-> GO:0016833
GO:0046422 -[is_a]-> GO:0016491
GO:0046423 -[is_a]-> GO:0009975
GO:0046423 -[is_a]-> GO:0016860
GO:0046424 -[is_a]-> GO:0004497
GO:0046424 -[is_a]-> GO:0016651
GO:0046425 -[is_a]-> GO:1904892
GO:0046425 -[regulates]-> GO:0007259
GO:0046426 -[is_a]-> GO:0046425
GO:0046426 -[is_a]-> GO:1904893
GO:0046426 -[negatively_regulates]-> GO:0007259
GO:0046427 -[is_a]-> GO:0046425
GO:0046427 -[is_a]-> GO:1904894
GO:0046427 -[positively_regulates]-> GO:0007259
GO:0046428 -[is_a]-> GO:0002094
GO:0046429 -[is_a]-> GO:0052592
GO:0046430 -[is_a]-> GO:0006006
GO:0046431 -[is_a]-> GO:0018958
GO:0046431 -[is_a]-> GO:0032787
GO:0046432 -[is_a]-> GO:0006732
GO:0046432 -[is_a]-> GO:0009150
GO:0046432 -[is_a]-> GO:0009167
GO:0046432 -[is_a]-> GO:0046128
GO:0046433 -[is_a]-> GO:0006793
GO:0046433 -[is_a]-> GO:1901160
GO:0046434 -[is_a]-> GO:0019637
GO:0046434 -[is_a]-> GO:1901575
GO:0046435 -[is_a]-> GO:0006066
GO:0046435 -[is_a]-> GO:0006725
GO:0046435 -[is_a]-> GO:0032787
GO:0046435 -[is_a]-> GO:1901360
GO:0046436 -[is_a]-> GO:0046144
GO:0046437 -[is_a]-> GO:0008652
GO:0046437 -[is_a]-> GO:0046416
GO:0046438 -[is_a]-> GO:0000096
GO:0046438 -[is_a]-> GO:1901605
GO:0046439 -[is_a]-> GO:0006520
GO:0046440 -[is_a]-> GO:0006553
GO:0046441 -[is_a]-> GO:0006553
GO:0046442 -[is_a]-> GO:1901564
GO:0046443 -[is_a]-> GO:0072387
GO:0046444 -[is_a]-> GO:0006732
GO:0046444 -[is_a]-> GO:0009161
GO:0046444 -[is_a]-> GO:0009259
GO:0046444 -[is_a]-> GO:0042726
GO:0046445 -[is_a]-> GO:0033076
GO:0046446 -[is_a]-> GO:0009820
GO:0046446 -[is_a]-> GO:0072521
GO:0046447 -[is_a]-> GO:0035834
GO:0046448 -[is_a]-> GO:0009820
GO:0046448 -[is_a]-> GO:0046483
GO:0046448 -[is_a]-> GO:1901360
GO:0046449 -[is_a]-> GO:0072338
GO:0046449 -[is_a]-> GO:1901360
GO:0046449 -[is_a]-> GO:1901564
GO:0046450 -[is_a]-> GO:0032787
GO:0046451 -[is_a]-> GO:0043648
GO:0046452 -[is_a]-> GO:0006760
GO:0046453 -[is_a]-> GO:0046483
GO:0046453 -[is_a]-> GO:1901360
GO:0046453 -[is_a]-> GO:1901564
GO:0046454 -[is_a]-> GO:0018945
GO:0046454 -[is_a]-> GO:0044281
GO:0046454 -[is_a]-> GO:0044763
GO:0046455 -[is_a]-> GO:0018945
GO:0046455 -[is_a]-> GO:0042178
GO:0046455 -[is_a]-> GO:1901575
GO:0046456 -[is_a]-> GO:0006690
GO:0046456 -[is_a]-> GO:0046394
GO:0046457 -[is_a]-> GO:0006636
GO:0046457 -[is_a]-> GO:0006692
GO:0046457 -[is_a]-> GO:0046456
GO:0046458 -[is_a]-> GO:0006081
GO:0046459 -[is_a]-> GO:0006631
GO:0046460 -[is_a]-> GO:0006638
GO:0046460 -[is_a]-> GO:0008610
GO:0046460 -[is_a]-> GO:0044249
GO:0046461 -[is_a]-> GO:0006638
GO:0046461 -[is_a]-> GO:0044242
GO:0046462 -[is_a]-> GO:0006639
GO:0046463 -[is_a]-> GO:0006639
GO:0046463 -[is_a]-> GO:0045017
GO:0046463 -[is_a]-> GO:0046460
GO:0046464 -[is_a]-> GO:0006639
GO:0046464 -[is_a]-> GO:0046461
GO:0046464 -[is_a]-> GO:0046503
GO:0046465 -[is_a]-> GO:0006644
GO:0046466 -[is_a]-> GO:0006643
GO:0046466 -[is_a]-> GO:0044242
GO:0046467 -[is_a]-> GO:0006643
GO:0046467 -[is_a]-> GO:0008610
GO:0046467 -[is_a]-> GO:0044249
GO:0046468 -[is_a]-> GO:0046337
GO:0046469 -[is_a]-> GO:0006650
GO:0046469 -[is_a]-> GO:0097164
GO:0046469 -[is_a]-> GO:1901564
GO:0046470 -[is_a]-> GO:0006650
GO:0046470 -[is_a]-> GO:0097164
GO:0046470 -[is_a]-> GO:1901564
GO:0046471 -[is_a]-> GO:0006650
GO:0046473 -[is_a]-> GO:0006793
GO:0046473 -[is_a]-> GO:0071704
GO:0046474 -[is_a]-> GO:0006650
GO:0046474 -[is_a]-> GO:0008654
GO:0046474 -[is_a]-> GO:0045017
GO:0046475 -[is_a]-> GO:0006650
GO:0046475 -[is_a]-> GO:0009395
GO:0046475 -[is_a]-> GO:0046503
GO:0046476 -[is_a]-> GO:0006677
GO:0046476 -[is_a]-> GO:0006688
GO:0046476 -[is_a]-> GO:0046513
GO:0046477 -[is_a]-> GO:0006677
GO:0046477 -[is_a]-> GO:0046479
GO:0046477 -[is_a]-> GO:0046514
GO:0046478 -[is_a]-> GO:0006672
GO:0046478 -[is_a]-> GO:0006687
GO:0046479 -[is_a]-> GO:0006687
GO:0046479 -[is_a]-> GO:0019377
GO:0046479 -[is_a]-> GO:0030149
GO:0046480 -[is_a]-> GO:0008378
GO:0046481 -[is_a]-> GO:0035250
GO:0046482 -[is_a]-> GO:0006520
GO:0046482 -[is_a]-> GO:0032787
GO:0046483 -[is_a]-> GO:0044237
GO:0046484 -[is_a]-> GO:0046483
GO:0046485 -[is_a]-> GO:0006662
GO:0046485 -[is_a]-> GO:0044255
GO:0046486 -[is_a]-> GO:0044255
GO:0046487 -[is_a]-> GO:0032787
GO:0046488 -[is_a]-> GO:0006650
GO:0046490 -[is_a]-> GO:0006644
GO:0046491 -[is_a]-> GO:0006637
GO:0046492 -[is_a]-> GO:0042168
GO:0046493 -[is_a]-> GO:0006644
GO:0046493 -[is_a]-> GO:0006664
GO:0046493 -[is_a]-> GO:1901269
GO:0046494 -[is_a]-> GO:0006082
GO:0046494 -[is_a]-> GO:0009237
GO:0046494 -[is_a]-> GO:0043603
GO:0046494 -[is_a]-> GO:1901564
GO:0046494 -[is_a]-> GO:1902644
GO:0046495 -[is_a]-> GO:0070637
GO:0046496 -[is_a]-> GO:0019362
GO:0046497 -[is_a]-> GO:0019362
GO:0046498 -[is_a]-> GO:0006790
GO:0046498 -[is_a]-> GO:0046128
GO:0046498 -[is_a]-> GO:1901605
GO:0046499 -[is_a]-> GO:0006790
GO:0046499 -[is_a]-> GO:0046128
GO:0046500 -[is_a]-> GO:0006732
GO:0046500 -[is_a]-> GO:0006790
GO:0046501 -[is_a]-> GO:0006778
GO:0046502 -[is_a]-> GO:0019752
GO:0046503 -[is_a]-> GO:0044242
GO:0046503 -[is_a]-> GO:0046486
GO:0046504 -[is_a]-> GO:0006662
GO:0046504 -[is_a]-> GO:0044249
GO:0046504 -[is_a]-> GO:0044763
GO:0046504 -[is_a]-> GO:1901503
GO:0046505 -[is_a]-> GO:0006790
GO:0046505 -[is_a]-> GO:0044255
GO:0046506 -[is_a]-> GO:0008610
GO:0046506 -[is_a]-> GO:0044272
GO:0046506 -[is_a]-> GO:0046505
GO:0046507 -[is_a]-> GO:0046508
GO:0046508 -[is_a]-> GO:0016787
GO:0046509 -[is_a]-> GO:0035250
GO:0046510 -[is_a]-> GO:0008194
GO:0046510 -[is_a]-> GO:0016758
GO:0046511 -[is_a]-> GO:0006667
GO:0046511 -[is_a]-> GO:0034312
GO:0046511 -[is_a]-> GO:0044271
GO:0046511 -[is_a]-> GO:0046520
GO:0046512 -[is_a]-> GO:0006670
GO:0046512 -[is_a]-> GO:0034312
GO:0046512 -[is_a]-> GO:0044271
GO:0046512 -[is_a]-> GO:0046520
GO:0046513 -[is_a]-> GO:0006672
GO:0046513 -[is_a]-> GO:0030148
GO:0046513 -[is_a]-> GO:0043604
GO:0046514 -[is_a]-> GO:0006672
GO:0046514 -[is_a]-> GO:0030149
GO:0046516 -[is_a]-> GO:0006575
GO:0046516 -[is_a]-> GO:1901605
GO:0046517 -[is_a]-> GO:0046455
GO:0046517 -[is_a]-> GO:0046518
GO:0046517 -[is_a]-> GO:0046700
GO:0046518 -[is_a]-> GO:0018945
GO:0046518 -[is_a]-> GO:0046483
GO:0046519 -[is_a]-> GO:0006665
GO:0046520 -[is_a]-> GO:0030148
GO:0046520 -[is_a]-> GO:0046519
GO:0046521 -[is_a]-> GO:0030149
GO:0046521 -[is_a]-> GO:0046519
GO:0046522 -[is_a]-> GO:0016301
GO:0046522 -[is_a]-> GO:0016773
GO:0046523 -[is_a]-> GO:0016861
GO:0046524 -[is_a]-> GO:0035251
GO:0046525 -[is_a]-> GO:0035250
GO:0046526 -[is_a]-> GO:0016616
GO:0046526 -[is_a]-> GO:0031320
GO:0046527 -[is_a]-> GO:0016758
GO:0046528 -[is_a]-> GO:0009886
GO:0046528 -[is_a]-> GO:0044767
GO:0046528 -[part_of]-> GO:0007560
GO:0046529 -[is_a]-> GO:0009886
GO:0046529 -[is_a]-> GO:0044767
GO:0046529 -[part_of]-> GO:0046528
GO:0046530 -[is_a]-> GO:0030182
GO:0046532 -[is_a]-> GO:0045664
GO:0046532 -[regulates]-> GO:0046530
GO:0046533 -[is_a]-> GO:0045665
GO:0046533 -[is_a]-> GO:0046532
GO:0046533 -[negatively_regulates]-> GO:0046530
GO:0046534 -[is_a]-> GO:0045666
GO:0046534 -[is_a]-> GO:0046532
GO:0046534 -[positively_regulates]-> GO:0046530
GO:0046535 -[is_a]-> GO:0050912
GO:0046535 -[part_of]-> GO:0050917
GO:0046536 -[is_a]-> GO:0032991
GO:0046536 -[is_a]-> GO:0044427
GO:0046536 -[is_a]-> GO:0044428
GO:0046536 -[part_of]-> GO:0000803
GO:0046537 -[is_a]-> GO:0004619
GO:0046538 -[is_a]-> GO:0004619
GO:0046539 -[is_a]-> GO:0008170
GO:0046539 -[is_a]-> GO:0008757
GO:0046540 -[is_a]-> GO:0097526
GO:0046540 -[has_part]-> GO:0005682
GO:0046540 -[has_part]-> GO:0071001
GO:0046541 -[is_a]-> GO:0007589
GO:0046541 -[is_a]-> GO:0022600
GO:0046541 -[is_a]-> GO:0032941
GO:0046543 -[is_a]-> GO:0045136
GO:0046544 -[is_a]-> GO:0045136
GO:0046544 -[part_of]-> GO:0046661
GO:0046545 -[is_a]-> GO:0045137
GO:0046545 -[part_of]-> GO:0046660
GO:0046546 -[is_a]-> GO:0045137
GO:0046546 -[part_of]-> GO:0046661
GO:0046547 -[is_a]-> GO:0008757
GO:0046548 -[is_a]-> GO:0042462
GO:0046549 -[is_a]-> GO:0042462
GO:0046549 -[part_of]-> GO:0042670
GO:0046550 -[is_a]-> GO:0006528
GO:0046550 -[is_a]-> GO:0006575
GO:0046550 -[is_a]-> GO:0009165
GO:0046550 -[is_a]-> GO:0018196
GO:0046550 -[is_a]-> GO:0042398
GO:0046551 -[is_a]-> GO:0060220
GO:0046551 -[part_of]-> GO:0042670
GO:0046552 -[is_a]-> GO:0048663
GO:0046552 -[part_of]-> GO:0046530
GO:0046553 -[is_a]-> GO:0016615
GO:0046553 -[is_a]-> GO:0016616
GO:0046554 -[is_a]-> GO:0016615
GO:0046554 -[is_a]-> GO:0016616
GO:0046555 -[is_a]-> GO:0052689
GO:0046556 -[is_a]-> GO:0004553
GO:0046557 -[is_a]-> GO:0008422
GO:0046558 -[is_a]-> GO:0004553
GO:0046559 -[is_a]-> GO:0004553
GO:0046562 -[is_a]-> GO:0047979
GO:0046563 -[is_a]-> GO:0016899
GO:0046564 -[is_a]-> GO:0016831
GO:0046565 -[is_a]-> GO:0016836
GO:0046566 -[is_a]-> GO:0051213
GO:0046567 -[is_a]-> GO:0016838
GO:0046568 -[is_a]-> GO:0018455
GO:0046569 -[is_a]-> GO:0016623
GO:0046570 -[is_a]-> GO:0016836
GO:0046571 -[is_a]-> GO:0008483
GO:0046572 -[is_a]-> GO:0003824
GO:0046573 -[is_a]-> GO:0052689
GO:0046574 -[is_a]-> GO:0004553
GO:0046575 -[is_a]-> GO:0008126
GO:0046576 -[is_a]-> GO:0016837
GO:0046577 -[is_a]-> GO:0016899
GO:0046578 -[is_a]-> GO:0051056
GO:0046578 -[regulates]-> GO:0007265
GO:0046579 -[is_a]-> GO:0046578
GO:0046579 -[is_a]-> GO:0051057
GO:0046579 -[positively_regulates]-> GO:0007265
GO:0046580 -[is_a]-> GO:0046578
GO:0046580 -[is_a]-> GO:0051058
GO:0046580 -[negatively_regulates]-> GO:0007265
GO:0046581 -[is_a]-> GO:0005911
GO:0046583 -[is_a]-> GO:0008324
GO:0046583 -[is_a]-> GO:0015562
GO:0046584 -[is_a]-> GO:0016999
GO:0046584 -[is_a]-> GO:0050761
GO:0046584 -[is_a]-> GO:1901334
GO:0046585 -[is_a]-> GO:0017000
GO:0046585 -[is_a]-> GO:0046584
GO:0046585 -[is_a]-> GO:0050763
GO:0046585 -[is_a]-> GO:1901336
GO:0046586 -[is_a]-> GO:0030155
GO:0046586 -[regulates]-> GO:0016339
GO:0046587 -[is_a]-> GO:0045785
GO:0046587 -[is_a]-> GO:0046586
GO:0046587 -[positively_regulates]-> GO:0016339
GO:0046588 -[is_a]-> GO:0007162
GO:0046588 -[is_a]-> GO:0046586
GO:0046588 -[negatively_regulates]-> GO:0016339
GO:0046589 -[is_a]-> GO:0004540
GO:0046592 -[is_a]-> GO:0016647
GO:0046593 -[is_a]-> GO:0016832
GO:0046594 -[is_a]-> GO:0022412
GO:0046594 -[is_a]-> GO:0051237
GO:0046594 -[is_a]-> GO:0051651
GO:0046594 -[part_of]-> GO:0019094
GO:0046595 -[is_a]-> GO:0044702
GO:0046595 -[is_a]-> GO:0051236
GO:0046595 -[is_a]-> GO:1902578
GO:0046595 -[part_of]-> GO:0019094
GO:0046596 -[is_a]-> GO:1903900
GO:0046596 -[regulates]-> GO:0046718
GO:0046597 -[is_a]-> GO:0046596
GO:0046597 -[is_a]-> GO:1903901
GO:0046597 -[negatively_regulates]-> GO:0046718
GO:0046598 -[is_a]-> GO:0046596
GO:0046598 -[is_a]-> GO:1903902
GO:0046598 -[positively_regulates]-> GO:0046718
GO:0046599 -[is_a]-> GO:0010824
GO:0046599 -[is_a]-> GO:1902115
GO:0046599 -[regulates]-> GO:0007099
GO:0046600 -[is_a]-> GO:0010826
GO:0046600 -[is_a]-> GO:0046599
GO:0046600 -[is_a]-> GO:1902116
GO:0046600 -[negatively_regulates]-> GO:0007099
GO:0046601 -[is_a]-> GO:0010825
GO:0046601 -[is_a]-> GO:0046599
GO:0046601 -[is_a]-> GO:1902117
GO:0046601 -[positively_regulates]-> GO:0007099
GO:0046602 -[is_a]-> GO:0007088
GO:0046602 -[is_a]-> GO:0046605
GO:0046602 -[regulates]-> GO:0007100
GO:0046603 -[is_a]-> GO:0045839
GO:0046603 -[is_a]-> GO:0046602
GO:0046603 -[is_a]-> GO:0046606
GO:0046603 -[negatively_regulates]-> GO:0007100
GO:0046604 -[is_a]-> GO:0045840
GO:0046604 -[is_a]-> GO:0046602
GO:0046604 -[is_a]-> GO:0046607
GO:0046604 -[positively_regulates]-> GO:0007100
GO:0046605 -[is_a]-> GO:0010564
GO:0046605 -[is_a]-> GO:0070507
GO:0046605 -[regulates]-> GO:0007098
GO:0046606 -[is_a]-> GO:0010948
GO:0046606 -[is_a]-> GO:0046605
GO:0046606 -[is_a]-> GO:0051494
GO:0046606 -[negatively_regulates]-> GO:0007098
GO:0046607 -[is_a]-> GO:0046605
GO:0046607 -[is_a]-> GO:0051495
GO:0046607 -[is_a]-> GO:0090068
GO:0046607 -[positively_regulates]-> GO:0007098
GO:0046608 -[is_a]-> GO:0016859
GO:0046609 -[is_a]-> GO:0015297
GO:0046610 -[is_a]-> GO:0000220
GO:0046610 -[part_of]-> GO:0005764
GO:0046610 -[part_of]-> GO:0046611
GO:0046611 -[is_a]-> GO:0016471
GO:0046611 -[part_of]-> GO:0005764
GO:0046611 -[part_of]-> GO:0005765
GO:0046612 -[is_a]-> GO:0000221
GO:0046612 -[part_of]-> GO:0005764
GO:0046612 -[part_of]-> GO:0046611
GO:0046618 -[is_a]-> GO:0015893
GO:0046619 -[is_a]-> GO:0001743
GO:0046619 -[part_of]-> GO:0060900
GO:0046620 -[is_a]-> GO:0048638
GO:0046620 -[is_a]-> GO:0051239
GO:0046620 -[regulates]-> GO:0035265
GO:0046621 -[is_a]-> GO:0046620
GO:0046621 -[is_a]-> GO:0048640
GO:0046621 -[is_a]-> GO:0051241
GO:0046621 -[negatively_regulates]-> GO:0035265
GO:0046622 -[is_a]-> GO:0046620
GO:0046622 -[is_a]-> GO:0048639
GO:0046622 -[is_a]-> GO:0051240
GO:0046622 -[positively_regulates]-> GO:0035265
GO:0046623 -[is_a]-> GO:0004012
GO:0046623 -[is_a]-> GO:0046624
GO:0046623 -[part_of]-> GO:0099039
GO:0046624 -[is_a]-> GO:0005319
GO:0046625 -[is_a]-> GO:0008289
GO:0046626 -[is_a]-> GO:0009966
GO:0046626 -[is_a]-> GO:1900076
GO:0046626 -[regulates]-> GO:0008286
GO:0046627 -[is_a]-> GO:0009968
GO:0046627 -[is_a]-> GO:0046626
GO:0046627 -[is_a]-> GO:1900077
GO:0046627 -[negatively_regulates]-> GO:0008286
GO:0046628 -[is_a]-> GO:0009967
GO:0046628 -[is_a]-> GO:0046626
GO:0046628 -[is_a]-> GO:1900078
GO:0046628 -[positively_regulates]-> GO:0008286
GO:0046629 -[is_a]-> GO:0042110
GO:0046630 -[is_a]-> GO:0042098
GO:0046630 -[is_a]-> GO:0046629
GO:0046631 -[is_a]-> GO:0042110
GO:0046632 -[is_a]-> GO:0030217
GO:0046632 -[is_a]-> GO:0046631
GO:0046633 -[is_a]-> GO:0042098
GO:0046633 -[is_a]-> GO:0046631
GO:0046634 -[is_a]-> GO:0050863
GO:0046634 -[regulates]-> GO:0046631
GO:0046635 -[is_a]-> GO:0046634
GO:0046635 -[is_a]-> GO:0050870
GO:0046635 -[positively_regulates]-> GO:0046631
GO:0046636 -[is_a]-> GO:0046634
GO:0046636 -[is_a]-> GO:0050868
GO:0046636 -[negatively_regulates]-> GO:0046631
GO:0046637 -[is_a]-> GO:0045580
GO:0046637 -[is_a]-> GO:0046634
GO:0046637 -[regulates]-> GO:0046632
GO:0046638 -[is_a]-> GO:0045582
GO:0046638 -[is_a]-> GO:0046635
GO:0046638 -[is_a]-> GO:0046637
GO:0046638 -[positively_regulates]-> GO:0046632
GO:0046639 -[is_a]-> GO:0045581
GO:0046639 -[is_a]-> GO:0046636
GO:0046639 -[is_a]-> GO:0046637
GO:0046639 -[negatively_regulates]-> GO:0046632
GO:0046640 -[is_a]-> GO:0042129
GO:0046640 -[is_a]-> GO:0046634
GO:0046640 -[regulates]-> GO:0046633
GO:0046641 -[is_a]-> GO:0042102
GO:0046641 -[is_a]-> GO:0046635
GO:0046641 -[is_a]-> GO:0046640
GO:0046641 -[positively_regulates]-> GO:0046633
GO:0046642 -[is_a]-> GO:0042130
GO:0046642 -[is_a]-> GO:0046636
GO:0046642 -[is_a]-> GO:0046640
GO:0046642 -[negatively_regulates]-> GO:0046633
GO:0046643 -[is_a]-> GO:0050863
GO:0046643 -[regulates]-> GO:0046629
GO:0046644 -[is_a]-> GO:0046643
GO:0046644 -[is_a]-> GO:0050868
GO:0046644 -[negatively_regulates]-> GO:0046629
GO:0046645 -[is_a]-> GO:0046643
GO:0046645 -[is_a]-> GO:0050870
GO:0046645 -[positively_regulates]-> GO:0046629
GO:0046646 -[is_a]-> GO:0042129
GO:0046646 -[is_a]-> GO:0046643
GO:0046646 -[regulates]-> GO:0046630
GO:0046647 -[is_a]-> GO:0042130
GO:0046647 -[is_a]-> GO:0046644
GO:0046647 -[is_a]-> GO:0046646
GO:0046647 -[negatively_regulates]-> GO:0046630
GO:0046648 -[is_a]-> GO:0042102
GO:0046648 -[is_a]-> GO:0046645
GO:0046648 -[is_a]-> GO:0046646
GO:0046648 -[positively_regulates]-> GO:0046630
GO:0046649 -[is_a]-> GO:0045321
GO:0046651 -[is_a]-> GO:0032943
GO:0046651 -[is_a]-> GO:0046649
GO:0046653 -[is_a]-> GO:0006760
GO:0046654 -[is_a]-> GO:0009396
GO:0046654 -[is_a]-> GO:0046653
GO:0046655 -[is_a]-> GO:0006082
GO:0046655 -[is_a]-> GO:0006760
GO:0046655 -[is_a]-> GO:0006767
GO:0046655 -[is_a]-> GO:0043603
GO:0046656 -[is_a]-> GO:0009396
GO:0046656 -[is_a]-> GO:0016053
GO:0046656 -[is_a]-> GO:0042364
GO:0046656 -[is_a]-> GO:0043604
GO:0046656 -[is_a]-> GO:0046655
GO:0046657 -[is_a]-> GO:0009397
GO:0046657 -[is_a]-> GO:0016054
GO:0046657 -[is_a]-> GO:0042365
GO:0046657 -[is_a]-> GO:0046655
GO:0046658 -[is_a]-> GO:0031225
GO:0046658 -[is_a]-> GO:0031226
GO:0046658 -[part_of]-> GO:0005886
GO:0046659 -[is_a]-> GO:0005179
GO:0046660 -[is_a]-> GO:0007548
GO:0046660 -[part_of]-> GO:0007275
GO:0046661 -[is_a]-> GO:0007548
GO:0046661 -[part_of]-> GO:0007275
GO:0046662 -[is_a]-> GO:0050795
GO:0046662 -[is_a]-> GO:0051239
GO:0046662 -[is_a]-> GO:2000241
GO:0046662 -[regulates]-> GO:0018991
GO:0046663 -[is_a]-> GO:0035026
GO:0046663 -[part_of]-> GO:0007391
GO:0046663 -[part_of]-> GO:0007392
GO:0046664 -[is_a]-> GO:0048598
GO:0046664 -[is_a]-> GO:0048729
GO:0046664 -[part_of]-> GO:0007391
GO:0046665 -[is_a]-> GO:0001894
GO:0046665 -[part_of]-> GO:0001700
GO:0046666 -[is_a]-> GO:0010623
GO:0046666 -[part_of]-> GO:0048592
GO:0046667 -[is_a]-> GO:0046666
GO:0046667 -[part_of]-> GO:0001745
GO:0046668 -[is_a]-> GO:0043067
GO:0046668 -[is_a]-> GO:0060284
GO:0046668 -[is_a]-> GO:2000027
GO:0046668 -[regulates]-> GO:0046666
GO:0046669 -[is_a]-> GO:0046668
GO:0046669 -[regulates]-> GO:0046667
GO:0046670 -[is_a]-> GO:0010720
GO:0046670 -[is_a]-> GO:0043068
GO:0046670 -[is_a]-> GO:0046668
GO:0046670 -[is_a]-> GO:0051240
GO:0046670 -[positively_regulates]-> GO:0046666
GO:0046671 -[is_a]-> GO:0010721
GO:0046671 -[is_a]-> GO:0043069
GO:0046671 -[is_a]-> GO:0046668
GO:0046671 -[is_a]-> GO:0051241
GO:0046671 -[negatively_regulates]-> GO:0046666
GO:0046672 -[is_a]-> GO:0046669
GO:0046672 -[is_a]-> GO:0046670
GO:0046672 -[positively_regulates]-> GO:0046667
GO:0046673 -[is_a]-> GO:0046669
GO:0046673 -[is_a]-> GO:0046671
GO:0046673 -[negatively_regulates]-> GO:0046667
GO:0046676 -[is_a]-> GO:0050709
GO:0046676 -[is_a]-> GO:0050796
GO:0046676 -[is_a]-> GO:0090278
GO:0046676 -[negatively_regulates]-> GO:0030073
GO:0046677 -[is_a]-> GO:0042221
GO:0046678 -[is_a]-> GO:0046677
GO:0046678 -[is_a]-> GO:1901652
GO:0046679 -[is_a]-> GO:0046677
GO:0046679 -[is_a]-> GO:1903416
GO:0046680 -[is_a]-> GO:0014070
GO:0046680 -[is_a]-> GO:0017085
GO:0046681 -[is_a]-> GO:0010243
GO:0046681 -[is_a]-> GO:0017085
GO:0046681 -[is_a]-> GO:1901700
GO:0046682 -[is_a]-> GO:0010033
GO:0046682 -[is_a]-> GO:0017085
GO:0046683 -[is_a]-> GO:0010033
GO:0046684 -[is_a]-> GO:0017085
GO:0046685 -[is_a]-> GO:0042221
GO:0046686 -[is_a]-> GO:0010038
GO:0046687 -[is_a]-> GO:0010035
GO:0046687 -[is_a]-> GO:1901700
GO:0046688 -[is_a]-> GO:0010038
GO:0046689 -[is_a]-> GO:0010038
GO:0046690 -[is_a]-> GO:0010035
GO:0046691 -[is_a]-> GO:0044459
GO:0046691 -[part_of]-> GO:0016324
GO:0046692 -[is_a]-> GO:0044703
GO:0046692 -[is_a]-> GO:0044706
GO:0046692 -[is_a]-> GO:0048609
GO:0046692 -[part_of]-> GO:0007320
GO:0046693 -[is_a]-> GO:0046692
GO:0046694 -[is_a]-> GO:0046692
GO:0046695 -[is_a]-> GO:0070461
GO:0046695 -[has_part]-> GO:0071819
GO:0046696 -[is_a]-> GO:0043235
GO:0046696 -[is_a]-> GO:0044425
GO:0046696 -[part_of]-> GO:0016021
GO:0046697 -[is_a]-> GO:0003006
GO:0046697 -[is_a]-> GO:0009888
GO:0046697 -[part_of]-> GO:0001893
GO:0046697 -[part_of]-> GO:0007565
GO:0046700 -[is_a]-> GO:0044248
GO:0046700 -[is_a]-> GO:0046483
GO:0046701 -[is_a]-> GO:0009407
GO:0046701 -[is_a]-> GO:0017143
GO:0046701 -[is_a]-> GO:0042178
GO:0046702 -[is_a]-> GO:0046921
GO:0046703 -[is_a]-> GO:0005102
GO:0046704 -[is_a]-> GO:0009193
GO:0046704 -[is_a]-> GO:0009218
GO:0046704 -[is_a]-> GO:0046131
GO:0046705 -[is_a]-> GO:0009194
GO:0046705 -[is_a]-> GO:0009220
GO:0046705 -[is_a]-> GO:0046132
GO:0046705 -[is_a]-> GO:0046704
GO:0046706 -[is_a]-> GO:0009195
GO:0046706 -[is_a]-> GO:0009222
GO:0046706 -[is_a]-> GO:0046133
GO:0046706 -[is_a]-> GO:0046704
GO:0046707 -[is_a]-> GO:0009150
GO:0046707 -[is_a]-> GO:0009179
GO:0046708 -[is_a]-> GO:0009152
GO:0046708 -[is_a]-> GO:0009180
GO:0046708 -[is_a]-> GO:0046707
GO:0046709 -[is_a]-> GO:0009154
GO:0046709 -[is_a]-> GO:0009181
GO:0046709 -[is_a]-> GO:0046707
GO:0046710 -[is_a]-> GO:0009150
GO:0046710 -[is_a]-> GO:0009179
GO:0046710 -[is_a]-> GO:1901068
GO:0046711 -[is_a]-> GO:0009152
GO:0046711 -[is_a]-> GO:0009180
GO:0046711 -[is_a]-> GO:0046710
GO:0046711 -[is_a]-> GO:1901070
GO:0046712 -[is_a]-> GO:0009154
GO:0046712 -[is_a]-> GO:0009181
GO:0046712 -[is_a]-> GO:0046710
GO:0046712 -[is_a]-> GO:1901069
GO:0046713 -[is_a]-> GO:0015698
GO:0046714 -[is_a]-> GO:0043168
GO:0046715 -[is_a]-> GO:0015103
GO:0046715 -[part_of]-> GO:0035445
GO:0046716 -[is_a]-> GO:0019725
GO:0046716 -[is_a]-> GO:0060249
GO:0046717 -[is_a]-> GO:0046903
GO:0046718 -[is_a]-> GO:0030260
GO:0046718 -[part_of]-> GO:0019058
GO:0046719 -[is_a]-> GO:0048878
GO:0046719 -[is_a]-> GO:0050792
GO:0046720 -[is_a]-> GO:0015746
GO:0046720 -[is_a]-> GO:0046717
GO:0046721 -[is_a]-> GO:0015724
GO:0046721 -[is_a]-> GO:0046717
GO:0046722 -[is_a]-> GO:0035879
GO:0046722 -[is_a]-> GO:0046717
GO:0046723 -[is_a]-> GO:0015743
GO:0046723 -[is_a]-> GO:0046717
GO:0046724 -[is_a]-> GO:0019532
GO:0046724 -[is_a]-> GO:0046717
GO:0046725 -[is_a]-> GO:0046719
GO:0046725 -[is_a]-> GO:0048525
GO:0046726 -[is_a]-> GO:0046719
GO:0046726 -[is_a]-> GO:0048524
GO:0046727 -[is_a]-> GO:0044423
GO:0046727 -[part_of]-> GO:0019028
GO:0046729 -[is_a]-> GO:0044423
GO:0046730 -[is_a]-> GO:0044416
GO:0046730 -[is_a]-> GO:0075528
GO:0046731 -[is_a]-> GO:0046730
GO:0046732 -[is_a]-> GO:0046730
GO:0046733 -[is_a]-> GO:0046731
GO:0046734 -[is_a]-> GO:0046731
GO:0046735 -[is_a]-> GO:0046731
GO:0046736 -[is_a]-> GO:0046732
GO:0046737 -[is_a]-> GO:0046732
GO:0046738 -[is_a]-> GO:0046732
GO:0046739 -[is_a]-> GO:0044000
GO:0046739 -[is_a]-> GO:0046794
GO:0046740 -[is_a]-> GO:0046739
GO:0046740 -[is_a]-> GO:1902586
GO:0046741 -[is_a]-> GO:0046739
GO:0046745 -[is_a]-> GO:0016032
GO:0046752 -[is_a]-> GO:0006886
GO:0046752 -[is_a]-> GO:0075733
GO:0046752 -[part_of]-> GO:0039708
GO:0046753 -[is_a]-> GO:0019076
GO:0046753 -[is_a]-> GO:0046794
GO:0046754 -[is_a]-> GO:0046753
GO:0046755 -[is_a]-> GO:0016032
GO:0046755 -[is_a]-> GO:1902592
GO:0046755 -[part_of]-> GO:0019058
GO:0046755 -[part_of]-> GO:0019068
GO:0046760 -[is_a]-> GO:0046755
GO:0046761 -[is_a]-> GO:0046753
GO:0046761 -[is_a]-> GO:0046755
GO:0046762 -[is_a]-> GO:0046755
GO:0046765 -[is_a]-> GO:0046755
GO:0046765 -[part_of]-> GO:0046802
GO:0046771 -[is_a]-> GO:0046765
GO:0046772 -[is_a]-> GO:0046765
GO:0046773 -[is_a]-> GO:0006451
GO:0046773 -[is_a]-> GO:0019057
GO:0046773 -[is_a]-> GO:0044034
GO:0046773 -[is_a]-> GO:0045904
GO:0046773 -[negatively_regulates]-> GO:0006415
GO:0046774 -[is_a]-> GO:0030683
GO:0046774 -[is_a]-> GO:0075528
GO:0046775 -[is_a]-> GO:0001818
GO:0046775 -[is_a]-> GO:0044831
GO:0046775 -[is_a]-> GO:0052261
GO:0046775 -[is_a]-> GO:0052562
GO:0046775 -[negatively_regulates]-> GO:0001816
GO:0046776 -[is_a]-> GO:0002590
GO:0046776 -[is_a]-> GO:0039588
GO:0046776 -[negatively_regulates]-> GO:0002474
GO:0046777 -[is_a]-> GO:0006468
GO:0046778 -[is_a]-> GO:0039656
GO:0046778 -[is_a]-> GO:0050684
GO:0046779 -[is_a]-> GO:0039653
GO:0046780 -[is_a]-> GO:0033119
GO:0046780 -[is_a]-> GO:0039524
GO:0046782 -[is_a]-> GO:0010468
GO:0046782 -[is_a]-> GO:1903900
GO:0046782 -[is_a]-> GO:2001141
GO:0046782 -[regulates]-> GO:0019083
GO:0046783 -[is_a]-> GO:0019057
GO:0046784 -[is_a]-> GO:0006406
GO:0046784 -[is_a]-> GO:0075733
GO:0046785 -[is_a]-> GO:0031109
GO:0046785 -[is_a]-> GO:0051258
GO:0046786 -[is_a]-> GO:0016032
GO:0046786 -[part_of]-> GO:0019079
GO:0046787 -[is_a]-> GO:0006281
GO:0046787 -[part_of]-> GO:0016032
GO:0046789 -[is_a]-> GO:0005102
GO:0046789 -[is_a]-> GO:0046812
GO:0046790 -[is_a]-> GO:0005488
GO:0046792 -[is_a]-> GO:0019055
GO:0046793 -[is_a]-> GO:0019056
GO:0046793 -[is_a]-> GO:0039614
GO:0046794 -[is_a]-> GO:0016032
GO:0046794 -[is_a]-> GO:0044766
GO:0046797 -[is_a]-> GO:0022607
GO:0046797 -[part_of]-> GO:0019069
GO:0046797 -[part_of]-> GO:0019075
GO:0046798 -[is_a]-> GO:0043234
GO:0046798 -[is_a]-> GO:0044423
GO:0046798 -[part_of]-> GO:0019028
GO:0046799 -[is_a]-> GO:0016032
GO:0046799 -[part_of]-> GO:0046787
GO:0046802 -[is_a]-> GO:0039674
GO:0046804 -[is_a]-> GO:0018149
GO:0046804 -[is_a]-> GO:0018198
GO:0046804 -[is_a]-> GO:0018210
GO:0046805 -[is_a]-> GO:0017003
GO:0046805 -[is_a]-> GO:0017004
GO:0046806 -[is_a]-> GO:0043234
GO:0046806 -[is_a]-> GO:0044423
GO:0046806 -[part_of]-> GO:0019028
GO:0046807 -[is_a]-> GO:0006461
GO:0046807 -[is_a]-> GO:0016032
GO:0046807 -[part_of]-> GO:0019069
GO:0046808 -[is_a]-> GO:0044428
GO:0046809 -[is_a]-> GO:0039715
GO:0046810 -[is_a]-> GO:0050840
GO:0046811 -[is_a]-> GO:0004857
GO:0046811 -[is_a]-> GO:0035033
GO:0046811 -[negatively_regulates]-> GO:0004407
GO:0046811 -[part_of]-> GO:0031064
GO:0046812 -[is_a]-> GO:0005488
GO:0046812 -[part_of]-> GO:0044764
GO:0046813 -[is_a]-> GO:0019062
GO:0046813 -[has_part]-> GO:0005102
GO:0046814 -[is_a]-> GO:0019062
GO:0046814 -[has_part]-> GO:0039706
GO:0046815 -[is_a]-> GO:0016032
GO:0046815 -[part_of]-> GO:0019079
GO:0046816 -[is_a]-> GO:0097708
GO:0046817 -[is_a]-> GO:0048019
GO:0046817 -[part_of]-> GO:0070100
GO:0046818 -[is_a]-> GO:0044428
GO:0046819 -[is_a]-> GO:0009306
GO:0046819 -[is_a]-> GO:0098776
GO:0046820 -[is_a]-> GO:0008483
GO:0046821 -[is_a]-> GO:0044424
GO:0046822 -[is_a]-> GO:0032386
GO:0046822 -[regulates]-> GO:0006913
GO:0046823 -[is_a]-> GO:0032387
GO:0046823 -[is_a]-> GO:0046822
GO:0046823 -[negatively_regulates]-> GO:0006913
GO:0046824 -[is_a]-> GO:0032388
GO:0046824 -[is_a]-> GO:0046822
GO:0046824 -[positively_regulates]-> GO:0006913
GO:0046825 -[is_a]-> GO:0033157
GO:0046825 -[is_a]-> GO:0046822
GO:0046825 -[regulates]-> GO:0006611
GO:0046826 -[is_a]-> GO:0046823
GO:0046826 -[is_a]-> GO:0046825
GO:0046826 -[is_a]-> GO:0090317
GO:0046826 -[negatively_regulates]-> GO:0006611
GO:0046827 -[is_a]-> GO:0046824
GO:0046827 -[is_a]-> GO:0046825
GO:0046827 -[is_a]-> GO:0090316
GO:0046827 -[positively_regulates]-> GO:0006611
GO:0046828 -[is_a]-> GO:0032239
GO:0046828 -[is_a]-> GO:0046822
GO:0046828 -[regulates]-> GO:0006404
GO:0046829 -[is_a]-> GO:0032240
GO:0046829 -[is_a]-> GO:0046823
GO:0046829 -[is_a]-> GO:0046828
GO:0046829 -[negatively_regulates]-> GO:0006404
GO:0046830 -[is_a]-> GO:0032241
GO:0046830 -[is_a]-> GO:0046824
GO:0046830 -[is_a]-> GO:0046828
GO:0046830 -[positively_regulates]-> GO:0006404
GO:0046831 -[is_a]-> GO:0032239
GO:0046831 -[is_a]-> GO:0046822
GO:0046831 -[regulates]-> GO:0006405
GO:0046832 -[is_a]-> GO:0032240
GO:0046832 -[is_a]-> GO:0046823
GO:0046832 -[is_a]-> GO:0046831
GO:0046832 -[negatively_regulates]-> GO:0006405
GO:0046833 -[is_a]-> GO:0032241
GO:0046833 -[is_a]-> GO:0046824
GO:0046833 -[is_a]-> GO:0046831
GO:0046833 -[positively_regulates]-> GO:0006405
GO:0046834 -[is_a]-> GO:0016310
GO:0046834 -[is_a]-> GO:0030258
GO:0046835 -[is_a]-> GO:0016310
GO:0046835 -[is_a]-> GO:0044262
GO:0046836 -[is_a]-> GO:0006869
GO:0046836 -[is_a]-> GO:1901264
GO:0046838 -[is_a]-> GO:0016311
GO:0046838 -[is_a]-> GO:0044262
GO:0046839 -[is_a]-> GO:0016311
GO:0046839 -[is_a]-> GO:0030258
GO:0046841 -[is_a]-> GO:0019752
GO:0046842 -[is_a]-> GO:0046841
GO:0046843 -[is_a]-> GO:0003006
GO:0046843 -[is_a]-> GO:0044702
GO:0046843 -[is_a]-> GO:0044767
GO:0046843 -[is_a]-> GO:0048646
GO:0046843 -[part_of]-> GO:0007306
GO:0046844 -[is_a]-> GO:0003006
GO:0046844 -[is_a]-> GO:0044702
GO:0046844 -[is_a]-> GO:0044767
GO:0046844 -[is_a]-> GO:0048646
GO:0046844 -[part_of]-> GO:0007306
GO:0046845 -[is_a]-> GO:0001709
GO:0046845 -[part_of]-> GO:0007424
GO:0046847 -[is_a]-> GO:0030031
GO:0046848 -[is_a]-> GO:0005488
GO:0046849 -[is_a]-> GO:0048771
GO:0046850 -[is_a]-> GO:0034103
GO:0046850 -[regulates]-> GO:0046849
GO:0046851 -[is_a]-> GO:0034104
GO:0046851 -[is_a]-> GO:0046850
GO:0046851 -[negatively_regulates]-> GO:0046849
GO:0046852 -[is_a]-> GO:0034105
GO:0046852 -[is_a]-> GO:0046850
GO:0046852 -[positively_regulates]-> GO:0046849
GO:0046854 -[is_a]-> GO:0046488
GO:0046854 -[is_a]-> GO:0046834
GO:0046855 -[is_a]-> GO:0044723
GO:0046855 -[is_a]-> GO:0046838
GO:0046855 -[is_a]-> GO:0071545
GO:0046856 -[is_a]-> GO:0046488
GO:0046856 -[is_a]-> GO:0046839
GO:0046857 -[is_a]-> GO:0016661
GO:0046858 -[is_a]-> GO:0043232
GO:0046859 -[is_a]-> GO:0044444
GO:0046859 -[is_a]-> GO:0098588
GO:0046859 -[is_a]-> GO:0098805
GO:0046859 -[part_of]-> GO:0042566
GO:0046860 -[is_a]-> GO:0005778
GO:0046860 -[part_of]-> GO:0020015
GO:0046861 -[is_a]-> GO:0005778
GO:0046862 -[is_a]-> GO:0042170
GO:0046862 -[part_of]-> GO:0031898
GO:0046863 -[is_a]-> GO:0008047
GO:0046863 -[positively_regulates]-> GO:0016984
GO:0046864 -[is_a]-> GO:0006869
GO:0046865 -[is_a]-> GO:0046864
GO:0046866 -[is_a]-> GO:0046865
GO:0046867 -[is_a]-> GO:0046866
GO:0046868 -[is_a]-> GO:0044459
GO:0046869 -[is_a]-> GO:0018283
GO:0046870 -[is_a]-> GO:0046914
GO:0046871 -[is_a]-> GO:0097367
GO:0046872 -[is_a]-> GO:0043169
GO:0046873 -[is_a]-> GO:0022890
GO:0046873 -[part_of]-> GO:0030001
GO:0046874 -[is_a]-> GO:0043648
GO:0046875 -[is_a]-> GO:0005102
GO:0046876 -[is_a]-> GO:0005501
GO:0046877 -[is_a]-> GO:0044058
GO:0046877 -[is_a]-> GO:0050878
GO:0046877 -[is_a]-> GO:0051046
GO:0046877 -[regulates]-> GO:0046541
GO:0046878 -[is_a]-> GO:0046877
GO:0046878 -[is_a]-> GO:0051047
GO:0046878 -[is_a]-> GO:0060456
GO:0046878 -[positively_regulates]-> GO:0046541
GO:0046879 -[is_a]-> GO:0009914
GO:0046879 -[is_a]-> GO:0023061
GO:0046880 -[is_a]-> GO:0032276
GO:0046880 -[regulates]-> GO:0046884
GO:0046881 -[is_a]-> GO:0032278
GO:0046881 -[is_a]-> GO:0046880
GO:0046881 -[positively_regulates]-> GO:0046884
GO:0046882 -[is_a]-> GO:0032277
GO:0046882 -[is_a]-> GO:0046880
GO:0046882 -[negatively_regulates]-> GO:0046884
GO:0046883 -[is_a]-> GO:0010646
GO:0046883 -[is_a]-> GO:0010817
GO:0046883 -[is_a]-> GO:0023051
GO:0046883 -[is_a]-> GO:1903530
GO:0046883 -[regulates]-> GO:0046879
GO:0046884 -[is_a]-> GO:0032274
GO:0046885 -[is_a]-> GO:0031326
GO:0046885 -[is_a]-> GO:0032350
GO:0046885 -[regulates]-> GO:0042446
GO:0046886 -[is_a]-> GO:0031328
GO:0046886 -[is_a]-> GO:0032352
GO:0046886 -[is_a]-> GO:0046885
GO:0046886 -[positively_regulates]-> GO:0042446
GO:0046887 -[is_a]-> GO:0010647
GO:0046887 -[is_a]-> GO:0023056
GO:0046887 -[is_a]-> GO:0046883
GO:0046887 -[is_a]-> GO:1903532
GO:0046887 -[positively_regulates]-> GO:0046879
GO:0046888 -[is_a]-> GO:0010648
GO:0046888 -[is_a]-> GO:0023057
GO:0046888 -[is_a]-> GO:0046883
GO:0046888 -[is_a]-> GO:1903531
GO:0046888 -[negatively_regulates]-> GO:0046879
GO:0046889 -[is_a]-> GO:0009891
GO:0046889 -[is_a]-> GO:0045834
GO:0046889 -[is_a]-> GO:0046890
GO:0046889 -[positively_regulates]-> GO:0008610
GO:0046890 -[is_a]-> GO:0009889
GO:0046890 -[is_a]-> GO:0019216
GO:0046890 -[regulates]-> GO:0008610
GO:0046891 -[is_a]-> GO:0018198
GO:0046892 -[is_a]-> GO:0018198
GO:0046892 -[is_a]-> GO:0018249
GO:0046893 -[is_a]-> GO:0018198
GO:0046893 -[is_a]-> GO:0018283
GO:0046894 -[is_a]-> GO:0018307
GO:0046894 -[is_a]-> GO:0098823
GO:0046895 -[is_a]-> GO:0006480
GO:0046895 -[is_a]-> GO:0018203
GO:0046896 -[is_a]-> GO:0006480
GO:0046896 -[is_a]-> GO:0018204
GO:0046897 -[is_a]-> GO:0006480
GO:0046897 -[is_a]-> GO:0018212
GO:0046898 -[is_a]-> GO:0010243
GO:0046898 -[is_a]-> GO:0014070
GO:0046898 -[is_a]-> GO:0097305
GO:0046898 -[is_a]-> GO:1901654
GO:0046899 -[is_a]-> GO:0016776
GO:0046899 -[is_a]-> GO:0019205
GO:0046900 -[is_a]-> GO:0006760
GO:0046901 -[is_a]-> GO:0009396
GO:0046901 -[is_a]-> GO:0046900
GO:0046902 -[is_a]-> GO:0007006
GO:0046902 -[is_a]-> GO:0090559
GO:0046902 -[part_of]-> GO:0006839
GO:0046903 -[is_a]-> GO:0044765
GO:0046904 -[is_a]-> GO:0005488
GO:0046905 -[is_a]-> GO:0003824
GO:0046905 -[part_of]-> GO:0016120
GO:0046906 -[is_a]-> GO:0097159
GO:0046906 -[is_a]-> GO:1901363
GO:0046907 -[is_a]-> GO:0006810
GO:0046907 -[is_a]-> GO:0051641
GO:0046907 -[is_a]-> GO:0051649
GO:0046907 -[occurs_in]-> GO:0005622
GO:0046909 -[is_a]-> GO:0044765
GO:0046910 -[is_a]-> GO:0004857
GO:0046910 -[negatively_regulates]-> GO:0030599
GO:0046911 -[is_a]-> GO:0046872
GO:0046912 -[is_a]-> GO:0016746
GO:0046914 -[is_a]-> GO:0046872
GO:0046915 -[is_a]-> GO:0046873
GO:0046915 -[part_of]-> GO:0000041
GO:0046916 -[is_a]-> GO:0006875
GO:0046916 -[is_a]-> GO:0055076
GO:0046917 -[is_a]-> GO:0016780
GO:0046918 -[is_a]-> GO:0006500
GO:0046919 -[is_a]-> GO:0016747
GO:0046920 -[is_a]-> GO:0008417
GO:0046921 -[is_a]-> GO:0008417
GO:0046922 -[is_a]-> GO:0008417
GO:0046922 -[part_of]-> GO:0036066
GO:0046923 -[is_a]-> GO:0005048
GO:0046924 -[is_a]-> GO:0018149
GO:0046924 -[is_a]-> GO:0018198
GO:0046924 -[is_a]-> GO:0018207
GO:0046925 -[is_a]-> GO:0018149
GO:0046925 -[is_a]-> GO:0018198
GO:0046925 -[is_a]-> GO:0018207
GO:0046926 -[is_a]-> GO:0018149
GO:0046926 -[is_a]-> GO:0018198
GO:0046926 -[is_a]-> GO:0018210
GO:0046927 -[is_a]-> GO:0018085
GO:0046927 -[is_a]-> GO:0018210
GO:0046928 -[is_a]-> GO:0001505
GO:0046928 -[is_a]-> GO:0050804
GO:0046928 -[is_a]-> GO:0051588
GO:0046928 -[is_a]-> GO:0060341
GO:0046928 -[is_a]-> GO:1903530
GO:0046928 -[regulates]-> GO:0007269
GO:0046929 -[is_a]-> GO:0046928
GO:0046929 -[is_a]-> GO:0050805
GO:0046929 -[is_a]-> GO:0051589
GO:0046929 -[is_a]-> GO:1903531
GO:0046929 -[negatively_regulates]-> GO:0007269
GO:0046930 -[is_a]-> GO:0098796
GO:0046930 -[part_of]-> GO:0016021
GO:0046931 -[is_a]-> GO:0006461
GO:0046932 -[is_a]-> GO:0015081
GO:0046932 -[is_a]-> GO:0019829
GO:0046932 -[is_a]-> GO:0044769
GO:0046933 -[is_a]-> GO:0015078
GO:0046933 -[is_a]-> GO:0019829
GO:0046933 -[is_a]-> GO:0044769
GO:0046934 -[is_a]-> GO:0035004
GO:0046934 -[is_a]-> GO:0052813
GO:0046935 -[is_a]-> GO:0035014
GO:0046935 -[regulates]-> GO:0016303
GO:0046936 -[is_a]-> GO:0019239
GO:0046937 -[is_a]-> GO:0006518
GO:0046937 -[is_a]-> GO:0019748
GO:0046937 -[is_a]-> GO:0044763
GO:0046938 -[is_a]-> GO:0043043
GO:0046938 -[is_a]-> GO:0044550
GO:0046938 -[is_a]-> GO:0046937
GO:0046939 -[is_a]-> GO:0009117
GO:0046939 -[is_a]-> GO:0016310
GO:0046940 -[is_a]-> GO:0009123
GO:0046940 -[is_a]-> GO:0009165
GO:0046941 -[is_a]-> GO:0008080
GO:0046942 -[is_a]-> GO:0015711
GO:0046943 -[is_a]-> GO:0005342
GO:0046943 -[part_of]-> GO:1905039
GO:0046944 -[is_a]-> GO:0006464
GO:0046945 -[is_a]-> GO:0018194
GO:0046945 -[is_a]-> GO:0046944
GO:0046945 -[is_a]-> GO:0050990
GO:0046946 -[is_a]-> GO:0006520
GO:0046946 -[is_a]-> GO:0009066
GO:0046947 -[is_a]-> GO:0008652
GO:0046947 -[is_a]-> GO:0009067
GO:0046947 -[is_a]-> GO:0046946
GO:0046948 -[is_a]-> GO:0009063
GO:0046948 -[is_a]-> GO:0009068
GO:0046948 -[is_a]-> GO:0046946
GO:0046949 -[is_a]-> GO:0035337
GO:0046949 -[is_a]-> GO:0071616
GO:0046950 -[is_a]-> GO:0044237
GO:0046950 -[is_a]-> GO:0044281
GO:0046950 -[is_a]-> GO:0044763
GO:0046951 -[is_a]-> GO:0044249
GO:0046951 -[is_a]-> GO:0044283
GO:0046951 -[is_a]-> GO:0046950
GO:0046951 -[is_a]-> GO:1901576
GO:0046951 -[is_a]-> GO:1902224
GO:0046952 -[is_a]-> GO:0044248
GO:0046952 -[is_a]-> GO:0044282
GO:0046952 -[is_a]-> GO:0046950
GO:0046952 -[is_a]-> GO:1901575
GO:0046952 -[is_a]-> GO:1902224
GO:0046956 -[is_a]-> GO:0042331
GO:0046956 -[is_a]-> GO:0052128
GO:0046957 -[is_a]-> GO:0042331
GO:0046957 -[is_a]-> GO:0052129
GO:0046958 -[is_a]-> GO:0007612
GO:0046959 -[is_a]-> GO:0046958
GO:0046960 -[is_a]-> GO:0046958
GO:0046961 -[is_a]-> GO:0015078
GO:0046961 -[is_a]-> GO:0036442
GO:0046961 -[is_a]-> GO:0044769
GO:0046962 -[is_a]-> GO:0015081
GO:0046962 -[is_a]-> GO:0019829
GO:0046962 -[is_a]-> GO:0044769
GO:0046963 -[is_a]-> GO:0015858
GO:0046963 -[is_a]-> GO:0015868
GO:0046963 -[is_a]-> GO:0051503
GO:0046963 -[is_a]-> GO:0072348
GO:0046964 -[is_a]-> GO:0000295
GO:0046964 -[is_a]-> GO:0005346
GO:0046964 -[is_a]-> GO:0015211
GO:0046964 -[is_a]-> GO:1901682
GO:0046964 -[part_of]-> GO:1902559
GO:0046965 -[is_a]-> GO:0042974
GO:0046966 -[is_a]-> GO:0008134
GO:0046966 -[is_a]-> GO:0035257
GO:0046967 -[is_a]-> GO:1902582
GO:0046967 -[occurs_in]-> GO:0005737
GO:0046968 -[is_a]-> GO:0015833
GO:0046968 -[part_of]-> GO:0048002
GO:0046969 -[is_a]-> GO:0017136
GO:0046969 -[is_a]-> GO:0032129
GO:0046970 -[is_a]-> GO:0017136
GO:0046970 -[is_a]-> GO:0034739
GO:0046972 -[is_a]-> GO:0010485
GO:0046972 -[part_of]-> GO:0043984
GO:0046974 -[is_a]-> GO:0018024
GO:0046974 -[part_of]-> GO:0051567
GO:0046975 -[is_a]-> GO:0018024
GO:0046975 -[part_of]-> GO:0010452
GO:0046976 -[is_a]-> GO:0018024
GO:0046976 -[part_of]-> GO:0070734
GO:0046977 -[is_a]-> GO:0005515
GO:0046978 -[is_a]-> GO:0046977
GO:0046979 -[is_a]-> GO:0046977
GO:0046980 -[is_a]-> GO:0005515
GO:0046981 -[is_a]-> GO:0008375
GO:0046982 -[is_a]-> GO:0046983
GO:0046983 -[is_a]-> GO:0005515
GO:0046984 -[is_a]-> GO:2000112
GO:0046984 -[regulates]-> GO:0042541
GO:0046985 -[is_a]-> GO:0010557
GO:0046985 -[is_a]-> GO:0031328
GO:0046985 -[is_a]-> GO:0046984
GO:0046985 -[positively_regulates]-> GO:0042541
GO:0046986 -[is_a]-> GO:0046984
GO:0046986 -[is_a]-> GO:2000113
GO:0046986 -[negatively_regulates]-> GO:0042541
GO:0046987 -[is_a]-> GO:0015020
GO:0046988 -[is_a]-> GO:0015020
GO:0046989 -[is_a]-> GO:0015020
GO:0046990 -[is_a]-> GO:0016413
GO:0046992 -[is_a]-> GO:0016491
GO:0046993 -[is_a]-> GO:0046992
GO:0046994 -[is_a]-> GO:0016695
GO:0046995 -[is_a]-> GO:0016695
GO:0046996 -[is_a]-> GO:0016705
GO:0046997 -[is_a]-> GO:0016645
GO:0046998 -[is_a]-> GO:0016616
GO:0046999 -[is_a]-> GO:0043900
GO:0046999 -[is_a]-> GO:0050794
GO:0046999 -[regulates]-> GO:0000746
GO:0047000 -[is_a]-> GO:0016616
GO:0047001 -[is_a]-> GO:0016616
GO:0047002 -[is_a]-> GO:0016616
GO:0047003 -[is_a]-> GO:0016616
GO:0047004 -[is_a]-> GO:0016616
GO:0047005 -[is_a]-> GO:0033764
GO:0047006 -[is_a]-> GO:0033764
GO:0047007 -[is_a]-> GO:0033764
GO:0047008 -[is_a]-> GO:0033764
GO:0047009 -[is_a]-> GO:0016616
GO:0047010 -[is_a]-> GO:0016616
GO:0047011 -[is_a]-> GO:0036441
GO:0047012 -[is_a]-> GO:0016616
GO:0047013 -[is_a]-> GO:0033764
GO:0047014 -[is_a]-> GO:0016616
GO:0047015 -[is_a]-> GO:0016616
GO:0047016 -[is_a]-> GO:0016616
GO:0047017 -[is_a]-> GO:0016616
GO:0047018 -[is_a]-> GO:0016616
GO:0047019 -[is_a]-> GO:0016616
GO:0047020 -[is_a]-> GO:0016616
GO:0047021 -[is_a]-> GO:0016616
GO:0047022 -[is_a]-> GO:0033764
GO:0047023 -[is_a]-> GO:0033764
GO:0047024 -[is_a]-> GO:0033764
GO:0047025 -[is_a]-> GO:0016616
GO:0047026 -[is_a]-> GO:0047023
GO:0047027 -[is_a]-> GO:0016616
GO:0047028 -[is_a]-> GO:0016616
GO:0047029 -[is_a]-> GO:0016616
GO:0047030 -[is_a]-> GO:0016616
GO:0047031 -[is_a]-> GO:0016616
GO:0047032 -[is_a]-> GO:0016616
GO:0047033 -[is_a]-> GO:0016616
GO:0047034 -[is_a]-> GO:0016616
GO:0047035 -[is_a]-> GO:0033764
GO:0047036 -[is_a]-> GO:0016616
GO:0047037 -[is_a]-> GO:0016616
GO:0047038 -[is_a]-> GO:0016616
GO:0047039 -[is_a]-> GO:0016616
GO:0047040 -[is_a]-> GO:0016646
GO:0047041 -[is_a]-> GO:0016616
GO:0047042 -[is_a]-> GO:0047023
GO:0047043 -[is_a]-> GO:0016616
GO:0047044 -[is_a]-> GO:0033764
GO:0047045 -[is_a]-> GO:0033764
GO:0047046 -[is_a]-> GO:0016616
GO:0047047 -[is_a]-> GO:0016616
GO:0047048 -[is_a]-> GO:0016616
GO:0047049 -[is_a]-> GO:0016616
GO:0047050 -[is_a]-> GO:0016616
GO:0047051 -[is_a]-> GO:0016898
GO:0047052 -[is_a]-> GO:0046996
GO:0047053 -[is_a]-> GO:0046996
GO:0047054 -[is_a]-> GO:0046996
GO:0047055 -[is_a]-> GO:0046996
GO:0047056 -[is_a]-> GO:0046996
GO:0047057 -[is_a]-> GO:0016900
GO:0047058 -[is_a]-> GO:0016900
GO:0047059 -[is_a]-> GO:0016898
GO:0047060 -[is_a]-> GO:0016614
GO:0047061 -[is_a]-> GO:0016614
GO:0047062 -[is_a]-> GO:0016680
GO:0047063 -[is_a]-> GO:0016681
GO:0047064 -[is_a]-> GO:0046993
GO:0047065 -[is_a]-> GO:0046993
GO:0047066 -[is_a]-> GO:0016684
GO:0047067 -[is_a]-> GO:0046994
GO:0047068 -[is_a]-> GO:0046995
GO:0047069 -[is_a]-> GO:0016702
GO:0047070 -[is_a]-> GO:0016702
GO:0047071 -[is_a]-> GO:0016702
GO:0047072 -[is_a]-> GO:0016702
GO:0047073 -[is_a]-> GO:0016702
GO:0047074 -[is_a]-> GO:0016702
GO:0047075 -[is_a]-> GO:0016702
GO:0047077 -[is_a]-> GO:0016703
GO:0047077 -[is_a]-> GO:0045289
GO:0047078 -[is_a]-> GO:0016702
GO:0047079 -[is_a]-> GO:0016706
GO:0047080 -[is_a]-> GO:0016706
GO:0047081 -[is_a]-> GO:0016708
GO:0047082 -[is_a]-> GO:0016709
GO:0047083 -[is_a]-> GO:0016709
GO:0047084 -[is_a]-> GO:0016709
GO:0047085 -[is_a]-> GO:0016709
GO:0047086 -[is_a]-> GO:0016709
GO:0047087 -[is_a]-> GO:0016709
GO:0047088 -[is_a]-> GO:0016709
GO:0047089 -[is_a]-> GO:0016709
GO:0047090 -[is_a]-> GO:0016709
GO:0047091 -[is_a]-> GO:0016703
GO:0047091 -[is_a]-> GO:0016709
GO:0047092 -[is_a]-> GO:0016709
GO:0047093 -[is_a]-> GO:0016709
GO:0047094 -[is_a]-> GO:0016709
GO:0047095 -[is_a]-> GO:0016709
GO:0047096 -[is_a]-> GO:0004497
GO:0047096 -[is_a]-> GO:0016705
GO:0047097 -[is_a]-> GO:0004497
GO:0047097 -[is_a]-> GO:0016705
GO:0047098 -[is_a]-> GO:0016705
GO:0047098 -[is_a]-> GO:0045289
GO:0047099 -[is_a]-> GO:0016726
GO:0047100 -[is_a]-> GO:0043891
GO:0047101 -[is_a]-> GO:0016620
GO:0047102 -[is_a]-> GO:0016620
GO:0047103 -[is_a]-> GO:0016620
GO:0047104 -[is_a]-> GO:0016620
GO:0047105 -[is_a]-> GO:0016620
GO:0047106 -[is_a]-> GO:0004029
GO:0047107 -[is_a]-> GO:0004029
GO:0047108 -[is_a]-> GO:0016616
GO:0047109 -[is_a]-> GO:0016616
GO:0047110 -[is_a]-> GO:0016620
GO:0047111 -[is_a]-> GO:0016622
GO:0047112 -[is_a]-> GO:0016623
GO:0047113 -[is_a]-> GO:0016903
GO:0047114 -[is_a]-> GO:0016628
GO:0047115 -[is_a]-> GO:0016628
GO:0047116 -[is_a]-> GO:0016628
GO:0047117 -[is_a]-> GO:0016628
GO:0047118 -[is_a]-> GO:0016628
GO:0047119 -[is_a]-> GO:0016628
GO:0047120 -[is_a]-> GO:0016628
GO:0047121 -[is_a]-> GO:0016627
GO:0047122 -[is_a]-> GO:0016627
GO:0047123 -[is_a]-> GO:0016627
GO:0047124 -[is_a]-> GO:0016639
GO:0047125 -[is_a]-> GO:0016646
GO:0047126 -[is_a]-> GO:0016646
GO:0047127 -[is_a]-> GO:0016646
GO:0047128 -[is_a]-> GO:0016646
GO:0047129 -[is_a]-> GO:0016646
GO:0047130 -[is_a]-> GO:0004753
GO:0047131 -[is_a]-> GO:0004753
GO:0047132 -[is_a]-> GO:0016647
GO:0047133 -[is_a]-> GO:0046997
GO:0047134 -[is_a]-> GO:0015036
GO:0047134 -[is_a]-> GO:0016668
GO:0047135 -[is_a]-> GO:0016668
GO:0047136 -[is_a]-> GO:0046857
GO:0047137 -[is_a]-> GO:0046857
GO:0047138 -[is_a]-> GO:0016723
GO:0047139 -[is_a]-> GO:0016671
GO:0047140 -[is_a]-> GO:0016671
GO:0047141 -[is_a]-> GO:0016671
GO:0047142 -[is_a]-> GO:0016671
GO:0047143 -[is_a]-> GO:0016491
GO:0047144 -[is_a]-> GO:0008374
GO:0047144 -[is_a]-> GO:0042171
GO:0047145 -[is_a]-> GO:0008171
GO:0047146 -[is_a]-> GO:0008171
GO:0047147 -[is_a]-> GO:0008170
GO:0047148 -[is_a]-> GO:0008170
GO:0047149 -[is_a]-> GO:0008172
GO:0047150 -[is_a]-> GO:0008172
GO:0047151 -[is_a]-> GO:0008168
GO:0047152 -[is_a]-> GO:0008168
GO:0047153 -[is_a]-> GO:0016742
GO:0047154 -[is_a]-> GO:0016743
GO:0047155 -[is_a]-> GO:0016743
GO:0047156 -[is_a]-> GO:0016744
GO:0047157 -[is_a]-> GO:0016416
GO:0047158 -[is_a]-> GO:0016753
GO:0047159 -[is_a]-> GO:0008374
GO:0047160 -[is_a]-> GO:0016413
GO:0047161 -[is_a]-> GO:0050737
GO:0047162 -[is_a]-> GO:0016413
GO:0047163 -[is_a]-> GO:0050735
GO:0047164 -[is_a]-> GO:0050736
GO:0047165 -[is_a]-> GO:0050736
GO:0047166 -[is_a]-> GO:0008374
GO:0047167 -[is_a]-> GO:0008374
GO:0047168 -[is_a]-> GO:0016747
GO:0047169 -[is_a]-> GO:0050737
GO:0047170 -[is_a]-> GO:0050737
GO:0047171 -[is_a]-> GO:0050737
GO:0047172 -[is_a]-> GO:0050737
GO:0047173 -[is_a]-> GO:0008374
GO:0047174 -[is_a]-> GO:0016410
GO:0047174 -[is_a]-> GO:0050734
GO:0047175 -[is_a]-> GO:0008374
GO:0047176 -[is_a]-> GO:0016747
GO:0047177 -[is_a]-> GO:0016747
GO:0047178 -[is_a]-> GO:0016747
GO:0047179 -[is_a]-> GO:0016407
GO:0047180 -[is_a]-> GO:0016413
GO:0047181 -[is_a]-> GO:0016747
GO:0047182 -[is_a]-> GO:0016747
GO:0047183 -[is_a]-> GO:0016747
GO:0047184 -[is_a]-> GO:0008374
GO:0047185 -[is_a]-> GO:0016413
GO:0047186 -[is_a]-> GO:0016413
GO:0047187 -[is_a]-> GO:0016418
GO:0047188 -[is_a]-> GO:0016413
GO:0047189 -[is_a]-> GO:0016747
GO:0047190 -[is_a]-> GO:0008374
GO:0047191 -[is_a]-> GO:0008374
GO:0047192 -[is_a]-> GO:0016413
GO:0047194 -[is_a]-> GO:0008374
GO:0047195 -[is_a]-> GO:0008374
GO:0047196 -[is_a]-> GO:0008374
GO:0047197 -[is_a]-> GO:0008374
GO:0047198 -[is_a]-> GO:0008080
GO:0047199 -[is_a]-> GO:0008374
GO:0047200 -[is_a]-> GO:0008080
GO:0047201 -[is_a]-> GO:0016747
GO:0047202 -[is_a]-> GO:0016753
GO:0047203 -[is_a]-> GO:0016747
GO:0047204 -[is_a]-> GO:0050737
GO:0047205 -[is_a]-> GO:0050737
GO:0047206 -[is_a]-> GO:0016755
GO:0047207 -[is_a]-> GO:0050738
GO:0047208 -[is_a]-> GO:0035251
GO:0047209 -[is_a]-> GO:0035251
GO:0047211 -[is_a]-> GO:0016758
GO:0047212 -[is_a]-> GO:0035251
GO:0047213 -[is_a]-> GO:0035251
GO:0047214 -[is_a]-> GO:0035251
GO:0047215 -[is_a]-> GO:0035251
GO:0047216 -[is_a]-> GO:0035250
GO:0047217 -[is_a]-> GO:0046527
GO:0047218 -[is_a]-> GO:0035251
GO:0047219 -[is_a]-> GO:0035251
GO:0047220 -[is_a]-> GO:0035250
GO:0047221 -[is_a]-> GO:0035250
GO:0047222 -[is_a]-> GO:0008375
GO:0047223 -[is_a]-> GO:0008375
GO:0047224 -[is_a]-> GO:0008375
GO:0047225 -[is_a]-> GO:0008375
GO:0047227 -[is_a]-> GO:0035250
GO:0047228 -[is_a]-> GO:0035251
GO:0047229 -[is_a]-> GO:0035251
GO:0047230 -[is_a]-> GO:0008194
GO:0047230 -[is_a]-> GO:0016758
GO:0047231 -[is_a]-> GO:0035251
GO:0047232 -[is_a]-> GO:0008375
GO:0047233 -[is_a]-> GO:0008376
GO:0047234 -[is_a]-> GO:0008378
GO:0047235 -[is_a]-> GO:0035250
GO:0047236 -[is_a]-> GO:0035251
GO:0047237 -[is_a]-> GO:0008376
GO:0047238 -[is_a]-> GO:0008376
GO:0047239 -[is_a]-> GO:0035251
GO:0047240 -[is_a]-> GO:0035250
GO:0047240 -[is_a]-> GO:0048531
GO:0047241 -[is_a]-> GO:0008194
GO:0047241 -[is_a]-> GO:0016758
GO:0047242 -[is_a]-> GO:0035251
GO:0047243 -[is_a]-> GO:0035251
GO:0047244 -[is_a]-> GO:0008194
GO:0047244 -[is_a]-> GO:0016758
GO:0047245 -[is_a]-> GO:0035251
GO:0047246 -[is_a]-> GO:0015020
GO:0047247 -[is_a]-> GO:0015020
GO:0047248 -[is_a]-> GO:0035251
GO:0047249 -[is_a]-> GO:0035251
GO:0047250 -[is_a]-> GO:0035251
GO:0047251 -[is_a]-> GO:0035251
GO:0047252 -[is_a]-> GO:0000030
GO:0047253 -[is_a]-> GO:0008375
GO:0047254 -[is_a]-> GO:0035251
GO:0047255 -[is_a]-> GO:0035250
GO:0047256 -[is_a]-> GO:0008375
GO:0047257 -[is_a]-> GO:0008194
GO:0047257 -[is_a]-> GO:0016758
GO:0047258 -[is_a]-> GO:0035250
GO:0047259 -[is_a]-> GO:0019187
GO:0047260 -[is_a]-> GO:0016758
GO:0047261 -[is_a]-> GO:0008375
GO:0047262 -[is_a]-> GO:0008194
GO:0047262 -[is_a]-> GO:0016758
GO:0047263 -[is_a]-> GO:0035250
GO:0047264 -[is_a]-> GO:0000030
GO:0047265 -[is_a]-> GO:0035251
GO:0047266 -[is_a]-> GO:0035251
GO:0047267 -[is_a]-> GO:0000030
GO:0047268 -[is_a]-> GO:0008378
GO:0047269 -[is_a]-> GO:0008375
GO:0047270 -[is_a]-> GO:0035251
GO:0047270 -[part_of]-> GO:0009103
GO:0047271 -[is_a]-> GO:0035250
GO:0047272 -[is_a]-> GO:0035251
GO:0047273 -[is_a]-> GO:0008376
GO:0047274 -[is_a]-> GO:0008378
GO:0047275 -[is_a]-> GO:0035250
GO:0047276 -[is_a]-> GO:0035250
GO:0047277 -[is_a]-> GO:0008376
GO:0047278 -[is_a]-> GO:0015020
GO:0047279 -[is_a]-> GO:0035250
GO:0047280 -[is_a]-> GO:0016763
GO:0047281 -[is_a]-> GO:0016763
GO:0047282 -[is_a]-> GO:0016763
GO:0047283 -[is_a]-> GO:0035252
GO:0047284 -[is_a]-> GO:0042285
GO:0047285 -[is_a]-> GO:0035252
GO:0047286 -[is_a]-> GO:0016763
GO:0047287 -[is_a]-> GO:0008373
GO:0047288 -[is_a]-> GO:0008373
GO:0047289 -[is_a]-> GO:0008373
GO:0047290 -[is_a]-> GO:0008373
GO:0047291 -[is_a]-> GO:0008373
GO:0047292 -[is_a]-> GO:0016765
GO:0047293 -[is_a]-> GO:0002094
GO:0047294 -[is_a]-> GO:0016765
GO:0047295 -[is_a]-> GO:0016765
GO:0047296 -[is_a]-> GO:0016765
GO:0047297 -[is_a]-> GO:0008483
GO:0047298 -[is_a]-> GO:0008483
GO:0047299 -[is_a]-> GO:0008483
GO:0047300 -[is_a]-> GO:0008483
GO:0047301 -[is_a]-> GO:0008483
GO:0047302 -[is_a]-> GO:0008483
GO:0047303 -[is_a]-> GO:0008483
GO:0047304 -[is_a]-> GO:0008483
GO:0047305 -[is_a]-> GO:0008483
GO:0047306 -[is_a]-> GO:0008483
GO:0047307 -[is_a]-> GO:0008483
GO:0047308 -[is_a]-> GO:0008483
GO:0047309 -[is_a]-> GO:0008483
GO:0047310 -[is_a]-> GO:0070548
GO:0047311 -[is_a]-> GO:0008483
GO:0047312 -[is_a]-> GO:0070546
GO:0047313 -[is_a]-> GO:0008483
GO:0047315 -[is_a]-> GO:0036137
GO:0047316 -[is_a]-> GO:0070548
GO:0047317 -[is_a]-> GO:0008483
GO:0047319 -[is_a]-> GO:0008483
GO:0047320 -[is_a]-> GO:0008483
GO:0047321 -[is_a]-> GO:0016301
GO:0047321 -[is_a]-> GO:0016773
GO:0047322 -[is_a]-> GO:0004672
GO:0047323 -[is_a]-> GO:0004672
GO:0047324 -[is_a]-> GO:0016301
GO:0047324 -[is_a]-> GO:0016773
GO:0047325 -[is_a]-> GO:0051765
GO:0047326 -[is_a]-> GO:0051765
GO:0047327 -[is_a]-> GO:0016301
GO:0047327 -[is_a]-> GO:0016773
GO:0047328 -[is_a]-> GO:0016301
GO:0047328 -[is_a]-> GO:0016773
GO:0047329 -[is_a]-> GO:0016301
GO:0047329 -[is_a]-> GO:0016773
GO:0047330 -[is_a]-> GO:0016301
GO:0047330 -[is_a]-> GO:0016773
GO:0047331 -[is_a]-> GO:0016301
GO:0047331 -[is_a]-> GO:0016773
GO:0047332 -[is_a]-> GO:0016301
GO:0047332 -[is_a]-> GO:0016773
GO:0047333 -[is_a]-> GO:0034071
GO:0047334 -[is_a]-> GO:0008443
GO:0047335 -[is_a]-> GO:0016776
GO:0047336 -[is_a]-> GO:0016301
GO:0047336 -[is_a]-> GO:0016776
GO:0047337 -[is_a]-> GO:0016776
GO:0047338 -[is_a]-> GO:0051748
GO:0047339 -[is_a]-> GO:0016779
GO:0047341 -[is_a]-> GO:0070568
GO:0047342 -[is_a]-> GO:0016779
GO:0047343 -[is_a]-> GO:0070567
GO:0047344 -[is_a]-> GO:0070568
GO:0047345 -[is_a]-> GO:0070566
GO:0047346 -[is_a]-> GO:0070566
GO:0047347 -[is_a]-> GO:0016779
GO:0047348 -[is_a]-> GO:0070567
GO:0047349 -[is_a]-> GO:0070567
GO:0047350 -[is_a]-> GO:0070569
GO:0047351 -[is_a]-> GO:0070568
GO:0047352 -[is_a]-> GO:0070566
GO:0047353 -[is_a]-> GO:0070567
GO:0047354 -[is_a]-> GO:0016780
GO:0047355 -[is_a]-> GO:0016780
GO:0047356 -[is_a]-> GO:0016780
GO:0047357 -[is_a]-> GO:0016780
GO:0047358 -[is_a]-> GO:0016780
GO:0047359 -[is_a]-> GO:0016780
GO:0047360 -[is_a]-> GO:0016780
GO:0047361 -[is_a]-> GO:0016780
GO:0047362 -[is_a]-> GO:0016783
GO:0047363 -[is_a]-> GO:0008146
GO:0047364 -[is_a]-> GO:0008146
GO:0047365 -[is_a]-> GO:0008146
GO:0047366 -[is_a]-> GO:0008146
GO:0047367 -[is_a]-> GO:0008146
GO:0047368 -[is_a]-> GO:0008146
GO:0047369 -[is_a]-> GO:0008410
GO:0047370 -[is_a]-> GO:0008410
GO:0047371 -[is_a]-> GO:0008410
GO:0047372 -[is_a]-> GO:0016298
GO:0047372 -[is_a]-> GO:0052689
GO:0047373 -[is_a]-> GO:0019213
GO:0047373 -[is_a]-> GO:0052689
GO:0047374 -[is_a]-> GO:0019213
GO:0047374 -[is_a]-> GO:0052689
GO:0047375 -[is_a]-> GO:0019213
GO:0047375 -[is_a]-> GO:0052689
GO:0047376 -[is_a]-> GO:0052689
GO:0047376 -[part_of]-> GO:0042572
GO:0047377 -[is_a]-> GO:0019213
GO:0047377 -[is_a]-> GO:0052689
GO:0047378 -[is_a]-> GO:0052689
GO:0047379 -[is_a]-> GO:0047617
GO:0047380 -[is_a]-> GO:0052815
GO:0047381 -[is_a]-> GO:0016297
GO:0047382 -[is_a]-> GO:0016791
GO:0047383 -[is_a]-> GO:0016791
GO:0047384 -[is_a]-> GO:0016791
GO:0047385 -[is_a]-> GO:0016791
GO:0047386 -[is_a]-> GO:0050308
GO:0047387 -[is_a]-> GO:0008081
GO:0047388 -[is_a]-> GO:0008081
GO:0047389 -[is_a]-> GO:0008081
GO:0047390 -[is_a]-> GO:0008081
GO:0047391 -[is_a]-> GO:0008081
GO:0047392 -[is_a]-> GO:0008081
GO:0047393 -[is_a]-> GO:0008081
GO:0047394 -[is_a]-> GO:0008081
GO:0047395 -[is_a]-> GO:0008081
GO:0047396 -[is_a]-> GO:0009975
GO:0047396 -[is_a]-> GO:0016849
GO:0047397 -[is_a]-> GO:0008081
GO:0047398 -[is_a]-> GO:0008081
GO:0047399 -[is_a]-> GO:0008081
GO:0047400 -[is_a]-> GO:0016827
GO:0047401 -[is_a]-> GO:0016828
GO:0047402 -[is_a]-> GO:0015926
GO:0047403 -[is_a]-> GO:0004553
GO:0047404 -[is_a]-> GO:0004553
GO:0047405 -[is_a]-> GO:0016799
GO:0047406 -[is_a]-> GO:0016799
GO:0047407 -[is_a]-> GO:0016799
GO:0047408 -[is_a]-> GO:0016803
GO:0047409 -[is_a]-> GO:0016803
GO:0047410 -[is_a]-> GO:0016811
GO:0047411 -[is_a]-> GO:0016811
GO:0047412 -[is_a]-> GO:0016811
GO:0047413 -[is_a]-> GO:0016811
GO:0047414 -[is_a]-> GO:0016811
GO:0047415 -[is_a]-> GO:0016811
GO:0047416 -[is_a]-> GO:0016811
GO:0047417 -[is_a]-> GO:0016811
GO:0047418 -[is_a]-> GO:0016811
GO:0047419 -[is_a]-> GO:0016811
GO:0047419 -[is_a]-> GO:0019213
GO:0047420 -[is_a]-> GO:0016811
GO:0047421 -[is_a]-> GO:0016811
GO:0047422 -[is_a]-> GO:0016811
GO:0047423 -[is_a]-> GO:0016812
GO:0047424 -[is_a]-> GO:0016813
GO:0047424 -[is_a]-> GO:0019239
GO:0047425 -[is_a]-> GO:0016814
GO:0047425 -[is_a]-> GO:0019239
GO:0047426 -[is_a]-> GO:0000257
GO:0047427 -[is_a]-> GO:0000257
GO:0047428 -[is_a]-> GO:0000257
GO:0047429 -[is_a]-> GO:0016462
GO:0047430 -[is_a]-> GO:0016462
GO:0047431 -[is_a]-> GO:0016831
GO:0047432 -[is_a]-> GO:0016831
GO:0047433 -[is_a]-> GO:0016831
GO:0047434 -[is_a]-> GO:0016831
GO:0047435 -[is_a]-> GO:0016831
GO:0047436 -[is_a]-> GO:0016831
GO:0047437 -[is_a]-> GO:0016831
GO:0047438 -[is_a]-> GO:0016832
GO:0047439 -[is_a]-> GO:0016832
GO:0047440 -[is_a]-> GO:0016832
GO:0047441 -[is_a]-> GO:0016832
GO:0047442 -[is_a]-> GO:0016832
GO:0047443 -[is_a]-> GO:0016833
GO:0047444 -[is_a]-> GO:0016765
GO:0047445 -[is_a]-> GO:0016833
GO:0047446 -[is_a]-> GO:0016833
GO:0047447 -[is_a]-> GO:0016841
GO:0047448 -[is_a]-> GO:0016836
GO:0047449 -[is_a]-> GO:0016836
GO:0047450 -[is_a]-> GO:0019171
GO:0047451 -[is_a]-> GO:0019171
GO:0047452 -[is_a]-> GO:0016836
GO:0047453 -[is_a]-> GO:0016836
GO:0047454 -[is_a]-> GO:0016836
GO:0047455 -[is_a]-> GO:0016836
GO:0047456 -[is_a]-> GO:0016836
GO:0047457 -[is_a]-> GO:0016837
GO:0047458 -[is_a]-> GO:0016765
GO:0047459 -[is_a]-> GO:0016841
GO:0047460 -[is_a]-> GO:0016848
GO:0047461 -[is_a]-> GO:0010334
GO:0047462 -[is_a]-> GO:0047661
GO:0047463 -[is_a]-> GO:0016855
GO:0047464 -[is_a]-> GO:0016857
GO:0047465 -[is_a]-> GO:0016857
GO:0047466 -[is_a]-> GO:0016859
GO:0047467 -[is_a]-> GO:0016859
GO:0047468 -[is_a]-> GO:0004614
GO:0047469 -[is_a]-> GO:0016866
GO:0047470 -[is_a]-> GO:0016866
GO:0047471 -[is_a]-> GO:0016866
GO:0047472 -[is_a]-> GO:0016872
GO:0047473 -[is_a]-> GO:0016876
GO:0047474 -[is_a]-> GO:0016878
GO:0047475 -[is_a]-> GO:0016878
GO:0047476 -[is_a]-> GO:0016878
GO:0047478 -[is_a]-> GO:0016880
GO:0047479 -[is_a]-> GO:0016880
GO:0047480 -[is_a]-> GO:0016881
GO:0047481 -[is_a]-> GO:0016881
GO:0047482 -[is_a]-> GO:0016881
GO:0047483 -[is_a]-> GO:0016879
GO:0047484 -[is_a]-> GO:0080134
GO:0047484 -[regulates]-> GO:0006970
GO:0047485 -[is_a]-> GO:0005515
GO:0047486 -[is_a]-> GO:0016837
GO:0047487 -[is_a]-> GO:0016837
GO:0047488 -[is_a]-> GO:0016837
GO:0047489 -[is_a]-> GO:0016837
GO:0047490 -[is_a]-> GO:0016837
GO:0047491 -[is_a]-> GO:0016837
GO:0047492 -[is_a]-> GO:0016837
GO:0047493 -[is_a]-> GO:0016780
GO:0047494 -[is_a]-> GO:0016780
GO:0047495 -[is_a]-> GO:0016780
GO:0047496 -[is_a]-> GO:0072384
GO:0047496 -[is_a]-> GO:0099518
GO:0047497 -[is_a]-> GO:0034643
GO:0047497 -[is_a]-> GO:0072384
GO:0047498 -[is_a]-> GO:0004623
GO:0047499 -[is_a]-> GO:0004623
GO:0047500 -[is_a]-> GO:0016616
GO:0047501 -[is_a]-> GO:0016616
GO:0047502 -[is_a]-> GO:0016616
GO:0047503 -[is_a]-> GO:0016616
GO:0047504 -[is_a]-> GO:0016616
GO:0047505 -[is_a]-> GO:0016709
GO:0047506 -[is_a]-> GO:0016301
GO:0047506 -[is_a]-> GO:0016776
GO:0047507 -[is_a]-> GO:0016776
GO:0047507 -[is_a]-> GO:0019205
GO:0047508 -[is_a]-> GO:0016836
GO:0047509 -[is_a]-> GO:0016620
GO:0047510 -[is_a]-> GO:0016836
GO:0047511 -[is_a]-> GO:0016289
GO:0047512 -[is_a]-> GO:0016616
GO:0047513 -[is_a]-> GO:0004560
GO:0047514 -[is_a]-> GO:0004645
GO:0047515 -[is_a]-> GO:0004645
GO:0047516 -[is_a]-> GO:0016616
GO:0047517 -[is_a]-> GO:0008194
GO:0047517 -[is_a]-> GO:0016763
GO:0047518 -[is_a]-> GO:0016799
GO:0047519 -[is_a]-> GO:0016901
GO:0047520 -[is_a]-> GO:0052689
GO:0047520 -[part_of]-> GO:0042572
GO:0047521 -[is_a]-> GO:0033764
GO:0047522 -[is_a]-> GO:0016628
GO:0047524 -[is_a]-> GO:0016854
GO:0047525 -[is_a]-> GO:0016628
GO:0047526 -[is_a]-> GO:0016628
GO:0047527 -[is_a]-> GO:0016881
GO:0047528 -[is_a]-> GO:0016702
GO:0047529 -[is_a]-> GO:0016833
GO:0047530 -[is_a]-> GO:0016639
GO:0047531 -[is_a]-> GO:0008483
GO:0047532 -[is_a]-> GO:0016812
GO:0047533 -[is_a]-> GO:0016620
GO:0047534 -[is_a]-> GO:0016866
GO:0047535 -[is_a]-> GO:0016616
GO:0047536 -[is_a]-> GO:0008483
GO:0047537 -[is_a]-> GO:0008483
GO:0047538 -[is_a]-> GO:0016791
GO:0047539 -[is_a]-> GO:0015926
GO:0047540 -[is_a]-> GO:0016628
GO:0047541 -[is_a]-> GO:0016878
GO:0047542 -[is_a]-> GO:0016627
GO:0047543 -[is_a]-> GO:0016628
GO:0047544 -[is_a]-> GO:0016709
GO:0047545 -[is_a]-> GO:0016614
GO:0047546 -[is_a]-> GO:0004497
GO:0047546 -[is_a]-> GO:0016705
GO:0047547 -[is_a]-> GO:0016836
GO:0047548 -[is_a]-> GO:0016866
GO:0047549 -[is_a]-> GO:0016709
GO:0047550 -[is_a]-> GO:0016616
GO:0047551 -[is_a]-> GO:0004029
GO:0047552 -[is_a]-> GO:0033721
GO:0047553 -[is_a]-> GO:0016625
GO:0047554 -[is_a]-> GO:0052689
GO:0047555 -[is_a]-> GO:0004114
GO:0047556 -[is_a]-> GO:0016831
GO:0047557 -[is_a]-> GO:0016663
GO:0047558 -[is_a]-> GO:0016836
GO:0047559 -[is_a]-> GO:0016616
GO:0047560 -[is_a]-> GO:0016616
GO:0047561 -[is_a]-> GO:0016682
GO:0047562 -[is_a]-> GO:0016833
GO:0047563 -[is_a]-> GO:0004497
GO:0047563 -[is_a]-> GO:0016705
GO:0047564 -[is_a]-> GO:0016614
GO:0047565 -[is_a]-> GO:0016616
GO:0047566 -[is_a]-> GO:0016843
GO:0047567 -[is_a]-> GO:0016628
GO:0047568 -[is_a]-> GO:0033765
GO:0047569 -[is_a]-> GO:0008410
GO:0047570 -[is_a]-> GO:0052689
GO:0047571 -[is_a]-> GO:0033765
GO:0047572 -[is_a]-> GO:0016791
GO:0047573 -[is_a]-> GO:0016811
GO:0047573 -[is_a]-> GO:0019213
GO:0047574 -[is_a]-> GO:0016811
GO:0047574 -[is_a]-> GO:0019213
GO:0047575 -[is_a]-> GO:0016831
GO:0047576 -[is_a]-> GO:0019120
GO:0047577 -[is_a]-> GO:0016616
GO:0047578 -[is_a]-> GO:0008483
GO:0047579 -[is_a]-> GO:0016899
GO:0047580 -[is_a]-> GO:0047661
GO:0047581 -[is_a]-> GO:0016880
GO:0047582 -[is_a]-> GO:0016811
GO:0047583 -[is_a]-> GO:0052689
GO:0047584 -[is_a]-> GO:0016836
GO:0047585 -[is_a]-> GO:0052689
GO:0047586 -[is_a]-> GO:0016818
GO:0047587 -[is_a]-> GO:0016836
GO:0047588 -[is_a]-> GO:0016811
GO:0047589 -[is_a]-> GO:0008483
GO:0047590 -[is_a]-> GO:0016301
GO:0047590 -[is_a]-> GO:0016773
GO:0047591 -[is_a]-> GO:0008410
GO:0047592 -[is_a]-> GO:0016708
GO:0047593 -[is_a]-> GO:0019213
GO:0047593 -[is_a]-> GO:0052689
GO:0047594 -[is_a]-> GO:0016706
GO:0047595 -[is_a]-> GO:0016636
GO:0047596 -[is_a]-> GO:0016831
GO:0047597 -[is_a]-> GO:0016709
GO:0047598 -[is_a]-> GO:0016628
GO:0047599 -[is_a]-> GO:0016616
GO:0047600 -[is_a]-> GO:0016758
GO:0047601 -[is_a]-> GO:0016301
GO:0047601 -[is_a]-> GO:0016774
GO:0047602 -[is_a]-> GO:0016831
GO:0047603 -[is_a]-> GO:0016289
GO:0047604 -[is_a]-> GO:0016856
GO:0047605 -[is_a]-> GO:0016831
GO:0047606 -[is_a]-> GO:0016832
GO:0047608 -[is_a]-> GO:0016663
GO:0047609 -[is_a]-> GO:0016811
GO:0047609 -[is_a]-> GO:0019213
GO:0047610 -[is_a]-> GO:0019213
GO:0047610 -[is_a]-> GO:0052689
GO:0047611 -[is_a]-> GO:0016811
GO:0047611 -[is_a]-> GO:0019213
GO:0047612 -[is_a]-> GO:0016878
GO:0047613 -[is_a]-> GO:0016831
GO:0047614 -[is_a]-> GO:0016863
GO:0047615 -[is_a]-> GO:0052689
GO:0047616 -[is_a]-> GO:0016628
GO:0047617 -[is_a]-> GO:0016289
GO:0047618 -[is_a]-> GO:0016811
GO:0047619 -[is_a]-> GO:0052689
GO:0047620 -[is_a]-> GO:0016301
GO:0047620 -[is_a]-> GO:0016773
GO:0047621 -[is_a]-> GO:0016823
GO:0047622 -[is_a]-> GO:0008477
GO:0047623 -[is_a]-> GO:0016814
GO:0047623 -[is_a]-> GO:0019239
GO:0047624 -[is_a]-> GO:0016462
GO:0047625 -[is_a]-> GO:0016765
GO:0047626 -[is_a]-> GO:0016802
GO:0047627 -[is_a]-> GO:0016819
GO:0047628 -[is_a]-> GO:0016301
GO:0047628 -[is_a]-> GO:0016773
GO:0047629 -[is_a]-> GO:0047623
GO:0047630 -[is_a]-> GO:0016791
GO:0047631 -[is_a]-> GO:0016462
GO:0047632 -[is_a]-> GO:0016813
GO:0047633 -[is_a]-> GO:0016301
GO:0047633 -[is_a]-> GO:0016775
GO:0047634 -[is_a]-> GO:0016747
GO:0047635 -[is_a]-> GO:0008483
GO:0047636 -[is_a]-> GO:0016646
GO:0047637 -[is_a]-> GO:0016755
GO:0047638 -[is_a]-> GO:0016709
GO:0047639 -[is_a]-> GO:0016899
GO:0047640 -[is_a]-> GO:0016616
GO:0047641 -[is_a]-> GO:0016616
GO:0047642 -[is_a]-> GO:0050738
GO:0047643 -[is_a]-> GO:0016758
GO:0047644 -[is_a]-> GO:0035251
GO:0047645 -[is_a]-> GO:0016614
GO:0047646 -[is_a]-> GO:0016712
GO:0047647 -[is_a]-> GO:0016791
GO:0047648 -[is_a]-> GO:0016811
GO:0047649 -[is_a]-> GO:0016301
GO:0047649 -[is_a]-> GO:0016773
GO:0047650 -[is_a]-> GO:0016301
GO:0047650 -[is_a]-> GO:0016773
GO:0047651 -[is_a]-> GO:0019120
GO:0047652 -[is_a]-> GO:0016813
GO:0047653 -[is_a]-> GO:0016854
GO:0047654 -[is_a]-> GO:0016846
GO:0047655 -[is_a]-> GO:0016616
GO:0047656 -[is_a]-> GO:0004645
GO:0047657 -[is_a]-> GO:0008194
GO:0047657 -[is_a]-> GO:0016758
GO:0047658 -[is_a]-> GO:0052689
GO:0047659 -[is_a]-> GO:0016628
GO:0047660 -[is_a]-> GO:0016813
GO:0047661 -[is_a]-> GO:0036361
GO:0047662 -[is_a]-> GO:0016831
GO:0047663 -[is_a]-> GO:0034069
GO:0047664 -[is_a]-> GO:0016814
GO:0047665 -[is_a]-> GO:0008483
GO:0047666 -[is_a]-> GO:0016301
GO:0047666 -[is_a]-> GO:0016775
GO:0047667 -[is_a]-> GO:0016301
GO:0047667 -[is_a]-> GO:0016773
GO:0047668 -[is_a]-> GO:0008422
GO:0047669 -[is_a]-> GO:0016758
GO:0047670 -[is_a]-> GO:0016709
GO:0047671 -[is_a]-> GO:0070566
GO:0047672 -[is_a]-> GO:0016747
GO:0047673 -[is_a]-> GO:0050735
GO:0047674 -[is_a]-> GO:0016616
GO:0047675 -[is_a]-> GO:0016836
GO:0047676 -[is_a]-> GO:0016878
GO:0047677 -[is_a]-> GO:0016702
GO:0047678 -[is_a]-> GO:0016703
GO:0047679 -[is_a]-> GO:0047661
GO:0047680 -[is_a]-> GO:0016811
GO:0047681 -[is_a]-> GO:0016616
GO:0047682 -[is_a]-> GO:0016899
GO:0047683 -[is_a]-> GO:0033721
GO:0047684 -[is_a]-> GO:0035251
GO:0047685 -[is_a]-> GO:0008146
GO:0047686 -[is_a]-> GO:0008146
GO:0047688 -[is_a]-> GO:0016831
GO:0047689 -[is_a]-> GO:0047661
GO:0047690 -[is_a]-> GO:0016755
GO:0047691 -[is_a]-> GO:0016765
GO:0047692 -[is_a]-> GO:0047623
GO:0047693 -[is_a]-> GO:0047429
GO:0047694 -[is_a]-> GO:0016812
GO:0047695 -[is_a]-> GO:0016832
GO:0047696 -[is_a]-> GO:0004672
GO:0047697 -[is_a]-> GO:0016646
GO:0047698 -[is_a]-> GO:0016841
GO:0047699 -[is_a]-> GO:0016823
GO:0047700 -[is_a]-> GO:0016301
GO:0047700 -[is_a]-> GO:0016773
GO:0047701 -[is_a]-> GO:0004553
GO:0047702 -[is_a]-> GO:0016869
GO:0047703 -[is_a]-> GO:0016628
GO:0047704 -[is_a]-> GO:0008146
GO:0047705 -[is_a]-> GO:0016634
GO:0047706 -[is_a]-> GO:0016628
GO:0047707 -[is_a]-> GO:0016878
GO:0047708 -[is_a]-> GO:0016811
GO:0047709 -[is_a]-> GO:0052689
GO:0047710 -[is_a]-> GO:0004551
GO:0047711 -[is_a]-> GO:0016814
GO:0047711 -[is_a]-> GO:0019239
GO:0047712 -[is_a]-> GO:0016703
GO:0047712 -[is_a]-> GO:0045289
GO:0047713 -[is_a]-> GO:0016616
GO:0047713 -[is_a]-> GO:0031320
GO:0047714 -[is_a]-> GO:0016298
GO:0047714 -[is_a]-> GO:0052689
GO:0047715 -[is_a]-> GO:0016301
GO:0047715 -[is_a]-> GO:0016775
GO:0047716 -[is_a]-> GO:0008080
GO:0047717 -[is_a]-> GO:0016709
GO:0047718 -[is_a]-> GO:0016616
GO:0047719 -[is_a]-> GO:0016702
GO:0047720 -[is_a]-> GO:0016829
GO:0047721 -[is_a]-> GO:0010279
GO:0047722 -[is_a]-> GO:0016616
GO:0047723 -[is_a]-> GO:0016799
GO:0047724 -[is_a]-> GO:0008477
GO:0047725 -[is_a]-> GO:0016758
GO:0047726 -[is_a]-> GO:0016675
GO:0047727 -[is_a]-> GO:0016866
GO:0047728 -[is_a]-> GO:0016616
GO:0047729 -[is_a]-> GO:0016831
GO:0047730 -[is_a]-> GO:0016881
GO:0047731 -[is_a]-> GO:0016899
GO:0047732 -[is_a]-> GO:0016857
GO:0047733 -[is_a]-> GO:0016836
GO:0047734 -[is_a]-> GO:0016462
GO:0047735 -[is_a]-> GO:0016614
GO:0047736 -[is_a]-> GO:0016857
GO:0047738 -[is_a]-> GO:0004645
GO:0047739 -[is_a]-> GO:0019213
GO:0047739 -[is_a]-> GO:0052689
GO:0047740 -[is_a]-> GO:0008483
GO:0047741 -[is_a]-> GO:0052689
GO:0047742 -[is_a]-> GO:0016811
GO:0047743 -[is_a]-> GO:0016616
GO:0047744 -[is_a]-> GO:0016702
GO:0047745 -[is_a]-> GO:0052689
GO:0047746 -[is_a]-> GO:0052689
GO:0047747 -[is_a]-> GO:0016878
GO:0047748 -[is_a]-> GO:0016616
GO:0047749 -[is_a]-> GO:0016709
GO:0047750 -[is_a]-> GO:0016863
GO:0047751 -[is_a]-> GO:0035671
GO:0047753 -[is_a]-> GO:0008484
GO:0047754 -[is_a]-> GO:0008146
GO:0047755 -[is_a]-> GO:0016856
GO:0047756 -[is_a]-> GO:0034481
GO:0047757 -[is_a]-> GO:0016857
GO:0047758 -[is_a]-> GO:0016301
GO:0047758 -[is_a]-> GO:0016774
GO:0047759 -[is_a]-> GO:0016620
GO:0047760 -[is_a]-> GO:0016878
GO:0047761 -[is_a]-> GO:0016301
GO:0047761 -[is_a]-> GO:0016774
GO:0047762 -[is_a]-> GO:0016702
GO:0047763 -[is_a]-> GO:0008171
GO:0047764 -[is_a]-> GO:0004672
GO:0047765 -[is_a]-> GO:0016791
GO:0047766 -[is_a]-> GO:0016841
GO:0047768 -[is_a]-> GO:0009975
GO:0047768 -[is_a]-> GO:0016872
GO:0047769 -[is_a]-> GO:0016836
GO:0047770 -[is_a]-> GO:0016903
GO:0047771 -[is_a]-> GO:0016812
GO:0047772 -[is_a]-> GO:0016835
GO:0047773 -[is_a]-> GO:0016811
GO:0047774 -[is_a]-> GO:0016628
GO:0047775 -[is_a]-> GO:0008410
GO:0047776 -[is_a]-> GO:0016833
GO:0047777 -[is_a]-> GO:0016833
GO:0047778 -[is_a]-> GO:0016790
GO:0047779 -[is_a]-> GO:0016878
GO:0047780 -[is_a]-> GO:0016836
GO:0047780 -[has_part]-> GO:0003994
GO:0047781 -[is_a]-> GO:0016811
GO:0047782 -[is_a]-> GO:0008422
GO:0047783 -[is_a]-> GO:0016713
GO:0047784 -[is_a]-> GO:0016413
GO:0047785 -[is_a]-> GO:0008146
GO:0047786 -[is_a]-> GO:0016628
GO:0047787 -[is_a]-> GO:0035671
GO:0047788 -[is_a]-> GO:0016628
GO:0047789 -[is_a]-> GO:0016812
GO:0047790 -[is_a]-> GO:0016814
GO:0047790 -[is_a]-> GO:0019239
GO:0047791 -[is_a]-> GO:0016628
GO:0047792 -[is_a]-> GO:0035251
GO:0047793 -[is_a]-> GO:0016872
GO:0047794 -[is_a]-> GO:0016628
GO:0047795 -[is_a]-> GO:0016616
GO:0047796 -[is_a]-> GO:0016823
GO:0047797 -[is_a]-> GO:0016627
GO:0047798 -[is_a]-> GO:0004553
GO:0047799 -[is_a]-> GO:0016709
GO:0047800 -[is_a]-> GO:0016702
GO:0047801 -[is_a]-> GO:0008483
GO:0047802 -[is_a]-> GO:0008483
GO:0047803 -[is_a]-> GO:0016846
GO:0047804 -[is_a]-> GO:0016846
GO:0047805 -[is_a]-> GO:0009975
GO:0047805 -[is_a]-> GO:0016849
GO:0047805 -[part_of]-> GO:0009190
GO:0047806 -[is_a]-> GO:0016697
GO:0047807 -[is_a]-> GO:0035251
GO:0047808 -[is_a]-> GO:0016836
GO:0047809 -[is_a]-> GO:0016614
GO:0047810 -[is_a]-> GO:0008483
GO:0047811 -[is_a]-> GO:0016755
GO:0047812 -[is_a]-> GO:0008080
GO:0047813 -[is_a]-> GO:0016616
GO:0047814 -[is_a]-> GO:0016301
GO:0047814 -[is_a]-> GO:0016773
GO:0047815 -[is_a]-> GO:0052689
GO:0047816 -[is_a]-> GO:0016616
GO:0047817 -[is_a]-> GO:0016813
GO:0047818 -[is_a]-> GO:0016836
GO:0047819 -[is_a]-> GO:0003884
GO:0047820 -[is_a]-> GO:0009975
GO:0047820 -[is_a]-> GO:0016836
GO:0047821 -[is_a]-> GO:0003884
GO:0047822 -[is_a]-> GO:0016668
GO:0047823 -[is_a]-> GO:0016755
GO:0047824 -[is_a]-> GO:0016616
GO:0047824 -[is_a]-> GO:0031320
GO:0047825 -[is_a]-> GO:0008484
GO:0047826 -[is_a]-> GO:0016869
GO:0047827 -[is_a]-> GO:0016646
GO:0047828 -[is_a]-> GO:0016861
GO:0047829 -[is_a]-> GO:0016646
GO:0047830 -[is_a]-> GO:0016646
GO:0047831 -[is_a]-> GO:0016869
GO:0047832 -[is_a]-> GO:0016616
GO:0047833 -[is_a]-> GO:0016614
GO:0047834 -[is_a]-> GO:0016616
GO:0047835 -[is_a]-> GO:0008080
GO:0047836 -[is_a]-> GO:0050735
GO:0047837 -[is_a]-> GO:0016616
GO:0047838 -[is_a]-> GO:0016616
GO:0047839 -[is_a]-> GO:0016769
GO:0047840 -[is_a]-> GO:0047429
GO:0047841 -[is_a]-> GO:0016301
GO:0047841 -[is_a]-> GO:0016773
GO:0047842 -[is_a]-> GO:0016831
GO:0047843 -[is_a]-> GO:0016614
GO:0047844 -[is_a]-> GO:0016814
GO:0047844 -[is_a]-> GO:0019239
GO:0047845 -[is_a]-> GO:0052689
GO:0047846 -[is_a]-> GO:0016791
GO:0047847 -[is_a]-> GO:0016763
GO:0047848 -[is_a]-> GO:0004672
GO:0047849 -[is_a]-> GO:0016758
GO:0047850 -[is_a]-> GO:0016639
GO:0047851 -[is_a]-> GO:0016878
GO:0047852 -[is_a]-> GO:0016723
GO:0047853 -[is_a]-> GO:0004553
GO:0047854 -[is_a]-> GO:0016813
GO:0047855 -[is_a]-> GO:0016616
GO:0047856 -[is_a]-> GO:0052689
GO:0047857 -[is_a]-> GO:0016634
GO:0047858 -[is_a]-> GO:0016831
GO:0047860 -[is_a]-> GO:0016616
GO:0047861 -[is_a]-> GO:0008483
GO:0047862 -[is_a]-> GO:0016795
GO:0047863 -[is_a]-> GO:0004659
GO:0047864 -[is_a]-> GO:0016832
GO:0047865 -[is_a]-> GO:0046997
GO:0047866 -[is_a]-> GO:0016647
GO:0047867 -[is_a]-> GO:0016616
GO:0047868 -[is_a]-> GO:0016836
GO:0047869 -[is_a]-> GO:0016846
GO:0047870 -[is_a]-> GO:0016765
GO:0047871 -[is_a]-> GO:0008484
GO:0047872 -[is_a]-> GO:0008374
GO:0047873 -[is_a]-> GO:0016791
GO:0047874 -[is_a]-> GO:0016462
GO:0047875 -[is_a]-> GO:0016899
GO:0047876 -[is_a]-> GO:0004553
GO:0047877 -[is_a]-> GO:0016646
GO:0047878 -[is_a]-> GO:0016301
GO:0047878 -[is_a]-> GO:0016773
GO:0047879 -[is_a]-> GO:0016747
GO:0047880 -[is_a]-> GO:0016616
GO:0047881 -[is_a]-> GO:0033764
GO:0047882 -[is_a]-> GO:0004497
GO:0047882 -[is_a]-> GO:0016705
GO:0047883 -[is_a]-> GO:0016641
GO:0047884 -[is_a]-> GO:0004551
GO:0047885 -[is_a]-> GO:0016859
GO:0047886 -[is_a]-> GO:0016616
GO:0047887 -[is_a]-> GO:0016301
GO:0047887 -[is_a]-> GO:0016776
GO:0047888 -[is_a]-> GO:0004601
GO:0047889 -[is_a]-> GO:0016664
GO:0047890 -[is_a]-> GO:0016616
GO:0047891 -[is_a]-> GO:0035251
GO:0047892 -[is_a]-> GO:0008194
GO:0047892 -[is_a]-> GO:0016763
GO:0047893 -[is_a]-> GO:0035251
GO:0047894 -[is_a]-> GO:0008146
GO:0047895 -[is_a]-> GO:0016903
GO:0047896 -[is_a]-> GO:0016744
GO:0047897 -[is_a]-> GO:0016879
GO:0047898 -[is_a]-> GO:0016622
GO:0047899 -[is_a]-> GO:0016620
GO:0047900 -[is_a]-> GO:0016301
GO:0047900 -[is_a]-> GO:0016774
GO:0047901 -[is_a]-> GO:0016289
GO:0047902 -[is_a]-> GO:0016811
GO:0047903 -[is_a]-> GO:0016616
GO:0047904 -[is_a]-> GO:0016614
GO:0047905 -[is_a]-> GO:0016832
GO:0047906 -[is_a]-> GO:0016832
GO:0047907 -[is_a]-> GO:0016859
GO:0047908 -[is_a]-> GO:0052689
GO:0047909 -[is_a]-> GO:0008374
GO:0047910 -[is_a]-> GO:0016616
GO:0047911 -[is_a]-> GO:0004553
GO:0047912 -[is_a]-> GO:0016301
GO:0047912 -[is_a]-> GO:0016773
GO:0047913 -[is_a]-> GO:0035251
GO:0047914 -[is_a]-> GO:0016881
GO:0047915 -[is_a]-> GO:0035250
GO:0047916 -[is_a]-> GO:0016616
GO:0047917 -[is_a]-> GO:0015926
GO:0047918 -[is_a]-> GO:0016857
GO:0047919 -[is_a]-> GO:0016616
GO:0047920 -[is_a]-> GO:0016628
GO:0047921 -[is_a]-> GO:0034069
GO:0047922 -[is_a]-> GO:0016702
GO:0047923 -[is_a]-> GO:0016831
GO:0047924 -[is_a]-> GO:0016616
GO:0047925 -[is_a]-> GO:0016421
GO:0047926 -[is_a]-> GO:0009975
GO:0047926 -[is_a]-> GO:0016872
GO:0047927 -[is_a]-> GO:0016706
GO:0047928 -[is_a]-> GO:0035251
GO:0047929 -[is_a]-> GO:0016836
GO:0047930 -[is_a]-> GO:0016841
GO:0047931 -[is_a]-> GO:0016301
GO:0047931 -[is_a]-> GO:0016773
GO:0047932 -[is_a]-> GO:0008080
GO:0047933 -[is_a]-> GO:0016301
GO:0047933 -[is_a]-> GO:0016773
GO:0047934 -[is_a]-> GO:0016616
GO:0047935 -[is_a]-> GO:0016616
GO:0047936 -[is_a]-> GO:0016616
GO:0047937 -[is_a]-> GO:0016301
GO:0047937 -[is_a]-> GO:0016773
GO:0047938 -[is_a]-> GO:0016857
GO:0047939 -[is_a]-> GO:0016616
GO:0047940 -[is_a]-> GO:0016301
GO:0047940 -[is_a]-> GO:0016773
GO:0047941 -[is_a]-> GO:0016616
GO:0047942 -[is_a]-> GO:0016880
GO:0047943 -[is_a]-> GO:0016879
GO:0047944 -[is_a]-> GO:0016301
GO:0047944 -[is_a]-> GO:0016774
GO:0047945 -[is_a]-> GO:0070548
GO:0047946 -[is_a]-> GO:0016410
GO:0047947 -[is_a]-> GO:0016747
GO:0047948 -[is_a]-> GO:0016878
GO:0047949 -[is_a]-> GO:0016620
GO:0047950 -[is_a]-> GO:0016670
GO:0047951 -[is_a]-> GO:0016790
GO:0047952 -[is_a]-> GO:0016616
GO:0047953 -[is_a]-> GO:0016616
GO:0047954 -[is_a]-> GO:0016791
GO:0047955 -[is_a]-> GO:0016614
GO:0047956 -[is_a]-> GO:0016616
GO:0047957 -[is_a]-> GO:0016709
GO:0047958 -[is_a]-> GO:0008483
GO:0047959 -[is_a]-> GO:0016640
GO:0047960 -[is_a]-> GO:0016639
GO:0047961 -[is_a]-> GO:0016410
GO:0047962 -[is_a]-> GO:0016747
GO:0047963 -[is_a]-> GO:0016747
GO:0047964 -[is_a]-> GO:0016616
GO:0047965 -[is_a]-> GO:0016416
GO:0047966 -[is_a]-> GO:0008484
GO:0047967 -[is_a]-> GO:0004553
GO:0047968 -[is_a]-> GO:0016620
GO:0047969 -[is_a]-> GO:0016623
GO:0047970 -[is_a]-> GO:0016813
GO:0047971 -[is_a]-> GO:0016813
GO:0047972 -[is_a]-> GO:0016813
GO:0047973 -[is_a]-> GO:0016301
GO:0047973 -[is_a]-> GO:0016775
GO:0047974 -[is_a]-> GO:0016814
GO:0047974 -[is_a]-> GO:0019239
GO:0047975 -[is_a]-> GO:0016763
GO:0047976 -[is_a]-> GO:0016301
GO:0047976 -[is_a]-> GO:0016773
GO:0047977 -[is_a]-> GO:0016803
GO:0047978 -[is_a]-> GO:0016616
GO:0047979 -[is_a]-> GO:0016899
GO:0047980 -[is_a]-> GO:0016811
GO:0047981 -[is_a]-> GO:0008080
GO:0047982 -[is_a]-> GO:0016846
GO:0047983 -[is_a]-> GO:0016881
GO:0047985 -[is_a]-> GO:0016696
GO:0047986 -[is_a]-> GO:0016418
GO:0047987 -[is_a]-> GO:0016836
GO:0047988 -[is_a]-> GO:0016614
GO:0047989 -[is_a]-> GO:0052689
GO:0047990 -[is_a]-> GO:0016831
GO:0047991 -[is_a]-> GO:0016663
GO:0047992 -[is_a]-> GO:0016301
GO:0047992 -[is_a]-> GO:0016773
GO:0047993 -[is_a]-> GO:0016616
GO:0047994 -[is_a]-> GO:0016289
GO:0047995 -[is_a]-> GO:0016616
GO:0047996 -[is_a]-> GO:0016899
GO:0047997 -[is_a]-> GO:0016831
GO:0047998 -[is_a]-> GO:0016706
GO:0047999 -[is_a]-> GO:0046857
GO:0048000 -[is_a]-> GO:0016709
GO:0048001 -[is_a]-> GO:0016620
GO:0048002 -[is_a]-> GO:0019882
GO:0048003 -[is_a]-> GO:0002475
GO:0048006 -[is_a]-> GO:0019883
GO:0048006 -[is_a]-> GO:0048003
GO:0048007 -[is_a]-> GO:0019884
GO:0048007 -[is_a]-> GO:0048003
GO:0048008 -[is_a]-> GO:0007169
GO:0048009 -[is_a]-> GO:0007169
GO:0048010 -[is_a]-> GO:0007169
GO:0048011 -[is_a]-> GO:0007169
GO:0048011 -[is_a]-> GO:0038179
GO:0048012 -[is_a]-> GO:0007169
GO:0048013 -[is_a]-> GO:0007169
GO:0048014 -[is_a]-> GO:0007169
GO:0048015 -[is_a]-> GO:0048017
GO:0048016 -[is_a]-> GO:0019932
GO:0048017 -[is_a]-> GO:0035556
GO:0048018 -[is_a]-> GO:0004871
GO:0048018 -[is_a]-> GO:0005102
GO:0048018 -[is_a]-> GO:0030546
GO:0048018 -[part_of]-> GO:0007165
GO:0048019 -[is_a]-> GO:0005102
GO:0048019 -[is_a]-> GO:0030547
GO:0048019 -[part_of]-> GO:1900116
GO:0048020 -[is_a]-> GO:0042379
GO:0048021 -[is_a]-> GO:0031326
GO:0048021 -[is_a]-> GO:1900376
GO:0048021 -[regulates]-> GO:0042438
GO:0048022 -[is_a]-> GO:0031327
GO:0048022 -[is_a]-> GO:0048021
GO:0048022 -[is_a]-> GO:1900377
GO:0048022 -[negatively_regulates]-> GO:0042438
GO:0048023 -[is_a]-> GO:0031328
GO:0048023 -[is_a]-> GO:0048021
GO:0048023 -[is_a]-> GO:1900378
GO:0048023 -[positively_regulates]-> GO:0042438
GO:0048024 -[is_a]-> GO:0043484
GO:0048024 -[is_a]-> GO:0050684
GO:0048024 -[regulates]-> GO:0000398
GO:0048025 -[is_a]-> GO:0033119
GO:0048025 -[is_a]-> GO:0048024
GO:0048025 -[is_a]-> GO:0050686
GO:0048025 -[negatively_regulates]-> GO:0000398
GO:0048026 -[is_a]-> GO:0033120
GO:0048026 -[is_a]-> GO:0048024
GO:0048026 -[is_a]-> GO:0050685
GO:0048026 -[positively_regulates]-> GO:0000398
GO:0048027 -[is_a]-> GO:0003729
GO:0048028 -[is_a]-> GO:0030247
GO:0048029 -[is_a]-> GO:0030246
GO:0048029 -[is_a]-> GO:0036094
GO:0048030 -[is_a]-> GO:0070492
GO:0048031 -[is_a]-> GO:0070492
GO:0048032 -[is_a]-> GO:0033293
GO:0048033 -[is_a]-> GO:0042168
GO:0048034 -[is_a]-> GO:0006783
GO:0048034 -[is_a]-> GO:0048033
GO:0048035 -[is_a]-> GO:0042167
GO:0048035 -[is_a]-> GO:0048033
GO:0048036 -[is_a]-> GO:0044767
GO:0048036 -[is_a]-> GO:0048856
GO:0048036 -[part_of]-> GO:0007420
GO:0048037 -[is_a]-> GO:0005488
GO:0048038 -[is_a]-> GO:0048037
GO:0048039 -[is_a]-> GO:0048038
GO:0048040 -[is_a]-> GO:0016831
GO:0048041 -[is_a]-> GO:0007045
GO:0048041 -[part_of]-> GO:0007160
GO:0048042 -[is_a]-> GO:0046662
GO:0048042 -[regulates]-> GO:0060403
GO:0048045 -[is_a]-> GO:0016765
GO:0048046 -[is_a]-> GO:0005576
GO:0048047 -[is_a]-> GO:0007617
GO:0048048 -[is_a]-> GO:0048562
GO:0048048 -[is_a]-> GO:0048592
GO:0048050 -[is_a]-> GO:0048563
GO:0048050 -[is_a]-> GO:0048592
GO:0048052 -[is_a]-> GO:0001751
GO:0048053 -[is_a]-> GO:0042051
GO:0048053 -[part_of]-> GO:0048052
GO:0048054 -[is_a]-> GO:0001751
GO:0048055 -[is_a]-> GO:0042051
GO:0048055 -[part_of]-> GO:0048054
GO:0048056 -[is_a]-> GO:0001751
GO:0048057 -[is_a]-> GO:0042051
GO:0048057 -[part_of]-> GO:0048056
GO:0048058 -[is_a]-> GO:0044767
GO:0048058 -[is_a]-> GO:0048856
GO:0048058 -[part_of]-> GO:0048749
GO:0048060 -[is_a]-> GO:0042332
GO:0048061 -[is_a]-> GO:0042332
GO:0048065 -[is_a]-> GO:0008049
GO:0048066 -[is_a]-> GO:0043473
GO:0048067 -[is_a]-> GO:0048066
GO:0048067 -[part_of]-> GO:0042335
GO:0048069 -[is_a]-> GO:0048066
GO:0048070 -[is_a]-> GO:0050789
GO:0048070 -[regulates]-> GO:0048066
GO:0048071 -[is_a]-> GO:0003006
GO:0048071 -[is_a]-> GO:0044702
GO:0048071 -[is_a]-> GO:0044767
GO:0048071 -[is_a]-> GO:0048066
GO:0048071 -[part_of]-> GO:0007548
GO:0048072 -[is_a]-> GO:0048069
GO:0048073 -[is_a]-> GO:0048070
GO:0048073 -[regulates]-> GO:0048069
GO:0048074 -[is_a]-> GO:0048073
GO:0048074 -[is_a]-> GO:0048086
GO:0048074 -[negatively_regulates]-> GO:0048069
GO:0048075 -[is_a]-> GO:0048073
GO:0048075 -[is_a]-> GO:0048087
GO:0048075 -[positively_regulates]-> GO:0048069
GO:0048076 -[is_a]-> GO:0048073
GO:0048076 -[regulates]-> GO:0048072
GO:0048077 -[is_a]-> GO:0048074
GO:0048077 -[is_a]-> GO:0048076
GO:0048077 -[negatively_regulates]-> GO:0048072
GO:0048078 -[is_a]-> GO:0048075
GO:0048078 -[is_a]-> GO:0048076
GO:0048078 -[positively_regulates]-> GO:0048072
GO:0048079 -[is_a]-> GO:0048070
GO:0048079 -[is_a]-> GO:2000026
GO:0048079 -[regulates]-> GO:0048067
GO:0048080 -[is_a]-> GO:0048079
GO:0048080 -[is_a]-> GO:0048086
GO:0048080 -[is_a]-> GO:0051093
GO:0048080 -[is_a]-> GO:0051241
GO:0048080 -[negatively_regulates]-> GO:0048067
GO:0048081 -[is_a]-> GO:0048079
GO:0048081 -[is_a]-> GO:0048087
GO:0048081 -[is_a]-> GO:0051094
GO:0048081 -[is_a]-> GO:0051240
GO:0048081 -[positively_regulates]-> GO:0048067
GO:0048082 -[is_a]-> GO:0007564
GO:0048082 -[is_a]-> GO:0048079
GO:0048082 -[regulates]-> GO:0048085
GO:0048083 -[is_a]-> GO:0045800
GO:0048083 -[is_a]-> GO:0048080
GO:0048083 -[is_a]-> GO:0048082
GO:0048083 -[negatively_regulates]-> GO:0048085
GO:0048084 -[is_a]-> GO:0045801
GO:0048084 -[is_a]-> GO:0048081
GO:0048084 -[is_a]-> GO:0048082
GO:0048084 -[positively_regulates]-> GO:0048085
GO:0048085 -[is_a]-> GO:0048067
GO:0048085 -[part_of]-> GO:0007593
GO:0048086 -[is_a]-> GO:0048070
GO:0048086 -[is_a]-> GO:0048519
GO:0048086 -[negatively_regulates]-> GO:0048066
GO:0048087 -[is_a]-> GO:0048070
GO:0048087 -[is_a]-> GO:0048518
GO:0048087 -[positively_regulates]-> GO:0048066
GO:0048088 -[is_a]-> GO:0048070
GO:0048088 -[is_a]-> GO:2000026
GO:0048088 -[is_a]-> GO:2000241
GO:0048088 -[regulates]-> GO:0048094
GO:0048089 -[is_a]-> GO:0048070
GO:0048089 -[is_a]-> GO:2000026
GO:0048089 -[is_a]-> GO:2000241
GO:0048089 -[regulates]-> GO:0048095
GO:0048090 -[is_a]-> GO:0048086
GO:0048090 -[is_a]-> GO:0048089
GO:0048090 -[is_a]-> GO:0051093
GO:0048090 -[is_a]-> GO:0051241
GO:0048090 -[is_a]-> GO:2000242
GO:0048090 -[negatively_regulates]-> GO:0048095
GO:0048091 -[is_a]-> GO:0048087
GO:0048091 -[is_a]-> GO:0048089
GO:0048091 -[is_a]-> GO:0051094
GO:0048091 -[is_a]-> GO:0051240
GO:0048091 -[is_a]-> GO:2000243
GO:0048091 -[positively_regulates]-> GO:0048095
GO:0048092 -[is_a]-> GO:0048086
GO:0048092 -[is_a]-> GO:0048088
GO:0048092 -[is_a]-> GO:0051093
GO:0048092 -[is_a]-> GO:0051241
GO:0048092 -[is_a]-> GO:2000242
GO:0048092 -[negatively_regulates]-> GO:0048094
GO:0048093 -[is_a]-> GO:0048087
GO:0048093 -[is_a]-> GO:0048088
GO:0048093 -[is_a]-> GO:0051094
GO:0048093 -[is_a]-> GO:0051240
GO:0048093 -[is_a]-> GO:2000243
GO:0048093 -[positively_regulates]-> GO:0048094
GO:0048094 -[is_a]-> GO:0048071
GO:0048094 -[part_of]-> GO:0046661
GO:0048095 -[is_a]-> GO:0048071
GO:0048095 -[part_of]-> GO:0046660
GO:0048096 -[is_a]-> GO:0006338
GO:0048096 -[is_a]-> GO:0045815
GO:0048096 -[is_a]-> GO:0045893
GO:0048097 -[is_a]-> GO:0045815
GO:0048098 -[is_a]-> GO:0044767
GO:0048098 -[is_a]-> GO:0048856
GO:0048098 -[part_of]-> GO:0007469
GO:0048099 -[is_a]-> GO:0035161
GO:0048099 -[part_of]-> GO:0007448
GO:0048100 -[is_a]-> GO:0007448
GO:0048100 -[is_a]-> GO:0035222
GO:0048101 -[is_a]-> GO:0047555
GO:0048102 -[is_a]-> GO:0012501
GO:0048102 -[has_part]-> GO:0016236
GO:0048103 -[is_a]-> GO:0017145
GO:0048104 -[is_a]-> GO:0001736
GO:0048105 -[is_a]-> GO:0048104
GO:0048106 -[is_a]-> GO:0048104
GO:0048106 -[part_of]-> GO:0008407
GO:0048107 -[is_a]-> GO:0018130
GO:0048107 -[is_a]-> GO:0044272
GO:0048107 -[is_a]-> GO:1901362
GO:0048107 -[is_a]-> GO:1901566
GO:0048108 -[is_a]-> GO:0018149
GO:0048108 -[is_a]-> GO:0018198
GO:0048109 -[is_a]-> GO:0018209
GO:0048109 -[is_a]-> GO:0048108
GO:0048132 -[is_a]-> GO:0098728
GO:0048132 -[part_of]-> GO:0048477
GO:0048133 -[is_a]-> GO:0098728
GO:0048133 -[part_of]-> GO:0007283
GO:0048134 -[is_a]-> GO:0008283
GO:0048134 -[is_a]-> GO:0044702
GO:0048134 -[part_of]-> GO:0007281
GO:0048135 -[is_a]-> GO:0048134
GO:0048135 -[part_of]-> GO:0048477
GO:0048136 -[is_a]-> GO:0048134
GO:0048136 -[has_part]-> GO:0007284
GO:0048136 -[has_part]-> GO:0048137
GO:0048136 -[part_of]-> GO:0007283
GO:0048137 -[is_a]-> GO:0022412
GO:0048137 -[is_a]-> GO:0051301
GO:0048137 -[part_of]-> GO:0007283
GO:0048138 -[is_a]-> GO:0003006
GO:0048138 -[is_a]-> GO:0044702
GO:0048138 -[is_a]-> GO:0044767
GO:0048138 -[is_a]-> GO:0048856
GO:0048138 -[part_of]-> GO:0007276
GO:0048138 -[part_of]-> GO:0016333
GO:0048139 -[is_a]-> GO:0048138
GO:0048139 -[part_of]-> GO:0007292
GO:0048140 -[is_a]-> GO:0048138
GO:0048140 -[part_of]-> GO:0007283
GO:0048142 -[is_a]-> GO:0007282
GO:0048142 -[part_of]-> GO:0030727
GO:0048143 -[is_a]-> GO:0001775
GO:0048143 -[part_of]-> GO:0014002
GO:0048144 -[is_a]-> GO:0008283
GO:0048145 -[is_a]-> GO:0042127
GO:0048145 -[regulates]-> GO:0048144
GO:0048146 -[is_a]-> GO:0008284
GO:0048146 -[is_a]-> GO:0048145
GO:0048146 -[positively_regulates]-> GO:0048144
GO:0048147 -[is_a]-> GO:0008285
GO:0048147 -[is_a]-> GO:0048145
GO:0048147 -[negatively_regulates]-> GO:0048144
GO:0048148 -[is_a]-> GO:0030534
GO:0048148 -[part_of]-> GO:0042220
GO:0048149 -[is_a]-> GO:0030534
GO:0048149 -[part_of]-> GO:0045471
GO:0048150 -[is_a]-> GO:0030534
GO:0048150 -[part_of]-> GO:0045472
GO:0048152 -[is_a]-> GO:0009059
GO:0048153 -[is_a]-> GO:0009059
GO:0048156 -[is_a]-> GO:0008092
GO:0048158 -[is_a]-> GO:0022605
GO:0048159 -[is_a]-> GO:0022605
GO:0048160 -[is_a]-> GO:0022605
GO:0048161 -[is_a]-> GO:0022605
GO:0048162 -[is_a]-> GO:0022605
GO:0048163 -[is_a]-> GO:0022605
GO:0048164 -[is_a]-> GO:0022605
GO:0048165 -[is_a]-> GO:0022605
GO:0048166 -[is_a]-> GO:0022605
GO:0048167 -[is_a]-> GO:0050804
GO:0048167 -[is_a]-> GO:0065008
GO:0048168 -[is_a]-> GO:0048167
GO:0048169 -[is_a]-> GO:0048168
GO:0048170 -[is_a]-> GO:0048169
GO:0048170 -[is_a]-> GO:0050769
GO:0048171 -[is_a]-> GO:0048169
GO:0048171 -[is_a]-> GO:0050768
GO:0048172 -[is_a]-> GO:0048168
GO:0048173 -[is_a]-> GO:0048172
GO:0048173 -[is_a]-> GO:0050769
GO:0048174 -[is_a]-> GO:0048172
GO:0048174 -[is_a]-> GO:0050768
GO:0048175 -[is_a]-> GO:0009058
GO:0048175 -[is_a]-> GO:0042089
GO:0048175 -[part_of]-> GO:0032605
GO:0048176 -[is_a]-> GO:0032646
GO:0048176 -[is_a]-> GO:0042035
GO:0048176 -[regulates]-> GO:0048175
GO:0048177 -[is_a]-> GO:0032726
GO:0048177 -[is_a]-> GO:0042108
GO:0048177 -[is_a]-> GO:0048176
GO:0048177 -[positively_regulates]-> GO:0048175
GO:0048178 -[is_a]-> GO:0032686
GO:0048178 -[is_a]-> GO:0042036
GO:0048178 -[is_a]-> GO:0048176
GO:0048178 -[negatively_regulates]-> GO:0048175
GO:0048179 -[is_a]-> GO:0098802
GO:0048179 -[is_a]-> GO:1902554
GO:0048179 -[part_of]-> GO:0005887
GO:0048180 -[is_a]-> GO:0043234
GO:0048180 -[is_a]-> GO:0044421
GO:0048180 -[part_of]-> GO:0005615
GO:0048183 -[is_a]-> GO:0048180
GO:0048185 -[is_a]-> GO:0032403
GO:0048188 -[is_a]-> GO:0035097
GO:0048189 -[is_a]-> GO:0043234
GO:0048189 -[is_a]-> GO:0044428
GO:0048190 -[is_a]-> GO:0007450
GO:0048190 -[is_a]-> GO:0035222
GO:0048193 -[is_a]-> GO:0016192
GO:0048194 -[is_a]-> GO:0006900
GO:0048194 -[occurs_in]-> GO:0000139
GO:0048194 -[part_of]-> GO:0048193
GO:0048195 -[is_a]-> GO:0043623
GO:0048195 -[part_of]-> GO:0048200
GO:0048197 -[is_a]-> GO:0043623
GO:0048197 -[part_of]-> GO:0048200
GO:0048198 -[is_a]-> GO:0044802
GO:0048198 -[part_of]-> GO:0048194
GO:0048199 -[is_a]-> GO:0006903
GO:0048199 -[part_of]-> GO:0048193
GO:0048200 -[is_a]-> GO:0006901
GO:0048200 -[part_of]-> GO:0048194
GO:0048200 -[part_of]-> GO:0048199
GO:0048201 -[is_a]-> GO:0006903
GO:0048202 -[is_a]-> GO:0048200
GO:0048202 -[is_a]-> GO:0048268
GO:0048203 -[is_a]-> GO:0048199
GO:0048203 -[part_of]-> GO:0006895
GO:0048204 -[is_a]-> GO:0048199
GO:0048204 -[part_of]-> GO:0048219
GO:0048205 -[is_a]-> GO:0048200
GO:0048205 -[part_of]-> GO:0035964
GO:0048206 -[is_a]-> GO:0006890
GO:0048206 -[is_a]-> GO:0044765
GO:0048206 -[is_a]-> GO:0048199
GO:0048206 -[is_a]-> GO:0051650
GO:0048206 -[is_a]-> GO:1902580
GO:0048207 -[is_a]-> GO:0048199
GO:0048207 -[part_of]-> GO:0006888
GO:0048208 -[is_a]-> GO:0006461
GO:0048208 -[is_a]-> GO:0006901
GO:0048208 -[part_of]-> GO:0048207
GO:0048208 -[part_of]-> GO:0090114
GO:0048209 -[is_a]-> GO:0060341
GO:0048209 -[is_a]-> GO:0060627
GO:0048209 -[regulates]-> GO:0048199
GO:0048210 -[is_a]-> GO:0006906
GO:0048210 -[part_of]-> GO:0048193
GO:0048211 -[is_a]-> GO:0048278
GO:0048211 -[part_of]-> GO:0048193
GO:0048212 -[is_a]-> GO:0072319
GO:0048212 -[part_of]-> GO:0048193
GO:0048213 -[is_a]-> GO:0043623
GO:0048213 -[part_of]-> GO:0048193
GO:0048214 -[is_a]-> GO:0031338
GO:0048214 -[regulates]-> GO:0048210
GO:0048215 -[is_a]-> GO:0031340
GO:0048215 -[is_a]-> GO:0048214
GO:0048215 -[positively_regulates]-> GO:0048210
GO:0048216 -[is_a]-> GO:0031339
GO:0048216 -[is_a]-> GO:0048214
GO:0048216 -[negatively_regulates]-> GO:0048210
GO:0048217 -[is_a]-> GO:0044426
GO:0048217 -[part_of]-> GO:0009530
GO:0048217 -[part_of]-> GO:0009531
GO:0048219 -[is_a]-> GO:0006891
GO:0048222 -[is_a]-> GO:0044426
GO:0048222 -[part_of]-> GO:0009530
GO:0048223 -[is_a]-> GO:0044426
GO:0048223 -[part_of]-> GO:0009530
GO:0048223 -[part_of]-> GO:0009531
GO:0048224 -[is_a]-> GO:0044426
GO:0048224 -[part_of]-> GO:0009531
GO:0048225 -[is_a]-> GO:0044426
GO:0048225 -[part_of]-> GO:0009531
GO:0048226 -[is_a]-> GO:0044426
GO:0048226 -[part_of]-> GO:0009531
GO:0048227 -[is_a]-> GO:0016192
GO:0048227 -[is_a]-> GO:0016197
GO:0048229 -[is_a]-> GO:0007275
GO:0048232 -[is_a]-> GO:0007276
GO:0048235 -[is_a]-> GO:0003006
GO:0048235 -[is_a]-> GO:0022412
GO:0048235 -[is_a]-> GO:0030154
GO:0048235 -[part_of]-> GO:0048232
GO:0048235 -[part_of]-> GO:0055046
GO:0048236 -[is_a]-> GO:0034293
GO:0048236 -[is_a]-> GO:0048869
GO:0048236 -[is_a]-> GO:0051321
GO:0048236 -[is_a]-> GO:1903046
GO:0048237 -[is_a]-> GO:0005788
GO:0048237 -[part_of]-> GO:0005791
GO:0048238 -[is_a]-> GO:0005788
GO:0048238 -[is_a]-> GO:0097425
GO:0048238 -[part_of]-> GO:0005790
GO:0048239 -[is_a]-> GO:0045910
GO:0048239 -[is_a]-> GO:0072695
GO:0048240 -[is_a]-> GO:0003006
GO:0048240 -[is_a]-> GO:0022412
GO:0048240 -[is_a]-> GO:0048469
GO:0048240 -[part_of]-> GO:0007286
GO:0048241 -[is_a]-> GO:0009914
GO:0048241 -[is_a]-> GO:0051937
GO:0048242 -[is_a]-> GO:0046879
GO:0048242 -[is_a]-> GO:0048241
GO:0048242 -[is_a]-> GO:0050432
GO:0048243 -[is_a]-> GO:0015874
GO:0048243 -[is_a]-> GO:0050432
GO:0048244 -[is_a]-> GO:0016706
GO:0048245 -[is_a]-> GO:0071621
GO:0048245 -[is_a]-> GO:0072677
GO:0048246 -[is_a]-> GO:0030595
GO:0048246 -[is_a]-> GO:1905517
GO:0048247 -[is_a]-> GO:0030595
GO:0048247 -[is_a]-> GO:0072676
GO:0048248 -[is_a]-> GO:0045236
GO:0048249 -[is_a]-> GO:0015114
GO:0048250 -[is_a]-> GO:0006826
GO:0048250 -[is_a]-> GO:0006839
GO:0048251 -[is_a]-> GO:0085029
GO:0048252 -[is_a]-> GO:0051791
GO:0048254 -[is_a]-> GO:0006403
GO:0048255 -[is_a]-> GO:0043488
GO:0048255 -[is_a]-> GO:0043489
GO:0048256 -[is_a]-> GO:0004520
GO:0048257 -[is_a]-> GO:0016889
GO:0048257 -[is_a]-> GO:0048256
GO:0048258 -[is_a]-> GO:0016616
GO:0048259 -[is_a]-> GO:0030100
GO:0048259 -[regulates]-> GO:0006898
GO:0048260 -[is_a]-> GO:0045807
GO:0048260 -[is_a]-> GO:0048259
GO:0048260 -[positively_regulates]-> GO:0006898
GO:0048261 -[is_a]-> GO:0045806
GO:0048261 -[is_a]-> GO:0048259
GO:0048261 -[negatively_regulates]-> GO:0006898
GO:0048262 -[is_a]-> GO:0009855
GO:0048262 -[part_of]-> GO:0009953
GO:0048263 -[is_a]-> GO:0009953
GO:0048263 -[part_of]-> GO:0048262
GO:0048264 -[is_a]-> GO:0009953
GO:0048264 -[part_of]-> GO:0048262
GO:0048265 -[is_a]-> GO:0033555
GO:0048266 -[is_a]-> GO:0044708
GO:0048266 -[part_of]-> GO:0048265
GO:0048268 -[is_a]-> GO:0043623
GO:0048269 -[is_a]-> GO:0044424
GO:0048269 -[is_a]-> GO:1990234
GO:0048270 -[is_a]-> GO:0030234
GO:0048270 -[regulates]-> GO:0004478
GO:0048273 -[is_a]-> GO:0051019
GO:0048275 -[is_a]-> GO:0006474
GO:0048275 -[is_a]-> GO:0018195
GO:0048278 -[is_a]-> GO:0022406
GO:0048278 -[part_of]-> GO:0016192
GO:0048279 -[is_a]-> GO:0006906
GO:0048280 -[is_a]-> GO:0006906
GO:0048280 -[part_of]-> GO:0048193
GO:0048281 -[is_a]-> GO:0003006
GO:0048281 -[is_a]-> GO:0010016
GO:0048281 -[is_a]-> GO:0090698
GO:0048281 -[part_of]-> GO:0010229
GO:0048282 -[is_a]-> GO:0048281
GO:0048283 -[is_a]-> GO:0048281
GO:0048284 -[is_a]-> GO:0006996
GO:0048285 -[is_a]-> GO:0006996
GO:0048286 -[is_a]-> GO:0044767
GO:0048286 -[is_a]-> GO:0048856
GO:0048286 -[part_of]-> GO:0030324
GO:0048288 -[is_a]-> GO:0000740
GO:0048288 -[part_of]-> GO:0000741
GO:0048289 -[is_a]-> GO:0045190
GO:0048290 -[is_a]-> GO:0045190
GO:0048291 -[is_a]-> GO:0045190
GO:0048292 -[is_a]-> GO:0045190
GO:0048293 -[is_a]-> GO:0045191
GO:0048293 -[regulates]-> GO:0048289
GO:0048294 -[is_a]-> GO:0045829
GO:0048294 -[is_a]-> GO:0048293
GO:0048294 -[negatively_regulates]-> GO:0048289
GO:0048295 -[is_a]-> GO:0045830
GO:0048295 -[is_a]-> GO:0048293
GO:0048295 -[positively_regulates]-> GO:0048289
GO:0048296 -[is_a]-> GO:0045191
GO:0048296 -[regulates]-> GO:0048290
GO:0048297 -[is_a]-> GO:0045829
GO:0048297 -[is_a]-> GO:0048296
GO:0048297 -[negatively_regulates]-> GO:0048290
GO:0048298 -[is_a]-> GO:0045830
GO:0048298 -[is_a]-> GO:0048296
GO:0048298 -[positively_regulates]-> GO:0048290
GO:0048299 -[is_a]-> GO:0045191
GO:0048299 -[regulates]-> GO:0048292
GO:0048300 -[is_a]-> GO:0045829
GO:0048300 -[is_a]-> GO:0048299
GO:0048300 -[negatively_regulates]-> GO:0048292
GO:0048301 -[is_a]-> GO:0045830
GO:0048301 -[is_a]-> GO:0048299
GO:0048301 -[positively_regulates]-> GO:0048292
GO:0048302 -[is_a]-> GO:0045191
GO:0048302 -[regulates]-> GO:0048291
GO:0048303 -[is_a]-> GO:0045829
GO:0048303 -[is_a]-> GO:0048302
GO:0048303 -[negatively_regulates]-> GO:0048291
GO:0048304 -[is_a]-> GO:0045830
GO:0048304 -[is_a]-> GO:0048302
GO:0048304 -[positively_regulates]-> GO:0048291
GO:0048305 -[is_a]-> GO:0009306
GO:0048305 -[part_of]-> GO:0002377
GO:0048306 -[is_a]-> GO:0005515
GO:0048307 -[is_a]-> GO:0016664
GO:0048307 -[is_a]-> GO:0098809
GO:0048308 -[is_a]-> GO:0006996
GO:0048309 -[is_a]-> GO:0007029
GO:0048309 -[is_a]-> GO:0048308
GO:0048310 -[is_a]-> GO:0006997
GO:0048310 -[is_a]-> GO:0048308
GO:0048311 -[is_a]-> GO:0007005
GO:0048311 -[is_a]-> GO:0051646
GO:0048312 -[is_a]-> GO:0048311
GO:0048312 -[occurs_in]-> GO:0005622
GO:0048313 -[is_a]-> GO:0007030
GO:0048313 -[is_a]-> GO:0048308
GO:0048314 -[is_a]-> GO:0048598
GO:0048314 -[part_of]-> GO:0009561
GO:0048315 -[is_a]-> GO:0003006
GO:0048315 -[is_a]-> GO:0030436
GO:0048315 -[is_a]-> GO:0044702
GO:0048315 -[is_a]-> GO:0048646
GO:0048315 -[part_of]-> GO:0061794
GO:0048316 -[is_a]-> GO:0009791
GO:0048316 -[is_a]-> GO:0044702
GO:0048316 -[is_a]-> GO:0044767
GO:0048316 -[is_a]-> GO:0048608
GO:0048316 -[part_of]-> GO:0010154
GO:0048317 -[is_a]-> GO:0003006
GO:0048317 -[is_a]-> GO:0090698
GO:0048317 -[part_of]-> GO:0048316
GO:0048318 -[is_a]-> GO:0007498
GO:0048319 -[is_a]-> GO:0048332
GO:0048319 -[part_of]-> GO:0048318
GO:0048320 -[is_a]-> GO:0001707
GO:0048320 -[part_of]-> GO:0048319
GO:0048321 -[is_a]-> GO:0048333
GO:0048321 -[part_of]-> GO:0048320
GO:0048322 -[is_a]-> GO:0001710
GO:0048322 -[part_of]-> GO:0048321
GO:0048323 -[is_a]-> GO:0007500
GO:0048323 -[part_of]-> GO:0048322
GO:0048324 -[is_a]-> GO:0048334
GO:0048324 -[regulates]-> GO:0048323
GO:0048325 -[is_a]-> GO:0048324
GO:0048325 -[is_a]-> GO:0048335
GO:0048325 -[negatively_regulates]-> GO:0048323
GO:0048326 -[is_a]-> GO:0048324
GO:0048326 -[is_a]-> GO:0048336
GO:0048326 -[positively_regulates]-> GO:0048323
GO:0048327 -[is_a]-> GO:0007501
GO:0048327 -[part_of]-> GO:0048322
GO:0048328 -[is_a]-> GO:0042661
GO:0048328 -[regulates]-> GO:0048327
GO:0048329 -[is_a]-> GO:0042662
GO:0048329 -[is_a]-> GO:0048328
GO:0048329 -[negatively_regulates]-> GO:0048327
GO:0048330 -[is_a]-> GO:0048328
GO:0048330 -[is_a]-> GO:0048337
GO:0048330 -[positively_regulates]-> GO:0048327
GO:0048331 -[is_a]-> GO:0048338
GO:0048331 -[part_of]-> GO:0048319
GO:0048332 -[is_a]-> GO:0048729
GO:0048332 -[part_of]-> GO:0007498
GO:0048333 -[is_a]-> GO:0030154
GO:0048333 -[part_of]-> GO:0001707
GO:0048334 -[is_a]-> GO:0010453
GO:0048334 -[is_a]-> GO:0010470
GO:0048334 -[is_a]-> GO:2000027
GO:0048334 -[is_a]-> GO:2000380
GO:0048334 -[regulates]-> GO:0007500
GO:0048335 -[is_a]-> GO:0010454
GO:0048335 -[is_a]-> GO:0048334
GO:0048335 -[is_a]-> GO:2000381
GO:0048335 -[is_a]-> GO:2000542
GO:0048335 -[negatively_regulates]-> GO:0007500
GO:0048336 -[is_a]-> GO:0010455
GO:0048336 -[is_a]-> GO:0048334
GO:0048336 -[is_a]-> GO:2000382
GO:0048336 -[is_a]-> GO:2000543
GO:0048336 -[positively_regulates]-> GO:0007500
GO:0048337 -[is_a]-> GO:0042660
GO:0048337 -[is_a]-> GO:0042661
GO:0048337 -[is_a]-> GO:2000382
GO:0048337 -[is_a]-> GO:2000543
GO:0048337 -[positively_regulates]-> GO:0007501
GO:0048338 -[is_a]-> GO:0048532
GO:0048338 -[part_of]-> GO:0048332
GO:0048339 -[is_a]-> GO:0007498
GO:0048339 -[is_a]-> GO:0060485
GO:0048340 -[is_a]-> GO:0048332
GO:0048340 -[is_a]-> GO:0072132
GO:0048340 -[part_of]-> GO:0048339
GO:0048341 -[is_a]-> GO:0001707
GO:0048341 -[part_of]-> GO:0048340
GO:0048342 -[is_a]-> GO:0048333
GO:0048342 -[part_of]-> GO:0048341
GO:0048343 -[is_a]-> GO:0001710
GO:0048343 -[part_of]-> GO:0048342
GO:0048344 -[is_a]-> GO:0007500
GO:0048344 -[part_of]-> GO:0048343
GO:0048345 -[is_a]-> GO:0048334
GO:0048345 -[regulates]-> GO:0048344
GO:0048346 -[is_a]-> GO:0048336
GO:0048346 -[is_a]-> GO:0048345
GO:0048346 -[positively_regulates]-> GO:0048344
GO:0048347 -[is_a]-> GO:0048335
GO:0048347 -[is_a]-> GO:0048345
GO:0048347 -[negatively_regulates]-> GO:0048344
GO:0048348 -[is_a]-> GO:0007501
GO:0048348 -[part_of]-> GO:0048343
GO:0048349 -[is_a]-> GO:0042661
GO:0048349 -[regulates]-> GO:0048348
GO:0048350 -[is_a]-> GO:0048337
GO:0048350 -[is_a]-> GO:0048349
GO:0048350 -[positively_regulates]-> GO:0048348
GO:0048351 -[is_a]-> GO:0042662
GO:0048351 -[is_a]-> GO:0048349
GO:0048351 -[negatively_regulates]-> GO:0048348
GO:0048352 -[is_a]-> GO:0048338
GO:0048352 -[part_of]-> GO:0048340
GO:0048353 -[is_a]-> GO:0005634
GO:0048354 -[is_a]-> GO:0010192
GO:0048354 -[is_a]-> GO:0048359
GO:0048354 -[part_of]-> GO:0010214
GO:0048355 -[is_a]-> GO:0010192
GO:0048355 -[part_of]-> GO:0048360
GO:0048356 -[is_a]-> GO:0010192
GO:0048356 -[part_of]-> GO:0048361
GO:0048357 -[is_a]-> GO:0010192
GO:0048357 -[part_of]-> GO:0048362
GO:0048358 -[is_a]-> GO:0045489
GO:0048358 -[is_a]-> GO:0048363
GO:0048358 -[part_of]-> GO:0010192
GO:0048359 -[is_a]-> GO:0010191
GO:0048359 -[is_a]-> GO:0022414
GO:0048359 -[part_of]-> GO:0010214
GO:0048360 -[is_a]-> GO:0010191
GO:0048361 -[is_a]-> GO:0010191
GO:0048362 -[is_a]-> GO:0010191
GO:0048363 -[is_a]-> GO:0045488
GO:0048363 -[part_of]-> GO:0010191
GO:0048364 -[is_a]-> GO:0044767
GO:0048364 -[is_a]-> GO:0099402
GO:0048364 -[part_of]-> GO:0022622
GO:0048365 -[is_a]-> GO:0017048
GO:0048366 -[is_a]-> GO:0048827
GO:0048367 -[is_a]-> GO:0044767
GO:0048367 -[is_a]-> GO:0048731
GO:0048368 -[is_a]-> GO:0007498
GO:0048368 -[is_a]-> GO:0060485
GO:0048369 -[is_a]-> GO:0048332
GO:0048369 -[is_a]-> GO:0072132
GO:0048369 -[part_of]-> GO:0048368
GO:0048370 -[is_a]-> GO:0001707
GO:0048370 -[part_of]-> GO:0048369
GO:0048371 -[is_a]-> GO:0048333
GO:0048371 -[part_of]-> GO:0048370
GO:0048372 -[is_a]-> GO:0001710
GO:0048372 -[part_of]-> GO:0048371
GO:0048373 -[is_a]-> GO:0007500
GO:0048373 -[part_of]-> GO:0048372
GO:0048374 -[is_a]-> GO:0048334
GO:0048374 -[regulates]-> GO:0048373
GO:0048375 -[is_a]-> GO:0048335
GO:0048375 -[is_a]-> GO:0048374
GO:0048375 -[negatively_regulates]-> GO:0048373
GO:0048376 -[is_a]-> GO:0048336
GO:0048376 -[is_a]-> GO:0048374
GO:0048376 -[positively_regulates]-> GO:0048373
GO:0048377 -[is_a]-> GO:0007501
GO:0048377 -[part_of]-> GO:0048372
GO:0048378 -[is_a]-> GO:0042661
GO:0048378 -[regulates]-> GO:0048377
GO:0048379 -[is_a]-> GO:0048337
GO:0048379 -[is_a]-> GO:0048378
GO:0048379 -[positively_regulates]-> GO:0048377
GO:0048380 -[is_a]-> GO:0042662
GO:0048380 -[is_a]-> GO:0048378
GO:0048380 -[negatively_regulates]-> GO:0048377
GO:0048381 -[is_a]-> GO:0048338
GO:0048381 -[part_of]-> GO:0048369
GO:0048382 -[is_a]-> GO:0044767
GO:0048382 -[is_a]-> GO:0048856
GO:0048382 -[part_of]-> GO:0007492
GO:0048382 -[part_of]-> GO:0007498
GO:0048383 -[is_a]-> GO:0009888
GO:0048383 -[is_a]-> GO:0044767
GO:0048383 -[part_of]-> GO:0007398
GO:0048383 -[part_of]-> GO:0007498
GO:0048384 -[is_a]-> GO:0030522
GO:0048385 -[is_a]-> GO:0009966
GO:0048385 -[regulates]-> GO:0048384
GO:0048386 -[is_a]-> GO:0009967
GO:0048386 -[is_a]-> GO:0048385
GO:0048386 -[positively_regulates]-> GO:0048384
GO:0048387 -[is_a]-> GO:0009968
GO:0048387 -[is_a]-> GO:0048385
GO:0048387 -[negatively_regulates]-> GO:0048384
GO:0048388 -[is_a]-> GO:0051452
GO:0048388 -[part_of]-> GO:0007032
GO:0048389 -[is_a]-> GO:0007498
GO:0048390 -[is_a]-> GO:0048332
GO:0048390 -[part_of]-> GO:0048389
GO:0048391 -[is_a]-> GO:0001707
GO:0048391 -[part_of]-> GO:0048390
GO:0048392 -[is_a]-> GO:0048333
GO:0048392 -[part_of]-> GO:0048391
GO:0048393 -[is_a]-> GO:0001710
GO:0048393 -[part_of]-> GO:0048392
GO:0048394 -[is_a]-> GO:0007500
GO:0048394 -[part_of]-> GO:0048393
GO:0048395 -[is_a]-> GO:0048334
GO:0048395 -[regulates]-> GO:0048394
GO:0048396 -[is_a]-> GO:0048335
GO:0048396 -[is_a]-> GO:0048395
GO:0048396 -[negatively_regulates]-> GO:0048394
GO:0048397 -[is_a]-> GO:0048336
GO:0048397 -[is_a]-> GO:0048395
GO:0048397 -[positively_regulates]-> GO:0048394
GO:0048398 -[is_a]-> GO:0007501
GO:0048398 -[part_of]-> GO:0048393
GO:0048399 -[is_a]-> GO:0042661
GO:0048399 -[regulates]-> GO:0048398
GO:0048400 -[is_a]-> GO:0048337
GO:0048400 -[is_a]-> GO:0048399
GO:0048400 -[positively_regulates]-> GO:0048398
GO:0048401 -[is_a]-> GO:0042662
GO:0048401 -[is_a]-> GO:0048399
GO:0048401 -[negatively_regulates]-> GO:0048398
GO:0048402 -[is_a]-> GO:0048338
GO:0048402 -[part_of]-> GO:0048390
GO:0048403 -[is_a]-> GO:0043121
GO:0048406 -[is_a]-> GO:0043121
GO:0048407 -[is_a]-> GO:0019838
GO:0048408 -[is_a]-> GO:0019838
GO:0048408 -[is_a]-> GO:0042562
GO:0048437 -[is_a]-> GO:0003006
GO:0048437 -[is_a]-> GO:0099402
GO:0048437 -[part_of]-> GO:0009908
GO:0048438 -[is_a]-> GO:0003006
GO:0048438 -[is_a]-> GO:0044702
GO:0048438 -[is_a]-> GO:0044767
GO:0048438 -[is_a]-> GO:0048856
GO:0048438 -[part_of]-> GO:0009908
GO:0048439 -[is_a]-> GO:0003006
GO:0048439 -[is_a]-> GO:0010016
GO:0048439 -[is_a]-> GO:0090698
GO:0048439 -[part_of]-> GO:0009908
GO:0048440 -[is_a]-> GO:0048437
GO:0048440 -[is_a]-> GO:0048827
GO:0048440 -[part_of]-> GO:0048467
GO:0048441 -[is_a]-> GO:0048437
GO:0048441 -[is_a]-> GO:0048827
GO:0048441 -[part_of]-> GO:0048465
GO:0048442 -[is_a]-> GO:0048437
GO:0048442 -[is_a]-> GO:0048827
GO:0048442 -[part_of]-> GO:0048464
GO:0048443 -[is_a]-> GO:0048437
GO:0048443 -[is_a]-> GO:0048827
GO:0048443 -[part_of]-> GO:0048466
GO:0048444 -[is_a]-> GO:0003006
GO:0048444 -[is_a]-> GO:0090697
GO:0048444 -[part_of]-> GO:0048437
GO:0048445 -[is_a]-> GO:0048444
GO:0048445 -[part_of]-> GO:0048440
GO:0048446 -[is_a]-> GO:0048444
GO:0048446 -[part_of]-> GO:0048441
GO:0048447 -[is_a]-> GO:0048444
GO:0048447 -[part_of]-> GO:0048442
GO:0048448 -[is_a]-> GO:0048444
GO:0048448 -[part_of]-> GO:0048443
GO:0048449 -[is_a]-> GO:0003006
GO:0048449 -[is_a]-> GO:1905393
GO:0048449 -[part_of]-> GO:0048444
GO:0048450 -[is_a]-> GO:0044702
GO:0048450 -[is_a]-> GO:0048444
GO:0048450 -[is_a]-> GO:0048532
GO:0048450 -[part_of]-> GO:0048461
GO:0048451 -[is_a]-> GO:0048449
GO:0048451 -[part_of]-> GO:0048446
GO:0048452 -[is_a]-> GO:0048450
GO:0048452 -[part_of]-> GO:0048446
GO:0048453 -[is_a]-> GO:0048449
GO:0048453 -[part_of]-> GO:0048447
GO:0048454 -[is_a]-> GO:0048450
GO:0048454 -[part_of]-> GO:0048447
GO:0048455 -[is_a]-> GO:0048449
GO:0048455 -[part_of]-> GO:0048448
GO:0048456 -[is_a]-> GO:0048450
GO:0048456 -[part_of]-> GO:0048448
GO:0048457 -[is_a]-> GO:0003006
GO:0048457 -[is_a]-> GO:0044702
GO:0048457 -[is_a]-> GO:0044767
GO:0048457 -[is_a]-> GO:0090698
GO:0048457 -[part_of]-> GO:0048438
GO:0048457 -[part_of]-> GO:0048439
GO:0048458 -[is_a]-> GO:0003006
GO:0048458 -[is_a]-> GO:0044702
GO:0048458 -[is_a]-> GO:0044767
GO:0048458 -[is_a]-> GO:0048646
GO:0048458 -[part_of]-> GO:0048457
GO:0048459 -[is_a]-> GO:0003006
GO:0048459 -[is_a]-> GO:0044702
GO:0048459 -[is_a]-> GO:0048532
GO:0048459 -[part_of]-> GO:0048457
GO:0048459 -[part_of]-> GO:0048461
GO:0048460 -[is_a]-> GO:0003006
GO:0048460 -[is_a]-> GO:0044702
GO:0048460 -[is_a]-> GO:0044767
GO:0048460 -[is_a]-> GO:0048646
GO:0048460 -[part_of]-> GO:0048439
GO:0048461 -[is_a]-> GO:0003006
GO:0048461 -[is_a]-> GO:0044702
GO:0048461 -[is_a]-> GO:0048532
GO:0048461 -[part_of]-> GO:0048439
GO:0048462 -[is_a]-> GO:0048449
GO:0048462 -[part_of]-> GO:0048445
GO:0048463 -[is_a]-> GO:0048450
GO:0048463 -[part_of]-> GO:0048445
GO:0048464 -[is_a]-> GO:0048438
GO:0048465 -[is_a]-> GO:0048438
GO:0048466 -[is_a]-> GO:0048438
GO:0048467 -[is_a]-> GO:0048438
GO:0048468 -[is_a]-> GO:0048856
GO:0048468 -[is_a]-> GO:0048869
GO:0048468 -[part_of]-> GO:0030154
GO:0048469 -[is_a]-> GO:0021700
GO:0048469 -[is_a]-> GO:0048869
GO:0048469 -[part_of]-> GO:0048468
GO:0048471 -[is_a]-> GO:0044444
GO:0048472 -[is_a]-> GO:0016831
GO:0048473 -[is_a]-> GO:0015821
GO:0048474 -[is_a]-> GO:0042943
GO:0048474 -[is_a]-> GO:0043865
GO:0048474 -[part_of]-> GO:0048473
GO:0048475 -[is_a]-> GO:0016020
GO:0048476 -[is_a]-> GO:0043234
GO:0048476 -[is_a]-> GO:0044424
GO:0048477 -[is_a]-> GO:0007281
GO:0048477 -[is_a]-> GO:0007292
GO:0048478 -[is_a]-> GO:0045005
GO:0048478 -[is_a]-> GO:2000104
GO:0048479 -[is_a]-> GO:0003006
GO:0048479 -[is_a]-> GO:0048856
GO:0048479 -[part_of]-> GO:0048440
GO:0048480 -[is_a]-> GO:0003006
GO:0048480 -[is_a]-> GO:0048856
GO:0048480 -[part_of]-> GO:0048440
GO:0048481 -[is_a]-> GO:0003006
GO:0048481 -[is_a]-> GO:0099402
GO:0048481 -[part_of]-> GO:0035670
GO:0048482 -[is_a]-> GO:0003006
GO:0048482 -[is_a]-> GO:0044702
GO:0048482 -[is_a]-> GO:0044767
GO:0048482 -[is_a]-> GO:0090698
GO:0048482 -[is_a]-> GO:1905392
GO:0048482 -[part_of]-> GO:0048445
GO:0048482 -[part_of]-> GO:0048481
GO:0048483 -[is_a]-> GO:0048731
GO:0048483 -[part_of]-> GO:0007399
GO:0048484 -[is_a]-> GO:0048731
GO:0048484 -[part_of]-> GO:0048483
GO:0048485 -[is_a]-> GO:0048731
GO:0048485 -[part_of]-> GO:0048483
GO:0048486 -[is_a]-> GO:0048731
GO:0048486 -[part_of]-> GO:0048483
GO:0048487 -[is_a]-> GO:0015631
GO:0048488 -[is_a]-> GO:0051649
GO:0048488 -[is_a]-> GO:0072583
GO:0048488 -[is_a]-> GO:0099003
GO:0048488 -[part_of]-> GO:0036465
GO:0048489 -[is_a]-> GO:0016192
GO:0048489 -[is_a]-> GO:0044765
GO:0048489 -[is_a]-> GO:0097479
GO:0048489 -[is_a]-> GO:0097480
GO:0048489 -[is_a]-> GO:1902580
GO:0048490 -[is_a]-> GO:0008089
GO:0048490 -[is_a]-> GO:0099517
GO:0048490 -[occurs_in]-> GO:1904115
GO:0048491 -[is_a]-> GO:0008090
GO:0048491 -[is_a]-> GO:0099517
GO:0048491 -[occurs_in]-> GO:1904115
GO:0048492 -[is_a]-> GO:0044444
GO:0048492 -[is_a]-> GO:1902494
GO:0048493 -[is_a]-> GO:0044422
GO:0048493 -[is_a]-> GO:0044436
GO:0048493 -[is_a]-> GO:0044459
GO:0048493 -[is_a]-> GO:0048494
GO:0048493 -[part_of]-> GO:0030075
GO:0048494 -[is_a]-> GO:0048492
GO:0048494 -[part_of]-> GO:0042716
GO:0048495 -[is_a]-> GO:0005102
GO:0048496 -[is_a]-> GO:0045596
GO:0048496 -[part_of]-> GO:0048513
GO:0048497 -[is_a]-> GO:0022414
GO:0048497 -[is_a]-> GO:0090700
GO:0048497 -[part_of]-> GO:0048437
GO:0048498 -[is_a]-> GO:0048559
GO:0048498 -[part_of]-> GO:0048446
GO:0048499 -[is_a]-> GO:0044802
GO:0048499 -[part_of]-> GO:0010256
GO:0048500 -[is_a]-> GO:0030529
GO:0048500 -[is_a]-> GO:0044444
GO:0048501 -[is_a]-> GO:0048500
GO:0048502 -[is_a]-> GO:0042626
GO:0048504 -[is_a]-> GO:0003156
GO:0048504 -[is_a]-> GO:0040034
GO:0048505 -[is_a]-> GO:0040034
GO:0048505 -[is_a]-> GO:0045595
GO:0048506 -[is_a]-> GO:0040034
GO:0048506 -[is_a]-> GO:0048509
GO:0048507 -[is_a]-> GO:0009888
GO:0048508 -[is_a]-> GO:0003006
GO:0048508 -[is_a]-> GO:0048507
GO:0048508 -[part_of]-> GO:0009793
GO:0048509 -[is_a]-> GO:0050793
GO:0048509 -[regulates]-> GO:0048507
GO:0048510 -[is_a]-> GO:0048506
GO:0048511 -[is_a]-> GO:0008150
GO:0048512 -[is_a]-> GO:0007622
GO:0048512 -[is_a]-> GO:0007623
GO:0048513 -[is_a]-> GO:0048856
GO:0048513 -[part_of]-> GO:0048731
GO:0048514 -[is_a]-> GO:0009653
GO:0048514 -[is_a]-> GO:0044767
GO:0048514 -[part_of]-> GO:0001568
GO:0048515 -[is_a]-> GO:0003006
GO:0048515 -[is_a]-> GO:0022412
GO:0048515 -[is_a]-> GO:0030154
GO:0048515 -[part_of]-> GO:0007283
GO:0048518 -[is_a]-> GO:0050789
GO:0048518 -[positively_regulates]-> GO:0008150
GO:0048519 -[is_a]-> GO:0050789
GO:0048519 -[negatively_regulates]-> GO:0008150
GO:0048520 -[is_a]-> GO:0048518
GO:0048520 -[is_a]-> GO:0050795
GO:0048520 -[positively_regulates]-> GO:0007610
GO:0048521 -[is_a]-> GO:0048519
GO:0048521 -[is_a]-> GO:0050795
GO:0048521 -[negatively_regulates]-> GO:0007610
GO:0048522 -[is_a]-> GO:0048518
GO:0048522 -[is_a]-> GO:0050794
GO:0048522 -[positively_regulates]-> GO:0009987
GO:0048523 -[is_a]-> GO:0048519
GO:0048523 -[is_a]-> GO:0050794
GO:0048523 -[negatively_regulates]-> GO:0009987
GO:0048524 -[is_a]-> GO:0043902
GO:0048524 -[is_a]-> GO:0048522
GO:0048524 -[is_a]-> GO:0050792
GO:0048524 -[positively_regulates]-> GO:0016032
GO:0048525 -[is_a]-> GO:0043901
GO:0048525 -[is_a]-> GO:0048523
GO:0048525 -[is_a]-> GO:0050792
GO:0048525 -[negatively_regulates]-> GO:0016032
GO:0048526 -[is_a]-> GO:0060560
GO:0048526 -[part_of]-> GO:0007476
GO:0048527 -[is_a]-> GO:0048528
GO:0048528 -[is_a]-> GO:0048364
GO:0048528 -[is_a]-> GO:0090696
GO:0048529 -[is_a]-> GO:0016709
GO:0048530 -[is_a]-> GO:0003006
GO:0048530 -[is_a]-> GO:0090698
GO:0048530 -[part_of]-> GO:0010154
GO:0048531 -[is_a]-> GO:0008378
GO:0048532 -[is_a]-> GO:0044767
GO:0048532 -[part_of]-> GO:0009653
GO:0048533 -[is_a]-> GO:0030154
GO:0048534 -[is_a]-> GO:0044767
GO:0048534 -[is_a]-> GO:0048513
GO:0048534 -[part_of]-> GO:0002520
GO:0048535 -[is_a]-> GO:0048534
GO:0048536 -[is_a]-> GO:0048534
GO:0048537 -[is_a]-> GO:0009888
GO:0048537 -[is_a]-> GO:0048534
GO:0048538 -[is_a]-> GO:0048534
GO:0048538 -[is_a]-> GO:0048732
GO:0048539 -[is_a]-> GO:0009888
GO:0048539 -[is_a]-> GO:0048534
GO:0048539 -[part_of]-> GO:0060348
GO:0048540 -[is_a]-> GO:0048534
GO:0048541 -[is_a]-> GO:0048537
GO:0048542 -[is_a]-> GO:0048534
GO:0048542 -[is_a]-> GO:0048732
GO:0048543 -[is_a]-> GO:0046148
GO:0048544 -[is_a]-> GO:0008037
GO:0048544 -[is_a]-> GO:0044702
GO:0048544 -[part_of]-> GO:0009875
GO:0048545 -[is_a]-> GO:0009725
GO:0048545 -[is_a]-> GO:0014070
GO:0048545 -[is_a]-> GO:0033993
GO:0048546 -[is_a]-> GO:0035239
GO:0048546 -[part_of]-> GO:0048565
GO:0048548 -[is_a]-> GO:0030100
GO:0048548 -[regulates]-> GO:0006907
GO:0048549 -[is_a]-> GO:0045807
GO:0048549 -[is_a]-> GO:0048548
GO:0048549 -[positively_regulates]-> GO:0006907
GO:0048550 -[is_a]-> GO:0045806
GO:0048550 -[is_a]-> GO:0048548
GO:0048550 -[negatively_regulates]-> GO:0006907
GO:0048555 -[is_a]-> GO:0005634
GO:0048556 -[is_a]-> GO:0005634
GO:0048557 -[is_a]-> GO:0048562
GO:0048557 -[part_of]-> GO:0048546
GO:0048557 -[part_of]-> GO:0048566
GO:0048559 -[is_a]-> GO:0003006
GO:0048559 -[is_a]-> GO:0044702
GO:0048559 -[is_a]-> GO:0044767
GO:0048559 -[is_a]-> GO:0090707
GO:0048559 -[part_of]-> GO:0048439
GO:0048560 -[is_a]-> GO:0009798
GO:0048560 -[part_of]-> GO:0009653
GO:0048561 -[is_a]-> GO:0048560
GO:0048561 -[part_of]-> GO:0009887
GO:0048562 -[is_a]-> GO:0009887
GO:0048562 -[is_a]-> GO:0048598
GO:0048562 -[part_of]-> GO:0048568
GO:0048563 -[is_a]-> GO:0009886
GO:0048563 -[is_a]-> GO:0009887
GO:0048563 -[part_of]-> GO:0048569
GO:0048564 -[is_a]-> GO:0043623
GO:0048564 -[part_of]-> GO:0019684
GO:0048565 -[is_a]-> GO:0035295
GO:0048565 -[is_a]-> GO:0044767
GO:0048565 -[part_of]-> GO:0055123
GO:0048566 -[is_a]-> GO:0048565
GO:0048566 -[is_a]-> GO:0048568
GO:0048567 -[is_a]-> GO:0007439
GO:0048567 -[part_of]-> GO:0048546
GO:0048568 -[is_a]-> GO:0044767
GO:0048568 -[is_a]-> GO:0048513
GO:0048568 -[part_of]-> GO:0009790
GO:0048569 -[is_a]-> GO:0044767
GO:0048569 -[is_a]-> GO:0048513
GO:0048570 -[is_a]-> GO:0048562
GO:0048570 -[part_of]-> GO:0030903
GO:0048571 -[is_a]-> GO:0009648
GO:0048572 -[is_a]-> GO:0009648
GO:0048573 -[is_a]-> GO:0009648
GO:0048573 -[is_a]-> GO:0022414
GO:0048573 -[part_of]-> GO:0010228
GO:0048574 -[is_a]-> GO:0048571
GO:0048574 -[is_a]-> GO:0048573
GO:0048575 -[is_a]-> GO:0048572
GO:0048575 -[is_a]-> GO:0048573
GO:0048576 -[is_a]-> GO:0048582
GO:0048576 -[is_a]-> GO:0048584
GO:0048576 -[is_a]-> GO:0048587
GO:0048576 -[is_a]-> GO:2000243
GO:0048576 -[positively_regulates]-> GO:0048575
GO:0048577 -[is_a]-> GO:0048581
GO:0048577 -[is_a]-> GO:0048585
GO:0048577 -[is_a]-> GO:0048587
GO:0048577 -[is_a]-> GO:2000242
GO:0048577 -[negatively_regulates]-> GO:0048575
GO:0048578 -[is_a]-> GO:0048582
GO:0048578 -[is_a]-> GO:0048584
GO:0048578 -[is_a]-> GO:0048586
GO:0048578 -[is_a]-> GO:2000243
GO:0048578 -[positively_regulates]-> GO:0048574
GO:0048579 -[is_a]-> GO:0048581
GO:0048579 -[is_a]-> GO:0048585
GO:0048579 -[is_a]-> GO:0048586
GO:0048579 -[is_a]-> GO:2000242
GO:0048579 -[negatively_regulates]-> GO:0048574
GO:0048580 -[is_a]-> GO:2000026
GO:0048580 -[regulates]-> GO:0009791
GO:0048581 -[is_a]-> GO:0048580
GO:0048581 -[is_a]-> GO:0051093
GO:0048581 -[is_a]-> GO:0051241
GO:0048581 -[negatively_regulates]-> GO:0009791
GO:0048582 -[is_a]-> GO:0048580
GO:0048582 -[is_a]-> GO:0051094
GO:0048582 -[is_a]-> GO:0051240
GO:0048582 -[positively_regulates]-> GO:0009791
GO:0048583 -[is_a]-> GO:0050789
GO:0048583 -[regulates]-> GO:0050896
GO:0048584 -[is_a]-> GO:0048518
GO:0048584 -[is_a]-> GO:0048583
GO:0048584 -[positively_regulates]-> GO:0050896
GO:0048585 -[is_a]-> GO:0048519
GO:0048585 -[is_a]-> GO:0048583
GO:0048585 -[negatively_regulates]-> GO:0050896
GO:0048586 -[is_a]-> GO:2000028
GO:0048586 -[regulates]-> GO:0048574
GO:0048587 -[is_a]-> GO:2000028
GO:0048587 -[regulates]-> GO:0048575
GO:0048588 -[is_a]-> GO:0016049
GO:0048588 -[is_a]-> GO:0048589
GO:0048588 -[part_of]-> GO:0048468
GO:0048589 -[is_a]-> GO:0040007
GO:0048589 -[is_a]-> GO:0044767
GO:0048592 -[is_a]-> GO:0090596
GO:0048592 -[part_of]-> GO:0001654
GO:0048593 -[is_a]-> GO:0048592
GO:0048593 -[part_of]-> GO:0043010
GO:0048596 -[is_a]-> GO:0048048
GO:0048596 -[part_of]-> GO:0031076
GO:0048596 -[part_of]-> GO:0048593
GO:0048597 -[is_a]-> GO:0048050
GO:0048597 -[part_of]-> GO:0031077
GO:0048597 -[part_of]-> GO:0048593
GO:0048598 -[is_a]-> GO:0009653
GO:0048598 -[is_a]-> GO:0044767
GO:0048598 -[part_of]-> GO:0009790
GO:0048599 -[is_a]-> GO:0007281
GO:0048599 -[part_of]-> GO:0009994
GO:0048600 -[is_a]-> GO:0003006
GO:0048600 -[is_a]-> GO:0022412
GO:0048600 -[is_a]-> GO:0045165
GO:0048600 -[part_of]-> GO:0009994
GO:0048601 -[is_a]-> GO:0000904
GO:0048601 -[is_a]-> GO:0003006
GO:0048601 -[is_a]-> GO:0022412
GO:0048601 -[part_of]-> GO:0048599
GO:0048608 -[is_a]-> GO:0003006
GO:0048608 -[is_a]-> GO:0048856
GO:0048608 -[part_of]-> GO:0061458
GO:0048609 -[is_a]-> GO:0022414
GO:0048609 -[part_of]-> GO:0032504
GO:0048611 -[is_a]-> GO:0048566
GO:0048611 -[part_of]-> GO:0007439
GO:0048612 -[is_a]-> GO:0048569
GO:0048612 -[part_of]-> GO:0007439
GO:0048613 -[is_a]-> GO:0048598
GO:0048613 -[part_of]-> GO:0048557
GO:0048613 -[part_of]-> GO:0048567
GO:0048613 -[part_of]-> GO:0048611
GO:0048614 -[is_a]-> GO:0009886
GO:0048614 -[is_a]-> GO:0044767
GO:0048614 -[part_of]-> GO:0048567
GO:0048614 -[part_of]-> GO:0048612
GO:0048614 -[part_of]-> GO:0048621
GO:0048615 -[is_a]-> GO:0016331
GO:0048615 -[part_of]-> GO:0007441
GO:0048615 -[part_of]-> GO:0048613
GO:0048616 -[is_a]-> GO:0009886
GO:0048616 -[is_a]-> GO:0044767
GO:0048616 -[part_of]-> GO:0007441
GO:0048616 -[part_of]-> GO:0048614
GO:0048617 -[is_a]-> GO:0048598
GO:0048617 -[part_of]-> GO:0007440
GO:0048618 -[is_a]-> GO:0009886
GO:0048618 -[is_a]-> GO:0044767
GO:0048618 -[part_of]-> GO:0007440
GO:0048619 -[is_a]-> GO:0048598
GO:0048619 -[part_of]-> GO:0007442
GO:0048620 -[is_a]-> GO:0009886
GO:0048620 -[is_a]-> GO:0044767
GO:0048620 -[part_of]-> GO:0007442
GO:0048621 -[is_a]-> GO:0009886
GO:0048621 -[is_a]-> GO:0044767
GO:0048621 -[part_of]-> GO:0048546
GO:0048623 -[is_a]-> GO:0009845
GO:0048624 -[is_a]-> GO:0003006
GO:0048624 -[is_a]-> GO:0019954
GO:0048624 -[is_a]-> GO:0044703
GO:0048624 -[is_a]-> GO:0044706
GO:0048624 -[is_a]-> GO:0048507
GO:0048624 -[is_a]-> GO:0048609
GO:0048625 -[is_a]-> GO:0045165
GO:0048625 -[part_of]-> GO:0045445
GO:0048626 -[is_a]-> GO:0001708
GO:0048626 -[part_of]-> GO:0048625
GO:0048627 -[is_a]-> GO:0048468
GO:0048627 -[part_of]-> GO:0045445
GO:0048628 -[is_a]-> GO:0048469
GO:0048628 -[part_of]-> GO:0048627
GO:0048629 -[is_a]-> GO:0003002
GO:0048629 -[is_a]-> GO:0045168
GO:0048629 -[part_of]-> GO:0010026
GO:0048630 -[is_a]-> GO:0048589
GO:0048630 -[part_of]-> GO:0007519
GO:0048631 -[is_a]-> GO:0048638
GO:0048631 -[is_a]-> GO:0048641
GO:0048631 -[regulates]-> GO:0048630
GO:0048632 -[is_a]-> GO:0048631
GO:0048632 -[is_a]-> GO:0048640
GO:0048632 -[is_a]-> GO:0048642
GO:0048632 -[negatively_regulates]-> GO:0048630
GO:0048633 -[is_a]-> GO:0048631
GO:0048633 -[is_a]-> GO:0048639
GO:0048633 -[is_a]-> GO:0048643
GO:0048633 -[positively_regulates]-> GO:0048630
GO:0048634 -[is_a]-> GO:2000026
GO:0048634 -[regulates]-> GO:0007517
GO:0048635 -[is_a]-> GO:0048634
GO:0048635 -[is_a]-> GO:0051093
GO:0048635 -[is_a]-> GO:0051241
GO:0048635 -[negatively_regulates]-> GO:0007517
GO:0048636 -[is_a]-> GO:0048634
GO:0048636 -[is_a]-> GO:0051094
GO:0048636 -[is_a]-> GO:0051240
GO:0048636 -[positively_regulates]-> GO:0007517
GO:0048638 -[is_a]-> GO:0040008
GO:0048638 -[is_a]-> GO:0050793
GO:0048638 -[regulates]-> GO:0048589
GO:0048639 -[is_a]-> GO:0045927
GO:0048639 -[is_a]-> GO:0048638
GO:0048639 -[is_a]-> GO:0051094
GO:0048639 -[positively_regulates]-> GO:0048589
GO:0048640 -[is_a]-> GO:0045926
GO:0048640 -[is_a]-> GO:0048638
GO:0048640 -[is_a]-> GO:0051093
GO:0048640 -[negatively_regulates]-> GO:0048589
GO:0048641 -[is_a]-> GO:0016202
GO:0048641 -[regulates]-> GO:0007519
GO:0048642 -[is_a]-> GO:0045843
GO:0048642 -[is_a]-> GO:0048641
GO:0048642 -[negatively_regulates]-> GO:0007519
GO:0048643 -[is_a]-> GO:0045844
GO:0048643 -[is_a]-> GO:0048641
GO:0048643 -[positively_regulates]-> GO:0007519
GO:0048644 -[is_a]-> GO:0009887
GO:0048644 -[part_of]-> GO:0007517
GO:0048645 -[is_a]-> GO:0044767
GO:0048645 -[is_a]-> GO:0048646
GO:0048645 -[part_of]-> GO:0009887
GO:0048646 -[is_a]-> GO:0032502
GO:0048646 -[part_of]-> GO:0009653
GO:0048647 -[is_a]-> GO:0044707
GO:0048647 -[part_of]-> GO:0007275
GO:0048648 -[is_a]-> GO:0048647
GO:0048649 -[is_a]-> GO:0048648
GO:0048649 -[is_a]-> GO:0048652
GO:0048650 -[is_a]-> GO:0048648
GO:0048650 -[is_a]-> GO:0048651
GO:0048651 -[is_a]-> GO:0009605
GO:0048651 -[is_a]-> GO:0048647
GO:0048652 -[is_a]-> GO:0048647
GO:0048653 -[is_a]-> GO:0003006
GO:0048653 -[is_a]-> GO:0044702
GO:0048653 -[is_a]-> GO:0044767
GO:0048653 -[is_a]-> GO:0048856
GO:0048653 -[part_of]-> GO:0048443
GO:0048654 -[is_a]-> GO:0048444
GO:0048654 -[part_of]-> GO:0048448
GO:0048654 -[part_of]-> GO:0048653
GO:0048655 -[is_a]-> GO:0003006
GO:0048655 -[is_a]-> GO:0044702
GO:0048655 -[is_a]-> GO:0044767
GO:0048655 -[is_a]-> GO:0090698
GO:0048655 -[part_of]-> GO:0048654
GO:0048655 -[part_of]-> GO:0048658
GO:0048656 -[is_a]-> GO:0003006
GO:0048656 -[is_a]-> GO:0044702
GO:0048656 -[is_a]-> GO:0044767
GO:0048656 -[is_a]-> GO:0048646
GO:0048656 -[part_of]-> GO:0048455
GO:0048656 -[part_of]-> GO:0048655
GO:0048657 -[is_a]-> GO:0003006
GO:0048657 -[is_a]-> GO:0030154
GO:0048657 -[is_a]-> GO:0044702
GO:0048657 -[part_of]-> GO:0048656
GO:0048658 -[is_a]-> GO:0003006
GO:0048658 -[is_a]-> GO:0048856
GO:0048658 -[part_of]-> GO:0048653
GO:0048659 -[is_a]-> GO:0033002
GO:0048660 -[is_a]-> GO:0042127
GO:0048660 -[regulates]-> GO:0048659
GO:0048661 -[is_a]-> GO:0008284
GO:0048661 -[is_a]-> GO:0048660
GO:0048661 -[positively_regulates]-> GO:0048659
GO:0048662 -[is_a]-> GO:0008285
GO:0048662 -[is_a]-> GO:0048660
GO:0048662 -[negatively_regulates]-> GO:0048659
GO:0048663 -[is_a]-> GO:0045165
GO:0048663 -[part_of]-> GO:0030182
GO:0048664 -[is_a]-> GO:0001709
GO:0048664 -[part_of]-> GO:0048663
GO:0048665 -[is_a]-> GO:0001708
GO:0048665 -[part_of]-> GO:0048663
GO:0048666 -[is_a]-> GO:0048468
GO:0048666 -[part_of]-> GO:0030182
GO:0048667 -[is_a]-> GO:0000904
GO:0048667 -[part_of]-> GO:0030182
GO:0048667 -[part_of]-> GO:0048666
GO:0048668 -[is_a]-> GO:0048588
GO:0048668 -[is_a]-> GO:0060560
GO:0048668 -[part_of]-> GO:0007409
GO:0048669 -[is_a]-> GO:0048668
GO:0048670 -[is_a]-> GO:0048638
GO:0048670 -[is_a]-> GO:0050770
GO:0048670 -[is_a]-> GO:0061387
GO:0048670 -[regulates]-> GO:0048668
GO:0048671 -[is_a]-> GO:0030308
GO:0048671 -[is_a]-> GO:0048640
GO:0048671 -[is_a]-> GO:0048670
GO:0048671 -[is_a]-> GO:0050771
GO:0048671 -[negatively_regulates]-> GO:0048668
GO:0048672 -[is_a]-> GO:0030307
GO:0048672 -[is_a]-> GO:0048639
GO:0048672 -[is_a]-> GO:0048670
GO:0048672 -[is_a]-> GO:0050772
GO:0048672 -[positively_regulates]-> GO:0048668
GO:0048673 -[is_a]-> GO:0031103
GO:0048673 -[is_a]-> GO:0048668
GO:0048674 -[is_a]-> GO:0048668
GO:0048674 -[is_a]-> GO:0048682
GO:0048675 -[is_a]-> GO:1990138
GO:0048675 -[part_of]-> GO:0007409
GO:0048677 -[is_a]-> GO:0048675
GO:0048677 -[is_a]-> GO:0048682
GO:0048677 -[part_of]-> GO:0031099
GO:0048678 -[is_a]-> GO:0009611
GO:0048679 -[is_a]-> GO:0032101
GO:0048679 -[is_a]-> GO:0070570
GO:0048679 -[is_a]-> GO:1903034
GO:0048679 -[regulates]-> GO:0031103
GO:0048680 -[is_a]-> GO:0032103
GO:0048680 -[is_a]-> GO:0048679
GO:0048680 -[is_a]-> GO:0070572
GO:0048680 -[is_a]-> GO:1903036
GO:0048680 -[positively_regulates]-> GO:0031103
GO:0048681 -[is_a]-> GO:0032102
GO:0048681 -[is_a]-> GO:0048679
GO:0048681 -[is_a]-> GO:0070571
GO:0048681 -[is_a]-> GO:1903035
GO:0048681 -[negatively_regulates]-> GO:0031103
GO:0048682 -[is_a]-> GO:0048588
GO:0048682 -[is_a]-> GO:0060560
GO:0048682 -[part_of]-> GO:0031103
GO:0048683 -[is_a]-> GO:0048670
GO:0048683 -[is_a]-> GO:0048679
GO:0048683 -[regulates]-> GO:0048673
GO:0048684 -[is_a]-> GO:0048672
GO:0048684 -[is_a]-> GO:0048680
GO:0048684 -[is_a]-> GO:0048683
GO:0048684 -[positively_regulates]-> GO:0048673
GO:0048685 -[is_a]-> GO:0048671
GO:0048685 -[is_a]-> GO:0048681
GO:0048685 -[is_a]-> GO:0048683
GO:0048685 -[negatively_regulates]-> GO:0048673
GO:0048686 -[is_a]-> GO:0022603
GO:0048686 -[is_a]-> GO:0048638
GO:0048686 -[is_a]-> GO:0048679
GO:0048686 -[is_a]-> GO:0061387
GO:0048686 -[regulates]-> GO:0048682
GO:0048687 -[is_a]-> GO:0030307
GO:0048687 -[is_a]-> GO:0048639
GO:0048687 -[is_a]-> GO:0048680
GO:0048687 -[is_a]-> GO:0048686
GO:0048687 -[positively_regulates]-> GO:0048682
GO:0048688 -[is_a]-> GO:0030308
GO:0048688 -[is_a]-> GO:0048640
GO:0048688 -[is_a]-> GO:0048681
GO:0048688 -[is_a]-> GO:0048686
GO:0048688 -[negatively_regulates]-> GO:0048682
GO:0048689 -[is_a]-> GO:0048682
GO:0048690 -[is_a]-> GO:0030516
GO:0048690 -[is_a]-> GO:0048686
GO:0048690 -[regulates]-> GO:0048677
GO:0048691 -[is_a]-> GO:0045773
GO:0048691 -[is_a]-> GO:0048687
GO:0048691 -[is_a]-> GO:0048690
GO:0048691 -[positively_regulates]-> GO:0048677
GO:0048692 -[is_a]-> GO:0030517
GO:0048692 -[is_a]-> GO:0048688
GO:0048692 -[is_a]-> GO:0048690
GO:0048692 -[negatively_regulates]-> GO:0048677
GO:0048693 -[is_a]-> GO:0048670
GO:0048693 -[is_a]-> GO:0048686
GO:0048693 -[regulates]-> GO:0048674
GO:0048694 -[is_a]-> GO:0048672
GO:0048694 -[is_a]-> GO:0048687
GO:0048694 -[is_a]-> GO:0048693
GO:0048694 -[positively_regulates]-> GO:0048674
GO:0048695 -[is_a]-> GO:0048671
GO:0048695 -[is_a]-> GO:0048688
GO:0048695 -[is_a]-> GO:0048693
GO:0048695 -[negatively_regulates]-> GO:0048674
GO:0048696 -[is_a]-> GO:0048670
GO:0048696 -[regulates]-> GO:0048669
GO:0048697 -[is_a]-> GO:0048672
GO:0048697 -[is_a]-> GO:0048696
GO:0048697 -[positively_regulates]-> GO:0048669
GO:0048698 -[is_a]-> GO:0048671
GO:0048698 -[is_a]-> GO:0048696
GO:0048698 -[negatively_regulates]-> GO:0048669
GO:0048699 -[is_a]-> GO:0022008
GO:0048700 -[is_a]-> GO:0003006
GO:0048700 -[is_a]-> GO:0044702
GO:0048700 -[is_a]-> GO:0097439
GO:0048700 -[part_of]-> GO:0010162
GO:0048701 -[is_a]-> GO:0048704
GO:0048701 -[part_of]-> GO:1904888
GO:0048702 -[is_a]-> GO:0048598
GO:0048702 -[part_of]-> GO:0048701
GO:0048703 -[is_a]-> GO:0048598
GO:0048703 -[part_of]-> GO:0048701
GO:0048704 -[is_a]-> GO:0048562
GO:0048704 -[is_a]-> GO:0048705
GO:0048704 -[part_of]-> GO:0048706
GO:0048705 -[is_a]-> GO:0009887
GO:0048705 -[part_of]-> GO:0001501
GO:0048706 -[is_a]-> GO:0001501
GO:0048706 -[part_of]-> GO:0043009
GO:0048707 -[is_a]-> GO:0009886
GO:0048707 -[part_of]-> GO:0002165
GO:0048708 -[is_a]-> GO:0010001
GO:0048708 -[part_of]-> GO:0007417
GO:0048709 -[is_a]-> GO:0010001
GO:0048709 -[part_of]-> GO:0007417
GO:0048710 -[is_a]-> GO:0045685
GO:0048710 -[regulates]-> GO:0048708
GO:0048711 -[is_a]-> GO:0045687
GO:0048711 -[is_a]-> GO:0048710
GO:0048711 -[positively_regulates]-> GO:0048708
GO:0048712 -[is_a]-> GO:0045686
GO:0048712 -[is_a]-> GO:0048710
GO:0048712 -[negatively_regulates]-> GO:0048708
GO:0048713 -[is_a]-> GO:0045685
GO:0048713 -[regulates]-> GO:0048709
GO:0048714 -[is_a]-> GO:0045687
GO:0048714 -[is_a]-> GO:0048713
GO:0048714 -[positively_regulates]-> GO:0048709
GO:0048715 -[is_a]-> GO:0045686
GO:0048715 -[is_a]-> GO:0048713
GO:0048715 -[negatively_regulates]-> GO:0048709
GO:0048716 -[is_a]-> GO:0009886
GO:0048716 -[is_a]-> GO:0044767
GO:0048716 -[part_of]-> GO:0007453
GO:0048716 -[part_of]-> GO:0048726
GO:0048717 -[is_a]-> GO:0009886
GO:0048717 -[is_a]-> GO:0044767
GO:0048717 -[part_of]-> GO:0007453
GO:0048717 -[part_of]-> GO:0048722
GO:0048718 -[is_a]-> GO:0008407
GO:0048718 -[is_a]-> GO:0048563
GO:0048718 -[part_of]-> GO:0007453
GO:0048718 -[part_of]-> GO:0048725
GO:0048719 -[is_a]-> GO:0009886
GO:0048719 -[is_a]-> GO:0044767
GO:0048719 -[part_of]-> GO:0007453
GO:0048719 -[part_of]-> GO:0048724
GO:0048720 -[is_a]-> GO:0009886
GO:0048720 -[is_a]-> GO:0044767
GO:0048720 -[part_of]-> GO:0007453
GO:0048720 -[part_of]-> GO:0048727
GO:0048721 -[is_a]-> GO:0009886
GO:0048721 -[is_a]-> GO:0044767
GO:0048721 -[part_of]-> GO:0007453
GO:0048721 -[part_of]-> GO:0048723
GO:0048722 -[is_a]-> GO:0044767
GO:0048722 -[is_a]-> GO:0048856
GO:0048722 -[part_of]-> GO:0035213
GO:0048723 -[is_a]-> GO:0044767
GO:0048723 -[is_a]-> GO:0048856
GO:0048723 -[part_of]-> GO:0035213
GO:0048724 -[is_a]-> GO:0044767
GO:0048724 -[is_a]-> GO:0048856
GO:0048724 -[part_of]-> GO:0035213
GO:0048725 -[is_a]-> GO:0022416
GO:0048725 -[part_of]-> GO:0035213
GO:0048726 -[is_a]-> GO:0044767
GO:0048726 -[is_a]-> GO:0048856
GO:0048726 -[part_of]-> GO:0035213
GO:0048727 -[is_a]-> GO:0048856
GO:0048727 -[part_of]-> GO:0035213
GO:0048728 -[is_a]-> GO:0044767
GO:0048728 -[is_a]-> GO:0048513
GO:0048728 -[part_of]-> GO:0035213
GO:0048729 -[is_a]-> GO:0009653
GO:0048729 -[is_a]-> GO:0044767
GO:0048729 -[part_of]-> GO:0009888
GO:0048730 -[is_a]-> GO:0002009
GO:0048730 -[part_of]-> GO:0008544
GO:0048731 -[is_a]-> GO:0048856
GO:0048731 -[part_of]-> GO:0007275
GO:0048732 -[is_a]-> GO:0044767
GO:0048732 -[is_a]-> GO:0048513
GO:0048733 -[is_a]-> GO:0048732
GO:0048733 -[part_of]-> GO:0043588
GO:0048734 -[is_a]-> GO:0009887
GO:0048734 -[part_of]-> GO:0048728
GO:0048735 -[is_a]-> GO:0035114
GO:0048735 -[is_a]-> GO:0035120
GO:0048735 -[part_of]-> GO:0007481
GO:0048735 -[part_of]-> GO:0007482
GO:0048736 -[is_a]-> GO:0044767
GO:0048736 -[is_a]-> GO:0048856
GO:0048736 -[part_of]-> GO:0007275
GO:0048737 -[is_a]-> GO:0048736
GO:0048738 -[is_a]-> GO:0014706
GO:0048738 -[part_of]-> GO:0007507
GO:0048739 -[is_a]-> GO:0048747
GO:0048739 -[is_a]-> GO:0055013
GO:0048739 -[part_of]-> GO:0048738
GO:0048741 -[is_a]-> GO:0014904
GO:0048741 -[is_a]-> GO:0048747
GO:0048741 -[part_of]-> GO:0007519
GO:0048742 -[is_a]-> GO:0010830
GO:0048742 -[is_a]-> GO:0048641
GO:0048742 -[is_a]-> GO:0060284
GO:0048742 -[regulates]-> GO:0048741
GO:0048743 -[is_a]-> GO:0010720
GO:0048743 -[is_a]-> GO:0010831
GO:0048743 -[is_a]-> GO:0048643
GO:0048743 -[is_a]-> GO:0048742
GO:0048743 -[positively_regulates]-> GO:0048741
GO:0048744 -[is_a]-> GO:0010721
GO:0048744 -[is_a]-> GO:0010832
GO:0048744 -[is_a]-> GO:0048642
GO:0048744 -[is_a]-> GO:0048742
GO:0048744 -[negatively_regulates]-> GO:0048741
GO:0048745 -[is_a]-> GO:0060537
GO:0048747 -[is_a]-> GO:0055002
GO:0048749 -[is_a]-> GO:0001654
GO:0048750 -[is_a]-> GO:0009653
GO:0048750 -[is_a]-> GO:0044767
GO:0048750 -[part_of]-> GO:0001745
GO:0048750 -[part_of]-> GO:0048058
GO:0048752 -[is_a]-> GO:0035239
GO:0048752 -[is_a]-> GO:0048598
GO:0048752 -[part_of]-> GO:0042472
GO:0048752 -[part_of]-> GO:0060872
GO:0048753 -[is_a]-> GO:0016050
GO:0048753 -[part_of]-> GO:0033059
GO:0048754 -[is_a]-> GO:0035239
GO:0048754 -[is_a]-> GO:0061138
GO:0048754 -[part_of]-> GO:0060562
GO:0048755 -[is_a]-> GO:0001763
GO:0048755 -[part_of]-> GO:0007399
GO:0048756 -[is_a]-> GO:0090603
GO:0048756 -[part_of]-> GO:0010088
GO:0048757 -[is_a]-> GO:0021700
GO:0048757 -[is_a]-> GO:0043482
GO:0048757 -[part_of]-> GO:0050931
GO:0048758 -[is_a]-> GO:0048760
GO:0048758 -[part_of]-> GO:0010088
GO:0048759 -[is_a]-> GO:1905177
GO:0048759 -[part_of]-> GO:0010089
GO:0048760 -[is_a]-> GO:0030154
GO:0048761 -[is_a]-> GO:0030154
GO:0048762 -[is_a]-> GO:0030154
GO:0048762 -[part_of]-> GO:0060485
GO:0048763 -[is_a]-> GO:0015278
GO:0048764 -[is_a]-> GO:0048469
GO:0048764 -[part_of]-> GO:0010054
GO:0048765 -[is_a]-> GO:0010053
GO:0048765 -[is_a]-> GO:0048764
GO:0048766 -[is_a]-> GO:0000904
GO:0048766 -[part_of]-> GO:0048765
GO:0048767 -[is_a]-> GO:0048588
GO:0048767 -[is_a]-> GO:0060560
GO:0048767 -[part_of]-> GO:0080147
GO:0048768 -[is_a]-> GO:0000904
GO:0048768 -[is_a]-> GO:0009932
GO:0048768 -[part_of]-> GO:0048767
GO:0048769 -[is_a]-> GO:0031032
GO:0048769 -[part_of]-> GO:0030239
GO:0048770 -[is_a]-> GO:0031410
GO:0048771 -[is_a]-> GO:0044707
GO:0048772 -[is_a]-> GO:0050931
GO:0048773 -[is_a]-> GO:0050931
GO:0048774 -[is_a]-> GO:0050931
GO:0048775 -[is_a]-> GO:0050932
GO:0048775 -[regulates]-> GO:0048772
GO:0048776 -[is_a]-> GO:0048775
GO:0048776 -[is_a]-> GO:0050941
GO:0048776 -[negatively_regulates]-> GO:0048772
GO:0048777 -[is_a]-> GO:0048775
GO:0048777 -[is_a]-> GO:0050942
GO:0048777 -[positively_regulates]-> GO:0048772
GO:0048778 -[is_a]-> GO:0050932
GO:0048778 -[regulates]-> GO:0048773
GO:0048779 -[is_a]-> GO:0048778
GO:0048779 -[is_a]-> GO:0050941
GO:0048779 -[negatively_regulates]-> GO:0048773
GO:0048780 -[is_a]-> GO:0048778
GO:0048780 -[is_a]-> GO:0050942
GO:0048780 -[positively_regulates]-> GO:0048773
GO:0048781 -[is_a]-> GO:0050932
GO:0048781 -[regulates]-> GO:0048774
GO:0048782 -[is_a]-> GO:0048781
GO:0048782 -[is_a]-> GO:0050941
GO:0048782 -[negatively_regulates]-> GO:0048774
GO:0048783 -[is_a]-> GO:0048781
GO:0048783 -[is_a]-> GO:0050942
GO:0048783 -[positively_regulates]-> GO:0048774
GO:0048784 -[is_a]-> GO:0043324
GO:0048784 -[is_a]-> GO:0043477
GO:0048784 -[part_of]-> GO:0048757
GO:0048785 -[is_a]-> GO:0048732
GO:0048786 -[is_a]-> GO:0044456
GO:0048786 -[is_a]-> GO:0097458
GO:0048786 -[part_of]-> GO:0098793
GO:0048787 -[is_a]-> GO:0097060
GO:0048787 -[is_a]-> GO:0097458
GO:0048787 -[part_of]-> GO:0042734
GO:0048787 -[part_of]-> GO:0048786
GO:0048788 -[is_a]-> GO:0030863
GO:0048788 -[is_a]-> GO:0099569
GO:0048788 -[part_of]-> GO:0048786
GO:0048788 -[part_of]-> GO:0098831
GO:0048789 -[is_a]-> GO:0030865
GO:0048790 -[is_a]-> GO:0099558
GO:0048790 -[is_a]-> GO:1990709
GO:0048791 -[is_a]-> GO:0016079
GO:0048791 -[occurs_in]-> GO:0098793
GO:0048791 -[part_of]-> GO:0007268
GO:0048792 -[is_a]-> GO:0007269
GO:0048792 -[is_a]-> GO:0016079
GO:0048793 -[is_a]-> GO:0001822
GO:0048794 -[is_a]-> GO:0044767
GO:0048794 -[is_a]-> GO:0048513
GO:0048795 -[is_a]-> GO:0009887
GO:0048795 -[part_of]-> GO:0048794
GO:0048796 -[is_a]-> GO:0048799
GO:0048796 -[part_of]-> GO:0048794
GO:0048797 -[is_a]-> GO:0048645
GO:0048797 -[part_of]-> GO:0048795
GO:0048798 -[is_a]-> GO:0009653
GO:0048798 -[is_a]-> GO:0044767
GO:0048798 -[part_of]-> GO:0048796
GO:0048799 -[is_a]-> GO:0071695
GO:0048799 -[part_of]-> GO:0048513
GO:0048800 -[is_a]-> GO:0009886
GO:0048800 -[is_a]-> GO:0035107
GO:0048800 -[part_of]-> GO:0007455
GO:0048800 -[part_of]-> GO:0007469
GO:0048801 -[is_a]-> GO:0009886
GO:0048801 -[is_a]-> GO:0044767
GO:0048801 -[part_of]-> GO:0048098
GO:0048801 -[part_of]-> GO:0048800
GO:0048802 -[is_a]-> GO:0009886
GO:0048802 -[is_a]-> GO:0044767
GO:0048802 -[part_of]-> GO:0007472
GO:0048802 -[part_of]-> GO:0007477
GO:0048803 -[is_a]-> GO:0048805
GO:0048803 -[is_a]-> GO:0048808
GO:0048803 -[part_of]-> GO:0007485
GO:0048804 -[is_a]-> GO:0048805
GO:0048804 -[is_a]-> GO:0048807
GO:0048804 -[part_of]-> GO:0007486
GO:0048805 -[is_a]-> GO:0035126
GO:0048805 -[part_of]-> GO:0007483
GO:0048805 -[part_of]-> GO:0007484
GO:0048806 -[is_a]-> GO:0044702
GO:0048806 -[is_a]-> GO:0044767
GO:0048806 -[is_a]-> GO:0048513
GO:0048806 -[is_a]-> GO:0048608
GO:0048806 -[part_of]-> GO:0007548
GO:0048807 -[is_a]-> GO:0035112
GO:0048807 -[part_of]-> GO:0030540
GO:0048808 -[is_a]-> GO:0035112
GO:0048808 -[is_a]-> GO:0090598
GO:0048808 -[part_of]-> GO:0030539
GO:0048809 -[is_a]-> GO:0009886
GO:0048809 -[is_a]-> GO:0044767
GO:0048809 -[part_of]-> GO:0007483
GO:0048809 -[part_of]-> GO:0007487
GO:0048810 -[is_a]-> GO:0048809
GO:0048810 -[part_of]-> GO:0045497
GO:0048811 -[is_a]-> GO:0048809
GO:0048811 -[part_of]-> GO:0045496
GO:0048812 -[is_a]-> GO:0048858
GO:0048812 -[part_of]-> GO:0031175
GO:0048813 -[is_a]-> GO:0048812
GO:0048813 -[part_of]-> GO:0016358
GO:0048813 -[part_of]-> GO:0048667
GO:0048814 -[is_a]-> GO:0010769
GO:0048814 -[is_a]-> GO:0050773
GO:0048814 -[regulates]-> GO:0048813
GO:0048815 -[is_a]-> GO:0035112
GO:0048815 -[is_a]-> GO:0035262
GO:0048815 -[part_of]-> GO:0040035
GO:0048816 -[is_a]-> GO:0009886
GO:0048816 -[is_a]-> GO:0090596
GO:0048816 -[part_of]-> GO:0007455
GO:0048816 -[part_of]-> GO:0008056
GO:0048817 -[is_a]-> GO:0048819
GO:0048817 -[is_a]-> GO:0051799
GO:0048817 -[negatively_regulates]-> GO:0048820
GO:0048818 -[is_a]-> GO:0048819
GO:0048818 -[is_a]-> GO:0051798
GO:0048818 -[positively_regulates]-> GO:0048820
GO:0048819 -[is_a]-> GO:0051797
GO:0048819 -[regulates]-> GO:0048820
GO:0048820 -[is_a]-> GO:0022405
GO:0048820 -[is_a]-> GO:0071695
GO:0048820 -[part_of]-> GO:0001942
GO:0048821 -[is_a]-> GO:0061515
GO:0048821 -[part_of]-> GO:0030218
GO:0048822 -[is_a]-> GO:0048821
GO:0048822 -[part_of]-> GO:0043353
GO:0048823 -[is_a]-> GO:0048821
GO:0048823 -[part_of]-> GO:0043363
GO:0048824 -[is_a]-> GO:0030154
GO:0048825 -[is_a]-> GO:0009793
GO:0048825 -[is_a]-> GO:0048366
GO:0048826 -[is_a]-> GO:0003006
GO:0048826 -[is_a]-> GO:0009965
GO:0048826 -[is_a]-> GO:0044702
GO:0048826 -[is_a]-> GO:0048598
GO:0048826 -[is_a]-> GO:0090698
GO:0048826 -[part_of]-> GO:0048825
GO:0048827 -[is_a]-> GO:0099402
GO:0048827 -[part_of]-> GO:0048367
GO:0048829 -[is_a]-> GO:0048856
GO:0048829 -[part_of]-> GO:0048364
GO:0048830 -[is_a]-> GO:0048364
GO:0048831 -[is_a]-> GO:2000026
GO:0048831 -[regulates]-> GO:0048367
GO:0048832 -[is_a]-> GO:0003002
GO:0048832 -[is_a]-> GO:0050793
GO:0048833 -[is_a]-> GO:0003006
GO:0048833 -[is_a]-> GO:0044702
GO:0048833 -[is_a]-> GO:0044767
GO:0048833 -[is_a]-> GO:0048832
GO:0048833 -[part_of]-> GO:0009908
GO:0048834 -[is_a]-> GO:0048833
GO:0048834 -[part_of]-> GO:0048465
GO:0048835 -[is_a]-> GO:0048834
GO:0048836 -[is_a]-> GO:0048834
GO:0048837 -[is_a]-> GO:0048608
GO:0048837 -[part_of]-> GO:0031154
GO:0048838 -[is_a]-> GO:0010162
GO:0048838 -[is_a]-> GO:0097438
GO:0048839 -[is_a]-> GO:0044767
GO:0048839 -[is_a]-> GO:0048856
GO:0048839 -[part_of]-> GO:0043583
GO:0048840 -[is_a]-> GO:0044767
GO:0048840 -[is_a]-> GO:0048856
GO:0048840 -[part_of]-> GO:0048839
GO:0048841 -[is_a]-> GO:0030516
GO:0048841 -[is_a]-> GO:1902667
GO:0048841 -[regulates]-> GO:0048846
GO:0048842 -[is_a]-> GO:0045773
GO:0048842 -[is_a]-> GO:0048841
GO:0048842 -[is_a]-> GO:1902669
GO:0048842 -[positively_regulates]-> GO:0048846
GO:0048843 -[is_a]-> GO:0030517
GO:0048843 -[is_a]-> GO:0048841
GO:0048843 -[is_a]-> GO:1902668
GO:0048843 -[negatively_regulates]-> GO:0048846
GO:0048844 -[is_a]-> GO:0048514
GO:0048844 -[part_of]-> GO:0060840
GO:0048845 -[is_a]-> GO:0048514
GO:0048845 -[part_of]-> GO:0060841
GO:0048846 -[is_a]-> GO:0048675
GO:0048846 -[is_a]-> GO:1902284
GO:0048846 -[part_of]-> GO:0007411
GO:0048847 -[is_a]-> GO:0044767
GO:0048847 -[is_a]-> GO:0048646
GO:0048847 -[part_of]-> GO:0048855
GO:0048848 -[is_a]-> GO:0022612
GO:0048848 -[part_of]-> GO:0021985
GO:0048848 -[part_of]-> GO:0048850
GO:0048849 -[is_a]-> GO:0044767
GO:0048849 -[is_a]-> GO:0048646
GO:0048849 -[part_of]-> GO:0048848
GO:0048850 -[is_a]-> GO:0022612
GO:0048850 -[part_of]-> GO:0021983
GO:0048850 -[part_of]-> GO:0048852
GO:0048851 -[is_a]-> GO:0044767
GO:0048851 -[is_a]-> GO:0048646
GO:0048851 -[part_of]-> GO:0048850
GO:0048852 -[is_a]-> GO:0009653
GO:0048852 -[is_a]-> GO:0044767
GO:0048852 -[part_of]-> GO:0021536
GO:0048852 -[part_of]-> GO:0048853
GO:0048853 -[is_a]-> GO:0009653
GO:0048853 -[is_a]-> GO:0044767
GO:0048853 -[part_of]-> GO:0030900
GO:0048853 -[part_of]-> GO:0048854
GO:0048854 -[is_a]-> GO:0009887
GO:0048854 -[part_of]-> GO:0007420
GO:0048855 -[is_a]-> GO:0009653
GO:0048855 -[is_a]-> GO:0044767
GO:0048855 -[part_of]-> GO:0021984
GO:0048855 -[part_of]-> GO:0048850
GO:0048856 -[is_a]-> GO:0032502
GO:0048857 -[is_a]-> GO:0044767
GO:0048857 -[is_a]-> GO:0048856
GO:0048858 -[is_a]-> GO:0030030
GO:0048858 -[is_a]-> GO:0032990
GO:0048858 -[part_of]-> GO:0000902
GO:0048859 -[is_a]-> GO:0044767
GO:0048859 -[is_a]-> GO:0048646
GO:0048860 -[is_a]-> GO:0051301
GO:0048861 -[is_a]-> GO:0007167
GO:0048863 -[is_a]-> GO:0030154
GO:0048864 -[is_a]-> GO:0048468
GO:0048864 -[part_of]-> GO:0048863
GO:0048865 -[is_a]-> GO:0045165
GO:0048865 -[part_of]-> GO:0048863
GO:0048866 -[is_a]-> GO:0001708
GO:0048866 -[part_of]-> GO:0048865
GO:0048867 -[is_a]-> GO:0001709
GO:0048867 -[part_of]-> GO:0048865
GO:0048868 -[is_a]-> GO:0003006
GO:0048868 -[is_a]-> GO:0048856
GO:0048868 -[part_of]-> GO:0009856
GO:0048869 -[is_a]-> GO:0044763
GO:0048869 -[is_a]-> GO:0044767
GO:0048870 -[is_a]-> GO:0006928
GO:0048870 -[is_a]-> GO:0040011
GO:0048870 -[part_of]-> GO:0051674
GO:0048871 -[is_a]-> GO:0042592
GO:0048871 -[is_a]-> GO:0044707
GO:0048872 -[is_a]-> GO:0042592
GO:0048873 -[is_a]-> GO:0001894
GO:0048873 -[is_a]-> GO:0048872
GO:0048874 -[is_a]-> GO:0044764
GO:0048874 -[is_a]-> GO:0048872
GO:0048875 -[is_a]-> GO:0001894
GO:0048875 -[is_a]-> GO:0048878
GO:0048876 -[is_a]-> GO:0001895
GO:0048876 -[is_a]-> GO:0048875
GO:0048877 -[is_a]-> GO:0001895
GO:0048877 -[is_a]-> GO:0048873
GO:0048878 -[is_a]-> GO:0042592
GO:0048880 -[is_a]-> GO:0048731
GO:0048881 -[is_a]-> GO:0048925
GO:0048882 -[is_a]-> GO:0009888
GO:0048882 -[is_a]-> GO:0044767
GO:0048882 -[part_of]-> GO:0048925
GO:0048883 -[is_a]-> GO:0016477
GO:0048883 -[part_of]-> GO:0048882
GO:0048884 -[is_a]-> GO:0007423
GO:0048884 -[part_of]-> GO:0048882
GO:0048885 -[is_a]-> GO:0030336
GO:0048885 -[part_of]-> GO:0048884
GO:0048886 -[is_a]-> GO:0035315
GO:0048886 -[is_a]-> GO:0042490
GO:0048886 -[part_of]-> GO:0048884
GO:0048887 -[is_a]-> GO:0044767
GO:0048887 -[is_a]-> GO:0048856
GO:0048887 -[part_of]-> GO:0048884
GO:0048888 -[is_a]-> GO:0030154
GO:0048888 -[part_of]-> GO:0048884
GO:0048889 -[is_a]-> GO:0030154
GO:0048889 -[part_of]-> GO:0048884
GO:0048890 -[is_a]-> GO:0061550
GO:0048890 -[part_of]-> GO:0007422
GO:0048890 -[part_of]-> GO:0048925
GO:0048891 -[is_a]-> GO:0048934
GO:0048891 -[part_of]-> GO:0048890
GO:0048892 -[is_a]-> GO:0021545
GO:0048892 -[part_of]-> GO:0048925
GO:0048893 -[is_a]-> GO:0061564
GO:0048893 -[part_of]-> GO:0048892
GO:0048894 -[is_a]-> GO:0021955
GO:0048894 -[part_of]-> GO:0048892
GO:0048895 -[is_a]-> GO:0010001
GO:0048895 -[part_of]-> GO:0048892
GO:0048896 -[is_a]-> GO:0008347
GO:0048896 -[part_of]-> GO:0048892
GO:0048897 -[is_a]-> GO:0042552
GO:0048897 -[part_of]-> GO:0048938
GO:0048898 -[is_a]-> GO:0048925
GO:0048898 -[part_of]-> GO:0048881
GO:0048899 -[is_a]-> GO:0048882
GO:0048899 -[part_of]-> GO:0048898
GO:0048900 -[is_a]-> GO:0048883
GO:0048900 -[part_of]-> GO:0048899
GO:0048901 -[is_a]-> GO:0048884
GO:0048901 -[part_of]-> GO:0048899
GO:0048902 -[is_a]-> GO:0048885
GO:0048902 -[part_of]-> GO:0048901
GO:0048903 -[is_a]-> GO:0048886
GO:0048903 -[part_of]-> GO:0048901
GO:0048904 -[is_a]-> GO:0048887
GO:0048904 -[part_of]-> GO:0048901
GO:0048905 -[is_a]-> GO:0048888
GO:0048905 -[part_of]-> GO:0048901
GO:0048906 -[is_a]-> GO:0048889
GO:0048906 -[part_of]-> GO:0048901
GO:0048907 -[is_a]-> GO:0048890
GO:0048907 -[part_of]-> GO:0048898
GO:0048908 -[is_a]-> GO:0048891
GO:0048908 -[part_of]-> GO:0048907
GO:0048909 -[is_a]-> GO:0048892
GO:0048909 -[part_of]-> GO:0048898
GO:0048910 -[is_a]-> GO:0048893
GO:0048910 -[part_of]-> GO:0048909
GO:0048911 -[is_a]-> GO:0048894
GO:0048911 -[part_of]-> GO:0048909
GO:0048912 -[is_a]-> GO:0048896
GO:0048912 -[part_of]-> GO:0048909
GO:0048913 -[is_a]-> GO:0048895
GO:0048913 -[part_of]-> GO:0048909
GO:0048914 -[is_a]-> GO:0048897
GO:0048914 -[part_of]-> GO:0048940
GO:0048915 -[is_a]-> GO:0048925
GO:0048915 -[part_of]-> GO:0048881
GO:0048916 -[is_a]-> GO:0048882
GO:0048916 -[part_of]-> GO:0048915
GO:0048917 -[is_a]-> GO:0048890
GO:0048917 -[part_of]-> GO:0048915
GO:0048918 -[is_a]-> GO:0048892
GO:0048918 -[part_of]-> GO:0048915
GO:0048919 -[is_a]-> GO:0048884
GO:0048919 -[part_of]-> GO:0048916
GO:0048920 -[is_a]-> GO:0048883
GO:0048920 -[part_of]-> GO:0048916
GO:0048921 -[is_a]-> GO:0048887
GO:0048921 -[part_of]-> GO:0048919
GO:0048922 -[is_a]-> GO:0048885
GO:0048922 -[part_of]-> GO:0048919
GO:0048923 -[is_a]-> GO:0048886
GO:0048923 -[part_of]-> GO:0048919
GO:0048924 -[is_a]-> GO:0048888
GO:0048924 -[part_of]-> GO:0048919
GO:0048925 -[is_a]-> GO:0048880
GO:0048926 -[is_a]-> GO:0048925
GO:0048927 -[is_a]-> GO:0048889
GO:0048927 -[part_of]-> GO:0048919
GO:0048928 -[is_a]-> GO:0048891
GO:0048928 -[part_of]-> GO:0048917
GO:0048929 -[is_a]-> GO:0048894
GO:0048929 -[part_of]-> GO:0048918
GO:0048930 -[is_a]-> GO:0048896
GO:0048930 -[part_of]-> GO:0048918
GO:0048931 -[is_a]-> GO:0048895
GO:0048931 -[part_of]-> GO:0048918
GO:0048932 -[is_a]-> GO:0048897
GO:0048932 -[part_of]-> GO:0048942
GO:0048933 -[is_a]-> GO:0048893
GO:0048933 -[part_of]-> GO:0048918
GO:0048934 -[is_a]-> GO:0030182
GO:0048934 -[part_of]-> GO:0007422
GO:0048935 -[is_a]-> GO:0048666
GO:0048935 -[part_of]-> GO:0048934
GO:0048936 -[is_a]-> GO:0007409
GO:0048936 -[part_of]-> GO:0048935
GO:0048937 -[is_a]-> GO:0021782
GO:0048937 -[part_of]-> GO:0048895
GO:0048938 -[is_a]-> GO:0000904
GO:0048938 -[part_of]-> GO:0048937
GO:0048939 -[is_a]-> GO:0048937
GO:0048939 -[part_of]-> GO:0048913
GO:0048940 -[is_a]-> GO:0048938
GO:0048940 -[part_of]-> GO:0048939
GO:0048941 -[is_a]-> GO:0048937
GO:0048941 -[part_of]-> GO:0048931
GO:0048942 -[is_a]-> GO:0048938
GO:0048942 -[part_of]-> GO:0048941
GO:0050000 -[is_a]-> GO:0051640
GO:0050001 -[is_a]-> GO:0016811
GO:0050002 -[is_a]-> GO:0050485
GO:0050003 -[is_a]-> GO:0008169
GO:0050004 -[is_a]-> GO:0035251
GO:0050005 -[is_a]-> GO:0016836
GO:0050006 -[is_a]-> GO:0016866
GO:0050007 -[is_a]-> GO:0016765
GO:0050008 -[is_a]-> GO:0016863
GO:0050009 -[is_a]-> GO:0016616
GO:0050010 -[is_a]-> GO:0035251
GO:0050011 -[is_a]-> GO:0016836
GO:0050012 -[is_a]-> GO:0016705
GO:0050013 -[is_a]-> GO:0016832
GO:0050014 -[is_a]-> GO:0016832
GO:0050015 -[is_a]-> GO:0016836
GO:0050016 -[is_a]-> GO:0016705
GO:0050017 -[is_a]-> GO:0016846
GO:0050018 -[is_a]-> GO:0016639
GO:0050019 -[is_a]-> GO:0016616
GO:0050020 -[is_a]-> GO:0016836
GO:0050021 -[is_a]-> GO:0052689
GO:0050022 -[is_a]-> GO:0016616
GO:0050023 -[is_a]-> GO:0016836
GO:0050024 -[is_a]-> GO:0016634
GO:0050024 -[is_a]-> GO:0016899
GO:0050025 -[is_a]-> GO:0001716
GO:0050026 -[is_a]-> GO:0016616
GO:0050028 -[is_a]-> GO:0016812
GO:0050029 -[is_a]-> GO:0001716
GO:0050030 -[is_a]-> GO:0016645
GO:0050031 -[is_a]-> GO:0016647
GO:0050032 -[is_a]-> GO:0016836
GO:0050033 -[is_a]-> GO:0052689
GO:0050034 -[is_a]-> GO:0016616
GO:0050035 -[is_a]-> GO:0016899
GO:0050036 -[is_a]-> GO:0016616
GO:0050037 -[is_a]-> GO:0016616
GO:0050038 -[is_a]-> GO:0016616
GO:0050039 -[is_a]-> GO:0016616
GO:0050040 -[is_a]-> GO:0016703
GO:0050041 -[is_a]-> GO:0016832
GO:0050042 -[is_a]-> GO:0016614
GO:0050043 -[is_a]-> GO:0016856
GO:0050044 -[is_a]-> GO:0016861
GO:0050045 -[is_a]-> GO:0004645
GO:0050046 -[is_a]-> GO:0046996
GO:0050046 -[is_a]-> GO:0070704
GO:0050047 -[is_a]-> GO:0016869
GO:0050048 -[is_a]-> GO:0008483
GO:0050049 -[is_a]-> GO:0016639
GO:0050050 -[is_a]-> GO:0008080
GO:0050051 -[is_a]-> GO:0016709
GO:0050051 -[part_of]-> GO:0036101
GO:0050052 -[is_a]-> GO:0016709
GO:0050053 -[is_a]-> GO:0016758
GO:0050054 -[is_a]-> GO:0016702
GO:0050055 -[is_a]-> GO:0052689
GO:0050056 -[is_a]-> GO:0004497
GO:0050056 -[is_a]-> GO:0016705
GO:0050057 -[is_a]-> GO:0008194
GO:0050057 -[is_a]-> GO:0016758
GO:0050058 -[is_a]-> GO:0016859
GO:0050059 -[is_a]-> GO:0016301
GO:0050059 -[is_a]-> GO:0016775
GO:0050060 -[is_a]-> GO:0016616
GO:0050061 -[is_a]-> GO:0004029
GO:0050062 -[is_a]-> GO:0016620
GO:0050063 -[is_a]-> GO:0004672
GO:0050064 -[is_a]-> GO:0015020
GO:0050065 -[is_a]-> GO:0008483
GO:0050066 -[is_a]-> GO:0016869
GO:0050066 -[is_a]-> GO:0070283
GO:0050067 -[is_a]-> GO:0016703
GO:0050068 -[is_a]-> GO:0016743
GO:0050069 -[is_a]-> GO:0016639
GO:0050070 -[is_a]-> GO:0016867
GO:0050071 -[is_a]-> GO:0016755
GO:0050072 -[is_a]-> GO:0016462
GO:0050073 -[is_a]-> GO:0016301
GO:0050073 -[is_a]-> GO:0016773
GO:0050074 -[is_a]-> GO:0016878
GO:0050075 -[is_a]-> GO:0016836
GO:0050076 -[is_a]-> GO:0016859
GO:0050077 -[is_a]-> GO:0016859
GO:0050078 -[is_a]-> GO:0008410
GO:0050079 -[is_a]-> GO:0016836
GO:0050080 -[is_a]-> GO:0016831
GO:0050081 -[is_a]-> GO:0015926
GO:0050082 -[is_a]-> GO:0004645
GO:0050083 -[is_a]-> GO:0016833
GO:0050084 -[is_a]-> GO:0016791
GO:0050085 -[is_a]-> GO:0016616
GO:0050086 -[is_a]-> GO:0016616
GO:0050087 -[is_a]-> GO:0016898
GO:0050088 -[is_a]-> GO:0016616
GO:0050089 -[is_a]-> GO:0016861
GO:0050090 -[is_a]-> GO:0016616
GO:0050091 -[is_a]-> GO:0016709
GO:0050092 -[is_a]-> GO:0016628
GO:0050093 -[is_a]-> GO:0016616
GO:0050094 -[is_a]-> GO:0008483
GO:0050095 -[is_a]-> GO:0016831
GO:0050096 -[is_a]-> GO:0016841
GO:0050097 -[is_a]-> GO:0016866
GO:0050098 -[is_a]-> GO:0016813
GO:0050099 -[is_a]-> GO:0016645
GO:0050100 -[is_a]-> GO:0016863
GO:0050101 -[is_a]-> GO:0016811
GO:0050102 -[is_a]-> GO:0004645
GO:0050103 -[is_a]-> GO:0016758
GO:0050104 -[is_a]-> GO:0016616
GO:0050105 -[is_a]-> GO:0016899
GO:0050106 -[is_a]-> GO:0008484
GO:0050107 -[is_a]-> GO:0016413
GO:0050108 -[is_a]-> GO:0016794
GO:0050109 -[is_a]-> GO:0016616
GO:0050110 -[is_a]-> GO:0004553
GO:0050111 -[is_a]-> GO:0016747
GO:0050112 -[is_a]-> GO:0004022
GO:0050113 -[is_a]-> GO:0016701
GO:0050114 -[is_a]-> GO:0016836
GO:0050115 -[is_a]-> GO:0016791
GO:0050116 -[is_a]-> GO:0016811
GO:0050117 -[is_a]-> GO:0016811
GO:0050117 -[is_a]-> GO:0019213
GO:0050118 -[is_a]-> GO:0016811
GO:0050118 -[is_a]-> GO:0019213
GO:0050119 -[is_a]-> GO:0016811
GO:0050119 -[is_a]-> GO:0019213
GO:0050120 -[is_a]-> GO:0016616
GO:0050121 -[is_a]-> GO:0016857
GO:0050122 -[is_a]-> GO:0016899
GO:0050123 -[is_a]-> GO:0016616
GO:0050124 -[is_a]-> GO:0016791
GO:0050125 -[is_a]-> GO:0016811
GO:0050126 -[is_a]-> GO:0016811
GO:0050127 -[is_a]-> GO:0016811
GO:0050128 -[is_a]-> GO:0016811
GO:0050129 -[is_a]-> GO:0016811
GO:0050130 -[is_a]-> GO:0016811
GO:0050131 -[is_a]-> GO:0016647
GO:0050132 -[is_a]-> GO:0016639
GO:0050133 -[is_a]-> GO:0016413
GO:0050134 -[is_a]-> GO:0016647
GO:0050135 -[is_a]-> GO:0016799
GO:0050136 -[is_a]-> GO:0003954
GO:0050136 -[is_a]-> GO:0016655
GO:0050137 -[is_a]-> GO:0004601
GO:0050138 -[is_a]-> GO:0016726
GO:0050139 -[is_a]-> GO:0035251
GO:0050140 -[is_a]-> GO:0016677
GO:0050141 -[is_a]-> GO:0052664
GO:0050142 -[is_a]-> GO:0016738
GO:0050143 -[is_a]-> GO:0016855
GO:0050144 -[is_a]-> GO:0016763
GO:0050145 -[is_a]-> GO:0016776
GO:0050145 -[is_a]-> GO:0019205
GO:0050145 -[part_of]-> GO:0046940
GO:0050146 -[is_a]-> GO:0016773
GO:0050146 -[is_a]-> GO:0019205
GO:0050147 -[is_a]-> GO:0016763
GO:0050148 -[is_a]-> GO:0016778
GO:0050149 -[is_a]-> GO:0016682
GO:0050150 -[is_a]-> GO:0016831
GO:0050151 -[is_a]-> GO:0016836
GO:0050152 -[is_a]-> GO:0016811
GO:0050153 -[is_a]-> GO:0016616
GO:0050154 -[is_a]-> GO:0016301
GO:0050154 -[is_a]-> GO:0016775
GO:0050155 -[is_a]-> GO:0008483
GO:0050156 -[is_a]-> GO:0016747
GO:0050157 -[is_a]-> GO:0047661
GO:0050158 -[is_a]-> GO:0016628
GO:0050159 -[is_a]-> GO:0016831
GO:0050160 -[is_a]-> GO:0052689
GO:0050161 -[is_a]-> GO:0008410
GO:0050162 -[is_a]-> GO:0016623
GO:0050163 -[is_a]-> GO:0016862
GO:0050164 -[is_a]-> GO:0016620
GO:0050165 -[is_a]-> GO:0016301
GO:0050165 -[is_a]-> GO:0016773
GO:0050166 -[is_a]-> GO:0016616
GO:0050167 -[is_a]-> GO:0016831
GO:0050168 -[is_a]-> GO:0016811
GO:0050169 -[is_a]-> GO:0016702
GO:0050170 -[is_a]-> GO:0016811
GO:0050171 -[is_a]-> GO:0035251
GO:0050172 -[is_a]-> GO:0016703
GO:0050173 -[is_a]-> GO:0070566
GO:0050174 -[is_a]-> GO:0016831
GO:0050175 -[is_a]-> GO:0016639
GO:0050176 -[is_a]-> GO:0008080
GO:0050177 -[is_a]-> GO:0016831
GO:0050178 -[is_a]-> GO:0016862
GO:0050179 -[is_a]-> GO:0016832
GO:0050180 -[is_a]-> GO:0016823
GO:0050181 -[is_a]-> GO:0052689
GO:0050182 -[is_a]-> GO:0016747
GO:0050183 -[is_a]-> GO:0016709
GO:0050184 -[is_a]-> GO:0016628
GO:0050185 -[is_a]-> GO:0052689
GO:0050186 -[is_a]-> GO:0016819
GO:0050187 -[is_a]-> GO:0016825
GO:0050188 -[is_a]-> GO:0016868
GO:0050189 -[is_a]-> GO:0016791
GO:0050190 -[is_a]-> GO:0016301
GO:0050190 -[is_a]-> GO:0016773
GO:0050191 -[is_a]-> GO:0016301
GO:0050191 -[is_a]-> GO:0016774
GO:0050192 -[is_a]-> GO:0016791
GO:0050193 -[is_a]-> GO:0016832
GO:0050194 -[is_a]-> GO:0016827
GO:0050195 -[is_a]-> GO:0016301
GO:0050195 -[is_a]-> GO:0016773
GO:0050196 -[is_a]-> GO:0016791
GO:0050197 -[is_a]-> GO:0016878
GO:0050198 -[is_a]-> GO:0016747
GO:0050199 -[is_a]-> GO:0016747
GO:0050200 -[is_a]-> GO:0016747
GO:0050201 -[is_a]-> GO:0016301
GO:0050201 -[is_a]-> GO:0016773
GO:0050202 -[is_a]-> GO:0016836
GO:0050203 -[is_a]-> GO:0016878
GO:0050204 -[is_a]-> GO:0016833
GO:0050205 -[is_a]-> GO:0016743
GO:0050206 -[is_a]-> GO:0016770
GO:0050207 -[is_a]-> GO:0016705
GO:0050208 -[is_a]-> GO:0016413
GO:0050209 -[is_a]-> GO:0016899
GO:0050210 -[is_a]-> GO:0016794
GO:0050211 -[is_a]-> GO:0035250
GO:0050212 -[is_a]-> GO:0004497
GO:0050212 -[is_a]-> GO:0016705
GO:0050213 -[is_a]-> GO:0016628
GO:0050214 -[is_a]-> GO:0004497
GO:0050214 -[is_a]-> GO:0016705
GO:0050215 -[is_a]-> GO:0016836
GO:0050216 -[is_a]-> GO:0016616
GO:0050217 -[is_a]-> GO:0016832
GO:0050218 -[is_a]-> GO:0016878
GO:0050219 -[is_a]-> GO:0016863
GO:0050220 -[is_a]-> GO:0016860
GO:0050221 -[is_a]-> GO:0016616
GO:0050223 -[is_a]-> GO:0016831
GO:0050224 -[is_a]-> GO:0008422
GO:0050225 -[is_a]-> GO:0016301
GO:0050225 -[is_a]-> GO:0016773
GO:0050226 -[is_a]-> GO:0008146
GO:0050227 -[is_a]-> GO:0016727
GO:0050228 -[is_a]-> GO:0016814
GO:0050228 -[is_a]-> GO:0019239
GO:0050229 -[is_a]-> GO:0016616
GO:0050230 -[is_a]-> GO:0009975
GO:0050230 -[is_a]-> GO:0016842
GO:0050231 -[is_a]-> GO:0016743
GO:0050232 -[is_a]-> GO:0016641
GO:0050233 -[is_a]-> GO:0016899
GO:0050234 -[is_a]-> GO:0016836
GO:0050235 -[is_a]-> GO:0016616
GO:0050236 -[is_a]-> GO:0004033
GO:0050237 -[is_a]-> GO:0016899
GO:0050238 -[is_a]-> GO:0016614
GO:0050239 -[is_a]-> GO:0016814
GO:0050239 -[is_a]-> GO:0019239
GO:0050240 -[is_a]-> GO:0016702
GO:0050241 -[is_a]-> GO:0016646
GO:0050242 -[is_a]-> GO:0016781
GO:0050243 -[is_a]-> GO:0034603
GO:0050244 -[is_a]-> GO:0016623
GO:0050245 -[is_a]-> GO:0004553
GO:0050246 -[is_a]-> GO:0016709
GO:0050247 -[is_a]-> GO:0008422
GO:0050248 -[is_a]-> GO:0016703
GO:0050248 -[is_a]-> GO:0045289
GO:0050249 -[is_a]-> GO:0008146
GO:0050250 -[is_a]-> GO:0016623
GO:0050251 -[is_a]-> GO:0016859
GO:0050252 -[is_a]-> GO:0008374
GO:0050252 -[part_of]-> GO:0042572
GO:0050253 -[is_a]-> GO:0052689
GO:0050253 -[part_of]-> GO:0042572
GO:0050254 -[is_a]-> GO:0004672
GO:0050255 -[is_a]-> GO:0016616
GO:0050256 -[is_a]-> GO:0016616
GO:0050257 -[is_a]-> GO:0016301
GO:0050257 -[is_a]-> GO:0016773
GO:0050258 -[is_a]-> GO:0016810
GO:0050259 -[is_a]-> GO:0016616
GO:0050260 -[is_a]-> GO:0016879
GO:0050261 -[is_a]-> GO:0016861
GO:0050262 -[is_a]-> GO:0016301
GO:0050262 -[is_a]-> GO:0016773
GO:0050263 -[is_a]-> GO:0016799
GO:0050264 -[is_a]-> GO:0016682
GO:0050265 -[is_a]-> GO:0070569
GO:0050266 -[is_a]-> GO:0016747
GO:0050267 -[is_a]-> GO:0002094
GO:0050268 -[is_a]-> GO:0016616
GO:0050269 -[is_a]-> GO:0004030
GO:0050270 -[is_a]-> GO:0016814
GO:0050270 -[is_a]-> GO:0019239
GO:0050271 -[is_a]-> GO:0016846
GO:0050272 -[is_a]-> GO:0016848
GO:0050273 -[is_a]-> GO:0016790
GO:0050274 -[is_a]-> GO:0035251
GO:0050275 -[is_a]-> GO:0035251
GO:0050276 -[is_a]-> GO:0016301
GO:0050276 -[is_a]-> GO:0016773
GO:0050277 -[is_a]-> GO:0016301
GO:0050277 -[is_a]-> GO:0016773
GO:0050278 -[is_a]-> GO:0016791
GO:0050279 -[is_a]-> GO:0016814
GO:0050279 -[is_a]-> GO:0019239
GO:0050280 -[is_a]-> GO:0016616
GO:0050281 -[is_a]-> GO:0008483
GO:0050282 -[is_a]-> GO:0016639
GO:0050283 -[is_a]-> GO:0016841
GO:0050284 -[is_a]-> GO:0035251
GO:0050285 -[is_a]-> GO:0052689
GO:0050286 -[is_a]-> GO:0016791
GO:0050287 -[is_a]-> GO:0016616
GO:0050288 -[is_a]-> GO:0016614
GO:0050289 -[is_a]-> GO:0016645
GO:0050290 -[is_a]-> GO:0004620
GO:0050290 -[is_a]-> GO:0008081
GO:0050291 -[is_a]-> GO:0016410
GO:0050292 -[is_a]-> GO:0004497
GO:0050292 -[is_a]-> GO:0016705
GO:0050293 -[is_a]-> GO:0052689
GO:0050294 -[is_a]-> GO:0008146
GO:0050295 -[is_a]-> GO:0008422
GO:0050296 -[is_a]-> GO:0016831
GO:0050297 -[is_a]-> GO:0016702
GO:0050298 -[is_a]-> GO:0016702
GO:0050299 -[is_a]-> GO:0034071
GO:0050300 -[is_a]-> GO:0034071
GO:0050301 -[is_a]-> GO:0016791
GO:0050302 -[is_a]-> GO:0018488
GO:0050303 -[is_a]-> GO:0016639
GO:0050304 -[is_a]-> GO:0016662
GO:0050305 -[is_a]-> GO:0016646
GO:0050306 -[is_a]-> GO:0050738
GO:0050307 -[is_a]-> GO:0050308
GO:0050308 -[is_a]-> GO:0019203
GO:0050309 -[is_a]-> GO:0050308
GO:0050310 -[is_a]-> GO:0016669
GO:0050311 -[is_a]-> GO:0016673
GO:0050312 -[is_a]-> GO:0016846
GO:0050313 -[is_a]-> GO:0016702
GO:0050314 -[is_a]-> GO:0016765
GO:0050315 -[is_a]-> GO:0016836
GO:0050316 -[is_a]-> GO:0016301
GO:0050316 -[is_a]-> GO:0016776
GO:0050317 -[is_a]-> GO:0016301
GO:0050317 -[is_a]-> GO:0016773
GO:0050318 -[is_a]-> GO:0052689
GO:0050319 -[is_a]-> GO:0016831
GO:0050320 -[is_a]-> GO:0016856
GO:0050321 -[is_a]-> GO:0004672
GO:0050322 -[is_a]-> GO:0008483
GO:0050323 -[is_a]-> GO:0016638
GO:0050324 -[is_a]-> GO:0016301
GO:0050324 -[is_a]-> GO:0016775
GO:0050325 -[is_a]-> GO:0016646
GO:0050326 -[is_a]-> GO:0016709
GO:0050328 -[is_a]-> GO:0016634
GO:0050329 -[is_a]-> GO:0016872
GO:0050330 -[is_a]-> GO:0016811
GO:0050331 -[is_a]-> GO:0016301
GO:0050331 -[is_a]-> GO:0016776
GO:0050332 -[is_a]-> GO:0016765
GO:0050333 -[is_a]-> GO:0017111
GO:0050334 -[is_a]-> GO:0016810
GO:0050335 -[is_a]-> GO:0016853
GO:0050336 -[is_a]-> GO:0016418
GO:0050337 -[is_a]-> GO:0016783
GO:0050338 -[is_a]-> GO:0016669
GO:0050339 -[is_a]-> GO:0017111
GO:0050340 -[is_a]-> GO:0016791
GO:0050341 -[is_a]-> GO:0016706
GO:0050342 -[is_a]-> GO:0008171
GO:0050343 -[is_a]-> GO:0016628
GO:0050344 -[is_a]-> GO:0016709
GO:0050345 -[is_a]-> GO:0016803
GO:0050346 -[is_a]-> GO:0016836
GO:0050347 -[is_a]-> GO:0016765
GO:0050348 -[is_a]-> GO:0016747
GO:0050349 -[is_a]-> GO:0052689
GO:0050350 -[is_a]-> GO:0016747
GO:0050351 -[is_a]-> GO:0016818
GO:0050352 -[is_a]-> GO:0016832
GO:0050353 -[is_a]-> GO:0016706
GO:0050354 -[is_a]-> GO:0016301
GO:0050354 -[is_a]-> GO:0016773
GO:0050355 -[is_a]-> GO:0016462
GO:0050356 -[is_a]-> GO:0016616
GO:0050357 -[is_a]-> GO:0052689
GO:0050358 -[is_a]-> GO:0016616
GO:0050359 -[is_a]-> GO:0004672
GO:0050360 -[is_a]-> GO:0016701
GO:0050361 -[is_a]-> GO:0016703
GO:0050362 -[is_a]-> GO:0070529
GO:0050363 -[is_a]-> GO:0016639
GO:0050364 -[is_a]-> GO:0016765
GO:0050365 -[is_a]-> GO:0016811
GO:0050366 -[is_a]-> GO:0016747
GO:0050367 -[is_a]-> GO:0016881
GO:0050368 -[is_a]-> GO:0016869
GO:0050369 -[is_a]-> GO:0004672
GO:0050370 -[is_a]-> GO:0016709
GO:0050371 -[is_a]-> GO:0016830
GO:0050372 -[is_a]-> GO:0004842
GO:0050373 -[is_a]-> GO:0016857
GO:0050374 -[is_a]-> GO:0016831
GO:0050376 -[is_a]-> GO:0016857
GO:0050377 -[is_a]-> GO:0016836
GO:0050378 -[is_a]-> GO:0016857
GO:0050379 -[is_a]-> GO:0016857
GO:0050380 -[is_a]-> GO:0016462
GO:0050382 -[is_a]-> GO:0016831
GO:0050383 -[is_a]-> GO:0016614
GO:0050384 -[is_a]-> GO:0016763
GO:0050385 -[is_a]-> GO:0016842
GO:0050386 -[is_a]-> GO:0016811
GO:0050387 -[is_a]-> GO:0016811
GO:0050388 -[is_a]-> GO:0016616
GO:0050389 -[is_a]-> GO:0052689
GO:0050390 -[is_a]-> GO:0016831
GO:0050391 -[is_a]-> GO:0016639
GO:0050392 -[is_a]-> GO:0008422
GO:0050393 -[is_a]-> GO:0016863
GO:0050394 -[is_a]-> GO:0016301
GO:0050394 -[is_a]-> GO:0016773
GO:0050395 -[is_a]-> GO:0035251
GO:0050396 -[is_a]-> GO:0016616
GO:0050397 -[is_a]-> GO:0016703
GO:0050397 -[is_a]-> GO:0045289
GO:0050398 -[is_a]-> GO:0052689
GO:0050399 -[is_a]-> GO:0016628
GO:0050400 -[is_a]-> GO:0016301
GO:0050400 -[is_a]-> GO:0016773
GO:0050401 -[is_a]-> GO:0016836
GO:0050402 -[is_a]-> GO:0052689
GO:0050403 -[is_a]-> GO:0035251
GO:0050404 -[is_a]-> GO:0035252
GO:0050405 -[is_a]-> GO:0004672
GO:0050406 -[is_a]-> GO:0016791
GO:0050407 -[is_a]-> GO:0016791
GO:0050408 -[is_a]-> GO:0016791
GO:0050409 -[is_a]-> GO:0008194
GO:0050409 -[is_a]-> GO:0052636
GO:0050410 -[is_a]-> GO:0016831
GO:0050411 -[is_a]-> GO:0016755
GO:0050412 -[is_a]-> GO:0035251
GO:0050413 -[is_a]-> GO:0016742
GO:0050414 -[is_a]-> GO:0016813
GO:0050415 -[is_a]-> GO:0016813
GO:0050416 -[is_a]-> GO:0016813
GO:0050417 -[is_a]-> GO:0016811
GO:0050418 -[is_a]-> GO:0016661
GO:0050419 -[is_a]-> GO:0047606
GO:0050420 -[is_a]-> GO:0016758
GO:0050421 -[is_a]-> GO:0016662
GO:0050421 -[is_a]-> GO:0098809
GO:0050422 -[is_a]-> GO:0008422
GO:0050423 -[is_a]-> GO:0016899
GO:0050427 -[is_a]-> GO:0006790
GO:0050427 -[is_a]-> GO:0009150
GO:0050427 -[is_a]-> GO:0034035
GO:0050427 -[is_a]-> GO:0046128
GO:0050428 -[is_a]-> GO:0009152
GO:0050428 -[is_a]-> GO:0034036
GO:0050428 -[is_a]-> GO:0044272
GO:0050428 -[is_a]-> GO:0046129
GO:0050428 -[is_a]-> GO:0050427
GO:0050429 -[is_a]-> GO:0004629
GO:0050431 -[is_a]-> GO:0019838
GO:0050431 -[is_a]-> GO:0019955
GO:0050432 -[is_a]-> GO:0032940
GO:0050432 -[is_a]-> GO:0051937
GO:0050433 -[is_a]-> GO:0051952
GO:0050433 -[is_a]-> GO:1903530
GO:0050433 -[regulates]-> GO:0050432
GO:0050434 -[is_a]-> GO:0010628
GO:0050434 -[is_a]-> GO:0046782
GO:0050434 -[is_a]-> GO:1902680
GO:0050434 -[is_a]-> GO:1903902
GO:0050434 -[positively_regulates]-> GO:0019083
GO:0050435 -[is_a]-> GO:0006518
GO:0050436 -[is_a]-> GO:0005488
GO:0050437 -[is_a]-> GO:0016838
GO:0050438 -[is_a]-> GO:0046912
GO:0050439 -[is_a]-> GO:0016744
GO:0050440 -[is_a]-> GO:0046912
GO:0050441 -[is_a]-> GO:0046912
GO:0050442 -[is_a]-> GO:0046912
GO:0050444 -[is_a]-> GO:0016723
GO:0050445 -[is_a]-> GO:0016668
GO:0050446 -[is_a]-> GO:0046857
GO:0050447 -[is_a]-> GO:0016765
GO:0050448 -[is_a]-> GO:0046992
GO:0050449 -[is_a]-> GO:0010333
GO:0050450 -[is_a]-> GO:0036440
GO:0050451 -[is_a]-> GO:0015036
GO:0050451 -[is_a]-> GO:0016668
GO:0050452 -[is_a]-> GO:0016668
GO:0050453 -[is_a]-> GO:0016723
GO:0050454 -[is_a]-> GO:0046995
GO:0050455 -[is_a]-> GO:0046993
GO:0050456 -[is_a]-> GO:0016668
GO:0050457 -[is_a]-> GO:0046912
GO:0050458 -[is_a]-> GO:0046912
GO:0050459 -[is_a]-> GO:0016838
GO:0050460 -[is_a]-> GO:0046857
GO:0050461 -[is_a]-> GO:0016765
GO:0050462 -[is_a]-> GO:0016765
GO:0050463 -[is_a]-> GO:0008940
GO:0050463 -[is_a]-> GO:0046857
GO:0050464 -[is_a]-> GO:0008940
GO:0050464 -[is_a]-> GO:0046857
GO:0050465 -[is_a]-> GO:0046857
GO:0050467 -[is_a]-> GO:0010334
GO:0050468 -[is_a]-> GO:0046993
GO:0050469 -[is_a]-> GO:0016838
GO:0050470 -[is_a]-> GO:0046997
GO:0050471 -[is_a]-> GO:0016765
GO:0050472 -[is_a]-> GO:0016628
GO:0050473 -[is_a]-> GO:0016702
GO:0050474 -[is_a]-> GO:0016836
GO:0050476 -[is_a]-> GO:0016831
GO:0050477 -[is_a]-> GO:0016811
GO:0050478 -[is_a]-> GO:0016714
GO:0050479 -[is_a]-> GO:0016714
GO:0050480 -[is_a]-> GO:0016812
GO:0050481 -[is_a]-> GO:0016714
GO:0050482 -[is_a]-> GO:0032309
GO:0050482 -[is_a]-> GO:1903963
GO:0050483 -[is_a]-> GO:0008253
GO:0050484 -[is_a]-> GO:0008253
GO:0050485 -[is_a]-> GO:0046992
GO:0050486 -[is_a]-> GO:0016866
GO:0050487 -[is_a]-> GO:0046912
GO:0050488 -[is_a]-> GO:0035251
GO:0050490 -[is_a]-> GO:0052689
GO:0050491 -[is_a]-> GO:0016616
GO:0050492 -[is_a]-> GO:0016616
GO:0050493 -[is_a]-> GO:0006506
GO:0050493 -[is_a]-> GO:0018210
GO:0050494 -[is_a]-> GO:0018201
GO:0050494 -[is_a]-> GO:0042082
GO:0050495 -[is_a]-> GO:0018201
GO:0050496 -[is_a]-> GO:0018199
GO:0050497 -[is_a]-> GO:0016782
GO:0050498 -[is_a]-> GO:0016705
GO:0050499 -[is_a]-> GO:0030613
GO:0050500 -[is_a]-> GO:0004645
GO:0050501 -[is_a]-> GO:0008194
GO:0050501 -[is_a]-> GO:0016758
GO:0050502 -[is_a]-> GO:0035251
GO:0050503 -[is_a]-> GO:0004645
GO:0050504 -[is_a]-> GO:0016758
GO:0050505 -[is_a]-> GO:0035251
GO:0050506 -[is_a]-> GO:0035251
GO:0050507 -[is_a]-> GO:0035251
GO:0050508 -[is_a]-> GO:0008375
GO:0050509 -[is_a]-> GO:0015020
GO:0050510 -[is_a]-> GO:0015020
GO:0050511 -[is_a]-> GO:0008375
GO:0050512 -[is_a]-> GO:0035250
GO:0050513 -[is_a]-> GO:0035252
GO:0050514 -[is_a]-> GO:0016765
GO:0050515 -[is_a]-> GO:0016301
GO:0050515 -[is_a]-> GO:0016773
GO:0050518 -[is_a]-> GO:0070567
GO:0050519 -[is_a]-> GO:0016779
GO:0050520 -[is_a]-> GO:0016780
GO:0050521 -[is_a]-> GO:0016301
GO:0050521 -[is_a]-> GO:0016781
GO:0050522 -[is_a]-> GO:0030613
GO:0050524 -[is_a]-> GO:0050497
GO:0050525 -[is_a]-> GO:0052689
GO:0050526 -[is_a]-> GO:0052689
GO:0050527 -[is_a]-> GO:0052689
GO:0050528 -[is_a]-> GO:0052689
GO:0050529 -[is_a]-> GO:0052689
GO:0050530 -[is_a]-> GO:0016791
GO:0050531 -[is_a]-> GO:0016791
GO:0050532 -[is_a]-> GO:0016791
GO:0050533 -[is_a]-> GO:0016791
GO:0050534 -[is_a]-> GO:0004553
GO:0050535 -[is_a]-> GO:0004553
GO:0050536 -[is_a]-> GO:0016811
GO:0050537 -[is_a]-> GO:0016811
GO:0050538 -[is_a]-> GO:0016811
GO:0050539 -[is_a]-> GO:0016812
GO:0050540 -[is_a]-> GO:0016810
GO:0050540 -[is_a]-> GO:0019239
GO:0050541 -[is_a]-> GO:0016634
GO:0050542 -[is_a]-> GO:0031406
GO:0050543 -[is_a]-> GO:0036041
GO:0050544 -[is_a]-> GO:0050542
GO:0050544 -[is_a]-> GO:0050543
GO:0050545 -[is_a]-> GO:0016831
GO:0050546 -[is_a]-> GO:0016831
GO:0050547 -[is_a]-> GO:0016832
GO:0050548 -[is_a]-> GO:0016836
GO:0050549 -[is_a]-> GO:0016836
GO:0050550 -[is_a]-> GO:0010333
GO:0050551 -[is_a]-> GO:0010333
GO:0050552 -[is_a]-> GO:0010333
GO:0050553 -[is_a]-> GO:0016838
GO:0050554 -[is_a]-> GO:0016838
GO:0050555 -[is_a]-> GO:0016846
GO:0050556 -[is_a]-> GO:0016843
GO:0050557 -[is_a]-> GO:0016843
GO:0050558 -[is_a]-> GO:0016857
GO:0050559 -[is_a]-> GO:0016872
GO:0050560 -[is_a]-> GO:0004812
GO:0050561 -[is_a]-> GO:0004812
GO:0050562 -[is_a]-> GO:0004812
GO:0050563 -[is_a]-> GO:0016878
GO:0050564 -[is_a]-> GO:0016881
GO:0050565 -[is_a]-> GO:0016881
GO:0050566 -[is_a]-> GO:0016884
GO:0050567 -[is_a]-> GO:0016884
GO:0050568 -[is_a]-> GO:0016811
GO:0050569 -[is_a]-> GO:0004029
GO:0050570 -[is_a]-> GO:0016616
GO:0050571 -[is_a]-> GO:0016616
GO:0050572 -[is_a]-> GO:0016616
GO:0050573 -[is_a]-> GO:0016616
GO:0050574 -[is_a]-> GO:0016616
GO:0050575 -[is_a]-> GO:0016616
GO:0050577 -[is_a]-> GO:0016616
GO:0050577 -[part_of]-> GO:0042350
GO:0050578 -[is_a]-> GO:0016616
GO:0050579 -[is_a]-> GO:0016616
GO:0050580 -[is_a]-> GO:0016616
GO:0050581 -[is_a]-> GO:0016899
GO:0050582 -[is_a]-> GO:0016899
GO:0050583 -[is_a]-> GO:0016696
GO:0050584 -[is_a]-> GO:0016702
GO:0050585 -[is_a]-> GO:0016702
GO:0050586 -[is_a]-> GO:0016702
GO:0050587 -[is_a]-> GO:0016702
GO:0050588 -[is_a]-> GO:0016703
GO:0050589 -[is_a]-> GO:0016706
GO:0050590 -[is_a]-> GO:0016706
GO:0050591 -[is_a]-> GO:0016709
GO:0050592 -[is_a]-> GO:0016709
GO:0050593 -[is_a]-> GO:0016709
GO:0050594 -[is_a]-> GO:0016709
GO:0050595 -[is_a]-> GO:0016709
GO:0050596 -[is_a]-> GO:0016709
GO:0050597 -[is_a]-> GO:0016709
GO:0050598 -[is_a]-> GO:0016709
GO:0050599 -[is_a]-> GO:0050498
GO:0050600 -[is_a]-> GO:0016705
GO:0050601 -[is_a]-> GO:0016705
GO:0050602 -[is_a]-> GO:0016705
GO:0050603 -[is_a]-> GO:0004497
GO:0050603 -[is_a]-> GO:0016705
GO:0050604 -[is_a]-> GO:0016705
GO:0050605 -[is_a]-> GO:0016209
GO:0050605 -[is_a]-> GO:0016721
GO:0050606 -[is_a]-> GO:0016616
GO:0050607 -[is_a]-> GO:0016620
GO:0050608 -[is_a]-> GO:0016620
GO:0050609 -[is_a]-> GO:0050499
GO:0050610 -[is_a]-> GO:0030614
GO:0050611 -[is_a]-> GO:0052882
GO:0050612 -[is_a]-> GO:0030613
GO:0050613 -[is_a]-> GO:0016628
GO:0050614 -[is_a]-> GO:0016628
GO:0050615 -[is_a]-> GO:0016628
GO:0050616 -[is_a]-> GO:0016634
GO:0050617 -[is_a]-> GO:0016636
GO:0050618 -[is_a]-> GO:0016636
GO:0050619 -[is_a]-> GO:0016636
GO:0050620 -[is_a]-> GO:0016636
GO:0050621 -[is_a]-> GO:0016634
GO:0050622 -[is_a]-> GO:0016638
GO:0050623 -[is_a]-> GO:0016646
GO:0050624 -[is_a]-> GO:0016646
GO:0050625 -[is_a]-> GO:0016655
GO:0050626 -[is_a]-> GO:0016662
GO:0050627 -[is_a]-> GO:0016668
GO:0050628 -[is_a]-> GO:0016668
GO:0050629 -[is_a]-> GO:0016491
GO:0050630 -[is_a]-> GO:0008171
GO:0050631 -[is_a]-> GO:0008168
GO:0050632 -[is_a]-> GO:0016747
GO:0050633 -[is_a]-> GO:0016408
GO:0050633 -[is_a]-> GO:0019107
GO:0050634 -[is_a]-> GO:0016747
GO:0050635 -[is_a]-> GO:0016747
GO:0050636 -[is_a]-> GO:0016747
GO:0050637 -[is_a]-> GO:0016747
GO:0050638 -[is_a]-> GO:0016413
GO:0050639 -[is_a]-> GO:0016413
GO:0050640 -[is_a]-> GO:0016410
GO:0050641 -[is_a]-> GO:0016747
GO:0050642 -[is_a]-> GO:0016747
GO:0050643 -[is_a]-> GO:0016413
GO:0050644 -[is_a]-> GO:0035251
GO:0050645 -[is_a]-> GO:0035251
GO:0050646 -[is_a]-> GO:0008289
GO:0050646 -[is_a]-> GO:0043177
GO:0050647 -[is_a]-> GO:0008289
GO:0050647 -[is_a]-> GO:0043177
GO:0050647 -[is_a]-> GO:1901567
GO:0050648 -[is_a]-> GO:0036041
GO:0050648 -[is_a]-> GO:0050542
GO:0050649 -[is_a]-> GO:0008395
GO:0050650 -[is_a]-> GO:0006024
GO:0050650 -[is_a]-> GO:0030166
GO:0050650 -[is_a]-> GO:0044272
GO:0050650 -[is_a]-> GO:0050654
GO:0050651 -[is_a]-> GO:0030166
GO:0050651 -[is_a]-> GO:0050655
GO:0050652 -[is_a]-> GO:0033692
GO:0050652 -[part_of]-> GO:0050651
GO:0050653 -[is_a]-> GO:0033692
GO:0050653 -[part_of]-> GO:0050650
GO:0050654 -[is_a]-> GO:0006029
GO:0050654 -[is_a]-> GO:0006790
GO:0050654 -[is_a]-> GO:0030203
GO:0050655 -[is_a]-> GO:0006029
GO:0050656 -[is_a]-> GO:0032550
GO:0050656 -[is_a]-> GO:0032559
GO:0050656 -[is_a]-> GO:1901681
GO:0050657 -[is_a]-> GO:0015931
GO:0050658 -[is_a]-> GO:0050657
GO:0050658 -[is_a]-> GO:0051236
GO:0050659 -[is_a]-> GO:0008146
GO:0050660 -[is_a]-> GO:0000166
GO:0050660 -[is_a]-> GO:0050662
GO:0050661 -[is_a]-> GO:0000166
GO:0050661 -[is_a]-> GO:0050662
GO:0050662 -[is_a]-> GO:0048037
GO:0050663 -[is_a]-> GO:0009306
GO:0050663 -[part_of]-> GO:0001816
GO:0050664 -[is_a]-> GO:0016651
GO:0050665 -[is_a]-> GO:0042743
GO:0050665 -[is_a]-> GO:0044249
GO:0050665 -[is_a]-> GO:1903409
GO:0050666 -[is_a]-> GO:0031335
GO:0050666 -[regulates]-> GO:0050667
GO:0050667 -[is_a]-> GO:0000096
GO:0050667 -[is_a]-> GO:1901605
GO:0050668 -[is_a]-> GO:0031337
GO:0050668 -[is_a]-> GO:0050666
GO:0050668 -[positively_regulates]-> GO:0050667
GO:0050669 -[is_a]-> GO:0031336
GO:0050669 -[is_a]-> GO:0050666
GO:0050669 -[negatively_regulates]-> GO:0050667
GO:0050670 -[is_a]-> GO:0032944
GO:0050670 -[is_a]-> GO:0051249
GO:0050670 -[regulates]-> GO:0046651
GO:0050671 -[is_a]-> GO:0032946
GO:0050671 -[is_a]-> GO:0050670
GO:0050671 -[is_a]-> GO:0051251
GO:0050671 -[positively_regulates]-> GO:0046651
GO:0050672 -[is_a]-> GO:0032945
GO:0050672 -[is_a]-> GO:0050670
GO:0050672 -[is_a]-> GO:0051250
GO:0050672 -[negatively_regulates]-> GO:0046651
GO:0050673 -[is_a]-> GO:0008283
GO:0050674 -[is_a]-> GO:0050673
GO:0050675 -[is_a]-> GO:0050678
GO:0050675 -[regulates]-> GO:0050674
GO:0050676 -[is_a]-> GO:0050675
GO:0050676 -[is_a]-> GO:0050680
GO:0050676 -[negatively_regulates]-> GO:0050674
GO:0050677 -[is_a]-> GO:0050675
GO:0050677 -[is_a]-> GO:0050679
GO:0050677 -[positively_regulates]-> GO:0050674
GO:0050678 -[is_a]-> GO:0042127
GO:0050678 -[regulates]-> GO:0050673
GO:0050679 -[is_a]-> GO:0008284
GO:0050679 -[is_a]-> GO:0050678
GO:0050679 -[positively_regulates]-> GO:0050673
GO:0050680 -[is_a]-> GO:0008285
GO:0050680 -[is_a]-> GO:0050678
GO:0050680 -[negatively_regulates]-> GO:0050673
GO:0050681 -[is_a]-> GO:0035258
GO:0050682 -[is_a]-> GO:0019904
GO:0050683 -[is_a]-> GO:0019904
GO:0050684 -[is_a]-> GO:0010468
GO:0050684 -[is_a]-> GO:1903311
GO:0050684 -[regulates]-> GO:0006397
GO:0050685 -[is_a]-> GO:0010628
GO:0050685 -[is_a]-> GO:0050684
GO:0050685 -[is_a]-> GO:1903313
GO:0050685 -[positively_regulates]-> GO:0006397
GO:0050686 -[is_a]-> GO:0010629
GO:0050686 -[is_a]-> GO:0050684
GO:0050686 -[is_a]-> GO:1903312
GO:0050686 -[negatively_regulates]-> GO:0006397
GO:0050687 -[is_a]-> GO:0002698
GO:0050687 -[is_a]-> GO:0002832
GO:0050687 -[is_a]-> GO:0031348
GO:0050687 -[is_a]-> GO:0032102
GO:0050687 -[is_a]-> GO:0048525
GO:0050687 -[is_a]-> GO:0050688
GO:0050687 -[negatively_regulates]-> GO:0051607
GO:0050688 -[is_a]-> GO:0002697
GO:0050688 -[is_a]-> GO:0002831
GO:0050688 -[is_a]-> GO:0031347
GO:0050688 -[is_a]-> GO:0032101
GO:0050688 -[is_a]-> GO:0050792
GO:0050688 -[regulates]-> GO:0051607
GO:0050689 -[is_a]-> GO:0050687
GO:0050689 -[is_a]-> GO:0050691
GO:0050690 -[is_a]-> GO:0050688
GO:0050691 -[is_a]-> GO:0050688
GO:0050692 -[is_a]-> GO:0019904
GO:0050693 -[is_a]-> GO:0019904
GO:0050694 -[is_a]-> GO:0008146
GO:0050695 -[is_a]-> GO:0016831
GO:0050696 -[is_a]-> GO:0018979
GO:0050696 -[is_a]-> GO:0042205
GO:0050697 -[is_a]-> GO:0016491
GO:0050698 -[is_a]-> GO:0008146
GO:0050699 -[is_a]-> GO:0019904
GO:0050700 -[is_a]-> GO:0019904
GO:0050701 -[is_a]-> GO:0050663
GO:0050701 -[part_of]-> GO:0032612
GO:0050702 -[is_a]-> GO:0050701
GO:0050702 -[part_of]-> GO:0032611
GO:0050703 -[is_a]-> GO:0050701
GO:0050703 -[part_of]-> GO:0032610
GO:0050704 -[is_a]-> GO:0032652
GO:0050704 -[is_a]-> GO:0050707
GO:0050704 -[regulates]-> GO:0050701
GO:0050705 -[is_a]-> GO:0032650
GO:0050705 -[is_a]-> GO:0050704
GO:0050705 -[regulates]-> GO:0050703
GO:0050706 -[is_a]-> GO:0032651
GO:0050706 -[is_a]-> GO:0050704
GO:0050706 -[regulates]-> GO:0050702
GO:0050707 -[is_a]-> GO:0001817
GO:0050707 -[is_a]-> GO:0050708
GO:0050707 -[regulates]-> GO:0050663
GO:0050708 -[is_a]-> GO:0051223
GO:0050708 -[is_a]-> GO:1903530
GO:0050708 -[regulates]-> GO:0009306
GO:0050709 -[is_a]-> GO:0050708
GO:0050709 -[is_a]-> GO:0051224
GO:0050709 -[is_a]-> GO:1903531
GO:0050709 -[negatively_regulates]-> GO:0009306
GO:0050710 -[is_a]-> GO:0001818
GO:0050710 -[is_a]-> GO:0050707
GO:0050710 -[is_a]-> GO:0050709
GO:0050710 -[negatively_regulates]-> GO:0050663
GO:0050711 -[is_a]-> GO:0032692
GO:0050711 -[is_a]-> GO:0050704
GO:0050711 -[is_a]-> GO:0050710
GO:0050711 -[negatively_regulates]-> GO:0050701
GO:0050712 -[is_a]-> GO:0032690
GO:0050712 -[is_a]-> GO:0050705
GO:0050712 -[is_a]-> GO:0050711
GO:0050712 -[negatively_regulates]-> GO:0050703
GO:0050713 -[is_a]-> GO:0032691
GO:0050713 -[is_a]-> GO:0050706
GO:0050713 -[is_a]-> GO:0050711
GO:0050713 -[negatively_regulates]-> GO:0050702
GO:0050714 -[is_a]-> GO:0050708
GO:0050714 -[is_a]-> GO:0051222
GO:0050714 -[is_a]-> GO:1903532
GO:0050714 -[positively_regulates]-> GO:0009306
GO:0050715 -[is_a]-> GO:0001819
GO:0050715 -[is_a]-> GO:0050707
GO:0050715 -[is_a]-> GO:0050714
GO:0050715 -[positively_regulates]-> GO:0050663
GO:0050716 -[is_a]-> GO:0032732
GO:0050716 -[is_a]-> GO:0050704
GO:0050716 -[is_a]-> GO:0050715
GO:0050716 -[positively_regulates]-> GO:0050701
GO:0050717 -[is_a]-> GO:0032730
GO:0050717 -[is_a]-> GO:0050705
GO:0050717 -[is_a]-> GO:0050716
GO:0050717 -[positively_regulates]-> GO:0050703
GO:0050718 -[is_a]-> GO:0032731
GO:0050718 -[is_a]-> GO:0050706
GO:0050718 -[is_a]-> GO:0050716
GO:0050718 -[positively_regulates]-> GO:0050702
GO:0050719 -[is_a]-> GO:0042222
GO:0050719 -[part_of]-> GO:0032610
GO:0050720 -[is_a]-> GO:0042222
GO:0050720 -[part_of]-> GO:0032611
GO:0050721 -[is_a]-> GO:0032650
GO:0050721 -[is_a]-> GO:0045360
GO:0050721 -[regulates]-> GO:0050719
GO:0050722 -[is_a]-> GO:0032651
GO:0050722 -[is_a]-> GO:0045360
GO:0050722 -[regulates]-> GO:0050720
GO:0050723 -[is_a]-> GO:0032690
GO:0050723 -[is_a]-> GO:0045361
GO:0050723 -[is_a]-> GO:0050721
GO:0050723 -[negatively_regulates]-> GO:0050719
GO:0050724 -[is_a]-> GO:0032691
GO:0050724 -[is_a]-> GO:0045361
GO:0050724 -[is_a]-> GO:0050722
GO:0050724 -[negatively_regulates]-> GO:0050720
GO:0050725 -[is_a]-> GO:0032731
GO:0050725 -[is_a]-> GO:0045362
GO:0050725 -[is_a]-> GO:0050722
GO:0050725 -[positively_regulates]-> GO:0050720
GO:0050726 -[is_a]-> GO:0032730
GO:0050726 -[is_a]-> GO:0045362
GO:0050726 -[is_a]-> GO:0050721
GO:0050726 -[positively_regulates]-> GO:0050719
GO:0050727 -[is_a]-> GO:0031347
GO:0050727 -[is_a]-> GO:0032101
GO:0050727 -[regulates]-> GO:0006954
GO:0050728 -[is_a]-> GO:0031348
GO:0050728 -[is_a]-> GO:0032102
GO:0050728 -[is_a]-> GO:0050727
GO:0050728 -[negatively_regulates]-> GO:0006954
GO:0050729 -[is_a]-> GO:0031349
GO:0050729 -[is_a]-> GO:0032103
GO:0050729 -[is_a]-> GO:0050727
GO:0050729 -[positively_regulates]-> GO:0006954
GO:0050730 -[is_a]-> GO:0001932
GO:0050730 -[regulates]-> GO:0018108
GO:0050731 -[is_a]-> GO:0001934
GO:0050731 -[is_a]-> GO:0050730
GO:0050731 -[positively_regulates]-> GO:0018108
GO:0050732 -[is_a]-> GO:0001933
GO:0050732 -[is_a]-> GO:0050730
GO:0050732 -[negatively_regulates]-> GO:0018108
GO:0050733 -[is_a]-> GO:0019904
GO:0050734 -[is_a]-> GO:0016747
GO:0050735 -[is_a]-> GO:0016410
GO:0050735 -[is_a]-> GO:0016420
GO:0050736 -[is_a]-> GO:0008374
GO:0050736 -[is_a]-> GO:0016420
GO:0050737 -[is_a]-> GO:0008374
GO:0050737 -[is_a]-> GO:0050734
GO:0050738 -[is_a]-> GO:0016758
GO:0050739 -[is_a]-> GO:0018149
GO:0050739 -[is_a]-> GO:0018206
GO:0050739 -[is_a]-> GO:0018211
GO:0050739 -[is_a]-> GO:0018212
GO:0050740 -[is_a]-> GO:0018309
GO:0050741 -[is_a]-> GO:0018309
GO:0050742 -[is_a]-> GO:0018309
GO:0050743 -[is_a]-> GO:0018309
GO:0050744 -[is_a]-> GO:0018309
GO:0050745 -[is_a]-> GO:0018198
GO:0050745 -[is_a]-> GO:0018253
GO:0050746 -[is_a]-> GO:0031323
GO:0050746 -[is_a]-> GO:0060255
GO:0050746 -[regulates]-> GO:0042157
GO:0050747 -[is_a]-> GO:0010604
GO:0050747 -[is_a]-> GO:0031328
GO:0050747 -[is_a]-> GO:0050746
GO:0050747 -[positively_regulates]-> GO:0042157
GO:0050748 -[is_a]-> GO:0010605
GO:0050748 -[is_a]-> GO:0031324
GO:0050748 -[is_a]-> GO:0050746
GO:0050748 -[negatively_regulates]-> GO:0042157
GO:0050750 -[is_a]-> GO:0070325
GO:0050751 -[is_a]-> GO:0009058
GO:0050751 -[is_a]-> GO:0042033
GO:0050751 -[is_a]-> GO:0050756
GO:0050751 -[part_of]-> GO:0032603
GO:0050752 -[is_a]-> GO:0032644
GO:0050752 -[is_a]-> GO:0045073
GO:0050752 -[regulates]-> GO:0050751
GO:0050753 -[is_a]-> GO:0032684
GO:0050753 -[is_a]-> GO:0045079
GO:0050753 -[is_a]-> GO:0050752
GO:0050753 -[negatively_regulates]-> GO:0050751
GO:0050754 -[is_a]-> GO:0032724
GO:0050754 -[is_a]-> GO:0045080
GO:0050754 -[is_a]-> GO:0050752
GO:0050754 -[positively_regulates]-> GO:0050751
GO:0050755 -[is_a]-> GO:0042107
GO:0050756 -[is_a]-> GO:0050755
GO:0050757 -[is_a]-> GO:0009059
GO:0050757 -[is_a]-> GO:0019538
GO:0050758 -[is_a]-> GO:0010556
GO:0050758 -[is_a]-> GO:0051246
GO:0050758 -[regulates]-> GO:0050757
GO:0050759 -[is_a]-> GO:0010557
GO:0050759 -[is_a]-> GO:0050758
GO:0050759 -[is_a]-> GO:0051247
GO:0050759 -[positively_regulates]-> GO:0050757
GO:0050760 -[is_a]-> GO:0010558
GO:0050760 -[is_a]-> GO:0050758
GO:0050760 -[is_a]-> GO:0051248
GO:0050760 -[negatively_regulates]-> GO:0050757
GO:0050761 -[is_a]-> GO:0006518
GO:0050762 -[is_a]-> GO:0043171
GO:0050762 -[is_a]-> GO:0050761
GO:0050763 -[is_a]-> GO:0043043
GO:0050763 -[is_a]-> GO:0050761
GO:0050764 -[is_a]-> GO:0030100
GO:0050764 -[regulates]-> GO:0006909
GO:0050765 -[is_a]-> GO:0045806
GO:0050765 -[is_a]-> GO:0050764
GO:0050765 -[negatively_regulates]-> GO:0006909
GO:0050766 -[is_a]-> GO:0045807
GO:0050766 -[is_a]-> GO:0050764
GO:0050766 -[positively_regulates]-> GO:0006909
GO:0050767 -[is_a]-> GO:0051960
GO:0050767 -[is_a]-> GO:0060284
GO:0050767 -[part_of]-> GO:0048699
GO:0050767 -[regulates]-> GO:0022008
GO:0050768 -[is_a]-> GO:0010721
GO:0050768 -[is_a]-> GO:0050767
GO:0050768 -[is_a]-> GO:0051961
GO:0050768 -[negatively_regulates]-> GO:0022008
GO:0050769 -[is_a]-> GO:0010720
GO:0050769 -[is_a]-> GO:0050767
GO:0050769 -[is_a]-> GO:0051962
GO:0050769 -[positively_regulates]-> GO:0022008
GO:0050770 -[is_a]-> GO:0010769
GO:0050770 -[is_a]-> GO:0010975
GO:0050770 -[regulates]-> GO:0007409
GO:0050771 -[is_a]-> GO:0010771
GO:0050771 -[is_a]-> GO:0010977
GO:0050771 -[is_a]-> GO:0050770
GO:0050771 -[negatively_regulates]-> GO:0007409
GO:0050772 -[is_a]-> GO:0010770
GO:0050772 -[is_a]-> GO:0010976
GO:0050772 -[is_a]-> GO:0050770
GO:0050772 -[positively_regulates]-> GO:0007409
GO:0050773 -[is_a]-> GO:0010975
GO:0050773 -[regulates]-> GO:0016358
GO:0050774 -[is_a]-> GO:0010771
GO:0050774 -[is_a]-> GO:0048814
GO:0050774 -[is_a]-> GO:2000171
GO:0050774 -[negatively_regulates]-> GO:0048813
GO:0050775 -[is_a]-> GO:0010770
GO:0050775 -[is_a]-> GO:0048814
GO:0050775 -[is_a]-> GO:1900006
GO:0050775 -[positively_regulates]-> GO:0048813
GO:0050776 -[is_a]-> GO:0002682
GO:0050776 -[is_a]-> GO:0048583
GO:0050776 -[regulates]-> GO:0006955
GO:0050777 -[is_a]-> GO:0002683
GO:0050777 -[is_a]-> GO:0048585
GO:0050777 -[is_a]-> GO:0050776
GO:0050777 -[negatively_regulates]-> GO:0006955
GO:0050778 -[is_a]-> GO:0002684
GO:0050778 -[is_a]-> GO:0048584
GO:0050778 -[is_a]-> GO:0050776
GO:0050778 -[positively_regulates]-> GO:0006955
GO:0050779 -[is_a]-> GO:0043487
GO:0050780 -[is_a]-> GO:0001664
GO:0050781 -[is_a]-> GO:0016491
GO:0050782 -[is_a]-> GO:0005354
GO:0050782 -[is_a]-> GO:0008516
GO:0050783 -[is_a]-> GO:0006725
GO:0050783 -[is_a]-> GO:0017144
GO:0050783 -[is_a]-> GO:0046448
GO:0050784 -[is_a]-> GO:0009822
GO:0050784 -[is_a]-> GO:0019439
GO:0050784 -[is_a]-> GO:0042737
GO:0050784 -[is_a]-> GO:0046700
GO:0050784 -[is_a]-> GO:0050783
GO:0050784 -[is_a]-> GO:1901361
GO:0050785 -[is_a]-> GO:0038023
GO:0050786 -[is_a]-> GO:0005102
GO:0050787 -[is_a]-> GO:0061687
GO:0050787 -[part_of]-> GO:0046689
GO:0050788 -[is_a]-> GO:0051238
GO:0050788 -[part_of]-> GO:0050787
GO:0050789 -[is_a]-> GO:0065007
GO:0050789 -[regulates]-> GO:0008150
GO:0050790 -[is_a]-> GO:0065009
GO:0050790 -[regulates]-> GO:0003824
GO:0050792 -[is_a]-> GO:0043903
GO:0050792 -[is_a]-> GO:0050794
GO:0050792 -[regulates]-> GO:0016032
GO:0050793 -[is_a]-> GO:0050789
GO:0050793 -[regulates]-> GO:0032502
GO:0050794 -[is_a]-> GO:0050789
GO:0050794 -[regulates]-> GO:0009987
GO:0050795 -[is_a]-> GO:0050789
GO:0050795 -[regulates]-> GO:0007610
GO:0050796 -[is_a]-> GO:0050708
GO:0050796 -[is_a]-> GO:0090276
GO:0050796 -[regulates]-> GO:0030073
GO:0050797 -[is_a]-> GO:0042083
GO:0050798 -[is_a]-> GO:0042098
GO:0050799 -[is_a]-> GO:0009710
GO:0050799 -[is_a]-> GO:0019438
GO:0050799 -[is_a]-> GO:0050783
GO:0050801 -[is_a]-> GO:0048878
GO:0050802 -[is_a]-> GO:0022410
GO:0050802 -[is_a]-> GO:0030431
GO:0050802 -[is_a]-> GO:0044708
GO:0050802 -[part_of]-> GO:0042745
GO:0050803 -[is_a]-> GO:0065008
GO:0050804 -[is_a]-> GO:0010646
GO:0050804 -[is_a]-> GO:0023051
GO:0050804 -[regulates]-> GO:0007268
GO:0050805 -[is_a]-> GO:0010648
GO:0050805 -[is_a]-> GO:0023057
GO:0050805 -[is_a]-> GO:0050804
GO:0050805 -[negatively_regulates]-> GO:0007268
GO:0050806 -[is_a]-> GO:0010647
GO:0050806 -[is_a]-> GO:0023056
GO:0050806 -[is_a]-> GO:0050804
GO:0050806 -[positively_regulates]-> GO:0007268
GO:0050807 -[is_a]-> GO:0051128
GO:0050807 -[part_of]-> GO:0050803
GO:0050807 -[regulates]-> GO:0050808
GO:0050808 -[is_a]-> GO:0016043
GO:0050808 -[is_a]-> GO:0044763
GO:0050809 -[is_a]-> GO:0008144
GO:0050809 -[is_a]-> GO:0097159
GO:0050809 -[is_a]-> GO:1901363
GO:0050810 -[is_a]-> GO:0019218
GO:0050810 -[is_a]-> GO:0046890
GO:0050810 -[regulates]-> GO:0006694
GO:0050811 -[is_a]-> GO:0005102
GO:0050812 -[is_a]-> GO:0019217
GO:0050812 -[is_a]-> GO:0031326
GO:0050812 -[is_a]-> GO:0042762
GO:0050812 -[is_a]-> GO:0051196
GO:0050812 -[regulates]-> GO:0071616
GO:0050813 -[is_a]-> GO:0006725
GO:0050813 -[is_a]-> GO:0006790
GO:0050813 -[is_a]-> GO:0033067
GO:0050813 -[is_a]-> GO:0042180
GO:0050813 -[is_a]-> GO:1901564
GO:0050814 -[is_a]-> GO:0019438
GO:0050814 -[is_a]-> GO:0033068
GO:0050814 -[is_a]-> GO:0042181
GO:0050814 -[is_a]-> GO:0044272
GO:0050814 -[is_a]-> GO:0050813
GO:0050814 -[is_a]-> GO:1901566
GO:0050815 -[is_a]-> GO:0016597
GO:0050815 -[is_a]-> GO:0045309
GO:0050816 -[is_a]-> GO:0045309
GO:0050817 -[is_a]-> GO:0044707
GO:0050818 -[is_a]-> GO:0051239
GO:0050818 -[regulates]-> GO:0050817
GO:0050819 -[is_a]-> GO:0050818
GO:0050819 -[is_a]-> GO:0051241
GO:0050819 -[negatively_regulates]-> GO:0050817
GO:0050820 -[is_a]-> GO:0050818
GO:0050820 -[is_a]-> GO:0051240
GO:0050820 -[positively_regulates]-> GO:0050817
GO:0050821 -[is_a]-> GO:0031647
GO:0050822 -[is_a]-> GO:0006518
GO:0050823 -[is_a]-> GO:0050822
GO:0050823 -[part_of]-> GO:0048002
GO:0050824 -[is_a]-> GO:0005488
GO:0050825 -[is_a]-> GO:0050824
GO:0050826 -[is_a]-> GO:0009409
GO:0050827 -[is_a]-> GO:0005102
GO:0050828 -[is_a]-> GO:0042592
GO:0050829 -[is_a]-> GO:0042742
GO:0050830 -[is_a]-> GO:0042742
GO:0050831 -[is_a]-> GO:0042742
GO:0050832 -[is_a]-> GO:0009620
GO:0050832 -[is_a]-> GO:0098542
GO:0050833 -[is_a]-> GO:0008514
GO:0050833 -[part_of]-> GO:1901475
GO:0050834 -[is_a]-> GO:0018198
GO:0050834 -[is_a]-> GO:0018315
GO:0050835 -[is_a]-> GO:0018198
GO:0050835 -[is_a]-> GO:0018283
GO:0050835 -[is_a]-> GO:0050843
GO:0050836 -[is_a]-> GO:0018195
GO:0050836 -[is_a]-> GO:0018198
GO:0050836 -[is_a]-> GO:0018283
GO:0050837 -[is_a]-> GO:0018149
GO:0050837 -[is_a]-> GO:0018198
GO:0050837 -[is_a]-> GO:0050844
GO:0050838 -[is_a]-> GO:0018022
GO:0050839 -[is_a]-> GO:0005515
GO:0050840 -[is_a]-> GO:0005488
GO:0050841 -[is_a]-> GO:0017185
GO:0050842 -[is_a]-> GO:0018198
GO:0050842 -[is_a]-> GO:0018427
GO:0050843 -[is_a]-> GO:0009109
GO:0050843 -[is_a]-> GO:0044273
GO:0050843 -[is_a]-> GO:0046500
GO:0050844 -[is_a]-> GO:0018193
GO:0050845 -[is_a]-> GO:0016053
GO:0050845 -[is_a]-> GO:0044038
GO:0050845 -[is_a]-> GO:0050846
GO:0050845 -[part_of]-> GO:0009273
GO:0050846 -[is_a]-> GO:0006082
GO:0050847 -[is_a]-> GO:0030518
GO:0050848 -[is_a]-> GO:1902531
GO:0050848 -[regulates]-> GO:0019722
GO:0050849 -[is_a]-> GO:0050848
GO:0050849 -[is_a]-> GO:1902532
GO:0050849 -[negatively_regulates]-> GO:0019722
GO:0050850 -[is_a]-> GO:0050848
GO:0050850 -[is_a]-> GO:1902533
GO:0050850 -[positively_regulates]-> GO:0019722
GO:0050851 -[is_a]-> GO:0002429
GO:0050852 -[is_a]-> GO:0050851
GO:0050853 -[is_a]-> GO:0050851
GO:0050854 -[is_a]-> GO:0009966
GO:0050854 -[is_a]-> GO:0050776
GO:0050854 -[regulates]-> GO:0050851
GO:0050855 -[is_a]-> GO:0050854
GO:0050855 -[regulates]-> GO:0050853
GO:0050856 -[is_a]-> GO:0050854
GO:0050856 -[regulates]-> GO:0050852
GO:0050857 -[is_a]-> GO:0002684
GO:0050857 -[is_a]-> GO:0009967
GO:0050857 -[is_a]-> GO:0050854
GO:0050857 -[positively_regulates]-> GO:0050851
GO:0050858 -[is_a]-> GO:0002683
GO:0050858 -[is_a]-> GO:0009968
GO:0050858 -[is_a]-> GO:0050854
GO:0050858 -[negatively_regulates]-> GO:0050851
GO:0050859 -[is_a]-> GO:0050855
GO:0050859 -[is_a]-> GO:0050858
GO:0050859 -[negatively_regulates]-> GO:0050853
GO:0050860 -[is_a]-> GO:0050856
GO:0050860 -[is_a]-> GO:0050858
GO:0050860 -[negatively_regulates]-> GO:0050852
GO:0050861 -[is_a]-> GO:0050855
GO:0050861 -[is_a]-> GO:0050857
GO:0050861 -[positively_regulates]-> GO:0050853
GO:0050862 -[is_a]-> GO:0050856
GO:0050862 -[is_a]-> GO:0050857
GO:0050862 -[positively_regulates]-> GO:0050852
GO:0050863 -[is_a]-> GO:0051249
GO:0050863 -[is_a]-> GO:1903037
GO:0050863 -[regulates]-> GO:0042110
GO:0050864 -[is_a]-> GO:0051249
GO:0050864 -[regulates]-> GO:0042113
GO:0050865 -[is_a]-> GO:0050794
GO:0050865 -[regulates]-> GO:0001775
GO:0050866 -[is_a]-> GO:0048523
GO:0050866 -[is_a]-> GO:0050865
GO:0050866 -[negatively_regulates]-> GO:0001775
GO:0050867 -[is_a]-> GO:0048522
GO:0050867 -[is_a]-> GO:0050865
GO:0050867 -[positively_regulates]-> GO:0001775
GO:0050868 -[is_a]-> GO:0050863
GO:0050868 -[is_a]-> GO:0051250
GO:0050868 -[is_a]-> GO:1903038
GO:0050868 -[negatively_regulates]-> GO:0042110
GO:0050869 -[is_a]-> GO:0050864
GO:0050869 -[is_a]-> GO:0051250
GO:0050869 -[negatively_regulates]-> GO:0042113
GO:0050870 -[is_a]-> GO:0050863
GO:0050870 -[is_a]-> GO:0051251
GO:0050870 -[is_a]-> GO:1903039
GO:0050870 -[positively_regulates]-> GO:0042110
GO:0050871 -[is_a]-> GO:0050864
GO:0050871 -[is_a]-> GO:0051251
GO:0050871 -[positively_regulates]-> GO:0042113
GO:0050872 -[is_a]-> GO:0045444
GO:0050873 -[is_a]-> GO:0045444
GO:0050877 -[is_a]-> GO:0003008
GO:0050878 -[is_a]-> GO:0065008
GO:0050879 -[is_a]-> GO:0044707
GO:0050880 -[is_a]-> GO:0003018
GO:0050880 -[is_a]-> GO:0035150
GO:0050880 -[part_of]-> GO:0008015
GO:0050881 -[is_a]-> GO:0050879
GO:0050882 -[is_a]-> GO:0050881
GO:0050883 -[is_a]-> GO:0050881
GO:0050883 -[is_a]-> GO:0060004
GO:0050884 -[is_a]-> GO:0050905
GO:0050885 -[is_a]-> GO:0050905
GO:0050886 -[is_a]-> GO:0003008
GO:0050887 -[is_a]-> GO:0050893
GO:0050888 -[is_a]-> GO:0050893
GO:0050889 -[is_a]-> GO:0050893
GO:0050890 -[is_a]-> GO:0050877
GO:0050891 -[is_a]-> GO:0030104
GO:0050891 -[is_a]-> GO:0048871
GO:0050891 -[is_a]-> GO:0050878
GO:0050892 -[is_a]-> GO:0006810
GO:0050892 -[is_a]-> GO:0022600
GO:0050892 -[part_of]-> GO:0007586
GO:0050893 -[is_a]-> GO:0050890
GO:0050893 -[part_of]-> GO:0007600
GO:0050894 -[is_a]-> GO:0050893
GO:0050896 -[is_a]-> GO:0008150
GO:0050897 -[is_a]-> GO:0046914
GO:0050898 -[is_a]-> GO:1901564
GO:0050899 -[is_a]-> GO:0044270
GO:0050899 -[is_a]-> GO:0050898
GO:0050899 -[is_a]-> GO:1901565
GO:0050900 -[is_a]-> GO:0002376
GO:0050900 -[is_a]-> GO:0016477
GO:0050901 -[is_a]-> GO:0061756
GO:0050901 -[part_of]-> GO:0045123
GO:0050902 -[is_a]-> GO:0045321
GO:0050902 -[part_of]-> GO:0045123
GO:0050903 -[is_a]-> GO:0061756
GO:0050903 -[part_of]-> GO:0045123
GO:0050904 -[is_a]-> GO:0050900
GO:0050904 -[part_of]-> GO:0045123
GO:0050905 -[is_a]-> GO:0050877
GO:0050906 -[is_a]-> GO:0051606
GO:0050906 -[part_of]-> GO:0007600
GO:0050907 -[is_a]-> GO:0009593
GO:0050907 -[is_a]-> GO:0050906
GO:0050907 -[part_of]-> GO:0007600
GO:0050907 -[part_of]-> GO:0007606
GO:0050908 -[is_a]-> GO:0009584
GO:0050908 -[is_a]-> GO:0050962
GO:0050908 -[part_of]-> GO:0007601
GO:0050909 -[is_a]-> GO:0007606
GO:0050910 -[is_a]-> GO:0050877
GO:0050910 -[is_a]-> GO:0050974
GO:0050910 -[part_of]-> GO:0007605
GO:0050911 -[is_a]-> GO:0050907
GO:0050911 -[part_of]-> GO:0007608
GO:0050912 -[is_a]-> GO:0050907
GO:0050912 -[part_of]-> GO:0050909
GO:0050913 -[is_a]-> GO:0050909
GO:0050914 -[is_a]-> GO:0050909
GO:0050915 -[is_a]-> GO:0050909
GO:0050916 -[is_a]-> GO:0050909
GO:0050917 -[is_a]-> GO:0050909
GO:0050918 -[is_a]-> GO:0006935
GO:0050919 -[is_a]-> GO:0006935
GO:0050920 -[is_a]-> GO:0032101
GO:0050920 -[is_a]-> GO:0040012
GO:0050920 -[regulates]-> GO:0006935
GO:0050921 -[is_a]-> GO:0032103
GO:0050921 -[is_a]-> GO:0040017
GO:0050921 -[is_a]-> GO:0050920
GO:0050921 -[positively_regulates]-> GO:0006935
GO:0050922 -[is_a]-> GO:0032102
GO:0050922 -[is_a]-> GO:0040013
GO:0050922 -[is_a]-> GO:0050920
GO:0050922 -[negatively_regulates]-> GO:0006935
GO:0050923 -[is_a]-> GO:0050920
GO:0050923 -[regulates]-> GO:0050919
GO:0050924 -[is_a]-> GO:0050921
GO:0050924 -[is_a]-> GO:0050923
GO:0050924 -[positively_regulates]-> GO:0050919
GO:0050925 -[is_a]-> GO:0050922
GO:0050925 -[is_a]-> GO:0050923
GO:0050925 -[negatively_regulates]-> GO:0050919
GO:0050926 -[is_a]-> GO:0050920
GO:0050926 -[regulates]-> GO:0050918
GO:0050927 -[is_a]-> GO:0050921
GO:0050927 -[is_a]-> GO:0050926
GO:0050927 -[positively_regulates]-> GO:0050918
GO:0050928 -[is_a]-> GO:0050922
GO:0050928 -[is_a]-> GO:0050926
GO:0050928 -[negatively_regulates]-> GO:0050918
GO:0050929 -[is_a]-> GO:0050924
GO:0050930 -[is_a]-> GO:0050927
GO:0050931 -[is_a]-> GO:0030154
GO:0050931 -[part_of]-> GO:0048066
GO:0050932 -[is_a]-> GO:0045595
GO:0050932 -[is_a]-> GO:0048070
GO:0050932 -[regulates]-> GO:0050931
GO:0050933 -[is_a]-> GO:0030318
GO:0050934 -[is_a]-> GO:0030318
GO:0050935 -[is_a]-> GO:0050931
GO:0050936 -[is_a]-> GO:0050931
GO:0050937 -[is_a]-> GO:0050932
GO:0050937 -[regulates]-> GO:0050935
GO:0050938 -[is_a]-> GO:0050932
GO:0050938 -[regulates]-> GO:0050936
GO:0050939 -[is_a]-> GO:0045634
GO:0050939 -[regulates]-> GO:0050933
GO:0050940 -[is_a]-> GO:0045634
GO:0050940 -[regulates]-> GO:0050934
GO:0050941 -[is_a]-> GO:0045596
GO:0050941 -[is_a]-> GO:0048086
GO:0050941 -[is_a]-> GO:0050932
GO:0050941 -[negatively_regulates]-> GO:0050931
GO:0050942 -[is_a]-> GO:0045597
GO:0050942 -[is_a]-> GO:0048087
GO:0050942 -[is_a]-> GO:0050932
GO:0050942 -[positively_regulates]-> GO:0050931
GO:0050943 -[is_a]-> GO:0050937
GO:0050943 -[is_a]-> GO:0050941
GO:0050943 -[negatively_regulates]-> GO:0050935
GO:0050944 -[is_a]-> GO:0050938
GO:0050944 -[is_a]-> GO:0050941
GO:0050944 -[negatively_regulates]-> GO:0050936
GO:0050945 -[is_a]-> GO:0050937
GO:0050945 -[is_a]-> GO:0050942
GO:0050945 -[positively_regulates]-> GO:0050935
GO:0050946 -[is_a]-> GO:0050938
GO:0050946 -[is_a]-> GO:0050942
GO:0050946 -[positively_regulates]-> GO:0050936
GO:0050947 -[is_a]-> GO:0045635
GO:0050947 -[is_a]-> GO:0050939
GO:0050947 -[negatively_regulates]-> GO:0050933
GO:0050948 -[is_a]-> GO:0045636
GO:0050948 -[is_a]-> GO:0050939
GO:0050948 -[positively_regulates]-> GO:0050933
GO:0050949 -[is_a]-> GO:0045635
GO:0050949 -[is_a]-> GO:0050940
GO:0050949 -[negatively_regulates]-> GO:0050934
GO:0050950 -[is_a]-> GO:0045636
GO:0050950 -[is_a]-> GO:0050940
GO:0050950 -[positively_regulates]-> GO:0050934
GO:0050951 -[is_a]-> GO:0007600
GO:0050952 -[is_a]-> GO:0007600
GO:0050953 -[is_a]-> GO:0007600
GO:0050954 -[is_a]-> GO:0007600
GO:0050955 -[is_a]-> GO:0050951
GO:0050956 -[is_a]-> GO:0050952
GO:0050957 -[is_a]-> GO:0007600
GO:0050957 -[part_of]-> GO:0050885
GO:0050958 -[is_a]-> GO:0007600
GO:0050959 -[is_a]-> GO:0050877
GO:0050960 -[is_a]-> GO:0050961
GO:0050960 -[part_of]-> GO:0050955
GO:0050961 -[is_a]-> GO:0016048
GO:0050961 -[is_a]-> GO:0050906
GO:0050961 -[part_of]-> GO:0007600
GO:0050961 -[part_of]-> GO:0050951
GO:0050962 -[is_a]-> GO:0009583
GO:0050962 -[is_a]-> GO:0050906
GO:0050962 -[part_of]-> GO:0007600
GO:0050962 -[part_of]-> GO:0050953
GO:0050963 -[is_a]-> GO:0050906
GO:0050963 -[is_a]-> GO:0050981
GO:0050963 -[part_of]-> GO:0007600
GO:0050963 -[part_of]-> GO:0050952
GO:0050964 -[is_a]-> GO:0050963
GO:0050964 -[part_of]-> GO:0050956
GO:0050965 -[is_a]-> GO:0050961
GO:0050965 -[part_of]-> GO:0019233
GO:0050966 -[is_a]-> GO:0050974
GO:0050966 -[part_of]-> GO:0019233
GO:0050967 -[is_a]-> GO:0050963
GO:0050967 -[part_of]-> GO:0019233
GO:0050968 -[is_a]-> GO:0050907
GO:0050968 -[part_of]-> GO:0019233
GO:0050969 -[is_a]-> GO:0050907
GO:0050969 -[part_of]-> GO:0050958
GO:0050969 -[part_of]-> GO:0050977
GO:0050970 -[is_a]-> GO:0050963
GO:0050970 -[part_of]-> GO:0050958
GO:0050970 -[part_of]-> GO:0050978
GO:0050971 -[is_a]-> GO:0050974
GO:0050971 -[part_of]-> GO:0050958
GO:0050971 -[part_of]-> GO:0050979
GO:0050972 -[is_a]-> GO:0050974
GO:0050972 -[part_of]-> GO:0050959
GO:0050973 -[is_a]-> GO:0050974
GO:0050973 -[part_of]-> GO:0050957
GO:0050974 -[is_a]-> GO:0050906
GO:0050974 -[is_a]-> GO:0050982
GO:0050974 -[part_of]-> GO:0007600
GO:0050974 -[part_of]-> GO:0050954
GO:0050975 -[is_a]-> GO:0050954
GO:0050976 -[is_a]-> GO:0050974
GO:0050976 -[part_of]-> GO:0050975
GO:0050977 -[is_a]-> GO:0007606
GO:0050977 -[is_a]-> GO:0050958
GO:0050978 -[is_a]-> GO:0050952
GO:0050978 -[is_a]-> GO:0050958
GO:0050979 -[is_a]-> GO:0050954
GO:0050979 -[is_a]-> GO:0050958
GO:0050980 -[is_a]-> GO:0050962
GO:0050980 -[part_of]-> GO:0050958
GO:0050981 -[is_a]-> GO:0009582
GO:0050981 -[is_a]-> GO:0051602
GO:0050982 -[is_a]-> GO:0009581
GO:0050982 -[is_a]-> GO:0009582
GO:0050982 -[is_a]-> GO:0009612
GO:0050983 -[is_a]-> GO:0006575
GO:0050983 -[is_a]-> GO:0042398
GO:0050983 -[is_a]-> GO:0044712
GO:0050983 -[is_a]-> GO:0046203
GO:0050983 -[is_a]-> GO:1901607
GO:0050984 -[is_a]-> GO:0006477
GO:0050984 -[is_a]-> GO:0018209
GO:0050985 -[is_a]-> GO:0006477
GO:0050985 -[is_a]-> GO:0018210
GO:0050986 -[is_a]-> GO:0018200
GO:0050986 -[is_a]-> GO:0018201
GO:0050986 -[is_a]-> GO:0018262
GO:0050987 -[is_a]-> GO:0018307
GO:0050987 -[is_a]-> GO:0050984
GO:0050988 -[is_a]-> GO:0018206
GO:0050988 -[is_a]-> GO:0050989
GO:0050989 -[is_a]-> GO:0031365
GO:0050990 -[is_a]-> GO:0031365
GO:0050991 -[is_a]-> GO:0018307
GO:0050991 -[is_a]-> GO:0050985
GO:0050992 -[is_a]-> GO:0008654
GO:0050992 -[is_a]-> GO:0050993
GO:0050993 -[is_a]-> GO:0006644
GO:0050994 -[is_a]-> GO:0009894
GO:0050994 -[is_a]-> GO:0019216
GO:0050994 -[regulates]-> GO:0016042
GO:0050995 -[is_a]-> GO:0009895
GO:0050995 -[is_a]-> GO:0045833
GO:0050995 -[is_a]-> GO:0050994
GO:0050995 -[negatively_regulates]-> GO:0016042
GO:0050996 -[is_a]-> GO:0009896
GO:0050996 -[is_a]-> GO:0045834
GO:0050996 -[is_a]-> GO:0050994
GO:0050996 -[positively_regulates]-> GO:0016042
GO:0050997 -[is_a]-> GO:0005488
GO:0050998 -[is_a]-> GO:0019899
GO:0050999 -[is_a]-> GO:0032768
GO:0050999 -[regulates]-> GO:0004517
GO:0051000 -[is_a]-> GO:0032770
GO:0051000 -[is_a]-> GO:0050999
GO:0051000 -[positively_regulates]-> GO:0004517
GO:0051001 -[is_a]-> GO:0032769
GO:0051001 -[is_a]-> GO:0050999
GO:0051001 -[negatively_regulates]-> GO:0004517
GO:0051002 -[is_a]-> GO:0016874
GO:0051003 -[is_a]-> GO:0051002
GO:0051004 -[is_a]-> GO:0060191
GO:0051004 -[regulates]-> GO:0004465
GO:0051005 -[is_a]-> GO:0051004
GO:0051005 -[is_a]-> GO:0060192
GO:0051005 -[negatively_regulates]-> GO:0004465
GO:0051006 -[is_a]-> GO:0051004
GO:0051006 -[is_a]-> GO:0061365
GO:0051006 -[positively_regulates]-> GO:0004465
GO:0051007 -[is_a]-> GO:0016866
GO:0051007 -[is_a]-> GO:0034072
GO:0051008 -[is_a]-> GO:0031072
GO:0051009 -[is_a]-> GO:0016835
GO:0051010 -[is_a]-> GO:0008017
GO:0051011 -[is_a]-> GO:0008017
GO:0051012 -[is_a]-> GO:0007018
GO:0051013 -[is_a]-> GO:0007017
GO:0051014 -[is_a]-> GO:0030029
GO:0051015 -[is_a]-> GO:0003779
GO:0051015 -[is_a]-> GO:0032403
GO:0051016 -[is_a]-> GO:0051693
GO:0051017 -[is_a]-> GO:0022607
GO:0051017 -[is_a]-> GO:0061572
GO:0051018 -[is_a]-> GO:0005515
GO:0051019 -[is_a]-> GO:0019901
GO:0051020 -[is_a]-> GO:0019899
GO:0051021 -[is_a]-> GO:0005515
GO:0051022 -[is_a]-> GO:0051021
GO:0051023 -[is_a]-> GO:0002637
GO:0051023 -[is_a]-> GO:0050708
GO:0051023 -[regulates]-> GO:0048305
GO:0051024 -[is_a]-> GO:0002639
GO:0051024 -[is_a]-> GO:0050714
GO:0051024 -[is_a]-> GO:0051023
GO:0051024 -[positively_regulates]-> GO:0048305
GO:0051025 -[is_a]-> GO:0002638
GO:0051025 -[is_a]-> GO:0050709
GO:0051025 -[is_a]-> GO:0051023
GO:0051025 -[negatively_regulates]-> GO:0048305
GO:0051026 -[is_a]-> GO:0022607
GO:0051026 -[is_a]-> GO:1903046
GO:0051026 -[part_of]-> GO:0007129
GO:0051026 -[part_of]-> GO:0007131
GO:0051027 -[is_a]-> GO:0050657
GO:0051028 -[is_a]-> GO:0050658
GO:0051029 -[is_a]-> GO:0044765
GO:0051029 -[is_a]-> GO:0050658
GO:0051030 -[is_a]-> GO:0044765
GO:0051030 -[is_a]-> GO:0050658
GO:0051031 -[is_a]-> GO:0044765
GO:0051031 -[is_a]-> GO:0050658
GO:0051032 -[is_a]-> GO:0015932
GO:0051032 -[is_a]-> GO:0022884
GO:0051032 -[part_of]-> GO:0050657
GO:0051033 -[is_a]-> GO:0051032
GO:0051033 -[part_of]-> GO:0050658
GO:0051034 -[is_a]-> GO:0051033
GO:0051034 -[part_of]-> GO:0051031
GO:0051035 -[is_a]-> GO:0051032
GO:0051035 -[part_of]-> GO:0051027
GO:0051036 -[is_a]-> GO:0032535
GO:0051037 -[is_a]-> GO:0006355
GO:0051037 -[is_a]-> GO:0022414
GO:0051037 -[part_of]-> GO:0051321
GO:0051038 -[is_a]-> GO:0045892
GO:0051038 -[is_a]-> GO:0051037
GO:0051039 -[is_a]-> GO:0045893
GO:0051039 -[is_a]-> GO:0051037
GO:0051040 -[is_a]-> GO:0030155
GO:0051040 -[regulates]-> GO:0016338
GO:0051041 -[is_a]-> GO:0045785
GO:0051041 -[is_a]-> GO:0051040
GO:0051041 -[positively_regulates]-> GO:0016338
GO:0051042 -[is_a]-> GO:0007162
GO:0051042 -[is_a]-> GO:0051040
GO:0051042 -[negatively_regulates]-> GO:0016338
GO:0051043 -[is_a]-> GO:0030162
GO:0051043 -[is_a]-> GO:0031329
GO:0051043 -[is_a]-> GO:0032268
GO:0051043 -[is_a]-> GO:0042176
GO:0051043 -[regulates]-> GO:0006509
GO:0051044 -[is_a]-> GO:0031331
GO:0051044 -[is_a]-> GO:0045732
GO:0051044 -[is_a]-> GO:0045862
GO:0051044 -[is_a]-> GO:0051043
GO:0051044 -[positively_regulates]-> GO:0006509
GO:0051045 -[is_a]-> GO:0031330
GO:0051045 -[is_a]-> GO:0042177
GO:0051045 -[is_a]-> GO:0045861
GO:0051045 -[is_a]-> GO:0051043
GO:0051045 -[negatively_regulates]-> GO:0006509
GO:0051046 -[is_a]-> GO:0051049
GO:0051046 -[regulates]-> GO:0046903
GO:0051047 -[is_a]-> GO:0051046
GO:0051047 -[is_a]-> GO:0051050
GO:0051047 -[positively_regulates]-> GO:0046903
GO:0051048 -[is_a]-> GO:0051046
GO:0051048 -[is_a]-> GO:0051051
GO:0051048 -[negatively_regulates]-> GO:0046903
GO:0051049 -[is_a]-> GO:0032879
GO:0051049 -[regulates]-> GO:0006810
GO:0051050 -[is_a]-> GO:0048518
GO:0051050 -[is_a]-> GO:0051049
GO:0051050 -[positively_regulates]-> GO:0006810
GO:0051051 -[is_a]-> GO:0048519
GO:0051051 -[is_a]-> GO:0051049
GO:0051051 -[negatively_regulates]-> GO:0006810
GO:0051052 -[is_a]-> GO:0019219
GO:0051052 -[is_a]-> GO:0060255
GO:0051052 -[regulates]-> GO:0006259
GO:0051053 -[is_a]-> GO:0010605
GO:0051053 -[is_a]-> GO:0045934
GO:0051053 -[is_a]-> GO:0051052
GO:0051053 -[negatively_regulates]-> GO:0006259
GO:0051054 -[is_a]-> GO:0010604
GO:0051054 -[is_a]-> GO:0045935
GO:0051054 -[is_a]-> GO:0051052
GO:0051054 -[positively_regulates]-> GO:0006259
GO:0051055 -[is_a]-> GO:0009890
GO:0051055 -[is_a]-> GO:0045833
GO:0051055 -[is_a]-> GO:0046890
GO:0051055 -[negatively_regulates]-> GO:0008610
GO:0051056 -[is_a]-> GO:1902531
GO:0051056 -[regulates]-> GO:0007264
GO:0051057 -[is_a]-> GO:0051056
GO:0051057 -[is_a]-> GO:1902533
GO:0051057 -[positively_regulates]-> GO:0007264
GO:0051058 -[is_a]-> GO:0051056
GO:0051058 -[is_a]-> GO:1902532
GO:0051058 -[negatively_regulates]-> GO:0007264
GO:0051059 -[is_a]-> GO:0008134
GO:0051060 -[is_a]-> GO:0004553
GO:0051061 -[is_a]-> GO:0004748
GO:0051062 -[is_a]-> GO:0004748
GO:0051063 -[is_a]-> GO:0004748
GO:0051064 -[is_a]-> GO:0008998
GO:0051065 -[is_a]-> GO:0008998
GO:0051066 -[is_a]-> GO:0042558
GO:0051067 -[is_a]-> GO:0042558
GO:0051068 -[is_a]-> GO:0006790
GO:0051068 -[is_a]-> GO:0043603
GO:0051068 -[is_a]-> GO:0051186
GO:0051068 -[is_a]-> GO:1901564
GO:0051069 -[is_a]-> GO:0006080
GO:0051070 -[is_a]-> GO:0000271
GO:0051070 -[is_a]-> GO:0051069
GO:0051071 -[is_a]-> GO:0006082
GO:0051071 -[is_a]-> GO:0044264
GO:0051071 -[is_a]-> GO:0044723
GO:0051071 -[is_a]-> GO:1901135
GO:0051072 -[is_a]-> GO:0016053
GO:0051072 -[is_a]-> GO:0033692
GO:0051072 -[is_a]-> GO:0051071
GO:0051072 -[is_a]-> GO:1901137
GO:0051073 -[is_a]-> GO:0016780
GO:0051075 -[is_a]-> GO:0016740
GO:0051075 -[is_a]-> GO:0016853
GO:0051077 -[is_a]-> GO:0030428
GO:0051078 -[is_a]-> GO:0044702
GO:0051078 -[is_a]-> GO:0051081
GO:0051078 -[is_a]-> GO:1903046
GO:0051078 -[part_of]-> GO:0051321
GO:0051079 -[is_a]-> GO:0051078
GO:0051079 -[part_of]-> GO:0007127
GO:0051080 -[is_a]-> GO:0051078
GO:0051080 -[part_of]-> GO:0007135
GO:0051081 -[is_a]-> GO:0006998
GO:0051081 -[is_a]-> GO:0030397
GO:0051082 -[is_a]-> GO:0005515
GO:0051083 -[is_a]-> GO:0006458
GO:0051084 -[is_a]-> GO:0006458
GO:0051085 -[is_a]-> GO:0051084
GO:0051085 -[is_a]-> GO:0061077
GO:0051086 -[is_a]-> GO:0051084
GO:0051086 -[is_a]-> GO:0061077
GO:0051087 -[is_a]-> GO:0005515
GO:0051088 -[is_a]-> GO:0006509
GO:0051089 -[is_a]-> GO:0006509
GO:0051090 -[is_a]-> GO:0006355
GO:0051090 -[is_a]-> GO:0065009
GO:0051090 -[regulates]-> GO:0003700
GO:0051091 -[is_a]-> GO:0044093
GO:0051091 -[is_a]-> GO:0048518
GO:0051091 -[is_a]-> GO:0051090
GO:0051091 -[positively_regulates]-> GO:0003700
GO:0051092 -[is_a]-> GO:0051091
GO:0051093 -[is_a]-> GO:0048519
GO:0051093 -[is_a]-> GO:0050793
GO:0051093 -[negatively_regulates]-> GO:0032502
GO:0051094 -[is_a]-> GO:0048518
GO:0051094 -[is_a]-> GO:0050793
GO:0051094 -[positively_regulates]-> GO:0032502
GO:0051095 -[is_a]-> GO:0051336
GO:0051095 -[regulates]-> GO:0004386
GO:0051096 -[is_a]-> GO:0051095
GO:0051096 -[is_a]-> GO:0051345
GO:0051096 -[positively_regulates]-> GO:0004386
GO:0051097 -[is_a]-> GO:0051095
GO:0051097 -[is_a]-> GO:0051346
GO:0051097 -[negatively_regulates]-> GO:0004386
GO:0051098 -[is_a]-> GO:0065009
GO:0051098 -[regulates]-> GO:0005488
GO:0051099 -[is_a]-> GO:0044093
GO:0051099 -[is_a]-> GO:0051098
GO:0051099 -[positively_regulates]-> GO:0005488
GO:0051100 -[is_a]-> GO:0044092
GO:0051100 -[is_a]-> GO:0051098
GO:0051100 -[negatively_regulates]-> GO:0005488
GO:0051101 -[is_a]-> GO:0051098
GO:0051101 -[regulates]-> GO:0003677
GO:0051102 -[is_a]-> GO:0006266
GO:0051102 -[part_of]-> GO:0006310
GO:0051103 -[is_a]-> GO:0006266
GO:0051103 -[part_of]-> GO:0006281
GO:0051104 -[is_a]-> GO:0006266
GO:0051104 -[part_of]-> GO:0006261
GO:0051105 -[is_a]-> GO:0051052
GO:0051105 -[regulates]-> GO:0006266
GO:0051106 -[is_a]-> GO:0051054
GO:0051106 -[is_a]-> GO:0051105
GO:0051106 -[positively_regulates]-> GO:0006266
GO:0051107 -[is_a]-> GO:0051053
GO:0051107 -[is_a]-> GO:0051105
GO:0051107 -[negatively_regulates]-> GO:0006266
GO:0051108 -[is_a]-> GO:0016405
GO:0051108 -[is_a]-> GO:0016881
GO:0051109 -[is_a]-> GO:0016405
GO:0051110 -[is_a]-> GO:0051114
GO:0051111 -[is_a]-> GO:0018117
GO:0051111 -[is_a]-> GO:0018202
GO:0051112 -[is_a]-> GO:0051111
GO:0051113 -[is_a]-> GO:0018307
GO:0051113 -[is_a]-> GO:0051112
GO:0051114 -[is_a]-> GO:0018177
GO:0051114 -[is_a]-> GO:0018202
GO:0051115 -[is_a]-> GO:0018307
GO:0051115 -[is_a]-> GO:0051110
GO:0051116 -[is_a]-> GO:0051003
GO:0051117 -[is_a]-> GO:0019899
GO:0051118 -[is_a]-> GO:0015926
GO:0051119 -[is_a]-> GO:0015144
GO:0051120 -[is_a]-> GO:0016853
GO:0051121 -[is_a]-> GO:0001676
GO:0051122 -[is_a]-> GO:0042759
GO:0051122 -[is_a]-> GO:0051121
GO:0051123 -[is_a]-> GO:0070897
GO:0051123 -[part_of]-> GO:0006367
GO:0051124 -[is_a]-> GO:0007416
GO:0051124 -[is_a]-> GO:0007528
GO:0051124 -[is_a]-> GO:0048589
GO:0051125 -[is_a]-> GO:0030833
GO:0051125 -[regulates]-> GO:0045010
GO:0051126 -[is_a]-> GO:0051125
GO:0051126 -[is_a]-> GO:0051494
GO:0051126 -[negatively_regulates]-> GO:0045010
GO:0051127 -[is_a]-> GO:0051125
GO:0051127 -[is_a]-> GO:0051495
GO:0051127 -[positively_regulates]-> GO:0045010
GO:0051128 -[is_a]-> GO:0050794
GO:0051128 -[regulates]-> GO:0016043
GO:0051129 -[is_a]-> GO:0048523
GO:0051129 -[is_a]-> GO:0051128
GO:0051129 -[negatively_regulates]-> GO:0016043
GO:0051130 -[is_a]-> GO:0048522
GO:0051130 -[is_a]-> GO:0051128
GO:0051130 -[positively_regulates]-> GO:0016043
GO:0051131 -[is_a]-> GO:0043623
GO:0051132 -[is_a]-> GO:0046631
GO:0051133 -[is_a]-> GO:0046634
GO:0051133 -[regulates]-> GO:0051132
GO:0051134 -[is_a]-> GO:0046636
GO:0051134 -[is_a]-> GO:0051133
GO:0051134 -[negatively_regulates]-> GO:0051132
GO:0051135 -[is_a]-> GO:0046635
GO:0051135 -[is_a]-> GO:0051133
GO:0051135 -[positively_regulates]-> GO:0051132
GO:0051136 -[is_a]-> GO:0046637
GO:0051136 -[regulates]-> GO:0001865
GO:0051137 -[is_a]-> GO:0046639
GO:0051137 -[is_a]-> GO:0051136
GO:0051137 -[negatively_regulates]-> GO:0001865
GO:0051138 -[is_a]-> GO:0046638
GO:0051138 -[is_a]-> GO:0051136
GO:0051138 -[positively_regulates]-> GO:0001865
GO:0051139 -[is_a]-> GO:0015299
GO:0051139 -[is_a]-> GO:0015491
GO:0051139 -[is_a]-> GO:0046873
GO:0051140 -[is_a]-> GO:0046640
GO:0051140 -[is_a]-> GO:0051133
GO:0051140 -[regulates]-> GO:0001866
GO:0051141 -[is_a]-> GO:0046642
GO:0051141 -[is_a]-> GO:0051134
GO:0051141 -[is_a]-> GO:0051140
GO:0051141 -[negatively_regulates]-> GO:0001866
GO:0051142 -[is_a]-> GO:0046641
GO:0051142 -[is_a]-> GO:0051135
GO:0051142 -[is_a]-> GO:0051140
GO:0051142 -[positively_regulates]-> GO:0001866
GO:0051143 -[is_a]-> GO:0042844
GO:0051144 -[is_a]-> GO:0042846
GO:0051144 -[is_a]-> GO:0051143
GO:0051145 -[is_a]-> GO:0042692
GO:0051146 -[is_a]-> GO:0042692
GO:0051147 -[is_a]-> GO:0045595
GO:0051147 -[regulates]-> GO:0042692
GO:0051148 -[is_a]-> GO:0045596
GO:0051148 -[is_a]-> GO:0051147
GO:0051148 -[negatively_regulates]-> GO:0042692
GO:0051149 -[is_a]-> GO:0045597
GO:0051149 -[is_a]-> GO:0051147
GO:0051149 -[positively_regulates]-> GO:0042692
GO:0051150 -[is_a]-> GO:0051147
GO:0051150 -[regulates]-> GO:0051145
GO:0051151 -[is_a]-> GO:0051148
GO:0051151 -[is_a]-> GO:0051150
GO:0051151 -[negatively_regulates]-> GO:0051145
GO:0051152 -[is_a]-> GO:0051149
GO:0051152 -[is_a]-> GO:0051150
GO:0051152 -[positively_regulates]-> GO:0051145
GO:0051153 -[is_a]-> GO:0051147
GO:0051153 -[regulates]-> GO:0051146
GO:0051154 -[is_a]-> GO:0051148
GO:0051154 -[is_a]-> GO:0051153
GO:0051154 -[negatively_regulates]-> GO:0051146
GO:0051155 -[is_a]-> GO:0051149
GO:0051155 -[is_a]-> GO:0051153
GO:0051155 -[positively_regulates]-> GO:0051146
GO:0051156 -[is_a]-> GO:0006796
GO:0051156 -[is_a]-> GO:0019637
GO:0051156 -[is_a]-> GO:1901135
GO:0051157 -[is_a]-> GO:0019527
GO:0051157 -[is_a]-> GO:0051161
GO:0051158 -[is_a]-> GO:0051157
GO:0051158 -[is_a]-> GO:0051162
GO:0051159 -[is_a]-> GO:0051157
GO:0051159 -[is_a]-> GO:0051163
GO:0051160 -[is_a]-> GO:0019527
GO:0051160 -[is_a]-> GO:0051164
GO:0051161 -[is_a]-> GO:0019519
GO:0051162 -[is_a]-> GO:0051161
GO:0051163 -[is_a]-> GO:0051161
GO:0051164 -[is_a]-> GO:0019519
GO:0051165 -[is_a]-> GO:0006725
GO:0051165 -[is_a]-> GO:0072524
GO:0051165 -[is_a]-> GO:1901615
GO:0051166 -[is_a]-> GO:0019439
GO:0051166 -[is_a]-> GO:0051165
GO:0051166 -[is_a]-> GO:0072526
GO:0051166 -[is_a]-> GO:1901616
GO:0051167 -[is_a]-> GO:0006796
GO:0051167 -[is_a]-> GO:0019637
GO:0051167 -[is_a]-> GO:1901135
GO:0051168 -[is_a]-> GO:0006913
GO:0051169 -[is_a]-> GO:0046907
GO:0051170 -[is_a]-> GO:0006913
GO:0051171 -[is_a]-> GO:0019222
GO:0051171 -[regulates]-> GO:0006807
GO:0051172 -[is_a]-> GO:0009892
GO:0051172 -[is_a]-> GO:0051171
GO:0051172 -[negatively_regulates]-> GO:0006807
GO:0051173 -[is_a]-> GO:0009893
GO:0051173 -[is_a]-> GO:0051171
GO:0051173 -[positively_regulates]-> GO:0006807
GO:0051174 -[is_a]-> GO:0031323
GO:0051174 -[regulates]-> GO:0006793
GO:0051175 -[is_a]-> GO:0031324
GO:0051175 -[is_a]-> GO:0042762
GO:0051175 -[negatively_regulates]-> GO:0006790
GO:0051176 -[is_a]-> GO:0031325
GO:0051176 -[is_a]-> GO:0042762
GO:0051176 -[positively_regulates]-> GO:0006790
GO:0051177 -[is_a]-> GO:0007062
GO:0051177 -[is_a]-> GO:0070192
GO:0051177 -[part_of]-> GO:0045144
GO:0051178 -[is_a]-> GO:0051312
GO:0051178 -[is_a]-> GO:0070192
GO:0051178 -[part_of]-> GO:0045132
GO:0051178 -[part_of]-> GO:0051321
GO:0051179 -[is_a]-> GO:0008150
GO:0051180 -[is_a]-> GO:0044765
GO:0051181 -[is_a]-> GO:0044765
GO:0051182 -[is_a]-> GO:0051181
GO:0051183 -[is_a]-> GO:0005215
GO:0051183 -[part_of]-> GO:0051180
GO:0051184 -[is_a]-> GO:0005215
GO:0051184 -[part_of]-> GO:0051181
GO:0051185 -[is_a]-> GO:0051184
GO:0051185 -[part_of]-> GO:0051182
GO:0051186 -[is_a]-> GO:0044237
GO:0051187 -[is_a]-> GO:0044248
GO:0051187 -[is_a]-> GO:0051186
GO:0051188 -[is_a]-> GO:0044249
GO:0051188 -[is_a]-> GO:0051186
GO:0051189 -[is_a]-> GO:0051186
GO:0051189 -[part_of]-> GO:0044267
GO:0051190 -[is_a]-> GO:0051187
GO:0051190 -[is_a]-> GO:0051189
GO:0051190 -[part_of]-> GO:0044257
GO:0051191 -[is_a]-> GO:0051188
GO:0051191 -[is_a]-> GO:0051189
GO:0051191 -[part_of]-> GO:0009059
GO:0051192 -[is_a]-> GO:0048037
GO:0051193 -[is_a]-> GO:0031323
GO:0051193 -[regulates]-> GO:0051186
GO:0051194 -[is_a]-> GO:0031325
GO:0051194 -[is_a]-> GO:0051193
GO:0051194 -[positively_regulates]-> GO:0051186
GO:0051195 -[is_a]-> GO:0031324
GO:0051195 -[is_a]-> GO:0051193
GO:0051195 -[negatively_regulates]-> GO:0051186
GO:0051196 -[is_a]-> GO:0051193
GO:0051196 -[regulates]-> GO:0006732
GO:0051197 -[is_a]-> GO:0051194
GO:0051197 -[is_a]-> GO:0051196
GO:0051197 -[positively_regulates]-> GO:0006732
GO:0051198 -[is_a]-> GO:0051195
GO:0051198 -[is_a]-> GO:0051196
GO:0051198 -[negatively_regulates]-> GO:0006732
GO:0051199 -[is_a]-> GO:0032268
GO:0051199 -[is_a]-> GO:0051193
GO:0051199 -[regulates]-> GO:0051189
GO:0051200 -[is_a]-> GO:0032270
GO:0051200 -[is_a]-> GO:0051194
GO:0051200 -[is_a]-> GO:0051199
GO:0051200 -[positively_regulates]-> GO:0051189
GO:0051201 -[is_a]-> GO:0032269
GO:0051201 -[is_a]-> GO:0051195
GO:0051201 -[is_a]-> GO:0051199
GO:0051201 -[negatively_regulates]-> GO:0051189
GO:0051202 -[is_a]-> GO:0033013
GO:0051202 -[is_a]-> GO:0051186
GO:0051203 -[is_a]-> GO:0018197
GO:0051204 -[is_a]-> GO:0007006
GO:0051204 -[is_a]-> GO:0051205
GO:0051204 -[is_a]-> GO:0051649
GO:0051204 -[is_a]-> GO:0072655
GO:0051204 -[is_a]-> GO:1902578
GO:0051204 -[part_of]-> GO:0070585
GO:0051205 -[is_a]-> GO:0090150
GO:0051205 -[part_of]-> GO:0034613
GO:0051205 -[part_of]-> GO:0044802
GO:0051206 -[is_a]-> GO:0043436
GO:0051208 -[is_a]-> GO:0051238
GO:0051208 -[part_of]-> GO:0006874
GO:0051209 -[is_a]-> GO:0051283
GO:0051209 -[is_a]-> GO:0097553
GO:0051210 -[is_a]-> GO:0016049
GO:0051211 -[is_a]-> GO:0016049
GO:0051212 -[is_a]-> GO:0046914
GO:0051213 -[is_a]-> GO:0016491
GO:0051214 -[is_a]-> GO:0009616
GO:0051215 -[is_a]-> GO:0009616
GO:0051216 -[is_a]-> GO:0048513
GO:0051216 -[part_of]-> GO:0001501
GO:0051216 -[part_of]-> GO:0061448
GO:0051217 -[is_a]-> GO:0018197
GO:0051217 -[is_a]-> GO:0018315
GO:0051218 -[is_a]-> GO:0042042
GO:0051218 -[is_a]-> GO:0050844
GO:0051219 -[is_a]-> GO:0005515
GO:0051220 -[is_a]-> GO:0032507
GO:0051220 -[occurs_in]-> GO:0005737
GO:0051221 -[is_a]-> GO:0018282
GO:0051222 -[is_a]-> GO:0051050
GO:0051222 -[is_a]-> GO:0051223
GO:0051222 -[is_a]-> GO:1904951
GO:0051222 -[positively_regulates]-> GO:0015031
GO:0051223 -[is_a]-> GO:0051049
GO:0051223 -[is_a]-> GO:0070201
GO:0051223 -[regulates]-> GO:0015031
GO:0051224 -[is_a]-> GO:0051051
GO:0051224 -[is_a]-> GO:0051223
GO:0051224 -[is_a]-> GO:1904950
GO:0051224 -[negatively_regulates]-> GO:0015031
GO:0051225 -[is_a]-> GO:0007051
GO:0051225 -[is_a]-> GO:0070925
GO:0051228 -[is_a]-> GO:0051230
GO:0051228 -[is_a]-> GO:1903047
GO:0051228 -[part_of]-> GO:0000278
GO:0051229 -[is_a]-> GO:0044702
GO:0051229 -[is_a]-> GO:0051230
GO:0051229 -[is_a]-> GO:1903046
GO:0051229 -[part_of]-> GO:0051321
GO:0051230 -[is_a]-> GO:0007051
GO:0051230 -[is_a]-> GO:1903008
GO:0051231 -[is_a]-> GO:0007017
GO:0051231 -[is_a]-> GO:0022402
GO:0051231 -[part_of]-> GO:0007051
GO:0051231 -[part_of]-> GO:0098813
GO:0051232 -[is_a]-> GO:0044702
GO:0051232 -[is_a]-> GO:0051231
GO:0051232 -[is_a]-> GO:1903046
GO:0051232 -[part_of]-> GO:0000212
GO:0051232 -[part_of]-> GO:0045132
GO:0051232 -[part_of]-> GO:0051321
GO:0051233 -[is_a]-> GO:0044430
GO:0051233 -[part_of]-> GO:0005819
GO:0051234 -[is_a]-> GO:0051179
GO:0051235 -[is_a]-> GO:0051179
GO:0051235 -[is_a]-> GO:0065008
GO:0051236 -[is_a]-> GO:0051234
GO:0051236 -[part_of]-> GO:0006403
GO:0051237 -[is_a]-> GO:0051235
GO:0051237 -[part_of]-> GO:0006403
GO:0051238 -[is_a]-> GO:0051235
GO:0051239 -[is_a]-> GO:0050789
GO:0051239 -[regulates]-> GO:0032501
GO:0051240 -[is_a]-> GO:0048518
GO:0051240 -[is_a]-> GO:0051239
GO:0051240 -[positively_regulates]-> GO:0032501
GO:0051240 -[positively_regulates]-> GO:0044707
GO:0051241 -[is_a]-> GO:0048519
GO:0051241 -[is_a]-> GO:0051239
GO:0051241 -[negatively_regulates]-> GO:0032501
GO:0051241 -[negatively_regulates]-> GO:0044707
GO:0051245 -[is_a]-> GO:0010185
GO:0051245 -[is_a]-> GO:0031348
GO:0051245 -[negatively_regulates]-> GO:0006968
GO:0051246 -[is_a]-> GO:0060255
GO:0051246 -[is_a]-> GO:0080090
GO:0051246 -[regulates]-> GO:0019538
GO:0051247 -[is_a]-> GO:0010604
GO:0051247 -[is_a]-> GO:0051246
GO:0051247 -[positively_regulates]-> GO:0019538
GO:0051248 -[is_a]-> GO:0010605
GO:0051248 -[is_a]-> GO:0051246
GO:0051248 -[negatively_regulates]-> GO:0019538
GO:0051249 -[is_a]-> GO:0002694
GO:0051249 -[regulates]-> GO:0046649
GO:0051250 -[is_a]-> GO:0002695
GO:0051250 -[is_a]-> GO:0051249
GO:0051250 -[negatively_regulates]-> GO:0046649
GO:0051251 -[is_a]-> GO:0002696
GO:0051251 -[is_a]-> GO:0051249
GO:0051251 -[positively_regulates]-> GO:0046649
GO:0051252 -[is_a]-> GO:0019219
GO:0051252 -[is_a]-> GO:0060255
GO:0051252 -[regulates]-> GO:0016070
GO:0051253 -[is_a]-> GO:0010605
GO:0051253 -[is_a]-> GO:0045934
GO:0051253 -[is_a]-> GO:0051252
GO:0051253 -[negatively_regulates]-> GO:0016070
GO:0051254 -[is_a]-> GO:0010604
GO:0051254 -[is_a]-> GO:0045935
GO:0051254 -[is_a]-> GO:0051252
GO:0051254 -[positively_regulates]-> GO:0016070
GO:0051255 -[is_a]-> GO:0007017
GO:0051255 -[is_a]-> GO:0022402
GO:0051255 -[is_a]-> GO:0022607
GO:0051255 -[part_of]-> GO:0051225
GO:0051256 -[is_a]-> GO:0051255
GO:0051256 -[is_a]-> GO:1903047
GO:0051256 -[part_of]-> GO:0000022
GO:0051256 -[part_of]-> GO:0007067
GO:0051256 -[part_of]-> GO:0090307
GO:0051257 -[is_a]-> GO:0044702
GO:0051257 -[is_a]-> GO:0051255
GO:0051257 -[is_a]-> GO:1903046
GO:0051257 -[part_of]-> GO:0007126
GO:0051258 -[is_a]-> GO:0043623
GO:0051259 -[is_a]-> GO:0006461
GO:0051260 -[is_a]-> GO:0051259
GO:0051261 -[is_a]-> GO:0043624
GO:0051262 -[is_a]-> GO:0051259
GO:0051263 -[is_a]-> GO:0018209
GO:0051263 -[is_a]-> GO:0018350
GO:0051264 -[is_a]-> GO:0016411
GO:0051265 -[is_a]-> GO:0016411
GO:0051266 -[is_a]-> GO:0004325
GO:0051267 -[is_a]-> GO:0051377
GO:0051268 -[is_a]-> GO:0016903
GO:0051269 -[is_a]-> GO:0016903
GO:0051270 -[is_a]-> GO:0032879
GO:0051270 -[is_a]-> GO:0050794
GO:0051270 -[regulates]-> GO:0006928
GO:0051271 -[is_a]-> GO:0048523
GO:0051271 -[is_a]-> GO:0051270
GO:0051271 -[negatively_regulates]-> GO:0006928
GO:0051272 -[is_a]-> GO:0048522
GO:0051272 -[is_a]-> GO:0051270
GO:0051272 -[positively_regulates]-> GO:0006928
GO:0051273 -[is_a]-> GO:0006073
GO:0051274 -[is_a]-> GO:0009250
GO:0051274 -[is_a]-> GO:0051273
GO:0051275 -[is_a]-> GO:0009251
GO:0051275 -[is_a]-> GO:0044247
GO:0051275 -[is_a]-> GO:0051273
GO:0051276 -[is_a]-> GO:0006996
GO:0051278 -[is_a]-> GO:0070592
GO:0051278 -[is_a]-> GO:0071966
GO:0051278 -[part_of]-> GO:0009272
GO:0051279 -[is_a]-> GO:0010522
GO:0051279 -[is_a]-> GO:0051282
GO:0051279 -[is_a]-> GO:0090279
GO:0051279 -[is_a]-> GO:1903169
GO:0051279 -[regulates]-> GO:0051209
GO:0051280 -[is_a]-> GO:0010523
GO:0051280 -[is_a]-> GO:0051279
GO:0051280 -[is_a]-> GO:0051284
GO:0051280 -[is_a]-> GO:0090281
GO:0051280 -[is_a]-> GO:1903170
GO:0051280 -[negatively_regulates]-> GO:0051209
GO:0051281 -[is_a]-> GO:0010524
GO:0051281 -[is_a]-> GO:0051279
GO:0051281 -[is_a]-> GO:0090280
GO:0051281 -[is_a]-> GO:1904427
GO:0051281 -[positively_regulates]-> GO:0051209
GO:0051282 -[is_a]-> GO:0032879
GO:0051282 -[is_a]-> GO:0050794
GO:0051282 -[is_a]-> GO:2000021
GO:0051282 -[regulates]-> GO:0051208
GO:0051283 -[is_a]-> GO:0032845
GO:0051283 -[is_a]-> GO:0048523
GO:0051283 -[is_a]-> GO:0051282
GO:0051283 -[negatively_regulates]-> GO:0051208
GO:0051284 -[is_a]-> GO:0032846
GO:0051284 -[is_a]-> GO:0048522
GO:0051284 -[is_a]-> GO:0051282
GO:0051284 -[positively_regulates]-> GO:0051208
GO:0051285 -[is_a]-> GO:0099738
GO:0051285 -[part_of]-> GO:0051286
GO:0051286 -[is_a]-> GO:0044464
GO:0051287 -[is_a]-> GO:0000166
GO:0051287 -[is_a]-> GO:0050662
GO:0051289 -[is_a]-> GO:0051260
GO:0051289 -[is_a]-> GO:0051262
GO:0051290 -[is_a]-> GO:0051262
GO:0051290 -[is_a]-> GO:0051291
GO:0051291 -[is_a]-> GO:0051259
GO:0051292 -[is_a]-> GO:0006999
GO:0051292 -[is_a]-> GO:0043623
GO:0051292 -[is_a]-> GO:0046931
GO:0051293 -[is_a]-> GO:0000226
GO:0051293 -[is_a]-> GO:0051649
GO:0051293 -[is_a]-> GO:0051653
GO:0051293 -[is_a]-> GO:0051656
GO:0051293 -[is_a]-> GO:1902580
GO:0051294 -[is_a]-> GO:0051293
GO:0051294 -[part_of]-> GO:0030010
GO:0051295 -[is_a]-> GO:0044702
GO:0051295 -[is_a]-> GO:0051293
GO:0051295 -[is_a]-> GO:1903046
GO:0051295 -[part_of]-> GO:0051321
GO:0051296 -[is_a]-> GO:0051294
GO:0051296 -[is_a]-> GO:0051295
GO:0051296 -[part_of]-> GO:0051321
GO:0051297 -[is_a]-> GO:0031023
GO:0051298 -[is_a]-> GO:0022402
GO:0051298 -[is_a]-> GO:0051297
GO:0051298 -[part_of]-> GO:0007098
GO:0051299 -[is_a]-> GO:0022402
GO:0051299 -[is_a]-> GO:0051297
GO:0051299 -[part_of]-> GO:0007098
GO:0051300 -[is_a]-> GO:0022402
GO:0051300 -[is_a]-> GO:0031023
GO:0051301 -[is_a]-> GO:0044763
GO:0051302 -[is_a]-> GO:0050794
GO:0051302 -[regulates]-> GO:0051301
GO:0051303 -[is_a]-> GO:0050000
GO:0051303 -[is_a]-> GO:0051649
GO:0051303 -[is_a]-> GO:0051656
GO:0051304 -[is_a]-> GO:0022402
GO:0051304 -[part_of]-> GO:0007059
GO:0051305 -[is_a]-> GO:0007018
GO:0051305 -[is_a]-> GO:0022402
GO:0051305 -[is_a]-> GO:0051303
GO:0051305 -[is_a]-> GO:1902580
GO:0051305 -[part_of]-> GO:0098813
GO:0051306 -[is_a]-> GO:0051304
GO:0051306 -[is_a]-> GO:1903047
GO:0051306 -[part_of]-> GO:0000070
GO:0051307 -[is_a]-> GO:0051304
GO:0051307 -[is_a]-> GO:1903046
GO:0051307 -[part_of]-> GO:0045132
GO:0051307 -[part_of]-> GO:0051321
GO:0051308 -[is_a]-> GO:0007060
GO:0051308 -[is_a]-> GO:0051307
GO:0051308 -[part_of]-> GO:0007140
GO:0051309 -[is_a]-> GO:0016321
GO:0051309 -[is_a]-> GO:0051307
GO:0051309 -[part_of]-> GO:0007143
GO:0051310 -[is_a]-> GO:0051303
GO:0051310 -[part_of]-> GO:0098813
GO:0051311 -[is_a]-> GO:0051310
GO:0051311 -[is_a]-> GO:1903046
GO:0051311 -[part_of]-> GO:0045132
GO:0051311 -[part_of]-> GO:0051321
GO:0051312 -[is_a]-> GO:0051276
GO:0051315 -[is_a]-> GO:0008608
GO:0051315 -[is_a]-> GO:1903047
GO:0051315 -[part_of]-> GO:0007080
GO:0051316 -[is_a]-> GO:0008608
GO:0051316 -[is_a]-> GO:1903046
GO:0051316 -[part_of]-> GO:0045132
GO:0051318 -[is_a]-> GO:0022403
GO:0051318 -[part_of]-> GO:0051325
GO:0051319 -[is_a]-> GO:0022403
GO:0051319 -[part_of]-> GO:0051325
GO:0051320 -[is_a]-> GO:0022403
GO:0051320 -[part_of]-> GO:0051325
GO:0051321 -[is_a]-> GO:0007049
GO:0051321 -[is_a]-> GO:0044702
GO:0051321 -[has_part]-> GO:0007126
GO:0051321 -[part_of]-> GO:0000003
GO:0051322 -[is_a]-> GO:0022403
GO:0051323 -[is_a]-> GO:0022403
GO:0051323 -[part_of]-> GO:0000279
GO:0051324 -[is_a]-> GO:0022403
GO:0051324 -[part_of]-> GO:0000279
GO:0051325 -[is_a]-> GO:0022403
GO:0051326 -[is_a]-> GO:0022403
GO:0051326 -[part_of]-> GO:0000279
GO:0051327 -[is_a]-> GO:0000279
GO:0051327 -[is_a]-> GO:0098762
GO:0051327 -[happens_during]-> GO:0051321
GO:0051328 -[is_a]-> GO:0051325
GO:0051328 -[is_a]-> GO:0098762
GO:0051328 -[happens_during]-> GO:0051321
GO:0051329 -[is_a]-> GO:0051325
GO:0051329 -[is_a]-> GO:0098763
GO:0051329 -[happens_during]-> GO:0000278
GO:0051330 -[is_a]-> GO:0051318
GO:0051330 -[part_of]-> GO:0051328
GO:0051331 -[is_a]-> GO:0051319
GO:0051331 -[part_of]-> GO:0051328
GO:0051332 -[is_a]-> GO:0051320
GO:0051332 -[part_of]-> GO:0051328
GO:0051333 -[is_a]-> GO:0031468
GO:0051333 -[is_a]-> GO:0044702
GO:0051333 -[is_a]-> GO:1903046
GO:0051333 -[part_of]-> GO:0051321
GO:0051334 -[is_a]-> GO:0051333
GO:0051334 -[part_of]-> GO:0007127
GO:0051335 -[is_a]-> GO:0051333
GO:0051335 -[part_of]-> GO:0007135
GO:0051336 -[is_a]-> GO:0050790
GO:0051336 -[regulates]-> GO:0016787
GO:0051337 -[is_a]-> GO:0000280
GO:0051338 -[is_a]-> GO:0050790
GO:0051338 -[regulates]-> GO:0016740
GO:0051339 -[is_a]-> GO:0050790
GO:0051339 -[regulates]-> GO:0016829
GO:0051340 -[is_a]-> GO:0050790
GO:0051340 -[regulates]-> GO:0016874
GO:0051341 -[is_a]-> GO:0019222
GO:0051341 -[is_a]-> GO:0050790
GO:0051341 -[regulates]-> GO:0016491
GO:0051342 -[is_a]-> GO:0051336
GO:0051342 -[regulates]-> GO:0004112
GO:0051343 -[is_a]-> GO:0051342
GO:0051343 -[is_a]-> GO:0051345
GO:0051343 -[positively_regulates]-> GO:0004112
GO:0051344 -[is_a]-> GO:0051342
GO:0051344 -[is_a]-> GO:0051346
GO:0051344 -[negatively_regulates]-> GO:0004112
GO:0051345 -[is_a]-> GO:0043085
GO:0051345 -[is_a]-> GO:0051336
GO:0051345 -[positively_regulates]-> GO:0016787
GO:0051346 -[is_a]-> GO:0043086
GO:0051346 -[is_a]-> GO:0051336
GO:0051346 -[negatively_regulates]-> GO:0016787
GO:0051347 -[is_a]-> GO:0043085
GO:0051347 -[is_a]-> GO:0051338
GO:0051347 -[positively_regulates]-> GO:0016740
GO:0051348 -[is_a]-> GO:0043086
GO:0051348 -[is_a]-> GO:0051338
GO:0051348 -[negatively_regulates]-> GO:0016740
GO:0051349 -[is_a]-> GO:0043085
GO:0051349 -[is_a]-> GO:0051339
GO:0051349 -[positively_regulates]-> GO:0016829
GO:0051350 -[is_a]-> GO:0043086
GO:0051350 -[is_a]-> GO:0051339
GO:0051350 -[negatively_regulates]-> GO:0016829
GO:0051351 -[is_a]-> GO:0043085
GO:0051351 -[is_a]-> GO:0051340
GO:0051351 -[positively_regulates]-> GO:0016874
GO:0051352 -[is_a]-> GO:0043086
GO:0051352 -[is_a]-> GO:0051340
GO:0051352 -[negatively_regulates]-> GO:0016874
GO:0051353 -[is_a]-> GO:0009893
GO:0051353 -[is_a]-> GO:0043085
GO:0051353 -[is_a]-> GO:0051341
GO:0051353 -[positively_regulates]-> GO:0016491
GO:0051354 -[is_a]-> GO:0009892
GO:0051354 -[is_a]-> GO:0043086
GO:0051354 -[is_a]-> GO:0051341
GO:0051354 -[negatively_regulates]-> GO:0016491
GO:0051355 -[is_a]-> GO:0019230
GO:0051355 -[part_of]-> GO:0050957
GO:0051356 -[is_a]-> GO:0007601
GO:0051356 -[part_of]-> GO:0050957
GO:0051357 -[is_a]-> GO:0018149
GO:0051357 -[is_a]-> GO:0018206
GO:0051357 -[is_a]-> GO:0018212
GO:0051357 -[is_a]-> GO:0018298
GO:0051358 -[is_a]-> GO:0018149
GO:0051358 -[is_a]-> GO:0018200
GO:0051358 -[is_a]-> GO:0018201
GO:0051358 -[is_a]-> GO:0018298
GO:0051359 -[is_a]-> GO:0018149
GO:0051359 -[is_a]-> GO:0018201
GO:0051359 -[is_a]-> GO:0018206
GO:0051359 -[is_a]-> GO:0018298
GO:0051360 -[is_a]-> GO:0018196
GO:0051360 -[is_a]-> GO:0018253
GO:0051360 -[is_a]-> GO:0018298
GO:0051361 -[is_a]-> GO:0018205
GO:0051361 -[is_a]-> GO:0018253
GO:0051361 -[is_a]-> GO:0018298
GO:0051362 -[is_a]-> GO:0018205
GO:0051362 -[is_a]-> GO:0018253
GO:0051362 -[is_a]-> GO:0018298
GO:0051363 -[is_a]-> GO:0018104
GO:0051363 -[is_a]-> GO:0018194
GO:0051364 -[is_a]-> GO:0018004
GO:0051364 -[is_a]-> GO:0018208
GO:0051365 -[is_a]-> GO:0009267
GO:0051366 -[is_a]-> GO:0006497
GO:0051366 -[is_a]-> GO:0043543
GO:0051367 -[is_a]-> GO:0018209
GO:0051367 -[is_a]-> GO:0051366
GO:0051368 -[is_a]-> GO:0018190
GO:0051368 -[is_a]-> GO:0018210
GO:0051369 -[is_a]-> GO:0018210
GO:0051369 -[is_a]-> GO:0051366
GO:0051371 -[is_a]-> GO:0051393
GO:0051373 -[is_a]-> GO:0008092
GO:0051377 -[is_a]-> GO:0016780
GO:0051378 -[is_a]-> GO:0043176
GO:0051378 -[is_a]-> GO:0097159
GO:0051378 -[is_a]-> GO:1901363
GO:0051379 -[is_a]-> GO:1901338
GO:0051380 -[is_a]-> GO:1901338
GO:0051381 -[is_a]-> GO:0097159
GO:0051381 -[is_a]-> GO:1901363
GO:0051382 -[is_a]-> GO:0043623
GO:0051382 -[is_a]-> GO:0051383
GO:0051382 -[is_a]-> GO:0070925
GO:0051382 -[part_of]-> GO:0034508
GO:0051383 -[is_a]-> GO:0051276
GO:0051383 -[is_a]-> GO:0071822
GO:0051384 -[is_a]-> GO:0031960
GO:0051385 -[is_a]-> GO:0031960
GO:0051386 -[is_a]-> GO:0009966
GO:0051386 -[is_a]-> GO:0090287
GO:0051386 -[regulates]-> GO:0048011
GO:0051387 -[is_a]-> GO:0009968
GO:0051387 -[is_a]-> GO:0051386
GO:0051387 -[is_a]-> GO:0090288
GO:0051387 -[negatively_regulates]-> GO:0048011
GO:0051388 -[is_a]-> GO:0009967
GO:0051388 -[is_a]-> GO:0051386
GO:0051388 -[positively_regulates]-> GO:0048011
GO:0051389 -[is_a]-> GO:0006469
GO:0051389 -[is_a]-> GO:0043405
GO:0051389 -[is_a]-> GO:0043409
GO:0051389 -[negatively_regulates]-> GO:0004708
GO:0051390 -[is_a]-> GO:0043405
GO:0051390 -[is_a]-> GO:0043409
GO:0051390 -[is_a]-> GO:0071901
GO:0051390 -[negatively_regulates]-> GO:0004709
GO:0051391 -[is_a]-> GO:0006400
GO:0051391 -[is_a]-> GO:1990884
GO:0051392 -[is_a]-> GO:0008080
GO:0051393 -[is_a]-> GO:0042805
GO:0051394 -[is_a]-> GO:0010469
GO:0051394 -[is_a]-> GO:0090287
GO:0051394 -[regulates]-> GO:0010465
GO:0051395 -[is_a]-> GO:0009968
GO:0051395 -[is_a]-> GO:0051394
GO:0051395 -[is_a]-> GO:0090288
GO:0051395 -[is_a]-> GO:2000272
GO:0051395 -[negatively_regulates]-> GO:0010465
GO:0051396 -[is_a]-> GO:0009967
GO:0051396 -[is_a]-> GO:0051394
GO:0051396 -[is_a]-> GO:2000273
GO:0051396 -[positively_regulates]-> GO:0010465
GO:0051400 -[is_a]-> GO:0019904
GO:0051401 -[is_a]-> GO:0019904
GO:0051402 -[is_a]-> GO:0006915
GO:0051402 -[is_a]-> GO:0070997
GO:0051403 -[is_a]-> GO:0000165
GO:0051403 -[is_a]-> GO:0031098
GO:0051407 -[is_a]-> GO:0005315
GO:0051407 -[is_a]-> GO:0015315
GO:0051407 -[is_a]-> GO:0015605
GO:0051407 -[is_a]-> GO:1901505
GO:0051408 -[is_a]-> GO:0005315
GO:0051408 -[is_a]-> GO:0015315
GO:0051408 -[is_a]-> GO:0015605
GO:0051408 -[is_a]-> GO:1901505
GO:0051409 -[is_a]-> GO:0006950
GO:0051410 -[is_a]-> GO:0098754
GO:0051410 -[part_of]-> GO:1901698
GO:0051412 -[is_a]-> GO:0051384
GO:0051412 -[is_a]-> GO:0051385
GO:0051412 -[is_a]-> GO:1901654
GO:0051413 -[is_a]-> GO:0051384
GO:0051413 -[is_a]-> GO:1901654
GO:0051414 -[is_a]-> GO:0051384
GO:0051414 -[is_a]-> GO:1901654
GO:0051415 -[is_a]-> GO:0051418
GO:0051417 -[is_a]-> GO:0051418
GO:0051418 -[is_a]-> GO:0007020
GO:0051421 -[is_a]-> GO:0051336
GO:0051421 -[regulates]-> GO:0031176
GO:0051422 -[is_a]-> GO:0051346
GO:0051422 -[is_a]-> GO:0051421
GO:0051422 -[negatively_regulates]-> GO:0031176
GO:0051423 -[is_a]-> GO:0051345
GO:0051423 -[is_a]-> GO:0051421
GO:0051423 -[positively_regulates]-> GO:0031176
GO:0051424 -[is_a]-> GO:0017046
GO:0051425 -[is_a]-> GO:0019904
GO:0051427 -[is_a]-> GO:0005102
GO:0051428 -[is_a]-> GO:0051427
GO:0051429 -[is_a]-> GO:0051428
GO:0051429 -[is_a]-> GO:0071855
GO:0051430 -[is_a]-> GO:0051429
GO:0051431 -[is_a]-> GO:0051429
GO:0051432 -[is_a]-> GO:0051400
GO:0051433 -[is_a]-> GO:0051400
GO:0051434 -[is_a]-> GO:0051400
GO:0051434 -[is_a]-> GO:0070513
GO:0051435 -[is_a]-> GO:0051400
GO:0051436 -[is_a]-> GO:0051439
GO:0051436 -[is_a]-> GO:1904667
GO:0051436 -[part_of]-> GO:0000278
GO:0051437 -[is_a]-> GO:1904668
GO:0051437 -[is_a]-> GO:2000060
GO:0051437 -[part_of]-> GO:1901990
GO:0051438 -[is_a]-> GO:0031396
GO:0051438 -[is_a]-> GO:0051338
GO:0051438 -[regulates]-> GO:0004842
GO:0051439 -[is_a]-> GO:1903047
GO:0051439 -[is_a]-> GO:1904666
GO:0051439 -[part_of]-> GO:0000278
GO:0051440 -[is_a]-> GO:1903046
GO:0051440 -[is_a]-> GO:1904666
GO:0051440 -[part_of]-> GO:0051321
GO:0051441 -[is_a]-> GO:0051440
GO:0051441 -[is_a]-> GO:1904668
GO:0051441 -[part_of]-> GO:0051321
GO:0051442 -[is_a]-> GO:0051440
GO:0051442 -[is_a]-> GO:1904667
GO:0051442 -[part_of]-> GO:0051321
GO:0051443 -[is_a]-> GO:0031398
GO:0051443 -[is_a]-> GO:0051347
GO:0051443 -[is_a]-> GO:0051438
GO:0051443 -[positively_regulates]-> GO:0004842
GO:0051444 -[is_a]-> GO:0031397
GO:0051444 -[is_a]-> GO:0051348
GO:0051444 -[is_a]-> GO:0051438
GO:0051444 -[negatively_regulates]-> GO:0004842
GO:0051445 -[is_a]-> GO:0051726
GO:0051445 -[is_a]-> GO:2000241
GO:0051445 -[regulates]-> GO:0051321
GO:0051446 -[is_a]-> GO:0045787
GO:0051446 -[is_a]-> GO:0051445
GO:0051446 -[is_a]-> GO:2000243
GO:0051446 -[positively_regulates]-> GO:0051321
GO:0051447 -[is_a]-> GO:0045786
GO:0051447 -[is_a]-> GO:0051445
GO:0051447 -[is_a]-> GO:2000242
GO:0051447 -[negatively_regulates]-> GO:0051321
GO:0051448 -[is_a]-> GO:0017046
GO:0051449 -[is_a]-> GO:0017046
GO:0051450 -[is_a]-> GO:0008283
GO:0051451 -[is_a]-> GO:0014812
GO:0051452 -[is_a]-> GO:0045851
GO:0051452 -[is_a]-> GO:0051453
GO:0051453 -[is_a]-> GO:0030641
GO:0051454 -[is_a]-> GO:0045852
GO:0051454 -[is_a]-> GO:0051453
GO:0051455 -[is_a]-> GO:0051316
GO:0051455 -[part_of]-> GO:0045143
GO:0051456 -[is_a]-> GO:0051316
GO:0051456 -[part_of]-> GO:0045144
GO:0051457 -[is_a]-> GO:0072595
GO:0051457 -[occurs_in]-> GO:0005634
GO:0051457 -[part_of]-> GO:0034504
GO:0051458 -[is_a]-> GO:0030072
GO:0051458 -[is_a]-> GO:0060986
GO:0051459 -[is_a]-> GO:0044060
GO:0051459 -[is_a]-> GO:0090276
GO:0051459 -[regulates]-> GO:0051458
GO:0051460 -[is_a]-> GO:0051241
GO:0051460 -[is_a]-> GO:0051459
GO:0051460 -[is_a]-> GO:0090278
GO:0051460 -[negatively_regulates]-> GO:0051458
GO:0051461 -[is_a]-> GO:0051240
GO:0051461 -[is_a]-> GO:0051459
GO:0051461 -[is_a]-> GO:0090277
GO:0051461 -[positively_regulates]-> GO:0051458
GO:0051462 -[is_a]-> GO:2000849
GO:0051462 -[regulates]-> GO:0043400
GO:0051463 -[is_a]-> GO:0051462
GO:0051463 -[is_a]-> GO:2000850
GO:0051463 -[negatively_regulates]-> GO:0043400
GO:0051464 -[is_a]-> GO:0051462
GO:0051464 -[is_a]-> GO:2000851
GO:0051464 -[positively_regulates]-> GO:0043400
GO:0051465 -[is_a]-> GO:0043397
GO:0051465 -[is_a]-> GO:0090278
GO:0051465 -[negatively_regulates]-> GO:0043396
GO:0051466 -[is_a]-> GO:0043397
GO:0051466 -[is_a]-> GO:0090277
GO:0051466 -[positively_regulates]-> GO:0043396
GO:0051467 -[is_a]-> GO:0009720
GO:0051467 -[is_a]-> GO:0048545
GO:0051468 -[is_a]-> GO:0051384
GO:0051468 -[is_a]-> GO:0051467
GO:0051469 -[is_a]-> GO:0006906
GO:0051469 -[is_a]-> GO:0097576
GO:0051470 -[is_a]-> GO:0015849
GO:0051470 -[is_a]-> GO:0071705
GO:0051471 -[is_a]-> GO:0008028
GO:0051471 -[part_of]-> GO:0051470
GO:0051472 -[is_a]-> GO:0006073
GO:0051472 -[is_a]-> GO:0019400
GO:0051473 -[is_a]-> GO:0019401
GO:0051473 -[is_a]-> GO:0051472
GO:0051474 -[is_a]-> GO:0015144
GO:0051474 -[is_a]-> GO:0015166
GO:0051474 -[part_of]-> GO:0051475
GO:0051475 -[is_a]-> GO:0008643
GO:0051475 -[is_a]-> GO:0015791
GO:0051476 -[is_a]-> GO:0008643
GO:0051476 -[is_a]-> GO:0015849
GO:0051476 -[is_a]-> GO:1901656
GO:0051477 -[is_a]-> GO:0015144
GO:0051477 -[is_a]-> GO:0046943
GO:0051477 -[is_a]-> GO:1901505
GO:0051477 -[part_of]-> GO:0051476
GO:0051478 -[is_a]-> GO:0006082
GO:0051478 -[is_a]-> GO:0016137
GO:0051478 -[is_a]-> GO:0044262
GO:0051478 -[is_a]-> GO:0044723
GO:0051479 -[is_a]-> GO:0016053
GO:0051479 -[is_a]-> GO:0016138
GO:0051479 -[is_a]-> GO:0034637
GO:0051479 -[is_a]-> GO:0051478
GO:0051480 -[is_a]-> GO:0006874
GO:0051481 -[is_a]-> GO:0051480
GO:0051482 -[is_a]-> GO:0007204
GO:0051482 -[part_of]-> GO:0007200
GO:0051483 -[is_a]-> GO:0016114
GO:0051484 -[is_a]-> GO:0019288
GO:0051484 -[part_of]-> GO:0016114
GO:0051484 -[part_of]-> GO:0051483
GO:0051485 -[is_a]-> GO:0016114
GO:0051486 -[is_a]-> GO:0019287
GO:0051486 -[part_of]-> GO:0016114
GO:0051486 -[part_of]-> GO:0051485
GO:0051489 -[is_a]-> GO:0060491
GO:0051489 -[regulates]-> GO:0046847
GO:0051490 -[is_a]-> GO:0031345
GO:0051490 -[is_a]-> GO:0051489
GO:0051490 -[negatively_regulates]-> GO:0046847
GO:0051491 -[is_a]-> GO:0031346
GO:0051491 -[is_a]-> GO:0044089
GO:0051491 -[is_a]-> GO:0051489
GO:0051491 -[positively_regulates]-> GO:0046847
GO:0051492 -[is_a]-> GO:0032231
GO:0051492 -[regulates]-> GO:0043149
GO:0051493 -[is_a]-> GO:0033043
GO:0051493 -[regulates]-> GO:0007010
GO:0051494 -[is_a]-> GO:0010639
GO:0051494 -[is_a]-> GO:0051493
GO:0051494 -[negatively_regulates]-> GO:0007010
GO:0051495 -[is_a]-> GO:0010638
GO:0051495 -[is_a]-> GO:0051493
GO:0051495 -[positively_regulates]-> GO:0007010
GO:0051496 -[is_a]-> GO:0032233
GO:0051496 -[is_a]-> GO:0051492
GO:0051496 -[positively_regulates]-> GO:0043149
GO:0051497 -[is_a]-> GO:0032232
GO:0051497 -[is_a]-> GO:0051492
GO:0051497 -[negatively_regulates]-> GO:0043149
GO:0051498 -[is_a]-> GO:0016872
GO:0051499 -[is_a]-> GO:0052689
GO:0051500 -[is_a]-> GO:0051499
GO:0051501 -[is_a]-> GO:0016101
GO:0051501 -[is_a]-> GO:0052314
GO:0051502 -[is_a]-> GO:0016102
GO:0051502 -[is_a]-> GO:0051501
GO:0051502 -[is_a]-> GO:0052315
GO:0051503 -[is_a]-> GO:0015865
GO:0051504 -[is_a]-> GO:0046246
GO:0051504 -[part_of]-> GO:0051502
GO:0051505 -[is_a]-> GO:0016906
GO:0051506 -[is_a]-> GO:0016906
GO:0051507 -[is_a]-> GO:0016906
GO:0051508 -[is_a]-> GO:0016906
GO:0051509 -[is_a]-> GO:0016906
GO:0051510 -[is_a]-> GO:0001558
GO:0051510 -[is_a]-> GO:0022604
GO:0051510 -[is_a]-> GO:0048638
GO:0051510 -[regulates]-> GO:0009826
GO:0051511 -[is_a]-> GO:0030308
GO:0051511 -[is_a]-> GO:0048640
GO:0051511 -[is_a]-> GO:0051129
GO:0051511 -[is_a]-> GO:0051510
GO:0051511 -[negatively_regulates]-> GO:0009826
GO:0051512 -[is_a]-> GO:0030307
GO:0051512 -[is_a]-> GO:0048639
GO:0051512 -[is_a]-> GO:0051130
GO:0051512 -[is_a]-> GO:0051510
GO:0051512 -[positively_regulates]-> GO:0009826
GO:0051513 -[is_a]-> GO:0051510
GO:0051513 -[regulates]-> GO:0042814
GO:0051514 -[is_a]-> GO:0051511
GO:0051514 -[is_a]-> GO:0051513
GO:0051514 -[negatively_regulates]-> GO:0042814
GO:0051515 -[is_a]-> GO:0051512
GO:0051515 -[is_a]-> GO:0051513
GO:0051515 -[positively_regulates]-> GO:0042814
GO:0051516 -[is_a]-> GO:0051510
GO:0051516 -[regulates]-> GO:0042815
GO:0051517 -[is_a]-> GO:0051511
GO:0051517 -[is_a]-> GO:0051516
GO:0051517 -[negatively_regulates]-> GO:0042815
GO:0051518 -[is_a]-> GO:0051512
GO:0051518 -[is_a]-> GO:0051516
GO:0051518 -[positively_regulates]-> GO:0042815
GO:0051519 -[is_a]-> GO:0051518
GO:0051520 -[is_a]-> GO:0051517
GO:0051521 -[is_a]-> GO:0051514
GO:0051522 -[is_a]-> GO:0051515
GO:0051523 -[is_a]-> GO:0061171
GO:0051523 -[is_a]-> GO:0061389
GO:0051524 -[is_a]-> GO:0061162
GO:0051524 -[is_a]-> GO:0061389
GO:0051525 -[is_a]-> GO:0008134
GO:0051531 -[is_a]-> GO:0042991
GO:0051532 -[is_a]-> GO:0042990
GO:0051532 -[regulates]-> GO:0051531
GO:0051533 -[is_a]-> GO:0042993
GO:0051533 -[is_a]-> GO:0051532
GO:0051533 -[positively_regulates]-> GO:0051531
GO:0051534 -[is_a]-> GO:0042992
GO:0051534 -[is_a]-> GO:0051532
GO:0051534 -[negatively_regulates]-> GO:0051531
GO:0051536 -[is_a]-> GO:0051540
GO:0051537 -[is_a]-> GO:0051536
GO:0051538 -[is_a]-> GO:0051536
GO:0051539 -[is_a]-> GO:0051536
GO:0051540 -[is_a]-> GO:0005488
GO:0051541 -[is_a]-> GO:0009100
GO:0051542 -[is_a]-> GO:0009101
GO:0051542 -[is_a]-> GO:0051541
GO:0051543 -[is_a]-> GO:0010559
GO:0051543 -[regulates]-> GO:0051542
GO:0051544 -[is_a]-> GO:0010560
GO:0051544 -[is_a]-> GO:0051543
GO:0051544 -[positively_regulates]-> GO:0051542
GO:0051545 -[is_a]-> GO:0010561
GO:0051545 -[is_a]-> GO:0051543
GO:0051545 -[negatively_regulates]-> GO:0051542
GO:0051546 -[is_a]-> GO:0010631
GO:0051547 -[is_a]-> GO:0010632
GO:0051547 -[regulates]-> GO:0051546
GO:0051548 -[is_a]-> GO:0010633
GO:0051548 -[is_a]-> GO:0051547
GO:0051548 -[negatively_regulates]-> GO:0051546
GO:0051549 -[is_a]-> GO:0010634
GO:0051549 -[is_a]-> GO:0051547
GO:0051549 -[positively_regulates]-> GO:0051546
GO:0051550 -[is_a]-> GO:0009812
GO:0051550 -[is_a]-> GO:0042180
GO:0051550 -[is_a]-> GO:0042440
GO:0051550 -[is_a]-> GO:0046483
GO:0051550 -[is_a]-> GO:1901360
GO:0051551 -[is_a]-> GO:0009813
GO:0051551 -[is_a]-> GO:0018130
GO:0051551 -[is_a]-> GO:0042181
GO:0051551 -[is_a]-> GO:0046148
GO:0051551 -[is_a]-> GO:0051550
GO:0051551 -[is_a]-> GO:1901362
GO:0051552 -[is_a]-> GO:0009812
GO:0051552 -[is_a]-> GO:0042440
GO:0051553 -[is_a]-> GO:0009813
GO:0051553 -[is_a]-> GO:0044711
GO:0051553 -[is_a]-> GO:0046148
GO:0051553 -[is_a]-> GO:0051552
GO:0051554 -[is_a]-> GO:0051552
GO:0051554 -[is_a]-> GO:1901615
GO:0051555 -[is_a]-> GO:0051553
GO:0051555 -[is_a]-> GO:0051554
GO:0051555 -[is_a]-> GO:1901617
GO:0051556 -[is_a]-> GO:0009698
GO:0051556 -[is_a]-> GO:0009812
GO:0051556 -[is_a]-> GO:0046483
GO:0051556 -[is_a]-> GO:1901615
GO:0051557 -[is_a]-> GO:0009699
GO:0051557 -[is_a]-> GO:0009813
GO:0051557 -[is_a]-> GO:0018130
GO:0051557 -[is_a]-> GO:0051556
GO:0051557 -[is_a]-> GO:1901617
GO:0051558 -[is_a]-> GO:0042440
GO:0051559 -[is_a]-> GO:0044711
GO:0051559 -[is_a]-> GO:0046148
GO:0051559 -[is_a]-> GO:0051558
GO:0051560 -[is_a]-> GO:0006874
GO:0051560 -[occurs_in]-> GO:0005739
GO:0051561 -[is_a]-> GO:0051560
GO:0051562 -[is_a]-> GO:0051560
GO:0051563 -[is_a]-> GO:0032469
GO:0051563 -[occurs_in]-> GO:0005790
GO:0051564 -[is_a]-> GO:0032470
GO:0051564 -[is_a]-> GO:0051563
GO:0051565 -[is_a]-> GO:0032471
GO:0051565 -[is_a]-> GO:0051563
GO:0051566 -[is_a]-> GO:0016758
GO:0051567 -[is_a]-> GO:0034968
GO:0051567 -[is_a]-> GO:0061647
GO:0051568 -[is_a]-> GO:0034968
GO:0051569 -[is_a]-> GO:0031060
GO:0051569 -[regulates]-> GO:0051568
GO:0051570 -[is_a]-> GO:0031060
GO:0051570 -[regulates]-> GO:0051567
GO:0051571 -[is_a]-> GO:0031062
GO:0051571 -[is_a]-> GO:0051569
GO:0051571 -[positively_regulates]-> GO:0051568
GO:0051572 -[is_a]-> GO:0031061
GO:0051572 -[is_a]-> GO:0051569
GO:0051572 -[negatively_regulates]-> GO:0051568
GO:0051573 -[is_a]-> GO:0031061
GO:0051573 -[is_a]-> GO:0051570
GO:0051573 -[negatively_regulates]-> GO:0051567
GO:0051574 -[is_a]-> GO:0031062
GO:0051574 -[is_a]-> GO:0051570
GO:0051574 -[positively_regulates]-> GO:0051567
GO:0051575 -[is_a]-> GO:0016835
GO:0051580 -[is_a]-> GO:0001505
GO:0051580 -[is_a]-> GO:0051588
GO:0051580 -[regulates]-> GO:0001504
GO:0051581 -[is_a]-> GO:0051580
GO:0051581 -[is_a]-> GO:0051589
GO:0051581 -[negatively_regulates]-> GO:0001504
GO:0051582 -[is_a]-> GO:0051580
GO:0051582 -[is_a]-> GO:0051590
GO:0051582 -[positively_regulates]-> GO:0001504
GO:0051583 -[is_a]-> GO:0051934
GO:0051583 -[is_a]-> GO:0090494
GO:0051583 -[is_a]-> GO:0099531
GO:0051583 -[part_of]-> GO:0001963
GO:0051584 -[is_a]-> GO:0032225
GO:0051584 -[is_a]-> GO:0051940
GO:0051584 -[regulates]-> GO:0051583
GO:0051585 -[is_a]-> GO:0032227
GO:0051585 -[is_a]-> GO:0051584
GO:0051585 -[is_a]-> GO:0051945
GO:0051585 -[negatively_regulates]-> GO:0051583
GO:0051586 -[is_a]-> GO:0032226
GO:0051586 -[is_a]-> GO:0051584
GO:0051586 -[is_a]-> GO:0051944
GO:0051586 -[positively_regulates]-> GO:0051583
GO:0051587 -[is_a]-> GO:0051585
GO:0051587 -[is_a]-> GO:0051609
GO:0051588 -[is_a]-> GO:0051049
GO:0051588 -[regulates]-> GO:0006836
GO:0051589 -[is_a]-> GO:0051051
GO:0051589 -[is_a]-> GO:0051588
GO:0051589 -[negatively_regulates]-> GO:0006836
GO:0051590 -[is_a]-> GO:0051050
GO:0051590 -[is_a]-> GO:0051588
GO:0051590 -[positively_regulates]-> GO:0006836
GO:0051591 -[is_a]-> GO:0014074
GO:0051591 -[is_a]-> GO:0046683
GO:0051591 -[is_a]-> GO:1901700
GO:0051592 -[is_a]-> GO:0010038
GO:0051593 -[is_a]-> GO:0001101
GO:0051593 -[is_a]-> GO:0010243
GO:0051593 -[is_a]-> GO:0014070
GO:0051593 -[is_a]-> GO:0033273
GO:0051593 -[is_a]-> GO:1901700
GO:0051594 -[is_a]-> GO:0009732
GO:0051594 -[is_a]-> GO:0009749
GO:0051595 -[is_a]-> GO:1901654
GO:0051596 -[is_a]-> GO:0009438
GO:0051596 -[is_a]-> GO:0042182
GO:0051596 -[is_a]-> GO:0046185
GO:0051597 -[is_a]-> GO:0010033
GO:0051598 -[is_a]-> GO:0033313
GO:0051598 -[is_a]-> GO:0045835
GO:0051599 -[is_a]-> GO:0006950
GO:0051599 -[is_a]-> GO:0009415
GO:0051600 -[is_a]-> GO:0030100
GO:0051600 -[is_a]-> GO:0051601
GO:0051600 -[regulates]-> GO:0006897
GO:0051601 -[is_a]-> GO:0034629
GO:0051602 -[is_a]-> GO:0009628
GO:0051603 -[is_a]-> GO:0006508
GO:0051603 -[part_of]-> GO:0044257
GO:0051604 -[is_a]-> GO:0019538
GO:0051604 -[part_of]-> GO:0010467
GO:0051606 -[is_a]-> GO:0050896
GO:0051607 -[is_a]-> GO:0002252
GO:0051607 -[is_a]-> GO:0009615
GO:0051607 -[is_a]-> GO:0098542
GO:0051608 -[is_a]-> GO:0045117
GO:0051609 -[is_a]-> GO:0051581
GO:0051610 -[is_a]-> GO:0006837
GO:0051610 -[is_a]-> GO:0098810
GO:0051611 -[is_a]-> GO:0051580
GO:0051611 -[is_a]-> GO:0060341
GO:0051611 -[regulates]-> GO:0051610
GO:0051612 -[is_a]-> GO:0051581
GO:0051612 -[is_a]-> GO:0051611
GO:0051612 -[negatively_regulates]-> GO:0051610
GO:0051613 -[is_a]-> GO:0051582
GO:0051613 -[is_a]-> GO:0051611
GO:0051613 -[positively_regulates]-> GO:0051610
GO:0051614 -[is_a]-> GO:0051609
GO:0051614 -[is_a]-> GO:0051612
GO:0051615 -[is_a]-> GO:0001504
GO:0051615 -[is_a]-> GO:0051608
GO:0051616 -[is_a]-> GO:0051580
GO:0051616 -[regulates]-> GO:0051615
GO:0051617 -[is_a]-> GO:0051581
GO:0051617 -[is_a]-> GO:0051616
GO:0051617 -[negatively_regulates]-> GO:0051615
GO:0051618 -[is_a]-> GO:0051582
GO:0051618 -[is_a]-> GO:0051616
GO:0051618 -[positively_regulates]-> GO:0051615
GO:0051619 -[is_a]-> GO:0051609
GO:0051619 -[is_a]-> GO:0051617
GO:0051620 -[is_a]-> GO:0015874
GO:0051620 -[is_a]-> GO:0090493
GO:0051621 -[is_a]-> GO:0051049
GO:0051621 -[regulates]-> GO:0051620
GO:0051622 -[is_a]-> GO:0051051
GO:0051622 -[is_a]-> GO:0051621
GO:0051622 -[negatively_regulates]-> GO:0051620
GO:0051623 -[is_a]-> GO:0051050
GO:0051623 -[is_a]-> GO:0051621
GO:0051623 -[positively_regulates]-> GO:0051620
GO:0051624 -[is_a]-> GO:0051609
GO:0051624 -[is_a]-> GO:0051622
GO:0051625 -[is_a]-> GO:0048241
GO:0051625 -[is_a]-> GO:0090493
GO:0051626 -[is_a]-> GO:0010817
GO:0051626 -[is_a]-> GO:0051049
GO:0051626 -[regulates]-> GO:0051625
GO:0051627 -[is_a]-> GO:0051051
GO:0051627 -[is_a]-> GO:0051626
GO:0051627 -[negatively_regulates]-> GO:0051625
GO:0051628 -[is_a]-> GO:0051050
GO:0051628 -[is_a]-> GO:0051626
GO:0051628 -[positively_regulates]-> GO:0051625
GO:0051629 -[is_a]-> GO:0051609
GO:0051629 -[is_a]-> GO:0051627
GO:0051630 -[is_a]-> GO:0015870
GO:0051631 -[is_a]-> GO:0043269
GO:0051631 -[is_a]-> GO:0051952
GO:0051631 -[regulates]-> GO:0051630
GO:0051632 -[is_a]-> GO:0043271
GO:0051632 -[is_a]-> GO:0051631
GO:0051632 -[is_a]-> GO:0051953
GO:0051632 -[negatively_regulates]-> GO:0051630
GO:0051633 -[is_a]-> GO:0043270
GO:0051633 -[is_a]-> GO:0051631
GO:0051633 -[is_a]-> GO:0051954
GO:0051633 -[positively_regulates]-> GO:0051630
GO:0051634 -[is_a]-> GO:0051609
GO:0051634 -[is_a]-> GO:0051632
GO:0051638 -[is_a]-> GO:0051695
GO:0051639 -[is_a]-> GO:0007015
GO:0051640 -[is_a]-> GO:0051641
GO:0051641 -[is_a]-> GO:0051179
GO:0051642 -[is_a]-> GO:0051640
GO:0051643 -[is_a]-> GO:0051640
GO:0051644 -[is_a]-> GO:0051640
GO:0051645 -[is_a]-> GO:0051640
GO:0051646 -[is_a]-> GO:0051640
GO:0051647 -[is_a]-> GO:0051640
GO:0051648 -[is_a]-> GO:0051640
GO:0051649 -[is_a]-> GO:0051234
GO:0051649 -[occurs_in]-> GO:0005623
GO:0051649 -[part_of]-> GO:0051641
GO:0051650 -[is_a]-> GO:0051648
GO:0051650 -[is_a]-> GO:0051649
GO:0051650 -[is_a]-> GO:0051656
GO:0051651 -[is_a]-> GO:0044763
GO:0051651 -[is_a]-> GO:0051235
GO:0051651 -[is_a]-> GO:1902578
GO:0051651 -[part_of]-> GO:0051641
GO:0051652 -[is_a]-> GO:0050000
GO:0051652 -[is_a]-> GO:0051657
GO:0051652 -[is_a]-> GO:1902580
GO:0051653 -[is_a]-> GO:0022402
GO:0051653 -[is_a]-> GO:0051640
GO:0051654 -[is_a]-> GO:0051646
GO:0051654 -[is_a]-> GO:0051649
GO:0051654 -[is_a]-> GO:0051656
GO:0051655 -[is_a]-> GO:0051648
GO:0051655 -[is_a]-> GO:0051657
GO:0051655 -[is_a]-> GO:1902580
GO:0051656 -[is_a]-> GO:0051234
GO:0051656 -[is_a]-> GO:0051640
GO:0051657 -[is_a]-> GO:0051651
GO:0051657 -[part_of]-> GO:0051640
GO:0051658 -[is_a]-> GO:0051647
GO:0051658 -[is_a]-> GO:0051657
GO:0051658 -[is_a]-> GO:1902580
GO:0051659 -[is_a]-> GO:0051646
GO:0051659 -[is_a]-> GO:0051657
GO:0051659 -[is_a]-> GO:1902580
GO:0051660 -[is_a]-> GO:0051642
GO:0051660 -[is_a]-> GO:0051649
GO:0051660 -[is_a]-> GO:0051656
GO:0051661 -[is_a]-> GO:0051642
GO:0051661 -[is_a]-> GO:0051657
GO:0051661 -[is_a]-> GO:1902580
GO:0051663 -[is_a]-> GO:0022414
GO:0051663 -[is_a]-> GO:0051647
GO:0051663 -[part_of]-> GO:0007310
GO:0051664 -[is_a]-> GO:0034629
GO:0051664 -[is_a]-> GO:0051668
GO:0051665 -[is_a]-> GO:0051668
GO:0051666 -[is_a]-> GO:0051641
GO:0051667 -[is_a]-> GO:0051644
GO:0051667 -[is_a]-> GO:0051649
GO:0051667 -[is_a]-> GO:0051656
GO:0051668 -[is_a]-> GO:0051641
GO:0051668 -[occurs_in]-> GO:0016020
GO:0051669 -[is_a]-> GO:0004553
GO:0051670 -[is_a]-> GO:0004553
GO:0051671 -[is_a]-> GO:0043946
GO:0051672 -[is_a]-> GO:0009253
GO:0051672 -[is_a]-> GO:0044041
GO:0051672 -[part_of]-> GO:0009617
GO:0051672 -[part_of]-> GO:0044278
GO:0051673 -[is_a]-> GO:0035821
GO:0051674 -[is_a]-> GO:0051179
GO:0051675 -[is_a]-> GO:0004553
GO:0051676 -[is_a]-> GO:0006073
GO:0051677 -[is_a]-> GO:0009250
GO:0051677 -[is_a]-> GO:0051676
GO:0051678 -[is_a]-> GO:0009251
GO:0051678 -[is_a]-> GO:0044247
GO:0051678 -[is_a]-> GO:0051676
GO:0051679 -[is_a]-> GO:0009311
GO:0051679 -[is_a]-> GO:0044264
GO:0051679 -[is_a]-> GO:0044763
GO:0051680 -[is_a]-> GO:0009312
GO:0051680 -[is_a]-> GO:0033692
GO:0051680 -[is_a]-> GO:0051679
GO:0051681 -[is_a]-> GO:0009313
GO:0051681 -[is_a]-> GO:0044247
GO:0051681 -[is_a]-> GO:0051679
GO:0051682 -[is_a]-> GO:0000272
GO:0051682 -[is_a]-> GO:0051069
GO:0051683 -[is_a]-> GO:0051645
GO:0051683 -[is_a]-> GO:0051649
GO:0051683 -[is_a]-> GO:0051656
GO:0051684 -[is_a]-> GO:0051645
GO:0051684 -[is_a]-> GO:0051657
GO:0051684 -[is_a]-> GO:1902580
GO:0051685 -[is_a]-> GO:0051643
GO:0051685 -[is_a]-> GO:0051657
GO:0051685 -[is_a]-> GO:1902580
GO:0051686 -[is_a]-> GO:0051643
GO:0051686 -[is_a]-> GO:0051649
GO:0051686 -[is_a]-> GO:0051656
GO:0051687 -[is_a]-> GO:0051653
GO:0051687 -[is_a]-> GO:0051657
GO:0051687 -[is_a]-> GO:1902580
GO:0051688 -[is_a]-> GO:0051644
GO:0051688 -[is_a]-> GO:0051657
GO:0051688 -[is_a]-> GO:1902580
GO:0051689 -[is_a]-> GO:0009313
GO:0051689 -[is_a]-> GO:0044276
GO:0051689 -[is_a]-> GO:0051690
GO:0051690 -[is_a]-> GO:0009311
GO:0051690 -[is_a]-> GO:0044261
GO:0051691 -[is_a]-> GO:0009311
GO:0051691 -[is_a]-> GO:0044262
GO:0051691 -[is_a]-> GO:0044763
GO:0051692 -[is_a]-> GO:0009313
GO:0051692 -[is_a]-> GO:0044275
GO:0051692 -[is_a]-> GO:0051691
GO:0051693 -[is_a]-> GO:0030835
GO:0051693 -[is_a]-> GO:0030837
GO:0051694 -[is_a]-> GO:0051693
GO:0051695 -[is_a]-> GO:0030836
GO:0051696 -[is_a]-> GO:0051695
GO:0051697 -[is_a]-> GO:0006464
GO:0051698 -[is_a]-> GO:0016647
GO:0051699 -[is_a]-> GO:0016647
GO:0051700 -[is_a]-> GO:0016647
GO:0051701 -[is_a]-> GO:0044419
GO:0051701 -[part_of]-> GO:0044403
GO:0051702 -[is_a]-> GO:0044419
GO:0051702 -[part_of]-> GO:0044403
GO:0051703 -[is_a]-> GO:0051704
GO:0051704 -[is_a]-> GO:0008150
GO:0051705 -[is_a]-> GO:0007610
GO:0051705 -[is_a]-> GO:0051704
GO:0051707 -[is_a]-> GO:0043207
GO:0051707 -[is_a]-> GO:0051704
GO:0051708 -[is_a]-> GO:0006886
GO:0051708 -[part_of]-> GO:0044403
GO:0051709 -[is_a]-> GO:0031341
GO:0051709 -[is_a]-> GO:0043900
GO:0051709 -[is_a]-> GO:0065008
GO:0051709 -[regulates]-> GO:0031640
GO:0051710 -[is_a]-> GO:0042268
GO:0051710 -[is_a]-> GO:0051709
GO:0051710 -[regulates]-> GO:0051715
GO:0051711 -[is_a]-> GO:0031342
GO:0051711 -[is_a]-> GO:0043901
GO:0051711 -[is_a]-> GO:0051709
GO:0051711 -[negatively_regulates]-> GO:0031640
GO:0051712 -[is_a]-> GO:0031343
GO:0051712 -[is_a]-> GO:0043902
GO:0051712 -[is_a]-> GO:0051709
GO:0051712 -[positively_regulates]-> GO:0031640
GO:0051713 -[is_a]-> GO:0045918
GO:0051713 -[is_a]-> GO:0051710
GO:0051713 -[is_a]-> GO:0051711
GO:0051713 -[negatively_regulates]-> GO:0051715
GO:0051714 -[is_a]-> GO:0045919
GO:0051714 -[is_a]-> GO:0051710
GO:0051714 -[is_a]-> GO:0051712
GO:0051714 -[positively_regulates]-> GO:0051715
GO:0051715 -[is_a]-> GO:0019835
GO:0051715 -[is_a]-> GO:0031640
GO:0051715 -[is_a]-> GO:0044764
GO:0051716 -[is_a]-> GO:0009987
GO:0051716 -[is_a]-> GO:0050896
GO:0051717 -[is_a]-> GO:0052743
GO:0051718 -[is_a]-> GO:0003886
GO:0051719 -[is_a]-> GO:0003886
GO:0051720 -[is_a]-> GO:0003886
GO:0051721 -[is_a]-> GO:0019903
GO:0051722 -[is_a]-> GO:0051723
GO:0051723 -[is_a]-> GO:0052689
GO:0051724 -[is_a]-> GO:0051184
GO:0051724 -[part_of]-> GO:0043132
GO:0051725 -[is_a]-> GO:0006464
GO:0051726 -[is_a]-> GO:0050794
GO:0051726 -[regulates]-> GO:0007049
GO:0051728 -[is_a]-> GO:0045930
GO:0051728 -[is_a]-> GO:0051446
GO:0051728 -[is_a]-> GO:0060184
GO:0051729 -[is_a]-> GO:0051728
GO:0051730 -[is_a]-> GO:0051732
GO:0051730 -[is_a]-> GO:0051735
GO:0051731 -[is_a]-> GO:0016773
GO:0051731 -[is_a]-> GO:0019205
GO:0051732 -[is_a]-> GO:0051731
GO:0051733 -[is_a]-> GO:0051731
GO:0051734 -[is_a]-> GO:0051731
GO:0051735 -[is_a]-> GO:0051731
GO:0051736 -[is_a]-> GO:0051732
GO:0051736 -[is_a]-> GO:0051734
GO:0051737 -[is_a]-> GO:0051733
GO:0051737 -[is_a]-> GO:0051735
GO:0051738 -[is_a]-> GO:0019840
GO:0051738 -[is_a]-> GO:0031409
GO:0051740 -[is_a]-> GO:0072328
GO:0051741 -[is_a]-> GO:0008757
GO:0051742 -[is_a]-> GO:0008757
GO:0051743 -[is_a]-> GO:0016636
GO:0051744 -[is_a]-> GO:0016491
GO:0051745 -[is_a]-> GO:0016726
GO:0051746 -[is_a]-> GO:0031559
GO:0051747 -[is_a]-> GO:0016787
GO:0051747 -[is_a]-> GO:0035514
GO:0051748 -[is_a]-> GO:0070569
GO:0051749 -[is_a]-> GO:0008168
GO:0051750 -[is_a]-> GO:0016863
GO:0051751 -[is_a]-> GO:0000030
GO:0051752 -[is_a]-> GO:0016301
GO:0051752 -[is_a]-> GO:0016781
GO:0051753 -[is_a]-> GO:0019187
GO:0051754 -[is_a]-> GO:0051177
GO:0051754 -[is_a]-> GO:0070601
GO:0051755 -[is_a]-> GO:1903046
GO:0051755 -[part_of]-> GO:0007127
GO:0051755 -[part_of]-> GO:0051757
GO:0051756 -[is_a]-> GO:0034510
GO:0051756 -[is_a]-> GO:1903046
GO:0051756 -[part_of]-> GO:0045144
GO:0051756 -[part_of]-> GO:0051757
GO:0051757 -[is_a]-> GO:0051307
GO:0051758 -[is_a]-> GO:0016344
GO:0051758 -[part_of]-> GO:0045143
GO:0051759 -[is_a]-> GO:0016344
GO:0051759 -[part_of]-> GO:0045144
GO:0051760 -[is_a]-> GO:0051177
GO:0051761 -[is_a]-> GO:0042214
GO:0051762 -[is_a]-> GO:0046246
GO:0051762 -[is_a]-> GO:0051761
GO:0051763 -[is_a]-> GO:0046247
GO:0051763 -[is_a]-> GO:0051761
GO:0051764 -[is_a]-> GO:0007015
GO:0051765 -[is_a]-> GO:0016301
GO:0051765 -[is_a]-> GO:0016773
GO:0051766 -[is_a]-> GO:0016301
GO:0051766 -[is_a]-> GO:0016773
GO:0051767 -[is_a]-> GO:0009059
GO:0051769 -[is_a]-> GO:0010556
GO:0051769 -[regulates]-> GO:0051767
GO:0051770 -[is_a]-> GO:0010557
GO:0051770 -[is_a]-> GO:0051769
GO:0051770 -[positively_regulates]-> GO:0051767
GO:0051771 -[is_a]-> GO:0010558
GO:0051771 -[is_a]-> GO:0051769
GO:0051771 -[negatively_regulates]-> GO:0051767
GO:0051775 -[is_a]-> GO:0050896
GO:0051776 -[is_a]-> GO:0009593
GO:0051776 -[is_a]-> GO:0051775
GO:0051777 -[is_a]-> GO:0016709
GO:0051778 -[is_a]-> GO:0016709
GO:0051779 -[is_a]-> GO:0016709
GO:0051780 -[is_a]-> GO:0007610
GO:0051780 -[part_of]-> GO:0007584
GO:0051781 -[is_a]-> GO:0048522
GO:0051781 -[is_a]-> GO:0051302
GO:0051781 -[positively_regulates]-> GO:0051301
GO:0051782 -[is_a]-> GO:0048523
GO:0051782 -[is_a]-> GO:0051302
GO:0051782 -[negatively_regulates]-> GO:0051301
GO:0051783 -[is_a]-> GO:0033043
GO:0051783 -[regulates]-> GO:0000280
GO:0051784 -[is_a]-> GO:0010639
GO:0051784 -[is_a]-> GO:0051783
GO:0051784 -[negatively_regulates]-> GO:0000280
GO:0051785 -[is_a]-> GO:0010638
GO:0051785 -[is_a]-> GO:0051783
GO:0051785 -[positively_regulates]-> GO:0000280
GO:0051786 -[is_a]-> GO:0016627
GO:0051786 -[part_of]-> GO:0042572
GO:0051787 -[is_a]-> GO:0005515
GO:0051788 -[is_a]-> GO:0035966
GO:0051790 -[is_a]-> GO:0006633
GO:0051790 -[is_a]-> GO:0046459
GO:0051791 -[is_a]-> GO:0006631
GO:0051792 -[is_a]-> GO:0006633
GO:0051792 -[is_a]-> GO:0051791
GO:0051793 -[is_a]-> GO:0009062
GO:0051793 -[is_a]-> GO:0051791
GO:0051794 -[is_a]-> GO:0048819
GO:0051794 -[regulates]-> GO:0042637
GO:0051795 -[is_a]-> GO:0048818
GO:0051795 -[is_a]-> GO:0051794
GO:0051795 -[positively_regulates]-> GO:0042637
GO:0051796 -[is_a]-> GO:0048817
GO:0051796 -[is_a]-> GO:0051794
GO:0051796 -[negatively_regulates]-> GO:0042637
GO:0051797 -[is_a]-> GO:0042634
GO:0051797 -[is_a]-> GO:0045682
GO:0051797 -[is_a]-> GO:2000026
GO:0051797 -[regulates]-> GO:0001942
GO:0051798 -[is_a]-> GO:0042635
GO:0051798 -[is_a]-> GO:0045684
GO:0051798 -[is_a]-> GO:0051797
GO:0051798 -[positively_regulates]-> GO:0001942
GO:0051799 -[is_a]-> GO:0042636
GO:0051799 -[is_a]-> GO:0045683
GO:0051799 -[is_a]-> GO:0051797
GO:0051799 -[negatively_regulates]-> GO:0001942
GO:0051800 -[is_a]-> GO:0034593
GO:0051801 -[is_a]-> GO:0051715
GO:0051801 -[is_a]-> GO:0051883
GO:0051802 -[is_a]-> GO:0043903
GO:0051802 -[is_a]-> GO:0051710
GO:0051802 -[regulates]-> GO:0051801
GO:0051803 -[is_a]-> GO:0051713
GO:0051803 -[is_a]-> GO:0051802
GO:0051803 -[negatively_regulates]-> GO:0051801
GO:0051804 -[is_a]-> GO:0051714
GO:0051804 -[is_a]-> GO:0051802
GO:0051804 -[positively_regulates]-> GO:0051801
GO:0051805 -[is_a]-> GO:0051807
GO:0051805 -[is_a]-> GO:0052564
GO:0051806 -[is_a]-> GO:0051828
GO:0051807 -[is_a]-> GO:0051834
GO:0051808 -[is_a]-> GO:0015031
GO:0051808 -[is_a]-> GO:0051836
GO:0051809 -[is_a]-> GO:0051805
GO:0051810 -[is_a]-> GO:0051805
GO:0051811 -[is_a]-> GO:0051810
GO:0051812 -[is_a]-> GO:0051810
GO:0051813 -[is_a]-> GO:0042786
GO:0051814 -[is_a]-> GO:0052192
GO:0051815 -[is_a]-> GO:0051814
GO:0051816 -[is_a]-> GO:0051704
GO:0051816 -[part_of]-> GO:0044403
GO:0051817 -[is_a]-> GO:0035821
GO:0051817 -[part_of]-> GO:0044403
GO:0051818 -[is_a]-> GO:0044364
GO:0051818 -[is_a]-> GO:0051817
GO:0051819 -[is_a]-> GO:0051817
GO:0051820 -[is_a]-> GO:0051819
GO:0051821 -[is_a]-> GO:0040011
GO:0051821 -[part_of]-> GO:0044403
GO:0051822 -[is_a]-> GO:0051821
GO:0051823 -[is_a]-> GO:0050807
GO:0051824 -[is_a]-> GO:0098543
GO:0051824 -[part_of]-> GO:0044403
GO:0051826 -[is_a]-> GO:0051129
GO:0051826 -[is_a]-> GO:0051823
GO:0051828 -[is_a]-> GO:0051701
GO:0051829 -[is_a]-> GO:0051828
GO:0051830 -[is_a]-> GO:0051828
GO:0051832 -[is_a]-> GO:0052173
GO:0051833 -[is_a]-> GO:0051832
GO:0051834 -[is_a]-> GO:0051832
GO:0051835 -[is_a]-> GO:0051130
GO:0051835 -[is_a]-> GO:0051823
GO:0051836 -[is_a]-> GO:0044766
GO:0051836 -[part_of]-> GO:0044403
GO:0051837 -[is_a]-> GO:0051027
GO:0051837 -[is_a]-> GO:0051836
GO:0051838 -[is_a]-> GO:0051801
GO:0051838 -[is_a]-> GO:0051873
GO:0051838 -[has_part]-> GO:0052337
GO:0051839 -[is_a]-> GO:0002831
GO:0051839 -[is_a]-> GO:0031347
GO:0051839 -[is_a]-> GO:0032101
GO:0051839 -[is_a]-> GO:0051802
GO:0051839 -[regulates]-> GO:0051838
GO:0051840 -[is_a]-> GO:0051803
GO:0051840 -[is_a]-> GO:0051839
GO:0051841 -[is_a]-> GO:0051804
GO:0051841 -[is_a]-> GO:0051839
GO:0051844 -[is_a]-> GO:0051808
GO:0051844 -[is_a]-> GO:0051862
GO:0051850 -[is_a]-> GO:0051702
GO:0051850 -[is_a]-> GO:0051816
GO:0051851 -[is_a]-> GO:0051702
GO:0051851 -[is_a]-> GO:0051817
GO:0051852 -[is_a]-> GO:0051818
GO:0051852 -[is_a]-> GO:0051851
GO:0051852 -[is_a]-> GO:0098542
GO:0051855 -[is_a]-> GO:0009602
GO:0051855 -[is_a]-> GO:0051702
GO:0051855 -[is_a]-> GO:0051824
GO:0051858 -[is_a]-> GO:0051702
GO:0051858 -[is_a]-> GO:0051832
GO:0051858 -[is_a]-> GO:0052201
GO:0051859 -[is_a]-> GO:0051833
GO:0051859 -[is_a]-> GO:0051858
GO:0051860 -[is_a]-> GO:0051834
GO:0051860 -[is_a]-> GO:0051858
GO:0051861 -[is_a]-> GO:0008289
GO:0051861 -[is_a]-> GO:0097367
GO:0051862 -[is_a]-> GO:0051702
GO:0051862 -[is_a]-> GO:0051836
GO:0051864 -[is_a]-> GO:0016706
GO:0051864 -[is_a]-> GO:0032452
GO:0051864 -[part_of]-> GO:0070544
GO:0051865 -[is_a]-> GO:0016567
GO:0051866 -[is_a]-> GO:0033555
GO:0051867 -[is_a]-> GO:0044708
GO:0051867 -[part_of]-> GO:0051866
GO:0051870 -[is_a]-> GO:0008144
GO:0051870 -[is_a]-> GO:0031406
GO:0051871 -[is_a]-> GO:0072341
GO:0051871 -[is_a]-> GO:0097159
GO:0051871 -[is_a]-> GO:1901363
GO:0051872 -[is_a]-> GO:0006670
GO:0051872 -[is_a]-> GO:0034313
GO:0051872 -[is_a]-> GO:0046521
GO:0051873 -[is_a]-> GO:0051852
GO:0051873 -[is_a]-> GO:0051883
GO:0051874 -[is_a]-> GO:0006668
GO:0051874 -[is_a]-> GO:0009395
GO:0051874 -[is_a]-> GO:0030149
GO:0051875 -[is_a]-> GO:0051648
GO:0051875 -[part_of]-> GO:0033059
GO:0051876 -[is_a]-> GO:0051905
GO:0051877 -[is_a]-> GO:0051905
GO:0051878 -[is_a]-> GO:0022607
GO:0051878 -[is_a]-> GO:1903046
GO:0051878 -[part_of]-> GO:0007130
GO:0051879 -[is_a]-> GO:0031072
GO:0051880 -[is_a]-> GO:0043566
GO:0051881 -[is_a]-> GO:0042391
GO:0051882 -[is_a]-> GO:0051881
GO:0051882 -[is_a]-> GO:0051899
GO:0051882 -[occurs_in]-> GO:0005739
GO:0051883 -[is_a]-> GO:0031640
GO:0051883 -[is_a]-> GO:0051818
GO:0051884 -[is_a]-> GO:0048819
GO:0051884 -[regulates]-> GO:0042640
GO:0051885 -[is_a]-> GO:0048818
GO:0051885 -[is_a]-> GO:0051884
GO:0051885 -[positively_regulates]-> GO:0042640
GO:0051886 -[is_a]-> GO:0048817
GO:0051886 -[is_a]-> GO:0051884
GO:0051886 -[negatively_regulates]-> GO:0042640
GO:0051887 -[is_a]-> GO:0048819
GO:0051887 -[regulates]-> GO:0042638
GO:0051888 -[is_a]-> GO:0048818
GO:0051888 -[is_a]-> GO:0051887
GO:0051888 -[positively_regulates]-> GO:0042638
GO:0051889 -[is_a]-> GO:0048817
GO:0051889 -[is_a]-> GO:0051887
GO:0051889 -[negatively_regulates]-> GO:0042638
GO:0051890 -[is_a]-> GO:1905207
GO:0051890 -[is_a]-> GO:2000736
GO:0051890 -[regulates]-> GO:0010002
GO:0051891 -[is_a]-> GO:0051890
GO:0051891 -[is_a]-> GO:1905209
GO:0051891 -[is_a]-> GO:2000738
GO:0051891 -[positively_regulates]-> GO:0010002
GO:0051892 -[is_a]-> GO:0051890
GO:0051892 -[is_a]-> GO:1905208
GO:0051892 -[is_a]-> GO:2000737
GO:0051892 -[negatively_regulates]-> GO:0010002
GO:0051893 -[is_a]-> GO:0001952
GO:0051893 -[is_a]-> GO:0090109
GO:0051893 -[is_a]-> GO:1903391
GO:0051893 -[regulates]-> GO:0048041
GO:0051894 -[is_a]-> GO:0001954
GO:0051894 -[is_a]-> GO:0051893
GO:0051894 -[is_a]-> GO:1901890
GO:0051894 -[is_a]-> GO:1903393
GO:0051894 -[positively_regulates]-> GO:0048041
GO:0051895 -[is_a]-> GO:0001953
GO:0051895 -[is_a]-> GO:0051893
GO:0051895 -[is_a]-> GO:1901889
GO:0051895 -[is_a]-> GO:1903392
GO:0051895 -[negatively_regulates]-> GO:0048041
GO:0051896 -[is_a]-> GO:1902531
GO:0051896 -[regulates]-> GO:0043491
GO:0051897 -[is_a]-> GO:0051896
GO:0051897 -[is_a]-> GO:1902533
GO:0051897 -[positively_regulates]-> GO:0043491
GO:0051898 -[is_a]-> GO:0051896
GO:0051898 -[is_a]-> GO:1902532
GO:0051898 -[negatively_regulates]-> GO:0043491
GO:0051899 -[is_a]-> GO:0042391
GO:0051900 -[is_a]-> GO:0003254
GO:0051900 -[is_a]-> GO:0051881
GO:0051900 -[regulates]-> GO:0051882
GO:0051901 -[is_a]-> GO:0051900
GO:0051901 -[is_a]-> GO:1904181
GO:0051901 -[positively_regulates]-> GO:0051882
GO:0051902 -[is_a]-> GO:0051900
GO:0051902 -[is_a]-> GO:1904180
GO:0051902 -[negatively_regulates]-> GO:0051882
GO:0051903 -[is_a]-> GO:0016616
GO:0051904 -[is_a]-> GO:0044765
GO:0051904 -[is_a]-> GO:0051875
GO:0051904 -[is_a]-> GO:0051905
GO:0051904 -[is_a]-> GO:1902580
GO:0051905 -[is_a]-> GO:0051650
GO:0051905 -[part_of]-> GO:0051875
GO:0051906 -[is_a]-> GO:0051655
GO:0051906 -[part_of]-> GO:0051875
GO:0051907 -[is_a]-> GO:0016846
GO:0051908 -[is_a]-> GO:0008309
GO:0051908 -[is_a]-> GO:0035312
GO:0051909 -[is_a]-> GO:0016836
GO:0051911 -[is_a]-> GO:0046995
GO:0051912 -[is_a]-> GO:0016667
GO:0051913 -[is_a]-> GO:0048167
GO:0051913 -[part_of]-> GO:0042221
GO:0051914 -[is_a]-> GO:0031915
GO:0051914 -[is_a]-> GO:0051913
GO:0051915 -[is_a]-> GO:0051914
GO:0051916 -[is_a]-> GO:0019955
GO:0051917 -[is_a]-> GO:0030193
GO:0051917 -[regulates]-> GO:0042730
GO:0051918 -[is_a]-> GO:0030194
GO:0051918 -[is_a]-> GO:0032103
GO:0051918 -[is_a]-> GO:0048519
GO:0051918 -[is_a]-> GO:0051917
GO:0051918 -[negatively_regulates]-> GO:0042730
GO:0051919 -[is_a]-> GO:0030195
GO:0051919 -[is_a]-> GO:0048518
GO:0051919 -[is_a]-> GO:0051917
GO:0051919 -[positively_regulates]-> GO:0042730
GO:0051920 -[is_a]-> GO:0016209
GO:0051920 -[is_a]-> GO:0016684
GO:0051921 -[is_a]-> GO:0016884
GO:0051922 -[is_a]-> GO:0004027
GO:0051923 -[is_a]-> GO:0006790
GO:0051924 -[is_a]-> GO:0010959
GO:0051924 -[regulates]-> GO:0006816
GO:0051926 -[is_a]-> GO:0043271
GO:0051926 -[is_a]-> GO:0051924
GO:0051926 -[negatively_regulates]-> GO:0006816
GO:0051928 -[is_a]-> GO:0043270
GO:0051928 -[is_a]-> GO:0051924
GO:0051928 -[positively_regulates]-> GO:0006816
GO:0051930 -[is_a]-> GO:0051931
GO:0051930 -[regulates]-> GO:0019233
GO:0051931 -[is_a]-> GO:0031644
GO:0051931 -[regulates]-> GO:0007600
GO:0051932 -[is_a]-> GO:0007270
GO:0051933 -[is_a]-> GO:0098810
GO:0051933 -[is_a]-> GO:1902837
GO:0051934 -[is_a]-> GO:0090493
GO:0051934 -[is_a]-> GO:0098810
GO:0051935 -[is_a]-> GO:0051933
GO:0051935 -[is_a]-> GO:1903802
GO:0051936 -[is_a]-> GO:0051933
GO:0051937 -[is_a]-> GO:0015844
GO:0051937 -[is_a]-> GO:0015850
GO:0051938 -[is_a]-> GO:0043090
GO:0051938 -[is_a]-> GO:0046942
GO:0051939 -[is_a]-> GO:0015800
GO:0051939 -[is_a]-> GO:0015812
GO:0051940 -[is_a]-> GO:0051580
GO:0051940 -[is_a]-> GO:0051952
GO:0051940 -[is_a]-> GO:0060341
GO:0051940 -[regulates]-> GO:0051934
GO:0051941 -[is_a]-> GO:0010958
GO:0051941 -[is_a]-> GO:0051580
GO:0051941 -[is_a]-> GO:0060341
GO:0051941 -[regulates]-> GO:0051933
GO:0051942 -[is_a]-> GO:0051581
GO:0051942 -[is_a]-> GO:0051941
GO:0051942 -[is_a]-> GO:0051956
GO:0051942 -[negatively_regulates]-> GO:0051933
GO:0051943 -[is_a]-> GO:0051582
GO:0051943 -[is_a]-> GO:0051941
GO:0051943 -[is_a]-> GO:0051957
GO:0051943 -[positively_regulates]-> GO:0051933
GO:0051944 -[is_a]-> GO:0051582
GO:0051944 -[is_a]-> GO:0051940
GO:0051944 -[is_a]-> GO:0051954
GO:0051944 -[positively_regulates]-> GO:0051934
GO:0051945 -[is_a]-> GO:0051581
GO:0051945 -[is_a]-> GO:0051940
GO:0051945 -[is_a]-> GO:0051953
GO:0051945 -[negatively_regulates]-> GO:0051934
GO:0051946 -[is_a]-> GO:0051941
GO:0051946 -[is_a]-> GO:1900920
GO:0051946 -[regulates]-> GO:0051935
GO:0051947 -[is_a]-> GO:0051941
GO:0051947 -[regulates]-> GO:0051936
GO:0051948 -[is_a]-> GO:0051942
GO:0051948 -[is_a]-> GO:0051946
GO:0051948 -[is_a]-> GO:1900921
GO:0051948 -[negatively_regulates]-> GO:0051935
GO:0051949 -[is_a]-> GO:0051942
GO:0051949 -[is_a]-> GO:0051947
GO:0051949 -[negatively_regulates]-> GO:0051936
GO:0051950 -[is_a]-> GO:0051943
GO:0051950 -[is_a]-> GO:0051947
GO:0051950 -[positively_regulates]-> GO:0051936
GO:0051951 -[is_a]-> GO:0051943
GO:0051951 -[is_a]-> GO:0051946
GO:0051951 -[is_a]-> GO:1900922
GO:0051951 -[positively_regulates]-> GO:0051935
GO:0051952 -[is_a]-> GO:0051049
GO:0051952 -[regulates]-> GO:0015837
GO:0051953 -[is_a]-> GO:0051051
GO:0051953 -[is_a]-> GO:0051952
GO:0051953 -[negatively_regulates]-> GO:0015837
GO:0051954 -[is_a]-> GO:0051050
GO:0051954 -[is_a]-> GO:0051952
GO:0051954 -[positively_regulates]-> GO:0015837
GO:0051955 -[is_a]-> GO:0032890
GO:0051955 -[is_a]-> GO:0051952
GO:0051955 -[regulates]-> GO:0006865
GO:0051956 -[is_a]-> GO:0032891
GO:0051956 -[is_a]-> GO:0051953
GO:0051956 -[is_a]-> GO:0051955
GO:0051956 -[negatively_regulates]-> GO:0006865
GO:0051957 -[is_a]-> GO:0032892
GO:0051957 -[is_a]-> GO:0051954
GO:0051957 -[is_a]-> GO:0051955
GO:0051957 -[positively_regulates]-> GO:0006865
GO:0051958 -[is_a]-> GO:0006835
GO:0051958 -[is_a]-> GO:0015893
GO:0051959 -[is_a]-> GO:0045502
GO:0051960 -[is_a]-> GO:2000026
GO:0051960 -[regulates]-> GO:0007399
GO:0051961 -[is_a]-> GO:0051093
GO:0051961 -[is_a]-> GO:0051241
GO:0051961 -[is_a]-> GO:0051960
GO:0051961 -[negatively_regulates]-> GO:0007399
GO:0051962 -[is_a]-> GO:0051094
GO:0051962 -[is_a]-> GO:0051240
GO:0051962 -[is_a]-> GO:0051960
GO:0051962 -[positively_regulates]-> GO:0007399
GO:0051963 -[is_a]-> GO:0044087
GO:0051963 -[is_a]-> GO:0050807
GO:0051963 -[is_a]-> GO:0051960
GO:0051963 -[regulates]-> GO:0007416
GO:0051964 -[is_a]-> GO:0051129
GO:0051964 -[is_a]-> GO:0051961
GO:0051964 -[is_a]-> GO:0051963
GO:0051964 -[negatively_regulates]-> GO:0007416
GO:0051965 -[is_a]-> GO:0044089
GO:0051965 -[is_a]-> GO:0051130
GO:0051965 -[is_a]-> GO:0051962
GO:0051965 -[is_a]-> GO:0051963
GO:0051965 -[positively_regulates]-> GO:0007416
GO:0051966 -[is_a]-> GO:0050804
GO:0051966 -[regulates]-> GO:0035249
GO:0051967 -[is_a]-> GO:0050805
GO:0051967 -[is_a]-> GO:0051966
GO:0051967 -[negatively_regulates]-> GO:0035249
GO:0051968 -[is_a]-> GO:0050806
GO:0051968 -[is_a]-> GO:0051966
GO:0051968 -[positively_regulates]-> GO:0035249
GO:0051969 -[is_a]-> GO:0010646
GO:0051969 -[is_a]-> GO:0023051
GO:0051969 -[is_a]-> GO:0031644
GO:0051969 -[regulates]-> GO:0019226
GO:0051970 -[is_a]-> GO:0010648
GO:0051970 -[is_a]-> GO:0023057
GO:0051970 -[is_a]-> GO:0031645
GO:0051970 -[is_a]-> GO:0051969
GO:0051970 -[negatively_regulates]-> GO:0019226
GO:0051971 -[is_a]-> GO:0010647
GO:0051971 -[is_a]-> GO:0023056
GO:0051971 -[is_a]-> GO:0031646
GO:0051971 -[is_a]-> GO:0051969
GO:0051971 -[positively_regulates]-> GO:0019226
GO:0051972 -[is_a]-> GO:0051338
GO:0051972 -[is_a]-> GO:2000278
GO:0051972 -[regulates]-> GO:0003720
GO:0051973 -[is_a]-> GO:0051347
GO:0051973 -[is_a]-> GO:0051972
GO:0051973 -[is_a]-> GO:2000573
GO:0051973 -[positively_regulates]-> GO:0003720
GO:0051974 -[is_a]-> GO:0051348
GO:0051974 -[is_a]-> GO:0051972
GO:0051974 -[is_a]-> GO:2000279
GO:0051974 -[negatively_regulates]-> GO:0003720
GO:0051975 -[is_a]-> GO:0019878
GO:0051976 -[is_a]-> GO:0019878
GO:0051977 -[is_a]-> GO:0015914
GO:0051977 -[is_a]-> GO:1901264
GO:0051978 -[is_a]-> GO:0005548
GO:0051978 -[is_a]-> GO:1901505
GO:0051978 -[part_of]-> GO:0051977
GO:0051979 -[is_a]-> GO:0042120
GO:0051980 -[is_a]-> GO:0015603
GO:0051981 -[is_a]-> GO:0005375
GO:0051982 -[is_a]-> GO:0051981
GO:0051983 -[is_a]-> GO:0050794
GO:0051983 -[regulates]-> GO:0007059
GO:0051984 -[is_a]-> GO:0048522
GO:0051984 -[is_a]-> GO:0051983
GO:0051984 -[positively_regulates]-> GO:0007059
GO:0051985 -[is_a]-> GO:0048523
GO:0051985 -[is_a]-> GO:0051983
GO:0051985 -[negatively_regulates]-> GO:0007059
GO:0051986 -[is_a]-> GO:0010948
GO:0051986 -[is_a]-> GO:0051985
GO:0051986 -[is_a]-> GO:0051988
GO:0051986 -[negatively_regulates]-> GO:0008608
GO:0051987 -[is_a]-> GO:0051984
GO:0051987 -[is_a]-> GO:0051988
GO:0051987 -[is_a]-> GO:0090068
GO:0051987 -[positively_regulates]-> GO:0008608
GO:0051988 -[is_a]-> GO:0010564
GO:0051988 -[is_a]-> GO:0051983
GO:0051988 -[regulates]-> GO:0008608
GO:0051989 -[is_a]-> GO:0016627
GO:0051990 -[is_a]-> GO:0016614
GO:0051991 -[is_a]-> GO:0008375
GO:0051992 -[is_a]-> GO:0016780
GO:0051993 -[is_a]-> GO:0008422
GO:0051994 -[is_a]-> GO:0008168
GO:0051995 -[is_a]-> GO:0008168
GO:0051996 -[is_a]-> GO:0004311
GO:0051997 -[is_a]-> GO:0016831
GO:0051998 -[is_a]-> GO:0008276
GO:0051998 -[is_a]-> GO:0010340
GO:0051999 -[is_a]-> GO:0006675
GO:0051999 -[is_a]-> GO:0006688
GO:0051999 -[is_a]-> GO:0008654
GO:0052000 -[is_a]-> GO:0098630
GO:0052001 -[is_a]-> GO:0044406
GO:0052002 -[is_a]-> GO:0044003
GO:0052002 -[is_a]-> GO:0052214
GO:0052003 -[is_a]-> GO:0052004
GO:0052003 -[is_a]-> GO:0052029
GO:0052003 -[is_a]-> GO:0052081
GO:0052003 -[is_a]-> GO:0052252
GO:0052004 -[is_a]-> GO:0009968
GO:0052004 -[is_a]-> GO:0010113
GO:0052004 -[is_a]-> GO:0052037
GO:0052004 -[is_a]-> GO:0052089
GO:0052004 -[is_a]-> GO:0052253
GO:0052004 -[negatively_regulates]-> GO:0009862
GO:0052005 -[is_a]-> GO:0052037
GO:0052005 -[is_a]-> GO:0052084
GO:0052005 -[is_a]-> GO:0052254
GO:0052006 -[is_a]-> GO:0052002
GO:0052006 -[is_a]-> GO:0052227
GO:0052007 -[is_a]-> GO:0052002
GO:0052007 -[is_a]-> GO:0052226
GO:0052008 -[is_a]-> GO:0052043
GO:0052008 -[is_a]-> GO:0052368
GO:0052009 -[is_a]-> GO:0098933
GO:0052010 -[is_a]-> GO:0052015
GO:0052010 -[is_a]-> GO:0052172
GO:0052010 -[is_a]-> GO:0052340
GO:0052010 -[part_of]-> GO:0052009
GO:0052011 -[is_a]-> GO:0052015
GO:0052011 -[is_a]-> GO:0052179
GO:0052011 -[is_a]-> GO:0052341
GO:0052011 -[part_of]-> GO:0052009
GO:0052012 -[is_a]-> GO:0052015
GO:0052012 -[is_a]-> GO:0052178
GO:0052012 -[is_a]-> GO:0052342
GO:0052012 -[part_of]-> GO:0052009
GO:0052013 -[is_a]-> GO:0052006
GO:0052013 -[is_a]-> GO:0052174
GO:0052013 -[is_a]-> GO:0052361
GO:0052014 -[is_a]-> GO:0052013
GO:0052014 -[is_a]-> GO:0052228
GO:0052014 -[is_a]-> GO:0052363
GO:0052015 -[is_a]-> GO:0052013
GO:0052015 -[is_a]-> GO:0052175
GO:0052015 -[is_a]-> GO:0052354
GO:0052016 -[is_a]-> GO:0052015
GO:0052016 -[is_a]-> GO:0052176
GO:0052016 -[is_a]-> GO:0052359
GO:0052017 -[is_a]-> GO:0052015
GO:0052017 -[is_a]-> GO:0052177
GO:0052017 -[is_a]-> GO:0052366
GO:0052018 -[is_a]-> GO:0044003
GO:0052018 -[is_a]-> GO:0052249
GO:0052019 -[is_a]-> GO:0044003
GO:0052019 -[is_a]-> GO:0052186
GO:0052020 -[is_a]-> GO:0052043
GO:0052020 -[is_a]-> GO:0052333
GO:0052021 -[is_a]-> GO:0052019
GO:0052021 -[is_a]-> GO:0052449
GO:0052022 -[is_a]-> GO:0052019
GO:0052022 -[is_a]-> GO:0052456
GO:0052023 -[is_a]-> GO:0052019
GO:0052023 -[is_a]-> GO:0052469
GO:0052024 -[is_a]-> GO:0052019
GO:0052024 -[is_a]-> GO:0052513
GO:0052025 -[is_a]-> GO:0052043
GO:0052025 -[is_a]-> GO:0052332
GO:0052026 -[is_a]-> GO:0044068
GO:0052026 -[is_a]-> GO:0052312
GO:0052027 -[is_a]-> GO:0044068
GO:0052027 -[is_a]-> GO:0052250
GO:0052028 -[is_a]-> GO:0052027
GO:0052028 -[is_a]-> GO:0052526
GO:0052029 -[is_a]-> GO:0052027
GO:0052029 -[is_a]-> GO:0052493
GO:0052031 -[is_a]-> GO:0044003
GO:0052031 -[is_a]-> GO:0052200
GO:0052031 -[is_a]-> GO:0052255
GO:0052032 -[is_a]-> GO:0052031
GO:0052032 -[is_a]-> GO:0052256
GO:0052033 -[is_a]-> GO:0052166
GO:0052033 -[is_a]-> GO:0052169
GO:0052033 -[is_a]-> GO:0052257
GO:0052034 -[is_a]-> GO:0052157
GO:0052034 -[is_a]-> GO:0052170
GO:0052034 -[is_a]-> GO:0052258
GO:0052035 -[is_a]-> GO:0052032
GO:0052035 -[is_a]-> GO:0052259
GO:0052035 -[is_a]-> GO:0052509
GO:0052036 -[is_a]-> GO:0052032
GO:0052036 -[is_a]-> GO:0052037
GO:0052036 -[is_a]-> GO:0052260
GO:0052037 -[is_a]-> GO:0044414
GO:0052037 -[is_a]-> GO:0052031
GO:0052037 -[is_a]-> GO:0052261
GO:0052038 -[is_a]-> GO:0044068
GO:0052038 -[is_a]-> GO:0052230
GO:0052038 -[regulates]-> GO:0046907
GO:0052039 -[is_a]-> GO:0052043
GO:0052039 -[is_a]-> GO:0052334
GO:0052040 -[is_a]-> GO:0044068
GO:0052040 -[is_a]-> GO:0052248
GO:0052041 -[is_a]-> GO:0052040
GO:0052041 -[is_a]-> GO:0052490
GO:0052042 -[is_a]-> GO:0012502
GO:0052042 -[is_a]-> GO:0052040
GO:0052042 -[is_a]-> GO:0052330
GO:0052042 -[part_of]-> GO:0001907
GO:0052043 -[is_a]-> GO:0052111
GO:0052043 -[is_a]-> GO:0052188
GO:0052046 -[is_a]-> GO:0044003
GO:0052046 -[is_a]-> GO:0052048
GO:0052046 -[is_a]-> GO:0052212
GO:0052047 -[is_a]-> GO:0044419
GO:0052047 -[part_of]-> GO:0044403
GO:0052048 -[is_a]-> GO:0044046
GO:0052048 -[is_a]-> GO:0052047
GO:0052049 -[is_a]-> GO:0052048
GO:0052049 -[is_a]-> GO:0052210
GO:0052050 -[is_a]-> GO:0052048
GO:0052050 -[is_a]-> GO:0052209
GO:0052051 -[is_a]-> GO:0052048
GO:0052051 -[is_a]-> GO:0052211
GO:0052052 -[is_a]-> GO:0052046
GO:0052052 -[is_a]-> GO:0052051
GO:0052052 -[is_a]-> GO:0052206
GO:0052053 -[is_a]-> GO:0052056
GO:0052053 -[is_a]-> GO:0052148
GO:0052053 -[is_a]-> GO:0052199
GO:0052053 -[negatively_regulates]-> GO:0003824
GO:0052054 -[is_a]-> GO:0052053
GO:0052054 -[is_a]-> GO:0052149
GO:0052054 -[is_a]-> GO:0052180
GO:0052055 -[is_a]-> GO:0044003
GO:0052055 -[is_a]-> GO:0052205
GO:0052056 -[is_a]-> GO:0052055
GO:0052056 -[is_a]-> GO:0052204
GO:0052057 -[is_a]-> GO:0052046
GO:0052057 -[is_a]-> GO:0052049
GO:0052057 -[is_a]-> GO:0052207
GO:0052058 -[is_a]-> GO:0052046
GO:0052058 -[is_a]-> GO:0052050
GO:0052058 -[is_a]-> GO:0052208
GO:0052059 -[is_a]-> GO:0020012
GO:0052059 -[is_a]-> GO:0052385
GO:0052059 -[is_a]-> GO:0052567
GO:0052060 -[is_a]-> GO:0020012
GO:0052060 -[is_a]-> GO:0052376
GO:0052060 -[is_a]-> GO:0052565
GO:0052061 -[is_a]-> GO:0020012
GO:0052061 -[is_a]-> GO:0052378
GO:0052061 -[is_a]-> GO:0052566
GO:0052062 -[is_a]-> GO:0052262
GO:0052062 -[is_a]-> GO:0052344
GO:0052062 -[is_a]-> GO:0052559
GO:0052063 -[is_a]-> GO:0052263
GO:0052063 -[is_a]-> GO:0052347
GO:0052063 -[is_a]-> GO:0052509
GO:0052063 -[is_a]-> GO:0052559
GO:0052064 -[is_a]-> GO:0052264
GO:0052064 -[is_a]-> GO:0052369
GO:0052064 -[is_a]-> GO:0052559
GO:0052065 -[is_a]-> GO:0052301
GO:0052065 -[is_a]-> GO:0052510
GO:0052066 -[is_a]-> GO:0030260
GO:0052066 -[is_a]-> GO:0052191
GO:0052066 -[is_a]-> GO:0052370
GO:0052067 -[is_a]-> GO:0044415
GO:0052067 -[is_a]-> GO:0052374
GO:0052067 -[is_a]-> GO:0052380
GO:0052067 -[is_a]-> GO:0052483
GO:0052068 -[is_a]-> GO:0052037
GO:0052068 -[is_a]-> GO:0052088
GO:0052068 -[is_a]-> GO:0052266
GO:0052068 -[is_a]-> GO:0052562
GO:0052069 -[is_a]-> GO:0052029
GO:0052069 -[is_a]-> GO:0052068
GO:0052069 -[is_a]-> GO:0052082
GO:0052069 -[is_a]-> GO:0052267
GO:0052070 -[is_a]-> GO:0052005
GO:0052070 -[is_a]-> GO:0052029
GO:0052070 -[is_a]-> GO:0052077
GO:0052070 -[is_a]-> GO:0052268
GO:0052071 -[is_a]-> GO:0052028
GO:0052071 -[is_a]-> GO:0052076
GO:0052071 -[is_a]-> GO:0052077
GO:0052071 -[is_a]-> GO:0052269
GO:0052072 -[is_a]-> GO:0052028
GO:0052072 -[is_a]-> GO:0052074
GO:0052072 -[is_a]-> GO:0052081
GO:0052072 -[is_a]-> GO:0052270
GO:0052073 -[is_a]-> GO:0052028
GO:0052073 -[is_a]-> GO:0052075
GO:0052073 -[is_a]-> GO:0052082
GO:0052073 -[is_a]-> GO:0052271
GO:0052074 -[is_a]-> GO:0009967
GO:0052074 -[is_a]-> GO:0052089
GO:0052074 -[is_a]-> GO:0052272
GO:0052074 -[is_a]-> GO:0052509
GO:0052074 -[is_a]-> GO:1901672
GO:0052074 -[positively_regulates]-> GO:0009862
GO:0052075 -[is_a]-> GO:0052088
GO:0052075 -[is_a]-> GO:0052273
GO:0052075 -[is_a]-> GO:0052509
GO:0052075 -[is_a]-> GO:0052556
GO:0052076 -[is_a]-> GO:0052084
GO:0052076 -[is_a]-> GO:0052274
GO:0052076 -[is_a]-> GO:0052509
GO:0052077 -[is_a]-> GO:0052027
GO:0052077 -[is_a]-> GO:0052031
GO:0052077 -[is_a]-> GO:0052441
GO:0052078 -[is_a]-> GO:0052037
GO:0052078 -[is_a]-> GO:0052080
GO:0052078 -[is_a]-> GO:0052275
GO:0052078 -[is_a]-> GO:0075132
GO:0052079 -[is_a]-> GO:0052080
GO:0052079 -[is_a]-> GO:0052276
GO:0052079 -[is_a]-> GO:0052509
GO:0052079 -[is_a]-> GO:0075131
GO:0052080 -[is_a]-> GO:0052031
GO:0052080 -[is_a]-> GO:0052277
GO:0052080 -[is_a]-> GO:0075130
GO:0052081 -[is_a]-> GO:0052027
GO:0052081 -[is_a]-> GO:0052031
GO:0052081 -[is_a]-> GO:0052445
GO:0052082 -[is_a]-> GO:0052027
GO:0052082 -[is_a]-> GO:0052031
GO:0052082 -[is_a]-> GO:0052443
GO:0052083 -[is_a]-> GO:0052155
GO:0052083 -[is_a]-> GO:0052278
GO:0052083 -[is_a]-> GO:0052562
GO:0052084 -[is_a]-> GO:0052031
GO:0052084 -[is_a]-> GO:0052279
GO:0052085 -[is_a]-> GO:0052083
GO:0052085 -[is_a]-> GO:0052156
GO:0052085 -[is_a]-> GO:0052280
GO:0052086 -[is_a]-> GO:0052083
GO:0052086 -[is_a]-> GO:0052154
GO:0052086 -[is_a]-> GO:0052281
GO:0052087 -[is_a]-> GO:0052037
GO:0052087 -[is_a]-> GO:0052090
GO:0052087 -[is_a]-> GO:0052282
GO:0052088 -[is_a]-> GO:0052283
GO:0052088 -[is_a]-> GO:0052553
GO:0052089 -[is_a]-> GO:0010112
GO:0052089 -[is_a]-> GO:0052031
GO:0052089 -[is_a]-> GO:0052284
GO:0052089 -[is_a]-> GO:2000031
GO:0052089 -[regulates]-> GO:0009862
GO:0052090 -[is_a]-> GO:0052031
GO:0052090 -[is_a]-> GO:0052285
GO:0052091 -[is_a]-> GO:0044003
GO:0052091 -[is_a]-> GO:0052313
GO:0052091 -[part_of]-> GO:0044002
GO:0052092 -[is_a]-> GO:0052091
GO:0052092 -[is_a]-> GO:0052520
GO:0052093 -[is_a]-> GO:0044115
GO:0052093 -[is_a]-> GO:0052095
GO:0052093 -[part_of]-> GO:0044002
GO:0052094 -[is_a]-> GO:0044118
GO:0052094 -[is_a]-> GO:0052093
GO:0052095 -[is_a]-> GO:0044111
GO:0052095 -[is_a]-> GO:0048646
GO:0052095 -[part_of]-> GO:0051816
GO:0052096 -[is_a]-> GO:0052093
GO:0052097 -[is_a]-> GO:0009372
GO:0052097 -[is_a]-> GO:0044419
GO:0052098 -[is_a]-> GO:0052095
GO:0052098 -[part_of]-> GO:0051850
GO:0052099 -[is_a]-> GO:0044002
GO:0052100 -[is_a]-> GO:0009372
GO:0052100 -[is_a]-> GO:0051703
GO:0052101 -[is_a]-> GO:0052286
GO:0052101 -[is_a]-> GO:0052527
GO:0052101 -[is_a]-> GO:0052559
GO:0052102 -[is_a]-> GO:0052168
GO:0052102 -[is_a]-> GO:0052287
GO:0052102 -[is_a]-> GO:0052509
GO:0052103 -[is_a]-> GO:0052288
GO:0052103 -[is_a]-> GO:0052390
GO:0052103 -[is_a]-> GO:0052533
GO:0052104 -[is_a]-> GO:0052289
GO:0052104 -[is_a]-> GO:0052390
GO:0052104 -[is_a]-> GO:0052537
GO:0052105 -[is_a]-> GO:0044416
GO:0052105 -[is_a]-> GO:0052290
GO:0052105 -[is_a]-> GO:0052539
GO:0052106 -[is_a]-> GO:0052097
GO:0052106 -[part_of]-> GO:0051701
GO:0052107 -[is_a]-> GO:0052090
GO:0052107 -[is_a]-> GO:0052291
GO:0052107 -[is_a]-> GO:0052509
GO:0052109 -[is_a]-> GO:0052107
GO:0052109 -[is_a]-> GO:0052189
GO:0052109 -[is_a]-> GO:0052292
GO:0052109 -[is_a]-> GO:0052539
GO:0052110 -[is_a]-> GO:0052111
GO:0052110 -[is_a]-> GO:0052495
GO:0052111 -[is_a]-> GO:0044003
GO:0052111 -[is_a]-> GO:0052185
GO:0052112 -[is_a]-> GO:0052110
GO:0052112 -[is_a]-> GO:0052497
GO:0052115 -[is_a]-> GO:0052126
GO:0052115 -[is_a]-> GO:0052215
GO:0052116 -[is_a]-> GO:0052126
GO:0052116 -[is_a]-> GO:0052216
GO:0052117 -[is_a]-> GO:0052115
GO:0052117 -[is_a]-> GO:0052116
GO:0052117 -[is_a]-> GO:0052217
GO:0052118 -[is_a]-> GO:0052115
GO:0052118 -[is_a]-> GO:0052218
GO:0052119 -[is_a]-> GO:0052115
GO:0052119 -[is_a]-> GO:0052219
GO:0052120 -[is_a]-> GO:0052117
GO:0052120 -[is_a]-> GO:0052118
GO:0052120 -[is_a]-> GO:0052121
GO:0052120 -[is_a]-> GO:0052220
GO:0052121 -[is_a]-> GO:0052116
GO:0052121 -[is_a]-> GO:0052221
GO:0052122 -[is_a]-> GO:0052117
GO:0052122 -[is_a]-> GO:0052119
GO:0052122 -[is_a]-> GO:0052123
GO:0052122 -[is_a]-> GO:0052222
GO:0052123 -[is_a]-> GO:0052116
GO:0052123 -[is_a]-> GO:0052223
GO:0052124 -[is_a]-> GO:0044000
GO:0052124 -[is_a]-> GO:0052115
GO:0052124 -[is_a]-> GO:0052224
GO:0052125 -[is_a]-> GO:0052115
GO:0052125 -[is_a]-> GO:0052127
GO:0052125 -[is_a]-> GO:0052225
GO:0052126 -[is_a]-> GO:0051701
GO:0052126 -[is_a]-> GO:0052192
GO:0052127 -[is_a]-> GO:0052126
GO:0052127 -[is_a]-> GO:0052195
GO:0052128 -[is_a]-> GO:0009453
GO:0052129 -[is_a]-> GO:0009453
GO:0052130 -[is_a]-> GO:0009454
GO:0052130 -[is_a]-> GO:0050919
GO:0052130 -[is_a]-> GO:0052129
GO:0052131 -[is_a]-> GO:0009454
GO:0052131 -[is_a]-> GO:0050918
GO:0052131 -[is_a]-> GO:0052128
GO:0052132 -[is_a]-> GO:0052120
GO:0052132 -[is_a]-> GO:0052138
GO:0052132 -[is_a]-> GO:0052141
GO:0052132 -[is_a]-> GO:0052146
GO:0052132 -[is_a]-> GO:0052232
GO:0052133 -[is_a]-> GO:0052120
GO:0052133 -[is_a]-> GO:0052137
GO:0052133 -[is_a]-> GO:0052140
GO:0052133 -[is_a]-> GO:0052147
GO:0052133 -[is_a]-> GO:0052233
GO:0052134 -[is_a]-> GO:0052122
GO:0052134 -[is_a]-> GO:0052136
GO:0052134 -[is_a]-> GO:0052138
GO:0052134 -[is_a]-> GO:0052145
GO:0052134 -[is_a]-> GO:0052234
GO:0052135 -[is_a]-> GO:0052122
GO:0052135 -[is_a]-> GO:0052137
GO:0052135 -[is_a]-> GO:0052139
GO:0052135 -[is_a]-> GO:0052144
GO:0052135 -[is_a]-> GO:0052235
GO:0052136 -[is_a]-> GO:0052123
GO:0052136 -[is_a]-> GO:0052143
GO:0052136 -[is_a]-> GO:0052236
GO:0052137 -[is_a]-> GO:0052117
GO:0052137 -[is_a]-> GO:0052124
GO:0052137 -[is_a]-> GO:0052142
GO:0052137 -[is_a]-> GO:0052237
GO:0052138 -[is_a]-> GO:0052117
GO:0052138 -[is_a]-> GO:0052125
GO:0052138 -[is_a]-> GO:0052143
GO:0052138 -[is_a]-> GO:0052238
GO:0052139 -[is_a]-> GO:0052123
GO:0052139 -[is_a]-> GO:0052142
GO:0052139 -[is_a]-> GO:0052239
GO:0052140 -[is_a]-> GO:0052121
GO:0052140 -[is_a]-> GO:0052142
GO:0052140 -[is_a]-> GO:0052240
GO:0052141 -[is_a]-> GO:0052121
GO:0052141 -[is_a]-> GO:0052143
GO:0052141 -[is_a]-> GO:0052241
GO:0052142 -[is_a]-> GO:0044000
GO:0052142 -[is_a]-> GO:0052116
GO:0052142 -[is_a]-> GO:0052242
GO:0052143 -[is_a]-> GO:0052116
GO:0052143 -[is_a]-> GO:0052127
GO:0052143 -[is_a]-> GO:0052243
GO:0052144 -[is_a]-> GO:0052119
GO:0052144 -[is_a]-> GO:0052124
GO:0052144 -[is_a]-> GO:0052244
GO:0052145 -[is_a]-> GO:0052119
GO:0052145 -[is_a]-> GO:0052125
GO:0052145 -[is_a]-> GO:0052245
GO:0052146 -[is_a]-> GO:0052118
GO:0052146 -[is_a]-> GO:0052125
GO:0052146 -[is_a]-> GO:0052246
GO:0052147 -[is_a]-> GO:0052118
GO:0052147 -[is_a]-> GO:0052124
GO:0052147 -[is_a]-> GO:0052247
GO:0052148 -[is_a]-> GO:0052422
GO:0052149 -[is_a]-> GO:0052148
GO:0052149 -[is_a]-> GO:0052198
GO:0052150 -[is_a]-> GO:0052040
GO:0052150 -[is_a]-> GO:0052433
GO:0052151 -[is_a]-> GO:0052150
GO:0052151 -[is_a]-> GO:0052501
GO:0052154 -[is_a]-> GO:0052293
GO:0052154 -[is_a]-> GO:0052553
GO:0052155 -[is_a]-> GO:0052294
GO:0052155 -[is_a]-> GO:0052553
GO:0052156 -[is_a]-> GO:0052155
GO:0052156 -[is_a]-> GO:0052295
GO:0052157 -[is_a]-> GO:0052167
GO:0052157 -[is_a]-> GO:0052296
GO:0052158 -[is_a]-> GO:0052297
GO:0052158 -[is_a]-> GO:0052553
GO:0052159 -[is_a]-> GO:0052298
GO:0052159 -[is_a]-> GO:0052553
GO:0052160 -[is_a]-> GO:0052299
GO:0052160 -[is_a]-> GO:0052553
GO:0052161 -[is_a]-> GO:0044068
GO:0052161 -[is_a]-> GO:0052031
GO:0052161 -[is_a]-> GO:0052300
GO:0052162 -[is_a]-> GO:0052031
GO:0052162 -[is_a]-> GO:0052301
GO:0052163 -[is_a]-> GO:0052302
GO:0052163 -[is_a]-> GO:0052553
GO:0052163 -[is_a]-> GO:0052565
GO:0052164 -[is_a]-> GO:0052303
GO:0052164 -[is_a]-> GO:0052553
GO:0052164 -[is_a]-> GO:0052567
GO:0052165 -[is_a]-> GO:0052304
GO:0052165 -[is_a]-> GO:0052553
GO:0052165 -[is_a]-> GO:0052566
GO:0052166 -[is_a]-> GO:0052167
GO:0052166 -[is_a]-> GO:0052305
GO:0052166 -[is_a]-> GO:0052509
GO:0052166 -[is_a]-> GO:0052556
GO:0052167 -[is_a]-> GO:0052306
GO:0052167 -[is_a]-> GO:0052553
GO:0052168 -[is_a]-> GO:0052031
GO:0052168 -[is_a]-> GO:0052307
GO:0052169 -[is_a]-> GO:0052167
GO:0052169 -[is_a]-> GO:0052308
GO:0052170 -[is_a]-> GO:0052037
GO:0052170 -[is_a]-> GO:0052167
GO:0052170 -[is_a]-> GO:0052309
GO:0052170 -[is_a]-> GO:0052562
GO:0052172 -[is_a]-> GO:0052175
GO:0052172 -[is_a]-> GO:0052409
GO:0052173 -[is_a]-> GO:0051707
GO:0052173 -[part_of]-> GO:0044403
GO:0052174 -[is_a]-> GO:0052002
GO:0052174 -[is_a]-> GO:0052229
GO:0052175 -[is_a]-> GO:0052174
GO:0052175 -[is_a]-> GO:0052407
GO:0052176 -[is_a]-> GO:0052175
GO:0052176 -[is_a]-> GO:0052415
GO:0052177 -[is_a]-> GO:0052175
GO:0052177 -[is_a]-> GO:0052421
GO:0052178 -[is_a]-> GO:0052175
GO:0052178 -[is_a]-> GO:0052411
GO:0052179 -[is_a]-> GO:0052175
GO:0052179 -[is_a]-> GO:0052413
GO:0052180 -[is_a]-> GO:0035940
GO:0052180 -[is_a]-> GO:0052198
GO:0052180 -[is_a]-> GO:0052199
GO:0052181 -[is_a]-> GO:0052201
GO:0052181 -[is_a]-> GO:0052255
GO:0052182 -[is_a]-> GO:0051851
GO:0052182 -[is_a]-> GO:0052212
GO:0052182 -[is_a]-> GO:0052213
GO:0052183 -[is_a]-> GO:0051851
GO:0052183 -[is_a]-> GO:0052185
GO:0052185 -[is_a]-> GO:0051817
GO:0052186 -[is_a]-> GO:0051817
GO:0052187 -[is_a]-> GO:0052183
GO:0052187 -[is_a]-> GO:0052188
GO:0052188 -[is_a]-> GO:0052185
GO:0052189 -[is_a]-> GO:0052090
GO:0052189 -[is_a]-> GO:0052161
GO:0052189 -[is_a]-> GO:0052310
GO:0052190 -[is_a]-> GO:0044068
GO:0052190 -[is_a]-> GO:0052231
GO:0052191 -[is_a]-> GO:0052190
GO:0052191 -[is_a]-> GO:0052522
GO:0052192 -[is_a]-> GO:0040011
GO:0052192 -[part_of]-> GO:0044403
GO:0052193 -[is_a]-> GO:0051702
GO:0052193 -[is_a]-> GO:0052192
GO:0052194 -[is_a]-> GO:0052193
GO:0052194 -[is_a]-> GO:0052195
GO:0052195 -[is_a]-> GO:0052192
GO:0052196 -[is_a]-> GO:0051859
GO:0052196 -[is_a]-> GO:0052181
GO:0052196 -[is_a]-> GO:0052261
GO:0052197 -[is_a]-> GO:0052181
GO:0052197 -[is_a]-> GO:0052510
GO:0052198 -[is_a]-> GO:0052203
GO:0052199 -[is_a]-> GO:0043086
GO:0052199 -[is_a]-> GO:0052203
GO:0052199 -[is_a]-> GO:0052204
GO:0052200 -[is_a]-> GO:0052173
GO:0052200 -[is_a]-> GO:0075136
GO:0052201 -[is_a]-> GO:0009608
GO:0052201 -[is_a]-> GO:0052173
GO:0052202 -[is_a]-> GO:0052087
GO:0052202 -[is_a]-> GO:0052189
GO:0052202 -[is_a]-> GO:0052311
GO:0052203 -[is_a]-> GO:0050790
GO:0052203 -[is_a]-> GO:0052205
GO:0052204 -[is_a]-> GO:0044362
GO:0052204 -[is_a]-> GO:0052205
GO:0052205 -[is_a]-> GO:0044359
GO:0052205 -[is_a]-> GO:0051817
GO:0052206 -[is_a]-> GO:0052211
GO:0052206 -[is_a]-> GO:0052212
GO:0052207 -[is_a]-> GO:0052210
GO:0052207 -[is_a]-> GO:0052212
GO:0052208 -[is_a]-> GO:0052209
GO:0052208 -[is_a]-> GO:0052212
GO:0052209 -[is_a]-> GO:0052047
GO:0052210 -[is_a]-> GO:0052047
GO:0052211 -[is_a]-> GO:0052047
GO:0052212 -[is_a]-> GO:0051817
GO:0052212 -[is_a]-> GO:0052047
GO:0052213 -[is_a]-> GO:0051702
GO:0052213 -[is_a]-> GO:0052047
GO:0052214 -[is_a]-> GO:0044033
GO:0052214 -[part_of]-> GO:0044403
GO:0052215 -[is_a]-> GO:0009453
GO:0052215 -[is_a]-> GO:0052192
GO:0052216 -[is_a]-> GO:0006935
GO:0052216 -[is_a]-> GO:0052192
GO:0052217 -[is_a]-> GO:0009454
GO:0052217 -[is_a]-> GO:0052215
GO:0052217 -[is_a]-> GO:0052216
GO:0052218 -[is_a]-> GO:0052128
GO:0052218 -[is_a]-> GO:0052215
GO:0052219 -[is_a]-> GO:0052129
GO:0052219 -[is_a]-> GO:0052215
GO:0052220 -[is_a]-> GO:0052131
GO:0052220 -[is_a]-> GO:0052217
GO:0052220 -[is_a]-> GO:0052218
GO:0052220 -[is_a]-> GO:0052221
GO:0052221 -[is_a]-> GO:0050918
GO:0052221 -[is_a]-> GO:0052216
GO:0052222 -[is_a]-> GO:0052130
GO:0052222 -[is_a]-> GO:0052217
GO:0052222 -[is_a]-> GO:0052219
GO:0052222 -[is_a]-> GO:0052223
GO:0052223 -[is_a]-> GO:0050919
GO:0052223 -[is_a]-> GO:0052216
GO:0052224 -[is_a]-> GO:0051814
GO:0052224 -[is_a]-> GO:0052215
GO:0052225 -[is_a]-> GO:0052195
GO:0052225 -[is_a]-> GO:0052215
GO:0052226 -[is_a]-> GO:0044034
GO:0052226 -[is_a]-> GO:0052214
GO:0052227 -[is_a]-> GO:0044035
GO:0052227 -[is_a]-> GO:0052214
GO:0052228 -[is_a]-> GO:0052174
GO:0052228 -[is_a]-> GO:0052418
GO:0052229 -[is_a]-> GO:0043170
GO:0052229 -[is_a]-> GO:0052214
GO:0052230 -[is_a]-> GO:0032386
GO:0052230 -[is_a]-> GO:0051817
GO:0052231 -[is_a]-> GO:0050764
GO:0052231 -[is_a]-> GO:0051817
GO:0052232 -[is_a]-> GO:0052220
GO:0052232 -[is_a]-> GO:0052238
GO:0052232 -[is_a]-> GO:0052241
GO:0052232 -[is_a]-> GO:0052246
GO:0052233 -[is_a]-> GO:0052220
GO:0052233 -[is_a]-> GO:0052237
GO:0052233 -[is_a]-> GO:0052240
GO:0052233 -[is_a]-> GO:0052247
GO:0052234 -[is_a]-> GO:0052222
GO:0052234 -[is_a]-> GO:0052236
GO:0052234 -[is_a]-> GO:0052238
GO:0052234 -[is_a]-> GO:0052245
GO:0052235 -[is_a]-> GO:0052222
GO:0052235 -[is_a]-> GO:0052237
GO:0052235 -[is_a]-> GO:0052239
GO:0052235 -[is_a]-> GO:0052244
GO:0052236 -[is_a]-> GO:0052223
GO:0052236 -[is_a]-> GO:0052243
GO:0052237 -[is_a]-> GO:0052217
GO:0052237 -[is_a]-> GO:0052224
GO:0052237 -[is_a]-> GO:0052242
GO:0052238 -[is_a]-> GO:0052217
GO:0052238 -[is_a]-> GO:0052225
GO:0052238 -[is_a]-> GO:0052243
GO:0052239 -[is_a]-> GO:0052223
GO:0052239 -[is_a]-> GO:0052242
GO:0052240 -[is_a]-> GO:0052221
GO:0052240 -[is_a]-> GO:0052242
GO:0052241 -[is_a]-> GO:0052221
GO:0052241 -[is_a]-> GO:0052243
GO:0052242 -[is_a]-> GO:0051814
GO:0052242 -[is_a]-> GO:0052216
GO:0052243 -[is_a]-> GO:0052195
GO:0052243 -[is_a]-> GO:0052216
GO:0052244 -[is_a]-> GO:0052219
GO:0052244 -[is_a]-> GO:0052224
GO:0052245 -[is_a]-> GO:0052219
GO:0052245 -[is_a]-> GO:0052225
GO:0052246 -[is_a]-> GO:0052218
GO:0052246 -[is_a]-> GO:0052225
GO:0052247 -[is_a]-> GO:0052218
GO:0052247 -[is_a]-> GO:0052224
GO:0052248 -[is_a]-> GO:0044531
GO:0052248 -[is_a]-> GO:0051817
GO:0052249 -[is_a]-> GO:0051817
GO:0052250 -[is_a]-> GO:0044501
GO:0052250 -[is_a]-> GO:0051817
GO:0052251 -[is_a]-> GO:0052510
GO:0052252 -[is_a]-> GO:0052253
GO:0052252 -[is_a]-> GO:0052445
GO:0052252 -[is_a]-> GO:0052493
GO:0052253 -[is_a]-> GO:0052261
GO:0052253 -[is_a]-> GO:0052284
GO:0052254 -[is_a]-> GO:0052261
GO:0052254 -[is_a]-> GO:0052279
GO:0052255 -[is_a]-> GO:0031347
GO:0052255 -[is_a]-> GO:0051817
GO:0052255 -[is_a]-> GO:0052173
GO:0052256 -[is_a]-> GO:0050727
GO:0052256 -[is_a]-> GO:0052255
GO:0052257 -[is_a]-> GO:0052305
GO:0052257 -[is_a]-> GO:0052308
GO:0052258 -[is_a]-> GO:0052296
GO:0052258 -[is_a]-> GO:0052309
GO:0052259 -[is_a]-> GO:0050729
GO:0052259 -[is_a]-> GO:0052256
GO:0052259 -[is_a]-> GO:0052510
GO:0052260 -[is_a]-> GO:0050728
GO:0052260 -[is_a]-> GO:0052256
GO:0052260 -[is_a]-> GO:0052261
GO:0052261 -[is_a]-> GO:0031348
GO:0052261 -[is_a]-> GO:0051833
GO:0052261 -[is_a]-> GO:0052255
GO:0052262 -[is_a]-> GO:0052329
GO:0052262 -[is_a]-> GO:0052558
GO:0052263 -[is_a]-> GO:0052251
GO:0052263 -[is_a]-> GO:0052345
GO:0052263 -[is_a]-> GO:0052558
GO:0052264 -[is_a]-> GO:0052251
GO:0052264 -[is_a]-> GO:0052348
GO:0052264 -[is_a]-> GO:0052558
GO:0052265 -[is_a]-> GO:0052065
GO:0052265 -[is_a]-> GO:0052251
GO:0052266 -[is_a]-> GO:0052261
GO:0052266 -[is_a]-> GO:0052283
GO:0052267 -[is_a]-> GO:0052266
GO:0052267 -[is_a]-> GO:0052443
GO:0052267 -[is_a]-> GO:0052493
GO:0052268 -[is_a]-> GO:0052254
GO:0052268 -[is_a]-> GO:0052441
GO:0052268 -[is_a]-> GO:0052493
GO:0052269 -[is_a]-> GO:0052274
GO:0052269 -[is_a]-> GO:0052441
GO:0052269 -[is_a]-> GO:0052526
GO:0052270 -[is_a]-> GO:0052272
GO:0052270 -[is_a]-> GO:0052445
GO:0052270 -[is_a]-> GO:0052526
GO:0052271 -[is_a]-> GO:0052273
GO:0052271 -[is_a]-> GO:0052443
GO:0052271 -[is_a]-> GO:0052526
GO:0052272 -[is_a]-> GO:0052284
GO:0052272 -[is_a]-> GO:0052510
GO:0052273 -[is_a]-> GO:0052283
GO:0052273 -[is_a]-> GO:0052510
GO:0052274 -[is_a]-> GO:0052279
GO:0052274 -[is_a]-> GO:0052510
GO:0052275 -[is_a]-> GO:0052261
GO:0052276 -[is_a]-> GO:0052277
GO:0052276 -[is_a]-> GO:0052510
GO:0052276 -[is_a]-> GO:0052526
GO:0052277 -[is_a]-> GO:0052250
GO:0052277 -[is_a]-> GO:0052255
GO:0052278 -[is_a]-> GO:0052294
GO:0052278 -[is_a]-> GO:0052561
GO:0052279 -[is_a]-> GO:0052255
GO:0052280 -[is_a]-> GO:0052278
GO:0052280 -[is_a]-> GO:0052295
GO:0052281 -[is_a]-> GO:0052293
GO:0052281 -[is_a]-> GO:0052561
GO:0052282 -[is_a]-> GO:0052261
GO:0052282 -[is_a]-> GO:0052285
GO:0052283 -[is_a]-> GO:0052552
GO:0052284 -[is_a]-> GO:0052255
GO:0052285 -[is_a]-> GO:0052255
GO:0052286 -[is_a]-> GO:0052423
GO:0052286 -[is_a]-> GO:0052558
GO:0052287 -[is_a]-> GO:0050850
GO:0052287 -[is_a]-> GO:0052307
GO:0052287 -[is_a]-> GO:0052510
GO:0052288 -[is_a]-> GO:0052382
GO:0052288 -[is_a]-> GO:0052532
GO:0052289 -[is_a]-> GO:0052382
GO:0052289 -[is_a]-> GO:0052535
GO:0052290 -[is_a]-> GO:0052251
GO:0052290 -[is_a]-> GO:0052538
GO:0052291 -[is_a]-> GO:0052285
GO:0052291 -[is_a]-> GO:0052510
GO:0052292 -[is_a]-> GO:0052291
GO:0052292 -[is_a]-> GO:0052310
GO:0052292 -[is_a]-> GO:0052538
GO:0052293 -[is_a]-> GO:0052552
GO:0052294 -[is_a]-> GO:0052552
GO:0052295 -[is_a]-> GO:0052294
GO:0052296 -[is_a]-> GO:0052306
GO:0052297 -[is_a]-> GO:0052552
GO:0052298 -[is_a]-> GO:0002831
GO:0052298 -[is_a]-> GO:0045088
GO:0052298 -[is_a]-> GO:0052306
GO:0052299 -[is_a]-> GO:0010112
GO:0052299 -[is_a]-> GO:0052552
GO:0052300 -[is_a]-> GO:0052255
GO:0052301 -[is_a]-> GO:0050848
GO:0052301 -[is_a]-> GO:0052255
GO:0052302 -[is_a]-> GO:0052551
GO:0052302 -[is_a]-> GO:0052552
GO:0052303 -[is_a]-> GO:0052550
GO:0052303 -[is_a]-> GO:0052552
GO:0052304 -[is_a]-> GO:0052549
GO:0052304 -[is_a]-> GO:0052552
GO:0052305 -[is_a]-> GO:0045089
GO:0052305 -[is_a]-> GO:0052306
GO:0052305 -[is_a]-> GO:0052510
GO:0052305 -[is_a]-> GO:0052555
GO:0052306 -[is_a]-> GO:0052552
GO:0052307 -[is_a]-> GO:0050848
GO:0052307 -[is_a]-> GO:0052255
GO:0052308 -[is_a]-> GO:0052306
GO:0052309 -[is_a]-> GO:0045824
GO:0052309 -[is_a]-> GO:0052261
GO:0052309 -[is_a]-> GO:0052306
GO:0052309 -[is_a]-> GO:0052561
GO:0052310 -[is_a]-> GO:0052285
GO:0052310 -[is_a]-> GO:0052300
GO:0052311 -[is_a]-> GO:0052282
GO:0052311 -[is_a]-> GO:0052310
GO:0052312 -[is_a]-> GO:0051817
GO:0052312 -[is_a]-> GO:2001141
GO:0052313 -[is_a]-> GO:0051817
GO:0052313 -[part_of]-> GO:0051816
GO:0052314 -[is_a]-> GO:0009404
GO:0052315 -[is_a]-> GO:0009403
GO:0052315 -[is_a]-> GO:0052314
GO:0052316 -[is_a]-> GO:0009407
GO:0052316 -[is_a]-> GO:0052314
GO:0052317 -[is_a]-> GO:0006790
GO:0052317 -[is_a]-> GO:0046217
GO:0052318 -[is_a]-> GO:0031323
GO:0052318 -[is_a]-> GO:0043455
GO:0052318 -[regulates]-> GO:0052314
GO:0052319 -[is_a]-> GO:0031326
GO:0052319 -[is_a]-> GO:0052318
GO:0052319 -[is_a]-> GO:1900376
GO:0052319 -[regulates]-> GO:0052315
GO:0052320 -[is_a]-> GO:0031325
GO:0052320 -[is_a]-> GO:0052318
GO:0052320 -[positively_regulates]-> GO:0052314
GO:0052321 -[is_a]-> GO:0031324
GO:0052321 -[is_a]-> GO:0052318
GO:0052321 -[negatively_regulates]-> GO:0052314
GO:0052322 -[is_a]-> GO:0031328
GO:0052322 -[is_a]-> GO:0052319
GO:0052322 -[is_a]-> GO:0052320
GO:0052322 -[is_a]-> GO:1900378
GO:0052322 -[positively_regulates]-> GO:0052315
GO:0052323 -[is_a]-> GO:0031327
GO:0052323 -[is_a]-> GO:0052319
GO:0052323 -[is_a]-> GO:0052321
GO:0052323 -[is_a]-> GO:1900377
GO:0052323 -[negatively_regulates]-> GO:0052315
GO:0052324 -[is_a]-> GO:0030244
GO:0052324 -[is_a]-> GO:0052541
GO:0052324 -[is_a]-> GO:0070592
GO:0052324 -[part_of]-> GO:0009832
GO:0052325 -[is_a]-> GO:0045489
GO:0052325 -[is_a]-> GO:0052546
GO:0052325 -[is_a]-> GO:0070592
GO:0052325 -[part_of]-> GO:0009832
GO:0052325 -[part_of]-> GO:0071555
GO:0052329 -[is_a]-> GO:0052304
GO:0052329 -[is_a]-> GO:0052555
GO:0052330 -[is_a]-> GO:0043068
GO:0052330 -[is_a]-> GO:0043903
GO:0052330 -[is_a]-> GO:0051712
GO:0052330 -[is_a]-> GO:0052248
GO:0052330 -[positively_regulates]-> GO:0051883
GO:0052331 -[is_a]-> GO:0044179
GO:0052331 -[is_a]-> GO:0051801
GO:0052331 -[part_of]-> GO:0044403
GO:0052332 -[is_a]-> GO:0052188
GO:0052333 -[is_a]-> GO:0052188
GO:0052334 -[is_a]-> GO:0052188
GO:0052335 -[is_a]-> GO:0052187
GO:0052335 -[is_a]-> GO:0052334
GO:0052336 -[is_a]-> GO:0052187
GO:0052336 -[is_a]-> GO:0052333
GO:0052337 -[is_a]-> GO:0052187
GO:0052337 -[is_a]-> GO:0052332
GO:0052338 -[is_a]-> GO:0052336
GO:0052338 -[is_a]-> GO:0052339
GO:0052338 -[is_a]-> GO:0052367
GO:0052339 -[is_a]-> GO:0052333
GO:0052340 -[is_a]-> GO:0030245
GO:0052340 -[is_a]-> GO:0052354
GO:0052340 -[is_a]-> GO:0052409
GO:0052340 -[part_of]-> GO:0044278
GO:0052340 -[part_of]-> GO:0052339
GO:0052341 -[is_a]-> GO:0052354
GO:0052341 -[is_a]-> GO:0052413
GO:0052341 -[part_of]-> GO:0044278
GO:0052341 -[part_of]-> GO:0052339
GO:0052342 -[is_a]-> GO:0006039
GO:0052342 -[is_a]-> GO:0052354
GO:0052342 -[is_a]-> GO:0052411
GO:0052342 -[part_of]-> GO:0052339
GO:0052344 -[is_a]-> GO:0052165
GO:0052344 -[is_a]-> GO:0052329
GO:0052344 -[is_a]-> GO:0052556
GO:0052345 -[is_a]-> GO:0052302
GO:0052345 -[is_a]-> GO:0052555
GO:0052347 -[is_a]-> GO:0052163
GO:0052347 -[is_a]-> GO:0052345
GO:0052347 -[is_a]-> GO:0052556
GO:0052348 -[is_a]-> GO:0052303
GO:0052348 -[is_a]-> GO:0052510
GO:0052348 -[is_a]-> GO:0052555
GO:0052352 -[is_a]-> GO:0052226
GO:0052352 -[is_a]-> GO:0052419
GO:0052353 -[is_a]-> GO:0052354
GO:0052353 -[is_a]-> GO:0052360
GO:0052353 -[is_a]-> GO:0052406
GO:0052354 -[is_a]-> GO:0044041
GO:0052354 -[is_a]-> GO:0052361
GO:0052354 -[is_a]-> GO:0052407
GO:0052355 -[is_a]-> GO:0052340
GO:0052355 -[is_a]-> GO:0052353
GO:0052355 -[is_a]-> GO:0052408
GO:0052355 -[part_of]-> GO:0052338
GO:0052356 -[is_a]-> GO:0052342
GO:0052356 -[is_a]-> GO:0052353
GO:0052356 -[is_a]-> GO:0052410
GO:0052356 -[part_of]-> GO:0052338
GO:0052357 -[is_a]-> GO:0052341
GO:0052357 -[is_a]-> GO:0052353
GO:0052357 -[is_a]-> GO:0052412
GO:0052357 -[part_of]-> GO:0052338
GO:0052358 -[is_a]-> GO:0052353
GO:0052358 -[is_a]-> GO:0052359
GO:0052358 -[is_a]-> GO:0052414
GO:0052359 -[is_a]-> GO:0000272
GO:0052359 -[is_a]-> GO:0052354
GO:0052359 -[is_a]-> GO:0052415
GO:0052360 -[is_a]-> GO:0052361
GO:0052360 -[is_a]-> GO:0052364
GO:0052360 -[is_a]-> GO:0052416
GO:0052361 -[is_a]-> GO:0009057
GO:0052361 -[is_a]-> GO:0052227
GO:0052361 -[is_a]-> GO:0052229
GO:0052362 -[is_a]-> GO:0052360
GO:0052362 -[is_a]-> GO:0052363
GO:0052362 -[is_a]-> GO:0052417
GO:0052363 -[is_a]-> GO:0030163
GO:0052363 -[is_a]-> GO:0052361
GO:0052363 -[is_a]-> GO:0052418
GO:0052364 -[is_a]-> GO:0052227
GO:0052364 -[is_a]-> GO:0052419
GO:0052365 -[is_a]-> GO:0052353
GO:0052365 -[is_a]-> GO:0052366
GO:0052365 -[is_a]-> GO:0052420
GO:0052366 -[is_a]-> GO:0045493
GO:0052366 -[is_a]-> GO:0052354
GO:0052366 -[is_a]-> GO:0052421
GO:0052367 -[is_a]-> GO:0052187
GO:0052367 -[is_a]-> GO:0052368
GO:0052368 -[is_a]-> GO:0052185
GO:0052369 -[is_a]-> GO:0052164
GO:0052369 -[is_a]-> GO:0052348
GO:0052369 -[is_a]-> GO:0052509
GO:0052369 -[is_a]-> GO:0052556
GO:0052370 -[is_a]-> GO:0051806
GO:0052370 -[is_a]-> GO:0052522
GO:0052371 -[is_a]-> GO:0040012
GO:0052371 -[is_a]-> GO:0043903
GO:0052371 -[regulates]-> GO:0051828
GO:0052372 -[is_a]-> GO:0052371
GO:0052373 -[is_a]-> GO:0043901
GO:0052373 -[is_a]-> GO:0052371
GO:0052374 -[is_a]-> GO:0052372
GO:0052374 -[is_a]-> GO:0052373
GO:0052376 -[is_a]-> GO:0051805
GO:0052376 -[is_a]-> GO:0052551
GO:0052378 -[is_a]-> GO:0051805
GO:0052378 -[is_a]-> GO:0052549
GO:0052379 -[is_a]-> GO:0052371
GO:0052380 -[is_a]-> GO:0052372
GO:0052380 -[is_a]-> GO:0052379
GO:0052381 -[is_a]-> GO:0016765
GO:0052382 -[is_a]-> GO:0052251
GO:0052382 -[is_a]-> GO:0052305
GO:0052382 -[is_a]-> GO:0052558
GO:0052385 -[is_a]-> GO:0051805
GO:0052385 -[is_a]-> GO:0052550
GO:0052386 -[is_a]-> GO:0042545
GO:0052389 -[is_a]-> GO:0052065
GO:0052389 -[is_a]-> GO:0052162
GO:0052389 -[is_a]-> GO:0052509
GO:0052390 -[is_a]-> GO:0052166
GO:0052390 -[is_a]-> GO:0052382
GO:0052390 -[is_a]-> GO:0052559
GO:0052391 -[is_a]-> GO:0044416
GO:0052391 -[is_a]-> GO:0052265
GO:0052391 -[is_a]-> GO:0052389
GO:0052393 -[is_a]-> GO:0052197
GO:0052393 -[is_a]-> GO:0052251
GO:0052403 -[is_a]-> GO:0052199
GO:0052403 -[is_a]-> GO:0052405
GO:0052403 -[is_a]-> GO:0052422
GO:0052404 -[is_a]-> GO:0052180
GO:0052404 -[is_a]-> GO:0052403
GO:0052404 -[is_a]-> GO:0052427
GO:0052404 -[negatively_regulates]-> GO:0008233
GO:0052405 -[is_a]-> GO:0052204
GO:0052405 -[is_a]-> GO:0052428
GO:0052406 -[is_a]-> GO:0052407
GO:0052406 -[is_a]-> GO:0052416
GO:0052407 -[is_a]-> GO:0044040
GO:0052407 -[is_a]-> GO:0052229
GO:0052408 -[is_a]-> GO:0052406
GO:0052408 -[is_a]-> GO:0052409
GO:0052409 -[is_a]-> GO:0044037
GO:0052409 -[is_a]-> GO:0044043
GO:0052409 -[is_a]-> GO:0052407
GO:0052409 -[is_a]-> GO:0052541
GO:0052410 -[is_a]-> GO:0052406
GO:0052410 -[is_a]-> GO:0052411
GO:0052411 -[is_a]-> GO:0006037
GO:0052411 -[is_a]-> GO:0044037
GO:0052411 -[is_a]-> GO:0052407
GO:0052412 -[is_a]-> GO:0052406
GO:0052412 -[is_a]-> GO:0052413
GO:0052413 -[is_a]-> GO:0044037
GO:0052413 -[is_a]-> GO:0052407
GO:0052413 -[is_a]-> GO:0052546
GO:0052414 -[is_a]-> GO:0052406
GO:0052414 -[is_a]-> GO:0052415
GO:0052415 -[is_a]-> GO:0044043
GO:0052415 -[is_a]-> GO:0052407
GO:0052416 -[is_a]-> GO:0052229
GO:0052416 -[is_a]-> GO:0052419
GO:0052417 -[is_a]-> GO:0052416
GO:0052417 -[is_a]-> GO:0052418
GO:0052418 -[is_a]-> GO:0019538
GO:0052418 -[is_a]-> GO:0052229
GO:0052419 -[is_a]-> GO:0051851
GO:0052419 -[is_a]-> GO:0052214
GO:0052420 -[is_a]-> GO:0052406
GO:0052420 -[is_a]-> GO:0052421
GO:0052421 -[is_a]-> GO:0044037
GO:0052421 -[is_a]-> GO:0045491
GO:0052421 -[is_a]-> GO:0052407
GO:0052422 -[is_a]-> GO:0052055
GO:0052422 -[is_a]-> GO:0052203
GO:0052422 -[is_a]-> GO:0052428
GO:0052422 -[regulates]-> GO:0003824
GO:0052423 -[is_a]-> GO:0052297
GO:0052423 -[is_a]-> GO:0052555
GO:0052427 -[is_a]-> GO:0052198
GO:0052427 -[is_a]-> GO:0052422
GO:0052428 -[is_a]-> GO:0051851
GO:0052428 -[is_a]-> GO:0052205
GO:0052430 -[is_a]-> GO:0051851
GO:0052430 -[is_a]-> GO:0052249
GO:0052433 -[is_a]-> GO:0044532
GO:0052433 -[is_a]-> GO:0052248
GO:0052435 -[is_a]-> GO:0052277
GO:0052435 -[is_a]-> GO:0075099
GO:0052441 -[is_a]-> GO:0052250
GO:0052441 -[is_a]-> GO:0052255
GO:0052443 -[is_a]-> GO:0052250
GO:0052443 -[is_a]-> GO:0052255
GO:0052445 -[is_a]-> GO:0052250
GO:0052445 -[is_a]-> GO:0052255
GO:0052449 -[is_a]-> GO:0052186
GO:0052456 -[is_a]-> GO:0052186
GO:0052460 -[is_a]-> GO:0051851
GO:0052460 -[is_a]-> GO:0052313
GO:0052460 -[part_of]-> GO:0051850
GO:0052462 -[is_a]-> GO:0051851
GO:0052462 -[is_a]-> GO:0052231
GO:0052469 -[is_a]-> GO:0052186
GO:0052470 -[is_a]-> GO:0051851
GO:0052470 -[is_a]-> GO:0052250
GO:0052472 -[is_a]-> GO:0051851
GO:0052472 -[is_a]-> GO:0052312
GO:0052482 -[is_a]-> GO:0006952
GO:0052482 -[is_a]-> GO:0033554
GO:0052482 -[is_a]-> GO:0052386
GO:0052483 -[is_a]-> GO:0051834
GO:0052483 -[is_a]-> GO:0052373
GO:0052483 -[is_a]-> GO:0052379
GO:0052489 -[is_a]-> GO:0052490
GO:0052490 -[is_a]-> GO:0043069
GO:0052490 -[is_a]-> GO:0052248
GO:0052492 -[is_a]-> GO:0052470
GO:0052492 -[is_a]-> GO:0052493
GO:0052493 -[is_a]-> GO:0052250
GO:0052494 -[is_a]-> GO:0052183
GO:0052494 -[is_a]-> GO:0052495
GO:0052495 -[is_a]-> GO:0052185
GO:0052496 -[is_a]-> GO:0052494
GO:0052496 -[is_a]-> GO:0052497
GO:0052497 -[is_a]-> GO:0052495
GO:0052501 -[is_a]-> GO:0044533
GO:0052501 -[is_a]-> GO:0052042
GO:0052501 -[is_a]-> GO:0052433
GO:0052502 -[is_a]-> GO:0052276
GO:0052502 -[is_a]-> GO:0052435
GO:0052502 -[is_a]-> GO:0075100
GO:0052509 -[is_a]-> GO:0052031
GO:0052509 -[is_a]-> GO:0052510
GO:0052510 -[is_a]-> GO:0031349
GO:0052510 -[is_a]-> GO:0052255
GO:0052513 -[is_a]-> GO:0052186
GO:0052519 -[is_a]-> GO:0052460
GO:0052519 -[is_a]-> GO:0052520
GO:0052520 -[is_a]-> GO:0052313
GO:0052521 -[is_a]-> GO:0052462
GO:0052521 -[is_a]-> GO:0052522
GO:0052522 -[is_a]-> GO:0050766
GO:0052522 -[is_a]-> GO:0052231
GO:0052525 -[is_a]-> GO:0052470
GO:0052525 -[is_a]-> GO:0052526
GO:0052526 -[is_a]-> GO:0044502
GO:0052526 -[is_a]-> GO:0052250
GO:0052527 -[is_a]-> GO:0052158
GO:0052527 -[is_a]-> GO:0052423
GO:0052527 -[is_a]-> GO:0052556
GO:0052532 -[is_a]-> GO:0002833
GO:0052532 -[is_a]-> GO:0052298
GO:0052532 -[is_a]-> GO:0052305
GO:0052533 -[is_a]-> GO:0052159
GO:0052533 -[is_a]-> GO:0052509
GO:0052533 -[is_a]-> GO:0052532
GO:0052533 -[is_a]-> GO:0052556
GO:0052535 -[is_a]-> GO:0002833
GO:0052535 -[is_a]-> GO:0052299
GO:0052535 -[is_a]-> GO:0052305
GO:0052537 -[is_a]-> GO:0052160
GO:0052537 -[is_a]-> GO:0052509
GO:0052537 -[is_a]-> GO:0052535
GO:0052537 -[is_a]-> GO:0052556
GO:0052538 -[is_a]-> GO:0052300
GO:0052538 -[is_a]-> GO:0052510
GO:0052539 -[is_a]-> GO:0052161
GO:0052539 -[is_a]-> GO:0052509
GO:0052539 -[is_a]-> GO:0052538
GO:0052541 -[is_a]-> GO:0010383
GO:0052541 -[is_a]-> GO:0030243
GO:0052541 -[part_of]-> GO:0009664
GO:0052542 -[is_a]-> GO:0006952
GO:0052542 -[is_a]-> GO:0052545
GO:0052543 -[is_a]-> GO:0052386
GO:0052543 -[is_a]-> GO:0052545
GO:0052543 -[is_a]-> GO:0070727
GO:0052544 -[is_a]-> GO:0052482
GO:0052544 -[is_a]-> GO:0052542
GO:0052544 -[is_a]-> GO:0052543
GO:0052544 -[part_of]-> GO:0006952
GO:0052545 -[is_a]-> GO:0033037
GO:0052546 -[is_a]-> GO:0045488
GO:0052546 -[part_of]-> GO:0009664
GO:0052547 -[is_a]-> GO:0030162
GO:0052547 -[is_a]-> GO:0051336
GO:0052547 -[regulates]-> GO:0008233
GO:0052548 -[is_a]-> GO:0052547
GO:0052548 -[regulates]-> GO:0004175
GO:0052549 -[is_a]-> GO:0052564
GO:0052550 -[is_a]-> GO:0052564
GO:0052551 -[is_a]-> GO:0052564
GO:0052552 -[is_a]-> GO:0050776
GO:0052552 -[is_a]-> GO:0052255
GO:0052552 -[is_a]-> GO:0052564
GO:0052553 -[is_a]-> GO:0052031
GO:0052553 -[is_a]-> GO:0052552
GO:0052553 -[is_a]-> GO:0052572
GO:0052555 -[is_a]-> GO:0050778
GO:0052555 -[is_a]-> GO:0052552
GO:0052556 -[is_a]-> GO:0052553
GO:0052556 -[is_a]-> GO:0052555
GO:0052558 -[is_a]-> GO:0052555
GO:0052559 -[is_a]-> GO:0052556
GO:0052559 -[is_a]-> GO:0052558
GO:0052561 -[is_a]-> GO:0050777
GO:0052561 -[is_a]-> GO:0052552
GO:0052562 -[is_a]-> GO:0052553
GO:0052562 -[is_a]-> GO:0052561
GO:0052564 -[is_a]-> GO:0052173
GO:0052565 -[is_a]-> GO:0052551
GO:0052565 -[is_a]-> GO:0052572
GO:0052566 -[is_a]-> GO:0052549
GO:0052566 -[is_a]-> GO:0052572
GO:0052567 -[is_a]-> GO:0052550
GO:0052567 -[is_a]-> GO:0052572
GO:0052572 -[is_a]-> GO:0052200
GO:0052572 -[is_a]-> GO:0052564
GO:0052573 -[is_a]-> GO:0009225
GO:0052574 -[is_a]-> GO:0009226
GO:0052574 -[is_a]-> GO:0052573
GO:0052575 -[is_a]-> GO:0033036
GO:0052576 -[is_a]-> GO:0052575
GO:0052577 -[is_a]-> GO:0010334
GO:0052578 -[is_a]-> GO:0010334
GO:0052579 -[is_a]-> GO:0016628
GO:0052580 -[is_a]-> GO:0016628
GO:0052581 -[is_a]-> GO:0035671
GO:0052582 -[is_a]-> GO:0016709
GO:0052583 -[is_a]-> GO:0016491
GO:0052584 -[is_a]-> GO:0052583
GO:0052585 -[is_a]-> GO:0016638
GO:0052586 -[is_a]-> GO:0016661
GO:0052587 -[is_a]-> GO:0019152
GO:0052588 -[is_a]-> GO:0019152
GO:0052589 -[is_a]-> GO:0016615
GO:0052589 -[is_a]-> GO:0016901
GO:0052590 -[is_a]-> GO:0004368
GO:0052591 -[is_a]-> GO:0052590
GO:0052592 -[is_a]-> GO:0016725
GO:0052593 -[is_a]-> GO:0016641
GO:0052594 -[is_a]-> GO:0016641
GO:0052595 -[is_a]-> GO:0016641
GO:0052596 -[is_a]-> GO:0016641
GO:0052597 -[is_a]-> GO:0016641
GO:0052598 -[is_a]-> GO:0016641
GO:0052599 -[is_a]-> GO:0016641
GO:0052600 -[is_a]-> GO:0016641
GO:0052601 -[is_a]-> GO:0019113
GO:0052602 -[is_a]-> GO:0016657
GO:0052603 -[is_a]-> GO:0016657
GO:0052604 -[is_a]-> GO:0009975
GO:0052605 -[is_a]-> GO:0009975
GO:0052606 -[is_a]-> GO:0016703
GO:0052606 -[part_of]-> GO:0010277
GO:0052607 -[is_a]-> GO:0016703
GO:0052607 -[part_of]-> GO:0010277
GO:0052608 -[is_a]-> GO:0004497
GO:0052609 -[is_a]-> GO:0004497
GO:0052610 -[is_a]-> GO:0004497
GO:0052611 -[is_a]-> GO:0004497
GO:0052612 -[is_a]-> GO:0004497
GO:0052613 -[is_a]-> GO:0004497
GO:0052614 -[is_a]-> GO:0016491
GO:0052615 -[is_a]-> GO:0016709
GO:0052616 -[is_a]-> GO:0016709
GO:0052617 -[is_a]-> GO:0016709
GO:0052618 -[is_a]-> GO:0016881
GO:0052619 -[is_a]-> GO:0016881
GO:0052620 -[is_a]-> GO:0016725
GO:0052621 -[is_a]-> GO:0016779
GO:0052622 -[is_a]-> GO:0016765
GO:0052623 -[is_a]-> GO:0016765
GO:0052624 -[is_a]-> GO:0008169
GO:0052624 -[is_a]-> GO:0008171
GO:0052625 -[is_a]-> GO:0016881
GO:0052626 -[is_a]-> GO:0016881
GO:0052627 -[is_a]-> GO:0016881
GO:0052628 -[is_a]-> GO:0016881
GO:0052629 -[is_a]-> GO:0034593
GO:0052630 -[is_a]-> GO:0070569
GO:0052631 -[is_a]-> GO:0016705
GO:0052633 -[is_a]-> GO:0016836
GO:0052633 -[has_part]-> GO:0003994
GO:0052634 -[is_a]-> GO:0045543
GO:0052635 -[is_a]-> GO:0045543
GO:0052636 -[is_a]-> GO:0016763
GO:0052637 -[is_a]-> GO:0016705
GO:0052638 -[is_a]-> GO:0035251
GO:0052639 -[is_a]-> GO:0035251
GO:0052640 -[is_a]-> GO:0035251
GO:0052641 -[is_a]-> GO:0035251
GO:0052642 -[is_a]-> GO:0016791
GO:0052643 -[is_a]-> GO:0015994
GO:0052644 -[is_a]-> GO:0006082
GO:0052644 -[is_a]-> GO:0052643
GO:0052645 -[is_a]-> GO:0019520
GO:0052645 -[is_a]-> GO:0046483
GO:0052645 -[is_a]-> GO:0052648
GO:0052645 -[is_a]-> GO:1901360
GO:0052645 -[is_a]-> GO:1901564
GO:0052646 -[is_a]-> GO:0006796
GO:0052646 -[is_a]-> GO:0019637
GO:0052646 -[is_a]-> GO:1901135
GO:0052647 -[is_a]-> GO:0052646
GO:0052648 -[is_a]-> GO:0052647
GO:0052649 -[is_a]-> GO:0046483
GO:0052649 -[is_a]-> GO:0052648
GO:0052649 -[is_a]-> GO:1901360
GO:0052649 -[is_a]-> GO:1901564
GO:0052650 -[is_a]-> GO:0008106
GO:0052650 -[part_of]-> GO:0042572
GO:0052651 -[is_a]-> GO:0046462
GO:0052651 -[is_a]-> GO:0046464
GO:0052652 -[is_a]-> GO:0006164
GO:0052652 -[is_a]-> GO:0009190
GO:0052653 -[is_a]-> GO:0009152
GO:0052653 -[is_a]-> GO:0052652
GO:0052654 -[is_a]-> GO:0004084
GO:0052655 -[is_a]-> GO:0004084
GO:0052656 -[is_a]-> GO:0004084
GO:0052657 -[is_a]-> GO:0016763
GO:0052658 -[is_a]-> GO:0046030
GO:0052659 -[is_a]-> GO:0052743
GO:0052660 -[is_a]-> GO:0008912
GO:0052661 -[is_a]-> GO:0008912
GO:0052662 -[is_a]-> GO:0016709
GO:0052663 -[is_a]-> GO:0016709
GO:0052664 -[is_a]-> GO:0016663
GO:0052665 -[is_a]-> GO:0016300
GO:0052666 -[is_a]-> GO:0016427
GO:0052667 -[is_a]-> GO:0008170
GO:0052667 -[is_a]-> GO:0008757
GO:0052668 -[is_a]-> GO:0052673
GO:0052669 -[is_a]-> GO:0052668
GO:0052670 -[is_a]-> GO:0052673
GO:0052671 -[is_a]-> GO:0052673
GO:0052672 -[is_a]-> GO:0052671
GO:0052673 -[is_a]-> GO:0016773
GO:0052674 -[is_a]-> GO:0016838
GO:0052675 -[is_a]-> GO:0008106
GO:0052676 -[is_a]-> GO:0004022
GO:0052677 -[is_a]-> GO:0016616
GO:0052678 -[is_a]-> GO:0016838
GO:0052679 -[is_a]-> GO:0016838
GO:0052680 -[is_a]-> GO:0016838
GO:0052681 -[is_a]-> GO:0016838
GO:0052682 -[is_a]-> GO:0016838
GO:0052683 -[is_a]-> GO:0016838
GO:0052684 -[is_a]-> GO:0016836
GO:0052685 -[is_a]-> GO:0016405
GO:0052685 -[is_a]-> GO:0016878
GO:0052686 -[is_a]-> GO:0016405
GO:0052686 -[is_a]-> GO:0016878
GO:0052687 -[is_a]-> GO:0016405
GO:0052687 -[is_a]-> GO:0016878
GO:0052688 -[is_a]-> GO:0016405
GO:0052688 -[is_a]-> GO:0016878
GO:0052689 -[is_a]-> GO:0016788
GO:0052690 -[is_a]-> GO:0016661
GO:0052690 -[is_a]-> GO:0016667
GO:0052691 -[is_a]-> GO:0016866
GO:0052692 -[is_a]-> GO:0004557
GO:0052693 -[is_a]-> GO:0016491
GO:0052694 -[is_a]-> GO:0004497
GO:0052695 -[is_a]-> GO:0019585
GO:0052696 -[is_a]-> GO:0009812
GO:0052696 -[is_a]-> GO:0052695
GO:0052697 -[is_a]-> GO:0006805
GO:0052697 -[is_a]-> GO:0052695
GO:0052698 -[is_a]-> GO:0000096
GO:0052698 -[is_a]-> GO:0006577
GO:0052698 -[is_a]-> GO:0052701
GO:0052699 -[is_a]-> GO:0000097
GO:0052699 -[is_a]-> GO:0006578
GO:0052699 -[is_a]-> GO:0052698
GO:0052699 -[is_a]-> GO:0052703
GO:0052700 -[is_a]-> GO:0000098
GO:0052700 -[is_a]-> GO:0006579
GO:0052700 -[is_a]-> GO:0052698
GO:0052700 -[is_a]-> GO:0052702
GO:0052701 -[is_a]-> GO:0006575
GO:0052702 -[is_a]-> GO:0042219
GO:0052702 -[is_a]-> GO:0052701
GO:0052703 -[is_a]-> GO:0042398
GO:0052703 -[is_a]-> GO:0052701
GO:0052704 -[is_a]-> GO:0006548
GO:0052704 -[is_a]-> GO:0052699
GO:0052704 -[is_a]-> GO:0052708
GO:0052704 -[is_a]-> GO:0052805
GO:0052704 -[is_a]-> GO:1901606
GO:0052704 -[has_part]-> GO:0052707
GO:0052704 -[has_part]-> GO:0052711
GO:0052705 -[is_a]-> GO:0008757
GO:0052706 -[is_a]-> GO:0008757
GO:0052707 -[is_a]-> GO:0006548
GO:0052707 -[is_a]-> GO:0052709
GO:0052707 -[has_part]-> GO:0030745
GO:0052707 -[has_part]-> GO:0052705
GO:0052707 -[has_part]-> GO:0052706
GO:0052708 -[is_a]-> GO:0052701
GO:0052708 -[is_a]-> GO:1901605
GO:0052709 -[is_a]-> GO:0042398
GO:0052709 -[is_a]-> GO:0052708
GO:0052709 -[is_a]-> GO:1901607
GO:0052710 -[is_a]-> GO:0042219
GO:0052710 -[is_a]-> GO:0052708
GO:0052710 -[is_a]-> GO:1901606
GO:0052711 -[is_a]-> GO:0052699
GO:0052711 -[is_a]-> GO:0052710
GO:0052712 -[is_a]-> GO:0004629
GO:0052713 -[is_a]-> GO:0052712
GO:0052714 -[is_a]-> GO:0052713
GO:0052715 -[is_a]-> GO:0052713
GO:0052716 -[is_a]-> GO:0016682
GO:0052717 -[is_a]-> GO:0008251
GO:0052718 -[is_a]-> GO:0044424
GO:0052718 -[is_a]-> GO:1902494
GO:0052719 -[is_a]-> GO:0016891
GO:0052720 -[is_a]-> GO:0016888
GO:0052721 -[is_a]-> GO:0032071
GO:0052721 -[regulates]-> GO:0052720
GO:0052722 -[is_a]-> GO:0004497
GO:0052723 -[is_a]-> GO:0000828
GO:0052724 -[is_a]-> GO:0000828
GO:0052725 -[is_a]-> GO:0051766
GO:0052726 -[is_a]-> GO:0051766
GO:0052727 -[is_a]-> GO:0016860
GO:0052728 -[is_a]-> GO:0016860
GO:0052729 -[is_a]-> GO:0008170
GO:0052729 -[is_a]-> GO:0008757
GO:0052730 -[is_a]-> GO:0008170
GO:0052730 -[is_a]-> GO:0008757
GO:0052731 -[is_a]-> GO:0016791
GO:0052732 -[is_a]-> GO:0016791
GO:0052733 -[is_a]-> GO:0016616
GO:0052734 -[is_a]-> GO:0016616
GO:0052735 -[is_a]-> GO:0016427
GO:0052736 -[is_a]-> GO:0004553
GO:0052737 -[is_a]-> GO:0052738
GO:0052738 -[is_a]-> GO:0016903
GO:0052739 -[is_a]-> GO:0004620
GO:0052739 -[is_a]-> GO:0052689
GO:0052740 -[is_a]-> GO:0004620
GO:0052740 -[is_a]-> GO:0052689
GO:0052741 -[is_a]-> GO:0019113
GO:0052742 -[is_a]-> GO:0016301
GO:0052742 -[is_a]-> GO:0016773
GO:0052742 -[part_of]-> GO:0046854
GO:0052743 -[is_a]-> GO:0052745
GO:0052744 -[is_a]-> GO:0052866
GO:0052745 -[is_a]-> GO:0016791
GO:0052746 -[is_a]-> GO:0006020
GO:0052746 -[is_a]-> GO:0046835
GO:0052747 -[is_a]-> GO:0016616
GO:0052748 -[is_a]-> GO:0004553
GO:0052749 -[is_a]-> GO:0016614
GO:0052750 -[is_a]-> GO:0004601
GO:0052751 -[is_a]-> GO:0016462
GO:0052752 -[is_a]-> GO:0016667
GO:0052753 -[is_a]-> GO:0016614
GO:0052754 -[is_a]-> GO:0070568
GO:0052755 -[is_a]-> GO:0016491
GO:0052756 -[is_a]-> GO:0004645
GO:0052757 -[is_a]-> GO:0033931
GO:0052758 -[is_a]-> GO:0016627
GO:0052759 -[is_a]-> GO:0016627
GO:0052760 -[is_a]-> GO:0016627
GO:0052761 -[is_a]-> GO:0004553
GO:0052762 -[is_a]-> GO:0016837
GO:0052763 -[is_a]-> GO:0016837
GO:0052764 -[is_a]-> GO:0016837
GO:0052765 -[is_a]-> GO:0016491
GO:0052766 -[is_a]-> GO:0004559
GO:0052767 -[is_a]-> GO:0015924
GO:0052768 -[is_a]-> GO:0015924
GO:0052769 -[is_a]-> GO:0004553
GO:0052770 -[is_a]-> GO:0016787
GO:0052771 -[is_a]-> GO:0016787
GO:0052772 -[is_a]-> GO:0052689
GO:0052773 -[is_a]-> GO:0016811
GO:0052774 -[is_a]-> GO:0015929
GO:0052775 -[is_a]-> GO:0004553
GO:0052776 -[is_a]-> GO:0006041
GO:0052776 -[is_a]-> GO:0006083
GO:0052776 -[is_a]-> GO:0044712
GO:0052776 -[is_a]-> GO:0052777
GO:0052776 -[has_part]-> GO:0050119
GO:0052776 -[has_part]-> GO:0052761
GO:0052776 -[has_part]-> GO:0052773
GO:0052777 -[is_a]-> GO:0052778
GO:0052777 -[is_a]-> GO:0052782
GO:0052778 -[is_a]-> GO:0052779
GO:0052779 -[is_a]-> GO:1901135
GO:0052780 -[is_a]-> GO:0052779
GO:0052781 -[is_a]-> GO:0052780
GO:0052781 -[is_a]-> GO:0052782
GO:0052782 -[is_a]-> GO:0052779
GO:0052782 -[is_a]-> GO:1901136
GO:0052783 -[is_a]-> GO:0030978
GO:0052784 -[is_a]-> GO:0030979
GO:0052784 -[is_a]-> GO:0052783
GO:0052785 -[is_a]-> GO:0030245
GO:0052786 -[is_a]-> GO:0000272
GO:0052787 -[is_a]-> GO:0000272
GO:0052788 -[is_a]-> GO:0004553
GO:0052789 -[is_a]-> GO:0004567
GO:0052790 -[is_a]-> GO:0052689
GO:0052791 -[is_a]-> GO:0016997
GO:0052792 -[is_a]-> GO:0004553
GO:0052793 -[is_a]-> GO:0052689
GO:0052794 -[is_a]-> GO:0004308
GO:0052795 -[is_a]-> GO:0004308
GO:0052796 -[is_a]-> GO:0004308
GO:0052797 -[is_a]-> GO:0052689
GO:0052798 -[is_a]-> GO:0008373
GO:0052799 -[is_a]-> GO:0052800
GO:0052800 -[is_a]-> GO:0052801
GO:0052800 -[is_a]-> GO:0052804
GO:0052801 -[is_a]-> GO:0052802
GO:0052802 -[is_a]-> GO:0052803
GO:0052803 -[is_a]-> GO:0006725
GO:0052803 -[is_a]-> GO:0034641
GO:0052803 -[is_a]-> GO:0046483
GO:0052803 -[is_a]-> GO:1901360
GO:0052803 -[is_a]-> GO:1901564
GO:0052804 -[is_a]-> GO:0052805
GO:0052805 -[is_a]-> GO:0019439
GO:0052805 -[is_a]-> GO:0044270
GO:0052805 -[is_a]-> GO:0046700
GO:0052805 -[is_a]-> GO:0052803
GO:0052805 -[is_a]-> GO:1901361
GO:0052805 -[is_a]-> GO:1901565
GO:0052806 -[is_a]-> GO:0016667
GO:0052807 -[is_a]-> GO:0016667
GO:0052808 -[is_a]-> GO:0016651
GO:0052809 -[is_a]-> GO:0016837
GO:0052810 -[is_a]-> GO:0052742
GO:0052811 -[is_a]-> GO:0016307
GO:0052812 -[is_a]-> GO:0052813
GO:0052813 -[is_a]-> GO:0016301
GO:0052813 -[is_a]-> GO:0016773
GO:0052813 -[part_of]-> GO:0046854
GO:0052814 -[is_a]-> GO:0004029
GO:0052815 -[is_a]-> GO:0047617
GO:0052816 -[is_a]-> GO:0047617
GO:0052817 -[is_a]-> GO:0052816
GO:0052818 -[is_a]-> GO:0047264
GO:0052819 -[is_a]-> GO:0047264
GO:0052820 -[is_a]-> GO:0003905
GO:0052821 -[is_a]-> GO:0003905
GO:0052822 -[is_a]-> GO:0043733
GO:0052823 -[is_a]-> GO:0016823
GO:0052824 -[is_a]-> GO:0000009
GO:0052825 -[is_a]-> GO:0052827
GO:0052826 -[is_a]-> GO:0004446
GO:0052827 -[is_a]-> GO:0052745
GO:0052828 -[is_a]-> GO:0016312
GO:0052829 -[is_a]-> GO:0046030
GO:0052830 -[is_a]-> GO:0052743
GO:0052831 -[is_a]-> GO:0052743
GO:0052832 -[is_a]-> GO:0052834
GO:0052833 -[is_a]-> GO:0052834
GO:0052834 -[is_a]-> GO:0052745
GO:0052835 -[is_a]-> GO:0051766
GO:0052836 -[is_a]-> GO:0016301
GO:0052836 -[is_a]-> GO:0016773
GO:0052837 -[is_a]-> GO:0018131
GO:0052837 -[is_a]-> GO:0019438
GO:0052837 -[is_a]-> GO:0044272
GO:0052837 -[is_a]-> GO:0052838
GO:0052837 -[is_a]-> GO:1901362
GO:0052837 -[is_a]-> GO:1901566
GO:0052838 -[is_a]-> GO:0006725
GO:0052838 -[is_a]-> GO:0006790
GO:0052838 -[is_a]-> GO:0046484
GO:0052838 -[is_a]-> GO:1901360
GO:0052838 -[is_a]-> GO:1901564
GO:0052839 -[is_a]-> GO:0016301
GO:0052839 -[is_a]-> GO:0016773
GO:0052840 -[is_a]-> GO:0016462
GO:0052841 -[is_a]-> GO:0016462
GO:0052842 -[is_a]-> GO:0016462
GO:0052843 -[is_a]-> GO:0052842
GO:0052844 -[is_a]-> GO:0052842
GO:0052845 -[is_a]-> GO:0052842
GO:0052846 -[is_a]-> GO:0052841
GO:0052847 -[is_a]-> GO:0052841
GO:0052848 -[is_a]-> GO:0052841
GO:0052849 -[is_a]-> GO:0016628
GO:0052850 -[is_a]-> GO:0016628
GO:0052851 -[is_a]-> GO:0016723
GO:0052852 -[is_a]-> GO:0003973
GO:0052853 -[is_a]-> GO:0003973
GO:0052854 -[is_a]-> GO:0003973
GO:0052855 -[is_a]-> GO:0016836
GO:0052856 -[is_a]-> GO:0016854
GO:0052857 -[is_a]-> GO:0016854
GO:0052858 -[is_a]-> GO:0008080
GO:0052859 -[is_a]-> GO:0008422
GO:0052860 -[is_a]-> GO:0016706
GO:0052861 -[is_a]-> GO:0052736
GO:0052862 -[is_a]-> GO:0052736
GO:0052863 -[is_a]-> GO:0006796
GO:0052863 -[is_a]-> GO:0019637
GO:0052863 -[is_a]-> GO:1901135
GO:0052864 -[is_a]-> GO:0046434
GO:0052864 -[is_a]-> GO:0052863
GO:0052864 -[is_a]-> GO:1901136
GO:0052865 -[is_a]-> GO:0052863
GO:0052865 -[is_a]-> GO:0090407
GO:0052865 -[is_a]-> GO:1901137
GO:0052866 -[is_a]-> GO:0016791
GO:0052867 -[is_a]-> GO:0034594
GO:0052867 -[is_a]-> GO:0034595
GO:0052868 -[is_a]-> GO:0016755
GO:0052869 -[is_a]-> GO:0016713
GO:0052870 -[is_a]-> GO:0016709
GO:0052871 -[is_a]-> GO:0052870
GO:0052872 -[is_a]-> GO:0016709
GO:0052873 -[is_a]-> GO:0016646
GO:0052874 -[is_a]-> GO:0016646
GO:0052875 -[is_a]-> GO:0016646
GO:0052876 -[is_a]-> GO:0052877
GO:0052877 -[is_a]-> GO:0016638
GO:0052878 -[is_a]-> GO:0016702
GO:0052879 -[is_a]-> GO:0050486
GO:0052880 -[is_a]-> GO:0016679
GO:0052881 -[is_a]-> GO:0016712
GO:0052882 -[is_a]-> GO:0030613
GO:0052883 -[is_a]-> GO:0016841
GO:0052884 -[is_a]-> GO:0052689
GO:0052884 -[part_of]-> GO:0042572
GO:0052885 -[is_a]-> GO:0052689
GO:0052885 -[part_of]-> GO:0042572
GO:0052886 -[is_a]-> GO:0016635
GO:0052887 -[is_a]-> GO:0016635
GO:0052889 -[is_a]-> GO:0016119
GO:0052889 -[has_part]-> GO:0052886
GO:0052889 -[has_part]-> GO:0052887
GO:0052890 -[is_a]-> GO:0016627
GO:0052891 -[is_a]-> GO:0016832
GO:0052892 -[is_a]-> GO:0016832
GO:0052893 -[is_a]-> GO:0016647
GO:0052894 -[is_a]-> GO:0016647
GO:0052895 -[is_a]-> GO:0016647
GO:0052896 -[is_a]-> GO:0016647
GO:0052897 -[is_a]-> GO:0016647
GO:0052898 -[is_a]-> GO:0016647
GO:0052899 -[is_a]-> GO:0016647
GO:0052900 -[is_a]-> GO:0016647
GO:0052901 -[is_a]-> GO:0016647
GO:0052902 -[is_a]-> GO:0016647
GO:0052903 -[is_a]-> GO:0016647
GO:0052904 -[is_a]-> GO:0016647
GO:0052905 -[is_a]-> GO:0009019
GO:0052906 -[is_a]-> GO:0009019
GO:0052907 -[is_a]-> GO:0008988
GO:0052908 -[is_a]-> GO:0008988
GO:0052909 -[is_a]-> GO:0008988
GO:0052910 -[is_a]-> GO:0008988
GO:0052911 -[is_a]-> GO:0008989
GO:0052912 -[is_a]-> GO:0008989
GO:0052913 -[is_a]-> GO:0008990
GO:0052914 -[is_a]-> GO:0008990
GO:0052915 -[is_a]-> GO:0008990
GO:0052916 -[is_a]-> GO:0008990
GO:0052917 -[is_a]-> GO:0000009
GO:0052918 -[is_a]-> GO:0000026
GO:0052919 -[is_a]-> GO:0016832
GO:0052920 -[is_a]-> GO:0052919
GO:0052921 -[is_a]-> GO:0052919
GO:0052922 -[is_a]-> GO:0016765
GO:0052923 -[is_a]-> GO:0016765
GO:0052924 -[is_a]-> GO:0016765
GO:0052925 -[is_a]-> GO:0000033
GO:0052926 -[is_a]-> GO:0000026
GO:0052927 -[is_a]-> GO:0016779
GO:0052928 -[is_a]-> GO:0016779
GO:0052929 -[is_a]-> GO:0004810
GO:0052930 -[is_a]-> GO:0016898
GO:0052931 -[is_a]-> GO:0052933
GO:0052932 -[is_a]-> GO:0052933
GO:0052933 -[is_a]-> GO:0016898
GO:0052934 -[is_a]-> GO:0016898
GO:0052935 -[is_a]-> GO:0052934
GO:0052936 -[is_a]-> GO:0052934
GO:0055001 -[is_a]-> GO:0048468
GO:0055001 -[part_of]-> GO:0042692
GO:0055002 -[is_a]-> GO:0055001
GO:0055002 -[part_of]-> GO:0051146
GO:0055003 -[is_a]-> GO:0030239
GO:0055003 -[part_of]-> GO:0055013
GO:0055004 -[is_a]-> GO:0055003
GO:0055004 -[part_of]-> GO:0055014
GO:0055005 -[is_a]-> GO:0055003
GO:0055005 -[part_of]-> GO:0055015
GO:0055006 -[is_a]-> GO:0048468
GO:0055006 -[part_of]-> GO:0035051
GO:0055007 -[is_a]-> GO:0035051
GO:0055007 -[is_a]-> GO:0051146
GO:0055007 -[part_of]-> GO:0048738
GO:0055008 -[is_a]-> GO:0060415
GO:0055008 -[part_of]-> GO:0003007
GO:0055008 -[part_of]-> GO:0048738
GO:0055009 -[is_a]-> GO:0055008
GO:0055009 -[part_of]-> GO:0003209
GO:0055009 -[part_of]-> GO:0003228
GO:0055010 -[is_a]-> GO:0055008
GO:0055010 -[part_of]-> GO:0003208
GO:0055010 -[part_of]-> GO:0003229
GO:0055011 -[is_a]-> GO:0055007
GO:0055012 -[is_a]-> GO:0055007
GO:0055013 -[is_a]-> GO:0055002
GO:0055013 -[is_a]-> GO:0055006
GO:0055013 -[part_of]-> GO:0055007
GO:0055014 -[is_a]-> GO:0055013
GO:0055014 -[part_of]-> GO:0055011
GO:0055015 -[is_a]-> GO:0055013
GO:0055015 -[part_of]-> GO:0055012
GO:0055016 -[is_a]-> GO:0009888
GO:0055016 -[is_a]-> GO:0048568
GO:0055017 -[is_a]-> GO:0048589
GO:0055017 -[part_of]-> GO:0048738
GO:0055017 -[part_of]-> GO:0060419
GO:0055018 -[is_a]-> GO:0060284
GO:0055018 -[is_a]-> GO:2000725
GO:0055018 -[regulates]-> GO:0048739
GO:0055019 -[is_a]-> GO:0010721
GO:0055019 -[is_a]-> GO:0055018
GO:0055019 -[is_a]-> GO:2000726
GO:0055019 -[negatively_regulates]-> GO:0048739
GO:0055020 -[is_a]-> GO:0010720
GO:0055020 -[is_a]-> GO:0055018
GO:0055020 -[is_a]-> GO:2000727
GO:0055020 -[positively_regulates]-> GO:0048739
GO:0055021 -[is_a]-> GO:0055024
GO:0055021 -[is_a]-> GO:0060420
GO:0055021 -[regulates]-> GO:0055017
GO:0055022 -[is_a]-> GO:0055021
GO:0055022 -[is_a]-> GO:0055026
GO:0055022 -[is_a]-> GO:0061117
GO:0055022 -[negatively_regulates]-> GO:0055017
GO:0055023 -[is_a]-> GO:0055021
GO:0055023 -[is_a]-> GO:0055025
GO:0055023 -[is_a]-> GO:0060421
GO:0055023 -[positively_regulates]-> GO:0055017
GO:0055024 -[is_a]-> GO:0016202
GO:0055024 -[regulates]-> GO:0048738
GO:0055025 -[is_a]-> GO:0045844
GO:0055025 -[is_a]-> GO:0055024
GO:0055025 -[positively_regulates]-> GO:0048738
GO:0055026 -[is_a]-> GO:0045843
GO:0055026 -[is_a]-> GO:0055024
GO:0055026 -[negatively_regulates]-> GO:0048738
GO:0055028 -[is_a]-> GO:0005881
GO:0055028 -[is_a]-> GO:0044448
GO:0055028 -[part_of]-> GO:0030981
GO:0055029 -[is_a]-> GO:0000428
GO:0055029 -[is_a]-> GO:0044428
GO:0055029 -[part_of]-> GO:0005634
GO:0055031 -[is_a]-> GO:0000931
GO:0055031 -[is_a]-> GO:0032155
GO:0055031 -[part_of]-> GO:0000923
GO:0055032 -[is_a]-> GO:0000931
GO:0055032 -[part_of]-> GO:0005816
GO:0055033 -[is_a]-> GO:0000931
GO:0055033 -[part_of]-> GO:0031021
GO:0055034 -[is_a]-> GO:0001654
GO:0055035 -[is_a]-> GO:0042651
GO:0055035 -[is_a]-> GO:0044435
GO:0055035 -[part_of]-> GO:0031976
GO:0055036 -[is_a]-> GO:0016020
GO:0055036 -[is_a]-> GO:0044423
GO:0055037 -[is_a]-> GO:0005768
GO:0055038 -[is_a]-> GO:0010008
GO:0055038 -[part_of]-> GO:0055037
GO:0055039 -[is_a]-> GO:0043264
GO:0055040 -[is_a]-> GO:0009288
GO:0055040 -[part_of]-> GO:0042597
GO:0055041 -[is_a]-> GO:0016616
GO:0055042 -[is_a]-> GO:0046573
GO:0055043 -[is_a]-> GO:0016620
GO:0055044 -[is_a]-> GO:0005575
GO:0055045 -[is_a]-> GO:0010623
GO:0055045 -[part_of]-> GO:0009561
GO:0055046 -[is_a]-> GO:0044707
GO:0055046 -[part_of]-> GO:0009555
GO:0055047 -[is_a]-> GO:0007067
GO:0055047 -[is_a]-> GO:0022414
GO:0055047 -[part_of]-> GO:0048232
GO:0055048 -[is_a]-> GO:0051225
GO:0055049 -[is_a]-> GO:0051225
GO:0055050 -[is_a]-> GO:0007053
GO:0055050 -[is_a]-> GO:0055049
GO:0055050 -[part_of]-> GO:0007140
GO:0055051 -[is_a]-> GO:0043190
GO:0055052 -[is_a]-> GO:0043190
GO:0055053 -[is_a]-> GO:0009679
GO:0055053 -[is_a]-> GO:0015578
GO:0055054 -[is_a]-> GO:0005353
GO:0055054 -[is_a]-> GO:0009679
GO:0055055 -[is_a]-> GO:0005356
GO:0055055 -[is_a]-> GO:0055056
GO:0055056 -[is_a]-> GO:0005355
GO:0055057 -[is_a]-> GO:0036445
GO:0055057 -[part_of]-> GO:0007405
GO:0055058 -[is_a]-> GO:0055057
GO:0055059 -[is_a]-> GO:0045165
GO:0055059 -[is_a]-> GO:0055057
GO:0055059 -[is_a]-> GO:0098722
GO:0055060 -[is_a]-> GO:0014017
GO:0055060 -[is_a]-> GO:0055059
GO:0055062 -[is_a]-> GO:0072506
GO:0055063 -[is_a]-> GO:0072505
GO:0055064 -[is_a]-> GO:0055083
GO:0055065 -[is_a]-> GO:0055080
GO:0055065 -[is_a]-> GO:0098771
GO:0055067 -[is_a]-> GO:0055080
GO:0055067 -[is_a]-> GO:0098771
GO:0055068 -[is_a]-> GO:0055076
GO:0055069 -[is_a]-> GO:0055076
GO:0055069 -[is_a]-> GO:0072507
GO:0055070 -[is_a]-> GO:0055076
GO:0055071 -[is_a]-> GO:0055076
GO:0055072 -[is_a]-> GO:0055076
GO:0055073 -[is_a]-> GO:0055076
GO:0055073 -[is_a]-> GO:0072507
GO:0055074 -[is_a]-> GO:0055065
GO:0055074 -[is_a]-> GO:0072507
GO:0055075 -[is_a]-> GO:0055065
GO:0055075 -[is_a]-> GO:0055067
GO:0055076 -[is_a]-> GO:0055065
GO:0055077 -[is_a]-> GO:0022829
GO:0055077 -[part_of]-> GO:0005243
GO:0055078 -[is_a]-> GO:0055065
GO:0055078 -[is_a]-> GO:0055067
GO:0055079 -[is_a]-> GO:0055065
GO:0055080 -[is_a]-> GO:0050801
GO:0055081 -[is_a]-> GO:0050801
GO:0055082 -[is_a]-> GO:0019725
GO:0055082 -[is_a]-> GO:0048878
GO:0055083 -[is_a]-> GO:0055081
GO:0055083 -[is_a]-> GO:0098771
GO:0055085 -[is_a]-> GO:0006810
GO:0055086 -[is_a]-> GO:0006139
GO:0055086 -[is_a]-> GO:0044281
GO:0055086 -[is_a]-> GO:0044763
GO:0055087 -[is_a]-> GO:0043234
GO:0055087 -[is_a]-> GO:0044444
GO:0055088 -[is_a]-> GO:0048878
GO:0055089 -[is_a]-> GO:0055088
GO:0055090 -[is_a]-> GO:0055088
GO:0055091 -[is_a]-> GO:0055088
GO:0055092 -[is_a]-> GO:0055088
GO:0055093 -[is_a]-> GO:0006950
GO:0055093 -[is_a]-> GO:0036296
GO:0055094 -[is_a]-> GO:0009719
GO:0055094 -[is_a]-> GO:0010033
GO:0055095 -[is_a]-> GO:0007165
GO:0055095 -[part_of]-> GO:0071402
GO:0055096 -[is_a]-> GO:0055095
GO:0055096 -[part_of]-> GO:0071404
GO:0055097 -[is_a]-> GO:0055095
GO:0055097 -[part_of]-> GO:0071403
GO:0055098 -[is_a]-> GO:0055094
GO:0055099 -[is_a]-> GO:0055094
GO:0055100 -[is_a]-> GO:0005515
GO:0055100 -[is_a]-> GO:0042562
GO:0055102 -[is_a]-> GO:0004857
GO:0055102 -[negatively_regulates]-> GO:0016298
GO:0055103 -[is_a]-> GO:0030234
GO:0055103 -[regulates]-> GO:0016874
GO:0055104 -[is_a]-> GO:0004857
GO:0055104 -[negatively_regulates]-> GO:0016874
GO:0055105 -[is_a]-> GO:0004857
GO:0055105 -[is_a]-> GO:0055106
GO:0055105 -[negatively_regulates]-> GO:0004842
GO:0055105 -[part_of]-> GO:0031397
GO:0055106 -[is_a]-> GO:0030234
GO:0055106 -[regulates]-> GO:0004842
GO:0055107 -[is_a]-> GO:0046907
GO:0055107 -[occurs_in]-> GO:0005737
GO:0055108 -[is_a]-> GO:0046907
GO:0055108 -[occurs_in]-> GO:0005737
GO:0055108 -[part_of]-> GO:0048193
GO:0055109 -[is_a]-> GO:0048598
GO:0055109 -[is_a]-> GO:0060571
GO:0055109 -[part_of]-> GO:0001702
GO:0055110 -[is_a]-> GO:0048598
GO:0055110 -[is_a]-> GO:0060571
GO:0055110 -[part_of]-> GO:0001702
GO:0055111 -[is_a]-> GO:0042074
GO:0055111 -[part_of]-> GO:0001702
GO:0055112 -[is_a]-> GO:0060232
GO:0055112 -[part_of]-> GO:0001702
GO:0055113 -[is_a]-> GO:0048598
GO:0055113 -[is_a]-> GO:0090504
GO:0055113 -[part_of]-> GO:0001702
GO:0055114 -[is_a]-> GO:0044710
GO:0055115 -[is_a]-> GO:0022611
GO:0055115 -[is_a]-> GO:0044767
GO:0055116 -[is_a]-> GO:0055115
GO:0055117 -[is_a]-> GO:0006942
GO:0055117 -[is_a]-> GO:0008016
GO:0055117 -[regulates]-> GO:0060048
GO:0055118 -[is_a]-> GO:0045822
GO:0055118 -[is_a]-> GO:0045988
GO:0055118 -[is_a]-> GO:0055117
GO:0055118 -[negatively_regulates]-> GO:0060048
GO:0055119 -[is_a]-> GO:0090075
GO:0055120 -[is_a]-> GO:0044449
GO:0055121 -[is_a]-> GO:0009637
GO:0055121 -[is_a]-> GO:0009644
GO:0055122 -[is_a]-> GO:0009642
GO:0055123 -[is_a]-> GO:0048731
GO:0055127 -[is_a]-> GO:0044707
GO:0055127 -[part_of]-> GO:0007605
GO:0055129 -[is_a]-> GO:0006561
GO:0055130 -[is_a]-> GO:0006524
GO:0055130 -[is_a]-> GO:0046436
GO:0055131 -[is_a]-> GO:0019904
GO:0060001 -[is_a]-> GO:0000146
GO:0060002 -[is_a]-> GO:0000146
GO:0060003 -[is_a]-> GO:0035434
GO:0060004 -[is_a]-> GO:0009605
GO:0060005 -[is_a]-> GO:0060004
GO:0060006 -[is_a]-> GO:0060005
GO:0060007 -[is_a]-> GO:0060005
GO:0060008 -[is_a]-> GO:0003006
GO:0060008 -[is_a]-> GO:0030855
GO:0060008 -[is_a]-> GO:0044702
GO:0060008 -[part_of]-> GO:0008584
GO:0060009 -[is_a]-> GO:0002064
GO:0060009 -[is_a]-> GO:0003006
GO:0060009 -[is_a]-> GO:0044702
GO:0060009 -[part_of]-> GO:0060008
GO:0060010 -[is_a]-> GO:0003006
GO:0060010 -[is_a]-> GO:0044702
GO:0060010 -[is_a]-> GO:0072148
GO:0060010 -[part_of]-> GO:0060008
GO:0060011 -[is_a]-> GO:0044702
GO:0060011 -[is_a]-> GO:0050673
GO:0060011 -[part_of]-> GO:0008584
GO:0060012 -[is_a]-> GO:0007270
GO:0060013 -[is_a]-> GO:0060004
GO:0060014 -[is_a]-> GO:0030855
GO:0060015 -[is_a]-> GO:0072148
GO:0060015 -[part_of]-> GO:0060014
GO:0060016 -[is_a]-> GO:0002064
GO:0060016 -[part_of]-> GO:0060014
GO:0060017 -[is_a]-> GO:0048732
GO:0060017 -[part_of]-> GO:0035270
GO:0060018 -[is_a]-> GO:0021781
GO:0060018 -[part_of]-> GO:0048708
GO:0060019 -[is_a]-> GO:0010001
GO:0060020 -[is_a]-> GO:0048708
GO:0060021 -[is_a]-> GO:0048856
GO:0060022 -[is_a]-> GO:0044767
GO:0060022 -[is_a]-> GO:0048856
GO:0060022 -[part_of]-> GO:0060021
GO:0060023 -[is_a]-> GO:0048856
GO:0060023 -[part_of]-> GO:0060021
GO:0060024 -[is_a]-> GO:0050804
GO:0060025 -[is_a]-> GO:0050804
GO:0060025 -[part_of]-> GO:0050803
GO:0060026 -[is_a]-> GO:0002009
GO:0060027 -[is_a]-> GO:0048598
GO:0060027 -[is_a]-> GO:0060026
GO:0060027 -[part_of]-> GO:0007369
GO:0060028 -[is_a]-> GO:0060026
GO:0060028 -[part_of]-> GO:0003401
GO:0060029 -[is_a]-> GO:0060026
GO:0060029 -[part_of]-> GO:0048513
GO:0060030 -[is_a]-> GO:0042074
GO:0060030 -[part_of]-> GO:0060027
GO:0060031 -[is_a]-> GO:0042074
GO:0060031 -[part_of]-> GO:0060027
GO:0060032 -[is_a]-> GO:0060033
GO:0060032 -[part_of]-> GO:0048570
GO:0060033 -[is_a]-> GO:0044767
GO:0060033 -[part_of]-> GO:0009653
GO:0060034 -[is_a]-> GO:0030154
GO:0060034 -[part_of]-> GO:0030903
GO:0060035 -[is_a]-> GO:0048468
GO:0060035 -[part_of]-> GO:0060034
GO:0060036 -[is_a]-> GO:0007033
GO:0060036 -[part_of]-> GO:0060035
GO:0060037 -[is_a]-> GO:0048731
GO:0060037 -[part_of]-> GO:0043009
GO:0060038 -[is_a]-> GO:0014855
GO:0060038 -[part_of]-> GO:0055017
GO:0060039 -[is_a]-> GO:0060429
GO:0060039 -[part_of]-> GO:0007507
GO:0060040 -[is_a]-> GO:0030182
GO:0060040 -[part_of]-> GO:0003407
GO:0060040 -[part_of]-> GO:0060042
GO:0060041 -[is_a]-> GO:0048856
GO:0060041 -[part_of]-> GO:0043010
GO:0060042 -[is_a]-> GO:0009653
GO:0060042 -[is_a]-> GO:0044767
GO:0060042 -[part_of]-> GO:0048593
GO:0060042 -[part_of]-> GO:0060041
GO:0060043 -[is_a]-> GO:0042127
GO:0060043 -[is_a]-> GO:0055021
GO:0060043 -[regulates]-> GO:0060038
GO:0060044 -[is_a]-> GO:0008285
GO:0060044 -[is_a]-> GO:0055022
GO:0060044 -[is_a]-> GO:0060043
GO:0060044 -[negatively_regulates]-> GO:0060038
GO:0060045 -[is_a]-> GO:0008284
GO:0060045 -[is_a]-> GO:0055023
GO:0060045 -[is_a]-> GO:0060043
GO:0060045 -[positively_regulates]-> GO:0060038
GO:0060046 -[is_a]-> GO:0080154
GO:0060046 -[regulates]-> GO:0007340
GO:0060047 -[is_a]-> GO:0003015
GO:0060047 -[part_of]-> GO:0008015
GO:0060048 -[is_a]-> GO:0006941
GO:0060048 -[part_of]-> GO:0060047
GO:0060049 -[is_a]-> GO:0010559
GO:0060049 -[is_a]-> GO:0031399
GO:0060049 -[regulates]-> GO:0006486
GO:0060050 -[is_a]-> GO:0010560
GO:0060050 -[is_a]-> GO:0031401
GO:0060050 -[is_a]-> GO:0060049
GO:0060050 -[positively_regulates]-> GO:0006486
GO:0060051 -[is_a]-> GO:0010561
GO:0060051 -[is_a]-> GO:0031400
GO:0060051 -[is_a]-> GO:0060049
GO:0060051 -[negatively_regulates]-> GO:0006486
GO:0060052 -[is_a]-> GO:0045104
GO:0060053 -[is_a]-> GO:0045111
GO:0060053 -[is_a]-> GO:0097458
GO:0060053 -[has_part]-> GO:0005883
GO:0060054 -[is_a]-> GO:0050679
GO:0060054 -[part_of]-> GO:0042060
GO:0060055 -[is_a]-> GO:0001525
GO:0060055 -[part_of]-> GO:0042060
GO:0060056 -[is_a]-> GO:0048771
GO:0060056 -[part_of]-> GO:0060443
GO:0060057 -[is_a]-> GO:0060561
GO:0060057 -[part_of]-> GO:0060056
GO:0060058 -[is_a]-> GO:1902339
GO:0060058 -[is_a]-> GO:1903521
GO:0060058 -[positively_regulates]-> GO:0060057
GO:0060059 -[is_a]-> GO:0048598
GO:0060059 -[part_of]-> GO:0060042
GO:0060060 -[is_a]-> GO:0009886
GO:0060060 -[is_a]-> GO:0044767
GO:0060060 -[part_of]-> GO:0060042
GO:0060061 -[is_a]-> GO:0044767
GO:0060061 -[is_a]-> GO:0048646
GO:0060061 -[part_of]-> GO:0031128
GO:0060062 -[is_a]-> GO:0060061
GO:0060063 -[is_a]-> GO:0060061
GO:0060064 -[is_a]-> GO:0060061
GO:0060065 -[is_a]-> GO:0044702
GO:0060065 -[is_a]-> GO:0044767
GO:0060065 -[is_a]-> GO:0048513
GO:0060065 -[is_a]-> GO:0048608
GO:0060066 -[is_a]-> GO:0035295
GO:0060066 -[is_a]-> GO:0048608
GO:0060067 -[is_a]-> GO:0048608
GO:0060068 -[is_a]-> GO:0030540
GO:0060069 -[is_a]-> GO:0007346
GO:0060069 -[is_a]-> GO:0010564
GO:0060069 -[is_a]-> GO:0035567
GO:0060069 -[is_a]-> GO:0060341
GO:0060069 -[is_a]-> GO:0070507
GO:0060069 -[regulates]-> GO:0040001
GO:0060070 -[is_a]-> GO:0016055
GO:0060071 -[is_a]-> GO:0035567
GO:0060071 -[is_a]-> GO:0090175
GO:0060072 -[is_a]-> GO:0015269
GO:0060073 -[is_a]-> GO:0003014
GO:0060073 -[is_a]-> GO:0007588
GO:0060074 -[is_a]-> GO:0021700
GO:0060074 -[is_a]-> GO:0050808
GO:0060074 -[part_of]-> GO:0007399
GO:0060075 -[is_a]-> GO:0042391
GO:0060076 -[is_a]-> GO:0045202
GO:0060077 -[is_a]-> GO:0045202
GO:0060078 -[is_a]-> GO:0042391
GO:0060079 -[is_a]-> GO:0060078
GO:0060079 -[part_of]-> GO:0099565
GO:0060080 -[is_a]-> GO:0060078
GO:0060080 -[part_of]-> GO:0099565
GO:0060081 -[is_a]-> GO:0042391
GO:0060082 -[is_a]-> GO:0060004
GO:0060083 -[is_a]-> GO:0014832
GO:0060083 -[part_of]-> GO:0060073
GO:0060084 -[is_a]-> GO:0007274
GO:0060084 -[part_of]-> GO:0060073
GO:0060085 -[is_a]-> GO:0044557
GO:0060085 -[is_a]-> GO:0045986
GO:0060085 -[part_of]-> GO:0060073
GO:0060086 -[is_a]-> GO:0001659
GO:0060086 -[is_a]-> GO:0007623
GO:0060087 -[is_a]-> GO:0044557
GO:0060087 -[is_a]-> GO:0045986
GO:0060087 -[part_of]-> GO:0042311
GO:0060088 -[is_a]-> GO:0060122
GO:0060088 -[part_of]-> GO:0002093
GO:0060089 -[is_a]-> GO:0003674
GO:0060090 -[is_a]-> GO:0005488
GO:0060091 -[is_a]-> GO:0044422
GO:0060091 -[is_a]-> GO:0097458
GO:0060091 -[is_a]-> GO:0097732
GO:0060091 -[part_of]-> GO:0032421
GO:0060092 -[is_a]-> GO:0050804
GO:0060092 -[regulates]-> GO:0060012
GO:0060093 -[is_a]-> GO:0050805
GO:0060093 -[is_a]-> GO:0060092
GO:0060093 -[negatively_regulates]-> GO:0060012
GO:0060094 -[is_a]-> GO:0050806
GO:0060094 -[is_a]-> GO:0060092
GO:0060094 -[positively_regulates]-> GO:0060012
GO:0060095 -[is_a]-> GO:0060094
GO:0060096 -[is_a]-> GO:0001820
GO:0060096 -[is_a]-> GO:0007269
GO:0060097 -[is_a]-> GO:0007010
GO:0060097 -[part_of]-> GO:0006911
GO:0060098 -[is_a]-> GO:0007009
GO:0060098 -[part_of]-> GO:0006911
GO:0060099 -[is_a]-> GO:0050764
GO:0060099 -[is_a]-> GO:1905153
GO:0060099 -[regulates]-> GO:0006911
GO:0060100 -[is_a]-> GO:0050766
GO:0060100 -[is_a]-> GO:0060099
GO:0060100 -[is_a]-> GO:1905155
GO:0060100 -[positively_regulates]-> GO:0006911
GO:0060101 -[is_a]-> GO:0050765
GO:0060101 -[is_a]-> GO:0060099
GO:0060101 -[is_a]-> GO:1905154
GO:0060101 -[negatively_regulates]-> GO:0006911
GO:0060102 -[is_a]-> GO:0005578
GO:0060103 -[is_a]-> GO:0044420
GO:0060103 -[part_of]-> GO:0060102
GO:0060104 -[is_a]-> GO:0060103
GO:0060104 -[part_of]-> GO:0060102
GO:0060105 -[is_a]-> GO:0060103
GO:0060105 -[part_of]-> GO:0060102
GO:0060106 -[is_a]-> GO:0060103
GO:0060106 -[part_of]-> GO:0060102
GO:0060107 -[is_a]-> GO:0060103
GO:0060107 -[part_of]-> GO:0060106
GO:0060108 -[is_a]-> GO:0060103
GO:0060108 -[part_of]-> GO:0060106
GO:0060109 -[is_a]-> GO:0060103
GO:0060109 -[part_of]-> GO:0060102
GO:0060110 -[is_a]-> GO:0060103
GO:0060110 -[part_of]-> GO:0060102
GO:0060111 -[is_a]-> GO:0060103
GO:0060111 -[part_of]-> GO:0060102
GO:0060112 -[is_a]-> GO:0022602
GO:0060113 -[is_a]-> GO:0042490
GO:0060113 -[part_of]-> GO:0048839
GO:0060114 -[is_a]-> GO:0035315
GO:0060114 -[is_a]-> GO:0060113
GO:0060115 -[is_a]-> GO:0060120
GO:0060115 -[part_of]-> GO:0060114
GO:0060116 -[is_a]-> GO:0048598
GO:0060116 -[is_a]-> GO:0048667
GO:0060116 -[part_of]-> GO:0042472
GO:0060116 -[part_of]-> GO:0060118
GO:0060117 -[is_a]-> GO:0002066
GO:0060117 -[is_a]-> GO:0060119
GO:0060117 -[part_of]-> GO:0042491
GO:0060118 -[is_a]-> GO:0060119
GO:0060118 -[part_of]-> GO:0060114
GO:0060119 -[is_a]-> GO:0048666
GO:0060119 -[part_of]-> GO:0060113
GO:0060120 -[is_a]-> GO:0048663
GO:0060120 -[part_of]-> GO:0060113
GO:0060121 -[is_a]-> GO:0060122
GO:0060121 -[part_of]-> GO:0060116
GO:0060122 -[is_a]-> GO:0030030
GO:0060122 -[part_of]-> GO:0060119
GO:0060123 -[is_a]-> GO:0090276
GO:0060123 -[regulates]-> GO:0030252
GO:0060124 -[is_a]-> GO:0060123
GO:0060124 -[is_a]-> GO:0090277
GO:0060124 -[positively_regulates]-> GO:0030252
GO:0060125 -[is_a]-> GO:0060123
GO:0060125 -[is_a]-> GO:0090278
GO:0060125 -[negatively_regulates]-> GO:0030252
GO:0060126 -[is_a]-> GO:0030154
GO:0060126 -[part_of]-> GO:0021984
GO:0060127 -[is_a]-> GO:0030154
GO:0060127 -[part_of]-> GO:0021984
GO:0060128 -[is_a]-> GO:0030154
GO:0060128 -[part_of]-> GO:0021984
GO:0060129 -[is_a]-> GO:0002067
GO:0060129 -[is_a]-> GO:0061101
GO:0060129 -[part_of]-> GO:0021984
GO:0060130 -[is_a]-> GO:0002068
GO:0060130 -[part_of]-> GO:0060129
GO:0060131 -[is_a]-> GO:0048468
GO:0060131 -[part_of]-> GO:0060128
GO:0060132 -[is_a]-> GO:0048468
GO:0060132 -[part_of]-> GO:0060127
GO:0060133 -[is_a]-> GO:0048468
GO:0060133 -[part_of]-> GO:0060126
GO:0060134 -[is_a]-> GO:0032102
GO:0060134 -[part_of]-> GO:0001964
GO:0060135 -[is_a]-> GO:0044702
GO:0060135 -[is_a]-> GO:0048609
GO:0060135 -[part_of]-> GO:0007565
GO:0060136 -[is_a]-> GO:0044702
GO:0060136 -[is_a]-> GO:0048609
GO:0060136 -[part_of]-> GO:0007565
GO:0060136 -[part_of]-> GO:0009790
GO:0060136 -[part_of]-> GO:0009792
GO:0060137 -[is_a]-> GO:0044702
GO:0060137 -[is_a]-> GO:0048609
GO:0060137 -[part_of]-> GO:0007567
GO:0060138 -[is_a]-> GO:0044702
GO:0060138 -[is_a]-> GO:0048609
GO:0060138 -[part_of]-> GO:0007567
GO:0060138 -[part_of]-> GO:0009792
GO:0060139 -[is_a]-> GO:0019054
GO:0060139 -[is_a]-> GO:0052151
GO:0060140 -[is_a]-> GO:0060142
GO:0060140 -[part_of]-> GO:0006948
GO:0060141 -[is_a]-> GO:0019054
GO:0060141 -[is_a]-> GO:0060140
GO:0060141 -[is_a]-> GO:0060143
GO:0060141 -[part_of]-> GO:0006948
GO:0060142 -[is_a]-> GO:0022603
GO:0060142 -[is_a]-> GO:0051128
GO:0060142 -[regulates]-> GO:0000768
GO:0060143 -[is_a]-> GO:0051094
GO:0060143 -[is_a]-> GO:0051130
GO:0060143 -[is_a]-> GO:0060142
GO:0060143 -[positively_regulates]-> GO:0000768
GO:0060144 -[is_a]-> GO:0051702
GO:0060144 -[part_of]-> GO:0009616
GO:0060145 -[is_a]-> GO:0016441
GO:0060145 -[part_of]-> GO:0009616
GO:0060146 -[is_a]-> GO:0016441
GO:0060146 -[part_of]-> GO:0009616
GO:0060147 -[is_a]-> GO:0060968
GO:0060147 -[regulates]-> GO:0016441
GO:0060148 -[is_a]-> GO:0048522
GO:0060148 -[is_a]-> GO:0060147
GO:0060148 -[positively_regulates]-> GO:0016441
GO:0060149 -[is_a]-> GO:0060147
GO:0060149 -[is_a]-> GO:0060969
GO:0060149 -[negatively_regulates]-> GO:0016441
GO:0060150 -[is_a]-> GO:0060148
GO:0060150 -[part_of]-> GO:0009616
GO:0060151 -[is_a]-> GO:0051640
GO:0060152 -[is_a]-> GO:0007017
GO:0060152 -[is_a]-> GO:0060151
GO:0060152 -[is_a]-> GO:1902580
GO:0060153 -[is_a]-> GO:0019054
GO:0060153 -[is_a]-> GO:0044071
GO:0060154 -[is_a]-> GO:0051726
GO:0060154 -[is_a]-> GO:0098586
GO:0060155 -[is_a]-> GO:0033363
GO:0060156 -[is_a]-> GO:0060004
GO:0060157 -[is_a]-> GO:0044767
GO:0060157 -[is_a]-> GO:0048513
GO:0060157 -[part_of]-> GO:0072001
GO:0060158 -[is_a]-> GO:0007200
GO:0060158 -[is_a]-> GO:0007212
GO:0060159 -[is_a]-> GO:0008277
GO:0060159 -[regulates]-> GO:0007212
GO:0060160 -[is_a]-> GO:0045744
GO:0060160 -[is_a]-> GO:0060159
GO:0060160 -[negatively_regulates]-> GO:0007212
GO:0060161 -[is_a]-> GO:0045745
GO:0060161 -[is_a]-> GO:0060159
GO:0060161 -[positively_regulates]-> GO:0007212
GO:0060162 -[is_a]-> GO:0060160
GO:0060162 -[is_a]-> GO:1900737
GO:0060162 -[negatively_regulates]-> GO:0060158
GO:0060163 -[is_a]-> GO:0048663
GO:0060163 -[part_of]-> GO:0021544
GO:0060164 -[is_a]-> GO:0045664
GO:0060164 -[is_a]-> GO:0048505
GO:0060165 -[is_a]-> GO:0060164
GO:0060165 -[part_of]-> GO:0021544
GO:0060166 -[is_a]-> GO:0044767
GO:0060166 -[is_a]-> GO:0048856
GO:0060166 -[part_of]-> GO:0043584
GO:0060167 -[is_a]-> GO:0008277
GO:0060167 -[regulates]-> GO:0001973
GO:0060168 -[is_a]-> GO:0045745
GO:0060168 -[is_a]-> GO:0060167
GO:0060168 -[positively_regulates]-> GO:0001973
GO:0060169 -[is_a]-> GO:0045744
GO:0060169 -[is_a]-> GO:0060167
GO:0060169 -[negatively_regulates]-> GO:0001973
GO:0060170 -[is_a]-> GO:0031253
GO:0060170 -[is_a]-> GO:0044441
GO:0060170 -[is_a]-> GO:0098588
GO:0060170 -[part_of]-> GO:0005886
GO:0060171 -[is_a]-> GO:0031253
GO:0060171 -[is_a]-> GO:0044422
GO:0060171 -[is_a]-> GO:0044424
GO:0060171 -[is_a]-> GO:0097458
GO:0060171 -[part_of]-> GO:0032420
GO:0060172 -[is_a]-> GO:0007019
GO:0060172 -[is_a]-> GO:0030953
GO:0060173 -[is_a]-> GO:0048736
GO:0060174 -[is_a]-> GO:0044767
GO:0060174 -[is_a]-> GO:0048646
GO:0060174 -[part_of]-> GO:0035108
GO:0060175 -[is_a]-> GO:0004714
GO:0060175 -[is_a]-> GO:0005030
GO:0060175 -[has_part]-> GO:0048403
GO:0060175 -[part_of]-> GO:0031547
GO:0060176 -[is_a]-> GO:0031156
GO:0060176 -[regulates]-> GO:0031152
GO:0060177 -[is_a]-> GO:0051246
GO:0060178 -[is_a]-> GO:1903827
GO:0060178 -[regulates]-> GO:0051601
GO:0060179 -[is_a]-> GO:0007617
GO:0060180 -[is_a]-> GO:0007617
GO:0060182 -[is_a]-> GO:0008528
GO:0060182 -[part_of]-> GO:0060183
GO:0060183 -[is_a]-> GO:0007186
GO:0060184 -[is_a]-> GO:0022402
GO:0060185 -[is_a]-> GO:0048532
GO:0060185 -[part_of]-> GO:0042473
GO:0060186 -[is_a]-> GO:0060560
GO:0060186 -[part_of]-> GO:0042473
GO:0060187 -[is_a]-> GO:0044464
GO:0060188 -[is_a]-> GO:0030162
GO:0060188 -[is_a]-> GO:1903320
GO:0060188 -[regulates]-> GO:0016926
GO:0060189 -[is_a]-> GO:0045862
GO:0060189 -[is_a]-> GO:0060188
GO:0060189 -[is_a]-> GO:1903322
GO:0060189 -[positively_regulates]-> GO:0016926
GO:0060190 -[is_a]-> GO:0045861
GO:0060190 -[is_a]-> GO:0060188
GO:0060190 -[is_a]-> GO:1903321
GO:0060190 -[negatively_regulates]-> GO:0016926
GO:0060191 -[is_a]-> GO:0051336
GO:0060191 -[regulates]-> GO:0016298
GO:0060192 -[is_a]-> GO:0051346
GO:0060192 -[is_a]-> GO:0060191
GO:0060192 -[negatively_regulates]-> GO:0016298
GO:0060193 -[is_a]-> GO:0051345
GO:0060193 -[is_a]-> GO:0060191
GO:0060193 -[positively_regulates]-> GO:0016298
GO:0060194 -[is_a]-> GO:0006355
GO:0060194 -[regulates]-> GO:0009300
GO:0060195 -[is_a]-> GO:0045892
GO:0060195 -[is_a]-> GO:0060194
GO:0060195 -[negatively_regulates]-> GO:0009300
GO:0060196 -[is_a]-> GO:0045893
GO:0060196 -[is_a]-> GO:0060194
GO:0060196 -[positively_regulates]-> GO:0009300
GO:0060197 -[is_a]-> GO:0035239
GO:0060197 -[part_of]-> GO:0035844
GO:0060198 -[is_a]-> GO:0030136
GO:0060199 -[is_a]-> GO:0030133
GO:0060199 -[is_a]-> GO:0060198
GO:0060200 -[is_a]-> GO:0030133
GO:0060200 -[is_a]-> GO:0060198
GO:0060201 -[is_a]-> GO:0030658
GO:0060201 -[is_a]-> GO:0030665
GO:0060201 -[part_of]-> GO:0060200
GO:0060202 -[is_a]-> GO:0060205
GO:0060202 -[part_of]-> GO:0060200
GO:0060203 -[is_a]-> GO:0030658
GO:0060203 -[is_a]-> GO:0030665
GO:0060203 -[part_of]-> GO:0060199
GO:0060204 -[is_a]-> GO:0060205
GO:0060204 -[part_of]-> GO:0060199
GO:0060205 -[is_a]-> GO:0031983
GO:0060205 -[is_a]-> GO:0044433
GO:0060205 -[is_a]-> GO:0070013
GO:0060205 -[part_of]-> GO:0031410
GO:0060206 -[is_a]-> GO:0044848
GO:0060207 -[is_a]-> GO:0060206
GO:0060208 -[is_a]-> GO:0060206
GO:0060209 -[is_a]-> GO:0060206
GO:0060210 -[is_a]-> GO:0060206
GO:0060211 -[is_a]-> GO:1900151
GO:0060211 -[regulates]-> GO:0000289
GO:0060212 -[is_a]-> GO:0060211
GO:0060212 -[is_a]-> GO:1900152
GO:0060212 -[negatively_regulates]-> GO:0000289
GO:0060213 -[is_a]-> GO:0060211
GO:0060213 -[is_a]-> GO:1900153
GO:0060213 -[positively_regulates]-> GO:0000289
GO:0060214 -[is_a]-> GO:0044767
GO:0060214 -[is_a]-> GO:0048646
GO:0060214 -[part_of]-> GO:0003160
GO:0060215 -[is_a]-> GO:0035162
GO:0060216 -[is_a]-> GO:0030097
GO:0060217 -[is_a]-> GO:0048333
GO:0060217 -[part_of]-> GO:0060215
GO:0060218 -[is_a]-> GO:0002244
GO:0060218 -[is_a]-> GO:0048863
GO:0060218 -[part_of]-> GO:0030097
GO:0060219 -[is_a]-> GO:0001754
GO:0060219 -[part_of]-> GO:0003407
GO:0060219 -[part_of]-> GO:0060042
GO:0060220 -[is_a]-> GO:0042706
GO:0060220 -[part_of]-> GO:0060219
GO:0060221 -[is_a]-> GO:0060219
GO:0060222 -[is_a]-> GO:0010453
GO:0060222 -[is_a]-> GO:0046532
GO:0060222 -[is_a]-> GO:0061074
GO:0060222 -[is_a]-> GO:2000027
GO:0060222 -[regulates]-> GO:0046551
GO:0060223 -[is_a]-> GO:0060220
GO:0060223 -[part_of]-> GO:0060221
GO:0060224 -[is_a]-> GO:0010453
GO:0060224 -[is_a]-> GO:0046532
GO:0060224 -[is_a]-> GO:0061074
GO:0060224 -[is_a]-> GO:2000027
GO:0060224 -[regulates]-> GO:0060223
GO:0060225 -[is_a]-> GO:0010455
GO:0060225 -[is_a]-> GO:0046534
GO:0060225 -[is_a]-> GO:0060224
GO:0060225 -[is_a]-> GO:0061075
GO:0060225 -[positively_regulates]-> GO:0060223
GO:0060226 -[is_a]-> GO:0010454
GO:0060226 -[is_a]-> GO:0046533
GO:0060226 -[is_a]-> GO:0060222
GO:0060226 -[is_a]-> GO:0061076
GO:0060226 -[negatively_regulates]-> GO:0046551
GO:0060227 -[is_a]-> GO:0007219
GO:0060227 -[part_of]-> GO:0060220
GO:0060228 -[is_a]-> GO:0008047
GO:0060228 -[positively_regulates]-> GO:0004607
GO:0060229 -[is_a]-> GO:0008047
GO:0060229 -[positively_regulates]-> GO:0016298
GO:0060230 -[is_a]-> GO:0060229
GO:0060230 -[positively_regulates]-> GO:0004465
GO:0060231 -[is_a]-> GO:0030855
GO:0060232 -[is_a]-> GO:0022408
GO:0060233 -[is_a]-> GO:0060232
GO:0060234 -[is_a]-> GO:0060232
GO:0060235 -[is_a]-> GO:0031128
GO:0060235 -[part_of]-> GO:0002089
GO:0060236 -[is_a]-> GO:0007346
GO:0060236 -[is_a]-> GO:0010564
GO:0060236 -[regulates]-> GO:0007052
GO:0060237 -[is_a]-> GO:0051128
GO:0060237 -[is_a]-> GO:1903338
GO:0060237 -[regulates]-> GO:0031505
GO:0060238 -[is_a]-> GO:0009966
GO:0060238 -[is_a]-> GO:0031137
GO:0060238 -[regulates]-> GO:0032005
GO:0060239 -[is_a]-> GO:0009967
GO:0060239 -[is_a]-> GO:0031139
GO:0060239 -[is_a]-> GO:0060238
GO:0060239 -[positively_regulates]-> GO:0032005
GO:0060240 -[is_a]-> GO:0009968
GO:0060240 -[is_a]-> GO:0031138
GO:0060240 -[is_a]-> GO:0060238
GO:0060240 -[negatively_regulates]-> GO:0032005
GO:0060241 -[is_a]-> GO:0004857
GO:0060241 -[negatively_regulates]-> GO:0003796
GO:0060242 -[is_a]-> GO:0044763
GO:0060243 -[is_a]-> GO:0030308
GO:0060243 -[part_of]-> GO:0060242
GO:0060244 -[is_a]-> GO:0008285
GO:0060244 -[part_of]-> GO:0060242
GO:0060245 -[is_a]-> GO:0009595
GO:0060246 -[is_a]-> GO:0060245
GO:0060247 -[is_a]-> GO:0060245
GO:0060248 -[is_a]-> GO:0060246
GO:0060248 -[part_of]-> GO:0060242
GO:0060249 -[is_a]-> GO:0042592
GO:0060250 -[is_a]-> GO:0060249
GO:0060251 -[is_a]-> GO:0014013
GO:0060251 -[is_a]-> GO:0042127
GO:0060251 -[regulates]-> GO:0014009
GO:0060252 -[is_a]-> GO:0008284
GO:0060252 -[is_a]-> GO:0014015
GO:0060252 -[is_a]-> GO:0060251
GO:0060252 -[positively_regulates]-> GO:0014009
GO:0060253 -[is_a]-> GO:0008285
GO:0060253 -[is_a]-> GO:0014014
GO:0060253 -[is_a]-> GO:0060251
GO:0060253 -[negatively_regulates]-> GO:0014009
GO:0060254 -[is_a]-> GO:1903059
GO:0060254 -[regulates]-> GO:0006500
GO:0060255 -[is_a]-> GO:0019222
GO:0060255 -[regulates]-> GO:0043170
GO:0060256 -[is_a]-> GO:0043900
GO:0060256 -[regulates]-> GO:0000128
GO:0060257 -[is_a]-> GO:0043901
GO:0060257 -[is_a]-> GO:0060256
GO:0060257 -[negatively_regulates]-> GO:0000128
GO:0060258 -[is_a]-> GO:0010570
GO:0060258 -[is_a]-> GO:0045926
GO:0060258 -[negatively_regulates]-> GO:0030447
GO:0060259 -[is_a]-> GO:0050795
GO:0060259 -[regulates]-> GO:0007631
GO:0060260 -[is_a]-> GO:0006357
GO:0060260 -[is_a]-> GO:2000142
GO:0060260 -[regulates]-> GO:0006367
GO:0060261 -[is_a]-> GO:0045944
GO:0060261 -[is_a]-> GO:0060260
GO:0060261 -[is_a]-> GO:2000144
GO:0060261 -[positively_regulates]-> GO:0006367
GO:0060262 -[is_a]-> GO:0060254
GO:0060262 -[is_a]-> GO:1903060
GO:0060262 -[negatively_regulates]-> GO:0006500
GO:0060263 -[is_a]-> GO:0019222
GO:0060263 -[regulates]-> GO:0045730
GO:0060264 -[is_a]-> GO:0002697
GO:0060264 -[is_a]-> GO:0045088
GO:0060264 -[is_a]-> GO:0050727
GO:0060264 -[is_a]-> GO:0051239
GO:0060264 -[is_a]-> GO:0060263
GO:0060264 -[regulates]-> GO:0002536
GO:0060265 -[is_a]-> GO:0002699
GO:0060265 -[is_a]-> GO:0045089
GO:0060265 -[is_a]-> GO:0050729
GO:0060265 -[is_a]-> GO:0051240
GO:0060265 -[is_a]-> GO:0060264
GO:0060265 -[is_a]-> GO:0060267
GO:0060265 -[positively_regulates]-> GO:0002536
GO:0060266 -[is_a]-> GO:0002698
GO:0060266 -[is_a]-> GO:0045824
GO:0060266 -[is_a]-> GO:0050728
GO:0060266 -[is_a]-> GO:0051241
GO:0060266 -[is_a]-> GO:0060264
GO:0060266 -[is_a]-> GO:0060268
GO:0060266 -[is_a]-> GO:0060284
GO:0060266 -[negatively_regulates]-> GO:0002536
GO:0060267 -[is_a]-> GO:0009893
GO:0060267 -[is_a]-> GO:0060263
GO:0060267 -[positively_regulates]-> GO:0045730
GO:0060268 -[is_a]-> GO:0009892
GO:0060268 -[is_a]-> GO:0060263
GO:0060268 -[negatively_regulates]-> GO:0045730
GO:0060269 -[is_a]-> GO:0007297
GO:0060270 -[is_a]-> GO:0007297
GO:0060271 -[is_a]-> GO:0030031
GO:0060271 -[is_a]-> GO:0044782
GO:0060271 -[is_a]-> GO:0070925
GO:0060271 -[has_part]-> GO:0035082
GO:0060271 -[has_part]-> GO:0035735
GO:0060271 -[has_part]-> GO:0061512
GO:0060271 -[has_part]-> GO:0097712
GO:0060271 -[has_part]-> GO:1905349
GO:0060272 -[is_a]-> GO:0048704
GO:0060272 -[part_of]-> GO:0072498
GO:0060273 -[is_a]-> GO:0044708
GO:0060274 -[is_a]-> GO:0048874
GO:0060275 -[is_a]-> GO:0042594
GO:0060275 -[is_a]-> GO:0060274
GO:0060276 -[is_a]-> GO:0060274
GO:0060276 -[part_of]-> GO:0009636
GO:0060278 -[is_a]-> GO:0043900
GO:0060278 -[is_a]-> GO:0051239
GO:0060278 -[is_a]-> GO:2000241
GO:0060278 -[regulates]-> GO:0030728
GO:0060279 -[is_a]-> GO:0043902
GO:0060279 -[is_a]-> GO:0051240
GO:0060279 -[is_a]-> GO:0060278
GO:0060279 -[is_a]-> GO:2000243
GO:0060279 -[positively_regulates]-> GO:0030728
GO:0060280 -[is_a]-> GO:0043901
GO:0060280 -[is_a]-> GO:0051241
GO:0060280 -[is_a]-> GO:0060278
GO:0060280 -[is_a]-> GO:2000242
GO:0060280 -[negatively_regulates]-> GO:0030728
GO:0060281 -[is_a]-> GO:0043900
GO:0060281 -[is_a]-> GO:0051239
GO:0060281 -[is_a]-> GO:0060284
GO:0060281 -[is_a]-> GO:2000241
GO:0060281 -[regulates]-> GO:0048599
GO:0060282 -[is_a]-> GO:0010720
GO:0060282 -[is_a]-> GO:0043902
GO:0060282 -[is_a]-> GO:0051240
GO:0060282 -[is_a]-> GO:0060281
GO:0060282 -[is_a]-> GO:2000243
GO:0060282 -[positively_regulates]-> GO:0048599
GO:0060283 -[is_a]-> GO:0010721
GO:0060283 -[is_a]-> GO:0043901
GO:0060283 -[is_a]-> GO:0051241
GO:0060283 -[is_a]-> GO:0060281
GO:0060283 -[is_a]-> GO:2000242
GO:0060283 -[negatively_regulates]-> GO:0048599
GO:0060284 -[is_a]-> GO:0045595
GO:0060284 -[regulates]-> GO:0048468
GO:0060285 -[is_a]-> GO:0001539
GO:0060285 -[has_part]-> GO:0003341
GO:0060287 -[is_a]-> GO:0003351
GO:0060287 -[part_of]-> GO:0007368
GO:0060288 -[is_a]-> GO:0048859
GO:0060288 -[part_of]-> GO:0007386
GO:0060289 -[is_a]-> GO:0001894
GO:0060289 -[part_of]-> GO:0007386
GO:0060290 -[is_a]-> GO:0030154
GO:0060291 -[is_a]-> GO:0048167
GO:0060291 -[is_a]-> GO:0050806
GO:0060292 -[is_a]-> GO:0048167
GO:0060292 -[is_a]-> GO:0050805
GO:0060293 -[is_a]-> GO:0045495
GO:0060294 -[is_a]-> GO:0003341
GO:0060294 -[part_of]-> GO:0048870
GO:0060294 -[part_of]-> GO:0060285
GO:0060295 -[is_a]-> GO:0003352
GO:0060295 -[is_a]-> GO:1902019
GO:0060295 -[regulates]-> GO:0060294
GO:0060296 -[is_a]-> GO:0003356
GO:0060296 -[is_a]-> GO:0060295
GO:0060296 -[is_a]-> GO:0065008
GO:0060297 -[is_a]-> GO:0022603
GO:0060297 -[is_a]-> GO:0032956
GO:0060297 -[is_a]-> GO:0051153
GO:0060297 -[is_a]-> GO:0060284
GO:0060297 -[is_a]-> GO:1902115
GO:0060297 -[regulates]-> GO:0045214
GO:0060298 -[is_a]-> GO:0010720
GO:0060298 -[is_a]-> GO:0051155
GO:0060298 -[is_a]-> GO:0051495
GO:0060298 -[is_a]-> GO:0060297
GO:0060298 -[is_a]-> GO:1902117
GO:0060298 -[positively_regulates]-> GO:0045214
GO:0060299 -[is_a]-> GO:0010721
GO:0060299 -[is_a]-> GO:0051154
GO:0060299 -[is_a]-> GO:0051494
GO:0060299 -[is_a]-> GO:0060297
GO:0060299 -[is_a]-> GO:1902116
GO:0060299 -[negatively_regulates]-> GO:0045214
GO:0060300 -[is_a]-> GO:1900120
GO:0060300 -[regulates]-> GO:0005125
GO:0060301 -[is_a]-> GO:0060300
GO:0060301 -[is_a]-> GO:1900122
GO:0060301 -[positively_regulates]-> GO:0005125
GO:0060302 -[is_a]-> GO:0060300
GO:0060302 -[is_a]-> GO:1900121
GO:0060302 -[negatively_regulates]-> GO:0005125
GO:0060303 -[is_a]-> GO:0034728
GO:0060303 -[is_a]-> GO:0065008
GO:0060304 -[is_a]-> GO:0035303
GO:0060304 -[is_a]-> GO:0060255
GO:0060304 -[is_a]-> GO:1903725
GO:0060304 -[regulates]-> GO:0046856
GO:0060305 -[is_a]-> GO:0008361
GO:0060306 -[is_a]-> GO:0034765
GO:0060306 -[is_a]-> GO:0042391
GO:0060306 -[regulates]-> GO:0086009
GO:0060307 -[is_a]-> GO:0099623
GO:0060307 -[regulates]-> GO:0099625
GO:0060308 -[is_a]-> GO:0030234
GO:0060308 -[has_part]-> GO:0044549
GO:0060308 -[regulates]-> GO:0003934
GO:0060309 -[is_a]-> GO:0006516
GO:0060309 -[is_a]-> GO:0051541
GO:0060310 -[is_a]-> GO:0031329
GO:0060310 -[is_a]-> GO:1903018
GO:0060310 -[regulates]-> GO:0060309
GO:0060311 -[is_a]-> GO:0031330
GO:0060311 -[is_a]-> GO:0060310
GO:0060311 -[is_a]-> GO:1903019
GO:0060311 -[negatively_regulates]-> GO:0060309
GO:0060312 -[is_a]-> GO:0022603
GO:0060312 -[is_a]-> GO:0034103
GO:0060312 -[regulates]-> GO:0001974
GO:0060313 -[is_a]-> GO:0034104
GO:0060313 -[is_a]-> GO:0051093
GO:0060313 -[is_a]-> GO:0060312
GO:0060313 -[negatively_regulates]-> GO:0001974
GO:0060314 -[is_a]-> GO:0010469
GO:0060314 -[is_a]-> GO:0050848
GO:0060314 -[is_a]-> GO:0051279
GO:0060314 -[is_a]-> GO:1901019
GO:0060314 -[is_a]-> GO:2001257
GO:0060314 -[regulates]-> GO:0005219
GO:0060315 -[is_a]-> GO:0050849
GO:0060315 -[is_a]-> GO:0051280
GO:0060315 -[is_a]-> GO:0060314
GO:0060315 -[is_a]-> GO:1901020
GO:0060315 -[is_a]-> GO:2000272
GO:0060315 -[is_a]-> GO:2001258
GO:0060315 -[negatively_regulates]-> GO:0005219
GO:0060316 -[is_a]-> GO:0050850
GO:0060316 -[is_a]-> GO:0051281
GO:0060316 -[is_a]-> GO:0060314
GO:0060316 -[is_a]-> GO:1901021
GO:0060316 -[is_a]-> GO:2000273
GO:0060316 -[is_a]-> GO:2001259
GO:0060316 -[positively_regulates]-> GO:0005219
GO:0060317 -[is_a]-> GO:0001837
GO:0060317 -[part_of]-> GO:0003007
GO:0060318 -[is_a]-> GO:0030218
GO:0060318 -[part_of]-> GO:0060216
GO:0060319 -[is_a]-> GO:0030218
GO:0060319 -[part_of]-> GO:0060215
GO:0060320 -[is_a]-> GO:0048544
GO:0060321 -[is_a]-> GO:0048544
GO:0060322 -[is_a]-> GO:0044767
GO:0060322 -[is_a]-> GO:0048856
GO:0060323 -[is_a]-> GO:0009653
GO:0060323 -[is_a]-> GO:0044767
GO:0060323 -[part_of]-> GO:0010171
GO:0060323 -[part_of]-> GO:0060322
GO:0060324 -[is_a]-> GO:0044767
GO:0060324 -[is_a]-> GO:0048856
GO:0060324 -[part_of]-> GO:0060322
GO:0060325 -[is_a]-> GO:0009653
GO:0060325 -[is_a]-> GO:0044767
GO:0060325 -[part_of]-> GO:0060323
GO:0060325 -[part_of]-> GO:0060324
GO:0060326 -[is_a]-> GO:0006935
GO:0060326 -[is_a]-> GO:0016477
GO:0060326 -[part_of]-> GO:0070887
GO:0060327 -[is_a]-> GO:0070252
GO:0060327 -[part_of]-> GO:0048870
GO:0060328 -[is_a]-> GO:0060327
GO:0060329 -[is_a]-> GO:0060327
GO:0060330 -[is_a]-> GO:0045088
GO:0060330 -[is_a]-> GO:0060759
GO:0060330 -[regulates]-> GO:0034341
GO:0060331 -[is_a]-> GO:0045824
GO:0060331 -[is_a]-> GO:0060330
GO:0060331 -[is_a]-> GO:0060761
GO:0060331 -[negatively_regulates]-> GO:0034341
GO:0060332 -[is_a]-> GO:0045089
GO:0060332 -[is_a]-> GO:0060330
GO:0060332 -[is_a]-> GO:0060760
GO:0060332 -[positively_regulates]-> GO:0034341
GO:0060333 -[is_a]-> GO:0019221
GO:0060333 -[part_of]-> GO:0071346
GO:0060334 -[is_a]-> GO:0001959
GO:0060334 -[is_a]-> GO:0060330
GO:0060334 -[regulates]-> GO:0060333
GO:0060335 -[is_a]-> GO:0001961
GO:0060335 -[is_a]-> GO:0060332
GO:0060335 -[is_a]-> GO:0060334
GO:0060335 -[positively_regulates]-> GO:0060333
GO:0060336 -[is_a]-> GO:0001960
GO:0060336 -[is_a]-> GO:0060331
GO:0060336 -[is_a]-> GO:0060334
GO:0060336 -[negatively_regulates]-> GO:0060333
GO:0060337 -[is_a]-> GO:0019221
GO:0060337 -[part_of]-> GO:0071357
GO:0060338 -[is_a]-> GO:0001959
GO:0060338 -[is_a]-> GO:0045088
GO:0060338 -[regulates]-> GO:0060337
GO:0060339 -[is_a]-> GO:0001960
GO:0060339 -[is_a]-> GO:0045824
GO:0060339 -[is_a]-> GO:0060338
GO:0060339 -[negatively_regulates]-> GO:0060337
GO:0060340 -[is_a]-> GO:0001961
GO:0060340 -[is_a]-> GO:0045089
GO:0060340 -[is_a]-> GO:0060338
GO:0060340 -[positively_regulates]-> GO:0060337
GO:0060341 -[is_a]-> GO:0032879
GO:0060341 -[regulates]-> GO:0051641
GO:0060342 -[is_a]-> GO:0097458
GO:0060342 -[is_a]-> GO:0098590
GO:0060342 -[part_of]-> GO:0001917
GO:0060342 -[part_of]-> GO:0005886
GO:0060343 -[is_a]-> GO:0044767
GO:0060343 -[is_a]-> GO:0048646
GO:0060343 -[part_of]-> GO:0009887
GO:0060343 -[part_of]-> GO:0061383
GO:0060344 -[is_a]-> GO:0060343
GO:0060344 -[part_of]-> GO:0001889
GO:0060345 -[is_a]-> GO:0060343
GO:0060345 -[part_of]-> GO:0048536
GO:0060346 -[is_a]-> GO:0060343
GO:0060346 -[part_of]-> GO:0048705
GO:0060346 -[part_of]-> GO:0061430
GO:0060347 -[is_a]-> GO:0060343
GO:0060347 -[part_of]-> GO:0003206
GO:0060347 -[part_of]-> GO:0061384
GO:0060348 -[is_a]-> GO:0044767
GO:0060348 -[is_a]-> GO:0048513
GO:0060348 -[part_of]-> GO:0001501
GO:0060349 -[is_a]-> GO:0009887
GO:0060349 -[part_of]-> GO:0048705
GO:0060349 -[part_of]-> GO:0060348
GO:0060350 -[is_a]-> GO:0060349
GO:0060351 -[is_a]-> GO:0044767
GO:0060351 -[is_a]-> GO:0051216
GO:0060351 -[part_of]-> GO:0060350
GO:0060352 -[is_a]-> GO:0044763
GO:0060353 -[is_a]-> GO:0050794
GO:0060353 -[regulates]-> GO:0060352
GO:0060354 -[is_a]-> GO:0048523
GO:0060354 -[is_a]-> GO:0060353
GO:0060354 -[negatively_regulates]-> GO:0060352
GO:0060355 -[is_a]-> GO:0048522
GO:0060355 -[is_a]-> GO:0060353
GO:0060355 -[positively_regulates]-> GO:0060352
GO:0060356 -[is_a]-> GO:0015803
GO:0060356 -[is_a]-> GO:0043090
GO:0060357 -[is_a]-> GO:0010958
GO:0060357 -[regulates]-> GO:0060356
GO:0060358 -[is_a]-> GO:0051956
GO:0060358 -[is_a]-> GO:0060357
GO:0060358 -[negatively_regulates]-> GO:0060356
GO:0060359 -[is_a]-> GO:1901698
GO:0060360 -[is_a]-> GO:0060358
GO:0060360 -[part_of]-> GO:0071242
GO:0060361 -[is_a]-> GO:0040011
GO:0060362 -[is_a]-> GO:0031987
GO:0060362 -[is_a]-> GO:0060361
GO:0060362 -[part_of]-> GO:0007629
GO:0060363 -[is_a]-> GO:0097094
GO:0060364 -[is_a]-> GO:0060363
GO:0060365 -[is_a]-> GO:0060363
GO:0060366 -[is_a]-> GO:0060363
GO:0060367 -[is_a]-> GO:0060363
GO:0060368 -[is_a]-> GO:0009966
GO:0060368 -[is_a]-> GO:0050776
GO:0060368 -[regulates]-> GO:0002431
GO:0060369 -[is_a]-> GO:0002684
GO:0060369 -[is_a]-> GO:0009967
GO:0060369 -[is_a]-> GO:0060368
GO:0060369 -[positively_regulates]-> GO:0002431
GO:0060370 -[is_a]-> GO:0001916
GO:0060371 -[is_a]-> GO:0003254
GO:0060372 -[is_a]-> GO:0099623
GO:0060372 -[regulates]-> GO:0099624
GO:0060373 -[is_a]-> GO:0003254
GO:0060374 -[is_a]-> GO:0002573
GO:0060375 -[is_a]-> GO:0002761
GO:0060375 -[regulates]-> GO:0060374
GO:0060376 -[is_a]-> GO:0002763
GO:0060376 -[is_a]-> GO:0060375
GO:0060376 -[positively_regulates]-> GO:0060374
GO:0060377 -[is_a]-> GO:0002762
GO:0060377 -[is_a]-> GO:0060375
GO:0060377 -[negatively_regulates]-> GO:0060374
GO:0060378 -[is_a]-> GO:0044703
GO:0060378 -[is_a]-> GO:0044706
GO:0060378 -[is_a]-> GO:0048609
GO:0060378 -[is_a]-> GO:0065008
GO:0060379 -[is_a]-> GO:0010002
GO:0060379 -[is_a]-> GO:0045445
GO:0060380 -[is_a]-> GO:1904742
GO:0060380 -[regulates]-> GO:0043047
GO:0060381 -[is_a]-> GO:0060380
GO:0060381 -[is_a]-> GO:1904744
GO:0060381 -[positively_regulates]-> GO:0043047
GO:0060382 -[is_a]-> GO:0051052
GO:0060382 -[regulates]-> GO:0022616
GO:0060383 -[is_a]-> GO:0051054
GO:0060383 -[is_a]-> GO:0060382
GO:0060383 -[positively_regulates]-> GO:0022616
GO:0060384 -[is_a]-> GO:0044707
GO:0060384 -[part_of]-> GO:0021675
GO:0060385 -[is_a]-> GO:0007409
GO:0060385 -[part_of]-> GO:0060384
GO:0060386 -[is_a]-> GO:0007416
GO:0060386 -[part_of]-> GO:0060384
GO:0060387 -[is_a]-> GO:0035805
GO:0060388 -[is_a]-> GO:0035805
GO:0060389 -[is_a]-> GO:0006468
GO:0060389 -[part_of]-> GO:0007178
GO:0060390 -[is_a]-> GO:0042306
GO:0060390 -[is_a]-> GO:0090092
GO:0060390 -[regulates]-> GO:0007184
GO:0060391 -[is_a]-> GO:0042307
GO:0060391 -[is_a]-> GO:0060390
GO:0060391 -[is_a]-> GO:0090100
GO:0060391 -[positively_regulates]-> GO:0007184
GO:0060392 -[is_a]-> GO:0042308
GO:0060392 -[is_a]-> GO:0060390
GO:0060392 -[is_a]-> GO:0090101
GO:0060392 -[negatively_regulates]-> GO:0007184
GO:0060393 -[is_a]-> GO:0001932
GO:0060393 -[is_a]-> GO:0090092
GO:0060393 -[regulates]-> GO:0060389
GO:0060394 -[is_a]-> GO:0001933
GO:0060394 -[is_a]-> GO:0060393
GO:0060394 -[is_a]-> GO:0090101
GO:0060394 -[negatively_regulates]-> GO:0060389
GO:0060395 -[is_a]-> GO:0007165
GO:0060395 -[part_of]-> GO:0007178
GO:0060396 -[is_a]-> GO:0007169
GO:0060396 -[part_of]-> GO:0071378
GO:0060397 -[is_a]-> GO:0007259
GO:0060397 -[part_of]-> GO:0060396
GO:0060398 -[is_a]-> GO:0009966
GO:0060398 -[regulates]-> GO:0060396
GO:0060399 -[is_a]-> GO:0009967
GO:0060399 -[is_a]-> GO:0060398
GO:0060399 -[positively_regulates]-> GO:0060396
GO:0060400 -[is_a]-> GO:0009968
GO:0060400 -[is_a]-> GO:0060398
GO:0060400 -[negatively_regulates]-> GO:0060396
GO:0060401 -[is_a]-> GO:0006816
GO:0060402 -[is_a]-> GO:0007204
GO:0060402 -[is_a]-> GO:0044765
GO:0060402 -[is_a]-> GO:0051649
GO:0060402 -[is_a]-> GO:0060401
GO:0060403 -[is_a]-> GO:0018991
GO:0060403 -[is_a]-> GO:0045297
GO:0060404 -[is_a]-> GO:0007019
GO:0060404 -[is_a]-> GO:0061523
GO:0060404 -[occurs_in]-> GO:0005930
GO:0060405 -[is_a]-> GO:0043900
GO:0060405 -[is_a]-> GO:0051239
GO:0060405 -[is_a]-> GO:2000241
GO:0060405 -[regulates]-> GO:0043084
GO:0060406 -[is_a]-> GO:0043902
GO:0060406 -[is_a]-> GO:0051240
GO:0060406 -[is_a]-> GO:0060405
GO:0060406 -[is_a]-> GO:2000243
GO:0060406 -[positively_regulates]-> GO:0043084
GO:0060407 -[is_a]-> GO:0043901
GO:0060407 -[is_a]-> GO:0051241
GO:0060407 -[is_a]-> GO:0060405
GO:0060407 -[is_a]-> GO:2000242
GO:0060407 -[negatively_regulates]-> GO:0043084
GO:0060408 -[is_a]-> GO:0001505
GO:0060408 -[is_a]-> GO:0033238
GO:0060408 -[is_a]-> GO:0080090
GO:0060408 -[regulates]-> GO:0008291
GO:0060409 -[is_a]-> GO:0033240
GO:0060409 -[is_a]-> GO:0060408
GO:0060409 -[positively_regulates]-> GO:0008291
GO:0060410 -[is_a]-> GO:0033239
GO:0060410 -[is_a]-> GO:0060408
GO:0060410 -[negatively_regulates]-> GO:0008291
GO:0060411 -[is_a]-> GO:0009653
GO:0060411 -[is_a]-> GO:0044767
GO:0060411 -[part_of]-> GO:0003206
GO:0060411 -[part_of]-> GO:0003279
GO:0060412 -[is_a]-> GO:0060411
GO:0060412 -[part_of]-> GO:0003281
GO:0060413 -[is_a]-> GO:0060411
GO:0060413 -[part_of]-> GO:0003209
GO:0060413 -[part_of]-> GO:0003283
GO:0060414 -[is_a]-> GO:0060415
GO:0060414 -[part_of]-> GO:0035909
GO:0060414 -[part_of]-> GO:0048745
GO:0060415 -[is_a]-> GO:0048729
GO:0060415 -[part_of]-> GO:0048644
GO:0060416 -[is_a]-> GO:0043434
GO:0060417 -[is_a]-> GO:0044444
GO:0060418 -[is_a]-> GO:0044444
GO:0060418 -[part_of]-> GO:0060417
GO:0060419 -[is_a]-> GO:0035265
GO:0060419 -[part_of]-> GO:0007507
GO:0060420 -[is_a]-> GO:0046620
GO:0060420 -[is_a]-> GO:2000026
GO:0060420 -[regulates]-> GO:0060419
GO:0060421 -[is_a]-> GO:0046622
GO:0060421 -[is_a]-> GO:0060420
GO:0060421 -[positively_regulates]-> GO:0060419
GO:0060422 -[is_a]-> GO:0030414
GO:0060423 -[is_a]-> GO:0009952
GO:0060424 -[is_a]-> GO:0010092
GO:0060424 -[is_a]-> GO:0060423
GO:0060424 -[part_of]-> GO:0060431
GO:0060425 -[is_a]-> GO:0009887
GO:0060425 -[part_of]-> GO:0030324
GO:0060426 -[is_a]-> GO:0001944
GO:0060426 -[part_of]-> GO:0030324
GO:0060427 -[is_a]-> GO:0061448
GO:0060427 -[part_of]-> GO:0030324
GO:0060428 -[is_a]-> GO:0060429
GO:0060428 -[part_of]-> GO:0030324
GO:0060429 -[is_a]-> GO:0009888
GO:0060430 -[is_a]-> GO:0044767
GO:0060430 -[is_a]-> GO:0048856
GO:0060430 -[part_of]-> GO:0048286
GO:0060431 -[is_a]-> GO:0016331
GO:0060431 -[is_a]-> GO:0048645
GO:0060431 -[is_a]-> GO:0060441
GO:0060431 -[is_a]-> GO:0060572
GO:0060432 -[is_a]-> GO:0007389
GO:0060432 -[part_of]-> GO:0030324
GO:0060433 -[is_a]-> GO:0030323
GO:0060433 -[part_of]-> GO:0060541
GO:0060434 -[is_a]-> GO:0009887
GO:0060434 -[is_a]-> GO:0035239
GO:0060434 -[part_of]-> GO:0060433
GO:0060435 -[is_a]-> GO:0030323
GO:0060435 -[part_of]-> GO:0030324
GO:0060436 -[is_a]-> GO:0035239
GO:0060436 -[part_of]-> GO:0060435
GO:0060437 -[is_a]-> GO:0035265
GO:0060437 -[part_of]-> GO:0030324
GO:0060438 -[is_a]-> GO:0044767
GO:0060438 -[is_a]-> GO:0048513
GO:0060438 -[part_of]-> GO:0060541
GO:0060439 -[is_a]-> GO:0009887
GO:0060439 -[part_of]-> GO:0060438
GO:0060440 -[is_a]-> GO:0048645
GO:0060440 -[part_of]-> GO:0060439
GO:0060441 -[is_a]-> GO:0048754
GO:0060441 -[part_of]-> GO:0060425
GO:0060442 -[is_a]-> GO:0060740
GO:0060442 -[is_a]-> GO:0061138
GO:0060442 -[part_of]-> GO:0060512
GO:0060443 -[is_a]-> GO:0022612
GO:0060443 -[part_of]-> GO:0030879
GO:0060444 -[is_a]-> GO:0048754
GO:0060444 -[part_of]-> GO:0060603
GO:0060445 -[is_a]-> GO:0061138
GO:0060445 -[part_of]-> GO:0007435
GO:0060446 -[is_a]-> GO:0048754
GO:0060446 -[part_of]-> GO:0007424
GO:0060447 -[is_a]-> GO:0060602
GO:0060447 -[part_of]-> GO:0060441
GO:0060448 -[is_a]-> GO:0060600
GO:0060448 -[part_of]-> GO:0060441
GO:0060449 -[is_a]-> GO:0060602
GO:0060449 -[part_of]-> GO:0060441
GO:0060450 -[is_a]-> GO:0043134
GO:0060450 -[is_a]-> GO:0045987
GO:0060450 -[is_a]-> GO:0060456
GO:0060450 -[positively_regulates]-> GO:0043133
GO:0060451 -[is_a]-> GO:0043134
GO:0060451 -[is_a]-> GO:0045986
GO:0060451 -[is_a]-> GO:0060457
GO:0060451 -[negatively_regulates]-> GO:0043133
GO:0060452 -[is_a]-> GO:0045823
GO:0060452 -[is_a]-> GO:0045989
GO:0060452 -[is_a]-> GO:0055117
GO:0060452 -[positively_regulates]-> GO:0060048
GO:0060453 -[is_a]-> GO:0044058
GO:0060453 -[is_a]-> GO:0051046
GO:0060453 -[regulates]-> GO:0001696
GO:0060454 -[is_a]-> GO:0051047
GO:0060454 -[is_a]-> GO:0060453
GO:0060454 -[is_a]-> GO:0060456
GO:0060454 -[positively_regulates]-> GO:0001696
GO:0060455 -[is_a]-> GO:0051048
GO:0060455 -[is_a]-> GO:0060453
GO:0060455 -[is_a]-> GO:0060457
GO:0060455 -[negatively_regulates]-> GO:0001696
GO:0060456 -[is_a]-> GO:0044058
GO:0060456 -[is_a]-> GO:0051240
GO:0060456 -[positively_regulates]-> GO:0022600
GO:0060457 -[is_a]-> GO:0044058
GO:0060457 -[is_a]-> GO:0051241
GO:0060457 -[negatively_regulates]-> GO:0022600
GO:0060458 -[is_a]-> GO:0030324
GO:0060459 -[is_a]-> GO:0030324
GO:0060460 -[is_a]-> GO:0060425
GO:0060460 -[part_of]-> GO:0060459
GO:0060461 -[is_a]-> GO:0060425
GO:0060461 -[part_of]-> GO:0060458
GO:0060462 -[is_a]-> GO:0044767
GO:0060462 -[is_a]-> GO:0048856
GO:0060462 -[part_of]-> GO:0030324
GO:0060463 -[is_a]-> GO:0009653
GO:0060463 -[is_a]-> GO:0044767
GO:0060463 -[part_of]-> GO:0060425
GO:0060463 -[part_of]-> GO:0060462
GO:0060464 -[is_a]-> GO:0044767
GO:0060464 -[is_a]-> GO:0048646
GO:0060464 -[part_of]-> GO:0060463
GO:0060465 -[is_a]-> GO:0048856
GO:0060465 -[part_of]-> GO:0048565
GO:0060466 -[is_a]-> GO:0022414
GO:0060466 -[is_a]-> GO:0090427
GO:0060466 -[part_of]-> GO:0007343
GO:0060467 -[is_a]-> GO:0043901
GO:0060467 -[is_a]-> GO:0080154
GO:0060467 -[is_a]-> GO:2000242
GO:0060467 -[negatively_regulates]-> GO:0009566
GO:0060468 -[is_a]-> GO:0022414
GO:0060468 -[is_a]-> GO:0060467
GO:0060468 -[part_of]-> GO:0007343
GO:0060469 -[is_a]-> GO:0022414
GO:0060469 -[is_a]-> GO:0045893
GO:0060469 -[part_of]-> GO:0007343
GO:0060470 -[is_a]-> GO:0007204
GO:0060470 -[is_a]-> GO:0044702
GO:0060470 -[part_of]-> GO:0007343
GO:0060471 -[is_a]-> GO:0017156
GO:0060471 -[is_a]-> GO:0044702
GO:0060471 -[part_of]-> GO:0060468
GO:0060472 -[is_a]-> GO:0045956
GO:0060472 -[is_a]-> GO:0050867
GO:0060472 -[is_a]-> GO:0060470
GO:0060472 -[is_a]-> GO:1905516
GO:0060472 -[positively_regulates]-> GO:0060471
GO:0060473 -[is_a]-> GO:0030141
GO:0060474 -[is_a]-> GO:0022414
GO:0060474 -[is_a]-> GO:1902093
GO:0060474 -[part_of]-> GO:0048240
GO:0060474 -[positively_regulates]-> GO:0030317
GO:0060475 -[is_a]-> GO:0030838
GO:0060475 -[is_a]-> GO:0044702
GO:0060475 -[part_of]-> GO:0007340
GO:0060476 -[is_a]-> GO:0008105
GO:0060476 -[is_a]-> GO:0030029
GO:0060476 -[is_a]-> GO:0034613
GO:0060476 -[is_a]-> GO:0044702
GO:0060476 -[is_a]-> GO:1902580
GO:0060476 -[part_of]-> GO:0007340
GO:0060477 -[is_a]-> GO:0018105
GO:0060477 -[is_a]-> GO:0022414
GO:0060477 -[part_of]-> GO:0007340
GO:0060478 -[is_a]-> GO:0017156
GO:0060478 -[is_a]-> GO:0044702
GO:0060478 -[part_of]-> GO:0007340
GO:0060479 -[is_a]-> GO:0030154
GO:0060479 -[part_of]-> GO:0030324
GO:0060480 -[is_a]-> GO:0002067
GO:0060480 -[is_a]-> GO:0061140
GO:0060480 -[part_of]-> GO:0060481
GO:0060481 -[is_a]-> GO:0060428
GO:0060481 -[part_of]-> GO:0060482
GO:0060482 -[is_a]-> GO:0060433
GO:0060483 -[is_a]-> GO:0060484
GO:0060483 -[part_of]-> GO:0060482
GO:0060484 -[is_a]-> GO:0060485
GO:0060484 -[part_of]-> GO:0030324
GO:0060485 -[is_a]-> GO:0009888
GO:0060485 -[part_of]-> GO:0048513
GO:0060486 -[is_a]-> GO:0060487
GO:0060487 -[is_a]-> GO:0030855
GO:0060487 -[is_a]-> GO:0060479
GO:0060487 -[part_of]-> GO:0060428
GO:0060488 -[is_a]-> GO:0060448
GO:0060489 -[is_a]-> GO:0060448
GO:0060490 -[is_a]-> GO:0060601
GO:0060490 -[part_of]-> GO:0060441
GO:0060491 -[is_a]-> GO:0031344
GO:0060491 -[is_a]-> GO:0044087
GO:0060491 -[regulates]-> GO:0030031
GO:0060492 -[is_a]-> GO:0001759
GO:0060492 -[is_a]-> GO:0040019
GO:0060492 -[is_a]-> GO:0061047
GO:0060492 -[positively_regulates]-> GO:0060424
GO:0060493 -[is_a]-> GO:0044767
GO:0060493 -[is_a]-> GO:0060494
GO:0060493 -[is_a]-> GO:0060496
GO:0060493 -[is_a]-> GO:0060497
GO:0060493 -[part_of]-> GO:0060492
GO:0060494 -[is_a]-> GO:0031129
GO:0060495 -[is_a]-> GO:0007267
GO:0060495 -[part_of]-> GO:0030324
GO:0060496 -[is_a]-> GO:0060495
GO:0060496 -[is_a]-> GO:0060638
GO:0060496 -[part_of]-> GO:0030324
GO:0060497 -[is_a]-> GO:0060638
GO:0060498 -[is_a]-> GO:0048384
GO:0060498 -[part_of]-> GO:0060431
GO:0060499 -[is_a]-> GO:0008543
GO:0060499 -[is_a]-> GO:0031131
GO:0060499 -[is_a]-> GO:1905114
GO:0060499 -[part_of]-> GO:0060492
GO:0060499 -[part_of]-> GO:0060493
GO:0060500 -[is_a]-> GO:0006357
GO:0060500 -[part_of]-> GO:0060431
GO:0060501 -[is_a]-> GO:0050679
GO:0060501 -[is_a]-> GO:0051094
GO:0060501 -[is_a]-> GO:0051240
GO:0060501 -[is_a]-> GO:2000794
GO:0060501 -[positively_regulates]-> GO:0060502
GO:0060502 -[is_a]-> GO:0050673
GO:0060502 -[part_of]-> GO:0060425
GO:0060502 -[part_of]-> GO:0060428
GO:0060503 -[is_a]-> GO:0003401
GO:0060503 -[part_of]-> GO:0060441
GO:0060504 -[is_a]-> GO:0048639
GO:0060504 -[is_a]-> GO:0060501
GO:0060504 -[is_a]-> GO:0061047
GO:0060504 -[positively_regulates]-> GO:0060505
GO:0060505 -[is_a]-> GO:0060502
GO:0060505 -[part_of]-> GO:0060503
GO:0060506 -[is_a]-> GO:0007224
GO:0060506 -[is_a]-> GO:1905114
GO:0060506 -[part_of]-> GO:0030324
GO:0060506 -[part_of]-> GO:0060495
GO:0060507 -[is_a]-> GO:0007173
GO:0060507 -[is_a]-> GO:1905114
GO:0060507 -[part_of]-> GO:0030324
GO:0060507 -[part_of]-> GO:0060495
GO:0060508 -[is_a]-> GO:0060479
GO:0060508 -[part_of]-> GO:0060428
GO:0060509 -[is_a]-> GO:0060487
GO:0060510 -[is_a]-> GO:0061140
GO:0060511 -[is_a]-> GO:0031130
GO:0060511 -[part_of]-> GO:0060493
GO:0060512 -[is_a]-> GO:0003006
GO:0060512 -[is_a]-> GO:0022612
GO:0060512 -[is_a]-> GO:0044702
GO:0060512 -[part_of]-> GO:0030850
GO:0060513 -[is_a]-> GO:0016331
GO:0060513 -[is_a]-> GO:0048645
GO:0060513 -[is_a]-> GO:0060572
GO:0060513 -[is_a]-> GO:0060601
GO:0060513 -[is_a]-> GO:0060740
GO:0060514 -[is_a]-> GO:0001759
GO:0060514 -[is_a]-> GO:0040019
GO:0060514 -[is_a]-> GO:0060685
GO:0060514 -[is_a]-> GO:1905332
GO:0060514 -[is_a]-> GO:2000243
GO:0060514 -[positively_regulates]-> GO:0060515
GO:0060515 -[is_a]-> GO:0003006
GO:0060515 -[is_a]-> GO:0010092
GO:0060515 -[is_a]-> GO:0044702
GO:0060515 -[is_a]-> GO:0044767
GO:0060515 -[part_of]-> GO:0060513
GO:0060516 -[is_a]-> GO:0060602
GO:0060516 -[is_a]-> GO:0060737
GO:0060516 -[is_a]-> GO:0060740
GO:0060517 -[is_a]-> GO:0060767
GO:0060517 -[part_of]-> GO:0060516
GO:0060518 -[is_a]-> GO:0010631
GO:0060518 -[is_a]-> GO:0044702
GO:0060518 -[part_of]-> GO:0060516
GO:0060519 -[is_a]-> GO:0007155
GO:0060519 -[is_a]-> GO:0022414
GO:0060519 -[part_of]-> GO:0060516
GO:0060520 -[is_a]-> GO:0010647
GO:0060520 -[is_a]-> GO:0023056
GO:0060520 -[is_a]-> GO:0030521
GO:0060520 -[is_a]-> GO:0042659
GO:0060520 -[is_a]-> GO:0051094
GO:0060520 -[is_a]-> GO:0060685
GO:0060520 -[positively_regulates]-> GO:0060514
GO:0060521 -[is_a]-> GO:0003006
GO:0060521 -[is_a]-> GO:0044767
GO:0060521 -[is_a]-> GO:0060522
GO:0060521 -[is_a]-> GO:0060739
GO:0060521 -[part_of]-> GO:0060514
GO:0060522 -[is_a]-> GO:0031129
GO:0060523 -[is_a]-> GO:0060602
GO:0060523 -[is_a]-> GO:0060737
GO:0060523 -[is_a]-> GO:0060740
GO:0060523 -[part_of]-> GO:0060442
GO:0060524 -[is_a]-> GO:0003006
GO:0060524 -[is_a]-> GO:0044702
GO:0060524 -[is_a]-> GO:0060600
GO:0060524 -[part_of]-> GO:0060442
GO:0060525 -[is_a]-> GO:0048608
GO:0060525 -[part_of]-> GO:0030850
GO:0060526 -[is_a]-> GO:0060740
GO:0060526 -[part_of]-> GO:0060525
GO:0060527 -[is_a]-> GO:0060442
GO:0060527 -[part_of]-> GO:0060526
GO:0060528 -[is_a]-> GO:0002067
GO:0060528 -[is_a]-> GO:0060742
GO:0060528 -[part_of]-> GO:0060525
GO:0060529 -[is_a]-> GO:0002067
GO:0060529 -[is_a]-> GO:0048863
GO:0060529 -[is_a]-> GO:0060742
GO:0060529 -[part_of]-> GO:0060525
GO:0060530 -[is_a]-> GO:0003006
GO:0060530 -[is_a]-> GO:0044702
GO:0060530 -[is_a]-> GO:0051145
GO:0060530 -[part_of]-> GO:0060525
GO:0060531 -[is_a]-> GO:0060742
GO:0060531 -[is_a]-> GO:0061101
GO:0060531 -[part_of]-> GO:0060525
GO:0060532 -[is_a]-> GO:0051216
GO:0060532 -[part_of]-> GO:0060433
GO:0060533 -[is_a]-> GO:0060536
GO:0060533 -[part_of]-> GO:0060434
GO:0060533 -[part_of]-> GO:0060532
GO:0060534 -[is_a]-> GO:0051216
GO:0060534 -[part_of]-> GO:0060438
GO:0060535 -[is_a]-> GO:0060536
GO:0060535 -[part_of]-> GO:0060439
GO:0060535 -[part_of]-> GO:0060534
GO:0060536 -[is_a]-> GO:0009887
GO:0060536 -[is_a]-> GO:0048729
GO:0060536 -[part_of]-> GO:0051216
GO:0060537 -[is_a]-> GO:0009888
GO:0060538 -[is_a]-> GO:0007517
GO:0060539 -[is_a]-> GO:0060538
GO:0060539 -[part_of]-> GO:0060541
GO:0060540 -[is_a]-> GO:0048644
GO:0060540 -[part_of]-> GO:0060539
GO:0060541 -[is_a]-> GO:0048731
GO:0060542 -[is_a]-> GO:0000018
GO:0060542 -[regulates]-> GO:0042148
GO:0060543 -[is_a]-> GO:0045910
GO:0060543 -[is_a]-> GO:0060542
GO:0060543 -[negatively_regulates]-> GO:0042148
GO:0060544 -[is_a]-> GO:0010939
GO:0060544 -[is_a]-> GO:0043067
GO:0060544 -[regulates]-> GO:0070266
GO:0060545 -[is_a]-> GO:0010940
GO:0060545 -[is_a]-> GO:0043068
GO:0060545 -[is_a]-> GO:0060544
GO:0060545 -[positively_regulates]-> GO:0070266
GO:0060546 -[is_a]-> GO:0043069
GO:0060546 -[is_a]-> GO:0060544
GO:0060546 -[is_a]-> GO:0060547
GO:0060546 -[negatively_regulates]-> GO:0070266
GO:0060547 -[is_a]-> GO:0010939
GO:0060547 -[is_a]-> GO:0060548
GO:0060547 -[negatively_regulates]-> GO:0070265
GO:0060548 -[is_a]-> GO:0010941
GO:0060548 -[is_a]-> GO:0048523
GO:0060548 -[negatively_regulates]-> GO:0008219
GO:0060549 -[is_a]-> GO:0032113
GO:0060549 -[regulates]-> GO:0042132
GO:0060550 -[is_a]-> GO:0010922
GO:0060550 -[is_a]-> GO:0060549
GO:0060550 -[positively_regulates]-> GO:0042132
GO:0060551 -[is_a]-> GO:0019220
GO:0060551 -[regulates]-> GO:0030388
GO:0060552 -[is_a]-> GO:0045937
GO:0060552 -[is_a]-> GO:0060551
GO:0060552 -[positively_regulates]-> GO:0030388
GO:0060556 -[is_a]-> GO:0030656
GO:0060556 -[is_a]-> GO:0031326
GO:0060556 -[is_a]-> GO:0050810
GO:0060556 -[regulates]-> GO:0042368
GO:0060557 -[is_a]-> GO:0010893
GO:0060557 -[is_a]-> GO:0031328
GO:0060557 -[is_a]-> GO:0046136
GO:0060557 -[is_a]-> GO:0060556
GO:0060557 -[positively_regulates]-> GO:0042368
GO:0060558 -[is_a]-> GO:0032768
GO:0060558 -[is_a]-> GO:0060556
GO:0060558 -[is_a]-> GO:1902930
GO:0060558 -[regulates]-> GO:0004498
GO:0060559 -[is_a]-> GO:0032770
GO:0060559 -[is_a]-> GO:0060557
GO:0060559 -[is_a]-> GO:0060558
GO:0060559 -[is_a]-> GO:1902932
GO:0060559 -[positively_regulates]-> GO:0004498
GO:0060560 -[is_a]-> GO:0048589
GO:0060560 -[part_of]-> GO:0009653
GO:0060561 -[is_a]-> GO:1902742
GO:0060561 -[part_of]-> GO:0009653
GO:0060562 -[is_a]-> GO:0002009
GO:0060562 -[is_a]-> GO:0035239
GO:0060563 -[is_a]-> GO:0002065
GO:0060566 -[is_a]-> GO:0031554
GO:0060566 -[is_a]-> GO:0043243
GO:0060566 -[is_a]-> GO:0045893
GO:0060566 -[positively_regulates]-> GO:0006353
GO:0060567 -[is_a]-> GO:0031554
GO:0060567 -[is_a]-> GO:0043242
GO:0060567 -[is_a]-> GO:0045892
GO:0060567 -[negatively_regulates]-> GO:0006353
GO:0060568 -[is_a]-> GO:0032350
GO:0060568 -[is_a]-> GO:0034248
GO:0060568 -[is_a]-> GO:0070613
GO:0060568 -[regulates]-> GO:0016486
GO:0060569 -[is_a]-> GO:0010954
GO:0060569 -[is_a]-> GO:0032352
GO:0060569 -[is_a]-> GO:0034250
GO:0060569 -[is_a]-> GO:0060568
GO:0060569 -[positively_regulates]-> GO:0016486
GO:0060570 -[is_a]-> GO:0010955
GO:0060570 -[is_a]-> GO:0032351
GO:0060570 -[is_a]-> GO:0034249
GO:0060570 -[is_a]-> GO:0060568
GO:0060570 -[negatively_regulates]-> GO:0016486
GO:0060571 -[is_a]-> GO:0002009
GO:0060572 -[is_a]-> GO:0060571
GO:0060573 -[is_a]-> GO:0001708
GO:0060573 -[part_of]-> GO:0007389
GO:0060573 -[part_of]-> GO:0060581
GO:0060574 -[is_a]-> GO:0002069
GO:0060574 -[part_of]-> GO:0060576
GO:0060575 -[is_a]-> GO:0002065
GO:0060575 -[part_of]-> GO:0048565
GO:0060576 -[is_a]-> GO:0002066
GO:0060576 -[part_of]-> GO:0060575
GO:0060577 -[is_a]-> GO:0048845
GO:0060578 -[is_a]-> GO:0048845
GO:0060579 -[is_a]-> GO:0048663
GO:0060579 -[is_a]-> GO:0060581
GO:0060579 -[part_of]-> GO:0021513
GO:0060579 -[part_of]-> GO:0021514
GO:0060580 -[is_a]-> GO:0048664
GO:0060580 -[is_a]-> GO:0060582
GO:0060580 -[part_of]-> GO:0060579
GO:0060581 -[is_a]-> GO:0045165
GO:0060581 -[part_of]-> GO:0007389
GO:0060582 -[is_a]-> GO:0001709
GO:0060582 -[part_of]-> GO:0007389
GO:0060582 -[part_of]-> GO:0060581
GO:0060583 -[is_a]-> GO:0060341
GO:0060583 -[regulates]-> GO:0051666
GO:0060584 -[is_a]-> GO:0051341
GO:0060584 -[regulates]-> GO:0004666
GO:0060585 -[is_a]-> GO:0051353
GO:0060585 -[is_a]-> GO:0060584
GO:0060585 -[positively_regulates]-> GO:0004666
GO:0060586 -[is_a]-> GO:0048871
GO:0060586 -[is_a]-> GO:0055072
GO:0060587 -[is_a]-> GO:0019216
GO:0060587 -[is_a]-> GO:0034442
GO:0060587 -[regulates]-> GO:0034439
GO:0060588 -[is_a]-> GO:0034443
GO:0060588 -[is_a]-> GO:0045833
GO:0060588 -[is_a]-> GO:0060587
GO:0060588 -[negatively_regulates]-> GO:0034439
GO:0060589 -[is_a]-> GO:0030234
GO:0060589 -[regulates]-> GO:0017111
GO:0060590 -[is_a]-> GO:0060589
GO:0060590 -[regulates]-> GO:0016887
GO:0060591 -[is_a]-> GO:0030154
GO:0060591 -[part_of]-> GO:0051216
GO:0060592 -[is_a]-> GO:0044767
GO:0060592 -[is_a]-> GO:0048646
GO:0060592 -[part_of]-> GO:0060443
GO:0060593 -[is_a]-> GO:0016055
GO:0060593 -[part_of]-> GO:0060594
GO:0060594 -[is_a]-> GO:0010092
GO:0060594 -[is_a]-> GO:0060592
GO:0060595 -[is_a]-> GO:0008543
GO:0060595 -[part_of]-> GO:0060594
GO:0060596 -[is_a]-> GO:0060788
GO:0060596 -[part_of]-> GO:0060592
GO:0060597 -[is_a]-> GO:0006357
GO:0060597 -[part_of]-> GO:0060592
GO:0060598 -[is_a]-> GO:0060600
GO:0060598 -[part_of]-> GO:0060444
GO:0060598 -[part_of]-> GO:0060751
GO:0060599 -[is_a]-> GO:0060601
GO:0060599 -[part_of]-> GO:0060444
GO:0060600 -[is_a]-> GO:0002009
GO:0060600 -[part_of]-> GO:0061138
GO:0060601 -[is_a]-> GO:0002009
GO:0060601 -[part_of]-> GO:0061138
GO:0060602 -[is_a]-> GO:0003401
GO:0060602 -[part_of]-> GO:0061138
GO:0060603 -[is_a]-> GO:0060562
GO:0060603 -[part_of]-> GO:0060443
GO:0060603 -[part_of]-> GO:0061180
GO:0060604 -[is_a]-> GO:0060605
GO:0060604 -[part_of]-> GO:0060603
GO:0060605 -[is_a]-> GO:0035148
GO:0060606 -[is_a]-> GO:0035148
GO:0060607 -[is_a]-> GO:0016337
GO:0060607 -[part_of]-> GO:0060606
GO:0060608 -[is_a]-> GO:0060607
GO:0060608 -[is_a]-> GO:0098742
GO:0060608 -[part_of]-> GO:0001843
GO:0060609 -[is_a]-> GO:0060561
GO:0060609 -[part_of]-> GO:0060605
GO:0060610 -[is_a]-> GO:0048762
GO:0060610 -[part_of]-> GO:0030879
GO:0060611 -[is_a]-> GO:0060612
GO:0060611 -[part_of]-> GO:0030879
GO:0060612 -[is_a]-> GO:0061448
GO:0060612 -[part_of]-> GO:0048513
GO:0060613 -[is_a]-> GO:0060612
GO:0060614 -[is_a]-> GO:0030521
GO:0060614 -[is_a]-> GO:0051093
GO:0060614 -[is_a]-> GO:0051241
GO:0060614 -[is_a]-> GO:2000026
GO:0060614 -[negatively_regulates]-> GO:0030879
GO:0060615 -[is_a]-> GO:0016331
GO:0060615 -[is_a]-> GO:0048646
GO:0060615 -[part_of]-> GO:0060648
GO:0060616 -[is_a]-> GO:0016331
GO:0060616 -[is_a]-> GO:0072175
GO:0060616 -[part_of]-> GO:0060652
GO:0060617 -[is_a]-> GO:0051094
GO:0060617 -[is_a]-> GO:0051240
GO:0060617 -[is_a]-> GO:0060638
GO:0060617 -[is_a]-> GO:2000027
GO:0060617 -[positively_regulates]-> GO:0060596
GO:0060618 -[is_a]-> GO:0044767
GO:0060618 -[is_a]-> GO:0048856
GO:0060618 -[part_of]-> GO:0030879
GO:0060619 -[is_a]-> GO:0010631
GO:0060619 -[part_of]-> GO:0060596
GO:0060620 -[is_a]-> GO:0032374
GO:0060620 -[is_a]-> GO:2000909
GO:0060620 -[regulates]-> GO:0070508
GO:0060621 -[is_a]-> GO:0032375
GO:0060621 -[is_a]-> GO:0060620
GO:0060621 -[is_a]-> GO:2000910
GO:0060621 -[negatively_regulates]-> GO:0070508
GO:0060622 -[is_a]-> GO:0034307
GO:0060622 -[is_a]-> GO:0090093
GO:0060622 -[regulates]-> GO:0034412
GO:0060623 -[is_a]-> GO:0033044
GO:0060623 -[regulates]-> GO:0030261
GO:0060624 -[is_a]-> GO:0060622
GO:0060624 -[is_a]-> GO:0090334
GO:0060624 -[regulates]-> GO:0034413
GO:0060625 -[is_a]-> GO:0030162
GO:0060625 -[is_a]-> GO:1903320
GO:0060625 -[regulates]-> GO:0000338
GO:0060626 -[is_a]-> GO:0060625
GO:0060626 -[regulates]-> GO:0010388
GO:0060627 -[is_a]-> GO:0050794
GO:0060627 -[is_a]-> GO:0051049
GO:0060627 -[regulates]-> GO:0016192
GO:0060628 -[is_a]-> GO:0032386
GO:0060628 -[is_a]-> GO:0060627
GO:0060628 -[regulates]-> GO:0006888
GO:0060629 -[is_a]-> GO:0051983
GO:0060629 -[is_a]-> GO:0060631
GO:0060629 -[regulates]-> GO:0045143
GO:0060631 -[is_a]-> GO:0040020
GO:0060631 -[regulates]-> GO:0007127
GO:0060632 -[is_a]-> GO:0032886
GO:0060632 -[is_a]-> GO:0051270
GO:0060632 -[regulates]-> GO:0007018
GO:0060633 -[is_a]-> GO:0000122
GO:0060633 -[is_a]-> GO:0060260
GO:0060633 -[is_a]-> GO:2000143
GO:0060633 -[negatively_regulates]-> GO:0006367
GO:0060634 -[is_a]-> GO:0010675
GO:0060634 -[is_a]-> GO:0032885
GO:0060634 -[is_a]-> GO:2000112
GO:0060634 -[regulates]-> GO:0051072
GO:0060635 -[is_a]-> GO:0010557
GO:0060635 -[is_a]-> GO:0010676
GO:0060635 -[is_a]-> GO:0031328
GO:0060635 -[is_a]-> GO:0032953
GO:0060635 -[positively_regulates]-> GO:0006075
GO:0060636 -[is_a]-> GO:0010677
GO:0060636 -[is_a]-> GO:0032953
GO:0060636 -[is_a]-> GO:2000113
GO:0060636 -[negatively_regulates]-> GO:0006075
GO:0060637 -[is_a]-> GO:0060638
GO:0060637 -[is_a]-> GO:1903489
GO:0060637 -[positively_regulates]-> GO:0007595
GO:0060638 -[is_a]-> GO:0007267
GO:0060639 -[is_a]-> GO:0051094
GO:0060639 -[is_a]-> GO:0051240
GO:0060639 -[is_a]-> GO:0060638
GO:0060639 -[is_a]-> GO:2000027
GO:0060639 -[positively_regulates]-> GO:0007435
GO:0060640 -[is_a]-> GO:0042488
GO:0060640 -[is_a]-> GO:0060638
GO:0060641 -[is_a]-> GO:0060033
GO:0060641 -[part_of]-> GO:0060603
GO:0060642 -[is_a]-> GO:0050872
GO:0060642 -[part_of]-> GO:0060611
GO:0060643 -[is_a]-> GO:0060644
GO:0060643 -[part_of]-> GO:0060615
GO:0060643 -[part_of]-> GO:0060648
GO:0060644 -[is_a]-> GO:0030855
GO:0060644 -[part_of]-> GO:0061180
GO:0060645 -[is_a]-> GO:0060643
GO:0060646 -[is_a]-> GO:0060643
GO:0060647 -[is_a]-> GO:0016337
GO:0060647 -[part_of]-> GO:0060611
GO:0060648 -[is_a]-> GO:0060572
GO:0060648 -[part_of]-> GO:0060603
GO:0060649 -[is_a]-> GO:0060560
GO:0060649 -[part_of]-> GO:0060648
GO:0060650 -[is_a]-> GO:0033598
GO:0060650 -[part_of]-> GO:0060649
GO:0060651 -[is_a]-> GO:0033599
GO:0060651 -[is_a]-> GO:0048638
GO:0060651 -[is_a]-> GO:1905330
GO:0060651 -[is_a]-> GO:2000027
GO:0060651 -[regulates]-> GO:0060650
GO:0060652 -[is_a]-> GO:0060562
GO:0060652 -[part_of]-> GO:0060603
GO:0060653 -[is_a]-> GO:0060644
GO:0060653 -[part_of]-> GO:0060652
GO:0060654 -[is_a]-> GO:0060751
GO:0060654 -[part_of]-> GO:0060652
GO:0060655 -[is_a]-> GO:0060444
GO:0060655 -[part_of]-> GO:0060652
GO:0060656 -[is_a]-> GO:0007267
GO:0060656 -[is_a]-> GO:0060762
GO:0060656 -[regulates]-> GO:0060655
GO:0060657 -[is_a]-> GO:0007267
GO:0060657 -[is_a]-> GO:0048638
GO:0060657 -[is_a]-> GO:0060762
GO:0060657 -[regulates]-> GO:0060654
GO:0060658 -[is_a]-> GO:0009653
GO:0060658 -[is_a]-> GO:0044767
GO:0060658 -[part_of]-> GO:0060618
GO:0060659 -[is_a]-> GO:0044767
GO:0060659 -[is_a]-> GO:0048646
GO:0060659 -[part_of]-> GO:0060658
GO:0060660 -[is_a]-> GO:0048730
GO:0060660 -[part_of]-> GO:0060658
GO:0060661 -[is_a]-> GO:0044767
GO:0060661 -[is_a]-> GO:0048646
GO:0060661 -[part_of]-> GO:0007435
GO:0060662 -[is_a]-> GO:0060605
GO:0060662 -[part_of]-> GO:0007435
GO:0060663 -[is_a]-> GO:0060609
GO:0060663 -[part_of]-> GO:0060662
GO:0060664 -[is_a]-> GO:0050673
GO:0060664 -[part_of]-> GO:0007435
GO:0060665 -[is_a]-> GO:0060638
GO:0060665 -[is_a]-> GO:0060693
GO:0060666 -[is_a]-> GO:0060600
GO:0060666 -[part_of]-> GO:0060445
GO:0060667 -[is_a]-> GO:0060602
GO:0060667 -[part_of]-> GO:0007435
GO:0060667 -[part_of]-> GO:0060445
GO:0060668 -[is_a]-> GO:0035426
GO:0060668 -[is_a]-> GO:0060693
GO:0060669 -[is_a]-> GO:0003006
GO:0060669 -[is_a]-> GO:0044702
GO:0060669 -[is_a]-> GO:0048598
GO:0060669 -[part_of]-> GO:0001892
GO:0060670 -[is_a]-> GO:0003006
GO:0060670 -[is_a]-> GO:0044702
GO:0060670 -[is_a]-> GO:0048598
GO:0060670 -[is_a]-> GO:0061138
GO:0060670 -[part_of]-> GO:0060713
GO:0060671 -[is_a]-> GO:0030855
GO:0060671 -[is_a]-> GO:0060706
GO:0060671 -[part_of]-> GO:0001892
GO:0060671 -[part_of]-> GO:0060711
GO:0060672 -[is_a]-> GO:0003006
GO:0060672 -[is_a]-> GO:0003382
GO:0060672 -[is_a]-> GO:0044702
GO:0060672 -[is_a]-> GO:0048598
GO:0060672 -[part_of]-> GO:0060670
GO:0060672 -[part_of]-> GO:0060671
GO:0060673 -[is_a]-> GO:0007267
GO:0060673 -[is_a]-> GO:0044702
GO:0060673 -[part_of]-> GO:0001890
GO:0060673 -[part_of]-> GO:0001892
GO:0060674 -[is_a]-> GO:0001568
GO:0060674 -[is_a]-> GO:0003006
GO:0060674 -[is_a]-> GO:0044702
GO:0060674 -[part_of]-> GO:0001890
GO:0060675 -[is_a]-> GO:0072171
GO:0060675 -[part_of]-> GO:0001657
GO:0060676 -[is_a]-> GO:0072172
GO:0060676 -[part_of]-> GO:0060675
GO:0060677 -[is_a]-> GO:0060560
GO:0060677 -[part_of]-> GO:0060675
GO:0060678 -[is_a]-> GO:0060600
GO:0060678 -[part_of]-> GO:0001658
GO:0060679 -[is_a]-> GO:0002009
GO:0060679 -[part_of]-> GO:0001658
GO:0060680 -[is_a]-> GO:0060601
GO:0060680 -[part_of]-> GO:0001658
GO:0060681 -[is_a]-> GO:0060602
GO:0060681 -[part_of]-> GO:0001658
GO:0060681 -[part_of]-> GO:0060677
GO:0060682 -[is_a]-> GO:0060560
GO:0060682 -[part_of]-> GO:0060677
GO:0060683 -[is_a]-> GO:0060684
GO:0060683 -[is_a]-> GO:0060693
GO:0060684 -[is_a]-> GO:0007267
GO:0060685 -[is_a]-> GO:0003156
GO:0060685 -[is_a]-> GO:0045995
GO:0060685 -[is_a]-> GO:0060688
GO:0060685 -[is_a]-> GO:1905330
GO:0060685 -[is_a]-> GO:2000241
GO:0060685 -[regulates]-> GO:0060513
GO:0060686 -[is_a]-> GO:0045992
GO:0060686 -[is_a]-> GO:0060685
GO:0060686 -[is_a]-> GO:1905331
GO:0060686 -[is_a]-> GO:2000242
GO:0060686 -[negatively_regulates]-> GO:0060513
GO:0060687 -[is_a]-> GO:0060688
GO:0060687 -[is_a]-> GO:1905330
GO:0060687 -[is_a]-> GO:2000027
GO:0060687 -[is_a]-> GO:2000241
GO:0060687 -[regulates]-> GO:0060442
GO:0060688 -[is_a]-> GO:0022603
GO:0060688 -[is_a]-> GO:0051239
GO:0060688 -[regulates]-> GO:0001763
GO:0060689 -[is_a]-> GO:0030154
GO:0060689 -[part_of]-> GO:0007431
GO:0060690 -[is_a]-> GO:0030855
GO:0060690 -[is_a]-> GO:0060689
GO:0060690 -[part_of]-> GO:0007431
GO:0060691 -[is_a]-> GO:0002070
GO:0060691 -[part_of]-> GO:0007431
GO:0060691 -[part_of]-> GO:0060690
GO:0060692 -[is_a]-> GO:0048762
GO:0060692 -[is_a]-> GO:0060689
GO:0060692 -[part_of]-> GO:0007431
GO:0060693 -[is_a]-> GO:0060688
GO:0060693 -[is_a]-> GO:1905330
GO:0060693 -[is_a]-> GO:2000027
GO:0060693 -[regulates]-> GO:0060445
GO:0060694 -[is_a]-> GO:0032374
GO:0060694 -[is_a]-> GO:0032409
GO:0060694 -[regulates]-> GO:0017127
GO:0060695 -[is_a]-> GO:0032375
GO:0060695 -[is_a]-> GO:0032410
GO:0060695 -[is_a]-> GO:0060694
GO:0060695 -[negatively_regulates]-> GO:0017127
GO:0060696 -[is_a]-> GO:0031329
GO:0060696 -[is_a]-> GO:0050994
GO:0060696 -[is_a]-> GO:1903725
GO:0060696 -[regulates]-> GO:0009395
GO:0060697 -[is_a]-> GO:0031331
GO:0060697 -[is_a]-> GO:0050996
GO:0060697 -[is_a]-> GO:0060696
GO:0060697 -[is_a]-> GO:1903727
GO:0060697 -[positively_regulates]-> GO:0009395
GO:0060698 -[is_a]-> GO:0008428
GO:0060698 -[negatively_regulates]-> GO:0004521
GO:0060698 -[part_of]-> GO:0060702
GO:0060699 -[is_a]-> GO:0060700
GO:0060699 -[regulates]-> GO:0004521
GO:0060700 -[is_a]-> GO:0032069
GO:0060700 -[is_a]-> GO:0051252
GO:0060700 -[regulates]-> GO:0004540
GO:0060701 -[is_a]-> GO:0032074
GO:0060701 -[is_a]-> GO:0051253
GO:0060701 -[is_a]-> GO:0060700
GO:0060701 -[negatively_regulates]-> GO:0004540
GO:0060702 -[is_a]-> GO:0060699
GO:0060702 -[is_a]-> GO:0060701
GO:0060702 -[negatively_regulates]-> GO:0004521
GO:0060703 -[is_a]-> GO:0004857
GO:0060703 -[negatively_regulates]-> GO:0004536
GO:0060703 -[part_of]-> GO:0032076
GO:0060704 -[is_a]-> GO:0060690
GO:0060704 -[is_a]-> GO:0090425
GO:0060704 -[part_of]-> GO:0007431
GO:0060705 -[is_a]-> GO:0030182
GO:0060705 -[is_a]-> GO:0060689
GO:0060705 -[part_of]-> GO:0007431
GO:0060706 -[is_a]-> GO:0003006
GO:0060706 -[is_a]-> GO:0030154
GO:0060706 -[is_a]-> GO:0044702
GO:0060706 -[part_of]-> GO:0001892
GO:0060707 -[is_a]-> GO:0060706
GO:0060708 -[is_a]-> GO:0060706
GO:0060708 -[part_of]-> GO:0060712
GO:0060709 -[is_a]-> GO:0060706
GO:0060709 -[part_of]-> GO:0060712
GO:0060710 -[is_a]-> GO:0016337
GO:0060710 -[is_a]-> GO:0044702
GO:0060710 -[part_of]-> GO:0060713
GO:0060711 -[is_a]-> GO:0044702
GO:0060711 -[is_a]-> GO:0044767
GO:0060711 -[is_a]-> GO:0048608
GO:0060711 -[part_of]-> GO:0001892
GO:0060712 -[is_a]-> GO:0009888
GO:0060712 -[is_a]-> GO:0048608
GO:0060712 -[part_of]-> GO:0001892
GO:0060713 -[is_a]-> GO:0003006
GO:0060713 -[is_a]-> GO:0044702
GO:0060713 -[is_a]-> GO:0048598
GO:0060713 -[part_of]-> GO:0060669
GO:0060713 -[part_of]-> GO:0060711
GO:0060714 -[is_a]-> GO:0003006
GO:0060714 -[is_a]-> GO:0044702
GO:0060714 -[is_a]-> GO:0044767
GO:0060714 -[is_a]-> GO:0048646
GO:0060714 -[part_of]-> GO:0060713
GO:0060715 -[is_a]-> GO:0060706
GO:0060715 -[part_of]-> GO:0060711
GO:0060716 -[is_a]-> GO:0048568
GO:0060716 -[is_a]-> GO:0048608
GO:0060716 -[is_a]-> GO:0060674
GO:0060716 -[part_of]-> GO:0060711
GO:0060717 -[is_a]-> GO:0044767
GO:0060717 -[is_a]-> GO:1903867
GO:0060718 -[is_a]-> GO:0030154
GO:0060718 -[part_of]-> GO:0060717
GO:0060719 -[is_a]-> GO:0048468
GO:0060719 -[part_of]-> GO:0060718
GO:0060720 -[is_a]-> GO:0060722
GO:0060720 -[part_of]-> GO:0090214
GO:0060721 -[is_a]-> GO:0048638
GO:0060721 -[is_a]-> GO:0060723
GO:0060721 -[regulates]-> GO:0060720
GO:0060722 -[is_a]-> GO:0008283
GO:0060722 -[is_a]-> GO:0044702
GO:0060722 -[part_of]-> GO:0001892
GO:0060723 -[is_a]-> GO:0042127
GO:0060723 -[is_a]-> GO:0045995
GO:0060723 -[is_a]-> GO:2000241
GO:0060723 -[regulates]-> GO:0060722
GO:0060724 -[is_a]-> GO:0015026
GO:0060724 -[part_of]-> GO:0007173
GO:0060725 -[is_a]-> GO:0010469
GO:0060725 -[regulates]-> GO:0015026
GO:0060726 -[is_a]-> GO:0042058
GO:0060726 -[is_a]-> GO:0060725
GO:0060726 -[regulates]-> GO:0060724
GO:0060727 -[is_a]-> GO:0045742
GO:0060727 -[is_a]-> GO:0060726
GO:0060727 -[is_a]-> GO:2000273
GO:0060727 -[positively_regulates]-> GO:0060724
GO:0060728 -[is_a]-> GO:0042059
GO:0060728 -[is_a]-> GO:0060726
GO:0060728 -[is_a]-> GO:2000272
GO:0060728 -[negatively_regulates]-> GO:0060724
GO:0060729 -[is_a]-> GO:0030277
GO:0060730 -[is_a]-> GO:0032844
GO:0060730 -[is_a]-> GO:0044058
GO:0060730 -[regulates]-> GO:0060729
GO:0060731 -[is_a]-> GO:0032846
GO:0060731 -[is_a]-> GO:0060456
GO:0060731 -[is_a]-> GO:0060730
GO:0060731 -[positively_regulates]-> GO:0060729
GO:0060732 -[is_a]-> GO:0010676
GO:0060732 -[is_a]-> GO:0010919
GO:0060732 -[is_a]-> GO:0031328
GO:0060732 -[is_a]-> GO:0045937
GO:0060732 -[is_a]-> GO:1902932
GO:0060732 -[positively_regulates]-> GO:0032958
GO:0060733 -[is_a]-> GO:0001932
GO:0060733 -[is_a]-> GO:0006446
GO:0060733 -[is_a]-> GO:0034198
GO:0060733 -[is_a]-> GO:0080135
GO:0060733 -[regulates]-> GO:0010998
GO:0060734 -[is_a]-> GO:0001932
GO:0060734 -[is_a]-> GO:0006446
GO:0060734 -[is_a]-> GO:0080135
GO:0060734 -[regulates]-> GO:0034976
GO:0060734 -[regulates]-> GO:0036492
GO:0060735 -[is_a]-> GO:0001932
GO:0060735 -[is_a]-> GO:0006446
GO:0060735 -[is_a]-> GO:0080135
GO:0060735 -[part_of]-> GO:0071359
GO:0060735 -[regulates]-> GO:0010998
GO:0060736 -[is_a]-> GO:0003006
GO:0060736 -[is_a]-> GO:0035265
GO:0060736 -[is_a]-> GO:0044702
GO:0060736 -[part_of]-> GO:0030850
GO:0060737 -[is_a]-> GO:0060560
GO:0060737 -[is_a]-> GO:0060736
GO:0060737 -[part_of]-> GO:0009653
GO:0060737 -[part_of]-> GO:0060512
GO:0060738 -[is_a]-> GO:0044702
GO:0060738 -[is_a]-> GO:0060684
GO:0060738 -[part_of]-> GO:0030850
GO:0060739 -[is_a]-> GO:0044702
GO:0060739 -[is_a]-> GO:0060638
GO:0060739 -[part_of]-> GO:0030850
GO:0060740 -[is_a]-> GO:0002009
GO:0060740 -[is_a]-> GO:0003006
GO:0060740 -[is_a]-> GO:0044702
GO:0060740 -[part_of]-> GO:0060512
GO:0060741 -[is_a]-> GO:0003006
GO:0060741 -[is_a]-> GO:0009653
GO:0060741 -[is_a]-> GO:0044702
GO:0060741 -[is_a]-> GO:0044767
GO:0060741 -[part_of]-> GO:0060512
GO:0060741 -[part_of]-> GO:0061448
GO:0060742 -[is_a]-> GO:0003006
GO:0060742 -[is_a]-> GO:0030855
GO:0060742 -[is_a]-> GO:0044702
GO:0060742 -[part_of]-> GO:0030850
GO:0060743 -[is_a]-> GO:0002070
GO:0060743 -[is_a]-> GO:0003006
GO:0060743 -[is_a]-> GO:0044702
GO:0060743 -[part_of]-> GO:0030850
GO:0060743 -[part_of]-> GO:0060742
GO:0060744 -[is_a]-> GO:0003006
GO:0060744 -[is_a]-> GO:0044702
GO:0060744 -[is_a]-> GO:0060444
GO:0060744 -[part_of]-> GO:0042695
GO:0060745 -[is_a]-> GO:0003006
GO:0060745 -[is_a]-> GO:0060135
GO:0060745 -[is_a]-> GO:0060444
GO:0060746 -[is_a]-> GO:0019098
GO:0060747 -[is_a]-> GO:0060746
GO:0060748 -[is_a]-> GO:0003006
GO:0060748 -[part_of]-> GO:0060745
GO:0060749 -[is_a]-> GO:0044767
GO:0060749 -[is_a]-> GO:0048856
GO:0060749 -[part_of]-> GO:0061377
GO:0060750 -[is_a]-> GO:0033598
GO:0060750 -[part_of]-> GO:0060751
GO:0060751 -[is_a]-> GO:0060602
GO:0060751 -[part_of]-> GO:0060444
GO:0060751 -[part_of]-> GO:0060603
GO:0060752 -[is_a]-> GO:0015918
GO:0060752 -[is_a]-> GO:0098856
GO:0060753 -[is_a]-> GO:0002688
GO:0060753 -[regulates]-> GO:0002551
GO:0060754 -[is_a]-> GO:0002690
GO:0060754 -[is_a]-> GO:0060753
GO:0060754 -[positively_regulates]-> GO:0002551
GO:0060755 -[is_a]-> GO:0002689
GO:0060755 -[is_a]-> GO:0060753
GO:0060755 -[negatively_regulates]-> GO:0002551
GO:0060756 -[is_a]-> GO:0044708
GO:0060757 -[is_a]-> GO:0060756
GO:0060758 -[is_a]-> GO:0060756
GO:0060759 -[is_a]-> GO:0048583
GO:0060759 -[regulates]-> GO:0034097
GO:0060760 -[is_a]-> GO:0048584
GO:0060760 -[is_a]-> GO:0060759
GO:0060760 -[positively_regulates]-> GO:0034097
GO:0060761 -[is_a]-> GO:0048585
GO:0060761 -[is_a]-> GO:0060759
GO:0060761 -[negatively_regulates]-> GO:0034097
GO:0060762 -[is_a]-> GO:0060688
GO:0060762 -[is_a]-> GO:1905330
GO:0060762 -[is_a]-> GO:2000027
GO:0060762 -[regulates]-> GO:0060444
GO:0060763 -[is_a]-> GO:0060560
GO:0060763 -[part_of]-> GO:0060603
GO:0060764 -[is_a]-> GO:0007267
GO:0060764 -[part_of]-> GO:0030879
GO:0060765 -[is_a]-> GO:0033143
GO:0060765 -[regulates]-> GO:0030521
GO:0060766 -[is_a]-> GO:0033144
GO:0060766 -[is_a]-> GO:0060765
GO:0060766 -[negatively_regulates]-> GO:0030521
GO:0060767 -[is_a]-> GO:0044702
GO:0060767 -[is_a]-> GO:0050673
GO:0060767 -[part_of]-> GO:0030850
GO:0060768 -[is_a]-> GO:0050678
GO:0060768 -[is_a]-> GO:2000026
GO:0060768 -[is_a]-> GO:2000241
GO:0060768 -[regulates]-> GO:0060767
GO:0060769 -[is_a]-> GO:0050679
GO:0060769 -[is_a]-> GO:0051094
GO:0060769 -[is_a]-> GO:0051240
GO:0060769 -[is_a]-> GO:0060768
GO:0060769 -[is_a]-> GO:2000243
GO:0060769 -[positively_regulates]-> GO:0060767
GO:0060770 -[is_a]-> GO:0050680
GO:0060770 -[is_a]-> GO:0051093
GO:0060770 -[is_a]-> GO:0051241
GO:0060770 -[is_a]-> GO:0060768
GO:0060770 -[is_a]-> GO:2000242
GO:0060770 -[negatively_regulates]-> GO:0060767
GO:0060771 -[is_a]-> GO:0009956
GO:0060772 -[is_a]-> GO:0060771
GO:0060773 -[is_a]-> GO:0060771
GO:0060774 -[is_a]-> GO:0009734
GO:0060774 -[part_of]-> GO:0060771
GO:0060775 -[is_a]-> GO:0060071
GO:0060775 -[part_of]-> GO:0060031
GO:0060776 -[is_a]-> GO:0009965
GO:0060777 -[is_a]-> GO:0009965
GO:0060778 -[is_a]-> GO:0060794
GO:0060779 -[is_a]-> GO:0060794
GO:0060780 -[is_a]-> GO:0060794
GO:0060781 -[is_a]-> GO:0010463
GO:0060781 -[is_a]-> GO:0044702
GO:0060781 -[part_of]-> GO:0030850
GO:0060782 -[is_a]-> GO:0010464
GO:0060782 -[is_a]-> GO:2000026
GO:0060782 -[is_a]-> GO:2000241
GO:0060782 -[regulates]-> GO:0060781
GO:0060783 -[is_a]-> GO:0007224
GO:0060783 -[is_a]-> GO:0022414
GO:0060783 -[is_a]-> GO:1905114
GO:0060783 -[part_of]-> GO:0060738
GO:0060784 -[is_a]-> GO:0042127
GO:0060784 -[part_of]-> GO:0001894
GO:0060784 -[part_of]-> GO:0048873
GO:0060785 -[is_a]-> GO:0042981
GO:0060785 -[part_of]-> GO:0001894
GO:0060785 -[part_of]-> GO:0048873
GO:0060786 -[is_a]-> GO:0045595
GO:0060786 -[part_of]-> GO:0001894
GO:0060786 -[part_of]-> GO:0048873
GO:0060787 -[is_a]-> GO:0008543
GO:0060787 -[is_a]-> GO:0040019
GO:0060787 -[is_a]-> GO:1905332
GO:0060787 -[is_a]-> GO:2000027
GO:0060787 -[positively_regulates]-> GO:0090018
GO:0060788 -[is_a]-> GO:0044767
GO:0060788 -[is_a]-> GO:0048646
GO:0060788 -[part_of]-> GO:0071697
GO:0060789 -[is_a]-> GO:0060788
GO:0060789 -[part_of]-> GO:0001942
GO:0060790 -[is_a]-> GO:0060788
GO:0060790 -[part_of]-> GO:0042475
GO:0060791 -[is_a]-> GO:0060788
GO:0060791 -[part_of]-> GO:0048733
GO:0060792 -[is_a]-> GO:0048732
GO:0060793 -[is_a]-> GO:0060788
GO:0060793 -[part_of]-> GO:0060792
GO:0060794 -[is_a]-> GO:0009653
GO:0060794 -[is_a]-> GO:0044767
GO:0060794 -[part_of]-> GO:0060777
GO:0060795 -[is_a]-> GO:0045165
GO:0060795 -[part_of]-> GO:0001704
GO:0060796 -[is_a]-> GO:0060850
GO:0060796 -[part_of]-> GO:0060795
GO:0060797 -[is_a]-> GO:0007179
GO:0060797 -[part_of]-> GO:0060795
GO:0060798 -[is_a]-> GO:0060797
GO:0060798 -[part_of]-> GO:0007501
GO:0060799 -[is_a]-> GO:0060797
GO:0060799 -[part_of]-> GO:0001714
GO:0060800 -[is_a]-> GO:0045595
GO:0060800 -[is_a]-> GO:0045995
GO:0060800 -[is_a]-> GO:2000241
GO:0060800 -[regulates]-> GO:0060706
GO:0060801 -[is_a]-> GO:0060806
GO:0060802 -[is_a]-> GO:0007267
GO:0060802 -[part_of]-> GO:0009948
GO:0060803 -[is_a]-> GO:0030509
GO:0060803 -[is_a]-> GO:0060796
GO:0060803 -[part_of]-> GO:0007501
GO:0060804 -[is_a]-> GO:0030177
GO:0060804 -[is_a]-> GO:0030509
GO:0060804 -[positively_regulates]-> GO:0016055
GO:0060805 -[is_a]-> GO:0060806
GO:0060806 -[is_a]-> GO:0045596
GO:0060806 -[is_a]-> GO:0045992
GO:0060806 -[is_a]-> GO:0060800
GO:0060806 -[is_a]-> GO:2000242
GO:0060806 -[negatively_regulates]-> GO:0060706
GO:0060807 -[is_a]-> GO:0060796
GO:0060807 -[part_of]-> GO:0001714
GO:0060808 -[is_a]-> GO:0010718
GO:0060808 -[is_a]-> GO:2000543
GO:0060808 -[positively_regulates]-> GO:0060809
GO:0060809 -[is_a]-> GO:0001837
GO:0060809 -[is_a]-> GO:0048598
GO:0060809 -[part_of]-> GO:0007369
GO:0060810 -[is_a]-> GO:0008298
GO:0060810 -[part_of]-> GO:0007389
GO:0060811 -[is_a]-> GO:0060810
GO:0060811 -[part_of]-> GO:0009948
GO:0060812 -[is_a]-> GO:0060811
GO:0060813 -[is_a]-> GO:0060811
GO:0060814 -[is_a]-> GO:0060811
GO:0060815 -[is_a]-> GO:0006417
GO:0060815 -[part_of]-> GO:0009948
GO:0060816 -[is_a]-> GO:0009048
GO:0060817 -[is_a]-> GO:0009048
GO:0060818 -[is_a]-> GO:0060817
GO:0060818 -[is_a]-> GO:0060819
GO:0060819 -[is_a]-> GO:0006349
GO:0060819 -[is_a]-> GO:0009048
GO:0060820 -[is_a]-> GO:0009048
GO:0060820 -[is_a]-> GO:0031507
GO:0060821 -[is_a]-> GO:0009048
GO:0060822 -[is_a]-> GO:0060798
GO:0060822 -[part_of]-> GO:0048327
GO:0060823 -[is_a]-> GO:0060070
GO:0060823 -[part_of]-> GO:0021999
GO:0060824 -[is_a]-> GO:0048384
GO:0060824 -[part_of]-> GO:0021999
GO:0060825 -[is_a]-> GO:0008543
GO:0060825 -[part_of]-> GO:0021999
GO:0060826 -[is_a]-> GO:0007179
GO:0060826 -[part_of]-> GO:0021999
GO:0060827 -[is_a]-> GO:0022603
GO:0060827 -[is_a]-> GO:0045995
GO:0060827 -[is_a]-> GO:0060828
GO:0060827 -[regulates]-> GO:0060823
GO:0060828 -[is_a]-> GO:0030111
GO:0060828 -[regulates]-> GO:0060070
GO:0060829 -[is_a]-> GO:0051093
GO:0060829 -[is_a]-> GO:0051241
GO:0060829 -[is_a]-> GO:0060827
GO:0060829 -[is_a]-> GO:0090090
GO:0060829 -[negatively_regulates]-> GO:0060823
GO:0060830 -[is_a]-> GO:0043113
GO:0060830 -[occurs_in]-> GO:0005929
GO:0060830 -[part_of]-> GO:0007224
GO:0060831 -[is_a]-> GO:0007224
GO:0060831 -[part_of]-> GO:0021904
GO:0060832 -[is_a]-> GO:0007309
GO:0060833 -[is_a]-> GO:0016055
GO:0060833 -[is_a]-> GO:0022414
GO:0060833 -[part_of]-> GO:0060832
GO:0060834 -[is_a]-> GO:0000578
GO:0060835 -[is_a]-> GO:0007179
GO:0060835 -[part_of]-> GO:0060834
GO:0060836 -[is_a]-> GO:0045446
GO:0060836 -[part_of]-> GO:0001945
GO:0060837 -[is_a]-> GO:0045446
GO:0060837 -[part_of]-> GO:0001568
GO:0060838 -[is_a]-> GO:0060839
GO:0060838 -[part_of]-> GO:0060836
GO:0060839 -[is_a]-> GO:0072148
GO:0060839 -[part_of]-> GO:0045446
GO:0060840 -[is_a]-> GO:0001568
GO:0060841 -[is_a]-> GO:0001568
GO:0060842 -[is_a]-> GO:0060837
GO:0060843 -[is_a]-> GO:0060837
GO:0060844 -[is_a]-> GO:0060846
GO:0060844 -[part_of]-> GO:0060842
GO:0060845 -[is_a]-> GO:0060846
GO:0060845 -[part_of]-> GO:0060843
GO:0060846 -[is_a]-> GO:0060839
GO:0060846 -[part_of]-> GO:0060837
GO:0060847 -[is_a]-> GO:0001708
GO:0060847 -[part_of]-> GO:0060839
GO:0060848 -[is_a]-> GO:0001709
GO:0060848 -[part_of]-> GO:0060839
GO:0060849 -[is_a]-> GO:0060850
GO:0060849 -[part_of]-> GO:0060838
GO:0060850 -[is_a]-> GO:0006357
GO:0060850 -[part_of]-> GO:0045165
GO:0060851 -[is_a]-> GO:0048010
GO:0060851 -[part_of]-> GO:0060838
GO:0060852 -[is_a]-> GO:0060850
GO:0060852 -[part_of]-> GO:0060845
GO:0060853 -[is_a]-> GO:0007219
GO:0060853 -[part_of]-> GO:0060844
GO:0060854 -[is_a]-> GO:0007389
GO:0060854 -[part_of]-> GO:0001946
GO:0060855 -[is_a]-> GO:0043534
GO:0060855 -[part_of]-> GO:0001945
GO:0060856 -[is_a]-> GO:0048468
GO:0060857 -[is_a]-> GO:0021782
GO:0060857 -[is_a]-> GO:0060856
GO:0060858 -[is_a]-> GO:0016192
GO:0060858 -[is_a]-> GO:0044702
GO:0060858 -[is_a]-> GO:0044765
GO:0060858 -[part_of]-> GO:0010227
GO:0060859 -[is_a]-> GO:0060627
GO:0060859 -[is_a]-> GO:0060860
GO:0060859 -[regulates]-> GO:0060858
GO:0060860 -[is_a]-> GO:0009909
GO:0060860 -[regulates]-> GO:0010227
GO:0060861 -[is_a]-> GO:0009911
GO:0060861 -[is_a]-> GO:0060860
GO:0060861 -[positively_regulates]-> GO:0010227
GO:0060862 -[is_a]-> GO:0009910
GO:0060862 -[is_a]-> GO:0060860
GO:0060862 -[negatively_regulates]-> GO:0010227
GO:0060863 -[is_a]-> GO:0007165
GO:0060863 -[is_a]-> GO:0060860
GO:0060863 -[regulates]-> GO:0010227
GO:0060864 -[is_a]-> GO:0007264
GO:0060864 -[is_a]-> GO:0060861
GO:0060864 -[is_a]-> GO:0060863
GO:0060864 -[positively_regulates]-> GO:0010227
GO:0060865 -[is_a]-> GO:0007178
GO:0060865 -[is_a]-> GO:0060862
GO:0060865 -[is_a]-> GO:0060863
GO:0060865 -[negatively_regulates]-> GO:0010227
GO:0060866 -[is_a]-> GO:0009838
GO:0060867 -[is_a]-> GO:0009838
GO:0060868 -[is_a]-> GO:0007264
GO:0060868 -[is_a]-> GO:0060859
GO:0060868 -[is_a]-> GO:0060863
GO:0060868 -[regulates]-> GO:0060858
GO:0060869 -[is_a]-> GO:0007178
GO:0060869 -[is_a]-> GO:0022414
GO:0060869 -[part_of]-> GO:0010227
GO:0060870 -[is_a]-> GO:0009830
GO:0060870 -[is_a]-> GO:0044702
GO:0060870 -[part_of]-> GO:0010227
GO:0060872 -[is_a]-> GO:0035295
GO:0060872 -[part_of]-> GO:0048839
GO:0060873 -[is_a]-> GO:0060872
GO:0060874 -[is_a]-> GO:0060872
GO:0060875 -[is_a]-> GO:0060872
GO:0060876 -[is_a]-> GO:0035148
GO:0060876 -[part_of]-> GO:0048752
GO:0060877 -[is_a]-> GO:0003002
GO:0060877 -[part_of]-> GO:0060876
GO:0060878 -[is_a]-> GO:0048598
GO:0060878 -[is_a]-> GO:0060571
GO:0060878 -[part_of]-> GO:0060876
GO:0060879 -[is_a]-> GO:0060606
GO:0060879 -[part_of]-> GO:0060876
GO:0060880 -[is_a]-> GO:0000904
GO:0060880 -[is_a]-> GO:0048598
GO:0060880 -[part_of]-> GO:0060879
GO:0060881 -[is_a]-> GO:0022617
GO:0060882 -[is_a]-> GO:0060881
GO:0060882 -[part_of]-> GO:0060879
GO:0060883 -[is_a]-> GO:0007154
GO:0060883 -[is_a]-> GO:0010715
GO:0060883 -[is_a]-> GO:0045995
GO:0060883 -[is_a]-> GO:2000027
GO:0060883 -[regulates]-> GO:0060882
GO:0060884 -[is_a]-> GO:0002009
GO:0060884 -[is_a]-> GO:0048598
GO:0060884 -[part_of]-> GO:0048752
GO:0060885 -[is_a]-> GO:0060561
GO:0060885 -[is_a]-> GO:0060884
GO:0060886 -[is_a]-> GO:0001837
GO:0060886 -[is_a]-> GO:0060884
GO:0060887 -[is_a]-> GO:0098773
GO:0060887 -[part_of]-> GO:0060173
GO:0060888 -[is_a]-> GO:0003002
GO:0060888 -[is_a]-> GO:0044767
GO:0060888 -[is_a]-> GO:0060887
GO:0060889 -[is_a]-> GO:0009913
GO:0060889 -[is_a]-> GO:0048863
GO:0060889 -[part_of]-> GO:0060887
GO:0060890 -[is_a]-> GO:0030216
GO:0060890 -[part_of]-> GO:0060887
GO:0060891 -[is_a]-> GO:0030216
GO:0060891 -[part_of]-> GO:0060887
GO:0060892 -[is_a]-> GO:0009957
GO:0060892 -[is_a]-> GO:0060573
GO:0060892 -[part_of]-> GO:0060888
GO:0060892 -[part_of]-> GO:0060889
GO:0060893 -[is_a]-> GO:0009957
GO:0060893 -[is_a]-> GO:0060573
GO:0060893 -[part_of]-> GO:0060888
GO:0060893 -[part_of]-> GO:0060891
GO:0060894 -[is_a]-> GO:0009957
GO:0060894 -[is_a]-> GO:0060573
GO:0060894 -[part_of]-> GO:0060888
GO:0060894 -[part_of]-> GO:0060890
GO:0060895 -[is_a]-> GO:0048384
GO:0060895 -[part_of]-> GO:0021513
GO:0060896 -[is_a]-> GO:0007389
GO:0060897 -[is_a]-> GO:0003002
GO:0060897 -[is_a]-> GO:0060896
GO:0060898 -[is_a]-> GO:0060581
GO:0060898 -[part_of]-> GO:0046619
GO:0060898 -[part_of]-> GO:0060897
GO:0060899 -[is_a]-> GO:0060850
GO:0060899 -[part_of]-> GO:0060898
GO:0060900 -[is_a]-> GO:0044767
GO:0060900 -[is_a]-> GO:0048646
GO:0060900 -[part_of]-> GO:0048596
GO:0060901 -[is_a]-> GO:0042634
GO:0060901 -[is_a]-> GO:0060070
GO:0060901 -[regulates]-> GO:0042633
GO:0060902 -[is_a]-> GO:0030509
GO:0060902 -[is_a]-> GO:0042634
GO:0060902 -[regulates]-> GO:0042633
GO:0060903 -[is_a]-> GO:0045836
GO:0060903 -[is_a]-> GO:0060631
GO:0060903 -[positively_regulates]-> GO:0007127
GO:0060904 -[is_a]-> GO:1903332
GO:0060904 -[regulates]-> GO:0034975
GO:0060905 -[is_a]-> GO:0010646
GO:0060905 -[is_a]-> GO:0031137
GO:0060905 -[is_a]-> GO:0032107
GO:0060905 -[is_a]-> GO:0080135
GO:0060905 -[regulates]-> GO:0031142
GO:0060906 -[is_a]-> GO:0010964
GO:0060906 -[is_a]-> GO:0031936
GO:0060906 -[is_a]-> GO:0060967
GO:0060906 -[negatively_regulates]-> GO:0031048
GO:0060907 -[is_a]-> GO:0010935
GO:0060907 -[is_a]-> GO:0061081
GO:0060907 -[positively_regulates]-> GO:0010934
GO:0060908 -[is_a]-> GO:0006276
GO:0060909 -[is_a]-> GO:0030174
GO:0060909 -[part_of]-> GO:0060908
GO:0060910 -[is_a]-> GO:0032297
GO:0060910 -[is_a]-> GO:0060909
GO:0060911 -[is_a]-> GO:0045165
GO:0060911 -[part_of]-> GO:0035051
GO:0060912 -[is_a]-> GO:0001708
GO:0060912 -[part_of]-> GO:0060911
GO:0060913 -[is_a]-> GO:0001709
GO:0060913 -[part_of]-> GO:0060911
GO:0060914 -[is_a]-> GO:0048645
GO:0060914 -[part_of]-> GO:0003007
GO:0060915 -[is_a]-> GO:0048762
GO:0060915 -[part_of]-> GO:0030324
GO:0060916 -[is_a]-> GO:0010463
GO:0060916 -[part_of]-> GO:0030324
GO:0060917 -[is_a]-> GO:0032951
GO:0060917 -[regulates]-> GO:0006078
GO:0060918 -[is_a]-> GO:0009914
GO:0060919 -[is_a]-> GO:0060918
GO:0060920 -[is_a]-> GO:0055007
GO:0060921 -[is_a]-> GO:0060920
GO:0060921 -[part_of]-> GO:0003163
GO:0060922 -[is_a]-> GO:0003292
GO:0060922 -[is_a]-> GO:0060920
GO:0060922 -[part_of]-> GO:0003162
GO:0060923 -[is_a]-> GO:0042693
GO:0060923 -[is_a]-> GO:0060911
GO:0060923 -[part_of]-> GO:0055007
GO:0060924 -[is_a]-> GO:0060923
GO:0060924 -[part_of]-> GO:0055011
GO:0060925 -[is_a]-> GO:0060923
GO:0060925 -[part_of]-> GO:0055012
GO:0060926 -[is_a]-> GO:0055013
GO:0060926 -[part_of]-> GO:0060920
GO:0060927 -[is_a]-> GO:0060923
GO:0060927 -[part_of]-> GO:0060920
GO:0060928 -[is_a]-> GO:0060926
GO:0060928 -[part_of]-> GO:0060922
GO:0060929 -[is_a]-> GO:0060927
GO:0060929 -[part_of]-> GO:0060922
GO:0060930 -[is_a]-> GO:0060927
GO:0060930 -[part_of]-> GO:0060921
GO:0060931 -[is_a]-> GO:0060926
GO:0060931 -[part_of]-> GO:0060921
GO:0060932 -[is_a]-> GO:0055007
GO:0060932 -[part_of]-> GO:0003164
GO:0060933 -[is_a]-> GO:0055006
GO:0060933 -[part_of]-> GO:0060932
GO:0060934 -[is_a]-> GO:0060911
GO:0060934 -[part_of]-> GO:0060932
GO:0060935 -[is_a]-> GO:0035051
GO:0060936 -[is_a]-> GO:0055006
GO:0060936 -[part_of]-> GO:0060935
GO:0060937 -[is_a]-> GO:0060911
GO:0060937 -[part_of]-> GO:0060935
GO:0060938 -[is_a]-> GO:0060935
GO:0060939 -[is_a]-> GO:0060936
GO:0060939 -[part_of]-> GO:0060938
GO:0060940 -[is_a]-> GO:0060317
GO:0060940 -[part_of]-> GO:0060939
GO:0060941 -[is_a]-> GO:0060937
GO:0060941 -[part_of]-> GO:0060938
GO:0060942 -[is_a]-> GO:0060935
GO:0060943 -[is_a]-> GO:0060936
GO:0060943 -[part_of]-> GO:0060942
GO:0060944 -[is_a]-> GO:0060937
GO:0060944 -[part_of]-> GO:0060942
GO:0060945 -[is_a]-> GO:0030182
GO:0060945 -[is_a]-> GO:0035051
GO:0060945 -[part_of]-> GO:0048483
GO:0060946 -[is_a]-> GO:0003348
GO:0060946 -[is_a]-> GO:0060837
GO:0060947 -[is_a]-> GO:0035051
GO:0060947 -[is_a]-> GO:0035886
GO:0060947 -[part_of]-> GO:0060976
GO:0060948 -[is_a]-> GO:0055006
GO:0060948 -[is_a]-> GO:0097084
GO:0060948 -[part_of]-> GO:0060947
GO:0060949 -[is_a]-> GO:0060911
GO:0060949 -[is_a]-> GO:0097081
GO:0060949 -[part_of]-> GO:0060947
GO:0060950 -[is_a]-> GO:0010001
GO:0060950 -[is_a]-> GO:0035051
GO:0060951 -[is_a]-> GO:0060950
GO:0060952 -[is_a]-> GO:0021782
GO:0060952 -[is_a]-> GO:0055006
GO:0060952 -[part_of]-> GO:0060950
GO:0060953 -[is_a]-> GO:0021781
GO:0060953 -[is_a]-> GO:0060911
GO:0060953 -[part_of]-> GO:0060950
GO:0060954 -[is_a]-> GO:0060952
GO:0060954 -[part_of]-> GO:0060951
GO:0060955 -[is_a]-> GO:0060953
GO:0060955 -[part_of]-> GO:0060951
GO:0060956 -[is_a]-> GO:0003348
GO:0060956 -[part_of]-> GO:0003157
GO:0060957 -[is_a]-> GO:0060839
GO:0060957 -[is_a]-> GO:0060911
GO:0060957 -[part_of]-> GO:0060956
GO:0060958 -[is_a]-> GO:0001885
GO:0060958 -[is_a]-> GO:0055006
GO:0060958 -[part_of]-> GO:0060956
GO:0060959 -[is_a]-> GO:0048666
GO:0060959 -[is_a]-> GO:0055006
GO:0060959 -[part_of]-> GO:0060945
GO:0060960 -[is_a]-> GO:0048663
GO:0060960 -[is_a]-> GO:0060911
GO:0060960 -[part_of]-> GO:0060945
GO:0060961 -[is_a]-> GO:0004859
GO:0060961 -[negatively_regulates]-> GO:0004630
GO:0060962 -[is_a]-> GO:0006357
GO:0060963 -[is_a]-> GO:0045944
GO:0060963 -[is_a]-> GO:0060962
GO:0060964 -[is_a]-> GO:0006417
GO:0060964 -[is_a]-> GO:0060147
GO:0060964 -[is_a]-> GO:0060966
GO:0060964 -[regulates]-> GO:0035195
GO:0060965 -[is_a]-> GO:0045727
GO:0060965 -[is_a]-> GO:0060149
GO:0060965 -[is_a]-> GO:0060964
GO:0060965 -[is_a]-> GO:0060967
GO:0060965 -[negatively_regulates]-> GO:0035195
GO:0060966 -[is_a]-> GO:0060968
GO:0060966 -[regulates]-> GO:0031047
GO:0060967 -[is_a]-> GO:0060966
GO:0060967 -[is_a]-> GO:0060969
GO:0060967 -[negatively_regulates]-> GO:0031047
GO:0060968 -[is_a]-> GO:0010468
GO:0060968 -[is_a]-> GO:0050794
GO:0060968 -[regulates]-> GO:0016458
GO:0060969 -[is_a]-> GO:0010628
GO:0060969 -[is_a]-> GO:0048523
GO:0060969 -[is_a]-> GO:0060968
GO:0060969 -[negatively_regulates]-> GO:0016458
GO:0060970 -[is_a]-> GO:0009953
GO:0060970 -[part_of]-> GO:0035050
GO:0060971 -[is_a]-> GO:0060972
GO:0060971 -[part_of]-> GO:0035050
GO:0060972 -[is_a]-> GO:0003002
GO:0060973 -[is_a]-> GO:0016477
GO:0060973 -[part_of]-> GO:0007507
GO:0060974 -[is_a]-> GO:0060973
GO:0060974 -[part_of]-> GO:0060914
GO:0060975 -[is_a]-> GO:0003260
GO:0060975 -[is_a]-> GO:0003318
GO:0060975 -[part_of]-> GO:0060029
GO:0060976 -[is_a]-> GO:0001568
GO:0060976 -[part_of]-> GO:0007507
GO:0060977 -[is_a]-> GO:0048514
GO:0060977 -[part_of]-> GO:0060976
GO:0060978 -[is_a]-> GO:0001525
GO:0060978 -[part_of]-> GO:0060976
GO:0060978 -[part_of]-> GO:0060977
GO:0060979 -[is_a]-> GO:0001570
GO:0060979 -[part_of]-> GO:0060977
GO:0060980 -[is_a]-> GO:0035441
GO:0060980 -[is_a]-> GO:0060973
GO:0060980 -[part_of]-> GO:0060979
GO:0060981 -[is_a]-> GO:0060973
GO:0060981 -[part_of]-> GO:0060978
GO:0060982 -[is_a]-> GO:0048844
GO:0060982 -[is_a]-> GO:0060977
GO:0060983 -[is_a]-> GO:0060947
GO:0060984 -[is_a]-> GO:0060948
GO:0060984 -[part_of]-> GO:0060983
GO:0060985 -[is_a]-> GO:0060949
GO:0060985 -[part_of]-> GO:0060983
GO:0060986 -[is_a]-> GO:0046879
GO:0060986 -[part_of]-> GO:0050886
GO:0060987 -[is_a]-> GO:0032994
GO:0060988 -[is_a]-> GO:0034622
GO:0060988 -[is_a]-> GO:0065005
GO:0060989 -[is_a]-> GO:0060988
GO:0060989 -[part_of]-> GO:0048284
GO:0060990 -[is_a]-> GO:0060988
GO:0060990 -[part_of]-> GO:0048285
GO:0060992 -[is_a]-> GO:0009636
GO:0060993 -[is_a]-> GO:0009887
GO:0060993 -[part_of]-> GO:0001822
GO:0060994 -[is_a]-> GO:0006357
GO:0060994 -[part_of]-> GO:0001822
GO:0060995 -[is_a]-> GO:0007267
GO:0060995 -[part_of]-> GO:0001822
GO:0060996 -[is_a]-> GO:0044767
GO:0060996 -[is_a]-> GO:0048856
GO:0060996 -[part_of]-> GO:0016358
GO:0060997 -[is_a]-> GO:0048812
GO:0060997 -[is_a]-> GO:0097061
GO:0060997 -[part_of]-> GO:0048813
GO:0060997 -[part_of]-> GO:0060996
GO:0060998 -[is_a]-> GO:0050773
GO:0060998 -[regulates]-> GO:0060996
GO:0060999 -[is_a]-> GO:0060998
GO:0060999 -[is_a]-> GO:1900006
GO:0060999 -[positively_regulates]-> GO:0060996
GO:0061000 -[is_a]-> GO:0060998
GO:0061000 -[is_a]-> GO:2000171
GO:0061000 -[negatively_regulates]-> GO:0060996
GO:0061001 -[is_a]-> GO:0048814
GO:0061001 -[is_a]-> GO:0060998
GO:0061001 -[regulates]-> GO:0060997
GO:0061002 -[is_a]-> GO:0050774
GO:0061002 -[is_a]-> GO:0061000
GO:0061002 -[is_a]-> GO:0061001
GO:0061002 -[negatively_regulates]-> GO:0060997
GO:0061003 -[is_a]-> GO:0050775
GO:0061003 -[is_a]-> GO:0060999
GO:0061003 -[is_a]-> GO:0061001
GO:0061003 -[positively_regulates]-> GO:0060997
GO:0061004 -[is_a]-> GO:0007389
GO:0061004 -[part_of]-> GO:0001822
GO:0061004 -[part_of]-> GO:0072048
GO:0061005 -[is_a]-> GO:0030154
GO:0061005 -[part_of]-> GO:0001822
GO:0061006 -[is_a]-> GO:0042127
GO:0061006 -[part_of]-> GO:0060993
GO:0061007 -[is_a]-> GO:0003008
GO:0061008 -[is_a]-> GO:0048731
GO:0061009 -[is_a]-> GO:0035295
GO:0061009 -[is_a]-> GO:0044767
GO:0061009 -[part_of]-> GO:0061008
GO:0061010 -[is_a]-> GO:0044767
GO:0061010 -[is_a]-> GO:0048513
GO:0061010 -[part_of]-> GO:0061008
GO:0061011 -[is_a]-> GO:0061009
GO:0061011 -[part_of]-> GO:0061008
GO:0061013 -[is_a]-> GO:0031329
GO:0061013 -[is_a]-> GO:1903311
GO:0061013 -[regulates]-> GO:0006402
GO:0061014 -[is_a]-> GO:0031331
GO:0061014 -[is_a]-> GO:0061013
GO:0061014 -[is_a]-> GO:1903313
GO:0061014 -[positively_regulates]-> GO:0006402
GO:0061015 -[is_a]-> GO:0006404
GO:0061015 -[is_a]-> GO:0051030
GO:0061015 -[is_a]-> GO:1902593
GO:0061016 -[is_a]-> GO:0051030
GO:0061017 -[is_a]-> GO:0030855
GO:0061017 -[is_a]-> GO:0048863
GO:0061017 -[part_of]-> GO:0001889
GO:0061024 -[is_a]-> GO:0016043
GO:0061025 -[is_a]-> GO:0061024
GO:0061026 -[is_a]-> GO:0042246
GO:0061027 -[is_a]-> GO:0048856
GO:0061028 -[is_a]-> GO:0001885
GO:0061029 -[is_a]-> GO:0044767
GO:0061029 -[is_a]-> GO:0048856
GO:0061029 -[part_of]-> GO:0043010
GO:0061030 -[is_a]-> GO:0060644
GO:0061030 -[part_of]-> GO:0060749
GO:0061031 -[is_a]-> GO:0048546
GO:0061032 -[is_a]-> GO:0048856
GO:0061032 -[part_of]-> GO:0060039
GO:0061033 -[is_a]-> GO:0032940
GO:0061033 -[part_of]-> GO:0060437
GO:0061034 -[is_a]-> GO:0044767
GO:0061034 -[is_a]-> GO:0048856
GO:0061034 -[part_of]-> GO:0021772
GO:0061035 -[is_a]-> GO:2000026
GO:0061035 -[regulates]-> GO:0051216
GO:0061036 -[is_a]-> GO:0051094
GO:0061036 -[is_a]-> GO:0051240
GO:0061036 -[is_a]-> GO:0061035
GO:0061036 -[positively_regulates]-> GO:0051216
GO:0061037 -[is_a]-> GO:0051093
GO:0061037 -[is_a]-> GO:0051241
GO:0061037 -[is_a]-> GO:0061035
GO:0061037 -[negatively_regulates]-> GO:0051216
GO:0061038 -[is_a]-> GO:0003006
GO:0061038 -[is_a]-> GO:0009887
GO:0061038 -[is_a]-> GO:0044702
GO:0061038 -[part_of]-> GO:0060065
GO:0061040 -[is_a]-> GO:0035262
GO:0061040 -[part_of]-> GO:0008585
GO:0061041 -[is_a]-> GO:1903034
GO:0061041 -[regulates]-> GO:0042060
GO:0061042 -[is_a]-> GO:0060055
GO:0061043 -[is_a]-> GO:0045765
GO:0061043 -[is_a]-> GO:0061041
GO:0061043 -[regulates]-> GO:0061042
GO:0061044 -[is_a]-> GO:0016525
GO:0061044 -[is_a]-> GO:0061043
GO:0061044 -[is_a]-> GO:0061045
GO:0061044 -[negatively_regulates]-> GO:0061042
GO:0061045 -[is_a]-> GO:0032102
GO:0061045 -[is_a]-> GO:0061041
GO:0061045 -[is_a]-> GO:1903035
GO:0061045 -[negatively_regulates]-> GO:0042060
GO:0061046 -[is_a]-> GO:0060688
GO:0061046 -[is_a]-> GO:1905330
GO:0061046 -[is_a]-> GO:2000027
GO:0061046 -[regulates]-> GO:0060441
GO:0061047 -[is_a]-> GO:0051240
GO:0061047 -[is_a]-> GO:0061046
GO:0061047 -[is_a]-> GO:1905332
GO:0061047 -[positively_regulates]-> GO:0060441
GO:0061048 -[is_a]-> GO:0051241
GO:0061048 -[is_a]-> GO:0061046
GO:0061048 -[is_a]-> GO:1905331
GO:0061048 -[negatively_regulates]-> GO:0060441
GO:0061049 -[is_a]-> GO:0048588
GO:0061049 -[part_of]-> GO:0003301
GO:0061049 -[part_of]-> GO:0055013
GO:0061050 -[is_a]-> GO:0001558
GO:0061050 -[is_a]-> GO:0010611
GO:0061050 -[is_a]-> GO:0055021
GO:0061050 -[is_a]-> GO:0060284
GO:0061050 -[is_a]-> GO:2000725
GO:0061050 -[regulates]-> GO:0061049
GO:0061051 -[is_a]-> GO:0010613
GO:0061051 -[is_a]-> GO:0010720
GO:0061051 -[is_a]-> GO:0030307
GO:0061051 -[is_a]-> GO:0055023
GO:0061051 -[is_a]-> GO:0061050
GO:0061051 -[is_a]-> GO:2000727
GO:0061051 -[positively_regulates]-> GO:0061049
GO:0061052 -[is_a]-> GO:0010614
GO:0061052 -[is_a]-> GO:0010721
GO:0061052 -[is_a]-> GO:0030308
GO:0061052 -[is_a]-> GO:0055022
GO:0061052 -[is_a]-> GO:0061050
GO:0061052 -[is_a]-> GO:2000726
GO:0061052 -[negatively_regulates]-> GO:0061049
GO:0061053 -[is_a]-> GO:0060429
GO:0061053 -[part_of]-> GO:0009790
GO:0061054 -[is_a]-> GO:0044767
GO:0061054 -[is_a]-> GO:0048856
GO:0061054 -[part_of]-> GO:0061053
GO:0061055 -[is_a]-> GO:0044767
GO:0061055 -[is_a]-> GO:0048856
GO:0061055 -[part_of]-> GO:0061053
GO:0061056 -[is_a]-> GO:0060485
GO:0061056 -[part_of]-> GO:0061053
GO:0061057 -[is_a]-> GO:0007166
GO:0061057 -[part_of]-> GO:0042742
GO:0061058 -[is_a]-> GO:0009966
GO:0061058 -[is_a]-> GO:1900424
GO:0061058 -[regulates]-> GO:0061057
GO:0061059 -[is_a]-> GO:0009967
GO:0061059 -[is_a]-> GO:0061058
GO:0061059 -[is_a]-> GO:1900426
GO:0061059 -[positively_regulates]-> GO:0061057
GO:0061060 -[is_a]-> GO:0009968
GO:0061060 -[is_a]-> GO:0061058
GO:0061060 -[is_a]-> GO:1900425
GO:0061060 -[negatively_regulates]-> GO:0061057
GO:0061061 -[is_a]-> GO:0044767
GO:0061061 -[is_a]-> GO:0048856
GO:0061062 -[is_a]-> GO:0048580
GO:0061062 -[regulates]-> GO:0002119
GO:0061063 -[is_a]-> GO:0048582
GO:0061063 -[is_a]-> GO:0061062
GO:0061063 -[positively_regulates]-> GO:0002119
GO:0061064 -[is_a]-> GO:0048581
GO:0061064 -[is_a]-> GO:0061062
GO:0061064 -[negatively_regulates]-> GO:0002119
GO:0061065 -[is_a]-> GO:0061062
GO:0061065 -[regulates]-> GO:0040024
GO:0061066 -[is_a]-> GO:0061063
GO:0061066 -[is_a]-> GO:0061065
GO:0061066 -[positively_regulates]-> GO:0040024
GO:0061067 -[is_a]-> GO:0061064
GO:0061067 -[is_a]-> GO:0061065
GO:0061067 -[negatively_regulates]-> GO:0040024
GO:0061068 -[is_a]-> GO:0044767
GO:0061068 -[is_a]-> GO:0048513
GO:0061068 -[part_of]-> GO:0072001
GO:0061069 -[is_a]-> GO:0061068
GO:0061070 -[is_a]-> GO:0061068
GO:0061071 -[is_a]-> GO:0035295
GO:0061071 -[is_a]-> GO:0060429
GO:0061071 -[part_of]-> GO:0061068
GO:0061072 -[is_a]-> GO:0009653
GO:0061072 -[is_a]-> GO:0044767
GO:0061072 -[part_of]-> GO:0048593
GO:0061073 -[is_a]-> GO:0009653
GO:0061073 -[is_a]-> GO:0044767
GO:0061073 -[part_of]-> GO:0048593
GO:0061074 -[is_a]-> GO:1902866
GO:0061074 -[regulates]-> GO:0003407
GO:0061075 -[is_a]-> GO:0061074
GO:0061075 -[is_a]-> GO:1902868
GO:0061075 -[positively_regulates]-> GO:0003407
GO:0061076 -[is_a]-> GO:0061074
GO:0061076 -[is_a]-> GO:1902867
GO:0061076 -[negatively_regulates]-> GO:0003407
GO:0061077 -[is_a]-> GO:0006457
GO:0061078 -[is_a]-> GO:0002702
GO:0061078 -[is_a]-> GO:0032308
GO:0061078 -[is_a]-> GO:0050778
GO:0061078 -[positively_regulates]-> GO:0090323
GO:0061079 -[is_a]-> GO:0044767
GO:0061079 -[is_a]-> GO:0048856
GO:0061079 -[part_of]-> GO:0003235
GO:0061080 -[is_a]-> GO:0048856
GO:0061080 -[part_of]-> GO:0003235
GO:0061081 -[is_a]-> GO:0002720
GO:0061081 -[positively_regulates]-> GO:0061082
GO:0061082 -[is_a]-> GO:0002367
GO:0061083 -[is_a]-> GO:1903332
GO:0061083 -[regulates]-> GO:0042026
GO:0061084 -[is_a]-> GO:0061083
GO:0061084 -[is_a]-> GO:1903333
GO:0061084 -[negatively_regulates]-> GO:0042026
GO:0061085 -[is_a]-> GO:0031060
GO:0061085 -[regulates]-> GO:0070734
GO:0061086 -[is_a]-> GO:0031061
GO:0061086 -[is_a]-> GO:0061085
GO:0061086 -[negatively_regulates]-> GO:0070734
GO:0061087 -[is_a]-> GO:0031062
GO:0061087 -[is_a]-> GO:0061085
GO:0061087 -[positively_regulates]-> GO:0070734
GO:0061088 -[is_a]-> GO:0032879
GO:0061088 -[is_a]-> GO:0050794
GO:0061088 -[is_a]-> GO:2000021
GO:0061088 -[regulates]-> GO:0032119
GO:0061089 -[is_a]-> GO:0032845
GO:0061089 -[is_a]-> GO:0048523
GO:0061089 -[is_a]-> GO:0061088
GO:0061089 -[negatively_regulates]-> GO:0032119
GO:0061090 -[is_a]-> GO:0032846
GO:0061090 -[is_a]-> GO:0048522
GO:0061090 -[is_a]-> GO:0061088
GO:0061090 -[positively_regulates]-> GO:0032119
GO:0061091 -[is_a]-> GO:0051128
GO:0061091 -[is_a]-> GO:0097035
GO:0061091 -[is_a]-> GO:2001138
GO:0061091 -[regulates]-> GO:0045332
GO:0061092 -[is_a]-> GO:0051130
GO:0061092 -[is_a]-> GO:0061091
GO:0061092 -[is_a]-> GO:2001140
GO:0061092 -[positively_regulates]-> GO:0045332
GO:0061093 -[is_a]-> GO:0051129
GO:0061093 -[is_a]-> GO:0061091
GO:0061093 -[is_a]-> GO:2001139
GO:0061093 -[negatively_regulates]-> GO:0045332
GO:0061094 -[is_a]-> GO:1902435
GO:0061094 -[regulates]-> GO:0034607
GO:0061095 -[is_a]-> GO:0061094
GO:0061095 -[is_a]-> GO:1902437
GO:0061095 -[positively_regulates]-> GO:0034607
GO:0061096 -[is_a]-> GO:0061094
GO:0061096 -[is_a]-> GO:1902436
GO:0061096 -[negatively_regulates]-> GO:0034607
GO:0061097 -[is_a]-> GO:0045859
GO:0061097 -[is_a]-> GO:0050730
GO:0061097 -[regulates]-> GO:0004713
GO:0061098 -[is_a]-> GO:0045860
GO:0061098 -[is_a]-> GO:0050731
GO:0061098 -[is_a]-> GO:0061097
GO:0061098 -[positively_regulates]-> GO:0004713
GO:0061099 -[is_a]-> GO:0006469
GO:0061099 -[is_a]-> GO:0050732
GO:0061099 -[is_a]-> GO:0061097
GO:0061099 -[negatively_regulates]-> GO:0004713
GO:0061100 -[is_a]-> GO:0061101
GO:0061100 -[is_a]-> GO:0061140
GO:0061101 -[is_a]-> GO:0060563
GO:0061102 -[is_a]-> GO:0061101
GO:0061102 -[part_of]-> GO:0048513
GO:0061102 -[part_of]-> GO:0048565
GO:0061103 -[is_a]-> GO:0061101
GO:0061103 -[part_of]-> GO:0048513
GO:0061104 -[is_a]-> GO:0002067
GO:0061104 -[is_a]-> GO:0061101
GO:0061104 -[part_of]-> GO:0030325
GO:0061105 -[is_a]-> GO:0030856
GO:0061105 -[regulates]-> GO:0061102
GO:0061106 -[is_a]-> GO:0002085
GO:0061106 -[is_a]-> GO:0051241
GO:0061106 -[is_a]-> GO:0061105
GO:0061106 -[negatively_regulates]-> GO:0061102
GO:0061107 -[is_a]-> GO:0044702
GO:0061107 -[is_a]-> GO:0048608
GO:0061107 -[is_a]-> GO:0048732
GO:0061108 -[is_a]-> GO:0035295
GO:0061108 -[is_a]-> GO:0048608
GO:0061108 -[is_a]-> GO:0060429
GO:0061108 -[part_of]-> GO:0061107
GO:0061109 -[is_a]-> GO:0033363
GO:0061110 -[is_a]-> GO:0044085
GO:0061111 -[is_a]-> GO:0060495
GO:0061111 -[is_a]-> GO:0060684
GO:0061111 -[part_of]-> GO:0030324
GO:0061112 -[is_a]-> GO:0048640
GO:0061112 -[is_a]-> GO:0061048
GO:0061112 -[negatively_regulates]-> GO:0060447
GO:0061113 -[is_a]-> GO:0009887
GO:0061113 -[part_of]-> GO:0031016
GO:0061114 -[is_a]-> GO:0061138
GO:0061114 -[part_of]-> GO:0061113
GO:0061115 -[is_a]-> GO:0009946
GO:0061115 -[is_a]-> GO:0060432
GO:0061116 -[is_a]-> GO:0048845
GO:0061117 -[is_a]-> GO:0046621
GO:0061117 -[is_a]-> GO:0060420
GO:0061117 -[negatively_regulates]-> GO:0060419
GO:0061118 -[is_a]-> GO:0050926
GO:0061118 -[regulates]-> GO:0043327
GO:0061119 -[is_a]-> GO:0061118
GO:0061120 -[is_a]-> GO:0061119
GO:0061121 -[is_a]-> GO:0061119
GO:0061122 -[is_a]-> GO:0050927
GO:0061122 -[is_a]-> GO:0061118
GO:0061122 -[positively_regulates]-> GO:0043327
GO:0061123 -[is_a]-> GO:0050928
GO:0061123 -[is_a]-> GO:0061118
GO:0061123 -[negatively_regulates]-> GO:0043327
GO:0061124 -[is_a]-> GO:0061119
GO:0061124 -[is_a]-> GO:0061122
GO:0061125 -[is_a]-> GO:0061119
GO:0061125 -[is_a]-> GO:0061123
GO:0061126 -[is_a]-> GO:0061120
GO:0061126 -[is_a]-> GO:0061124
GO:0061127 -[is_a]-> GO:0061120
GO:0061127 -[is_a]-> GO:0061125
GO:0061128 -[is_a]-> GO:0061121
GO:0061128 -[is_a]-> GO:0061124
GO:0061129 -[is_a]-> GO:0061121
GO:0061129 -[is_a]-> GO:0061125
GO:0061130 -[is_a]-> GO:0048645
GO:0061130 -[is_a]-> GO:0061114
GO:0061130 -[is_a]-> GO:0072175
GO:0061131 -[is_a]-> GO:0010092
GO:0061131 -[part_of]-> GO:0061130
GO:0061132 -[is_a]-> GO:0001759
GO:0061132 -[is_a]-> GO:0060688
GO:0061132 -[is_a]-> GO:1905278
GO:0061132 -[positively_regulates]-> GO:0061131
GO:0061133 -[is_a]-> GO:0016504
GO:0061133 -[is_a]-> GO:0061135
GO:0061133 -[part_of]-> GO:0010950
GO:0061133 -[positively_regulates]-> GO:0004175
GO:0061134 -[is_a]-> GO:0030234
GO:0061134 -[has_part]-> GO:0002020
GO:0061134 -[part_of]-> GO:0052547
GO:0061134 -[regulates]-> GO:0008233
GO:0061135 -[is_a]-> GO:0061134
GO:0061135 -[part_of]-> GO:0052548
GO:0061135 -[regulates]-> GO:0004175
GO:0061136 -[is_a]-> GO:1903050
GO:0061136 -[regulates]-> GO:0010498
GO:0061137 -[is_a]-> GO:0060560
GO:0061137 -[part_of]-> GO:0001763
GO:0061138 -[is_a]-> GO:0001763
GO:0061138 -[is_a]-> GO:0002009
GO:0061139 -[is_a]-> GO:0003002
GO:0061139 -[part_of]-> GO:0061138
GO:0061140 -[is_a]-> GO:0060487
GO:0061141 -[is_a]-> GO:0060487
GO:0061142 -[is_a]-> GO:0060495
GO:0061143 -[is_a]-> GO:0060428
GO:0061143 -[part_of]-> GO:0060430
GO:0061144 -[is_a]-> GO:0060428
GO:0061144 -[part_of]-> GO:0060430
GO:0061145 -[is_a]-> GO:0048745
GO:0061145 -[part_of]-> GO:0030324
GO:0061146 -[is_a]-> GO:0048729
GO:0061146 -[part_of]-> GO:0048541
GO:0061147 -[is_a]-> GO:0003158
GO:0061147 -[part_of]-> GO:0003157
GO:0061148 -[is_a]-> GO:0030198
GO:0061148 -[part_of]-> GO:0003157
GO:0061149 -[is_a]-> GO:0030509
GO:0061149 -[part_of]-> GO:0072197
GO:0061150 -[is_a]-> GO:0035282
GO:0061150 -[is_a]-> GO:0072048
GO:0061151 -[is_a]-> GO:0030509
GO:0061151 -[part_of]-> GO:0061150
GO:0061152 -[is_a]-> GO:0048856
GO:0061152 -[part_of]-> GO:0060438
GO:0061153 -[is_a]-> GO:0048732
GO:0061153 -[part_of]-> GO:0061152
GO:0061154 -[is_a]-> GO:0003159
GO:0061154 -[is_a]-> GO:0060562
GO:0061155 -[is_a]-> GO:0061154
GO:0061155 -[part_of]-> GO:0061156
GO:0061156 -[is_a]-> GO:0048844
GO:0061157 -[is_a]-> GO:0017148
GO:0061157 -[is_a]-> GO:0043488
GO:0061157 -[is_a]-> GO:0050779
GO:0061158 -[is_a]-> GO:0061157
GO:0061159 -[is_a]-> GO:0061171
GO:0061159 -[part_of]-> GO:0000902
GO:0061160 -[is_a]-> GO:0061172
GO:0061160 -[is_a]-> GO:2000100
GO:0061161 -[is_a]-> GO:0061160
GO:0061161 -[is_a]-> GO:0061173
GO:0061161 -[is_a]-> GO:2000247
GO:0061162 -[is_a]-> GO:0030010
GO:0061162 -[is_a]-> GO:0061339
GO:0061163 -[is_a]-> GO:0007029
GO:0061163 -[is_a]-> GO:0007163
GO:0061163 -[is_a]-> GO:1902589
GO:0061164 -[is_a]-> GO:0061163
GO:0061165 -[is_a]-> GO:0051643
GO:0061165 -[part_of]-> GO:0061164
GO:0061166 -[is_a]-> GO:0051686
GO:0061166 -[is_a]-> GO:0061165
GO:0061166 -[part_of]-> GO:0061164
GO:0061167 -[is_a]-> GO:0051685
GO:0061167 -[is_a]-> GO:0061165
GO:0061167 -[part_of]-> GO:0061164
GO:0061168 -[is_a]-> GO:0022603
GO:0061168 -[is_a]-> GO:0051797
GO:0061168 -[regulates]-> GO:0060789
GO:0061169 -[is_a]-> GO:0051798
GO:0061169 -[is_a]-> GO:0061168
GO:0061169 -[positively_regulates]-> GO:0060789
GO:0061170 -[is_a]-> GO:0051799
GO:0061170 -[is_a]-> GO:0061168
GO:0061170 -[negatively_regulates]-> GO:0060789
GO:0061171 -[is_a]-> GO:0030010
GO:0061172 -[is_a]-> GO:2000114
GO:0061172 -[regulates]-> GO:0061171
GO:0061173 -[is_a]-> GO:0048522
GO:0061173 -[is_a]-> GO:0061172
GO:0061173 -[positively_regulates]-> GO:0061171
GO:0061174 -[is_a]-> GO:0043195
GO:0061175 -[is_a]-> GO:0043195
GO:0061176 -[is_a]-> GO:0061174
GO:0061177 -[is_a]-> GO:0061174
GO:0061178 -[is_a]-> GO:0032844
GO:0061178 -[is_a]-> GO:0048583
GO:0061178 -[is_a]-> GO:0050796
GO:0061178 -[is_a]-> GO:0060341
GO:0061178 -[regulates]-> GO:0035773
GO:0061179 -[is_a]-> GO:0032845
GO:0061179 -[is_a]-> GO:0046676
GO:0061179 -[is_a]-> GO:0048585
GO:0061179 -[is_a]-> GO:0061178
GO:0061179 -[negatively_regulates]-> GO:0035773
GO:0061180 -[is_a]-> GO:0060429
GO:0061180 -[part_of]-> GO:0030879
GO:0061181 -[is_a]-> GO:0032330
GO:0061181 -[is_a]-> GO:0060284
GO:0061181 -[regulates]-> GO:0002063
GO:0061182 -[is_a]-> GO:0010721
GO:0061182 -[is_a]-> GO:0032331
GO:0061182 -[is_a]-> GO:0061181
GO:0061182 -[negatively_regulates]-> GO:0002063
GO:0061183 -[is_a]-> GO:0045995
GO:0061183 -[regulates]-> GO:0061054
GO:0061184 -[is_a]-> GO:0040019
GO:0061184 -[is_a]-> GO:0061183
GO:0061184 -[positively_regulates]-> GO:0061054
GO:0061185 -[is_a]-> GO:0045992
GO:0061185 -[is_a]-> GO:0061183
GO:0061185 -[negatively_regulates]-> GO:0061054
GO:0061186 -[is_a]-> GO:0031936
GO:0061186 -[is_a]-> GO:0090054
GO:0061186 -[negatively_regulates]-> GO:0030466
GO:0061187 -[is_a]-> GO:0031935
GO:0061187 -[regulates]-> GO:0000183
GO:0061188 -[is_a]-> GO:0031936
GO:0061188 -[is_a]-> GO:0061187
GO:0061188 -[negatively_regulates]-> GO:0000183
GO:0061189 -[is_a]-> GO:0040019
GO:0061189 -[is_a]-> GO:0061190
GO:0061189 -[positively_regulates]-> GO:0061056
GO:0061190 -[is_a]-> GO:0045995
GO:0061190 -[regulates]-> GO:0061056
GO:0061191 -[is_a]-> GO:0032889
GO:0061191 -[is_a]-> GO:0044090
GO:0061191 -[positively_regulates]-> GO:0042144
GO:0061192 -[is_a]-> GO:0010639
GO:0061192 -[is_a]-> GO:0032889
GO:0061192 -[negatively_regulates]-> GO:0042144
GO:0061193 -[is_a]-> GO:0007423
GO:0061193 -[part_of]-> GO:0043586
GO:0061194 -[is_a]-> GO:0090596
GO:0061194 -[part_of]-> GO:0043587
GO:0061194 -[part_of]-> GO:0061193
GO:0061195 -[is_a]-> GO:0044767
GO:0061195 -[is_a]-> GO:0048646
GO:0061195 -[part_of]-> GO:0061194
GO:0061196 -[is_a]-> GO:0044767
GO:0061196 -[is_a]-> GO:0048856
GO:0061196 -[part_of]-> GO:0043586
GO:0061197 -[is_a]-> GO:0009653
GO:0061197 -[is_a]-> GO:0044767
GO:0061197 -[part_of]-> GO:0043587
GO:0061197 -[part_of]-> GO:0061196
GO:0061198 -[is_a]-> GO:0044767
GO:0061198 -[is_a]-> GO:0048646
GO:0061198 -[part_of]-> GO:0061197
GO:0061199 -[is_a]-> GO:0006941
GO:0061199 -[part_of]-> GO:0010172
GO:0061200 -[is_a]-> GO:0060198
GO:0061201 -[is_a]-> GO:0060205
GO:0061201 -[part_of]-> GO:0061200
GO:0061202 -[is_a]-> GO:0030665
GO:0061202 -[part_of]-> GO:0061200
GO:0061203 -[is_a]-> GO:0061204
GO:0061203 -[part_of]-> GO:0030239
GO:0061204 -[is_a]-> GO:0030036
GO:0061205 -[is_a]-> GO:0003006
GO:0061205 -[is_a]-> GO:0035295
GO:0061206 -[is_a]-> GO:0060993
GO:0061206 -[part_of]-> GO:0001823
GO:0061207 -[is_a]-> GO:0061208
GO:0061207 -[is_a]-> GO:0072052
GO:0061207 -[part_of]-> GO:0061212
GO:0061208 -[is_a]-> GO:0061005
GO:0061208 -[part_of]-> GO:0001823
GO:0061209 -[is_a]-> GO:0072111
GO:0061209 -[part_of]-> GO:0001823
GO:0061210 -[is_a]-> GO:0060995
GO:0061210 -[part_of]-> GO:0001823
GO:0061211 -[is_a]-> GO:0072044
GO:0061211 -[part_of]-> GO:0001823
GO:0061212 -[is_a]-> GO:0072051
GO:0061212 -[part_of]-> GO:0001823
GO:0061213 -[is_a]-> GO:0061217
GO:0061213 -[is_a]-> GO:0090184
GO:0061213 -[positively_regulates]-> GO:0001823
GO:0061214 -[is_a]-> GO:0072194
GO:0061214 -[part_of]-> GO:0001823
GO:0061215 -[is_a]-> GO:0072006
GO:0061215 -[part_of]-> GO:0001823
GO:0061216 -[is_a]-> GO:0060994
GO:0061216 -[part_of]-> GO:0001823
GO:0061217 -[is_a]-> GO:0090183
GO:0061217 -[regulates]-> GO:0001823
GO:0061218 -[is_a]-> GO:0061217
GO:0061218 -[is_a]-> GO:0090185
GO:0061218 -[negatively_regulates]-> GO:0001823
GO:0061219 -[is_a]-> GO:0072074
GO:0061219 -[part_of]-> GO:0001823
GO:0061220 -[is_a]-> GO:0061241
GO:0061220 -[is_a]-> GO:0072024
GO:0061220 -[part_of]-> GO:0061212
GO:0061221 -[is_a]-> GO:0072131
GO:0061221 -[part_of]-> GO:0061219
GO:0061222 -[is_a]-> GO:0061209
GO:0061222 -[is_a]-> GO:0072135
GO:0061222 -[part_of]-> GO:0061219
GO:0061223 -[is_a]-> GO:0061208
GO:0061223 -[is_a]-> GO:0072161
GO:0061223 -[part_of]-> GO:0061219
GO:0061224 -[is_a]-> GO:0032835
GO:0061224 -[part_of]-> GO:0061215
GO:0061225 -[is_a]-> GO:0061209
GO:0061225 -[is_a]-> GO:0072122
GO:0061225 -[part_of]-> GO:0061215
GO:0061226 -[is_a]-> GO:0061227
GO:0061226 -[is_a]-> GO:0072047
GO:0061226 -[part_of]-> GO:0061215
GO:0061227 -[is_a]-> GO:0061004
GO:0061227 -[part_of]-> GO:0001823
GO:0061228 -[is_a]-> GO:0072028
GO:0061228 -[part_of]-> GO:0061206
GO:0061228 -[part_of]-> GO:0061215
GO:0061229 -[is_a]-> GO:0072142
GO:0061229 -[part_of]-> GO:0061207
GO:0061230 -[is_a]-> GO:0072150
GO:0061230 -[part_of]-> GO:0061207
GO:0061231 -[is_a]-> GO:0072012
GO:0061231 -[part_of]-> GO:0061224
GO:0061232 -[is_a]-> GO:0061241
GO:0061232 -[is_a]-> GO:0072010
GO:0061232 -[part_of]-> GO:0061224
GO:0061233 -[is_a]-> GO:0032836
GO:0061233 -[part_of]-> GO:0061224
GO:0061234 -[is_a]-> GO:0072102
GO:0061234 -[part_of]-> GO:0061224
GO:0061234 -[part_of]-> GO:0061228
GO:0061235 -[is_a]-> GO:0072038
GO:0061235 -[part_of]-> GO:0061228
GO:0061236 -[is_a]-> GO:0072049
GO:0061236 -[part_of]-> GO:0061228
GO:0061237 -[is_a]-> GO:0072045
GO:0061237 -[part_of]-> GO:0061228
GO:0061238 -[is_a]-> GO:0072046
GO:0061238 -[part_of]-> GO:0061228
GO:0061239 -[is_a]-> GO:0061208
GO:0061239 -[is_a]-> GO:0072037
GO:0061239 -[part_of]-> GO:0061228
GO:0061240 -[is_a]-> GO:0072171
GO:0061240 -[part_of]-> GO:0061228
GO:0061240 -[part_of]-> GO:0061242
GO:0061241 -[is_a]-> GO:0072009
GO:0061241 -[is_a]-> GO:0072163
GO:0061241 -[part_of]-> GO:0061215
GO:0061242 -[is_a]-> GO:0061241
GO:0061242 -[is_a]-> GO:0072080
GO:0061242 -[is_a]-> GO:0072164
GO:0061243 -[is_a]-> GO:0072077
GO:0061243 -[part_of]-> GO:0061228
GO:0061244 -[is_a]-> GO:0072050
GO:0061244 -[part_of]-> GO:0061228
GO:0061245 -[is_a]-> GO:0007163
GO:0061246 -[is_a]-> GO:0061245
GO:0061246 -[is_a]-> GO:0071963
GO:0061247 -[is_a]-> GO:0072109
GO:0061247 -[part_of]-> GO:0061231
GO:0061248 -[is_a]-> GO:0072103
GO:0061248 -[part_of]-> GO:0061231
GO:0061248 -[part_of]-> GO:0061234
GO:0061249 -[is_a]-> GO:0072104
GO:0061249 -[part_of]-> GO:0061248
GO:0061250 -[is_a]-> GO:0061208
GO:0061250 -[is_a]-> GO:0072311
GO:0061250 -[part_of]-> GO:0061232
GO:0061251 -[is_a]-> GO:0072310
GO:0061251 -[part_of]-> GO:0061250
GO:0061252 -[is_a]-> GO:0072314
GO:0061252 -[part_of]-> GO:0061250
GO:0061253 -[is_a]-> GO:0061250
GO:0061253 -[is_a]-> GO:0072139
GO:0061254 -[is_a]-> GO:0061251
GO:0061254 -[is_a]-> GO:0072016
GO:0061254 -[part_of]-> GO:0061253
GO:0061255 -[is_a]-> GO:0061252
GO:0061255 -[is_a]-> GO:0072147
GO:0061255 -[part_of]-> GO:0061253
GO:0061256 -[is_a]-> GO:0061250
GO:0061256 -[is_a]-> GO:0072112
GO:0061257 -[is_a]-> GO:0061251
GO:0061257 -[is_a]-> GO:0072015
GO:0061257 -[part_of]-> GO:0061256
GO:0061258 -[is_a]-> GO:0061251
GO:0061258 -[is_a]-> GO:0072149
GO:0061258 -[part_of]-> GO:0061256
GO:0061259 -[is_a]-> GO:0061260
GO:0061259 -[is_a]-> GO:0072008
GO:0061259 -[part_of]-> GO:0061247
GO:0061260 -[is_a]-> GO:0061208
GO:0061260 -[is_a]-> GO:0072007
GO:0061261 -[is_a]-> GO:0035850
GO:0061261 -[is_a]-> GO:0060231
GO:0061261 -[is_a]-> GO:0061208
GO:0061261 -[part_of]-> GO:0061206
GO:0061262 -[is_a]-> GO:0072033
GO:0061262 -[part_of]-> GO:0061243
GO:0061263 -[is_a]-> GO:0072144
GO:0061263 -[part_of]-> GO:0061259
GO:0061264 -[is_a]-> GO:0072152
GO:0061264 -[part_of]-> GO:0061259
GO:0061265 -[is_a]-> GO:0061208
GO:0061265 -[is_a]-> GO:0072160
GO:0061265 -[part_of]-> GO:0061242
GO:0061266 -[is_a]-> GO:0061208
GO:0061266 -[is_a]-> GO:0072071
GO:0061267 -[is_a]-> GO:0072141
GO:0061267 -[part_of]-> GO:0061266
GO:0061268 -[is_a]-> GO:0072153
GO:0061268 -[part_of]-> GO:0061266
GO:0061269 -[is_a]-> GO:0061209
GO:0061269 -[is_a]-> GO:0072110
GO:0061269 -[part_of]-> GO:0061247
GO:0061270 -[is_a]-> GO:0061269
GO:0061270 -[is_a]-> GO:0072123
GO:0061271 -[is_a]-> GO:0061261
GO:0061271 -[is_a]-> GO:0072036
GO:0061271 -[part_of]-> GO:0061262
GO:0061272 -[is_a]-> GO:0061242
GO:0061272 -[is_a]-> GO:0072027
GO:0061273 -[is_a]-> GO:0061240
GO:0061273 -[is_a]-> GO:0072156
GO:0061273 -[part_of]-> GO:0061274
GO:0061274 -[is_a]-> GO:0061242
GO:0061274 -[is_a]-> GO:0072017
GO:0061275 -[is_a]-> GO:0061242
GO:0061275 -[is_a]-> GO:0072014
GO:0061276 -[is_a]-> GO:0061240
GO:0061276 -[is_a]-> GO:0072158
GO:0061276 -[part_of]-> GO:0061275
GO:0061277 -[is_a]-> GO:0072172
GO:0061277 -[part_of]-> GO:0061240
GO:0061278 -[is_a]-> GO:0072155
GO:0061278 -[part_of]-> GO:0061240
GO:0061279 -[is_a]-> GO:0061278
GO:0061279 -[is_a]-> GO:0072157
GO:0061279 -[part_of]-> GO:0061273
GO:0061280 -[is_a]-> GO:0061278
GO:0061280 -[is_a]-> GO:0072159
GO:0061280 -[part_of]-> GO:0061276
GO:0061281 -[is_a]-> GO:0061282
GO:0061281 -[is_a]-> GO:0072085
GO:0061281 -[part_of]-> GO:0061272
GO:0061282 -[is_a]-> GO:0061227
GO:0061282 -[is_a]-> GO:0072081
GO:0061282 -[part_of]-> GO:0061226
GO:0061282 -[part_of]-> GO:0061277
GO:0061283 -[is_a]-> GO:0061282
GO:0061283 -[is_a]-> GO:0072084
GO:0061283 -[part_of]-> GO:0061273
GO:0061284 -[is_a]-> GO:0061282
GO:0061284 -[is_a]-> GO:0072082
GO:0061284 -[part_of]-> GO:0061276
GO:0061285 -[is_a]-> GO:0072127
GO:0061285 -[part_of]-> GO:0001823
GO:0061286 -[is_a]-> GO:0072128
GO:0061286 -[part_of]-> GO:0061285
GO:0061287 -[is_a]-> GO:0072129
GO:0061287 -[part_of]-> GO:0061286
GO:0061288 -[is_a]-> GO:0061227
GO:0061288 -[is_a]-> GO:0072130
GO:0061288 -[part_of]-> GO:0061287
GO:0061289 -[is_a]-> GO:0016055
GO:0061289 -[is_a]-> GO:0060995
GO:0061289 -[part_of]-> GO:0001822
GO:0061290 -[is_a]-> GO:0060070
GO:0061290 -[is_a]-> GO:0061289
GO:0061290 -[is_a]-> GO:0072204
GO:0061290 -[part_of]-> GO:0001656
GO:0061291 -[is_a]-> GO:0061290
GO:0061291 -[is_a]-> GO:0061292
GO:0061291 -[part_of]-> GO:0001658
GO:0061292 -[is_a]-> GO:0060070
GO:0061292 -[is_a]-> GO:0061210
GO:0061292 -[is_a]-> GO:0061289
GO:0061292 -[part_of]-> GO:0001823
GO:0061293 -[is_a]-> GO:0061292
GO:0061293 -[part_of]-> GO:0061215
GO:0061294 -[is_a]-> GO:0061213
GO:0061294 -[is_a]-> GO:0072034
GO:0061294 -[positively_regulates]-> GO:0061262
GO:0061295 -[is_a]-> GO:0061217
GO:0061295 -[is_a]-> GO:0072039
GO:0061295 -[regulates]-> GO:0061235
GO:0061295 -[regulates]-> GO:1901146
GO:0061296 -[is_a]-> GO:0061218
GO:0061296 -[is_a]-> GO:0061295
GO:0061296 -[is_a]-> GO:0072040
GO:0061296 -[negatively_regulates]-> GO:0061235
GO:0061296 -[negatively_regulates]-> GO:1901146
GO:0061297 -[is_a]-> GO:0061213
GO:0061297 -[is_a]-> GO:0061295
GO:0061297 -[is_a]-> GO:0072041
GO:0061297 -[positively_regulates]-> GO:0061235
GO:0061297 -[positively_regulates]-> GO:1901146
GO:0061298 -[is_a]-> GO:0001944
GO:0061298 -[part_of]-> GO:0060041
GO:0061299 -[is_a]-> GO:0009653
GO:0061299 -[is_a]-> GO:0044767
GO:0061299 -[part_of]-> GO:0061298
GO:0061300 -[is_a]-> GO:0001944
GO:0061301 -[is_a]-> GO:0009653
GO:0061301 -[is_a]-> GO:0044767
GO:0061301 -[part_of]-> GO:0021549
GO:0061301 -[part_of]-> GO:0061300
GO:0061302 -[is_a]-> GO:0007160
GO:0061303 -[is_a]-> GO:0044767
GO:0061303 -[is_a]-> GO:0048856
GO:0061303 -[part_of]-> GO:0043010
GO:0061304 -[is_a]-> GO:0048514
GO:0061304 -[is_a]-> GO:0061299
GO:0061305 -[is_a]-> GO:0061246
GO:0061306 -[is_a]-> GO:0000733
GO:0061306 -[part_of]-> GO:0006302
GO:0061306 -[part_of]-> GO:0045002
GO:0061307 -[is_a]-> GO:0014033
GO:0061307 -[is_a]-> GO:0035051
GO:0061307 -[part_of]-> GO:0007507
GO:0061308 -[is_a]-> GO:0014032
GO:0061308 -[part_of]-> GO:0007507
GO:0061308 -[part_of]-> GO:0061307
GO:0061309 -[is_a]-> GO:0061308
GO:0061309 -[part_of]-> GO:0003151
GO:0061310 -[is_a]-> GO:0044335
GO:0061310 -[is_a]-> GO:0061316
GO:0061310 -[part_of]-> GO:0061307
GO:0061311 -[is_a]-> GO:0007166
GO:0061311 -[part_of]-> GO:0007507
GO:0061312 -[is_a]-> GO:0030509
GO:0061312 -[is_a]-> GO:0061311
GO:0061312 -[is_a]-> GO:1901213
GO:0061312 -[part_of]-> GO:0007507
GO:0061313 -[is_a]-> GO:0008543
GO:0061313 -[is_a]-> GO:0061311
GO:0061313 -[part_of]-> GO:0007507
GO:0061314 -[is_a]-> GO:0007219
GO:0061314 -[is_a]-> GO:0061311
GO:0061314 -[part_of]-> GO:0007507
GO:0061315 -[is_a]-> GO:0044340
GO:0061315 -[is_a]-> GO:0061316
GO:0061315 -[part_of]-> GO:0060045
GO:0061316 -[is_a]-> GO:0003306
GO:0061316 -[is_a]-> GO:0060070
GO:0061316 -[part_of]-> GO:0007507
GO:0061317 -[is_a]-> GO:0061316
GO:0061317 -[part_of]-> GO:0060923
GO:0061318 -[is_a]-> GO:0030154
GO:0061318 -[part_of]-> GO:0072001
GO:0061319 -[is_a]-> GO:0061318
GO:0061320 -[is_a]-> GO:0061319
GO:0061321 -[is_a]-> GO:0061319
GO:0061321 -[part_of]-> GO:0001700
GO:0061322 -[is_a]-> GO:0061319
GO:0061323 -[is_a]-> GO:0008283
GO:0061323 -[part_of]-> GO:0003007
GO:0061324 -[is_a]-> GO:0044340
GO:0061324 -[is_a]-> GO:0061316
GO:0061324 -[is_a]-> GO:1901963
GO:0061324 -[regulates]-> GO:0061325
GO:0061325 -[is_a]-> GO:0061323
GO:0061325 -[part_of]-> GO:0003151
GO:0061326 -[is_a]-> GO:0035295
GO:0061326 -[is_a]-> GO:0060429
GO:0061326 -[part_of]-> GO:0072001
GO:0061327 -[is_a]-> GO:0072002
GO:0061328 -[is_a]-> GO:0072002
GO:0061329 -[is_a]-> GO:0030855
GO:0061329 -[part_of]-> GO:0072002
GO:0061330 -[is_a]-> GO:0030855
GO:0061330 -[part_of]-> GO:0072002
GO:0061331 -[is_a]-> GO:2001013
GO:0061331 -[part_of]-> GO:0007443
GO:0061332 -[is_a]-> GO:0060572
GO:0061332 -[is_a]-> GO:0072175
GO:0061332 -[part_of]-> GO:0007443
GO:0061333 -[is_a]-> GO:0060562
GO:0061333 -[part_of]-> GO:0061326
GO:0061334 -[is_a]-> GO:0016477
GO:0061334 -[part_of]-> GO:0007443
GO:0061335 -[is_a]-> GO:0048588
GO:0061335 -[is_a]-> GO:0060560
GO:0061335 -[part_of]-> GO:0007443
GO:0061336 -[is_a]-> GO:0000904
GO:0061336 -[part_of]-> GO:0007443
GO:0061337 -[is_a]-> GO:0008016
GO:0061337 -[is_a]-> GO:0035637
GO:0061339 -[is_a]-> GO:0007163
GO:0061340 -[is_a]-> GO:0061339
GO:0061340 -[is_a]-> GO:0071963
GO:0061341 -[is_a]-> GO:0003306
GO:0061341 -[is_a]-> GO:0035567
GO:0061341 -[part_of]-> GO:0007507
GO:0061342 -[is_a]-> GO:0061341
GO:0061342 -[is_a]-> GO:0061344
GO:0061343 -[is_a]-> GO:0007155
GO:0061343 -[part_of]-> GO:0003007
GO:0061344 -[is_a]-> GO:0030155
GO:0061344 -[is_a]-> GO:2000826
GO:0061344 -[regulates]-> GO:0061343
GO:0061345 -[is_a]-> GO:0060071
GO:0061345 -[is_a]-> GO:0061341
GO:0061346 -[is_a]-> GO:0060071
GO:0061346 -[is_a]-> GO:0061341
GO:0061346 -[part_of]-> GO:0003007
GO:0061347 -[is_a]-> GO:0061346
GO:0061347 -[part_of]-> GO:0003151
GO:0061348 -[is_a]-> GO:0061346
GO:0061348 -[part_of]-> GO:0060412
GO:0061349 -[is_a]-> GO:0061346
GO:0061349 -[part_of]-> GO:0003213
GO:0061350 -[is_a]-> GO:0061346
GO:0061350 -[part_of]-> GO:0055008
GO:0061351 -[is_a]-> GO:0008283
GO:0061352 -[is_a]-> GO:0060326
GO:0061352 -[is_a]-> GO:0061334
GO:0061352 -[part_of]-> GO:0007443
GO:0061353 -[is_a]-> GO:0030509
GO:0061353 -[part_of]-> GO:0061352
GO:0061354 -[is_a]-> GO:0061346
GO:0061354 -[part_of]-> GO:0003344
GO:0061355 -[is_a]-> GO:0009306
GO:0061355 -[is_a]-> GO:0023061
GO:0061355 -[part_of]-> GO:0198738
GO:0061356 -[is_a]-> GO:0010646
GO:0061356 -[is_a]-> GO:0023051
GO:0061356 -[is_a]-> GO:0050708
GO:0061356 -[regulates]-> GO:0061355
GO:0061357 -[is_a]-> GO:0010647
GO:0061357 -[is_a]-> GO:0023056
GO:0061357 -[is_a]-> GO:0050714
GO:0061357 -[is_a]-> GO:0061356
GO:0061357 -[positively_regulates]-> GO:0061355
GO:0061358 -[is_a]-> GO:0010648
GO:0061358 -[is_a]-> GO:0023057
GO:0061358 -[is_a]-> GO:0050709
GO:0061358 -[is_a]-> GO:0061356
GO:0061358 -[negatively_regulates]-> GO:0061355
GO:0061359 -[is_a]-> GO:0030111
GO:0061359 -[is_a]-> GO:0061355
GO:0061359 -[regulates]-> GO:0016055
GO:0061360 -[is_a]-> GO:0044767
GO:0061360 -[is_a]-> GO:0048856
GO:0061360 -[part_of]-> GO:0021554
GO:0061361 -[is_a]-> GO:2000115
GO:0061361 -[is_a]-> GO:2000247
GO:0061361 -[positively_regulates]-> GO:0061305
GO:0061362 -[is_a]-> GO:2000115
GO:0061362 -[is_a]-> GO:2000750
GO:0061362 -[negatively_regulates]-> GO:0061305
GO:0061363 -[is_a]-> GO:0022414
GO:0061363 -[is_a]-> GO:2000183
GO:0061363 -[negatively_regulates]-> GO:0006701
GO:0061363 -[part_of]-> GO:0001554
GO:0061364 -[is_a]-> GO:0022412
GO:0061364 -[is_a]-> GO:0022602
GO:0061364 -[is_a]-> GO:1902742
GO:0061364 -[part_of]-> GO:0001554
GO:0061365 -[is_a]-> GO:0060193
GO:0061365 -[positively_regulates]-> GO:0004806
GO:0061366 -[is_a]-> GO:0007635
GO:0061366 -[is_a]-> GO:0048266
GO:0061367 -[is_a]-> GO:0061366
GO:0061368 -[is_a]-> GO:0061366
GO:0061369 -[is_a]-> GO:2000181
GO:0061370 -[is_a]-> GO:0006694
GO:0061370 -[is_a]-> GO:0042181
GO:0061370 -[is_a]-> GO:1901617
GO:0061371 -[is_a]-> GO:0007368
GO:0061371 -[part_of]-> GO:0007507
GO:0061372 -[is_a]-> GO:0032924
GO:0061372 -[is_a]-> GO:0061311
GO:0061372 -[part_of]-> GO:0003146
GO:0061373 -[is_a]-> GO:0044767
GO:0061373 -[is_a]-> GO:0048856
GO:0061373 -[part_of]-> GO:0021767
GO:0061374 -[is_a]-> GO:0044767
GO:0061374 -[is_a]-> GO:0048856
GO:0061374 -[part_of]-> GO:0061373
GO:0061375 -[is_a]-> GO:0044767
GO:0061375 -[is_a]-> GO:0048856
GO:0061375 -[part_of]-> GO:0061373
GO:0061376 -[is_a]-> GO:0044767
GO:0061376 -[is_a]-> GO:0048856
GO:0061376 -[part_of]-> GO:0061373
GO:0061377 -[is_a]-> GO:0044767
GO:0061377 -[is_a]-> GO:0048856
GO:0061377 -[part_of]-> GO:0030879
GO:0061378 -[is_a]-> GO:0044767
GO:0061378 -[is_a]-> GO:0048856
GO:0061378 -[part_of]-> GO:0030901
GO:0061379 -[is_a]-> GO:0044767
GO:0061379 -[is_a]-> GO:0048856
GO:0061379 -[part_of]-> GO:0061378
GO:0061380 -[is_a]-> GO:0048856
GO:0061380 -[part_of]-> GO:0061378
GO:0061381 -[is_a]-> GO:0021885
GO:0061381 -[part_of]-> GO:0021536
GO:0061382 -[is_a]-> GO:0030154
GO:0061382 -[part_of]-> GO:0072002
GO:0061383 -[is_a]-> GO:0009653
GO:0061383 -[is_a]-> GO:0044767
GO:0061384 -[is_a]-> GO:0061383
GO:0061385 -[is_a]-> GO:0048144
GO:0061385 -[is_a]-> GO:0061323
GO:0061385 -[part_of]-> GO:0003007
GO:0061386 -[is_a]-> GO:0002011
GO:0061386 -[part_of]-> GO:0002072
GO:0061387 -[is_a]-> GO:0001558
GO:0061387 -[part_of]-> GO:0008361
GO:0061388 -[is_a]-> GO:0001558
GO:0061389 -[is_a]-> GO:0001558
GO:0061389 -[is_a]-> GO:0008360
GO:0061390 -[is_a]-> GO:0030307
GO:0061390 -[is_a]-> GO:0061389
GO:0061391 -[is_a]-> GO:0030308
GO:0061391 -[is_a]-> GO:0061389
GO:0061392 -[is_a]-> GO:0043618
GO:0061392 -[is_a]-> GO:0071470
GO:0061393 -[is_a]-> GO:0036003
GO:0061393 -[is_a]-> GO:0061392
GO:0061394 -[is_a]-> GO:0043618
GO:0061394 -[part_of]-> GO:0071243
GO:0061395 -[is_a]-> GO:0036003
GO:0061395 -[is_a]-> GO:0061394
GO:0061395 -[is_a]-> GO:1901522
GO:0061396 -[is_a]-> GO:0006357
GO:0061396 -[part_of]-> GO:0071280
GO:0061397 -[is_a]-> GO:0061396
GO:0061397 -[is_a]-> GO:1901522
GO:0061398 -[is_a]-> GO:0000122
GO:0061398 -[is_a]-> GO:0061396
GO:0061399 -[is_a]-> GO:1901522
GO:0061399 -[part_of]-> GO:0071279
GO:0061400 -[is_a]-> GO:1901522
GO:0061400 -[part_of]-> GO:0071277
GO:0061401 -[is_a]-> GO:0061393
GO:0061401 -[is_a]-> GO:0071476
GO:0061402 -[is_a]-> GO:0045944
GO:0061402 -[is_a]-> GO:0071468
GO:0061403 -[is_a]-> GO:0036003
GO:0061403 -[is_a]-> GO:0071500
GO:0061404 -[is_a]-> GO:0036251
GO:0061404 -[is_a]-> GO:0071475
GO:0061405 -[is_a]-> GO:0036003
GO:0061405 -[is_a]-> GO:1901522
GO:0061405 -[part_of]-> GO:0071464
GO:0061406 -[is_a]-> GO:0036003
GO:0061406 -[is_a]-> GO:0042149
GO:0061407 -[is_a]-> GO:0036091
GO:0061407 -[part_of]-> GO:0070301
GO:0061408 -[is_a]-> GO:0034605
GO:0061408 -[is_a]-> GO:0036003
GO:0061409 -[is_a]-> GO:0061411
GO:0061409 -[is_a]-> GO:0071497
GO:0061410 -[is_a]-> GO:1901522
GO:0061410 -[part_of]-> GO:0071361
GO:0061411 -[is_a]-> GO:0036003
GO:0061411 -[is_a]-> GO:0070417
GO:0061412 -[is_a]-> GO:0034198
GO:0061412 -[is_a]-> GO:0036003
GO:0061413 -[is_a]-> GO:0000429
GO:0061414 -[is_a]-> GO:0000436
GO:0061414 -[is_a]-> GO:0061413
GO:0061415 -[is_a]-> GO:0000437
GO:0061415 -[is_a]-> GO:0061413
GO:0061416 -[is_a]-> GO:0061392
GO:0061416 -[is_a]-> GO:0071472
GO:0061417 -[is_a]-> GO:0043619
GO:0061417 -[is_a]-> GO:0097201
GO:0061418 -[is_a]-> GO:0043618
GO:0061418 -[part_of]-> GO:0071456
GO:0061419 -[is_a]-> GO:0036003
GO:0061419 -[is_a]-> GO:0061418
GO:0061419 -[is_a]-> GO:1901522
GO:0061420 -[is_a]-> GO:0009267
GO:0061420 -[is_a]-> GO:0043618
GO:0061421 -[is_a]-> GO:0045991
GO:0061422 -[is_a]-> GO:0036003
GO:0061422 -[is_a]-> GO:0071469
GO:0061423 -[is_a]-> GO:0010765
GO:0061423 -[is_a]-> GO:0045944
GO:0061423 -[positively_regulates]-> GO:0006814
GO:0061424 -[is_a]-> GO:0045944
GO:0061424 -[is_a]-> GO:1900064
GO:0061424 -[positively_regulates]-> GO:0007031
GO:0061425 -[is_a]-> GO:0045944
GO:0061425 -[is_a]-> GO:1900066
GO:0061425 -[positively_regulates]-> GO:0006068
GO:0061426 -[is_a]-> GO:0045944
GO:0061426 -[is_a]-> GO:1900072
GO:0061426 -[positively_regulates]-> GO:0000316
GO:0061427 -[is_a]-> GO:0000122
GO:0061427 -[is_a]-> GO:1900060
GO:0061427 -[negatively_regulates]-> GO:0046513
GO:0061428 -[is_a]-> GO:0061418
GO:0061428 -[is_a]-> GO:0097201
GO:0061429 -[is_a]-> GO:0000436
GO:0061429 -[is_a]-> GO:0061421
GO:0061430 -[is_a]-> GO:0061383
GO:0061431 -[is_a]-> GO:0031670
GO:0061431 -[is_a]-> GO:0071230
GO:0061431 -[is_a]-> GO:1904640
GO:0061432 -[is_a]-> GO:0006357
GO:0061432 -[part_of]-> GO:0061431
GO:0061433 -[is_a]-> GO:0033554
GO:0061433 -[is_a]-> GO:0061771
GO:0061434 -[is_a]-> GO:0006357
GO:0061434 -[is_a]-> GO:0061433
GO:0061434 -[is_a]-> GO:1900062
GO:0061435 -[is_a]-> GO:0045893
GO:0061436 -[is_a]-> GO:0033561
GO:0061436 -[part_of]-> GO:0043588
GO:0061437 -[is_a]-> GO:0001944
GO:0061437 -[part_of]-> GO:0072001
GO:0061438 -[is_a]-> GO:0009653
GO:0061438 -[is_a]-> GO:0044767
GO:0061438 -[part_of]-> GO:0061437
GO:0061439 -[is_a]-> GO:0009653
GO:0061439 -[is_a]-> GO:0044767
GO:0061439 -[part_of]-> GO:0061438
GO:0061439 -[part_of]-> GO:0061440
GO:0061440 -[is_a]-> GO:0061437
GO:0061440 -[part_of]-> GO:0001822
GO:0061441 -[is_a]-> GO:0048844
GO:0061441 -[part_of]-> GO:0061439
GO:0061442 -[is_a]-> GO:0007521
GO:0061442 -[is_a]-> GO:0060913
GO:0061442 -[part_of]-> GO:0060923
GO:0061443 -[is_a]-> GO:0035051
GO:0061443 -[part_of]-> GO:0003197
GO:0061444 -[is_a]-> GO:0055006
GO:0061444 -[part_of]-> GO:0061443
GO:0061445 -[is_a]-> GO:0060957
GO:0061445 -[part_of]-> GO:0061443
GO:0061446 -[is_a]-> GO:0060913
GO:0061446 -[part_of]-> GO:0061445
GO:0061447 -[is_a]-> GO:0060912
GO:0061447 -[part_of]-> GO:0061445
GO:0061448 -[is_a]-> GO:0009888
GO:0061449 -[is_a]-> GO:0021954
GO:0061449 -[part_of]-> GO:0021772
GO:0061450 -[is_a]-> GO:0001667
GO:0061450 -[is_a]-> GO:0044702
GO:0061450 -[part_of]-> GO:0007566
GO:0061451 -[is_a]-> GO:0048857
GO:0061451 -[part_of]-> GO:0021550
GO:0061452 -[is_a]-> GO:0021953
GO:0061452 -[part_of]-> GO:0061451
GO:0061453 -[is_a]-> GO:0060563
GO:0061453 -[is_a]-> GO:0060575
GO:0061454 -[is_a]-> GO:0032472
GO:0061454 -[is_a]-> GO:0051209
GO:0061454 -[is_a]-> GO:1901660
GO:0061455 -[is_a]-> GO:0005887
GO:0061455 -[is_a]-> GO:0044463
GO:0061455 -[part_of]-> GO:0036195
GO:0061456 -[is_a]-> GO:0035787
GO:0061456 -[part_of]-> GO:0060675
GO:0061457 -[is_a]-> GO:0016477
GO:0061458 -[is_a]-> GO:0048731
GO:0061459 -[is_a]-> GO:0015179
GO:0061459 -[is_a]-> GO:0015181
GO:0061459 -[part_of]-> GO:1903400
GO:0061460 -[is_a]-> GO:0043092
GO:0061460 -[is_a]-> GO:0090466
GO:0061460 -[is_a]-> GO:1902024
GO:0061461 -[is_a]-> GO:0034226
GO:0061461 -[is_a]-> GO:0043092
GO:0061461 -[is_a]-> GO:1902022
GO:0061462 -[is_a]-> GO:0072665
GO:0061463 -[is_a]-> GO:0019213
GO:0061464 -[is_a]-> GO:0044459
GO:0061464 -[part_of]-> GO:0030055
GO:0061465 -[is_a]-> GO:0061464
GO:0061465 -[part_of]-> GO:0009925
GO:0061465 -[part_of]-> GO:0030056
GO:0061466 -[is_a]-> GO:0044459
GO:0061466 -[part_of]-> GO:0030054
GO:0061467 -[is_a]-> GO:0008105
GO:0061468 -[is_a]-> GO:0043231
GO:0061469 -[is_a]-> GO:0050678
GO:0061469 -[regulates]-> GO:0044342
GO:0061470 -[is_a]-> GO:0042093
GO:0061471 -[is_a]-> GO:0070925
GO:0061471 -[is_a]-> GO:1903047
GO:0061471 -[part_of]-> GO:0007084
GO:0061472 -[is_a]-> GO:0090174
GO:0061472 -[is_a]-> GO:1903047
GO:0061472 -[part_of]-> GO:0007084
GO:0061473 -[is_a]-> GO:0004181
GO:0061474 -[is_a]-> GO:0005765
GO:0061474 -[is_a]-> GO:0030670
GO:0061474 -[part_of]-> GO:0032010
GO:0061475 -[is_a]-> GO:0006438
GO:0061475 -[occurs_in]-> GO:0005829
GO:0061476 -[is_a]-> GO:0042493
GO:0061477 -[is_a]-> GO:0042221
GO:0061478 -[is_a]-> GO:0042493
GO:0061479 -[is_a]-> GO:0042221
GO:0061480 -[is_a]-> GO:0042221
GO:0061481 -[is_a]-> GO:0042221
GO:0061482 -[is_a]-> GO:0042221
GO:0061483 -[is_a]-> GO:0016879
GO:0061484 -[is_a]-> GO:0048872
GO:0061485 -[is_a]-> GO:0042098
GO:0061486 -[is_a]-> GO:0005353
GO:0061487 -[is_a]-> GO:0006270
GO:0061488 -[is_a]-> GO:0015853
GO:0061488 -[is_a]-> GO:0098657
GO:0061489 -[is_a]-> GO:0015854
GO:0061489 -[is_a]-> GO:0098657
GO:0061490 -[is_a]-> GO:0046323
GO:0061490 -[is_a]-> GO:0097319
GO:0061491 -[is_a]-> GO:0090478
GO:0061491 -[is_a]-> GO:1902837
GO:0061492 -[is_a]-> GO:0008105
GO:0061492 -[is_a]-> GO:0071988
GO:0061493 -[is_a]-> GO:0005823
GO:0061493 -[part_of]-> GO:0044732
GO:0061494 -[is_a]-> GO:0055032
GO:0061494 -[part_of]-> GO:0044732
GO:0061495 -[is_a]-> GO:0000928
GO:0061495 -[part_of]-> GO:0044732
GO:0061496 -[is_a]-> GO:0005825
GO:0061496 -[part_of]-> GO:0044732
GO:0061497 -[is_a]-> GO:0005822
GO:0061497 -[part_of]-> GO:0044732
GO:0061498 -[is_a]-> GO:0005821
GO:0061498 -[part_of]-> GO:0044732
GO:0061499 -[is_a]-> GO:0005824
GO:0061499 -[part_of]-> GO:0044732
GO:0061500 -[is_a]-> GO:0022414
GO:0061500 -[is_a]-> GO:0071170
GO:0061500 -[part_of]-> GO:0007534
GO:0061501 -[is_a]-> GO:0016779
GO:0061502 -[is_a]-> GO:0016482
GO:0061502 -[is_a]-> GO:0098927
GO:0061502 -[occurs_in]-> GO:0005829
GO:0061503 -[is_a]-> GO:0016836
GO:0061504 -[is_a]-> GO:0006400
GO:0061505 -[is_a]-> GO:0003916
GO:0061506 -[is_a]-> GO:0061505
GO:0061507 -[is_a]-> GO:0030551
GO:0061507 -[is_a]-> GO:0032559
GO:0061507 -[is_a]-> GO:0032561
GO:0061508 -[is_a]-> GO:0006165
GO:0061509 -[is_a]-> GO:0061492
GO:0061509 -[is_a]-> GO:1902440
GO:0061510 -[is_a]-> GO:0061492
GO:0061510 -[is_a]-> GO:1902440
GO:0061511 -[is_a]-> GO:0022402
GO:0061511 -[is_a]-> GO:0051297
GO:0061511 -[part_of]-> GO:0007099
GO:0061512 -[is_a]-> GO:0033365
GO:0061513 -[is_a]-> GO:0015526
GO:0061514 -[is_a]-> GO:0019221
GO:0061515 -[is_a]-> GO:0048468
GO:0061515 -[part_of]-> GO:0030099
GO:0061516 -[is_a]-> GO:0070661
GO:0061517 -[is_a]-> GO:0070661
GO:0061518 -[is_a]-> GO:0014009
GO:0061518 -[is_a]-> GO:0061517
GO:0061519 -[is_a]-> GO:0001776
GO:0061519 -[is_a]-> GO:0002262
GO:0061520 -[is_a]-> GO:0043011
GO:0061521 -[is_a]-> GO:0030154
GO:0061522 -[is_a]-> GO:0016289
GO:0061523 -[is_a]-> GO:0044782
GO:0061523 -[is_a]-> GO:1903008
GO:0061524 -[is_a]-> GO:0048856
GO:0061524 -[part_of]-> GO:0021510
GO:0061525 -[is_a]-> GO:0048565
GO:0061526 -[is_a]-> GO:0015870
GO:0061526 -[is_a]-> GO:0032940
GO:0061527 -[is_a]-> GO:0007269
GO:0061527 -[is_a]-> GO:0014046
GO:0061527 -[part_of]-> GO:0001963
GO:0061528 -[is_a]-> GO:0015810
GO:0061528 -[is_a]-> GO:0032940
GO:0061528 -[is_a]-> GO:0046717
GO:0061529 -[is_a]-> GO:0007269
GO:0061529 -[is_a]-> GO:0048242
GO:0061530 -[is_a]-> GO:0007269
GO:0061530 -[is_a]-> GO:0061528
GO:0061531 -[is_a]-> GO:0015837
GO:0061531 -[is_a]-> GO:0032940
GO:0061532 -[is_a]-> GO:0061545
GO:0061533 -[is_a]-> GO:0007269
GO:0061533 -[is_a]-> GO:0048243
GO:0061534 -[is_a]-> GO:0007269
GO:0061534 -[is_a]-> GO:0014051
GO:0061534 -[part_of]-> GO:0051932
GO:0061535 -[is_a]-> GO:0007269
GO:0061535 -[is_a]-> GO:0014047
GO:0061535 -[part_of]-> GO:0035249
GO:0061536 -[is_a]-> GO:0006865
GO:0061536 -[is_a]-> GO:0032940
GO:0061536 -[is_a]-> GO:0046717
GO:0061537 -[is_a]-> GO:0007269
GO:0061537 -[is_a]-> GO:0061536
GO:0061537 -[part_of]-> GO:0060012
GO:0061538 -[is_a]-> GO:0001821
GO:0061538 -[is_a]-> GO:0007269
GO:0061539 -[is_a]-> GO:0015850
GO:0061539 -[is_a]-> GO:0032940
GO:0061539 -[is_a]-> GO:0071705
GO:0061540 -[is_a]-> GO:0007269
GO:0061540 -[is_a]-> GO:0061539
GO:0061541 -[is_a]-> GO:0048812
GO:0061541 -[part_of]-> GO:0008594
GO:0061541 -[part_of]-> GO:0042052
GO:0061542 -[is_a]-> GO:0008171
GO:0061543 -[is_a]-> GO:0061542
GO:0061544 -[is_a]-> GO:0002790
GO:0061544 -[is_a]-> GO:0007269
GO:0061545 -[is_a]-> GO:0015844
GO:0061545 -[is_a]-> GO:0015850
GO:0061545 -[is_a]-> GO:0061531
GO:0061546 -[is_a]-> GO:0061532
GO:0061547 -[is_a]-> GO:0016772
GO:0061548 -[is_a]-> GO:0009888
GO:0061548 -[is_a]-> GO:0048513
GO:0061548 -[part_of]-> GO:0007399
GO:0061549 -[is_a]-> GO:0061548
GO:0061549 -[part_of]-> GO:0048485
GO:0061550 -[is_a]-> GO:0061548
GO:0061550 -[part_of]-> GO:0021545
GO:0061551 -[is_a]-> GO:0061550
GO:0061552 -[is_a]-> GO:0009887
GO:0061552 -[is_a]-> GO:0048729
GO:0061552 -[part_of]-> GO:0061548
GO:0061553 -[is_a]-> GO:0048799
GO:0061553 -[part_of]-> GO:0061548
GO:0061554 -[is_a]-> GO:0048646
GO:0061554 -[part_of]-> GO:0061552
GO:0061555 -[is_a]-> GO:0048532
GO:0061555 -[part_of]-> GO:0061552
GO:0061556 -[is_a]-> GO:0061559
GO:0061556 -[part_of]-> GO:0021636
GO:0061556 -[part_of]-> GO:0061551
GO:0061557 -[is_a]-> GO:0061558
GO:0061557 -[part_of]-> GO:0021635
GO:0061557 -[part_of]-> GO:0061551
GO:0061558 -[is_a]-> GO:0061553
GO:0061558 -[part_of]-> GO:0021605
GO:0061558 -[part_of]-> GO:0061550
GO:0061559 -[is_a]-> GO:0061552
GO:0061559 -[part_of]-> GO:0021602
GO:0061559 -[part_of]-> GO:0061550
GO:0061560 -[is_a]-> GO:0061554
GO:0061560 -[part_of]-> GO:0061559
GO:0061561 -[is_a]-> GO:0061560
GO:0061561 -[part_of]-> GO:0061556
GO:0061562 -[is_a]-> GO:0061555
GO:0061562 -[part_of]-> GO:0021604
GO:0061562 -[part_of]-> GO:0061559
GO:0061563 -[is_a]-> GO:0061562
GO:0061563 -[part_of]-> GO:0021637
GO:0061563 -[part_of]-> GO:0061556
GO:0061564 -[is_a]-> GO:0031175
GO:0061565 -[is_a]-> GO:0046940
GO:0061566 -[is_a]-> GO:0046940
GO:0061567 -[is_a]-> GO:0046940
GO:0061568 -[is_a]-> GO:0006165
GO:0061569 -[is_a]-> GO:0006165
GO:0061570 -[is_a]-> GO:0006165
GO:0061571 -[is_a]-> GO:0006165
GO:0061572 -[is_a]-> GO:0007015
GO:0061573 -[is_a]-> GO:0070650
GO:0061574 -[is_a]-> GO:0043234
GO:0061575 -[is_a]-> GO:0016538
GO:0061575 -[is_a]-> GO:0043539
GO:0061575 -[part_of]-> GO:0045737
GO:0061575 -[positively_regulates]-> GO:0004693
GO:0061576 -[is_a]-> GO:0043234
GO:0061577 -[is_a]-> GO:0070588
GO:0061577 -[has_part]-> GO:0008331
GO:0061578 -[is_a]-> GO:0101005
GO:0061578 -[part_of]-> GO:0070536
GO:0061579 -[is_a]-> GO:0016410
GO:0061580 -[is_a]-> GO:0061582
GO:0061581 -[is_a]-> GO:0010631
GO:0061582 -[is_a]-> GO:0010631
GO:0061583 -[is_a]-> GO:0060326
GO:0061583 -[is_a]-> GO:0061580
GO:0061584 -[is_a]-> GO:0002790
GO:0061585 -[is_a]-> GO:0061544
GO:0061585 -[is_a]-> GO:0061584
GO:0061586 -[is_a]-> GO:0034613
GO:0061586 -[is_a]-> GO:0045893
GO:0061587 -[is_a]-> GO:0000122
GO:0061587 -[is_a]-> GO:0006342
GO:0061588 -[is_a]-> GO:0017121
GO:0061589 -[is_a]-> GO:0061588
GO:0061590 -[is_a]-> GO:0061588
GO:0061591 -[is_a]-> GO:0061588
GO:0061592 -[is_a]-> GO:0017121
GO:0061592 -[part_of]-> GO:0030282
GO:0061593 -[is_a]-> GO:0016853
GO:0061594 -[is_a]-> GO:0016773
GO:0061595 -[is_a]-> GO:0016832
GO:0061596 -[is_a]-> GO:0016616
GO:0061598 -[is_a]-> GO:0070566
GO:0061599 -[is_a]-> GO:0016740
GO:0061602 -[is_a]-> GO:0070567
GO:0061603 -[is_a]-> GO:0070568
GO:0061604 -[is_a]-> GO:0016783
GO:0061605 -[is_a]-> GO:0070566
GO:0061606 -[is_a]-> GO:0043687
GO:0061607 -[is_a]-> GO:0016747
GO:0061607 -[part_of]-> GO:0061606
GO:0061608 -[is_a]-> GO:0005487
GO:0061608 -[is_a]-> GO:0008565
GO:0061609 -[is_a]-> GO:0016832
GO:0061610 -[is_a]-> GO:0006071
GO:0061610 -[is_a]-> GO:0006796
GO:0061610 -[is_a]-> GO:0019637
GO:0061610 -[is_a]-> GO:0042180
GO:0061610 -[is_a]-> GO:1901135
GO:0061610 -[has_part]-> GO:0004367
GO:0061611 -[is_a]-> GO:0006002
GO:0061611 -[is_a]-> GO:0006013
GO:0061611 -[is_a]-> GO:0044763
GO:0061612 -[is_a]-> GO:0006012
GO:0061612 -[has_part]-> GO:0003978
GO:0061613 -[is_a]-> GO:0006096
GO:0061613 -[is_a]-> GO:0019563
GO:0061613 -[is_a]-> GO:0042180
GO:0061613 -[has_part]-> GO:0004807
GO:0061614 -[is_a]-> GO:0006366
GO:0061615 -[is_a]-> GO:0006096
GO:0061615 -[has_part]-> GO:0003872
GO:0061615 -[has_part]-> GO:0004332
GO:0061615 -[has_part]-> GO:0004807
GO:0061616 -[is_a]-> GO:0006001
GO:0061616 -[is_a]-> GO:0061615
GO:0061617 -[is_a]-> GO:0098800
GO:0061617 -[part_of]-> GO:0031305
GO:0061618 -[is_a]-> GO:0044420
GO:0061618 -[part_of]-> GO:0005604
GO:0061619 -[is_a]-> GO:0006002
GO:0061619 -[is_a]-> GO:0019309
GO:0061619 -[is_a]-> GO:0061615
GO:0061620 -[is_a]-> GO:0061615
GO:0061620 -[has_part]-> GO:0004347
GO:0061621 -[is_a]-> GO:0006735
GO:0061621 -[is_a]-> GO:0061620
GO:0061621 -[is_a]-> GO:0061718
GO:0061621 -[has_part]-> GO:0004365
GO:0061622 -[is_a]-> GO:0061620
GO:0061622 -[has_part]-> GO:0004614
GO:0061623 -[is_a]-> GO:0019388
GO:0061623 -[is_a]-> GO:0061622
GO:0061624 -[is_a]-> GO:0006001
GO:0061624 -[is_a]-> GO:0019682
GO:0061624 -[has_part]-> GO:0050354
GO:0061624 -[has_part]-> GO:0061609
GO:0061625 -[is_a]-> GO:0006001
GO:0061625 -[is_a]-> GO:0006096
GO:0061625 -[is_a]-> GO:0019682
GO:0061625 -[has_part]-> GO:0004807
GO:0061626 -[is_a]-> GO:0048844
GO:0061626 -[part_of]-> GO:0060037
GO:0061627 -[is_a]-> GO:0008172
GO:0061628 -[is_a]-> GO:0035064
GO:0061629 -[is_a]-> GO:0001085
GO:0061630 -[is_a]-> GO:0004842
GO:0061630 -[is_a]-> GO:0061659
GO:0061631 -[is_a]-> GO:0004842
GO:0061631 -[is_a]-> GO:0061650
GO:0061632 -[is_a]-> GO:0008047
GO:0061632 -[positively_regulates]-> GO:0008419
GO:0061633 -[is_a]-> GO:0061620
GO:0061633 -[is_a]-> GO:0061718
GO:0061634 -[is_a]-> GO:0004553
GO:0061635 -[is_a]-> GO:0065008
GO:0061638 -[is_a]-> GO:0000785
GO:0061638 -[part_of]-> GO:0034506
GO:0061639 -[is_a]-> GO:0000910
GO:0061640 -[is_a]-> GO:0000910
GO:0061641 -[is_a]-> GO:0006325
GO:0061642 -[is_a]-> GO:0050918
GO:0061642 -[part_of]-> GO:0007411
GO:0061642 -[part_of]-> GO:0070887
GO:0061643 -[is_a]-> GO:0050919
GO:0061643 -[part_of]-> GO:0007411
GO:0061643 -[part_of]-> GO:0070887
GO:0061644 -[is_a]-> GO:0071168
GO:0061644 -[is_a]-> GO:0071459
GO:0061645 -[is_a]-> GO:0044448
GO:0061646 -[is_a]-> GO:0051716
GO:0061646 -[is_a]-> GO:1903296
GO:0061647 -[is_a]-> GO:0016570
GO:0061648 -[is_a]-> GO:0042476
GO:0061649 -[is_a]-> GO:0042393
GO:0061650 -[is_a]-> GO:0019787
GO:0061651 -[is_a]-> GO:0019777
GO:0061651 -[is_a]-> GO:0061650
GO:0061652 -[is_a]-> GO:0019775
GO:0061652 -[is_a]-> GO:0061650
GO:0061653 -[is_a]-> GO:0042296
GO:0061653 -[is_a]-> GO:0061650
GO:0061654 -[is_a]-> GO:0019788
GO:0061654 -[is_a]-> GO:0061650
GO:0061655 -[is_a]-> GO:0061650
GO:0061655 -[is_a]-> GO:0072496
GO:0061656 -[is_a]-> GO:0019789
GO:0061656 -[is_a]-> GO:0061650
GO:0061657 -[is_a]-> GO:0061650
GO:0061657 -[is_a]-> GO:0071568
GO:0061658 -[is_a]-> GO:0042294
GO:0061658 -[is_a]-> GO:0061650
GO:0061659 -[is_a]-> GO:0019787
GO:0061660 -[is_a]-> GO:0019777
GO:0061660 -[is_a]-> GO:0061659
GO:0061661 -[is_a]-> GO:0019775
GO:0061661 -[is_a]-> GO:0061659
GO:0061662 -[is_a]-> GO:0042296
GO:0061662 -[is_a]-> GO:0061659
GO:0061663 -[is_a]-> GO:0019788
GO:0061663 -[is_a]-> GO:0061659
GO:0061664 -[is_a]-> GO:0061659
GO:0061664 -[is_a]-> GO:0072496
GO:0061665 -[is_a]-> GO:0019789
GO:0061665 -[is_a]-> GO:0061659
GO:0061666 -[is_a]-> GO:0061659
GO:0061666 -[is_a]-> GO:0071568
GO:0061667 -[is_a]-> GO:0042294
GO:0061667 -[is_a]-> GO:0061659
GO:0061668 -[is_a]-> GO:0042255
GO:0061669 -[is_a]-> GO:0007269
GO:0061669 -[part_of]-> GO:0098814
GO:0061670 -[is_a]-> GO:0007269
GO:0061671 -[is_a]-> GO:0043234
GO:0061672 -[is_a]-> GO:1905368
GO:0061673 -[is_a]-> GO:0000235
GO:0061673 -[part_of]-> GO:0072686
GO:0061674 -[is_a]-> GO:0006259
GO:0061674 -[part_of]-> GO:0006303
GO:0061675 -[is_a]-> GO:0005515
GO:0061676 -[is_a]-> GO:0005515
GO:0061677 -[is_a]-> GO:0016832
GO:0061678 -[is_a]-> GO:0006090
GO:0061678 -[is_a]-> GO:0044275
GO:0061678 -[is_a]-> GO:0044724
GO:0061679 -[is_a]-> GO:0061678
GO:0061679 -[has_part]-> GO:0047929
GO:0061679 -[has_part]-> GO:0047935
GO:0061680 -[is_a]-> GO:0005996
GO:0061680 -[is_a]-> GO:0061679
GO:0061681 -[is_a]-> GO:0019682
GO:0061681 -[is_a]-> GO:0061679
GO:0061681 -[has_part]-> GO:0008673
GO:0061682 -[is_a]-> GO:0003006
GO:0061682 -[is_a]-> GO:0022612
GO:0061682 -[is_a]-> GO:0044702
GO:0061682 -[part_of]-> GO:0061107
GO:0061683 -[is_a]-> GO:0003006
GO:0061683 -[is_a]-> GO:0044702
GO:0061683 -[is_a]-> GO:0061138
GO:0061683 -[part_of]-> GO:0061108
GO:0061683 -[part_of]-> GO:0061682
GO:0061684 -[is_a]-> GO:0006914
GO:0061684 -[has_part]-> GO:0005102
GO:0061684 -[has_part]-> GO:0072321
GO:0061685 -[is_a]-> GO:0052689
GO:0061686 -[is_a]-> GO:0016705
GO:0061686 -[part_of]-> GO:0052699
GO:0061687 -[is_a]-> GO:0098754
GO:0061688 -[is_a]-> GO:0006096
GO:0061689 -[is_a]-> GO:0070160
GO:0061690 -[is_a]-> GO:0016811
GO:0061691 -[is_a]-> GO:0042743
GO:0061691 -[is_a]-> GO:0061687
GO:0061691 -[part_of]-> GO:0042542
GO:0061692 -[is_a]-> GO:0061691
GO:0061692 -[is_a]-> GO:0098869
GO:0061692 -[part_of]-> GO:0070301
GO:0061693 -[is_a]-> GO:0016780
GO:0061694 -[is_a]-> GO:0061695
GO:0061695 -[is_a]-> GO:1990234
GO:0061696 -[is_a]-> GO:0043234
GO:0061696 -[is_a]-> GO:0044421
GO:0061697 -[is_a]-> GO:0016811
GO:0061697 -[part_of]-> GO:0061699
GO:0061698 -[is_a]-> GO:0035601
GO:0061699 -[is_a]-> GO:0061698
GO:0061700 -[is_a]-> GO:0043234
GO:0061700 -[part_of]-> GO:0035859
GO:0061701 -[is_a]-> GO:1903561
GO:0061702 -[is_a]-> GO:0043234
GO:0061702 -[is_a]-> GO:0044445
GO:0061703 -[is_a]-> GO:0043234
GO:0061704 -[is_a]-> GO:0005987
GO:0061704 -[is_a]-> GO:0006096
GO:0061705 -[is_a]-> GO:0005987
GO:0061705 -[has_part]-> GO:0004340
GO:0061705 -[has_part]-> GO:0008865
GO:0061706 -[is_a]-> GO:0061620
GO:0061706 -[is_a]-> GO:0061704
GO:0061707 -[is_a]-> GO:0051650
GO:0061707 -[is_a]-> GO:1902538
GO:0061707 -[is_a]-> GO:1902580
GO:0061708 -[is_a]-> GO:0016783
GO:0061709 -[is_a]-> GO:0016236
GO:0061709 -[is_a]-> GO:1903008
GO:0061710 -[is_a]-> GO:0016779
GO:0061711 -[is_a]-> GO:0016747
GO:0061712 -[is_a]-> GO:0050497
GO:0061713 -[is_a]-> GO:0060606
GO:0061713 -[part_of]-> GO:0001843
GO:0061714 -[is_a]-> GO:0038024
GO:0061714 -[has_part]-> GO:0005542
GO:0061714 -[part_of]-> GO:0071231
GO:0061715 -[is_a]-> GO:0001510
GO:0061715 -[is_a]-> GO:0010586
GO:0061716 -[is_a]-> GO:0006405
GO:0061716 -[is_a]-> GO:1990428
GO:0061717 -[is_a]-> GO:0005487
GO:0061718 -[is_a]-> GO:0006007
GO:0061718 -[is_a]-> GO:0006090
GO:0061719 -[is_a]-> GO:0006091
GO:0061719 -[is_a]-> GO:0061718
GO:0061719 -[has_part]-> GO:0004332
GO:0061719 -[has_part]-> GO:0004347
GO:0061719 -[has_part]-> GO:0004618
GO:0061719 -[has_part]-> GO:0004619
GO:0061719 -[has_part]-> GO:0004807
GO:0061719 -[has_part]-> GO:0043797
GO:0061719 -[has_part]-> GO:0043844
GO:0061720 -[is_a]-> GO:0006796
GO:0061720 -[is_a]-> GO:0019637
GO:0061720 -[is_a]-> GO:0042180
GO:0061720 -[is_a]-> GO:0044712
GO:0061720 -[is_a]-> GO:1901135
GO:0061720 -[is_a]-> GO:1902777
GO:0061720 -[has_part]-> GO:0061594
GO:0061721 -[is_a]-> GO:0006796
GO:0061721 -[is_a]-> GO:0019637
GO:0061721 -[is_a]-> GO:0042180
GO:0061721 -[is_a]-> GO:0044712
GO:0061721 -[is_a]-> GO:1901135
GO:0061721 -[is_a]-> GO:1902777
GO:0061722 -[is_a]-> GO:0006090
GO:0061722 -[is_a]-> GO:0006735
GO:0061722 -[is_a]-> GO:0006757
GO:0061722 -[is_a]-> GO:0042180
GO:0061722 -[is_a]-> GO:0044712
GO:0061722 -[is_a]-> GO:1902777
GO:0061722 -[has_part]-> GO:0004365
GO:0061722 -[has_part]-> GO:0004618
GO:0061722 -[has_part]-> GO:0004619
GO:0061722 -[has_part]-> GO:0004634
GO:0061722 -[has_part]-> GO:0004807
GO:0061723 -[is_a]-> GO:0016236
GO:0061724 -[is_a]-> GO:0016236
GO:0061724 -[is_a]-> GO:0044242
GO:0061725 -[is_a]-> GO:0044242
GO:0061725 -[occurs_in]-> GO:0005829
GO:0061726 -[is_a]-> GO:0007005
GO:0061726 -[is_a]-> GO:1903008
GO:0061727 -[is_a]-> GO:0006089
GO:0061727 -[is_a]-> GO:0051596
GO:0061728 -[is_a]-> GO:0006013
GO:0061728 -[is_a]-> GO:0009298
GO:0061728 -[is_a]-> GO:0044711
GO:0061728 -[is_a]-> GO:0044763
GO:0061729 -[is_a]-> GO:0006796
GO:0061729 -[is_a]-> GO:0009298
GO:0061729 -[is_a]-> GO:0019637
GO:0061730 -[is_a]-> GO:0043047
GO:0061731 -[is_a]-> GO:0016728
GO:0061732 -[is_a]-> GO:0006086
GO:0061732 -[is_a]-> GO:0046496
GO:0061733 -[is_a]-> GO:0034212
GO:0061734 -[is_a]-> GO:0098779
GO:0061735 -[is_a]-> GO:0098779
GO:0061736 -[is_a]-> GO:1902534
GO:0061736 -[part_of]-> GO:0016236
GO:0061737 -[is_a]-> GO:0007186
GO:0061738 -[is_a]-> GO:0006914
GO:0061739 -[is_a]-> GO:0006501
GO:0061739 -[has_part]-> GO:0019779
GO:0061739 -[part_of]-> GO:0000045
GO:0061740 -[is_a]-> GO:0006622
GO:0061740 -[is_a]-> GO:0071211
GO:0061740 -[has_part]-> GO:0005102
GO:0061740 -[has_part]-> GO:0051087
GO:0061740 -[part_of]-> GO:0061684
GO:0061741 -[is_a]-> GO:0034486
GO:0061741 -[is_a]-> GO:0071806
GO:0061741 -[is_a]-> GO:0072321
GO:0061741 -[has_part]-> GO:0043335
GO:0061741 -[part_of]-> GO:0061684
GO:0061742 -[is_a]-> GO:0032991
GO:0061742 -[is_a]-> GO:0044425
GO:0061742 -[is_a]-> GO:0044437
GO:0061742 -[part_of]-> GO:0005765
GO:0061743 -[is_a]-> GO:0007612
GO:0061744 -[is_a]-> GO:0044708
GO:0061745 -[is_a]-> GO:0003924
GO:0061746 -[is_a]-> GO:0061745
GO:0061747 -[is_a]-> GO:0043273
GO:0061748 -[is_a]-> GO:0061747
GO:0061749 -[is_a]-> GO:0003678
GO:0061750 -[is_a]-> GO:0004767
GO:0061751 -[is_a]-> GO:0004767
GO:0061752 -[is_a]-> GO:0003723
GO:0061753 -[is_a]-> GO:0051649
GO:0061753 -[part_of]-> GO:0000045
GO:0061754 -[is_a]-> GO:0044537
GO:0061755 -[is_a]-> GO:0044537
GO:0061756 -[is_a]-> GO:0007159
GO:0061757 -[is_a]-> GO:0061756
GO:0061758 -[is_a]-> GO:0047545
GO:0061759 -[is_a]-> GO:0047545
GO:0061760 -[is_a]-> GO:0045087
GO:0061760 -[is_a]-> GO:0050832
GO:0061761 -[is_a]-> GO:0001664
GO:0061762 -[is_a]-> GO:0019722
GO:0061762 -[is_a]-> GO:0099004
GO:0061762 -[has_part]-> GO:0004683
GO:0061762 -[has_part]-> GO:0005516
GO:0061763 -[is_a]-> GO:0051469
GO:0061763 -[part_of]-> GO:0032510
GO:0061764 -[is_a]-> GO:0032510
GO:0061764 -[is_a]-> GO:1902774
GO:0061765 -[is_a]-> GO:0019054
GO:0061765 -[is_a]-> GO:1901222
GO:0061766 -[is_a]-> GO:0014916
GO:0061767 -[is_a]-> GO:0014916
GO:0061768 -[is_a]-> GO:0015081
GO:0061768 -[is_a]-> GO:0015491
GO:0061769 -[is_a]-> GO:0016301
GO:0061770 -[is_a]-> GO:0005515
GO:0061771 -[is_a]-> GO:0006950
GO:0061771 -[is_a]-> GO:0031667
GO:0061772 -[is_a]-> GO:0015893
GO:0061773 -[is_a]-> GO:0005677
GO:0061773 -[is_a]-> GO:0044452
GO:0061773 -[part_of]-> GO:0005730
GO:0061774 -[is_a]-> GO:0043392
GO:0061774 -[is_a]-> GO:0045875
GO:0061775 -[is_a]-> GO:0008094
GO:0061776 -[is_a]-> GO:0003677
GO:0061777 -[is_a]-> GO:0003677
GO:0061778 -[is_a]-> GO:0005254
GO:0061779 -[is_a]-> GO:0044432
GO:0061779 -[is_a]-> GO:0098796
GO:0061779 -[part_of]-> GO:0042824
GO:0061780 -[is_a]-> GO:0071921
GO:0061780 -[part_of]-> GO:0000278
GO:0061780 -[part_of]-> GO:0034087
GO:0061781 -[is_a]-> GO:0061774
GO:0061781 -[part_of]-> GO:0000278
GO:0061782 -[is_a]-> GO:0006906
GO:0061783 -[is_a]-> GO:0003824
GO:0061784 -[is_a]-> GO:0015929
GO:0061784 -[is_a]-> GO:0061783
GO:0061785 -[is_a]-> GO:0004175
GO:0061785 -[is_a]-> GO:0061783
GO:0061786 -[is_a]-> GO:0061785
GO:0061787 -[is_a]-> GO:0061785
GO:0061788 -[is_a]-> GO:0019904
GO:0061789 -[is_a]-> GO:0043623
GO:0061789 -[part_of]-> GO:1990504
GO:0061790 -[is_a]-> GO:0006904
GO:0061790 -[part_of]-> GO:1990504
GO:0061791 -[is_a]-> GO:0003774
GO:0061791 -[is_a]-> GO:0003924
GO:0061792 -[is_a]-> GO:0021700
GO:0061792 -[is_a]-> GO:0033363
GO:0061792 -[is_a]-> GO:1902589
GO:0061793 -[is_a]-> GO:0005677
GO:0061793 -[part_of]-> GO:0005634
GO:0061794 -[is_a]-> GO:0044702
GO:0061794 -[is_a]-> GO:0048468
GO:0061794 -[is_a]-> GO:0048837
GO:0061795 -[is_a]-> GO:0051452
GO:0061796 -[is_a]-> GO:0007107
GO:0061796 -[is_a]-> GO:1902410
GO:0061796 -[part_of]-> GO:0000278
GO:0061797 -[is_a]-> GO:0005254
GO:0061797 -[is_a]-> GO:0022836
GO:0061798 -[is_a]-> GO:0016830
GO:0061799 -[is_a]-> GO:0016849
GO:0061800 -[is_a]-> GO:0044420
GO:0061800 -[is_a]-> GO:0099512
GO:0061801 -[is_a]-> GO:0043256
GO:0065001 -[is_a]-> GO:0007389
GO:0065001 -[part_of]-> GO:0009798
GO:0065002 -[is_a]-> GO:0006886
GO:0065002 -[is_a]-> GO:0071806
GO:0065002 -[occurs_in]-> GO:0005622
GO:0065003 -[is_a]-> GO:0022607
GO:0065003 -[is_a]-> GO:0043933
GO:0065004 -[is_a]-> GO:0034622
GO:0065004 -[is_a]-> GO:0071824
GO:0065005 -[is_a]-> GO:0065003
GO:0065005 -[is_a]-> GO:0071825
GO:0065006 -[is_a]-> GO:0065003
GO:0065006 -[is_a]-> GO:0071823
GO:0065007 -[is_a]-> GO:0008150
GO:0065008 -[is_a]-> GO:0065007
GO:0065009 -[is_a]-> GO:0065007
GO:0065009 -[regulates]-> GO:0003674
GO:0065010 -[is_a]-> GO:0043227
GO:0065010 -[is_a]-> GO:0043230
GO:0070001 -[is_a]-> GO:0070011
GO:0070002 -[is_a]-> GO:0070011
GO:0070003 -[is_a]-> GO:0070011
GO:0070004 -[is_a]-> GO:0008234
GO:0070004 -[is_a]-> GO:0008238
GO:0070005 -[is_a]-> GO:0004177
GO:0070005 -[is_a]-> GO:0070004
GO:0070006 -[is_a]-> GO:0004177
GO:0070006 -[is_a]-> GO:0008235
GO:0070007 -[is_a]-> GO:0004175
GO:0070007 -[is_a]-> GO:0070002
GO:0070008 -[is_a]-> GO:0008236
GO:0070008 -[is_a]-> GO:0008238
GO:0070009 -[is_a]-> GO:0004177
GO:0070009 -[is_a]-> GO:0070008
GO:0070010 -[is_a]-> GO:0008233
GO:0070011 -[is_a]-> GO:0008233
GO:0070012 -[is_a]-> GO:0008233
GO:0070013 -[is_a]-> GO:0043233
GO:0070013 -[is_a]-> GO:0044424
GO:0070013 -[part_of]-> GO:0043229
GO:0070014 -[is_a]-> GO:0044459
GO:0070014 -[is_a]-> GO:1902687
GO:0070014 -[part_of]-> GO:0005887
GO:0070016 -[is_a]-> GO:0019904
GO:0070017 -[is_a]-> GO:0098797
GO:0070018 -[is_a]-> GO:0070022
GO:0070019 -[is_a]-> GO:0070022
GO:0070020 -[is_a]-> GO:0098797
GO:0070021 -[is_a]-> GO:0098797
GO:0070022 -[is_a]-> GO:0098802
GO:0070022 -[is_a]-> GO:1902554
GO:0070022 -[part_of]-> GO:0005887
GO:0070023 -[is_a]-> GO:0098797
GO:0070024 -[is_a]-> GO:0098797
GO:0070025 -[is_a]-> GO:0005488
GO:0070026 -[is_a]-> GO:0005488
GO:0070027 -[is_a]-> GO:0070025
GO:0070028 -[is_a]-> GO:0006355
GO:0070028 -[part_of]-> GO:0071245
GO:0070029 -[is_a]-> GO:0098797
GO:0070030 -[is_a]-> GO:0098797
GO:0070031 -[is_a]-> GO:0098797
GO:0070032 -[is_a]-> GO:0031201
GO:0070033 -[is_a]-> GO:0031201
GO:0070034 -[is_a]-> GO:0003723
GO:0070035 -[is_a]-> GO:0004386
GO:0070036 -[is_a]-> GO:0061745
GO:0070036 -[is_a]-> GO:0070035
GO:0070037 -[is_a]-> GO:0008649
GO:0070038 -[is_a]-> GO:0070037
GO:0070039 -[is_a]-> GO:0008171
GO:0070039 -[is_a]-> GO:0016435
GO:0070039 -[part_of]-> GO:0000451
GO:0070040 -[is_a]-> GO:0008169
GO:0070040 -[is_a]-> GO:0016433
GO:0070041 -[is_a]-> GO:0008169
GO:0070041 -[is_a]-> GO:0016436
GO:0070042 -[is_a]-> GO:0008170
GO:0070042 -[is_a]-> GO:0016436
GO:0070043 -[is_a]-> GO:0008170
GO:0070043 -[is_a]-> GO:0016435
GO:0070043 -[part_of]-> GO:0070476
GO:0070044 -[is_a]-> GO:0031201
GO:0070045 -[is_a]-> GO:0031201
GO:0070046 -[is_a]-> GO:0031201
GO:0070047 -[is_a]-> GO:0031201
GO:0070048 -[is_a]-> GO:0031201
GO:0070049 -[is_a]-> GO:0031201
GO:0070050 -[is_a]-> GO:0019725
GO:0070050 -[is_a]-> GO:0060249
GO:0070051 -[is_a]-> GO:0032403
GO:0070052 -[is_a]-> GO:0005518
GO:0070053 -[is_a]-> GO:0038023
GO:0070054 -[is_a]-> GO:0000394
GO:0070054 -[is_a]-> GO:0006397
GO:0070055 -[is_a]-> GO:0098787
GO:0070055 -[part_of]-> GO:0030969
GO:0070056 -[is_a]-> GO:0044464
GO:0070056 -[is_a]-> GO:0098589
GO:0070056 -[part_of]-> GO:0005628
GO:0070057 -[is_a]-> GO:0044425
GO:0070057 -[is_a]-> GO:0044464
GO:0070057 -[part_of]-> GO:0005628
GO:0070058 -[is_a]-> GO:0051276
GO:0070059 -[is_a]-> GO:0034976
GO:0070059 -[is_a]-> GO:0097193
GO:0070060 -[is_a]-> GO:0045010
GO:0070061 -[is_a]-> GO:0048029
GO:0070062 -[is_a]-> GO:1903561
GO:0070062 -[part_of]-> GO:0005576
GO:0070063 -[is_a]-> GO:0019899
GO:0070064 -[is_a]-> GO:0005515
GO:0070065 -[is_a]-> GO:0031201
GO:0070066 -[is_a]-> GO:0031201
GO:0070067 -[is_a]-> GO:0031201
GO:0070068 -[is_a]-> GO:0031201
GO:0070069 -[is_a]-> GO:0043234
GO:0070070 -[is_a]-> GO:0070071
GO:0070071 -[is_a]-> GO:0043623
GO:0070072 -[is_a]-> GO:0070070
GO:0070073 -[is_a]-> GO:0045161
GO:0070074 -[is_a]-> GO:0043231
GO:0070074 -[part_of]-> GO:0020007
GO:0070075 -[is_a]-> GO:0007589
GO:0070075 -[is_a]-> GO:0032941
GO:0070076 -[is_a]-> GO:0016577
GO:0070077 -[is_a]-> GO:0016577
GO:0070078 -[is_a]-> GO:0070077
GO:0070079 -[is_a]-> GO:0070077
GO:0070080 -[is_a]-> GO:0019904
GO:0070081 -[is_a]-> GO:0030133
GO:0070081 -[is_a]-> GO:0060198
GO:0070082 -[is_a]-> GO:0060205
GO:0070082 -[part_of]-> GO:0070081
GO:0070083 -[is_a]-> GO:0030658
GO:0070083 -[is_a]-> GO:0030665
GO:0070083 -[part_of]-> GO:0070081
GO:0070084 -[is_a]-> GO:0006464
GO:0070085 -[is_a]-> GO:0044710
GO:0070086 -[is_a]-> GO:0006897
GO:0070086 -[is_a]-> GO:0015031
GO:0070086 -[is_a]-> GO:0044765
GO:0070087 -[is_a]-> GO:0019904
GO:0070088 -[is_a]-> GO:0016234
GO:0070088 -[is_a]-> GO:0043231
GO:0070088 -[is_a]-> GO:0044444
GO:0070089 -[is_a]-> GO:0005267
GO:0070089 -[is_a]-> GO:0022839
GO:0070090 -[is_a]-> GO:0044424
GO:0070091 -[is_a]-> GO:0030072
GO:0070092 -[is_a]-> GO:0090276
GO:0070092 -[regulates]-> GO:0070091
GO:0070093 -[is_a]-> GO:0070092
GO:0070093 -[is_a]-> GO:0090278
GO:0070093 -[negatively_regulates]-> GO:0070091
GO:0070094 -[is_a]-> GO:0070092
GO:0070094 -[is_a]-> GO:0090277
GO:0070094 -[positively_regulates]-> GO:0070091
GO:0070095 -[is_a]-> GO:0097367
GO:0070096 -[is_a]-> GO:0043623
GO:0070096 -[part_of]-> GO:0007008
GO:0070097 -[is_a]-> GO:0005515
GO:0070098 -[is_a]-> GO:0019221
GO:0070099 -[is_a]-> GO:0001959
GO:0070099 -[regulates]-> GO:0070098
GO:0070100 -[is_a]-> GO:0001960
GO:0070100 -[is_a]-> GO:0070099
GO:0070100 -[negatively_regulates]-> GO:0070098
GO:0070101 -[is_a]-> GO:0001961
GO:0070101 -[is_a]-> GO:0070099
GO:0070101 -[positively_regulates]-> GO:0070098
GO:0070102 -[is_a]-> GO:0019221
GO:0070102 -[part_of]-> GO:0071354
GO:0070103 -[is_a]-> GO:0001959
GO:0070103 -[regulates]-> GO:0070102
GO:0070104 -[is_a]-> GO:0001960
GO:0070104 -[is_a]-> GO:0070103
GO:0070104 -[negatively_regulates]-> GO:0070102
GO:0070105 -[is_a]-> GO:0001961
GO:0070105 -[is_a]-> GO:0070103
GO:0070105 -[positively_regulates]-> GO:0070102
GO:0070106 -[is_a]-> GO:0019221
GO:0070107 -[is_a]-> GO:0001959
GO:0070107 -[regulates]-> GO:0070106
GO:0070108 -[is_a]-> GO:0001960
GO:0070108 -[is_a]-> GO:0070107
GO:0070108 -[negatively_regulates]-> GO:0070106
GO:0070109 -[is_a]-> GO:0001961
GO:0070109 -[is_a]-> GO:0070107
GO:0070109 -[positively_regulates]-> GO:0070106
GO:0070110 -[is_a]-> GO:0098802
GO:0070110 -[part_of]-> GO:0005887
GO:0070111 -[is_a]-> GO:0043660
GO:0070112 -[is_a]-> GO:0030659
GO:0070112 -[part_of]-> GO:0070111
GO:0070113 -[is_a]-> GO:0070112
GO:0070114 -[is_a]-> GO:0043661
GO:0070114 -[is_a]-> GO:0070112
GO:0070115 -[is_a]-> GO:0044433
GO:0070115 -[part_of]-> GO:0070111
GO:0070116 -[is_a]-> GO:0009579
GO:0070116 -[is_a]-> GO:0044433
GO:0070116 -[part_of]-> GO:0070111
GO:0070117 -[is_a]-> GO:0031977
GO:0070117 -[is_a]-> GO:0044433
GO:0070117 -[part_of]-> GO:0070116
GO:0070118 -[is_a]-> GO:0042651
GO:0070118 -[is_a]-> GO:0044433
GO:0070118 -[part_of]-> GO:0070116
GO:0070119 -[is_a]-> GO:0019955
GO:0070120 -[is_a]-> GO:0019221
GO:0070121 -[is_a]-> GO:0044767
GO:0070121 -[is_a]-> GO:0048856
GO:0070122 -[is_a]-> GO:0008233
GO:0070123 -[is_a]-> GO:0005024
GO:0070124 -[is_a]-> GO:0006413
GO:0070124 -[occurs_in]-> GO:0005739
GO:0070124 -[part_of]-> GO:0032543
GO:0070125 -[is_a]-> GO:0006414
GO:0070125 -[occurs_in]-> GO:0005739
GO:0070125 -[part_of]-> GO:0032543
GO:0070126 -[is_a]-> GO:0006415
GO:0070126 -[occurs_in]-> GO:0005739
GO:0070126 -[part_of]-> GO:0032543
GO:0070127 -[is_a]-> GO:0000959
GO:0070127 -[is_a]-> GO:0006418
GO:0070127 -[part_of]-> GO:0032543
GO:0070129 -[is_a]-> GO:0006417
GO:0070129 -[is_a]-> GO:0010821
GO:0070129 -[regulates]-> GO:0032543
GO:0070130 -[is_a]-> GO:0010823
GO:0070130 -[is_a]-> GO:0017148
GO:0070130 -[is_a]-> GO:0070129
GO:0070130 -[negatively_regulates]-> GO:0032543
GO:0070131 -[is_a]-> GO:0010822
GO:0070131 -[is_a]-> GO:0045727
GO:0070131 -[is_a]-> GO:0070129
GO:0070131 -[positively_regulates]-> GO:0032543
GO:0070132 -[is_a]-> GO:0006446
GO:0070132 -[is_a]-> GO:0070129
GO:0070132 -[regulates]-> GO:0070124
GO:0070133 -[is_a]-> GO:0045947
GO:0070133 -[is_a]-> GO:0070130
GO:0070133 -[is_a]-> GO:0070132
GO:0070133 -[negatively_regulates]-> GO:0070124
GO:0070134 -[is_a]-> GO:0045948
GO:0070134 -[is_a]-> GO:0070131
GO:0070134 -[is_a]-> GO:0070132
GO:0070134 -[positively_regulates]-> GO:0070124
GO:0070135 -[is_a]-> GO:0010383
GO:0070135 -[is_a]-> GO:0010412
GO:0070135 -[is_a]-> GO:0044723
GO:0070135 -[is_a]-> GO:0044763
GO:0070136 -[is_a]-> GO:0046354
GO:0070136 -[is_a]-> GO:0051278
GO:0070136 -[is_a]-> GO:0070135
GO:0070137 -[is_a]-> GO:0004197
GO:0070137 -[is_a]-> GO:0019783
GO:0070138 -[is_a]-> GO:0019783
GO:0070138 -[is_a]-> GO:0070122
GO:0070139 -[is_a]-> GO:0016929
GO:0070139 -[is_a]-> GO:0070137
GO:0070140 -[is_a]-> GO:0016929
GO:0070140 -[is_a]-> GO:0070138
GO:0070141 -[is_a]-> GO:0009411
GO:0070142 -[is_a]-> GO:0006900
GO:0070142 -[part_of]-> GO:0048489
GO:0070143 -[is_a]-> GO:0006419
GO:0070143 -[is_a]-> GO:0070127
GO:0070143 -[occurs_in]-> GO:0005739
GO:0070144 -[is_a]-> GO:0006420
GO:0070144 -[is_a]-> GO:0070127
GO:0070144 -[occurs_in]-> GO:0005739
GO:0070145 -[is_a]-> GO:0006421
GO:0070145 -[is_a]-> GO:0070127
GO:0070145 -[occurs_in]-> GO:0005739
GO:0070146 -[is_a]-> GO:0006422
GO:0070146 -[is_a]-> GO:0070127
GO:0070146 -[occurs_in]-> GO:0005739
GO:0070147 -[is_a]-> GO:0006423
GO:0070147 -[is_a]-> GO:0070127
GO:0070147 -[occurs_in]-> GO:0005739
GO:0070148 -[is_a]-> GO:0006425
GO:0070148 -[is_a]-> GO:0070127
GO:0070148 -[occurs_in]-> GO:0005739
GO:0070149 -[is_a]-> GO:0006424
GO:0070149 -[is_a]-> GO:0070127
GO:0070149 -[occurs_in]-> GO:0005739
GO:0070150 -[is_a]-> GO:0006426
GO:0070150 -[is_a]-> GO:0070127
GO:0070150 -[occurs_in]-> GO:0005739
GO:0070151 -[is_a]-> GO:0006427
GO:0070151 -[is_a]-> GO:0070127
GO:0070151 -[occurs_in]-> GO:0005739
GO:0070152 -[is_a]-> GO:0006428
GO:0070152 -[is_a]-> GO:0070127
GO:0070152 -[occurs_in]-> GO:0005739
GO:0070153 -[is_a]-> GO:0006429
GO:0070153 -[is_a]-> GO:0070127
GO:0070153 -[occurs_in]-> GO:0005739
GO:0070154 -[is_a]-> GO:0006430
GO:0070154 -[is_a]-> GO:0070127
GO:0070154 -[occurs_in]-> GO:0005739
GO:0070155 -[is_a]-> GO:0006431
GO:0070155 -[is_a]-> GO:0070127
GO:0070155 -[occurs_in]-> GO:0005739
GO:0070156 -[is_a]-> GO:0006432
GO:0070156 -[is_a]-> GO:0070127
GO:0070156 -[occurs_in]-> GO:0005739
GO:0070157 -[is_a]-> GO:0006433
GO:0070157 -[is_a]-> GO:0070127
GO:0070157 -[occurs_in]-> GO:0005739
GO:0070158 -[is_a]-> GO:0006434
GO:0070158 -[is_a]-> GO:0070127
GO:0070158 -[occurs_in]-> GO:0005739
GO:0070159 -[is_a]-> GO:0006435
GO:0070159 -[is_a]-> GO:0070127
GO:0070159 -[occurs_in]-> GO:0005739
GO:0070160 -[is_a]-> GO:0005911
GO:0070161 -[is_a]-> GO:0030054
GO:0070162 -[is_a]-> GO:0009306
GO:0070162 -[is_a]-> GO:0060986
GO:0070163 -[is_a]-> GO:0044060
GO:0070163 -[is_a]-> GO:0046883
GO:0070163 -[is_a]-> GO:0050708
GO:0070163 -[regulates]-> GO:0070162
GO:0070164 -[is_a]-> GO:0046888
GO:0070164 -[is_a]-> GO:0050709
GO:0070164 -[is_a]-> GO:0051241
GO:0070164 -[is_a]-> GO:0070163
GO:0070164 -[negatively_regulates]-> GO:0070162
GO:0070165 -[is_a]-> GO:0046887
GO:0070165 -[is_a]-> GO:0050714
GO:0070165 -[is_a]-> GO:0051240
GO:0070165 -[is_a]-> GO:0070163
GO:0070165 -[positively_regulates]-> GO:0070162
GO:0070166 -[is_a]-> GO:0034505
GO:0070166 -[part_of]-> GO:0097186
GO:0070167 -[is_a]-> GO:2000026
GO:0070167 -[regulates]-> GO:0031214
GO:0070168 -[is_a]-> GO:0051093
GO:0070168 -[is_a]-> GO:0051241
GO:0070168 -[is_a]-> GO:0070167
GO:0070168 -[negatively_regulates]-> GO:0031214
GO:0070169 -[is_a]-> GO:0051094
GO:0070169 -[is_a]-> GO:0051240
GO:0070169 -[is_a]-> GO:0070167
GO:0070169 -[positively_regulates]-> GO:0031214
GO:0070170 -[is_a]-> GO:0042481
GO:0070170 -[is_a]-> GO:0070167
GO:0070170 -[regulates]-> GO:0034505
GO:0070171 -[is_a]-> GO:0042483
GO:0070171 -[is_a]-> GO:0070168
GO:0070171 -[is_a]-> GO:0070170
GO:0070171 -[negatively_regulates]-> GO:0034505
GO:0070172 -[is_a]-> GO:0042482
GO:0070172 -[is_a]-> GO:0070169
GO:0070172 -[is_a]-> GO:0070170
GO:0070172 -[positively_regulates]-> GO:0034505
GO:0070173 -[is_a]-> GO:0042487
GO:0070173 -[is_a]-> GO:0070170
GO:0070173 -[regulates]-> GO:0070166
GO:0070174 -[is_a]-> GO:0042489
GO:0070174 -[is_a]-> GO:0070171
GO:0070174 -[is_a]-> GO:0070173
GO:0070174 -[negatively_regulates]-> GO:0070166
GO:0070175 -[is_a]-> GO:0042488
GO:0070175 -[is_a]-> GO:0070172
GO:0070175 -[is_a]-> GO:0070173
GO:0070175 -[positively_regulates]-> GO:0070166
GO:0070176 -[is_a]-> GO:0090571
GO:0070177 -[is_a]-> GO:0016192
GO:0070177 -[is_a]-> GO:0032940
GO:0070178 -[is_a]-> GO:0009069
GO:0070179 -[is_a]-> GO:0009070
GO:0070179 -[is_a]-> GO:0070178
GO:0070180 -[is_a]-> GO:0019843
GO:0070181 -[is_a]-> GO:0019843
GO:0070182 -[is_a]-> GO:0019899
GO:0070183 -[is_a]-> GO:0006436
GO:0070183 -[is_a]-> GO:0070127
GO:0070183 -[occurs_in]-> GO:0005739
GO:0070184 -[is_a]-> GO:0006437
GO:0070184 -[is_a]-> GO:0070127
GO:0070184 -[occurs_in]-> GO:0005739
GO:0070185 -[is_a]-> GO:0006438
GO:0070185 -[is_a]-> GO:0070127
GO:0070185 -[occurs_in]-> GO:0005739
GO:0070186 -[is_a]-> GO:0005179
GO:0070187 -[is_a]-> GO:0000783
GO:0070189 -[is_a]-> GO:0042180
GO:0070189 -[is_a]-> GO:0042537
GO:0070189 -[is_a]-> GO:1901605
GO:0070191 -[is_a]-> GO:0016671
GO:0070192 -[is_a]-> GO:0051276
GO:0070192 -[is_a]-> GO:1903046
GO:0070192 -[part_of]-> GO:0051321
GO:0070193 -[is_a]-> GO:0051276
GO:0070194 -[is_a]-> GO:0022411
GO:0070194 -[is_a]-> GO:0070193
GO:0070194 -[is_a]-> GO:1902589
GO:0070195 -[is_a]-> GO:0043235
GO:0070196 -[is_a]-> GO:0043623
GO:0070197 -[is_a]-> GO:0097240
GO:0070197 -[is_a]-> GO:1903046
GO:0070197 -[part_of]-> GO:0044821
GO:0070198 -[is_a]-> GO:0034502
GO:0070199 -[is_a]-> GO:0072594
GO:0070199 -[part_of]-> GO:0034502
GO:0070200 -[is_a]-> GO:0070199
GO:0070200 -[part_of]-> GO:0070198
GO:0070201 -[is_a]-> GO:0032880
GO:0070201 -[regulates]-> GO:0045184
GO:0070202 -[is_a]-> GO:0070201
GO:0070202 -[is_a]-> GO:1903827
GO:0070202 -[regulates]-> GO:0070199
GO:0070203 -[is_a]-> GO:0070202
GO:0070203 -[is_a]-> GO:1904814
GO:0070203 -[regulates]-> GO:0070200
GO:0070204 -[is_a]-> GO:0016744
GO:0070205 -[is_a]-> GO:0016835
GO:0070206 -[is_a]-> GO:0051259
GO:0070207 -[is_a]-> GO:0051260
GO:0070207 -[is_a]-> GO:0070206
GO:0070208 -[is_a]-> GO:0051291
GO:0070208 -[is_a]-> GO:0070206
GO:0070209 -[is_a]-> GO:0000790
GO:0070209 -[is_a]-> GO:0043234
GO:0070210 -[is_a]-> GO:0000118
GO:0070210 -[is_a]-> GO:0044454
GO:0070210 -[part_of]-> GO:0000790
GO:0070211 -[is_a]-> GO:0000118
GO:0070211 -[is_a]-> GO:0000790
GO:0070212 -[is_a]-> GO:0006471
GO:0070213 -[is_a]-> GO:0006471
GO:0070214 -[is_a]-> GO:0043234
GO:0070214 -[is_a]-> GO:0044444
GO:0070214 -[part_of]-> GO:0031252
GO:0070217 -[is_a]-> GO:0043623
GO:0070218 -[is_a]-> GO:0055083
GO:0070218 -[is_a]-> GO:0072505
GO:0070219 -[is_a]-> GO:0030320
GO:0070219 -[is_a]-> GO:0070218
GO:0070219 -[is_a]-> GO:0072501
GO:0070220 -[is_a]-> GO:0019417
GO:0070221 -[is_a]-> GO:0019418
GO:0070222 -[is_a]-> GO:0019418
GO:0070223 -[is_a]-> GO:0019418
GO:0070224 -[is_a]-> GO:0016672
GO:0070225 -[is_a]-> GO:0016669
GO:0070226 -[is_a]-> GO:0016667
GO:0070227 -[is_a]-> GO:0071887
GO:0070228 -[is_a]-> GO:2000106
GO:0070228 -[regulates]-> GO:0070227
GO:0070229 -[is_a]-> GO:0070228
GO:0070229 -[is_a]-> GO:2000107
GO:0070229 -[negatively_regulates]-> GO:0070227
GO:0070230 -[is_a]-> GO:0070228
GO:0070230 -[is_a]-> GO:2000108
GO:0070230 -[positively_regulates]-> GO:0070227
GO:0070231 -[is_a]-> GO:0070227
GO:0070232 -[is_a]-> GO:0070228
GO:0070232 -[regulates]-> GO:0070231
GO:0070233 -[is_a]-> GO:0070229
GO:0070233 -[is_a]-> GO:0070232
GO:0070233 -[negatively_regulates]-> GO:0070231
GO:0070234 -[is_a]-> GO:0070230
GO:0070234 -[is_a]-> GO:0070232
GO:0070234 -[positively_regulates]-> GO:0070231
GO:0070235 -[is_a]-> GO:0002682
GO:0070235 -[is_a]-> GO:0032844
GO:0070235 -[is_a]-> GO:0070232
GO:0070235 -[regulates]-> GO:0006924
GO:0070236 -[is_a]-> GO:0002683
GO:0070236 -[is_a]-> GO:0032845
GO:0070236 -[is_a]-> GO:0070233
GO:0070236 -[is_a]-> GO:0070235
GO:0070236 -[negatively_regulates]-> GO:0006924
GO:0070237 -[is_a]-> GO:0002684
GO:0070237 -[is_a]-> GO:0032846
GO:0070237 -[is_a]-> GO:0070234
GO:0070237 -[is_a]-> GO:0070235
GO:0070237 -[positively_regulates]-> GO:0006924
GO:0070238 -[is_a]-> GO:0070231
GO:0070238 -[part_of]-> GO:0043029
GO:0070239 -[is_a]-> GO:0002682
GO:0070239 -[is_a]-> GO:0032844
GO:0070239 -[is_a]-> GO:0070232
GO:0070239 -[regulates]-> GO:0070238
GO:0070240 -[is_a]-> GO:0002683
GO:0070240 -[is_a]-> GO:0032845
GO:0070240 -[is_a]-> GO:0070233
GO:0070240 -[is_a]-> GO:0070239
GO:0070240 -[negatively_regulates]-> GO:0070238
GO:0070241 -[is_a]-> GO:0002684
GO:0070241 -[is_a]-> GO:0032846
GO:0070241 -[is_a]-> GO:0070234
GO:0070241 -[is_a]-> GO:0070239
GO:0070241 -[positively_regulates]-> GO:0070238
GO:0070242 -[is_a]-> GO:0070231
GO:0070243 -[is_a]-> GO:0070232
GO:0070243 -[regulates]-> GO:0070242
GO:0070244 -[is_a]-> GO:0070233
GO:0070244 -[is_a]-> GO:0070243
GO:0070244 -[negatively_regulates]-> GO:0070242
GO:0070245 -[is_a]-> GO:0070234
GO:0070245 -[is_a]-> GO:0070243
GO:0070245 -[positively_regulates]-> GO:0070242
GO:0070246 -[is_a]-> GO:0070227
GO:0070247 -[is_a]-> GO:0070228
GO:0070247 -[regulates]-> GO:0070246
GO:0070248 -[is_a]-> GO:0070229
GO:0070248 -[is_a]-> GO:0070247
GO:0070248 -[negatively_regulates]-> GO:0070246
GO:0070249 -[is_a]-> GO:0070230
GO:0070249 -[is_a]-> GO:0070247
GO:0070249 -[positively_regulates]-> GO:0070246
GO:0070250 -[is_a]-> GO:0031253
GO:0070250 -[part_of]-> GO:0005937
GO:0070251 -[is_a]-> GO:0016878
GO:0070252 -[is_a]-> GO:0030048
GO:0070253 -[is_a]-> GO:0030072
GO:0070254 -[is_a]-> GO:0007589
GO:0070254 -[is_a]-> GO:0032941
GO:0070255 -[is_a]-> GO:0050878
GO:0070255 -[is_a]-> GO:0051046
GO:0070255 -[is_a]-> GO:0051239
GO:0070255 -[regulates]-> GO:0070254
GO:0070256 -[is_a]-> GO:0051048
GO:0070256 -[is_a]-> GO:0051241
GO:0070256 -[is_a]-> GO:0070255
GO:0070256 -[negatively_regulates]-> GO:0070254
GO:0070257 -[is_a]-> GO:0051047
GO:0070257 -[is_a]-> GO:0051240
GO:0070257 -[is_a]-> GO:0070255
GO:0070257 -[positively_regulates]-> GO:0070254
GO:0070258 -[is_a]-> GO:0044464
GO:0070258 -[part_of]-> GO:0020039
GO:0070259 -[is_a]-> GO:0008081
GO:0070260 -[is_a]-> GO:0070259
GO:0070262 -[is_a]-> GO:0006470
GO:0070263 -[is_a]-> GO:0010339
GO:0070263 -[part_of]-> GO:0009277
GO:0070264 -[is_a]-> GO:0044451
GO:0070264 -[is_a]-> GO:0090576
GO:0070264 -[part_of]-> GO:0016591
GO:0070265 -[is_a]-> GO:0008219
GO:0070266 -[is_a]-> GO:0097300
GO:0070267 -[is_a]-> GO:0045793
GO:0070267 -[part_of]-> GO:0070265
GO:0070268 -[is_a]-> GO:0012501
GO:0070268 -[has_part]-> GO:1903575
GO:0070268 -[part_of]-> GO:0031424
GO:0070269 -[is_a]-> GO:0012501
GO:0070271 -[is_a]-> GO:0044085
GO:0070272 -[is_a]-> GO:0070271
GO:0070273 -[is_a]-> GO:1901981
GO:0070274 -[is_a]-> GO:0043234
GO:0070274 -[is_a]-> GO:0044428
GO:0070275 -[is_a]-> GO:0019329
GO:0070276 -[is_a]-> GO:0044281
GO:0070277 -[is_a]-> GO:0055114
GO:0070277 -[is_a]-> GO:0070276
GO:0070278 -[is_a]-> GO:0032940
GO:0070278 -[part_of]-> GO:0030198
GO:0070279 -[is_a]-> GO:0019842
GO:0070279 -[is_a]-> GO:0097159
GO:0070279 -[is_a]-> GO:1901363
GO:0070280 -[is_a]-> GO:0070279
GO:0070281 -[is_a]-> GO:0070279
GO:0070282 -[is_a]-> GO:0070279
GO:0070283 -[is_a]-> GO:0003824
GO:0070284 -[is_a]-> GO:0016853
GO:0070284 -[is_a]-> GO:0070283
GO:0070285 -[is_a]-> GO:0048468
GO:0070285 -[part_of]-> GO:0050931
GO:0070286 -[is_a]-> GO:0043623
GO:0070286 -[part_of]-> GO:0035082
GO:0070287 -[is_a]-> GO:0038024
GO:0070288 -[is_a]-> GO:0043234
GO:0070289 -[is_a]-> GO:0044421
GO:0070289 -[is_a]-> GO:0070288
GO:0070290 -[is_a]-> GO:0004620
GO:0070290 -[is_a]-> GO:0008081
GO:0070291 -[is_a]-> GO:0034308
GO:0070291 -[is_a]-> GO:0042439
GO:0070292 -[is_a]-> GO:0043603
GO:0070292 -[is_a]-> GO:0046337
GO:0070292 -[is_a]-> GO:1901564
GO:0070293 -[is_a]-> GO:0003014
GO:0070294 -[is_a]-> GO:0003096
GO:0070294 -[is_a]-> GO:0070293
GO:0070295 -[is_a]-> GO:0003097
GO:0070295 -[is_a]-> GO:0070293
GO:0070296 -[is_a]-> GO:0006816
GO:0070297 -[is_a]-> GO:1902531
GO:0070297 -[regulates]-> GO:0000160
GO:0070298 -[is_a]-> GO:0070297
GO:0070298 -[is_a]-> GO:1902532
GO:0070298 -[negatively_regulates]-> GO:0000160
GO:0070299 -[is_a]-> GO:0070297
GO:0070299 -[is_a]-> GO:1902533
GO:0070299 -[positively_regulates]-> GO:0000160
GO:0070300 -[is_a]-> GO:0043168
GO:0070301 -[is_a]-> GO:0034614
GO:0070301 -[is_a]-> GO:0042542
GO:0070302 -[is_a]-> GO:0080135
GO:0070302 -[is_a]-> GO:1902531
GO:0070302 -[regulates]-> GO:0031098
GO:0070303 -[is_a]-> GO:0070302
GO:0070303 -[is_a]-> GO:1902532
GO:0070303 -[negatively_regulates]-> GO:0031098
GO:0070304 -[is_a]-> GO:0070302
GO:0070304 -[is_a]-> GO:1902533
GO:0070304 -[positively_regulates]-> GO:0031098
GO:0070305 -[is_a]-> GO:0014074
GO:0070305 -[is_a]-> GO:0046683
GO:0070305 -[is_a]-> GO:1901700
GO:0070306 -[is_a]-> GO:0030855
GO:0070306 -[part_of]-> GO:0002088
GO:0070307 -[is_a]-> GO:0002064
GO:0070307 -[part_of]-> GO:0070306
GO:0070308 -[is_a]-> GO:0045165
GO:0070308 -[part_of]-> GO:0070306
GO:0070309 -[is_a]-> GO:0000904
GO:0070309 -[part_of]-> GO:0002089
GO:0070309 -[part_of]-> GO:0070307
GO:0070310 -[is_a]-> GO:0043234
GO:0070310 -[is_a]-> GO:0044428
GO:0070311 -[is_a]-> GO:0035097
GO:0070312 -[is_a]-> GO:0000109
GO:0070313 -[is_a]-> GO:0043234
GO:0070313 -[is_a]-> GO:0044428
GO:0070314 -[is_a]-> GO:0022402
GO:0070315 -[is_a]-> GO:0070314
GO:0070315 -[part_of]-> GO:0030154
GO:0070316 -[is_a]-> GO:0010564
GO:0070316 -[regulates]-> GO:0045023
GO:0070317 -[is_a]-> GO:0010948
GO:0070317 -[is_a]-> GO:0070316
GO:0070317 -[negatively_regulates]-> GO:0045023
GO:0070318 -[is_a]-> GO:0070316
GO:0070318 -[is_a]-> GO:0090068
GO:0070318 -[positively_regulates]-> GO:0045023
GO:0070319 -[is_a]-> GO:0070382
GO:0070320 -[is_a]-> GO:0019870
GO:0070321 -[is_a]-> GO:0006995
GO:0070321 -[is_a]-> GO:0043555
GO:0070322 -[is_a]-> GO:0032055
GO:0070322 -[is_a]-> GO:0070321
GO:0070323 -[is_a]-> GO:0032056
GO:0070323 -[is_a]-> GO:0070321
GO:0070324 -[is_a]-> GO:0042562
GO:0070325 -[is_a]-> GO:0005102
GO:0070326 -[is_a]-> GO:0070325
GO:0070327 -[is_a]-> GO:0009914
GO:0070327 -[is_a]-> GO:0072337
GO:0070328 -[is_a]-> GO:0055090
GO:0070329 -[is_a]-> GO:0001887
GO:0070329 -[is_a]-> GO:0006400
GO:0070330 -[is_a]-> GO:0016712
GO:0070331 -[is_a]-> GO:0043234
GO:0070331 -[is_a]-> GO:0044464
GO:0070332 -[is_a]-> GO:0043234
GO:0070332 -[is_a]-> GO:0044464
GO:0070333 -[is_a]-> GO:0098797
GO:0070334 -[is_a]-> GO:0098797
GO:0070335 -[is_a]-> GO:0016597
GO:0070336 -[is_a]-> GO:0043566
GO:0070337 -[is_a]-> GO:0070336
GO:0070338 -[is_a]-> GO:0070336
GO:0070339 -[is_a]-> GO:0032493
GO:0070340 -[is_a]-> GO:0042494
GO:0070340 -[is_a]-> GO:0070339
GO:0070341 -[is_a]-> GO:0008283
GO:0070342 -[is_a]-> GO:0070341
GO:0070343 -[is_a]-> GO:0070341
GO:0070344 -[is_a]-> GO:0042127
GO:0070344 -[regulates]-> GO:0070341
GO:0070345 -[is_a]-> GO:0008285
GO:0070345 -[is_a]-> GO:0070344
GO:0070345 -[negatively_regulates]-> GO:0070341
GO:0070346 -[is_a]-> GO:0008284
GO:0070346 -[is_a]-> GO:0070344
GO:0070346 -[positively_regulates]-> GO:0070341
GO:0070347 -[is_a]-> GO:0070344
GO:0070347 -[regulates]-> GO:0070342
GO:0070348 -[is_a]-> GO:0070345
GO:0070348 -[is_a]-> GO:0070347
GO:0070348 -[negatively_regulates]-> GO:0070342
GO:0070349 -[is_a]-> GO:0070346
GO:0070349 -[is_a]-> GO:0070347
GO:0070349 -[positively_regulates]-> GO:0070342
GO:0070350 -[is_a]-> GO:0070344
GO:0070350 -[regulates]-> GO:0070343
GO:0070351 -[is_a]-> GO:0070345
GO:0070351 -[is_a]-> GO:0070350
GO:0070351 -[negatively_regulates]-> GO:0070343
GO:0070352 -[is_a]-> GO:0070346
GO:0070352 -[is_a]-> GO:0070350
GO:0070352 -[positively_regulates]-> GO:0070343
GO:0070353 -[is_a]-> GO:0043234
GO:0070353 -[is_a]-> GO:0044428
GO:0070354 -[is_a]-> GO:0043234
GO:0070354 -[is_a]-> GO:0044428
GO:0070355 -[is_a]-> GO:0031201
GO:0070356 -[is_a]-> GO:0031201
GO:0070357 -[is_a]-> GO:0098797
GO:0070358 -[is_a]-> GO:0048870
GO:0070359 -[is_a]-> GO:0070358
GO:0070359 -[part_of]-> GO:0070360
GO:0070360 -[is_a]-> GO:0044001
GO:0070361 -[is_a]-> GO:0044212
GO:0070362 -[is_a]-> GO:0044212
GO:0070363 -[is_a]-> GO:0044212
GO:0070364 -[is_a]-> GO:0044212
GO:0070365 -[is_a]-> GO:0030855
GO:0070365 -[part_of]-> GO:0001889
GO:0070366 -[is_a]-> GO:0030856
GO:0070366 -[regulates]-> GO:0070365
GO:0070367 -[is_a]-> GO:0030857
GO:0070367 -[is_a]-> GO:0051241
GO:0070367 -[is_a]-> GO:0070366
GO:0070367 -[negatively_regulates]-> GO:0070365
GO:0070368 -[is_a]-> GO:0030858
GO:0070368 -[is_a]-> GO:0051240
GO:0070368 -[is_a]-> GO:0070366
GO:0070368 -[positively_regulates]-> GO:0070365
GO:0070369 -[is_a]-> GO:0071664
GO:0070369 -[is_a]-> GO:1990907
GO:0070370 -[is_a]-> GO:0010286
GO:0070370 -[is_a]-> GO:0034605
GO:0070371 -[is_a]-> GO:0000165
GO:0070372 -[is_a]-> GO:0043408
GO:0070372 -[regulates]-> GO:0070371
GO:0070373 -[is_a]-> GO:0043409
GO:0070373 -[is_a]-> GO:0070372
GO:0070373 -[negatively_regulates]-> GO:0070371
GO:0070374 -[is_a]-> GO:0043410
GO:0070374 -[is_a]-> GO:0070372
GO:0070374 -[positively_regulates]-> GO:0070371
GO:0070375 -[is_a]-> GO:0000165
GO:0070376 -[is_a]-> GO:0043408
GO:0070376 -[regulates]-> GO:0070375
GO:0070377 -[is_a]-> GO:0043409
GO:0070377 -[is_a]-> GO:0070376
GO:0070377 -[negatively_regulates]-> GO:0070375
GO:0070378 -[is_a]-> GO:0043410
GO:0070378 -[is_a]-> GO:0070376
GO:0070378 -[positively_regulates]-> GO:0070375
GO:0070379 -[is_a]-> GO:0019955
GO:0070380 -[is_a]-> GO:0004896
GO:0070380 -[has_part]-> GO:0070379
GO:0070381 -[is_a]-> GO:0070382
GO:0070382 -[is_a]-> GO:0030133
GO:0070382 -[is_a]-> GO:0099503
GO:0070383 -[is_a]-> GO:0045006
GO:0070384 -[is_a]-> GO:0048732
GO:0070385 -[is_a]-> GO:0043234
GO:0070385 -[is_a]-> GO:0044432
GO:0070386 -[is_a]-> GO:0016222
GO:0070387 -[is_a]-> GO:0016222
GO:0070388 -[is_a]-> GO:0016222
GO:0070389 -[is_a]-> GO:0042026
GO:0070389 -[is_a]-> GO:0061077
GO:0070390 -[is_a]-> GO:0043234
GO:0070390 -[is_a]-> GO:0044428
GO:0070391 -[is_a]-> GO:0002237
GO:0070391 -[is_a]-> GO:1901700
GO:0070392 -[is_a]-> GO:0032490
GO:0070392 -[is_a]-> GO:0070391
GO:0070393 -[is_a]-> GO:0009057
GO:0070393 -[is_a]-> GO:0046374
GO:0070393 -[is_a]-> GO:1901136
GO:0070394 -[is_a]-> GO:0046374
GO:0070395 -[is_a]-> GO:0019350
GO:0070395 -[is_a]-> GO:0070394
GO:0070396 -[is_a]-> GO:0070393
GO:0070396 -[is_a]-> GO:0070394
GO:0070397 -[is_a]-> GO:0046374
GO:0070398 -[is_a]-> GO:0019350
GO:0070398 -[is_a]-> GO:0070397
GO:0070399 -[is_a]-> GO:0070397
GO:0070400 -[is_a]-> GO:0019350
GO:0070401 -[is_a]-> GO:0050661
GO:0070402 -[is_a]-> GO:0050661
GO:0070403 -[is_a]-> GO:0051287
GO:0070404 -[is_a]-> GO:0051287
GO:0070405 -[is_a]-> GO:0043169
GO:0070406 -[is_a]-> GO:0016597
GO:0070407 -[is_a]-> GO:0019941
GO:0070408 -[is_a]-> GO:0006796
GO:0070408 -[is_a]-> GO:0019637
GO:0070408 -[is_a]-> GO:0034641
GO:0070409 -[is_a]-> GO:0044271
GO:0070409 -[is_a]-> GO:0070408
GO:0070409 -[is_a]-> GO:0090407
GO:0070410 -[is_a]-> GO:0046332
GO:0070411 -[is_a]-> GO:0046332
GO:0070412 -[is_a]-> GO:0046332
GO:0070413 -[is_a]-> GO:0005991
GO:0070413 -[part_of]-> GO:0006950
GO:0070413 -[part_of]-> GO:0033554
GO:0070414 -[is_a]-> GO:0070413
GO:0070414 -[part_of]-> GO:0034605
GO:0070415 -[is_a]-> GO:0070413
GO:0070415 -[is_a]-> GO:0070417
GO:0070416 -[is_a]-> GO:0070413
GO:0070416 -[part_of]-> GO:0009414
GO:0070417 -[is_a]-> GO:0009409
GO:0070417 -[is_a]-> GO:0033554
GO:0070418 -[is_a]-> GO:0044428
GO:0070418 -[is_a]-> GO:1902554
GO:0070419 -[is_a]-> GO:0043234
GO:0070419 -[is_a]-> GO:0044424
GO:0070419 -[is_a]-> GO:1990391
GO:0070420 -[is_a]-> GO:0070419
GO:0070421 -[is_a]-> GO:0043234
GO:0070421 -[is_a]-> GO:0044428
GO:0070422 -[is_a]-> GO:0043234
GO:0070422 -[is_a]-> GO:0044444
GO:0070423 -[is_a]-> GO:0002753
GO:0070423 -[is_a]-> GO:0035872
GO:0070424 -[is_a]-> GO:0045088
GO:0070424 -[is_a]-> GO:1902531
GO:0070424 -[regulates]-> GO:0070423
GO:0070425 -[is_a]-> GO:0002683
GO:0070425 -[is_a]-> GO:0070424
GO:0070425 -[is_a]-> GO:1902532
GO:0070425 -[negatively_regulates]-> GO:0070423
GO:0070426 -[is_a]-> GO:0002684
GO:0070426 -[is_a]-> GO:0070424
GO:0070426 -[is_a]-> GO:1902533
GO:0070426 -[positively_regulates]-> GO:0070423
GO:0070427 -[is_a]-> GO:0070423
GO:0070428 -[is_a]-> GO:0070424
GO:0070428 -[regulates]-> GO:0070427
GO:0070429 -[is_a]-> GO:0070425
GO:0070429 -[is_a]-> GO:0070428
GO:0070429 -[negatively_regulates]-> GO:0070427
GO:0070430 -[is_a]-> GO:0070426
GO:0070430 -[is_a]-> GO:0070428
GO:0070430 -[positively_regulates]-> GO:0070427
GO:0070431 -[is_a]-> GO:0070423
GO:0070432 -[is_a]-> GO:0070424
GO:0070432 -[regulates]-> GO:0070431
GO:0070433 -[is_a]-> GO:0070425
GO:0070433 -[is_a]-> GO:0070432
GO:0070433 -[negatively_regulates]-> GO:0070431
GO:0070434 -[is_a]-> GO:0070426
GO:0070434 -[is_a]-> GO:0070432
GO:0070434 -[positively_regulates]-> GO:0070431
GO:0070435 -[is_a]-> GO:0098797
GO:0070436 -[is_a]-> GO:0098797
GO:0070437 -[is_a]-> GO:0098797
GO:0070439 -[is_a]-> GO:0090571
GO:0070440 -[is_a]-> GO:0090571
GO:0070441 -[is_a]-> GO:0043234
GO:0070441 -[is_a]-> GO:0044444
GO:0070442 -[is_a]-> GO:0008305
GO:0070443 -[is_a]-> GO:0090571
GO:0070444 -[is_a]-> GO:0061351
GO:0070444 -[part_of]-> GO:0042063
GO:0070445 -[is_a]-> GO:0014013
GO:0070445 -[is_a]-> GO:2000177
GO:0070445 -[regulates]-> GO:0070444
GO:0070446 -[is_a]-> GO:0014014
GO:0070446 -[is_a]-> GO:0070445
GO:0070446 -[is_a]-> GO:2000178
GO:0070446 -[negatively_regulates]-> GO:0070444
GO:0070447 -[is_a]-> GO:0014015
GO:0070447 -[is_a]-> GO:0070445
GO:0070447 -[is_a]-> GO:2000179
GO:0070447 -[positively_regulates]-> GO:0070444
GO:0070448 -[is_a]-> GO:0008171
GO:0070448 -[is_a]-> GO:0008757
GO:0070449 -[is_a]-> GO:0008023
GO:0070450 -[is_a]-> GO:0098797
GO:0070451 -[is_a]-> GO:0042995
GO:0070452 -[is_a]-> GO:0010893
GO:0070452 -[is_a]-> GO:0031328
GO:0070452 -[is_a]-> GO:0032443
GO:0070452 -[is_a]-> GO:1902932
GO:0070452 -[positively_regulates]-> GO:0006696
GO:0070453 -[is_a]-> GO:0051193
GO:0070453 -[is_a]-> GO:1901463
GO:0070453 -[regulates]-> GO:0006783
GO:0070454 -[is_a]-> GO:0051195
GO:0070454 -[is_a]-> GO:0070453
GO:0070454 -[is_a]-> GO:1901464
GO:0070454 -[negatively_regulates]-> GO:0006783
GO:0070455 -[is_a]-> GO:0051194
GO:0070455 -[is_a]-> GO:0070453
GO:0070455 -[is_a]-> GO:1901465
GO:0070455 -[positively_regulates]-> GO:0006783
GO:0070456 -[is_a]-> GO:0050308
GO:0070457 -[is_a]-> GO:0070456
GO:0070458 -[is_a]-> GO:0051410
GO:0070458 -[is_a]-> GO:1990748
GO:0070458 -[part_of]-> GO:0033554
GO:0070459 -[is_a]-> GO:0009306
GO:0070459 -[is_a]-> GO:0030072
GO:0070460 -[is_a]-> GO:0030072
GO:0070461 -[is_a]-> GO:0000123
GO:0070461 -[is_a]-> GO:0043234
GO:0070462 -[is_a]-> GO:0007019
GO:0070463 -[is_a]-> GO:0042623
GO:0070464 -[is_a]-> GO:0098797
GO:0070465 -[is_a]-> GO:0098797
GO:0070466 -[is_a]-> GO:0098797
GO:0070467 -[is_a]-> GO:0043234
GO:0070467 -[is_a]-> GO:0044428
GO:0070468 -[is_a]-> GO:0070278
GO:0070468 -[part_of]-> GO:0042475
GO:0070469 -[is_a]-> GO:0044425
GO:0070470 -[is_a]-> GO:0044459
GO:0070470 -[is_a]-> GO:0070469
GO:0070471 -[is_a]-> GO:0006939
GO:0070472 -[is_a]-> GO:0006940
GO:0070472 -[regulates]-> GO:0070471
GO:0070473 -[is_a]-> GO:0045986
GO:0070473 -[is_a]-> GO:0070472
GO:0070473 -[negatively_regulates]-> GO:0070471
GO:0070474 -[is_a]-> GO:0045987
GO:0070474 -[is_a]-> GO:0070472
GO:0070474 -[positively_regulates]-> GO:0070471
GO:0070475 -[is_a]-> GO:0031167
GO:0070476 -[is_a]-> GO:0036265
GO:0070476 -[is_a]-> GO:0070475
GO:0070477 -[is_a]-> GO:0044424
GO:0070478 -[is_a]-> GO:0000184
GO:0070478 -[is_a]-> GO:0034427
GO:0070478 -[is_a]-> GO:0043928
GO:0070479 -[is_a]-> GO:0000184
GO:0070479 -[is_a]-> GO:0034428
GO:0070479 -[is_a]-> GO:0070480
GO:0070480 -[is_a]-> GO:0000291
GO:0070480 -[part_of]-> GO:0031086
GO:0070481 -[is_a]-> GO:0000956
GO:0070482 -[is_a]-> GO:0009628
GO:0070483 -[is_a]-> GO:0001666
GO:0070483 -[is_a]-> GO:0003032
GO:0070484 -[is_a]-> GO:1901334
GO:0070485 -[is_a]-> GO:0070484
GO:0070485 -[is_a]-> GO:1901336
GO:0070486 -[is_a]-> GO:0007159
GO:0070487 -[is_a]-> GO:0070486
GO:0070488 -[is_a]-> GO:0070486
GO:0070489 -[is_a]-> GO:0045321
GO:0070489 -[is_a]-> GO:0071593
GO:0070490 -[is_a]-> GO:0018205
GO:0070490 -[is_a]-> GO:0032446
GO:0070491 -[is_a]-> GO:0008134
GO:0070492 -[is_a]-> GO:0030246
GO:0070493 -[is_a]-> GO:0007186
GO:0070494 -[is_a]-> GO:0008277
GO:0070494 -[regulates]-> GO:0070493
GO:0070495 -[is_a]-> GO:0045744
GO:0070495 -[is_a]-> GO:0070494
GO:0070495 -[negatively_regulates]-> GO:0070493
GO:0070496 -[is_a]-> GO:0045745
GO:0070496 -[is_a]-> GO:0070494
GO:0070496 -[positively_regulates]-> GO:0070493
GO:0070497 -[is_a]-> GO:0016836
GO:0070498 -[is_a]-> GO:0019221
GO:0070498 -[part_of]-> GO:0071347
GO:0070499 -[is_a]-> GO:0022607
GO:0070499 -[is_a]-> GO:0045229
GO:0070500 -[is_a]-> GO:0044260
GO:0070501 -[is_a]-> GO:0034645
GO:0070501 -[is_a]-> GO:0070500
GO:0070502 -[is_a]-> GO:0045230
GO:0070502 -[is_a]-> GO:0070501
GO:0070503 -[is_a]-> GO:0001887
GO:0070503 -[is_a]-> GO:0051189
GO:0070504 -[is_a]-> GO:0051191
GO:0070504 -[is_a]-> GO:0070503
GO:0070505 -[is_a]-> GO:0044420
GO:0070506 -[is_a]-> GO:0030228
GO:0070506 -[has_part]-> GO:0008035
GO:0070507 -[is_a]-> GO:0032886
GO:0070507 -[is_a]-> GO:0051493
GO:0070507 -[regulates]-> GO:0000226
GO:0070508 -[is_a]-> GO:0030301
GO:0070508 -[is_a]-> GO:0035376
GO:0070509 -[is_a]-> GO:0006816
GO:0070510 -[is_a]-> GO:0031060
GO:0070510 -[regulates]-> GO:0034770
GO:0070511 -[is_a]-> GO:0031061
GO:0070511 -[is_a]-> GO:0070510
GO:0070511 -[negatively_regulates]-> GO:0034770
GO:0070512 -[is_a]-> GO:0031062
GO:0070512 -[is_a]-> GO:0070510
GO:0070512 -[positively_regulates]-> GO:0034770
GO:0070513 -[is_a]-> GO:0019904
GO:0070514 -[is_a]-> GO:0090575
GO:0070515 -[is_a]-> GO:0098797
GO:0070516 -[is_a]-> GO:0043234
GO:0070516 -[is_a]-> GO:0044428
GO:0070517 -[is_a]-> GO:0043234
GO:0070517 -[is_a]-> GO:0044454
GO:0070517 -[part_of]-> GO:0043599
GO:0070518 -[is_a]-> GO:0098797
GO:0070519 -[is_a]-> GO:0098797
GO:0070520 -[is_a]-> GO:0098797
GO:0070521 -[is_a]-> GO:0098797
GO:0070522 -[is_a]-> GO:0000109
GO:0070523 -[is_a]-> GO:0033764
GO:0070524 -[is_a]-> GO:0033764
GO:0070525 -[is_a]-> GO:0016070
GO:0070527 -[is_a]-> GO:0034109
GO:0070527 -[part_of]-> GO:0030168
GO:0070528 -[is_a]-> GO:0035556
GO:0070529 -[is_a]-> GO:0008483
GO:0070530 -[is_a]-> GO:0031593
GO:0070531 -[is_a]-> GO:0043234
GO:0070531 -[is_a]-> GO:0044428
GO:0070532 -[is_a]-> GO:0043234
GO:0070532 -[is_a]-> GO:0044428
GO:0070533 -[is_a]-> GO:0043234
GO:0070533 -[is_a]-> GO:0044428
GO:0070534 -[is_a]-> GO:0000209
GO:0070535 -[is_a]-> GO:0033522
GO:0070535 -[is_a]-> GO:0070534
GO:0070536 -[is_a]-> GO:0016579
GO:0070537 -[is_a]-> GO:0016578
GO:0070537 -[is_a]-> GO:0070536
GO:0070538 -[is_a]-> GO:0005504
GO:0070539 -[is_a]-> GO:0036041
GO:0070540 -[is_a]-> GO:0008289
GO:0070540 -[is_a]-> GO:0043177
GO:0070541 -[is_a]-> GO:0010038
GO:0070542 -[is_a]-> GO:0001101
GO:0070542 -[is_a]-> GO:0033993
GO:0070542 -[is_a]-> GO:1901700
GO:0070543 -[is_a]-> GO:0033993
GO:0070543 -[is_a]-> GO:1901700
GO:0070544 -[is_a]-> GO:0070076
GO:0070545 -[is_a]-> GO:0043234
GO:0070545 -[is_a]-> GO:0044452
GO:0070545 -[part_of]-> GO:0030686
GO:0070546 -[is_a]-> GO:0008483
GO:0070547 -[is_a]-> GO:0008483
GO:0070548 -[is_a]-> GO:0008483
GO:0070549 -[is_a]-> GO:0040033
GO:0070549 -[part_of]-> GO:0016246
GO:0070550 -[is_a]-> GO:0006323
GO:0070550 -[part_of]-> GO:0030261
GO:0070551 -[is_a]-> GO:0016891
GO:0070552 -[is_a]-> GO:0043234
GO:0070552 -[is_a]-> GO:0044428
GO:0070553 -[is_a]-> GO:0004930
GO:0070554 -[is_a]-> GO:0031201
GO:0070555 -[is_a]-> GO:0034097
GO:0070556 -[is_a]-> GO:0005669
GO:0070557 -[is_a]-> GO:0043234
GO:0070557 -[is_a]-> GO:0044428
GO:0070558 -[is_a]-> GO:0098797
GO:0070559 -[is_a]-> GO:0043234
GO:0070559 -[is_a]-> GO:0044437
GO:0070559 -[part_of]-> GO:0005764
GO:0070560 -[is_a]-> GO:0009306
GO:0070560 -[part_of]-> GO:0002576
GO:0070561 -[is_a]-> GO:0030522
GO:0070561 -[part_of]-> GO:0071305
GO:0070562 -[is_a]-> GO:0009966
GO:0070562 -[is_a]-> GO:0032107
GO:0070562 -[regulates]-> GO:0070561
GO:0070563 -[is_a]-> GO:0009968
GO:0070563 -[is_a]-> GO:0032108
GO:0070563 -[is_a]-> GO:0070562
GO:0070563 -[negatively_regulates]-> GO:0070561
GO:0070564 -[is_a]-> GO:0009967
GO:0070564 -[is_a]-> GO:0032109
GO:0070564 -[is_a]-> GO:0070562
GO:0070564 -[positively_regulates]-> GO:0070561
GO:0070565 -[is_a]-> GO:0032993
GO:0070565 -[is_a]-> GO:0044427
GO:0070565 -[part_of]-> GO:0000781
GO:0070566 -[is_a]-> GO:0016779
GO:0070567 -[is_a]-> GO:0016779
GO:0070568 -[is_a]-> GO:0016779
GO:0070569 -[is_a]-> GO:0016779
GO:0070570 -[is_a]-> GO:0010975
GO:0070570 -[is_a]-> GO:0080135
GO:0070570 -[regulates]-> GO:0031102
GO:0070571 -[is_a]-> GO:0010977
GO:0070571 -[is_a]-> GO:0048585
GO:0070571 -[is_a]-> GO:0070570
GO:0070571 -[negatively_regulates]-> GO:0031102
GO:0070572 -[is_a]-> GO:0010976
GO:0070572 -[is_a]-> GO:0048584
GO:0070572 -[is_a]-> GO:0070570
GO:0070572 -[positively_regulates]-> GO:0031102
GO:0070573 -[is_a]-> GO:0008235
GO:0070573 -[is_a]-> GO:0016805
GO:0070574 -[is_a]-> GO:0015691
GO:0070574 -[is_a]-> GO:0098662
GO:0070575 -[is_a]-> GO:0007323
GO:0070575 -[part_of]-> GO:0000762
GO:0070576 -[is_a]-> GO:0016491
GO:0070577 -[is_a]-> GO:0042393
GO:0070578 -[is_a]-> GO:0030529
GO:0070578 -[is_a]-> GO:1902555
GO:0070579 -[is_a]-> GO:0016706
GO:0070580 -[is_a]-> GO:0006304
GO:0070581 -[is_a]-> GO:0006261
GO:0070582 -[is_a]-> GO:0006261
GO:0070583 -[is_a]-> GO:0044702
GO:0070583 -[is_a]-> GO:0044802
GO:0070583 -[is_a]-> GO:1903046
GO:0070583 -[part_of]-> GO:0032120
GO:0070584 -[is_a]-> GO:0007005
GO:0070584 -[is_a]-> GO:0032990
GO:0070584 -[is_a]-> GO:1902589
GO:0070585 -[is_a]-> GO:0033365
GO:0070586 -[is_a]-> GO:0016337
GO:0070586 -[is_a]-> GO:0098742
GO:0070586 -[part_of]-> GO:0007369
GO:0070587 -[is_a]-> GO:0010470
GO:0070587 -[is_a]-> GO:0022407
GO:0070587 -[regulates]-> GO:0070586
GO:0070588 -[is_a]-> GO:0006816
GO:0070588 -[is_a]-> GO:0098662
GO:0070589 -[is_a]-> GO:0034645
GO:0070589 -[part_of]-> GO:0044085
GO:0070590 -[is_a]-> GO:0042546
GO:0070590 -[part_of]-> GO:0030435
GO:0070591 -[is_a]-> GO:0009272
GO:0070591 -[is_a]-> GO:0070590
GO:0070591 -[is_a]-> GO:1903046
GO:0070591 -[part_of]-> GO:0030437
GO:0070592 -[is_a]-> GO:0010383
GO:0070592 -[is_a]-> GO:0033692
GO:0070592 -[is_a]-> GO:0044038
GO:0070593 -[is_a]-> GO:0008038
GO:0070594 -[is_a]-> GO:0044212
GO:0070595 -[is_a]-> GO:0030978
GO:0070596 -[is_a]-> GO:0030979
GO:0070596 -[is_a]-> GO:0070595
GO:0070597 -[is_a]-> GO:0070595
GO:0070598 -[is_a]-> GO:0070592
GO:0070598 -[is_a]-> GO:0070596
GO:0070598 -[is_a]-> GO:0070597
GO:0070599 -[is_a]-> GO:0070597
GO:0070600 -[is_a]-> GO:0070598
GO:0070600 -[is_a]-> GO:0070599
GO:0070601 -[is_a]-> GO:0007062
GO:0070602 -[is_a]-> GO:0007063
GO:0070602 -[regulates]-> GO:0070601
GO:0070603 -[is_a]-> GO:0043234
GO:0070603 -[is_a]-> GO:0044428
GO:0070604 -[is_a]-> GO:0090544
GO:0070605 -[is_a]-> GO:0032948
GO:0070605 -[regulates]-> GO:0070595
GO:0070606 -[is_a]-> GO:0032949
GO:0070606 -[is_a]-> GO:0070605
GO:0070606 -[regulates]-> GO:0070596
GO:0070607 -[is_a]-> GO:0070605
GO:0070607 -[regulates]-> GO:0070597
GO:0070608 -[is_a]-> GO:0010981
GO:0070608 -[is_a]-> GO:0044087
GO:0070608 -[is_a]-> GO:0070606
GO:0070608 -[is_a]-> GO:0070607
GO:0070608 -[regulates]-> GO:0070598
GO:0070609 -[is_a]-> GO:0070607
GO:0070609 -[regulates]-> GO:0070599
GO:0070610 -[is_a]-> GO:0070608
GO:0070610 -[is_a]-> GO:0070609
GO:0070610 -[regulates]-> GO:0070600
GO:0070611 -[is_a]-> GO:0008469
GO:0070611 -[part_of]-> GO:0034970
GO:0070612 -[is_a]-> GO:0008469
GO:0070613 -[is_a]-> GO:0030162
GO:0070613 -[is_a]-> GO:1903317
GO:0070613 -[regulates]-> GO:0016485
GO:0070614 -[is_a]-> GO:0015698
GO:0070615 -[is_a]-> GO:0042623
GO:0070616 -[is_a]-> GO:0019220
GO:0070616 -[is_a]-> GO:0030656
GO:0070616 -[is_a]-> GO:0031326
GO:0070616 -[is_a]-> GO:0051171
GO:0070616 -[is_a]-> GO:0051196
GO:0070616 -[regulates]-> GO:0009229
GO:0070617 -[is_a]-> GO:0031327
GO:0070617 -[is_a]-> GO:0045936
GO:0070617 -[is_a]-> GO:0046137
GO:0070617 -[is_a]-> GO:0051172
GO:0070617 -[is_a]-> GO:0051198
GO:0070617 -[is_a]-> GO:0070616
GO:0070617 -[negatively_regulates]-> GO:0009229
GO:0070618 -[is_a]-> GO:0098797
GO:0070619 -[is_a]-> GO:0098797
GO:0070620 -[is_a]-> GO:0098797
GO:0070621 -[is_a]-> GO:0098797
GO:0070622 -[is_a]-> GO:0044437
GO:0070622 -[is_a]-> GO:0061695
GO:0070622 -[part_of]-> GO:0005764
GO:0070623 -[is_a]-> GO:0030656
GO:0070623 -[is_a]-> GO:0031326
GO:0070623 -[is_a]-> GO:0042762
GO:0070623 -[is_a]-> GO:0051171
GO:0070623 -[regulates]-> GO:0009228
GO:0070624 -[is_a]-> GO:0031327
GO:0070624 -[is_a]-> GO:0046137
GO:0070624 -[is_a]-> GO:0051172
GO:0070624 -[is_a]-> GO:0051175
GO:0070624 -[is_a]-> GO:0070623
GO:0070624 -[negatively_regulates]-> GO:0009228
GO:0070625 -[is_a]-> GO:0017156
GO:0070626 -[is_a]-> GO:0016842
GO:0070627 -[is_a]-> GO:0015684
GO:0070627 -[is_a]-> GO:0097286
GO:0070628 -[is_a]-> GO:0032403
GO:0070629 -[is_a]-> GO:0030978
GO:0070630 -[is_a]-> GO:0030979
GO:0070630 -[is_a]-> GO:0070629
GO:0070631 -[is_a]-> GO:0051641
GO:0070632 -[is_a]-> GO:0051649
GO:0070632 -[is_a]-> GO:0070631
GO:0070633 -[is_a]-> GO:0044765
GO:0070634 -[is_a]-> GO:0015696
GO:0070634 -[is_a]-> GO:0070633
GO:0070635 -[is_a]-> GO:0016799
GO:0070636 -[is_a]-> GO:0016799
GO:0070637 -[is_a]-> GO:0009116
GO:0070637 -[is_a]-> GO:0072524
GO:0070638 -[is_a]-> GO:0009164
GO:0070638 -[is_a]-> GO:0070637
GO:0070638 -[is_a]-> GO:0072526
GO:0070639 -[is_a]-> GO:0042359
GO:0070640 -[is_a]-> GO:0042359
GO:0070640 -[is_a]-> GO:1902652
GO:0070641 -[is_a]-> GO:0042359
GO:0070642 -[is_a]-> GO:0042359
GO:0070643 -[is_a]-> GO:0016491
GO:0070644 -[is_a]-> GO:0044212
GO:0070645 -[is_a]-> GO:0044420
GO:0070646 -[is_a]-> GO:0006508
GO:0070646 -[is_a]-> GO:0070647
GO:0070647 -[is_a]-> GO:0006464
GO:0070648 -[is_a]-> GO:0097518
GO:0070649 -[is_a]-> GO:0030046
GO:0070650 -[is_a]-> GO:0061572
GO:0070651 -[is_a]-> GO:0016075
GO:0070652 -[is_a]-> GO:0005875
GO:0070653 -[is_a]-> GO:0070325
GO:0070654 -[is_a]-> GO:1990399
GO:0070655 -[is_a]-> GO:0070654
GO:0070656 -[is_a]-> GO:0042490
GO:0070656 -[part_of]-> GO:0070655
GO:0070657 -[is_a]-> GO:0070655
GO:0070658 -[is_a]-> GO:0048886
GO:0070658 -[is_a]-> GO:0070656
GO:0070658 -[part_of]-> GO:0070657
GO:0070659 -[is_a]-> GO:0070655
GO:0070660 -[is_a]-> GO:0060113
GO:0070660 -[is_a]-> GO:0070656
GO:0070660 -[part_of]-> GO:0070659
GO:0070661 -[is_a]-> GO:0008283
GO:0070662 -[is_a]-> GO:0070661
GO:0070663 -[is_a]-> GO:0042127
GO:0070663 -[regulates]-> GO:0070661
GO:0070664 -[is_a]-> GO:0008285
GO:0070664 -[is_a]-> GO:0070663
GO:0070664 -[negatively_regulates]-> GO:0070661
GO:0070665 -[is_a]-> GO:0008284
GO:0070665 -[is_a]-> GO:0070663
GO:0070665 -[positively_regulates]-> GO:0070661
GO:0070666 -[is_a]-> GO:0070663
GO:0070666 -[regulates]-> GO:0070662
GO:0070667 -[is_a]-> GO:0070664
GO:0070667 -[is_a]-> GO:0070666
GO:0070667 -[negatively_regulates]-> GO:0070662
GO:0070668 -[is_a]-> GO:0070665
GO:0070668 -[is_a]-> GO:0070666
GO:0070668 -[positively_regulates]-> GO:0070662
GO:0070669 -[is_a]-> GO:0034097
GO:0070670 -[is_a]-> GO:0034097
GO:0070671 -[is_a]-> GO:0034097
GO:0070672 -[is_a]-> GO:0034097
GO:0070673 -[is_a]-> GO:0034097
GO:0070674 -[is_a]-> GO:0016726
GO:0070675 -[is_a]-> GO:0016727
GO:0070676 -[is_a]-> GO:0006900
GO:0070676 -[is_a]-> GO:0007032
GO:0070676 -[occurs_in]-> GO:0010008
GO:0070677 -[is_a]-> GO:0008171
GO:0070677 -[is_a]-> GO:0016434
GO:0070678 -[is_a]-> GO:0005515
GO:0070679 -[is_a]-> GO:0043178
GO:0070680 -[is_a]-> GO:0043039
GO:0070681 -[is_a]-> GO:0043039
GO:0070682 -[is_a]-> GO:0043248
GO:0070684 -[is_a]-> GO:0044702
GO:0070684 -[is_a]-> GO:0048609
GO:0070684 -[part_of]-> GO:0007320
GO:0070685 -[is_a]-> GO:0042995
GO:0070686 -[is_a]-> GO:0031253
GO:0070686 -[part_of]-> GO:0070685
GO:0070687 -[is_a]-> GO:0044430
GO:0070687 -[is_a]-> GO:0044448
GO:0070687 -[is_a]-> GO:0044463
GO:0070687 -[part_of]-> GO:0030864
GO:0070687 -[part_of]-> GO:0070685
GO:0070688 -[is_a]-> GO:0035097
GO:0070689 -[is_a]-> GO:0006567
GO:0070689 -[is_a]-> GO:0019541
GO:0070690 -[is_a]-> GO:0006084
GO:0070690 -[is_a]-> GO:0006567
GO:0070691 -[is_a]-> GO:0008024
GO:0070692 -[is_a]-> GO:0008024
GO:0070693 -[is_a]-> GO:0043234
GO:0070693 -[is_a]-> GO:0044428
GO:0070694 -[is_a]-> GO:0016799
GO:0070695 -[is_a]-> GO:0043234
GO:0070695 -[is_a]-> GO:0044444
GO:0070696 -[is_a]-> GO:0033612
GO:0070697 -[is_a]-> GO:0070696
GO:0070698 -[is_a]-> GO:0070697
GO:0070699 -[is_a]-> GO:0070697
GO:0070700 -[is_a]-> GO:0070696
GO:0070701 -[is_a]-> GO:0044421
GO:0070702 -[is_a]-> GO:0070701
GO:0070703 -[is_a]-> GO:0070701
GO:0070704 -[is_a]-> GO:0016705
GO:0070705 -[is_a]-> GO:0009451
GO:0070706 -[is_a]-> GO:0009451
GO:0070707 -[is_a]-> GO:0070705
GO:0070708 -[is_a]-> GO:0070705
GO:0070709 -[is_a]-> GO:0070705
GO:0070710 -[is_a]-> GO:0070706
GO:0070711 -[is_a]-> GO:0070707
GO:0070712 -[is_a]-> GO:0070707
GO:0070713 -[is_a]-> GO:0070707
GO:0070714 -[is_a]-> GO:0070707
GO:0070715 -[is_a]-> GO:0015695
GO:0070716 -[is_a]-> GO:0006298
GO:0070716 -[part_of]-> GO:0045005
GO:0070717 -[is_a]-> GO:0003727
GO:0070718 -[is_a]-> GO:0098797
GO:0070719 -[is_a]-> GO:0098797
GO:0070720 -[is_a]-> GO:0098797
GO:0070721 -[is_a]-> GO:0090575
GO:0070722 -[is_a]-> GO:0090571
GO:0070723 -[is_a]-> GO:0036314
GO:0070723 -[is_a]-> GO:0097305
GO:0070724 -[is_a]-> GO:0098802
GO:0070724 -[part_of]-> GO:0005887
GO:0070725 -[is_a]-> GO:0044424
GO:0070726 -[is_a]-> GO:0022607
GO:0070726 -[is_a]-> GO:0071555
GO:0070726 -[part_of]-> GO:0042546
GO:0070727 -[is_a]-> GO:0033036
GO:0070727 -[is_a]-> GO:0051641
GO:0070728 -[is_a]-> GO:0016597
GO:0070729 -[is_a]-> GO:0006862
GO:0070730 -[is_a]-> GO:0015868
GO:0070730 -[is_a]-> GO:0051503
GO:0070730 -[is_a]-> GO:0070729
GO:0070731 -[is_a]-> GO:0001408
GO:0070731 -[is_a]-> GO:0015868
GO:0070731 -[is_a]-> GO:0070729
GO:0070732 -[is_a]-> GO:0031967
GO:0070733 -[is_a]-> GO:0070566
GO:0070733 -[part_of]-> GO:0018117
GO:0070734 -[is_a]-> GO:0034968
GO:0070735 -[is_a]-> GO:0016881
GO:0070736 -[is_a]-> GO:0070735
GO:0070737 -[is_a]-> GO:0070735
GO:0070738 -[is_a]-> GO:0070735
GO:0070739 -[is_a]-> GO:0016881
GO:0070740 -[is_a]-> GO:0070739
GO:0070741 -[is_a]-> GO:0034097
GO:0070742 -[is_a]-> GO:0019904
GO:0070743 -[is_a]-> GO:0043234
GO:0070743 -[is_a]-> GO:0044421
GO:0070743 -[part_of]-> GO:0005615
GO:0070744 -[is_a]-> GO:0043234
GO:0070744 -[is_a]-> GO:0044421
GO:0070744 -[part_of]-> GO:0005615
GO:0070745 -[is_a]-> GO:0043234
GO:0070745 -[is_a]-> GO:0044421
GO:0070745 -[part_of]-> GO:0005615
GO:0070746 -[is_a]-> GO:0019955
GO:0070747 -[is_a]-> GO:0004896
GO:0070747 -[has_part]-> GO:0070746
GO:0070747 -[part_of]-> GO:0070757
GO:0070748 -[is_a]-> GO:0005126
GO:0070749 -[is_a]-> GO:0042089
GO:0070749 -[part_of]-> GO:0070753
GO:0070750 -[is_a]-> GO:0042035
GO:0070750 -[is_a]-> GO:0070754
GO:0070750 -[regulates]-> GO:0070749
GO:0070751 -[is_a]-> GO:0042036
GO:0070751 -[is_a]-> GO:0070750
GO:0070751 -[is_a]-> GO:0070755
GO:0070751 -[negatively_regulates]-> GO:0070749
GO:0070752 -[is_a]-> GO:0042108
GO:0070752 -[is_a]-> GO:0070750
GO:0070752 -[is_a]-> GO:0070756
GO:0070752 -[positively_regulates]-> GO:0070749
GO:0070753 -[is_a]-> GO:0001816
GO:0070754 -[is_a]-> GO:0001817
GO:0070754 -[regulates]-> GO:0070753
GO:0070755 -[is_a]-> GO:0001818
GO:0070755 -[is_a]-> GO:0070754
GO:0070755 -[negatively_regulates]-> GO:0070753
GO:0070756 -[is_a]-> GO:0001819
GO:0070756 -[is_a]-> GO:0070754
GO:0070756 -[positively_regulates]-> GO:0070753
GO:0070757 -[is_a]-> GO:0019221
GO:0070758 -[is_a]-> GO:0001959
GO:0070758 -[regulates]-> GO:0070757
GO:0070759 -[is_a]-> GO:0001960
GO:0070759 -[is_a]-> GO:0070758
GO:0070759 -[negatively_regulates]-> GO:0070757
GO:0070760 -[is_a]-> GO:0001961
GO:0070760 -[is_a]-> GO:0070758
GO:0070760 -[positively_regulates]-> GO:0070757
GO:0070761 -[is_a]-> GO:0030529
GO:0070762 -[is_a]-> GO:0043234
GO:0070762 -[is_a]-> GO:0044428
GO:0070762 -[part_of]-> GO:0005643
GO:0070763 -[is_a]-> GO:0098797
GO:0070764 -[is_a]-> GO:0098797
GO:0070765 -[is_a]-> GO:0098797
GO:0070766 -[is_a]-> GO:0031201
GO:0070767 -[is_a]-> GO:0043234
GO:0070767 -[is_a]-> GO:0044428
GO:0070768 -[is_a]-> GO:0031201
GO:0070769 -[is_a]-> GO:0098797
GO:0070770 -[is_a]-> GO:0098797
GO:0070771 -[is_a]-> GO:0098797
GO:0070772 -[is_a]-> GO:0035032
GO:0070772 -[is_a]-> GO:0044437
GO:0070772 -[part_of]-> GO:0005774
GO:0070773 -[is_a]-> GO:0016811
GO:0070774 -[is_a]-> GO:0004553
GO:0070774 -[is_a]-> GO:0017040
GO:0070775 -[is_a]-> GO:0000123
GO:0070776 -[is_a]-> GO:0070775
GO:0070777 -[is_a]-> GO:0015810
GO:0070778 -[is_a]-> GO:0015807
GO:0070778 -[is_a]-> GO:0015810
GO:0070779 -[is_a]-> GO:0070777
GO:0070780 -[is_a]-> GO:0016791
GO:0070781 -[is_a]-> GO:0001101
GO:0070781 -[is_a]-> GO:0010243
GO:0070781 -[is_a]-> GO:0014070
GO:0070781 -[is_a]-> GO:0033273
GO:0070781 -[is_a]-> GO:1901700
GO:0070782 -[is_a]-> GO:0017121
GO:0070782 -[has_part]-> GO:0017128
GO:0070782 -[part_of]-> GO:0097194
GO:0070783 -[is_a]-> GO:0044182
GO:0070784 -[is_a]-> GO:1900428
GO:0070784 -[regulates]-> GO:0070783
GO:0070785 -[is_a]-> GO:0070784
GO:0070785 -[is_a]-> GO:1900429
GO:0070785 -[negatively_regulates]-> GO:0070783
GO:0070786 -[is_a]-> GO:0070784
GO:0070786 -[is_a]-> GO:1900430
GO:0070786 -[positively_regulates]-> GO:0070783
GO:0070787 -[is_a]-> GO:0075259
GO:0070788 -[is_a]-> GO:0003006
GO:0070788 -[is_a]-> GO:0044702
GO:0070788 -[is_a]-> GO:0044767
GO:0070788 -[is_a]-> GO:0048856
GO:0070788 -[part_of]-> GO:0070787
GO:0070789 -[is_a]-> GO:0003006
GO:0070789 -[is_a]-> GO:0044702
GO:0070789 -[is_a]-> GO:0048468
GO:0070789 -[part_of]-> GO:0070787
GO:0070790 -[is_a]-> GO:0003006
GO:0070790 -[is_a]-> GO:0044702
GO:0070790 -[is_a]-> GO:0048468
GO:0070790 -[part_of]-> GO:0070787
GO:0070791 -[is_a]-> GO:0000909
GO:0070792 -[is_a]-> GO:0003006
GO:0070792 -[is_a]-> GO:0044702
GO:0070792 -[is_a]-> GO:0048468
GO:0070792 -[part_of]-> GO:0070791
GO:0070793 -[is_a]-> GO:0075260
GO:0070793 -[regulates]-> GO:0070787
GO:0070794 -[is_a]-> GO:0070793
GO:0070794 -[is_a]-> GO:0075262
GO:0070794 -[negatively_regulates]-> GO:0070787
GO:0070795 -[is_a]-> GO:0070793
GO:0070795 -[is_a]-> GO:0075261
GO:0070795 -[positively_regulates]-> GO:0070787
GO:0070796 -[is_a]-> GO:1902058
GO:0070796 -[regulates]-> GO:0070791
GO:0070797 -[is_a]-> GO:0070796
GO:0070797 -[is_a]-> GO:1902059
GO:0070797 -[negatively_regulates]-> GO:0070791
GO:0070798 -[is_a]-> GO:0070796
GO:0070798 -[is_a]-> GO:1902060
GO:0070798 -[positively_regulates]-> GO:0070791
GO:0070799 -[is_a]-> GO:0070793
GO:0070799 -[regulates]-> GO:0070788
GO:0070800 -[is_a]-> GO:0070794
GO:0070800 -[is_a]-> GO:0070799
GO:0070800 -[negatively_regulates]-> GO:0070788
GO:0070801 -[is_a]-> GO:0070795
GO:0070801 -[is_a]-> GO:0070799
GO:0070801 -[positively_regulates]-> GO:0070788
GO:0070802 -[is_a]-> GO:0060284
GO:0070802 -[is_a]-> GO:0070793
GO:0070802 -[regulates]-> GO:0070789
GO:0070803 -[is_a]-> GO:0010721
GO:0070803 -[is_a]-> GO:0070794
GO:0070803 -[is_a]-> GO:0070802
GO:0070803 -[negatively_regulates]-> GO:0070789
GO:0070804 -[is_a]-> GO:0010720
GO:0070804 -[is_a]-> GO:0070795
GO:0070804 -[is_a]-> GO:0070802
GO:0070804 -[positively_regulates]-> GO:0070789
GO:0070805 -[is_a]-> GO:0060284
GO:0070805 -[is_a]-> GO:0070793
GO:0070805 -[regulates]-> GO:0070790
GO:0070806 -[is_a]-> GO:0010721
GO:0070806 -[is_a]-> GO:0070794
GO:0070806 -[is_a]-> GO:0070805
GO:0070806 -[negatively_regulates]-> GO:0070790
GO:0070807 -[is_a]-> GO:0010720
GO:0070807 -[is_a]-> GO:0070795
GO:0070807 -[is_a]-> GO:0070805
GO:0070807 -[positively_regulates]-> GO:0070790
GO:0070808 -[is_a]-> GO:0060284
GO:0070808 -[is_a]-> GO:0070796
GO:0070808 -[regulates]-> GO:0070792
GO:0070809 -[is_a]-> GO:0010721
GO:0070809 -[is_a]-> GO:0070797
GO:0070809 -[is_a]-> GO:0070808
GO:0070809 -[negatively_regulates]-> GO:0070792
GO:0070810 -[is_a]-> GO:0010720
GO:0070810 -[is_a]-> GO:0070798
GO:0070810 -[is_a]-> GO:0070808
GO:0070810 -[positively_regulates]-> GO:0070792
GO:0070811 -[is_a]-> GO:0015748
GO:0070811 -[is_a]-> GO:1901264
GO:0070812 -[is_a]-> GO:0015166
GO:0070812 -[is_a]-> GO:0042626
GO:0070812 -[part_of]-> GO:0070811
GO:0070813 -[is_a]-> GO:0006790
GO:0070814 -[is_a]-> GO:0044272
GO:0070814 -[is_a]-> GO:0070813
GO:0070815 -[is_a]-> GO:0016706
GO:0070816 -[is_a]-> GO:0006357
GO:0070816 -[is_a]-> GO:0006468
GO:0070817 -[is_a]-> GO:0034629
GO:0070818 -[is_a]-> GO:0016627
GO:0070819 -[is_a]-> GO:0016635
GO:0070819 -[is_a]-> GO:0070818
GO:0070820 -[is_a]-> GO:0030141
GO:0070821 -[is_a]-> GO:0030667
GO:0070821 -[part_of]-> GO:0070820
GO:0070822 -[is_a]-> GO:0000118
GO:0070822 -[is_a]-> GO:0044454
GO:0070822 -[part_of]-> GO:0000790
GO:0070823 -[is_a]-> GO:0000118
GO:0070823 -[is_a]-> GO:0000790
GO:0070824 -[is_a]-> GO:0000118
GO:0070824 -[is_a]-> GO:0090568
GO:0070825 -[is_a]-> GO:0044462
GO:0070825 -[part_of]-> GO:0042600
GO:0070826 -[is_a]-> GO:0043234
GO:0070826 -[is_a]-> GO:0044444
GO:0070827 -[is_a]-> GO:0006325
GO:0070827 -[is_a]-> GO:0043954
GO:0070828 -[is_a]-> GO:0006325
GO:0070829 -[is_a]-> GO:0070827
GO:0070829 -[is_a]-> GO:0070828
GO:0070830 -[is_a]-> GO:0007043
GO:0070830 -[part_of]-> GO:0043297
GO:0070831 -[is_a]-> GO:0071711
GO:0070831 -[is_a]-> GO:0085029
GO:0070832 -[is_a]-> GO:0006656
GO:0070833 -[is_a]-> GO:0006656
GO:0070834 -[is_a]-> GO:0006656
GO:0070835 -[is_a]-> GO:0046915
GO:0070836 -[is_a]-> GO:0044854
GO:0070837 -[is_a]-> GO:0015711
GO:0070837 -[is_a]-> GO:0051180
GO:0070838 -[is_a]-> GO:0030001
GO:0070838 -[is_a]-> GO:0072511
GO:0070839 -[is_a]-> GO:0070838
GO:0070840 -[is_a]-> GO:0032403
GO:0070841 -[is_a]-> GO:0022607
GO:0070842 -[is_a]-> GO:0070841
GO:0070843 -[is_a]-> GO:0006886
GO:0070844 -[is_a]-> GO:0006886
GO:0070845 -[is_a]-> GO:0070843
GO:0070845 -[is_a]-> GO:0070844
GO:0070846 -[is_a]-> GO:0006476
GO:0070847 -[is_a]-> GO:0044451
GO:0070847 -[is_a]-> GO:0090575
GO:0070847 -[part_of]-> GO:0016591
GO:0070848 -[is_a]-> GO:0010033
GO:0070849 -[is_a]-> GO:0009719
GO:0070849 -[is_a]-> GO:0070848
GO:0070850 -[is_a]-> GO:0043234
GO:0070850 -[is_a]-> GO:0044424
GO:0070851 -[is_a]-> GO:0005102
GO:0070852 -[is_a]-> GO:0043005
GO:0070853 -[is_a]-> GO:0017022
GO:0070854 -[is_a]-> GO:0032036
GO:0070854 -[is_a]-> GO:0070853
GO:0070855 -[is_a]-> GO:0032028
GO:0070855 -[is_a]-> GO:0070854
GO:0070856 -[is_a]-> GO:0032027
GO:0070856 -[is_a]-> GO:0070853
GO:0070857 -[is_a]-> GO:0010565
GO:0070857 -[is_a]-> GO:0031326
GO:0070857 -[is_a]-> GO:0050810
GO:0070857 -[is_a]-> GO:1904251
GO:0070857 -[regulates]-> GO:0006699
GO:0070858 -[is_a]-> GO:0010894
GO:0070858 -[is_a]-> GO:0031327
GO:0070858 -[is_a]-> GO:0070857
GO:0070858 -[is_a]-> GO:1904252
GO:0070858 -[negatively_regulates]-> GO:0006699
GO:0070859 -[is_a]-> GO:0010893
GO:0070859 -[is_a]-> GO:0031328
GO:0070859 -[is_a]-> GO:0070857
GO:0070859 -[is_a]-> GO:1904253
GO:0070859 -[positively_regulates]-> GO:0006699
GO:0070860 -[is_a]-> GO:0000120
GO:0070861 -[is_a]-> GO:0033157
GO:0070861 -[regulates]-> GO:0032527
GO:0070862 -[is_a]-> GO:0070861
GO:0070862 -[is_a]-> GO:0090317
GO:0070862 -[negatively_regulates]-> GO:0032527
GO:0070863 -[is_a]-> GO:0070861
GO:0070863 -[is_a]-> GO:0090316
GO:0070863 -[positively_regulates]-> GO:0032527
GO:0070864 -[is_a]-> GO:0032991
GO:0070864 -[is_a]-> GO:0044464
GO:0070865 -[is_a]-> GO:0044430
GO:0070865 -[part_of]-> GO:0070864
GO:0070866 -[is_a]-> GO:0005515
GO:0070867 -[is_a]-> GO:0044459
GO:0070867 -[is_a]-> GO:0044463
GO:0070867 -[part_of]-> GO:0043332
GO:0070868 -[is_a]-> GO:0070828
GO:0070868 -[is_a]-> GO:0097549
GO:0070868 -[part_of]-> GO:0006342
GO:0070869 -[is_a]-> GO:0031507
GO:0070869 -[is_a]-> GO:0070868
GO:0070869 -[part_of]-> GO:0006342
GO:0070870 -[is_a]-> GO:0070829
GO:0070870 -[is_a]-> GO:0070868
GO:0070870 -[part_of]-> GO:0006342
GO:0070871 -[is_a]-> GO:0022414
GO:0070871 -[is_a]-> GO:0071555
GO:0070871 -[part_of]-> GO:0000747
GO:0070872 -[is_a]-> GO:0007009
GO:0070872 -[is_a]-> GO:0044702
GO:0070872 -[part_of]-> GO:0000747
GO:0070873 -[is_a]-> GO:0010906
GO:0070873 -[is_a]-> GO:0032881
GO:0070873 -[is_a]-> GO:0043467
GO:0070873 -[regulates]-> GO:0005977
GO:0070874 -[is_a]-> GO:0010605
GO:0070874 -[is_a]-> GO:0010677
GO:0070874 -[is_a]-> GO:0070873
GO:0070874 -[negatively_regulates]-> GO:0005977
GO:0070875 -[is_a]-> GO:0010604
GO:0070875 -[is_a]-> GO:0010907
GO:0070875 -[is_a]-> GO:0070873
GO:0070875 -[positively_regulates]-> GO:0005977
GO:0070876 -[is_a]-> GO:0043234
GO:0070876 -[is_a]-> GO:0044428
GO:0070877 -[is_a]-> GO:0043234
GO:0070877 -[is_a]-> GO:0044428
GO:0070877 -[is_a]-> GO:1903095
GO:0070878 -[is_a]-> GO:0003723
GO:0070879 -[is_a]-> GO:0034406
GO:0070879 -[is_a]-> GO:0071966
GO:0070879 -[part_of]-> GO:0009272
GO:0070880 -[is_a]-> GO:0051274
GO:0070880 -[is_a]-> GO:0051278
GO:0070880 -[is_a]-> GO:0070879
GO:0070881 -[is_a]-> GO:0044070
GO:0070881 -[is_a]-> GO:0051955
GO:0070881 -[regulates]-> GO:0015824
GO:0070883 -[is_a]-> GO:0003723
GO:0070884 -[is_a]-> GO:0050848
GO:0070884 -[regulates]-> GO:0033173
GO:0070885 -[is_a]-> GO:0050849
GO:0070885 -[is_a]-> GO:0070884
GO:0070885 -[negatively_regulates]-> GO:0033173
GO:0070886 -[is_a]-> GO:0050850
GO:0070886 -[is_a]-> GO:0070884
GO:0070886 -[positively_regulates]-> GO:0033173
GO:0070887 -[is_a]-> GO:0042221
GO:0070887 -[is_a]-> GO:0051716
GO:0070888 -[is_a]-> GO:0044212
GO:0070889 -[is_a]-> GO:0033363
GO:0070890 -[is_a]-> GO:0008514
GO:0070890 -[is_a]-> GO:0015229
GO:0070890 -[is_a]-> GO:0015370
GO:0070890 -[is_a]-> GO:0090482
GO:0070891 -[is_a]-> GO:0097367
GO:0070892 -[is_a]-> GO:0008329
GO:0070892 -[has_part]-> GO:0070891
GO:0070893 -[is_a]-> GO:0015074
GO:0070893 -[is_a]-> GO:0032196
GO:0070893 -[is_a]-> GO:0044710
GO:0070894 -[is_a]-> GO:0010528
GO:0070894 -[is_a]-> GO:0051052
GO:0070894 -[regulates]-> GO:0070893
GO:0070895 -[is_a]-> GO:0010529
GO:0070895 -[is_a]-> GO:0051053
GO:0070895 -[is_a]-> GO:0070894
GO:0070895 -[negatively_regulates]-> GO:0070893
GO:0070896 -[is_a]-> GO:0010530
GO:0070896 -[is_a]-> GO:0051054
GO:0070896 -[is_a]-> GO:0070894
GO:0070896 -[positively_regulates]-> GO:0070893
GO:0070897 -[is_a]-> GO:0065004
GO:0070897 -[part_of]-> GO:0006352
GO:0070898 -[is_a]-> GO:0070897
GO:0070898 -[part_of]-> GO:0006384
GO:0070899 -[is_a]-> GO:0002098
GO:0070899 -[is_a]-> GO:0070900
GO:0070899 -[occurs_in]-> GO:0005739
GO:0070900 -[is_a]-> GO:0000963
GO:0070900 -[is_a]-> GO:0006400
GO:0070900 -[is_a]-> GO:0070525
GO:0070900 -[is_a]-> GO:1900864
GO:0070900 -[occurs_in]-> GO:0005739
GO:0070901 -[is_a]-> GO:0030488
GO:0070901 -[is_a]-> GO:0070900
GO:0070901 -[occurs_in]-> GO:0005739
GO:0070902 -[is_a]-> GO:0031119
GO:0070902 -[is_a]-> GO:0070900
GO:0070902 -[occurs_in]-> GO:0005739
GO:0070903 -[is_a]-> GO:0034227
GO:0070903 -[is_a]-> GO:0070900
GO:0070903 -[occurs_in]-> GO:0005739
GO:0070904 -[is_a]-> GO:0015882
GO:0070904 -[is_a]-> GO:0070633
GO:0070905 -[is_a]-> GO:0043177
GO:0070906 -[is_a]-> GO:0015297
GO:0070906 -[is_a]-> GO:0015556
GO:0070906 -[is_a]-> GO:0022858
GO:0070907 -[is_a]-> GO:0015171
GO:0070907 -[is_a]-> GO:0015297
GO:0070907 -[is_a]-> GO:1901474
GO:0070908 -[is_a]-> GO:0008504
GO:0070908 -[is_a]-> GO:0015173
GO:0070908 -[is_a]-> GO:0015297
GO:0070908 -[is_a]-> GO:1901618
GO:0070909 -[is_a]-> GO:0008514
GO:0070909 -[is_a]-> GO:0015185
GO:0070909 -[is_a]-> GO:0015297
GO:0070910 -[is_a]-> GO:0016998
GO:0070910 -[part_of]-> GO:0044277
GO:0070911 -[is_a]-> GO:0006289
GO:0070912 -[is_a]-> GO:0000109
GO:0070913 -[is_a]-> GO:0000109
GO:0070914 -[is_a]-> GO:0006281
GO:0070914 -[is_a]-> GO:0034644
GO:0070915 -[is_a]-> GO:0045125
GO:0070915 -[has_part]-> GO:0035727
GO:0070916 -[is_a]-> GO:0044431
GO:0070916 -[is_a]-> GO:1990234
GO:0070917 -[is_a]-> GO:0030234
GO:0070917 -[regulates]-> GO:0045140
GO:0070918 -[is_a]-> GO:0031050
GO:0070918 -[part_of]-> GO:0031047
GO:0070919 -[is_a]-> GO:0070918
GO:0070919 -[part_of]-> GO:0031048
GO:0070920 -[is_a]-> GO:0048583
GO:0070920 -[is_a]-> GO:0051252
GO:0070920 -[is_a]-> GO:0060966
GO:0070920 -[regulates]-> GO:0070918
GO:0070921 -[is_a]-> GO:0010964
GO:0070921 -[is_a]-> GO:0070920
GO:0070921 -[regulates]-> GO:0070919
GO:0070922 -[is_a]-> GO:0022618
GO:0070922 -[part_of]-> GO:0031047
GO:0070923 -[is_a]-> GO:0070922
GO:0070923 -[part_of]-> GO:0031048
GO:0070924 -[is_a]-> GO:0070869
GO:0070924 -[part_of]-> GO:0031048
GO:0070925 -[is_a]-> GO:0006996
GO:0070925 -[is_a]-> GO:0022607
GO:0070926 -[is_a]-> GO:0022898
GO:0070926 -[is_a]-> GO:0032242
GO:0070926 -[regulates]-> GO:0005471
GO:0070927 -[is_a]-> GO:0032243
GO:0070927 -[is_a]-> GO:0032410
GO:0070927 -[is_a]-> GO:0034763
GO:0070927 -[is_a]-> GO:0070926
GO:0070927 -[negatively_regulates]-> GO:0005471
GO:0070928 -[is_a]-> GO:0043488
GO:0070929 -[is_a]-> GO:0006414
GO:0070930 -[is_a]-> GO:0006464
GO:0070930 -[has_part]-> GO:0070929
GO:0070931 -[is_a]-> GO:0044431
GO:0070931 -[is_a]-> GO:0060205
GO:0070931 -[part_of]-> GO:0005798
GO:0070932 -[is_a]-> GO:0016575
GO:0070933 -[is_a]-> GO:0016575
GO:0070934 -[is_a]-> GO:0048255
GO:0070935 -[is_a]-> GO:0048255
GO:0070936 -[is_a]-> GO:0000209
GO:0070937 -[is_a]-> GO:0043234
GO:0070937 -[is_a]-> GO:0044444
GO:0070938 -[is_a]-> GO:0044464
GO:0070939 -[is_a]-> GO:0043234
GO:0070939 -[is_a]-> GO:0044432
GO:0070939 -[is_a]-> GO:0099023
GO:0070940 -[is_a]-> GO:0006357
GO:0070940 -[is_a]-> GO:0006470
GO:0070941 -[is_a]-> GO:0022607
GO:0070942 -[is_a]-> GO:0001909
GO:0070942 -[is_a]-> GO:0002446
GO:0070943 -[is_a]-> GO:0051873
GO:0070943 -[is_a]-> GO:0070942
GO:0070944 -[is_a]-> GO:0070943
GO:0070944 -[part_of]-> GO:0042742
GO:0070945 -[is_a]-> GO:0070944
GO:0070945 -[part_of]-> GO:0050829
GO:0070946 -[is_a]-> GO:0070944
GO:0070946 -[part_of]-> GO:0050830
GO:0070947 -[is_a]-> GO:0070943
GO:0070947 -[part_of]-> GO:0050832
GO:0070948 -[is_a]-> GO:0001910
GO:0070948 -[is_a]-> GO:0002886
GO:0070948 -[regulates]-> GO:0070942
GO:0070949 -[is_a]-> GO:0002831
GO:0070949 -[is_a]-> GO:0031347
GO:0070949 -[is_a]-> GO:0032101
GO:0070949 -[is_a]-> GO:0043903
GO:0070949 -[is_a]-> GO:0051709
GO:0070949 -[is_a]-> GO:0070948
GO:0070949 -[regulates]-> GO:0070943
GO:0070950 -[is_a]-> GO:0070949
GO:0070950 -[is_a]-> GO:1900424
GO:0070950 -[regulates]-> GO:0070944
GO:0070951 -[is_a]-> GO:0070950
GO:0070951 -[regulates]-> GO:0070945
GO:0070952 -[is_a]-> GO:0070950
GO:0070952 -[regulates]-> GO:0070946
GO:0070953 -[is_a]-> GO:0070949
GO:0070953 -[is_a]-> GO:1900150
GO:0070953 -[regulates]-> GO:0070947
GO:0070954 -[is_a]-> GO:0001911
GO:0070954 -[is_a]-> GO:0002887
GO:0070954 -[is_a]-> GO:0070948
GO:0070954 -[negatively_regulates]-> GO:0070942
GO:0070955 -[is_a]-> GO:0002832
GO:0070955 -[is_a]-> GO:0031348
GO:0070955 -[is_a]-> GO:0032102
GO:0070955 -[is_a]-> GO:0051711
GO:0070955 -[is_a]-> GO:0070949
GO:0070955 -[is_a]-> GO:0070954
GO:0070955 -[negatively_regulates]-> GO:0070943
GO:0070956 -[is_a]-> GO:0070950
GO:0070956 -[is_a]-> GO:0070955
GO:0070956 -[is_a]-> GO:1900425
GO:0070956 -[negatively_regulates]-> GO:0070944
GO:0070957 -[is_a]-> GO:0070951
GO:0070957 -[is_a]-> GO:0070956
GO:0070957 -[negatively_regulates]-> GO:0070945
GO:0070958 -[is_a]-> GO:0070952
GO:0070958 -[is_a]-> GO:0070956
GO:0070958 -[negatively_regulates]-> GO:0070946
GO:0070959 -[is_a]-> GO:0070953
GO:0070959 -[is_a]-> GO:0070955
GO:0070959 -[negatively_regulates]-> GO:0070947
GO:0070960 -[is_a]-> GO:0001912
GO:0070960 -[is_a]-> GO:0002888
GO:0070960 -[is_a]-> GO:0070948
GO:0070960 -[positively_regulates]-> GO:0070942
GO:0070961 -[is_a]-> GO:0002833
GO:0070961 -[is_a]-> GO:0031349
GO:0070961 -[is_a]-> GO:0032103
GO:0070961 -[is_a]-> GO:0051712
GO:0070961 -[is_a]-> GO:0070949
GO:0070961 -[is_a]-> GO:0070960
GO:0070961 -[positively_regulates]-> GO:0070943
GO:0070962 -[is_a]-> GO:0070950
GO:0070962 -[is_a]-> GO:0070961
GO:0070962 -[is_a]-> GO:1900426
GO:0070962 -[positively_regulates]-> GO:0070944
GO:0070963 -[is_a]-> GO:0070951
GO:0070963 -[is_a]-> GO:0070962
GO:0070963 -[positively_regulates]-> GO:0070945
GO:0070964 -[is_a]-> GO:0070952
GO:0070964 -[is_a]-> GO:0070962
GO:0070964 -[positively_regulates]-> GO:0070946
GO:0070965 -[is_a]-> GO:0070953
GO:0070965 -[is_a]-> GO:0070961
GO:0070965 -[positively_regulates]-> GO:0070947
GO:0070966 -[is_a]-> GO:0000956
GO:0070967 -[is_a]-> GO:0050662
GO:0070967 -[is_a]-> GO:0097159
GO:0070967 -[is_a]-> GO:0097367
GO:0070967 -[is_a]-> GO:1901363
GO:0070968 -[is_a]-> GO:0031406
GO:0070970 -[is_a]-> GO:0050663
GO:0070970 -[part_of]-> GO:0032623
GO:0070971 -[is_a]-> GO:0044432
GO:0070972 -[is_a]-> GO:0033365
GO:0070973 -[is_a]-> GO:0070972
GO:0070974 -[is_a]-> GO:0019904
GO:0070975 -[is_a]-> GO:0019904
GO:0070976 -[is_a]-> GO:0019904
GO:0070977 -[is_a]-> GO:0048799
GO:0070977 -[part_of]-> GO:0060348
GO:0070978 -[is_a]-> GO:0043623
GO:0070979 -[is_a]-> GO:0000209
GO:0070980 -[is_a]-> GO:0018879
GO:0070980 -[is_a]-> GO:0019439
GO:0070980 -[is_a]-> GO:0042178
GO:0070980 -[is_a]-> GO:1901361
GO:0070981 -[is_a]-> GO:0006529
GO:0070981 -[is_a]-> GO:0070982
GO:0070982 -[is_a]-> GO:0006528
GO:0070983 -[is_a]-> GO:0097485
GO:0070983 -[part_of]-> GO:0048813
GO:0070984 -[is_a]-> GO:0019904
GO:0070985 -[is_a]-> GO:0044451
GO:0070985 -[is_a]-> GO:0090575
GO:0070985 -[part_of]-> GO:0005675
GO:0070986 -[is_a]-> GO:0009798
GO:0070986 -[part_of]-> GO:0060972
GO:0070987 -[is_a]-> GO:0019985
GO:0070988 -[is_a]-> GO:0044710
GO:0070989 -[is_a]-> GO:0055114
GO:0070989 -[is_a]-> GO:0070988
GO:0070990 -[is_a]-> GO:0043021
GO:0070991 -[is_a]-> GO:0003995
GO:0070992 -[is_a]-> GO:0030529
GO:0070992 -[is_a]-> GO:0044444
GO:0070993 -[is_a]-> GO:0030529
GO:0070993 -[is_a]-> GO:0044444
GO:0070994 -[is_a]-> GO:0006979
GO:0070995 -[is_a]-> GO:0006739
GO:0070995 -[is_a]-> GO:0055114
GO:0070996 -[is_a]-> GO:0031779
GO:0070997 -[is_a]-> GO:0008219
GO:0070998 -[is_a]-> GO:0007600
GO:0070999 -[is_a]-> GO:0009590
GO:0070999 -[is_a]-> GO:0050974
GO:0070999 -[part_of]-> GO:0070998
GO:0071000 -[is_a]-> GO:0009628
GO:0071001 -[is_a]-> GO:0097525
GO:0071001 -[has_part]-> GO:0005687
GO:0071001 -[has_part]-> GO:0005688
GO:0071002 -[is_a]-> GO:0097525
GO:0071002 -[has_part]-> GO:0005690
GO:0071002 -[has_part]-> GO:0005691
GO:0071003 -[is_a]-> GO:0097525
GO:0071003 -[has_part]-> GO:0005682
GO:0071003 -[has_part]-> GO:0005685
GO:0071003 -[has_part]-> GO:0005686
GO:0071003 -[has_part]-> GO:0071001
GO:0071004 -[is_a]-> GO:0005684
GO:0071004 -[is_a]-> GO:0071010
GO:0071004 -[has_part]-> GO:0005685
GO:0071004 -[has_part]-> GO:0005686
GO:0071005 -[is_a]-> GO:0005684
GO:0071005 -[is_a]-> GO:0071011
GO:0071005 -[has_part]-> GO:0005685
GO:0071005 -[has_part]-> GO:0005686
GO:0071005 -[has_part]-> GO:0046540
GO:0071006 -[is_a]-> GO:0005684
GO:0071006 -[is_a]-> GO:0071012
GO:0071006 -[has_part]-> GO:0005686
GO:0071006 -[has_part]-> GO:0005688
GO:0071007 -[is_a]-> GO:0005684
GO:0071007 -[is_a]-> GO:0071013
GO:0071007 -[has_part]-> GO:0005686
GO:0071007 -[has_part]-> GO:0005688
GO:0071008 -[is_a]-> GO:0005684
GO:0071008 -[is_a]-> GO:0071014
GO:0071008 -[has_part]-> GO:0005686
GO:0071008 -[has_part]-> GO:0005688
GO:0071009 -[is_a]-> GO:0097526
GO:0071009 -[has_part]-> GO:0005682
GO:0071009 -[has_part]-> GO:0071002
GO:0071010 -[is_a]-> GO:0005681
GO:0071011 -[is_a]-> GO:0005681
GO:0071012 -[is_a]-> GO:0005681
GO:0071012 -[is_a]-> GO:1902494
GO:0071012 -[has_part]-> GO:0000974
GO:0071012 -[has_part]-> GO:0005682
GO:0071013 -[is_a]-> GO:0005681
GO:0071013 -[is_a]-> GO:1902494
GO:0071013 -[has_part]-> GO:0000974
GO:0071013 -[has_part]-> GO:0005682
GO:0071014 -[is_a]-> GO:0005681
GO:0071014 -[has_part]-> GO:0005682
GO:0071015 -[is_a]-> GO:0005689
GO:0071015 -[is_a]-> GO:0071010
GO:0071015 -[has_part]-> GO:0034693
GO:0071016 -[is_a]-> GO:0005689
GO:0071016 -[is_a]-> GO:0071011
GO:0071016 -[has_part]-> GO:0005692
GO:0071016 -[has_part]-> GO:0005693
GO:0071016 -[has_part]-> GO:0071009
GO:0071017 -[is_a]-> GO:0005689
GO:0071017 -[is_a]-> GO:0071012
GO:0071017 -[has_part]-> GO:0005691
GO:0071017 -[has_part]-> GO:0005693
GO:0071018 -[is_a]-> GO:0005689
GO:0071018 -[is_a]-> GO:0071013
GO:0071018 -[has_part]-> GO:0005691
GO:0071018 -[has_part]-> GO:0005693
GO:0071019 -[is_a]-> GO:0005689
GO:0071019 -[is_a]-> GO:0005691
GO:0071019 -[is_a]-> GO:0005693
GO:0071019 -[is_a]-> GO:0071014
GO:0071020 -[is_a]-> GO:0005681
GO:0071020 -[has_part]-> GO:0005682
GO:0071021 -[is_a]-> GO:0005684
GO:0071021 -[is_a]-> GO:0071020
GO:0071021 -[has_part]-> GO:0005686
GO:0071021 -[has_part]-> GO:0005688
GO:0071022 -[is_a]-> GO:0005689
GO:0071022 -[is_a]-> GO:0071020
GO:0071022 -[has_part]-> GO:0005691
GO:0071022 -[has_part]-> GO:0005693
GO:0071023 -[is_a]-> GO:0005681
GO:0071023 -[has_part]-> GO:0005682
GO:0071023 -[has_part]-> GO:0005686
GO:0071023 -[has_part]-> GO:0005687
GO:0071023 -[has_part]-> GO:0005688
GO:0071023 -[has_part]-> GO:0071024
GO:0071024 -[is_a]-> GO:0097525
GO:0071025 -[is_a]-> GO:0006401
GO:0071026 -[is_a]-> GO:0071025
GO:0071026 -[occurs_in]-> GO:0005737
GO:0071027 -[is_a]-> GO:0071025
GO:0071027 -[occurs_in]-> GO:0005634
GO:0071028 -[is_a]-> GO:0000956
GO:0071028 -[is_a]-> GO:0071027
GO:0071029 -[is_a]-> GO:0034661
GO:0071029 -[is_a]-> GO:0071027
GO:0071030 -[is_a]-> GO:0071028
GO:0071030 -[has_part]-> GO:0071042
GO:0071031 -[is_a]-> GO:0071028
GO:0071031 -[has_part]-> GO:0071042
GO:0071032 -[is_a]-> GO:0071028
GO:0071033 -[is_a]-> GO:0008298
GO:0071033 -[occurs_in]-> GO:0005634
GO:0071033 -[part_of]-> GO:0071028
GO:0071034 -[is_a]-> GO:0034661
GO:0071034 -[is_a]-> GO:0071043
GO:0071035 -[is_a]-> GO:0016075
GO:0071035 -[is_a]-> GO:0071046
GO:0071036 -[is_a]-> GO:0016077
GO:0071036 -[is_a]-> GO:0071046
GO:0071036 -[has_part]-> GO:0071050
GO:0071037 -[is_a]-> GO:0016076
GO:0071037 -[is_a]-> GO:0071046
GO:0071038 -[is_a]-> GO:0016078
GO:0071038 -[is_a]-> GO:0071046
GO:0071039 -[is_a]-> GO:0071034
GO:0071039 -[is_a]-> GO:0071046
GO:0071040 -[is_a]-> GO:0071041
GO:0071040 -[is_a]-> GO:0071046
GO:0071041 -[is_a]-> GO:0034661
GO:0071041 -[is_a]-> GO:0042868
GO:0071042 -[is_a]-> GO:0071047
GO:0071043 -[is_a]-> GO:0034660
GO:0071044 -[is_a]-> GO:0000956
GO:0071044 -[is_a]-> GO:0008334
GO:0071045 -[is_a]-> GO:0071044
GO:0071046 -[is_a]-> GO:0043634
GO:0071046 -[is_a]-> GO:0071029
GO:0071047 -[is_a]-> GO:0006402
GO:0071047 -[is_a]-> GO:0043633
GO:0071047 -[has_part]-> GO:0006378
GO:0071048 -[is_a]-> GO:0071033
GO:0071048 -[part_of]-> GO:0071030
GO:0071049 -[is_a]-> GO:0071033
GO:0071049 -[part_of]-> GO:0071031
GO:0071050 -[is_a]-> GO:0031126
GO:0071050 -[is_a]-> GO:0043629
GO:0071051 -[is_a]-> GO:0031126
GO:0071051 -[has_part]-> GO:0071050
GO:0071052 -[is_a]-> GO:0098797
GO:0071053 -[is_a]-> GO:0098797
GO:0071054 -[is_a]-> GO:0098797
GO:0071055 -[is_a]-> GO:0098797
GO:0071056 -[is_a]-> GO:0098797
GO:0071057 -[is_a]-> GO:0098797
GO:0071058 -[is_a]-> GO:0098797
GO:0071059 -[is_a]-> GO:0098797
GO:0071060 -[is_a]-> GO:0098797
GO:0071061 -[is_a]-> GO:0098797
GO:0071062 -[is_a]-> GO:0098797
GO:0071063 -[is_a]-> GO:0050954
GO:0071064 -[is_a]-> GO:0098797
GO:0071065 -[is_a]-> GO:0098797
GO:0071066 -[is_a]-> GO:0050877
GO:0071066 -[is_a]-> GO:0050974
GO:0071066 -[part_of]-> GO:0071063
GO:0071067 -[is_a]-> GO:0098797
GO:0071068 -[is_a]-> GO:0098797
GO:0071069 -[is_a]-> GO:0098797
GO:0071070 -[is_a]-> GO:0098797
GO:0071071 -[is_a]-> GO:0031326
GO:0071071 -[is_a]-> GO:0046890
GO:0071071 -[is_a]-> GO:1903725
GO:0071071 -[regulates]-> GO:0008654
GO:0071072 -[is_a]-> GO:0031327
GO:0071072 -[is_a]-> GO:0051055
GO:0071072 -[is_a]-> GO:0071071
GO:0071072 -[is_a]-> GO:1903726
GO:0071072 -[negatively_regulates]-> GO:0008654
GO:0071073 -[is_a]-> GO:0031328
GO:0071073 -[is_a]-> GO:0046889
GO:0071073 -[is_a]-> GO:0071071
GO:0071073 -[is_a]-> GO:1903727
GO:0071073 -[positively_regulates]-> GO:0008654
GO:0071074 -[is_a]-> GO:0031369
GO:0071075 -[is_a]-> GO:0043234
GO:0071075 -[is_a]-> GO:0044444
GO:0071076 -[is_a]-> GO:0031123
GO:0071077 -[is_a]-> GO:0000295
GO:0071077 -[is_a]-> GO:0005346
GO:0071077 -[is_a]-> GO:0015211
GO:0071077 -[part_of]-> GO:0071106
GO:0071078 -[is_a]-> GO:0098797
GO:0071079 -[is_a]-> GO:0098797
GO:0071080 -[is_a]-> GO:0098797
GO:0071081 -[is_a]-> GO:0098797
GO:0071082 -[is_a]-> GO:0098797
GO:0071083 -[is_a]-> GO:0098797
GO:0071084 -[is_a]-> GO:0098797
GO:0071085 -[is_a]-> GO:0098797
GO:0071086 -[is_a]-> GO:0090665
GO:0071086 -[is_a]-> GO:0098797
GO:0071087 -[is_a]-> GO:0098797
GO:0071088 -[is_a]-> GO:0098797
GO:0071089 -[is_a]-> GO:0098797
GO:0071090 -[is_a]-> GO:0098797
GO:0071091 -[is_a]-> GO:0098797
GO:0071092 -[is_a]-> GO:0098797
GO:0071093 -[is_a]-> GO:0098797
GO:0071094 -[is_a]-> GO:0098797
GO:0071095 -[is_a]-> GO:0098797
GO:0071096 -[is_a]-> GO:0098797
GO:0071097 -[is_a]-> GO:0098797
GO:0071098 -[is_a]-> GO:0098797
GO:0071099 -[is_a]-> GO:0098797
GO:0071100 -[is_a]-> GO:0098797
GO:0071101 -[is_a]-> GO:0098797
GO:0071102 -[is_a]-> GO:0098797
GO:0071103 -[is_a]-> GO:0051276
GO:0071104 -[is_a]-> GO:0034097
GO:0071105 -[is_a]-> GO:0034097
GO:0071106 -[is_a]-> GO:0015860
GO:0071106 -[is_a]-> GO:0015868
GO:0071106 -[is_a]-> GO:0051503
GO:0071106 -[is_a]-> GO:1901679
GO:0071107 -[is_a]-> GO:0009725
GO:0071108 -[is_a]-> GO:0016579
GO:0071109 -[is_a]-> GO:0048856
GO:0071109 -[part_of]-> GO:0021987
GO:0071110 -[is_a]-> GO:0009305
GO:0071110 -[is_a]-> GO:0016570
GO:0071111 -[is_a]-> GO:0008081
GO:0071112 -[is_a]-> GO:0098797
GO:0071113 -[is_a]-> GO:0098797
GO:0071114 -[is_a]-> GO:0098797
GO:0071115 -[is_a]-> GO:0098797
GO:0071116 -[is_a]-> GO:0098797
GO:0071117 -[is_a]-> GO:0098797
GO:0071118 -[is_a]-> GO:0098797
GO:0071119 -[is_a]-> GO:0098797
GO:0071120 -[is_a]-> GO:0098797
GO:0071121 -[is_a]-> GO:0098797
GO:0071122 -[is_a]-> GO:0098797
GO:0071123 -[is_a]-> GO:0098797
GO:0071124 -[is_a]-> GO:0098797
GO:0071125 -[is_a]-> GO:0098797
GO:0071126 -[is_a]-> GO:0098797
GO:0071127 -[is_a]-> GO:0098797
GO:0071128 -[is_a]-> GO:0098797
GO:0071129 -[is_a]-> GO:0098797
GO:0071130 -[is_a]-> GO:0098797
GO:0071131 -[is_a]-> GO:0098797
GO:0071132 -[is_a]-> GO:0098797
GO:0071133 -[is_a]-> GO:0098797
GO:0071134 -[is_a]-> GO:0098797
GO:0071135 -[is_a]-> GO:0098797
GO:0071136 -[is_a]-> GO:0098797
GO:0071137 -[is_a]-> GO:0098797
GO:0071138 -[is_a]-> GO:0098797
GO:0071139 -[is_a]-> GO:0006259
GO:0071139 -[part_of]-> GO:0006310
GO:0071140 -[is_a]-> GO:0071139
GO:0071140 -[part_of]-> GO:0006312
GO:0071141 -[is_a]-> GO:0043234
GO:0071141 -[is_a]-> GO:0044424
GO:0071142 -[is_a]-> GO:0071141
GO:0071143 -[is_a]-> GO:0071141
GO:0071144 -[is_a]-> GO:0005667
GO:0071144 -[is_a]-> GO:0071141
GO:0071145 -[is_a]-> GO:0005667
GO:0071145 -[is_a]-> GO:0071141
GO:0071146 -[is_a]-> GO:0005667
GO:0071146 -[is_a]-> GO:0071141
GO:0071147 -[is_a]-> GO:0043234
GO:0071147 -[is_a]-> GO:0044424
GO:0071148 -[is_a]-> GO:0090575
GO:0071149 -[is_a]-> GO:0090575
GO:0071150 -[is_a]-> GO:0090575
GO:0071151 -[is_a]-> GO:0090575
GO:0071152 -[is_a]-> GO:0043234
GO:0071152 -[is_a]-> GO:0044424
GO:0071153 -[is_a]-> GO:0043234
GO:0071153 -[is_a]-> GO:0044424
GO:0071154 -[is_a]-> GO:0043234
GO:0071154 -[is_a]-> GO:0044424
GO:0071155 -[is_a]-> GO:0043234
GO:0071155 -[is_a]-> GO:0044424
GO:0071156 -[is_a]-> GO:0010564
GO:0071156 -[regulates]-> GO:0007050
GO:0071157 -[is_a]-> GO:0010948
GO:0071157 -[is_a]-> GO:0045787
GO:0071157 -[is_a]-> GO:0071156
GO:0071157 -[negatively_regulates]-> GO:0007050
GO:0071158 -[is_a]-> GO:0071156
GO:0071158 -[is_a]-> GO:0090068
GO:0071158 -[positively_regulates]-> GO:0007050
GO:0071159 -[is_a]-> GO:0043234
GO:0071159 -[is_a]-> GO:0044424
GO:0071160 -[is_a]-> GO:0043860
GO:0071161 -[is_a]-> GO:0043860
GO:0071162 -[is_a]-> GO:0031261
GO:0071162 -[is_a]-> GO:0044454
GO:0071162 -[has_part]-> GO:0000811
GO:0071162 -[has_part]-> GO:0042555
GO:0071163 -[is_a]-> GO:0022402
GO:0071163 -[is_a]-> GO:0065004
GO:0071163 -[part_of]-> GO:0033260
GO:0071164 -[is_a]-> GO:0008173
GO:0071164 -[part_of]-> GO:0036261
GO:0071165 -[is_a]-> GO:0043623
GO:0071165 -[is_a]-> GO:0071163
GO:0071166 -[is_a]-> GO:0051641
GO:0071167 -[is_a]-> GO:0051170
GO:0071167 -[part_of]-> GO:0071166
GO:0071168 -[is_a]-> GO:0034502
GO:0071169 -[is_a]-> GO:0070199
GO:0071169 -[part_of]-> GO:0071168
GO:0071170 -[is_a]-> GO:0006274
GO:0071171 -[is_a]-> GO:0071170
GO:0071171 -[part_of]-> GO:0071516
GO:0071172 -[is_a]-> GO:0016646
GO:0071173 -[is_a]-> GO:0031577
GO:0071174 -[is_a]-> GO:0007093
GO:0071174 -[is_a]-> GO:0031577
GO:0071174 -[is_a]-> GO:0045841
GO:0071174 -[negatively_regulates]-> GO:0007091
GO:0071174 -[part_of]-> GO:0000278
GO:0071175 -[is_a]-> GO:0043234
GO:0071175 -[is_a]-> GO:0044451
GO:0071176 -[is_a]-> GO:0043234
GO:0071176 -[is_a]-> GO:0044451
GO:0071177 -[is_a]-> GO:0043234
GO:0071177 -[is_a]-> GO:0044451
GO:0071178 -[is_a]-> GO:0043234
GO:0071178 -[is_a]-> GO:0044451
GO:0071179 -[is_a]-> GO:0043234
GO:0071179 -[is_a]-> GO:0044451
GO:0071180 -[is_a]-> GO:0043234
GO:0071180 -[is_a]-> GO:0044451
GO:0071181 -[is_a]-> GO:0043234
GO:0071181 -[is_a]-> GO:0044451
GO:0071182 -[is_a]-> GO:0043234
GO:0071182 -[is_a]-> GO:0044451
GO:0071183 -[is_a]-> GO:0098797
GO:0071184 -[is_a]-> GO:0071183
GO:0071185 -[is_a]-> GO:0071183
GO:0071186 -[is_a]-> GO:0071183
GO:0071187 -[is_a]-> GO:0071183
GO:0071188 -[is_a]-> GO:0071183
GO:0071189 -[is_a]-> GO:0071183
GO:0071190 -[is_a]-> GO:0071183
GO:0071191 -[is_a]-> GO:0071183
GO:0071192 -[is_a]-> GO:0008076
GO:0071193 -[is_a]-> GO:0008076
GO:0071194 -[is_a]-> GO:0008076
GO:0071195 -[is_a]-> GO:0008076
GO:0071196 -[is_a]-> GO:0008076
GO:0071197 -[is_a]-> GO:0008076
GO:0071198 -[is_a]-> GO:0008076
GO:0071199 -[is_a]-> GO:0008076
GO:0071200 -[is_a]-> GO:0008076
GO:0071201 -[is_a]-> GO:0008076
GO:0071202 -[is_a]-> GO:0008076
GO:0071203 -[is_a]-> GO:0043234
GO:0071203 -[is_a]-> GO:0044444
GO:0071204 -[is_a]-> GO:0030529
GO:0071204 -[is_a]-> GO:0044428
GO:0071205 -[is_a]-> GO:0034613
GO:0071205 -[is_a]-> GO:0099612
GO:0071206 -[is_a]-> GO:0045184
GO:0071206 -[part_of]-> GO:0071205
GO:0071207 -[is_a]-> GO:0036002
GO:0071208 -[is_a]-> GO:0003723
GO:0071209 -[is_a]-> GO:0017069
GO:0071210 -[is_a]-> GO:0051205
GO:0071210 -[part_of]-> GO:0031579
GO:0071211 -[is_a]-> GO:0006623
GO:0071211 -[part_of]-> GO:0006914
GO:0071212 -[is_a]-> GO:0033267
GO:0071212 -[is_a]-> GO:0043231
GO:0071212 -[is_a]-> GO:0044444
GO:0071212 -[is_a]-> GO:0044456
GO:0071212 -[part_of]-> GO:0061174
GO:0071213 -[is_a]-> GO:0009961
GO:0071213 -[is_a]-> GO:0071230
GO:0071214 -[is_a]-> GO:0009628
GO:0071214 -[is_a]-> GO:0051716
GO:0071215 -[is_a]-> GO:0009737
GO:0071215 -[is_a]-> GO:0032870
GO:0071215 -[is_a]-> GO:0071229
GO:0071215 -[is_a]-> GO:0071396
GO:0071215 -[is_a]-> GO:0097306
GO:0071216 -[is_a]-> GO:0009607
GO:0071216 -[is_a]-> GO:0051716
GO:0071217 -[is_a]-> GO:0043207
GO:0071217 -[is_a]-> GO:0071216
GO:0071217 -[is_a]-> GO:0071496
GO:0071218 -[is_a]-> GO:0035967
GO:0071218 -[is_a]-> GO:0051788
GO:0071219 -[is_a]-> GO:0002237
GO:0071219 -[is_a]-> GO:0071216
GO:0071220 -[is_a]-> GO:0032493
GO:0071220 -[is_a]-> GO:0071219
GO:0071221 -[is_a]-> GO:0070339
GO:0071221 -[is_a]-> GO:0071220
GO:0071222 -[is_a]-> GO:0032496
GO:0071222 -[is_a]-> GO:0071219
GO:0071222 -[is_a]-> GO:0071396
GO:0071222 -[is_a]-> GO:1901701
GO:0071223 -[is_a]-> GO:0070391
GO:0071223 -[is_a]-> GO:0071219
GO:0071223 -[is_a]-> GO:1901701
GO:0071224 -[is_a]-> GO:0032494
GO:0071224 -[is_a]-> GO:0071219
GO:0071224 -[is_a]-> GO:0071417
GO:0071224 -[is_a]-> GO:1901701
GO:0071225 -[is_a]-> GO:0032495
GO:0071225 -[is_a]-> GO:1901653
GO:0071226 -[is_a]-> GO:0002238
GO:0071226 -[is_a]-> GO:0071216
GO:0071227 -[is_a]-> GO:0002240
GO:0071227 -[is_a]-> GO:0071216
GO:0071227 -[is_a]-> GO:0071310
GO:0071227 -[part_of]-> GO:0009620
GO:0071228 -[is_a]-> GO:0002347
GO:0071228 -[is_a]-> GO:0071216
GO:0071229 -[is_a]-> GO:0001101
GO:0071229 -[is_a]-> GO:0070887
GO:0071230 -[is_a]-> GO:0043200
GO:0071230 -[is_a]-> GO:0071229
GO:0071230 -[is_a]-> GO:0071417
GO:0071230 -[is_a]-> GO:1901701
GO:0071231 -[is_a]-> GO:0051593
GO:0071231 -[is_a]-> GO:0071229
GO:0071231 -[is_a]-> GO:0071295
GO:0071231 -[is_a]-> GO:0071407
GO:0071231 -[is_a]-> GO:0071417
GO:0071231 -[is_a]-> GO:1901701
GO:0071232 -[is_a]-> GO:0071230
GO:0071232 -[is_a]-> GO:0071407
GO:0071232 -[is_a]-> GO:0080052
GO:0071233 -[is_a]-> GO:0043201
GO:0071233 -[is_a]-> GO:0071230
GO:0071234 -[is_a]-> GO:0071230
GO:0071234 -[is_a]-> GO:0071407
GO:0071234 -[is_a]-> GO:0080053
GO:0071235 -[is_a]-> GO:0010238
GO:0071235 -[is_a]-> GO:0071230
GO:0071235 -[is_a]-> GO:0071407
GO:0071236 -[is_a]-> GO:0046677
GO:0071236 -[is_a]-> GO:0070887
GO:0071237 -[is_a]-> GO:0046678
GO:0071237 -[is_a]-> GO:0071236
GO:0071237 -[is_a]-> GO:1901653
GO:0071238 -[is_a]-> GO:0031001
GO:0071238 -[is_a]-> GO:0071236
GO:0071238 -[is_a]-> GO:0071407
GO:0071238 -[is_a]-> GO:1901701
GO:0071239 -[is_a]-> GO:0046679
GO:0071239 -[is_a]-> GO:0071236
GO:0071239 -[is_a]-> GO:1901701
GO:0071240 -[is_a]-> GO:0032094
GO:0071240 -[is_a]-> GO:0070887
GO:0071241 -[is_a]-> GO:0010035
GO:0071241 -[is_a]-> GO:0070887
GO:0071242 -[is_a]-> GO:0060359
GO:0071242 -[is_a]-> GO:1901699
GO:0071243 -[is_a]-> GO:0046685
GO:0071243 -[is_a]-> GO:0070887
GO:0071244 -[is_a]-> GO:0010037
GO:0071244 -[is_a]-> GO:0071241
GO:0071244 -[is_a]-> GO:1901701
GO:0071245 -[is_a]-> GO:0034465
GO:0071245 -[is_a]-> GO:0071241
GO:0071245 -[is_a]-> GO:1901701
GO:0071246 -[is_a]-> GO:0010157
GO:0071246 -[is_a]-> GO:0071241
GO:0071246 -[is_a]-> GO:1901701
GO:0071247 -[is_a]-> GO:0046687
GO:0071247 -[is_a]-> GO:0071241
GO:0071247 -[is_a]-> GO:1901701
GO:0071248 -[is_a]-> GO:0010038
GO:0071248 -[is_a]-> GO:0071241
GO:0071249 -[is_a]-> GO:0010167
GO:0071249 -[is_a]-> GO:0071241
GO:0071249 -[is_a]-> GO:1901701
GO:0071249 -[is_a]-> GO:1902170
GO:0071250 -[is_a]-> GO:0071241
GO:0071250 -[is_a]-> GO:0080033
GO:0071250 -[is_a]-> GO:1901701
GO:0071250 -[is_a]-> GO:1902170
GO:0071251 -[is_a]-> GO:0034021
GO:0071251 -[is_a]-> GO:0071241
GO:0071251 -[is_a]-> GO:1901701
GO:0071252 -[is_a]-> GO:0010477
GO:0071252 -[is_a]-> GO:0071241
GO:0071252 -[is_a]-> GO:1901701
GO:0071253 -[is_a]-> GO:0005515
GO:0071254 -[is_a]-> GO:0030529
GO:0071254 -[is_a]-> GO:0044444
GO:0071255 -[is_a]-> GO:0016050
GO:0071255 -[is_a]-> GO:0070925
GO:0071255 -[part_of]-> GO:0032258
GO:0071256 -[is_a]-> GO:0044432
GO:0071256 -[is_a]-> GO:0098796
GO:0071256 -[part_of]-> GO:0030867
GO:0071257 -[is_a]-> GO:0051602
GO:0071257 -[is_a]-> GO:0071214
GO:0071258 -[is_a]-> GO:0009629
GO:0071258 -[is_a]-> GO:0071214
GO:0071259 -[is_a]-> GO:0071000
GO:0071259 -[is_a]-> GO:0071214
GO:0071260 -[is_a]-> GO:0009612
GO:0071260 -[is_a]-> GO:0071214
GO:0071260 -[is_a]-> GO:0071496
GO:0071261 -[is_a]-> GO:0071256
GO:0071262 -[is_a]-> GO:0009267
GO:0071262 -[is_a]-> GO:0043558
GO:0071263 -[is_a]-> GO:0032057
GO:0071263 -[is_a]-> GO:0071262
GO:0071264 -[is_a]-> GO:0032058
GO:0071264 -[is_a]-> GO:0071262
GO:0071265 -[is_a]-> GO:0009086
GO:0071266 -[is_a]-> GO:0071265
GO:0071267 -[is_a]-> GO:0043102
GO:0071267 -[is_a]-> GO:0071265
GO:0071268 -[is_a]-> GO:0000097
GO:0071268 -[is_a]-> GO:0050667
GO:0071268 -[is_a]-> GO:1901607
GO:0071269 -[is_a]-> GO:0009070
GO:0071269 -[is_a]-> GO:0071268
GO:0071270 -[is_a]-> GO:0034308
GO:0071271 -[is_a]-> GO:0034309
GO:0071271 -[is_a]-> GO:0071270
GO:0071272 -[is_a]-> GO:0033076
GO:0071272 -[is_a]-> GO:1901376
GO:0071273 -[is_a]-> GO:0071272
GO:0071273 -[is_a]-> GO:0071274
GO:0071273 -[is_a]-> GO:1901377
GO:0071274 -[is_a]-> GO:0009822
GO:0071274 -[is_a]-> GO:0019439
GO:0071274 -[is_a]-> GO:0033076
GO:0071274 -[is_a]-> GO:0046700
GO:0071274 -[is_a]-> GO:1901361
GO:0071275 -[is_a]-> GO:0010044
GO:0071275 -[is_a]-> GO:0071248
GO:0071276 -[is_a]-> GO:0046686
GO:0071276 -[is_a]-> GO:0071248
GO:0071277 -[is_a]-> GO:0051592
GO:0071277 -[is_a]-> GO:0071248
GO:0071278 -[is_a]-> GO:0010164
GO:0071278 -[is_a]-> GO:0071248
GO:0071279 -[is_a]-> GO:0032025
GO:0071279 -[is_a]-> GO:0071248
GO:0071280 -[is_a]-> GO:0046688
GO:0071280 -[is_a]-> GO:0071248
GO:0071281 -[is_a]-> GO:0010039
GO:0071281 -[is_a]-> GO:0071248
GO:0071282 -[is_a]-> GO:0010040
GO:0071282 -[is_a]-> GO:0071281
GO:0071283 -[is_a]-> GO:0010041
GO:0071283 -[is_a]-> GO:0071281
GO:0071284 -[is_a]-> GO:0010288
GO:0071284 -[is_a]-> GO:0071248
GO:0071285 -[is_a]-> GO:0010226
GO:0071285 -[is_a]-> GO:0071248
GO:0071286 -[is_a]-> GO:0032026
GO:0071286 -[is_a]-> GO:0071248
GO:0071287 -[is_a]-> GO:0010042
GO:0071287 -[is_a]-> GO:0071248
GO:0071288 -[is_a]-> GO:0046689
GO:0071288 -[is_a]-> GO:0071248
GO:0071289 -[is_a]-> GO:0010045
GO:0071289 -[is_a]-> GO:0071248
GO:0071290 -[is_a]-> GO:0070541
GO:0071290 -[is_a]-> GO:0071248
GO:0071291 -[is_a]-> GO:0010269
GO:0071291 -[is_a]-> GO:0071248
GO:0071292 -[is_a]-> GO:0010272
GO:0071292 -[is_a]-> GO:0071248
GO:0071293 -[is_a]-> GO:0046690
GO:0071293 -[is_a]-> GO:0071248
GO:0071294 -[is_a]-> GO:0010043
GO:0071294 -[is_a]-> GO:0071248
GO:0071295 -[is_a]-> GO:0031670
GO:0071295 -[is_a]-> GO:0033273
GO:0071296 -[is_a]-> GO:0070781
GO:0071296 -[is_a]-> GO:0071229
GO:0071296 -[is_a]-> GO:0071295
GO:0071296 -[is_a]-> GO:0071407
GO:0071296 -[is_a]-> GO:0071417
GO:0071296 -[is_a]-> GO:1901701
GO:0071297 -[is_a]-> GO:0033590
GO:0071297 -[is_a]-> GO:0071295
GO:0071297 -[is_a]-> GO:0071407
GO:0071297 -[is_a]-> GO:0071417
GO:0071298 -[is_a]-> GO:0010033
GO:0071298 -[is_a]-> GO:1901701
GO:0071299 -[is_a]-> GO:0033189
GO:0071299 -[is_a]-> GO:0071295
GO:0071299 -[is_a]-> GO:0071396
GO:0071300 -[is_a]-> GO:0032526
GO:0071300 -[is_a]-> GO:0071229
GO:0071300 -[is_a]-> GO:0071396
GO:0071300 -[is_a]-> GO:1901701
GO:0071301 -[is_a]-> GO:0010266
GO:0071301 -[is_a]-> GO:0071295
GO:0071301 -[is_a]-> GO:0071407
GO:0071301 -[is_a]-> GO:0071417
GO:0071302 -[is_a]-> GO:0033274
GO:0071302 -[is_a]-> GO:0071295
GO:0071302 -[is_a]-> GO:0071407
GO:0071302 -[is_a]-> GO:0071417
GO:0071303 -[is_a]-> GO:0033552
GO:0071303 -[is_a]-> GO:0071295
GO:0071304 -[is_a]-> GO:0034516
GO:0071304 -[is_a]-> GO:0071295
GO:0071304 -[is_a]-> GO:0071407
GO:0071304 -[is_a]-> GO:0071417
GO:0071305 -[is_a]-> GO:0033280
GO:0071305 -[is_a]-> GO:0071295
GO:0071305 -[is_a]-> GO:0071396
GO:0071305 -[is_a]-> GO:0071407
GO:0071305 -[is_a]-> GO:1901701
GO:0071306 -[is_a]-> GO:0033197
GO:0071306 -[is_a]-> GO:0071295
GO:0071306 -[is_a]-> GO:0071407
GO:0071306 -[is_a]-> GO:1901701
GO:0071307 -[is_a]-> GO:0032571
GO:0071307 -[is_a]-> GO:0071295
GO:0071307 -[is_a]-> GO:1901655
GO:0071308 -[is_a]-> GO:0032572
GO:0071308 -[is_a]-> GO:0071310
GO:0071308 -[is_a]-> GO:1901655
GO:0071309 -[is_a]-> GO:0032573
GO:0071309 -[is_a]-> GO:1901655
GO:0071310 -[is_a]-> GO:0010033
GO:0071310 -[is_a]-> GO:0070887
GO:0071311 -[is_a]-> GO:0010034
GO:0071311 -[is_a]-> GO:0071310
GO:0071311 -[is_a]-> GO:1901701
GO:0071312 -[is_a]-> GO:0043279
GO:0071312 -[is_a]-> GO:0071417
GO:0071313 -[is_a]-> GO:0031000
GO:0071313 -[is_a]-> GO:0071312
GO:0071313 -[is_a]-> GO:0071415
GO:0071314 -[is_a]-> GO:0042220
GO:0071314 -[is_a]-> GO:0071312
GO:0071314 -[is_a]-> GO:0071407
GO:0071314 -[is_a]-> GO:1901701
GO:0071315 -[is_a]-> GO:0043278
GO:0071315 -[is_a]-> GO:0071317
GO:0071316 -[is_a]-> GO:0035094
GO:0071316 -[is_a]-> GO:0071312
GO:0071316 -[is_a]-> GO:0071407
GO:0071317 -[is_a]-> GO:0014072
GO:0071317 -[is_a]-> GO:0071312
GO:0071317 -[is_a]-> GO:0071407
GO:0071318 -[is_a]-> GO:0033198
GO:0071318 -[is_a]-> GO:0071407
GO:0071318 -[is_a]-> GO:0071417
GO:0071318 -[is_a]-> GO:1901701
GO:0071319 -[is_a]-> GO:0071229
GO:0071319 -[is_a]-> GO:0071407
GO:0071319 -[is_a]-> GO:0080021
GO:0071319 -[is_a]-> GO:1901701
GO:0071320 -[is_a]-> GO:0051591
GO:0071320 -[is_a]-> GO:0071407
GO:0071320 -[is_a]-> GO:0071417
GO:0071320 -[is_a]-> GO:1901701
GO:0071321 -[is_a]-> GO:0070305
GO:0071321 -[is_a]-> GO:0071407
GO:0071321 -[is_a]-> GO:0071417
GO:0071321 -[is_a]-> GO:1901701
GO:0071322 -[is_a]-> GO:0009743
GO:0071322 -[is_a]-> GO:0071310
GO:0071322 -[is_a]-> GO:1901701
GO:0071323 -[is_a]-> GO:0010200
GO:0071323 -[is_a]-> GO:0071417
GO:0071323 -[is_a]-> GO:1901701
GO:0071324 -[is_a]-> GO:0034285
GO:0071324 -[is_a]-> GO:0071322
GO:0071325 -[is_a]-> GO:0010555
GO:0071325 -[is_a]-> GO:0071322
GO:0071326 -[is_a]-> GO:0034284
GO:0071326 -[is_a]-> GO:0071322
GO:0071327 -[is_a]-> GO:0010353
GO:0071327 -[is_a]-> GO:0071324
GO:0071328 -[is_a]-> GO:0034286
GO:0071328 -[is_a]-> GO:0071324
GO:0071329 -[is_a]-> GO:0009744
GO:0071329 -[is_a]-> GO:0071324
GO:0071330 -[is_a]-> GO:0071324
GO:0071330 -[is_a]-> GO:0080094
GO:0071331 -[is_a]-> GO:0009746
GO:0071331 -[is_a]-> GO:0071326
GO:0071332 -[is_a]-> GO:0009750
GO:0071332 -[is_a]-> GO:0071331
GO:0071333 -[is_a]-> GO:0001678
GO:0071333 -[is_a]-> GO:0009749
GO:0071333 -[is_a]-> GO:0071331
GO:0071334 -[is_a]-> GO:0032149
GO:0071334 -[is_a]-> GO:0071331
GO:0071335 -[is_a]-> GO:0008283
GO:0071336 -[is_a]-> GO:0042127
GO:0071336 -[regulates]-> GO:0071335
GO:0071337 -[is_a]-> GO:0008285
GO:0071337 -[is_a]-> GO:0071336
GO:0071337 -[negatively_regulates]-> GO:0071335
GO:0071338 -[is_a]-> GO:0008284
GO:0071338 -[is_a]-> GO:0071336
GO:0071338 -[positively_regulates]-> GO:0071335
GO:0071339 -[is_a]-> GO:0044665
GO:0071340 -[is_a]-> GO:0043113
GO:0071340 -[part_of]-> GO:0001941
GO:0071340 -[part_of]-> GO:0007528
GO:0071341 -[is_a]-> GO:0032155
GO:0071341 -[is_a]-> GO:0044448
GO:0071341 -[part_of]-> GO:0031097
GO:0071342 -[is_a]-> GO:0044087
GO:0071342 -[is_a]-> GO:1901648
GO:0071342 -[is_a]-> GO:2000073
GO:0071342 -[regulates]-> GO:0032188
GO:0071344 -[is_a]-> GO:0006793
GO:0071344 -[is_a]-> GO:0043436
GO:0071345 -[is_a]-> GO:0034097
GO:0071345 -[is_a]-> GO:0071310
GO:0071346 -[is_a]-> GO:0034341
GO:0071346 -[is_a]-> GO:0071345
GO:0071347 -[is_a]-> GO:0070555
GO:0071347 -[is_a]-> GO:0071345
GO:0071348 -[is_a]-> GO:0071105
GO:0071348 -[is_a]-> GO:0071345
GO:0071349 -[is_a]-> GO:0070671
GO:0071349 -[is_a]-> GO:0071345
GO:0071350 -[is_a]-> GO:0070672
GO:0071350 -[is_a]-> GO:0071345
GO:0071351 -[is_a]-> GO:0070673
GO:0071351 -[is_a]-> GO:0071345
GO:0071352 -[is_a]-> GO:0070669
GO:0071352 -[is_a]-> GO:0071345
GO:0071353 -[is_a]-> GO:0070670
GO:0071353 -[is_a]-> GO:0071345
GO:0071354 -[is_a]-> GO:0070741
GO:0071354 -[is_a]-> GO:0071345
GO:0071355 -[is_a]-> GO:0071104
GO:0071355 -[is_a]-> GO:0071345
GO:0071356 -[is_a]-> GO:0034612
GO:0071356 -[is_a]-> GO:0071345
GO:0071357 -[is_a]-> GO:0034340
GO:0071357 -[is_a]-> GO:0071345
GO:0071358 -[is_a]-> GO:0034342
GO:0071358 -[is_a]-> GO:0071345
GO:0071359 -[is_a]-> GO:0043331
GO:0071359 -[is_a]-> GO:0071407
GO:0071359 -[is_a]-> GO:1901699
GO:0071360 -[is_a]-> GO:0043330
GO:0071360 -[is_a]-> GO:0071359
GO:0071361 -[is_a]-> GO:0045471
GO:0071361 -[is_a]-> GO:0097306
GO:0071362 -[is_a]-> GO:0045472
GO:0071362 -[is_a]-> GO:1901701
GO:0071363 -[is_a]-> GO:0070848
GO:0071363 -[is_a]-> GO:0071310
GO:0071364 -[is_a]-> GO:0070849
GO:0071364 -[is_a]-> GO:0071363
GO:0071364 -[is_a]-> GO:0071495
GO:0071365 -[is_a]-> GO:0009733
GO:0071365 -[is_a]-> GO:0032870
GO:0071366 -[is_a]-> GO:0071229
GO:0071366 -[is_a]-> GO:0071365
GO:0071366 -[is_a]-> GO:0071407
GO:0071366 -[is_a]-> GO:0071417
GO:0071366 -[is_a]-> GO:0080026
GO:0071366 -[is_a]-> GO:1901701
GO:0071367 -[is_a]-> GO:0009741
GO:0071367 -[is_a]-> GO:0032870
GO:0071367 -[is_a]-> GO:0071396
GO:0071367 -[is_a]-> GO:0071407
GO:0071367 -[is_a]-> GO:1901701
GO:0071368 -[is_a]-> GO:0009735
GO:0071368 -[is_a]-> GO:0032870
GO:0071369 -[is_a]-> GO:0009723
GO:0071369 -[is_a]-> GO:0032870
GO:0071370 -[is_a]-> GO:0009739
GO:0071370 -[is_a]-> GO:0032870
GO:0071370 -[is_a]-> GO:0071229
GO:0071370 -[is_a]-> GO:0071396
GO:0071370 -[is_a]-> GO:1901701
GO:0071371 -[is_a]-> GO:0032870
GO:0071371 -[is_a]-> GO:0034698
GO:0071372 -[is_a]-> GO:0032354
GO:0071372 -[is_a]-> GO:0071371
GO:0071373 -[is_a]-> GO:0034699
GO:0071373 -[is_a]-> GO:0071371
GO:0071374 -[is_a]-> GO:0032870
GO:0071374 -[is_a]-> GO:0071107
GO:0071375 -[is_a]-> GO:0032870
GO:0071375 -[is_a]-> GO:0043434
GO:0071375 -[is_a]-> GO:1901653
GO:0071376 -[is_a]-> GO:0043435
GO:0071376 -[is_a]-> GO:0071375
GO:0071377 -[is_a]-> GO:0033762
GO:0071377 -[is_a]-> GO:0071375
GO:0071378 -[is_a]-> GO:0060416
GO:0071378 -[is_a]-> GO:0071375
GO:0071379 -[is_a]-> GO:0032870
GO:0071379 -[is_a]-> GO:0034694
GO:0071380 -[is_a]-> GO:0034695
GO:0071380 -[is_a]-> GO:0071379
GO:0071380 -[is_a]-> GO:1901655
GO:0071381 -[is_a]-> GO:0034696
GO:0071381 -[is_a]-> GO:0071379
GO:0071382 -[is_a]-> GO:0034697
GO:0071382 -[is_a]-> GO:0071379
GO:0071383 -[is_a]-> GO:0032870
GO:0071383 -[is_a]-> GO:0048545
GO:0071383 -[is_a]-> GO:0071396
GO:0071383 -[is_a]-> GO:0071407
GO:0071384 -[is_a]-> GO:0031960
GO:0071384 -[is_a]-> GO:0071383
GO:0071385 -[is_a]-> GO:0051384
GO:0071385 -[is_a]-> GO:0071384
GO:0071386 -[is_a]-> GO:0051412
GO:0071386 -[is_a]-> GO:0071385
GO:0071386 -[is_a]-> GO:0071389
GO:0071386 -[is_a]-> GO:1901655
GO:0071387 -[is_a]-> GO:0051414
GO:0071387 -[is_a]-> GO:0071385
GO:0071387 -[is_a]-> GO:1901655
GO:0071388 -[is_a]-> GO:0051413
GO:0071388 -[is_a]-> GO:0071385
GO:0071388 -[is_a]-> GO:1901655
GO:0071389 -[is_a]-> GO:0051385
GO:0071389 -[is_a]-> GO:0071384
GO:0071390 -[is_a]-> GO:0035075
GO:0071390 -[is_a]-> GO:0036315
GO:0071390 -[is_a]-> GO:0097306
GO:0071390 -[is_a]-> GO:1901655
GO:0071391 -[is_a]-> GO:0043627
GO:0071391 -[is_a]-> GO:0070887
GO:0071392 -[is_a]-> GO:0032355
GO:0071392 -[is_a]-> GO:0071396
GO:0071392 -[is_a]-> GO:0071407
GO:0071392 -[is_a]-> GO:1901701
GO:0071393 -[is_a]-> GO:0032570
GO:0071393 -[is_a]-> GO:0071383
GO:0071393 -[is_a]-> GO:1901655
GO:0071394 -[is_a]-> GO:0033574
GO:0071394 -[is_a]-> GO:0071396
GO:0071394 -[is_a]-> GO:0071407
GO:0071394 -[is_a]-> GO:1901655
GO:0071395 -[is_a]-> GO:0009753
GO:0071395 -[is_a]-> GO:0032870
GO:0071395 -[is_a]-> GO:0071229
GO:0071395 -[is_a]-> GO:1901701
GO:0071396 -[is_a]-> GO:0033993
GO:0071396 -[is_a]-> GO:0071310
GO:0071397 -[is_a]-> GO:0036315
GO:0071397 -[is_a]-> GO:0070723
GO:0071397 -[is_a]-> GO:0097306
GO:0071398 -[is_a]-> GO:0070542
GO:0071398 -[is_a]-> GO:0071229
GO:0071398 -[is_a]-> GO:0071396
GO:0071398 -[is_a]-> GO:1901701
GO:0071399 -[is_a]-> GO:0070543
GO:0071399 -[is_a]-> GO:0071396
GO:0071399 -[is_a]-> GO:1901701
GO:0071400 -[is_a]-> GO:0034201
GO:0071400 -[is_a]-> GO:0071396
GO:0071400 -[is_a]-> GO:1901701
GO:0071401 -[is_a]-> GO:0034014
GO:0071401 -[is_a]-> GO:0071396
GO:0071401 -[is_a]-> GO:1901701
GO:0071402 -[is_a]-> GO:0055094
GO:0071402 -[is_a]-> GO:0071310
GO:0071402 -[is_a]-> GO:0071495
GO:0071403 -[is_a]-> GO:0055099
GO:0071403 -[is_a]-> GO:0071402
GO:0071404 -[is_a]-> GO:0055098
GO:0071404 -[is_a]-> GO:0071402
GO:0071405 -[is_a]-> GO:0033986
GO:0071405 -[is_a]-> GO:0071229
GO:0071405 -[is_a]-> GO:0097306
GO:0071406 -[is_a]-> GO:0051597
GO:0071406 -[is_a]-> GO:0071310
GO:0071407 -[is_a]-> GO:0014070
GO:0071407 -[is_a]-> GO:0071310
GO:0071408 -[is_a]-> GO:0014071
GO:0071408 -[is_a]-> GO:0071407
GO:0071409 -[is_a]-> GO:0046898
GO:0071409 -[is_a]-> GO:0071407
GO:0071409 -[is_a]-> GO:0071417
GO:0071409 -[is_a]-> GO:0097306
GO:0071409 -[is_a]-> GO:1901655
GO:0071410 -[is_a]-> GO:0010583
GO:0071410 -[is_a]-> GO:0071407
GO:0071411 -[is_a]-> GO:0014076
GO:0071411 -[is_a]-> GO:0035690
GO:0071412 -[is_a]-> GO:0033595
GO:0071412 -[is_a]-> GO:0071413
GO:0071413 -[is_a]-> GO:0033594
GO:0071413 -[is_a]-> GO:1901655
GO:0071413 -[is_a]-> GO:1905546
GO:0071414 -[is_a]-> GO:0031427
GO:0071414 -[is_a]-> GO:0071229
GO:0071414 -[is_a]-> GO:0071407
GO:0071414 -[is_a]-> GO:0071417
GO:0071414 -[is_a]-> GO:1901701
GO:0071415 -[is_a]-> GO:0014074
GO:0071415 -[is_a]-> GO:0071407
GO:0071415 -[is_a]-> GO:0071417
GO:0071416 -[is_a]-> GO:0014073
GO:0071416 -[is_a]-> GO:0071312
GO:0071416 -[is_a]-> GO:0071407
GO:0071417 -[is_a]-> GO:0010243
GO:0071417 -[is_a]-> GO:0071310
GO:0071417 -[is_a]-> GO:0071495
GO:0071417 -[is_a]-> GO:1901699
GO:0071418 -[is_a]-> GO:0014075
GO:0071418 -[is_a]-> GO:0071417
GO:0071419 -[is_a]-> GO:0001975
GO:0071419 -[is_a]-> GO:0071418
GO:0071420 -[is_a]-> GO:0034776
GO:0071420 -[is_a]-> GO:0071407
GO:0071420 -[is_a]-> GO:0071417
GO:0071421 -[is_a]-> GO:0006828
GO:0071421 -[is_a]-> GO:0098662
GO:0071422 -[is_a]-> GO:0015744
GO:0071422 -[is_a]-> GO:0098656
GO:0071423 -[is_a]-> GO:0015743
GO:0071423 -[is_a]-> GO:0098656
GO:0071424 -[is_a]-> GO:0008170
GO:0071424 -[is_a]-> GO:0016434
GO:0071425 -[is_a]-> GO:0072089
GO:0071425 -[part_of]-> GO:0030097
GO:0071426 -[is_a]-> GO:0051168
GO:0071426 -[has_part]-> GO:0006405
GO:0071426 -[part_of]-> GO:0071166
GO:0071427 -[is_a]-> GO:0071426
GO:0071428 -[is_a]-> GO:0071426
GO:0071429 -[is_a]-> GO:0071426
GO:0071429 -[has_part]-> GO:0006408
GO:0071430 -[is_a]-> GO:0071426
GO:0071430 -[has_part]-> GO:0035281
GO:0071431 -[is_a]-> GO:0071426
GO:0071432 -[is_a]-> GO:0007323
GO:0071432 -[is_a]-> GO:0022414
GO:0071432 -[part_of]-> GO:0000747
GO:0071433 -[is_a]-> GO:0071555
GO:0071434 -[is_a]-> GO:0060326
GO:0071435 -[is_a]-> GO:0071805
GO:0071436 -[is_a]-> GO:0035725
GO:0071437 -[is_a]-> GO:0042995
GO:0071438 -[is_a]-> GO:0031253
GO:0071438 -[part_of]-> GO:0071437
GO:0071439 -[is_a]-> GO:0044444
GO:0071439 -[is_a]-> GO:0098796
GO:0071439 -[part_of]-> GO:0030118
GO:0071440 -[is_a]-> GO:0035065
GO:0071440 -[regulates]-> GO:0044154
GO:0071441 -[is_a]-> GO:0035067
GO:0071441 -[is_a]-> GO:0071440
GO:0071441 -[negatively_regulates]-> GO:0044154
GO:0071442 -[is_a]-> GO:0035066
GO:0071442 -[is_a]-> GO:0071440
GO:0071442 -[positively_regulates]-> GO:0044154
GO:0071443 -[is_a]-> GO:1990837
GO:0071444 -[is_a]-> GO:0019236
GO:0071444 -[is_a]-> GO:0071310
GO:0071446 -[is_a]-> GO:0009751
GO:0071446 -[is_a]-> GO:0071229
GO:0071446 -[is_a]-> GO:0071407
GO:0071446 -[is_a]-> GO:1901701
GO:0071447 -[is_a]-> GO:0033194
GO:0071447 -[is_a]-> GO:0034599
GO:0071447 -[is_a]-> GO:1901701
GO:0071448 -[is_a]-> GO:0033195
GO:0071448 -[is_a]-> GO:0071447
GO:0071449 -[is_a]-> GO:0006982
GO:0071449 -[is_a]-> GO:0071447
GO:0071450 -[is_a]-> GO:0000305
GO:0071450 -[is_a]-> GO:0034614
GO:0071451 -[is_a]-> GO:0000303
GO:0071451 -[is_a]-> GO:0071450
GO:0071452 -[is_a]-> GO:0000304
GO:0071452 -[is_a]-> GO:0034614
GO:0071453 -[is_a]-> GO:0070482
GO:0071453 -[is_a]-> GO:0070887
GO:0071454 -[is_a]-> GO:0033554
GO:0071454 -[is_a]-> GO:0034059
GO:0071454 -[is_a]-> GO:0036294
GO:0071455 -[is_a]-> GO:0033554
GO:0071455 -[is_a]-> GO:0036295
GO:0071455 -[is_a]-> GO:0055093
GO:0071456 -[is_a]-> GO:0001666
GO:0071456 -[is_a]-> GO:0033554
GO:0071456 -[is_a]-> GO:0036294
GO:0071457 -[is_a]-> GO:0010193
GO:0071457 -[is_a]-> GO:0034614
GO:0071457 -[is_a]-> GO:0071229
GO:0071458 -[is_a]-> GO:0030176
GO:0071458 -[part_of]-> GO:0098554
GO:0071459 -[is_a]-> GO:0034502
GO:0071460 -[is_a]-> GO:0031668
GO:0071461 -[is_a]-> GO:0051775
GO:0071462 -[is_a]-> GO:0009415
GO:0071462 -[is_a]-> GO:0071214
GO:0071462 -[is_a]-> GO:0071229
GO:0071462 -[is_a]-> GO:1901701
GO:0071463 -[is_a]-> GO:0009270
GO:0071463 -[is_a]-> GO:0071462
GO:0071464 -[is_a]-> GO:0033554
GO:0071464 -[is_a]-> GO:0051599
GO:0071464 -[is_a]-> GO:0071462
GO:0071465 -[is_a]-> GO:0009269
GO:0071465 -[is_a]-> GO:0042631
GO:0071466 -[is_a]-> GO:0009410
GO:0071466 -[is_a]-> GO:0070887
GO:0071467 -[is_a]-> GO:0009268
GO:0071467 -[is_a]-> GO:0071214
GO:0071468 -[is_a]-> GO:0010447
GO:0071468 -[is_a]-> GO:0071467
GO:0071469 -[is_a]-> GO:0010446
GO:0071469 -[is_a]-> GO:0071467
GO:0071470 -[is_a]-> GO:0006970
GO:0071470 -[is_a]-> GO:0033554
GO:0071470 -[is_a]-> GO:0071214
GO:0071471 -[is_a]-> GO:0010335
GO:0071471 -[is_a]-> GO:0071470
GO:0071472 -[is_a]-> GO:0009651
GO:0071472 -[is_a]-> GO:0071470
GO:0071473 -[is_a]-> GO:0043157
GO:0071473 -[is_a]-> GO:0071472
GO:0071474 -[is_a]-> GO:0006972
GO:0071474 -[is_a]-> GO:0071470
GO:0071475 -[is_a]-> GO:0042538
GO:0071475 -[is_a]-> GO:0071472
GO:0071475 -[is_a]-> GO:0071474
GO:0071476 -[is_a]-> GO:0006971
GO:0071476 -[is_a]-> GO:0071470
GO:0071477 -[is_a]-> GO:0042539
GO:0071477 -[is_a]-> GO:0071472
GO:0071477 -[is_a]-> GO:0071476
GO:0071478 -[is_a]-> GO:0009314
GO:0071478 -[is_a]-> GO:0071214
GO:0071479 -[is_a]-> GO:0010212
GO:0071479 -[is_a]-> GO:0071478
GO:0071480 -[is_a]-> GO:0010332
GO:0071480 -[is_a]-> GO:0071479
GO:0071481 -[is_a]-> GO:0010165
GO:0071481 -[is_a]-> GO:0071479
GO:0071482 -[is_a]-> GO:0009416
GO:0071482 -[is_a]-> GO:0071478
GO:0071483 -[is_a]-> GO:0009637
GO:0071483 -[is_a]-> GO:0071482
GO:0071484 -[is_a]-> GO:0009642
GO:0071484 -[is_a]-> GO:0071482
GO:0071485 -[is_a]-> GO:0009646
GO:0071485 -[is_a]-> GO:0071484
GO:0071486 -[is_a]-> GO:0009644
GO:0071486 -[is_a]-> GO:0071484
GO:0071487 -[is_a]-> GO:0009645
GO:0071487 -[is_a]-> GO:0071484
GO:0071488 -[is_a]-> GO:0055122
GO:0071488 -[is_a]-> GO:0071484
GO:0071489 -[is_a]-> GO:0009639
GO:0071489 -[is_a]-> GO:0071482
GO:0071490 -[is_a]-> GO:0010218
GO:0071490 -[is_a]-> GO:0071489
GO:0071491 -[is_a]-> GO:0010114
GO:0071491 -[is_a]-> GO:0071489
GO:0071492 -[is_a]-> GO:0034644
GO:0071492 -[is_a]-> GO:0070141
GO:0071493 -[is_a]-> GO:0010224
GO:0071493 -[is_a]-> GO:0034644
GO:0071494 -[is_a]-> GO:0010225
GO:0071494 -[is_a]-> GO:0034644
GO:0071495 -[is_a]-> GO:0009719
GO:0071496 -[is_a]-> GO:0009605
GO:0071497 -[is_a]-> GO:0050826
GO:0071497 -[is_a]-> GO:0070417
GO:0071498 -[is_a]-> GO:0033554
GO:0071498 -[is_a]-> GO:0034405
GO:0071499 -[is_a]-> GO:0034616
GO:0071499 -[is_a]-> GO:0071498
GO:0071500 -[is_a]-> GO:0033554
GO:0071500 -[is_a]-> GO:0051409
GO:0071501 -[is_a]-> GO:0006991
GO:0071501 -[is_a]-> GO:0033554
GO:0071502 -[is_a]-> GO:0009266
GO:0071503 -[is_a]-> GO:0010243
GO:0071503 -[is_a]-> GO:1901700
GO:0071504 -[is_a]-> GO:0071417
GO:0071504 -[is_a]-> GO:0071503
GO:0071504 -[is_a]-> GO:1901701
GO:0071505 -[is_a]-> GO:0010033
GO:0071505 -[is_a]-> GO:1901700
GO:0071506 -[is_a]-> GO:0071505
GO:0071506 -[is_a]-> GO:1901701
GO:0071507 -[is_a]-> GO:0000165
GO:0071507 -[is_a]-> GO:0032005
GO:0071507 -[is_a]-> GO:0044702
GO:0071507 -[part_of]-> GO:0000747
GO:0071507 -[part_of]-> GO:0000750
GO:0071508 -[is_a]-> GO:0000187
GO:0071508 -[is_a]-> GO:0090028
GO:0071508 -[positively_regulates]-> GO:0038071
GO:0071509 -[is_a]-> GO:0000186
GO:0071509 -[is_a]-> GO:0090028
GO:0071509 -[positively_regulates]-> GO:0038072
GO:0071510 -[is_a]-> GO:0000185
GO:0071510 -[is_a]-> GO:0090028
GO:0071510 -[positively_regulates]-> GO:0038073
GO:0071511 -[is_a]-> GO:0000188
GO:0071511 -[is_a]-> GO:0090029
GO:0071511 -[negatively_regulates]-> GO:0038071
GO:0071512 -[is_a]-> GO:0000189
GO:0071512 -[is_a]-> GO:0044702
GO:0071512 -[part_of]-> GO:0000747
GO:0071512 -[part_of]-> GO:0071507
GO:0071513 -[is_a]-> GO:0044444
GO:0071513 -[is_a]-> GO:1902494
GO:0071514 -[is_a]-> GO:0006139
GO:0071514 -[is_a]-> GO:0060255
GO:0071515 -[is_a]-> GO:0006259
GO:0071515 -[is_a]-> GO:0031494
GO:0071515 -[is_a]-> GO:0071514
GO:0071516 -[is_a]-> GO:0006259
GO:0071516 -[part_of]-> GO:0071515
GO:0071517 -[is_a]-> GO:0006259
GO:0071517 -[part_of]-> GO:0071515
GO:0071518 -[is_a]-> GO:0016301
GO:0071519 -[is_a]-> GO:0051017
GO:0071519 -[is_a]-> GO:2000689
GO:0071519 -[part_of]-> GO:0000915
GO:0071520 -[is_a]-> GO:0090426
GO:0071520 -[is_a]-> GO:2000689
GO:0071520 -[part_of]-> GO:0000915
GO:0071521 -[is_a]-> GO:0043234
GO:0071521 -[is_a]-> GO:0044444
GO:0071522 -[is_a]-> GO:0016813
GO:0071523 -[is_a]-> GO:0006461
GO:0071524 -[is_a]-> GO:0016053
GO:0071524 -[is_a]-> GO:0018130
GO:0071524 -[is_a]-> GO:0042398
GO:0071524 -[is_a]-> GO:0043604
GO:0071524 -[is_a]-> GO:0071525
GO:0071524 -[is_a]-> GO:1901362
GO:0071525 -[is_a]-> GO:0006082
GO:0071525 -[is_a]-> GO:0006575
GO:0071525 -[is_a]-> GO:0043603
GO:0071525 -[is_a]-> GO:0046483
GO:0071525 -[is_a]-> GO:1901360
GO:0071526 -[is_a]-> GO:0007166
GO:0071527 -[is_a]-> GO:0061311
GO:0071527 -[is_a]-> GO:0071526
GO:0071527 -[part_of]-> GO:0003151
GO:0071528 -[is_a]-> GO:0006409
GO:0071529 -[is_a]-> GO:0034505
GO:0071530 -[is_a]-> GO:0006461
GO:0071531 -[is_a]-> GO:0006461
GO:0071532 -[is_a]-> GO:0019904
GO:0071533 -[is_a]-> GO:0006461
GO:0071534 -[is_a]-> GO:0006461
GO:0071535 -[is_a]-> GO:0019904
GO:0071536 -[is_a]-> GO:0006461
GO:0071537 -[is_a]-> GO:0006461
GO:0071538 -[is_a]-> GO:0006461
GO:0071539 -[is_a]-> GO:1905508
GO:0071540 -[is_a]-> GO:0005852
GO:0071541 -[is_a]-> GO:0005852
GO:0071542 -[is_a]-> GO:0030182
GO:0071543 -[is_a]-> GO:0043647
GO:0071544 -[is_a]-> GO:0071543
GO:0071544 -[is_a]-> GO:0071545
GO:0071545 -[is_a]-> GO:0043647
GO:0071545 -[is_a]-> GO:0046174
GO:0071545 -[is_a]-> GO:0046434
GO:0071546 -[is_a]-> GO:0043186
GO:0071547 -[is_a]-> GO:0043186
GO:0071548 -[is_a]-> GO:0051384
GO:0071548 -[is_a]-> GO:1901654
GO:0071549 -[is_a]-> GO:0071385
GO:0071549 -[is_a]-> GO:0071548
GO:0071549 -[is_a]-> GO:1901655
GO:0071550 -[is_a]-> GO:0006461
GO:0071550 -[part_of]-> GO:0097191
GO:0071551 -[is_a]-> GO:0019904
GO:0071552 -[is_a]-> GO:0006461
GO:0071553 -[is_a]-> GO:0001608
GO:0071553 -[is_a]-> GO:0016502
GO:0071553 -[has_part]-> GO:0019103
GO:0071554 -[is_a]-> GO:0009987
GO:0071555 -[is_a]-> GO:0045229
GO:0071555 -[is_a]-> GO:0071554
GO:0071556 -[is_a]-> GO:0030176
GO:0071556 -[part_of]-> GO:0098553
GO:0071557 -[is_a]-> GO:0070076
GO:0071558 -[is_a]-> GO:0032452
GO:0071558 -[part_of]-> GO:0071557
GO:0071559 -[is_a]-> GO:0009719
GO:0071559 -[is_a]-> GO:0070848
GO:0071560 -[is_a]-> GO:0071363
GO:0071560 -[is_a]-> GO:0071495
GO:0071560 -[is_a]-> GO:0071559
GO:0071561 -[is_a]-> GO:0044232
GO:0071562 -[is_a]-> GO:0022607
GO:0071562 -[is_a]-> GO:0022614
GO:0071562 -[part_of]-> GO:0034727
GO:0071563 -[is_a]-> GO:0043234
GO:0071563 -[is_a]-> GO:0044444
GO:0071564 -[is_a]-> GO:0090544
GO:0071565 -[is_a]-> GO:0090544
GO:0071565 -[is_a]-> GO:0097458
GO:0071566 -[is_a]-> GO:0008641
GO:0071567 -[is_a]-> GO:0019783
GO:0071568 -[is_a]-> GO:0019787
GO:0071569 -[is_a]-> GO:0032446
GO:0071570 -[is_a]-> GO:0048732
GO:0071571 -[is_a]-> GO:0006461
GO:0071572 -[is_a]-> GO:0070932
GO:0071573 -[is_a]-> GO:0065004
GO:0071574 -[is_a]-> GO:0072697
GO:0071574 -[is_a]-> GO:0072741
GO:0071575 -[is_a]-> GO:0005887
GO:0071575 -[is_a]-> GO:0031233
GO:0071575 -[part_of]-> GO:0009897
GO:0071576 -[is_a]-> GO:0034617
GO:0071577 -[is_a]-> GO:0006829
GO:0071577 -[is_a]-> GO:0098662
GO:0071578 -[is_a]-> GO:0071577
GO:0071579 -[is_a]-> GO:0010959
GO:0071579 -[regulates]-> GO:0006829
GO:0071580 -[is_a]-> GO:0071579
GO:0071580 -[is_a]-> GO:1904062
GO:0071580 -[regulates]-> GO:0071577
GO:0071581 -[is_a]-> GO:0071580
GO:0071581 -[regulates]-> GO:0071578
GO:0071582 -[is_a]-> GO:0043271
GO:0071582 -[is_a]-> GO:0071579
GO:0071582 -[negatively_regulates]-> GO:0006829
GO:0071583 -[is_a]-> GO:0071580
GO:0071583 -[is_a]-> GO:0071582
GO:0071583 -[is_a]-> GO:1904063
GO:0071583 -[negatively_regulates]-> GO:0071577
GO:0071584 -[is_a]-> GO:0071581
GO:0071584 -[is_a]-> GO:0071583
GO:0071584 -[negatively_regulates]-> GO:0071578
GO:0071585 -[is_a]-> GO:0061687
GO:0071585 -[part_of]-> GO:1990170
GO:0071586 -[is_a]-> GO:0016485
GO:0071586 -[part_of]-> GO:0080120
GO:0071587 -[is_a]-> GO:0043687
GO:0071587 -[part_of]-> GO:0080120
GO:0071588 -[is_a]-> GO:0007165
GO:0071589 -[is_a]-> GO:0009163
GO:0071589 -[is_a]-> GO:0070637
GO:0071589 -[is_a]-> GO:0072525
GO:0071590 -[is_a]-> GO:0046495
GO:0071590 -[is_a]-> GO:0071589
GO:0071591 -[is_a]-> GO:0070637
GO:0071592 -[is_a]-> GO:0071589
GO:0071592 -[is_a]-> GO:0071591
GO:0071593 -[is_a]-> GO:0070486
GO:0071594 -[is_a]-> GO:0070489
GO:0071595 -[is_a]-> GO:0008287
GO:0071595 -[is_a]-> GO:0044425
GO:0071595 -[part_of]-> GO:0042175
GO:0071596 -[is_a]-> GO:0043161
GO:0071597 -[is_a]-> GO:0044426
GO:0071597 -[part_of]-> GO:0009277
GO:0071598 -[is_a]-> GO:0036464
GO:0071598 -[is_a]-> GO:0044463
GO:0071598 -[is_a]-> GO:0097458
GO:0071598 -[part_of]-> GO:0032838
GO:0071598 -[part_of]-> GO:0043005
GO:0071599 -[is_a]-> GO:0007423
GO:0071599 -[is_a]-> GO:0048839
GO:0071599 -[is_a]-> GO:0060429
GO:0071600 -[is_a]-> GO:0002009
GO:0071600 -[is_a]-> GO:0042472
GO:0071600 -[is_a]-> GO:0048562
GO:0071600 -[part_of]-> GO:0071599
GO:0071601 -[is_a]-> GO:0016604
GO:0071602 -[is_a]-> GO:0006671
GO:0071602 -[is_a]-> GO:0044271
GO:0071602 -[is_a]-> GO:0046173
GO:0071602 -[is_a]-> GO:0046520
GO:0071603 -[is_a]-> GO:0090136
GO:0071604 -[is_a]-> GO:0001816
GO:0071605 -[is_a]-> GO:0032602
GO:0071606 -[is_a]-> GO:0032602
GO:0071607 -[is_a]-> GO:0032602
GO:0071608 -[is_a]-> GO:0032602
GO:0071609 -[is_a]-> GO:0032602
GO:0071610 -[is_a]-> GO:0032602
GO:0071611 -[is_a]-> GO:0001816
GO:0071612 -[is_a]-> GO:0032602
GO:0071613 -[is_a]-> GO:0002440
GO:0071614 -[is_a]-> GO:0004497
GO:0071614 -[is_a]-> GO:0016705
GO:0071615 -[is_a]-> GO:0055114
GO:0071616 -[is_a]-> GO:0006637
GO:0071616 -[is_a]-> GO:0009108
GO:0071616 -[is_a]-> GO:0035384
GO:0071617 -[is_a]-> GO:0016747
GO:0071618 -[is_a]-> GO:0071617
GO:0071619 -[is_a]-> GO:0070816
GO:0071620 -[is_a]-> GO:0070816
GO:0071621 -[is_a]-> GO:0030595
GO:0071621 -[is_a]-> GO:0097530
GO:0071622 -[is_a]-> GO:0002688
GO:0071622 -[regulates]-> GO:0071621
GO:0071623 -[is_a]-> GO:0002689
GO:0071623 -[is_a]-> GO:0071622
GO:0071623 -[negatively_regulates]-> GO:0071621
GO:0071624 -[is_a]-> GO:0002690
GO:0071624 -[is_a]-> GO:0071622
GO:0071624 -[positively_regulates]-> GO:0071621
GO:0071625 -[is_a]-> GO:0044708
GO:0071626 -[is_a]-> GO:0022600
GO:0071627 -[is_a]-> GO:0031166
GO:0071627 -[is_a]-> GO:0071628
GO:0071627 -[part_of]-> GO:0000329
GO:0071628 -[is_a]-> GO:0031310
GO:0071628 -[part_of]-> GO:0000329
GO:0071629 -[is_a]-> GO:0006515
GO:0071629 -[is_a]-> GO:0043161
GO:0071629 -[part_of]-> GO:0071218
GO:0071630 -[is_a]-> GO:0006515
GO:0071630 -[is_a]-> GO:0043161
GO:0071630 -[part_of]-> GO:0071218
GO:0071631 -[is_a]-> GO:0044702
GO:0071631 -[is_a]-> GO:0071835
GO:0071631 -[part_of]-> GO:0000747
GO:0071632 -[is_a]-> GO:0007634
GO:0071633 -[is_a]-> GO:0004553
GO:0071633 -[is_a]-> GO:0017040
GO:0071634 -[is_a]-> GO:0001817
GO:0071634 -[regulates]-> GO:0071604
GO:0071635 -[is_a]-> GO:0001818
GO:0071635 -[is_a]-> GO:0071634
GO:0071635 -[negatively_regulates]-> GO:0071604
GO:0071636 -[is_a]-> GO:0001819
GO:0071636 -[is_a]-> GO:0071634
GO:0071636 -[positively_regulates]-> GO:0071604
GO:0071637 -[is_a]-> GO:0032642
GO:0071637 -[regulates]-> GO:0071605
GO:0071638 -[is_a]-> GO:0032682
GO:0071638 -[is_a]-> GO:0071637
GO:0071638 -[negatively_regulates]-> GO:0071605
GO:0071639 -[is_a]-> GO:0032722
GO:0071639 -[is_a]-> GO:0071637
GO:0071639 -[positively_regulates]-> GO:0071605
GO:0071640 -[is_a]-> GO:0032642
GO:0071640 -[regulates]-> GO:0071608
GO:0071641 -[is_a]-> GO:0032682
GO:0071641 -[is_a]-> GO:0071640
GO:0071641 -[negatively_regulates]-> GO:0071608
GO:0071642 -[is_a]-> GO:0032722
GO:0071642 -[is_a]-> GO:0071640
GO:0071642 -[positively_regulates]-> GO:0071608
GO:0071643 -[is_a]-> GO:0032642
GO:0071643 -[regulates]-> GO:0071606
GO:0071644 -[is_a]-> GO:0032682
GO:0071644 -[is_a]-> GO:0071643
GO:0071644 -[negatively_regulates]-> GO:0071606
GO:0071645 -[is_a]-> GO:0032722
GO:0071645 -[is_a]-> GO:0071643
GO:0071645 -[positively_regulates]-> GO:0071606
GO:0071646 -[is_a]-> GO:0032642
GO:0071646 -[regulates]-> GO:0071607
GO:0071647 -[is_a]-> GO:0032682
GO:0071647 -[is_a]-> GO:0071646
GO:0071647 -[negatively_regulates]-> GO:0071607
GO:0071648 -[is_a]-> GO:0032722
GO:0071648 -[is_a]-> GO:0071646
GO:0071648 -[positively_regulates]-> GO:0071607
GO:0071649 -[is_a]-> GO:0032642
GO:0071649 -[regulates]-> GO:0071609
GO:0071650 -[is_a]-> GO:0032682
GO:0071650 -[is_a]-> GO:0071649
GO:0071650 -[negatively_regulates]-> GO:0071609
GO:0071651 -[is_a]-> GO:0032722
GO:0071651 -[is_a]-> GO:0071649
GO:0071651 -[positively_regulates]-> GO:0071609
GO:0071652 -[is_a]-> GO:0032642
GO:0071652 -[regulates]-> GO:0071610
GO:0071653 -[is_a]-> GO:0032682
GO:0071653 -[is_a]-> GO:0071652
GO:0071653 -[negatively_regulates]-> GO:0071610
GO:0071654 -[is_a]-> GO:0032722
GO:0071654 -[is_a]-> GO:0071652
GO:0071654 -[positively_regulates]-> GO:0071610
GO:0071655 -[is_a]-> GO:1901256
GO:0071655 -[regulates]-> GO:0036301
GO:0071655 -[regulates]-> GO:0071611
GO:0071656 -[is_a]-> GO:0071655
GO:0071656 -[is_a]-> GO:1901257
GO:0071656 -[negatively_regulates]-> GO:0036301
GO:0071656 -[negatively_regulates]-> GO:0071611
GO:0071657 -[is_a]-> GO:0071655
GO:0071657 -[is_a]-> GO:1901258
GO:0071657 -[positively_regulates]-> GO:0036301
GO:0071657 -[positively_regulates]-> GO:0071611
GO:0071658 -[is_a]-> GO:0032642
GO:0071658 -[regulates]-> GO:0071612
GO:0071659 -[is_a]-> GO:0032682
GO:0071659 -[is_a]-> GO:0071658
GO:0071659 -[negatively_regulates]-> GO:0071612
GO:0071660 -[is_a]-> GO:0032722
GO:0071660 -[is_a]-> GO:0071658
GO:0071660 -[positively_regulates]-> GO:0071612
GO:0071661 -[is_a]-> GO:0001817
GO:0071661 -[is_a]-> GO:0002700
GO:0071661 -[regulates]-> GO:0071613
GO:0071662 -[is_a]-> GO:0002701
GO:0071662 -[is_a]-> GO:0071661
GO:0071662 -[negatively_regulates]-> GO:0071613
GO:0071663 -[is_a]-> GO:0002702
GO:0071663 -[is_a]-> GO:0071661
GO:0071663 -[positively_regulates]-> GO:0071613
GO:0071664 -[is_a]-> GO:0043234
GO:0071664 -[is_a]-> GO:0044428
GO:0071665 -[is_a]-> GO:0071664
GO:0071666 -[is_a]-> GO:0032992
GO:0071667 -[is_a]-> GO:0003676
GO:0071668 -[is_a]-> GO:0009664
GO:0071668 -[is_a]-> GO:0070726
GO:0071668 -[part_of]-> GO:0009832
GO:0071669 -[is_a]-> GO:0071554
GO:0071670 -[is_a]-> GO:0014909
GO:0071670 -[is_a]-> GO:0060326
GO:0071671 -[is_a]-> GO:0014910
GO:0071671 -[is_a]-> GO:0050920
GO:0071671 -[regulates]-> GO:0071670
GO:0071672 -[is_a]-> GO:0014912
GO:0071672 -[is_a]-> GO:0050922
GO:0071672 -[is_a]-> GO:0071671
GO:0071672 -[negatively_regulates]-> GO:0071670
GO:0071673 -[is_a]-> GO:0014911
GO:0071673 -[is_a]-> GO:0050921
GO:0071673 -[is_a]-> GO:0071671
GO:0071673 -[positively_regulates]-> GO:0071670
GO:0071674 -[is_a]-> GO:0050900
GO:0071675 -[is_a]-> GO:0002685
GO:0071675 -[regulates]-> GO:0071674
GO:0071676 -[is_a]-> GO:0002686
GO:0071676 -[is_a]-> GO:0071675
GO:0071676 -[negatively_regulates]-> GO:0071674
GO:0071677 -[is_a]-> GO:0002687
GO:0071677 -[is_a]-> GO:0071675
GO:0071677 -[positively_regulates]-> GO:0071674
GO:0071678 -[is_a]-> GO:0007411
GO:0071679 -[is_a]-> GO:0007411
GO:0071680 -[is_a]-> GO:0010243
GO:0071680 -[is_a]-> GO:0014070
GO:0071680 -[is_a]-> GO:0097305
GO:0071681 -[is_a]-> GO:0071407
GO:0071681 -[is_a]-> GO:0071417
GO:0071681 -[is_a]-> GO:0071680
GO:0071681 -[is_a]-> GO:0097306
GO:0071682 -[is_a]-> GO:0060205
GO:0071682 -[part_of]-> GO:0030139
GO:0071683 -[is_a]-> GO:0030425
GO:0071684 -[is_a]-> GO:0044707
GO:0071685 -[is_a]-> GO:0030964
GO:0071685 -[is_a]-> GO:0044435
GO:0071685 -[is_a]-> GO:0044436
GO:0071685 -[part_of]-> GO:0031976
GO:0071686 -[is_a]-> GO:0005634
GO:0071687 -[is_a]-> GO:0044428
GO:0071687 -[part_of]-> GO:0071686
GO:0071688 -[is_a]-> GO:0010927
GO:0071688 -[is_a]-> GO:0031034
GO:0071688 -[part_of]-> GO:0030239
GO:0071689 -[is_a]-> GO:0007015
GO:0071689 -[part_of]-> GO:0030239
GO:0071690 -[is_a]-> GO:0071688
GO:0071690 -[part_of]-> GO:0055003
GO:0071691 -[is_a]-> GO:0007015
GO:0071691 -[part_of]-> GO:0055003
GO:0071692 -[is_a]-> GO:0008104
GO:0071693 -[is_a]-> GO:0015031
GO:0071693 -[is_a]-> GO:0035592
GO:0071693 -[is_a]-> GO:0044765
GO:0071693 -[is_a]-> GO:0071692
GO:0071694 -[is_a]-> GO:0045185
GO:0071694 -[part_of]-> GO:0071692
GO:0071695 -[is_a]-> GO:0021700
GO:0071695 -[part_of]-> GO:0048856
GO:0071696 -[is_a]-> GO:0044767
GO:0071696 -[is_a]-> GO:0048856
GO:0071697 -[is_a]-> GO:0009653
GO:0071697 -[is_a]-> GO:0044767
GO:0071697 -[part_of]-> GO:0071696
GO:0071698 -[is_a]-> GO:0071696
GO:0071699 -[is_a]-> GO:0048598
GO:0071699 -[is_a]-> GO:0071697
GO:0071699 -[part_of]-> GO:0071698
GO:0071700 -[is_a]-> GO:0071695
GO:0071700 -[part_of]-> GO:0071698
GO:0071701 -[is_a]-> GO:0046825
GO:0071701 -[regulates]-> GO:0045204
GO:0071702 -[is_a]-> GO:0006810
GO:0071703 -[is_a]-> GO:0009593
GO:0071703 -[is_a]-> GO:0010033
GO:0071704 -[is_a]-> GO:0008152
GO:0071705 -[is_a]-> GO:0006810
GO:0071706 -[is_a]-> GO:0001816
GO:0071707 -[is_a]-> GO:0033152
GO:0071708 -[is_a]-> GO:0033152
GO:0071709 -[is_a]-> GO:0022607
GO:0071709 -[is_a]-> GO:0044802
GO:0071709 -[part_of]-> GO:0044091
GO:0071710 -[is_a]-> GO:0070589
GO:0071710 -[part_of]-> GO:0044091
GO:0071711 -[is_a]-> GO:0030198
GO:0071712 -[is_a]-> GO:0006515
GO:0071712 -[is_a]-> GO:0030433
GO:0071712 -[part_of]-> GO:0071218
GO:0071713 -[is_a]-> GO:0016811
GO:0071714 -[is_a]-> GO:0008028
GO:0071714 -[is_a]-> GO:0015245
GO:0071714 -[part_of]-> GO:0071715
GO:0071715 -[is_a]-> GO:0046942
GO:0071716 -[is_a]-> GO:0015908
GO:0071716 -[is_a]-> GO:0071715
GO:0071717 -[is_a]-> GO:0015908
GO:0071717 -[is_a]-> GO:0071715
GO:0071718 -[is_a]-> GO:0071715
GO:0071719 -[is_a]-> GO:0071716
GO:0071719 -[is_a]-> GO:0071718
GO:0071720 -[is_a]-> GO:0015732
GO:0071720 -[is_a]-> GO:0071718
GO:0071721 -[is_a]-> GO:0071717
GO:0071721 -[is_a]-> GO:0071718
GO:0071722 -[is_a]-> GO:0098754
GO:0071722 -[part_of]-> GO:0046685
GO:0071723 -[is_a]-> GO:0008289
GO:0071723 -[is_a]-> GO:0042277
GO:0071724 -[is_a]-> GO:0070339
GO:0071725 -[is_a]-> GO:0070339
GO:0071726 -[is_a]-> GO:0071221
GO:0071726 -[is_a]-> GO:0071724
GO:0071727 -[is_a]-> GO:0071221
GO:0071727 -[is_a]-> GO:0071725
GO:0071728 -[is_a]-> GO:0044767
GO:0071728 -[is_a]-> GO:0048856
GO:0071729 -[is_a]-> GO:0009653
GO:0071729 -[is_a]-> GO:0044767
GO:0071729 -[part_of]-> GO:0071728
GO:0071730 -[is_a]-> GO:0044767
GO:0071730 -[is_a]-> GO:0048646
GO:0071730 -[part_of]-> GO:0071729
GO:0071731 -[is_a]-> GO:0000302
GO:0071731 -[is_a]-> GO:0010035
GO:0071731 -[is_a]-> GO:1901698
GO:0071732 -[is_a]-> GO:0034614
GO:0071732 -[is_a]-> GO:0071241
GO:0071732 -[is_a]-> GO:0071731
GO:0071732 -[is_a]-> GO:1902170
GO:0071733 -[is_a]-> GO:0045944
GO:0071733 -[is_a]-> GO:0090202
GO:0071734 -[is_a]-> GO:0018271
GO:0071735 -[is_a]-> GO:0019814
GO:0071736 -[is_a]-> GO:0042571
GO:0071736 -[is_a]-> GO:0071735
GO:0071737 -[is_a]-> GO:0019815
GO:0071737 -[is_a]-> GO:0071735
GO:0071738 -[is_a]-> GO:0019814
GO:0071739 -[is_a]-> GO:0042571
GO:0071739 -[is_a]-> GO:0071738
GO:0071740 -[is_a]-> GO:0019815
GO:0071740 -[is_a]-> GO:0071738
GO:0071741 -[is_a]-> GO:0071738
GO:0071742 -[is_a]-> GO:0019814
GO:0071743 -[is_a]-> GO:0042571
GO:0071743 -[is_a]-> GO:0071742
GO:0071744 -[is_a]-> GO:0019815
GO:0071744 -[is_a]-> GO:0071742
GO:0071745 -[is_a]-> GO:0019814
GO:0071746 -[is_a]-> GO:0042571
GO:0071746 -[is_a]-> GO:0071745
GO:0071747 -[is_a]-> GO:0019815
GO:0071747 -[is_a]-> GO:0071745
GO:0071748 -[is_a]-> GO:0071746
GO:0071749 -[is_a]-> GO:0071746
GO:0071750 -[is_a]-> GO:0071749
GO:0071751 -[is_a]-> GO:0071749
GO:0071752 -[is_a]-> GO:0071750
GO:0071752 -[is_a]-> GO:0071751
GO:0071753 -[is_a]-> GO:0019814
GO:0071754 -[is_a]-> GO:0042571
GO:0071754 -[is_a]-> GO:0071753
GO:0071755 -[is_a]-> GO:0019815
GO:0071755 -[is_a]-> GO:0071753
GO:0071756 -[is_a]-> GO:0071754
GO:0071757 -[is_a]-> GO:0071754
GO:0071758 -[is_a]-> GO:0019814
GO:0071759 -[is_a]-> GO:0019814
GO:0071760 -[is_a]-> GO:0019814
GO:0071761 -[is_a]-> GO:0019814
GO:0071762 -[is_a]-> GO:0019814
GO:0071763 -[is_a]-> GO:0044802
GO:0071763 -[part_of]-> GO:0006998
GO:0071764 -[is_a]-> GO:0071763
GO:0071764 -[part_of]-> GO:0010256
GO:0071765 -[is_a]-> GO:0071763
GO:0071766 -[is_a]-> GO:0009273
GO:0071767 -[is_a]-> GO:0006631
GO:0071768 -[is_a]-> GO:0006633
GO:0071768 -[is_a]-> GO:0044038
GO:0071768 -[is_a]-> GO:0071767
GO:0071768 -[part_of]-> GO:0071766
GO:0071769 -[is_a]-> GO:0022607
GO:0071769 -[part_of]-> GO:0071766
GO:0071770 -[is_a]-> GO:0022607
GO:0071770 -[part_of]-> GO:0071766
GO:0071771 -[is_a]-> GO:0016830
GO:0071772 -[is_a]-> GO:0009719
GO:0071772 -[is_a]-> GO:0070848
GO:0071773 -[is_a]-> GO:0071363
GO:0071773 -[is_a]-> GO:0071495
GO:0071773 -[is_a]-> GO:0071772
GO:0071774 -[is_a]-> GO:0009719
GO:0071774 -[is_a]-> GO:0070848
GO:0071781 -[is_a]-> GO:0098827
GO:0071781 -[part_of]-> GO:0005783
GO:0071782 -[is_a]-> GO:0098827
GO:0071782 -[part_of]-> GO:0005783
GO:0071783 -[is_a]-> GO:0007029
GO:0071784 -[is_a]-> GO:0022607
GO:0071784 -[is_a]-> GO:0071783
GO:0071785 -[is_a]-> GO:0043954
GO:0071785 -[is_a]-> GO:0071783
GO:0071785 -[is_a]-> GO:1902589
GO:0071786 -[is_a]-> GO:0007029
GO:0071787 -[is_a]-> GO:0022607
GO:0071787 -[is_a]-> GO:0071786
GO:0071788 -[is_a]-> GO:0043954
GO:0071788 -[is_a]-> GO:0071786
GO:0071788 -[is_a]-> GO:1902589
GO:0071789 -[is_a]-> GO:0070631
GO:0071790 -[is_a]-> GO:0070632
GO:0071790 -[is_a]-> GO:0071789
GO:0071791 -[is_a]-> GO:0019957
GO:0071792 -[is_a]-> GO:0006790
GO:0071792 -[is_a]-> GO:0016137
GO:0071792 -[is_a]-> GO:0044763
GO:0071792 -[is_a]-> GO:0051186
GO:0071793 -[is_a]-> GO:0016138
GO:0071793 -[is_a]-> GO:0044272
GO:0071793 -[is_a]-> GO:0051188
GO:0071793 -[is_a]-> GO:0071792
GO:0071794 -[is_a]-> GO:0019904
GO:0071795 -[is_a]-> GO:0031593
GO:0071796 -[is_a]-> GO:0031593
GO:0071797 -[is_a]-> GO:0000151
GO:0071798 -[is_a]-> GO:0034694
GO:0071799 -[is_a]-> GO:0071379
GO:0071799 -[is_a]-> GO:0071798
GO:0071800 -[is_a]-> GO:0006461
GO:0071800 -[is_a]-> GO:0070925
GO:0071801 -[is_a]-> GO:0043254
GO:0071801 -[is_a]-> GO:1902115
GO:0071801 -[regulates]-> GO:0071800
GO:0071802 -[is_a]-> GO:0031333
GO:0071802 -[is_a]-> GO:0071801
GO:0071802 -[is_a]-> GO:1902116
GO:0071802 -[negatively_regulates]-> GO:0071800
GO:0071803 -[is_a]-> GO:0031334
GO:0071803 -[is_a]-> GO:0071801
GO:0071803 -[is_a]-> GO:1902117
GO:0071803 -[positively_regulates]-> GO:0071800
GO:0071804 -[is_a]-> GO:0006813
GO:0071804 -[is_a]-> GO:0044763
GO:0071804 -[is_a]-> GO:0044765
GO:0071805 -[is_a]-> GO:0071804
GO:0071805 -[is_a]-> GO:0098662
GO:0071806 -[is_a]-> GO:0015031
GO:0071806 -[is_a]-> GO:0055085
GO:0071807 -[is_a]-> GO:0043111
GO:0071807 -[part_of]-> GO:0006274
GO:0071808 -[is_a]-> GO:0044447
GO:0071809 -[is_a]-> GO:0031392
GO:0071809 -[is_a]-> GO:0031620
GO:0071809 -[regulates]-> GO:0100008
GO:0071810 -[is_a]-> GO:0031620
GO:0071810 -[is_a]-> GO:0032306
GO:0071810 -[regulates]-> GO:0100009
GO:0071811 -[is_a]-> GO:0031394
GO:0071811 -[is_a]-> GO:0031622
GO:0071811 -[positively_regulates]-> GO:0001660
GO:0071812 -[is_a]-> GO:0031622
GO:0071812 -[is_a]-> GO:0032308
GO:0071812 -[positively_regulates]-> GO:0032310
GO:0071813 -[is_a]-> GO:0071814
GO:0071814 -[is_a]-> GO:0044877
GO:0071815 -[is_a]-> GO:0071813
GO:0071816 -[is_a]-> GO:0045048
GO:0071817 -[is_a]-> GO:0043234
GO:0071817 -[is_a]-> GO:0044430
GO:0071817 -[part_of]-> GO:0005819
GO:0071818 -[is_a]-> GO:0072379
GO:0071819 -[is_a]-> GO:0043234
GO:0071819 -[is_a]-> GO:0044451
GO:0071820 -[is_a]-> GO:0044212
GO:0071821 -[is_a]-> GO:0043234
GO:0071821 -[is_a]-> GO:0044451
GO:0071822 -[is_a]-> GO:0043933
GO:0071823 -[is_a]-> GO:0043933
GO:0071824 -[is_a]-> GO:0043933
GO:0071825 -[is_a]-> GO:0043933
GO:0071826 -[is_a]-> GO:0043933
GO:0071827 -[is_a]-> GO:0044707
GO:0071827 -[is_a]-> GO:0044763
GO:0071827 -[is_a]-> GO:0071825
GO:0071828 -[is_a]-> GO:0015031
GO:0071828 -[part_of]-> GO:0034380
GO:0071828 -[part_of]-> GO:0034382
GO:0071829 -[is_a]-> GO:0032987
GO:0071829 -[is_a]-> GO:0071827
GO:0071829 -[part_of]-> GO:0097006
GO:0071830 -[is_a]-> GO:0034381
GO:0071831 -[is_a]-> GO:0071830
GO:0071832 -[is_a]-> GO:0000770
GO:0071832 -[part_of]-> GO:0000746
GO:0071833 -[is_a]-> GO:0044702
GO:0071833 -[is_a]-> GO:0071832
GO:0071833 -[part_of]-> GO:0000747
GO:0071834 -[is_a]-> GO:0030072
GO:0071835 -[is_a]-> GO:0071834
GO:0071835 -[part_of]-> GO:0000746
GO:0071836 -[is_a]-> GO:0046903
GO:0071837 -[is_a]-> GO:0019904
GO:0071838 -[is_a]-> GO:0008283
GO:0071839 -[is_a]-> GO:0006915
GO:0071840 -[is_a]-> GO:0008150
GO:0071846 -[is_a]-> GO:0051014
GO:0071847 -[is_a]-> GO:0033209
GO:0071848 -[is_a]-> GO:0070374
GO:0071848 -[is_a]-> GO:0071847
GO:0071849 -[is_a]-> GO:0007050
GO:0071850 -[is_a]-> GO:0007050
GO:0071850 -[is_a]-> GO:0045930
GO:0071851 -[is_a]-> GO:0071849
GO:0071851 -[is_a]-> GO:0071850
GO:0071852 -[is_a]-> GO:0071554
GO:0071853 -[is_a]-> GO:0031505
GO:0071853 -[is_a]-> GO:0044277
GO:0071854 -[is_a]-> GO:0070910
GO:0071854 -[part_of]-> GO:0071853
GO:0071855 -[is_a]-> GO:0001664
GO:0071857 -[is_a]-> GO:0071855
GO:0071858 -[is_a]-> GO:0071855
GO:0071859 -[is_a]-> GO:0071855
GO:0071860 -[is_a]-> GO:0071855
GO:0071861 -[is_a]-> GO:0071855
GO:0071863 -[is_a]-> GO:0042127
GO:0071863 -[regulates]-> GO:0071838
GO:0071864 -[is_a]-> GO:0008284
GO:0071864 -[is_a]-> GO:0071863
GO:0071864 -[positively_regulates]-> GO:0071838
GO:0071865 -[is_a]-> GO:0042981
GO:0071865 -[regulates]-> GO:0071839
GO:0071866 -[is_a]-> GO:0043066
GO:0071866 -[is_a]-> GO:0071865
GO:0071866 -[negatively_regulates]-> GO:0071839
GO:0071867 -[is_a]-> GO:0010243
GO:0071868 -[is_a]-> GO:0071417
GO:0071868 -[is_a]-> GO:0071867
GO:0071869 -[is_a]-> GO:0014070
GO:0071869 -[is_a]-> GO:0071867
GO:0071869 -[is_a]-> GO:1901700
GO:0071870 -[is_a]-> GO:0071407
GO:0071870 -[is_a]-> GO:0071868
GO:0071870 -[is_a]-> GO:0071869
GO:0071870 -[is_a]-> GO:1901701
GO:0071871 -[is_a]-> GO:0071869
GO:0071872 -[is_a]-> GO:0071870
GO:0071872 -[is_a]-> GO:0071871
GO:0071873 -[is_a]-> GO:0071869
GO:0071874 -[is_a]-> GO:0071870
GO:0071874 -[is_a]-> GO:0071873
GO:0071875 -[is_a]-> GO:0007186
GO:0071877 -[is_a]-> GO:0008277
GO:0071877 -[regulates]-> GO:0071875
GO:0071878 -[is_a]-> GO:0045744
GO:0071878 -[is_a]-> GO:0071877
GO:0071878 -[negatively_regulates]-> GO:0071875
GO:0071879 -[is_a]-> GO:0045745
GO:0071879 -[is_a]-> GO:0071877
GO:0071879 -[positively_regulates]-> GO:0071875
GO:0071880 -[is_a]-> GO:0007189
GO:0071880 -[is_a]-> GO:0071875
GO:0071881 -[is_a]-> GO:0007193
GO:0071881 -[is_a]-> GO:0071875
GO:0071882 -[is_a]-> GO:0007200
GO:0071882 -[is_a]-> GO:0071875
GO:0071883 -[is_a]-> GO:0000187
GO:0071883 -[is_a]-> GO:0071875
GO:0071884 -[is_a]-> GO:0030546
GO:0071885 -[is_a]-> GO:0008276
GO:0071886 -[is_a]-> GO:0043176
GO:0071886 -[is_a]-> GO:0097159
GO:0071887 -[is_a]-> GO:0006915
GO:0071888 -[is_a]-> GO:0006925
GO:0071888 -[is_a]-> GO:0033028
GO:0071888 -[is_a]-> GO:0071887
GO:0071889 -[is_a]-> GO:0005515
GO:0071890 -[is_a]-> GO:0043168
GO:0071891 -[is_a]-> GO:0018016
GO:0071891 -[part_of]-> GO:0006412
GO:0071892 -[is_a]-> GO:0001775
GO:0071892 -[part_of]-> GO:0007596
GO:0071893 -[is_a]-> GO:0030509
GO:0071893 -[is_a]-> GO:0060994
GO:0071893 -[part_of]-> GO:0072179
GO:0071894 -[is_a]-> GO:0033523
GO:0071895 -[is_a]-> GO:0060563
GO:0071896 -[is_a]-> GO:1902414
GO:0071897 -[is_a]-> GO:0006259
GO:0071897 -[is_a]-> GO:0034645
GO:0071897 -[is_a]-> GO:0034654
GO:0071898 -[is_a]-> GO:0050789
GO:0071898 -[is_a]-> GO:1900120
GO:0071898 -[regulates]-> GO:0030331
GO:0071899 -[is_a]-> GO:0071898
GO:0071899 -[is_a]-> GO:1900121
GO:0071899 -[negatively_regulates]-> GO:0030331
GO:0071900 -[is_a]-> GO:0045859
GO:0071900 -[regulates]-> GO:0004674
GO:0071901 -[is_a]-> GO:0006469
GO:0071901 -[is_a]-> GO:0071900
GO:0071901 -[negatively_regulates]-> GO:0004674
GO:0071902 -[is_a]-> GO:0045860
GO:0071902 -[is_a]-> GO:0071900
GO:0071902 -[positively_regulates]-> GO:0004674
GO:0071903 -[is_a]-> GO:0018279
GO:0071903 -[is_a]-> GO:1901135
GO:0071904 -[is_a]-> GO:0018279
GO:0071904 -[is_a]-> GO:1901135
GO:0071905 -[is_a]-> GO:0018279
GO:0071906 -[is_a]-> GO:0019904
GO:0071907 -[is_a]-> GO:0007368
GO:0071907 -[part_of]-> GO:0048565
GO:0071908 -[is_a]-> GO:0071907
GO:0071909 -[is_a]-> GO:0071907
GO:0071910 -[is_a]-> GO:0007368
GO:0071910 -[part_of]-> GO:0001889
GO:0071911 -[is_a]-> GO:0007269
GO:0071912 -[is_a]-> GO:0007269
GO:0071913 -[is_a]-> GO:0005371
GO:0071913 -[is_a]-> GO:0015137
GO:0071914 -[is_a]-> GO:1903561
GO:0071915 -[is_a]-> GO:0018205
GO:0071915 -[part_of]-> GO:0072580
GO:0071916 -[is_a]-> GO:0035673
GO:0071916 -[is_a]-> GO:0042936
GO:0071916 -[part_of]-> GO:0035442
GO:0071917 -[is_a]-> GO:0022891
GO:0071917 -[part_of]-> GO:0035436
GO:0071918 -[is_a]-> GO:0015840
GO:0071918 -[is_a]-> GO:0055085
GO:0071919 -[is_a]-> GO:0006259
GO:0071920 -[is_a]-> GO:0016604
GO:0071921 -[is_a]-> GO:0043388
GO:0071921 -[is_a]-> GO:0071168
GO:0071921 -[part_of]-> GO:0034085
GO:0071922 -[is_a]-> GO:0007063
GO:0071922 -[is_a]-> GO:0051101
GO:0071922 -[is_a]-> GO:1903827
GO:0071922 -[regulates]-> GO:0071921
GO:0071923 -[is_a]-> GO:0045875
GO:0071923 -[is_a]-> GO:0071922
GO:0071923 -[is_a]-> GO:1903828
GO:0071923 -[negatively_regulates]-> GO:0071921
GO:0071924 -[is_a]-> GO:0032602
GO:0071925 -[is_a]-> GO:0032602
GO:0071926 -[is_a]-> GO:0038171
GO:0071927 -[is_a]-> GO:0007211
GO:0071928 -[is_a]-> GO:0007211
GO:0071929 -[is_a]-> GO:0018393
GO:0071930 -[is_a]-> GO:0000083
GO:0071930 -[is_a]-> GO:0045892
GO:0071930 -[part_of]-> GO:0000082
GO:0071931 -[is_a]-> GO:0000083
GO:0071931 -[is_a]-> GO:0045893
GO:0071931 -[part_of]-> GO:0000082
GO:0071932 -[is_a]-> GO:0031297
GO:0071933 -[is_a]-> GO:0032403
GO:0071934 -[is_a]-> GO:0015888
GO:0071934 -[is_a]-> GO:0035461
GO:0071934 -[is_a]-> GO:0072531
GO:0071935 -[is_a]-> GO:0071927
GO:0071935 -[part_of]-> GO:0032094
GO:0071936 -[is_a]-> GO:0015026
GO:0071936 -[part_of]-> GO:0016055
GO:0071938 -[is_a]-> GO:0046865
GO:0071938 -[is_a]-> GO:0051180
GO:0071939 -[is_a]-> GO:0035461
GO:0071939 -[is_a]-> GO:0071938
GO:0071940 -[is_a]-> GO:0031505
GO:0071940 -[is_a]-> GO:0070726
GO:0071940 -[part_of]-> GO:0009272
GO:0071941 -[is_a]-> GO:0006807
GO:0071942 -[is_a]-> GO:0000109
GO:0071943 -[is_a]-> GO:0090575
GO:0071944 -[is_a]-> GO:0044464
GO:0071945 -[is_a]-> GO:1902021
GO:0071946 -[is_a]-> GO:0071170
GO:0071947 -[is_a]-> GO:0016579
GO:0071947 -[is_a]-> GO:0051603
GO:0071947 -[part_of]-> GO:0006511
GO:0071948 -[is_a]-> GO:0001783
GO:0071949 -[is_a]-> GO:0050660
GO:0071950 -[is_a]-> GO:0050660
GO:0071951 -[is_a]-> GO:0019988
GO:0071952 -[is_a]-> GO:0019988
GO:0071953 -[is_a]-> GO:0044420
GO:0071954 -[is_a]-> GO:0032602
GO:0071955 -[is_a]-> GO:0042147
GO:0071955 -[is_a]-> GO:0048193
GO:0071957 -[is_a]-> GO:0044732
GO:0071958 -[is_a]-> GO:0044732
GO:0071959 -[is_a]-> GO:0034088
GO:0071959 -[part_of]-> GO:0071961
GO:0071960 -[is_a]-> GO:0034088
GO:0071960 -[part_of]-> GO:0071962
GO:0071961 -[is_a]-> GO:0007064
GO:0071962 -[is_a]-> GO:0007064
GO:0071962 -[is_a]-> GO:0070601
GO:0071963 -[is_a]-> GO:0007163
GO:0071963 -[is_a]-> GO:0008360
GO:0071964 -[is_a]-> GO:0030010
GO:0071964 -[is_a]-> GO:0071963
GO:0071965 -[is_a]-> GO:0040011
GO:0071965 -[is_a]-> GO:0050879
GO:0071966 -[is_a]-> GO:0010383
GO:0071966 -[part_of]-> GO:0071852
GO:0071967 -[is_a]-> GO:0008920
GO:0071968 -[is_a]-> GO:0008920
GO:0071969 -[is_a]-> GO:0034407
GO:0071969 -[is_a]-> GO:0070879
GO:0071970 -[is_a]-> GO:0034411
GO:0071970 -[is_a]-> GO:0070880
GO:0071970 -[is_a]-> GO:0071969
GO:0071971 -[is_a]-> GO:0016050
GO:0071971 -[is_a]-> GO:0070925
GO:0071971 -[part_of]-> GO:0097734
GO:0071972 -[is_a]-> GO:0004185
GO:0071973 -[is_a]-> GO:0097588
GO:0071975 -[is_a]-> GO:0048870
GO:0071976 -[is_a]-> GO:0048870
GO:0071977 -[is_a]-> GO:0071973
GO:0071977 -[is_a]-> GO:0071975
GO:0071978 -[is_a]-> GO:0071973
GO:0071979 -[is_a]-> GO:0071975
GO:0071980 -[is_a]-> GO:0071976
GO:0071981 -[is_a]-> GO:0022611
GO:0071981 -[is_a]-> GO:0044767
GO:0071982 -[is_a]-> GO:0022611
GO:0071982 -[is_a]-> GO:0044767
GO:0071983 -[is_a]-> GO:0071981
GO:0071984 -[is_a]-> GO:0071982
GO:0071985 -[is_a]-> GO:0016192
GO:0071985 -[is_a]-> GO:0044765
GO:0071986 -[is_a]-> GO:0044440
GO:0071986 -[is_a]-> GO:0098796
GO:0071986 -[part_of]-> GO:0031902
GO:0071986 -[part_of]-> GO:0045121
GO:0071987 -[is_a]-> GO:0019904
GO:0071988 -[is_a]-> GO:1905508
GO:0071989 -[is_a]-> GO:0071988
GO:0071989 -[is_a]-> GO:0072594
GO:0071990 -[is_a]-> GO:0022402
GO:0071990 -[is_a]-> GO:0072595
GO:0071990 -[occurs_in]-> GO:0005816
GO:0071990 -[part_of]-> GO:0051300
GO:0071990 -[part_of]-> GO:0071988
GO:0071991 -[is_a]-> GO:0015197
GO:0071991 -[part_of]-> GO:0071993
GO:0071992 -[is_a]-> GO:0071991
GO:0071992 -[is_a]-> GO:1904680
GO:0071992 -[part_of]-> GO:0071994
GO:0071993 -[is_a]-> GO:0015833
GO:0071994 -[is_a]-> GO:0055085
GO:0071994 -[is_a]-> GO:0071993
GO:0071995 -[is_a]-> GO:0034486
GO:0071995 -[is_a]-> GO:0071994
GO:0071996 -[is_a]-> GO:0034486
GO:0071996 -[is_a]-> GO:0034775
GO:0071997 -[is_a]-> GO:0042626
GO:0071998 -[is_a]-> GO:0003006
GO:0071998 -[is_a]-> GO:0044702
GO:0071998 -[is_a]-> GO:0048869
GO:0071998 -[is_a]-> GO:1903046
GO:0071998 -[part_of]-> GO:0043935
GO:0071999 -[is_a]-> GO:0044247
GO:0071999 -[is_a]-> GO:0046379
GO:0072000 -[is_a]-> GO:0071999
GO:0072000 -[is_a]-> GO:1903046
GO:0072000 -[part_of]-> GO:0071998
GO:0072001 -[is_a]-> GO:0048731
GO:0072001 -[part_of]-> GO:0001655
GO:0072002 -[is_a]-> GO:0044767
GO:0072002 -[is_a]-> GO:0048513
GO:0072002 -[is_a]-> GO:0061326
GO:0072003 -[is_a]-> GO:0044767
GO:0072003 -[is_a]-> GO:0048646
GO:0072003 -[part_of]-> GO:0060993
GO:0072004 -[is_a]-> GO:0010092
GO:0072004 -[is_a]-> GO:0061004
GO:0072004 -[part_of]-> GO:0072003
GO:0072005 -[is_a]-> GO:0048496
GO:0072005 -[part_of]-> GO:0072003
GO:0072006 -[is_a]-> GO:0044767
GO:0072006 -[is_a]-> GO:0048856
GO:0072006 -[part_of]-> GO:0001822
GO:0072007 -[is_a]-> GO:0061005
GO:0072007 -[is_a]-> GO:1904238
GO:0072008 -[is_a]-> GO:0035850
GO:0072008 -[is_a]-> GO:0072007
GO:0072008 -[part_of]-> GO:0072109
GO:0072009 -[is_a]-> GO:0072073
GO:0072009 -[part_of]-> GO:0072006
GO:0072010 -[is_a]-> GO:0072009
GO:0072010 -[part_of]-> GO:0032835
GO:0072011 -[is_a]-> GO:0003158
GO:0072011 -[is_a]-> GO:0072010
GO:0072011 -[part_of]-> GO:0072012
GO:0072012 -[is_a]-> GO:0001568
GO:0072012 -[is_a]-> GO:0061440
GO:0072012 -[part_of]-> GO:0032835
GO:0072013 -[is_a]-> GO:0044767
GO:0072013 -[is_a]-> GO:0048856
GO:0072013 -[part_of]-> GO:0048793
GO:0072014 -[is_a]-> GO:0072080
GO:0072015 -[is_a]-> GO:0072310
GO:0072015 -[part_of]-> GO:0072112
GO:0072016 -[is_a]-> GO:0072310
GO:0072016 -[part_of]-> GO:0072139
GO:0072017 -[is_a]-> GO:0072080
GO:0072019 -[is_a]-> GO:0072080
GO:0072019 -[part_of]-> GO:0072014
GO:0072020 -[is_a]-> GO:0072080
GO:0072020 -[part_of]-> GO:0072014
GO:0072021 -[is_a]-> GO:0044767
GO:0072021 -[is_a]-> GO:0072080
GO:0072021 -[part_of]-> GO:0072070
GO:0072022 -[is_a]-> GO:0044767
GO:0072022 -[is_a]-> GO:0048856
GO:0072022 -[part_of]-> GO:0072070
GO:0072023 -[is_a]-> GO:0072080
GO:0072023 -[part_of]-> GO:0072017
GO:0072024 -[is_a]-> GO:0044767
GO:0072024 -[is_a]-> GO:0072009
GO:0072024 -[part_of]-> GO:0072006
GO:0072024 -[part_of]-> GO:0072051
GO:0072025 -[is_a]-> GO:0044767
GO:0072025 -[is_a]-> GO:0072080
GO:0072025 -[part_of]-> GO:0072017
GO:0072027 -[is_a]-> GO:0072080
GO:0072028 -[is_a]-> GO:0009653
GO:0072028 -[is_a]-> GO:0044767
GO:0072028 -[part_of]-> GO:0060993
GO:0072028 -[part_of]-> GO:0072006
GO:0072029 -[is_a]-> GO:0072006
GO:0072030 -[is_a]-> GO:0072006
GO:0072031 -[is_a]-> GO:0035295
GO:0072031 -[part_of]-> GO:0072019
GO:0072032 -[is_a]-> GO:0035295
GO:0072032 -[part_of]-> GO:0072019
GO:0072033 -[is_a]-> GO:0044767
GO:0072033 -[is_a]-> GO:0048646
GO:0072033 -[part_of]-> GO:0072077
GO:0072034 -[is_a]-> GO:0031128
GO:0072034 -[is_a]-> GO:0090184
GO:0072034 -[is_a]-> GO:1905332
GO:0072034 -[is_a]-> GO:2000027
GO:0072034 -[positively_regulates]-> GO:0072033
GO:0072035 -[is_a]-> GO:0016337
GO:0072035 -[part_of]-> GO:0072033
GO:0072036 -[is_a]-> GO:0035850
GO:0072036 -[is_a]-> GO:0060231
GO:0072036 -[part_of]-> GO:0072033
GO:0072037 -[is_a]-> GO:0061005
GO:0072037 -[is_a]-> GO:0072497
GO:0072037 -[part_of]-> GO:0072028
GO:0072038 -[is_a]-> GO:0035019
GO:0072038 -[part_of]-> GO:0072028
GO:0072039 -[is_a]-> GO:0090183
GO:0072039 -[is_a]-> GO:1902337
GO:0072039 -[is_a]-> GO:1904672
GO:0072039 -[is_a]-> GO:2000027
GO:0072039 -[is_a]-> GO:2001053
GO:0072039 -[regulates]-> GO:0072038
GO:0072039 -[regulates]-> GO:1901145
GO:0072040 -[is_a]-> GO:0072039
GO:0072040 -[is_a]-> GO:0090185
GO:0072040 -[is_a]-> GO:1902338
GO:0072040 -[is_a]-> GO:1904673
GO:0072040 -[is_a]-> GO:2001054
GO:0072040 -[negatively_regulates]-> GO:0072038
GO:0072040 -[negatively_regulates]-> GO:1901145
GO:0072041 -[is_a]-> GO:0072039
GO:0072041 -[is_a]-> GO:0090184
GO:0072041 -[is_a]-> GO:1902339
GO:0072041 -[is_a]-> GO:1904674
GO:0072041 -[is_a]-> GO:2001055
GO:0072041 -[positively_regulates]-> GO:0072038
GO:0072041 -[positively_regulates]-> GO:1901145
GO:0072042 -[is_a]-> GO:1902460
GO:0072042 -[regulates]-> GO:0072090
GO:0072043 -[is_a]-> GO:0007267
GO:0072043 -[is_a]-> GO:0022407
GO:0072043 -[is_a]-> GO:0090183
GO:0072043 -[is_a]-> GO:1905330
GO:0072043 -[is_a]-> GO:2000027
GO:0072043 -[regulates]-> GO:0072035
GO:0072044 -[is_a]-> GO:0035295
GO:0072044 -[is_a]-> GO:0044767
GO:0072044 -[part_of]-> GO:0001822
GO:0072045 -[is_a]-> GO:0060029
GO:0072045 -[part_of]-> GO:0072028
GO:0072046 -[is_a]-> GO:0001736
GO:0072046 -[part_of]-> GO:0072028
GO:0072047 -[is_a]-> GO:0009954
GO:0072047 -[is_a]-> GO:0061004
GO:0072047 -[part_of]-> GO:0072006
GO:0072048 -[is_a]-> GO:0007389
GO:0072048 -[part_of]-> GO:0072001
GO:0072049 -[is_a]-> GO:0009653
GO:0072049 -[is_a]-> GO:0044767
GO:0072049 -[part_of]-> GO:0072028
GO:0072050 -[is_a]-> GO:0009653
GO:0072050 -[is_a]-> GO:0044767
GO:0072050 -[part_of]-> GO:0072028
GO:0072051 -[is_a]-> GO:0044767
GO:0072051 -[is_a]-> GO:0048856
GO:0072051 -[part_of]-> GO:0001822
GO:0072052 -[is_a]-> GO:0061005
GO:0072052 -[part_of]-> GO:0072051
GO:0072053 -[is_a]-> GO:0048856
GO:0072053 -[part_of]-> GO:0001822
GO:0072054 -[is_a]-> GO:0048856
GO:0072054 -[part_of]-> GO:0001822
GO:0072055 -[is_a]-> GO:0048856
GO:0072055 -[part_of]-> GO:0001822
GO:0072056 -[is_a]-> GO:0048856
GO:0072056 -[part_of]-> GO:0001822
GO:0072057 -[is_a]-> GO:0044767
GO:0072057 -[is_a]-> GO:0048856
GO:0072057 -[part_of]-> GO:0072054
GO:0072058 -[is_a]-> GO:0044767
GO:0072058 -[is_a]-> GO:0048856
GO:0072058 -[part_of]-> GO:0072054
GO:0072059 -[is_a]-> GO:0044767
GO:0072059 -[is_a]-> GO:0048856
GO:0072060 -[is_a]-> GO:0072044
GO:0072061 -[is_a]-> GO:0072044
GO:0072062 -[is_a]-> GO:0061005
GO:0072062 -[part_of]-> GO:0072031
GO:0072063 -[is_a]-> GO:0072009
GO:0072063 -[is_a]-> GO:0072022
GO:0072063 -[part_of]-> GO:0072030
GO:0072064 -[is_a]-> GO:0072009
GO:0072064 -[is_a]-> GO:0072022
GO:0072064 -[part_of]-> GO:0072029
GO:0072065 -[is_a]-> GO:0035295
GO:0072065 -[is_a]-> GO:0044767
GO:0072065 -[part_of]-> GO:0072064
GO:0072066 -[is_a]-> GO:0035295
GO:0072066 -[part_of]-> GO:0072022
GO:0072067 -[is_a]-> GO:0044767
GO:0072067 -[is_a]-> GO:0072009
GO:0072067 -[part_of]-> GO:0072025
GO:0072068 -[is_a]-> GO:0044767
GO:0072068 -[is_a]-> GO:0072009
GO:0072068 -[part_of]-> GO:0072025
GO:0072069 -[is_a]-> GO:0061005
GO:0072069 -[part_of]-> GO:0072025
GO:0072070 -[is_a]-> GO:0072080
GO:0072071 -[is_a]-> GO:0061005
GO:0072072 -[is_a]-> GO:0061448
GO:0072072 -[is_a]-> GO:0072074
GO:0072073 -[is_a]-> GO:0060429
GO:0072073 -[part_of]-> GO:0001822
GO:0072074 -[is_a]-> GO:0060485
GO:0072074 -[part_of]-> GO:0001822
GO:0072075 -[is_a]-> GO:0072074
GO:0072075 -[part_of]-> GO:0001656
GO:0072076 -[is_a]-> GO:0072074
GO:0072076 -[part_of]-> GO:0072006
GO:0072077 -[is_a]-> GO:0002009
GO:0072077 -[part_of]-> GO:0072028
GO:0072077 -[part_of]-> GO:0072087
GO:0072077 -[part_of]-> GO:0072088
GO:0072078 -[is_a]-> GO:0061333
GO:0072078 -[is_a]-> GO:0072088
GO:0072078 -[part_of]-> GO:0072080
GO:0072079 -[is_a]-> GO:0001838
GO:0072079 -[part_of]-> GO:0072078
GO:0072080 -[is_a]-> GO:0061326
GO:0072080 -[is_a]-> GO:0072009
GO:0072081 -[is_a]-> GO:0007379
GO:0072081 -[is_a]-> GO:0061004
GO:0072081 -[part_of]-> GO:0072047
GO:0072081 -[part_of]-> GO:0072079
GO:0072082 -[is_a]-> GO:0072081
GO:0072082 -[part_of]-> GO:0072158
GO:0072084 -[is_a]-> GO:0072081
GO:0072084 -[part_of]-> GO:0072156
GO:0072085 -[is_a]-> GO:0072081
GO:0072085 -[part_of]-> GO:0072027
GO:0072086 -[is_a]-> GO:0072081
GO:0072086 -[part_of]-> GO:0072070
GO:0072087 -[is_a]-> GO:0072073
GO:0072087 -[part_of]-> GO:0072009
GO:0072088 -[is_a]-> GO:0002009
GO:0072088 -[part_of]-> GO:0072009
GO:0072088 -[part_of]-> GO:0072028
GO:0072089 -[is_a]-> GO:0008283
GO:0072089 -[has_part]-> GO:0017145
GO:0072090 -[is_a]-> GO:0097168
GO:0072091 -[is_a]-> GO:0042127
GO:0072091 -[regulates]-> GO:0072089
GO:0072092 -[is_a]-> GO:0060560
GO:0072092 -[part_of]-> GO:0060677
GO:0072092 -[part_of]-> GO:0072093
GO:0072093 -[is_a]-> GO:0072033
GO:0072093 -[part_of]-> GO:0072283
GO:0072094 -[is_a]-> GO:0072034
GO:0072094 -[is_a]-> GO:0072216
GO:0072094 -[positively_regulates]-> GO:0072093
GO:0072095 -[is_a]-> GO:0048638
GO:0072095 -[is_a]-> GO:0090189
GO:0072095 -[regulates]-> GO:0060681
GO:0072096 -[is_a]-> GO:0048640
GO:0072096 -[is_a]-> GO:0072095
GO:0072096 -[is_a]-> GO:0090191
GO:0072096 -[negatively_regulates]-> GO:0060681
GO:0072097 -[is_a]-> GO:0030509
GO:0072097 -[is_a]-> GO:0072096
GO:0072097 -[negatively_regulates]-> GO:0060681
GO:0072098 -[is_a]-> GO:0009952
GO:0072098 -[is_a]-> GO:0061004
GO:0072098 -[part_of]-> GO:0001822
GO:0072099 -[is_a]-> GO:0061227
GO:0072099 -[is_a]-> GO:0072098
GO:0072099 -[part_of]-> GO:0001657
GO:0072099 -[part_of]-> GO:0072048
GO:0072100 -[is_a]-> GO:0009799
GO:0072100 -[is_a]-> GO:0072099
GO:0072101 -[is_a]-> GO:0030509
GO:0072101 -[is_a]-> GO:0061216
GO:0072101 -[is_a]-> GO:0072100
GO:0072102 -[is_a]-> GO:0009653
GO:0072102 -[is_a]-> GO:0044767
GO:0072102 -[part_of]-> GO:0032835
GO:0072103 -[is_a]-> GO:0048514
GO:0072103 -[is_a]-> GO:0061439
GO:0072103 -[part_of]-> GO:0072012
GO:0072103 -[part_of]-> GO:0072102
GO:0072104 -[is_a]-> GO:0001525
GO:0072104 -[part_of]-> GO:0072103
GO:0072105 -[is_a]-> GO:0014849
GO:0072105 -[is_a]-> GO:0030432
GO:0072106 -[is_a]-> GO:0045995
GO:0072106 -[is_a]-> GO:0061217
GO:0072106 -[is_a]-> GO:1905276
GO:0072106 -[is_a]-> GO:2000027
GO:0072106 -[regulates]-> GO:0060676
GO:0072107 -[is_a]-> GO:0040019
GO:0072107 -[is_a]-> GO:0061213
GO:0072107 -[is_a]-> GO:0072106
GO:0072107 -[is_a]-> GO:1905278
GO:0072107 -[positively_regulates]-> GO:0060676
GO:0072108 -[is_a]-> GO:0003339
GO:0072108 -[is_a]-> GO:0072216
GO:0072108 -[is_a]-> GO:1905332
GO:0072108 -[is_a]-> GO:2000698
GO:0072108 -[positively_regulates]-> GO:0003337
GO:0072109 -[is_a]-> GO:0061448
GO:0072109 -[part_of]-> GO:0072012
GO:0072110 -[is_a]-> GO:0072111
GO:0072110 -[part_of]-> GO:0072109
GO:0072111 -[is_a]-> GO:0008283
GO:0072111 -[part_of]-> GO:0001822
GO:0072112 -[is_a]-> GO:0061318
GO:0072112 -[is_a]-> GO:0072311
GO:0072113 -[is_a]-> GO:0048534
GO:0072113 -[is_a]-> GO:0048793
GO:0072114 -[is_a]-> GO:0060993
GO:0072114 -[part_of]-> GO:0048793
GO:0072115 -[is_a]-> GO:0072114
GO:0072115 -[part_of]-> GO:0072113
GO:0072116 -[is_a]-> GO:0048645
GO:0072116 -[is_a]-> GO:0072003
GO:0072116 -[part_of]-> GO:0072114
GO:0072117 -[is_a]-> GO:0072116
GO:0072117 -[part_of]-> GO:0072115
GO:0072118 -[is_a]-> GO:0048532
GO:0072118 -[part_of]-> GO:0072114
GO:0072119 -[is_a]-> GO:0072118
GO:0072119 -[part_of]-> GO:0072115
GO:0072120 -[is_a]-> GO:0048799
GO:0072120 -[part_of]-> GO:0048793
GO:0072121 -[is_a]-> GO:0072120
GO:0072121 -[part_of]-> GO:0072113
GO:0072122 -[is_a]-> GO:0072111
GO:0072122 -[part_of]-> GO:0072006
GO:0072123 -[is_a]-> GO:0072110
GO:0072124 -[is_a]-> GO:0090192
GO:0072124 -[is_a]-> GO:1901342
GO:0072124 -[is_a]-> GO:1901722
GO:0072124 -[regulates]-> GO:0072110
GO:0072125 -[is_a]-> GO:0072124
GO:0072125 -[is_a]-> GO:0090194
GO:0072125 -[is_a]-> GO:1901343
GO:0072125 -[is_a]-> GO:1901723
GO:0072125 -[negatively_regulates]-> GO:0072110
GO:0072126 -[is_a]-> GO:0072124
GO:0072126 -[is_a]-> GO:0090193
GO:0072126 -[is_a]-> GO:1901724
GO:0072126 -[is_a]-> GO:1904018
GO:0072126 -[positively_regulates]-> GO:0072110
GO:0072127 -[is_a]-> GO:0061448
GO:0072127 -[part_of]-> GO:0001822
GO:0072128 -[is_a]-> GO:0048729
GO:0072128 -[part_of]-> GO:0072127
GO:0072129 -[is_a]-> GO:0044767
GO:0072129 -[is_a]-> GO:0048646
GO:0072129 -[part_of]-> GO:0072128
GO:0072130 -[is_a]-> GO:0003002
GO:0072130 -[is_a]-> GO:0061004
GO:0072130 -[part_of]-> GO:0072129
GO:0072131 -[is_a]-> GO:0072132
GO:0072131 -[part_of]-> GO:0072074
GO:0072132 -[is_a]-> GO:0048729
GO:0072132 -[part_of]-> GO:0009887
GO:0072132 -[part_of]-> GO:0060485
GO:0072133 -[is_a]-> GO:0072131
GO:0072133 -[part_of]-> GO:0072075
GO:0072134 -[is_a]-> GO:0072131
GO:0072134 -[part_of]-> GO:0072076
GO:0072135 -[is_a]-> GO:0010463
GO:0072135 -[is_a]-> GO:0072111
GO:0072135 -[part_of]-> GO:0072074
GO:0072136 -[is_a]-> GO:0072135
GO:0072136 -[is_a]-> GO:0072203
GO:0072136 -[part_of]-> GO:0072075
GO:0072137 -[is_a]-> GO:0010463
GO:0072138 -[is_a]-> GO:0010463
GO:0072138 -[is_a]-> GO:0061209
GO:0072138 -[part_of]-> GO:0001657
GO:0072139 -[is_a]-> GO:0072311
GO:0072140 -[is_a]-> GO:0048468
GO:0072140 -[part_of]-> GO:0072069
GO:0072141 -[is_a]-> GO:0048468
GO:0072141 -[part_of]-> GO:0072071
GO:0072142 -[is_a]-> GO:0048468
GO:0072142 -[part_of]-> GO:0072052
GO:0072143 -[is_a]-> GO:0048468
GO:0072143 -[part_of]-> GO:0072007
GO:0072144 -[is_a]-> GO:0002064
GO:0072144 -[is_a]-> GO:0072143
GO:0072144 -[part_of]-> GO:0072008
GO:0072145 -[is_a]-> GO:0048468
GO:0072145 -[part_of]-> GO:0072062
GO:0072146 -[is_a]-> GO:0045165
GO:0072146 -[part_of]-> GO:0072069
GO:0072147 -[is_a]-> GO:0072148
GO:0072147 -[is_a]-> GO:0072314
GO:0072147 -[part_of]-> GO:0072139
GO:0072148 -[is_a]-> GO:0045165
GO:0072148 -[part_of]-> GO:0030855
GO:0072149 -[is_a]-> GO:0072148
GO:0072149 -[is_a]-> GO:0072314
GO:0072149 -[part_of]-> GO:0072112
GO:0072150 -[is_a]-> GO:0045165
GO:0072150 -[part_of]-> GO:0072052
GO:0072151 -[is_a]-> GO:0045165
GO:0072151 -[part_of]-> GO:0072007
GO:0072152 -[is_a]-> GO:0072151
GO:0072152 -[part_of]-> GO:0072008
GO:0072153 -[is_a]-> GO:0045165
GO:0072153 -[part_of]-> GO:0072071
GO:0072154 -[is_a]-> GO:0045165
GO:0072154 -[part_of]-> GO:0072062
GO:0072155 -[is_a]-> GO:0010631
GO:0072155 -[is_a]-> GO:0035787
GO:0072155 -[part_of]-> GO:0072078
GO:0072156 -[is_a]-> GO:0072078
GO:0072156 -[part_of]-> GO:0072017
GO:0072157 -[is_a]-> GO:0072155
GO:0072157 -[part_of]-> GO:0072156
GO:0072158 -[is_a]-> GO:0072078
GO:0072158 -[part_of]-> GO:0072014
GO:0072159 -[is_a]-> GO:0072155
GO:0072159 -[part_of]-> GO:0072158
GO:0072160 -[is_a]-> GO:0035850
GO:0072160 -[part_of]-> GO:0072080
GO:0072161 -[is_a]-> GO:0061005
GO:0072161 -[is_a]-> GO:2001012
GO:0072161 -[part_of]-> GO:0001822
GO:0072161 -[part_of]-> GO:0072074
GO:0072162 -[is_a]-> GO:0072161
GO:0072162 -[is_a]-> GO:0072202
GO:0072162 -[part_of]-> GO:0072075
GO:0072163 -[is_a]-> GO:0072073
GO:0072163 -[part_of]-> GO:0001823
GO:0072164 -[is_a]-> GO:0035295
GO:0072164 -[is_a]-> GO:0072163
GO:0072165 -[is_a]-> GO:0072164
GO:0072166 -[is_a]-> GO:0072164
GO:0072167 -[is_a]-> GO:0061227
GO:0072167 -[is_a]-> GO:0072081
GO:0072167 -[part_of]-> GO:0072172
GO:0072168 -[is_a]-> GO:0072098
GO:0072168 -[is_a]-> GO:0072167
GO:0072168 -[part_of]-> GO:0072165
GO:0072169 -[is_a]-> GO:0072098
GO:0072169 -[is_a]-> GO:0072167
GO:0072169 -[part_of]-> GO:0072166
GO:0072170 -[is_a]-> GO:0035295
GO:0072170 -[is_a]-> GO:0072207
GO:0072170 -[part_of]-> GO:0001656
GO:0072171 -[is_a]-> GO:0072078
GO:0072171 -[part_of]-> GO:0072164
GO:0072172 -[is_a]-> GO:0072079
GO:0072172 -[part_of]-> GO:0072171
GO:0072173 -[is_a]-> GO:0060562
GO:0072173 -[part_of]-> GO:0072170
GO:0072174 -[is_a]-> GO:0072175
GO:0072174 -[part_of]-> GO:0072173
GO:0072175 -[is_a]-> GO:0035148
GO:0072175 -[part_of]-> GO:0060562
GO:0072176 -[is_a]-> GO:0035295
GO:0072176 -[is_a]-> GO:0072073
GO:0072177 -[is_a]-> GO:0072164
GO:0072177 -[is_a]-> GO:0072176
GO:0072178 -[is_a]-> GO:0060562
GO:0072178 -[part_of]-> GO:0072176
GO:0072179 -[is_a]-> GO:0072175
GO:0072179 -[part_of]-> GO:0072178
GO:0072180 -[is_a]-> GO:0072171
GO:0072180 -[is_a]-> GO:0072178
GO:0072180 -[part_of]-> GO:0072177
GO:0072181 -[is_a]-> GO:0072172
GO:0072181 -[is_a]-> GO:0072179
GO:0072181 -[is_a]-> GO:0072180
GO:0072182 -[is_a]-> GO:2000696
GO:0072182 -[regulates]-> GO:0072160
GO:0072183 -[is_a]-> GO:0072182
GO:0072183 -[is_a]-> GO:2000697
GO:0072183 -[negatively_regulates]-> GO:0072160
GO:0072184 -[is_a]-> GO:0061005
GO:0072184 -[part_of]-> GO:0072087
GO:0072185 -[is_a]-> GO:0072075
GO:0072186 -[is_a]-> GO:0072133
GO:0072186 -[part_of]-> GO:0072185
GO:0072187 -[is_a]-> GO:0044767
GO:0072187 -[is_a]-> GO:0048646
GO:0072187 -[part_of]-> GO:0072186
GO:0072188 -[is_a]-> GO:0072048
GO:0072188 -[is_a]-> GO:0072187
GO:0072188 -[is_a]-> GO:0072268
GO:0072189 -[is_a]-> GO:0035295
GO:0072189 -[is_a]-> GO:0044767
GO:0072189 -[is_a]-> GO:0048513
GO:0072189 -[part_of]-> GO:0072001
GO:0072190 -[is_a]-> GO:0060429
GO:0072190 -[part_of]-> GO:0072189
GO:0072191 -[is_a]-> GO:0048745
GO:0072191 -[part_of]-> GO:0072189
GO:0072192 -[is_a]-> GO:0030855
GO:0072192 -[part_of]-> GO:0072190
GO:0072193 -[is_a]-> GO:0051145
GO:0072193 -[part_of]-> GO:0072191
GO:0072194 -[is_a]-> GO:0048745
GO:0072194 -[part_of]-> GO:0001822
GO:0072195 -[is_a]-> GO:0051145
GO:0072195 -[is_a]-> GO:0061005
GO:0072195 -[part_of]-> GO:0072194
GO:0072196 -[is_a]-> GO:0039017
GO:0072196 -[is_a]-> GO:0072047
GO:0072196 -[part_of]-> GO:0039019
GO:0072197 -[is_a]-> GO:0009887
GO:0072197 -[is_a]-> GO:0035239
GO:0072197 -[part_of]-> GO:0072189
GO:0072198 -[is_a]-> GO:0010463
GO:0072198 -[part_of]-> GO:0072189
GO:0072199 -[is_a]-> GO:0010464
GO:0072199 -[is_a]-> GO:2000026
GO:0072199 -[regulates]-> GO:0072198
GO:0072200 -[is_a]-> GO:0051093
GO:0072200 -[is_a]-> GO:0051241
GO:0072200 -[is_a]-> GO:0072199
GO:0072200 -[is_a]-> GO:0072201
GO:0072200 -[negatively_regulates]-> GO:0072198
GO:0072201 -[is_a]-> GO:0008285
GO:0072201 -[is_a]-> GO:0010464
GO:0072201 -[negatively_regulates]-> GO:0010463
GO:0072202 -[is_a]-> GO:0061005
GO:0072202 -[part_of]-> GO:0001656
GO:0072203 -[is_a]-> GO:0072111
GO:0072203 -[part_of]-> GO:0001656
GO:0072204 -[is_a]-> GO:0060995
GO:0072204 -[part_of]-> GO:0001656
GO:0072205 -[is_a]-> GO:0072044
GO:0072205 -[part_of]-> GO:0001656
GO:0072206 -[is_a]-> GO:0072051
GO:0072206 -[part_of]-> GO:0001656
GO:0072207 -[is_a]-> GO:0072073
GO:0072207 -[part_of]-> GO:0001656
GO:0072208 -[is_a]-> GO:0072194
GO:0072208 -[part_of]-> GO:0001656
GO:0072209 -[is_a]-> GO:0072007
GO:0072209 -[is_a]-> GO:0072202
GO:0072210 -[is_a]-> GO:0072006
GO:0072210 -[part_of]-> GO:0001656
GO:0072211 -[is_a]-> GO:0072056
GO:0072211 -[part_of]-> GO:0001656
GO:0072212 -[is_a]-> GO:0060994
GO:0072212 -[part_of]-> GO:0001656
GO:0072213 -[is_a]-> GO:0072127
GO:0072213 -[part_of]-> GO:0001656
GO:0072214 -[is_a]-> GO:0060485
GO:0072214 -[is_a]-> GO:0072055
GO:0072214 -[part_of]-> GO:0001656
GO:0072215 -[is_a]-> GO:0090183
GO:0072215 -[regulates]-> GO:0001656
GO:0072216 -[is_a]-> GO:0072215
GO:0072216 -[is_a]-> GO:0090184
GO:0072216 -[positively_regulates]-> GO:0001656
GO:0072217 -[is_a]-> GO:0072215
GO:0072217 -[is_a]-> GO:0090185
GO:0072217 -[negatively_regulates]-> GO:0001656
GO:0072218 -[is_a]-> GO:0072021
GO:0072218 -[is_a]-> GO:0072234
GO:0072218 -[part_of]-> GO:0072236
GO:0072219 -[is_a]-> GO:0072059
GO:0072220 -[is_a]-> GO:0072022
GO:0072220 -[part_of]-> GO:0072236
GO:0072221 -[is_a]-> GO:0072025
GO:0072221 -[is_a]-> GO:0072234
GO:0072221 -[part_of]-> GO:0072235
GO:0072222 -[is_a]-> GO:0072067
GO:0072222 -[is_a]-> GO:0072243
GO:0072222 -[part_of]-> GO:0072221
GO:0072223 -[is_a]-> GO:0072109
GO:0072223 -[part_of]-> GO:0072239
GO:0072224 -[is_a]-> GO:0032835
GO:0072224 -[part_of]-> GO:0072210
GO:0072225 -[is_a]-> GO:0072068
GO:0072225 -[is_a]-> GO:0072243
GO:0072225 -[part_of]-> GO:0072221
GO:0072226 -[is_a]-> GO:0072065
GO:0072226 -[part_of]-> GO:0072220
GO:0072226 -[part_of]-> GO:0072269
GO:0072227 -[is_a]-> GO:0072024
GO:0072227 -[is_a]-> GO:0072243
GO:0072227 -[part_of]-> GO:0072206
GO:0072228 -[is_a]-> GO:0072066
GO:0072228 -[part_of]-> GO:0072220
GO:0072229 -[is_a]-> GO:0072019
GO:0072229 -[is_a]-> GO:0072234
GO:0072229 -[part_of]-> GO:0072237
GO:0072230 -[is_a]-> GO:0072020
GO:0072230 -[is_a]-> GO:0072234
GO:0072230 -[part_of]-> GO:0072237
GO:0072231 -[is_a]-> GO:0072031
GO:0072231 -[part_of]-> GO:0072229
GO:0072232 -[is_a]-> GO:0072032
GO:0072232 -[part_of]-> GO:0072229
GO:0072233 -[is_a]-> GO:0072023
GO:0072233 -[is_a]-> GO:0072234
GO:0072233 -[part_of]-> GO:0072235
GO:0072234 -[is_a]-> GO:0072080
GO:0072234 -[is_a]-> GO:0072170
GO:0072234 -[is_a]-> GO:0072243
GO:0072235 -[is_a]-> GO:0072017
GO:0072235 -[is_a]-> GO:0072234
GO:0072236 -[is_a]-> GO:0072070
GO:0072236 -[is_a]-> GO:0072234
GO:0072237 -[is_a]-> GO:0072014
GO:0072237 -[is_a]-> GO:0072234
GO:0072238 -[is_a]-> GO:0072029
GO:0072238 -[is_a]-> GO:0072210
GO:0072239 -[is_a]-> GO:0072012
GO:0072239 -[part_of]-> GO:0072224
GO:0072240 -[is_a]-> GO:0072069
GO:0072240 -[is_a]-> GO:0072202
GO:0072240 -[part_of]-> GO:0072221
GO:0072241 -[is_a]-> GO:0072140
GO:0072241 -[part_of]-> GO:0072240
GO:0072242 -[is_a]-> GO:0072146
GO:0072242 -[part_of]-> GO:0072240
GO:0072243 -[is_a]-> GO:0072009
GO:0072243 -[is_a]-> GO:0072207
GO:0072244 -[is_a]-> GO:0072010
GO:0072244 -[is_a]-> GO:0072243
GO:0072244 -[part_of]-> GO:0072224
GO:0072245 -[is_a]-> GO:0072139
GO:0072245 -[is_a]-> GO:0072312
GO:0072246 -[is_a]-> GO:0072016
GO:0072246 -[is_a]-> GO:0072313
GO:0072246 -[part_of]-> GO:0072245
GO:0072247 -[is_a]-> GO:0072147
GO:0072247 -[is_a]-> GO:0072315
GO:0072247 -[part_of]-> GO:0072245
GO:0072248 -[is_a]-> GO:0072112
GO:0072248 -[is_a]-> GO:0072312
GO:0072249 -[is_a]-> GO:0072015
GO:0072249 -[is_a]-> GO:0072313
GO:0072249 -[part_of]-> GO:0072248
GO:0072250 -[is_a]-> GO:0072149
GO:0072250 -[is_a]-> GO:0072315
GO:0072250 -[part_of]-> GO:0072248
GO:0072251 -[is_a]-> GO:0072052
GO:0072251 -[is_a]-> GO:0072202
GO:0072251 -[part_of]-> GO:0072206
GO:0072252 -[is_a]-> GO:0072142
GO:0072252 -[part_of]-> GO:0072251
GO:0072253 -[is_a]-> GO:0072150
GO:0072253 -[part_of]-> GO:0072251
GO:0072254 -[is_a]-> GO:0072008
GO:0072254 -[is_a]-> GO:0072209
GO:0072254 -[part_of]-> GO:0072223
GO:0072255 -[is_a]-> GO:0072144
GO:0072255 -[part_of]-> GO:0072254
GO:0072256 -[is_a]-> GO:0072152
GO:0072256 -[part_of]-> GO:0072254
GO:0072257 -[is_a]-> GO:0072160
GO:0072257 -[is_a]-> GO:0072202
GO:0072257 -[part_of]-> GO:0072234
GO:0072258 -[is_a]-> GO:0072071
GO:0072258 -[is_a]-> GO:0072202
GO:0072259 -[is_a]-> GO:0072141
GO:0072259 -[part_of]-> GO:0072258
GO:0072260 -[is_a]-> GO:0072153
GO:0072260 -[part_of]-> GO:0072258
GO:0072261 -[is_a]-> GO:0072122
GO:0072261 -[is_a]-> GO:0072203
GO:0072261 -[part_of]-> GO:0072210
GO:0072262 -[is_a]-> GO:0072110
GO:0072262 -[is_a]-> GO:0072203
GO:0072262 -[part_of]-> GO:0072223
GO:0072263 -[is_a]-> GO:0072123
GO:0072263 -[is_a]-> GO:0072262
GO:0072264 -[is_a]-> GO:0072011
GO:0072264 -[is_a]-> GO:0072244
GO:0072264 -[part_of]-> GO:0072239
GO:0072265 -[is_a]-> GO:0072128
GO:0072265 -[part_of]-> GO:0072213
GO:0072266 -[is_a]-> GO:0072129
GO:0072266 -[part_of]-> GO:0072265
GO:0072267 -[is_a]-> GO:0072130
GO:0072267 -[is_a]-> GO:0072268
GO:0072267 -[part_of]-> GO:0072266
GO:0072268 -[is_a]-> GO:0061004
GO:0072268 -[part_of]-> GO:0001656
GO:0072269 -[is_a]-> GO:0072064
GO:0072269 -[is_a]-> GO:0072243
GO:0072269 -[part_of]-> GO:0072238
GO:0072270 -[is_a]-> GO:0072030
GO:0072270 -[is_a]-> GO:0072210
GO:0072271 -[is_a]-> GO:0072063
GO:0072271 -[is_a]-> GO:0072243
GO:0072271 -[part_of]-> GO:0072270
GO:0072272 -[is_a]-> GO:0072047
GO:0072272 -[is_a]-> GO:0072268
GO:0072272 -[part_of]-> GO:0072210
GO:0072273 -[is_a]-> GO:0072028
GO:0072273 -[part_of]-> GO:0003338
GO:0072273 -[part_of]-> GO:0072210
GO:0072274 -[is_a]-> GO:0032836
GO:0072274 -[part_of]-> GO:0072224
GO:0072275 -[is_a]-> GO:0072102
GO:0072275 -[part_of]-> GO:0072224
GO:0072276 -[is_a]-> GO:0072103
GO:0072276 -[part_of]-> GO:0072239
GO:0072276 -[part_of]-> GO:0072275
GO:0072277 -[is_a]-> GO:0072104
GO:0072277 -[part_of]-> GO:0072276
GO:0072278 -[is_a]-> GO:0072049
GO:0072278 -[part_of]-> GO:0072273
GO:0072279 -[is_a]-> GO:0072045
GO:0072279 -[part_of]-> GO:0072273
GO:0072280 -[is_a]-> GO:0072046
GO:0072280 -[part_of]-> GO:0072273
GO:0072281 -[is_a]-> GO:0061208
GO:0072281 -[is_a]-> GO:0072037
GO:0072281 -[is_a]-> GO:0072202
GO:0072281 -[part_of]-> GO:0072273
GO:0072282 -[is_a]-> GO:0072078
GO:0072282 -[is_a]-> GO:0072173
GO:0072282 -[part_of]-> GO:0072234
GO:0072282 -[part_of]-> GO:0072273
GO:0072283 -[is_a]-> GO:0072077
GO:0072283 -[part_of]-> GO:0072273
GO:0072284 -[is_a]-> GO:0072050
GO:0072284 -[part_of]-> GO:0072273
GO:0072285 -[is_a]-> GO:0003337
GO:0072285 -[is_a]-> GO:0072036
GO:0072285 -[part_of]-> GO:0072093
GO:0072286 -[is_a]-> GO:0072027
GO:0072286 -[is_a]-> GO:0072234
GO:0072287 -[is_a]-> GO:0072156
GO:0072287 -[is_a]-> GO:0072282
GO:0072287 -[part_of]-> GO:0072235
GO:0072288 -[is_a]-> GO:0072158
GO:0072288 -[is_a]-> GO:0072282
GO:0072288 -[part_of]-> GO:0072237
GO:0072289 -[is_a]-> GO:0072079
GO:0072289 -[is_a]-> GO:0072174
GO:0072289 -[part_of]-> GO:0072282
GO:0072290 -[is_a]-> GO:0035788
GO:0072290 -[is_a]-> GO:0072155
GO:0072290 -[part_of]-> GO:0072282
GO:0072291 -[is_a]-> GO:0072157
GO:0072291 -[is_a]-> GO:0072290
GO:0072291 -[part_of]-> GO:0072287
GO:0072292 -[is_a]-> GO:0072159
GO:0072292 -[is_a]-> GO:0072290
GO:0072292 -[part_of]-> GO:0072288
GO:0072293 -[is_a]-> GO:0072081
GO:0072293 -[is_a]-> GO:0072268
GO:0072293 -[part_of]-> GO:0072272
GO:0072293 -[part_of]-> GO:0072289
GO:0072294 -[is_a]-> GO:0072085
GO:0072294 -[is_a]-> GO:0072293
GO:0072294 -[part_of]-> GO:0072286
GO:0072295 -[is_a]-> GO:0072084
GO:0072295 -[is_a]-> GO:0072293
GO:0072295 -[part_of]-> GO:0072287
GO:0072296 -[is_a]-> GO:0072086
GO:0072296 -[is_a]-> GO:0072293
GO:0072296 -[part_of]-> GO:0072236
GO:0072297 -[is_a]-> GO:0072082
GO:0072297 -[is_a]-> GO:0072293
GO:0072297 -[part_of]-> GO:0072288
GO:0072298 -[is_a]-> GO:0001656
GO:0072298 -[is_a]-> GO:0072215
GO:0072298 -[is_a]-> GO:0090192
GO:0072298 -[regulates]-> GO:0072224
GO:0072299 -[is_a]-> GO:0072217
GO:0072299 -[is_a]-> GO:0072298
GO:0072299 -[is_a]-> GO:0090194
GO:0072299 -[negatively_regulates]-> GO:0072224
GO:0072300 -[is_a]-> GO:0072216
GO:0072300 -[is_a]-> GO:0072298
GO:0072300 -[is_a]-> GO:0090193
GO:0072300 -[positively_regulates]-> GO:0072224
GO:0072301 -[is_a]-> GO:0072124
GO:0072301 -[is_a]-> GO:0072298
GO:0072301 -[regulates]-> GO:0072262
GO:0072302 -[is_a]-> GO:0072125
GO:0072302 -[is_a]-> GO:0072299
GO:0072302 -[is_a]-> GO:0072301
GO:0072302 -[negatively_regulates]-> GO:0072262
GO:0072303 -[is_a]-> GO:0072126
GO:0072303 -[is_a]-> GO:0072300
GO:0072303 -[is_a]-> GO:0072301
GO:0072303 -[positively_regulates]-> GO:0072262
GO:0072304 -[is_a]-> GO:0072039
GO:0072304 -[is_a]-> GO:1900211
GO:0072304 -[regulates]-> GO:0072309
GO:0072304 -[regulates]-> GO:1901147
GO:0072305 -[is_a]-> GO:0072040
GO:0072305 -[is_a]-> GO:0072304
GO:0072305 -[is_a]-> GO:1900212
GO:0072305 -[negatively_regulates]-> GO:0072309
GO:0072305 -[negatively_regulates]-> GO:1901147
GO:0072306 -[is_a]-> GO:0072041
GO:0072306 -[is_a]-> GO:0072304
GO:0072306 -[is_a]-> GO:1900213
GO:0072306 -[positively_regulates]-> GO:0072309
GO:0072306 -[positively_regulates]-> GO:1901147
GO:0072307 -[is_a]-> GO:0072182
GO:0072307 -[is_a]-> GO:0072215
GO:0072307 -[regulates]-> GO:0072257
GO:0072308 -[is_a]-> GO:0072183
GO:0072308 -[is_a]-> GO:0072217
GO:0072308 -[is_a]-> GO:0072307
GO:0072308 -[negatively_regulates]-> GO:0072257
GO:0072309 -[is_a]-> GO:0072038
GO:0072309 -[part_of]-> GO:0072273
GO:0072310 -[is_a]-> GO:0002064
GO:0072310 -[part_of]-> GO:0072311
GO:0072311 -[is_a]-> GO:0035850
GO:0072311 -[part_of]-> GO:0072010
GO:0072312 -[is_a]-> GO:0072202
GO:0072312 -[is_a]-> GO:0072311
GO:0072312 -[part_of]-> GO:0072244
GO:0072313 -[is_a]-> GO:0072310
GO:0072313 -[part_of]-> GO:0072312
GO:0072314 -[is_a]-> GO:0002064
GO:0072314 -[part_of]-> GO:0072311
GO:0072315 -[is_a]-> GO:0072314
GO:0072316 -[is_a]-> GO:0030980
GO:0072316 -[is_a]-> GO:0072000
GO:0072316 -[part_of]-> GO:0071998
GO:0072317 -[is_a]-> GO:0042973
GO:0072317 -[part_of]-> GO:0006076
GO:0072317 -[part_of]-> GO:0071998
GO:0072317 -[part_of]-> GO:0072000
GO:0072318 -[is_a]-> GO:0072319
GO:0072319 -[is_a]-> GO:0051261
GO:0072319 -[part_of]-> GO:0016192
GO:0072320 -[is_a]-> GO:0005225
GO:0072320 -[is_a]-> GO:0005254
GO:0072321 -[is_a]-> GO:0015031
GO:0072321 -[is_a]-> GO:0044765
GO:0072322 -[is_a]-> GO:0015031
GO:0072322 -[is_a]-> GO:0044765
GO:0072323 -[is_a]-> GO:0072321
GO:0072323 -[is_a]-> GO:0072322
GO:0072324 -[is_a]-> GO:0044464
GO:0072325 -[is_a]-> GO:0045165
GO:0072325 -[part_of]-> GO:0040025
GO:0072326 -[is_a]-> GO:0001709
GO:0072326 -[part_of]-> GO:0072325
GO:0072327 -[is_a]-> GO:0001708
GO:0072327 -[part_of]-> GO:0072325
GO:0072328 -[is_a]-> GO:0005488
GO:0072329 -[is_a]-> GO:0032787
GO:0072329 -[is_a]-> GO:0046395
GO:0072330 -[is_a]-> GO:0032787
GO:0072330 -[is_a]-> GO:0046394
GO:0072331 -[is_a]-> GO:0035556
GO:0072332 -[is_a]-> GO:0072331
GO:0072332 -[is_a]-> GO:0097193
GO:0072334 -[is_a]-> GO:0015785
GO:0072334 -[is_a]-> GO:0034219
GO:0072334 -[is_a]-> GO:0090481
GO:0072335 -[is_a]-> GO:0060828
GO:0072335 -[is_a]-> GO:1905292
GO:0072335 -[regulates]-> GO:0044335
GO:0072336 -[is_a]-> GO:0072335
GO:0072336 -[is_a]-> GO:0090090
GO:0072336 -[is_a]-> GO:1905293
GO:0072336 -[negatively_regulates]-> GO:0044335
GO:0072337 -[is_a]-> GO:0071702
GO:0072337 -[is_a]-> GO:0071705
GO:0072338 -[is_a]-> GO:0043603
GO:0072338 -[is_a]-> GO:0044281
GO:0072338 -[is_a]-> GO:0044763
GO:0072338 -[is_a]-> GO:0046483
GO:0072339 -[is_a]-> GO:0018130
GO:0072339 -[is_a]-> GO:0043604
GO:0072339 -[is_a]-> GO:0044711
GO:0072339 -[is_a]-> GO:0072338
GO:0072340 -[is_a]-> GO:0043605
GO:0072340 -[is_a]-> GO:0044712
GO:0072340 -[is_a]-> GO:0046700
GO:0072340 -[is_a]-> GO:0072338
GO:0072341 -[is_a]-> GO:0005488
GO:0072342 -[is_a]-> GO:0009651
GO:0072343 -[is_a]-> GO:0048144
GO:0072344 -[is_a]-> GO:0006414
GO:0072344 -[is_a]-> GO:0006417
GO:0072345 -[is_a]-> GO:0015278
GO:0072346 -[is_a]-> GO:0015278
GO:0072347 -[is_a]-> GO:0042493
GO:0072348 -[is_a]-> GO:0044765
GO:0072349 -[is_a]-> GO:0022857
GO:0072349 -[part_of]-> GO:0072337
GO:0072350 -[is_a]-> GO:0019752
GO:0072351 -[is_a]-> GO:0046394
GO:0072351 -[is_a]-> GO:0072350
GO:0072352 -[is_a]-> GO:0046395
GO:0072352 -[is_a]-> GO:0072350
GO:0072353 -[is_a]-> GO:0001315
GO:0072353 -[is_a]-> GO:0034614
GO:0072354 -[is_a]-> GO:0035184
GO:0072354 -[part_of]-> GO:0072355
GO:0072355 -[is_a]-> GO:0035405
GO:0072356 -[is_a]-> GO:0034501
GO:0072356 -[is_a]-> GO:0034629
GO:0072357 -[is_a]-> GO:0008287
GO:0072358 -[is_a]-> GO:0048731
GO:0072358 -[part_of]-> GO:0072359
GO:0072359 -[is_a]-> GO:0048731
GO:0072360 -[is_a]-> GO:0048856
GO:0072360 -[part_of]-> GO:0072358
GO:0072361 -[is_a]-> GO:0006110
GO:0072361 -[is_a]-> GO:0006357
GO:0072361 -[regulates]-> GO:0006096
GO:0072361 -[regulates]-> GO:0006366
GO:0072362 -[is_a]-> GO:0000122
GO:0072362 -[is_a]-> GO:0072361
GO:0072362 -[negatively_regulates]-> GO:0006366
GO:0072362 -[regulates]-> GO:0006096
GO:0072363 -[is_a]-> GO:0045944
GO:0072363 -[is_a]-> GO:0072361
GO:0072363 -[positively_regulates]-> GO:0006366
GO:0072363 -[regulates]-> GO:0006096
GO:0072364 -[is_a]-> GO:0006357
GO:0072364 -[is_a]-> GO:0010565
GO:0072364 -[regulates]-> GO:0042180
GO:0072365 -[is_a]-> GO:0000122
GO:0072365 -[is_a]-> GO:0072364
GO:0072365 -[regulates]-> GO:0042180
GO:0072366 -[is_a]-> GO:0045944
GO:0072366 -[is_a]-> GO:0072364
GO:0072366 -[positively_regulates]-> GO:0006366
GO:0072366 -[regulates]-> GO:0042180
GO:0072367 -[is_a]-> GO:0006357
GO:0072367 -[is_a]-> GO:0032368
GO:0072367 -[regulates]-> GO:0006366
GO:0072367 -[regulates]-> GO:0006869
GO:0072368 -[is_a]-> GO:0000122
GO:0072368 -[is_a]-> GO:0072367
GO:0072368 -[negatively_regulates]-> GO:0006366
GO:0072368 -[regulates]-> GO:0006869
GO:0072369 -[is_a]-> GO:0045944
GO:0072369 -[is_a]-> GO:0072367
GO:0072369 -[positively_regulates]-> GO:0006366
GO:0072369 -[regulates]-> GO:0006869
GO:0072370 -[is_a]-> GO:0035404
GO:0072370 -[is_a]-> GO:1990164
GO:0072371 -[is_a]-> GO:0035174
GO:0072371 -[part_of]-> GO:0072370
GO:0072373 -[is_a]-> GO:0072374
GO:0072374 -[is_a]-> GO:0004497
GO:0072374 -[is_a]-> GO:0016705
GO:0072375 -[is_a]-> GO:0007613
GO:0072376 -[is_a]-> GO:0019538
GO:0072376 -[is_a]-> GO:0050896
GO:0072377 -[is_a]-> GO:0072376
GO:0072377 -[part_of]-> GO:0072378
GO:0072378 -[is_a]-> GO:0072376
GO:0072378 -[part_of]-> GO:0007596
GO:0072379 -[is_a]-> GO:0043234
GO:0072379 -[is_a]-> GO:0044445
GO:0072380 -[is_a]-> GO:0072379
GO:0072381 -[is_a]-> GO:0072335
GO:0072381 -[is_a]-> GO:0090263
GO:0072381 -[is_a]-> GO:1905294
GO:0072381 -[positively_regulates]-> GO:0044335
GO:0072382 -[is_a]-> GO:0047496
GO:0072382 -[is_a]-> GO:0072385
GO:0072383 -[is_a]-> GO:0047496
GO:0072383 -[is_a]-> GO:0072386
GO:0072384 -[is_a]-> GO:0010970
GO:0072384 -[is_a]-> GO:0051656
GO:0072385 -[is_a]-> GO:0072384
GO:0072386 -[is_a]-> GO:0072384
GO:0072387 -[is_a]-> GO:0006732
GO:0072387 -[is_a]-> GO:0009117
GO:0072387 -[is_a]-> GO:0042726
GO:0072388 -[is_a]-> GO:0009108
GO:0072388 -[is_a]-> GO:0009165
GO:0072388 -[is_a]-> GO:0042727
GO:0072388 -[is_a]-> GO:0072387
GO:0072389 -[is_a]-> GO:0009109
GO:0072389 -[is_a]-> GO:0009166
GO:0072389 -[is_a]-> GO:0042728
GO:0072389 -[is_a]-> GO:0072387
GO:0072390 -[is_a]-> GO:0018958
GO:0072391 -[is_a]-> GO:0046189
GO:0072391 -[is_a]-> GO:0072390
GO:0072392 -[is_a]-> GO:0019336
GO:0072392 -[is_a]-> GO:0072390
GO:0072393 -[is_a]-> GO:0034453
GO:0072394 -[is_a]-> GO:0090429
GO:0072394 -[part_of]-> GO:0000075
GO:0072395 -[is_a]-> GO:0035556
GO:0072395 -[is_a]-> GO:1901988
GO:0072395 -[part_of]-> GO:0000075
GO:0072396 -[is_a]-> GO:0071216
GO:0072396 -[is_a]-> GO:0071495
GO:0072397 -[is_a]-> GO:0072412
GO:0072398 -[is_a]-> GO:0072413
GO:0072399 -[is_a]-> GO:0072396
GO:0072400 -[is_a]-> GO:0072412
GO:0072400 -[part_of]-> GO:0044774
GO:0072401 -[is_a]-> GO:0072395
GO:0072401 -[part_of]-> GO:0031570
GO:0072402 -[is_a]-> GO:0072396
GO:0072409 -[is_a]-> GO:0022414
GO:0072409 -[is_a]-> GO:0072394
GO:0072409 -[part_of]-> GO:0033313
GO:0072410 -[is_a]-> GO:0072396
GO:0072411 -[is_a]-> GO:0022414
GO:0072411 -[is_a]-> GO:0072395
GO:0072411 -[part_of]-> GO:0033313
GO:0072412 -[is_a]-> GO:0072394
GO:0072412 -[part_of]-> GO:0007093
GO:0072413 -[is_a]-> GO:0072395
GO:0072413 -[part_of]-> GO:0007093
GO:0072414 -[is_a]-> GO:0072396
GO:0072415 -[is_a]-> GO:0072394
GO:0072415 -[part_of]-> GO:0031577
GO:0072416 -[is_a]-> GO:0072395
GO:0072416 -[part_of]-> GO:0031577
GO:0072417 -[is_a]-> GO:0072396
GO:0072421 -[is_a]-> GO:0022402
GO:0072421 -[is_a]-> GO:0042769
GO:0072421 -[part_of]-> GO:0000077
GO:0072422 -[is_a]-> GO:0022402
GO:0072422 -[is_a]-> GO:0042770
GO:0072422 -[is_a]-> GO:0072401
GO:0072422 -[part_of]-> GO:0000077
GO:0072423 -[is_a]-> GO:0072402
GO:0072424 -[is_a]-> GO:0072421
GO:0072424 -[part_of]-> GO:0031572
GO:0072425 -[is_a]-> GO:0072422
GO:0072425 -[is_a]-> GO:1902750
GO:0072425 -[part_of]-> GO:0031572
GO:0072426 -[is_a]-> GO:0072423
GO:0072427 -[is_a]-> GO:0072421
GO:0072427 -[is_a]-> GO:1902401
GO:0072427 -[is_a]-> GO:1903047
GO:0072427 -[part_of]-> GO:0031573
GO:0072428 -[is_a]-> GO:1902402
GO:0072428 -[is_a]-> GO:1903464
GO:0072428 -[part_of]-> GO:0031573
GO:0072429 -[is_a]-> GO:0072423
GO:0072430 -[is_a]-> GO:0072421
GO:0072430 -[is_a]-> GO:1902399
GO:0072430 -[is_a]-> GO:1902401
GO:0072430 -[is_a]-> GO:1903047
GO:0072430 -[part_of]-> GO:0007093
GO:0072430 -[part_of]-> GO:0031571
GO:0072431 -[is_a]-> GO:1902400
GO:0072431 -[is_a]-> GO:1902402
GO:0072431 -[is_a]-> GO:2000134
GO:0072431 -[part_of]-> GO:0031571
GO:0072432 -[is_a]-> GO:0072414
GO:0072432 -[is_a]-> GO:0072423
GO:0072433 -[is_a]-> GO:0072424
GO:0072433 -[is_a]-> GO:1902401
GO:0072433 -[is_a]-> GO:1903047
GO:0072433 -[part_of]-> GO:0007095
GO:0072434 -[is_a]-> GO:0010972
GO:0072434 -[is_a]-> GO:0072425
GO:0072434 -[is_a]-> GO:1902402
GO:0072434 -[part_of]-> GO:0007095
GO:0072435 -[is_a]-> GO:0072414
GO:0072435 -[is_a]-> GO:0072426
GO:0072436 -[is_a]-> GO:0022402
GO:0072436 -[is_a]-> GO:0042769
GO:0072436 -[part_of]-> GO:0000076
GO:0072437 -[is_a]-> GO:0072401
GO:0072437 -[part_of]-> GO:0000076
GO:0072438 -[is_a]-> GO:0072402
GO:0072439 -[is_a]-> GO:0072436
GO:0072439 -[is_a]-> GO:1903046
GO:0072439 -[part_of]-> GO:0033315
GO:0072440 -[is_a]-> GO:0072411
GO:0072440 -[is_a]-> GO:0072437
GO:0072440 -[part_of]-> GO:0033315
GO:0072441 -[is_a]-> GO:0072410
GO:0072441 -[is_a]-> GO:0072438
GO:0072442 -[is_a]-> GO:0072400
GO:0072442 -[is_a]-> GO:0072436
GO:0072442 -[is_a]-> GO:1903047
GO:0072442 -[part_of]-> GO:0033314
GO:0072443 -[is_a]-> GO:0072437
GO:0072443 -[is_a]-> GO:1902403
GO:0072443 -[part_of]-> GO:0033314
GO:0072444 -[is_a]-> GO:0072414
GO:0072444 -[is_a]-> GO:0072438
GO:0072448 -[is_a]-> GO:0072469
GO:0072448 -[part_of]-> GO:0031567
GO:0072448 -[part_of]-> GO:0031568
GO:0072449 -[is_a]-> GO:0072470
GO:0072450 -[is_a]-> GO:0072471
GO:0072450 -[part_of]-> GO:0031567
GO:0072450 -[part_of]-> GO:0031568
GO:0072451 -[is_a]-> GO:0072469
GO:0072451 -[part_of]-> GO:0031569
GO:0072452 -[is_a]-> GO:0072470
GO:0072453 -[is_a]-> GO:0072471
GO:0072453 -[part_of]-> GO:0031569
GO:0072460 -[is_a]-> GO:0072409
GO:0072460 -[part_of]-> GO:0051598
GO:0072461 -[is_a]-> GO:0072410
GO:0072461 -[is_a]-> GO:1903046
GO:0072461 -[part_of]-> GO:0051598
GO:0072462 -[is_a]-> GO:0072411
GO:0072462 -[part_of]-> GO:0051598
GO:0072463 -[is_a]-> GO:0072409
GO:0072463 -[is_a]-> GO:0072484
GO:0072463 -[is_a]-> GO:1902397
GO:0072463 -[part_of]-> GO:0033316
GO:0072464 -[is_a]-> GO:0072410
GO:0072464 -[is_a]-> GO:0072485
GO:0072465 -[is_a]-> GO:0072486
GO:0072465 -[is_a]-> GO:1902398
GO:0072465 -[part_of]-> GO:0033316
GO:0072469 -[is_a]-> GO:0072412
GO:0072469 -[part_of]-> GO:0031567
GO:0072470 -[is_a]-> GO:0072414
GO:0072471 -[is_a]-> GO:0072413
GO:0072471 -[part_of]-> GO:0031567
GO:0072475 -[is_a]-> GO:0072412
GO:0072475 -[is_a]-> GO:0072415
GO:0072475 -[part_of]-> GO:0071174
GO:0072476 -[is_a]-> GO:0072414
GO:0072476 -[is_a]-> GO:0072417
GO:0072477 -[is_a]-> GO:0072413
GO:0072477 -[is_a]-> GO:0072416
GO:0072477 -[part_of]-> GO:0071174
GO:0072478 -[is_a]-> GO:0072475
GO:0072478 -[is_a]-> GO:0072484
GO:0072478 -[part_of]-> GO:0007094
GO:0072479 -[is_a]-> GO:0072476
GO:0072479 -[is_a]-> GO:0072485
GO:0072480 -[is_a]-> GO:0072477
GO:0072480 -[is_a]-> GO:0072486
GO:0072480 -[part_of]-> GO:0007094
GO:0072481 -[is_a]-> GO:0072475
GO:0072481 -[part_of]-> GO:0031578
GO:0072482 -[is_a]-> GO:0072476
GO:0072483 -[is_a]-> GO:0072477
GO:0072483 -[part_of]-> GO:0031578
GO:0072484 -[is_a]-> GO:0072415
GO:0072484 -[part_of]-> GO:0071173
GO:0072485 -[is_a]-> GO:0072417
GO:0072486 -[is_a]-> GO:0072416
GO:0072486 -[part_of]-> GO:0071173
GO:0072487 -[is_a]-> GO:0043234
GO:0072487 -[is_a]-> GO:1902562
GO:0072488 -[is_a]-> GO:0015696
GO:0072488 -[is_a]-> GO:0098655
GO:0072489 -[is_a]-> GO:0015843
GO:0072489 -[is_a]-> GO:0072488
GO:0072490 -[is_a]-> GO:0042537
GO:0072491 -[is_a]-> GO:0019439
GO:0072491 -[is_a]-> GO:0072490
GO:0072491 -[is_a]-> GO:1901361
GO:0072492 -[is_a]-> GO:0033655
GO:0072492 -[part_of]-> GO:0044190
GO:0072493 -[is_a]-> GO:0033655
GO:0072493 -[part_of]-> GO:0044174
GO:0072494 -[is_a]-> GO:0044184
GO:0072495 -[is_a]-> GO:0044094
GO:0072495 -[part_of]-> GO:0044095
GO:0072496 -[is_a]-> GO:0019787
GO:0072497 -[is_a]-> GO:0048863
GO:0072498 -[is_a]-> GO:0048706
GO:0072499 -[is_a]-> GO:0007411
GO:0072501 -[is_a]-> GO:0030002
GO:0072501 -[is_a]-> GO:0072505
GO:0072502 -[is_a]-> GO:0030002
GO:0072502 -[is_a]-> GO:0072506
GO:0072503 -[is_a]-> GO:0030003
GO:0072503 -[is_a]-> GO:0072507
GO:0072504 -[is_a]-> GO:0030003
GO:0072504 -[is_a]-> GO:0072508
GO:0072505 -[is_a]-> GO:0055081
GO:0072505 -[is_a]-> GO:0098771
GO:0072506 -[is_a]-> GO:0055081
GO:0072506 -[is_a]-> GO:0098771
GO:0072507 -[is_a]-> GO:0055080
GO:0072507 -[is_a]-> GO:0098771
GO:0072508 -[is_a]-> GO:0055080
GO:0072508 -[is_a]-> GO:0098771
GO:0072509 -[is_a]-> GO:0022890
GO:0072509 -[part_of]-> GO:0072511
GO:0072510 -[is_a]-> GO:0022890
GO:0072510 -[part_of]-> GO:0072512
GO:0072511 -[is_a]-> GO:0006812
GO:0072512 -[is_a]-> GO:0006812
GO:0072513 -[is_a]-> GO:0003266
GO:0072513 -[is_a]-> GO:0008284
GO:0072514 -[is_a]-> GO:0015771
GO:0072514 -[part_of]-> GO:0042631
GO:0072515 -[is_a]-> GO:0072514
GO:0072515 -[part_of]-> GO:0071465
GO:0072516 -[is_a]-> GO:0043231
GO:0072516 -[is_a]-> GO:0044444
GO:0072517 -[is_a]-> GO:0033648
GO:0072517 -[is_a]-> GO:0039714
GO:0072518 -[is_a]-> GO:0004674
GO:0072519 -[is_a]-> GO:0044403
GO:0072520 -[is_a]-> GO:0035295
GO:0072520 -[is_a]-> GO:0048608
GO:0072520 -[part_of]-> GO:0008584
GO:0072521 -[is_a]-> GO:0006725
GO:0072521 -[is_a]-> GO:0034641
GO:0072521 -[is_a]-> GO:0046483
GO:0072521 -[is_a]-> GO:1901360
GO:0072521 -[is_a]-> GO:1901564
GO:0072522 -[is_a]-> GO:0018130
GO:0072522 -[is_a]-> GO:0019438
GO:0072522 -[is_a]-> GO:0044271
GO:0072522 -[is_a]-> GO:0072521
GO:0072522 -[is_a]-> GO:1901362
GO:0072522 -[is_a]-> GO:1901566
GO:0072523 -[is_a]-> GO:0019439
GO:0072523 -[is_a]-> GO:0044270
GO:0072523 -[is_a]-> GO:0046700
GO:0072523 -[is_a]-> GO:0072521
GO:0072523 -[is_a]-> GO:1901361
GO:0072523 -[is_a]-> GO:1901565
GO:0072524 -[is_a]-> GO:0034641
GO:0072524 -[is_a]-> GO:0046483
GO:0072524 -[is_a]-> GO:1901360
GO:0072524 -[is_a]-> GO:1901564
GO:0072525 -[is_a]-> GO:0018130
GO:0072525 -[is_a]-> GO:0044271
GO:0072525 -[is_a]-> GO:0072524
GO:0072525 -[is_a]-> GO:1901362
GO:0072525 -[is_a]-> GO:1901566
GO:0072526 -[is_a]-> GO:0044270
GO:0072526 -[is_a]-> GO:0046700
GO:0072526 -[is_a]-> GO:0072524
GO:0072526 -[is_a]-> GO:1901361
GO:0072526 -[is_a]-> GO:1901565
GO:0072527 -[is_a]-> GO:0034641
GO:0072527 -[is_a]-> GO:0046483
GO:0072527 -[is_a]-> GO:1901360
GO:0072527 -[is_a]-> GO:1901564
GO:0072528 -[is_a]-> GO:0018130
GO:0072528 -[is_a]-> GO:0044271
GO:0072528 -[is_a]-> GO:0072527
GO:0072528 -[is_a]-> GO:1901362
GO:0072528 -[is_a]-> GO:1901566
GO:0072529 -[is_a]-> GO:0044270
GO:0072529 -[is_a]-> GO:0046700
GO:0072529 -[is_a]-> GO:0072527
GO:0072529 -[is_a]-> GO:1901361
GO:0072529 -[is_a]-> GO:1901565
GO:0072530 -[is_a]-> GO:0055085
GO:0072530 -[is_a]-> GO:0071702
GO:0072530 -[is_a]-> GO:0071705
GO:0072531 -[is_a]-> GO:0055085
GO:0072531 -[is_a]-> GO:0071702
GO:0072531 -[is_a]-> GO:0071705
GO:0072532 -[is_a]-> GO:0016709
GO:0072533 -[is_a]-> GO:0016709
GO:0072534 -[is_a]-> GO:0044420
GO:0072535 -[is_a]-> GO:0071706
GO:0072536 -[is_a]-> GO:0098802
GO:0072536 -[part_of]-> GO:0005887
GO:0072537 -[is_a]-> GO:0001775
GO:0072538 -[is_a]-> GO:0002460
GO:0072539 -[is_a]-> GO:0042093
GO:0072539 -[part_of]-> GO:0072538
GO:0072540 -[is_a]-> GO:0002295
GO:0072540 -[part_of]-> GO:0072539
GO:0072541 -[is_a]-> GO:0051920
GO:0072542 -[is_a]-> GO:0019211
GO:0072542 -[is_a]-> GO:0019888
GO:0072542 -[positively_regulates]-> GO:0004721
GO:0072544 -[is_a]-> GO:0043177
GO:0072544 -[is_a]-> GO:0072341
GO:0072545 -[is_a]-> GO:0043177
GO:0072545 -[is_a]-> GO:0097159
GO:0072546 -[is_a]-> GO:0044432
GO:0072546 -[is_a]-> GO:0098796
GO:0072546 -[part_of]-> GO:0030176
GO:0072547 -[is_a]-> GO:0072533
GO:0072548 -[is_a]-> GO:0072533
GO:0072549 -[is_a]-> GO:0072533
GO:0072550 -[is_a]-> GO:0072532
GO:0072551 -[is_a]-> GO:0072532
GO:0072552 -[is_a]-> GO:0072532
GO:0072553 -[is_a]-> GO:0016043
GO:0072553 -[is_a]-> GO:0044763
GO:0072553 -[part_of]-> GO:0050808
GO:0072554 -[is_a]-> GO:0061154
GO:0072554 -[part_of]-> GO:0048514
GO:0072555 -[is_a]-> GO:0033764
GO:0072556 -[is_a]-> GO:0044218
GO:0072557 -[is_a]-> GO:0061702
GO:0072558 -[is_a]-> GO:0061702
GO:0072559 -[is_a]-> GO:0061702
GO:0072560 -[is_a]-> GO:0002071
GO:0072560 -[part_of]-> GO:0003323
GO:0072562 -[is_a]-> GO:0044421
GO:0072562 -[part_of]-> GO:0005615
GO:0072563 -[is_a]-> GO:0072562
GO:0072564 -[is_a]-> GO:0016043
GO:0072564 -[is_a]-> GO:0044763
GO:0072564 -[is_a]-> GO:0044767
GO:0072564 -[is_a]-> GO:0048646
GO:0072565 -[is_a]-> GO:0072564
GO:0072566 -[is_a]-> GO:0032602
GO:0072567 -[is_a]-> GO:0032602
GO:0072570 -[is_a]-> GO:0097159
GO:0072570 -[is_a]-> GO:0097367
GO:0072570 -[is_a]-> GO:1901363
GO:0072571 -[is_a]-> GO:0072570
GO:0072572 -[is_a]-> GO:0097367
GO:0072573 -[is_a]-> GO:0002507
GO:0072573 -[is_a]-> GO:0031665
GO:0072573 -[part_of]-> GO:0071222
GO:0072574 -[is_a]-> GO:0072575
GO:0072575 -[is_a]-> GO:0050673
GO:0072575 -[part_of]-> GO:0072576
GO:0072576 -[is_a]-> GO:0022612
GO:0072576 -[part_of]-> GO:0001889
GO:0072577 -[is_a]-> GO:1904019
GO:0072578 -[is_a]-> GO:0043113
GO:0072578 -[part_of]-> GO:0050808
GO:0072579 -[is_a]-> GO:0072578
GO:0072579 -[part_of]-> GO:0001941
GO:0072580 -[is_a]-> GO:0018205
GO:0072581 -[is_a]-> GO:0018205
GO:0072581 -[part_of]-> GO:0072580
GO:0072582 -[is_a]-> GO:0033764
GO:0072583 -[is_a]-> GO:0006898
GO:0072584 -[is_a]-> GO:0006897
GO:0072585 -[is_a]-> GO:0008477
GO:0072586 -[is_a]-> GO:0060590
GO:0072586 -[part_of]-> GO:2000371
GO:0072586 -[regulates]-> GO:0003918
GO:0072587 -[is_a]-> GO:0001671
GO:0072587 -[is_a]-> GO:0072586
GO:0072587 -[part_of]-> GO:2000373
GO:0072587 -[positively_regulates]-> GO:0003918
GO:0072588 -[is_a]-> GO:0005732
GO:0072588 -[is_a]-> GO:0044428
GO:0072588 -[part_of]-> GO:0005697
GO:0072589 -[is_a]-> GO:0044451
GO:0072589 -[is_a]-> GO:0072588
GO:0072589 -[is_a]-> GO:1902494
GO:0072589 -[part_of]-> GO:0015030
GO:0072590 -[is_a]-> GO:0016879
GO:0072591 -[is_a]-> GO:0016879
GO:0072592 -[is_a]-> GO:0044237
GO:0072593 -[is_a]-> GO:0044237
GO:0072594 -[is_a]-> GO:0045184
GO:0072594 -[part_of]-> GO:0033365
GO:0072595 -[is_a]-> GO:0032507
GO:0072595 -[occurs_in]-> GO:0043226
GO:0072595 -[part_of]-> GO:0033365
GO:0072596 -[is_a]-> GO:0072594
GO:0072596 -[part_of]-> GO:0072598
GO:0072597 -[is_a]-> GO:0051220
GO:0072597 -[is_a]-> GO:0072595
GO:0072597 -[occurs_in]-> GO:0009507
GO:0072597 -[part_of]-> GO:0072598
GO:0072598 -[is_a]-> GO:0033365
GO:0072599 -[is_a]-> GO:0072594
GO:0072599 -[part_of]-> GO:0070972
GO:0072600 -[is_a]-> GO:0072594
GO:0072600 -[part_of]-> GO:0034067
GO:0072601 -[is_a]-> GO:0050663
GO:0072601 -[part_of]-> GO:0032632
GO:0072602 -[is_a]-> GO:0050663
GO:0072602 -[part_of]-> GO:0032633
GO:0072603 -[is_a]-> GO:0050663
GO:0072603 -[part_of]-> GO:0032634
GO:0072604 -[is_a]-> GO:0050663
GO:0072604 -[part_of]-> GO:0032635
GO:0072605 -[is_a]-> GO:0050663
GO:0072605 -[part_of]-> GO:0032636
GO:0072606 -[is_a]-> GO:0050663
GO:0072606 -[part_of]-> GO:0032637
GO:0072607 -[is_a]-> GO:0050663
GO:0072607 -[part_of]-> GO:0032638
GO:0072608 -[is_a]-> GO:0050663
GO:0072608 -[part_of]-> GO:0032613
GO:0072609 -[is_a]-> GO:0050663
GO:0072609 -[part_of]-> GO:0032614
GO:0072610 -[is_a]-> GO:0050663
GO:0072610 -[part_of]-> GO:0032615
GO:0072611 -[is_a]-> GO:0050663
GO:0072611 -[part_of]-> GO:0032616
GO:0072612 -[is_a]-> GO:0050663
GO:0072612 -[part_of]-> GO:0032617
GO:0072613 -[is_a]-> GO:0050663
GO:0072613 -[part_of]-> GO:0032618
GO:0072614 -[is_a]-> GO:0050663
GO:0072614 -[part_of]-> GO:0032619
GO:0072615 -[is_a]-> GO:0050663
GO:0072615 -[part_of]-> GO:0032620
GO:0072616 -[is_a]-> GO:0050663
GO:0072616 -[part_of]-> GO:0032621
GO:0072617 -[is_a]-> GO:0050663
GO:0072617 -[part_of]-> GO:0032622
GO:0072618 -[is_a]-> GO:0050663
GO:0072618 -[part_of]-> GO:0032624
GO:0072619 -[is_a]-> GO:0050663
GO:0072619 -[part_of]-> GO:0032625
GO:0072620 -[is_a]-> GO:0050663
GO:0072620 -[part_of]-> GO:0032626
GO:0072621 -[is_a]-> GO:0050663
GO:0072621 -[part_of]-> GO:0032627
GO:0072622 -[is_a]-> GO:0050663
GO:0072622 -[part_of]-> GO:0032628
GO:0072623 -[is_a]-> GO:0050663
GO:0072623 -[part_of]-> GO:0032629
GO:0072624 -[is_a]-> GO:0050663
GO:0072624 -[part_of]-> GO:0032630
GO:0072625 -[is_a]-> GO:0050663
GO:0072625 -[part_of]-> GO:0032631
GO:0072626 -[is_a]-> GO:0050663
GO:0072626 -[part_of]-> GO:0070753
GO:0072627 -[is_a]-> GO:0034343
GO:0072628 -[is_a]-> GO:0072644
GO:0072628 -[part_of]-> GO:0072627
GO:0072629 -[is_a]-> GO:0034343
GO:0072630 -[is_a]-> GO:0072644
GO:0072630 -[part_of]-> GO:0072629
GO:0072631 -[is_a]-> GO:0034343
GO:0072632 -[is_a]-> GO:0072644
GO:0072632 -[part_of]-> GO:0072631
GO:0072633 -[is_a]-> GO:0001816
GO:0072634 -[is_a]-> GO:0050663
GO:0072634 -[part_of]-> GO:0072633
GO:0072635 -[is_a]-> GO:0001816
GO:0072636 -[is_a]-> GO:0050663
GO:0072636 -[part_of]-> GO:0072635
GO:0072637 -[is_a]-> GO:0001816
GO:0072638 -[is_a]-> GO:0050663
GO:0072638 -[part_of]-> GO:0072637
GO:0072639 -[is_a]-> GO:0001816
GO:0072640 -[is_a]-> GO:0050663
GO:0072640 -[part_of]-> GO:0072639
GO:0072641 -[is_a]-> GO:0050663
GO:0072641 -[part_of]-> GO:0032606
GO:0072642 -[is_a]-> GO:0072641
GO:0072642 -[part_of]-> GO:0032607
GO:0072643 -[is_a]-> GO:0050663
GO:0072643 -[part_of]-> GO:0032609
GO:0072644 -[is_a]-> GO:0050663
GO:0072644 -[part_of]-> GO:0034343
GO:0072645 -[is_a]-> GO:0032606
GO:0072646 -[is_a]-> GO:0072641
GO:0072646 -[part_of]-> GO:0072645
GO:0072647 -[is_a]-> GO:0032606
GO:0072648 -[is_a]-> GO:0072641
GO:0072648 -[part_of]-> GO:0072647
GO:0072649 -[is_a]-> GO:0032606
GO:0072650 -[is_a]-> GO:0072641
GO:0072650 -[part_of]-> GO:0072649
GO:0072651 -[is_a]-> GO:0032606
GO:0072652 -[is_a]-> GO:0072641
GO:0072652 -[part_of]-> GO:0072651
GO:0072653 -[is_a]-> GO:0032606
GO:0072654 -[is_a]-> GO:0072641
GO:0072654 -[part_of]-> GO:0072653
GO:0072655 -[is_a]-> GO:0072594
GO:0072655 -[part_of]-> GO:0070585
GO:0072656 -[is_a]-> GO:0051220
GO:0072656 -[is_a]-> GO:0072595
GO:0072656 -[occurs_in]-> GO:0005739
GO:0072656 -[part_of]-> GO:0070585
GO:0072657 -[is_a]-> GO:0034613
GO:0072657 -[is_a]-> GO:0044802
GO:0072657 -[is_a]-> GO:1902580
GO:0072658 -[is_a]-> GO:0032507
GO:0072658 -[part_of]-> GO:0072657
GO:0072659 -[is_a]-> GO:0007009
GO:0072659 -[is_a]-> GO:0072657
GO:0072659 -[is_a]-> GO:1990778
GO:0072660 -[is_a]-> GO:0072658
GO:0072660 -[part_of]-> GO:0072659
GO:0072661 -[is_a]-> GO:0006612
GO:0072661 -[is_a]-> GO:0090002
GO:0072661 -[is_a]-> GO:0098876
GO:0072661 -[is_a]-> GO:1990778
GO:0072662 -[is_a]-> GO:0007031
GO:0072662 -[is_a]-> GO:0033365
GO:0072663 -[is_a]-> GO:0072594
GO:0072663 -[part_of]-> GO:0072662
GO:0072664 -[is_a]-> GO:0051220
GO:0072664 -[is_a]-> GO:0072595
GO:0072664 -[occurs_in]-> GO:0005777
GO:0072664 -[part_of]-> GO:0072662
GO:0072665 -[is_a]-> GO:0033365
GO:0072666 -[is_a]-> GO:0072594
GO:0072666 -[part_of]-> GO:0072665
GO:0072667 -[is_a]-> GO:0051220
GO:0072667 -[is_a]-> GO:0072595
GO:0072667 -[occurs_in]-> GO:0005773
GO:0072667 -[part_of]-> GO:0072665
GO:0072669 -[is_a]-> GO:0043234
GO:0072669 -[is_a]-> GO:0044424
GO:0072670 -[is_a]-> GO:0070900
GO:0072671 -[is_a]-> GO:0043161
GO:0072672 -[is_a]-> GO:0045123
GO:0072672 -[is_a]-> GO:1990266
GO:0072673 -[is_a]-> GO:0048858
GO:0072673 -[is_a]-> GO:0097581
GO:0072674 -[is_a]-> GO:0030316
GO:0072675 -[is_a]-> GO:0000768
GO:0072675 -[part_of]-> GO:0072674
GO:0072676 -[is_a]-> GO:0050900
GO:0072677 -[is_a]-> GO:0097530
GO:0072678 -[is_a]-> GO:0072676
GO:0072679 -[is_a]-> GO:0072678
GO:0072680 -[is_a]-> GO:0006929
GO:0072680 -[is_a]-> GO:0072679
GO:0072681 -[is_a]-> GO:0072680
GO:0072682 -[is_a]-> GO:0045123
GO:0072682 -[is_a]-> GO:0072677
GO:0072683 -[is_a]-> GO:0045123
GO:0072683 -[is_a]-> GO:0072678
GO:0072684 -[is_a]-> GO:0034414
GO:0072684 -[is_a]-> GO:1990180
GO:0072684 -[occurs_in]-> GO:0005739
GO:0072685 -[is_a]-> GO:0043623
GO:0072686 -[is_a]-> GO:0005819
GO:0072687 -[is_a]-> GO:0005819
GO:0072688 -[is_a]-> GO:0034629
GO:0072689 -[is_a]-> GO:0043623
GO:0072690 -[is_a]-> GO:0044848
GO:0072691 -[is_a]-> GO:1902974
GO:0072691 -[part_of]-> GO:0006279
GO:0072692 -[is_a]-> GO:0030702
GO:0072692 -[occurs_in]-> GO:0034506
GO:0072693 -[is_a]-> GO:0006612
GO:0072693 -[is_a]-> GO:1902657
GO:0072693 -[is_a]-> GO:1902658
GO:0072695 -[is_a]-> GO:0000018
GO:0072696 -[is_a]-> GO:0045911
GO:0072696 -[is_a]-> GO:0072695
GO:0072697 -[is_a]-> GO:1990778
GO:0072698 -[is_a]-> GO:0044380
GO:0072699 -[is_a]-> GO:0072697
GO:0072699 -[is_a]-> GO:0072698
GO:0072700 -[is_a]-> GO:0010035
GO:0072701 -[is_a]-> GO:0071241
GO:0072701 -[is_a]-> GO:0072700
GO:0072702 -[is_a]-> GO:0010033
GO:0072702 -[is_a]-> GO:1901700
GO:0072703 -[is_a]-> GO:0071310
GO:0072703 -[is_a]-> GO:0072702
GO:0072703 -[is_a]-> GO:1901701
GO:0072704 -[is_a]-> GO:0097305
GO:0072705 -[is_a]-> GO:0072704
GO:0072705 -[is_a]-> GO:0097306
GO:0072706 -[is_a]-> GO:0010033
GO:0072706 -[is_a]-> GO:1901700
GO:0072707 -[is_a]-> GO:0071310
GO:0072707 -[is_a]-> GO:0072706
GO:0072707 -[is_a]-> GO:1901701
GO:0072708 -[is_a]-> GO:0009743
GO:0072709 -[is_a]-> GO:0071322
GO:0072709 -[is_a]-> GO:0072708
GO:0072710 -[is_a]-> GO:0010033
GO:0072710 -[is_a]-> GO:1901698
GO:0072711 -[is_a]-> GO:0071241
GO:0072711 -[is_a]-> GO:0072710
GO:0072711 -[is_a]-> GO:1901699
GO:0072712 -[is_a]-> GO:0010243
GO:0072712 -[is_a]-> GO:0014070
GO:0072713 -[is_a]-> GO:0071407
GO:0072713 -[is_a]-> GO:0071417
GO:0072713 -[is_a]-> GO:0072712
GO:0072714 -[is_a]-> GO:0010035
GO:0072715 -[is_a]-> GO:0071241
GO:0072715 -[is_a]-> GO:0072714
GO:0072716 -[is_a]-> GO:0046677
GO:0072716 -[is_a]-> GO:1901652
GO:0072717 -[is_a]-> GO:0071236
GO:0072717 -[is_a]-> GO:0072716
GO:0072717 -[is_a]-> GO:1901653
GO:0072718 -[is_a]-> GO:0042221
GO:0072719 -[is_a]-> GO:0070887
GO:0072719 -[is_a]-> GO:0072718
GO:0072720 -[is_a]-> GO:0010033
GO:0072720 -[is_a]-> GO:1901700
GO:0072721 -[is_a]-> GO:0071310
GO:0072721 -[is_a]-> GO:0072720
GO:0072721 -[is_a]-> GO:1901701
GO:0072722 -[is_a]-> GO:0010243
GO:0072722 -[is_a]-> GO:0014070
GO:0072723 -[is_a]-> GO:0071407
GO:0072723 -[is_a]-> GO:0071417
GO:0072723 -[is_a]-> GO:0072722
GO:0072724 -[is_a]-> GO:0010243
GO:0072724 -[is_a]-> GO:0014070
GO:0072724 -[is_a]-> GO:1901700
GO:0072725 -[is_a]-> GO:0071407
GO:0072725 -[is_a]-> GO:0071417
GO:0072725 -[is_a]-> GO:0072724
GO:0072725 -[is_a]-> GO:1901701
GO:0072726 -[is_a]-> GO:0010243
GO:0072726 -[is_a]-> GO:0014070
GO:0072727 -[is_a]-> GO:0071407
GO:0072727 -[is_a]-> GO:0071417
GO:0072727 -[is_a]-> GO:0072726
GO:0072728 -[is_a]-> GO:0010033
GO:0072729 -[is_a]-> GO:0071310
GO:0072729 -[is_a]-> GO:0072728
GO:0072730 -[is_a]-> GO:0014070
GO:0072730 -[is_a]-> GO:0033993
GO:0072730 -[is_a]-> GO:1901700
GO:0072731 -[is_a]-> GO:0071396
GO:0072731 -[is_a]-> GO:0071407
GO:0072731 -[is_a]-> GO:0072730
GO:0072731 -[is_a]-> GO:1901701
GO:0072732 -[is_a]-> GO:0009267
GO:0072733 -[is_a]-> GO:0014070
GO:0072733 -[is_a]-> GO:0043279
GO:0072734 -[is_a]-> GO:0071312
GO:0072734 -[is_a]-> GO:0071407
GO:0072734 -[is_a]-> GO:0072733
GO:0072735 -[is_a]-> GO:0033195
GO:0072736 -[is_a]-> GO:0071310
GO:0072736 -[is_a]-> GO:0071448
GO:0072736 -[is_a]-> GO:0072735
GO:0072737 -[is_a]-> GO:1901698
GO:0072738 -[is_a]-> GO:0072737
GO:0072738 -[is_a]-> GO:1901699
GO:0072739 -[is_a]-> GO:0010243
GO:0072740 -[is_a]-> GO:0071417
GO:0072740 -[is_a]-> GO:0072739
GO:0072741 -[is_a]-> GO:0034613
GO:0072742 -[is_a]-> GO:0034629
GO:0072743 -[is_a]-> GO:0071407
GO:0072743 -[is_a]-> GO:1901323
GO:0072743 -[is_a]-> GO:1901701
GO:0072744 -[is_a]-> GO:0071362
GO:0072744 -[is_a]-> GO:0071407
GO:0072744 -[is_a]-> GO:1901324
GO:0072745 -[is_a]-> GO:0071407
GO:0072745 -[is_a]-> GO:0071417
GO:0072745 -[is_a]-> GO:1901325
GO:0072745 -[is_a]-> GO:1901701
GO:0072746 -[is_a]-> GO:1901326
GO:0072746 -[is_a]-> GO:1901701
GO:0072747 -[is_a]-> GO:0071417
GO:0072747 -[is_a]-> GO:1901322
GO:0072747 -[is_a]-> GO:1901701
GO:0072748 -[is_a]-> GO:0070887
GO:0072748 -[is_a]-> GO:1901327
GO:0072749 -[is_a]-> GO:0071407
GO:0072749 -[is_a]-> GO:0071417
GO:0072749 -[is_a]-> GO:1901328
GO:0072749 -[is_a]-> GO:1901701
GO:0072750 -[is_a]-> GO:0071398
GO:0072750 -[is_a]-> GO:0071407
GO:0072750 -[is_a]-> GO:1901344
GO:0072751 -[is_a]-> GO:0071230
GO:0072751 -[is_a]-> GO:1901345
GO:0072752 -[is_a]-> GO:0071362
GO:0072752 -[is_a]-> GO:0071407
GO:0072752 -[is_a]-> GO:0071417
GO:0072752 -[is_a]-> GO:0097306
GO:0072752 -[is_a]-> GO:1901355
GO:0072752 -[is_a]-> GO:1901655
GO:0072753 -[is_a]-> GO:1901370
GO:0072753 -[is_a]-> GO:1901653
GO:0072754 -[is_a]-> GO:0071415
GO:0072754 -[is_a]-> GO:1901560
GO:0072755 -[is_a]-> GO:0071407
GO:0072755 -[is_a]-> GO:0071417
GO:0072755 -[is_a]-> GO:1901561
GO:0072755 -[is_a]-> GO:1901701
GO:0072756 -[is_a]-> GO:0071310
GO:0072756 -[is_a]-> GO:1901562
GO:0072757 -[is_a]-> GO:0071312
GO:0072757 -[is_a]-> GO:0071407
GO:0072757 -[is_a]-> GO:0097306
GO:0072757 -[is_a]-> GO:1901563
GO:0072758 -[is_a]-> GO:0042221
GO:0072759 -[is_a]-> GO:0070887
GO:0072759 -[is_a]-> GO:0072758
GO:0072760 -[is_a]-> GO:0071229
GO:0072760 -[is_a]-> GO:0071310
GO:0072760 -[is_a]-> GO:1901593
GO:0072760 -[is_a]-> GO:1901699
GO:0072760 -[is_a]-> GO:1901701
GO:0072761 -[is_a]-> GO:0071407
GO:0072761 -[is_a]-> GO:0071417
GO:0072761 -[is_a]-> GO:1901594
GO:0072761 -[is_a]-> GO:1901701
GO:0072762 -[is_a]-> GO:0071407
GO:0072762 -[is_a]-> GO:0071417
GO:0072762 -[is_a]-> GO:1901597
GO:0072762 -[is_a]-> GO:1901701
GO:0072763 -[is_a]-> GO:0071407
GO:0072763 -[is_a]-> GO:0071418
GO:0072763 -[is_a]-> GO:1901595
GO:0072763 -[is_a]-> GO:1901701
GO:0072764 -[is_a]-> GO:0071415
GO:0072764 -[is_a]-> GO:1901596
GO:0072764 -[is_a]-> GO:1901701
GO:0072765 -[is_a]-> GO:0034629
GO:0072765 -[is_a]-> GO:0051640
GO:0072766 -[is_a]-> GO:0098653
GO:0072766 -[part_of]-> GO:0000278
GO:0075000 -[is_a]-> GO:0075136
GO:0075001 -[is_a]-> GO:0044406
GO:0075002 -[is_a]-> GO:0075001
GO:0075003 -[is_a]-> GO:0075001
GO:0075004 -[is_a]-> GO:0044406
GO:0075005 -[is_a]-> GO:0009847
GO:0075005 -[is_a]-> GO:0044132
GO:0075005 -[is_a]-> GO:0051701
GO:0075006 -[is_a]-> GO:0044138
GO:0075006 -[is_a]-> GO:1904359
GO:0075006 -[regulates]-> GO:0075005
GO:0075007 -[is_a]-> GO:0044143
GO:0075007 -[is_a]-> GO:0075006
GO:0075007 -[is_a]-> GO:1904361
GO:0075007 -[positively_regulates]-> GO:0075005
GO:0075008 -[is_a]-> GO:0044141
GO:0075008 -[is_a]-> GO:0075006
GO:0075008 -[is_a]-> GO:1904360
GO:0075008 -[negatively_regulates]-> GO:0075005
GO:0075009 -[is_a]-> GO:0044132
GO:0075009 -[part_of]-> GO:0075005
GO:0075010 -[is_a]-> GO:0075006
GO:0075010 -[regulates]-> GO:0075009
GO:0075011 -[is_a]-> GO:0075007
GO:0075011 -[is_a]-> GO:0075010
GO:0075011 -[positively_regulates]-> GO:0075009
GO:0075012 -[is_a]-> GO:0075008
GO:0075012 -[is_a]-> GO:0075010
GO:0075012 -[negatively_regulates]-> GO:0075009
GO:0075015 -[is_a]-> GO:0044115
GO:0075015 -[is_a]-> GO:0048646
GO:0075016 -[is_a]-> GO:0044134
GO:0075016 -[is_a]-> GO:0075015
GO:0075017 -[is_a]-> GO:0022603
GO:0075017 -[is_a]-> GO:0044138
GO:0075017 -[regulates]-> GO:0075016
GO:0075018 -[is_a]-> GO:0044143
GO:0075018 -[is_a]-> GO:0075017
GO:0075018 -[positively_regulates]-> GO:0075016
GO:0075019 -[is_a]-> GO:0044141
GO:0075019 -[is_a]-> GO:0075017
GO:0075019 -[negatively_regulates]-> GO:0075016
GO:0075020 -[is_a]-> GO:0075018
GO:0075021 -[is_a]-> GO:0075018
GO:0075022 -[is_a]-> GO:0075018
GO:0075023 -[is_a]-> GO:0075018
GO:0075024 -[is_a]-> GO:0075018
GO:0075025 -[is_a]-> GO:0044111
GO:0075025 -[part_of]-> GO:0075016
GO:0075026 -[is_a]-> GO:0075017
GO:0075026 -[regulates]-> GO:0075025
GO:0075027 -[is_a]-> GO:0075018
GO:0075027 -[is_a]-> GO:0075026
GO:0075027 -[positively_regulates]-> GO:0075025
GO:0075028 -[is_a]-> GO:0075019
GO:0075028 -[is_a]-> GO:0075026
GO:0075028 -[negatively_regulates]-> GO:0075025
GO:0075029 -[is_a]-> GO:0075015
GO:0075029 -[part_of]-> GO:0075025
GO:0075030 -[is_a]-> GO:0075026
GO:0075030 -[regulates]-> GO:0075029
GO:0075031 -[is_a]-> GO:0075027
GO:0075031 -[is_a]-> GO:0075030
GO:0075031 -[positively_regulates]-> GO:0075029
GO:0075032 -[is_a]-> GO:0075028
GO:0075032 -[is_a]-> GO:0075030
GO:0075032 -[negatively_regulates]-> GO:0075029
GO:0075033 -[is_a]-> GO:0044132
GO:0075033 -[part_of]-> GO:0075016
GO:0075034 -[is_a]-> GO:0000280
GO:0075034 -[part_of]-> GO:0075016
GO:0075035 -[is_a]-> GO:0044115
GO:0075035 -[part_of]-> GO:0075016
GO:0075036 -[is_a]-> GO:0075017
GO:0075036 -[regulates]-> GO:0075035
GO:0075037 -[is_a]-> GO:0075018
GO:0075037 -[is_a]-> GO:0075036
GO:0075037 -[positively_regulates]-> GO:0075035
GO:0075038 -[is_a]-> GO:0075019
GO:0075038 -[is_a]-> GO:0075036
GO:0075038 -[negatively_regulates]-> GO:0075035
GO:0075039 -[is_a]-> GO:0044115
GO:0075039 -[part_of]-> GO:0075035
GO:0075040 -[is_a]-> GO:0075036
GO:0075040 -[regulates]-> GO:0075039
GO:0075041 -[is_a]-> GO:0075037
GO:0075041 -[is_a]-> GO:0075040
GO:0075041 -[positively_regulates]-> GO:0075039
GO:0075042 -[is_a]-> GO:0075038
GO:0075042 -[is_a]-> GO:0075040
GO:0075042 -[negatively_regulates]-> GO:0075039
GO:0075043 -[is_a]-> GO:0042438
GO:0075043 -[is_a]-> GO:0075040
GO:0075044 -[is_a]-> GO:0075071
GO:0075045 -[is_a]-> GO:0022603
GO:0075045 -[is_a]-> GO:0044127
GO:0075045 -[regulates]-> GO:0052094
GO:0075046 -[is_a]-> GO:0044129
GO:0075046 -[is_a]-> GO:0075045
GO:0075046 -[positively_regulates]-> GO:0052094
GO:0075047 -[is_a]-> GO:0044131
GO:0075047 -[is_a]-> GO:0075045
GO:0075047 -[negatively_regulates]-> GO:0052094
GO:0075048 -[is_a]-> GO:0052386
GO:0075048 -[part_of]-> GO:0044409
GO:0075049 -[is_a]-> GO:0051128
GO:0075049 -[is_a]-> GO:0052372
GO:0075049 -[is_a]-> GO:1903338
GO:0075049 -[regulates]-> GO:0075048
GO:0075050 -[is_a]-> GO:0040017
GO:0075050 -[is_a]-> GO:0051130
GO:0075050 -[is_a]-> GO:0075049
GO:0075050 -[is_a]-> GO:0075294
GO:0075050 -[is_a]-> GO:1903340
GO:0075050 -[positively_regulates]-> GO:0075048
GO:0075051 -[is_a]-> GO:0040013
GO:0075051 -[is_a]-> GO:0051129
GO:0075051 -[is_a]-> GO:0052374
GO:0075051 -[is_a]-> GO:0075049
GO:0075051 -[is_a]-> GO:1903339
GO:0075051 -[negatively_regulates]-> GO:0075048
GO:0075052 -[is_a]-> GO:0044409
GO:0075053 -[is_a]-> GO:0075015
GO:0075053 -[part_of]-> GO:0075052
GO:0075054 -[is_a]-> GO:0022603
GO:0075054 -[is_a]-> GO:0044145
GO:0075054 -[is_a]-> GO:0052372
GO:0075054 -[regulates]-> GO:0075053
GO:0075055 -[is_a]-> GO:0040017
GO:0075055 -[is_a]-> GO:0044149
GO:0075055 -[is_a]-> GO:0075054
GO:0075055 -[is_a]-> GO:0075294
GO:0075055 -[positively_regulates]-> GO:0075053
GO:0075056 -[is_a]-> GO:0040013
GO:0075056 -[is_a]-> GO:0044147
GO:0075056 -[is_a]-> GO:0052374
GO:0075056 -[is_a]-> GO:0075054
GO:0075056 -[negatively_regulates]-> GO:0075053
GO:0075057 -[is_a]-> GO:0044111
GO:0075057 -[part_of]-> GO:0075053
GO:0075058 -[is_a]-> GO:0075054
GO:0075058 -[regulates]-> GO:0075057
GO:0075059 -[is_a]-> GO:0075055
GO:0075059 -[is_a]-> GO:0075058
GO:0075059 -[positively_regulates]-> GO:0075057
GO:0075060 -[is_a]-> GO:0075056
GO:0075060 -[is_a]-> GO:0075058
GO:0075060 -[negatively_regulates]-> GO:0075057
GO:0075061 -[is_a]-> GO:0044114
GO:0075062 -[is_a]-> GO:0044127
GO:0075062 -[regulates]-> GO:0075061
GO:0075063 -[is_a]-> GO:0044129
GO:0075063 -[is_a]-> GO:0075062
GO:0075063 -[positively_regulates]-> GO:0075061
GO:0075064 -[is_a]-> GO:0044131
GO:0075064 -[is_a]-> GO:0075062
GO:0075064 -[negatively_regulates]-> GO:0075061
GO:0075069 -[is_a]-> GO:0075001
GO:0075070 -[is_a]-> GO:0075001
GO:0075071 -[is_a]-> GO:0006914
GO:0075071 -[part_of]-> GO:0044403
GO:0075072 -[is_a]-> GO:0075071
GO:0075072 -[part_of]-> GO:0051701
GO:0075073 -[is_a]-> GO:0075072
GO:0075074 -[is_a]-> GO:0075073
GO:0075074 -[part_of]-> GO:0075016
GO:0075075 -[is_a]-> GO:0045761
GO:0075075 -[is_a]-> GO:0052422
GO:0075076 -[is_a]-> GO:0043947
GO:0075076 -[is_a]-> GO:0045762
GO:0075076 -[is_a]-> GO:0075075
GO:0075077 -[is_a]-> GO:0007194
GO:0075077 -[is_a]-> GO:0052403
GO:0075077 -[is_a]-> GO:0075075
GO:0075078 -[is_a]-> GO:0052470
GO:0075079 -[is_a]-> GO:0075078
GO:0075080 -[is_a]-> GO:0075078
GO:0075081 -[is_a]-> GO:0075078
GO:0075082 -[is_a]-> GO:0075079
GO:0075082 -[is_a]-> GO:0075081
GO:0075083 -[is_a]-> GO:0075080
GO:0075083 -[is_a]-> GO:0075081
GO:0075084 -[is_a]-> GO:0075081
GO:0075084 -[is_a]-> GO:0075205
GO:0075085 -[is_a]-> GO:0075082
GO:0075085 -[is_a]-> GO:0075084
GO:0075085 -[is_a]-> GO:0075206
GO:0075086 -[is_a]-> GO:0075083
GO:0075086 -[is_a]-> GO:0075084
GO:0075086 -[is_a]-> GO:0075207
GO:0075087 -[is_a]-> GO:0008277
GO:0075087 -[is_a]-> GO:0075081
GO:0075088 -[is_a]-> GO:0045745
GO:0075088 -[is_a]-> GO:0075082
GO:0075088 -[is_a]-> GO:0075087
GO:0075089 -[is_a]-> GO:0045744
GO:0075089 -[is_a]-> GO:0075083
GO:0075089 -[is_a]-> GO:0075087
GO:0075090 -[is_a]-> GO:0075087
GO:0075091 -[is_a]-> GO:0075088
GO:0075091 -[is_a]-> GO:0075090
GO:0075092 -[is_a]-> GO:0075089
GO:0075092 -[is_a]-> GO:0075090
GO:0075093 -[is_a]-> GO:0075087
GO:0075094 -[is_a]-> GO:0075088
GO:0075094 -[is_a]-> GO:0075093
GO:0075095 -[is_a]-> GO:0075089
GO:0075095 -[is_a]-> GO:0075093
GO:0075096 -[is_a]-> GO:0075087
GO:0075097 -[is_a]-> GO:0075088
GO:0075097 -[is_a]-> GO:0075096
GO:0075098 -[is_a]-> GO:0075089
GO:0075098 -[is_a]-> GO:0075096
GO:0075099 -[is_a]-> GO:0052470
GO:0075100 -[is_a]-> GO:0075099
GO:0075101 -[is_a]-> GO:0075099
GO:0075102 -[is_a]-> GO:0052435
GO:0075102 -[is_a]-> GO:0075101
GO:0075103 -[is_a]-> GO:0052470
GO:0075104 -[is_a]-> GO:0052525
GO:0075104 -[is_a]-> GO:0075103
GO:0075105 -[is_a]-> GO:0052492
GO:0075105 -[is_a]-> GO:0075103
GO:0075106 -[is_a]-> GO:0045761
GO:0075106 -[is_a]-> GO:0052148
GO:0075107 -[is_a]-> GO:0043948
GO:0075107 -[is_a]-> GO:0045762
GO:0075107 -[is_a]-> GO:0075106
GO:0075108 -[is_a]-> GO:0007194
GO:0075108 -[is_a]-> GO:0052053
GO:0075108 -[is_a]-> GO:0075106
GO:0075109 -[is_a]-> GO:0052027
GO:0075110 -[is_a]-> GO:0052028
GO:0075110 -[is_a]-> GO:0075109
GO:0075111 -[is_a]-> GO:0052029
GO:0075111 -[is_a]-> GO:0075109
GO:0075112 -[is_a]-> GO:0075109
GO:0075113 -[is_a]-> GO:0075110
GO:0075113 -[is_a]-> GO:0075112
GO:0075114 -[is_a]-> GO:0075111
GO:0075114 -[is_a]-> GO:0075112
GO:0075115 -[is_a]-> GO:0075112
GO:0075115 -[is_a]-> GO:0075208
GO:0075116 -[is_a]-> GO:0075113
GO:0075116 -[is_a]-> GO:0075115
GO:0075116 -[is_a]-> GO:0075209
GO:0075117 -[is_a]-> GO:0075114
GO:0075117 -[is_a]-> GO:0075115
GO:0075117 -[is_a]-> GO:0075210
GO:0075118 -[is_a]-> GO:0008277
GO:0075118 -[is_a]-> GO:0075112
GO:0075119 -[is_a]-> GO:0045745
GO:0075119 -[is_a]-> GO:0075113
GO:0075119 -[is_a]-> GO:0075118
GO:0075120 -[is_a]-> GO:0045744
GO:0075120 -[is_a]-> GO:0075114
GO:0075120 -[is_a]-> GO:0075118
GO:0075121 -[is_a]-> GO:0075118
GO:0075122 -[is_a]-> GO:0075119
GO:0075122 -[is_a]-> GO:0075121
GO:0075123 -[is_a]-> GO:0075120
GO:0075123 -[is_a]-> GO:0075121
GO:0075124 -[is_a]-> GO:0075118
GO:0075125 -[is_a]-> GO:0075119
GO:0075125 -[is_a]-> GO:0075124
GO:0075126 -[is_a]-> GO:0075120
GO:0075126 -[is_a]-> GO:0075124
GO:0075127 -[is_a]-> GO:0075118
GO:0075128 -[is_a]-> GO:0075119
GO:0075128 -[is_a]-> GO:0075127
GO:0075129 -[is_a]-> GO:0075120
GO:0075129 -[is_a]-> GO:0075127
GO:0075130 -[is_a]-> GO:0052027
GO:0075131 -[is_a]-> GO:0052028
GO:0075131 -[is_a]-> GO:0075130
GO:0075132 -[is_a]-> GO:0052029
GO:0075132 -[is_a]-> GO:0075130
GO:0075133 -[is_a]-> GO:0052027
GO:0075134 -[is_a]-> GO:0052028
GO:0075134 -[is_a]-> GO:0075133
GO:0075135 -[is_a]-> GO:0052029
GO:0075135 -[is_a]-> GO:0075133
GO:0075136 -[is_a]-> GO:0051701
GO:0075136 -[is_a]-> GO:0051707
GO:0075137 -[is_a]-> GO:0075136
GO:0075138 -[is_a]-> GO:0075136
GO:0075139 -[is_a]-> GO:0075136
GO:0075140 -[is_a]-> GO:0075136
GO:0075141 -[is_a]-> GO:0075136
GO:0075142 -[is_a]-> GO:0075138
GO:0075142 -[is_a]-> GO:0075141
GO:0075143 -[is_a]-> GO:0075137
GO:0075143 -[is_a]-> GO:0075141
GO:0075144 -[is_a]-> GO:0075139
GO:0075144 -[is_a]-> GO:0075141
GO:0075145 -[is_a]-> GO:0075140
GO:0075145 -[is_a]-> GO:0075141
GO:0075146 -[is_a]-> GO:0075000
GO:0075146 -[is_a]-> GO:0075141
GO:0075147 -[is_a]-> GO:0009966
GO:0075147 -[is_a]-> GO:0075136
GO:0075148 -[is_a]-> GO:0009967
GO:0075148 -[is_a]-> GO:0075147
GO:0075149 -[is_a]-> GO:0009968
GO:0075149 -[is_a]-> GO:0075147
GO:0075150 -[is_a]-> GO:0075147
GO:0075151 -[is_a]-> GO:0075148
GO:0075151 -[is_a]-> GO:0075150
GO:0075152 -[is_a]-> GO:0075149
GO:0075152 -[is_a]-> GO:0075150
GO:0075153 -[is_a]-> GO:0075150
GO:0075154 -[is_a]-> GO:0075151
GO:0075154 -[is_a]-> GO:0075153
GO:0075155 -[is_a]-> GO:0075152
GO:0075155 -[is_a]-> GO:0075153
GO:0075156 -[is_a]-> GO:0008277
GO:0075156 -[is_a]-> GO:0075153
GO:0075157 -[is_a]-> GO:0045745
GO:0075157 -[is_a]-> GO:0075154
GO:0075157 -[is_a]-> GO:0075156
GO:0075158 -[is_a]-> GO:0045744
GO:0075158 -[is_a]-> GO:0075155
GO:0075158 -[is_a]-> GO:0075156
GO:0075159 -[is_a]-> GO:0075156
GO:0075160 -[is_a]-> GO:0075157
GO:0075160 -[is_a]-> GO:0075159
GO:0075161 -[is_a]-> GO:0075158
GO:0075161 -[is_a]-> GO:0075159
GO:0075162 -[is_a]-> GO:0075156
GO:0075163 -[is_a]-> GO:0075157
GO:0075163 -[is_a]-> GO:0075162
GO:0075164 -[is_a]-> GO:0075158
GO:0075164 -[is_a]-> GO:0075162
GO:0075165 -[is_a]-> GO:0075156
GO:0075166 -[is_a]-> GO:0075157
GO:0075166 -[is_a]-> GO:0075165
GO:0075167 -[is_a]-> GO:0075158
GO:0075167 -[is_a]-> GO:0075165
GO:0075168 -[is_a]-> GO:0075147
GO:0075169 -[is_a]-> GO:0075148
GO:0075169 -[is_a]-> GO:0075168
GO:0075170 -[is_a]-> GO:0075149
GO:0075170 -[is_a]-> GO:0075168
GO:0075171 -[is_a]-> GO:0075168
GO:0075172 -[is_a]-> GO:0075169
GO:0075172 -[is_a]-> GO:0075171
GO:0075173 -[is_a]-> GO:0075170
GO:0075173 -[is_a]-> GO:0075171
GO:0075174 -[is_a]-> GO:0043949
GO:0075174 -[is_a]-> GO:0075147
GO:0075175 -[is_a]-> GO:0075148
GO:0075175 -[is_a]-> GO:0075174
GO:0075176 -[is_a]-> GO:0043951
GO:0075176 -[is_a]-> GO:0075149
GO:0075176 -[is_a]-> GO:0075174
GO:0075177 -[is_a]-> GO:0075147
GO:0075178 -[is_a]-> GO:0075148
GO:0075178 -[is_a]-> GO:0075177
GO:0075179 -[is_a]-> GO:0075149
GO:0075179 -[is_a]-> GO:0075177
GO:0075180 -[is_a]-> GO:0075136
GO:0075180 -[is_a]-> GO:2001141
GO:0075181 -[is_a]-> GO:0045935
GO:0075181 -[is_a]-> GO:0075180
GO:0075182 -[is_a]-> GO:0045934
GO:0075182 -[is_a]-> GO:0075180
GO:0075183 -[is_a]-> GO:0075015
GO:0075184 -[is_a]-> GO:0022603
GO:0075184 -[is_a]-> GO:0043903
GO:0075184 -[regulates]-> GO:0075183
GO:0075185 -[is_a]-> GO:0044149
GO:0075185 -[is_a]-> GO:0075184
GO:0075185 -[positively_regulates]-> GO:0075183
GO:0075186 -[is_a]-> GO:0044147
GO:0075186 -[is_a]-> GO:0075184
GO:0075186 -[negatively_regulates]-> GO:0075183
GO:0075187 -[is_a]-> GO:0075015
GO:0075188 -[is_a]-> GO:0022603
GO:0075188 -[is_a]-> GO:0044138
GO:0075188 -[regulates]-> GO:0075187
GO:0075189 -[is_a]-> GO:0044143
GO:0075189 -[is_a]-> GO:0075188
GO:0075189 -[positively_regulates]-> GO:0075187
GO:0075190 -[is_a]-> GO:0044141
GO:0075190 -[is_a]-> GO:0075188
GO:0075190 -[negatively_regulates]-> GO:0075187
GO:0075191 -[is_a]-> GO:0075044
GO:0075192 -[is_a]-> GO:0075015
GO:0075193 -[is_a]-> GO:0022603
GO:0075193 -[is_a]-> GO:0044138
GO:0075193 -[regulates]-> GO:0075192
GO:0075194 -[is_a]-> GO:0044143
GO:0075194 -[is_a]-> GO:0075193
GO:0075194 -[positively_regulates]-> GO:0075192
GO:0075195 -[is_a]-> GO:0044141
GO:0075195 -[is_a]-> GO:0075193
GO:0075195 -[negatively_regulates]-> GO:0075192
GO:0075196 -[is_a]-> GO:0075001
GO:0075197 -[is_a]-> GO:0075015
GO:0075197 -[part_of]-> GO:0075052
GO:0075198 -[is_a]-> GO:0022603
GO:0075198 -[is_a]-> GO:0044145
GO:0075198 -[is_a]-> GO:0052372
GO:0075198 -[regulates]-> GO:0075197
GO:0075199 -[is_a]-> GO:0040017
GO:0075199 -[is_a]-> GO:0044149
GO:0075199 -[is_a]-> GO:0075198
GO:0075199 -[is_a]-> GO:0075294
GO:0075199 -[positively_regulates]-> GO:0075197
GO:0075200 -[is_a]-> GO:0040013
GO:0075200 -[is_a]-> GO:0044147
GO:0075200 -[is_a]-> GO:0052374
GO:0075200 -[is_a]-> GO:0075198
GO:0075200 -[negatively_regulates]-> GO:0075197
GO:0075201 -[is_a]-> GO:0075015
GO:0075201 -[part_of]-> GO:0075052
GO:0075202 -[is_a]-> GO:0022603
GO:0075202 -[is_a]-> GO:0044145
GO:0075202 -[is_a]-> GO:0052372
GO:0075202 -[regulates]-> GO:0075201
GO:0075203 -[is_a]-> GO:0040017
GO:0075203 -[is_a]-> GO:0044149
GO:0075203 -[is_a]-> GO:0075202
GO:0075203 -[is_a]-> GO:0075294
GO:0075203 -[positively_regulates]-> GO:0075201
GO:0075204 -[is_a]-> GO:0040013
GO:0075204 -[is_a]-> GO:0044147
GO:0075204 -[is_a]-> GO:0052374
GO:0075204 -[is_a]-> GO:0075202
GO:0075204 -[negatively_regulates]-> GO:0075201
GO:0075205 -[is_a]-> GO:0043949
GO:0075205 -[is_a]-> GO:0052470
GO:0075206 -[is_a]-> GO:0043950
GO:0075206 -[is_a]-> GO:0052525
GO:0075206 -[is_a]-> GO:0075205
GO:0075207 -[is_a]-> GO:0043951
GO:0075207 -[is_a]-> GO:0052492
GO:0075207 -[is_a]-> GO:0075205
GO:0075208 -[is_a]-> GO:0043949
GO:0075208 -[is_a]-> GO:0052027
GO:0075209 -[is_a]-> GO:0009967
GO:0075209 -[is_a]-> GO:0052028
GO:0075209 -[is_a]-> GO:0075208
GO:0075210 -[is_a]-> GO:0009968
GO:0075210 -[is_a]-> GO:0052029
GO:0075210 -[is_a]-> GO:0075208
GO:0075211 -[is_a]-> GO:0075153
GO:0075211 -[is_a]-> GO:0075174
GO:0075212 -[is_a]-> GO:0075154
GO:0075212 -[is_a]-> GO:0075175
GO:0075212 -[is_a]-> GO:0075211
GO:0075213 -[is_a]-> GO:0075155
GO:0075213 -[is_a]-> GO:0075176
GO:0075213 -[is_a]-> GO:0075211
GO:0075214 -[is_a]-> GO:0022611
GO:0075214 -[is_a]-> GO:0044132
GO:0075215 -[is_a]-> GO:0044138
GO:0075215 -[regulates]-> GO:0075214
GO:0075216 -[is_a]-> GO:0044143
GO:0075216 -[is_a]-> GO:0075215
GO:0075216 -[positively_regulates]-> GO:0075214
GO:0075217 -[is_a]-> GO:0044141
GO:0075217 -[is_a]-> GO:0075215
GO:0075217 -[negatively_regulates]-> GO:0075214
GO:0075218 -[is_a]-> GO:0075214
GO:0075219 -[is_a]-> GO:0075215
GO:0075219 -[regulates]-> GO:0075218
GO:0075220 -[is_a]-> GO:0075216
GO:0075220 -[is_a]-> GO:0075219
GO:0075220 -[positively_regulates]-> GO:0075218
GO:0075221 -[is_a]-> GO:0075217
GO:0075221 -[is_a]-> GO:0075219
GO:0075221 -[negatively_regulates]-> GO:0075218
GO:0075222 -[is_a]-> GO:0043582
GO:0075222 -[is_a]-> GO:0044132
GO:0075222 -[is_a]-> GO:0044703
GO:0075223 -[is_a]-> GO:0044138
GO:0075223 -[is_a]-> GO:0075310
GO:0075223 -[regulates]-> GO:0075222
GO:0075224 -[is_a]-> GO:0044143
GO:0075224 -[is_a]-> GO:0075223
GO:0075224 -[is_a]-> GO:0075311
GO:0075224 -[positively_regulates]-> GO:0075222
GO:0075225 -[is_a]-> GO:0044141
GO:0075225 -[is_a]-> GO:0075223
GO:0075225 -[is_a]-> GO:0075312
GO:0075225 -[negatively_regulates]-> GO:0075222
GO:0075226 -[is_a]-> GO:0075005
GO:0075227 -[is_a]-> GO:0075006
GO:0075227 -[regulates]-> GO:0075226
GO:0075228 -[is_a]-> GO:0075007
GO:0075228 -[is_a]-> GO:0075227
GO:0075228 -[positively_regulates]-> GO:0075226
GO:0075229 -[is_a]-> GO:0075008
GO:0075229 -[is_a]-> GO:0075227
GO:0075229 -[negatively_regulates]-> GO:0075226
GO:0075230 -[is_a]-> GO:0052127
GO:0075231 -[is_a]-> GO:0040012
GO:0075231 -[is_a]-> GO:0043903
GO:0075231 -[regulates]-> GO:0075230
GO:0075232 -[is_a]-> GO:0040017
GO:0075232 -[is_a]-> GO:0043902
GO:0075232 -[is_a]-> GO:0075231
GO:0075232 -[positively_regulates]-> GO:0075230
GO:0075233 -[is_a]-> GO:0040013
GO:0075233 -[is_a]-> GO:0043901
GO:0075233 -[is_a]-> GO:0075231
GO:0075233 -[negatively_regulates]-> GO:0075230
GO:0075234 -[is_a]-> GO:0075230
GO:0075235 -[is_a]-> GO:0075231
GO:0075235 -[regulates]-> GO:0075234
GO:0075236 -[is_a]-> GO:0075232
GO:0075236 -[is_a]-> GO:0075235
GO:0075236 -[positively_regulates]-> GO:0075234
GO:0075237 -[is_a]-> GO:0075233
GO:0075237 -[is_a]-> GO:0075235
GO:0075237 -[negatively_regulates]-> GO:0075234
GO:0075238 -[is_a]-> GO:0075141
GO:0075238 -[is_a]-> GO:0075293
GO:0075239 -[is_a]-> GO:0034300
GO:0075240 -[is_a]-> GO:0075286
GO:0075240 -[regulates]-> GO:0075239
GO:0075241 -[is_a]-> GO:0075240
GO:0075241 -[is_a]-> GO:0075287
GO:0075241 -[positively_regulates]-> GO:0075239
GO:0075242 -[is_a]-> GO:0075240
GO:0075242 -[is_a]-> GO:0075288
GO:0075242 -[negatively_regulates]-> GO:0075239
GO:0075243 -[is_a]-> GO:0043935
GO:0075243 -[is_a]-> GO:0044711
GO:0075244 -[is_a]-> GO:0009889
GO:0075244 -[is_a]-> GO:0043940
GO:0075244 -[regulates]-> GO:0075243
GO:0075245 -[is_a]-> GO:0009891
GO:0075245 -[is_a]-> GO:0043941
GO:0075245 -[is_a]-> GO:0075244
GO:0075245 -[positively_regulates]-> GO:0075243
GO:0075246 -[is_a]-> GO:0009890
GO:0075246 -[is_a]-> GO:0043942
GO:0075246 -[is_a]-> GO:0075244
GO:0075246 -[negatively_regulates]-> GO:0075243
GO:0075247 -[is_a]-> GO:0043936
GO:0075248 -[is_a]-> GO:0043943
GO:0075248 -[regulates]-> GO:0075247
GO:0075249 -[is_a]-> GO:0043945
GO:0075249 -[is_a]-> GO:0075248
GO:0075249 -[positively_regulates]-> GO:0075247
GO:0075250 -[is_a]-> GO:0043944
GO:0075250 -[is_a]-> GO:0075248
GO:0075250 -[negatively_regulates]-> GO:0075247
GO:0075251 -[is_a]-> GO:0043936
GO:0075251 -[is_a]-> GO:0044711
GO:0075252 -[is_a]-> GO:0009889
GO:0075252 -[is_a]-> GO:0043943
GO:0075252 -[regulates]-> GO:0075251
GO:0075253 -[is_a]-> GO:0009891
GO:0075253 -[is_a]-> GO:0043945
GO:0075253 -[is_a]-> GO:0075252
GO:0075253 -[positively_regulates]-> GO:0075251
GO:0075254 -[is_a]-> GO:0009890
GO:0075254 -[is_a]-> GO:0043944
GO:0075254 -[is_a]-> GO:0075252
GO:0075254 -[negatively_regulates]-> GO:0075251
GO:0075255 -[is_a]-> GO:0043936
GO:0075255 -[is_a]-> GO:0044711
GO:0075256 -[is_a]-> GO:0009889
GO:0075256 -[is_a]-> GO:0043943
GO:0075256 -[regulates]-> GO:0075255
GO:0075257 -[is_a]-> GO:0009891
GO:0075257 -[is_a]-> GO:0043945
GO:0075257 -[is_a]-> GO:0075256
GO:0075257 -[positively_regulates]-> GO:0075255
GO:0075258 -[is_a]-> GO:0009890
GO:0075258 -[is_a]-> GO:0043944
GO:0075258 -[is_a]-> GO:0075256
GO:0075258 -[negatively_regulates]-> GO:0075255
GO:0075259 -[is_a]-> GO:0048608
GO:0075260 -[is_a]-> GO:2000026
GO:0075260 -[is_a]-> GO:2000241
GO:0075260 -[regulates]-> GO:0075259
GO:0075261 -[is_a]-> GO:0051094
GO:0075261 -[is_a]-> GO:0051240
GO:0075261 -[is_a]-> GO:0075260
GO:0075261 -[is_a]-> GO:2000243
GO:0075261 -[positively_regulates]-> GO:0075259
GO:0075262 -[is_a]-> GO:0051093
GO:0075262 -[is_a]-> GO:0051241
GO:0075262 -[is_a]-> GO:0075260
GO:0075262 -[is_a]-> GO:2000242
GO:0075262 -[negatively_regulates]-> GO:0075259
GO:0075263 -[is_a]-> GO:0075259
GO:0075264 -[is_a]-> GO:0075260
GO:0075264 -[regulates]-> GO:0075263
GO:0075265 -[is_a]-> GO:0075261
GO:0075265 -[is_a]-> GO:0075264
GO:0075265 -[positively_regulates]-> GO:0075263
GO:0075266 -[is_a]-> GO:0075262
GO:0075266 -[is_a]-> GO:0075264
GO:0075266 -[negatively_regulates]-> GO:0075263
GO:0075267 -[is_a]-> GO:0030582
GO:0075268 -[is_a]-> GO:0031155
GO:0075268 -[regulates]-> GO:0075267
GO:0075269 -[is_a]-> GO:0075261
GO:0075269 -[is_a]-> GO:0075268
GO:0075269 -[positively_regulates]-> GO:0075267
GO:0075270 -[is_a]-> GO:0075262
GO:0075270 -[is_a]-> GO:0075268
GO:0075270 -[negatively_regulates]-> GO:0075267
GO:0075271 -[is_a]-> GO:0075259
GO:0075272 -[is_a]-> GO:0075260
GO:0075272 -[regulates]-> GO:0075271
GO:0075273 -[is_a]-> GO:0075261
GO:0075273 -[is_a]-> GO:0075272
GO:0075273 -[positively_regulates]-> GO:0075271
GO:0075274 -[is_a]-> GO:0075262
GO:0075274 -[is_a]-> GO:0075272
GO:0075274 -[negatively_regulates]-> GO:0075271
GO:0075275 -[is_a]-> GO:0075259
GO:0075276 -[is_a]-> GO:0075260
GO:0075276 -[regulates]-> GO:0075275
GO:0075277 -[is_a]-> GO:0075261
GO:0075277 -[is_a]-> GO:0075276
GO:0075277 -[positively_regulates]-> GO:0075275
GO:0075278 -[is_a]-> GO:0075262
GO:0075278 -[is_a]-> GO:0075276
GO:0075278 -[negatively_regulates]-> GO:0075275
GO:0075279 -[is_a]-> GO:0075259
GO:0075280 -[is_a]-> GO:0075260
GO:0075280 -[regulates]-> GO:0075279
GO:0075281 -[is_a]-> GO:0075261
GO:0075281 -[is_a]-> GO:0075280
GO:0075281 -[positively_regulates]-> GO:0075279
GO:0075282 -[is_a]-> GO:0075262
GO:0075282 -[is_a]-> GO:0075280
GO:0075282 -[negatively_regulates]-> GO:0075279
GO:0075283 -[is_a]-> GO:0043934
GO:0075284 -[is_a]-> GO:0030436
GO:0075284 -[is_a]-> GO:0075283
GO:0075285 -[is_a]-> GO:0034293
GO:0075285 -[is_a]-> GO:0075283
GO:0075285 -[part_of]-> GO:0051321
GO:0075286 -[is_a]-> GO:0043943
GO:0075286 -[regulates]-> GO:0034300
GO:0075287 -[is_a]-> GO:0043945
GO:0075287 -[is_a]-> GO:0075286
GO:0075287 -[positively_regulates]-> GO:0034300
GO:0075288 -[is_a]-> GO:0043944
GO:0075288 -[is_a]-> GO:0075286
GO:0075288 -[negatively_regulates]-> GO:0034300
GO:0075289 -[is_a]-> GO:0034300
GO:0075290 -[is_a]-> GO:0075286
GO:0075290 -[regulates]-> GO:0075289
GO:0075291 -[is_a]-> GO:0075287
GO:0075291 -[is_a]-> GO:0075290
GO:0075291 -[positively_regulates]-> GO:0075289
GO:0075292 -[is_a]-> GO:0075288
GO:0075292 -[is_a]-> GO:0075290
GO:0075292 -[negatively_regulates]-> GO:0075289
GO:0075293 -[is_a]-> GO:0075136
GO:0075294 -[is_a]-> GO:0052372
GO:0075294 -[is_a]-> GO:0075295
GO:0075295 -[is_a]-> GO:0043902
GO:0075295 -[is_a]-> GO:0052371
GO:0075296 -[is_a]-> GO:0010720
GO:0075296 -[is_a]-> GO:0034307
GO:0075296 -[is_a]-> GO:0043941
GO:0075296 -[positively_regulates]-> GO:0030437
GO:0075297 -[is_a]-> GO:0010721
GO:0075297 -[is_a]-> GO:0034307
GO:0075297 -[is_a]-> GO:0043942
GO:0075297 -[negatively_regulates]-> GO:0030437
GO:0075298 -[is_a]-> GO:0043940
GO:0075298 -[regulates]-> GO:0034296
GO:0075299 -[is_a]-> GO:0043941
GO:0075299 -[is_a]-> GO:0075298
GO:0075299 -[positively_regulates]-> GO:0034296
GO:0075300 -[is_a]-> GO:0043942
GO:0075300 -[is_a]-> GO:0075298
GO:0075300 -[negatively_regulates]-> GO:0034296
GO:0075302 -[is_a]-> GO:0043940
GO:0075302 -[regulates]-> GO:0034295
GO:0075303 -[is_a]-> GO:0043941
GO:0075303 -[is_a]-> GO:0075302
GO:0075303 -[positively_regulates]-> GO:0034295
GO:0075304 -[is_a]-> GO:0043942
GO:0075304 -[is_a]-> GO:0075302
GO:0075304 -[negatively_regulates]-> GO:0034295
GO:0075306 -[is_a]-> GO:0022603
GO:0075306 -[is_a]-> GO:0031156
GO:0075306 -[is_a]-> GO:0034305
GO:0075306 -[is_a]-> GO:0060284
GO:0075306 -[is_a]-> GO:2000241
GO:0075306 -[regulates]-> GO:0048315
GO:0075307 -[is_a]-> GO:0010647
GO:0075307 -[is_a]-> GO:0010720
GO:0075307 -[is_a]-> GO:0032109
GO:0075307 -[is_a]-> GO:0043938
GO:0075307 -[is_a]-> GO:0051240
GO:0075307 -[is_a]-> GO:0075306
GO:0075307 -[is_a]-> GO:1903666
GO:0075307 -[is_a]-> GO:2000243
GO:0075307 -[positively_regulates]-> GO:0048315
GO:0075308 -[is_a]-> GO:0010648
GO:0075308 -[is_a]-> GO:0010721
GO:0075308 -[is_a]-> GO:0032108
GO:0075308 -[is_a]-> GO:0043939
GO:0075308 -[is_a]-> GO:0051241
GO:0075308 -[is_a]-> GO:0075306
GO:0075308 -[is_a]-> GO:1903665
GO:0075308 -[is_a]-> GO:2000242
GO:0075308 -[negatively_regulates]-> GO:0048315
GO:0075310 -[is_a]-> GO:0075260
GO:0075310 -[regulates]-> GO:0043582
GO:0075311 -[is_a]-> GO:0075261
GO:0075311 -[is_a]-> GO:0075310
GO:0075311 -[positively_regulates]-> GO:0043582
GO:0075312 -[is_a]-> GO:0075262
GO:0075312 -[is_a]-> GO:0075310
GO:0075312 -[negatively_regulates]-> GO:0043582
GO:0075313 -[is_a]-> GO:0075259
GO:0075314 -[is_a]-> GO:0075260
GO:0075314 -[regulates]-> GO:0075313
GO:0075315 -[is_a]-> GO:0075261
GO:0075315 -[is_a]-> GO:0075314
GO:0075315 -[positively_regulates]-> GO:0075313
GO:0075316 -[is_a]-> GO:0075262
GO:0075316 -[is_a]-> GO:0075314
GO:0075316 -[negatively_regulates]-> GO:0075313
GO:0075317 -[is_a]-> GO:0075259
GO:0075318 -[is_a]-> GO:0075260
GO:0075318 -[regulates]-> GO:0075317
GO:0075319 -[is_a]-> GO:0075261
GO:0075319 -[is_a]-> GO:0075318
GO:0075319 -[positively_regulates]-> GO:0075317
GO:0075320 -[is_a]-> GO:0075262
GO:0075320 -[is_a]-> GO:0075318
GO:0075320 -[negatively_regulates]-> GO:0075317
GO:0075321 -[is_a]-> GO:0030436
GO:0075321 -[is_a]-> GO:0043582
GO:0075321 -[is_a]-> GO:0044702
GO:0075322 -[is_a]-> GO:0034305
GO:0075322 -[is_a]-> GO:0075310
GO:0075322 -[regulates]-> GO:0075321
GO:0075323 -[is_a]-> GO:0043938
GO:0075323 -[is_a]-> GO:0075311
GO:0075323 -[is_a]-> GO:0075322
GO:0075323 -[is_a]-> GO:1903666
GO:0075323 -[positively_regulates]-> GO:0075321
GO:0075324 -[is_a]-> GO:0043939
GO:0075324 -[is_a]-> GO:0075312
GO:0075324 -[is_a]-> GO:0075322
GO:0075324 -[is_a]-> GO:1903665
GO:0075324 -[negatively_regulates]-> GO:0075321
GO:0075325 -[is_a]-> GO:0051701
GO:0075326 -[is_a]-> GO:0075325
GO:0075327 -[is_a]-> GO:0075325
GO:0075328 -[is_a]-> GO:0052093
GO:0075329 -[is_a]-> GO:0022603
GO:0075329 -[is_a]-> GO:0044145
GO:0075329 -[is_a]-> GO:0060259
GO:0075329 -[regulates]-> GO:0075328
GO:0075330 -[is_a]-> GO:0044149
GO:0075330 -[is_a]-> GO:0075329
GO:0075330 -[positively_regulates]-> GO:0075328
GO:0075331 -[is_a]-> GO:0044147
GO:0075331 -[is_a]-> GO:0075329
GO:0075331 -[negatively_regulates]-> GO:0075328
GO:0075332 -[is_a]-> GO:0052470
GO:0075333 -[is_a]-> GO:0052525
GO:0075333 -[is_a]-> GO:0075332
GO:0075334 -[is_a]-> GO:0075147
GO:0075335 -[is_a]-> GO:0075148
GO:0075335 -[is_a]-> GO:0075334
GO:0075336 -[is_a]-> GO:0075149
GO:0075336 -[is_a]-> GO:0075334
GO:0075341 -[is_a]-> GO:0044094
GO:0075342 -[is_a]-> GO:0052008
GO:0075343 -[is_a]-> GO:0052019
GO:0075344 -[is_a]-> GO:0051817
GO:0075345 -[is_a]-> GO:0052228
GO:0075346 -[is_a]-> GO:0075345
GO:0075502 -[is_a]-> GO:0039665
GO:0075503 -[is_a]-> GO:0039654
GO:0075504 -[is_a]-> GO:0039665
GO:0075505 -[is_a]-> GO:0075732
GO:0075506 -[is_a]-> GO:0075732
GO:0075507 -[is_a]-> GO:0075732
GO:0075508 -[is_a]-> GO:0075732
GO:0075509 -[is_a]-> GO:0006897
GO:0075509 -[is_a]-> GO:0046794
GO:0075509 -[part_of]-> GO:0046718
GO:0075510 -[is_a]-> GO:0075509
GO:0075510 -[is_a]-> GO:1902539
GO:0075510 -[part_of]-> GO:0046718
GO:0075511 -[is_a]-> GO:0039664
GO:0075512 -[is_a]-> GO:0019065
GO:0075512 -[is_a]-> GO:0072583
GO:0075512 -[part_of]-> GO:0046718
GO:0075513 -[is_a]-> GO:0019065
GO:0075513 -[is_a]-> GO:0072584
GO:0075513 -[part_of]-> GO:0046718
GO:0075514 -[is_a]-> GO:0039664
GO:0075519 -[is_a]-> GO:0075733
GO:0075520 -[is_a]-> GO:0075733
GO:0075521 -[is_a]-> GO:0051169
GO:0075521 -[is_a]-> GO:0075519
GO:0075521 -[is_a]-> GO:0075606
GO:0075522 -[is_a]-> GO:0002192
GO:0075522 -[is_a]-> GO:0016032
GO:0075522 -[is_a]-> GO:0044033
GO:0075522 -[part_of]-> GO:0019081
GO:0075523 -[is_a]-> GO:0006452
GO:0075523 -[is_a]-> GO:0016032
GO:0075523 -[is_a]-> GO:0044034
GO:0075523 -[part_of]-> GO:0019081
GO:0075524 -[is_a]-> GO:0016032
GO:0075524 -[part_of]-> GO:0019081
GO:0075525 -[is_a]-> GO:0016032
GO:0075525 -[part_of]-> GO:0019081
GO:0075526 -[is_a]-> GO:0016032
GO:0075526 -[part_of]-> GO:0039697
GO:0075527 -[is_a]-> GO:0009451
GO:0075527 -[is_a]-> GO:0016032
GO:0075527 -[is_a]-> GO:0044033
GO:0075527 -[part_of]-> GO:0019083
GO:0075528 -[is_a]-> GO:0019054
GO:0075528 -[is_a]-> GO:0052553
GO:0075529 -[is_a]-> GO:0075720
GO:0075530 -[is_a]-> GO:0075720
GO:0075606 -[is_a]-> GO:0075733
GO:0075713 -[is_a]-> GO:0019043
GO:0075713 -[has_part]-> GO:0044826
GO:0075720 -[is_a]-> GO:0019043
GO:0075732 -[is_a]-> GO:0075733
GO:0075732 -[is_a]-> GO:1902594
GO:0075733 -[is_a]-> GO:0046794
GO:0075733 -[is_a]-> GO:1902583
GO:0075733 -[occurs_in]-> GO:0005622
GO:0075733 -[part_of]-> GO:0019058
GO:0080001 -[is_a]-> GO:0044702
GO:0080001 -[is_a]-> GO:0048609
GO:0080001 -[part_of]-> GO:0009845
GO:0080001 -[part_of]-> GO:0048316
GO:0080002 -[is_a]-> GO:0035251
GO:0080003 -[is_a]-> GO:0010683
GO:0080004 -[is_a]-> GO:0016627
GO:0080005 -[is_a]-> GO:0010109
GO:0080006 -[is_a]-> GO:0007389
GO:0080006 -[part_of]-> GO:0048367
GO:0080007 -[is_a]-> GO:0016657
GO:0080008 -[is_a]-> GO:0031461
GO:0080009 -[is_a]-> GO:0001510
GO:0080009 -[is_a]-> GO:0016556
GO:0080011 -[is_a]-> GO:0031559
GO:0080012 -[is_a]-> GO:0008171
GO:0080013 -[is_a]-> GO:0016838
GO:0080014 -[is_a]-> GO:0004497
GO:0080015 -[is_a]-> GO:0009975
GO:0080015 -[is_a]-> GO:0010333
GO:0080016 -[is_a]-> GO:0009975
GO:0080016 -[is_a]-> GO:0010334
GO:0080017 -[is_a]-> GO:0009975
GO:0080017 -[is_a]-> GO:0010334
GO:0080018 -[is_a]-> GO:0035251
GO:0080019 -[is_a]-> GO:0016620
GO:0080020 -[is_a]-> GO:0009118
GO:0080020 -[is_a]-> GO:0051196
GO:0080020 -[is_a]-> GO:1900371
GO:0080020 -[regulates]-> GO:0015937
GO:0080021 -[is_a]-> GO:0001101
GO:0080021 -[is_a]-> GO:0014070
GO:0080021 -[is_a]-> GO:1901700
GO:0080022 -[is_a]-> GO:0048364
GO:0080023 -[is_a]-> GO:0016836
GO:0080024 -[is_a]-> GO:0006082
GO:0080024 -[is_a]-> GO:0009850
GO:0080024 -[is_a]-> GO:0042430
GO:0080025 -[is_a]-> GO:0043168
GO:0080026 -[is_a]-> GO:0001101
GO:0080026 -[is_a]-> GO:0009733
GO:0080026 -[is_a]-> GO:0010243
GO:0080026 -[is_a]-> GO:0014070
GO:0080026 -[is_a]-> GO:1901700
GO:0080027 -[is_a]-> GO:0051707
GO:0080028 -[is_a]-> GO:0044271
GO:0080028 -[is_a]-> GO:0050898
GO:0080028 -[is_a]-> GO:1901566
GO:0080029 -[is_a]-> GO:0010036
GO:0080029 -[is_a]-> GO:0031669
GO:0080029 -[is_a]-> GO:0070887
GO:0080030 -[is_a]-> GO:0052689
GO:0080031 -[is_a]-> GO:0052689
GO:0080032 -[is_a]-> GO:0052689
GO:0080033 -[is_a]-> GO:0010035
GO:0080033 -[is_a]-> GO:1901698
GO:0080033 -[is_a]-> GO:1901700
GO:0080034 -[is_a]-> GO:0009608
GO:0080035 -[is_a]-> GO:0019761
GO:0080036 -[is_a]-> GO:0009966
GO:0080036 -[regulates]-> GO:0009736
GO:0080037 -[is_a]-> GO:0009968
GO:0080037 -[is_a]-> GO:0080036
GO:0080037 -[negatively_regulates]-> GO:0009736
GO:0080038 -[is_a]-> GO:0009967
GO:0080038 -[is_a]-> GO:0080036
GO:0080038 -[positively_regulates]-> GO:0009736
GO:0080039 -[is_a]-> GO:0046527
GO:0080040 -[is_a]-> GO:0010647
GO:0080040 -[is_a]-> GO:0032109
GO:0080040 -[is_a]-> GO:0080135
GO:0080040 -[positively_regulates]-> GO:0016036
GO:0080041 -[is_a]-> GO:0019144
GO:0080042 -[is_a]-> GO:0019144
GO:0080043 -[is_a]-> GO:0035251
GO:0080044 -[is_a]-> GO:0035251
GO:0080045 -[is_a]-> GO:0035251
GO:0080046 -[is_a]-> GO:0035251
GO:0080047 -[is_a]-> GO:0004645
GO:0080048 -[is_a]-> GO:0004645
GO:0080049 -[is_a]-> GO:0016632
GO:0080050 -[is_a]-> GO:0048580
GO:0080050 -[is_a]-> GO:2000241
GO:0080050 -[regulates]-> GO:0048316
GO:0080051 -[is_a]-> GO:0044765
GO:0080051 -[is_a]-> GO:0071702
GO:0080052 -[is_a]-> GO:0014070
GO:0080052 -[is_a]-> GO:0043200
GO:0080053 -[is_a]-> GO:0014070
GO:0080053 -[is_a]-> GO:0043200
GO:0080054 -[is_a]-> GO:0015112
GO:0080055 -[is_a]-> GO:0015706
GO:0080056 -[is_a]-> GO:0010051
GO:0080057 -[is_a]-> GO:0010051
GO:0080058 -[is_a]-> GO:0006464
GO:0080059 -[is_a]-> GO:0008194
GO:0080059 -[is_a]-> GO:0052636
GO:0080060 -[is_a]-> GO:0003006
GO:0080060 -[is_a]-> GO:0009888
GO:0080060 -[part_of]-> GO:0048481
GO:0080061 -[is_a]-> GO:0000257
GO:0080062 -[is_a]-> GO:0035251
GO:0080064 -[is_a]-> GO:0034440
GO:0080065 -[is_a]-> GO:0034440
GO:0080066 -[is_a]-> GO:0047364
GO:0080067 -[is_a]-> GO:0047364
GO:0080068 -[is_a]-> GO:0047364
GO:0080069 -[is_a]-> GO:0047364
GO:0080070 -[is_a]-> GO:0047364
GO:0080071 -[is_a]-> GO:0047364
GO:0080072 -[is_a]-> GO:0016410
GO:0080073 -[is_a]-> GO:0016410
GO:0080074 -[is_a]-> GO:0016410
GO:0080075 -[is_a]-> GO:0016410
GO:0080076 -[is_a]-> GO:0008171
GO:0080077 -[is_a]-> GO:0008171
GO:0080078 -[is_a]-> GO:0008171
GO:0080079 -[is_a]-> GO:0008422
GO:0080081 -[is_a]-> GO:0008422
GO:0080082 -[is_a]-> GO:0008422
GO:0080083 -[is_a]-> GO:0008422
GO:0080084 -[is_a]-> GO:0000182
GO:0080085 -[is_a]-> GO:0048500
GO:0080086 -[is_a]-> GO:0003006
GO:0080086 -[is_a]-> GO:0048856
GO:0080086 -[part_of]-> GO:0048443
GO:0080088 -[is_a]-> GO:0043604
GO:0080088 -[is_a]-> GO:1901566
GO:0080089 -[is_a]-> GO:0016410
GO:0080090 -[is_a]-> GO:0019222
GO:0080090 -[regulates]-> GO:0044238
GO:0080091 -[is_a]-> GO:0006109
GO:0080091 -[regulates]-> GO:0033530
GO:0080092 -[is_a]-> GO:0010769
GO:0080092 -[is_a]-> GO:0043900
GO:0080092 -[is_a]-> GO:0051239
GO:0080092 -[is_a]-> GO:0051510
GO:0080092 -[is_a]-> GO:2000241
GO:0080092 -[regulates]-> GO:0009860
GO:0080093 -[is_a]-> GO:0031326
GO:0080093 -[regulates]-> GO:0009853
GO:0080094 -[is_a]-> GO:0010033
GO:0080095 -[is_a]-> GO:0008374
GO:0080096 -[is_a]-> GO:0008374
GO:0080097 -[is_a]-> GO:0070529
GO:0080098 -[is_a]-> GO:0070547
GO:0080099 -[is_a]-> GO:0010326
GO:0080100 -[is_a]-> GO:0070548
GO:0080101 -[is_a]-> GO:0008170
GO:0080101 -[is_a]-> GO:0008757
GO:0080102 -[is_a]-> GO:0016705
GO:0080103 -[is_a]-> GO:0016705
GO:0080104 -[is_a]-> GO:0016705
GO:0080105 -[is_a]-> GO:0016705
GO:0080106 -[is_a]-> GO:0016705
GO:0080107 -[is_a]-> GO:0016705
GO:0080108 -[is_a]-> GO:0016846
GO:0080109 -[is_a]-> GO:0018822
GO:0080110 -[is_a]-> GO:0019438
GO:0080110 -[part_of]-> GO:0010584
GO:0080111 -[is_a]-> GO:0035510
GO:0080111 -[is_a]-> GO:0044728
GO:0080111 -[is_a]-> GO:0044763
GO:0080111 -[is_a]-> GO:0070988
GO:0080112 -[is_a]-> GO:0003006
GO:0080112 -[is_a]-> GO:0044702
GO:0080112 -[is_a]-> GO:0048589
GO:0080112 -[part_of]-> GO:0048316
GO:0080113 -[is_a]-> GO:0048638
GO:0080113 -[is_a]-> GO:0080050
GO:0080113 -[regulates]-> GO:0080112
GO:0080114 -[is_a]-> GO:0031323
GO:0080114 -[is_a]-> GO:0051347
GO:0080114 -[positively_regulates]-> GO:0004372
GO:0080115 -[is_a]-> GO:0032029
GO:0080116 -[is_a]-> GO:0015020
GO:0080117 -[is_a]-> GO:0080190
GO:0080118 -[is_a]-> GO:0008146
GO:0080119 -[is_a]-> GO:0006996
GO:0080120 -[is_a]-> GO:0044267
GO:0080120 -[is_a]-> GO:0051604
GO:0080120 -[has_part]-> GO:0016485
GO:0080120 -[has_part]-> GO:0018342
GO:0080121 -[is_a]-> GO:0015858
GO:0080121 -[is_a]-> GO:0015868
GO:0080121 -[is_a]-> GO:0051503
GO:0080122 -[is_a]-> GO:0000295
GO:0080122 -[is_a]-> GO:0005346
GO:0080122 -[is_a]-> GO:0015211
GO:0080122 -[part_of]-> GO:0080121
GO:0080123 -[is_a]-> GO:0016881
GO:0080124 -[is_a]-> GO:0052689
GO:0080126 -[is_a]-> GO:0003006
GO:0080126 -[is_a]-> GO:1905328
GO:0080126 -[part_of]-> GO:0035670
GO:0080127 -[is_a]-> GO:0003006
GO:0080127 -[is_a]-> GO:0009791
GO:0080127 -[is_a]-> GO:0044702
GO:0080127 -[is_a]-> GO:0044767
GO:0080127 -[is_a]-> GO:1905328
GO:0080127 -[part_of]-> GO:0010154
GO:0080128 -[is_a]-> GO:0003006
GO:0080128 -[is_a]-> GO:1905328
GO:0080128 -[part_of]-> GO:0048653
GO:0080129 -[is_a]-> GO:0043248
GO:0080130 -[is_a]-> GO:0070546
GO:0080131 -[is_a]-> GO:0008146
GO:0080132 -[is_a]-> GO:0016491
GO:0080133 -[is_a]-> GO:0016713
GO:0080134 -[is_a]-> GO:0048583
GO:0080134 -[regulates]-> GO:0006950
GO:0080135 -[is_a]-> GO:0050794
GO:0080135 -[is_a]-> GO:0080134
GO:0080135 -[regulates]-> GO:0033554
GO:0080136 -[is_a]-> GO:0080135
GO:0080136 -[part_of]-> GO:0033554
GO:0080138 -[is_a]-> GO:0015563
GO:0080138 -[is_a]-> GO:0046715
GO:0080139 -[is_a]-> GO:0015562
GO:0080139 -[is_a]-> GO:0046715
GO:0080140 -[is_a]-> GO:0019217
GO:0080140 -[regulates]-> GO:0009694
GO:0080141 -[is_a]-> GO:0042304
GO:0080141 -[is_a]-> GO:0080140
GO:0080141 -[regulates]-> GO:0009695
GO:0080142 -[is_a]-> GO:0010337
GO:0080142 -[is_a]-> GO:0031326
GO:0080142 -[regulates]-> GO:0009697
GO:0080143 -[is_a]-> GO:0051955
GO:0080143 -[regulates]-> GO:0032973
GO:0080144 -[is_a]-> GO:0048878
GO:0080145 -[is_a]-> GO:0080144
GO:0080146 -[is_a]-> GO:0016846
GO:0080147 -[is_a]-> GO:0048468
GO:0080147 -[part_of]-> GO:0048765
GO:0080148 -[is_a]-> GO:0048585
GO:0080148 -[is_a]-> GO:2000070
GO:0080148 -[negatively_regulates]-> GO:0009414
GO:0080149 -[is_a]-> GO:0032055
GO:0080150 -[is_a]-> GO:0008171
GO:0080151 -[is_a]-> GO:0009967
GO:0080151 -[is_a]-> GO:2000031
GO:0080151 -[positively_regulates]-> GO:0009863
GO:0080152 -[is_a]-> GO:0010110
GO:0080152 -[regulates]-> GO:0019253
GO:0080153 -[is_a]-> GO:0009890
GO:0080153 -[is_a]-> GO:0045912
GO:0080153 -[is_a]-> GO:0080152
GO:0080153 -[is_a]-> GO:1905156
GO:0080153 -[negatively_regulates]-> GO:0019253
GO:0080154 -[is_a]-> GO:0043900
GO:0080154 -[is_a]-> GO:2000241
GO:0080154 -[regulates]-> GO:0009566
GO:0080155 -[is_a]-> GO:0080154
GO:0080155 -[regulates]-> GO:0009567
GO:0080156 -[is_a]-> GO:0016556
GO:0080156 -[is_a]-> GO:1900864
GO:0080156 -[occurs_in]-> GO:0005739
GO:0080157 -[is_a]-> GO:1903338
GO:0080157 -[regulates]-> GO:0071669
GO:0080158 -[is_a]-> GO:0070271
GO:0080159 -[is_a]-> GO:0009826
GO:0080159 -[is_a]-> GO:0048598
GO:0080160 -[is_a]-> GO:0015698
GO:0080161 -[is_a]-> GO:0022891
GO:0080162 -[is_a]-> GO:0060919
GO:0080162 -[is_a]-> GO:1902582
GO:0080162 -[occurs_in]-> GO:0005622
GO:0080163 -[is_a]-> GO:0043666
GO:0080163 -[regulates]-> GO:0004722
GO:0080164 -[is_a]-> GO:0051171
GO:0080164 -[is_a]-> GO:2000377
GO:0080164 -[regulates]-> GO:0046209
GO:0080165 -[is_a]-> GO:0052545
GO:0080166 -[is_a]-> GO:0003006
GO:0080166 -[is_a]-> GO:0022412
GO:0080166 -[is_a]-> GO:0044767
GO:0080166 -[is_a]-> GO:0048856
GO:0080166 -[part_of]-> GO:0048653
GO:0080167 -[is_a]-> GO:0009628
GO:0080168 -[is_a]-> GO:0015718
GO:0080169 -[is_a]-> GO:0009267
GO:0080169 -[is_a]-> GO:0080029
GO:0080170 -[is_a]-> GO:0055085
GO:0080171 -[is_a]-> GO:0007033
GO:0080172 -[is_a]-> GO:0003002
GO:0080173 -[is_a]-> GO:0009988
GO:0080173 -[is_a]-> GO:0022412
GO:0080173 -[part_of]-> GO:0009567
GO:0080175 -[is_a]-> GO:0000226
GO:0080175 -[occurs_in]-> GO:0009524
GO:0080176 -[is_a]-> GO:0004553
GO:0080177 -[is_a]-> GO:0016043
GO:0080177 -[is_a]-> GO:0044763
GO:0080177 -[part_of]-> GO:0009658
GO:0080178 -[is_a]-> GO:0030488
GO:0080179 -[is_a]-> GO:1901068
GO:0080180 -[is_a]-> GO:1901068
GO:0080181 -[is_a]-> GO:0001763
GO:0080181 -[part_of]-> GO:0010102
GO:0080182 -[is_a]-> GO:0018023
GO:0080182 -[is_a]-> GO:0051568
GO:0080183 -[is_a]-> GO:0006979
GO:0080184 -[is_a]-> GO:0014070
GO:0080185 -[is_a]-> GO:0052559
GO:0080186 -[is_a]-> GO:0048589
GO:0080187 -[is_a]-> GO:0003006
GO:0080187 -[is_a]-> GO:0044702
GO:0080187 -[is_a]-> GO:0090693
GO:0080187 -[part_of]-> GO:0048437
GO:0080188 -[is_a]-> GO:0006306
GO:0080188 -[is_a]-> GO:0016070
GO:0080188 -[is_a]-> GO:0031047
GO:0080188 -[is_a]-> GO:0044710
GO:0080189 -[is_a]-> GO:0040007
GO:0080189 -[is_a]-> GO:0044707
GO:0080190 -[is_a]-> GO:0040007
GO:0080190 -[is_a]-> GO:0044699
GO:0080191 -[is_a]-> GO:0080190
GO:0080192 -[is_a]-> GO:0080190
GO:0080193 -[is_a]-> GO:0080190
GO:0085000 -[is_a]-> GO:0044048
GO:0085000 -[is_a]-> GO:0052046
GO:0085001 -[is_a]-> GO:0052093
GO:0085002 -[is_a]-> GO:0052048
GO:0085003 -[is_a]-> GO:0085002
GO:0085004 -[is_a]-> GO:0085002
GO:0085005 -[is_a]-> GO:0085002
GO:0085006 -[is_a]-> GO:0085002
GO:0085007 -[is_a]-> GO:0085002
GO:0085008 -[is_a]-> GO:0085002
GO:0085009 -[is_a]-> GO:0085002
GO:0085010 -[is_a]-> GO:0052048
GO:0085011 -[is_a]-> GO:0052048
GO:0085012 -[is_a]-> GO:0052048
GO:0085013 -[is_a]-> GO:0052048
GO:0085014 -[is_a]-> GO:0022611
GO:0085014 -[is_a]-> GO:0044114
GO:0085015 -[is_a]-> GO:0022611
GO:0085015 -[is_a]-> GO:0044114
GO:0085016 -[is_a]-> GO:0022611
GO:0085016 -[is_a]-> GO:0044114
GO:0085017 -[is_a]-> GO:0030260
GO:0085018 -[is_a]-> GO:0051851
GO:0085019 -[is_a]-> GO:0052093
GO:0085020 -[is_a]-> GO:0000209
GO:0085021 -[is_a]-> GO:0044047
GO:0085021 -[is_a]-> GO:0052046
GO:0085022 -[is_a]-> GO:0044049
GO:0085022 -[is_a]-> GO:0052046
GO:0085023 -[is_a]-> GO:0052046
GO:0085023 -[is_a]-> GO:0085013
GO:0085024 -[is_a]-> GO:0052046
GO:0085024 -[is_a]-> GO:0085011
GO:0085025 -[is_a]-> GO:0052046
GO:0085025 -[is_a]-> GO:0085012
GO:0085026 -[is_a]-> GO:0033655
GO:0085026 -[is_a]-> GO:0043264
GO:0085027 -[is_a]-> GO:0044411
GO:0085028 -[is_a]-> GO:0085027
GO:0085029 -[is_a]-> GO:0022607
GO:0085029 -[is_a]-> GO:0030198
GO:0085030 -[is_a]-> GO:0044403
GO:0085031 -[is_a]-> GO:0044403
GO:0085032 -[is_a]-> GO:0043122
GO:0085032 -[is_a]-> GO:0052027
GO:0085033 -[is_a]-> GO:0043123
GO:0085033 -[is_a]-> GO:0085032
GO:0085034 -[is_a]-> GO:0043124
GO:0085035 -[is_a]-> GO:0042995
GO:0085036 -[is_a]-> GO:0044217
GO:0085036 -[is_a]-> GO:0044421
GO:0085036 -[part_of]-> GO:0043655
GO:0085037 -[is_a]-> GO:0033644
GO:0085037 -[part_of]-> GO:0020002
GO:0085039 -[is_a]-> GO:0033644
GO:0085040 -[is_a]-> GO:0044217
GO:0085040 -[is_a]-> GO:0044421
GO:0085040 -[part_of]-> GO:0043655
GO:0085041 -[is_a]-> GO:0085035
GO:0085042 -[is_a]-> GO:0033644
GO:0085044 -[is_a]-> GO:0052111
GO:0086001 -[is_a]-> GO:0001508
GO:0086002 -[is_a]-> GO:0086001
GO:0086002 -[part_of]-> GO:0086003
GO:0086003 -[is_a]-> GO:0070252
GO:0086003 -[part_of]-> GO:0060048
GO:0086004 -[is_a]-> GO:0055117
GO:0086004 -[is_a]-> GO:1903115
GO:0086004 -[regulates]-> GO:0086003
GO:0086005 -[is_a]-> GO:0086002
GO:0086006 -[is_a]-> GO:0005248
GO:0086006 -[part_of]-> GO:0086012
GO:0086007 -[is_a]-> GO:0005245
GO:0086007 -[part_of]-> GO:0086012
GO:0086008 -[is_a]-> GO:0005249
GO:0086008 -[part_of]-> GO:0086013
GO:0086009 -[is_a]-> GO:0034220
GO:0086009 -[is_a]-> GO:0042391
GO:0086010 -[is_a]-> GO:0051899
GO:0086010 -[part_of]-> GO:0001508
GO:0086011 -[is_a]-> GO:0086009
GO:0086011 -[part_of]-> GO:0001508
GO:0086012 -[is_a]-> GO:0086010
GO:0086012 -[part_of]-> GO:0086001
GO:0086013 -[is_a]-> GO:0086011
GO:0086013 -[is_a]-> GO:0099622
GO:0086013 -[part_of]-> GO:0086001
GO:0086014 -[is_a]-> GO:0086002
GO:0086014 -[part_of]-> GO:0086026
GO:0086015 -[is_a]-> GO:0086001
GO:0086015 -[part_of]-> GO:0086018
GO:0086016 -[is_a]-> GO:0086001
GO:0086016 -[part_of]-> GO:0086027
GO:0086017 -[is_a]-> GO:0086001
GO:0086017 -[part_of]-> GO:0086029
GO:0086018 -[is_a]-> GO:0086019
GO:0086018 -[is_a]-> GO:0086070
GO:0086019 -[is_a]-> GO:0007267
GO:0086019 -[is_a]-> GO:0086065
GO:0086019 -[part_of]-> GO:0061337
GO:0086020 -[is_a]-> GO:0086075
GO:0086020 -[part_of]-> GO:0086021
GO:0086021 -[is_a]-> GO:0086064
GO:0086021 -[is_a]-> GO:0086070
GO:0086022 -[is_a]-> GO:0034113
GO:0086022 -[is_a]-> GO:0086042
GO:0086022 -[part_of]-> GO:0086070
GO:0086023 -[is_a]-> GO:0071875
GO:0086023 -[is_a]-> GO:0086103
GO:0086023 -[part_of]-> GO:0003015
GO:0086024 -[is_a]-> GO:0001996
GO:0086024 -[is_a]-> GO:0071880
GO:0086024 -[is_a]-> GO:0086023
GO:0086024 -[has_part]-> GO:0086010
GO:0086024 -[part_of]-> GO:0003062
GO:0086024 -[part_of]-> GO:0010460
GO:0086026 -[is_a]-> GO:0086019
GO:0086026 -[is_a]-> GO:0086066
GO:0086027 -[is_a]-> GO:0086019
GO:0086027 -[is_a]-> GO:0086067
GO:0086028 -[is_a]-> GO:0086019
GO:0086028 -[is_a]-> GO:0086069
GO:0086029 -[is_a]-> GO:0086019
GO:0086029 -[is_a]-> GO:0086068
GO:0086030 -[is_a]-> GO:0071880
GO:0086030 -[is_a]-> GO:0086023
GO:0086030 -[part_of]-> GO:0055119
GO:0086033 -[is_a]-> GO:0086093
GO:0086033 -[part_of]-> GO:0003063
GO:0086033 -[part_of]-> GO:0010459
GO:0086036 -[is_a]-> GO:0042391
GO:0086037 -[is_a]-> GO:0005391
GO:0086037 -[part_of]-> GO:0086036
GO:0086038 -[is_a]-> GO:0005432
GO:0086038 -[part_of]-> GO:0086036
GO:0086039 -[is_a]-> GO:0005388
GO:0086039 -[part_of]-> GO:0086036
GO:0086040 -[is_a]-> GO:0015385
GO:0086040 -[part_of]-> GO:0086036
GO:0086041 -[is_a]-> GO:0005249
GO:0086041 -[part_of]-> GO:0086046
GO:0086042 -[is_a]-> GO:0034109
GO:0086043 -[is_a]-> GO:0086001
GO:0086043 -[part_of]-> GO:0086028
GO:0086044 -[is_a]-> GO:0086064
GO:0086044 -[is_a]-> GO:0086066
GO:0086045 -[is_a]-> GO:0086012
GO:0086045 -[part_of]-> GO:0086016
GO:0086046 -[is_a]-> GO:0086012
GO:0086046 -[part_of]-> GO:0086015
GO:0086047 -[is_a]-> GO:0086012
GO:0086047 -[part_of]-> GO:0086017
GO:0086048 -[is_a]-> GO:0086012
GO:0086048 -[part_of]-> GO:0086043
GO:0086049 -[is_a]-> GO:0086013
GO:0086049 -[part_of]-> GO:0086016
GO:0086050 -[is_a]-> GO:0086013
GO:0086050 -[part_of]-> GO:0086043
GO:0086051 -[is_a]-> GO:0086013
GO:0086051 -[part_of]-> GO:0086017
GO:0086052 -[is_a]-> GO:0086013
GO:0086052 -[part_of]-> GO:0086015
GO:0086053 -[is_a]-> GO:0086064
GO:0086053 -[is_a]-> GO:0086067
GO:0086054 -[is_a]-> GO:0086064
GO:0086054 -[is_a]-> GO:0086069
GO:0086055 -[is_a]-> GO:0086064
GO:0086055 -[is_a]-> GO:0086068
GO:0086056 -[is_a]-> GO:0086007
GO:0086056 -[part_of]-> GO:0086016
GO:0086056 -[part_of]-> GO:0086045
GO:0086057 -[is_a]-> GO:0086007
GO:0086057 -[part_of]-> GO:0086043
GO:0086057 -[part_of]-> GO:0086048
GO:0086058 -[is_a]-> GO:0086007
GO:0086058 -[part_of]-> GO:0086017
GO:0086058 -[part_of]-> GO:0086047
GO:0086059 -[is_a]-> GO:0086007
GO:0086059 -[part_of]-> GO:0086015
GO:0086059 -[part_of]-> GO:0086046
GO:0086060 -[is_a]-> GO:0086006
GO:0086060 -[part_of]-> GO:0086016
GO:0086060 -[part_of]-> GO:0086045
GO:0086061 -[is_a]-> GO:0086006
GO:0086061 -[part_of]-> GO:0086043
GO:0086061 -[part_of]-> GO:0086048
GO:0086062 -[is_a]-> GO:0086006
GO:0086062 -[part_of]-> GO:0086017
GO:0086062 -[part_of]-> GO:0086047
GO:0086063 -[is_a]-> GO:0086006
GO:0086063 -[part_of]-> GO:0086015
GO:0086063 -[part_of]-> GO:0086046
GO:0086064 -[is_a]-> GO:0010644
GO:0086064 -[is_a]-> GO:0086065
GO:0086064 -[part_of]-> GO:0061337
GO:0086065 -[is_a]-> GO:0007154
GO:0086065 -[part_of]-> GO:0061337
GO:0086066 -[is_a]-> GO:0086065
GO:0086067 -[is_a]-> GO:0086065
GO:0086068 -[is_a]-> GO:0086065
GO:0086069 -[is_a]-> GO:0086065
GO:0086070 -[is_a]-> GO:0086065
GO:0086071 -[is_a]-> GO:0034113
GO:0086071 -[is_a]-> GO:0086042
GO:0086071 -[part_of]-> GO:0086066
GO:0086072 -[is_a]-> GO:0034113
GO:0086072 -[is_a]-> GO:0086042
GO:0086072 -[part_of]-> GO:0086067
GO:0086073 -[is_a]-> GO:0034113
GO:0086073 -[is_a]-> GO:0086042
GO:0086073 -[part_of]-> GO:0086069
GO:0086074 -[is_a]-> GO:0034113
GO:0086074 -[is_a]-> GO:0086042
GO:0086074 -[part_of]-> GO:0086068
GO:0086075 -[is_a]-> GO:1903763
GO:0086075 -[part_of]-> GO:0086064
GO:0086076 -[is_a]-> GO:0086075
GO:0086076 -[part_of]-> GO:0086044
GO:0086077 -[is_a]-> GO:0086075
GO:0086077 -[part_of]-> GO:0086053
GO:0086078 -[is_a]-> GO:0086075
GO:0086078 -[part_of]-> GO:0086054
GO:0086079 -[is_a]-> GO:0086075
GO:0086079 -[part_of]-> GO:0086055
GO:0086080 -[is_a]-> GO:0098632
GO:0086080 -[part_of]-> GO:0034113
GO:0086081 -[is_a]-> GO:0086080
GO:0086081 -[part_of]-> GO:0086071
GO:0086082 -[is_a]-> GO:0086080
GO:0086082 -[part_of]-> GO:0086072
GO:0086083 -[is_a]-> GO:0086080
GO:0086083 -[part_of]-> GO:0086073
GO:0086084 -[is_a]-> GO:0086080
GO:0086084 -[part_of]-> GO:0086074
GO:0086085 -[is_a]-> GO:0086080
GO:0086085 -[part_of]-> GO:0086022
GO:0086086 -[is_a]-> GO:0086008
GO:0086086 -[part_of]-> GO:0086016
GO:0086086 -[part_of]-> GO:0086049
GO:0086087 -[is_a]-> GO:0086008
GO:0086087 -[part_of]-> GO:0086043
GO:0086087 -[part_of]-> GO:0086050
GO:0086088 -[is_a]-> GO:0086008
GO:0086088 -[part_of]-> GO:0086017
GO:0086088 -[part_of]-> GO:0086051
GO:0086089 -[is_a]-> GO:0086008
GO:0086089 -[part_of]-> GO:0086014
GO:0086090 -[is_a]-> GO:0086008
GO:0086090 -[part_of]-> GO:0086052
GO:0086091 -[is_a]-> GO:0002027
GO:0086091 -[is_a]-> GO:0061337
GO:0086092 -[is_a]-> GO:0002026
GO:0086092 -[is_a]-> GO:0061337
GO:0086093 -[is_a]-> GO:0007213
GO:0086093 -[is_a]-> GO:0086103
GO:0086093 -[part_of]-> GO:0003015
GO:0086094 -[is_a]-> GO:0086023
GO:0086094 -[part_of]-> GO:0003062
GO:0086094 -[part_of]-> GO:0060452
GO:0086095 -[is_a]-> GO:0086033
GO:0086095 -[is_a]-> GO:1900129
GO:0086095 -[positively_regulates]-> GO:0015467
GO:0086096 -[is_a]-> GO:0071881
GO:0086096 -[is_a]-> GO:0086023
GO:0086096 -[part_of]-> GO:0003015
GO:0086097 -[is_a]-> GO:0007200
GO:0086097 -[is_a]-> GO:0038166
GO:0086098 -[is_a]-> GO:0038166
GO:0086098 -[is_a]-> GO:0086103
GO:0086098 -[part_of]-> GO:0003015
GO:0086099 -[is_a]-> GO:0086097
GO:0086099 -[is_a]-> GO:0086098
GO:0086099 -[part_of]-> GO:0003015
GO:0086100 -[is_a]-> GO:0007186
GO:0086101 -[is_a]-> GO:0086100
GO:0086101 -[is_a]-> GO:0086103
GO:0086101 -[part_of]-> GO:0003015
GO:0086102 -[is_a]-> GO:0007197
GO:0086102 -[is_a]-> GO:0086033
GO:0086102 -[part_of]-> GO:0010459
GO:0086103 -[is_a]-> GO:0007186
GO:0086103 -[part_of]-> GO:0003015
GO:0089700 -[is_a]-> GO:0035556
GO:0089701 -[is_a]-> GO:0043234
GO:0089701 -[is_a]-> GO:0044428
GO:0089701 -[part_of]-> GO:0005634
GO:0089702 -[is_a]-> GO:0016780
GO:0089703 -[is_a]-> GO:0034487
GO:0089703 -[is_a]-> GO:0089712
GO:0089704 -[is_a]-> GO:0034487
GO:0089704 -[is_a]-> GO:0089711
GO:0089705 -[is_a]-> GO:0072657
GO:0089705 -[is_a]-> GO:1990778
GO:0089706 -[is_a]-> GO:0032974
GO:0089706 -[is_a]-> GO:1903352
GO:0089707 -[is_a]-> GO:0032974
GO:0089707 -[is_a]-> GO:1903401
GO:0089708 -[is_a]-> GO:0032974
GO:0089708 -[is_a]-> GO:0089709
GO:0089709 -[is_a]-> GO:1902024
GO:0089709 -[is_a]-> GO:1902475
GO:0089710 -[is_a]-> GO:0005515
GO:0089711 -[is_a]-> GO:0003333
GO:0089711 -[is_a]-> GO:0015813
GO:0089711 -[is_a]-> GO:0098656
GO:0089712 -[is_a]-> GO:0003333
GO:0089712 -[is_a]-> GO:0070778
GO:0089712 -[is_a]-> GO:0098656
GO:0089713 -[is_a]-> GO:0043234
GO:0089714 -[is_a]-> GO:0016616
GO:0089715 -[is_a]-> GO:0016426
GO:0089716 -[is_a]-> GO:0090575
GO:0089717 -[is_a]-> GO:0016021
GO:0089718 -[is_a]-> GO:0044745
GO:0089718 -[is_a]-> GO:0098739
GO:0089718 -[is_a]-> GO:1902837
GO:0089719 -[is_a]-> GO:0005515
GO:0089720 -[is_a]-> GO:0002020
GO:0089721 -[is_a]-> GO:0008514
GO:0089721 -[part_of]-> GO:0089722
GO:0089722 -[is_a]-> GO:0015714
GO:0089722 -[is_a]-> GO:0098656
GO:0090001 -[is_a]-> GO:0043111
GO:0090002 -[is_a]-> GO:0090150
GO:0090002 -[part_of]-> GO:0072659
GO:0090003 -[is_a]-> GO:0070201
GO:0090003 -[is_a]-> GO:1903076
GO:0090003 -[regulates]-> GO:0090002
GO:0090004 -[is_a]-> GO:0090003
GO:0090004 -[is_a]-> GO:1903078
GO:0090004 -[is_a]-> GO:1904951
GO:0090004 -[positively_regulates]-> GO:0090002
GO:0090005 -[is_a]-> GO:0090003
GO:0090005 -[is_a]-> GO:1903077
GO:0090005 -[is_a]-> GO:1904950
GO:0090005 -[negatively_regulates]-> GO:0090002
GO:0090006 -[is_a]-> GO:0033044
GO:0090006 -[is_a]-> GO:0044087
GO:0090006 -[is_a]-> GO:0060629
GO:0090006 -[regulates]-> GO:0030999
GO:0090008 -[is_a]-> GO:0009888
GO:0090009 -[is_a]-> GO:0044767
GO:0090009 -[is_a]-> GO:0048646
GO:0090009 -[part_of]-> GO:0001702
GO:0090009 -[part_of]-> GO:0009948
GO:0090010 -[is_a]-> GO:0007179
GO:0090010 -[part_of]-> GO:0090009
GO:0090011 -[is_a]-> GO:0016055
GO:0090011 -[part_of]-> GO:0090009
GO:0090012 -[is_a]-> GO:0030512
GO:0090012 -[is_a]-> GO:0090013
GO:0090012 -[is_a]-> GO:2000542
GO:0090012 -[negatively_regulates]-> GO:0090010
GO:0090013 -[is_a]-> GO:0010470
GO:0090013 -[is_a]-> GO:0017015
GO:0090013 -[regulates]-> GO:0090010
GO:0090014 -[is_a]-> GO:0044767
GO:0090014 -[is_a]-> GO:0048646
GO:0090014 -[part_of]-> GO:0060794
GO:0090015 -[is_a]-> GO:0009734
GO:0090015 -[is_a]-> GO:0090016
GO:0090015 -[is_a]-> GO:1905423
GO:0090015 -[positively_regulates]-> GO:0090014
GO:0090016 -[is_a]-> GO:1901371
GO:0090016 -[regulates]-> GO:0090014
GO:0090017 -[is_a]-> GO:0044767
GO:0090017 -[is_a]-> GO:0048646
GO:0090017 -[part_of]-> GO:0021990
GO:0090018 -[is_a]-> GO:0044767
GO:0090018 -[is_a]-> GO:0048646
GO:0090018 -[part_of]-> GO:0021990
GO:0090019 -[is_a]-> GO:0006357
GO:0090019 -[part_of]-> GO:0090017
GO:0090020 -[is_a]-> GO:0006357
GO:0090020 -[part_of]-> GO:0090018
GO:0090021 -[is_a]-> GO:0016055
GO:0090021 -[is_a]-> GO:0040019
GO:0090021 -[is_a]-> GO:1905332
GO:0090021 -[is_a]-> GO:2000027
GO:0090021 -[positively_regulates]-> GO:0090018
GO:0090022 -[is_a]-> GO:0071622
GO:0090022 -[is_a]-> GO:1902622
GO:0090022 -[regulates]-> GO:0030593
GO:0090023 -[is_a]-> GO:0071624
GO:0090023 -[is_a]-> GO:0090022
GO:0090023 -[is_a]-> GO:1902624
GO:0090023 -[positively_regulates]-> GO:0030593
GO:0090024 -[is_a]-> GO:0071623
GO:0090024 -[is_a]-> GO:0090022
GO:0090024 -[is_a]-> GO:1902623
GO:0090024 -[negatively_regulates]-> GO:0030593
GO:0090025 -[is_a]-> GO:0002688
GO:0090025 -[is_a]-> GO:0071675
GO:0090025 -[regulates]-> GO:0002548
GO:0090026 -[is_a]-> GO:0002690
GO:0090026 -[is_a]-> GO:0071677
GO:0090026 -[is_a]-> GO:0090025
GO:0090026 -[positively_regulates]-> GO:0002548
GO:0090027 -[is_a]-> GO:0002689
GO:0090027 -[is_a]-> GO:0071676
GO:0090027 -[is_a]-> GO:0090025
GO:0090027 -[negatively_regulates]-> GO:0002548
GO:0090028 -[is_a]-> GO:0010969
GO:0090028 -[is_a]-> GO:0045745
GO:0090028 -[is_a]-> GO:0060239
GO:0090028 -[positively_regulates]-> GO:0000750
GO:0090029 -[is_a]-> GO:0010969
GO:0090029 -[is_a]-> GO:0045744
GO:0090029 -[is_a]-> GO:0060240
GO:0090029 -[negatively_regulates]-> GO:0000750
GO:0090030 -[is_a]-> GO:0046885
GO:0090030 -[is_a]-> GO:0050810
GO:0090031 -[is_a]-> GO:0010893
GO:0090031 -[is_a]-> GO:0046886
GO:0090031 -[is_a]-> GO:0090030
GO:0090032 -[is_a]-> GO:0010894
GO:0090032 -[is_a]-> GO:0032353
GO:0090032 -[is_a]-> GO:0090030
GO:0090033 -[is_a]-> GO:0010570
GO:0090033 -[is_a]-> GO:0045927
GO:0090033 -[positively_regulates]-> GO:0030447
GO:0090034 -[is_a]-> GO:0043254
GO:0090034 -[regulates]-> GO:0051131
GO:0090035 -[is_a]-> GO:0031334
GO:0090035 -[is_a]-> GO:0090034
GO:0090035 -[positively_regulates]-> GO:0051131
GO:0090036 -[is_a]-> GO:1902531
GO:0090036 -[regulates]-> GO:0070528
GO:0090037 -[is_a]-> GO:0090036
GO:0090037 -[is_a]-> GO:1902533
GO:0090037 -[positively_regulates]-> GO:0070528
GO:0090038 -[is_a]-> GO:0090036
GO:0090038 -[is_a]-> GO:1902532
GO:0090038 -[negatively_regulates]-> GO:0070528
GO:0090042 -[is_a]-> GO:0006476
GO:0090043 -[is_a]-> GO:0090311
GO:0090043 -[regulates]-> GO:0090042
GO:0090044 -[is_a]-> GO:0090043
GO:0090044 -[is_a]-> GO:0090312
GO:0090044 -[positively_regulates]-> GO:0090042
GO:0090045 -[is_a]-> GO:0051345
GO:0090045 -[positively_regulates]-> GO:0019213
GO:0090049 -[is_a]-> GO:0043535
GO:0090049 -[is_a]-> GO:1903670
GO:0090049 -[regulates]-> GO:0002042
GO:0090050 -[is_a]-> GO:0043536
GO:0090050 -[is_a]-> GO:0090049
GO:0090050 -[is_a]-> GO:1903672
GO:0090050 -[positively_regulates]-> GO:0002042
GO:0090051 -[is_a]-> GO:0043537
GO:0090051 -[is_a]-> GO:0090049
GO:0090051 -[is_a]-> GO:1903671
GO:0090051 -[negatively_regulates]-> GO:0002042
GO:0090052 -[is_a]-> GO:0031935
GO:0090052 -[regulates]-> GO:0030702
GO:0090053 -[is_a]-> GO:0031937
GO:0090053 -[is_a]-> GO:0090052
GO:0090053 -[positively_regulates]-> GO:0030702
GO:0090054 -[is_a]-> GO:0031935
GO:0090054 -[regulates]-> GO:0030466
GO:0090055 -[is_a]-> GO:0031937
GO:0090055 -[is_a]-> GO:0090054
GO:0090055 -[positively_regulates]-> GO:0030466
GO:0090056 -[is_a]-> GO:0051193
GO:0090056 -[is_a]-> GO:1901401
GO:0090056 -[regulates]-> GO:0015994
GO:0090057 -[is_a]-> GO:0009956
GO:0090057 -[part_of]-> GO:0048364
GO:0090058 -[is_a]-> GO:0010089
GO:0090058 -[is_a]-> GO:0044767
GO:0090059 -[is_a]-> GO:0010089
GO:0090060 -[is_a]-> GO:2000026
GO:0090060 -[regulates]-> GO:0090058
GO:0090062 -[is_a]-> GO:0010675
GO:0090062 -[regulates]-> GO:0005991
GO:0090063 -[is_a]-> GO:0010968
GO:0090063 -[is_a]-> GO:0031116
GO:0090063 -[positively_regulates]-> GO:0007020
GO:0090064 -[is_a]-> GO:0090063
GO:0090065 -[is_a]-> GO:0070920
GO:0090065 -[is_a]-> GO:1900368
GO:0090065 -[regulates]-> GO:0030422
GO:0090066 -[is_a]-> GO:0065008
GO:0090067 -[is_a]-> GO:0090066
GO:0090068 -[is_a]-> GO:0010564
GO:0090068 -[is_a]-> GO:0045787
GO:0090068 -[positively_regulates]-> GO:0022402
GO:0090069 -[is_a]-> GO:0044087
GO:0090069 -[regulates]-> GO:0042254
GO:0090070 -[is_a]-> GO:0044089
GO:0090070 -[is_a]-> GO:0090069
GO:0090070 -[positively_regulates]-> GO:0042254
GO:0090071 -[is_a]-> GO:0048523
GO:0090071 -[is_a]-> GO:0090069
GO:0090071 -[negatively_regulates]-> GO:0042254
GO:0090073 -[is_a]-> GO:0032092
GO:0090073 -[is_a]-> GO:0043496
GO:0090073 -[positively_regulates]-> GO:0042803
GO:0090074 -[is_a]-> GO:0032091
GO:0090074 -[is_a]-> GO:0043496
GO:0090074 -[negatively_regulates]-> GO:0042803
GO:0090075 -[is_a]-> GO:0003012
GO:0090076 -[is_a]-> GO:0090075
GO:0090077 -[is_a]-> GO:0030154
GO:0090078 -[is_a]-> GO:0090077
GO:0090079 -[is_a]-> GO:0003676
GO:0090079 -[is_a]-> GO:0045182
GO:0090080 -[is_a]-> GO:0008543
GO:0090080 -[is_a]-> GO:0043410
GO:0090080 -[positively_regulates]-> GO:0000165
GO:0090081 -[is_a]-> GO:0003307
GO:0090081 -[is_a]-> GO:0042659
GO:0090081 -[is_a]-> GO:0060828
GO:0090081 -[is_a]-> GO:0090381
GO:0090081 -[regulates]-> GO:0100012
GO:0090082 -[is_a]-> GO:0003308
GO:0090082 -[is_a]-> GO:0090081
GO:0090082 -[is_a]-> GO:0090090
GO:0090082 -[is_a]-> GO:1901321
GO:0090082 -[positively_regulates]-> GO:0003129
GO:0090083 -[is_a]-> GO:0044087
GO:0090083 -[is_a]-> GO:0051128
GO:0090083 -[regulates]-> GO:0070841
GO:0090084 -[is_a]-> GO:0051129
GO:0090084 -[is_a]-> GO:0090083
GO:0090084 -[negatively_regulates]-> GO:0070841
GO:0090085 -[is_a]-> GO:0030162
GO:0090085 -[is_a]-> GO:1903320
GO:0090085 -[regulates]-> GO:0016579
GO:0090086 -[is_a]-> GO:0045861
GO:0090086 -[is_a]-> GO:0090085
GO:0090086 -[is_a]-> GO:1903321
GO:0090086 -[negatively_regulates]-> GO:0016579
GO:0090087 -[is_a]-> GO:0051049
GO:0090087 -[regulates]-> GO:0015833
GO:0090088 -[is_a]-> GO:0090087
GO:0090088 -[regulates]-> GO:0006857
GO:0090089 -[is_a]-> GO:0090088
GO:0090089 -[regulates]-> GO:0042938
GO:0090090 -[is_a]-> GO:0030178
GO:0090090 -[is_a]-> GO:0060828
GO:0090090 -[negatively_regulates]-> GO:0060070
GO:0090091 -[is_a]-> GO:0010715
GO:0090091 -[is_a]-> GO:1903055
GO:0090091 -[positively_regulates]-> GO:0022617
GO:0090092 -[is_a]-> GO:0009966
GO:0090092 -[regulates]-> GO:0007178
GO:0090093 -[is_a]-> GO:0010981
GO:0090093 -[is_a]-> GO:0032951
GO:0090093 -[is_a]-> GO:0032995
GO:0090093 -[regulates]-> GO:0070880
GO:0090094 -[is_a]-> GO:0010463
GO:0090094 -[is_a]-> GO:0072203
GO:0090094 -[part_of]-> GO:0072186
GO:0090095 -[is_a]-> GO:0010464
GO:0090095 -[is_a]-> GO:0072215
GO:0090095 -[is_a]-> GO:1901722
GO:0090095 -[is_a]-> GO:2000027
GO:0090095 -[regulates]-> GO:0090094
GO:0090096 -[is_a]-> GO:0002053
GO:0090096 -[is_a]-> GO:0072216
GO:0090096 -[is_a]-> GO:0090095
GO:0090096 -[is_a]-> GO:1901724
GO:0090096 -[positively_regulates]-> GO:0090094
GO:0090097 -[is_a]-> GO:0090092
GO:0090097 -[regulates]-> GO:0008101
GO:0090098 -[is_a]-> GO:0090097
GO:0090098 -[is_a]-> GO:0090100
GO:0090098 -[positively_regulates]-> GO:0008101
GO:0090099 -[is_a]-> GO:0090097
GO:0090099 -[is_a]-> GO:0090101
GO:0090099 -[negatively_regulates]-> GO:0008101
GO:0090100 -[is_a]-> GO:0009967
GO:0090100 -[is_a]-> GO:0090092
GO:0090100 -[positively_regulates]-> GO:0007178
GO:0090101 -[is_a]-> GO:0009968
GO:0090101 -[is_a]-> GO:0090092
GO:0090101 -[negatively_regulates]-> GO:0007178
GO:0090102 -[is_a]-> GO:0044767
GO:0090102 -[is_a]-> GO:0048856
GO:0090102 -[part_of]-> GO:0048839
GO:0090103 -[is_a]-> GO:0048598
GO:0090103 -[part_of]-> GO:0042472
GO:0090103 -[part_of]-> GO:0090102
GO:0090104 -[is_a]-> GO:0030154
GO:0090104 -[part_of]-> GO:0031018
GO:0090105 -[is_a]-> GO:0048468
GO:0090105 -[part_of]-> GO:0090104
GO:0090106 -[is_a]-> GO:0045165
GO:0090106 -[part_of]-> GO:0090104
GO:0090107 -[is_a]-> GO:0044087
GO:0090107 -[is_a]-> GO:0051128
GO:0090107 -[is_a]-> GO:0051239
GO:0090107 -[regulates]-> GO:0034380
GO:0090108 -[is_a]-> GO:0044089
GO:0090108 -[is_a]-> GO:0051130
GO:0090108 -[is_a]-> GO:0051240
GO:0090108 -[is_a]-> GO:0090107
GO:0090108 -[positively_regulates]-> GO:0034380
GO:0090109 -[is_a]-> GO:1901888
GO:0090109 -[regulates]-> GO:0007044
GO:0090110 -[is_a]-> GO:0035459
GO:0090110 -[is_a]-> GO:0051668
GO:0090110 -[is_a]-> GO:1902582
GO:0090110 -[part_of]-> GO:0090114
GO:0090111 -[is_a]-> GO:0060628
GO:0090111 -[is_a]-> GO:1901879
GO:0090111 -[regulates]-> GO:0090112
GO:0090112 -[is_a]-> GO:0072319
GO:0090112 -[part_of]-> GO:0006888
GO:0090113 -[is_a]-> GO:0060628
GO:0090114 -[is_a]-> GO:0006900
GO:0090114 -[occurs_in]-> GO:0000139
GO:0090114 -[part_of]-> GO:0006888
GO:0090115 -[is_a]-> GO:0090116
GO:0090115 -[part_of]-> GO:0006346
GO:0090116 -[is_a]-> GO:0032776
GO:0090117 -[is_a]-> GO:0008333
GO:0090117 -[is_a]-> GO:0090119
GO:0090118 -[is_a]-> GO:0006898
GO:0090118 -[is_a]-> GO:0046907
GO:0090118 -[part_of]-> GO:0032367
GO:0090119 -[is_a]-> GO:0016192
GO:0090119 -[is_a]-> GO:0016482
GO:0090119 -[is_a]-> GO:0032367
GO:0090119 -[occurs_in]-> GO:0005829
GO:0090120 -[is_a]-> GO:0007041
GO:0090120 -[is_a]-> GO:0090119
GO:0090120 -[occurs_in]-> GO:0005737
GO:0090121 -[is_a]-> GO:0090495
GO:0090121 -[part_of]-> GO:0030301
GO:0090122 -[is_a]-> GO:0008203
GO:0090122 -[part_of]-> GO:0090119
GO:0090123 -[is_a]-> GO:0044437
GO:0090123 -[part_of]-> GO:0005764
GO:0090124 -[is_a]-> GO:0032776
GO:0090125 -[is_a]-> GO:0016337
GO:0090125 -[part_of]-> GO:0060074
GO:0090126 -[is_a]-> GO:0006461
GO:0090126 -[part_of]-> GO:0060074
GO:0090127 -[is_a]-> GO:0007268
GO:0090127 -[is_a]-> GO:0090129
GO:0090127 -[positively_regulates]-> GO:0060074
GO:0090128 -[is_a]-> GO:0050807
GO:0090128 -[is_a]-> GO:0051960
GO:0090128 -[regulates]-> GO:0060074
GO:0090129 -[is_a]-> GO:0051130
GO:0090129 -[is_a]-> GO:0051962
GO:0090129 -[is_a]-> GO:0090128
GO:0090129 -[positively_regulates]-> GO:0060074
GO:0090130 -[is_a]-> GO:0044707
GO:0090131 -[is_a]-> GO:0090130
GO:0090131 -[part_of]-> GO:0072132
GO:0090132 -[is_a]-> GO:0090130
GO:0090133 -[is_a]-> GO:0090132
GO:0090133 -[part_of]-> GO:0007369
GO:0090133 -[part_of]-> GO:0048382
GO:0090134 -[is_a]-> GO:0042074
GO:0090134 -[part_of]-> GO:0090133
GO:0090135 -[is_a]-> GO:0007015
GO:0090136 -[is_a]-> GO:0016337
GO:0090137 -[is_a]-> GO:0090136
GO:0090137 -[part_of]-> GO:0090132
GO:0090138 -[is_a]-> GO:0016337
GO:0090138 -[is_a]-> GO:0032956
GO:0090138 -[regulates]-> GO:0030036
GO:0090139 -[is_a]-> GO:0036385
GO:0090139 -[occurs_in]-> GO:0005739
GO:0090140 -[is_a]-> GO:0010821
GO:0090140 -[is_a]-> GO:0022603
GO:0090140 -[regulates]-> GO:0000266
GO:0090141 -[is_a]-> GO:0010822
GO:0090141 -[is_a]-> GO:0051094
GO:0090141 -[is_a]-> GO:0090140
GO:0090141 -[positively_regulates]-> GO:0000266
GO:0090143 -[is_a]-> GO:0016043
GO:0090143 -[is_a]-> GO:0044763
GO:0090144 -[is_a]-> GO:0090143
GO:0090144 -[occurs_in]-> GO:0005739
GO:0090145 -[is_a]-> GO:0090144
GO:0090145 -[part_of]-> GO:0000266
GO:0090146 -[is_a]-> GO:0051654
GO:0090146 -[part_of]-> GO:0000266
GO:0090147 -[is_a]-> GO:0060341
GO:0090147 -[is_a]-> GO:0090140
GO:0090147 -[regulates]-> GO:0090146
GO:0090148 -[is_a]-> GO:0044802
GO:0090149 -[is_a]-> GO:0090148
GO:0090149 -[part_of]-> GO:0000266
GO:0090150 -[is_a]-> GO:0045184
GO:0090150 -[part_of]-> GO:0072657
GO:0090151 -[is_a]-> GO:0007006
GO:0090151 -[is_a]-> GO:0051649
GO:0090151 -[is_a]-> GO:0072655
GO:0090151 -[is_a]-> GO:0090150
GO:0090151 -[is_a]-> GO:1902578
GO:0090152 -[is_a]-> GO:0090151
GO:0090152 -[part_of]-> GO:0000266
GO:0090153 -[is_a]-> GO:0010556
GO:0090153 -[is_a]-> GO:0031326
GO:0090153 -[is_a]-> GO:0044087
GO:0090153 -[is_a]-> GO:0046890
GO:0090153 -[is_a]-> GO:0051171
GO:0090153 -[is_a]-> GO:1905038
GO:0090153 -[regulates]-> GO:0030148
GO:0090154 -[is_a]-> GO:0031328
GO:0090154 -[is_a]-> GO:0046889
GO:0090154 -[is_a]-> GO:0051173
GO:0090154 -[is_a]-> GO:0090153
GO:0090154 -[positively_regulates]-> GO:0030148
GO:0090155 -[is_a]-> GO:0031327
GO:0090155 -[is_a]-> GO:0051055
GO:0090155 -[is_a]-> GO:0051172
GO:0090155 -[is_a]-> GO:0090153
GO:0090155 -[negatively_regulates]-> GO:0030148
GO:0090156 -[is_a]-> GO:0055082
GO:0090156 -[is_a]-> GO:0055088
GO:0090157 -[is_a]-> GO:0090155
GO:0090158 -[is_a]-> GO:0044802
GO:0090158 -[part_of]-> GO:0007029
GO:0090158 -[part_of]-> GO:0010256
GO:0090159 -[is_a]-> GO:0030148
GO:0090159 -[part_of]-> GO:0090158
GO:0090160 -[is_a]-> GO:0006896
GO:0090160 -[is_a]-> GO:0007041
GO:0090160 -[is_a]-> GO:0016482
GO:0090160 -[occurs_in]-> GO:0005829
GO:0090161 -[is_a]-> GO:0007030
GO:0090162 -[is_a]-> GO:0030010
GO:0090163 -[is_a]-> GO:0090162
GO:0090164 -[is_a]-> GO:0090161
GO:0090164 -[part_of]-> GO:0090162
GO:0090165 -[is_a]-> GO:0051046
GO:0090165 -[is_a]-> GO:0090164
GO:0090165 -[regulates]-> GO:0046903
GO:0090166 -[is_a]-> GO:0007030
GO:0090166 -[is_a]-> GO:1903008
GO:0090166 -[part_of]-> GO:0048313
GO:0090167 -[is_a]-> GO:0007030
GO:0090167 -[is_a]-> GO:0051645
GO:0090167 -[part_of]-> GO:0048313
GO:0090168 -[is_a]-> GO:0007030
GO:0090168 -[is_a]-> GO:0022607
GO:0090168 -[part_of]-> GO:0048313
GO:0090169 -[is_a]-> GO:0090224
GO:0090169 -[is_a]-> GO:1902115
GO:0090169 -[regulates]-> GO:0051225
GO:0090170 -[is_a]-> GO:1903358
GO:0090170 -[regulates]-> GO:0048313
GO:0090171 -[is_a]-> GO:0000904
GO:0090171 -[part_of]-> GO:0002063
GO:0090172 -[is_a]-> GO:0000226
GO:0090172 -[is_a]-> GO:0044702
GO:0090172 -[is_a]-> GO:1903046
GO:0090172 -[part_of]-> GO:0045143
GO:0090173 -[is_a]-> GO:0033044
GO:0090173 -[is_a]-> GO:0044087
GO:0090173 -[is_a]-> GO:0060629
GO:0090173 -[regulates]-> GO:0007130
GO:0090174 -[is_a]-> GO:0044801
GO:0090174 -[is_a]-> GO:0048284
GO:0090174 -[is_a]-> GO:1902589
GO:0090175 -[is_a]-> GO:1905330
GO:0090175 -[is_a]-> GO:2000027
GO:0090175 -[regulates]-> GO:0001736
GO:0090176 -[is_a]-> GO:0000226
GO:0090176 -[part_of]-> GO:0001736
GO:0090177 -[is_a]-> GO:0042249
GO:0090177 -[is_a]-> GO:0048598
GO:0090177 -[part_of]-> GO:0001843
GO:0090178 -[is_a]-> GO:0045995
GO:0090178 -[is_a]-> GO:0051960
GO:0090178 -[is_a]-> GO:0090175
GO:0090178 -[is_a]-> GO:1905276
GO:0090178 -[regulates]-> GO:0090177
GO:0090179 -[is_a]-> GO:0060071
GO:0090179 -[is_a]-> GO:0090178
GO:0090179 -[part_of]-> GO:0001843
GO:0090180 -[is_a]-> GO:0031328
GO:0090180 -[is_a]-> GO:0046136
GO:0090180 -[is_a]-> GO:0051173
GO:0090180 -[is_a]-> GO:0051176
GO:0090180 -[is_a]-> GO:0070623
GO:0090180 -[positively_regulates]-> GO:0009228
GO:0090181 -[is_a]-> GO:0019218
GO:0090181 -[regulates]-> GO:0008203
GO:0090182 -[is_a]-> GO:0050708
GO:0090182 -[regulates]-> GO:0033299
GO:0090183 -[is_a]-> GO:2000026
GO:0090183 -[regulates]-> GO:0001822
GO:0090184 -[is_a]-> GO:0051094
GO:0090184 -[is_a]-> GO:0051240
GO:0090184 -[is_a]-> GO:0090183
GO:0090184 -[positively_regulates]-> GO:0001822
GO:0090185 -[is_a]-> GO:0051093
GO:0090185 -[is_a]-> GO:0051241
GO:0090185 -[is_a]-> GO:0090183
GO:0090185 -[negatively_regulates]-> GO:0001822
GO:0090186 -[is_a]-> GO:0044058
GO:0090186 -[is_a]-> GO:0050878
GO:0090186 -[is_a]-> GO:0051046
GO:0090186 -[regulates]-> GO:0030157
GO:0090187 -[is_a]-> GO:0051047
GO:0090187 -[is_a]-> GO:0060456
GO:0090187 -[is_a]-> GO:0090186
GO:0090187 -[positively_regulates]-> GO:0030157
GO:0090188 -[is_a]-> GO:0051048
GO:0090188 -[is_a]-> GO:0060457
GO:0090188 -[is_a]-> GO:0090186
GO:0090188 -[negatively_regulates]-> GO:0030157
GO:0090189 -[is_a]-> GO:0060688
GO:0090189 -[is_a]-> GO:0061217
GO:0090189 -[is_a]-> GO:1905330
GO:0090189 -[is_a]-> GO:2000027
GO:0090189 -[regulates]-> GO:0001658
GO:0090190 -[is_a]-> GO:0061213
GO:0090190 -[is_a]-> GO:0090189
GO:0090190 -[is_a]-> GO:1905332
GO:0090190 -[positively_regulates]-> GO:0001658
GO:0090191 -[is_a]-> GO:0061218
GO:0090191 -[is_a]-> GO:0090189
GO:0090191 -[is_a]-> GO:1905331
GO:0090191 -[negatively_regulates]-> GO:0001658
GO:0090192 -[is_a]-> GO:0090183
GO:0090192 -[regulates]-> GO:0032835
GO:0090193 -[is_a]-> GO:0090184
GO:0090193 -[is_a]-> GO:0090192
GO:0090193 -[positively_regulates]-> GO:0032835
GO:0090194 -[is_a]-> GO:0090185
GO:0090194 -[is_a]-> GO:0090192
GO:0090194 -[negatively_regulates]-> GO:0032835
GO:0090195 -[is_a]-> GO:0050663
GO:0090195 -[part_of]-> GO:0032602
GO:0090196 -[is_a]-> GO:0032642
GO:0090196 -[is_a]-> GO:0050707
GO:0090196 -[regulates]-> GO:0090195
GO:0090197 -[is_a]-> GO:0032722
GO:0090197 -[is_a]-> GO:0050715
GO:0090197 -[is_a]-> GO:0090196
GO:0090197 -[positively_regulates]-> GO:0090195
GO:0090198 -[is_a]-> GO:0032682
GO:0090198 -[is_a]-> GO:0050710
GO:0090198 -[is_a]-> GO:0090196
GO:0090198 -[negatively_regulates]-> GO:0090195
GO:0090199 -[is_a]-> GO:0010821
GO:0090199 -[is_a]-> GO:2001233
GO:0090199 -[regulates]-> GO:0001836
GO:0090200 -[is_a]-> GO:0010822
GO:0090200 -[is_a]-> GO:0090199
GO:0090200 -[is_a]-> GO:2001235
GO:0090200 -[positively_regulates]-> GO:0001836
GO:0090201 -[is_a]-> GO:0010823
GO:0090201 -[is_a]-> GO:0090199
GO:0090201 -[is_a]-> GO:2001234
GO:0090201 -[negatively_regulates]-> GO:0001836
GO:0090202 -[is_a]-> GO:0006325
GO:0090202 -[is_a]-> GO:0090579
GO:0090203 -[is_a]-> GO:0045944
GO:0090203 -[is_a]-> GO:0090202
GO:0090204 -[is_a]-> GO:0090435
GO:0090205 -[is_a]-> GO:0045940
GO:0090205 -[is_a]-> GO:0090181
GO:0090205 -[positively_regulates]-> GO:0008203
GO:0090206 -[is_a]-> GO:0045939
GO:0090206 -[is_a]-> GO:0090181
GO:0090206 -[negatively_regulates]-> GO:0008203
GO:0090207 -[is_a]-> GO:0019216
GO:0090207 -[is_a]-> GO:0031323
GO:0090207 -[regulates]-> GO:0006641
GO:0090208 -[is_a]-> GO:0031325
GO:0090208 -[is_a]-> GO:0045834
GO:0090208 -[is_a]-> GO:0090207
GO:0090208 -[positively_regulates]-> GO:0006641
GO:0090209 -[is_a]-> GO:0031324
GO:0090209 -[is_a]-> GO:0045833
GO:0090209 -[is_a]-> GO:0090207
GO:0090209 -[negatively_regulates]-> GO:0006641
GO:0090210 -[is_a]-> GO:0060284
GO:0090210 -[regulates]-> GO:0060856
GO:0090211 -[is_a]-> GO:0010720
GO:0090211 -[is_a]-> GO:0090210
GO:0090211 -[positively_regulates]-> GO:0060856
GO:0090212 -[is_a]-> GO:0010721
GO:0090212 -[is_a]-> GO:0090210
GO:0090212 -[negatively_regulates]-> GO:0060856
GO:0090213 -[is_a]-> GO:2000026
GO:0090213 -[regulates]-> GO:0009956
GO:0090214 -[is_a]-> GO:0003006
GO:0090214 -[is_a]-> GO:0044702
GO:0090214 -[is_a]-> GO:0048589
GO:0090214 -[part_of]-> GO:0060712
GO:0090215 -[is_a]-> GO:0043550
GO:0090215 -[is_a]-> GO:1903725
GO:0090215 -[regulates]-> GO:0016308
GO:0090216 -[is_a]-> GO:0090215
GO:0090216 -[is_a]-> GO:0090218
GO:0090216 -[is_a]-> GO:1903727
GO:0090216 -[positively_regulates]-> GO:0016308
GO:0090217 -[is_a]-> GO:0090215
GO:0090217 -[is_a]-> GO:0090219
GO:0090217 -[is_a]-> GO:1903726
GO:0090217 -[negatively_regulates]-> GO:0016308
GO:0090218 -[is_a]-> GO:0033674
GO:0090218 -[is_a]-> GO:0043550
GO:0090218 -[is_a]-> GO:0045834
GO:0090218 -[positively_regulates]-> GO:0001727
GO:0090219 -[is_a]-> GO:0033673
GO:0090219 -[is_a]-> GO:0043550
GO:0090219 -[is_a]-> GO:0045833
GO:0090219 -[negatively_regulates]-> GO:0001727
GO:0090220 -[is_a]-> GO:0022414
GO:0090220 -[is_a]-> GO:0051303
GO:0090220 -[part_of]-> GO:0045143
GO:0090221 -[is_a]-> GO:0007020
GO:0090222 -[is_a]-> GO:0007020
GO:0090223 -[is_a]-> GO:0007020
GO:0090224 -[is_a]-> GO:0010564
GO:0090224 -[is_a]-> GO:0070507
GO:0090224 -[regulates]-> GO:0007051
GO:0090225 -[is_a]-> GO:0065008
GO:0090225 -[is_a]-> GO:0090224
GO:0090226 -[is_a]-> GO:0010968
GO:0090226 -[is_a]-> GO:0031291
GO:0090226 -[regulates]-> GO:0007020
GO:0090227 -[is_a]-> GO:0009966
GO:0090227 -[is_a]-> GO:2000030
GO:0090227 -[regulates]-> GO:0010017
GO:0090228 -[is_a]-> GO:0009967
GO:0090228 -[is_a]-> GO:0090227
GO:0090228 -[positively_regulates]-> GO:0010017
GO:0090229 -[is_a]-> GO:0009968
GO:0090229 -[is_a]-> GO:0090227
GO:0090229 -[negatively_regulates]-> GO:0010017
GO:0090230 -[is_a]-> GO:0033044
GO:0090230 -[is_a]-> GO:0044087
GO:0090230 -[regulates]-> GO:0034508
GO:0090231 -[is_a]-> GO:1901976
GO:0090231 -[regulates]-> GO:0031577
GO:0090232 -[is_a]-> GO:0090231
GO:0090232 -[is_a]-> GO:1901978
GO:0090232 -[positively_regulates]-> GO:0031577
GO:0090233 -[is_a]-> GO:0090231
GO:0090233 -[is_a]-> GO:1901977
GO:0090233 -[negatively_regulates]-> GO:0031577
GO:0090234 -[is_a]-> GO:0043254
GO:0090234 -[is_a]-> GO:0090230
GO:0090234 -[is_a]-> GO:1902115
GO:0090234 -[regulates]-> GO:0051382
GO:0090235 -[is_a]-> GO:0010564
GO:0090235 -[is_a]-> GO:0051983
GO:0090235 -[is_a]-> GO:0060341
GO:0090235 -[regulates]-> GO:0051310
GO:0090236 -[is_a]-> GO:0006357
GO:0090236 -[part_of]-> GO:0001756
GO:0090237 -[is_a]-> GO:0032303
GO:0090237 -[regulates]-> GO:0050482
GO:0090238 -[is_a]-> GO:0032305
GO:0090238 -[is_a]-> GO:0090237
GO:0090238 -[positively_regulates]-> GO:0050482
GO:0090239 -[is_a]-> GO:0035065
GO:0090239 -[regulates]-> GO:0043967
GO:0090240 -[is_a]-> GO:0035066
GO:0090240 -[is_a]-> GO:0090239
GO:0090240 -[positively_regulates]-> GO:0043967
GO:0090241 -[is_a]-> GO:0035067
GO:0090241 -[is_a]-> GO:0090239
GO:0090241 -[negatively_regulates]-> GO:0043967
GO:0090242 -[is_a]-> GO:0048384
GO:0090242 -[part_of]-> GO:0001756
GO:0090243 -[is_a]-> GO:0008543
GO:0090243 -[part_of]-> GO:0001756
GO:0090244 -[is_a]-> GO:0016055
GO:0090244 -[part_of]-> GO:0001756
GO:0090245 -[is_a]-> GO:0003401
GO:0090245 -[part_of]-> GO:0001756
GO:0090246 -[is_a]-> GO:0060027
GO:0090246 -[is_a]-> GO:0060028
GO:0090246 -[part_of]-> GO:0001756
GO:0090246 -[part_of]-> GO:0090245
GO:0090247 -[is_a]-> GO:0048870
GO:0090247 -[part_of]-> GO:0090245
GO:0090248 -[is_a]-> GO:0016477
GO:0090248 -[is_a]-> GO:0090247
GO:0090248 -[part_of]-> GO:0090245
GO:0090249 -[is_a]-> GO:0014807
GO:0090249 -[is_a]-> GO:0048638
GO:0090249 -[is_a]-> GO:2000145
GO:0090249 -[regulates]-> GO:0090247
GO:0090250 -[is_a]-> GO:0016337
GO:0090250 -[is_a]-> GO:0098742
GO:0090250 -[part_of]-> GO:0001736
GO:0090251 -[is_a]-> GO:0034613
GO:0090251 -[part_of]-> GO:0001736
GO:0090252 -[is_a]-> GO:0090132
GO:0090252 -[part_of]-> GO:0007476
GO:0090253 -[is_a]-> GO:0009886
GO:0090253 -[is_a]-> GO:0060029
GO:0090253 -[part_of]-> GO:0007476
GO:0090254 -[is_a]-> GO:0009826
GO:0090254 -[is_a]-> GO:0009886
GO:0090254 -[part_of]-> GO:0007476
GO:0090255 -[is_a]-> GO:0008283
GO:0090255 -[part_of]-> GO:0007476
GO:0090256 -[is_a]-> GO:0042127
GO:0090256 -[is_a]-> GO:0048580
GO:0090256 -[is_a]-> GO:1905330
GO:0090256 -[is_a]-> GO:2000027
GO:0090256 -[part_of]-> GO:0007476
GO:0090256 -[regulates]-> GO:0090255
GO:0090257 -[is_a]-> GO:0044057
GO:0090257 -[regulates]-> GO:0003012
GO:0090258 -[is_a]-> GO:0010823
GO:0090258 -[is_a]-> GO:0051093
GO:0090258 -[is_a]-> GO:0090140
GO:0090258 -[negatively_regulates]-> GO:0000266
GO:0090259 -[is_a]-> GO:1902667
GO:0090259 -[regulates]-> GO:0031290
GO:0090260 -[is_a]-> GO:0090259
GO:0090260 -[is_a]-> GO:1902668
GO:0090260 -[negatively_regulates]-> GO:0031290
GO:0090261 -[is_a]-> GO:0044089
GO:0090261 -[is_a]-> GO:0051130
GO:0090261 -[is_a]-> GO:0090083
GO:0090261 -[positively_regulates]-> GO:0070841
GO:0090262 -[is_a]-> GO:2000819
GO:0090262 -[regulates]-> GO:0006283
GO:0090263 -[is_a]-> GO:0030177
GO:0090263 -[is_a]-> GO:0060828
GO:0090263 -[positively_regulates]-> GO:0060070
GO:0090264 -[is_a]-> GO:0002697
GO:0090264 -[regulates]-> GO:0002436
GO:0090265 -[is_a]-> GO:0002699
GO:0090265 -[is_a]-> GO:0090264
GO:0090265 -[positively_regulates]-> GO:0002436
GO:0090266 -[is_a]-> GO:1903504
GO:0090266 -[regulates]-> GO:0007094
GO:0090267 -[is_a]-> GO:0045931
GO:0090267 -[is_a]-> GO:0090232
GO:0090267 -[is_a]-> GO:0090266
GO:0090267 -[positively_regulates]-> GO:0007094
GO:0090268 -[is_a]-> GO:0090267
GO:0090269 -[is_a]-> GO:0001816
GO:0090270 -[is_a]-> GO:0001816
GO:0090270 -[is_a]-> GO:0001817
GO:0090270 -[regulates]-> GO:0090269
GO:0090271 -[is_a]-> GO:0001819
GO:0090271 -[is_a]-> GO:0090270
GO:0090271 -[positively_regulates]-> GO:0090269
GO:0090272 -[is_a]-> GO:0001818
GO:0090272 -[is_a]-> GO:0090270
GO:0090272 -[negatively_regulates]-> GO:0090269
GO:0090273 -[is_a]-> GO:0090276
GO:0090273 -[regulates]-> GO:0070253
GO:0090274 -[is_a]-> GO:0090273
GO:0090274 -[is_a]-> GO:0090277
GO:0090274 -[positively_regulates]-> GO:0070253
GO:0090275 -[is_a]-> GO:0090273
GO:0090275 -[is_a]-> GO:0090278
GO:0090275 -[negatively_regulates]-> GO:0070253
GO:0090276 -[is_a]-> GO:0002791
GO:0090276 -[is_a]-> GO:0046883
GO:0090276 -[regulates]-> GO:0030072
GO:0090277 -[is_a]-> GO:0002793
GO:0090277 -[is_a]-> GO:0046887
GO:0090277 -[is_a]-> GO:0090276
GO:0090277 -[positively_regulates]-> GO:0030072
GO:0090278 -[is_a]-> GO:0002792
GO:0090278 -[is_a]-> GO:0046888
GO:0090278 -[is_a]-> GO:0090276
GO:0090278 -[negatively_regulates]-> GO:0030072
GO:0090279 -[is_a]-> GO:0051924
GO:0090279 -[regulates]-> GO:0070509
GO:0090280 -[is_a]-> GO:0051928
GO:0090280 -[is_a]-> GO:0090279
GO:0090280 -[positively_regulates]-> GO:0070509
GO:0090281 -[is_a]-> GO:0051926
GO:0090281 -[is_a]-> GO:0090279
GO:0090281 -[negatively_regulates]-> GO:0070509
GO:0090282 -[is_a]-> GO:0000117
GO:0090282 -[is_a]-> GO:0045944
GO:0090282 -[part_of]-> GO:0000086
GO:0090283 -[is_a]-> GO:0060049
GO:0090283 -[regulates]-> GO:0033578
GO:0090284 -[is_a]-> GO:0060050
GO:0090284 -[is_a]-> GO:0090283
GO:0090284 -[positively_regulates]-> GO:0033578
GO:0090285 -[is_a]-> GO:0060051
GO:0090285 -[is_a]-> GO:0090283
GO:0090285 -[negatively_regulates]-> GO:0033578
GO:0090286 -[is_a]-> GO:0007010
GO:0090286 -[is_a]-> GO:0032507
GO:0090286 -[is_a]-> GO:1902589
GO:0090287 -[is_a]-> GO:0048583
GO:0090287 -[is_a]-> GO:0050794
GO:0090287 -[regulates]-> GO:0071363
GO:0090288 -[is_a]-> GO:0048523
GO:0090288 -[is_a]-> GO:0048585
GO:0090288 -[is_a]-> GO:0090287
GO:0090288 -[negatively_regulates]-> GO:0071363
GO:0090289 -[is_a]-> GO:0070663
GO:0090289 -[regulates]-> GO:0002158
GO:0090290 -[is_a]-> GO:0070665
GO:0090290 -[is_a]-> GO:0090289
GO:0090290 -[positively_regulates]-> GO:0002158
GO:0090291 -[is_a]-> GO:0070664
GO:0090291 -[is_a]-> GO:0090289
GO:0090291 -[negatively_regulates]-> GO:0002158
GO:0090292 -[is_a]-> GO:0043578
GO:0090292 -[is_a]-> GO:0051457
GO:0090292 -[is_a]-> GO:1902589
GO:0090293 -[is_a]-> GO:0006355
GO:0090293 -[is_a]-> GO:0006808
GO:0090293 -[part_of]-> GO:0031670
GO:0090293 -[part_of]-> GO:0071417
GO:0090294 -[is_a]-> GO:0045893
GO:0090294 -[is_a]-> GO:0090293
GO:0090295 -[is_a]-> GO:0045892
GO:0090295 -[is_a]-> GO:0090293
GO:0090296 -[is_a]-> GO:0090329
GO:0090296 -[is_a]-> GO:1901858
GO:0090296 -[regulates]-> GO:0006264
GO:0090297 -[is_a]-> GO:0090296
GO:0090297 -[is_a]-> GO:1901860
GO:0090297 -[is_a]-> GO:2000105
GO:0090297 -[positively_regulates]-> GO:0006264
GO:0090298 -[is_a]-> GO:0090296
GO:0090298 -[is_a]-> GO:1901859
GO:0090298 -[is_a]-> GO:2000104
GO:0090298 -[negatively_regulates]-> GO:0006264
GO:0090299 -[is_a]-> GO:0010717
GO:0090299 -[is_a]-> GO:0022603
GO:0090299 -[is_a]-> GO:0045995
GO:0090299 -[regulates]-> GO:0014029
GO:0090300 -[is_a]-> GO:0010718
GO:0090300 -[is_a]-> GO:0040019
GO:0090300 -[is_a]-> GO:0090299
GO:0090300 -[positively_regulates]-> GO:0014029
GO:0090301 -[is_a]-> GO:0010719
GO:0090301 -[is_a]-> GO:0045992
GO:0090301 -[is_a]-> GO:0090299
GO:0090301 -[negatively_regulates]-> GO:0014029
GO:0090303 -[is_a]-> GO:0061041
GO:0090303 -[is_a]-> GO:1903036
GO:0090303 -[positively_regulates]-> GO:0042060
GO:0090304 -[is_a]-> GO:0006139
GO:0090304 -[is_a]-> GO:0043170
GO:0090305 -[is_a]-> GO:0090304
GO:0090306 -[is_a]-> GO:0044702
GO:0090306 -[is_a]-> GO:0051225
GO:0090306 -[is_a]-> GO:1903046
GO:0090306 -[part_of]-> GO:0007126
GO:0090307 -[is_a]-> GO:0051225
GO:0090307 -[is_a]-> GO:1902850
GO:0090307 -[part_of]-> GO:0000278
GO:0090307 -[part_of]-> GO:0007067
GO:0090308 -[is_a]-> GO:0031935
GO:0090308 -[is_a]-> GO:0051052
GO:0090308 -[regulates]-> GO:0006346
GO:0090309 -[is_a]-> GO:0031937
GO:0090309 -[is_a]-> GO:0051054
GO:0090309 -[is_a]-> GO:0090308
GO:0090309 -[positively_regulates]-> GO:0006346
GO:0090310 -[is_a]-> GO:0031936
GO:0090310 -[is_a]-> GO:0051053
GO:0090310 -[is_a]-> GO:0090308
GO:0090310 -[negatively_regulates]-> GO:0006346
GO:0090311 -[is_a]-> GO:0031399
GO:0090311 -[regulates]-> GO:0006476
GO:0090312 -[is_a]-> GO:0031401
GO:0090312 -[is_a]-> GO:0090311
GO:0090312 -[positively_regulates]-> GO:0006476
GO:0090313 -[is_a]-> GO:1903533
GO:0090313 -[is_a]-> GO:1905475
GO:0090313 -[regulates]-> GO:0006612
GO:0090314 -[is_a]-> GO:0090313
GO:0090314 -[is_a]-> GO:0090316
GO:0090314 -[is_a]-> GO:1905477
GO:0090314 -[positively_regulates]-> GO:0006612
GO:0090315 -[is_a]-> GO:0090313
GO:0090315 -[is_a]-> GO:0090317
GO:0090315 -[is_a]-> GO:1905476
GO:0090315 -[negatively_regulates]-> GO:0006612
GO:0090316 -[is_a]-> GO:0032388
GO:0090316 -[is_a]-> GO:0033157
GO:0090316 -[is_a]-> GO:0051222
GO:0090316 -[is_a]-> GO:1903829
GO:0090316 -[positively_regulates]-> GO:0006886
GO:0090317 -[is_a]-> GO:0032387
GO:0090317 -[is_a]-> GO:0033157
GO:0090317 -[is_a]-> GO:0051224
GO:0090317 -[is_a]-> GO:1903828
GO:0090317 -[negatively_regulates]-> GO:0006886
GO:0090318 -[is_a]-> GO:0051128
GO:0090318 -[is_a]-> GO:0051239
GO:0090318 -[regulates]-> GO:0034371
GO:0090319 -[is_a]-> GO:0051130
GO:0090319 -[is_a]-> GO:0051240
GO:0090319 -[is_a]-> GO:0090318
GO:0090319 -[positively_regulates]-> GO:0034371
GO:0090320 -[is_a]-> GO:0010984
GO:0090320 -[regulates]-> GO:0034382
GO:0090321 -[is_a]-> GO:0010986
GO:0090321 -[is_a]-> GO:0090320
GO:0090321 -[positively_regulates]-> GO:0034382
GO:0090322 -[is_a]-> GO:2000377
GO:0090322 -[regulates]-> GO:0006801
GO:0090323 -[is_a]-> GO:0002440
GO:0090323 -[is_a]-> GO:0032310
GO:0090323 -[part_of]-> GO:0006955
GO:0090324 -[is_a]-> GO:0002082
GO:0090324 -[is_a]-> GO:0042326
GO:0090324 -[is_a]-> GO:1903579
GO:0090324 -[negatively_regulates]-> GO:0006119
GO:0090325 -[is_a]-> GO:0040012
GO:0090325 -[is_a]-> GO:0050795
GO:0090325 -[regulates]-> GO:0031987
GO:0090326 -[is_a]-> GO:0040017
GO:0090326 -[is_a]-> GO:0048520
GO:0090326 -[is_a]-> GO:0090325
GO:0090326 -[positively_regulates]-> GO:0031987
GO:0090327 -[is_a]-> GO:0040013
GO:0090327 -[is_a]-> GO:0048521
GO:0090327 -[is_a]-> GO:0090325
GO:0090327 -[negatively_regulates]-> GO:0031987
GO:0090328 -[is_a]-> GO:0031644
GO:0090328 -[is_a]-> GO:0048583
GO:0090328 -[is_a]-> GO:0050795
GO:0090328 -[regulates]-> GO:0008355
GO:0090329 -[is_a]-> GO:0006275
GO:0090329 -[regulates]-> GO:0006261
GO:0090330 -[is_a]-> GO:0010543
GO:0090330 -[is_a]-> GO:0034110
GO:0090330 -[regulates]-> GO:0070527
GO:0090331 -[is_a]-> GO:0010544
GO:0090331 -[is_a]-> GO:0034111
GO:0090331 -[is_a]-> GO:0090330
GO:0090331 -[negatively_regulates]-> GO:0070527
GO:0090332 -[is_a]-> GO:0010118
GO:0090333 -[is_a]-> GO:0010119
GO:0090333 -[regulates]-> GO:0090332
GO:0090334 -[is_a]-> GO:0010981
GO:0090334 -[is_a]-> GO:0032953
GO:0090334 -[is_a]-> GO:0032995
GO:0090334 -[regulates]-> GO:0034411
GO:0090335 -[is_a]-> GO:0045598
GO:0090335 -[regulates]-> GO:0050873
GO:0090336 -[is_a]-> GO:0045600
GO:0090336 -[is_a]-> GO:0090335
GO:0090336 -[positively_regulates]-> GO:0050873
GO:0090337 -[is_a]-> GO:0032231
GO:0090337 -[regulates]-> GO:0070649
GO:0090338 -[is_a]-> GO:0032233
GO:0090338 -[is_a]-> GO:0090337
GO:0090338 -[positively_regulates]-> GO:0070649
GO:0090339 -[is_a]-> GO:0032232
GO:0090339 -[is_a]-> GO:0090337
GO:0090339 -[negatively_regulates]-> GO:0070649
GO:0090340 -[is_a]-> GO:0050714
GO:0090340 -[is_a]-> GO:0090182
GO:0090340 -[positively_regulates]-> GO:0033299
GO:0090341 -[is_a]-> GO:0050709
GO:0090341 -[is_a]-> GO:0090182
GO:0090341 -[negatively_regulates]-> GO:0033299
GO:0090342 -[is_a]-> GO:0050793
GO:0090342 -[is_a]-> GO:0050794
GO:0090342 -[regulates]-> GO:0007569
GO:0090343 -[is_a]-> GO:0048522
GO:0090343 -[is_a]-> GO:0051094
GO:0090343 -[is_a]-> GO:0090342
GO:0090343 -[positively_regulates]-> GO:0007569
GO:0090344 -[is_a]-> GO:0048523
GO:0090344 -[is_a]-> GO:0051093
GO:0090344 -[is_a]-> GO:0090342
GO:0090344 -[negatively_regulates]-> GO:0007569
GO:0090345 -[is_a]-> GO:0044237
GO:0090346 -[is_a]-> GO:0090345
GO:0090347 -[is_a]-> GO:0031323
GO:0090347 -[regulates]-> GO:0090345
GO:0090348 -[is_a]-> GO:0090347
GO:0090348 -[regulates]-> GO:0090346
GO:0090349 -[is_a]-> GO:0031324
GO:0090349 -[is_a]-> GO:0090347
GO:0090349 -[negatively_regulates]-> GO:0090345
GO:0090350 -[is_a]-> GO:0090348
GO:0090350 -[is_a]-> GO:0090349
GO:0090350 -[negatively_regulates]-> GO:0090346
GO:0090351 -[is_a]-> GO:0009791
GO:0090352 -[is_a]-> GO:0031323
GO:0090352 -[is_a]-> GO:1903314
GO:0090352 -[regulates]-> GO:0042128
GO:0090353 -[is_a]-> GO:0004857
GO:0090354 -[is_a]-> GO:0031323
GO:0090354 -[is_a]-> GO:0032350
GO:0090354 -[regulates]-> GO:0009850
GO:0090355 -[is_a]-> GO:0031325
GO:0090355 -[is_a]-> GO:0032352
GO:0090355 -[is_a]-> GO:0090354
GO:0090355 -[positively_regulates]-> GO:0009850
GO:0090356 -[is_a]-> GO:0031324
GO:0090356 -[is_a]-> GO:0032351
GO:0090356 -[is_a]-> GO:0090354
GO:0090356 -[negatively_regulates]-> GO:0009850
GO:0090357 -[is_a]-> GO:0033238
GO:0090357 -[regulates]-> GO:0006568
GO:0090358 -[is_a]-> GO:0033240
GO:0090358 -[is_a]-> GO:0090357
GO:0090358 -[positively_regulates]-> GO:0006568
GO:0090359 -[is_a]-> GO:0010115
GO:0090359 -[is_a]-> GO:0031327
GO:0090359 -[negatively_regulates]-> GO:0009688
GO:0090360 -[is_a]-> GO:0001816
GO:0090361 -[is_a]-> GO:0001817
GO:0090361 -[regulates]-> GO:0090360
GO:0090362 -[is_a]-> GO:0001819
GO:0090362 -[is_a]-> GO:0090361
GO:0090362 -[positively_regulates]-> GO:0090360
GO:0090363 -[is_a]-> GO:0090364
GO:0090363 -[regulates]-> GO:0080129
GO:0090364 -[is_a]-> GO:0043254
GO:0090364 -[regulates]-> GO:0043248
GO:0090365 -[is_a]-> GO:1903311
GO:0090365 -[regulates]-> GO:0016556
GO:0090366 -[is_a]-> GO:0090365
GO:0090366 -[is_a]-> GO:1903313
GO:0090366 -[positively_regulates]-> GO:0016556
GO:0090367 -[is_a]-> GO:0090365
GO:0090367 -[is_a]-> GO:1903312
GO:0090367 -[negatively_regulates]-> GO:0016556
GO:0090368 -[is_a]-> GO:0006521
GO:0090368 -[regulates]-> GO:0006591
GO:0090369 -[is_a]-> GO:0004857
GO:0090369 -[negatively_regulates]-> GO:0004585
GO:0090369 -[part_of]-> GO:0090368
GO:0090370 -[is_a]-> GO:0010874
GO:0090370 -[is_a]-> GO:0032375
GO:0090370 -[negatively_regulates]-> GO:0033344
GO:0090371 -[is_a]-> GO:0051049
GO:0090371 -[regulates]-> GO:0015793
GO:0090372 -[is_a]-> GO:0051050
GO:0090372 -[is_a]-> GO:0090371
GO:0090372 -[positively_regulates]-> GO:0015793
GO:0090373 -[is_a]-> GO:0051051
GO:0090373 -[is_a]-> GO:0090371
GO:0090373 -[negatively_regulates]-> GO:0015793
GO:0090374 -[is_a]-> GO:0035672
GO:0090374 -[is_a]-> GO:0046907
GO:0090374 -[is_a]-> GO:1990542
GO:0090374 -[occurs_in]-> GO:0005737
GO:0090375 -[is_a]-> GO:0033217
GO:0090375 -[is_a]-> GO:0097201
GO:0090376 -[is_a]-> GO:0003006
GO:0090376 -[is_a]-> GO:0010026
GO:0090376 -[is_a]-> GO:0022412
GO:0090376 -[part_of]-> GO:0048316
GO:0090377 -[is_a]-> GO:0003006
GO:0090377 -[is_a]-> GO:0022412
GO:0090377 -[is_a]-> GO:0045165
GO:0090377 -[part_of]-> GO:0090376
GO:0090378 -[is_a]-> GO:0000904
GO:0090378 -[is_a]-> GO:0003006
GO:0090378 -[is_a]-> GO:0009826
GO:0090378 -[is_a]-> GO:0022412
GO:0090378 -[part_of]-> GO:0090376
GO:0090379 -[is_a]-> GO:0009834
GO:0090379 -[is_a]-> GO:0022414
GO:0090379 -[part_of]-> GO:0090376
GO:0090380 -[is_a]-> GO:0003006
GO:0090380 -[is_a]-> GO:0022412
GO:0090380 -[is_a]-> GO:0048469
GO:0090380 -[part_of]-> GO:0090376
GO:0090381 -[is_a]-> GO:0003156
GO:0090381 -[is_a]-> GO:2000826
GO:0090381 -[regulates]-> GO:0003129
GO:0090382 -[is_a]-> GO:0006996
GO:0090383 -[is_a]-> GO:0051452
GO:0090383 -[part_of]-> GO:0090382
GO:0090384 -[is_a]-> GO:0048278
GO:0090384 -[part_of]-> GO:0001845
GO:0090385 -[is_a]-> GO:0006906
GO:0090385 -[part_of]-> GO:0001845
GO:0090386 -[is_a]-> GO:0090382
GO:0090386 -[part_of]-> GO:0043277
GO:0090387 -[is_a]-> GO:0001845
GO:0090387 -[part_of]-> GO:0043277
GO:0090387 -[part_of]-> GO:0090386
GO:0090388 -[is_a]-> GO:0090384
GO:0090388 -[part_of]-> GO:0090387
GO:0090389 -[is_a]-> GO:0090385
GO:0090389 -[part_of]-> GO:0090387
GO:0090390 -[is_a]-> GO:0090383
GO:0090390 -[part_of]-> GO:0090386
GO:0090391 -[is_a]-> GO:0022607
GO:0090391 -[part_of]-> GO:0009658
GO:0090392 -[is_a]-> GO:0090627
GO:0090393 -[is_a]-> GO:0048468
GO:0090393 -[part_of]-> GO:0090392
GO:0090394 -[is_a]-> GO:0009968
GO:0090394 -[is_a]-> GO:0050805
GO:0090394 -[is_a]-> GO:0098815
GO:0090394 -[negatively_regulates]-> GO:0060079
GO:0090395 -[is_a]-> GO:0042995
GO:0090396 -[is_a]-> GO:0090395
GO:0090397 -[is_a]-> GO:0090395
GO:0090398 -[is_a]-> GO:0007569
GO:0090398 -[is_a]-> GO:0033554
GO:0090399 -[is_a]-> GO:0007569
GO:0090400 -[is_a]-> GO:0090398
GO:0090401 -[is_a]-> GO:0044111
GO:0090401 -[is_a]-> GO:0044764
GO:0090401 -[is_a]-> GO:0090400
GO:0090401 -[part_of]-> GO:0051607
GO:0090402 -[is_a]-> GO:0090398
GO:0090403 -[is_a]-> GO:0090400
GO:0090403 -[part_of]-> GO:0034599
GO:0090404 -[is_a]-> GO:0035838
GO:0090404 -[is_a]-> GO:0044463
GO:0090404 -[part_of]-> GO:0090406
GO:0090405 -[is_a]-> GO:0044463
GO:0090405 -[has_part]-> GO:0090552
GO:0090406 -[is_a]-> GO:0042995
GO:0090407 -[is_a]-> GO:0019637
GO:0090407 -[is_a]-> GO:1901576
GO:0090408 -[is_a]-> GO:0010233
GO:0090408 -[is_a]-> GO:0015706
GO:0090409 -[is_a]-> GO:0016878
GO:0090410 -[is_a]-> GO:0043649
GO:0090411 -[is_a]-> GO:0005496
GO:0090414 -[is_a]-> GO:0015689
GO:0090414 -[is_a]-> GO:0034486
GO:0090414 -[is_a]-> GO:0098661
GO:0090415 -[is_a]-> GO:0052592
GO:0090416 -[is_a]-> GO:0022892
GO:0090416 -[part_of]-> GO:2001142
GO:0090417 -[is_a]-> GO:0022892
GO:0090417 -[part_of]-> GO:2001143
GO:0090419 -[is_a]-> GO:0000117
GO:0090419 -[is_a]-> GO:0045892
GO:0090419 -[part_of]-> GO:0000086
GO:0090420 -[is_a]-> GO:0006725
GO:0090420 -[is_a]-> GO:1901360
GO:0090421 -[is_a]-> GO:0010014
GO:0090422 -[is_a]-> GO:0051183
GO:0090422 -[part_of]-> GO:0030974
GO:0090423 -[is_a]-> GO:0046937
GO:0090424 -[is_a]-> GO:0046937
GO:0090425 -[is_a]-> GO:0002067
GO:0090426 -[is_a]-> GO:0070650
GO:0090427 -[is_a]-> GO:0045836
GO:0090428 -[is_a]-> GO:0048438
GO:0090428 -[part_of]-> GO:0009908
GO:0090429 -[is_a]-> GO:0009595
GO:0090429 -[is_a]-> GO:0009726
GO:0090430 -[is_a]-> GO:0016747
GO:0090431 -[is_a]-> GO:0009713
GO:0090431 -[is_a]-> GO:0009802
GO:0090432 -[is_a]-> GO:0004467
GO:0090433 -[is_a]-> GO:0004467
GO:0090434 -[is_a]-> GO:0004467
GO:0090435 -[is_a]-> GO:0034504
GO:0090435 -[part_of]-> GO:0006998
GO:0090436 -[is_a]-> GO:0048468
GO:0090436 -[part_of]-> GO:0048366
GO:0090437 -[is_a]-> GO:0090627
GO:0090437 -[part_of]-> GO:0090558
GO:0090438 -[is_a]-> GO:0016866
GO:0090439 -[is_a]-> GO:0016747
GO:0090440 -[is_a]-> GO:0005319
GO:0090440 -[part_of]-> GO:0080168
GO:0090441 -[is_a]-> GO:0005992
GO:0090441 -[is_a]-> GO:0070414
GO:0090442 -[is_a]-> GO:0070414
GO:0090442 -[is_a]-> GO:1903134
GO:0090442 -[part_of]-> GO:0010353
GO:0090443 -[is_a]-> GO:0043234
GO:0090444 -[is_a]-> GO:0040034
GO:0090444 -[is_a]-> GO:0061062
GO:0090445 -[is_a]-> GO:0045962
GO:0090445 -[is_a]-> GO:0061063
GO:0090445 -[is_a]-> GO:0090444
GO:0090446 -[is_a]-> GO:0045961
GO:0090446 -[is_a]-> GO:0061064
GO:0090446 -[is_a]-> GO:0090444
GO:0090447 -[is_a]-> GO:0008374
GO:0090448 -[is_a]-> GO:0015295
GO:0090448 -[is_a]-> GO:0015296
GO:0090448 -[is_a]-> GO:1901682
GO:0090448 -[part_of]-> GO:1901349
GO:0090449 -[is_a]-> GO:0010233
GO:0090450 -[is_a]-> GO:0017110
GO:0090451 -[is_a]-> GO:0090691
GO:0090452 -[is_a]-> GO:0010351
GO:0090453 -[is_a]-> GO:0015810
GO:0090453 -[is_a]-> GO:0034487
GO:0090453 -[is_a]-> GO:0098656
GO:0090454 -[is_a]-> GO:0006835
GO:0090454 -[is_a]-> GO:0015800
GO:0090454 -[is_a]-> GO:0032975
GO:0090454 -[is_a]-> GO:0098656
GO:0090455 -[is_a]-> GO:0015822
GO:0090455 -[is_a]-> GO:0032975
GO:0090455 -[is_a]-> GO:0098656
GO:0090456 -[is_a]-> GO:0034226
GO:0090456 -[is_a]-> GO:0034490
GO:0090457 -[is_a]-> GO:0034490
GO:0090457 -[is_a]-> GO:0090466
GO:0090458 -[is_a]-> GO:0034490
GO:0090458 -[is_a]-> GO:0090467
GO:0090458 -[is_a]-> GO:1903826
GO:0090459 -[is_a]-> GO:0055081
GO:0090459 -[is_a]-> GO:0080144
GO:0090460 -[is_a]-> GO:0080144
GO:0090461 -[is_a]-> GO:0055081
GO:0090461 -[is_a]-> GO:0080144
GO:0090462 -[is_a]-> GO:0080144
GO:0090463 -[is_a]-> GO:0080144
GO:0090464 -[is_a]-> GO:0080144
GO:0090465 -[is_a]-> GO:0080144
GO:0090466 -[is_a]-> GO:0043090
GO:0090466 -[is_a]-> GO:0045117
GO:0090467 -[is_a]-> GO:0043090
GO:0090468 -[is_a]-> GO:0015803
GO:0090468 -[is_a]-> GO:0043090
GO:0090469 -[is_a]-> GO:0042886
GO:0090469 -[is_a]-> GO:0043090
GO:0090470 -[is_a]-> GO:0090691
GO:0090471 -[is_a]-> GO:0016859
GO:0090472 -[is_a]-> GO:0016485
GO:0090473 -[is_a]-> GO:0090472
GO:0090474 -[is_a]-> GO:0090472
GO:0090475 -[is_a]-> GO:0090472
GO:0090476 -[is_a]-> GO:0015818
GO:0090476 -[is_a]-> GO:0043090
GO:0090477 -[is_a]-> GO:0043092
GO:0090477 -[is_a]-> GO:0090476
GO:0090478 -[is_a]-> GO:0032329
GO:0090478 -[is_a]-> GO:0043090
GO:0090479 -[is_a]-> GO:0043092
GO:0090479 -[is_a]-> GO:0090478
GO:0090480 -[is_a]-> GO:0036079
GO:0090480 -[is_a]-> GO:0072530
GO:0090481 -[is_a]-> GO:0015781
GO:0090481 -[is_a]-> GO:0072531
GO:0090482 -[is_a]-> GO:0022857
GO:0090482 -[is_a]-> GO:0051183
GO:0090482 -[part_of]-> GO:0035461
GO:0090483 -[is_a]-> GO:0030572
GO:0090484 -[is_a]-> GO:0005215
GO:0090484 -[part_of]-> GO:0015893
GO:0090485 -[is_a]-> GO:0044763
GO:0090486 -[is_a]-> GO:0008171
GO:0090486 -[is_a]-> GO:0008173
GO:0090487 -[is_a]-> GO:0019748
GO:0090487 -[is_a]-> GO:0044712
GO:0090488 -[is_a]-> GO:0019904
GO:0090489 -[is_a]-> GO:0016709
GO:0090489 -[has_part]-> GO:0090490
GO:0090489 -[has_part]-> GO:0090491
GO:0090489 -[has_part]-> GO:0090492
GO:0090490 -[is_a]-> GO:0016709
GO:0090491 -[is_a]-> GO:0016709
GO:0090492 -[is_a]-> GO:0016831
GO:0090493 -[is_a]-> GO:0051937
GO:0090494 -[is_a]-> GO:0015872
GO:0090494 -[is_a]-> GO:0090493
GO:0090495 -[is_a]-> GO:0071829
GO:0090496 -[is_a]-> GO:0090131
GO:0090496 -[part_of]-> GO:0060174
GO:0090497 -[is_a]-> GO:0001667
GO:0090498 -[is_a]-> GO:0031312
GO:0090498 -[is_a]-> GO:0044431
GO:0090498 -[part_of]-> GO:0000139
GO:0090499 -[is_a]-> GO:0052689
GO:0090500 -[is_a]-> GO:0060317
GO:0090501 -[is_a]-> GO:0016070
GO:0090501 -[is_a]-> GO:0090305
GO:0090502 -[is_a]-> GO:0090501
GO:0090503 -[is_a]-> GO:0090501
GO:0090504 -[is_a]-> GO:0002011
GO:0090505 -[is_a]-> GO:0090504
GO:0090505 -[part_of]-> GO:0042060
GO:0090506 -[is_a]-> GO:0010014
GO:0090506 -[part_of]-> GO:0010223
GO:0090507 -[is_a]-> GO:0042133
GO:0090507 -[is_a]-> GO:0042443
GO:0090507 -[part_of]-> GO:0007268
GO:0090508 -[is_a]-> GO:0042136
GO:0090508 -[is_a]-> GO:0042444
GO:0090508 -[is_a]-> GO:0090507
GO:0090508 -[part_of]-> GO:0007268
GO:0090509 -[is_a]-> GO:0035444
GO:0090510 -[is_a]-> GO:0051301
GO:0090511 -[is_a]-> GO:0051301
GO:0090512 -[is_a]-> GO:0044853
GO:0090512 -[part_of]-> GO:0032126
GO:0090513 -[is_a]-> GO:0089709
GO:0090513 -[is_a]-> GO:0090457
GO:0090513 -[is_a]-> GO:1903810
GO:0090514 -[is_a]-> GO:0032975
GO:0090514 -[is_a]-> GO:1902475
GO:0090514 -[is_a]-> GO:1903808
GO:0090515 -[is_a]-> GO:0089711
GO:0090515 -[is_a]-> GO:0090454
GO:0090516 -[is_a]-> GO:0034491
GO:0090516 -[is_a]-> GO:1902475
GO:0090516 -[is_a]-> GO:1903812
GO:0090517 -[is_a]-> GO:0061461
GO:0090517 -[is_a]-> GO:0090456
GO:0090517 -[is_a]-> GO:1903401
GO:0090518 -[is_a]-> GO:0043091
GO:0090518 -[is_a]-> GO:0090458
GO:0090518 -[is_a]-> GO:1903400
GO:0090519 -[is_a]-> GO:0034059
GO:0090520 -[is_a]-> GO:0007165
GO:0090521 -[is_a]-> GO:0010631
GO:0090522 -[is_a]-> GO:0099022
GO:0090522 -[part_of]-> GO:0006887
GO:0090523 -[is_a]-> GO:0004128
GO:0090524 -[is_a]-> GO:0004128
GO:0090525 -[is_a]-> GO:0006110
GO:0090525 -[part_of]-> GO:0001678
GO:0090526 -[is_a]-> GO:0006111
GO:0090526 -[part_of]-> GO:0001678
GO:0090527 -[is_a]-> GO:0007015
GO:0090527 -[part_of]-> GO:0031532
GO:0090528 -[is_a]-> GO:0019991
GO:0090529 -[is_a]-> GO:0022607
GO:0090529 -[is_a]-> GO:0032506
GO:0090529 -[part_of]-> GO:0000910
GO:0090531 -[is_a]-> GO:0019853
GO:0090532 -[is_a]-> GO:0019853
GO:0090533 -[is_a]-> GO:0098533
GO:0090534 -[is_a]-> GO:0090533
GO:0090535 -[is_a]-> GO:0031010
GO:0090536 -[is_a]-> GO:0031010
GO:0090537 -[is_a]-> GO:0031010
GO:0090538 -[is_a]-> GO:0000770
GO:0090538 -[is_a]-> GO:0030072
GO:0090539 -[is_a]-> GO:0000770
GO:0090539 -[is_a]-> GO:0055085
GO:0090540 -[is_a]-> GO:0030244
GO:0090541 -[is_a]-> GO:0019904
GO:0090542 -[is_a]-> GO:0019904
GO:0090543 -[is_a]-> GO:0044464
GO:0090543 -[part_of]-> GO:0030496
GO:0090544 -[is_a]-> GO:0070603
GO:0090545 -[is_a]-> GO:0070603
GO:0090546 -[is_a]-> GO:1990066
GO:0090547 -[is_a]-> GO:0009270
GO:0090548 -[is_a]-> GO:0042594
GO:0090549 -[is_a]-> GO:0042594
GO:0090550 -[is_a]-> GO:0042594
GO:0090551 -[is_a]-> GO:0042594
GO:0090552 -[is_a]-> GO:0044463
GO:0090553 -[is_a]-> GO:0044463
GO:0090553 -[part_of]-> GO:0090552
GO:0090554 -[is_a]-> GO:0004012
GO:0090554 -[is_a]-> GO:0008525
GO:0090555 -[is_a]-> GO:0004012
GO:0090555 -[is_a]-> GO:1904121
GO:0090556 -[is_a]-> GO:0004012
GO:0090556 -[is_a]-> GO:0015247
GO:0090557 -[is_a]-> GO:0061028
GO:0090558 -[is_a]-> GO:0009888
GO:0090559 -[is_a]-> GO:0065008
GO:0090560 -[is_a]-> GO:0016765
GO:0090561 -[is_a]-> GO:0030473
GO:0090562 -[is_a]-> GO:0008982
GO:0090563 -[is_a]-> GO:0015144
GO:0090563 -[is_a]-> GO:0016773
GO:0090563 -[is_a]-> GO:0022804
GO:0090564 -[is_a]-> GO:0090563
GO:0090565 -[is_a]-> GO:0090563
GO:0090566 -[is_a]-> GO:0090563
GO:0090567 -[is_a]-> GO:0009791
GO:0090567 -[is_a]-> GO:0044702
GO:0090567 -[is_a]-> GO:0048367
GO:0090567 -[is_a]-> GO:0048608
GO:0090568 -[is_a]-> GO:0017053
GO:0090568 -[is_a]-> GO:0044451
GO:0090568 -[part_of]-> GO:0005634
GO:0090569 -[is_a]-> GO:0017053
GO:0090569 -[is_a]-> GO:0044444
GO:0090569 -[part_of]-> GO:0005737
GO:0090570 -[is_a]-> GO:0090568
GO:0090571 -[is_a]-> GO:0090568
GO:0090572 -[is_a]-> GO:0090568
GO:0090573 -[is_a]-> GO:0090568
GO:0090574 -[is_a]-> GO:0090568
GO:0090575 -[is_a]-> GO:0044798
GO:0090576 -[is_a]-> GO:0044798
GO:0090577 -[is_a]-> GO:0044798
GO:0090578 -[is_a]-> GO:0044798
GO:0090579 -[is_a]-> GO:0051276
GO:0090580 -[is_a]-> GO:0008081
GO:0090581 -[is_a]-> GO:0090563
GO:0090582 -[is_a]-> GO:0090563
GO:0090583 -[is_a]-> GO:0090563
GO:0090584 -[is_a]-> GO:0090563
GO:0090585 -[is_a]-> GO:0090563
GO:0090586 -[is_a]-> GO:0090563
GO:0090587 -[is_a]-> GO:0090563
GO:0090588 -[is_a]-> GO:0090563
GO:0090589 -[is_a]-> GO:0090563
GO:0090590 -[is_a]-> GO:0008982
GO:0090591 -[is_a]-> GO:0008982
GO:0090592 -[is_a]-> GO:0071897
GO:0090592 -[part_of]-> GO:0006260
GO:0090593 -[is_a]-> GO:0046777
GO:0090594 -[is_a]-> GO:0006954
GO:0090594 -[is_a]-> GO:0009611
GO:0090595 -[is_a]-> GO:0008080
GO:0090596 -[is_a]-> GO:0009887
GO:0090596 -[part_of]-> GO:0007423
GO:0090597 -[is_a]-> GO:0048808
GO:0090597 -[is_a]-> GO:0090596
GO:0090598 -[is_a]-> GO:0003006
GO:0090598 -[is_a]-> GO:0009653
GO:0090598 -[part_of]-> GO:0046661
GO:0090599 -[is_a]-> GO:0015926
GO:0090600 -[is_a]-> GO:0090599
GO:0090601 -[is_a]-> GO:0022411
GO:0090602 -[is_a]-> GO:0090601
GO:0090602 -[part_of]-> GO:0090603
GO:0090603 -[is_a]-> GO:0030154
GO:0090604 -[is_a]-> GO:0042710
GO:0090605 -[is_a]-> GO:0042710
GO:0090606 -[is_a]-> GO:0044010
GO:0090606 -[is_a]-> GO:0090604
GO:0090607 -[is_a]-> GO:0044399
GO:0090607 -[is_a]-> GO:0090604
GO:0090608 -[is_a]-> GO:0044399
GO:0090608 -[is_a]-> GO:0090605
GO:0090609 -[is_a]-> GO:0044010
GO:0090609 -[is_a]-> GO:0090605
GO:0090610 -[is_a]-> GO:0001708
GO:0090611 -[is_a]-> GO:0051603
GO:0090611 -[has_part]-> GO:0007039
GO:0090611 -[has_part]-> GO:0071985
GO:0090612 -[is_a]-> GO:0019239
GO:0090613 -[is_a]-> GO:0019239
GO:0090614 -[is_a]-> GO:0019239
GO:0090615 -[is_a]-> GO:0000963
GO:0090615 -[is_a]-> GO:0006397
GO:0090615 -[occurs_in]-> GO:0005739
GO:0090616 -[is_a]-> GO:0000965
GO:0090616 -[is_a]-> GO:0031124
GO:0090616 -[is_a]-> GO:0090615
GO:0090616 -[occurs_in]-> GO:0005739
GO:0090617 -[is_a]-> GO:0090615
GO:0090618 -[is_a]-> GO:0044763
GO:0090619 -[is_a]-> GO:0000922
GO:0090619 -[part_of]-> GO:0072687
GO:0090624 -[is_a]-> GO:0016891
GO:0090624 -[part_of]-> GO:0035279
GO:0090625 -[is_a]-> GO:0098795
GO:0090625 -[part_of]-> GO:0016246
GO:0090626 -[is_a]-> GO:0009653
GO:0090626 -[part_of]-> GO:0090558
GO:0090627 -[is_a]-> GO:0030154
GO:0090628 -[is_a]-> GO:0001708
GO:0090628 -[part_of]-> GO:0090627
GO:0090629 -[is_a]-> GO:0006259
GO:0090629 -[part_of]-> GO:0006273
GO:0090630 -[is_a]-> GO:0043547
GO:0090631 -[is_a]-> GO:0005487
GO:0090632 -[is_a]-> GO:0070567
GO:0090633 -[is_a]-> GO:0070567
GO:0090634 -[is_a]-> GO:0001909
GO:0090635 -[is_a]-> GO:0044464
GO:0090635 -[part_of]-> GO:0030057
GO:0090636 -[is_a]-> GO:0044464
GO:0090636 -[part_of]-> GO:0030057
GO:0090637 -[is_a]-> GO:0044464
GO:0090637 -[part_of]-> GO:0030057
GO:0090638 -[is_a]-> GO:0006656
GO:0090639 -[is_a]-> GO:0006656
GO:0090640 -[is_a]-> GO:0006656
GO:0090641 -[is_a]-> GO:0044426
GO:0090641 -[part_of]-> GO:0031160
GO:0090642 -[is_a]-> GO:0044426
GO:0090642 -[part_of]-> GO:0031160
GO:0090643 -[is_a]-> GO:0060771
GO:0090644 -[is_a]-> GO:0044767
GO:0090644 -[is_a]-> GO:0045087
GO:0090646 -[is_a]-> GO:0000963
GO:0090646 -[is_a]-> GO:0008033
GO:0090647 -[is_a]-> GO:0065008
GO:0090647 -[part_of]-> GO:0007568
GO:0090648 -[is_a]-> GO:0009605
GO:0090649 -[is_a]-> GO:0031667
GO:0090649 -[is_a]-> GO:0036293
GO:0090650 -[is_a]-> GO:0031669
GO:0090650 -[is_a]-> GO:0036294
GO:0090650 -[is_a]-> GO:0090649
GO:0090651 -[is_a]-> GO:0044444
GO:0090651 -[part_of]-> GO:0005737
GO:0090651 -[part_of]-> GO:0045177
GO:0090652 -[is_a]-> GO:0044444
GO:0090652 -[part_of]-> GO:0005737
GO:0090653 -[is_a]-> GO:0055037
GO:0090653 -[part_of]-> GO:0090651
GO:0090654 -[is_a]-> GO:0055037
GO:0090654 -[part_of]-> GO:0090652
GO:0090655 -[is_a]-> GO:0000406
GO:0090655 -[is_a]-> GO:0042162
GO:0090656 -[is_a]-> GO:0000723
GO:0090657 -[is_a]-> GO:0000723
GO:0090658 -[is_a]-> GO:0044420
GO:0090658 -[part_of]-> GO:0033165
GO:0090659 -[is_a]-> GO:0007626
GO:0090660 -[is_a]-> GO:0050877
GO:0090660 -[has_part]-> GO:0003351
GO:0090661 -[is_a]-> GO:0072588
GO:0090662 -[is_a]-> GO:0055085
GO:0090663 -[is_a]-> GO:0007218
GO:0090664 -[is_a]-> GO:0006950
GO:0090664 -[is_a]-> GO:0044707
GO:0090665 -[is_a]-> GO:0043234
GO:0090666 -[is_a]-> GO:0090670
GO:0090667 -[is_a]-> GO:0060326
GO:0090667 -[part_of]-> GO:0035924
GO:0090668 -[is_a]-> GO:0090667
GO:0090669 -[is_a]-> GO:0043489
GO:0090670 -[is_a]-> GO:0006403
GO:0090671 -[is_a]-> GO:0090670
GO:0090671 -[is_a]-> GO:0090672
GO:0090672 -[is_a]-> GO:0006403
GO:0090673 -[is_a]-> GO:0007160
GO:0090674 -[is_a]-> GO:0090673
GO:0090675 -[is_a]-> GO:0022610
GO:0090675 -[part_of]-> GO:1904970
GO:0090676 -[is_a]-> GO:0070588
GO:0090676 -[has_part]-> GO:0008332
GO:0090677 -[is_a]-> GO:0036166
GO:0090678 -[is_a]-> GO:0043697
GO:0090678 -[part_of]-> GO:0090677
GO:0090679 -[is_a]-> GO:0030154
GO:0090679 -[part_of]-> GO:0090677
GO:0090680 -[is_a]-> GO:0044662
GO:0090681 -[is_a]-> GO:0004930
GO:0090681 -[is_a]-> GO:0008527
GO:0090682 -[is_a]-> GO:0033038
GO:0090682 -[is_a]-> GO:0090681
GO:0090683 -[is_a]-> GO:0033041
GO:0090683 -[is_a]-> GO:0090681
GO:0090684 -[is_a]-> GO:0008527
GO:0090685 -[is_a]-> GO:0006403
GO:0090686 -[is_a]-> GO:0005261
GO:0090686 -[is_a]-> GO:0015276
GO:0090687 -[is_a]-> GO:1905326
GO:0090688 -[is_a]-> GO:0032155
GO:0090688 -[part_of]-> GO:0032154
GO:0090689 -[is_a]-> GO:0032155
GO:0090689 -[part_of]-> GO:0032154
GO:0090690 -[is_a]-> GO:0043235
GO:0090691 -[is_a]-> GO:0048859
GO:0090692 -[is_a]-> GO:0044455
GO:0090693 -[is_a]-> GO:0007568
GO:0090693 -[part_of]-> GO:0099402
GO:0090694 -[is_a]-> GO:0032116
GO:0090695 -[is_a]-> GO:0032116
GO:0090696 -[is_a]-> GO:0009791
GO:0090696 -[is_a]-> GO:0044767
GO:0090696 -[is_a]-> GO:0099402
GO:0090697 -[is_a]-> GO:0090698
GO:0090697 -[is_a]-> GO:1905392
GO:0090697 -[part_of]-> GO:0090696
GO:0090698 -[is_a]-> GO:0009653
GO:0090699 -[is_a]-> GO:1903046
GO:0090699 -[part_of]-> GO:0043060
GO:0090700 -[is_a]-> GO:0045596
GO:0090700 -[part_of]-> GO:0099402
GO:0090701 -[is_a]-> GO:0003002
GO:0090701 -[part_of]-> GO:1905393
GO:0090702 -[is_a]-> GO:0007275
GO:0090704 -[is_a]-> GO:0035251
GO:0090705 -[is_a]-> GO:0090395
GO:0090706 -[is_a]-> GO:0003002
GO:0090706 -[part_of]-> GO:1905392
GO:0090707 -[is_a]-> GO:0048560
GO:0090707 -[part_of]-> GO:1905392
GO:0090708 -[is_a]-> GO:0065001
GO:0090708 -[part_of]-> GO:1905392
GO:0090709 -[is_a]-> GO:0040034
GO:0090709 -[is_a]-> GO:1905428
GO:0090710 -[is_a]-> GO:0016831
GO:0090711 -[is_a]-> GO:0016791
GO:0093001 -[is_a]-> GO:0000272
GO:0093001 -[is_a]-> GO:0061622
GO:0093002 -[is_a]-> GO:0009636
GO:0095500 -[is_a]-> GO:1903831
GO:0095500 -[part_of]-> GO:1905145
GO:0097001 -[is_a]-> GO:0033218
GO:0097001 -[is_a]-> GO:0046625
GO:0097002 -[is_a]-> GO:0044455
GO:0097002 -[part_of]-> GO:0005743
GO:0097003 -[is_a]-> GO:0016500
GO:0097003 -[has_part]-> GO:0055100
GO:0097003 -[has_part]-> GO:0097004
GO:0097004 -[is_a]-> GO:0017046
GO:0097005 -[is_a]-> GO:0051428
GO:0097006 -[is_a]-> GO:0050789
GO:0097007 -[is_a]-> GO:0016709
GO:0097008 -[is_a]-> GO:0016709
GO:0097009 -[is_a]-> GO:0048871
GO:0097010 -[is_a]-> GO:0043623
GO:0097011 -[is_a]-> GO:0071345
GO:0097011 -[is_a]-> GO:0097012
GO:0097012 -[is_a]-> GO:0034097
GO:0097013 -[is_a]-> GO:0071682
GO:0097013 -[part_of]-> GO:0045335
GO:0097014 -[is_a]-> GO:0044441
GO:0097015 -[is_a]-> GO:0032838
GO:0097015 -[is_a]-> GO:0044461
GO:0097015 -[part_of]-> GO:0009288
GO:0097016 -[is_a]-> GO:0019904
GO:0097017 -[is_a]-> GO:0070293
GO:0097018 -[is_a]-> GO:0097017
GO:0097019 -[is_a]-> GO:0032801
GO:0097019 -[is_a]-> GO:0045213
GO:0097020 -[is_a]-> GO:0030674
GO:0097021 -[is_a]-> GO:0072676
GO:0097022 -[is_a]-> GO:0097021
GO:0097023 -[is_a]-> GO:0016832
GO:0097025 -[is_a]-> GO:0098797
GO:0097025 -[part_of]-> GO:0005912
GO:0097026 -[is_a]-> GO:0030031
GO:0097027 -[is_a]-> GO:0055106
GO:0097027 -[positively_regulates]-> GO:0004842
GO:0097028 -[is_a]-> GO:0002521
GO:0097029 -[is_a]-> GO:0002573
GO:0097029 -[is_a]-> GO:0097028
GO:0097030 -[is_a]-> GO:0031491
GO:0097031 -[is_a]-> GO:0070271
GO:0097032 -[is_a]-> GO:0070271
GO:0097033 -[is_a]-> GO:0070271
GO:0097034 -[is_a]-> GO:0070271
GO:0097035 -[is_a]-> GO:0044802
GO:0097035 -[is_a]-> GO:0065008
GO:0097036 -[is_a]-> GO:0007009
GO:0097036 -[is_a]-> GO:0097035
GO:0097037 -[is_a]-> GO:0015886
GO:0097038 -[is_a]-> GO:0044432
GO:0097038 -[part_of]-> GO:0048471
GO:0097039 -[is_a]-> GO:0000209
GO:0097040 -[is_a]-> GO:0008610
GO:0097040 -[is_a]-> GO:0042845
GO:0097041 -[is_a]-> GO:0008610
GO:0097041 -[is_a]-> GO:0044763
GO:0097041 -[is_a]-> GO:0046173
GO:0097041 -[is_a]-> GO:0046189
GO:0097042 -[is_a]-> GO:0000306
GO:0097042 -[part_of]-> GO:0000329
GO:0097043 -[is_a]-> GO:0043966
GO:0097044 -[is_a]-> GO:0097043
GO:0097044 -[part_of]-> GO:0006974
GO:0097045 -[is_a]-> GO:0017121
GO:0097045 -[is_a]-> GO:0030194
GO:0097046 -[is_a]-> GO:2000621
GO:0097047 -[is_a]-> GO:0044427
GO:0097048 -[is_a]-> GO:0071887
GO:0097049 -[is_a]-> GO:0051402
GO:0097050 -[is_a]-> GO:1904019
GO:0097051 -[is_a]-> GO:0072599
GO:0097051 -[is_a]-> GO:0090150
GO:0097052 -[is_a]-> GO:0070189
GO:0097053 -[is_a]-> GO:0019439
GO:0097053 -[is_a]-> GO:0042182
GO:0097053 -[is_a]-> GO:0097052
GO:0097053 -[is_a]-> GO:1901361
GO:0097053 -[is_a]-> GO:1901606
GO:0097054 -[is_a]-> GO:0006520
GO:0097054 -[is_a]-> GO:0006537
GO:0097055 -[is_a]-> GO:1901162
GO:0097056 -[is_a]-> GO:0006399
GO:0097056 -[is_a]-> GO:0032774
GO:0097057 -[is_a]-> GO:0043234
GO:0097058 -[is_a]-> GO:0043234
GO:0097058 -[is_a]-> GO:0044421
GO:0097058 -[part_of]-> GO:0005615
GO:0097059 -[is_a]-> GO:0043234
GO:0097059 -[is_a]-> GO:0044421
GO:0097059 -[part_of]-> GO:0005615
GO:0097060 -[is_a]-> GO:0044456
GO:0097060 -[is_a]-> GO:0098590
GO:0097060 -[part_of]-> GO:0045202
GO:0097061 -[is_a]-> GO:0030030
GO:0097062 -[is_a]-> GO:0043954
GO:0097062 -[is_a]-> GO:0097061
GO:0097063 -[is_a]-> GO:0046870
GO:0097064 -[is_a]-> GO:0006405
GO:0097065 -[is_a]-> GO:0060322
GO:0097066 -[is_a]-> GO:0009725
GO:0097067 -[is_a]-> GO:0032870
GO:0097067 -[is_a]-> GO:0097066
GO:0097068 -[is_a]-> GO:0014070
GO:0097068 -[is_a]-> GO:0043200
GO:0097068 -[is_a]-> GO:0097066
GO:0097068 -[is_a]-> GO:1904386
GO:0097069 -[is_a]-> GO:0071230
GO:0097069 -[is_a]-> GO:0071407
GO:0097069 -[is_a]-> GO:0097067
GO:0097069 -[is_a]-> GO:0097068
GO:0097069 -[is_a]-> GO:1904387
GO:0097070 -[is_a]-> GO:0048844
GO:0097071 -[is_a]-> GO:0043234
GO:0097072 -[is_a]-> GO:0097071
GO:0097073 -[is_a]-> GO:0097071
GO:0097074 -[is_a]-> GO:0097071
GO:0097075 -[is_a]-> GO:0097071
GO:0097076 -[is_a]-> GO:0043234
GO:0097077 -[is_a]-> GO:0005507
GO:0097078 -[is_a]-> GO:0043234
GO:0097079 -[is_a]-> GO:0008509
GO:0097079 -[is_a]-> GO:0015295
GO:0097080 -[is_a]-> GO:0098656
GO:0097081 -[is_a]-> GO:0042693
GO:0097081 -[part_of]-> GO:0035886
GO:0097082 -[is_a]-> GO:0042694
GO:0097082 -[part_of]-> GO:0097081
GO:0097083 -[is_a]-> GO:0007521
GO:0097083 -[part_of]-> GO:0097081
GO:0097084 -[is_a]-> GO:0055001
GO:0097084 -[part_of]-> GO:0035886
GO:0097085 -[is_a]-> GO:0097071
GO:0097086 -[is_a]-> GO:0072497
GO:0097087 -[is_a]-> GO:0032620
GO:0097088 -[is_a]-> GO:0032620
GO:0097089 -[is_a]-> GO:0006082
GO:0097089 -[is_a]-> GO:0006629
GO:0097090 -[is_a]-> GO:0044802
GO:0097090 -[part_of]-> GO:0050808
GO:0097091 -[is_a]-> GO:0097479
GO:0097091 -[part_of]-> GO:0099504
GO:0097092 -[is_a]-> GO:0006664
GO:0097093 -[is_a]-> GO:0009247
GO:0097093 -[is_a]-> GO:0097092
GO:0097094 -[is_a]-> GO:0009653
GO:0097094 -[is_a]-> GO:0044767
GO:0097094 -[part_of]-> GO:0060349
GO:0097094 -[part_of]-> GO:1904888
GO:0097095 -[is_a]-> GO:0097094
GO:0097096 -[is_a]-> GO:0097094
GO:0097097 -[is_a]-> GO:0097096
GO:0097098 -[is_a]-> GO:0071667
GO:0097098 -[is_a]-> GO:0097617
GO:0097099 -[is_a]-> GO:0005198
GO:0097100 -[is_a]-> GO:0043566
GO:0097101 -[is_a]-> GO:0060847
GO:0097101 -[part_of]-> GO:0060846
GO:0097102 -[is_a]-> GO:0097101
GO:0097102 -[part_of]-> GO:0002040
GO:0097103 -[is_a]-> GO:0097101
GO:0097103 -[part_of]-> GO:0002040
GO:0097104 -[is_a]-> GO:0001941
GO:0097104 -[is_a]-> GO:0071709
GO:0097104 -[part_of]-> GO:0099068
GO:0097105 -[is_a]-> GO:0071709
GO:0097105 -[is_a]-> GO:0097090
GO:0097105 -[part_of]-> GO:0099054
GO:0097106 -[is_a]-> GO:0099084
GO:0097106 -[part_of]-> GO:0050808
GO:0097107 -[is_a]-> GO:0070925
GO:0097107 -[is_a]-> GO:0097106
GO:0097107 -[part_of]-> GO:0099068
GO:0097107 -[part_of]-> GO:1904861
GO:0097108 -[is_a]-> GO:0005515
GO:0097109 -[is_a]-> GO:0005102
GO:0097110 -[is_a]-> GO:0005515
GO:0097111 -[is_a]-> GO:0006996
GO:0097112 -[is_a]-> GO:0072578
GO:0097112 -[part_of]-> GO:0001941
GO:0097113 -[is_a]-> GO:0097688
GO:0097113 -[part_of]-> GO:0001941
GO:0097114 -[is_a]-> GO:0072578
GO:0097114 -[part_of]-> GO:0001941
GO:0097115 -[is_a]-> GO:0043113
GO:0097115 -[part_of]-> GO:0097105
GO:0097116 -[is_a]-> GO:0035418
GO:0097116 -[part_of]-> GO:0097107
GO:0097117 -[is_a]-> GO:0072657
GO:0097117 -[part_of]-> GO:0001941
GO:0097118 -[is_a]-> GO:0043113
GO:0097118 -[part_of]-> GO:0097104
GO:0097119 -[is_a]-> GO:0072657
GO:0097119 -[part_of]-> GO:0001941
GO:0097120 -[is_a]-> GO:0051179
GO:0097121 -[is_a]-> GO:0000307
GO:0097122 -[is_a]-> GO:0000307
GO:0097123 -[is_a]-> GO:0000307
GO:0097124 -[is_a]-> GO:0000307
GO:0097125 -[is_a]-> GO:0000307
GO:0097126 -[is_a]-> GO:0000307
GO:0097127 -[is_a]-> GO:0000307
GO:0097128 -[is_a]-> GO:0000307
GO:0097129 -[is_a]-> GO:0000307
GO:0097130 -[is_a]-> GO:0000307
GO:0097131 -[is_a]-> GO:0000307
GO:0097132 -[is_a]-> GO:0000307
GO:0097133 -[is_a]-> GO:0000307
GO:0097134 -[is_a]-> GO:0000307
GO:0097135 -[is_a]-> GO:0000307
GO:0097136 -[is_a]-> GO:0043234
GO:0097137 -[is_a]-> GO:0097136
GO:0097138 -[is_a]-> GO:0097136
GO:0097139 -[is_a]-> GO:0097136
GO:0097140 -[is_a]-> GO:0097136
GO:0097141 -[is_a]-> GO:0097136
GO:0097142 -[is_a]-> GO:0097136
GO:0097143 -[is_a]-> GO:0097136
GO:0097144 -[is_a]-> GO:0097136
GO:0097145 -[is_a]-> GO:0097136
GO:0097146 -[is_a]-> GO:0097136
GO:0097147 -[is_a]-> GO:0097136
GO:0097148 -[is_a]-> GO:0097136
GO:0097149 -[is_a]-> GO:0043234
GO:0097149 -[is_a]-> GO:0044430
GO:0097149 -[part_of]-> GO:0072686
GO:0097150 -[is_a]-> GO:0019827
GO:0097151 -[is_a]-> GO:0009967
GO:0097151 -[is_a]-> GO:0050806
GO:0097151 -[is_a]-> GO:0098828
GO:0097151 -[positively_regulates]-> GO:0060080
GO:0097152 -[is_a]-> GO:0006915
GO:0097153 -[is_a]-> GO:0004197
GO:0097153 -[part_of]-> GO:0006915
GO:0097154 -[is_a]-> GO:0030182
GO:0097155 -[is_a]-> GO:0007413
GO:0097156 -[is_a]-> GO:0007413
GO:0097157 -[is_a]-> GO:0036002
GO:0097158 -[is_a]-> GO:0097157
GO:0097159 -[is_a]-> GO:0005488
GO:0097160 -[is_a]-> GO:0097159
GO:0097161 -[is_a]-> GO:0019904
GO:0097162 -[is_a]-> GO:0019904
GO:0097163 -[is_a]-> GO:0022892
GO:0097164 -[is_a]-> GO:0006807
GO:0097165 -[is_a]-> GO:0035770
GO:0097165 -[is_a]-> GO:0044428
GO:0097166 -[is_a]-> GO:0050673
GO:0097166 -[part_of]-> GO:0002088
GO:0097167 -[is_a]-> GO:0006417
GO:0097167 -[is_a]-> GO:0007623
GO:0097167 -[is_a]-> GO:0044707
GO:0097168 -[is_a]-> GO:0072089
GO:0097169 -[is_a]-> GO:0061702
GO:0097170 -[is_a]-> GO:0009225
GO:0097171 -[is_a]-> GO:0009226
GO:0097171 -[is_a]-> GO:0097170
GO:0097172 -[is_a]-> GO:0019752
GO:0097173 -[is_a]-> GO:0046395
GO:0097173 -[is_a]-> GO:0097172
GO:0097174 -[is_a]-> GO:0032787
GO:0097175 -[is_a]-> GO:0072329
GO:0097175 -[is_a]-> GO:0097174
GO:0097176 -[is_a]-> GO:0018904
GO:0097176 -[is_a]-> GO:0044763
GO:0097176 -[is_a]-> GO:0046483
GO:0097176 -[is_a]-> GO:1901360
GO:0097177 -[is_a]-> GO:0043022
GO:0097178 -[is_a]-> GO:0030031
GO:0097178 -[is_a]-> GO:0031529
GO:0097179 -[is_a]-> GO:0043234
GO:0097180 -[is_a]-> GO:0097179
GO:0097181 -[is_a]-> GO:0097180
GO:0097182 -[is_a]-> GO:0097180
GO:0097183 -[is_a]-> GO:0097180
GO:0097184 -[is_a]-> GO:0042221
GO:0097185 -[is_a]-> GO:0071241
GO:0097185 -[is_a]-> GO:0097184
GO:0097186 -[is_a]-> GO:0042475
GO:0097186 -[is_a]-> GO:0048646
GO:0097187 -[is_a]-> GO:0042475
GO:0097187 -[is_a]-> GO:0048646
GO:0097188 -[is_a]-> GO:0034505
GO:0097188 -[part_of]-> GO:0097187
GO:0097189 -[is_a]-> GO:1903561
GO:0097190 -[is_a]-> GO:0007165
GO:0097190 -[part_of]-> GO:0006915
GO:0097191 -[is_a]-> GO:0007166
GO:0097191 -[is_a]-> GO:0097190
GO:0097192 -[is_a]-> GO:0038034
GO:0097192 -[is_a]-> GO:0097191
GO:0097193 -[is_a]-> GO:0035556
GO:0097193 -[is_a]-> GO:0097190
GO:0097194 -[is_a]-> GO:0044763
GO:0097194 -[has_part]-> GO:0032060
GO:0097194 -[part_of]-> GO:0006915
GO:0097195 -[is_a]-> GO:0060004
GO:0097196 -[is_a]-> GO:0043234
GO:0097196 -[is_a]-> GO:1990391
GO:0097197 -[is_a]-> GO:0044459
GO:0097198 -[is_a]-> GO:0010452
GO:0097198 -[is_a]-> GO:0018023
GO:0097199 -[is_a]-> GO:0004871
GO:0097199 -[is_a]-> GO:0097153
GO:0097199 -[part_of]-> GO:0097190
GO:0097200 -[is_a]-> GO:0097153
GO:0097200 -[part_of]-> GO:0097194
GO:0097201 -[is_a]-> GO:0000122
GO:0097201 -[is_a]-> GO:0043618
GO:0097202 -[is_a]-> GO:0031638
GO:0097202 -[is_a]-> GO:2001056
GO:0097203 -[is_a]-> GO:0044459
GO:0097203 -[part_of]-> GO:0001891
GO:0097204 -[is_a]-> GO:0044459
GO:0097204 -[part_of]-> GO:0001891
GO:0097205 -[is_a]-> GO:0003014
GO:0097206 -[is_a]-> GO:0097205
GO:0097207 -[is_a]-> GO:0022611
GO:0097207 -[is_a]-> GO:0044707
GO:0097207 -[is_a]-> GO:0044767
GO:0097208 -[is_a]-> GO:0042599
GO:0097209 -[is_a]-> GO:0042599
GO:0097210 -[is_a]-> GO:0043434
GO:0097211 -[is_a]-> GO:0071375
GO:0097211 -[is_a]-> GO:0097210
GO:0097212 -[is_a]-> GO:0044802
GO:0097212 -[part_of]-> GO:0007040
GO:0097213 -[is_a]-> GO:0090559
GO:0097213 -[is_a]-> GO:0097212
GO:0097214 -[is_a]-> GO:0097213
GO:0097215 -[is_a]-> GO:0097213
GO:0097216 -[is_a]-> GO:0032550
GO:0097216 -[is_a]-> GO:0032561
GO:0097217 -[is_a]-> GO:0044426
GO:0097217 -[part_of]-> GO:0009505
GO:0097218 -[is_a]-> GO:0044426
GO:0097218 -[has_part]-> GO:0097217
GO:0097218 -[part_of]-> GO:0009505
GO:0097219 -[is_a]-> GO:0097218
GO:0097220 -[is_a]-> GO:0097218
GO:0097221 -[is_a]-> GO:0090575
GO:0097222 -[is_a]-> GO:0006378
GO:0097222 -[is_a]-> GO:0090616
GO:0097222 -[occurs_in]-> GO:0005739
GO:0097223 -[is_a]-> GO:0044464
GO:0097224 -[is_a]-> GO:0044441
GO:0097224 -[is_a]-> GO:0097223
GO:0097224 -[part_of]-> GO:0036126
GO:0097225 -[is_a]-> GO:0044441
GO:0097225 -[is_a]-> GO:0097223
GO:0097225 -[part_of]-> GO:0036126
GO:0097226 -[is_a]-> GO:0044441
GO:0097226 -[is_a]-> GO:0097223
GO:0097226 -[part_of]-> GO:0036126
GO:0097227 -[is_a]-> GO:0044441
GO:0097227 -[is_a]-> GO:0097223
GO:0097227 -[part_of]-> GO:0036126
GO:0097228 -[is_a]-> GO:0044441
GO:0097228 -[is_a]-> GO:0097223
GO:0097228 -[part_of]-> GO:0036126
GO:0097229 -[is_a]-> GO:0044441
GO:0097229 -[is_a]-> GO:0097223
GO:0097229 -[part_of]-> GO:0036126
GO:0097230 -[is_a]-> GO:0048870
GO:0097230 -[part_of]-> GO:0035865
GO:0097231 -[is_a]-> GO:0048870
GO:0097231 -[part_of]-> GO:0071277
GO:0097232 -[is_a]-> GO:0030667
GO:0097232 -[part_of]-> GO:0042599
GO:0097233 -[is_a]-> GO:0097232
GO:0097233 -[part_of]-> GO:0097208
GO:0097234 -[is_a]-> GO:0097232
GO:0097234 -[part_of]-> GO:0097209
GO:0097235 -[is_a]-> GO:0032000
GO:0097235 -[is_a]-> GO:0072366
GO:0097235 -[positively_regulates]-> GO:0006635
GO:0097236 -[is_a]-> GO:0034225
GO:0097236 -[is_a]-> GO:0036003
GO:0097237 -[is_a]-> GO:0009636
GO:0097237 -[is_a]-> GO:0070887
GO:0097238 -[is_a]-> GO:0051595
GO:0097238 -[is_a]-> GO:0071310
GO:0097238 -[is_a]-> GO:1901655
GO:0097239 -[is_a]-> GO:1901522
GO:0097239 -[part_of]-> GO:0097238
GO:0097240 -[is_a]-> GO:0022402
GO:0097240 -[is_a]-> GO:0050000
GO:0097241 -[is_a]-> GO:0035701
GO:0097242 -[is_a]-> GO:0044707
GO:0097243 -[is_a]-> GO:0005488
GO:0097244 -[is_a]-> GO:0097243
GO:0097245 -[is_a]-> GO:0097159
GO:0097245 -[is_a]-> GO:0097243
GO:0097245 -[is_a]-> GO:1901363
GO:0097246 -[is_a]-> GO:0097245
GO:0097247 -[is_a]-> GO:0097246
GO:0097248 -[is_a]-> GO:0032065
GO:0097249 -[is_a]-> GO:0098800
GO:0097249 -[part_of]-> GO:0005743
GO:0097250 -[is_a]-> GO:0007005
GO:0097250 -[is_a]-> GO:0043623
GO:0097251 -[is_a]-> GO:0008610
GO:0097251 -[is_a]-> GO:0016053
GO:0097251 -[is_a]-> GO:0036102
GO:0097251 -[is_a]-> GO:1901570
GO:0097251 -[is_a]-> GO:1901617
GO:0097252 -[is_a]-> GO:0034349
GO:0097253 -[is_a]-> GO:0005319
GO:0097253 -[is_a]-> GO:0008028
GO:0097253 -[is_a]-> GO:0008514
GO:0097254 -[is_a]-> GO:0003014
GO:0097254 -[is_a]-> GO:0044707
GO:0097254 -[is_a]-> GO:0046903
GO:0097255 -[is_a]-> GO:0043234
GO:0097256 -[is_a]-> GO:0016614
GO:0097257 -[is_a]-> GO:0016614
GO:0097258 -[is_a]-> GO:0016614
GO:0097259 -[is_a]-> GO:0004497
GO:0097260 -[is_a]-> GO:0016853
GO:0097261 -[is_a]-> GO:0016846
GO:0097262 -[is_a]-> GO:0016755
GO:0097263 -[is_a]-> GO:0008238
GO:0097264 -[is_a]-> GO:0006508
GO:0097265 -[is_a]-> GO:0016616
GO:0097266 -[is_a]-> GO:0016709
GO:0097267 -[is_a]-> GO:0019369
GO:0097268 -[is_a]-> GO:0044464
GO:0097269 -[is_a]-> GO:0016765
GO:0097270 -[is_a]-> GO:0046958
GO:0097271 -[is_a]-> GO:0034613
GO:0097272 -[is_a]-> GO:0048878
GO:0097273 -[is_a]-> GO:0048878
GO:0097274 -[is_a]-> GO:0048878
GO:0097275 -[is_a]-> GO:0055082
GO:0097275 -[is_a]-> GO:0097272
GO:0097276 -[is_a]-> GO:0055082
GO:0097276 -[is_a]-> GO:0097273
GO:0097277 -[is_a]-> GO:0055082
GO:0097277 -[is_a]-> GO:0097274
GO:0097278 -[is_a]-> GO:0001906
GO:0097278 -[is_a]-> GO:0044699
GO:0097278 -[has_part]-> GO:0006956
GO:0097279 -[is_a]-> GO:0097280
GO:0097280 -[is_a]-> GO:0002437
GO:0097280 -[is_a]-> GO:0002441
GO:0097280 -[has_part]-> GO:0003823
GO:0097281 -[is_a]-> GO:0016064
GO:0097281 -[has_part]-> GO:0003823
GO:0097282 -[is_a]-> GO:0016064
GO:0097282 -[has_part]-> GO:0003823
GO:0097283 -[is_a]-> GO:1904019
GO:0097284 -[is_a]-> GO:1904019
GO:0097286 -[is_a]-> GO:0006826
GO:0097287 -[is_a]-> GO:0046483
GO:0097287 -[is_a]-> GO:0050898
GO:0097287 -[is_a]-> GO:1901360
GO:0097288 -[is_a]-> GO:0018130
GO:0097288 -[is_a]-> GO:0080028
GO:0097288 -[is_a]-> GO:0097287
GO:0097288 -[is_a]-> GO:1901362
GO:0097289 -[is_a]-> GO:0044763
GO:0097289 -[is_a]-> GO:0046483
GO:0097289 -[is_a]-> GO:1901360
GO:0097289 -[is_a]-> GO:1901564
GO:0097289 -[is_a]-> GO:1901657
GO:0097290 -[is_a]-> GO:0018130
GO:0097290 -[is_a]-> GO:0097289
GO:0097290 -[is_a]-> GO:1901362
GO:0097290 -[is_a]-> GO:1901566
GO:0097290 -[is_a]-> GO:1901659
GO:0097291 -[is_a]-> GO:0070293
GO:0097292 -[is_a]-> GO:0009150
GO:0097292 -[is_a]-> GO:0009167
GO:0097293 -[is_a]-> GO:0009152
GO:0097293 -[is_a]-> GO:0009168
GO:0097293 -[is_a]-> GO:0097292
GO:0097294 -[is_a]-> GO:0097293
GO:0097295 -[is_a]-> GO:0033075
GO:0097295 -[is_a]-> GO:0071272
GO:0097295 -[is_a]-> GO:1901378
GO:0097296 -[is_a]-> GO:2001269
GO:0097297 -[is_a]-> GO:2001272
GO:0097298 -[is_a]-> GO:0032535
GO:0097299 -[is_a]-> GO:0004197
GO:0097299 -[part_of]-> GO:0009626
GO:0097300 -[is_a]-> GO:0012501
GO:0097300 -[is_a]-> GO:0070265
GO:0097301 -[is_a]-> GO:0030007
GO:0097301 -[is_a]-> GO:0045944
GO:0097302 -[is_a]-> GO:0042158
GO:0097303 -[is_a]-> GO:0042158
GO:0097304 -[is_a]-> GO:0042158
GO:0097305 -[is_a]-> GO:0010033
GO:0097305 -[is_a]-> GO:1901700
GO:0097306 -[is_a]-> GO:0071310
GO:0097306 -[is_a]-> GO:0097305
GO:0097306 -[is_a]-> GO:1901701
GO:0097307 -[is_a]-> GO:0033993
GO:0097307 -[is_a]-> GO:0097305
GO:0097308 -[is_a]-> GO:0071396
GO:0097308 -[is_a]-> GO:0097306
GO:0097308 -[is_a]-> GO:0097307
GO:0097309 -[is_a]-> GO:0036451
GO:0097310 -[is_a]-> GO:0036451
GO:0097311 -[is_a]-> GO:0031012
GO:0097312 -[is_a]-> GO:0044420
GO:0097312 -[part_of]-> GO:0097311
GO:0097313 -[is_a]-> GO:0097312
GO:0097313 -[part_of]-> GO:0097311
GO:0097314 -[is_a]-> GO:0006461
GO:0097314 -[part_of]-> GO:0097190
GO:0097315 -[is_a]-> GO:0010033
GO:0097315 -[is_a]-> GO:1901700
GO:0097316 -[is_a]-> GO:0071310
GO:0097316 -[is_a]-> GO:0097315
GO:0097316 -[is_a]-> GO:1901701
GO:0097317 -[is_a]-> GO:0036180
GO:0097317 -[is_a]-> GO:0036267
GO:0097318 -[is_a]-> GO:0009628
GO:0097318 -[is_a]-> GO:0036267
GO:0097319 -[is_a]-> GO:0008643
GO:0097319 -[is_a]-> GO:0098657
GO:0097320 -[is_a]-> GO:0007009
GO:0097321 -[is_a]-> GO:0070784
GO:0097322 -[is_a]-> GO:0017069
GO:0097323 -[is_a]-> GO:0007159
GO:0097324 -[is_a]-> GO:0010631
GO:0097325 -[is_a]-> GO:0050673
GO:0097326 -[is_a]-> GO:0090136
GO:0097327 -[is_a]-> GO:0042493
GO:0097328 -[is_a]-> GO:0042221
GO:0097329 -[is_a]-> GO:0042221
GO:0097330 -[is_a]-> GO:0010243
GO:0097330 -[is_a]-> GO:0014070
GO:0097330 -[is_a]-> GO:1901700
GO:0097331 -[is_a]-> GO:0010243
GO:0097331 -[is_a]-> GO:0014070
GO:0097331 -[is_a]-> GO:1903416
GO:0097332 -[is_a]-> GO:0042493
GO:0097333 -[is_a]-> GO:0010243
GO:0097333 -[is_a]-> GO:0014070
GO:0097334 -[is_a]-> GO:0010243
GO:0097334 -[is_a]-> GO:0014070
GO:0097334 -[is_a]-> GO:0097305
GO:0097335 -[is_a]-> GO:0010243
GO:0097335 -[is_a]-> GO:0014070
GO:0097336 -[is_a]-> GO:0010243
GO:0097336 -[is_a]-> GO:0014070
GO:0097336 -[is_a]-> GO:1901700
GO:0097337 -[is_a]-> GO:0010243
GO:0097337 -[is_a]-> GO:0014070
GO:0097338 -[is_a]-> GO:0010243
GO:0097338 -[is_a]-> GO:0014070
GO:0097339 -[is_a]-> GO:0098656
GO:0097339 -[is_a]-> GO:1900866
GO:0097340 -[is_a]-> GO:0097341
GO:0097340 -[is_a]-> GO:2000117
GO:0097341 -[is_a]-> GO:0010955
GO:0097342 -[is_a]-> GO:0044445
GO:0097342 -[is_a]-> GO:1902494
GO:0097342 -[part_of]-> GO:0005829
GO:0097343 -[is_a]-> GO:0006461
GO:0097344 -[is_a]-> GO:0043234
GO:0097345 -[is_a]-> GO:1902110
GO:0097345 -[part_of]-> GO:0097190
GO:0097346 -[is_a]-> GO:0070603
GO:0097347 -[is_a]-> GO:0043234
GO:0097348 -[is_a]-> GO:0044162
GO:0097350 -[is_a]-> GO:0048771
GO:0097350 -[has_part]-> GO:0006909
GO:0097350 -[part_of]-> GO:0001780
GO:0097351 -[is_a]-> GO:0005515
GO:0097352 -[is_a]-> GO:0097576
GO:0097352 -[is_a]-> GO:1902589
GO:0097352 -[has_part]-> GO:0016240
GO:0097352 -[part_of]-> GO:0016236
GO:0097353 -[is_a]-> GO:0003002
GO:0097354 -[is_a]-> GO:0044237
GO:0097355 -[is_a]-> GO:0071168
GO:0097356 -[is_a]-> GO:0044428
GO:0097356 -[part_of]-> GO:0031981
GO:0097357 -[is_a]-> GO:0015798
GO:0097358 -[is_a]-> GO:0051499
GO:0097359 -[is_a]-> GO:0006011
GO:0097360 -[is_a]-> GO:0008283
GO:0097361 -[is_a]-> GO:0043234
GO:0097361 -[is_a]-> GO:0044445
GO:0097362 -[is_a]-> GO:0042555
GO:0097363 -[is_a]-> GO:0008194
GO:0097364 -[is_a]-> GO:0015275
GO:0097364 -[regulates]-> GO:0001508
GO:0097365 -[is_a]-> GO:0097364
GO:0097365 -[regulates]-> GO:0086001
GO:0097366 -[is_a]-> GO:0042493
GO:0097367 -[is_a]-> GO:0005488
GO:0097368 -[is_a]-> GO:0060009
GO:0097369 -[is_a]-> GO:0035725
GO:0097370 -[is_a]-> GO:0018243
GO:0097370 -[is_a]-> GO:1901135
GO:0097371 -[is_a]-> GO:0005515
GO:0097372 -[is_a]-> GO:0017136
GO:0097372 -[is_a]-> GO:0034739
GO:0097373 -[is_a]-> GO:0043234
GO:0097374 -[is_a]-> GO:0007411
GO:0097375 -[is_a]-> GO:0097374
GO:0097376 -[is_a]-> GO:0007411
GO:0097377 -[is_a]-> GO:0097376
GO:0097378 -[is_a]-> GO:0097377
GO:0097379 -[is_a]-> GO:0033564
GO:0097379 -[is_a]-> GO:0097378
GO:0097380 -[is_a]-> GO:0033564
GO:0097380 -[is_a]-> GO:0097378
GO:0097381 -[is_a]-> GO:0060170
GO:0097381 -[is_a]-> GO:0097458
GO:0097381 -[part_of]-> GO:0001750
GO:0097382 -[is_a]-> GO:0016462
GO:0097383 -[is_a]-> GO:0097382
GO:0097384 -[is_a]-> GO:0008610
GO:0097384 -[is_a]-> GO:0044255
GO:0097385 -[is_a]-> GO:0042594
GO:0097385 -[is_a]-> GO:0097300
GO:0097386 -[is_a]-> GO:0042995
GO:0097387 -[is_a]-> GO:0097386
GO:0097388 -[is_a]-> GO:0032602
GO:0097389 -[is_a]-> GO:0032602
GO:0097390 -[is_a]-> GO:0032602
GO:0097391 -[is_a]-> GO:0032602
GO:0097392 -[is_a]-> GO:0032602
GO:0097393 -[is_a]-> GO:0006351
GO:0097394 -[is_a]-> GO:0006366
GO:0097394 -[is_a]-> GO:0097393
GO:0097395 -[is_a]-> GO:0034097
GO:0097396 -[is_a]-> GO:0034097
GO:0097397 -[is_a]-> GO:0071345
GO:0097397 -[is_a]-> GO:0097395
GO:0097398 -[is_a]-> GO:0071345
GO:0097398 -[is_a]-> GO:0097396
GO:0097399 -[is_a]-> GO:0019221
GO:0097399 -[part_of]-> GO:0097397
GO:0097400 -[is_a]-> GO:0019221
GO:0097400 -[part_of]-> GO:0097398
GO:0097401 -[is_a]-> GO:0051452
GO:0097401 -[is_a]-> GO:0070050
GO:0097401 -[part_of]-> GO:0016188
GO:0097401 -[part_of]-> GO:0099504
GO:0097402 -[is_a]-> GO:0016477
GO:0097403 -[is_a]-> GO:0071322
GO:0097403 -[is_a]-> GO:1901545
GO:0097404 -[is_a]-> GO:0015744
GO:0097404 -[is_a]-> GO:0098657
GO:0097405 -[is_a]-> GO:0015743
GO:0097405 -[is_a]-> GO:0098657
GO:0097406 -[is_a]-> GO:0098657
GO:0097406 -[is_a]-> GO:1900752
GO:0097407 -[is_a]-> GO:0016234
GO:0097408 -[is_a]-> GO:0016234
GO:0097409 -[is_a]-> GO:0016234
GO:0097410 -[is_a]-> GO:0021879
GO:0097410 -[is_a]-> GO:0021895
GO:0097410 -[part_of]-> GO:0021766
GO:0097411 -[is_a]-> GO:0007165
GO:0097411 -[part_of]-> GO:0071456
GO:0097412 -[is_a]-> GO:0016234
GO:0097413 -[is_a]-> GO:0016234
GO:0097413 -[is_a]-> GO:0097458
GO:0097414 -[is_a]-> GO:0097413
GO:0097415 -[is_a]-> GO:0097413
GO:0097416 -[is_a]-> GO:0016234
GO:0097416 -[is_a]-> GO:0097458
GO:0097417 -[is_a]-> GO:0016234
GO:0097418 -[is_a]-> GO:0016234
GO:0097418 -[is_a]-> GO:0097458
GO:0097419 -[is_a]-> GO:0016234
GO:0097420 -[is_a]-> GO:0016234
GO:0097421 -[is_a]-> GO:0001889
GO:0097421 -[is_a]-> GO:0031100
GO:0097422 -[is_a]-> GO:0044440
GO:0097423 -[is_a]-> GO:0005575
GO:0097423 -[has_part]-> GO:0005739
GO:0097423 -[has_part]-> GO:0005911
GO:0097424 -[is_a]-> GO:0030874
GO:0097425 -[is_a]-> GO:0044432
GO:0097425 -[part_of]-> GO:0005790
GO:0097426 -[is_a]-> GO:0005882
GO:0097427 -[is_a]-> GO:0044430
GO:0097427 -[has_part]-> GO:0005874
GO:0097428 -[is_a]-> GO:0051604
GO:0097429 -[is_a]-> GO:0016881
GO:0097429 -[part_of]-> GO:0019184
GO:0097430 -[is_a]-> GO:0015677
GO:0097430 -[is_a]-> GO:0015680
GO:0097431 -[is_a]-> GO:0000922
GO:0097431 -[part_of]-> GO:0072686
GO:0097432 -[is_a]-> GO:1905270
GO:0097433 -[is_a]-> GO:0044444
GO:0097434 -[is_a]-> GO:0015078
GO:0097434 -[is_a]-> GO:0015141
GO:0097434 -[is_a]-> GO:0015295
GO:0097434 -[is_a]-> GO:0015296
GO:0097435 -[is_a]-> GO:0030198
GO:0097436 -[is_a]-> GO:0022611
GO:0097436 -[is_a]-> GO:0044767
GO:0097437 -[is_a]-> GO:0022611
GO:0097437 -[is_a]-> GO:0044767
GO:0097438 -[is_a]-> GO:0022611
GO:0097438 -[is_a]-> GO:0044767
GO:0097439 -[is_a]-> GO:0022611
GO:0097439 -[is_a]-> GO:0044767
GO:0097440 -[is_a]-> GO:0030425
GO:0097441 -[is_a]-> GO:0030425
GO:0097442 -[is_a]-> GO:0030425
GO:0097443 -[is_a]-> GO:0005768
GO:0097444 -[is_a]-> GO:0043227
GO:0097444 -[is_a]-> GO:0044456
GO:0097444 -[is_a]-> GO:0044463
GO:0097444 -[is_a]-> GO:0097458
GO:0097444 -[part_of]-> GO:0012505
GO:0097444 -[part_of]-> GO:0043197
GO:0097445 -[is_a]-> GO:0044456
GO:0097445 -[is_a]-> GO:0097458
GO:0097445 -[part_of]-> GO:0048786
GO:0097446 -[is_a]-> GO:0044380
GO:0097446 -[is_a]-> GO:0072697
GO:0097447 -[is_a]-> GO:0097458
GO:0097447 -[has_part]-> GO:0030425
GO:0097448 -[is_a]-> GO:0097458
GO:0097448 -[has_part]-> GO:0044309
GO:0097449 -[is_a]-> GO:0097386
GO:0097450 -[is_a]-> GO:0097449
GO:0097451 -[is_a]-> GO:0097450
GO:0097452 -[is_a]-> GO:0043234
GO:0097453 -[is_a]-> GO:1990015
GO:0097454 -[is_a]-> GO:0005902
GO:0097454 -[is_a]-> GO:0097386
GO:0097455 -[is_a]-> GO:0097386
GO:0097456 -[is_a]-> GO:0097386
GO:0097457 -[is_a]-> GO:0044302
GO:0097458 -[is_a]-> GO:0044464
GO:0097459 -[is_a]-> GO:0097286
GO:0097459 -[is_a]-> GO:0098659
GO:0097460 -[is_a]-> GO:0070627
GO:0097460 -[is_a]-> GO:0097459
GO:0097461 -[is_a]-> GO:0033216
GO:0097461 -[is_a]-> GO:0097459
GO:0097462 -[is_a]-> GO:0043005
GO:0097463 -[is_a]-> GO:0043005
GO:0097464 -[is_a]-> GO:0043197
GO:0097465 -[is_a]-> GO:0044309
GO:0097466 -[is_a]-> GO:0006516
GO:0097466 -[is_a]-> GO:0036503
GO:0097466 -[is_a]-> GO:1904587
GO:0097467 -[is_a]-> GO:0043195
GO:0097468 -[is_a]-> GO:0012501
GO:0097468 -[is_a]-> GO:0036473
GO:0097468 -[part_of]-> GO:0034614
GO:0097470 -[is_a]-> GO:0045202
GO:0097471 -[is_a]-> GO:0032279
GO:0097472 -[is_a]-> GO:0004672
GO:0097472 -[has_part]-> GO:0030332
GO:0097472 -[part_of]-> GO:0051726
GO:0097473 -[is_a]-> GO:0051402
GO:0097473 -[is_a]-> GO:1990009
GO:0097474 -[is_a]-> GO:0051402
GO:0097474 -[is_a]-> GO:1990009
GO:0097475 -[is_a]-> GO:0001764
GO:0097476 -[is_a]-> GO:0097475
GO:0097477 -[is_a]-> GO:0097476
GO:0097478 -[is_a]-> GO:0044425
GO:0097479 -[is_a]-> GO:0051648
GO:0097480 -[is_a]-> GO:0051650
GO:0097480 -[part_of]-> GO:0097479
GO:0097482 -[is_a]-> GO:0099572
GO:0097482 -[part_of]-> GO:0098975
GO:0097484 -[is_a]-> GO:1990138
GO:0097485 -[is_a]-> GO:0006928
GO:0097485 -[part_of]-> GO:0006935
GO:0097485 -[part_of]-> GO:0048812
GO:0097486 -[is_a]-> GO:0031906
GO:0097486 -[part_of]-> GO:0005771
GO:0097487 -[is_a]-> GO:0031410
GO:0097487 -[is_a]-> GO:0044440
GO:0097487 -[part_of]-> GO:0005771
GO:0097488 -[is_a]-> GO:0012506
GO:0097488 -[is_a]-> GO:0044440
GO:0097488 -[is_a]-> GO:0098588
GO:0097488 -[part_of]-> GO:0097487
GO:0097489 -[is_a]-> GO:0031983
GO:0097489 -[is_a]-> GO:0044440
GO:0097489 -[is_a]-> GO:0070013
GO:0097489 -[part_of]-> GO:0097487
GO:0097490 -[is_a]-> GO:1990138
GO:0097491 -[is_a]-> GO:0097485
GO:0097492 -[is_a]-> GO:0007411
GO:0097493 -[is_a]-> GO:0005198
GO:0097494 -[is_a]-> GO:0032535
GO:0097495 -[is_a]-> GO:0043234
GO:0097495 -[is_a]-> GO:0044445
GO:0097495 -[has_part]-> GO:1990121
GO:0097495 -[part_of]-> GO:0005829
GO:0097496 -[is_a]-> GO:0072554
GO:0097497 -[is_a]-> GO:0060232
GO:0097498 -[is_a]-> GO:0061154
GO:0097499 -[is_a]-> GO:0061512
GO:0097500 -[is_a]-> GO:0097499
GO:0097500 -[is_a]-> GO:1903441
GO:0097501 -[is_a]-> GO:0006950
GO:0097501 -[is_a]-> GO:0010038
GO:0097502 -[is_a]-> GO:0070085
GO:0097503 -[is_a]-> GO:0043412
GO:0097504 -[is_a]-> GO:0016604
GO:0097505 -[is_a]-> GO:0000151
GO:0097506 -[is_a]-> GO:0019104
GO:0097507 -[is_a]-> GO:0097506
GO:0097508 -[is_a]-> GO:0097506
GO:0097509 -[is_a]-> GO:0097506
GO:0097510 -[is_a]-> GO:0006285
GO:0097510 -[has_part]-> GO:0097506
GO:0097511 -[is_a]-> GO:0042995
GO:0097512 -[is_a]-> GO:0030016
GO:0097513 -[is_a]-> GO:0032982
GO:0097514 -[is_a]-> GO:0031160
GO:0097515 -[is_a]-> GO:0031160
GO:0097516 -[is_a]-> GO:0098859
GO:0097516 -[part_of]-> GO:0005902
GO:0097517 -[is_a]-> GO:0032432
GO:0097518 -[is_a]-> GO:0032432
GO:0097519 -[is_a]-> GO:0032993
GO:0097520 -[is_a]-> GO:0032993
GO:0097522 -[is_a]-> GO:0032993
GO:0097523 -[is_a]-> GO:0001114
GO:0097524 -[is_a]-> GO:0005886
GO:0097524 -[is_a]-> GO:0097223
GO:0097525 -[is_a]-> GO:0030532
GO:0097526 -[is_a]-> GO:0097525
GO:0097527 -[is_a]-> GO:0007165
GO:0097527 -[part_of]-> GO:0070266
GO:0097528 -[is_a]-> GO:0044763
GO:0097528 -[part_of]-> GO:0070266
GO:0097529 -[is_a]-> GO:0050900
GO:0097530 -[is_a]-> GO:0097529
GO:0097531 -[is_a]-> GO:0097529
GO:0097532 -[is_a]-> GO:0001101
GO:0097532 -[is_a]-> GO:0006950
GO:0097533 -[is_a]-> GO:0097532
GO:0097533 -[part_of]-> GO:0033554
GO:0097533 -[part_of]-> GO:0071229
GO:0097534 -[is_a]-> GO:0016477
GO:0097535 -[is_a]-> GO:0097534
GO:0097536 -[is_a]-> GO:0002009
GO:0097536 -[part_of]-> GO:0048538
GO:0097537 -[is_a]-> GO:0043234
GO:0097537 -[is_a]-> GO:0044441
GO:0097537 -[part_of]-> GO:0035869
GO:0097538 -[is_a]-> GO:0044441
GO:0097538 -[is_a]-> GO:0098797
GO:0097538 -[part_of]-> GO:0035869
GO:0097538 -[part_of]-> GO:0060170
GO:0097539 -[is_a]-> GO:0043234
GO:0097539 -[is_a]-> GO:0044441
GO:0097540 -[is_a]-> GO:0044447
GO:0097540 -[has_part]-> GO:1990719
GO:0097540 -[has_part]-> GO:1990720
GO:0097540 -[part_of]-> GO:1990716
GO:0097541 -[is_a]-> GO:0044447
GO:0097542 -[is_a]-> GO:0044441
GO:0097543 -[is_a]-> GO:0044441
GO:0097544 -[is_a]-> GO:0044441
GO:0097544 -[has_part]-> GO:0005930
GO:0097545 -[is_a]-> GO:0044447
GO:0097545 -[has_part]-> GO:0097649
GO:0097545 -[has_part]-> GO:0097650
GO:0097546 -[is_a]-> GO:0044441
GO:0097546 -[has_part]-> GO:0035869
GO:0097546 -[has_part]-> GO:0097539
GO:0097547 -[is_a]-> GO:0031410
GO:0097548 -[is_a]-> GO:0009838
GO:0097549 -[is_a]-> GO:0034401
GO:0097549 -[part_of]-> GO:0045892
GO:0097550 -[is_a]-> GO:0032993
GO:0097551 -[is_a]-> GO:0006302
GO:0097552 -[is_a]-> GO:0000725
GO:0097552 -[is_a]-> GO:0097551
GO:0097553 -[is_a]-> GO:0070588
GO:0097553 -[is_a]-> GO:1902656
GO:0097554 -[is_a]-> GO:0097729
GO:0097555 -[is_a]-> GO:0097729
GO:0097556 -[is_a]-> GO:0097729
GO:0097557 -[is_a]-> GO:0097729
GO:0097558 -[is_a]-> GO:0097729
GO:0097559 -[is_a]-> GO:0097729
GO:0097560 -[is_a]-> GO:0097729
GO:0097561 -[is_a]-> GO:0097729
GO:0097562 -[is_a]-> GO:0044463
GO:0097562 -[has_part]-> GO:1902671
GO:0097562 -[has_part]-> GO:1902675
GO:0097563 -[is_a]-> GO:0044463
GO:0097563 -[has_part]-> GO:1902673
GO:0097563 -[has_part]-> GO:1902677
GO:0097564 -[is_a]-> GO:0044463
GO:0097564 -[has_part]-> GO:1902672
GO:0097564 -[has_part]-> GO:1902676
GO:0097565 -[is_a]-> GO:0044463
GO:0097565 -[has_part]-> GO:1902674
GO:0097565 -[has_part]-> GO:1902678
GO:0097566 -[is_a]-> GO:0044463
GO:0097566 -[has_part]-> GO:0097562
GO:0097566 -[has_part]-> GO:0097563
GO:0097567 -[is_a]-> GO:0044463
GO:0097567 -[has_part]-> GO:0097564
GO:0097567 -[has_part]-> GO:0097565
GO:0097568 -[is_a]-> GO:0044430
GO:0097568 -[has_part]-> GO:0005874
GO:0097569 -[is_a]-> GO:0044464
GO:0097569 -[part_of]-> GO:0044297
GO:0097570 -[is_a]-> GO:0005618
GO:0097571 -[is_a]-> GO:0005634
GO:0097572 -[is_a]-> GO:0005634
GO:0097573 -[is_a]-> GO:0015035
GO:0097574 -[is_a]-> GO:0044464
GO:0097575 -[is_a]-> GO:0099738
GO:0097575 -[part_of]-> GO:0097574
GO:0097576 -[is_a]-> GO:0007033
GO:0097576 -[is_a]-> GO:0048284
GO:0097577 -[is_a]-> GO:0051238
GO:0097577 -[part_of]-> GO:0006879
GO:0097578 -[is_a]-> GO:0006878
GO:0097578 -[is_a]-> GO:0051238
GO:0097578 -[is_a]-> GO:1902578
GO:0097579 -[is_a]-> GO:0097578
GO:0097579 -[occurs_in]-> GO:0005576
GO:0097579 -[part_of]-> GO:0006878
GO:0097580 -[is_a]-> GO:0051651
GO:0097580 -[is_a]-> GO:0097578
GO:0097580 -[occurs_in]-> GO:0005622
GO:0097580 -[part_of]-> GO:0006878
GO:0097581 -[is_a]-> GO:0030030
GO:0097582 -[is_a]-> GO:0031502
GO:0097583 -[is_a]-> GO:0031502
GO:0097584 -[is_a]-> GO:0031502
GO:0097585 -[is_a]-> GO:0031502
GO:0097586 -[is_a]-> GO:0031502
GO:0097587 -[is_a]-> GO:0032300
GO:0097588 -[is_a]-> GO:0001539
GO:0097589 -[is_a]-> GO:0042995
GO:0097589 -[is_a]-> GO:0043228
GO:0097590 -[is_a]-> GO:0097588
GO:0097591 -[is_a]-> GO:0044422
GO:0097592 -[is_a]-> GO:0044422
GO:0097592 -[has_part]-> GO:0097593
GO:0097593 -[is_a]-> GO:0044422
GO:0097593 -[has_part]-> GO:0005874
GO:0097594 -[is_a]-> GO:0044422
GO:0097595 -[is_a]-> GO:0044422
GO:0097596 -[is_a]-> GO:0044422
GO:0097596 -[has_part]-> GO:0005874
GO:0097596 -[part_of]-> GO:0097597
GO:0097597 -[is_a]-> GO:0043226
GO:0097597 -[has_part]-> GO:0097591
GO:0097597 -[has_part]-> GO:0097592
GO:0097597 -[has_part]-> GO:0097593
GO:0097597 -[has_part]-> GO:0097594
GO:0097597 -[has_part]-> GO:0097595
GO:0097598 -[is_a]-> GO:0097223
GO:0097598 -[is_a]-> GO:0097708
GO:0097599 -[is_a]-> GO:0004553
GO:0097600 -[is_a]-> GO:0097599
GO:0097601 -[is_a]-> GO:0001895
GO:0097602 -[is_a]-> GO:0005515
GO:0097603 -[is_a]-> GO:0005216
GO:0097603 -[is_a]-> GO:0022836
GO:0097604 -[is_a]-> GO:0005261
GO:0097604 -[is_a]-> GO:0097603
GO:0097605 -[is_a]-> GO:0006998
GO:0097605 -[is_a]-> GO:0065008
GO:0097606 -[is_a]-> GO:0046824
GO:0097606 -[is_a]-> GO:0097605
GO:0097606 -[positively_regulates]-> GO:0006913
GO:0097607 -[is_a]-> GO:0097605
GO:0097608 -[is_a]-> GO:0097729
GO:0097609 -[is_a]-> GO:0097729
GO:0097610 -[is_a]-> GO:0044464
GO:0097610 -[part_of]-> GO:0009986
GO:0097611 -[is_a]-> GO:0097610
GO:0097612 -[is_a]-> GO:0097610
GO:0097613 -[is_a]-> GO:0044464
GO:0097614 -[is_a]-> GO:0044464
GO:0097615 -[is_a]-> GO:0051851
GO:0097616 -[is_a]-> GO:0097615
GO:0097617 -[is_a]-> GO:0003676
GO:0097618 -[is_a]-> GO:0097612
GO:0097619 -[is_a]-> GO:0033643
GO:0097619 -[is_a]-> GO:0043234
GO:0097619 -[is_a]-> GO:0044421
GO:0097619 -[is_a]-> GO:0044422
GO:0097619 -[part_of]-> GO:0020005
GO:0097620 -[is_a]-> GO:0016614
GO:0097621 -[is_a]-> GO:0016641
GO:0097622 -[is_a]-> GO:0002182
GO:0097623 -[is_a]-> GO:0071435
GO:0097624 -[is_a]-> GO:0072334
GO:0097625 -[is_a]-> GO:0015174
GO:0097626 -[is_a]-> GO:0061459
GO:0097626 -[is_a]-> GO:0097625
GO:0097627 -[is_a]-> GO:0000064
GO:0097628 -[is_a]-> GO:0016477
GO:0097629 -[is_a]-> GO:0031312
GO:0097629 -[part_of]-> GO:1903349
GO:0097630 -[is_a]-> GO:0031300
GO:0097630 -[is_a]-> GO:0044424
GO:0097630 -[part_of]-> GO:1903349
GO:0097631 -[is_a]-> GO:0031301
GO:0097631 -[is_a]-> GO:0097630
GO:0097631 -[part_of]-> GO:1903349
GO:0097632 -[is_a]-> GO:0031312
GO:0097632 -[is_a]-> GO:0044444
GO:0097632 -[part_of]-> GO:0034045
GO:0097633 -[is_a]-> GO:0031224
GO:0097633 -[is_a]-> GO:0044444
GO:0097633 -[part_of]-> GO:0034045
GO:0097634 -[is_a]-> GO:0016021
GO:0097634 -[is_a]-> GO:0097633
GO:0097634 -[part_of]-> GO:0034045
GO:0097635 -[is_a]-> GO:0000306
GO:0097635 -[part_of]-> GO:0000421
GO:0097636 -[is_a]-> GO:0031310
GO:0097636 -[part_of]-> GO:0000421
GO:0097637 -[is_a]-> GO:0031166
GO:0097637 -[is_a]-> GO:0097636
GO:0097637 -[part_of]-> GO:0000421
GO:0097638 -[is_a]-> GO:0089718
GO:0097638 -[is_a]-> GO:1902765
GO:0097638 -[is_a]-> GO:1903400
GO:0097639 -[is_a]-> GO:0089718
GO:0097639 -[is_a]-> GO:1903401
GO:0097639 -[is_a]-> GO:1903410
GO:0097640 -[is_a]-> GO:0089718
GO:0097640 -[is_a]-> GO:1903352
GO:0097640 -[is_a]-> GO:1903411
GO:0097641 -[is_a]-> GO:0051213
GO:0097642 -[is_a]-> GO:0008528
GO:0097643 -[is_a]-> GO:0097642
GO:0097644 -[is_a]-> GO:0017046
GO:0097645 -[is_a]-> GO:0097644
GO:0097646 -[is_a]-> GO:0007186
GO:0097647 -[is_a]-> GO:0038042
GO:0097647 -[is_a]-> GO:0097646
GO:0097648 -[is_a]-> GO:0098802
GO:0097648 -[part_of]-> GO:0005887
GO:0097649 -[is_a]-> GO:0005879
GO:0097649 -[part_of]-> GO:0097545
GO:0097650 -[is_a]-> GO:0005879
GO:0097650 -[part_of]-> GO:0097545
GO:0097651 -[is_a]-> GO:0005942
GO:0097652 -[is_a]-> GO:0005942
GO:0097653 -[is_a]-> GO:0044464
GO:0097653 -[has_part]-> GO:0005622
GO:0097653 -[has_part]-> GO:0005886
GO:0097654 -[is_a]-> GO:0031201
GO:0097655 -[is_a]-> GO:0005515
GO:0097656 -[is_a]-> GO:0009988
GO:0097657 -[is_a]-> GO:0016791
GO:0097658 -[is_a]-> GO:0000152
GO:0097658 -[is_a]-> GO:0044453
GO:0097658 -[part_of]-> GO:0005637
GO:0097659 -[is_a]-> GO:0032774
GO:0097660 -[is_a]-> GO:0019005
GO:0097661 -[is_a]-> GO:0019005
GO:0097662 -[is_a]-> GO:0019005
GO:0097663 -[is_a]-> GO:0019005
GO:0097664 -[is_a]-> GO:0019005
GO:0097665 -[is_a]-> GO:0019005
GO:0097666 -[is_a]-> GO:0019005
GO:0097667 -[is_a]-> GO:0019005
GO:0097668 -[is_a]-> GO:0019005
GO:0097669 -[is_a]-> GO:0019005
GO:0097670 -[is_a]-> GO:0019005
GO:0097671 -[is_a]-> GO:0019005
GO:0097672 -[is_a]-> GO:0019005
GO:0097673 -[is_a]-> GO:0019005
GO:0097674 -[is_a]-> GO:0019005
GO:0097675 -[is_a]-> GO:0019005
GO:0097676 -[is_a]-> GO:0010452
GO:0097676 -[is_a]-> GO:0018027
GO:0097677 -[is_a]-> GO:0005515
GO:0097678 -[is_a]-> GO:0005515
GO:0097679 -[is_a]-> GO:0033643
GO:0097679 -[part_of]-> GO:0044216
GO:0097680 -[is_a]-> GO:0006303
GO:0097681 -[is_a]-> GO:0006303
GO:0097682 -[is_a]-> GO:0005217
GO:0097682 -[is_a]-> GO:0005261
GO:0097683 -[is_a]-> GO:0044464
GO:0097683 -[part_of]-> GO:0097613
GO:0097684 -[is_a]-> GO:0044464
GO:0097684 -[part_of]-> GO:0097614
GO:0097685 -[is_a]-> GO:0097610
GO:0097685 -[part_of]-> GO:0097613
GO:0097686 -[is_a]-> GO:0097683
GO:0097687 -[is_a]-> GO:0097684
GO:0097688 -[is_a]-> GO:0072578
GO:0097689 -[is_a]-> GO:0005261
GO:0097689 -[is_a]-> GO:0005381
GO:0097689 -[part_of]-> GO:0034755
GO:0097690 -[is_a]-> GO:0008200
GO:0097690 -[negatively_regulates]-> GO:0097689
GO:0097691 -[is_a]-> GO:1903561
GO:0097692 -[is_a]-> GO:0051568
GO:0097693 -[is_a]-> GO:0043229
GO:0097693 -[has_part]-> GO:0005739
GO:0097693 -[has_part]-> GO:0009536
GO:0097694 -[is_a]-> GO:0051236
GO:0097695 -[is_a]-> GO:0051234
GO:0097695 -[part_of]-> GO:0070727
GO:0097696 -[is_a]-> GO:0035556
GO:0097697 -[is_a]-> GO:0016300
GO:0097698 -[is_a]-> GO:0006284
GO:0097698 -[is_a]-> GO:0043247
GO:0097699 -[is_a]-> GO:0071498
GO:0097700 -[is_a]-> GO:0071499
GO:0097700 -[is_a]-> GO:0097699
GO:0097701 -[is_a]-> GO:0034405
GO:0097702 -[is_a]-> GO:0034405
GO:0097703 -[is_a]-> GO:0071498
GO:0097703 -[is_a]-> GO:0097701
GO:0097704 -[is_a]-> GO:0071498
GO:0097704 -[is_a]-> GO:0097702
GO:0097705 -[is_a]-> GO:0097699
GO:0097705 -[is_a]-> GO:0097703
GO:0097706 -[is_a]-> GO:0097699
GO:0097706 -[is_a]-> GO:0097704
GO:0097707 -[is_a]-> GO:0012501
GO:0097708 -[is_a]-> GO:0031982
GO:0097708 -[is_a]-> GO:0044424
GO:0097708 -[part_of]-> GO:0005622
GO:0097709 -[is_a]-> GO:0048771
GO:0097710 -[is_a]-> GO:0043234
GO:0097710 -[part_of]-> GO:0043493
GO:0097711 -[is_a]-> GO:0022406
GO:0097711 -[part_of]-> GO:0060271
GO:0097712 -[is_a]-> GO:0048199
GO:0097712 -[part_of]-> GO:0060271
GO:0097713 -[is_a]-> GO:0030234
GO:0097714 -[is_a]-> GO:0009628
GO:0097715 -[is_a]-> GO:0071214
GO:0097715 -[is_a]-> GO:0097714
GO:0097716 -[is_a]-> GO:0006825
GO:0097717 -[is_a]-> GO:0006825
GO:0097718 -[is_a]-> GO:0019904
GO:0097719 -[is_a]-> GO:0042246
GO:0097720 -[is_a]-> GO:0019722
GO:0097721 -[is_a]-> GO:0031410
GO:0097722 -[is_a]-> GO:0048870
GO:0097723 -[is_a]-> GO:0097722
GO:0097724 -[is_a]-> GO:0003341
GO:0097725 -[is_a]-> GO:0018027
GO:0097725 -[is_a]-> GO:0034729
GO:0097726 -[is_a]-> GO:0019904
GO:0097727 -[is_a]-> GO:0043232
GO:0097728 -[is_a]-> GO:0031514
GO:0097728 -[has_part]-> GO:0036156
GO:0097728 -[has_part]-> GO:0036157
GO:0097728 -[has_part]-> GO:0097545
GO:0097729 -[is_a]-> GO:0031514
GO:0097729 -[has_part]-> GO:0036156
GO:0097729 -[has_part]-> GO:0036157
GO:0097729 -[has_part]-> GO:0097540
GO:0097729 -[has_part]-> GO:0097545
GO:0097730 -[is_a]-> GO:0005929
GO:0097731 -[is_a]-> GO:0097730
GO:0097732 -[is_a]-> GO:0097730
GO:0097732 -[has_part]-> GO:0036157
GO:0097733 -[is_a]-> GO:0097458
GO:0097733 -[is_a]-> GO:0097732
GO:0097734 -[is_a]-> GO:0044085
GO:0097735 -[is_a]-> GO:0044426
GO:0097735 -[part_of]-> GO:0009275
GO:0097736 -[is_a]-> GO:0019954
GO:0097736 -[is_a]-> GO:0048856
GO:0097737 -[is_a]-> GO:0032502
GO:0097738 -[is_a]-> GO:0019954
GO:0097738 -[is_a]-> GO:0048856
GO:0097739 -[is_a]-> GO:1905569
GO:0097739 -[part_of]-> GO:0071281
GO:0097740 -[is_a]-> GO:0044441
GO:0097740 -[is_a]-> GO:0099080
GO:0097740 -[part_of]-> GO:0097729
GO:0097741 -[is_a]-> GO:0044441
GO:0097741 -[is_a]-> GO:0099080
GO:0097741 -[part_of]-> GO:0031514
GO:0097742 -[is_a]-> GO:0098534
GO:0097743 -[is_a]-> GO:0097742
GO:0098001 -[is_a]-> GO:0046813
GO:0098002 -[is_a]-> GO:0046813
GO:0098003 -[is_a]-> GO:0016032
GO:0098003 -[is_a]-> GO:0022607
GO:0098003 -[part_of]-> GO:0019068
GO:0098004 -[is_a]-> GO:0016032
GO:0098004 -[is_a]-> GO:0022607
GO:0098004 -[part_of]-> GO:0098003
GO:0098005 -[is_a]-> GO:0016032
GO:0098005 -[part_of]-> GO:0019068
GO:0098006 -[is_a]-> GO:0019073
GO:0098009 -[is_a]-> GO:0043234
GO:0098009 -[is_a]-> GO:0044815
GO:0098009 -[is_a]-> GO:1904949
GO:0098009 -[part_of]-> GO:0043493
GO:0098015 -[is_a]-> GO:0044423
GO:0098017 -[is_a]-> GO:0046727
GO:0098018 -[is_a]-> GO:0046727
GO:0098019 -[is_a]-> GO:0044423
GO:0098019 -[part_of]-> GO:0098015
GO:0098020 -[is_a]-> GO:0044423
GO:0098020 -[part_of]-> GO:0098015
GO:0098021 -[is_a]-> GO:0044423
GO:0098021 -[part_of]-> GO:0019028
GO:0098022 -[is_a]-> GO:0098021
GO:0098023 -[is_a]-> GO:0044423
GO:0098023 -[part_of]-> GO:0098015
GO:0098024 -[is_a]-> GO:0044423
GO:0098024 -[part_of]-> GO:0098015
GO:0098025 -[is_a]-> GO:0044423
GO:0098025 -[part_of]-> GO:0098015
GO:0098026 -[is_a]-> GO:0044423
GO:0098026 -[part_of]-> GO:0098015
GO:0098027 -[is_a]-> GO:0044423
GO:0098027 -[part_of]-> GO:0098015
GO:0098028 -[is_a]-> GO:0044423
GO:0098028 -[part_of]-> GO:0098015
GO:0098029 -[is_a]-> GO:0044423
GO:0098029 -[part_of]-> GO:0019030
GO:0098030 -[is_a]-> GO:0044423
GO:0098030 -[part_of]-> GO:0019030
GO:0098031 -[is_a]-> GO:0044423
GO:0098031 -[part_of]-> GO:0019030
GO:0098032 -[is_a]-> GO:0044423
GO:0098032 -[part_of]-> GO:0098031
GO:0098033 -[is_a]-> GO:0044423
GO:0098033 -[part_of]-> GO:0098030
GO:0098035 -[is_a]-> GO:0019073
GO:0098035 -[has_part]-> GO:0019071
GO:0098036 -[is_a]-> GO:0098035
GO:0098037 -[is_a]-> GO:0098035
GO:0098038 -[is_a]-> GO:0006313
GO:0098039 -[is_a]-> GO:0006313
GO:0098039 -[has_part]-> GO:0006260
GO:0098045 -[is_a]-> GO:0016032
GO:0098045 -[is_a]-> GO:0022607
GO:0098045 -[part_of]-> GO:0098003
GO:0098046 -[is_a]-> GO:0043234
GO:0098046 -[is_a]-> GO:0044464
GO:0098061 -[is_a]-> GO:0044423
GO:0098501 -[is_a]-> GO:0006139
GO:0098501 -[is_a]-> GO:0016311
GO:0098501 -[is_a]-> GO:0043170
GO:0098502 -[is_a]-> GO:0006259
GO:0098502 -[is_a]-> GO:0098501
GO:0098503 -[is_a]-> GO:0098502
GO:0098504 -[is_a]-> GO:0098503
GO:0098504 -[part_of]-> GO:0006281
GO:0098505 -[is_a]-> GO:0043047
GO:0098506 -[is_a]-> GO:0098501
GO:0098507 -[is_a]-> GO:0098501
GO:0098508 -[is_a]-> GO:0000904
GO:0098508 -[is_a]-> GO:0060232
GO:0098509 -[is_a]-> GO:0007600
GO:0098510 -[is_a]-> GO:0098509
GO:0098511 -[is_a]-> GO:0098509
GO:0098512 -[is_a]-> GO:0050906
GO:0098512 -[is_a]-> GO:0098513
GO:0098512 -[part_of]-> GO:0098509
GO:0098513 -[is_a]-> GO:0009581
GO:0098513 -[is_a]-> GO:0009582
GO:0098514 -[is_a]-> GO:0098512
GO:0098514 -[is_a]-> GO:0098516
GO:0098514 -[part_of]-> GO:0098510
GO:0098515 -[is_a]-> GO:0098512
GO:0098515 -[is_a]-> GO:0098517
GO:0098515 -[part_of]-> GO:0098511
GO:0098516 -[is_a]-> GO:0098513
GO:0098517 -[is_a]-> GO:0098513
GO:0098518 -[is_a]-> GO:0016791
GO:0098518 -[part_of]-> GO:0098501
GO:0098519 -[is_a]-> GO:0016791
GO:0098520 -[is_a]-> GO:0031594
GO:0098520 -[is_a]-> GO:0060076
GO:0098521 -[is_a]-> GO:0031594
GO:0098521 -[is_a]-> GO:0060077
GO:0098522 -[is_a]-> GO:0098520
GO:0098522 -[is_a]-> GO:0098523
GO:0098523 -[is_a]-> GO:0031594
GO:0098524 -[is_a]-> GO:0098523
GO:0098524 -[is_a]-> GO:0098527
GO:0098525 -[is_a]-> GO:0098520
GO:0098525 -[is_a]-> GO:0098524
GO:0098526 -[is_a]-> GO:0098521
GO:0098526 -[is_a]-> GO:0098524
GO:0098527 -[is_a]-> GO:0031594
GO:0098528 -[is_a]-> GO:0014902
GO:0098528 -[is_a]-> GO:0035914
GO:0098529 -[is_a]-> GO:0007528
GO:0098529 -[part_of]-> GO:0048741
GO:0098530 -[is_a]-> GO:0045911
GO:0098530 -[is_a]-> GO:0060542
GO:0098530 -[positively_regulates]-> GO:0042148
GO:0098531 -[is_a]-> GO:0003700
GO:0098532 -[is_a]-> GO:0070734
GO:0098533 -[is_a]-> GO:1902495
GO:0098533 -[is_a]-> GO:1904949
GO:0098534 -[is_a]-> GO:0007017
GO:0098534 -[is_a]-> GO:0070925
GO:0098534 -[is_a]-> GO:1902589
GO:0098535 -[is_a]-> GO:0097742
GO:0098535 -[part_of]-> GO:1903251
GO:0098536 -[is_a]-> GO:0043232
GO:0098537 -[is_a]-> GO:0005634
GO:0098538 -[is_a]-> GO:0044433
GO:0098538 -[is_a]-> GO:0098576
GO:0098538 -[part_of]-> GO:0030658
GO:0098539 -[is_a]-> GO:0044433
GO:0098539 -[is_a]-> GO:0098562
GO:0098539 -[part_of]-> GO:0030658
GO:0098540 -[is_a]-> GO:0044431
GO:0098540 -[is_a]-> GO:0098538
GO:0098540 -[part_of]-> GO:0012510
GO:0098541 -[is_a]-> GO:0044431
GO:0098541 -[is_a]-> GO:0098539
GO:0098541 -[part_of]-> GO:0012510
GO:0098542 -[is_a]-> GO:0006952
GO:0098542 -[is_a]-> GO:0051707
GO:0098543 -[is_a]-> GO:0051707
GO:0098543 -[is_a]-> GO:0098581
GO:0098544 -[is_a]-> GO:0031503
GO:0098544 -[is_a]-> GO:0051235
GO:0098545 -[is_a]-> GO:0098544
GO:0098545 -[occurs_in]-> GO:0005737
GO:0098546 -[is_a]-> GO:0030551
GO:0098546 -[is_a]-> GO:0032559
GO:0098546 -[is_a]-> GO:0032561
GO:0098547 -[is_a]-> GO:0044431
GO:0098547 -[is_a]-> GO:0098576
GO:0098547 -[part_of]-> GO:0000139
GO:0098548 -[is_a]-> GO:0044431
GO:0098548 -[is_a]-> GO:0098562
GO:0098548 -[part_of]-> GO:0000139
GO:0098549 -[is_a]-> GO:0045171
GO:0098550 -[is_a]-> GO:0098565
GO:0098550 -[part_of]-> GO:0031901
GO:0098551 -[is_a]-> GO:0098565
GO:0098551 -[part_of]-> GO:0031902
GO:0098552 -[is_a]-> GO:0044425
GO:0098552 -[has_part]-> GO:0097478
GO:0098552 -[part_of]-> GO:0016020
GO:0098553 -[is_a]-> GO:0044432
GO:0098553 -[is_a]-> GO:0098552
GO:0098553 -[part_of]-> GO:0005789
GO:0098554 -[is_a]-> GO:0044432
GO:0098554 -[is_a]-> GO:0098562
GO:0098554 -[part_of]-> GO:0005789
GO:0098555 -[is_a]-> GO:0098553
GO:0098555 -[is_a]-> GO:0098576
GO:0098555 -[part_of]-> GO:0030867
GO:0098556 -[is_a]-> GO:0098554
GO:0098556 -[part_of]-> GO:0030867
GO:0098557 -[is_a]-> GO:0097425
GO:0098557 -[is_a]-> GO:0098554
GO:0098557 -[part_of]-> GO:0030868
GO:0098558 -[is_a]-> GO:0097425
GO:0098558 -[is_a]-> GO:0098553
GO:0098558 -[is_a]-> GO:0098576
GO:0098558 -[part_of]-> GO:0030868
GO:0098559 -[is_a]-> GO:0010009
GO:0098559 -[part_of]-> GO:0031901
GO:0098560 -[is_a]-> GO:0010009
GO:0098560 -[part_of]-> GO:0031902
GO:0098561 -[is_a]-> GO:0043234
GO:0098562 -[is_a]-> GO:0098552
GO:0098563 -[is_a]-> GO:0031300
GO:0098563 -[is_a]-> GO:0044433
GO:0098563 -[is_a]-> GO:0044456
GO:0098563 -[is_a]-> GO:0097458
GO:0098563 -[part_of]-> GO:0030672
GO:0098564 -[is_a]-> GO:0005796
GO:0098564 -[is_a]-> GO:0098566
GO:0098564 -[part_of]-> GO:0030140
GO:0098565 -[is_a]-> GO:0044440
GO:0098565 -[is_a]-> GO:0098576
GO:0098565 -[part_of]-> GO:0010008
GO:0098566 -[is_a]-> GO:0060205
GO:0098566 -[part_of]-> GO:0030133
GO:0098567 -[is_a]-> GO:0009897
GO:0098568 -[is_a]-> GO:0031240
GO:0098569 -[is_a]-> GO:0098552
GO:0098570 -[is_a]-> GO:0044435
GO:0098570 -[is_a]-> GO:0098552
GO:0098570 -[part_of]-> GO:0009528
GO:0098571 -[is_a]-> GO:0044435
GO:0098571 -[is_a]-> GO:0044436
GO:0098571 -[is_a]-> GO:0098552
GO:0098571 -[part_of]-> GO:0055035
GO:0098572 -[is_a]-> GO:0044435
GO:0098572 -[is_a]-> GO:0044436
GO:0098572 -[is_a]-> GO:0098552
GO:0098572 -[part_of]-> GO:0055035
GO:0098573 -[is_a]-> GO:0031300
GO:0098573 -[is_a]-> GO:0044455
GO:0098573 -[part_of]-> GO:0031966
GO:0098574 -[is_a]-> GO:0044437
GO:0098574 -[is_a]-> GO:0098562
GO:0098574 -[part_of]-> GO:0005765
GO:0098575 -[is_a]-> GO:0044437
GO:0098575 -[is_a]-> GO:0098576
GO:0098575 -[part_of]-> GO:0005765
GO:0098576 -[is_a]-> GO:0044422
GO:0098576 -[is_a]-> GO:0098552
GO:0098576 -[part_of]-> GO:0031090
GO:0098577 -[is_a]-> GO:0000803
GO:0098578 -[is_a]-> GO:0001739
GO:0098578 -[part_of]-> GO:0098577
GO:0098579 -[is_a]-> GO:0000803
GO:0098580 -[is_a]-> GO:0001739
GO:0098580 -[part_of]-> GO:0098579
GO:0098581 -[is_a]-> GO:0009595
GO:0098581 -[is_a]-> GO:0043207
GO:0098582 -[is_a]-> GO:0071625
GO:0098583 -[is_a]-> GO:0071625
GO:0098583 -[is_a]-> GO:0098598
GO:0098584 -[is_a]-> GO:0044161
GO:0098584 -[part_of]-> GO:0044221
GO:0098585 -[is_a]-> GO:0044162
GO:0098585 -[part_of]-> GO:0098584
GO:0098586 -[is_a]-> GO:0009615
GO:0098588 -[is_a]-> GO:0031090
GO:0098589 -[is_a]-> GO:0016020
GO:0098589 -[is_a]-> GO:0044425
GO:0098589 -[part_of]-> GO:0098805
GO:0098590 -[is_a]-> GO:0016020
GO:0098590 -[is_a]-> GO:0044459
GO:0098590 -[part_of]-> GO:0005886
GO:0098591 -[is_a]-> GO:0009897
GO:0098591 -[part_of]-> GO:0016324
GO:0098592 -[is_a]-> GO:0009898
GO:0098592 -[part_of]-> GO:0016324
GO:0098593 -[is_a]-> GO:0043232
GO:0098593 -[is_a]-> GO:0044430
GO:0098593 -[is_a]-> GO:0044444
GO:0098593 -[part_of]-> GO:0005737
GO:0098593 -[part_of]-> GO:0005856
GO:0098594 -[is_a]-> GO:0030141
GO:0098595 -[is_a]-> GO:0005576
GO:0098596 -[is_a]-> GO:0098597
GO:0098597 -[is_a]-> GO:0007612
GO:0098598 -[is_a]-> GO:0007611
GO:0098599 -[is_a]-> GO:0016787
GO:0098599 -[part_of]-> GO:0098734
GO:0098600 -[is_a]-> GO:0016846
GO:0098601 -[is_a]-> GO:0016765
GO:0098602 -[is_a]-> GO:0007155
GO:0098602 -[is_a]-> GO:0044699
GO:0098603 -[is_a]-> GO:0008168
GO:0098604 -[is_a]-> GO:0016802
GO:0098605 -[is_a]-> GO:0016836
GO:0098606 -[is_a]-> GO:0016846
GO:0098607 -[is_a]-> GO:0016846
GO:0098608 -[is_a]-> GO:0032451
GO:0098609 -[is_a]-> GO:0007155
GO:0098610 -[is_a]-> GO:0098609
GO:0098610 -[is_a]-> GO:0098740
GO:0098611 -[is_a]-> GO:0043690
GO:0098611 -[part_of]-> GO:0036349
GO:0098612 -[is_a]-> GO:0043690
GO:0098612 -[part_of]-> GO:0036350
GO:0098613 -[is_a]-> GO:0008168
GO:0098614 -[is_a]-> GO:0008168
GO:0098615 -[is_a]-> GO:0008168
GO:0098616 -[is_a]-> GO:0070566
GO:0098617 -[is_a]-> GO:0016773
GO:0098618 -[is_a]-> GO:0004812
GO:0098619 -[is_a]-> GO:0004812
GO:0098620 -[is_a]-> GO:0016773
GO:0098621 -[is_a]-> GO:0016785
GO:0098622 -[is_a]-> GO:0015036
GO:0098622 -[is_a]-> GO:0016668
GO:0098623 -[is_a]-> GO:0016651
GO:0098624 -[is_a]-> GO:0016651
GO:0098625 -[is_a]-> GO:0016651
GO:0098626 -[is_a]-> GO:0016651
GO:0098627 -[is_a]-> GO:0004721
GO:0098627 -[part_of]-> GO:0098628
GO:0098628 -[is_a]-> GO:0006470
GO:0098629 -[is_a]-> GO:0061024
GO:0098630 -[is_a]-> GO:0051704
GO:0098630 -[is_a]-> GO:0098743
GO:0098631 -[is_a]-> GO:0005515
GO:0098631 -[part_of]-> GO:0007155
GO:0098632 -[is_a]-> GO:0098631
GO:0098632 -[part_of]-> GO:0098609
GO:0098633 -[is_a]-> GO:0032403
GO:0098634 -[is_a]-> GO:0098631
GO:0098634 -[part_of]-> GO:0007160
GO:0098635 -[is_a]-> GO:0098636
GO:0098636 -[is_a]-> GO:0032991
GO:0098637 -[is_a]-> GO:0098636
GO:0098638 -[is_a]-> GO:0043236
GO:0098638 -[is_a]-> GO:0098634
GO:0098638 -[part_of]-> GO:0007160
GO:0098639 -[is_a]-> GO:0005518
GO:0098639 -[is_a]-> GO:0098634
GO:0098639 -[part_of]-> GO:0007160
GO:0098640 -[is_a]-> GO:0005178
GO:0098640 -[is_a]-> GO:0098634
GO:0098640 -[part_of]-> GO:0007160
GO:0098641 -[is_a]-> GO:0045296
GO:0098641 -[is_a]-> GO:0098632
GO:0098641 -[part_of]-> GO:0098609
GO:0098642 -[is_a]-> GO:0005581
GO:0098642 -[is_a]-> GO:0044420
GO:0098642 -[part_of]-> GO:0098645
GO:0098643 -[is_a]-> GO:0098644
GO:0098644 -[is_a]-> GO:0043234
GO:0098644 -[is_a]-> GO:0044420
GO:0098644 -[has_part]-> GO:0005581
GO:0098644 -[part_of]-> GO:0005578
GO:0098645 -[is_a]-> GO:0098644
GO:0098646 -[is_a]-> GO:0098645
GO:0098647 -[is_a]-> GO:0098644
GO:0098648 -[is_a]-> GO:0098644
GO:0098649 -[is_a]-> GO:0042493
GO:0098650 -[is_a]-> GO:0019899
GO:0098651 -[is_a]-> GO:0005581
GO:0098651 -[is_a]-> GO:0044420
GO:0098651 -[part_of]-> GO:0005604
GO:0098652 -[is_a]-> GO:0098648
GO:0098653 -[is_a]-> GO:0050000
GO:0098653 -[is_a]-> GO:0072765
GO:0098654 -[is_a]-> GO:0043234
GO:0098655 -[is_a]-> GO:0006812
GO:0098655 -[is_a]-> GO:0034220
GO:0098656 -[is_a]-> GO:0006820
GO:0098656 -[is_a]-> GO:0034220
GO:0098657 -[is_a]-> GO:0006810
GO:0098658 -[is_a]-> GO:0015698
GO:0098658 -[is_a]-> GO:0099587
GO:0098659 -[is_a]-> GO:0006812
GO:0098659 -[is_a]-> GO:0099587
GO:0098660 -[is_a]-> GO:0034220
GO:0098661 -[is_a]-> GO:0015698
GO:0098661 -[is_a]-> GO:0098656
GO:0098661 -[is_a]-> GO:0098660
GO:0098662 -[is_a]-> GO:0098655
GO:0098662 -[is_a]-> GO:0098660
GO:0098663 -[is_a]-> GO:0022857
GO:0098663 -[part_of]-> GO:0098657
GO:0098687 -[is_a]-> GO:0044427
GO:0098700 -[is_a]-> GO:0006836
GO:0098700 -[is_a]-> GO:0051649
GO:0098700 -[part_of]-> GO:0099504
GO:0098701 -[is_a]-> GO:0016192
GO:0098701 -[is_a]-> GO:0098657
GO:0098702 -[is_a]-> GO:0061488
GO:0098702 -[is_a]-> GO:0098739
GO:0098702 -[is_a]-> GO:1904823
GO:0098703 -[is_a]-> GO:0097553
GO:0098703 -[is_a]-> GO:0098739
GO:0098703 -[is_a]-> GO:1990035
GO:0098704 -[is_a]-> GO:0034219
GO:0098704 -[is_a]-> GO:0097319
GO:0098704 -[is_a]-> GO:0098739
GO:0098705 -[is_a]-> GO:0015679
GO:0098705 -[is_a]-> GO:0098739
GO:0098705 -[is_a]-> GO:1902861
GO:0098706 -[is_a]-> GO:0097461
GO:0098706 -[is_a]-> GO:0098711
GO:0098707 -[is_a]-> GO:0097460
GO:0098707 -[is_a]-> GO:0098711
GO:0098707 -[is_a]-> GO:1903874
GO:0098708 -[is_a]-> GO:0061490
GO:0098708 -[is_a]-> GO:0098704
GO:0098708 -[is_a]-> GO:1904659
GO:0098709 -[is_a]-> GO:0034775
GO:0098709 -[is_a]-> GO:0036347
GO:0098709 -[is_a]-> GO:0098739
GO:0098710 -[is_a]-> GO:0061489
GO:0098710 -[is_a]-> GO:0098739
GO:0098710 -[is_a]-> GO:1903716
GO:0098711 -[is_a]-> GO:0034755
GO:0098711 -[is_a]-> GO:0097459
GO:0098711 -[is_a]-> GO:0098739
GO:0098712 -[is_a]-> GO:0089711
GO:0098712 -[is_a]-> GO:0098739
GO:0098712 -[is_a]-> GO:1990123
GO:0098713 -[is_a]-> GO:0089718
GO:0098713 -[is_a]-> GO:1990122
GO:0098714 -[is_a]-> GO:0071423
GO:0098714 -[is_a]-> GO:0097405
GO:0098714 -[is_a]-> GO:0098739
GO:0098715 -[is_a]-> GO:0097406
GO:0098715 -[is_a]-> GO:0098739
GO:0098715 -[is_a]-> GO:1901553
GO:0098716 -[is_a]-> GO:0090509
GO:0098716 -[is_a]-> GO:0098659
GO:0098716 -[is_a]-> GO:0098739
GO:0098717 -[is_a]-> GO:0015887
GO:0098717 -[is_a]-> GO:0044755
GO:0098717 -[is_a]-> GO:0098739
GO:0098718 -[is_a]-> GO:0061491
GO:0098718 -[is_a]-> GO:0089718
GO:0098719 -[is_a]-> GO:0098659
GO:0098719 -[is_a]-> GO:0098739
GO:0098719 -[is_a]-> GO:1990118
GO:0098720 -[is_a]-> GO:0071422
GO:0098720 -[is_a]-> GO:0097404
GO:0098720 -[is_a]-> GO:0098739
GO:0098721 -[is_a]-> GO:0098739
GO:0098721 -[is_a]-> GO:1902431
GO:0098721 -[is_a]-> GO:1903791
GO:0098722 -[is_a]-> GO:0008356
GO:0098722 -[is_a]-> GO:0017145
GO:0098723 -[is_a]-> GO:0030016
GO:0098724 -[is_a]-> GO:0017145
GO:0098724 -[is_a]-> GO:0098725
GO:0098725 -[is_a]-> GO:0051301
GO:0098726 -[is_a]-> GO:0098724
GO:0098727 -[is_a]-> GO:0032502
GO:0098728 -[is_a]-> GO:0042078
GO:0098728 -[is_a]-> GO:0098722
GO:0098729 -[is_a]-> GO:0042078
GO:0098729 -[is_a]-> GO:0098724
GO:0098730 -[is_a]-> GO:0098729
GO:0098731 -[is_a]-> GO:0014834
GO:0098731 -[is_a]-> GO:0035019
GO:0098731 -[part_of]-> GO:0043403
GO:0098732 -[is_a]-> GO:0043412
GO:0098733 -[is_a]-> GO:0043234
GO:0098734 -[is_a]-> GO:0098732
GO:0098735 -[is_a]-> GO:0002026
GO:0098736 -[is_a]-> GO:0002026
GO:0098737 -[is_a]-> GO:0051205
GO:0098737 -[is_a]-> GO:0090002
GO:0098739 -[is_a]-> GO:0055085
GO:0098739 -[is_a]-> GO:0098657
GO:0098740 -[is_a]-> GO:0007155
GO:0098740 -[is_a]-> GO:0051704
GO:0098741 -[is_a]-> GO:0098610
GO:0098742 -[is_a]-> GO:0098609
GO:0098743 -[is_a]-> GO:0008150
GO:0098744 -[is_a]-> GO:0019209
GO:0098745 -[is_a]-> GO:0005845
GO:0098745 -[is_a]-> GO:0043234
GO:0098746 -[is_a]-> GO:0048791
GO:0098747 -[is_a]-> GO:0048791
GO:0098748 -[is_a]-> GO:0030674
GO:0098748 -[part_of]-> GO:0006898
GO:0098749 -[is_a]-> GO:0021954
GO:0098749 -[part_of]-> GO:0021549
GO:0098750 -[is_a]-> GO:0019904
GO:0098751 -[is_a]-> GO:0048468
GO:0098751 -[part_of]-> GO:0060348
GO:0098752 -[is_a]-> GO:0005887
GO:0098752 -[is_a]-> GO:0031235
GO:0098752 -[part_of]-> GO:0009898
GO:0098753 -[is_a]-> GO:0031235
GO:0098753 -[is_a]-> GO:0046658
GO:0098753 -[part_of]-> GO:0009898
GO:0098754 -[is_a]-> GO:0008150
GO:0098754 -[part_of]-> GO:0009636
GO:0098755 -[is_a]-> GO:0010231
GO:0098755 -[part_of]-> GO:0009737
GO:0098756 -[is_a]-> GO:0034097
GO:0098757 -[is_a]-> GO:0098756
GO:0098758 -[is_a]-> GO:0034097
GO:0098759 -[is_a]-> GO:0071345
GO:0098759 -[is_a]-> GO:0098758
GO:0098760 -[is_a]-> GO:0034097
GO:0098761 -[is_a]-> GO:0071345
GO:0098761 -[is_a]-> GO:0098760
GO:0098762 -[is_a]-> GO:0022403
GO:0098762 -[happens_during]-> GO:0051321
GO:0098763 -[is_a]-> GO:0022403
GO:0098763 -[happens_during]-> GO:0000278
GO:0098764 -[is_a]-> GO:0098762
GO:0098765 -[is_a]-> GO:0098762
GO:0098768 -[is_a]-> GO:0098764
GO:0098769 -[is_a]-> GO:0005515
GO:0098770 -[is_a]-> GO:0005515
GO:0098771 -[is_a]-> GO:0050801
GO:0098772 -[is_a]-> GO:0003674
GO:0098772 -[regulates]-> GO:0003674
GO:0098773 -[is_a]-> GO:0008544
GO:0098773 -[is_a]-> GO:0060429
GO:0098773 -[part_of]-> GO:0043588
GO:0098774 -[is_a]-> GO:0032991
GO:0098774 -[is_a]-> GO:0097312
GO:0098774 -[part_of]-> GO:0097311
GO:0098775 -[is_a]-> GO:0065003
GO:0098775 -[is_a]-> GO:0098785
GO:0098776 -[is_a]-> GO:0071806
GO:0098777 -[is_a]-> GO:0098776
GO:0098778 -[is_a]-> GO:0098777
GO:0098779 -[is_a]-> GO:0000423
GO:0098779 -[part_of]-> GO:0098780
GO:0098780 -[is_a]-> GO:0033554
GO:0098781 -[is_a]-> GO:0006351
GO:0098781 -[is_a]-> GO:0034660
GO:0098782 -[is_a]-> GO:0005267
GO:0098782 -[is_a]-> GO:0008381
GO:0098783 -[is_a]-> GO:1903047
GO:0098783 -[part_of]-> GO:0007080
GO:0098784 -[is_a]-> GO:0030198
GO:0098785 -[is_a]-> GO:0085029
GO:0098785 -[is_a]-> GO:0098784
GO:0098785 -[part_of]-> GO:0042710
GO:0098786 -[is_a]-> GO:0022617
GO:0098786 -[is_a]-> GO:0098784
GO:0098787 -[is_a]-> GO:0006379
GO:0098787 -[part_of]-> GO:0006397
GO:0098788 -[is_a]-> GO:0044292
GO:0098789 -[is_a]-> GO:0098787
GO:0098789 -[has_part]-> GO:0004521
GO:0098789 -[part_of]-> GO:0031124
GO:0098790 -[is_a]-> GO:0098781
GO:0098791 -[is_a]-> GO:0031984
GO:0098791 -[is_a]-> GO:0044431
GO:0098791 -[part_of]-> GO:0005794
GO:0098792 -[is_a]-> GO:0016236
GO:0098792 -[part_of]-> GO:0098542
GO:0098793 -[is_a]-> GO:0044456
GO:0098793 -[is_a]-> GO:0097458
GO:0098793 -[part_of]-> GO:0045202
GO:0098794 -[is_a]-> GO:0044456
GO:0098794 -[is_a]-> GO:0044464
GO:0098794 -[part_of]-> GO:0045202
GO:0098795 -[is_a]-> GO:0006379
GO:0098795 -[part_of]-> GO:0016458
GO:0098796 -[is_a]-> GO:0043234
GO:0098796 -[is_a]-> GO:0044425
GO:0098796 -[part_of]-> GO:0016020
GO:0098797 -[is_a]-> GO:0044459
GO:0098797 -[is_a]-> GO:0098796
GO:0098797 -[part_of]-> GO:0005886
GO:0098798 -[is_a]-> GO:0043234
GO:0098798 -[is_a]-> GO:0044429
GO:0098798 -[part_of]-> GO:0005739
GO:0098799 -[is_a]-> GO:0044455
GO:0098799 -[is_a]-> GO:0098796
GO:0098799 -[is_a]-> GO:0098798
GO:0098799 -[part_of]-> GO:0005741
GO:0098800 -[is_a]-> GO:0044455
GO:0098800 -[is_a]-> GO:0098796
GO:0098800 -[is_a]-> GO:0098798
GO:0098800 -[part_of]-> GO:0005743
GO:0098801 -[is_a]-> GO:0044057
GO:0098801 -[regulates]-> GO:0003014
GO:0098802 -[is_a]-> GO:0043235
GO:0098802 -[is_a]-> GO:0044459
GO:0098802 -[part_of]-> GO:0005886
GO:0098803 -[is_a]-> GO:0098796
GO:0098803 -[part_of]-> GO:0070469
GO:0098804 -[is_a]-> GO:0060170
GO:0098805 -[is_a]-> GO:0016020
GO:0098806 -[is_a]-> GO:0000289
GO:0098806 -[part_of]-> GO:0035195
GO:0098807 -[is_a]-> GO:0044434
GO:0098807 -[is_a]-> GO:0044436
GO:0098807 -[is_a]-> GO:0098796
GO:0098807 -[part_of]-> GO:0009535
GO:0098808 -[is_a]-> GO:0000339
GO:0098809 -[is_a]-> GO:0016661
GO:0098810 -[is_a]-> GO:0001504
GO:0098810 -[is_a]-> GO:0051649
GO:0098810 -[occurs_in]-> GO:0098793
GO:0098811 -[is_a]-> GO:0001191
GO:0098811 -[has_part]-> GO:0001102
GO:0098811 -[part_of]-> GO:0000122
GO:0098812 -[is_a]-> GO:0043630
GO:0098812 -[part_of]-> GO:0071035
GO:0098813 -[is_a]-> GO:0007059
GO:0098813 -[is_a]-> GO:0022402
GO:0098813 -[part_of]-> GO:0007049
GO:0098814 -[is_a]-> GO:0007268
GO:0098814 -[has_part]-> GO:0061669
GO:0098815 -[is_a]-> GO:0009966
GO:0098815 -[is_a]-> GO:0042391
GO:0098815 -[is_a]-> GO:0050804
GO:0098815 -[regulates]-> GO:0060079
GO:0098816 -[is_a]-> GO:0060079
GO:0098817 -[is_a]-> GO:0060079
GO:0098818 -[is_a]-> GO:0060078
GO:0098819 -[is_a]-> GO:0060078
GO:0098820 -[is_a]-> GO:0043234
GO:0098821 -[is_a]-> GO:0004675
GO:0098821 -[part_of]-> GO:0030509
GO:0098822 -[is_a]-> GO:0018198
GO:0098823 -[is_a]-> GO:0018198
GO:0098824 -[is_a]-> GO:0018198
GO:0098825 -[is_a]-> GO:0018117
GO:0098825 -[is_a]-> GO:0018202
GO:0098826 -[is_a]-> GO:0005789
GO:0098827 -[is_a]-> GO:0031984
GO:0098827 -[is_a]-> GO:0044432
GO:0098827 -[part_of]-> GO:0005783
GO:0098828 -[is_a]-> GO:0009966
GO:0098828 -[is_a]-> GO:0042391
GO:0098828 -[is_a]-> GO:0050804
GO:0098828 -[regulates]-> GO:0060080
GO:0098829 -[is_a]-> GO:0015884
GO:0098829 -[is_a]-> GO:0044707
GO:0098829 -[is_a]-> GO:0050892
GO:0098830 -[is_a]-> GO:0005768
GO:0098830 -[is_a]-> GO:0044456
GO:0098830 -[is_a]-> GO:0097458
GO:0098830 -[part_of]-> GO:0098793
GO:0098831 -[is_a]-> GO:0044456
GO:0098831 -[is_a]-> GO:0097458
GO:0098831 -[is_a]-> GO:0099738
GO:0098831 -[part_of]-> GO:0048786
GO:0098832 -[is_a]-> GO:0055037
GO:0098833 -[is_a]-> GO:0044456
GO:0098833 -[is_a]-> GO:0097458
GO:0098833 -[part_of]-> GO:0098793
GO:0098834 -[is_a]-> GO:0044456
GO:0098834 -[is_a]-> GO:0097458
GO:0098834 -[is_a]-> GO:0099738
GO:0098834 -[part_of]-> GO:0098833
GO:0098835 -[is_a]-> GO:0097060
GO:0098835 -[is_a]-> GO:0097458
GO:0098835 -[part_of]-> GO:0042734
GO:0098835 -[part_of]-> GO:0098833
GO:0098836 -[is_a]-> GO:0044463
GO:0098836 -[is_a]-> GO:0097458
GO:0098836 -[is_a]-> GO:0099571
GO:0098836 -[part_of]-> GO:0043197
GO:0098837 -[is_a]-> GO:0055037
GO:0098837 -[is_a]-> GO:0098845
GO:0098837 -[part_of]-> GO:0098794
GO:0098838 -[is_a]-> GO:0042886
GO:0098838 -[is_a]-> GO:0055085
GO:0098839 -[is_a]-> GO:0099634
GO:0098839 -[part_of]-> GO:0045211
GO:0098840 -[is_a]-> GO:0006886
GO:0098840 -[is_a]-> GO:0010970
GO:0098841 -[is_a]-> GO:0072741
GO:0098842 -[is_a]-> GO:0005769
GO:0098842 -[is_a]-> GO:0098845
GO:0098842 -[part_of]-> GO:0098794
GO:0098843 -[is_a]-> GO:0044456
GO:0098843 -[is_a]-> GO:0044464
GO:0098843 -[has_part]-> GO:0030118
GO:0098843 -[part_of]-> GO:0098794
GO:0098844 -[is_a]-> GO:0097060
GO:0098844 -[part_of]-> GO:0045211
GO:0098844 -[part_of]-> GO:0098843
GO:0098845 -[is_a]-> GO:0005768
GO:0098845 -[is_a]-> GO:0044456
GO:0098845 -[part_of]-> GO:0098794
GO:0098846 -[is_a]-> GO:0042995
GO:0098847 -[is_a]-> GO:0003697
GO:0098847 -[is_a]-> GO:0043565
GO:0098848 -[is_a]-> GO:0018835
GO:0098849 -[is_a]-> GO:0071585
GO:0098849 -[is_a]-> GO:1990748
GO:0098849 -[part_of]-> GO:0071276
GO:0098850 -[is_a]-> GO:0031312
GO:0098850 -[is_a]-> GO:0044433
GO:0098850 -[is_a]-> GO:0044456
GO:0098850 -[is_a]-> GO:0097458
GO:0098850 -[part_of]-> GO:0030672
GO:0098851 -[is_a]-> GO:0003725
GO:0098852 -[is_a]-> GO:0005774
GO:0098853 -[is_a]-> GO:0044232
GO:0098854 -[is_a]-> GO:0042995
GO:0098855 -[is_a]-> GO:0008076
GO:0098855 -[is_a]-> GO:0098797
GO:0098856 -[is_a]-> GO:0006869
GO:0098856 -[is_a]-> GO:0044707
GO:0098856 -[is_a]-> GO:0050892
GO:0098857 -[is_a]-> GO:0098589
GO:0098858 -[is_a]-> GO:0042995
GO:0098858 -[has_part]-> GO:0005884
GO:0098859 -[is_a]-> GO:0044463
GO:0098859 -[is_a]-> GO:0097518
GO:0098859 -[part_of]-> GO:0098858
GO:0098860 -[is_a]-> GO:0097458
GO:0098860 -[is_a]-> GO:0098859
GO:0098860 -[part_of]-> GO:0032420
GO:0098861 -[is_a]-> GO:0098859
GO:0098861 -[part_of]-> GO:0030175
GO:0098862 -[is_a]-> GO:0044464
GO:0098862 -[has_part]-> GO:0098858
GO:0098863 -[is_a]-> GO:0007097
GO:0098864 -[is_a]-> GO:0044067
GO:0098865 -[is_a]-> GO:0098864
GO:0098866 -[is_a]-> GO:0045026
GO:0098866 -[is_a]-> GO:0090174
GO:0098866 -[part_of]-> GO:1990182
GO:0098867 -[is_a]-> GO:0098868
GO:0098868 -[is_a]-> GO:0035265
GO:0098869 -[is_a]-> GO:1990748
GO:0098870 -[is_a]-> GO:0001508
GO:0098871 -[is_a]-> GO:0015629
GO:0098871 -[is_a]-> GO:0099571
GO:0098871 -[part_of]-> GO:0098794
GO:0098872 -[is_a]-> GO:0099528
GO:0098872 -[is_a]-> GO:0099583
GO:0098872 -[occurs_in]-> GO:0045211
GO:0098872 -[part_of]-> GO:0099566
GO:0098873 -[is_a]-> GO:0098870
GO:0098874 -[is_a]-> GO:0042391
GO:0098874 -[has_part]-> GO:0001508
GO:0098875 -[is_a]-> GO:1990742
GO:0098876 -[is_a]-> GO:0016192
GO:0098877 -[is_a]-> GO:0044765
GO:0098877 -[is_a]-> GO:0072657
GO:0098877 -[is_a]-> GO:0090002
GO:0098877 -[is_a]-> GO:0098876
GO:0098877 -[is_a]-> GO:0099637
GO:0098877 -[is_a]-> GO:1990778
GO:0098878 -[is_a]-> GO:0043235
GO:0098879 -[is_a]-> GO:0098918
GO:0098879 -[part_of]-> GO:0098880
GO:0098880 -[is_a]-> GO:0097106
GO:0098880 -[is_a]-> GO:0099558
GO:0098880 -[is_a]-> GO:1902589
GO:0098881 -[is_a]-> GO:0006887
GO:0098881 -[part_of]-> GO:0098877
GO:0098882 -[is_a]-> GO:0098918
GO:0098882 -[part_of]-> GO:0048790
GO:0098883 -[is_a]-> GO:0022411
GO:0098883 -[is_a]-> GO:0050808
GO:0098884 -[is_a]-> GO:0099072
GO:0098884 -[is_a]-> GO:0099590
GO:0098885 -[is_a]-> GO:0099010
GO:0098886 -[is_a]-> GO:0099010
GO:0098887 -[is_a]-> GO:0098969
GO:0098887 -[is_a]-> GO:0099639
GO:0098888 -[is_a]-> GO:0019897
GO:0098888 -[is_a]-> GO:0044456
GO:0098888 -[is_a]-> GO:0097458
GO:0098888 -[part_of]-> GO:0042734
GO:0098889 -[is_a]-> GO:0031226
GO:0098889 -[is_a]-> GO:0044456
GO:0098889 -[is_a]-> GO:0097458
GO:0098889 -[part_of]-> GO:0042734
GO:0098890 -[is_a]-> GO:0019897
GO:0098890 -[is_a]-> GO:0044456
GO:0098890 -[part_of]-> GO:0045211
GO:0098891 -[is_a]-> GO:0098888
GO:0098891 -[part_of]-> GO:0048787
GO:0098892 -[is_a]-> GO:0098890
GO:0098892 -[part_of]-> GO:0099634
GO:0098893 -[is_a]-> GO:0098890
GO:0098893 -[part_of]-> GO:0098844
GO:0098894 -[is_a]-> GO:0098888
GO:0098894 -[part_of]-> GO:0098835
GO:0098895 -[is_a]-> GO:0010008
GO:0098895 -[is_a]-> GO:0044456
GO:0098895 -[part_of]-> GO:0098845
GO:0098896 -[is_a]-> GO:0031901
GO:0098896 -[is_a]-> GO:0098895
GO:0098896 -[part_of]-> GO:0098842
GO:0098897 -[is_a]-> GO:0044456
GO:0098897 -[is_a]-> GO:0044463
GO:0098897 -[is_a]-> GO:0097458
GO:0098897 -[is_a]-> GO:0098588
GO:0098897 -[is_a]-> GO:0098805
GO:0098897 -[part_of]-> GO:0097444
GO:0098898 -[is_a]-> GO:0034774
GO:0098898 -[part_of]-> GO:0031045
GO:0098899 -[is_a]-> GO:0034592
GO:0098899 -[is_a]-> GO:0044463
GO:0098899 -[part_of]-> GO:0008021
GO:0098899 -[part_of]-> GO:0097444
GO:0098900 -[is_a]-> GO:0042391
GO:0098900 -[is_a]-> GO:0050789
GO:0098900 -[regulates]-> GO:0001508
GO:0098901 -[is_a]-> GO:0098900
GO:0098901 -[regulates]-> GO:0086001
GO:0098902 -[is_a]-> GO:0003254
GO:0098902 -[is_a]-> GO:0098900
GO:0098902 -[regulates]-> GO:0086010
GO:0098903 -[is_a]-> GO:0060306
GO:0098903 -[is_a]-> GO:0098900
GO:0098903 -[regulates]-> GO:0086011
GO:0098904 -[is_a]-> GO:0010646
GO:0098904 -[is_a]-> GO:0098901
GO:0098904 -[is_a]-> GO:1903779
GO:0098904 -[regulates]-> GO:0086016
GO:0098905 -[is_a]-> GO:0010646
GO:0098905 -[is_a]-> GO:0098901
GO:0098905 -[is_a]-> GO:1903779
GO:0098905 -[regulates]-> GO:0086043
GO:0098906 -[is_a]-> GO:0010646
GO:0098906 -[is_a]-> GO:0098901
GO:0098906 -[is_a]-> GO:1903779
GO:0098906 -[regulates]-> GO:0086017
GO:0098907 -[is_a]-> GO:0010646
GO:0098907 -[is_a]-> GO:0098901
GO:0098907 -[is_a]-> GO:1903779
GO:0098907 -[regulates]-> GO:0086015
GO:0098908 -[is_a]-> GO:0051969
GO:0098908 -[is_a]-> GO:0098900
GO:0098908 -[regulates]-> GO:0019228
GO:0098909 -[is_a]-> GO:0098901
GO:0098909 -[part_of]-> GO:0086004
GO:0098909 -[regulates]-> GO:0086001
GO:0098910 -[is_a]-> GO:0010646
GO:0098910 -[is_a]-> GO:0086004
GO:0098910 -[is_a]-> GO:0098901
GO:0098910 -[is_a]-> GO:1903779
GO:0098910 -[regulates]-> GO:0086014
GO:0098911 -[is_a]-> GO:0086004
GO:0098911 -[is_a]-> GO:0098901
GO:0098911 -[regulates]-> GO:0086005
GO:0098912 -[is_a]-> GO:0086012
GO:0098912 -[part_of]-> GO:0086014
GO:0098913 -[is_a]-> GO:0086012
GO:0098913 -[part_of]-> GO:0086005
GO:0098914 -[is_a]-> GO:0086013
GO:0098914 -[is_a]-> GO:0099624
GO:0098914 -[part_of]-> GO:0086014
GO:0098915 -[is_a]-> GO:0086013
GO:0098915 -[is_a]-> GO:0099625
GO:0098915 -[part_of]-> GO:0086005
GO:0098916 -[is_a]-> GO:0099537
GO:0098917 -[is_a]-> GO:0099537
GO:0098918 -[is_a]-> GO:0005198
GO:0098918 -[part_of]-> GO:0050808
GO:0098919 -[is_a]-> GO:0098879
GO:0098919 -[part_of]-> GO:0099562
GO:0098920 -[is_a]-> GO:0098917
GO:0098920 -[is_a]-> GO:0099541
GO:0098921 -[is_a]-> GO:0098920
GO:0098921 -[is_a]-> GO:0099542
GO:0098922 -[is_a]-> GO:0031312
GO:0098922 -[is_a]-> GO:0044433
GO:0098922 -[part_of]-> GO:0032127
GO:0098923 -[is_a]-> GO:0098917
GO:0098923 -[is_a]-> GO:0099543
GO:0098924 -[is_a]-> GO:0098923
GO:0098924 -[is_a]-> GO:0099548
GO:0098925 -[is_a]-> GO:0098924
GO:0098925 -[is_a]-> GO:0099555
GO:0098925 -[regulates]-> GO:0007268
GO:0098926 -[is_a]-> GO:0007165
GO:0098926 -[part_of]-> GO:0099536
GO:0098927 -[is_a]-> GO:0016192
GO:0098927 -[is_a]-> GO:0016197
GO:0098928 -[is_a]-> GO:0007165
GO:0098929 -[is_a]-> GO:0031312
GO:0098929 -[is_a]-> GO:0044456
GO:0098929 -[is_a]-> GO:0044463
GO:0098929 -[is_a]-> GO:0097458
GO:0098929 -[part_of]-> GO:0098897
GO:0098930 -[is_a]-> GO:0008088
GO:0098930 -[occurs_in]-> GO:0030424
GO:0098931 -[is_a]-> GO:0019062
GO:0098932 -[is_a]-> GO:0044661
GO:0098932 -[is_a]-> GO:0052009
GO:0098932 -[is_a]-> GO:0098994
GO:0098932 -[part_of]-> GO:0046718
GO:0098933 -[is_a]-> GO:0052008
GO:0098933 -[is_a]-> GO:0052020
GO:0098933 -[is_a]-> GO:0052339
GO:0098934 -[is_a]-> GO:0098935
GO:0098934 -[occurs_in]-> GO:0032839
GO:0098935 -[is_a]-> GO:0008088
GO:0098935 -[occurs_in]-> GO:0030425
GO:0098936 -[is_a]-> GO:0031226
GO:0098936 -[is_a]-> GO:0044456
GO:0098936 -[part_of]-> GO:0045211
GO:0098937 -[is_a]-> GO:0098935
GO:0098937 -[occurs_in]-> GO:0032839
GO:0098938 -[is_a]-> GO:0098836
GO:0098938 -[is_a]-> GO:0098871
GO:0098938 -[part_of]-> GO:0043197
GO:0098939 -[is_a]-> GO:0047497
GO:0098939 -[is_a]-> GO:0098935
GO:0098939 -[occurs_in]-> GO:0032839
GO:0098940 -[is_a]-> GO:0098916
GO:0098940 -[is_a]-> GO:0099548
GO:0098941 -[is_a]-> GO:0098916
GO:0098941 -[is_a]-> GO:0099545
GO:0098942 -[is_a]-> GO:0098923
GO:0098942 -[is_a]-> GO:0099545
GO:0098943 -[is_a]-> GO:0007041
GO:0098943 -[is_a]-> GO:0016192
GO:0098943 -[is_a]-> GO:0016197
GO:0098943 -[is_a]-> GO:0061462
GO:0098943 -[is_a]-> GO:0072666
GO:0098943 -[is_a]-> GO:0099637
GO:0098944 -[is_a]-> GO:0098895
GO:0098944 -[part_of]-> GO:0098837
GO:0098945 -[is_a]-> GO:0098889
GO:0098945 -[part_of]-> GO:0048787
GO:0098946 -[is_a]-> GO:0098889
GO:0098946 -[part_of]-> GO:0098835
GO:0098947 -[is_a]-> GO:0098936
GO:0098947 -[part_of]-> GO:0098844
GO:0098948 -[is_a]-> GO:0098936
GO:0098948 -[part_of]-> GO:0099634
GO:0098949 -[is_a]-> GO:0031302
GO:0098949 -[is_a]-> GO:0044456
GO:0098949 -[part_of]-> GO:0098895
GO:0098950 -[is_a]-> GO:0098949
GO:0098950 -[part_of]-> GO:0098896
GO:0098951 -[is_a]-> GO:0098949
GO:0098951 -[part_of]-> GO:0098944
GO:0098952 -[is_a]-> GO:0031300
GO:0098952 -[is_a]-> GO:0044456
GO:0098952 -[is_a]-> GO:0044463
GO:0098952 -[is_a]-> GO:0097458
GO:0098952 -[part_of]-> GO:0098897
GO:0098953 -[is_a]-> GO:0051668
GO:0098953 -[occurs_in]-> GO:0005886
GO:0098954 -[is_a]-> GO:0010008
GO:0098954 -[is_a]-> GO:0044456
GO:0098954 -[is_a]-> GO:0097458
GO:0098954 -[part_of]-> GO:0098830
GO:0098955 -[is_a]-> GO:0031302
GO:0098955 -[is_a]-> GO:0044456
GO:0098955 -[is_a]-> GO:0097458
GO:0098955 -[part_of]-> GO:0098954
GO:0098956 -[is_a]-> GO:0031300
GO:0098956 -[is_a]-> GO:0044433
GO:0098956 -[part_of]-> GO:0032127
GO:0098957 -[is_a]-> GO:0008089
GO:0098957 -[is_a]-> GO:0019896
GO:0098957 -[occurs_in]-> GO:1904115
GO:0098958 -[is_a]-> GO:0008090
GO:0098958 -[is_a]-> GO:0019896
GO:0098958 -[occurs_in]-> GO:1904115
GO:0098959 -[is_a]-> GO:0098939
GO:0098959 -[occurs_in]-> GO:0032839
GO:0098960 -[is_a]-> GO:0030594
GO:0098960 -[occurs_in]-> GO:0045211
GO:0098960 -[part_of]-> GO:0007268
GO:0098960 -[part_of]-> GO:0099565
GO:0098961 -[is_a]-> GO:0098935
GO:0098961 -[occurs_in]-> GO:0032839
GO:0098962 -[is_a]-> GO:0050804
GO:0098962 -[is_a]-> GO:0099601
GO:0098962 -[regulates]-> GO:0098960
GO:0098963 -[is_a]-> GO:0098961
GO:0098963 -[occurs_in]-> GO:0032839
GO:0098964 -[is_a]-> GO:0098937
GO:0098964 -[is_a]-> GO:0098963
GO:0098964 -[occurs_in]-> GO:0032839
GO:0098965 -[is_a]-> GO:0005578
GO:0098965 -[is_a]-> GO:0044420
GO:0098965 -[is_a]-> GO:0044456
GO:0098965 -[part_of]-> GO:0043083
GO:0098965 -[part_of]-> GO:0099535
GO:0098966 -[is_a]-> GO:0005578
GO:0098966 -[is_a]-> GO:0044420
GO:0098966 -[is_a]-> GO:0044456
GO:0098966 -[part_of]-> GO:0043083
GO:0098966 -[part_of]-> GO:0099535
GO:0098967 -[is_a]-> GO:0098881
GO:0098967 -[is_a]-> GO:0099072
GO:0098967 -[part_of]-> GO:0098969
GO:0098968 -[is_a]-> GO:0016192
GO:0098968 -[is_a]-> GO:0016197
GO:0098968 -[is_a]-> GO:0035418
GO:0098968 -[is_a]-> GO:0072594
GO:0098968 -[is_a]-> GO:0099637
GO:0098968 -[is_a]-> GO:1902946
GO:0098969 -[is_a]-> GO:0098877
GO:0098969 -[is_a]-> GO:1903539
GO:0098969 -[is_a]-> GO:1903540
GO:0098970 -[is_a]-> GO:0097120
GO:0098970 -[is_a]-> GO:0099072
GO:0098970 -[is_a]-> GO:0099628
GO:0098970 -[occurs_in]-> GO:0045211
GO:0098971 -[is_a]-> GO:0098937
GO:0098971 -[occurs_in]-> GO:0032839
GO:0098972 -[is_a]-> GO:0098937
GO:0098972 -[is_a]-> GO:0098939
GO:0098972 -[occurs_in]-> GO:0032839
GO:0098973 -[is_a]-> GO:0005200
GO:0098973 -[is_a]-> GO:0098918
GO:0098973 -[part_of]-> GO:0098974
GO:0098974 -[is_a]-> GO:0030036
GO:0098975 -[is_a]-> GO:0098794
GO:0098975 -[part_of]-> GO:0031594
GO:0098976 -[is_a]-> GO:0007268
GO:0098976 -[has_part]-> GO:0060079
GO:0098977 -[is_a]-> GO:0007268
GO:0098977 -[has_part]-> GO:0060080
GO:0098978 -[is_a]-> GO:0045202
GO:0098979 -[is_a]-> GO:0045202
GO:0098980 -[is_a]-> GO:0048788
GO:0098981 -[is_a]-> GO:0045202
GO:0098982 -[is_a]-> GO:0045202
GO:0098983 -[is_a]-> GO:0032280
GO:0098983 -[is_a]-> GO:0060077
GO:0098983 -[is_a]-> GO:0098982
GO:0098984 -[is_a]-> GO:0045202
GO:0098985 -[is_a]-> GO:0032279
GO:0098985 -[is_a]-> GO:0060076
GO:0098985 -[is_a]-> GO:0098978
GO:0098986 -[is_a]-> GO:0098980
GO:0098987 -[is_a]-> GO:0050804
GO:0098987 -[is_a]-> GO:1905244
GO:0098987 -[regulates]-> GO:0007268
GO:0098988 -[is_a]-> GO:0004930
GO:0098988 -[is_a]-> GO:0008066
GO:0098989 -[is_a]-> GO:0035235
GO:0098990 -[is_a]-> GO:0035235
GO:0098991 -[is_a]-> GO:0035235
GO:0098992 -[is_a]-> GO:0031045
GO:0098992 -[is_a]-> GO:0097458
GO:0098993 -[is_a]-> GO:0031225
GO:0098993 -[is_a]-> GO:0098563
GO:0098993 -[part_of]-> GO:0030672
GO:0098994 -[is_a]-> GO:0098933
GO:0098994 -[part_of]-> GO:0046718
GO:0098995 -[is_a]-> GO:0044661
GO:0098995 -[is_a]-> GO:0052009
GO:0098995 -[is_a]-> GO:0098994
GO:0098995 -[part_of]-> GO:0046718
GO:0098996 -[is_a]-> GO:0098994
GO:0098996 -[part_of]-> GO:0046718
GO:0098997 -[is_a]-> GO:0019064
GO:0098998 -[is_a]-> GO:0098999
GO:0098998 -[part_of]-> GO:0098896
GO:0098999 -[is_a]-> GO:0031313
GO:0098999 -[is_a]-> GO:0044456
GO:0098999 -[part_of]-> GO:0098895
GO:0099000 -[is_a]-> GO:0039678
GO:0099001 -[is_a]-> GO:0039678
GO:0099002 -[is_a]-> GO:0039678
GO:0099003 -[is_a]-> GO:0016192
GO:0099003 -[occurs_in]-> GO:0045202
GO:0099004 -[is_a]-> GO:0007165
GO:0099004 -[has_part]-> GO:0004683
GO:0099005 -[is_a]-> GO:0098999
GO:0099005 -[part_of]-> GO:0098944
GO:0099006 -[is_a]-> GO:0046718
GO:0099007 -[is_a]-> GO:0031313
GO:0099007 -[is_a]-> GO:0044456
GO:0099007 -[is_a]-> GO:0097458
GO:0099007 -[part_of]-> GO:0098954
GO:0099008 -[is_a]-> GO:0046718
GO:0099009 -[is_a]-> GO:0016032
GO:0099010 -[is_a]-> GO:0099563
GO:0099011 -[is_a]-> GO:1990504
GO:0099012 -[is_a]-> GO:0032127
GO:0099012 -[is_a]-> GO:0097458
GO:0099012 -[part_of]-> GO:0031045
GO:0099013 -[is_a]-> GO:0097458
GO:0099013 -[is_a]-> GO:0098898
GO:0099013 -[part_of]-> GO:0098992
GO:0099014 -[is_a]-> GO:0061109
GO:0099015 -[is_a]-> GO:0039637
GO:0099016 -[is_a]-> GO:0019049
GO:0099017 -[is_a]-> GO:0032507
GO:0099017 -[occurs_in]-> GO:0051286
GO:0099018 -[is_a]-> GO:0019049
GO:0099019 -[is_a]-> GO:0099017
GO:0099019 -[occurs_in]-> GO:0035838
GO:0099020 -[is_a]-> GO:0005788
GO:0099020 -[part_of]-> GO:0097038
GO:0099021 -[is_a]-> GO:0005788
GO:0099021 -[is_a]-> GO:0044448
GO:0099021 -[part_of]-> GO:0032541
GO:0099022 -[is_a]-> GO:0016043
GO:0099022 -[part_of]-> GO:0006903
GO:0099023 -[is_a]-> GO:0032991
GO:0099024 -[is_a]-> GO:0010324
GO:0099025 -[is_a]-> GO:0046658
GO:0099025 -[is_a]-> GO:0098936
GO:0099025 -[part_of]-> GO:0045211
GO:0099026 -[is_a]-> GO:0046658
GO:0099026 -[is_a]-> GO:0098889
GO:0099026 -[part_of]-> GO:0042734
GO:0099027 -[is_a]-> GO:0098946
GO:0099027 -[is_a]-> GO:0099026
GO:0099027 -[part_of]-> GO:0098835
GO:0099028 -[is_a]-> GO:0098947
GO:0099028 -[is_a]-> GO:0099025
GO:0099028 -[part_of]-> GO:0098844
GO:0099029 -[is_a]-> GO:0098945
GO:0099029 -[is_a]-> GO:0099026
GO:0099029 -[part_of]-> GO:0048787
GO:0099030 -[is_a]-> GO:0098948
GO:0099030 -[is_a]-> GO:0099025
GO:0099030 -[part_of]-> GO:0099634
GO:0099031 -[is_a]-> GO:0099030
GO:0099031 -[part_of]-> GO:0098839
GO:0099032 -[is_a]-> GO:0098950
GO:0099032 -[is_a]-> GO:0099034
GO:0099032 -[part_of]-> GO:0098896
GO:0099033 -[is_a]-> GO:0098951
GO:0099033 -[is_a]-> GO:0099034
GO:0099033 -[part_of]-> GO:0098944
GO:0099034 -[is_a]-> GO:0031225
GO:0099034 -[is_a]-> GO:0098949
GO:0099034 -[part_of]-> GO:0098895
GO:0099035 -[is_a]-> GO:0031225
GO:0099035 -[is_a]-> GO:0098952
GO:0099035 -[part_of]-> GO:0098897
GO:0099036 -[is_a]-> GO:0031225
GO:0099036 -[is_a]-> GO:0097458
GO:0099036 -[is_a]-> GO:0098956
GO:0099036 -[part_of]-> GO:0099012
GO:0099037 -[is_a]-> GO:0031225
GO:0099037 -[is_a]-> GO:0098955
GO:0099037 -[part_of]-> GO:0098954
GO:0099038 -[is_a]-> GO:0035620
GO:0099038 -[is_a]-> GO:0046623
GO:0099038 -[part_of]-> GO:0099040
GO:0099039 -[is_a]-> GO:0034204
GO:0099039 -[is_a]-> GO:0071705
GO:0099040 -[is_a]-> GO:0035627
GO:0099040 -[is_a]-> GO:0099039
GO:0099041 -[is_a]-> GO:0099022
GO:0099042 -[is_a]-> GO:0099024
GO:0099042 -[part_of]-> GO:0072583
GO:0099043 -[is_a]-> GO:0035652
GO:0099043 -[part_of]-> GO:0072583
GO:0099044 -[is_a]-> GO:0099022
GO:0099045 -[is_a]-> GO:0046753
GO:0099046 -[is_a]-> GO:0006952
GO:0099047 -[is_a]-> GO:0099046
GO:0099048 -[is_a]-> GO:0099046
GO:0099049 -[is_a]-> GO:0048268
GO:0099049 -[part_of]-> GO:0072583
GO:0099050 -[is_a]-> GO:0090148
GO:0099051 -[is_a]-> GO:0099050
GO:0099051 -[part_of]-> GO:0006897
GO:0099052 -[is_a]-> GO:0099051
GO:0099052 -[part_of]-> GO:0072583
GO:0099053 -[is_a]-> GO:0043234
GO:0099054 -[is_a]-> GO:0022607
GO:0099054 -[part_of]-> GO:0007416
GO:0099055 -[is_a]-> GO:0005887
GO:0099055 -[is_a]-> GO:0098936
GO:0099055 -[part_of]-> GO:0045211
GO:0099056 -[is_a]-> GO:0005887
GO:0099056 -[is_a]-> GO:0098889
GO:0099056 -[part_of]-> GO:0042734
GO:0099057 -[is_a]-> GO:0098946
GO:0099057 -[is_a]-> GO:0099056
GO:0099057 -[part_of]-> GO:0098835
GO:0099058 -[is_a]-> GO:0098947
GO:0099058 -[is_a]-> GO:0099055
GO:0099058 -[part_of]-> GO:0098844
GO:0099059 -[is_a]-> GO:0098945
GO:0099059 -[is_a]-> GO:0099056
GO:0099059 -[part_of]-> GO:0048787
GO:0099060 -[is_a]-> GO:0098948
GO:0099060 -[is_a]-> GO:0099055
GO:0099060 -[part_of]-> GO:0099634
GO:0099061 -[is_a]-> GO:0099060
GO:0099061 -[part_of]-> GO:0098839
GO:0099062 -[is_a]-> GO:0098950
GO:0099062 -[is_a]-> GO:0099064
GO:0099062 -[part_of]-> GO:0098896
GO:0099063 -[is_a]-> GO:0098951
GO:0099063 -[is_a]-> GO:0099064
GO:0099063 -[part_of]-> GO:0098944
GO:0099064 -[is_a]-> GO:0031303
GO:0099064 -[is_a]-> GO:0098949
GO:0099064 -[part_of]-> GO:0098895
GO:0099065 -[is_a]-> GO:0016021
GO:0099065 -[is_a]-> GO:0044422
GO:0099065 -[is_a]-> GO:0044456
GO:0099065 -[is_a]-> GO:0044463
GO:0099065 -[is_a]-> GO:0097458
GO:0099065 -[part_of]-> GO:0097444
GO:0099066 -[is_a]-> GO:0031301
GO:0099066 -[is_a]-> GO:0097458
GO:0099066 -[is_a]-> GO:0098956
GO:0099066 -[part_of]-> GO:0099012
GO:0099067 -[is_a]-> GO:0031303
GO:0099067 -[is_a]-> GO:0098955
GO:0099067 -[part_of]-> GO:0098954
GO:0099068 -[is_a]-> GO:0022607
GO:0099068 -[part_of]-> GO:0007416
GO:0099069 -[is_a]-> GO:0090522
GO:0099069 -[is_a]-> GO:0099531
GO:0099069 -[part_of]-> GO:0016081
GO:0099070 -[is_a]-> GO:0097427
GO:0099071 -[is_a]-> GO:0097427
GO:0099072 -[is_a]-> GO:0065008
GO:0099073 -[is_a]-> GO:0031410
GO:0099074 -[is_a]-> GO:0007041
GO:0099074 -[is_a]-> GO:0099075
GO:0099075 -[is_a]-> GO:0006839
GO:0099075 -[is_a]-> GO:0016192
GO:0099076 -[is_a]-> GO:0043574
GO:0099076 -[is_a]-> GO:0099075
GO:0099077 -[is_a]-> GO:0003677
GO:0099078 -[is_a]-> GO:0043234
GO:0099078 -[is_a]-> GO:0044445
GO:0099078 -[part_of]-> GO:0005829
GO:0099079 -[is_a]-> GO:0044430
GO:0099079 -[part_of]-> GO:0015629
GO:0099080 -[is_a]-> GO:0005575
GO:0099081 -[is_a]-> GO:0099080
GO:0099082 -[is_a]-> GO:0098917
GO:0099082 -[is_a]-> GO:0099540
GO:0099083 -[is_a]-> GO:0099082
GO:0099083 -[is_a]-> GO:0099551
GO:0099083 -[regulates]-> GO:0007268
GO:0099084 -[is_a]-> GO:0006996
GO:0099084 -[part_of]-> GO:0050808
GO:0099085 -[is_a]-> GO:0016848
GO:0099086 -[is_a]-> GO:0044454
GO:0099086 -[part_of]-> GO:0000794
GO:0099087 -[is_a]-> GO:0008089
GO:0099087 -[is_a]-> GO:0099088
GO:0099087 -[occurs_in]-> GO:1904115
GO:0099088 -[is_a]-> GO:0098930
GO:0099088 -[occurs_in]-> GO:1904115
GO:0099089 -[is_a]-> GO:0051686
GO:0099090 -[is_a]-> GO:0032439
GO:0099090 -[occurs_in]-> GO:0098794
GO:0099400 -[is_a]-> GO:0098590
GO:0099400 -[is_a]-> GO:0098857
GO:0099400 -[part_of]-> GO:0005901
GO:0099401 -[is_a]-> GO:0098857
GO:0099402 -[is_a]-> GO:0048856
GO:0099402 -[part_of]-> GO:0048731
GO:0099403 -[is_a]-> GO:0034088
GO:0099403 -[part_of]-> GO:0099404
GO:0099404 -[is_a]-> GO:0007064
GO:0099500 -[is_a]-> GO:0006906
GO:0099500 -[is_a]-> GO:0045026
GO:0099500 -[part_of]-> GO:0006887
GO:0099501 -[is_a]-> GO:0030658
GO:0099502 -[is_a]-> GO:0031632
GO:0099502 -[is_a]-> GO:0099531
GO:0099502 -[part_of]-> GO:0016079
GO:0099502 -[positively_regulates]-> GO:0031629
GO:0099503 -[is_a]-> GO:0031410
GO:0099504 -[is_a]-> GO:0006810
GO:0099504 -[is_a]-> GO:0051649
GO:0099504 -[occurs_in]-> GO:0098793
GO:0099505 -[is_a]-> GO:0042391
GO:0099506 -[is_a]-> GO:0030050
GO:0099506 -[is_a]-> GO:0099514
GO:0099507 -[is_a]-> GO:0015276
GO:0099507 -[occurs_in]-> GO:0042734
GO:0099507 -[part_of]-> GO:0099505
GO:0099508 -[is_a]-> GO:0005244
GO:0099508 -[occurs_in]-> GO:0042734
GO:0099508 -[part_of]-> GO:0099505
GO:0099509 -[is_a]-> GO:0051480
GO:0099509 -[is_a]-> GO:0070050
GO:0099509 -[occurs_in]-> GO:0098793
GO:0099510 -[is_a]-> GO:0005509
GO:0099510 -[occurs_in]-> GO:0005829
GO:0099510 -[part_of]-> GO:0051480
GO:0099511 -[is_a]-> GO:0005245
GO:0099511 -[part_of]-> GO:0051480
GO:0099512 -[is_a]-> GO:0099081
GO:0099513 -[is_a]-> GO:0044430
GO:0099513 -[is_a]-> GO:0099512
GO:0099513 -[part_of]-> GO:0005856
GO:0099514 -[is_a]-> GO:0048489
GO:0099514 -[is_a]-> GO:0099518
GO:0099514 -[is_a]-> GO:1902582
GO:0099515 -[is_a]-> GO:0030705
GO:0099516 -[is_a]-> GO:0015075
GO:0099516 -[is_a]-> GO:0015297
GO:0099517 -[is_a]-> GO:0047496
GO:0099517 -[is_a]-> GO:0099514
GO:0099518 -[is_a]-> GO:0030705
GO:0099518 -[is_a]-> GO:0051650
GO:0099519 -[is_a]-> GO:0099518
GO:0099519 -[is_a]-> GO:1901950
GO:0099519 -[occurs_in]-> GO:0030424
GO:0099520 -[is_a]-> GO:0099516
GO:0099520 -[occurs_in]-> GO:0042734
GO:0099520 -[part_of]-> GO:0099505
GO:0099521 -[is_a]-> GO:0042625
GO:0099521 -[occurs_in]-> GO:0042734
GO:0099521 -[part_of]-> GO:0099505
GO:0099522 -[is_a]-> GO:0005829
GO:0099522 -[is_a]-> GO:0044445
GO:0099522 -[part_of]-> GO:0005829
GO:0099523 -[is_a]-> GO:0044456
GO:0099523 -[is_a]-> GO:0097458
GO:0099523 -[is_a]-> GO:0099522
GO:0099523 -[part_of]-> GO:0005829
GO:0099523 -[part_of]-> GO:0098793
GO:0099524 -[is_a]-> GO:0044456
GO:0099524 -[is_a]-> GO:0099522
GO:0099524 -[part_of]-> GO:0005829
GO:0099524 -[part_of]-> GO:0098794
GO:0099525 -[is_a]-> GO:0051649
GO:0099525 -[is_a]-> GO:0099003
GO:0099525 -[is_a]-> GO:0099011
GO:0099525 -[is_a]-> GO:0099643
GO:0099525 -[occurs_in]-> GO:0098793
GO:0099525 -[part_of]-> GO:0099536
GO:0099526 -[is_a]-> GO:0098928
GO:0099527 -[is_a]-> GO:0098926
GO:0099528 -[is_a]-> GO:0004930
GO:0099528 -[is_a]-> GO:0030594
GO:0099528 -[part_of]-> GO:0007186
GO:0099529 -[is_a]-> GO:0098960
GO:0099529 -[occurs_in]-> GO:0045211
GO:0099529 -[part_of]-> GO:0060078
GO:0099529 -[part_of]-> GO:0099565
GO:0099530 -[is_a]-> GO:0004930
GO:0099530 -[occurs_in]-> GO:0045211
GO:0099530 -[part_of]-> GO:0060078
GO:0099531 -[is_a]-> GO:0008150
GO:0099531 -[occurs_in]-> GO:0098793
GO:0099531 -[part_of]-> GO:0007268
GO:0099532 -[is_a]-> GO:0016197
GO:0099532 -[is_a]-> GO:0051649
GO:0099532 -[part_of]-> GO:0099504
GO:0099533 -[is_a]-> GO:0007204
GO:0099533 -[is_a]-> GO:0099509
GO:0099533 -[occurs_in]-> GO:0098793
GO:0099534 -[is_a]-> GO:0099510
GO:0099534 -[occurs_in]-> GO:0099523
GO:0099534 -[part_of]-> GO:0099509
GO:0099535 -[is_a]-> GO:0005578
GO:0099536 -[is_a]-> GO:0007267
GO:0099537 -[is_a]-> GO:0099536
GO:0099538 -[is_a]-> GO:0099536
GO:0099539 -[is_a]-> GO:0002790
GO:0099539 -[is_a]-> GO:0099525
GO:0099539 -[occurs_in]-> GO:0098793
GO:0099539 -[part_of]-> GO:0099538
GO:0099540 -[is_a]-> GO:0099537
GO:0099540 -[is_a]-> GO:0099538
GO:0099541 -[is_a]-> GO:0099537
GO:0099542 -[is_a]-> GO:0099541
GO:0099543 -[is_a]-> GO:0099537
GO:0099544 -[is_a]-> GO:0005576
GO:0099545 -[is_a]-> GO:0099537
GO:0099546 -[is_a]-> GO:0030163
GO:0099546 -[is_a]-> GO:0050804
GO:0099546 -[occurs_in]-> GO:0045202
GO:0099546 -[regulates]-> GO:0007268
GO:0099547 -[is_a]-> GO:0006417
GO:0099547 -[is_a]-> GO:0050804
GO:0099547 -[occurs_in]-> GO:0045202
GO:0099547 -[regulates]-> GO:0007268
GO:0099548 -[is_a]-> GO:0099543
GO:0099549 -[is_a]-> GO:0099543
GO:0099550 -[is_a]-> GO:0050804
GO:0099550 -[is_a]-> GO:0099537
GO:0099550 -[regulates]-> GO:0007268
GO:0099551 -[is_a]-> GO:0099540
GO:0099551 -[is_a]-> GO:0099550
GO:0099551 -[regulates]-> GO:0007268
GO:0099552 -[is_a]-> GO:0099541
GO:0099552 -[is_a]-> GO:0099550
GO:0099552 -[regulates]-> GO:0007268
GO:0099553 -[is_a]-> GO:0099542
GO:0099553 -[is_a]-> GO:0099552
GO:0099553 -[regulates]-> GO:0007268
GO:0099554 -[is_a]-> GO:0099543
GO:0099554 -[is_a]-> GO:0099550
GO:0099554 -[regulates]-> GO:0007268
GO:0099555 -[is_a]-> GO:0099548
GO:0099555 -[is_a]-> GO:0099554
GO:0099555 -[regulates]-> GO:0007268
GO:0099556 -[is_a]-> GO:0099549
GO:0099556 -[is_a]-> GO:0099554
GO:0099556 -[regulates]-> GO:0007268
GO:0099557 -[is_a]-> GO:0099545
GO:0099557 -[is_a]-> GO:0099550
GO:0099557 -[regulates]-> GO:0007268
GO:0099558 -[is_a]-> GO:0043954
GO:0099558 -[is_a]-> GO:0050808
GO:0099559 -[is_a]-> GO:0099558
GO:0099560 -[is_a]-> GO:0098742
GO:0099560 -[part_of]-> GO:0050808
GO:0099561 -[is_a]-> GO:0007160
GO:0099561 -[part_of]-> GO:0050808
GO:0099562 -[is_a]-> GO:0098880
GO:0099563 -[is_a]-> GO:0050808
GO:0099564 -[is_a]-> GO:0050804
GO:0099564 -[is_a]-> GO:0099563
GO:0099564 -[regulates]-> GO:0007268
GO:0099565 -[is_a]-> GO:1905114
GO:0099565 -[occurs_in]-> GO:0098794
GO:0099565 -[part_of]-> GO:0007268
GO:0099566 -[is_a]-> GO:0051480
GO:0099567 -[is_a]-> GO:0099510
GO:0099567 -[occurs_in]-> GO:0099524
GO:0099567 -[part_of]-> GO:0099566
GO:0099568 -[is_a]-> GO:0005737
GO:0099568 -[is_a]-> GO:0044444
GO:0099568 -[part_of]-> GO:0005737
GO:0099569 -[is_a]-> GO:0005856
GO:0099569 -[is_a]-> GO:0044456
GO:0099569 -[is_a]-> GO:0097458
GO:0099569 -[part_of]-> GO:0098793
GO:0099571 -[is_a]-> GO:0005856
GO:0099571 -[is_a]-> GO:0044456
GO:0099571 -[part_of]-> GO:0098794
GO:0099572 -[is_a]-> GO:0043232
GO:0099572 -[is_a]-> GO:0044456
GO:0099572 -[part_of]-> GO:0098794
GO:0099573 -[is_a]-> GO:0014069
GO:0099574 -[is_a]-> GO:0042176
GO:0099574 -[is_a]-> GO:0050804
GO:0099574 -[occurs_in]-> GO:0045202
GO:0099574 -[regulates]-> GO:0007268
GO:0099575 -[is_a]-> GO:0099574
GO:0099575 -[occurs_in]-> GO:0098793
GO:0099575 -[regulates]-> GO:0007268
GO:0099576 -[is_a]-> GO:0099574
GO:0099576 -[occurs_in]-> GO:0098794
GO:0099576 -[regulates]-> GO:0007268
GO:0099577 -[is_a]-> GO:0099547
GO:0099577 -[occurs_in]-> GO:0098793
GO:0099577 -[regulates]-> GO:0007268
GO:0099578 -[is_a]-> GO:0099547
GO:0099578 -[occurs_in]-> GO:0098794
GO:0099578 -[regulates]-> GO:0007268
GO:0099579 -[is_a]-> GO:0099528
GO:0099579 -[is_a]-> GO:0099529
GO:0099579 -[is_a]-> GO:0099530
GO:0099579 -[occurs_in]-> GO:0045211
GO:0099579 -[part_of]-> GO:0060078
GO:0099580 -[is_a]-> GO:0099516
GO:0099580 -[occurs_in]-> GO:0045211
GO:0099580 -[part_of]-> GO:0060078
GO:0099581 -[is_a]-> GO:0042625
GO:0099581 -[occurs_in]-> GO:0045211
GO:0099581 -[part_of]-> GO:0060078
GO:0099582 -[is_a]-> GO:0030594
GO:0099582 -[occurs_in]-> GO:0042734
GO:0099582 -[part_of]-> GO:0099509
GO:0099583 -[is_a]-> GO:0098960
GO:0099583 -[occurs_in]-> GO:0045211
GO:0099583 -[part_of]-> GO:0099565
GO:0099583 -[part_of]-> GO:0099566
GO:0099585 -[is_a]-> GO:0051209
GO:0099585 -[is_a]-> GO:0099533
GO:0099585 -[occurs_in]-> GO:0098793
GO:0099586 -[is_a]-> GO:0051209
GO:0099586 -[is_a]-> GO:0099588
GO:0099586 -[occurs_in]-> GO:0098794
GO:0099587 -[is_a]-> GO:0006811
GO:0099587 -[is_a]-> GO:0098657
GO:0099588 -[is_a]-> GO:0007204
GO:0099588 -[occurs_in]-> GO:0098794
GO:0099589 -[is_a]-> GO:0004888
GO:0099590 -[is_a]-> GO:0031623
GO:0099590 -[part_of]-> GO:0099627
GO:0099592 -[is_a]-> GO:0099532
GO:0099592 -[part_of]-> GO:0036466
GO:0099593 -[is_a]-> GO:0016189
GO:0099593 -[part_of]-> GO:0036466
GO:0099600 -[is_a]-> GO:0004872
GO:0099601 -[is_a]-> GO:0010469
GO:0099601 -[regulates]-> GO:0030594
GO:0099602 -[is_a]-> GO:0030545
GO:0099602 -[part_of]-> GO:0099601
GO:0099604 -[is_a]-> GO:0004888
GO:0099604 -[is_a]-> GO:0005262
GO:0099604 -[is_a]-> GO:0015276
GO:0099604 -[part_of]-> GO:0019722
GO:0099605 -[is_a]-> GO:0098900
GO:0099606 -[is_a]-> GO:0051303
GO:0099606 -[part_of]-> GO:0007080
GO:0099607 -[is_a]-> GO:0051315
GO:0099608 -[is_a]-> GO:0098900
GO:0099608 -[regulates]-> GO:0098874
GO:0099609 -[is_a]-> GO:0008017
GO:0099610 -[is_a]-> GO:0001508
GO:0099611 -[is_a]-> GO:0098900
GO:0099612 -[is_a]-> GO:0008104
GO:0099613 -[is_a]-> GO:0006605
GO:0099613 -[is_a]-> GO:1990778
GO:0099614 -[is_a]-> GO:0099613
GO:0099615 -[is_a]-> GO:0016614
GO:0099616 -[is_a]-> GO:0031314
GO:0099616 -[part_of]-> GO:0099617
GO:0099617 -[is_a]-> GO:0044455
GO:0099617 -[is_a]-> GO:0098576
GO:0099617 -[part_of]-> GO:0005743
GO:0099618 -[is_a]-> GO:0016616
GO:0099619 -[is_a]-> GO:0016742
GO:0099620 -[is_a]-> GO:0008483
GO:0099621 -[is_a]-> GO:0016763
GO:0099622 -[is_a]-> GO:0086009
GO:0099623 -[is_a]-> GO:0060306
GO:0099623 -[regulates]-> GO:0099622
GO:0099624 -[is_a]-> GO:0099622
GO:0099625 -[is_a]-> GO:0099622
GO:0099626 -[is_a]-> GO:0099511
GO:0099626 -[occurs_in]-> GO:0098793
GO:0099626 -[part_of]-> GO:0099509
GO:0099627 -[is_a]-> GO:0099637
GO:0099628 -[is_a]-> GO:0098953
GO:0099628 -[occurs_in]-> GO:0098590
GO:0099628 -[part_of]-> GO:0099627
GO:0099629 -[is_a]-> GO:0099572
GO:0099629 -[part_of]-> GO:0032280
GO:0099630 -[is_a]-> GO:0051649
GO:0099630 -[is_a]-> GO:0099627
GO:0099630 -[occurs_in]-> GO:0098794
GO:0099631 -[is_a]-> GO:0044456
GO:0099631 -[is_a]-> GO:0099738
GO:0099631 -[part_of]-> GO:0098843
GO:0099632 -[is_a]-> GO:0032594
GO:0099632 -[occurs_in]-> GO:0005886
GO:0099633 -[is_a]-> GO:1903539
GO:0099634 -[is_a]-> GO:0097060
GO:0099634 -[part_of]-> GO:0045211
GO:0099635 -[is_a]-> GO:0099626
GO:0099635 -[occurs_in]-> GO:0098793
GO:0099635 -[part_of]-> GO:0099533
GO:0099635 -[part_of]-> GO:0099703
GO:0099636 -[is_a]-> GO:0016482
GO:0099637 -[is_a]-> GO:0015031
GO:0099638 -[is_a]-> GO:0015031
GO:0099638 -[is_a]-> GO:0044765
GO:0099638 -[is_a]-> GO:0072659
GO:0099638 -[is_a]-> GO:0090002
GO:0099638 -[is_a]-> GO:1990126
GO:0099639 -[is_a]-> GO:0098877
GO:0099639 -[is_a]-> GO:0099638
GO:0099639 -[part_of]-> GO:0099627
GO:0099640 -[is_a]-> GO:0008088
GO:0099640 -[is_a]-> GO:0098840
GO:0099640 -[occurs_in]-> GO:0043005
GO:0099641 -[is_a]-> GO:0008089
GO:0099641 -[is_a]-> GO:0099640
GO:0099641 -[is_a]-> GO:1905383
GO:0099641 -[occurs_in]-> GO:1904115
GO:0099642 -[is_a]-> GO:0008090
GO:0099642 -[is_a]-> GO:0099640
GO:0099642 -[occurs_in]-> GO:1904115
GO:0099643 -[is_a]-> GO:0023061
GO:0099643 -[occurs_in]-> GO:0045202
GO:0099643 -[part_of]-> GO:0099536
GO:0099644 -[is_a]-> GO:0072657
GO:0099644 -[is_a]-> GO:1905383
GO:0099644 -[is_a]-> GO:1990778
GO:0099645 -[is_a]-> GO:0099072
GO:0099645 -[is_a]-> GO:0099633
GO:0099646 -[is_a]-> GO:0036010
GO:0099646 -[is_a]-> GO:0048227
GO:0099646 -[is_a]-> GO:0072594
GO:0099646 -[is_a]-> GO:0099637
GO:0099646 -[part_of]-> GO:0099627
GO:0099703 -[is_a]-> GO:0099531
GO:0099703 -[is_a]-> GO:0099533
GO:0099703 -[is_a]-> GO:2000302
GO:0099703 -[occurs_in]-> GO:0098793
GO:0099703 -[part_of]-> GO:0007268
GO:0099703 -[positively_regulates]-> GO:0016079
GO:0099738 -[is_a]-> GO:0005938
GO:0099738 -[is_a]-> GO:0044448
GO:0099738 -[part_of]-> GO:0005938
GO:0100001 -[is_a]-> GO:0001508
GO:0100001 -[is_a]-> GO:0014819
GO:0100001 -[regulates]-> GO:0003009
GO:0100002 -[is_a]-> GO:0006468
GO:0100002 -[is_a]-> GO:0006469
GO:0100002 -[negatively_regulates]-> GO:0004672
GO:0100003 -[is_a]-> GO:0010765
GO:0100003 -[is_a]-> GO:0100020
GO:0100003 -[positively_regulates]-> GO:0006814
GO:0100004 -[is_a]-> GO:0006366
GO:0100004 -[is_a]-> GO:1900064
GO:0100004 -[positively_regulates]-> GO:0007031
GO:0100005 -[is_a]-> GO:0006366
GO:0100005 -[is_a]-> GO:1900066
GO:0100005 -[positively_regulates]-> GO:0006068
GO:0100006 -[is_a]-> GO:0100020
GO:0100006 -[is_a]-> GO:1900072
GO:0100006 -[positively_regulates]-> GO:0000316
GO:0100007 -[is_a]-> GO:0006366
GO:0100007 -[is_a]-> GO:1900060
GO:0100007 -[negatively_regulates]-> GO:0046513
GO:0100008 -[is_a]-> GO:0001516
GO:0100008 -[is_a]-> GO:0031620
GO:0100008 -[regulates]-> GO:0001660
GO:0100009 -[is_a]-> GO:0031620
GO:0100009 -[is_a]-> GO:0032310
GO:0100009 -[regulates]-> GO:0001660
GO:0100010 -[is_a]-> GO:0031622
GO:0100010 -[is_a]-> GO:0100008
GO:0100010 -[positively_regulates]-> GO:0001660
GO:0100011 -[is_a]-> GO:0031622
GO:0100011 -[is_a]-> GO:0100009
GO:0100011 -[positively_regulates]-> GO:0001660
GO:0100012 -[is_a]-> GO:0060070
GO:0100012 -[is_a]-> GO:0090381
GO:0100012 -[regulates]-> GO:0003129
GO:0100013 -[is_a]-> GO:0006366
GO:0100013 -[is_a]-> GO:0032000
GO:0100013 -[positively_regulates]-> GO:0006635
GO:0100014 -[is_a]-> GO:0006366
GO:0100014 -[is_a]-> GO:0031496
GO:0100014 -[positively_regulates]-> GO:0007533
GO:0100015 -[is_a]-> GO:0100024
GO:0100015 -[is_a]-> GO:1900090
GO:0100015 -[positively_regulates]-> GO:0006021
GO:0100016 -[is_a]-> GO:0006366
GO:0100016 -[is_a]-> GO:0070623
GO:0100016 -[regulates]-> GO:0009228
GO:0100017 -[is_a]-> GO:0006366
GO:0100017 -[is_a]-> GO:0022408
GO:0100017 -[negatively_regulates]-> GO:0016337
GO:0100018 -[is_a]-> GO:0046324
GO:0100018 -[is_a]-> GO:0100020
GO:0100018 -[regulates]-> GO:0046323
GO:0100019 -[is_a]-> GO:0006366
GO:0100019 -[is_a]-> GO:0043949
GO:0100019 -[regulates]-> GO:0019933
GO:0100020 -[is_a]-> GO:0006366
GO:0100020 -[is_a]-> GO:0051049
GO:0100020 -[regulates]-> GO:0006810
GO:0100021 -[is_a]-> GO:0034756
GO:0100021 -[is_a]-> GO:0100020
GO:0100021 -[regulates]-> GO:0006826
GO:0100022 -[is_a]-> GO:0100021
GO:0100022 -[is_a]-> GO:1900390
GO:0100022 -[regulates]-> GO:0097286
GO:0100023 -[is_a]-> GO:0006366
GO:0100023 -[is_a]-> GO:0040020
GO:0100023 -[regulates]-> GO:0007126
GO:0100024 -[is_a]-> GO:0006109
GO:0100024 -[is_a]-> GO:0006366
GO:0100024 -[regulates]-> GO:0005975
GO:0100025 -[is_a]-> GO:0006366
GO:0100025 -[is_a]-> GO:2000283
GO:0100025 -[negatively_regulates]-> GO:0008652
GO:0100026 -[is_a]-> GO:0006366
GO:0100026 -[is_a]-> GO:0045739
GO:0100026 -[positively_regulates]-> GO:0006281
GO:0100027 -[is_a]-> GO:0006366
GO:0100027 -[is_a]-> GO:0010590
GO:0100027 -[regulates]-> GO:0000920
GO:0100028 -[is_a]-> GO:0006366
GO:0100028 -[is_a]-> GO:0031137
GO:0100028 -[regulates]-> GO:0000747
GO:0100032 -[is_a]-> GO:0006366
GO:0100032 -[is_a]-> GO:0071073
GO:0100032 -[positively_regulates]-> GO:0008654
GO:0100033 -[is_a]-> GO:0006366
GO:0100033 -[is_a]-> GO:0032995
GO:0100033 -[regulates]-> GO:0009272
GO:0100034 -[is_a]-> GO:0060634
GO:0100034 -[is_a]-> GO:0100024
GO:0100034 -[regulates]-> GO:0051072
GO:0100035 -[is_a]-> GO:0034763
GO:0100035 -[is_a]-> GO:0100020
GO:0100035 -[negatively_regulates]-> GO:0055085
GO:0100036 -[is_a]-> GO:0006366
GO:0100036 -[is_a]-> GO:1900373
GO:0100036 -[positively_regulates]-> GO:0006164
GO:0100037 -[is_a]-> GO:0006366
GO:0100037 -[is_a]-> GO:1900421
GO:0100037 -[positively_regulates]-> GO:0044109
GO:0100038 -[is_a]-> GO:0006366
GO:0100038 -[is_a]-> GO:1900407
GO:0100038 -[regulates]-> GO:0034599
GO:0100039 -[is_a]-> GO:0006366
GO:0100039 -[is_a]-> GO:1900397
GO:0100039 -[regulates]-> GO:0006221
GO:0100040 -[is_a]-> GO:0006366
GO:0100040 -[is_a]-> GO:2000218
GO:0100040 -[negatively_regulates]-> GO:0001403
GO:0100041 -[is_a]-> GO:0006366
GO:0100041 -[is_a]-> GO:2000222
GO:0100041 -[positively_regulates]-> GO:0007124
GO:0100042 -[is_a]-> GO:0006366
GO:0100042 -[is_a]-> GO:2000221
GO:0100042 -[negatively_regulates]-> GO:0007124
GO:0100043 -[is_a]-> GO:0006366
GO:0100043 -[is_a]-> GO:1900068
GO:0100043 -[negatively_regulates]-> GO:0071469
GO:0100044 -[is_a]-> GO:0006366
GO:0100044 -[is_a]-> GO:1900070
GO:0100044 -[negatively_regulates]-> GO:0071475
GO:0100045 -[is_a]-> GO:0006366
GO:0100045 -[is_a]-> GO:1900082
GO:0100045 -[negatively_regulates]-> GO:0006527
GO:0100046 -[is_a]-> GO:0006366
GO:0100046 -[is_a]-> GO:1900080
GO:0100046 -[positively_regulates]-> GO:0006526
GO:0100047 -[is_a]-> GO:0100024
GO:0100047 -[is_a]-> GO:1900089
GO:0100047 -[negatively_regulates]-> GO:0006021
GO:0100048 -[is_a]-> GO:0100032
GO:0100048 -[is_a]-> GO:2001247
GO:0100048 -[positively_regulates]-> GO:0006656
GO:0100049 -[is_a]-> GO:0006366
GO:0100049 -[is_a]-> GO:2001246
GO:0100049 -[negatively_regulates]-> GO:0006656
GO:0100050 -[is_a]-> GO:0006366
GO:0100050 -[is_a]-> GO:0031495
GO:0100050 -[negatively_regulates]-> GO:0007533
GO:0100051 -[is_a]-> GO:0045836
GO:0100051 -[is_a]-> GO:0100023
GO:0100051 -[positively_regulates]-> GO:0007126
GO:0100052 -[is_a]-> GO:0006366
GO:0100052 -[is_a]-> GO:2000134
GO:0100052 -[negatively_regulates]-> GO:0000082
GO:0100053 -[is_a]-> GO:0006366
GO:0100053 -[is_a]-> GO:1900059
GO:0100053 -[positively_regulates]-> GO:0000103
GO:0100054 -[is_a]-> GO:0006366
GO:0100054 -[is_a]-> GO:1900479
GO:0100054 -[positively_regulates]-> GO:0000501
GO:0100055 -[is_a]-> GO:0100032
GO:0100055 -[is_a]-> GO:1900470
GO:0100055 -[positively_regulates]-> GO:0006659
GO:0100056 -[is_a]-> GO:0006366
GO:0100056 -[is_a]-> GO:1900469
GO:0100056 -[negatively_regulates]-> GO:0006659
GO:0100057 -[is_a]-> GO:0006366
GO:0100057 -[is_a]-> GO:1900239
GO:0100057 -[regulates]-> GO:0036166
GO:0100058 -[is_a]-> GO:0100057
GO:0100058 -[is_a]-> GO:1900241
GO:0100058 -[positively_regulates]-> GO:0036166
GO:0100059 -[is_a]-> GO:0100057
GO:0100059 -[is_a]-> GO:1900240
GO:0100059 -[negatively_regulates]-> GO:0036166
GO:0100060 -[is_a]-> GO:0003677
GO:0100060 -[negatively_regulates]-> GO:0032933
GO:0100061 -[is_a]-> GO:0036369
GO:0100061 -[is_a]-> GO:2000639
GO:0100061 -[negatively_regulates]-> GO:0032933
GO:0100062 -[is_a]-> GO:0036369
GO:0100062 -[is_a]-> GO:2000640
GO:0100062 -[positively_regulates]-> GO:0032933
GO:0100063 -[is_a]-> GO:0100020
GO:0100063 -[is_a]-> GO:2001148
GO:0100063 -[regulates]-> GO:0035442
GO:0100064 -[is_a]-> GO:0006366
GO:0100064 -[is_a]-> GO:1900435
GO:0100064 -[negatively_regulates]-> GO:0036170
GO:0100065 -[is_a]-> GO:0060358
GO:0100065 -[is_a]-> GO:0100020
GO:0100065 -[negatively_regulates]-> GO:0060356
GO:0100066 -[is_a]-> GO:0010515
GO:0100066 -[is_a]-> GO:0100028
GO:0100066 -[negatively_regulates]-> GO:0010514
GO:0100067 -[is_a]-> GO:0060070
GO:0100067 -[is_a]-> GO:1902831
GO:0100067 -[positively_regulates]-> GO:0021527
GO:0100068 -[is_a]-> GO:0006366
GO:0100068 -[is_a]-> GO:1903931
GO:0100068 -[positively_regulates]-> GO:0008655
GO:0100069 -[is_a]-> GO:0006366
GO:0100069 -[is_a]-> GO:0043524
GO:0100069 -[negatively_regulates]-> GO:0051402
GO:0100070 -[is_a]-> GO:0006366
GO:0100070 -[is_a]-> GO:0042304
GO:0100070 -[regulates]-> GO:0006633
GO:0101002 -[is_a]-> GO:0030141
GO:0101003 -[is_a]-> GO:0030667
GO:0101003 -[part_of]-> GO:0070820
GO:0101004 -[is_a]-> GO:0005765
GO:0101005 -[is_a]-> GO:0016787
GO:0101006 -[is_a]-> GO:0004721
GO:0101007 -[is_a]-> GO:0061416
GO:0101008 -[is_a]-> GO:0101007
GO:0101010 -[is_a]-> GO:0001974
GO:0101011 -[is_a]-> GO:0052745
GO:0101012 -[is_a]-> GO:0052745
GO:0101013 -[is_a]-> GO:0008381
GO:0101014 -[is_a]-> GO:0016791
GO:0101016 -[is_a]-> GO:0019904
GO:0101017 -[is_a]-> GO:1903466
GO:0101018 -[is_a]-> GO:0101017
GO:0101019 -[is_a]-> GO:0000176
GO:0101019 -[is_a]-> GO:0044452
GO:0101019 -[part_of]-> GO:0005730
GO:0101020 -[is_a]-> GO:0008395
GO:0101020 -[is_a]-> GO:0016705
GO:0101021 -[is_a]-> GO:0008395
GO:0101021 -[is_a]-> GO:0016705
GO:0101023 -[is_a]-> GO:0001935
GO:0101024 -[is_a]-> GO:0071763
GO:0101024 -[is_a]-> GO:1903047
GO:0101024 -[part_of]-> GO:0007067
GO:0101025 -[is_a]-> GO:0044091
GO:0101025 -[part_of]-> GO:0071763
GO:0101026 -[is_a]-> GO:0101024
GO:0101026 -[is_a]-> GO:0101025
GO:0101026 -[part_of]-> GO:0007067
GO:0101027 -[is_a]-> GO:0031103
GO:0101028 -[is_a]-> GO:0050828
GO:0101029 -[is_a]-> GO:0050828
GO:0102001 -[is_a]-> GO:0016709
GO:0102002 -[is_a]-> GO:0016709
GO:0102003 -[is_a]-> GO:0052631
GO:0102004 -[is_a]-> GO:1990888
GO:0102005 -[is_a]-> GO:0008168
GO:0102006 -[is_a]-> GO:0016620
GO:0102007 -[is_a]-> GO:0046573
GO:0102008 -[is_a]-> GO:0016805
GO:0102009 -[is_a]-> GO:0016805
GO:0102013 -[is_a]-> GO:0015426
GO:0102013 -[is_a]-> GO:0032520
GO:0102014 -[is_a]-> GO:0015407
GO:0102017 -[is_a]-> GO:0015416
GO:0102022 -[is_a]-> GO:0015598
GO:0102022 -[is_a]-> GO:0061459
GO:0102027 -[is_a]-> GO:0008168
GO:0102030 -[is_a]-> GO:0016616
GO:0102031 -[is_a]-> GO:0016758
GO:0102033 -[is_a]-> GO:0016790
GO:0102035 -[is_a]-> GO:0052890
GO:0102036 -[is_a]-> GO:0008168
GO:0102037 -[is_a]-> GO:0016709
GO:0102039 -[is_a]-> GO:0016668
GO:0102043 -[is_a]-> GO:0016776
GO:0102044 -[is_a]-> GO:0016708
GO:0102045 -[is_a]-> GO:0016708
GO:0102046 -[is_a]-> GO:0016708
GO:0102047 -[is_a]-> GO:0016879
GO:0102048 -[is_a]-> GO:0016879
GO:0102049 -[is_a]-> GO:0016879
GO:0102050 -[is_a]-> GO:0016879
GO:0102051 -[is_a]-> GO:0016879
GO:0102052 -[is_a]-> GO:0016879
GO:0102053 -[is_a]-> GO:0016879
GO:0102054 -[is_a]-> GO:0016823
GO:0102055 -[is_a]-> GO:0008146
GO:0102056 -[is_a]-> GO:0008146
GO:0102057 -[is_a]-> GO:0016879
GO:0102058 -[is_a]-> GO:0016879
GO:0102060 -[is_a]-> GO:0016838
GO:0102061 -[is_a]-> GO:0016838
GO:0102062 -[is_a]-> GO:0016838
GO:0102063 -[is_a]-> GO:0016838
GO:0102064 -[is_a]-> GO:0016838
GO:0102065 -[is_a]-> GO:0016838
GO:0102068 -[is_a]-> GO:0016709
GO:0102069 -[is_a]-> GO:0016616
GO:0102077 -[is_a]-> GO:0016811
GO:0102078 -[is_a]-> GO:0008168
GO:0102081 -[is_a]-> GO:0008483
GO:0102082 -[is_a]-> GO:0008168
GO:0102083 -[is_a]-> GO:0016832
GO:0102086 -[is_a]-> GO:0016879
GO:0102097 -[is_a]-> GO:0016709
GO:0102100 -[is_a]-> GO:0050497
GO:0102103 -[is_a]-> GO:0016747
GO:0102104 -[is_a]-> GO:0016747
GO:0102109 -[is_a]-> GO:0008168
GO:0102117 -[is_a]-> GO:0008168
GO:0102118 -[is_a]-> GO:0008168
GO:0102119 -[is_a]-> GO:0008168
GO:0102126 -[is_a]-> GO:0016709
GO:0102132 -[is_a]-> GO:0016616
GO:0102133 -[is_a]-> GO:0016709
GO:0102134 -[is_a]-> GO:0016709
GO:0102135 -[is_a]-> GO:0016709
GO:0102136 -[is_a]-> GO:0016709
GO:0102137 -[is_a]-> GO:0016709
GO:0102138 -[is_a]-> GO:0016709
GO:0102139 -[is_a]-> GO:0016823
GO:0102145 -[is_a]-> GO:0016838
GO:0102154 -[is_a]-> GO:0016758
GO:0102155 -[is_a]-> GO:0016616
GO:0102156 -[is_a]-> GO:0016758
GO:0102157 -[is_a]-> GO:0016616
GO:0102159 -[is_a]-> GO:0016758
GO:0102160 -[is_a]-> GO:0016758
GO:0102161 -[is_a]-> GO:0016836
GO:0102162 -[is_a]-> GO:0016702
GO:0102168 -[is_a]-> GO:0008168
GO:0102169 -[is_a]-> GO:0016709
GO:0102171 -[is_a]-> GO:0016709
GO:0102173 -[is_a]-> GO:0016709
GO:0102176 -[is_a]-> GO:0016616
GO:0102177 -[is_a]-> GO:0016709
GO:0102178 -[is_a]-> GO:0016709
GO:0102180 -[is_a]-> GO:0016709
GO:0102181 -[is_a]-> GO:0016709
GO:0102182 -[is_a]-> GO:0016616
GO:0102183 -[is_a]-> GO:0016616
GO:0102184 -[is_a]-> GO:0016709
GO:0102193 -[is_a]-> GO:0016773
GO:0102194 -[is_a]-> GO:0016773
GO:0102197 -[is_a]-> GO:0052689
GO:0102201 -[is_a]-> GO:0016838
GO:0102202 -[is_a]-> GO:0016758
GO:0102203 -[is_a]-> GO:0016758
GO:0102209 -[is_a]-> GO:0052689
GO:0102210 -[is_a]-> GO:0016837
GO:0102211 -[is_a]-> GO:0004553
GO:0102224 -[is_a]-> GO:0004553
GO:0102225 -[is_a]-> GO:0052890
GO:0102232 -[is_a]-> GO:0016628
GO:0102233 -[is_a]-> GO:0016628
GO:0102240 -[is_a]-> GO:0016758
GO:0102241 -[is_a]-> GO:0016758
GO:0102246 -[is_a]-> GO:0016799
GO:0102251 -[is_a]-> GO:0016702
GO:0102253 -[is_a]-> GO:0004553
GO:0102254 -[is_a]-> GO:0004553
GO:0102255 -[is_a]-> GO:0004553
GO:0102256 -[is_a]-> GO:0004553
GO:0102260 -[is_a]-> GO:0016616
GO:0102261 -[is_a]-> GO:0016646
GO:0102262 -[is_a]-> GO:0017150
GO:0102263 -[is_a]-> GO:0017150
GO:0102264 -[is_a]-> GO:0017150
GO:0102265 -[is_a]-> GO:0017150
GO:0102266 -[is_a]-> GO:0017150
GO:0102267 -[is_a]-> GO:0017150
GO:0102279 -[is_a]-> GO:0016747
GO:0102281 -[is_a]-> GO:0016811
GO:0102282 -[is_a]-> GO:0016616
GO:0102283 -[is_a]-> GO:0016616
GO:0102284 -[is_a]-> GO:0016616
GO:0102287 -[is_a]-> GO:0016747
GO:0102289 -[is_a]-> GO:0016709
GO:0102290 -[is_a]-> GO:0016709
GO:0102292 -[is_a]-> GO:0016709
GO:0102293 -[is_a]-> GO:0052689
GO:0102295 -[is_a]-> GO:0016747
GO:0102296 -[is_a]-> GO:0016823
GO:0102299 -[is_a]-> GO:0016702
GO:0102302 -[is_a]-> GO:0008168
GO:0102304 -[is_a]-> GO:0016838
GO:0102307 -[is_a]-> GO:0008168
GO:0102308 -[is_a]-> GO:0008168
GO:0102312 -[is_a]-> GO:0016706
GO:0102313 -[is_a]-> GO:0016838
GO:0102315 -[is_a]-> GO:0016779
GO:0102318 -[is_a]-> GO:0016758
GO:0102319 -[is_a]-> GO:0016758
GO:0102320 -[is_a]-> GO:0016709
GO:0102321 -[is_a]-> GO:0016709
GO:0102329 -[is_a]-> GO:0016616
GO:0102334 -[is_a]-> GO:0016780
GO:0102335 -[is_a]-> GO:0016758
GO:0102336 -[is_a]-> GO:0016747
GO:0102337 -[is_a]-> GO:0016747
GO:0102338 -[is_a]-> GO:0016747
GO:0102339 -[is_a]-> GO:0016616
GO:0102340 -[is_a]-> GO:0016616
GO:0102341 -[is_a]-> GO:0016616
GO:0102342 -[is_a]-> GO:0016616
GO:0102344 -[is_a]-> GO:0016836
GO:0102345 -[is_a]-> GO:0016836
GO:0102348 -[is_a]-> GO:0016628
GO:0102349 -[is_a]-> GO:0016628
GO:0102350 -[is_a]-> GO:0016628
GO:0102353 -[is_a]-> GO:0016838
GO:0102355 -[is_a]-> GO:0052689
GO:0102356 -[is_a]-> GO:0016838
GO:0102357 -[is_a]-> GO:0016616
GO:0102358 -[is_a]-> GO:0008168
GO:0102359 -[is_a]-> GO:0016758
GO:0102360 -[is_a]-> GO:0016758
GO:0102361 -[is_a]-> GO:0016758
GO:0102362 -[is_a]-> GO:0016758
GO:0102363 -[is_a]-> GO:0008168
GO:0102368 -[is_a]-> GO:0016709
GO:0102369 -[is_a]-> GO:0016705
GO:0102370 -[is_a]-> GO:0016709
GO:0102371 -[is_a]-> GO:0016705
GO:0102372 -[is_a]-> GO:0016709
GO:0102373 -[is_a]-> GO:0016705
GO:0102374 -[is_a]-> GO:0016709
GO:0102375 -[is_a]-> GO:0016709
GO:0102376 -[is_a]-> GO:0016709
GO:0102382 -[is_a]-> GO:0016758
GO:0102383 -[is_a]-> GO:0016758
GO:0102384 -[is_a]-> GO:0016758
GO:0102385 -[is_a]-> GO:0016838
GO:0102388 -[is_a]-> GO:0004553
GO:0102390 -[is_a]-> GO:0052689
GO:0102391 -[is_a]-> GO:0016878
GO:0102392 -[is_a]-> GO:0016878
GO:0102393 -[is_a]-> GO:0052890
GO:0102394 -[is_a]-> GO:0016616
GO:0102398 -[is_a]-> GO:0008168
GO:0102399 -[is_a]-> GO:0008168
GO:0102400 -[is_a]-> GO:0008168
GO:0102404 -[is_a]-> GO:0004553
GO:0102405 -[is_a]-> GO:0016709
GO:0102406 -[is_a]-> GO:0016747
GO:0102410 -[is_a]-> GO:0016758
GO:0102411 -[is_a]-> GO:0016758
GO:0102412 -[is_a]-> GO:0016838
GO:0102413 -[is_a]-> GO:0004553
GO:0102414 -[is_a]-> GO:0016758
GO:0102415 -[is_a]-> GO:0016758
GO:0102416 -[is_a]-> GO:0016758
GO:0102417 -[is_a]-> GO:0016758
GO:0102421 -[is_a]-> GO:0016758
GO:0102422 -[is_a]-> GO:0016758
GO:0102423 -[is_a]-> GO:0016758
GO:0102424 -[is_a]-> GO:0016758
GO:0102425 -[is_a]-> GO:0016758
GO:0102427 -[is_a]-> GO:0016709
GO:0102428 -[is_a]-> GO:0016758
GO:0102429 -[is_a]-> GO:0016758
GO:0102432 -[is_a]-> GO:0008168
GO:0102441 -[is_a]-> GO:0008168
GO:0102442 -[is_a]-> GO:0008168
GO:0102464 -[is_a]-> GO:0016709
GO:0102465 -[is_a]-> GO:0016709
GO:0102468 -[is_a]-> GO:0016758
GO:0102469 -[is_a]-> GO:0016709
GO:0102470 -[is_a]-> GO:0016758
GO:0102471 -[is_a]-> GO:0016836
GO:0102476 -[is_a]-> GO:0016709
GO:0102483 -[is_a]-> GO:0004553
GO:0102484 -[is_a]-> GO:0016758
GO:0102511 -[is_a]-> GO:0016758
GO:0102512 -[is_a]-> GO:0016758
GO:0102556 -[is_a]-> GO:0016709
GO:0102563 -[is_a]-> GO:0016709
GO:0102564 -[is_a]-> GO:0016803
GO:0102580 -[is_a]-> GO:0016763
GO:0102581 -[is_a]-> GO:0016747
GO:0102582 -[is_a]-> GO:0016763
GO:0102583 -[is_a]-> GO:0016747
GO:0102584 -[is_a]-> GO:0016758
GO:0102585 -[is_a]-> GO:0016747
GO:0102586 -[is_a]-> GO:0016747
GO:0102587 -[is_a]-> GO:0016758
GO:0102588 -[is_a]-> GO:0016747
GO:0102589 -[is_a]-> GO:0016747
GO:0102596 -[is_a]-> GO:0016709
GO:0102597 -[is_a]-> GO:0016709
GO:0102598 -[is_a]-> GO:0016709
GO:0102604 -[is_a]-> GO:0016709
GO:0102605 -[is_a]-> GO:0016709
GO:0102606 -[is_a]-> GO:0016709
GO:0102607 -[is_a]-> GO:0016709
GO:0102610 -[is_a]-> GO:0016758
GO:0102611 -[is_a]-> GO:0016758
GO:0102612 -[is_a]-> GO:0016709
GO:0102613 -[is_a]-> GO:0016709
GO:0102614 -[is_a]-> GO:0016709
GO:0102616 -[is_a]-> GO:0016616
GO:0102618 -[is_a]-> GO:0016616
GO:0102621 -[is_a]-> GO:0016709
GO:0102622 -[is_a]-> GO:0016811
GO:0102623 -[is_a]-> GO:0008168
GO:0102624 -[is_a]-> GO:0008168
GO:0102625 -[is_a]-> GO:0008168
GO:0102626 -[is_a]-> GO:0016709
GO:0102627 -[is_a]-> GO:0016709
GO:0102628 -[is_a]-> GO:0016709
GO:0102629 -[is_a]-> GO:0008168
GO:0102630 -[is_a]-> GO:0008168
GO:0102631 -[is_a]-> GO:0008168
GO:0102632 -[is_a]-> GO:0046996
GO:0102634 -[is_a]-> GO:0016703
GO:0102639 -[is_a]-> GO:0016709
GO:0102640 -[is_a]-> GO:0016709
GO:0102643 -[is_a]-> GO:0016836
GO:0102644 -[is_a]-> GO:0016836
GO:0102645 -[is_a]-> GO:0016836
GO:0102646 -[is_a]-> GO:0016836
GO:0102660 -[is_a]-> GO:0016747
GO:0102668 -[is_a]-> GO:0016709
GO:0102671 -[is_a]-> GO:0008168
GO:0102676 -[is_a]-> GO:0016717
GO:0102692 -[is_a]-> GO:0016758
GO:0102698 -[is_a]-> GO:0016838
GO:0102700 -[is_a]-> GO:0016838
GO:0102701 -[is_a]-> GO:0016838
GO:0102702 -[is_a]-> GO:0016838
GO:0102703 -[is_a]-> GO:0016838
GO:0102718 -[is_a]-> GO:0008168
GO:0102737 -[is_a]-> GO:0016747
GO:0102738 -[is_a]-> GO:0016706
GO:0102739 -[is_a]-> GO:0016706
GO:0102740 -[is_a]-> GO:0008168
GO:0103005 -[is_a]-> GO:0016803
GO:0103011 -[is_a]-> GO:0016758
GO:0103019 -[is_a]-> GO:0016763
GO:0103032 -[is_a]-> GO:0016616
GO:0103042 -[is_a]-> GO:0016832
GO:0103053 -[is_a]-> GO:0016706
GO:0103054 -[is_a]-> GO:0016706
GO:0103055 -[is_a]-> GO:0016706
GO:0103056 -[is_a]-> GO:0016706
GO:0103057 -[is_a]-> GO:0016706
GO:0103058 -[is_a]-> GO:0016758
GO:0103059 -[is_a]-> GO:0016758
GO:0103060 -[is_a]-> GO:0016758
GO:0103061 -[is_a]-> GO:0016878
GO:0103062 -[is_a]-> GO:0016878
GO:0103063 -[is_a]-> GO:0016878
GO:0103069 -[is_a]-> GO:0016709
GO:0103073 -[is_a]-> GO:0016811
GO:0103075 -[is_a]-> GO:0016709
GO:0103077 -[is_a]-> GO:0016758
GO:0103078 -[is_a]-> GO:0016758
GO:0103079 -[is_a]-> GO:0046912
GO:0103082 -[is_a]-> GO:0046912
GO:0103085 -[is_a]-> GO:0046912
GO:0103088 -[is_a]-> GO:0046912
GO:0103091 -[is_a]-> GO:0046912
GO:0103092 -[is_a]-> GO:0050486
GO:0103093 -[is_a]-> GO:0016616
GO:0103095 -[is_a]-> GO:0016747
GO:0103096 -[is_a]-> GO:0016709
GO:0103097 -[is_a]-> GO:0016709
GO:0103098 -[is_a]-> GO:0016709
GO:0103099 -[is_a]-> GO:0016758
GO:0103100 -[is_a]-> GO:0016758
GO:0103101 -[is_a]-> GO:0016758
GO:0103102 -[is_a]-> GO:0016758
GO:0103103 -[is_a]-> GO:0016758
GO:0103104 -[is_a]-> GO:0008146
GO:0103105 -[is_a]-> GO:0008483
GO:0103106 -[is_a]-> GO:0016758
GO:0103107 -[is_a]-> GO:0016758
GO:0103111 -[is_a]-> GO:0016773
GO:0103113 -[is_a]-> GO:0016820
GO:0103115 -[is_a]-> GO:0016820
GO:0103116 -[is_a]-> GO:0016820
GO:0103117 -[is_a]-> GO:0016811
GO:0103118 -[is_a]-> GO:0016747
GO:0198738 -[is_a]-> GO:0007267
GO:1900000 -[is_a]-> GO:0009894
GO:1900000 -[is_a]-> GO:0031537
GO:1900000 -[regulates]-> GO:0046284
GO:1900001 -[is_a]-> GO:0009895
GO:1900001 -[is_a]-> GO:0031538
GO:1900001 -[is_a]-> GO:1900000
GO:1900001 -[negatively_regulates]-> GO:0046284
GO:1900002 -[is_a]-> GO:0009896
GO:1900002 -[is_a]-> GO:0031539
GO:1900002 -[is_a]-> GO:1900000
GO:1900002 -[positively_regulates]-> GO:0046284
GO:1900003 -[is_a]-> GO:0052548
GO:1900003 -[is_a]-> GO:1902571
GO:1900003 -[regulates]-> GO:0004252
GO:1900004 -[is_a]-> GO:0010951
GO:1900004 -[is_a]-> GO:1900003
GO:1900004 -[is_a]-> GO:1902572
GO:1900004 -[negatively_regulates]-> GO:0004252
GO:1900005 -[is_a]-> GO:0010950
GO:1900005 -[is_a]-> GO:1900003
GO:1900005 -[is_a]-> GO:1902573
GO:1900005 -[positively_regulates]-> GO:0004252
GO:1900006 -[is_a]-> GO:0010976
GO:1900006 -[is_a]-> GO:0050773
GO:1900006 -[positively_regulates]-> GO:0016358
GO:1900007 -[is_a]-> GO:1900062
GO:1900007 -[is_a]-> GO:1902275
GO:1900007 -[regulates]-> GO:0001310
GO:1900008 -[is_a]-> GO:0090344
GO:1900008 -[is_a]-> GO:1900007
GO:1900008 -[is_a]-> GO:1905268
GO:1900008 -[negatively_regulates]-> GO:0001310
GO:1900009 -[is_a]-> GO:0090343
GO:1900009 -[is_a]-> GO:1900007
GO:1900009 -[is_a]-> GO:1905269
GO:1900009 -[positively_regulates]-> GO:0001310
GO:1900010 -[is_a]-> GO:0010469
GO:1900010 -[regulates]-> GO:0043404
GO:1900011 -[is_a]-> GO:0009968
GO:1900011 -[is_a]-> GO:1900010
GO:1900011 -[is_a]-> GO:2000272
GO:1900011 -[negatively_regulates]-> GO:0043404
GO:1900012 -[is_a]-> GO:0009967
GO:1900012 -[is_a]-> GO:1900010
GO:1900012 -[is_a]-> GO:2000273
GO:1900012 -[positively_regulates]-> GO:0043404
GO:1900015 -[is_a]-> GO:0001817
GO:1900015 -[is_a]-> GO:0050727
GO:1900015 -[regulates]-> GO:0002534
GO:1900016 -[is_a]-> GO:0001818
GO:1900016 -[is_a]-> GO:0050728
GO:1900016 -[is_a]-> GO:1900015
GO:1900016 -[negatively_regulates]-> GO:0002534
GO:1900017 -[is_a]-> GO:0001819
GO:1900017 -[is_a]-> GO:0050729
GO:1900017 -[is_a]-> GO:1900015
GO:1900017 -[positively_regulates]-> GO:0002534
GO:1900018 -[is_a]-> GO:0071620
GO:1900018 -[part_of]-> GO:0036031
GO:1900019 -[is_a]-> GO:0071900
GO:1900019 -[regulates]-> GO:0004697
GO:1900020 -[is_a]-> GO:0071902
GO:1900020 -[is_a]-> GO:1900019
GO:1900020 -[positively_regulates]-> GO:0004697
GO:1900022 -[is_a]-> GO:0043549
GO:1900022 -[regulates]-> GO:0017050
GO:1900023 -[is_a]-> GO:0033674
GO:1900023 -[is_a]-> GO:1900022
GO:1900023 -[positively_regulates]-> GO:0017050
GO:1900024 -[is_a]-> GO:0010769
GO:1900024 -[is_a]-> GO:0010810
GO:1900024 -[regulates]-> GO:0034446
GO:1900025 -[is_a]-> GO:0010771
GO:1900025 -[is_a]-> GO:0010812
GO:1900025 -[is_a]-> GO:1900024
GO:1900025 -[negatively_regulates]-> GO:0034446
GO:1900026 -[is_a]-> GO:0010770
GO:1900026 -[is_a]-> GO:0010811
GO:1900026 -[is_a]-> GO:1900024
GO:1900026 -[positively_regulates]-> GO:0034446
GO:1900027 -[is_a]-> GO:0060491
GO:1900027 -[regulates]-> GO:0097178
GO:1900028 -[is_a]-> GO:0031345
GO:1900028 -[is_a]-> GO:1900027
GO:1900028 -[negatively_regulates]-> GO:0097178
GO:1900029 -[is_a]-> GO:0031346
GO:1900029 -[is_a]-> GO:0044089
GO:1900029 -[is_a]-> GO:1900027
GO:1900029 -[positively_regulates]-> GO:0097178
GO:1900030 -[is_a]-> GO:0010675
GO:1900030 -[is_a]-> GO:0032885
GO:1900030 -[is_a]-> GO:2000112
GO:1900030 -[regulates]-> GO:0045489
GO:1900032 -[is_a]-> GO:0010453
GO:1900032 -[is_a]-> GO:0010646
GO:1900032 -[is_a]-> GO:0023051
GO:1900032 -[is_a]-> GO:2000026
GO:1900032 -[regulates]-> GO:0048629
GO:1900033 -[is_a]-> GO:0010454
GO:1900033 -[is_a]-> GO:0010648
GO:1900033 -[is_a]-> GO:0023057
GO:1900033 -[is_a]-> GO:0051241
GO:1900033 -[is_a]-> GO:1900032
GO:1900033 -[negatively_regulates]-> GO:0048629
GO:1900034 -[is_a]-> GO:0080135
GO:1900034 -[regulates]-> GO:0034605
GO:1900035 -[is_a]-> GO:0048523
GO:1900035 -[is_a]-> GO:0048585
GO:1900035 -[is_a]-> GO:1900034
GO:1900035 -[negatively_regulates]-> GO:0034605
GO:1900036 -[is_a]-> GO:0048522
GO:1900036 -[is_a]-> GO:0048584
GO:1900036 -[is_a]-> GO:1900034
GO:1900036 -[positively_regulates]-> GO:0034605
GO:1900037 -[is_a]-> GO:0080135
GO:1900037 -[regulates]-> GO:0071456
GO:1900038 -[is_a]-> GO:0048523
GO:1900038 -[is_a]-> GO:0048585
GO:1900038 -[is_a]-> GO:1900037
GO:1900038 -[negatively_regulates]-> GO:0071456
GO:1900039 -[is_a]-> GO:0048522
GO:1900039 -[is_a]-> GO:0048584
GO:1900039 -[is_a]-> GO:1900037
GO:1900039 -[positively_regulates]-> GO:0071456
GO:1900040 -[is_a]-> GO:0032663
GO:1900040 -[is_a]-> GO:0050707
GO:1900040 -[regulates]-> GO:0070970
GO:1900041 -[is_a]-> GO:0032703
GO:1900041 -[is_a]-> GO:0050710
GO:1900041 -[is_a]-> GO:1900040
GO:1900041 -[negatively_regulates]-> GO:0070970
GO:1900042 -[is_a]-> GO:0032743
GO:1900042 -[is_a]-> GO:0050715
GO:1900042 -[is_a]-> GO:1900040
GO:1900042 -[positively_regulates]-> GO:0070970
GO:1900044 -[is_a]-> GO:1902914
GO:1900044 -[regulates]-> GO:0070534
GO:1900045 -[is_a]-> GO:1900044
GO:1900045 -[is_a]-> GO:1902915
GO:1900045 -[negatively_regulates]-> GO:0070534
GO:1900046 -[is_a]-> GO:0050789
GO:1900046 -[is_a]-> GO:0050878
GO:1900046 -[regulates]-> GO:0007599
GO:1900047 -[is_a]-> GO:0048519
GO:1900047 -[is_a]-> GO:1900046
GO:1900047 -[negatively_regulates]-> GO:0007599
GO:1900048 -[is_a]-> GO:0048518
GO:1900048 -[is_a]-> GO:1900046
GO:1900048 -[positively_regulates]-> GO:0007599
GO:1900049 -[is_a]-> GO:1902275
GO:1900049 -[regulates]-> GO:0043486
GO:1900050 -[is_a]-> GO:1900049
GO:1900050 -[is_a]-> GO:1905268
GO:1900050 -[negatively_regulates]-> GO:0043486
GO:1900051 -[is_a]-> GO:1900049
GO:1900051 -[is_a]-> GO:1905269
GO:1900051 -[positively_regulates]-> GO:0043486
GO:1900052 -[is_a]-> GO:0010565
GO:1900052 -[is_a]-> GO:0019747
GO:1900052 -[is_a]-> GO:0030656
GO:1900052 -[is_a]-> GO:0031326
GO:1900052 -[is_a]-> GO:0032350
GO:1900052 -[is_a]-> GO:0046890
GO:1900052 -[regulates]-> GO:0002138
GO:1900053 -[is_a]-> GO:0031327
GO:1900053 -[is_a]-> GO:0032351
GO:1900053 -[is_a]-> GO:0045827
GO:1900053 -[is_a]-> GO:0046137
GO:1900053 -[is_a]-> GO:0051055
GO:1900053 -[is_a]-> GO:1900052
GO:1900053 -[negatively_regulates]-> GO:0002138
GO:1900054 -[is_a]-> GO:0031328
GO:1900054 -[is_a]-> GO:0032352
GO:1900054 -[is_a]-> GO:0045828
GO:1900054 -[is_a]-> GO:0046136
GO:1900054 -[is_a]-> GO:0046889
GO:1900054 -[is_a]-> GO:1900052
GO:1900054 -[positively_regulates]-> GO:0002138
GO:1900055 -[is_a]-> GO:2000024
GO:1900055 -[regulates]-> GO:0010150
GO:1900056 -[is_a]-> GO:0051093
GO:1900056 -[is_a]-> GO:0051241
GO:1900056 -[is_a]-> GO:1900055
GO:1900056 -[negatively_regulates]-> GO:0010150
GO:1900057 -[is_a]-> GO:0051094
GO:1900057 -[is_a]-> GO:0051240
GO:1900057 -[is_a]-> GO:1900055
GO:1900057 -[positively_regulates]-> GO:0010150
GO:1900058 -[is_a]-> GO:0042762
GO:1900058 -[regulates]-> GO:0000103
GO:1900059 -[is_a]-> GO:0051176
GO:1900059 -[is_a]-> GO:1900058
GO:1900059 -[positively_regulates]-> GO:0000103
GO:1900060 -[is_a]-> GO:0034249
GO:1900060 -[is_a]-> GO:0090155
GO:1900060 -[is_a]-> GO:2000303
GO:1900060 -[negatively_regulates]-> GO:0046513
GO:1900062 -[is_a]-> GO:0090342
GO:1900062 -[regulates]-> GO:0001302
GO:1900063 -[is_a]-> GO:0033043
GO:1900063 -[regulates]-> GO:0007031
GO:1900064 -[is_a]-> GO:0010638
GO:1900064 -[is_a]-> GO:1900063
GO:1900064 -[positively_regulates]-> GO:0007031
GO:1900065 -[is_a]-> GO:0009894
GO:1900065 -[regulates]-> GO:0006068
GO:1900066 -[is_a]-> GO:0009896
GO:1900066 -[is_a]-> GO:1900065
GO:1900066 -[positively_regulates]-> GO:0006068
GO:1900067 -[is_a]-> GO:0048583
GO:1900067 -[is_a]-> GO:0050794
GO:1900067 -[regulates]-> GO:0071469
GO:1900068 -[is_a]-> GO:0048523
GO:1900068 -[is_a]-> GO:0048585
GO:1900068 -[is_a]-> GO:1900067
GO:1900068 -[negatively_regulates]-> GO:0071469
GO:1900069 -[is_a]-> GO:0080135
GO:1900069 -[is_a]-> GO:1901000
GO:1900069 -[regulates]-> GO:0071475
GO:1900070 -[is_a]-> GO:0048523
GO:1900070 -[is_a]-> GO:1900069
GO:1900070 -[is_a]-> GO:1901001
GO:1900070 -[negatively_regulates]-> GO:0071475
GO:1900071 -[is_a]-> GO:0044070
GO:1900071 -[regulates]-> GO:0000316
GO:1900072 -[is_a]-> GO:1900071
GO:1900072 -[is_a]-> GO:1903793
GO:1900072 -[positively_regulates]-> GO:0000316
GO:1900073 -[is_a]-> GO:0050804
GO:1900073 -[regulates]-> GO:0007274
GO:1900074 -[is_a]-> GO:0050805
GO:1900074 -[is_a]-> GO:1900073
GO:1900074 -[negatively_regulates]-> GO:0007274
GO:1900075 -[is_a]-> GO:0050806
GO:1900075 -[is_a]-> GO:1900073
GO:1900075 -[positively_regulates]-> GO:0007274
GO:1900076 -[is_a]-> GO:0048583
GO:1900076 -[is_a]-> GO:0050794
GO:1900076 -[regulates]-> GO:0032869
GO:1900077 -[is_a]-> GO:0048523
GO:1900077 -[is_a]-> GO:0048585
GO:1900077 -[is_a]-> GO:1900076
GO:1900077 -[negatively_regulates]-> GO:0032869
GO:1900078 -[is_a]-> GO:0048522
GO:1900078 -[is_a]-> GO:0048584
GO:1900078 -[is_a]-> GO:1900076
GO:1900078 -[positively_regulates]-> GO:0032869
GO:1900079 -[is_a]-> GO:0000821
GO:1900079 -[is_a]-> GO:2000282
GO:1900079 -[regulates]-> GO:0006526
GO:1900080 -[is_a]-> GO:1900079
GO:1900080 -[is_a]-> GO:2000284
GO:1900080 -[positively_regulates]-> GO:0006526
GO:1900081 -[is_a]-> GO:0000821
GO:1900081 -[is_a]-> GO:0033241
GO:1900081 -[regulates]-> GO:0006527
GO:1900082 -[is_a]-> GO:0033242
GO:1900082 -[is_a]-> GO:0045763
GO:1900082 -[is_a]-> GO:1900081
GO:1900082 -[negatively_regulates]-> GO:0006527
GO:1900084 -[is_a]-> GO:0031952
GO:1900084 -[is_a]-> GO:0050730
GO:1900084 -[regulates]-> GO:0038083
GO:1900085 -[is_a]-> GO:0031953
GO:1900085 -[is_a]-> GO:0050732
GO:1900085 -[is_a]-> GO:1900084
GO:1900085 -[negatively_regulates]-> GO:0038083
GO:1900086 -[is_a]-> GO:0031954
GO:1900086 -[is_a]-> GO:0050731
GO:1900086 -[is_a]-> GO:1900084
GO:1900086 -[positively_regulates]-> GO:0038083
GO:1900087 -[is_a]-> GO:1901992
GO:1900087 -[is_a]-> GO:1902808
GO:1900087 -[is_a]-> GO:2000045
GO:1900087 -[positively_regulates]-> GO:0000082
GO:1900088 -[is_a]-> GO:0010675
GO:1900088 -[is_a]-> GO:0031326
GO:1900088 -[is_a]-> GO:0043255
GO:1900088 -[is_a]-> GO:1902930
GO:1900088 -[regulates]-> GO:0006021
GO:1900089 -[is_a]-> GO:0010677
GO:1900089 -[is_a]-> GO:0031327
GO:1900089 -[is_a]-> GO:1900088
GO:1900089 -[is_a]-> GO:1902931
GO:1900089 -[negatively_regulates]-> GO:0006021
GO:1900090 -[is_a]-> GO:0010676
GO:1900090 -[is_a]-> GO:0031328
GO:1900090 -[is_a]-> GO:1900088
GO:1900090 -[is_a]-> GO:1902932
GO:1900090 -[positively_regulates]-> GO:0006021
GO:1900091 -[is_a]-> GO:0043255
GO:1900091 -[is_a]-> GO:0080091
GO:1900091 -[regulates]-> GO:0033529
GO:1900092 -[is_a]-> GO:0009890
GO:1900092 -[is_a]-> GO:0045912
GO:1900092 -[is_a]-> GO:1900091
GO:1900092 -[negatively_regulates]-> GO:0033529
GO:1900093 -[is_a]-> GO:0009891
GO:1900093 -[is_a]-> GO:0045913
GO:1900093 -[is_a]-> GO:1900091
GO:1900093 -[positively_regulates]-> GO:0033529
GO:1900094 -[is_a]-> GO:0006357
GO:1900094 -[part_of]-> GO:0007368
GO:1900095 -[is_a]-> GO:0010468
GO:1900095 -[regulates]-> GO:0009048
GO:1900096 -[is_a]-> GO:0048519
GO:1900096 -[is_a]-> GO:1900095
GO:1900096 -[negatively_regulates]-> GO:0009048
GO:1900097 -[is_a]-> GO:0048518
GO:1900097 -[is_a]-> GO:1900095
GO:1900097 -[positively_regulates]-> GO:0009048
GO:1900098 -[is_a]-> GO:0002697
GO:1900098 -[is_a]-> GO:0045577
GO:1900098 -[is_a]-> GO:0050776
GO:1900098 -[regulates]-> GO:0002317
GO:1900099 -[is_a]-> GO:0002698
GO:1900099 -[is_a]-> GO:0045578
GO:1900099 -[is_a]-> GO:0050777
GO:1900099 -[is_a]-> GO:1900098
GO:1900099 -[negatively_regulates]-> GO:0002317
GO:1900100 -[is_a]-> GO:0002699
GO:1900100 -[is_a]-> GO:0045579
GO:1900100 -[is_a]-> GO:0050778
GO:1900100 -[is_a]-> GO:1900098
GO:1900100 -[positively_regulates]-> GO:0002317
GO:1900101 -[is_a]-> GO:0009966
GO:1900101 -[is_a]-> GO:0080135
GO:1900101 -[regulates]-> GO:0030968
GO:1900102 -[is_a]-> GO:0009968
GO:1900102 -[is_a]-> GO:1900101
GO:1900102 -[is_a]-> GO:1903573
GO:1900102 -[negatively_regulates]-> GO:0030968
GO:1900103 -[is_a]-> GO:0009967
GO:1900103 -[is_a]-> GO:1900101
GO:1900103 -[positively_regulates]-> GO:0030968
GO:1900104 -[is_a]-> GO:0044087
GO:1900104 -[is_a]-> GO:0051128
GO:1900104 -[regulates]-> GO:0036118
GO:1900105 -[is_a]-> GO:0051129
GO:1900105 -[is_a]-> GO:1900104
GO:1900105 -[negatively_regulates]-> GO:0036118
GO:1900106 -[is_a]-> GO:0044089
GO:1900106 -[is_a]-> GO:0051130
GO:1900106 -[is_a]-> GO:1900104
GO:1900106 -[positively_regulates]-> GO:0036118
GO:1900107 -[is_a]-> GO:0032925
GO:1900107 -[regulates]-> GO:0038092
GO:1900108 -[is_a]-> GO:0032926
GO:1900108 -[is_a]-> GO:1900107
GO:1900108 -[negatively_regulates]-> GO:0038092
GO:1900109 -[is_a]-> GO:0051570
GO:1900109 -[regulates]-> GO:0036123
GO:1900110 -[is_a]-> GO:0051573
GO:1900110 -[is_a]-> GO:1900109
GO:1900110 -[negatively_regulates]-> GO:0036123
GO:1900111 -[is_a]-> GO:0051574
GO:1900111 -[is_a]-> GO:1900109
GO:1900111 -[positively_regulates]-> GO:0036123
GO:1900112 -[is_a]-> GO:0051570
GO:1900112 -[regulates]-> GO:0036124
GO:1900113 -[is_a]-> GO:0051573
GO:1900113 -[is_a]-> GO:1900112
GO:1900113 -[negatively_regulates]-> GO:0036124
GO:1900114 -[is_a]-> GO:0051574
GO:1900114 -[is_a]-> GO:1900112
GO:1900114 -[positively_regulates]-> GO:0036124
GO:1900115 -[is_a]-> GO:0009966
GO:1900115 -[occurs_in]-> GO:0005576
GO:1900116 -[is_a]-> GO:0009968
GO:1900116 -[is_a]-> GO:1900115
GO:1900116 -[occurs_in]-> GO:0005576
GO:1900117 -[is_a]-> GO:0042981
GO:1900117 -[regulates]-> GO:0097194
GO:1900118 -[is_a]-> GO:0043066
GO:1900118 -[is_a]-> GO:1900117
GO:1900118 -[negatively_regulates]-> GO:0097194
GO:1900119 -[is_a]-> GO:0043065
GO:1900119 -[is_a]-> GO:1900117
GO:1900119 -[positively_regulates]-> GO:0097194
GO:1900120 -[is_a]-> GO:0043393
GO:1900120 -[regulates]-> GO:0005102
GO:1900121 -[is_a]-> GO:0032091
GO:1900121 -[is_a]-> GO:1900120
GO:1900121 -[negatively_regulates]-> GO:0005102
GO:1900122 -[is_a]-> GO:0032092
GO:1900122 -[is_a]-> GO:1900120
GO:1900122 -[positively_regulates]-> GO:0005102
GO:1900123 -[is_a]-> GO:0043254
GO:1900123 -[is_a]-> GO:1900107
GO:1900123 -[regulates]-> GO:0038099
GO:1900124 -[is_a]-> GO:0031333
GO:1900124 -[is_a]-> GO:1900108
GO:1900124 -[is_a]-> GO:1900123
GO:1900124 -[negatively_regulates]-> GO:0038099
GO:1900125 -[is_a]-> GO:0032885
GO:1900125 -[is_a]-> GO:0051171
GO:1900125 -[regulates]-> GO:0030213
GO:1900126 -[is_a]-> GO:0010558
GO:1900126 -[is_a]-> GO:0045912
GO:1900126 -[is_a]-> GO:0051172
GO:1900126 -[is_a]-> GO:1900125
GO:1900126 -[negatively_regulates]-> GO:0030213
GO:1900127 -[is_a]-> GO:0010557
GO:1900127 -[is_a]-> GO:0045913
GO:1900127 -[is_a]-> GO:0051173
GO:1900127 -[is_a]-> GO:1900125
GO:1900127 -[positively_regulates]-> GO:0030213
GO:1900128 -[is_a]-> GO:1901979
GO:1900128 -[regulates]-> GO:0015467
GO:1900129 -[is_a]-> GO:1900128
GO:1900129 -[is_a]-> GO:1901980
GO:1900129 -[positively_regulates]-> GO:0015467
GO:1900130 -[is_a]-> GO:0051098
GO:1900130 -[regulates]-> GO:0008289
GO:1900131 -[is_a]-> GO:0051100
GO:1900131 -[is_a]-> GO:1900130
GO:1900131 -[negatively_regulates]-> GO:0008289
GO:1900132 -[is_a]-> GO:0051099
GO:1900132 -[is_a]-> GO:1900130
GO:1900132 -[positively_regulates]-> GO:0008289
GO:1900133 -[is_a]-> GO:0003073
GO:1900133 -[is_a]-> GO:0044060
GO:1900133 -[is_a]-> GO:0050708
GO:1900133 -[is_a]-> GO:0098801
GO:1900133 -[is_a]-> GO:1903522
GO:1900133 -[regulates]-> GO:0002001
GO:1900134 -[is_a]-> GO:0050709
GO:1900134 -[is_a]-> GO:1900133
GO:1900134 -[is_a]-> GO:1903523
GO:1900134 -[negatively_regulates]-> GO:0002001
GO:1900135 -[is_a]-> GO:0050714
GO:1900135 -[is_a]-> GO:1900133
GO:1900135 -[is_a]-> GO:1903524
GO:1900135 -[positively_regulates]-> GO:0002001
GO:1900136 -[is_a]-> GO:0030334
GO:1900136 -[is_a]-> GO:0050920
GO:1900136 -[is_a]-> GO:0060300
GO:1900136 -[regulates]-> GO:0008009
GO:1900137 -[is_a]-> GO:0030336
GO:1900137 -[is_a]-> GO:0050922
GO:1900137 -[is_a]-> GO:0060302
GO:1900137 -[is_a]-> GO:1900136
GO:1900137 -[negatively_regulates]-> GO:0008009
GO:1900138 -[is_a]-> GO:0010519
GO:1900138 -[is_a]-> GO:0032429
GO:1900138 -[negatively_regulates]-> GO:0004623
GO:1900139 -[is_a]-> GO:0032304
GO:1900139 -[is_a]-> GO:0090237
GO:1900139 -[negatively_regulates]-> GO:0050482
GO:1900140 -[is_a]-> GO:0048580
GO:1900140 -[regulates]-> GO:0090351
GO:1900141 -[is_a]-> GO:0034350
GO:1900141 -[regulates]-> GO:0097252
GO:1900142 -[is_a]-> GO:0034351
GO:1900142 -[is_a]-> GO:1900141
GO:1900142 -[negatively_regulates]-> GO:0097252
GO:1900143 -[is_a]-> GO:0034352
GO:1900143 -[is_a]-> GO:1900141
GO:1900143 -[positively_regulates]-> GO:0097252
GO:1900144 -[is_a]-> GO:0010647
GO:1900144 -[is_a]-> GO:0023056
GO:1900144 -[is_a]-> GO:0050714
GO:1900144 -[is_a]-> GO:2001284
GO:1900144 -[positively_regulates]-> GO:0038055
GO:1900145 -[is_a]-> GO:0006357
GO:1900145 -[is_a]-> GO:1900107
GO:1900145 -[is_a]-> GO:2000026
GO:1900145 -[regulates]-> GO:0038107
GO:1900146 -[is_a]-> GO:0051093
GO:1900146 -[is_a]-> GO:0051241
GO:1900146 -[is_a]-> GO:1900108
GO:1900146 -[is_a]-> GO:1900145
GO:1900146 -[negatively_regulates]-> GO:0038107
GO:1900147 -[is_a]-> GO:1903975
GO:1900147 -[regulates]-> GO:0036135
GO:1900148 -[is_a]-> GO:1900147
GO:1900148 -[is_a]-> GO:1903976
GO:1900148 -[negatively_regulates]-> GO:0036135
GO:1900149 -[is_a]-> GO:1900147
GO:1900149 -[is_a]-> GO:1903977
GO:1900149 -[positively_regulates]-> GO:0036135
GO:1900150 -[is_a]-> GO:0002831
GO:1900150 -[is_a]-> GO:0031347
GO:1900150 -[is_a]-> GO:0032101
GO:1900150 -[is_a]-> GO:0043900
GO:1900150 -[regulates]-> GO:0050832
GO:1900151 -[is_a]-> GO:0061013
GO:1900151 -[regulates]-> GO:0000288
GO:1900152 -[is_a]-> GO:1900151
GO:1900152 -[is_a]-> GO:1902373
GO:1900152 -[negatively_regulates]-> GO:0000288
GO:1900153 -[is_a]-> GO:0061014
GO:1900153 -[is_a]-> GO:1900151
GO:1900153 -[positively_regulates]-> GO:0000288
GO:1900154 -[is_a]-> GO:2000027
GO:1900154 -[regulates]-> GO:0060346
GO:1900155 -[is_a]-> GO:0051093
GO:1900155 -[is_a]-> GO:0051241
GO:1900155 -[is_a]-> GO:1900154
GO:1900155 -[negatively_regulates]-> GO:0060346
GO:1900156 -[is_a]-> GO:0051094
GO:1900156 -[is_a]-> GO:0051240
GO:1900156 -[is_a]-> GO:1900154
GO:1900156 -[positively_regulates]-> GO:0060346
GO:1900157 -[is_a]-> GO:0030500
GO:1900157 -[is_a]-> GO:1903010
GO:1900157 -[regulates]-> GO:0035630
GO:1900158 -[is_a]-> GO:0030502
GO:1900158 -[is_a]-> GO:1900157
GO:1900158 -[is_a]-> GO:1903011
GO:1900158 -[negatively_regulates]-> GO:0035630
GO:1900159 -[is_a]-> GO:0030501
GO:1900159 -[is_a]-> GO:1900157
GO:1900159 -[is_a]-> GO:1903012
GO:1900159 -[positively_regulates]-> GO:0035630
GO:1900160 -[is_a]-> GO:0036385
GO:1900160 -[occurs_in]-> GO:0009536
GO:1900161 -[is_a]-> GO:0032409
GO:1900161 -[is_a]-> GO:0097035
GO:1900161 -[is_a]-> GO:1903729
GO:1900161 -[is_a]-> GO:2001138
GO:1900161 -[regulates]-> GO:0017128
GO:1900162 -[is_a]-> GO:0032410
GO:1900162 -[is_a]-> GO:0051129
GO:1900162 -[is_a]-> GO:1900161
GO:1900162 -[is_a]-> GO:2001139
GO:1900162 -[negatively_regulates]-> GO:0017128
GO:1900163 -[is_a]-> GO:0032411
GO:1900163 -[is_a]-> GO:0051130
GO:1900163 -[is_a]-> GO:1900161
GO:1900163 -[is_a]-> GO:2001140
GO:1900163 -[positively_regulates]-> GO:0017128
GO:1900164 -[is_a]-> GO:0038107
GO:1900164 -[part_of]-> GO:0003140
GO:1900165 -[is_a]-> GO:0032715
GO:1900165 -[is_a]-> GO:0050710
GO:1900165 -[negatively_regulates]-> GO:0072604
GO:1900166 -[is_a]-> GO:0050707
GO:1900166 -[regulates]-> GO:0044467
GO:1900167 -[is_a]-> GO:0050710
GO:1900167 -[is_a]-> GO:1900166
GO:1900167 -[negatively_regulates]-> GO:0044467
GO:1900168 -[is_a]-> GO:0050715
GO:1900168 -[is_a]-> GO:1900166
GO:1900168 -[positively_regulates]-> GO:0044467
GO:1900169 -[is_a]-> GO:0009966
GO:1900169 -[regulates]-> GO:0043402
GO:1900170 -[is_a]-> GO:0009968
GO:1900170 -[is_a]-> GO:1900169
GO:1900170 -[negatively_regulates]-> GO:0043402
GO:1900171 -[is_a]-> GO:0009967
GO:1900171 -[is_a]-> GO:1900169
GO:1900171 -[positively_regulates]-> GO:0043402
GO:1900175 -[is_a]-> GO:1900145
GO:1900175 -[is_a]-> GO:2000380
GO:1900175 -[regulates]-> GO:1900164
GO:1900176 -[is_a]-> GO:1900146
GO:1900176 -[is_a]-> GO:1900175
GO:1900176 -[is_a]-> GO:2000381
GO:1900176 -[negatively_regulates]-> GO:1900164
GO:1900177 -[is_a]-> GO:0031326
GO:1900177 -[is_a]-> GO:1900376
GO:1900177 -[is_a]-> GO:2000762
GO:1900177 -[regulates]-> GO:0045122
GO:1900178 -[is_a]-> GO:0031327
GO:1900178 -[is_a]-> GO:1900177
GO:1900178 -[is_a]-> GO:1900377
GO:1900178 -[negatively_regulates]-> GO:0045122
GO:1900179 -[is_a]-> GO:0031328
GO:1900179 -[is_a]-> GO:1900177
GO:1900179 -[is_a]-> GO:1900378
GO:1900179 -[positively_regulates]-> GO:0045122
GO:1900180 -[is_a]-> GO:1903827
GO:1900180 -[regulates]-> GO:0034504
GO:1900181 -[is_a]-> GO:1900180
GO:1900181 -[is_a]-> GO:1903828
GO:1900181 -[negatively_regulates]-> GO:0034504
GO:1900182 -[is_a]-> GO:1900180
GO:1900182 -[is_a]-> GO:1903829
GO:1900182 -[positively_regulates]-> GO:0034504
GO:1900183 -[is_a]-> GO:0010566
GO:1900183 -[regulates]-> GO:2001307
GO:1900184 -[is_a]-> GO:0031327
GO:1900184 -[is_a]-> GO:1900183
GO:1900184 -[negatively_regulates]-> GO:2001307
GO:1900185 -[is_a]-> GO:0031328
GO:1900185 -[is_a]-> GO:1900183
GO:1900185 -[positively_regulates]-> GO:2001307
GO:1900186 -[is_a]-> GO:0048261
GO:1900186 -[is_a]-> GO:2000369
GO:1900186 -[negatively_regulates]-> GO:0072583
GO:1900187 -[is_a]-> GO:0010810
GO:1900187 -[is_a]-> GO:1900190
GO:1900187 -[regulates]-> GO:0043709
GO:1900188 -[is_a]-> GO:0010812
GO:1900188 -[is_a]-> GO:1900187
GO:1900188 -[is_a]-> GO:1900191
GO:1900188 -[negatively_regulates]-> GO:0043709
GO:1900189 -[is_a]-> GO:0010811
GO:1900189 -[is_a]-> GO:1900187
GO:1900189 -[is_a]-> GO:1900192
GO:1900189 -[positively_regulates]-> GO:0043709
GO:1900190 -[is_a]-> GO:0043900
GO:1900190 -[is_a]-> GO:0050794
GO:1900190 -[regulates]-> GO:0044010
GO:1900191 -[is_a]-> GO:0043901
GO:1900191 -[is_a]-> GO:0048523
GO:1900191 -[is_a]-> GO:1900190
GO:1900191 -[negatively_regulates]-> GO:0044010
GO:1900192 -[is_a]-> GO:0043902
GO:1900192 -[is_a]-> GO:0048522
GO:1900192 -[is_a]-> GO:1900190
GO:1900192 -[positively_regulates]-> GO:0044010
GO:1900193 -[is_a]-> GO:0060281
GO:1900193 -[is_a]-> GO:1903429
GO:1900193 -[regulates]-> GO:0001556
GO:1900194 -[is_a]-> GO:0060283
GO:1900194 -[is_a]-> GO:1900193
GO:1900194 -[is_a]-> GO:1903430
GO:1900194 -[negatively_regulates]-> GO:0001556
GO:1900195 -[is_a]-> GO:0060282
GO:1900195 -[is_a]-> GO:1900193
GO:1900195 -[is_a]-> GO:1903431
GO:1900195 -[positively_regulates]-> GO:0001556
GO:1900196 -[is_a]-> GO:0031326
GO:1900196 -[is_a]-> GO:0033244
GO:1900196 -[is_a]-> GO:1900376
GO:1900196 -[regulates]-> GO:0042318
GO:1900197 -[is_a]-> GO:0031327
GO:1900197 -[is_a]-> GO:0033245
GO:1900197 -[is_a]-> GO:1900196
GO:1900197 -[is_a]-> GO:1900377
GO:1900197 -[negatively_regulates]-> GO:0042318
GO:1900198 -[is_a]-> GO:0031328
GO:1900198 -[is_a]-> GO:0033246
GO:1900198 -[is_a]-> GO:1900196
GO:1900198 -[is_a]-> GO:1900378
GO:1900198 -[positively_regulates]-> GO:0042318
GO:1900199 -[is_a]-> GO:0046827
GO:1900199 -[happens_during]-> GO:0007138
GO:1900199 -[positively_regulates]-> GO:0006611
GO:1900200 -[is_a]-> GO:0097152
GO:1900200 -[is_a]-> GO:1902742
GO:1900200 -[part_of]-> GO:0001656
GO:1900204 -[is_a]-> GO:1902742
GO:1900204 -[part_of]-> GO:0072205
GO:1900205 -[is_a]-> GO:1902742
GO:1900205 -[part_of]-> GO:0072234
GO:1900206 -[is_a]-> GO:0090183
GO:1900206 -[regulates]-> GO:0039020
GO:1900207 -[is_a]-> GO:0090185
GO:1900207 -[is_a]-> GO:1900206
GO:1900207 -[negatively_regulates]-> GO:0039020
GO:1900208 -[is_a]-> GO:1903725
GO:1900208 -[regulates]-> GO:0032048
GO:1900209 -[is_a]-> GO:1900208
GO:1900209 -[is_a]-> GO:1903726
GO:1900209 -[negatively_regulates]-> GO:0032048
GO:1900210 -[is_a]-> GO:1900208
GO:1900210 -[is_a]-> GO:1903727
GO:1900210 -[positively_regulates]-> GO:0032048
GO:1900211 -[is_a]-> GO:0072215
GO:1900211 -[is_a]-> GO:1904748
GO:1900211 -[is_a]-> GO:2001053
GO:1900211 -[regulates]-> GO:1900200
GO:1900212 -[is_a]-> GO:0072217
GO:1900212 -[is_a]-> GO:1900211
GO:1900212 -[is_a]-> GO:1904746
GO:1900212 -[is_a]-> GO:2001054
GO:1900212 -[negatively_regulates]-> GO:1900200
GO:1900213 -[is_a]-> GO:0072216
GO:1900213 -[is_a]-> GO:1900211
GO:1900213 -[is_a]-> GO:1904747
GO:1900213 -[is_a]-> GO:2001055
GO:1900213 -[positively_regulates]-> GO:1900200
GO:1900214 -[is_a]-> GO:0072215
GO:1900214 -[is_a]-> GO:1904748
GO:1900214 -[regulates]-> GO:1900204
GO:1900215 -[is_a]-> GO:0072217
GO:1900215 -[is_a]-> GO:1900214
GO:1900215 -[is_a]-> GO:1904746
GO:1900215 -[negatively_regulates]-> GO:1900204
GO:1900216 -[is_a]-> GO:0072216
GO:1900216 -[is_a]-> GO:1900214
GO:1900216 -[is_a]-> GO:1904747
GO:1900216 -[positively_regulates]-> GO:1900204
GO:1900217 -[is_a]-> GO:0072215
GO:1900217 -[is_a]-> GO:1904748
GO:1900217 -[regulates]-> GO:1900205
GO:1900218 -[is_a]-> GO:0072217
GO:1900218 -[is_a]-> GO:1900217
GO:1900218 -[is_a]-> GO:1904746
GO:1900218 -[negatively_regulates]-> GO:1900205
GO:1900219 -[is_a]-> GO:0072216
GO:1900219 -[is_a]-> GO:1900217
GO:1900219 -[is_a]-> GO:1904747
GO:1900219 -[positively_regulates]-> GO:1900205
GO:1900220 -[is_a]-> GO:0071526
GO:1900220 -[part_of]-> GO:0061430
GO:1900221 -[is_a]-> GO:0051239
GO:1900221 -[regulates]-> GO:0097242
GO:1900222 -[is_a]-> GO:0051241
GO:1900222 -[is_a]-> GO:1900221
GO:1900222 -[negatively_regulates]-> GO:0097242
GO:1900223 -[is_a]-> GO:0051240
GO:1900223 -[is_a]-> GO:1900221
GO:1900223 -[positively_regulates]-> GO:0097242
GO:1900224 -[is_a]-> GO:0032927
GO:1900224 -[is_a]-> GO:0051240
GO:1900224 -[is_a]-> GO:1900175
GO:1900224 -[is_a]-> GO:2000382
GO:1900224 -[positively_regulates]-> GO:1900164
GO:1900225 -[is_a]-> GO:0043254
GO:1900225 -[regulates]-> GO:0044546
GO:1900226 -[is_a]-> GO:0031333
GO:1900226 -[is_a]-> GO:1900225
GO:1900226 -[negatively_regulates]-> GO:0044546
GO:1900227 -[is_a]-> GO:0031334
GO:1900227 -[is_a]-> GO:1900225
GO:1900227 -[positively_regulates]-> GO:0044546
GO:1900228 -[is_a]-> GO:0043903
GO:1900228 -[is_a]-> GO:1900190
GO:1900228 -[regulates]-> GO:0044407
GO:1900229 -[is_a]-> GO:1900191
GO:1900229 -[is_a]-> GO:1900228
GO:1900229 -[negatively_regulates]-> GO:0044407
GO:1900230 -[is_a]-> GO:1900192
GO:1900230 -[is_a]-> GO:1900228
GO:1900230 -[positively_regulates]-> GO:0044407
GO:1900231 -[is_a]-> GO:1900190
GO:1900231 -[regulates]-> GO:0044011
GO:1900232 -[is_a]-> GO:1900191
GO:1900232 -[is_a]-> GO:1900231
GO:1900232 -[negatively_regulates]-> GO:0044011
GO:1900233 -[is_a]-> GO:1900192
GO:1900233 -[is_a]-> GO:1900231
GO:1900233 -[positively_regulates]-> GO:0044011
GO:1900234 -[is_a]-> GO:0001959
GO:1900234 -[regulates]-> GO:0038109
GO:1900235 -[is_a]-> GO:0001960
GO:1900235 -[is_a]-> GO:1900234
GO:1900235 -[negatively_regulates]-> GO:0038109
GO:1900236 -[is_a]-> GO:0001961
GO:1900236 -[is_a]-> GO:1900234
GO:1900236 -[positively_regulates]-> GO:0038109
GO:1900237 -[is_a]-> GO:0031137
GO:1900237 -[is_a]-> GO:0048518
GO:1900237 -[positively_regulates]-> GO:0010514
GO:1900238 -[is_a]-> GO:0035791
GO:1900238 -[is_a]-> GO:2000589
GO:1900238 -[regulates]-> GO:0035789
GO:1900239 -[is_a]-> GO:0050794
GO:1900239 -[regulates]-> GO:0036166
GO:1900240 -[is_a]-> GO:0048523
GO:1900240 -[is_a]-> GO:1900239
GO:1900240 -[negatively_regulates]-> GO:0036166
GO:1900241 -[is_a]-> GO:0048522
GO:1900241 -[is_a]-> GO:1900239
GO:1900241 -[positively_regulates]-> GO:0036166
GO:1900242 -[is_a]-> GO:1903421
GO:1900242 -[is_a]-> GO:2000369
GO:1900242 -[regulates]-> GO:0048488
GO:1900243 -[is_a]-> GO:1900186
GO:1900243 -[is_a]-> GO:1900242
GO:1900243 -[is_a]-> GO:1903422
GO:1900243 -[negatively_regulates]-> GO:0048488
GO:1900244 -[is_a]-> GO:1900242
GO:1900244 -[is_a]-> GO:1903423
GO:1900244 -[is_a]-> GO:2000370
GO:1900244 -[positively_regulates]-> GO:0048488
GO:1900245 -[is_a]-> GO:0002699
GO:1900245 -[is_a]-> GO:0002833
GO:1900245 -[is_a]-> GO:0031349
GO:1900245 -[is_a]-> GO:0032103
GO:1900245 -[is_a]-> GO:0039533
GO:1900245 -[is_a]-> GO:0048524
GO:1900245 -[is_a]-> GO:1902533
GO:1900245 -[positively_regulates]-> GO:0039530
GO:1900246 -[is_a]-> GO:0002699
GO:1900246 -[is_a]-> GO:0002833
GO:1900246 -[is_a]-> GO:0031349
GO:1900246 -[is_a]-> GO:0032103
GO:1900246 -[is_a]-> GO:0039535
GO:1900246 -[is_a]-> GO:0048524
GO:1900246 -[is_a]-> GO:1902533
GO:1900246 -[positively_regulates]-> GO:0039529
GO:1900247 -[is_a]-> GO:0006448
GO:1900247 -[is_a]-> GO:2000765
GO:1900247 -[regulates]-> GO:0002182
GO:1900248 -[is_a]-> GO:0045900
GO:1900248 -[is_a]-> GO:1900247
GO:1900248 -[is_a]-> GO:2000766
GO:1900248 -[negatively_regulates]-> GO:0002182
GO:1900249 -[is_a]-> GO:0045901
GO:1900249 -[is_a]-> GO:1900247
GO:1900249 -[is_a]-> GO:2000767
GO:1900249 -[positively_regulates]-> GO:0002182
GO:1900256 -[is_a]-> GO:0010469
GO:1900256 -[is_a]-> GO:0071877
GO:1900256 -[regulates]-> GO:0004940
GO:1900257 -[is_a]-> GO:0071878
GO:1900257 -[is_a]-> GO:1900256
GO:1900257 -[is_a]-> GO:2000272
GO:1900257 -[negatively_regulates]-> GO:0004940
GO:1900258 -[is_a]-> GO:0071879
GO:1900258 -[is_a]-> GO:1900256
GO:1900258 -[is_a]-> GO:2000273
GO:1900258 -[positively_regulates]-> GO:0004940
GO:1900259 -[is_a]-> GO:0051338
GO:1900259 -[is_a]-> GO:1903506
GO:1900259 -[regulates]-> GO:0003968
GO:1900260 -[is_a]-> GO:0051348
GO:1900260 -[is_a]-> GO:1900259
GO:1900260 -[is_a]-> GO:1903507
GO:1900260 -[negatively_regulates]-> GO:0003968
GO:1900261 -[is_a]-> GO:0051347
GO:1900261 -[is_a]-> GO:1900259
GO:1900261 -[is_a]-> GO:1903508
GO:1900261 -[positively_regulates]-> GO:0003968
GO:1900262 -[is_a]-> GO:0051338
GO:1900262 -[is_a]-> GO:0090329
GO:1900262 -[is_a]-> GO:2000278
GO:1900262 -[regulates]-> GO:0003887
GO:1900263 -[is_a]-> GO:0051348
GO:1900263 -[is_a]-> GO:1900262
GO:1900263 -[is_a]-> GO:2000279
GO:1900263 -[negatively_regulates]-> GO:0003887
GO:1900264 -[is_a]-> GO:0051347
GO:1900264 -[is_a]-> GO:1900262
GO:1900264 -[is_a]-> GO:2000573
GO:1900264 -[positively_regulates]-> GO:0003887
GO:1900265 -[is_a]-> GO:1900120
GO:1900265 -[regulates]-> GO:0031835
GO:1900266 -[is_a]-> GO:1900121
GO:1900266 -[is_a]-> GO:1900265
GO:1900266 -[negatively_regulates]-> GO:0031835
GO:1900267 -[is_a]-> GO:1900122
GO:1900267 -[is_a]-> GO:1900265
GO:1900267 -[positively_regulates]-> GO:0031835
GO:1900268 -[is_a]-> GO:2000278
GO:1900268 -[regulates]-> GO:0001171
GO:1900269 -[is_a]-> GO:1900268
GO:1900269 -[is_a]-> GO:2000279
GO:1900269 -[negatively_regulates]-> GO:0001171
GO:1900270 -[is_a]-> GO:1900268
GO:1900270 -[is_a]-> GO:2000573
GO:1900270 -[positively_regulates]-> GO:0001171
GO:1900271 -[is_a]-> GO:0048167
GO:1900271 -[regulates]-> GO:0060291
GO:1900272 -[is_a]-> GO:0048519
GO:1900272 -[is_a]-> GO:1900271
GO:1900272 -[negatively_regulates]-> GO:0060291
GO:1900273 -[is_a]-> GO:0048518
GO:1900273 -[is_a]-> GO:1900271
GO:1900273 -[positively_regulates]-> GO:0060291
GO:1900274 -[is_a]-> GO:0010517
GO:1900274 -[regulates]-> GO:0004629
GO:1900275 -[is_a]-> GO:0010519
GO:1900275 -[is_a]-> GO:1900274
GO:1900275 -[negatively_regulates]-> GO:0004629
GO:1900276 -[is_a]-> GO:0008277
GO:1900276 -[is_a]-> GO:0010469
GO:1900276 -[regulates]-> GO:0001648
GO:1900277 -[is_a]-> GO:0045744
GO:1900277 -[is_a]-> GO:1900276
GO:1900277 -[is_a]-> GO:2000272
GO:1900277 -[negatively_regulates]-> GO:0001648
GO:1900278 -[is_a]-> GO:0045745
GO:1900278 -[is_a]-> GO:1900276
GO:1900278 -[is_a]-> GO:2000273
GO:1900278 -[positively_regulates]-> GO:0001648
GO:1900279 -[is_a]-> GO:2000514
GO:1900279 -[is_a]-> GO:2000523
GO:1900279 -[regulates]-> GO:0035783
GO:1900280 -[is_a]-> GO:1900279
GO:1900280 -[is_a]-> GO:2000524
GO:1900280 -[negatively_regulates]-> GO:0035783
GO:1900281 -[is_a]-> GO:1900279
GO:1900281 -[is_a]-> GO:2000525
GO:1900281 -[positively_regulates]-> GO:0035783
GO:1900282 -[is_a]-> GO:0043471
GO:1900282 -[is_a]-> GO:2000930
GO:1900282 -[regulates]-> GO:2000892
GO:1900283 -[is_a]-> GO:0031330
GO:1900283 -[is_a]-> GO:1900282
GO:1900283 -[is_a]-> GO:2000931
GO:1900283 -[negatively_regulates]-> GO:2000892
GO:1900284 -[is_a]-> GO:0031331
GO:1900284 -[is_a]-> GO:1900282
GO:1900284 -[is_a]-> GO:2000932
GO:1900284 -[positively_regulates]-> GO:2000892
GO:1900285 -[is_a]-> GO:0051049
GO:1900285 -[regulates]-> GO:2001096
GO:1900286 -[is_a]-> GO:0051051
GO:1900286 -[is_a]-> GO:1900285
GO:1900286 -[negatively_regulates]-> GO:2001096
GO:1900287 -[is_a]-> GO:0051050
GO:1900287 -[is_a]-> GO:1900285
GO:1900287 -[positively_regulates]-> GO:2001096
GO:1900288 -[is_a]-> GO:0031329
GO:1900288 -[is_a]-> GO:0051171
GO:1900288 -[regulates]-> GO:0052799
GO:1900289 -[is_a]-> GO:0031330
GO:1900289 -[is_a]-> GO:0051172
GO:1900289 -[is_a]-> GO:1900288
GO:1900289 -[negatively_regulates]-> GO:0052799
GO:1900290 -[is_a]-> GO:0031331
GO:1900290 -[is_a]-> GO:0051173
GO:1900290 -[is_a]-> GO:1900288
GO:1900290 -[positively_regulates]-> GO:0052799
GO:1900291 -[is_a]-> GO:0051049
GO:1900291 -[regulates]-> GO:2001093
GO:1900292 -[is_a]-> GO:0051051
GO:1900292 -[is_a]-> GO:1900291
GO:1900292 -[negatively_regulates]-> GO:2001093
GO:1900293 -[is_a]-> GO:0051050
GO:1900293 -[is_a]-> GO:1900291
GO:1900293 -[positively_regulates]-> GO:2001093
GO:1900294 -[is_a]-> GO:0051049
GO:1900294 -[regulates]-> GO:2001104
GO:1900295 -[is_a]-> GO:0051051
GO:1900295 -[is_a]-> GO:1900294
GO:1900295 -[negatively_regulates]-> GO:2001104
GO:1900296 -[is_a]-> GO:0051050
GO:1900296 -[is_a]-> GO:1900294
GO:1900296 -[positively_regulates]-> GO:2001104
GO:1900297 -[is_a]-> GO:0051049
GO:1900297 -[regulates]-> GO:2001102
GO:1900298 -[is_a]-> GO:0051051
GO:1900298 -[is_a]-> GO:1900297
GO:1900298 -[negatively_regulates]-> GO:2001102
GO:1900299 -[is_a]-> GO:0051050
GO:1900299 -[is_a]-> GO:1900297
GO:1900299 -[positively_regulates]-> GO:2001102
GO:1900300 -[is_a]-> GO:0051049
GO:1900300 -[regulates]-> GO:2001086
GO:1900301 -[is_a]-> GO:0051051
GO:1900301 -[is_a]-> GO:1900300
GO:1900301 -[negatively_regulates]-> GO:2001086
GO:1900302 -[is_a]-> GO:0051050
GO:1900302 -[is_a]-> GO:1900300
GO:1900302 -[positively_regulates]-> GO:2001086
GO:1900303 -[is_a]-> GO:0051049
GO:1900303 -[regulates]-> GO:2001097
GO:1900304 -[is_a]-> GO:0051051
GO:1900304 -[is_a]-> GO:1900303
GO:1900304 -[negatively_regulates]-> GO:2001097
GO:1900305 -[is_a]-> GO:0051050
GO:1900305 -[is_a]-> GO:1900303
GO:1900305 -[positively_regulates]-> GO:2001097
GO:1900306 -[is_a]-> GO:1900294
GO:1900306 -[regulates]-> GO:2001105
GO:1900307 -[is_a]-> GO:1900295
GO:1900307 -[is_a]-> GO:1900306
GO:1900307 -[negatively_regulates]-> GO:2001105
GO:1900308 -[is_a]-> GO:1900296
GO:1900308 -[is_a]-> GO:1900306
GO:1900308 -[positively_regulates]-> GO:2001105
GO:1900309 -[is_a]-> GO:0006109
GO:1900309 -[regulates]-> GO:2001122
GO:1900310 -[is_a]-> GO:0045912
GO:1900310 -[is_a]-> GO:1900309
GO:1900310 -[negatively_regulates]-> GO:2001122
GO:1900311 -[is_a]-> GO:0045913
GO:1900311 -[is_a]-> GO:1900309
GO:1900311 -[positively_regulates]-> GO:2001122
GO:1900312 -[is_a]-> GO:1900297
GO:1900312 -[regulates]-> GO:2001103
GO:1900313 -[is_a]-> GO:1900298
GO:1900313 -[is_a]-> GO:1900312
GO:1900313 -[negatively_regulates]-> GO:2001103
GO:1900314 -[is_a]-> GO:1900299
GO:1900314 -[is_a]-> GO:1900312
GO:1900314 -[positively_regulates]-> GO:2001103
GO:1900315 -[is_a]-> GO:1900360
GO:1900315 -[regulates]-> GO:2001101
GO:1900316 -[is_a]-> GO:1900315
GO:1900316 -[is_a]-> GO:1900361
GO:1900316 -[negatively_regulates]-> GO:2001101
GO:1900317 -[is_a]-> GO:1900315
GO:1900317 -[is_a]-> GO:1900362
GO:1900317 -[positively_regulates]-> GO:2001101
GO:1900318 -[is_a]-> GO:0043457
GO:1900318 -[is_a]-> GO:0051171
GO:1900318 -[is_a]-> GO:1901577
GO:1900318 -[regulates]-> GO:2001129
GO:1900319 -[is_a]-> GO:0051172
GO:1900319 -[is_a]-> GO:1900318
GO:1900319 -[is_a]-> GO:1901578
GO:1900319 -[is_a]-> GO:1901856
GO:1900319 -[negatively_regulates]-> GO:2001129
GO:1900320 -[is_a]-> GO:0051173
GO:1900320 -[is_a]-> GO:1900318
GO:1900320 -[is_a]-> GO:1901579
GO:1900320 -[is_a]-> GO:1901857
GO:1900320 -[positively_regulates]-> GO:2001129
GO:1900321 -[is_a]-> GO:0051049
GO:1900321 -[regulates]-> GO:2001099
GO:1900322 -[is_a]-> GO:0051051
GO:1900322 -[is_a]-> GO:1900321
GO:1900322 -[negatively_regulates]-> GO:2001099
GO:1900323 -[is_a]-> GO:0051050
GO:1900323 -[is_a]-> GO:1900321
GO:1900323 -[positively_regulates]-> GO:2001099
GO:1900324 -[is_a]-> GO:0051049
GO:1900324 -[regulates]-> GO:2001090
GO:1900325 -[is_a]-> GO:0051051
GO:1900325 -[is_a]-> GO:1900324
GO:1900325 -[negatively_regulates]-> GO:2001090
GO:1900326 -[is_a]-> GO:0051050
GO:1900326 -[is_a]-> GO:1900324
GO:1900326 -[positively_regulates]-> GO:2001090
GO:1900327 -[is_a]-> GO:0051049
GO:1900327 -[regulates]-> GO:2001095
GO:1900328 -[is_a]-> GO:0051051
GO:1900328 -[is_a]-> GO:1900327
GO:1900328 -[negatively_regulates]-> GO:2001095
GO:1900329 -[is_a]-> GO:0051050
GO:1900329 -[is_a]-> GO:1900327
GO:1900329 -[positively_regulates]-> GO:2001095
GO:1900330 -[is_a]-> GO:0043457
GO:1900330 -[is_a]-> GO:0051171
GO:1900330 -[is_a]-> GO:1901577
GO:1900330 -[regulates]-> GO:2001130
GO:1900331 -[is_a]-> GO:0051172
GO:1900331 -[is_a]-> GO:1900330
GO:1900331 -[is_a]-> GO:1901578
GO:1900331 -[is_a]-> GO:1901856
GO:1900331 -[negatively_regulates]-> GO:2001130
GO:1900332 -[is_a]-> GO:0051173
GO:1900332 -[is_a]-> GO:1900330
GO:1900332 -[is_a]-> GO:1901579
GO:1900332 -[is_a]-> GO:1901857
GO:1900332 -[positively_regulates]-> GO:2001130
GO:1900333 -[is_a]-> GO:0019217
GO:1900333 -[is_a]-> GO:0043457
GO:1900333 -[is_a]-> GO:1901577
GO:1900333 -[regulates]-> GO:2001132
GO:1900334 -[is_a]-> GO:0045922
GO:1900334 -[is_a]-> GO:1900333
GO:1900334 -[is_a]-> GO:1901578
GO:1900334 -[is_a]-> GO:1901856
GO:1900334 -[negatively_regulates]-> GO:2001132
GO:1900335 -[is_a]-> GO:0045923
GO:1900335 -[is_a]-> GO:1900333
GO:1900335 -[is_a]-> GO:1901579
GO:1900335 -[is_a]-> GO:1901857
GO:1900335 -[positively_regulates]-> GO:2001132
GO:1900336 -[is_a]-> GO:0043457
GO:1900336 -[is_a]-> GO:1901577
GO:1900336 -[regulates]-> GO:2001134
GO:1900337 -[is_a]-> GO:1900336
GO:1900337 -[is_a]-> GO:1901578
GO:1900337 -[is_a]-> GO:1901856
GO:1900337 -[negatively_regulates]-> GO:2001134
GO:1900338 -[is_a]-> GO:1900336
GO:1900338 -[is_a]-> GO:1901579
GO:1900338 -[is_a]-> GO:1901857
GO:1900338 -[positively_regulates]-> GO:2001134
GO:1900339 -[is_a]-> GO:0010565
GO:1900339 -[is_a]-> GO:0043457
GO:1900339 -[is_a]-> GO:1901577
GO:1900339 -[regulates]-> GO:2001127
GO:1900340 -[is_a]-> GO:1900339
GO:1900340 -[is_a]-> GO:1901578
GO:1900340 -[is_a]-> GO:1901856
GO:1900340 -[negatively_regulates]-> GO:2001127
GO:1900341 -[is_a]-> GO:1900339
GO:1900341 -[is_a]-> GO:1901579
GO:1900341 -[is_a]-> GO:1901857
GO:1900341 -[positively_regulates]-> GO:2001127
GO:1900342 -[is_a]-> GO:0042762
GO:1900342 -[is_a]-> GO:0043457
GO:1900342 -[is_a]-> GO:1901577
GO:1900342 -[regulates]-> GO:2001131
GO:1900343 -[is_a]-> GO:0051175
GO:1900343 -[is_a]-> GO:1900342
GO:1900343 -[is_a]-> GO:1901578
GO:1900343 -[is_a]-> GO:1901856
GO:1900343 -[negatively_regulates]-> GO:2001131
GO:1900344 -[is_a]-> GO:0051176
GO:1900344 -[is_a]-> GO:1900342
GO:1900344 -[is_a]-> GO:1901579
GO:1900344 -[is_a]-> GO:1901857
GO:1900344 -[positively_regulates]-> GO:2001131
GO:1900345 -[is_a]-> GO:0042762
GO:1900345 -[is_a]-> GO:0043457
GO:1900345 -[is_a]-> GO:1901577
GO:1900345 -[regulates]-> GO:2001133
GO:1900346 -[is_a]-> GO:0051175
GO:1900346 -[is_a]-> GO:1900345
GO:1900346 -[is_a]-> GO:1901578
GO:1900346 -[is_a]-> GO:1901856
GO:1900346 -[negatively_regulates]-> GO:2001133
GO:1900347 -[is_a]-> GO:0051176
GO:1900347 -[is_a]-> GO:1900345
GO:1900347 -[is_a]-> GO:1901579
GO:1900347 -[is_a]-> GO:1901857
GO:1900347 -[positively_regulates]-> GO:2001133
GO:1900348 -[is_a]-> GO:0043457
GO:1900348 -[is_a]-> GO:0051171
GO:1900348 -[is_a]-> GO:1901577
GO:1900348 -[regulates]-> GO:2001128
GO:1900349 -[is_a]-> GO:0051172
GO:1900349 -[is_a]-> GO:1900348
GO:1900349 -[is_a]-> GO:1901578
GO:1900349 -[is_a]-> GO:1901856
GO:1900349 -[negatively_regulates]-> GO:2001128
GO:1900350 -[is_a]-> GO:0051173
GO:1900350 -[is_a]-> GO:1900348
GO:1900350 -[is_a]-> GO:1901579
GO:1900350 -[is_a]-> GO:1901857
GO:1900350 -[positively_regulates]-> GO:2001128
GO:1900351 -[is_a]-> GO:0031326
GO:1900351 -[is_a]-> GO:0042068
GO:1900351 -[is_a]-> GO:1900354
GO:1900351 -[regulates]-> GO:2001120
GO:1900352 -[is_a]-> GO:0031327
GO:1900352 -[is_a]-> GO:0045863
GO:1900352 -[is_a]-> GO:1900351
GO:1900352 -[is_a]-> GO:1900355
GO:1900352 -[negatively_regulates]-> GO:2001120
GO:1900353 -[is_a]-> GO:0031328
GO:1900353 -[is_a]-> GO:0045864
GO:1900353 -[is_a]-> GO:1900351
GO:1900353 -[is_a]-> GO:1900356
GO:1900353 -[positively_regulates]-> GO:2001120
GO:1900354 -[is_a]-> GO:0031323
GO:1900354 -[regulates]-> GO:2001119
GO:1900355 -[is_a]-> GO:0031324
GO:1900355 -[is_a]-> GO:1900354
GO:1900355 -[negatively_regulates]-> GO:2001119
GO:1900356 -[is_a]-> GO:0031325
GO:1900356 -[is_a]-> GO:1900354
GO:1900356 -[positively_regulates]-> GO:2001119
GO:1900357 -[is_a]-> GO:0051049
GO:1900357 -[regulates]-> GO:2001091
GO:1900358 -[is_a]-> GO:0051051
GO:1900358 -[is_a]-> GO:1900357
GO:1900358 -[negatively_regulates]-> GO:2001091
GO:1900359 -[is_a]-> GO:0051050
GO:1900359 -[is_a]-> GO:1900357
GO:1900359 -[positively_regulates]-> GO:2001091
GO:1900360 -[is_a]-> GO:0051049
GO:1900360 -[regulates]-> GO:2001100
GO:1900361 -[is_a]-> GO:0051051
GO:1900361 -[is_a]-> GO:1900360
GO:1900361 -[negatively_regulates]-> GO:2001100
GO:1900362 -[is_a]-> GO:0051050
GO:1900362 -[is_a]-> GO:1900360
GO:1900362 -[positively_regulates]-> GO:2001100
GO:1900363 -[is_a]-> GO:0031440
GO:1900363 -[regulates]-> GO:0006378
GO:1900364 -[is_a]-> GO:0031441
GO:1900364 -[is_a]-> GO:1900363
GO:1900364 -[negatively_regulates]-> GO:0006378
GO:1900365 -[is_a]-> GO:0031442
GO:1900365 -[is_a]-> GO:1900363
GO:1900365 -[positively_regulates]-> GO:0006378
GO:1900366 -[is_a]-> GO:0002832
GO:1900366 -[is_a]-> GO:0031348
GO:1900366 -[is_a]-> GO:0032102
GO:1900366 -[is_a]-> GO:0043901
GO:1900366 -[is_a]-> GO:2000068
GO:1900366 -[negatively_regulates]-> GO:0002213
GO:1900367 -[is_a]-> GO:0002833
GO:1900367 -[is_a]-> GO:0031349
GO:1900367 -[is_a]-> GO:0032103
GO:1900367 -[is_a]-> GO:0043902
GO:1900367 -[is_a]-> GO:2000068
GO:1900367 -[positively_regulates]-> GO:0002213
GO:1900368 -[is_a]-> GO:0060147
GO:1900368 -[is_a]-> GO:0060966
GO:1900368 -[regulates]-> GO:0016246
GO:1900369 -[is_a]-> GO:0060149
GO:1900369 -[is_a]-> GO:0060967
GO:1900369 -[is_a]-> GO:1900368
GO:1900369 -[negatively_regulates]-> GO:0016246
GO:1900370 -[is_a]-> GO:0060148
GO:1900370 -[is_a]-> GO:1900368
GO:1900370 -[positively_regulates]-> GO:0016246
GO:1900371 -[is_a]-> GO:0030808
GO:1900371 -[is_a]-> GO:1900542
GO:1900371 -[regulates]-> GO:0006164
GO:1900372 -[is_a]-> GO:0030809
GO:1900372 -[is_a]-> GO:1900371
GO:1900372 -[is_a]-> GO:1900543
GO:1900372 -[negatively_regulates]-> GO:0006164
GO:1900373 -[is_a]-> GO:0030810
GO:1900373 -[is_a]-> GO:1900371
GO:1900373 -[is_a]-> GO:1900544
GO:1900373 -[positively_regulates]-> GO:0006164
GO:1900374 -[is_a]-> GO:0006357
GO:1900374 -[is_a]-> GO:0031496
GO:1900374 -[positively_regulates]-> GO:0007533
GO:1900375 -[is_a]-> GO:0045944
GO:1900375 -[is_a]-> GO:1900090
GO:1900375 -[positively_regulates]-> GO:0006021
GO:1900376 -[is_a]-> GO:0009889
GO:1900376 -[is_a]-> GO:0043455
GO:1900376 -[regulates]-> GO:0044550
GO:1900377 -[is_a]-> GO:0009890
GO:1900377 -[is_a]-> GO:1900376
GO:1900377 -[negatively_regulates]-> GO:0044550
GO:1900378 -[is_a]-> GO:0009891
GO:1900378 -[is_a]-> GO:1900376
GO:1900378 -[positively_regulates]-> GO:0044550
GO:1900379 -[is_a]-> GO:0010566
GO:1900379 -[is_a]-> GO:0051196
GO:1900379 -[is_a]-> GO:1900376
GO:1900379 -[regulates]-> GO:0036184
GO:1900380 -[is_a]-> GO:0031327
GO:1900380 -[is_a]-> GO:0051198
GO:1900380 -[is_a]-> GO:1900377
GO:1900380 -[is_a]-> GO:1900379
GO:1900380 -[negatively_regulates]-> GO:0036184
GO:1900381 -[is_a]-> GO:0031328
GO:1900381 -[is_a]-> GO:0051197
GO:1900381 -[is_a]-> GO:1900378
GO:1900381 -[is_a]-> GO:1900379
GO:1900381 -[positively_regulates]-> GO:0036184
GO:1900382 -[is_a]-> GO:0006357
GO:1900382 -[is_a]-> GO:0070623
GO:1900382 -[regulates]-> GO:0100016
GO:1900383 -[is_a]-> GO:0097120
GO:1900384 -[is_a]-> GO:0009962
GO:1900384 -[regulates]-> GO:0051555
GO:1900385 -[is_a]-> GO:0009964
GO:1900385 -[is_a]-> GO:1900384
GO:1900385 -[negatively_regulates]-> GO:0051555
GO:1900386 -[is_a]-> GO:0009963
GO:1900386 -[is_a]-> GO:1900384
GO:1900386 -[positively_regulates]-> GO:0051555
GO:1900387 -[is_a]-> GO:0000122
GO:1900387 -[is_a]-> GO:0007162
GO:1900387 -[negatively_regulates]-> GO:0098609
GO:1900389 -[is_a]-> GO:0006357
GO:1900389 -[is_a]-> GO:0046324
GO:1900389 -[regulates]-> GO:0100018
GO:1900390 -[is_a]-> GO:0034756
GO:1900390 -[regulates]-> GO:0097286
GO:1900391 -[is_a]-> GO:0006357
GO:1900391 -[is_a]-> GO:0043949
GO:1900391 -[regulates]-> GO:0100019
GO:1900392 -[is_a]-> GO:0000122
GO:1900392 -[is_a]-> GO:0051049
GO:1900392 -[negatively_regulates]-> GO:0100020
GO:1900393 -[is_a]-> GO:0006357
GO:1900393 -[is_a]-> GO:0034756
GO:1900393 -[regulates]-> GO:0100021
GO:1900394 -[is_a]-> GO:0010566
GO:1900394 -[is_a]-> GO:1902930
GO:1900394 -[regulates]-> GO:2001317
GO:1900395 -[is_a]-> GO:0031327
GO:1900395 -[is_a]-> GO:1900394
GO:1900395 -[is_a]-> GO:1902931
GO:1900395 -[negatively_regulates]-> GO:2001317
GO:1900396 -[is_a]-> GO:0031328
GO:1900396 -[is_a]-> GO:1900394
GO:1900396 -[is_a]-> GO:1902932
GO:1900396 -[positively_regulates]-> GO:2001317
GO:1900397 -[is_a]-> GO:0030808
GO:1900397 -[regulates]-> GO:0006221
GO:1900398 -[is_a]-> GO:0030809
GO:1900398 -[is_a]-> GO:1900397
GO:1900398 -[negatively_regulates]-> GO:0006221
GO:1900399 -[is_a]-> GO:0030810
GO:1900399 -[is_a]-> GO:1900397
GO:1900399 -[positively_regulates]-> GO:0006221
GO:1900400 -[is_a]-> GO:1900390
GO:1900400 -[is_a]-> GO:1900393
GO:1900400 -[regulates]-> GO:0100022
GO:1900401 -[is_a]-> GO:0006357
GO:1900401 -[is_a]-> GO:0040020
GO:1900401 -[regulates]-> GO:0100023
GO:1900402 -[is_a]-> GO:0006109
GO:1900402 -[is_a]-> GO:0006357
GO:1900402 -[regulates]-> GO:0100024
GO:1900403 -[is_a]-> GO:0072365
GO:1900403 -[is_a]-> GO:2000283
GO:1900403 -[negatively_regulates]-> GO:0008652
GO:1900404 -[is_a]-> GO:0006282
GO:1900404 -[is_a]-> GO:0045944
GO:1900404 -[positively_regulates]-> GO:0100026
GO:1900405 -[is_a]-> GO:0006357
GO:1900405 -[is_a]-> GO:0010590
GO:1900405 -[regulates]-> GO:0100027
GO:1900406 -[is_a]-> GO:0006357
GO:1900406 -[is_a]-> GO:0031137
GO:1900406 -[regulates]-> GO:0000747
GO:1900407 -[is_a]-> GO:0080135
GO:1900407 -[is_a]-> GO:1902882
GO:1900407 -[regulates]-> GO:0034599
GO:1900408 -[is_a]-> GO:0048523
GO:1900408 -[is_a]-> GO:1900407
GO:1900408 -[is_a]-> GO:1902883
GO:1900408 -[negatively_regulates]-> GO:0034599
GO:1900409 -[is_a]-> GO:0048522
GO:1900409 -[is_a]-> GO:1900407
GO:1900409 -[is_a]-> GO:1902884
GO:1900409 -[positively_regulates]-> GO:0034599
GO:1900413 -[is_a]-> GO:0045944
GO:1900413 -[is_a]-> GO:0071073
GO:1900413 -[positively_regulates]-> GO:0008654
GO:1900414 -[is_a]-> GO:0032465
GO:1900415 -[is_a]-> GO:0006357
GO:1900415 -[is_a]-> GO:0032995
GO:1900415 -[regulates]-> GO:0100033
GO:1900416 -[is_a]-> GO:0060634
GO:1900416 -[is_a]-> GO:1900402
GO:1900416 -[regulates]-> GO:0100034
GO:1900417 -[is_a]-> GO:0034764
GO:1900417 -[is_a]-> GO:1900392
GO:1900417 -[negatively_regulates]-> GO:0100035
GO:1900418 -[is_a]-> GO:0045944
GO:1900418 -[is_a]-> GO:1900373
GO:1900418 -[positively_regulates]-> GO:0006164
GO:1900419 -[is_a]-> GO:0031329
GO:1900419 -[regulates]-> GO:0044109
GO:1900420 -[is_a]-> GO:0031330
GO:1900420 -[is_a]-> GO:1900419
GO:1900420 -[negatively_regulates]-> GO:0044109
GO:1900421 -[is_a]-> GO:0031331
GO:1900421 -[is_a]-> GO:1900419
GO:1900421 -[positively_regulates]-> GO:0044109
GO:1900422 -[is_a]-> GO:0045944
GO:1900422 -[is_a]-> GO:1900419
GO:1900422 -[positively_regulates]-> GO:0100037
GO:1900423 -[is_a]-> GO:0031494
GO:1900423 -[is_a]-> GO:0045944
GO:1900423 -[positively_regulates]-> GO:0100014
GO:1900424 -[is_a]-> GO:0002831
GO:1900424 -[is_a]-> GO:0031347
GO:1900424 -[is_a]-> GO:0032101
GO:1900424 -[is_a]-> GO:0043900
GO:1900424 -[regulates]-> GO:0042742
GO:1900425 -[is_a]-> GO:0002832
GO:1900425 -[is_a]-> GO:0031348
GO:1900425 -[is_a]-> GO:0032102
GO:1900425 -[is_a]-> GO:0043901
GO:1900425 -[is_a]-> GO:1900424
GO:1900425 -[negatively_regulates]-> GO:0042742
GO:1900426 -[is_a]-> GO:0002833
GO:1900426 -[is_a]-> GO:0031349
GO:1900426 -[is_a]-> GO:0032103
GO:1900426 -[is_a]-> GO:0043902
GO:1900426 -[is_a]-> GO:1900424
GO:1900426 -[positively_regulates]-> GO:0042742
GO:1900427 -[is_a]-> GO:0006357
GO:1900427 -[is_a]-> GO:1900407
GO:1900427 -[regulates]-> GO:0100038
GO:1900428 -[is_a]-> GO:0010570
GO:1900428 -[regulates]-> GO:0044182
GO:1900429 -[is_a]-> GO:0060258
GO:1900429 -[is_a]-> GO:1900428
GO:1900429 -[negatively_regulates]-> GO:0044182
GO:1900430 -[is_a]-> GO:0090033
GO:1900430 -[is_a]-> GO:1900428
GO:1900430 -[positively_regulates]-> GO:0044182
GO:1900431 -[is_a]-> GO:0080134
GO:1900431 -[is_a]-> GO:1900428
GO:1900431 -[regulates]-> GO:0036168
GO:1900432 -[is_a]-> GO:0048585
GO:1900432 -[is_a]-> GO:1900429
GO:1900432 -[is_a]-> GO:1900431
GO:1900432 -[negatively_regulates]-> GO:0036168
GO:1900433 -[is_a]-> GO:0048584
GO:1900433 -[is_a]-> GO:1900430
GO:1900433 -[is_a]-> GO:1900431
GO:1900433 -[positively_regulates]-> GO:0036168
GO:1900434 -[is_a]-> GO:0032107
GO:1900434 -[is_a]-> GO:0080134
GO:1900434 -[is_a]-> GO:1900428
GO:1900434 -[regulates]-> GO:0036170
GO:1900435 -[is_a]-> GO:0032108
GO:1900435 -[is_a]-> GO:1900429
GO:1900435 -[is_a]-> GO:1900434
GO:1900435 -[negatively_regulates]-> GO:0036170
GO:1900436 -[is_a]-> GO:0032109
GO:1900436 -[is_a]-> GO:1900430
GO:1900436 -[is_a]-> GO:1900434
GO:1900436 -[positively_regulates]-> GO:0036170
GO:1900437 -[is_a]-> GO:0048583
GO:1900437 -[is_a]-> GO:1900428
GO:1900437 -[regulates]-> GO:0036171
GO:1900438 -[is_a]-> GO:0048585
GO:1900438 -[is_a]-> GO:1900429
GO:1900438 -[is_a]-> GO:1900437
GO:1900438 -[negatively_regulates]-> GO:0036171
GO:1900439 -[is_a]-> GO:0048584
GO:1900439 -[is_a]-> GO:1900430
GO:1900439 -[is_a]-> GO:1900437
GO:1900439 -[positively_regulates]-> GO:0036171
GO:1900440 -[is_a]-> GO:1900741
GO:1900440 -[regulates]-> GO:0036178
GO:1900441 -[is_a]-> GO:1900440
GO:1900441 -[is_a]-> GO:1900742
GO:1900441 -[negatively_regulates]-> GO:0036178
GO:1900442 -[is_a]-> GO:1900440
GO:1900442 -[is_a]-> GO:1900743
GO:1900442 -[positively_regulates]-> GO:0036178
GO:1900443 -[is_a]-> GO:0002831
GO:1900443 -[is_a]-> GO:1900428
GO:1900443 -[regulates]-> GO:0036180
GO:1900444 -[is_a]-> GO:0002832
GO:1900444 -[is_a]-> GO:1900429
GO:1900444 -[is_a]-> GO:1900443
GO:1900444 -[negatively_regulates]-> GO:0036180
GO:1900445 -[is_a]-> GO:0002833
GO:1900445 -[is_a]-> GO:1900430
GO:1900445 -[is_a]-> GO:1900443
GO:1900445 -[positively_regulates]-> GO:0036180
GO:1900446 -[is_a]-> GO:0016480
GO:1900446 -[is_a]-> GO:1903327
GO:1900446 -[negatively_regulates]-> GO:0042797
GO:1900447 -[is_a]-> GO:0022604
GO:1900447 -[part_of]-> GO:0036166
GO:1900448 -[is_a]-> GO:0006357
GO:1900448 -[is_a]-> GO:1900397
GO:1900448 -[regulates]-> GO:0100039
GO:1900449 -[is_a]-> GO:0009966
GO:1900449 -[regulates]-> GO:0007215
GO:1900450 -[is_a]-> GO:0009968
GO:1900450 -[is_a]-> GO:1900449
GO:1900450 -[negatively_regulates]-> GO:0007215
GO:1900451 -[is_a]-> GO:0009967
GO:1900451 -[is_a]-> GO:1900449
GO:1900451 -[positively_regulates]-> GO:0007215
GO:1900452 -[is_a]-> GO:0048167
GO:1900452 -[regulates]-> GO:0060292
GO:1900453 -[is_a]-> GO:0048519
GO:1900453 -[is_a]-> GO:0050806
GO:1900453 -[is_a]-> GO:1900452
GO:1900453 -[negatively_regulates]-> GO:0060292
GO:1900454 -[is_a]-> GO:0048518
GO:1900454 -[is_a]-> GO:1900452
GO:1900454 -[positively_regulates]-> GO:0060292
GO:1900455 -[is_a]-> GO:0060256
GO:1900455 -[regulates]-> GO:0000501
GO:1900457 -[is_a]-> GO:0009966
GO:1900457 -[regulates]-> GO:0009742
GO:1900458 -[is_a]-> GO:0009968
GO:1900458 -[is_a]-> GO:1900457
GO:1900458 -[negatively_regulates]-> GO:0009742
GO:1900459 -[is_a]-> GO:0009967
GO:1900459 -[is_a]-> GO:1900457
GO:1900459 -[positively_regulates]-> GO:0009742
GO:1900460 -[is_a]-> GO:0000122
GO:1900460 -[is_a]-> GO:2000218
GO:1900460 -[negatively_regulates]-> GO:0001403
GO:1900461 -[is_a]-> GO:0045944
GO:1900461 -[is_a]-> GO:2000222
GO:1900461 -[positively_regulates]-> GO:0007124
GO:1900462 -[is_a]-> GO:0000122
GO:1900462 -[is_a]-> GO:2000221
GO:1900462 -[negatively_regulates]-> GO:0007124
GO:1900463 -[is_a]-> GO:0000122
GO:1900463 -[is_a]-> GO:1900068
GO:1900463 -[negatively_regulates]-> GO:0071469
GO:1900464 -[is_a]-> GO:0000122
GO:1900464 -[is_a]-> GO:1900070
GO:1900464 -[negatively_regulates]-> GO:0071475
GO:1900465 -[is_a]-> GO:0033243
GO:1900465 -[is_a]-> GO:0045764
GO:1900465 -[is_a]-> GO:0072365
GO:1900465 -[is_a]-> GO:1900081
GO:1900465 -[negatively_regulates]-> GO:0100045
GO:1900466 -[is_a]-> GO:0072366
GO:1900466 -[is_a]-> GO:1900080
GO:1900466 -[positively_regulates]-> GO:0006526
GO:1900468 -[is_a]-> GO:0051171
GO:1900468 -[is_a]-> GO:0071071
GO:1900468 -[regulates]-> GO:0006659
GO:1900469 -[is_a]-> GO:0051172
GO:1900469 -[is_a]-> GO:0071072
GO:1900469 -[is_a]-> GO:1900468
GO:1900469 -[negatively_regulates]-> GO:0006659
GO:1900470 -[is_a]-> GO:0051173
GO:1900470 -[is_a]-> GO:0071073
GO:1900470 -[is_a]-> GO:1900468
GO:1900470 -[positively_regulates]-> GO:0006659
GO:1900471 -[is_a]-> GO:0000122
GO:1900471 -[is_a]-> GO:0010678
GO:1900471 -[is_a]-> GO:1900089
GO:1900471 -[negatively_regulates]-> GO:0006021
GO:1900472 -[is_a]-> GO:1900413
GO:1900472 -[is_a]-> GO:2001247
GO:1900472 -[positively_regulates]-> GO:0006656
GO:1900473 -[is_a]-> GO:0000122
GO:1900473 -[is_a]-> GO:2001246
GO:1900473 -[negatively_regulates]-> GO:0006656
GO:1900474 -[is_a]-> GO:0000122
GO:1900474 -[is_a]-> GO:0031495
GO:1900474 -[negatively_regulates]-> GO:0007533
GO:1900475 -[is_a]-> GO:0000122
GO:1900475 -[is_a]-> GO:1900401
GO:1900475 -[negatively_regulates]-> GO:0100051
GO:1900476 -[is_a]-> GO:0045944
GO:1900476 -[is_a]-> GO:1900401
GO:1900476 -[positively_regulates]-> GO:0100051
GO:1900477 -[is_a]-> GO:0000122
GO:1900477 -[is_a]-> GO:2000134
GO:1900477 -[negatively_regulates]-> GO:0000082
GO:1900478 -[is_a]-> GO:0045944
GO:1900478 -[is_a]-> GO:1900059
GO:1900478 -[positively_regulates]-> GO:0000103
GO:1900479 -[is_a]-> GO:1900455
GO:1900479 -[is_a]-> GO:1900735
GO:1900479 -[positively_regulates]-> GO:0000501
GO:1900480 -[is_a]-> GO:0031326
GO:1900480 -[is_a]-> GO:0046890
GO:1900480 -[regulates]-> GO:0006651
GO:1900481 -[is_a]-> GO:0031327
GO:1900481 -[is_a]-> GO:0051055
GO:1900481 -[is_a]-> GO:1900480
GO:1900481 -[negatively_regulates]-> GO:0006651
GO:1900482 -[is_a]-> GO:0031328
GO:1900482 -[is_a]-> GO:0046889
GO:1900482 -[is_a]-> GO:1900480
GO:1900482 -[positively_regulates]-> GO:0006651
GO:1900483 -[is_a]-> GO:0090313
GO:1900483 -[is_a]-> GO:1903335
GO:1900483 -[regulates]-> GO:0044395
GO:1900484 -[is_a]-> GO:0090315
GO:1900484 -[is_a]-> GO:1900483
GO:1900484 -[is_a]-> GO:1903336
GO:1900484 -[negatively_regulates]-> GO:0044395
GO:1900485 -[is_a]-> GO:0090314
GO:1900485 -[is_a]-> GO:1900483
GO:1900485 -[is_a]-> GO:1903337
GO:1900485 -[positively_regulates]-> GO:0044395
GO:1900486 -[is_a]-> GO:0045828
GO:1900486 -[is_a]-> GO:0051176
GO:1900486 -[is_a]-> GO:0051197
GO:1900486 -[is_a]-> GO:0071073
GO:1900486 -[is_a]-> GO:2001210
GO:1900486 -[positively_regulates]-> GO:0019287
GO:1900487 -[is_a]-> GO:1903329
GO:1900487 -[regulates]-> GO:0044571
GO:1900488 -[is_a]-> GO:1900487
GO:1900488 -[is_a]-> GO:1903330
GO:1900488 -[negatively_regulates]-> GO:0044571
GO:1900489 -[is_a]-> GO:1900487
GO:1900489 -[is_a]-> GO:1903331
GO:1900489 -[positively_regulates]-> GO:0044571
GO:1900490 -[is_a]-> GO:0051353
GO:1900490 -[is_a]-> GO:2001215
GO:1900490 -[positively_regulates]-> GO:0004420
GO:1900491 -[is_a]-> GO:1903329
GO:1900491 -[regulates]-> GO:0044572
GO:1900492 -[is_a]-> GO:1900491
GO:1900492 -[is_a]-> GO:1903330
GO:1900492 -[negatively_regulates]-> GO:0044572
GO:1900493 -[is_a]-> GO:1900491
GO:1900493 -[is_a]-> GO:1903331
GO:1900493 -[positively_regulates]-> GO:0044572
GO:1900494 -[is_a]-> GO:0042304
GO:1900494 -[is_a]-> GO:0050812
GO:1900494 -[regulates]-> GO:0044579
GO:1900495 -[is_a]-> GO:0045717
GO:1900495 -[is_a]-> GO:0051175
GO:1900495 -[is_a]-> GO:0051198
GO:1900495 -[is_a]-> GO:1900494
GO:1900495 -[negatively_regulates]-> GO:0044579
GO:1900496 -[is_a]-> GO:0045723
GO:1900496 -[is_a]-> GO:0051176
GO:1900496 -[is_a]-> GO:0051197
GO:1900496 -[is_a]-> GO:1900494
GO:1900496 -[positively_regulates]-> GO:0044579
GO:1900497 -[is_a]-> GO:0019217
GO:1900497 -[is_a]-> GO:0031329
GO:1900497 -[is_a]-> GO:0042762
GO:1900497 -[is_a]-> GO:0050994
GO:1900497 -[is_a]-> GO:0051196
GO:1900497 -[is_a]-> GO:1902930
GO:1900497 -[regulates]-> GO:0044582
GO:1900498 -[is_a]-> GO:0031330
GO:1900498 -[is_a]-> GO:0045922
GO:1900498 -[is_a]-> GO:0050995
GO:1900498 -[is_a]-> GO:0051175
GO:1900498 -[is_a]-> GO:0051198
GO:1900498 -[is_a]-> GO:1900497
GO:1900498 -[is_a]-> GO:1902931
GO:1900498 -[negatively_regulates]-> GO:0044582
GO:1900499 -[is_a]-> GO:0031331
GO:1900499 -[is_a]-> GO:0045923
GO:1900499 -[is_a]-> GO:0050996
GO:1900499 -[is_a]-> GO:0051176
GO:1900499 -[is_a]-> GO:0051197
GO:1900499 -[is_a]-> GO:1900497
GO:1900499 -[is_a]-> GO:1902932
GO:1900499 -[positively_regulates]-> GO:0044582
GO:1900500 -[is_a]-> GO:0031329
GO:1900500 -[is_a]-> GO:0042304
GO:1900500 -[is_a]-> GO:0042762
GO:1900500 -[is_a]-> GO:0050994
GO:1900500 -[is_a]-> GO:0051196
GO:1900500 -[regulates]-> GO:0044581
GO:1900501 -[is_a]-> GO:0031330
GO:1900501 -[is_a]-> GO:0045717
GO:1900501 -[is_a]-> GO:0050995
GO:1900501 -[is_a]-> GO:0051175
GO:1900501 -[is_a]-> GO:0051198
GO:1900501 -[is_a]-> GO:1900500
GO:1900501 -[negatively_regulates]-> GO:0044581
GO:1900502 -[is_a]-> GO:0031331
GO:1900502 -[is_a]-> GO:0045723
GO:1900502 -[is_a]-> GO:0050996
GO:1900502 -[is_a]-> GO:0051176
GO:1900502 -[is_a]-> GO:0051197
GO:1900502 -[is_a]-> GO:1900500
GO:1900502 -[positively_regulates]-> GO:0044581
GO:1900503 -[is_a]-> GO:1902115
GO:1900503 -[regulates]-> GO:0044575
GO:1900504 -[is_a]-> GO:1900503
GO:1900504 -[is_a]-> GO:1902116
GO:1900504 -[negatively_regulates]-> GO:0044575
GO:1900505 -[is_a]-> GO:1900503
GO:1900505 -[is_a]-> GO:1902117
GO:1900505 -[positively_regulates]-> GO:0044575
GO:1900506 -[is_a]-> GO:0031326
GO:1900506 -[is_a]-> GO:0051193
GO:1900506 -[regulates]-> GO:0044593
GO:1900507 -[is_a]-> GO:0031327
GO:1900507 -[is_a]-> GO:0051195
GO:1900507 -[is_a]-> GO:1900506
GO:1900507 -[negatively_regulates]-> GO:0044593
GO:1900508 -[is_a]-> GO:0031328
GO:1900508 -[is_a]-> GO:0051194
GO:1900508 -[is_a]-> GO:1900506
GO:1900508 -[positively_regulates]-> GO:0044593
GO:1900509 -[is_a]-> GO:0043471
GO:1900509 -[is_a]-> GO:1902930
GO:1900509 -[regulates]-> GO:0044576
GO:1900510 -[is_a]-> GO:0009895
GO:1900510 -[is_a]-> GO:0010677
GO:1900510 -[is_a]-> GO:1900509
GO:1900510 -[is_a]-> GO:1902931
GO:1900510 -[negatively_regulates]-> GO:0044576
GO:1900511 -[is_a]-> GO:0009896
GO:1900511 -[is_a]-> GO:0010676
GO:1900511 -[is_a]-> GO:1900509
GO:1900511 -[is_a]-> GO:1902932
GO:1900511 -[positively_regulates]-> GO:0044576
GO:1900512 -[is_a]-> GO:0043254
GO:1900512 -[regulates]-> GO:0044574
GO:1900513 -[is_a]-> GO:0031333
GO:1900513 -[is_a]-> GO:1900512
GO:1900513 -[negatively_regulates]-> GO:0044574
GO:1900514 -[is_a]-> GO:0031334
GO:1900514 -[is_a]-> GO:1900512
GO:1900514 -[positively_regulates]-> GO:0044574
GO:1900515 -[is_a]-> GO:0043469
GO:1900515 -[is_a]-> GO:1900509
GO:1900515 -[regulates]-> GO:0044577
GO:1900516 -[is_a]-> GO:1900510
GO:1900516 -[is_a]-> GO:1900515
GO:1900516 -[negatively_regulates]-> GO:0044577
GO:1900517 -[is_a]-> GO:1900511
GO:1900517 -[is_a]-> GO:1900515
GO:1900517 -[positively_regulates]-> GO:0044577
GO:1900518 -[is_a]-> GO:0048583
GO:1900518 -[regulates]-> GO:0044592
GO:1900519 -[is_a]-> GO:0048585
GO:1900519 -[is_a]-> GO:1900518
GO:1900519 -[negatively_regulates]-> GO:0044592
GO:1900520 -[is_a]-> GO:0048584
GO:1900520 -[is_a]-> GO:1900518
GO:1900520 -[positively_regulates]-> GO:0044592
GO:1900521 -[is_a]-> GO:0048583
GO:1900521 -[regulates]-> GO:0044591
GO:1900522 -[is_a]-> GO:0048585
GO:1900522 -[is_a]-> GO:1900521
GO:1900522 -[negatively_regulates]-> GO:0044591
GO:1900523 -[is_a]-> GO:0048584
GO:1900523 -[is_a]-> GO:1900521
GO:1900523 -[positively_regulates]-> GO:0044591
GO:1900524 -[is_a]-> GO:0045944
GO:1900524 -[is_a]-> GO:1900479
GO:1900524 -[positively_regulates]-> GO:0000501
GO:1900525 -[is_a]-> GO:1900413
GO:1900525 -[is_a]-> GO:1900470
GO:1900525 -[positively_regulates]-> GO:0006659
GO:1900526 -[is_a]-> GO:0000122
GO:1900526 -[is_a]-> GO:1900470
GO:1900526 -[negatively_regulates]-> GO:0100056
GO:1900533 -[is_a]-> GO:0006082
GO:1900533 -[is_a]-> GO:0006629
GO:1900534 -[is_a]-> GO:0016042
GO:1900534 -[is_a]-> GO:0016054
GO:1900534 -[is_a]-> GO:1900533
GO:1900535 -[is_a]-> GO:0008610
GO:1900535 -[is_a]-> GO:0016053
GO:1900535 -[is_a]-> GO:1900533
GO:1900539 -[is_a]-> GO:0006082
GO:1900539 -[is_a]-> GO:0019748
GO:1900540 -[is_a]-> GO:0016054
GO:1900540 -[is_a]-> GO:0090487
GO:1900540 -[is_a]-> GO:1900539
GO:1900541 -[is_a]-> GO:0016053
GO:1900541 -[is_a]-> GO:0044550
GO:1900541 -[is_a]-> GO:1900539
GO:1900542 -[is_a]-> GO:0006140
GO:1900542 -[regulates]-> GO:0006163
GO:1900543 -[is_a]-> GO:0045980
GO:1900543 -[is_a]-> GO:1900542
GO:1900543 -[negatively_regulates]-> GO:0006163
GO:1900544 -[is_a]-> GO:0045981
GO:1900544 -[is_a]-> GO:1900542
GO:1900544 -[positively_regulates]-> GO:0006163
GO:1900545 -[is_a]-> GO:0006357
GO:1900545 -[is_a]-> GO:1900239
GO:1900545 -[regulates]-> GO:0100057
GO:1900546 -[is_a]-> GO:0006357
GO:1900546 -[is_a]-> GO:1900241
GO:1900546 -[positively_regulates]-> GO:0036166
GO:1900547 -[is_a]-> GO:1900545
GO:1900547 -[regulates]-> GO:0100059
GO:1900548 -[is_a]-> GO:0042167
GO:1900548 -[is_a]-> GO:0046492
GO:1900549 -[is_a]-> GO:0019748
GO:1900549 -[is_a]-> GO:1901564
GO:1900550 -[is_a]-> GO:0090487
GO:1900550 -[is_a]-> GO:1900549
GO:1900550 -[is_a]-> GO:1901565
GO:1900551 -[is_a]-> GO:0044550
GO:1900551 -[is_a]-> GO:1900549
GO:1900551 -[is_a]-> GO:1901566
GO:1900552 -[is_a]-> GO:0030638
GO:1900552 -[is_a]-> GO:0034311
GO:1900552 -[is_a]-> GO:0042180
GO:1900552 -[is_a]-> GO:0046483
GO:1900552 -[is_a]-> GO:1901360
GO:1900552 -[is_a]-> GO:1902644
GO:1900552 -[is_a]-> GO:1902652
GO:1900553 -[is_a]-> GO:0030640
GO:1900553 -[is_a]-> GO:0034313
GO:1900553 -[is_a]-> GO:0042182
GO:1900553 -[is_a]-> GO:0046700
GO:1900553 -[is_a]-> GO:1900552
GO:1900553 -[is_a]-> GO:1901361
GO:1900554 -[is_a]-> GO:0018130
GO:1900554 -[is_a]-> GO:0030639
GO:1900554 -[is_a]-> GO:0034312
GO:1900554 -[is_a]-> GO:0042181
GO:1900554 -[is_a]-> GO:1900552
GO:1900554 -[is_a]-> GO:1901362
GO:1900554 -[is_a]-> GO:1902645
GO:1900554 -[is_a]-> GO:1902653
GO:1900555 -[is_a]-> GO:0006629
GO:1900555 -[is_a]-> GO:0019748
GO:1900555 -[is_a]-> GO:0044763
GO:1900555 -[is_a]-> GO:0050761
GO:1900555 -[is_a]-> GO:1901334
GO:1900556 -[is_a]-> GO:0016042
GO:1900556 -[is_a]-> GO:0050762
GO:1900556 -[is_a]-> GO:0090487
GO:1900556 -[is_a]-> GO:1900555
GO:1900556 -[is_a]-> GO:1901335
GO:1900557 -[is_a]-> GO:0008610
GO:1900557 -[is_a]-> GO:0044550
GO:1900557 -[is_a]-> GO:0050763
GO:1900557 -[is_a]-> GO:1900555
GO:1900557 -[is_a]-> GO:1901336
GO:1900558 -[is_a]-> GO:0044710
GO:1900558 -[is_a]-> GO:0071704
GO:1900559 -[is_a]-> GO:0044712
GO:1900559 -[is_a]-> GO:1900558
GO:1900559 -[is_a]-> GO:1901575
GO:1900560 -[is_a]-> GO:0044711
GO:1900560 -[is_a]-> GO:1900558
GO:1900560 -[is_a]-> GO:1901576
GO:1900561 -[is_a]-> GO:0019748
GO:1900561 -[is_a]-> GO:0071704
GO:1900562 -[is_a]-> GO:0090487
GO:1900562 -[is_a]-> GO:1900561
GO:1900562 -[is_a]-> GO:1901575
GO:1900563 -[is_a]-> GO:0044550
GO:1900563 -[is_a]-> GO:1900561
GO:1900563 -[is_a]-> GO:1901576
GO:1900564 -[is_a]-> GO:0034308
GO:1900564 -[is_a]-> GO:0035836
GO:1900564 -[is_a]-> GO:0044763
GO:1900564 -[is_a]-> GO:0046483
GO:1900564 -[is_a]-> GO:1901360
GO:1900565 -[is_a]-> GO:0034310
GO:1900565 -[is_a]-> GO:0046700
GO:1900565 -[is_a]-> GO:1900564
GO:1900565 -[is_a]-> GO:1900806
GO:1900565 -[is_a]-> GO:1901361
GO:1900566 -[is_a]-> GO:0018130
GO:1900566 -[is_a]-> GO:0034309
GO:1900566 -[is_a]-> GO:0035837
GO:1900566 -[is_a]-> GO:1900564
GO:1900566 -[is_a]-> GO:1901362
GO:1900567 -[is_a]-> GO:0006081
GO:1900567 -[is_a]-> GO:0035836
GO:1900567 -[is_a]-> GO:1901360
GO:1900568 -[is_a]-> GO:0046185
GO:1900568 -[is_a]-> GO:1900567
GO:1900568 -[is_a]-> GO:1900806
GO:1900568 -[is_a]-> GO:1901361
GO:1900569 -[is_a]-> GO:0035837
GO:1900569 -[is_a]-> GO:0046184
GO:1900569 -[is_a]-> GO:1900567
GO:1900569 -[is_a]-> GO:1901362
GO:1900570 -[is_a]-> GO:0018904
GO:1900570 -[is_a]-> GO:0018958
GO:1900570 -[is_a]-> GO:0019748
GO:1900570 -[is_a]-> GO:0044763
GO:1900571 -[is_a]-> GO:0019336
GO:1900571 -[is_a]-> GO:0090487
GO:1900571 -[is_a]-> GO:1900570
GO:1900571 -[is_a]-> GO:1901502
GO:1900572 -[is_a]-> GO:0044550
GO:1900572 -[is_a]-> GO:0046189
GO:1900572 -[is_a]-> GO:1900570
GO:1900572 -[is_a]-> GO:1901503
GO:1900573 -[is_a]-> GO:0018958
GO:1900573 -[is_a]-> GO:0019748
GO:1900573 -[is_a]-> GO:1901661
GO:1900574 -[is_a]-> GO:0019336
GO:1900574 -[is_a]-> GO:0090487
GO:1900574 -[is_a]-> GO:1900573
GO:1900574 -[is_a]-> GO:1901662
GO:1900575 -[is_a]-> GO:0044550
GO:1900575 -[is_a]-> GO:0046189
GO:1900575 -[is_a]-> GO:1900573
GO:1900575 -[is_a]-> GO:1901663
GO:1900576 -[is_a]-> GO:0006082
GO:1900576 -[is_a]-> GO:0009712
GO:1900576 -[is_a]-> GO:0018904
GO:1900576 -[is_a]-> GO:0019748
GO:1900576 -[is_a]-> GO:0042537
GO:1900577 -[is_a]-> GO:0016054
GO:1900577 -[is_a]-> GO:0019614
GO:1900577 -[is_a]-> GO:0090487
GO:1900577 -[is_a]-> GO:1900576
GO:1900577 -[is_a]-> GO:1901502
GO:1900578 -[is_a]-> GO:0009713
GO:1900578 -[is_a]-> GO:0016053
GO:1900578 -[is_a]-> GO:0044550
GO:1900578 -[is_a]-> GO:1900576
GO:1900578 -[is_a]-> GO:1901503
GO:1900579 -[is_a]-> GO:0008202
GO:1900579 -[is_a]-> GO:0010685
GO:1900579 -[is_a]-> GO:0019748
GO:1900579 -[is_a]-> GO:1902652
GO:1900580 -[is_a]-> GO:0006706
GO:1900580 -[is_a]-> GO:0016105
GO:1900580 -[is_a]-> GO:0046164
GO:1900580 -[is_a]-> GO:0090487
GO:1900580 -[is_a]-> GO:1900579
GO:1900581 -[is_a]-> GO:0006694
GO:1900581 -[is_a]-> GO:0010686
GO:1900581 -[is_a]-> GO:0044550
GO:1900581 -[is_a]-> GO:1900579
GO:1900581 -[is_a]-> GO:1902653
GO:1900582 -[is_a]-> GO:0006082
GO:1900582 -[is_a]-> GO:0018958
GO:1900582 -[is_a]-> GO:0019748
GO:1900582 -[is_a]-> GO:0042537
GO:1900583 -[is_a]-> GO:0016054
GO:1900583 -[is_a]-> GO:0019336
GO:1900583 -[is_a]-> GO:0090487
GO:1900583 -[is_a]-> GO:1900582
GO:1900584 -[is_a]-> GO:0016053
GO:1900584 -[is_a]-> GO:0044550
GO:1900584 -[is_a]-> GO:0046189
GO:1900584 -[is_a]-> GO:1900582
GO:1900585 -[is_a]-> GO:0019748
GO:1900585 -[is_a]-> GO:0071704
GO:1900586 -[is_a]-> GO:0090487
GO:1900586 -[is_a]-> GO:1900585
GO:1900586 -[is_a]-> GO:1901575
GO:1900587 -[is_a]-> GO:0044550
GO:1900587 -[is_a]-> GO:1900585
GO:1900587 -[is_a]-> GO:1901576
GO:1900588 -[is_a]-> GO:0009712
GO:1900588 -[is_a]-> GO:0018904
GO:1900588 -[is_a]-> GO:0019748
GO:1900588 -[is_a]-> GO:0044763
GO:1900589 -[is_a]-> GO:0019614
GO:1900589 -[is_a]-> GO:0090487
GO:1900589 -[is_a]-> GO:1900588
GO:1900589 -[is_a]-> GO:1901502
GO:1900590 -[is_a]-> GO:0009713
GO:1900590 -[is_a]-> GO:0044550
GO:1900590 -[is_a]-> GO:1900588
GO:1900590 -[is_a]-> GO:1901503
GO:1900591 -[is_a]-> GO:0009712
GO:1900591 -[is_a]-> GO:0018904
GO:1900591 -[is_a]-> GO:0019748
GO:1900591 -[is_a]-> GO:0044763
GO:1900592 -[is_a]-> GO:0019614
GO:1900592 -[is_a]-> GO:0090487
GO:1900592 -[is_a]-> GO:1900591
GO:1900592 -[is_a]-> GO:1901502
GO:1900593 -[is_a]-> GO:0009713
GO:1900593 -[is_a]-> GO:0044550
GO:1900593 -[is_a]-> GO:1900591
GO:1900593 -[is_a]-> GO:1901503
GO:1900594 -[is_a]-> GO:0006725
GO:1900594 -[is_a]-> GO:0019748
GO:1900594 -[is_a]-> GO:0044763
GO:1900594 -[is_a]-> GO:0046483
GO:1900594 -[is_a]-> GO:1901360
GO:1900595 -[is_a]-> GO:0019439
GO:1900595 -[is_a]-> GO:0046700
GO:1900595 -[is_a]-> GO:0090487
GO:1900595 -[is_a]-> GO:1900594
GO:1900595 -[is_a]-> GO:1901361
GO:1900596 -[is_a]-> GO:0018130
GO:1900596 -[is_a]-> GO:0019438
GO:1900596 -[is_a]-> GO:0044550
GO:1900596 -[is_a]-> GO:1900594
GO:1900596 -[is_a]-> GO:1901362
GO:1900597 -[is_a]-> GO:0006725
GO:1900597 -[is_a]-> GO:0019748
GO:1900597 -[is_a]-> GO:0044763
GO:1900597 -[is_a]-> GO:0046483
GO:1900597 -[is_a]-> GO:1901360
GO:1900598 -[is_a]-> GO:0019439
GO:1900598 -[is_a]-> GO:0046700
GO:1900598 -[is_a]-> GO:0090487
GO:1900598 -[is_a]-> GO:1900597
GO:1900598 -[is_a]-> GO:1901361
GO:1900599 -[is_a]-> GO:0018130
GO:1900599 -[is_a]-> GO:0019438
GO:1900599 -[is_a]-> GO:0044550
GO:1900599 -[is_a]-> GO:1900597
GO:1900599 -[is_a]-> GO:1901362
GO:1900600 -[is_a]-> GO:0006082
GO:1900600 -[is_a]-> GO:0018958
GO:1900600 -[is_a]-> GO:0019748
GO:1900600 -[is_a]-> GO:1901661
GO:1900601 -[is_a]-> GO:0016054
GO:1900601 -[is_a]-> GO:0019336
GO:1900601 -[is_a]-> GO:0090487
GO:1900601 -[is_a]-> GO:1900600
GO:1900601 -[is_a]-> GO:1901662
GO:1900602 -[is_a]-> GO:0016053
GO:1900602 -[is_a]-> GO:0044550
GO:1900602 -[is_a]-> GO:0046189
GO:1900602 -[is_a]-> GO:1900600
GO:1900602 -[is_a]-> GO:1901663
GO:1900603 -[is_a]-> GO:0019748
GO:1900603 -[is_a]-> GO:0044763
GO:1900603 -[is_a]-> GO:0046483
GO:1900603 -[is_a]-> GO:1901360
GO:1900603 -[is_a]-> GO:1901564
GO:1900604 -[is_a]-> GO:0046700
GO:1900604 -[is_a]-> GO:0090487
GO:1900604 -[is_a]-> GO:1900603
GO:1900604 -[is_a]-> GO:1901361
GO:1900604 -[is_a]-> GO:1901565
GO:1900605 -[is_a]-> GO:0018130
GO:1900605 -[is_a]-> GO:0044550
GO:1900605 -[is_a]-> GO:1900603
GO:1900605 -[is_a]-> GO:1901362
GO:1900605 -[is_a]-> GO:1901566
GO:1900606 -[is_a]-> GO:0006082
GO:1900606 -[is_a]-> GO:0019748
GO:1900606 -[is_a]-> GO:0046483
GO:1900606 -[is_a]-> GO:1901360
GO:1900606 -[is_a]-> GO:1901564
GO:1900607 -[is_a]-> GO:0016054
GO:1900607 -[is_a]-> GO:0046700
GO:1900607 -[is_a]-> GO:0090487
GO:1900607 -[is_a]-> GO:1900606
GO:1900607 -[is_a]-> GO:1901361
GO:1900607 -[is_a]-> GO:1901565
GO:1900608 -[is_a]-> GO:0016053
GO:1900608 -[is_a]-> GO:0018130
GO:1900608 -[is_a]-> GO:0044550
GO:1900608 -[is_a]-> GO:1900606
GO:1900608 -[is_a]-> GO:1901362
GO:1900608 -[is_a]-> GO:1901566
GO:1900609 -[is_a]-> GO:0018958
GO:1900609 -[is_a]-> GO:0030638
GO:1900609 -[is_a]-> GO:0044763
GO:1900609 -[is_a]-> GO:1901376
GO:1900610 -[is_a]-> GO:0019336
GO:1900610 -[is_a]-> GO:0030640
GO:1900610 -[is_a]-> GO:1900609
GO:1900610 -[is_a]-> GO:1901377
GO:1900611 -[is_a]-> GO:0030639
GO:1900611 -[is_a]-> GO:0046189
GO:1900611 -[is_a]-> GO:1900609
GO:1900611 -[is_a]-> GO:1901378
GO:1900612 -[is_a]-> GO:0018958
GO:1900612 -[is_a]-> GO:0030638
GO:1900612 -[is_a]-> GO:0044763
GO:1900612 -[is_a]-> GO:1901376
GO:1900613 -[is_a]-> GO:0019336
GO:1900613 -[is_a]-> GO:0030640
GO:1900613 -[is_a]-> GO:1900612
GO:1900613 -[is_a]-> GO:1901377
GO:1900614 -[is_a]-> GO:0030639
GO:1900614 -[is_a]-> GO:0046189
GO:1900614 -[is_a]-> GO:1900612
GO:1900614 -[is_a]-> GO:1901378
GO:1900615 -[is_a]-> GO:1900555
GO:1900616 -[is_a]-> GO:1900556
GO:1900616 -[is_a]-> GO:1900615
GO:1900617 -[is_a]-> GO:1900557
GO:1900617 -[is_a]-> GO:1900615
GO:1900618 -[is_a]-> GO:0022603
GO:1900618 -[is_a]-> GO:0048831
GO:1900618 -[regulates]-> GO:0010016
GO:1900619 -[is_a]-> GO:0044710
GO:1900619 -[is_a]-> GO:0071704
GO:1900620 -[is_a]-> GO:0044711
GO:1900620 -[is_a]-> GO:1900619
GO:1900620 -[is_a]-> GO:1901576
GO:1900621 -[is_a]-> GO:0006357
GO:1900621 -[is_a]-> GO:0019722
GO:1900621 -[regulates]-> GO:0006366
GO:1900622 -[is_a]-> GO:0045944
GO:1900622 -[is_a]-> GO:1900621
GO:1900622 -[positively_regulates]-> GO:0006366
GO:1900623 -[is_a]-> GO:1903037
GO:1900623 -[regulates]-> GO:0070487
GO:1900624 -[is_a]-> GO:1900623
GO:1900624 -[is_a]-> GO:1903038
GO:1900624 -[negatively_regulates]-> GO:0070487
GO:1900625 -[is_a]-> GO:1900623
GO:1900625 -[is_a]-> GO:1903039
GO:1900625 -[positively_regulates]-> GO:0070487
GO:1900626 -[is_a]-> GO:1900376
GO:1900626 -[regulates]-> GO:1900587
GO:1900627 -[is_a]-> GO:1900377
GO:1900627 -[is_a]-> GO:1900626
GO:1900627 -[negatively_regulates]-> GO:1900587
GO:1900628 -[is_a]-> GO:1900378
GO:1900628 -[is_a]-> GO:1900626
GO:1900628 -[positively_regulates]-> GO:1900587
GO:1900629 -[is_a]-> GO:0046483
GO:1900629 -[is_a]-> GO:1901360
GO:1900629 -[is_a]-> GO:1901564
GO:1900630 -[is_a]-> GO:0018130
GO:1900630 -[is_a]-> GO:1900629
GO:1900630 -[is_a]-> GO:1901362
GO:1900630 -[is_a]-> GO:1901566
GO:1900631 -[is_a]-> GO:0043446
GO:1900632 -[is_a]-> GO:0043447
GO:1900632 -[is_a]-> GO:1900631
GO:1900633 -[is_a]-> GO:0043446
GO:1900634 -[is_a]-> GO:0043447
GO:1900634 -[is_a]-> GO:1900633
GO:1900635 -[is_a]-> GO:0043446
GO:1900636 -[is_a]-> GO:0043447
GO:1900636 -[is_a]-> GO:1900635
GO:1900637 -[is_a]-> GO:1900732
GO:1900637 -[is_a]-> GO:1902930
GO:1900637 -[regulates]-> GO:1900554
GO:1900638 -[is_a]-> GO:1900637
GO:1900638 -[is_a]-> GO:1900733
GO:1900638 -[is_a]-> GO:1902931
GO:1900638 -[negatively_regulates]-> GO:1900554
GO:1900639 -[is_a]-> GO:1900637
GO:1900639 -[is_a]-> GO:1900734
GO:1900639 -[is_a]-> GO:1902932
GO:1900639 -[positively_regulates]-> GO:1900554
GO:1900640 -[is_a]-> GO:0009889
GO:1900640 -[regulates]-> GO:1900560
GO:1900641 -[is_a]-> GO:0009890
GO:1900641 -[is_a]-> GO:1900640
GO:1900641 -[negatively_regulates]-> GO:1900560
GO:1900642 -[is_a]-> GO:0009891
GO:1900642 -[is_a]-> GO:1900640
GO:1900642 -[positively_regulates]-> GO:1900560
GO:1900643 -[is_a]-> GO:1900822
GO:1900643 -[is_a]-> GO:1902930
GO:1900643 -[regulates]-> GO:1900566
GO:1900644 -[is_a]-> GO:1900643
GO:1900644 -[is_a]-> GO:1900823
GO:1900644 -[is_a]-> GO:1902931
GO:1900644 -[negatively_regulates]-> GO:1900566
GO:1900645 -[is_a]-> GO:1900643
GO:1900645 -[is_a]-> GO:1900824
GO:1900645 -[is_a]-> GO:1902932
GO:1900645 -[positively_regulates]-> GO:1900566
GO:1900646 -[is_a]-> GO:1900822
GO:1900646 -[regulates]-> GO:1900569
GO:1900647 -[is_a]-> GO:1900646
GO:1900647 -[is_a]-> GO:1900823
GO:1900647 -[negatively_regulates]-> GO:1900569
GO:1900648 -[is_a]-> GO:1900646
GO:1900648 -[is_a]-> GO:1900824
GO:1900648 -[positively_regulates]-> GO:1900569
GO:1900649 -[is_a]-> GO:1900376
GO:1900649 -[regulates]-> GO:1900563
GO:1900650 -[is_a]-> GO:1900377
GO:1900650 -[is_a]-> GO:1900649
GO:1900650 -[negatively_regulates]-> GO:1900563
GO:1900651 -[is_a]-> GO:1900378
GO:1900651 -[is_a]-> GO:1900649
GO:1900651 -[positively_regulates]-> GO:1900563
GO:1900652 -[is_a]-> GO:0031326
GO:1900652 -[is_a]-> GO:1900376
GO:1900652 -[regulates]-> GO:1900599
GO:1900653 -[is_a]-> GO:0031327
GO:1900653 -[is_a]-> GO:1900377
GO:1900653 -[is_a]-> GO:1900652
GO:1900653 -[negatively_regulates]-> GO:1900599
GO:1900654 -[is_a]-> GO:0031328
GO:1900654 -[is_a]-> GO:1900378
GO:1900654 -[is_a]-> GO:1900652
GO:1900654 -[positively_regulates]-> GO:1900599
GO:1900655 -[is_a]-> GO:0031326
GO:1900655 -[is_a]-> GO:1900376
GO:1900655 -[regulates]-> GO:1900572
GO:1900656 -[is_a]-> GO:0031327
GO:1900656 -[is_a]-> GO:1900377
GO:1900656 -[is_a]-> GO:1900655
GO:1900656 -[negatively_regulates]-> GO:1900572
GO:1900657 -[is_a]-> GO:0031328
GO:1900657 -[is_a]-> GO:1900378
GO:1900657 -[is_a]-> GO:1900655
GO:1900657 -[positively_regulates]-> GO:1900572
GO:1900658 -[is_a]-> GO:0031326
GO:1900658 -[is_a]-> GO:0034248
GO:1900658 -[is_a]-> GO:0046890
GO:1900658 -[is_a]-> GO:1900376
GO:1900658 -[regulates]-> GO:1900557
GO:1900659 -[is_a]-> GO:0031327
GO:1900659 -[is_a]-> GO:0034249
GO:1900659 -[is_a]-> GO:0051055
GO:1900659 -[is_a]-> GO:1900377
GO:1900659 -[is_a]-> GO:1900658
GO:1900659 -[negatively_regulates]-> GO:1900557
GO:1900660 -[is_a]-> GO:0031328
GO:1900660 -[is_a]-> GO:0034250
GO:1900660 -[is_a]-> GO:0046889
GO:1900660 -[is_a]-> GO:1900378
GO:1900660 -[is_a]-> GO:1900658
GO:1900660 -[positively_regulates]-> GO:1900557
GO:1900661 -[is_a]-> GO:1900658
GO:1900661 -[regulates]-> GO:1900617
GO:1900662 -[is_a]-> GO:1900659
GO:1900662 -[is_a]-> GO:1900661
GO:1900662 -[negatively_regulates]-> GO:1900617
GO:1900663 -[is_a]-> GO:1900660
GO:1900663 -[is_a]-> GO:1900661
GO:1900663 -[positively_regulates]-> GO:1900617
GO:1900664 -[is_a]-> GO:0010566
GO:1900664 -[is_a]-> GO:0051196
GO:1900664 -[is_a]-> GO:1900376
GO:1900664 -[regulates]-> GO:1900575
GO:1900665 -[is_a]-> GO:0031327
GO:1900665 -[is_a]-> GO:0051198
GO:1900665 -[is_a]-> GO:1900377
GO:1900665 -[is_a]-> GO:1900664
GO:1900665 -[negatively_regulates]-> GO:1900575
GO:1900666 -[is_a]-> GO:0031328
GO:1900666 -[is_a]-> GO:0051197
GO:1900666 -[is_a]-> GO:1900378
GO:1900666 -[is_a]-> GO:1900664
GO:1900666 -[positively_regulates]-> GO:1900575
GO:1900667 -[is_a]-> GO:0010566
GO:1900667 -[is_a]-> GO:0051196
GO:1900667 -[is_a]-> GO:1900376
GO:1900667 -[regulates]-> GO:1900602
GO:1900668 -[is_a]-> GO:0031327
GO:1900668 -[is_a]-> GO:0051198
GO:1900668 -[is_a]-> GO:1900377
GO:1900668 -[is_a]-> GO:1900667
GO:1900668 -[negatively_regulates]-> GO:1900602
GO:1900669 -[is_a]-> GO:0031328
GO:1900669 -[is_a]-> GO:0051197
GO:1900669 -[is_a]-> GO:1900378
GO:1900669 -[is_a]-> GO:1900667
GO:1900669 -[positively_regulates]-> GO:1900602
GO:1900670 -[is_a]-> GO:1900732
GO:1900670 -[regulates]-> GO:1900611
GO:1900671 -[is_a]-> GO:1900670
GO:1900671 -[is_a]-> GO:1900733
GO:1900671 -[negatively_regulates]-> GO:1900611
GO:1900672 -[is_a]-> GO:1900670
GO:1900672 -[is_a]-> GO:1900734
GO:1900672 -[positively_regulates]-> GO:1900611
GO:1900673 -[is_a]-> GO:0071704
GO:1900674 -[is_a]-> GO:1900673
GO:1900674 -[is_a]-> GO:1901576
GO:1900675 -[is_a]-> GO:1900732
GO:1900675 -[regulates]-> GO:1900614
GO:1900676 -[is_a]-> GO:1900675
GO:1900676 -[is_a]-> GO:1900733
GO:1900676 -[negatively_regulates]-> GO:1900614
GO:1900677 -[is_a]-> GO:1900675
GO:1900677 -[is_a]-> GO:1900734
GO:1900677 -[positively_regulates]-> GO:1900614
GO:1900678 -[is_a]-> GO:1905568
GO:1900678 -[regulates]-> GO:0031171
GO:1900679 -[is_a]-> GO:1900678
GO:1900679 -[is_a]-> GO:1905569
GO:1900679 -[negatively_regulates]-> GO:0031171
GO:1900680 -[is_a]-> GO:1900678
GO:1900680 -[is_a]-> GO:1905570
GO:1900680 -[positively_regulates]-> GO:0031171
GO:1900681 -[is_a]-> GO:0043449
GO:1900682 -[is_a]-> GO:0043450
GO:1900682 -[is_a]-> GO:1900681
GO:1900683 -[is_a]-> GO:0010565
GO:1900683 -[is_a]-> GO:0031326
GO:1900683 -[is_a]-> GO:1900376
GO:1900683 -[regulates]-> GO:1900541
GO:1900684 -[is_a]-> GO:0031327
GO:1900684 -[is_a]-> GO:1900377
GO:1900684 -[is_a]-> GO:1900683
GO:1900684 -[negatively_regulates]-> GO:1900541
GO:1900685 -[is_a]-> GO:0031328
GO:1900685 -[is_a]-> GO:1900378
GO:1900685 -[is_a]-> GO:1900683
GO:1900685 -[positively_regulates]-> GO:1900541
GO:1900686 -[is_a]-> GO:0010565
GO:1900686 -[is_a]-> GO:0031326
GO:1900686 -[is_a]-> GO:1900376
GO:1900686 -[regulates]-> GO:1900578
GO:1900687 -[is_a]-> GO:0031327
GO:1900687 -[is_a]-> GO:1900377
GO:1900687 -[is_a]-> GO:1900686
GO:1900687 -[negatively_regulates]-> GO:1900578
GO:1900688 -[is_a]-> GO:0031328
GO:1900688 -[is_a]-> GO:1900378
GO:1900688 -[is_a]-> GO:1900686
GO:1900688 -[positively_regulates]-> GO:1900578
GO:1900689 -[is_a]-> GO:0031326
GO:1900689 -[is_a]-> GO:0034248
GO:1900689 -[is_a]-> GO:0042762
GO:1900689 -[is_a]-> GO:1900376
GO:1900689 -[regulates]-> GO:2001310
GO:1900690 -[is_a]-> GO:0031327
GO:1900690 -[is_a]-> GO:0034249
GO:1900690 -[is_a]-> GO:0051175
GO:1900690 -[is_a]-> GO:1900377
GO:1900690 -[is_a]-> GO:1900689
GO:1900690 -[negatively_regulates]-> GO:2001310
GO:1900691 -[is_a]-> GO:0031328
GO:1900691 -[is_a]-> GO:0034250
GO:1900691 -[is_a]-> GO:0051176
GO:1900691 -[is_a]-> GO:1900378
GO:1900691 -[is_a]-> GO:1900689
GO:1900691 -[positively_regulates]-> GO:2001310
GO:1900692 -[is_a]-> GO:0031326
GO:1900692 -[is_a]-> GO:1900376
GO:1900692 -[regulates]-> GO:1900596
GO:1900693 -[is_a]-> GO:0031327
GO:1900693 -[is_a]-> GO:1900377
GO:1900693 -[is_a]-> GO:1900692
GO:1900693 -[negatively_regulates]-> GO:1900596
GO:1900694 -[is_a]-> GO:0031328
GO:1900694 -[is_a]-> GO:1900378
GO:1900694 -[is_a]-> GO:1900692
GO:1900694 -[positively_regulates]-> GO:1900596
GO:1900695 -[is_a]-> GO:0051171
GO:1900695 -[is_a]-> GO:1900376
GO:1900695 -[regulates]-> GO:1900551
GO:1900696 -[is_a]-> GO:0051172
GO:1900696 -[is_a]-> GO:1900377
GO:1900696 -[is_a]-> GO:1900695
GO:1900696 -[negatively_regulates]-> GO:1900551
GO:1900697 -[is_a]-> GO:0051173
GO:1900697 -[is_a]-> GO:1900378
GO:1900697 -[is_a]-> GO:1900695
GO:1900697 -[positively_regulates]-> GO:1900551
GO:1900698 -[is_a]-> GO:0010565
GO:1900698 -[is_a]-> GO:0031326
GO:1900698 -[is_a]-> GO:1900376
GO:1900698 -[regulates]-> GO:1900584
GO:1900699 -[is_a]-> GO:0031327
GO:1900699 -[is_a]-> GO:1900377
GO:1900699 -[is_a]-> GO:1900698
GO:1900699 -[negatively_regulates]-> GO:1900584
GO:1900700 -[is_a]-> GO:0031328
GO:1900700 -[is_a]-> GO:1900378
GO:1900700 -[is_a]-> GO:1900698
GO:1900700 -[positively_regulates]-> GO:1900584
GO:1900701 -[is_a]-> GO:0031326
GO:1900701 -[is_a]-> GO:1900376
GO:1900701 -[regulates]-> GO:0046197
GO:1900702 -[is_a]-> GO:0031327
GO:1900702 -[is_a]-> GO:1900377
GO:1900702 -[is_a]-> GO:1900701
GO:1900702 -[negatively_regulates]-> GO:0046197
GO:1900703 -[is_a]-> GO:0031328
GO:1900703 -[is_a]-> GO:1900378
GO:1900703 -[is_a]-> GO:1900701
GO:1900703 -[positively_regulates]-> GO:0046197
GO:1900704 -[is_a]-> GO:0031326
GO:1900704 -[is_a]-> GO:0034248
GO:1900704 -[is_a]-> GO:0051193
GO:1900704 -[is_a]-> GO:1900376
GO:1900704 -[regulates]-> GO:0019290
GO:1900705 -[is_a]-> GO:0031327
GO:1900705 -[is_a]-> GO:0034249
GO:1900705 -[is_a]-> GO:0051195
GO:1900705 -[is_a]-> GO:1900377
GO:1900705 -[is_a]-> GO:1900704
GO:1900705 -[negatively_regulates]-> GO:0019290
GO:1900706 -[is_a]-> GO:0031328
GO:1900706 -[is_a]-> GO:0034250
GO:1900706 -[is_a]-> GO:0051194
GO:1900706 -[is_a]-> GO:1900378
GO:1900706 -[is_a]-> GO:1900704
GO:1900706 -[positively_regulates]-> GO:0019290
GO:1900707 -[is_a]-> GO:0031326
GO:1900707 -[is_a]-> GO:0051171
GO:1900707 -[is_a]-> GO:1900376
GO:1900707 -[regulates]-> GO:1900605
GO:1900708 -[is_a]-> GO:0031327
GO:1900708 -[is_a]-> GO:0051172
GO:1900708 -[is_a]-> GO:1900377
GO:1900708 -[is_a]-> GO:1900707
GO:1900708 -[negatively_regulates]-> GO:1900605
GO:1900709 -[is_a]-> GO:0031328
GO:1900709 -[is_a]-> GO:0051173
GO:1900709 -[is_a]-> GO:1900378
GO:1900709 -[is_a]-> GO:1900707
GO:1900709 -[positively_regulates]-> GO:1900605
GO:1900710 -[is_a]-> GO:0031326
GO:1900710 -[is_a]-> GO:0051171
GO:1900710 -[is_a]-> GO:1900376
GO:1900710 -[regulates]-> GO:1900608
GO:1900711 -[is_a]-> GO:0031327
GO:1900711 -[is_a]-> GO:0051172
GO:1900711 -[is_a]-> GO:1900377
GO:1900711 -[is_a]-> GO:1900710
GO:1900711 -[negatively_regulates]-> GO:1900608
GO:1900712 -[is_a]-> GO:0031328
GO:1900712 -[is_a]-> GO:0051173
GO:1900712 -[is_a]-> GO:1900378
GO:1900712 -[is_a]-> GO:1900710
GO:1900712 -[positively_regulates]-> GO:1900608
GO:1900713 -[is_a]-> GO:0031326
GO:1900713 -[is_a]-> GO:1900376
GO:1900713 -[regulates]-> GO:1900590
GO:1900714 -[is_a]-> GO:0031327
GO:1900714 -[is_a]-> GO:1900377
GO:1900714 -[is_a]-> GO:1900713
GO:1900714 -[negatively_regulates]-> GO:1900590
GO:1900715 -[is_a]-> GO:0031328
GO:1900715 -[is_a]-> GO:1900378
GO:1900715 -[is_a]-> GO:1900713
GO:1900715 -[positively_regulates]-> GO:1900590
GO:1900716 -[is_a]-> GO:0031326
GO:1900716 -[is_a]-> GO:1900376
GO:1900716 -[regulates]-> GO:1900593
GO:1900717 -[is_a]-> GO:0031327
GO:1900717 -[is_a]-> GO:1900377
GO:1900717 -[is_a]-> GO:1900716
GO:1900717 -[negatively_regulates]-> GO:1900593
GO:1900718 -[is_a]-> GO:0031328
GO:1900718 -[is_a]-> GO:1900378
GO:1900718 -[is_a]-> GO:1900716
GO:1900718 -[positively_regulates]-> GO:1900593
GO:1900719 -[is_a]-> GO:1901080
GO:1900719 -[regulates]-> GO:0044558
GO:1900720 -[is_a]-> GO:1900719
GO:1900720 -[is_a]-> GO:1901081
GO:1900720 -[negatively_regulates]-> GO:0044558
GO:1900721 -[is_a]-> GO:1900719
GO:1900721 -[is_a]-> GO:1901082
GO:1900721 -[positively_regulates]-> GO:0044558
GO:1900722 -[is_a]-> GO:0031399
GO:1900722 -[regulates]-> GO:0018117
GO:1900723 -[is_a]-> GO:0031400
GO:1900723 -[is_a]-> GO:1900722
GO:1900723 -[negatively_regulates]-> GO:0018117
GO:1900724 -[is_a]-> GO:0031401
GO:1900724 -[is_a]-> GO:1900722
GO:1900724 -[positively_regulates]-> GO:0018117
GO:1900725 -[is_a]-> GO:0044042
GO:1900726 -[is_a]-> GO:0009251
GO:1900726 -[is_a]-> GO:1900725
GO:1900727 -[is_a]-> GO:0009250
GO:1900727 -[is_a]-> GO:1900725
GO:1900728 -[is_a]-> GO:0036036
GO:1900728 -[part_of]-> GO:0003151
GO:1900729 -[is_a]-> GO:2000474
GO:1900729 -[regulates]-> GO:0031635
GO:1900730 -[is_a]-> GO:1900729
GO:1900730 -[is_a]-> GO:2000475
GO:1900730 -[negatively_regulates]-> GO:0031635
GO:1900731 -[is_a]-> GO:1900729
GO:1900731 -[is_a]-> GO:2000476
GO:1900731 -[positively_regulates]-> GO:0031635
GO:1900732 -[is_a]-> GO:0010566
GO:1900732 -[is_a]-> GO:1900376
GO:1900732 -[regulates]-> GO:0030639
GO:1900733 -[is_a]-> GO:0031327
GO:1900733 -[is_a]-> GO:1900377
GO:1900733 -[is_a]-> GO:1900732
GO:1900733 -[negatively_regulates]-> GO:0030639
GO:1900734 -[is_a]-> GO:0031328
GO:1900734 -[is_a]-> GO:1900378
GO:1900734 -[is_a]-> GO:1900732
GO:1900734 -[positively_regulates]-> GO:0030639
GO:1900735 -[is_a]-> GO:0043902
GO:1900735 -[is_a]-> GO:0060256
GO:1900735 -[positively_regulates]-> GO:0000128
GO:1900736 -[is_a]-> GO:0008277
GO:1900736 -[regulates]-> GO:0007200
GO:1900737 -[is_a]-> GO:0045744
GO:1900737 -[is_a]-> GO:1900736
GO:1900737 -[negatively_regulates]-> GO:0007200
GO:1900738 -[is_a]-> GO:0045745
GO:1900738 -[is_a]-> GO:1900736
GO:1900738 -[positively_regulates]-> GO:0007200
GO:1900739 -[is_a]-> GO:1901028
GO:1900739 -[is_a]-> GO:1903747
GO:1900739 -[is_a]-> GO:1905475
GO:1900739 -[regulates]-> GO:0001844
GO:1900740 -[is_a]-> GO:1900739
GO:1900740 -[is_a]-> GO:1901030
GO:1900740 -[is_a]-> GO:1903749
GO:1900740 -[is_a]-> GO:1905477
GO:1900740 -[positively_regulates]-> GO:0001844
GO:1900741 -[is_a]-> GO:0048583
GO:1900741 -[is_a]-> GO:1900428
GO:1900741 -[regulates]-> GO:0036177
GO:1900742 -[is_a]-> GO:0048585
GO:1900742 -[is_a]-> GO:1900429
GO:1900742 -[is_a]-> GO:1900741
GO:1900742 -[negatively_regulates]-> GO:0036177
GO:1900743 -[is_a]-> GO:0048584
GO:1900743 -[is_a]-> GO:1900430
GO:1900743 -[is_a]-> GO:1900741
GO:1900743 -[positively_regulates]-> GO:0036177
GO:1900744 -[is_a]-> GO:0032872
GO:1900744 -[regulates]-> GO:0038066
GO:1900745 -[is_a]-> GO:0032874
GO:1900745 -[is_a]-> GO:1900744
GO:1900745 -[positively_regulates]-> GO:0038066
GO:1900746 -[is_a]-> GO:0009966
GO:1900746 -[is_a]-> GO:1902547
GO:1900746 -[regulates]-> GO:0038084
GO:1900747 -[is_a]-> GO:0009968
GO:1900747 -[is_a]-> GO:1900746
GO:1900747 -[is_a]-> GO:1902548
GO:1900747 -[negatively_regulates]-> GO:0038084
GO:1900748 -[is_a]-> GO:0009967
GO:1900748 -[is_a]-> GO:1900746
GO:1900748 -[positively_regulates]-> GO:0038084
GO:1900749 -[is_a]-> GO:0015879
GO:1900750 -[is_a]-> GO:0042277
GO:1900751 -[is_a]-> GO:0015838
GO:1900752 -[is_a]-> GO:0015849
GO:1900753 -[is_a]-> GO:1901656
GO:1900754 -[is_a]-> GO:0015718
GO:1900756 -[is_a]-> GO:0016485
GO:1900756 -[occurs_in]-> GO:0045335
GO:1900757 -[is_a]-> GO:0051341
GO:1900757 -[regulates]-> GO:0003884
GO:1900758 -[is_a]-> GO:0051354
GO:1900758 -[is_a]-> GO:1900757
GO:1900758 -[negatively_regulates]-> GO:0003884
GO:1900759 -[is_a]-> GO:0051353
GO:1900759 -[is_a]-> GO:1900757
GO:1900759 -[positively_regulates]-> GO:0003884
GO:1900760 -[is_a]-> GO:0010913
GO:1900760 -[is_a]-> GO:0031327
GO:1900760 -[is_a]-> GO:1900377
GO:1900760 -[negatively_regulates]-> GO:0045461
GO:1900761 -[is_a]-> GO:0018958
GO:1900761 -[is_a]-> GO:0030638
GO:1900761 -[is_a]-> GO:1901661
GO:1900762 -[is_a]-> GO:0019336
GO:1900762 -[is_a]-> GO:0030640
GO:1900762 -[is_a]-> GO:1900761
GO:1900762 -[is_a]-> GO:1901662
GO:1900763 -[is_a]-> GO:0030639
GO:1900763 -[is_a]-> GO:0046189
GO:1900763 -[is_a]-> GO:1900761
GO:1900763 -[is_a]-> GO:1901663
GO:1900764 -[is_a]-> GO:0018904
GO:1900764 -[is_a]-> GO:0018958
GO:1900764 -[is_a]-> GO:0019748
GO:1900764 -[is_a]-> GO:2001305
GO:1900765 -[is_a]-> GO:0019336
GO:1900765 -[is_a]-> GO:0042182
GO:1900765 -[is_a]-> GO:0046700
GO:1900765 -[is_a]-> GO:0090487
GO:1900765 -[is_a]-> GO:1900764
GO:1900765 -[is_a]-> GO:1901502
GO:1900766 -[is_a]-> GO:0044550
GO:1900766 -[is_a]-> GO:0046189
GO:1900766 -[is_a]-> GO:1900764
GO:1900766 -[is_a]-> GO:1901503
GO:1900766 -[is_a]-> GO:2001307
GO:1900767 -[is_a]-> GO:0019748
GO:1900767 -[is_a]-> GO:1900785
GO:1900768 -[is_a]-> GO:0090487
GO:1900768 -[is_a]-> GO:1900767
GO:1900768 -[is_a]-> GO:1900786
GO:1900769 -[is_a]-> GO:0044550
GO:1900769 -[is_a]-> GO:1900767
GO:1900769 -[is_a]-> GO:1900787
GO:1900770 -[is_a]-> GO:0019748
GO:1900770 -[is_a]-> GO:0035834
GO:1900770 -[is_a]-> GO:0044763
GO:1900770 -[is_a]-> GO:1901376
GO:1900771 -[is_a]-> GO:0009822
GO:1900771 -[is_a]-> GO:0090487
GO:1900771 -[is_a]-> GO:1900770
GO:1900771 -[is_a]-> GO:1901377
GO:1900772 -[is_a]-> GO:0035835
GO:1900772 -[is_a]-> GO:0044550
GO:1900772 -[is_a]-> GO:1900770
GO:1900772 -[is_a]-> GO:1901378
GO:1900773 -[is_a]-> GO:0035834
GO:1900773 -[is_a]-> GO:0046483
GO:1900773 -[is_a]-> GO:1901360
GO:1900774 -[is_a]-> GO:0009822
GO:1900774 -[is_a]-> GO:0046700
GO:1900774 -[is_a]-> GO:1900773
GO:1900774 -[is_a]-> GO:1901361
GO:1900775 -[is_a]-> GO:0018130
GO:1900775 -[is_a]-> GO:0035835
GO:1900775 -[is_a]-> GO:1900773
GO:1900775 -[is_a]-> GO:1901362
GO:1900776 -[is_a]-> GO:1900773
GO:1900777 -[is_a]-> GO:1900774
GO:1900777 -[is_a]-> GO:1900776
GO:1900778 -[is_a]-> GO:1900775
GO:1900778 -[is_a]-> GO:1900776
GO:1900779 -[is_a]-> GO:1900773
GO:1900780 -[is_a]-> GO:1900774
GO:1900780 -[is_a]-> GO:1900779
GO:1900781 -[is_a]-> GO:1900775
GO:1900781 -[is_a]-> GO:1900779
GO:1900782 -[is_a]-> GO:0042430
GO:1900782 -[is_a]-> GO:1900773
GO:1900783 -[is_a]-> GO:0042436
GO:1900783 -[is_a]-> GO:1900774
GO:1900783 -[is_a]-> GO:1900782
GO:1900784 -[is_a]-> GO:0042435
GO:1900784 -[is_a]-> GO:1900775
GO:1900784 -[is_a]-> GO:1900782
GO:1900785 -[is_a]-> GO:0042180
GO:1900785 -[is_a]-> GO:0046483
GO:1900785 -[is_a]-> GO:1901360
GO:1900786 -[is_a]-> GO:0042182
GO:1900786 -[is_a]-> GO:0046700
GO:1900786 -[is_a]-> GO:1900785
GO:1900786 -[is_a]-> GO:1901361
GO:1900787 -[is_a]-> GO:0018130
GO:1900787 -[is_a]-> GO:0042181
GO:1900787 -[is_a]-> GO:1900785
GO:1900787 -[is_a]-> GO:1901362
GO:1900788 -[is_a]-> GO:0043603
GO:1900788 -[is_a]-> GO:0046483
GO:1900788 -[is_a]-> GO:1901360
GO:1900788 -[is_a]-> GO:1901564
GO:1900789 -[is_a]-> GO:0046700
GO:1900789 -[is_a]-> GO:1900788
GO:1900789 -[is_a]-> GO:1901361
GO:1900789 -[is_a]-> GO:1901565
GO:1900790 -[is_a]-> GO:0018130
GO:1900790 -[is_a]-> GO:0043604
GO:1900790 -[is_a]-> GO:1900788
GO:1900790 -[is_a]-> GO:1901362
GO:1900790 -[is_a]-> GO:1901566
GO:1900791 -[is_a]-> GO:0018958
GO:1900791 -[is_a]-> GO:0019748
GO:1900791 -[is_a]-> GO:0042180
GO:1900791 -[is_a]-> GO:0046483
GO:1900792 -[is_a]-> GO:0019336
GO:1900792 -[is_a]-> GO:0042182
GO:1900792 -[is_a]-> GO:0046700
GO:1900792 -[is_a]-> GO:0090487
GO:1900792 -[is_a]-> GO:1900791
GO:1900793 -[is_a]-> GO:0018130
GO:1900793 -[is_a]-> GO:0042181
GO:1900793 -[is_a]-> GO:0044550
GO:1900793 -[is_a]-> GO:0046189
GO:1900793 -[is_a]-> GO:1900791
GO:1900794 -[is_a]-> GO:0009820
GO:1900794 -[is_a]-> GO:0019748
GO:1900794 -[is_a]-> GO:0046483
GO:1900794 -[is_a]-> GO:1901360
GO:1900794 -[is_a]-> GO:1901615
GO:1900794 -[is_a]-> GO:1901661
GO:1900795 -[is_a]-> GO:0009822
GO:1900795 -[is_a]-> GO:0046700
GO:1900795 -[is_a]-> GO:0090487
GO:1900795 -[is_a]-> GO:1900794
GO:1900795 -[is_a]-> GO:1901361
GO:1900795 -[is_a]-> GO:1901616
GO:1900795 -[is_a]-> GO:1901662
GO:1900796 -[is_a]-> GO:0009821
GO:1900796 -[is_a]-> GO:0018130
GO:1900796 -[is_a]-> GO:0044550
GO:1900796 -[is_a]-> GO:1900794
GO:1900796 -[is_a]-> GO:1901362
GO:1900796 -[is_a]-> GO:1901617
GO:1900796 -[is_a]-> GO:1901663
GO:1900797 -[is_a]-> GO:0009712
GO:1900797 -[is_a]-> GO:0018904
GO:1900797 -[is_a]-> GO:0019748
GO:1900797 -[is_a]-> GO:0044763
GO:1900798 -[is_a]-> GO:0019614
GO:1900798 -[is_a]-> GO:0090487
GO:1900798 -[is_a]-> GO:1900797
GO:1900798 -[is_a]-> GO:1901502
GO:1900799 -[is_a]-> GO:0009713
GO:1900799 -[is_a]-> GO:0044550
GO:1900799 -[is_a]-> GO:1900797
GO:1900799 -[is_a]-> GO:1901503
GO:1900800 -[is_a]-> GO:0006082
GO:1900800 -[is_a]-> GO:0019748
GO:1900800 -[is_a]-> GO:0042180
GO:1900800 -[is_a]-> GO:1901334
GO:1900801 -[is_a]-> GO:0016054
GO:1900801 -[is_a]-> GO:0042182
GO:1900801 -[is_a]-> GO:0090487
GO:1900801 -[is_a]-> GO:1900800
GO:1900801 -[is_a]-> GO:1901335
GO:1900802 -[is_a]-> GO:0016053
GO:1900802 -[is_a]-> GO:0042181
GO:1900802 -[is_a]-> GO:0044550
GO:1900802 -[is_a]-> GO:1900800
GO:1900802 -[is_a]-> GO:1901336
GO:1900803 -[is_a]-> GO:0006518
GO:1900803 -[is_a]-> GO:0019748
GO:1900803 -[is_a]-> GO:0042430
GO:1900803 -[is_a]-> GO:0044763
GO:1900804 -[is_a]-> GO:0042436
GO:1900804 -[is_a]-> GO:0043171
GO:1900804 -[is_a]-> GO:0090487
GO:1900804 -[is_a]-> GO:1900803
GO:1900805 -[is_a]-> GO:0042435
GO:1900805 -[is_a]-> GO:0043043
GO:1900805 -[is_a]-> GO:0044550
GO:1900805 -[is_a]-> GO:1900803
GO:1900806 -[is_a]-> GO:0009822
GO:1900806 -[is_a]-> GO:0035836
GO:1900806 -[is_a]-> GO:0044763
GO:1900806 -[is_a]-> GO:0090487
GO:1900807 -[is_a]-> GO:0035836
GO:1900807 -[is_a]-> GO:1900619
GO:1900808 -[is_a]-> GO:1900806
GO:1900808 -[is_a]-> GO:1900807
GO:1900809 -[is_a]-> GO:0035837
GO:1900809 -[is_a]-> GO:1900620
GO:1900809 -[is_a]-> GO:1900807
GO:1900810 -[is_a]-> GO:0006082
GO:1900810 -[is_a]-> GO:0008202
GO:1900810 -[is_a]-> GO:0019748
GO:1900810 -[is_a]-> GO:0042180
GO:1900811 -[is_a]-> GO:0006706
GO:1900811 -[is_a]-> GO:0016054
GO:1900811 -[is_a]-> GO:0042182
GO:1900811 -[is_a]-> GO:0090487
GO:1900811 -[is_a]-> GO:1900810
GO:1900812 -[is_a]-> GO:0006694
GO:1900812 -[is_a]-> GO:0016053
GO:1900812 -[is_a]-> GO:0042181
GO:1900812 -[is_a]-> GO:0044550
GO:1900812 -[is_a]-> GO:1900810
GO:1900813 -[is_a]-> GO:0006082
GO:1900813 -[is_a]-> GO:0018958
GO:1900813 -[is_a]-> GO:0019748
GO:1900813 -[is_a]-> GO:0042180
GO:1900813 -[is_a]-> GO:0042537
GO:1900814 -[is_a]-> GO:0016054
GO:1900814 -[is_a]-> GO:0019336
GO:1900814 -[is_a]-> GO:0042182
GO:1900814 -[is_a]-> GO:0090487
GO:1900814 -[is_a]-> GO:1900813
GO:1900815 -[is_a]-> GO:0016053
GO:1900815 -[is_a]-> GO:0042181
GO:1900815 -[is_a]-> GO:0044550
GO:1900815 -[is_a]-> GO:0046189
GO:1900815 -[is_a]-> GO:1900813
GO:1900816 -[is_a]-> GO:0006082
GO:1900816 -[is_a]-> GO:0006575
GO:1900816 -[is_a]-> GO:0019748
GO:1900816 -[is_a]-> GO:0043603
GO:1900816 -[is_a]-> GO:0046483
GO:1900816 -[is_a]-> GO:1901360
GO:1900817 -[is_a]-> GO:0016054
GO:1900817 -[is_a]-> GO:0042219
GO:1900817 -[is_a]-> GO:0046700
GO:1900817 -[is_a]-> GO:0090487
GO:1900817 -[is_a]-> GO:1900816
GO:1900817 -[is_a]-> GO:1901361
GO:1900818 -[is_a]-> GO:0016053
GO:1900818 -[is_a]-> GO:0018130
GO:1900818 -[is_a]-> GO:0042398
GO:1900818 -[is_a]-> GO:0043604
GO:1900818 -[is_a]-> GO:0044550
GO:1900818 -[is_a]-> GO:1900816
GO:1900818 -[is_a]-> GO:1901362
GO:1900819 -[is_a]-> GO:0006725
GO:1900819 -[is_a]-> GO:0019748
GO:1900819 -[is_a]-> GO:0044763
GO:1900819 -[is_a]-> GO:0046483
GO:1900819 -[is_a]-> GO:1901360
GO:1900820 -[is_a]-> GO:0019439
GO:1900820 -[is_a]-> GO:0046700
GO:1900820 -[is_a]-> GO:0090487
GO:1900820 -[is_a]-> GO:1900819
GO:1900820 -[is_a]-> GO:1901361
GO:1900821 -[is_a]-> GO:0018130
GO:1900821 -[is_a]-> GO:0019438
GO:1900821 -[is_a]-> GO:0044550
GO:1900821 -[is_a]-> GO:1900819
GO:1900821 -[is_a]-> GO:1901362
GO:1900822 -[is_a]-> GO:0031326
GO:1900822 -[is_a]-> GO:0051171
GO:1900822 -[is_a]-> GO:1900376
GO:1900822 -[regulates]-> GO:0035837
GO:1900823 -[is_a]-> GO:0031327
GO:1900823 -[is_a]-> GO:0051172
GO:1900823 -[is_a]-> GO:1900377
GO:1900823 -[is_a]-> GO:1900822
GO:1900823 -[negatively_regulates]-> GO:0035837
GO:1900824 -[is_a]-> GO:0031328
GO:1900824 -[is_a]-> GO:0051173
GO:1900824 -[is_a]-> GO:1900378
GO:1900824 -[is_a]-> GO:1900822
GO:1900824 -[positively_regulates]-> GO:0035837
GO:1900825 -[is_a]-> GO:0098901
GO:1900825 -[is_a]-> GO:0098902
GO:1900825 -[regulates]-> GO:0086012
GO:1900826 -[is_a]-> GO:0045759
GO:1900826 -[is_a]-> GO:1900825
GO:1900826 -[is_a]-> GO:1904180
GO:1900826 -[negatively_regulates]-> GO:0086012
GO:1900827 -[is_a]-> GO:0045760
GO:1900827 -[is_a]-> GO:1900825
GO:1900827 -[is_a]-> GO:1904181
GO:1900827 -[positively_regulates]-> GO:0086012
GO:1900828 -[is_a]-> GO:0006570
GO:1900829 -[is_a]-> GO:0006572
GO:1900829 -[is_a]-> GO:1900828
GO:1900830 -[is_a]-> GO:0006571
GO:1900830 -[is_a]-> GO:1900828
GO:1900831 -[is_a]-> GO:0009081
GO:1900831 -[is_a]-> GO:1901605
GO:1900832 -[is_a]-> GO:0009083
GO:1900832 -[is_a]-> GO:1900831
GO:1900832 -[is_a]-> GO:1901606
GO:1900833 -[is_a]-> GO:0009082
GO:1900833 -[is_a]-> GO:1900831
GO:1900833 -[is_a]-> GO:1901607
GO:1900834 -[is_a]-> GO:1900183
GO:1900834 -[is_a]-> GO:1900376
GO:1900834 -[regulates]-> GO:1900766
GO:1900835 -[is_a]-> GO:1900184
GO:1900835 -[is_a]-> GO:1900377
GO:1900835 -[is_a]-> GO:1900834
GO:1900835 -[negatively_regulates]-> GO:1900766
GO:1900836 -[is_a]-> GO:1900185
GO:1900836 -[is_a]-> GO:1900378
GO:1900836 -[is_a]-> GO:1900834
GO:1900836 -[positively_regulates]-> GO:1900766
GO:1900837 -[is_a]-> GO:1900822
GO:1900837 -[regulates]-> GO:1900809
GO:1900838 -[is_a]-> GO:1900823
GO:1900838 -[is_a]-> GO:1900837
GO:1900838 -[negatively_regulates]-> GO:1900809
GO:1900839 -[is_a]-> GO:1900824
GO:1900839 -[is_a]-> GO:1900837
GO:1900839 -[positively_regulates]-> GO:1900809
GO:1900840 -[is_a]-> GO:0010566
GO:1900840 -[is_a]-> GO:0050810
GO:1900840 -[is_a]-> GO:1900376
GO:1900840 -[regulates]-> GO:1900812
GO:1900841 -[is_a]-> GO:0010894
GO:1900841 -[is_a]-> GO:0031327
GO:1900841 -[is_a]-> GO:1900377
GO:1900841 -[is_a]-> GO:1900840
GO:1900841 -[negatively_regulates]-> GO:1900812
GO:1900842 -[is_a]-> GO:0010893
GO:1900842 -[is_a]-> GO:0031328
GO:1900842 -[is_a]-> GO:1900378
GO:1900842 -[is_a]-> GO:1900840
GO:1900842 -[positively_regulates]-> GO:1900812
GO:1900843 -[is_a]-> GO:0010566
GO:1900843 -[is_a]-> GO:1900376
GO:1900843 -[regulates]-> GO:1900815
GO:1900844 -[is_a]-> GO:0031327
GO:1900844 -[is_a]-> GO:1900377
GO:1900844 -[is_a]-> GO:1900843
GO:1900844 -[negatively_regulates]-> GO:1900815
GO:1900845 -[is_a]-> GO:0031328
GO:1900845 -[is_a]-> GO:1900378
GO:1900845 -[is_a]-> GO:1900843
GO:1900845 -[positively_regulates]-> GO:1900815
GO:1900846 -[is_a]-> GO:0010566
GO:1900846 -[regulates]-> GO:1900787
GO:1900847 -[is_a]-> GO:0031327
GO:1900847 -[is_a]-> GO:1900846
GO:1900847 -[negatively_regulates]-> GO:1900787
GO:1900848 -[is_a]-> GO:0031328
GO:1900848 -[is_a]-> GO:1900846
GO:1900848 -[positively_regulates]-> GO:1900787
GO:1900849 -[is_a]-> GO:0031326
GO:1900849 -[is_a]-> GO:0034248
GO:1900849 -[regulates]-> GO:1900790
GO:1900850 -[is_a]-> GO:0031327
GO:1900850 -[is_a]-> GO:0034249
GO:1900850 -[is_a]-> GO:1900849
GO:1900850 -[negatively_regulates]-> GO:1900790
GO:1900851 -[is_a]-> GO:0031328
GO:1900851 -[is_a]-> GO:0034250
GO:1900851 -[is_a]-> GO:1900849
GO:1900851 -[positively_regulates]-> GO:1900790
GO:1900852 -[is_a]-> GO:0010566
GO:1900852 -[is_a]-> GO:0051171
GO:1900852 -[is_a]-> GO:0051196
GO:1900852 -[is_a]-> GO:1900376
GO:1900852 -[regulates]-> GO:1900796
GO:1900853 -[is_a]-> GO:0031327
GO:1900853 -[is_a]-> GO:0051172
GO:1900853 -[is_a]-> GO:0051198
GO:1900853 -[is_a]-> GO:1900377
GO:1900853 -[is_a]-> GO:1900852
GO:1900853 -[negatively_regulates]-> GO:1900796
GO:1900854 -[is_a]-> GO:0031328
GO:1900854 -[is_a]-> GO:0051173
GO:1900854 -[is_a]-> GO:0051197
GO:1900854 -[is_a]-> GO:1900378
GO:1900854 -[is_a]-> GO:1900852
GO:1900854 -[positively_regulates]-> GO:1900796
GO:1900855 -[is_a]-> GO:0031326
GO:1900855 -[is_a]-> GO:0051171
GO:1900855 -[is_a]-> GO:1900376
GO:1900855 -[regulates]-> GO:1900772
GO:1900856 -[is_a]-> GO:0031327
GO:1900856 -[is_a]-> GO:0051172
GO:1900856 -[is_a]-> GO:1900377
GO:1900856 -[is_a]-> GO:1900855
GO:1900856 -[negatively_regulates]-> GO:1900772
GO:1900857 -[is_a]-> GO:0031328
GO:1900857 -[is_a]-> GO:0051173
GO:1900857 -[is_a]-> GO:1900378
GO:1900857 -[is_a]-> GO:1900855
GO:1900857 -[positively_regulates]-> GO:1900772
GO:1900858 -[is_a]-> GO:0031326
GO:1900858 -[is_a]-> GO:0034248
GO:1900858 -[is_a]-> GO:1900376
GO:1900858 -[regulates]-> GO:1900805
GO:1900859 -[is_a]-> GO:0031327
GO:1900859 -[is_a]-> GO:0034249
GO:1900859 -[is_a]-> GO:1900377
GO:1900859 -[is_a]-> GO:1900858
GO:1900859 -[negatively_regulates]-> GO:1900805
GO:1900860 -[is_a]-> GO:0031328
GO:1900860 -[is_a]-> GO:0034250
GO:1900860 -[is_a]-> GO:1900378
GO:1900860 -[is_a]-> GO:1900858
GO:1900860 -[positively_regulates]-> GO:1900805
GO:1900861 -[is_a]-> GO:0031326
GO:1900861 -[is_a]-> GO:1900376
GO:1900861 -[regulates]-> GO:1900799
GO:1900862 -[is_a]-> GO:0031327
GO:1900862 -[is_a]-> GO:1900377
GO:1900862 -[is_a]-> GO:1900861
GO:1900862 -[negatively_regulates]-> GO:1900799
GO:1900863 -[is_a]-> GO:0031328
GO:1900863 -[is_a]-> GO:1900378
GO:1900863 -[is_a]-> GO:1900861
GO:1900863 -[positively_regulates]-> GO:1900799
GO:1900864 -[is_a]-> GO:0000959
GO:1900864 -[is_a]-> GO:0009451
GO:1900864 -[occurs_in]-> GO:0005739
GO:1900865 -[is_a]-> GO:0009451
GO:1900865 -[occurs_in]-> GO:0009507
GO:1900866 -[is_a]-> GO:0015718
GO:1900867 -[is_a]-> GO:2001115
GO:1900868 -[is_a]-> GO:1900867
GO:1900868 -[is_a]-> GO:2001116
GO:1900869 -[is_a]-> GO:0042558
GO:1900870 -[is_a]-> GO:0042559
GO:1900870 -[is_a]-> GO:1900869
GO:1900871 -[is_a]-> GO:0016556
GO:1900871 -[is_a]-> GO:1900865
GO:1900871 -[occurs_in]-> GO:0009507
GO:1900872 -[is_a]-> GO:0008152
GO:1900873 -[is_a]-> GO:0009058
GO:1900873 -[is_a]-> GO:1900872
GO:1900874 -[is_a]-> GO:0043449
GO:1900875 -[is_a]-> GO:0043450
GO:1900875 -[is_a]-> GO:1900874
GO:1900876 -[is_a]-> GO:0043449
GO:1900877 -[is_a]-> GO:0043450
GO:1900877 -[is_a]-> GO:1900876
GO:1900878 -[is_a]-> GO:1900673
GO:1900879 -[is_a]-> GO:1900674
GO:1900879 -[is_a]-> GO:1900878
GO:1900880 -[is_a]-> GO:0043449
GO:1900881 -[is_a]-> GO:0043450
GO:1900881 -[is_a]-> GO:1900880
GO:1900882 -[is_a]-> GO:0043449
GO:1900883 -[is_a]-> GO:0043450
GO:1900883 -[is_a]-> GO:1900882
GO:1900884 -[is_a]-> GO:1900893
GO:1900884 -[is_a]-> GO:1901577
GO:1900884 -[regulates]-> GO:1900632
GO:1900885 -[is_a]-> GO:1900884
GO:1900885 -[is_a]-> GO:1900894
GO:1900885 -[is_a]-> GO:1901578
GO:1900885 -[negatively_regulates]-> GO:1900632
GO:1900886 -[is_a]-> GO:1900884
GO:1900886 -[is_a]-> GO:1900895
GO:1900886 -[is_a]-> GO:1901579
GO:1900886 -[positively_regulates]-> GO:1900632
GO:1900887 -[is_a]-> GO:1900890
GO:1900887 -[is_a]-> GO:1901577
GO:1900887 -[regulates]-> GO:1900634
GO:1900888 -[is_a]-> GO:1900887
GO:1900888 -[is_a]-> GO:1900891
GO:1900888 -[is_a]-> GO:1901578
GO:1900888 -[negatively_regulates]-> GO:1900634
GO:1900889 -[is_a]-> GO:1900887
GO:1900889 -[is_a]-> GO:1900892
GO:1900889 -[is_a]-> GO:1901579
GO:1900889 -[positively_regulates]-> GO:1900634
GO:1900890 -[is_a]-> GO:0031323
GO:1900890 -[regulates]-> GO:1900633
GO:1900891 -[is_a]-> GO:0031324
GO:1900891 -[is_a]-> GO:1900890
GO:1900891 -[negatively_regulates]-> GO:1900633
GO:1900892 -[is_a]-> GO:0031325
GO:1900892 -[is_a]-> GO:1900890
GO:1900892 -[positively_regulates]-> GO:1900633
GO:1900893 -[is_a]-> GO:0031323
GO:1900893 -[regulates]-> GO:1900631
GO:1900894 -[is_a]-> GO:0031324
GO:1900894 -[is_a]-> GO:1900893
GO:1900894 -[negatively_regulates]-> GO:1900631
GO:1900895 -[is_a]-> GO:0031325
GO:1900895 -[is_a]-> GO:1900893
GO:1900895 -[positively_regulates]-> GO:1900631
GO:1900896 -[is_a]-> GO:1900899
GO:1900896 -[is_a]-> GO:1901577
GO:1900896 -[regulates]-> GO:1900636
GO:1900897 -[is_a]-> GO:1900896
GO:1900897 -[is_a]-> GO:1900900
GO:1900897 -[is_a]-> GO:1901578
GO:1900897 -[negatively_regulates]-> GO:1900636
GO:1900898 -[is_a]-> GO:1900896
GO:1900898 -[is_a]-> GO:1900901
GO:1900898 -[is_a]-> GO:1901579
GO:1900898 -[positively_regulates]-> GO:1900636
GO:1900899 -[is_a]-> GO:0031323
GO:1900899 -[regulates]-> GO:1900635
GO:1900900 -[is_a]-> GO:0031324
GO:1900900 -[is_a]-> GO:1900899
GO:1900900 -[negatively_regulates]-> GO:1900635
GO:1900901 -[is_a]-> GO:0031325
GO:1900901 -[is_a]-> GO:1900899
GO:1900901 -[positively_regulates]-> GO:1900635
GO:1900902 -[is_a]-> GO:0031326
GO:1900902 -[is_a]-> GO:1900905
GO:1900902 -[regulates]-> GO:0006634
GO:1900903 -[is_a]-> GO:0031327
GO:1900903 -[is_a]-> GO:1900902
GO:1900903 -[is_a]-> GO:1900906
GO:1900903 -[negatively_regulates]-> GO:0006634
GO:1900904 -[is_a]-> GO:0031328
GO:1900904 -[is_a]-> GO:1900902
GO:1900904 -[is_a]-> GO:1900907
GO:1900904 -[positively_regulates]-> GO:0006634
GO:1900905 -[is_a]-> GO:0031323
GO:1900905 -[regulates]-> GO:0046458
GO:1900906 -[is_a]-> GO:0031324
GO:1900906 -[is_a]-> GO:1900905
GO:1900906 -[negatively_regulates]-> GO:0046458
GO:1900907 -[is_a]-> GO:0031325
GO:1900907 -[is_a]-> GO:1900905
GO:1900907 -[positively_regulates]-> GO:0046458
GO:1900908 -[is_a]-> GO:0019222
GO:1900908 -[regulates]-> GO:1900673
GO:1900909 -[is_a]-> GO:0009892
GO:1900909 -[is_a]-> GO:1900908
GO:1900909 -[negatively_regulates]-> GO:1900673
GO:1900910 -[is_a]-> GO:0009893
GO:1900910 -[is_a]-> GO:1900908
GO:1900910 -[positively_regulates]-> GO:1900673
GO:1900911 -[is_a]-> GO:0009889
GO:1900911 -[is_a]-> GO:1900908
GO:1900911 -[regulates]-> GO:1900674
GO:1900912 -[is_a]-> GO:0009890
GO:1900912 -[is_a]-> GO:1900909
GO:1900912 -[is_a]-> GO:1900911
GO:1900912 -[negatively_regulates]-> GO:1900674
GO:1900913 -[is_a]-> GO:0009891
GO:1900913 -[is_a]-> GO:1900910
GO:1900913 -[is_a]-> GO:1900911
GO:1900913 -[positively_regulates]-> GO:1900674
GO:1900914 -[is_a]-> GO:0031326
GO:1900914 -[is_a]-> GO:1900911
GO:1900914 -[is_a]-> GO:1900917
GO:1900914 -[regulates]-> GO:1900682
GO:1900915 -[is_a]-> GO:0031327
GO:1900915 -[is_a]-> GO:1900912
GO:1900915 -[is_a]-> GO:1900914
GO:1900915 -[is_a]-> GO:1900918
GO:1900915 -[negatively_regulates]-> GO:1900682
GO:1900916 -[is_a]-> GO:0031328
GO:1900916 -[is_a]-> GO:1900913
GO:1900916 -[is_a]-> GO:1900914
GO:1900916 -[is_a]-> GO:1900919
GO:1900916 -[positively_regulates]-> GO:1900682
GO:1900917 -[is_a]-> GO:0031323
GO:1900917 -[is_a]-> GO:1900908
GO:1900917 -[regulates]-> GO:1900681
GO:1900918 -[is_a]-> GO:0031324
GO:1900918 -[is_a]-> GO:1900909
GO:1900918 -[is_a]-> GO:1900917
GO:1900918 -[negatively_regulates]-> GO:1900681
GO:1900919 -[is_a]-> GO:0031325
GO:1900919 -[is_a]-> GO:1900910
GO:1900919 -[is_a]-> GO:1900917
GO:1900919 -[positively_regulates]-> GO:1900681
GO:1900920 -[is_a]-> GO:0010958
GO:1900920 -[is_a]-> GO:0044070
GO:1900920 -[regulates]-> GO:0051938
GO:1900921 -[is_a]-> GO:0051956
GO:1900921 -[is_a]-> GO:1900920
GO:1900921 -[is_a]-> GO:1903792
GO:1900921 -[negatively_regulates]-> GO:0051938
GO:1900922 -[is_a]-> GO:0051957
GO:1900922 -[is_a]-> GO:1900920
GO:1900922 -[is_a]-> GO:1903793
GO:1900922 -[positively_regulates]-> GO:0051938
GO:1900923 -[is_a]-> GO:0010958
GO:1900923 -[regulates]-> GO:0036233
GO:1900924 -[is_a]-> GO:0051956
GO:1900924 -[is_a]-> GO:1900923
GO:1900924 -[negatively_regulates]-> GO:0036233
GO:1900925 -[is_a]-> GO:0051957
GO:1900925 -[is_a]-> GO:1900923
GO:1900925 -[positively_regulates]-> GO:0036233
GO:1900926 -[is_a]-> GO:0010958
GO:1900926 -[regulates]-> GO:0036231
GO:1900927 -[is_a]-> GO:0051956
GO:1900927 -[is_a]-> GO:1900926
GO:1900927 -[negatively_regulates]-> GO:0036231
GO:1900928 -[is_a]-> GO:0051957
GO:1900928 -[is_a]-> GO:1900926
GO:1900928 -[positively_regulates]-> GO:0036231
GO:1900929 -[is_a]-> GO:0010958
GO:1900929 -[regulates]-> GO:0036232
GO:1900930 -[is_a]-> GO:0051956
GO:1900930 -[is_a]-> GO:1900929
GO:1900930 -[negatively_regulates]-> GO:0036232
GO:1900931 -[is_a]-> GO:0051957
GO:1900931 -[is_a]-> GO:1900929
GO:1900931 -[positively_regulates]-> GO:0036232
GO:1900932 -[is_a]-> GO:0031323
GO:1900932 -[is_a]-> GO:1900908
GO:1900932 -[regulates]-> GO:1900876
GO:1900933 -[is_a]-> GO:0031324
GO:1900933 -[is_a]-> GO:1900909
GO:1900933 -[is_a]-> GO:1900932
GO:1900933 -[negatively_regulates]-> GO:1900876
GO:1900934 -[is_a]-> GO:0031325
GO:1900934 -[is_a]-> GO:1900910
GO:1900934 -[is_a]-> GO:1900932
GO:1900934 -[positively_regulates]-> GO:1900876
GO:1900935 -[is_a]-> GO:0031326
GO:1900935 -[is_a]-> GO:1900911
GO:1900935 -[is_a]-> GO:1900932
GO:1900935 -[regulates]-> GO:1900877
GO:1900936 -[is_a]-> GO:0031327
GO:1900936 -[is_a]-> GO:1900912
GO:1900936 -[is_a]-> GO:1900933
GO:1900936 -[is_a]-> GO:1900935
GO:1900936 -[negatively_regulates]-> GO:1900877
GO:1900937 -[is_a]-> GO:0031328
GO:1900937 -[is_a]-> GO:1900913
GO:1900937 -[is_a]-> GO:1900934
GO:1900937 -[is_a]-> GO:1900935
GO:1900937 -[positively_regulates]-> GO:1900877
GO:1900938 -[is_a]-> GO:1900908
GO:1900938 -[regulates]-> GO:1900878
GO:1900939 -[is_a]-> GO:1900909
GO:1900939 -[is_a]-> GO:1900938
GO:1900939 -[negatively_regulates]-> GO:1900878
GO:1900940 -[is_a]-> GO:1900910
GO:1900940 -[is_a]-> GO:1900938
GO:1900940 -[positively_regulates]-> GO:1900878
GO:1900941 -[is_a]-> GO:1900911
GO:1900941 -[is_a]-> GO:1900938
GO:1900941 -[regulates]-> GO:1900879
GO:1900942 -[is_a]-> GO:1900912
GO:1900942 -[is_a]-> GO:1900939
GO:1900942 -[is_a]-> GO:1900941
GO:1900942 -[negatively_regulates]-> GO:1900879
GO:1900943 -[is_a]-> GO:1900913
GO:1900943 -[is_a]-> GO:1900940
GO:1900943 -[is_a]-> GO:1900941
GO:1900943 -[positively_regulates]-> GO:1900879
GO:1900944 -[is_a]-> GO:0019747
GO:1900944 -[is_a]-> GO:1900908
GO:1900944 -[regulates]-> GO:0043611
GO:1900945 -[is_a]-> GO:0045827
GO:1900945 -[is_a]-> GO:1900909
GO:1900945 -[is_a]-> GO:1900944
GO:1900945 -[negatively_regulates]-> GO:0043611
GO:1900946 -[is_a]-> GO:0045828
GO:1900946 -[is_a]-> GO:1900910
GO:1900946 -[is_a]-> GO:1900944
GO:1900946 -[positively_regulates]-> GO:0043611
GO:1900947 -[is_a]-> GO:0031326
GO:1900947 -[is_a]-> GO:0046890
GO:1900947 -[is_a]-> GO:1900911
GO:1900947 -[is_a]-> GO:1900944
GO:1900947 -[regulates]-> GO:0043612
GO:1900948 -[is_a]-> GO:0031327
GO:1900948 -[is_a]-> GO:0051055
GO:1900948 -[is_a]-> GO:1900912
GO:1900948 -[is_a]-> GO:1900945
GO:1900948 -[is_a]-> GO:1900947
GO:1900948 -[negatively_regulates]-> GO:0043612
GO:1900949 -[is_a]-> GO:0031328
GO:1900949 -[is_a]-> GO:0046889
GO:1900949 -[is_a]-> GO:1900913
GO:1900949 -[is_a]-> GO:1900946
GO:1900949 -[is_a]-> GO:1900947
GO:1900949 -[positively_regulates]-> GO:0043612
GO:1900950 -[is_a]-> GO:0031326
GO:1900950 -[is_a]-> GO:1900911
GO:1900950 -[is_a]-> GO:1900953
GO:1900950 -[regulates]-> GO:1900881
GO:1900951 -[is_a]-> GO:0031327
GO:1900951 -[is_a]-> GO:1900912
GO:1900951 -[is_a]-> GO:1900950
GO:1900951 -[is_a]-> GO:1900954
GO:1900951 -[negatively_regulates]-> GO:1900881
GO:1900952 -[is_a]-> GO:0031328
GO:1900952 -[is_a]-> GO:1900913
GO:1900952 -[is_a]-> GO:1900950
GO:1900952 -[is_a]-> GO:1900955
GO:1900952 -[positively_regulates]-> GO:1900881
GO:1900953 -[is_a]-> GO:0031323
GO:1900953 -[is_a]-> GO:1900908
GO:1900953 -[regulates]-> GO:1900880
GO:1900954 -[is_a]-> GO:0031324
GO:1900954 -[is_a]-> GO:1900909
GO:1900954 -[is_a]-> GO:1900953
GO:1900954 -[negatively_regulates]-> GO:1900880
GO:1900955 -[is_a]-> GO:0031325
GO:1900955 -[is_a]-> GO:1900910
GO:1900955 -[is_a]-> GO:1900953
GO:1900955 -[positively_regulates]-> GO:1900880
GO:1900956 -[is_a]-> GO:0031326
GO:1900956 -[is_a]-> GO:1900911
GO:1900956 -[is_a]-> GO:1900959
GO:1900956 -[regulates]-> GO:1900883
GO:1900957 -[is_a]-> GO:0031327
GO:1900957 -[is_a]-> GO:1900912
GO:1900957 -[is_a]-> GO:1900956
GO:1900957 -[is_a]-> GO:1900960
GO:1900957 -[negatively_regulates]-> GO:1900883
GO:1900958 -[is_a]-> GO:0031328
GO:1900958 -[is_a]-> GO:1900913
GO:1900958 -[is_a]-> GO:1900956
GO:1900958 -[is_a]-> GO:1900961
GO:1900958 -[positively_regulates]-> GO:1900883
GO:1900959 -[is_a]-> GO:0031323
GO:1900959 -[is_a]-> GO:1900908
GO:1900959 -[regulates]-> GO:1900882
GO:1900960 -[is_a]-> GO:0031324
GO:1900960 -[is_a]-> GO:1900909
GO:1900960 -[is_a]-> GO:1900959
GO:1900960 -[negatively_regulates]-> GO:1900882
GO:1900961 -[is_a]-> GO:0031325
GO:1900961 -[is_a]-> GO:1900910
GO:1900961 -[is_a]-> GO:1900959
GO:1900961 -[positively_regulates]-> GO:1900882
GO:1900962 -[is_a]-> GO:0031326
GO:1900962 -[is_a]-> GO:1900965
GO:1900962 -[regulates]-> GO:1900630
GO:1900963 -[is_a]-> GO:0031327
GO:1900963 -[is_a]-> GO:1900962
GO:1900963 -[is_a]-> GO:1900966
GO:1900963 -[negatively_regulates]-> GO:1900630
GO:1900964 -[is_a]-> GO:0031328
GO:1900964 -[is_a]-> GO:1900962
GO:1900964 -[is_a]-> GO:1900967
GO:1900964 -[positively_regulates]-> GO:1900630
GO:1900965 -[is_a]-> GO:0031323
GO:1900965 -[is_a]-> GO:0051171
GO:1900965 -[regulates]-> GO:1900629
GO:1900966 -[is_a]-> GO:0031324
GO:1900966 -[is_a]-> GO:0051172
GO:1900966 -[is_a]-> GO:1900965
GO:1900966 -[negatively_regulates]-> GO:1900629
GO:1900967 -[is_a]-> GO:0031325
GO:1900967 -[is_a]-> GO:0051173
GO:1900967 -[is_a]-> GO:1900965
GO:1900967 -[positively_regulates]-> GO:1900629
GO:1900968 -[is_a]-> GO:0019220
GO:1900968 -[is_a]-> GO:0042068
GO:1900968 -[regulates]-> GO:1900867
GO:1900969 -[is_a]-> GO:0045863
GO:1900969 -[is_a]-> GO:0045936
GO:1900969 -[is_a]-> GO:1900968
GO:1900969 -[negatively_regulates]-> GO:1900867
GO:1900970 -[is_a]-> GO:0045864
GO:1900970 -[is_a]-> GO:0045937
GO:1900970 -[is_a]-> GO:1900968
GO:1900970 -[positively_regulates]-> GO:1900867
GO:1900971 -[is_a]-> GO:0031326
GO:1900971 -[is_a]-> GO:1900968
GO:1900971 -[regulates]-> GO:1900868
GO:1900972 -[is_a]-> GO:0031327
GO:1900972 -[is_a]-> GO:1900969
GO:1900972 -[is_a]-> GO:1900971
GO:1900972 -[negatively_regulates]-> GO:1900868
GO:1900973 -[is_a]-> GO:0031328
GO:1900973 -[is_a]-> GO:1900970
GO:1900973 -[is_a]-> GO:1900971
GO:1900973 -[positively_regulates]-> GO:1900868
GO:1900974 -[is_a]-> GO:0031326
GO:1900974 -[is_a]-> GO:1900977
GO:1900974 -[regulates]-> GO:1900870
GO:1900975 -[is_a]-> GO:0031327
GO:1900975 -[is_a]-> GO:1900974
GO:1900975 -[is_a]-> GO:1900978
GO:1900975 -[negatively_regulates]-> GO:1900870
GO:1900976 -[is_a]-> GO:0031328
GO:1900976 -[is_a]-> GO:1900974
GO:1900976 -[is_a]-> GO:1900979
GO:1900976 -[positively_regulates]-> GO:1900870
GO:1900977 -[is_a]-> GO:0031323
GO:1900977 -[is_a]-> GO:0051171
GO:1900977 -[regulates]-> GO:1900869
GO:1900978 -[is_a]-> GO:0031324
GO:1900978 -[is_a]-> GO:0051172
GO:1900978 -[is_a]-> GO:1900977
GO:1900978 -[negatively_regulates]-> GO:1900869
GO:1900979 -[is_a]-> GO:0031325
GO:1900979 -[is_a]-> GO:0051173
GO:1900979 -[is_a]-> GO:1900977
GO:1900979 -[positively_regulates]-> GO:1900869
GO:1900980 -[is_a]-> GO:0031326
GO:1900980 -[is_a]-> GO:0051171
GO:1900980 -[regulates]-> GO:0002047
GO:1900981 -[is_a]-> GO:0031327
GO:1900981 -[is_a]-> GO:0051172
GO:1900981 -[is_a]-> GO:1900980
GO:1900981 -[negatively_regulates]-> GO:0002047
GO:1900982 -[is_a]-> GO:0031328
GO:1900982 -[is_a]-> GO:0051173
GO:1900982 -[is_a]-> GO:1900980
GO:1900982 -[positively_regulates]-> GO:0002047
GO:1900983 -[is_a]-> GO:0044763
GO:1900983 -[is_a]-> GO:0046447
GO:1900983 -[is_a]-> GO:1900619
GO:1900983 -[is_a]-> GO:1901376
GO:1900983 -[is_a]-> GO:1902644
GO:1900984 -[is_a]-> GO:0009822
GO:1900984 -[is_a]-> GO:0046164
GO:1900984 -[is_a]-> GO:1900983
GO:1900984 -[is_a]-> GO:1901377
GO:1900985 -[is_a]-> GO:0009709
GO:1900985 -[is_a]-> GO:1900620
GO:1900985 -[is_a]-> GO:1900983
GO:1900985 -[is_a]-> GO:1901378
GO:1900985 -[is_a]-> GO:1902645
GO:1900986 -[is_a]-> GO:0046447
GO:1900987 -[is_a]-> GO:0009822
GO:1900987 -[is_a]-> GO:1900986
GO:1900988 -[is_a]-> GO:0009709
GO:1900988 -[is_a]-> GO:1900986
GO:1900989 -[is_a]-> GO:0046448
GO:1900989 -[is_a]-> GO:0097176
GO:1900990 -[is_a]-> GO:0009822
GO:1900990 -[is_a]-> GO:0046700
GO:1900990 -[is_a]-> GO:1900989
GO:1900990 -[is_a]-> GO:1901361
GO:1900990 -[is_a]-> GO:1901502
GO:1900991 -[is_a]-> GO:0009710
GO:1900991 -[is_a]-> GO:1900989
GO:1900991 -[is_a]-> GO:1901503
GO:1900992 -[is_a]-> GO:0006081
GO:1900992 -[is_a]-> GO:0016098
GO:1900992 -[is_a]-> GO:0046483
GO:1900992 -[is_a]-> GO:1901360
GO:1900992 -[is_a]-> GO:1901804
GO:1900993 -[is_a]-> GO:0016100
GO:1900993 -[is_a]-> GO:0046185
GO:1900993 -[is_a]-> GO:0046700
GO:1900993 -[is_a]-> GO:1900992
GO:1900993 -[is_a]-> GO:1901361
GO:1900993 -[is_a]-> GO:1901805
GO:1900994 -[is_a]-> GO:0016099
GO:1900994 -[is_a]-> GO:0018130
GO:1900994 -[is_a]-> GO:0046184
GO:1900994 -[is_a]-> GO:1900992
GO:1900994 -[is_a]-> GO:1901362
GO:1900994 -[is_a]-> GO:1901806
GO:1900995 -[is_a]-> GO:0048039
GO:1900996 -[is_a]-> GO:0018910
GO:1900996 -[is_a]-> GO:0019439
GO:1900996 -[is_a]-> GO:1901361
GO:1900997 -[is_a]-> GO:0018910
GO:1900997 -[is_a]-> GO:0019438
GO:1900997 -[is_a]-> GO:1901362
GO:1900998 -[is_a]-> GO:0018916
GO:1900998 -[is_a]-> GO:0019439
GO:1900998 -[is_a]-> GO:1901361
GO:1900999 -[is_a]-> GO:0018916
GO:1900999 -[is_a]-> GO:0019438
GO:1900999 -[is_a]-> GO:1901362
GO:1901000 -[is_a]-> GO:0047484
GO:1901000 -[regulates]-> GO:0009651
GO:1901001 -[is_a]-> GO:0048585
GO:1901001 -[is_a]-> GO:1901000
GO:1901001 -[negatively_regulates]-> GO:0009651
GO:1901002 -[is_a]-> GO:0048584
GO:1901002 -[is_a]-> GO:1901000
GO:1901002 -[positively_regulates]-> GO:0009651
GO:1901003 -[is_a]-> GO:0031324
GO:1901003 -[is_a]-> GO:0043465
GO:1901003 -[negatively_regulates]-> GO:0006113
GO:1901004 -[is_a]-> GO:0006743
GO:1901005 -[is_a]-> GO:0032322
GO:1901005 -[is_a]-> GO:1901004
GO:1901006 -[is_a]-> GO:0006744
GO:1901006 -[is_a]-> GO:1901004
GO:1901007 -[is_a]-> GO:0033076
GO:1901008 -[is_a]-> GO:0071274
GO:1901008 -[is_a]-> GO:1901007
GO:1901009 -[is_a]-> GO:0033075
GO:1901009 -[is_a]-> GO:1901007
GO:1901010 -[is_a]-> GO:0046445
GO:1901011 -[is_a]-> GO:0071274
GO:1901011 -[is_a]-> GO:1901010
GO:1901012 -[is_a]-> GO:0009708
GO:1901012 -[is_a]-> GO:1901010
GO:1901013 -[is_a]-> GO:0035834
GO:1901013 -[is_a]-> GO:1901804
GO:1901014 -[is_a]-> GO:0009822
GO:1901014 -[is_a]-> GO:0044763
GO:1901014 -[is_a]-> GO:1901013
GO:1901014 -[is_a]-> GO:1901805
GO:1901015 -[is_a]-> GO:0035835
GO:1901015 -[is_a]-> GO:0044763
GO:1901015 -[is_a]-> GO:1901013
GO:1901015 -[is_a]-> GO:1901806
GO:1901016 -[is_a]-> GO:0032412
GO:1901016 -[is_a]-> GO:1901379
GO:1901016 -[regulates]-> GO:0015079
GO:1901017 -[is_a]-> GO:0032413
GO:1901017 -[is_a]-> GO:1901016
GO:1901017 -[is_a]-> GO:1901380
GO:1901017 -[negatively_regulates]-> GO:0015079
GO:1901018 -[is_a]-> GO:0032414
GO:1901018 -[is_a]-> GO:1901016
GO:1901018 -[is_a]-> GO:1901381
GO:1901018 -[positively_regulates]-> GO:0015079
GO:1901019 -[is_a]-> GO:0032412
GO:1901019 -[is_a]-> GO:1903169
GO:1901019 -[regulates]-> GO:0015085
GO:1901020 -[is_a]-> GO:0032413
GO:1901020 -[is_a]-> GO:1901019
GO:1901020 -[is_a]-> GO:1903170
GO:1901020 -[negatively_regulates]-> GO:0015085
GO:1901021 -[is_a]-> GO:0032414
GO:1901021 -[is_a]-> GO:1901019
GO:1901021 -[is_a]-> GO:1904427
GO:1901021 -[positively_regulates]-> GO:0015085
GO:1901022 -[is_a]-> GO:0032787
GO:1901023 -[is_a]-> GO:0072329
GO:1901023 -[is_a]-> GO:1901022
GO:1901024 -[is_a]-> GO:0072330
GO:1901024 -[is_a]-> GO:1901022
GO:1901025 -[is_a]-> GO:0097343
GO:1901025 -[part_of]-> GO:0097191
GO:1901026 -[is_a]-> GO:0097343
GO:1901026 -[part_of]-> GO:0070266
GO:1901027 -[is_a]-> GO:0009251
GO:1901028 -[is_a]-> GO:0010821
GO:1901028 -[is_a]-> GO:0046902
GO:1901028 -[is_a]-> GO:0051049
GO:1901028 -[is_a]-> GO:2001233
GO:1901028 -[regulates]-> GO:0097345
GO:1901029 -[is_a]-> GO:0010823
GO:1901029 -[is_a]-> GO:0051051
GO:1901029 -[is_a]-> GO:1901028
GO:1901029 -[is_a]-> GO:2001234
GO:1901029 -[negatively_regulates]-> GO:0097345
GO:1901030 -[is_a]-> GO:0010822
GO:1901030 -[is_a]-> GO:0051050
GO:1901030 -[is_a]-> GO:1901028
GO:1901030 -[is_a]-> GO:2001235
GO:1901030 -[positively_regulates]-> GO:0097345
GO:1901031 -[is_a]-> GO:1902882
GO:1901031 -[regulates]-> GO:0000302
GO:1901032 -[is_a]-> GO:1901031
GO:1901032 -[is_a]-> GO:1902883
GO:1901032 -[negatively_regulates]-> GO:0000302
GO:1901033 -[is_a]-> GO:1901031
GO:1901033 -[is_a]-> GO:1902884
GO:1901033 -[positively_regulates]-> GO:0000302
GO:1901034 -[is_a]-> GO:0010958
GO:1901034 -[regulates]-> GO:0036229
GO:1901035 -[is_a]-> GO:0051956
GO:1901035 -[is_a]-> GO:1901034
GO:1901035 -[negatively_regulates]-> GO:0036229
GO:1901036 -[is_a]-> GO:0051957
GO:1901036 -[is_a]-> GO:1901034
GO:1901036 -[positively_regulates]-> GO:0036229
GO:1901038 -[is_a]-> GO:0009812
GO:1901038 -[is_a]-> GO:1901804
GO:1901039 -[is_a]-> GO:0002583
GO:1901039 -[is_a]-> GO:0090087
GO:1901039 -[regulates]-> GO:0046968
GO:1901040 -[is_a]-> GO:0002584
GO:1901040 -[is_a]-> GO:0051051
GO:1901040 -[is_a]-> GO:1901039
GO:1901040 -[negatively_regulates]-> GO:0046968
GO:1901041 -[is_a]-> GO:0002585
GO:1901041 -[is_a]-> GO:0051050
GO:1901041 -[is_a]-> GO:1901039
GO:1901041 -[positively_regulates]-> GO:0046968
GO:1901042 -[is_a]-> GO:0010963
GO:1901042 -[is_a]-> GO:0051957
GO:1901042 -[positively_regulates]-> GO:0043091
GO:1901044 -[is_a]-> GO:0000209
GO:1901044 -[is_a]-> GO:0042787
GO:1901044 -[part_of]-> GO:0071630
GO:1901045 -[is_a]-> GO:0046662
GO:1901045 -[is_a]-> GO:0048521
GO:1901045 -[is_a]-> GO:0051241
GO:1901045 -[is_a]-> GO:2000242
GO:1901045 -[negatively_regulates]-> GO:0018991
GO:1901046 -[is_a]-> GO:0046662
GO:1901046 -[is_a]-> GO:0048520
GO:1901046 -[is_a]-> GO:0051240
GO:1901046 -[is_a]-> GO:2000243
GO:1901046 -[positively_regulates]-> GO:0018991
GO:1901047 -[is_a]-> GO:0008286
GO:1901047 -[part_of]-> GO:0008340
GO:1901048 -[is_a]-> GO:0007179
GO:1901048 -[part_of]-> GO:0040014
GO:1901049 -[is_a]-> GO:0008152
GO:1901050 -[is_a]-> GO:0009056
GO:1901050 -[is_a]-> GO:1901049
GO:1901051 -[is_a]-> GO:0009058
GO:1901051 -[is_a]-> GO:1901049
GO:1901052 -[is_a]-> GO:0006575
GO:1901052 -[is_a]-> GO:1901605
GO:1901053 -[is_a]-> GO:0042219
GO:1901053 -[is_a]-> GO:1901052
GO:1901053 -[is_a]-> GO:1901606
GO:1901054 -[is_a]-> GO:0042398
GO:1901054 -[is_a]-> GO:1901052
GO:1901054 -[is_a]-> GO:1901607
GO:1901055 -[is_a]-> GO:1901564
GO:1901056 -[is_a]-> GO:1901055
GO:1901056 -[is_a]-> GO:1901565
GO:1901057 -[is_a]-> GO:1901055
GO:1901057 -[is_a]-> GO:1901566
GO:1901058 -[is_a]-> GO:0009808
GO:1901059 -[is_a]-> GO:0046274
GO:1901059 -[is_a]-> GO:1901058
GO:1901060 -[is_a]-> GO:0009809
GO:1901060 -[is_a]-> GO:1901058
GO:1901061 -[is_a]-> GO:0009808
GO:1901062 -[is_a]-> GO:0046274
GO:1901062 -[is_a]-> GO:1901061
GO:1901063 -[is_a]-> GO:0009809
GO:1901063 -[is_a]-> GO:1901061
GO:1901064 -[is_a]-> GO:0009808
GO:1901065 -[is_a]-> GO:0046274
GO:1901065 -[is_a]-> GO:1901064
GO:1901066 -[is_a]-> GO:0009809
GO:1901066 -[is_a]-> GO:1901064
GO:1901067 -[is_a]-> GO:0033494
GO:1901067 -[is_a]-> GO:0072329
GO:1901068 -[is_a]-> GO:0046128
GO:1901069 -[is_a]-> GO:0046130
GO:1901069 -[is_a]-> GO:1901068
GO:1901070 -[is_a]-> GO:0046129
GO:1901070 -[is_a]-> GO:1901068
GO:1901071 -[is_a]-> GO:0006040
GO:1901072 -[is_a]-> GO:0046348
GO:1901072 -[is_a]-> GO:1901071
GO:1901073 -[is_a]-> GO:0046349
GO:1901073 -[is_a]-> GO:1901071
GO:1901074 -[is_a]-> GO:0060099
GO:1901074 -[is_a]-> GO:2000425
GO:1901074 -[regulates]-> GO:0043652
GO:1901075 -[is_a]-> GO:0060101
GO:1901075 -[is_a]-> GO:1901074
GO:1901075 -[is_a]-> GO:2000426
GO:1901075 -[negatively_regulates]-> GO:0043652
GO:1901076 -[is_a]-> GO:0060100
GO:1901076 -[is_a]-> GO:1901074
GO:1901076 -[is_a]-> GO:2000427
GO:1901076 -[positively_regulates]-> GO:0043652
GO:1901077 -[is_a]-> GO:0090257
GO:1901077 -[regulates]-> GO:0090075
GO:1901078 -[is_a]-> GO:0051241
GO:1901078 -[is_a]-> GO:1901077
GO:1901078 -[negatively_regulates]-> GO:0090075
GO:1901079 -[is_a]-> GO:0051240
GO:1901079 -[is_a]-> GO:1901077
GO:1901079 -[positively_regulates]-> GO:0090075
GO:1901080 -[is_a]-> GO:1901077
GO:1901080 -[regulates]-> GO:0044557
GO:1901081 -[is_a]-> GO:1901078
GO:1901081 -[is_a]-> GO:1901080
GO:1901081 -[negatively_regulates]-> GO:0044557
GO:1901082 -[is_a]-> GO:1901079
GO:1901082 -[is_a]-> GO:1901080
GO:1901082 -[positively_regulates]-> GO:0044557
GO:1901083 -[is_a]-> GO:0009820
GO:1901084 -[is_a]-> GO:0009822
GO:1901084 -[is_a]-> GO:1901083
GO:1901085 -[is_a]-> GO:0009821
GO:1901085 -[is_a]-> GO:1901083
GO:1901086 -[is_a]-> GO:0042316
GO:1901087 -[is_a]-> GO:0042317
GO:1901087 -[is_a]-> GO:1901086
GO:1901088 -[is_a]-> GO:0042318
GO:1901088 -[is_a]-> GO:1901086
GO:1901089 -[is_a]-> GO:1900619
GO:1901089 -[part_of]-> GO:0006113
GO:1901090 -[is_a]-> GO:0032459
GO:1901090 -[regulates]-> GO:0051262
GO:1901091 -[is_a]-> GO:0032460
GO:1901091 -[is_a]-> GO:1901090
GO:1901091 -[negatively_regulates]-> GO:0051262
GO:1901092 -[is_a]-> GO:0032461
GO:1901092 -[is_a]-> GO:1901090
GO:1901092 -[positively_regulates]-> GO:0051262
GO:1901093 -[is_a]-> GO:0032462
GO:1901093 -[is_a]-> GO:1901090
GO:1901093 -[regulates]-> GO:0051289
GO:1901094 -[is_a]-> GO:0032463
GO:1901094 -[is_a]-> GO:1901091
GO:1901094 -[is_a]-> GO:1901093
GO:1901094 -[negatively_regulates]-> GO:0051289
GO:1901095 -[is_a]-> GO:0032464
GO:1901095 -[is_a]-> GO:1901092
GO:1901095 -[is_a]-> GO:1901093
GO:1901095 -[positively_regulates]-> GO:0051289
GO:1901096 -[is_a]-> GO:0016241
GO:1901096 -[is_a]-> GO:0044088
GO:1901096 -[regulates]-> GO:0097352
GO:1901097 -[is_a]-> GO:0010639
GO:1901097 -[is_a]-> GO:0016242
GO:1901097 -[is_a]-> GO:1901096
GO:1901097 -[negatively_regulates]-> GO:0097352
GO:1901098 -[is_a]-> GO:0016239
GO:1901098 -[is_a]-> GO:0044090
GO:1901098 -[is_a]-> GO:1901096
GO:1901098 -[positively_regulates]-> GO:0097352
GO:1901099 -[is_a]-> GO:0009968
GO:1901099 -[negatively_regulates]-> GO:0038034
GO:1901101 -[is_a]-> GO:0006518
GO:1901102 -[is_a]-> GO:0043171
GO:1901102 -[is_a]-> GO:1901101
GO:1901103 -[is_a]-> GO:0043043
GO:1901103 -[is_a]-> GO:1901101
GO:1901104 -[is_a]-> GO:0030638
GO:1901105 -[is_a]-> GO:0030640
GO:1901105 -[is_a]-> GO:1901104
GO:1901106 -[is_a]-> GO:0030639
GO:1901106 -[is_a]-> GO:1901104
GO:1901107 -[is_a]-> GO:0030638
GO:1901107 -[is_a]-> GO:0046483
GO:1901107 -[is_a]-> GO:1901360
GO:1901107 -[is_a]-> GO:1901661
GO:1901108 -[is_a]-> GO:0030640
GO:1901108 -[is_a]-> GO:0046700
GO:1901108 -[is_a]-> GO:1901107
GO:1901108 -[is_a]-> GO:1901361
GO:1901108 -[is_a]-> GO:1901662
GO:1901109 -[is_a]-> GO:0018130
GO:1901109 -[is_a]-> GO:0030639
GO:1901109 -[is_a]-> GO:1901107
GO:1901109 -[is_a]-> GO:1901362
GO:1901109 -[is_a]-> GO:1901663
GO:1901110 -[is_a]-> GO:0006082
GO:1901110 -[is_a]-> GO:0018958
GO:1901110 -[is_a]-> GO:0030638
GO:1901110 -[is_a]-> GO:0046483
GO:1901110 -[is_a]-> GO:1901661
GO:1901111 -[is_a]-> GO:0016054
GO:1901111 -[is_a]-> GO:0019336
GO:1901111 -[is_a]-> GO:0030640
GO:1901111 -[is_a]-> GO:0046700
GO:1901111 -[is_a]-> GO:1901110
GO:1901111 -[is_a]-> GO:1901662
GO:1901112 -[is_a]-> GO:0016053
GO:1901112 -[is_a]-> GO:0018130
GO:1901112 -[is_a]-> GO:0030639
GO:1901112 -[is_a]-> GO:0046189
GO:1901112 -[is_a]-> GO:1901110
GO:1901112 -[is_a]-> GO:1901663
GO:1901113 -[is_a]-> GO:0033067
GO:1901114 -[is_a]-> GO:0030640
GO:1901114 -[is_a]-> GO:1901113
GO:1901114 -[is_a]-> GO:1901335
GO:1901115 -[is_a]-> GO:0033068
GO:1901115 -[is_a]-> GO:1901113
GO:1901116 -[is_a]-> GO:0006790
GO:1901116 -[is_a]-> GO:0030653
GO:1901117 -[is_a]-> GO:0030655
GO:1901117 -[is_a]-> GO:0044273
GO:1901117 -[is_a]-> GO:1901116
GO:1901118 -[is_a]-> GO:0030654
GO:1901118 -[is_a]-> GO:0044272
GO:1901118 -[is_a]-> GO:1901116
GO:1901119 -[is_a]-> GO:0016137
GO:1901119 -[is_a]-> GO:0019751
GO:1901120 -[is_a]-> GO:0016139
GO:1901120 -[is_a]-> GO:0046174
GO:1901120 -[is_a]-> GO:1901119
GO:1901121 -[is_a]-> GO:0016138
GO:1901121 -[is_a]-> GO:0046173
GO:1901121 -[is_a]-> GO:1901119
GO:1901122 -[is_a]-> GO:0006518
GO:1901123 -[is_a]-> GO:0043171
GO:1901123 -[is_a]-> GO:1901122
GO:1901124 -[is_a]-> GO:0043043
GO:1901124 -[is_a]-> GO:1901122
GO:1901125 -[is_a]-> GO:0071704
GO:1901126 -[is_a]-> GO:1901125
GO:1901126 -[is_a]-> GO:1901575
GO:1901127 -[is_a]-> GO:1901125
GO:1901127 -[is_a]-> GO:1901576
GO:1901128 -[is_a]-> GO:0019751
GO:1901128 -[is_a]-> GO:0030647
GO:1901129 -[is_a]-> GO:0030649
GO:1901129 -[is_a]-> GO:0046174
GO:1901129 -[is_a]-> GO:1901128
GO:1901130 -[is_a]-> GO:0030648
GO:1901130 -[is_a]-> GO:0046173
GO:1901130 -[is_a]-> GO:1901128
GO:1901131 -[is_a]-> GO:0019751
GO:1901131 -[is_a]-> GO:0030647
GO:1901132 -[is_a]-> GO:0030649
GO:1901132 -[is_a]-> GO:0046174
GO:1901132 -[is_a]-> GO:1901131
GO:1901133 -[is_a]-> GO:0030648
GO:1901133 -[is_a]-> GO:0046173
GO:1901133 -[is_a]-> GO:1901131
GO:1901134 -[is_a]-> GO:0043901
GO:1901134 -[negatively_regulates]-> GO:0036282
GO:1901135 -[is_a]-> GO:0071704
GO:1901136 -[is_a]-> GO:1901135
GO:1901136 -[is_a]-> GO:1901575
GO:1901137 -[is_a]-> GO:1901135
GO:1901137 -[is_a]-> GO:1901576
GO:1901140 -[is_a]-> GO:0015850
GO:1901141 -[is_a]-> GO:0031326
GO:1901141 -[is_a]-> GO:1900376
GO:1901141 -[is_a]-> GO:2000762
GO:1901141 -[regulates]-> GO:0009809
GO:1901142 -[is_a]-> GO:0019538
GO:1901143 -[is_a]-> GO:0030163
GO:1901143 -[is_a]-> GO:1901142
GO:1901145 -[is_a]-> GO:0060561
GO:1901145 -[is_a]-> GO:0097152
GO:1901145 -[part_of]-> GO:0072028
GO:1901146 -[is_a]-> GO:1901145
GO:1901146 -[part_of]-> GO:0061228
GO:1901147 -[is_a]-> GO:1900200
GO:1901147 -[is_a]-> GO:1901145
GO:1901147 -[part_of]-> GO:0072273
GO:1901148 -[is_a]-> GO:0010467
GO:1901148 -[part_of]-> GO:0030198
GO:1901149 -[is_a]-> GO:0043177
GO:1901149 -[is_a]-> GO:0097159
GO:1901150 -[is_a]-> GO:0006790
GO:1901150 -[is_a]-> GO:0006807
GO:1901150 -[is_a]-> GO:0016137
GO:1901150 -[is_a]-> GO:0044763
GO:1901151 -[is_a]-> GO:0016139
GO:1901151 -[is_a]-> GO:0044273
GO:1901151 -[is_a]-> GO:1901150
GO:1901152 -[is_a]-> GO:0016138
GO:1901152 -[is_a]-> GO:0044272
GO:1901152 -[is_a]-> GO:1901150
GO:1901153 -[is_a]-> GO:0019751
GO:1901153 -[is_a]-> GO:0030647
GO:1901154 -[is_a]-> GO:0030649
GO:1901154 -[is_a]-> GO:0046174
GO:1901154 -[is_a]-> GO:1901153
GO:1901155 -[is_a]-> GO:0030648
GO:1901155 -[is_a]-> GO:0046173
GO:1901155 -[is_a]-> GO:1901153
GO:1901156 -[is_a]-> GO:0019751
GO:1901156 -[is_a]-> GO:0030647
GO:1901157 -[is_a]-> GO:0030649
GO:1901157 -[is_a]-> GO:0046174
GO:1901157 -[is_a]-> GO:1901156
GO:1901158 -[is_a]-> GO:0030648
GO:1901158 -[is_a]-> GO:0046173
GO:1901158 -[is_a]-> GO:1901156
GO:1901159 -[is_a]-> GO:0051167
GO:1901159 -[is_a]-> GO:0090407
GO:1901159 -[is_a]-> GO:1901137
GO:1901160 -[is_a]-> GO:1901564
GO:1901161 -[is_a]-> GO:1901160
GO:1901161 -[is_a]-> GO:1901565
GO:1901162 -[is_a]-> GO:1901160
GO:1901162 -[is_a]-> GO:1901566
GO:1901163 -[is_a]-> GO:0030334
GO:1901163 -[is_a]-> GO:0043900
GO:1901163 -[is_a]-> GO:2000026
GO:1901163 -[is_a]-> GO:2000241
GO:1901163 -[regulates]-> GO:0061450
GO:1901164 -[is_a]-> GO:0030336
GO:1901164 -[is_a]-> GO:0043901
GO:1901164 -[is_a]-> GO:0051093
GO:1901164 -[is_a]-> GO:0051241
GO:1901164 -[is_a]-> GO:1901163
GO:1901164 -[is_a]-> GO:2000242
GO:1901164 -[negatively_regulates]-> GO:0061450
GO:1901165 -[is_a]-> GO:0030335
GO:1901165 -[is_a]-> GO:0043902
GO:1901165 -[is_a]-> GO:0051094
GO:1901165 -[is_a]-> GO:0051240
GO:1901165 -[is_a]-> GO:1901163
GO:1901165 -[is_a]-> GO:2000243
GO:1901165 -[positively_regulates]-> GO:0061450
GO:1901166 -[is_a]-> GO:0001755
GO:1901166 -[part_of]-> GO:0048483
GO:1901167 -[is_a]-> GO:0009712
GO:1901167 -[is_a]-> GO:0042537
GO:1901168 -[is_a]-> GO:0019614
GO:1901168 -[is_a]-> GO:1901167
GO:1901169 -[is_a]-> GO:0009713
GO:1901169 -[is_a]-> GO:1901167
GO:1901170 -[is_a]-> GO:0018931
GO:1901170 -[is_a]-> GO:0019439
GO:1901170 -[is_a]-> GO:1901361
GO:1901171 -[is_a]-> GO:0018931
GO:1901171 -[is_a]-> GO:0019438
GO:1901171 -[is_a]-> GO:1901362
GO:1901172 -[is_a]-> GO:0016119
GO:1901173 -[is_a]-> GO:0016121
GO:1901173 -[is_a]-> GO:1901172
GO:1901174 -[is_a]-> GO:0016120
GO:1901174 -[is_a]-> GO:1901172
GO:1901175 -[is_a]-> GO:0016119
GO:1901176 -[is_a]-> GO:0016121
GO:1901176 -[is_a]-> GO:1901175
GO:1901177 -[is_a]-> GO:0016120
GO:1901177 -[is_a]-> GO:1901175
GO:1901178 -[is_a]-> GO:0016122
GO:1901178 -[is_a]-> GO:0018904
GO:1901179 -[is_a]-> GO:0016124
GO:1901179 -[is_a]-> GO:1901178
GO:1901179 -[is_a]-> GO:1901502
GO:1901180 -[is_a]-> GO:0016123
GO:1901180 -[is_a]-> GO:1901178
GO:1901180 -[is_a]-> GO:1901503
GO:1901181 -[is_a]-> GO:0048523
GO:1901181 -[is_a]-> GO:0048585
GO:1901181 -[negatively_regulates]-> GO:0071313
GO:1901182 -[is_a]-> GO:0042762
GO:1901182 -[is_a]-> GO:0051171
GO:1901182 -[is_a]-> GO:0052319
GO:1901182 -[regulates]-> GO:0010120
GO:1901183 -[is_a]-> GO:0051173
GO:1901183 -[is_a]-> GO:0051176
GO:1901183 -[is_a]-> GO:0052322
GO:1901183 -[is_a]-> GO:1901182
GO:1901183 -[positively_regulates]-> GO:0010120
GO:1901184 -[is_a]-> GO:0009966
GO:1901184 -[regulates]-> GO:0038127
GO:1901185 -[is_a]-> GO:0009968
GO:1901185 -[is_a]-> GO:1901184
GO:1901185 -[negatively_regulates]-> GO:0038127
GO:1901186 -[is_a]-> GO:0009967
GO:1901186 -[is_a]-> GO:1901184
GO:1901186 -[positively_regulates]-> GO:0038127
GO:1901187 -[is_a]-> GO:0009966
GO:1901187 -[regulates]-> GO:0048013
GO:1901188 -[is_a]-> GO:0009968
GO:1901188 -[is_a]-> GO:1901187
GO:1901188 -[negatively_regulates]-> GO:0048013
GO:1901189 -[is_a]-> GO:0009967
GO:1901189 -[is_a]-> GO:1901187
GO:1901189 -[positively_regulates]-> GO:0048013
GO:1901190 -[is_a]-> GO:0006446
GO:1901190 -[is_a]-> GO:0044087
GO:1901190 -[is_a]-> GO:0051128
GO:1901190 -[regulates]-> GO:0001677
GO:1901191 -[is_a]-> GO:0045947
GO:1901191 -[is_a]-> GO:0051129
GO:1901191 -[is_a]-> GO:1901190
GO:1901191 -[negatively_regulates]-> GO:0001677
GO:1901192 -[is_a]-> GO:0044089
GO:1901192 -[is_a]-> GO:0045948
GO:1901192 -[is_a]-> GO:0051130
GO:1901192 -[is_a]-> GO:1901190
GO:1901192 -[positively_regulates]-> GO:0001677
GO:1901193 -[is_a]-> GO:0006446
GO:1901193 -[is_a]-> GO:0044087
GO:1901193 -[is_a]-> GO:0051128
GO:1901193 -[regulates]-> GO:0001731
GO:1901194 -[is_a]-> GO:0045947
GO:1901194 -[is_a]-> GO:0051129
GO:1901194 -[is_a]-> GO:1901193
GO:1901194 -[negatively_regulates]-> GO:0001731
GO:1901195 -[is_a]-> GO:0044089
GO:1901195 -[is_a]-> GO:0045948
GO:1901195 -[is_a]-> GO:0051130
GO:1901195 -[is_a]-> GO:1901193
GO:1901195 -[positively_regulates]-> GO:0001731
GO:1901196 -[is_a]-> GO:0050850
GO:1901196 -[part_of]-> GO:0071472
GO:1901197 -[is_a]-> GO:0050850
GO:1901197 -[part_of]-> GO:0071277
GO:1901198 -[is_a]-> GO:0010524
GO:1901198 -[part_of]-> GO:0071277
GO:1901199 -[is_a]-> GO:0010524
GO:1901199 -[part_of]-> GO:0071472
GO:1901200 -[is_a]-> GO:0010523
GO:1901200 -[part_of]-> GO:0071472
GO:1901201 -[is_a]-> GO:0044087
GO:1901201 -[is_a]-> GO:1903053
GO:1901201 -[regulates]-> GO:0085029
GO:1901202 -[is_a]-> GO:1901201
GO:1901202 -[is_a]-> GO:1903054
GO:1901202 -[negatively_regulates]-> GO:0085029
GO:1901203 -[is_a]-> GO:0044089
GO:1901203 -[is_a]-> GO:1901201
GO:1901203 -[is_a]-> GO:1903055
GO:1901203 -[positively_regulates]-> GO:0085029
GO:1901204 -[is_a]-> GO:0044057
GO:1901204 -[is_a]-> GO:0071877
GO:1901204 -[regulates]-> GO:0086023
GO:1901205 -[is_a]-> GO:0051241
GO:1901205 -[is_a]-> GO:0071878
GO:1901205 -[is_a]-> GO:1901204
GO:1901205 -[negatively_regulates]-> GO:0086023
GO:1901206 -[is_a]-> GO:0051240
GO:1901206 -[is_a]-> GO:0071879
GO:1901206 -[is_a]-> GO:1901204
GO:1901206 -[positively_regulates]-> GO:0086023
GO:1901207 -[is_a]-> GO:0045995
GO:1901207 -[is_a]-> GO:1905330
GO:1901207 -[is_a]-> GO:2000826
GO:1901207 -[regulates]-> GO:0001947
GO:1901208 -[is_a]-> GO:0045992
GO:1901208 -[is_a]-> GO:1901207
GO:1901208 -[is_a]-> GO:1905331
GO:1901208 -[negatively_regulates]-> GO:0001947
GO:1901209 -[is_a]-> GO:0040019
GO:1901209 -[is_a]-> GO:1901207
GO:1901209 -[is_a]-> GO:1905332
GO:1901209 -[positively_regulates]-> GO:0001947
GO:1901210 -[is_a]-> GO:1901219
GO:1901210 -[regulates]-> GO:0003207
GO:1901211 -[is_a]-> GO:1901210
GO:1901211 -[is_a]-> GO:1901220
GO:1901211 -[negatively_regulates]-> GO:0003207
GO:1901212 -[is_a]-> GO:1901210
GO:1901212 -[is_a]-> GO:1901221
GO:1901212 -[positively_regulates]-> GO:0003207
GO:1901213 -[is_a]-> GO:0006357
GO:1901213 -[part_of]-> GO:0007507
GO:1901214 -[is_a]-> GO:0010941
GO:1901214 -[regulates]-> GO:0070997
GO:1901215 -[is_a]-> GO:0060548
GO:1901215 -[is_a]-> GO:1901214
GO:1901215 -[negatively_regulates]-> GO:0070997
GO:1901216 -[is_a]-> GO:0010942
GO:1901216 -[is_a]-> GO:1901214
GO:1901216 -[positively_regulates]-> GO:0070997
GO:1901217 -[is_a]-> GO:0001898
GO:1901217 -[is_a]-> GO:0022898
GO:1901217 -[is_a]-> GO:1902186
GO:1901217 -[regulates]-> GO:0034290
GO:1901218 -[is_a]-> GO:0001899
GO:1901218 -[is_a]-> GO:0032410
GO:1901218 -[is_a]-> GO:0034763
GO:1901218 -[is_a]-> GO:1901217
GO:1901218 -[is_a]-> GO:1902187
GO:1901218 -[negatively_regulates]-> GO:0034290
GO:1901219 -[is_a]-> GO:2000826
GO:1901219 -[regulates]-> GO:0003206
GO:1901220 -[is_a]-> GO:0051093
GO:1901220 -[is_a]-> GO:0051241
GO:1901220 -[is_a]-> GO:1901219
GO:1901220 -[negatively_regulates]-> GO:0003206
GO:1901221 -[is_a]-> GO:0051094
GO:1901221 -[is_a]-> GO:0051240
GO:1901221 -[is_a]-> GO:1901219
GO:1901221 -[positively_regulates]-> GO:0003206
GO:1901222 -[is_a]-> GO:1902531
GO:1901222 -[regulates]-> GO:0038061
GO:1901223 -[is_a]-> GO:1901222
GO:1901223 -[is_a]-> GO:1902532
GO:1901223 -[negatively_regulates]-> GO:0038061
GO:1901224 -[is_a]-> GO:1901222
GO:1901224 -[is_a]-> GO:1902533
GO:1901224 -[positively_regulates]-> GO:0038061
GO:1901227 -[is_a]-> GO:0000122
GO:1901227 -[is_a]-> GO:1901213
GO:1901227 -[part_of]-> GO:0007507
GO:1901228 -[is_a]-> GO:0045944
GO:1901228 -[is_a]-> GO:1901213
GO:1901228 -[part_of]-> GO:0007507
GO:1901229 -[is_a]-> GO:2000050
GO:1901229 -[regulates]-> GO:0038031
GO:1901230 -[is_a]-> GO:1901229
GO:1901230 -[is_a]-> GO:2000051
GO:1901230 -[negatively_regulates]-> GO:0038031
GO:1901231 -[is_a]-> GO:1901229
GO:1901231 -[is_a]-> GO:2000052
GO:1901231 -[positively_regulates]-> GO:0038031
GO:1901232 -[is_a]-> GO:0048638
GO:1901232 -[is_a]-> GO:1905330
GO:1901232 -[regulates]-> GO:0060028
GO:1901233 -[is_a]-> GO:0048640
GO:1901233 -[is_a]-> GO:1901232
GO:1901233 -[is_a]-> GO:1905331
GO:1901233 -[negatively_regulates]-> GO:0060028
GO:1901234 -[is_a]-> GO:0048639
GO:1901234 -[is_a]-> GO:1901232
GO:1901234 -[is_a]-> GO:1905332
GO:1901234 -[positively_regulates]-> GO:0060028
GO:1901235 -[is_a]-> GO:0015226
GO:1901235 -[part_of]-> GO:1902270
GO:1901236 -[is_a]-> GO:0015651
GO:1901237 -[is_a]-> GO:0015103
GO:1901238 -[is_a]-> GO:0042626
GO:1901238 -[is_a]-> GO:1901237
GO:1901239 -[is_a]-> GO:0008514
GO:1901241 -[is_a]-> GO:0008514
GO:1901242 -[is_a]-> GO:0042626
GO:1901242 -[is_a]-> GO:1901505
GO:1901243 -[is_a]-> GO:0042626
GO:1901243 -[is_a]-> GO:0043865
GO:1901244 -[is_a]-> GO:0045944
GO:1901244 -[part_of]-> GO:0050832
GO:1901245 -[is_a]-> GO:0034165
GO:1901245 -[is_a]-> GO:0036300
GO:1901245 -[is_a]-> GO:0038010
GO:1901245 -[positively_regulates]-> GO:0034162
GO:1901246 -[is_a]-> GO:0030856
GO:1901246 -[regulates]-> GO:0061141
GO:1901247 -[is_a]-> GO:0030857
GO:1901247 -[is_a]-> GO:0051241
GO:1901247 -[is_a]-> GO:1901246
GO:1901247 -[negatively_regulates]-> GO:0061141
GO:1901248 -[is_a]-> GO:0030858
GO:1901248 -[is_a]-> GO:0051240
GO:1901248 -[is_a]-> GO:1901246
GO:1901248 -[positively_regulates]-> GO:0061141
GO:1901249 -[is_a]-> GO:0030856
GO:1901249 -[regulates]-> GO:0060480
GO:1901250 -[is_a]-> GO:0030857
GO:1901250 -[is_a]-> GO:0051241
GO:1901250 -[is_a]-> GO:1901249
GO:1901250 -[negatively_regulates]-> GO:0060480
GO:1901251 -[is_a]-> GO:0030858
GO:1901251 -[is_a]-> GO:0051240
GO:1901251 -[is_a]-> GO:1901249
GO:1901251 -[positively_regulates]-> GO:0060480
GO:1901252 -[is_a]-> GO:0032386
GO:1901252 -[is_a]-> GO:1903900
GO:1901252 -[regulates]-> GO:0075733
GO:1901253 -[is_a]-> GO:0032387
GO:1901253 -[is_a]-> GO:1901252
GO:1901253 -[is_a]-> GO:1903901
GO:1901253 -[negatively_regulates]-> GO:0075733
GO:1901254 -[is_a]-> GO:0032388
GO:1901254 -[is_a]-> GO:1901252
GO:1901254 -[is_a]-> GO:1903902
GO:1901254 -[positively_regulates]-> GO:0075733
GO:1901255 -[is_a]-> GO:0006289
GO:1901255 -[part_of]-> GO:0036297
GO:1901256 -[is_a]-> GO:0001817
GO:1901256 -[regulates]-> GO:0036301
GO:1901257 -[is_a]-> GO:0001818
GO:1901257 -[is_a]-> GO:1901256
GO:1901257 -[negatively_regulates]-> GO:0036301
GO:1901258 -[is_a]-> GO:0001819
GO:1901258 -[is_a]-> GO:1901256
GO:1901258 -[positively_regulates]-> GO:0036301
GO:1901259 -[is_a]-> GO:0006364
GO:1901259 -[occurs_in]-> GO:0009507
GO:1901260 -[is_a]-> GO:0017185
GO:1901260 -[part_of]-> GO:0072580
GO:1901261 -[is_a]-> GO:0031156
GO:1901261 -[is_a]-> GO:0045595
GO:1901261 -[is_a]-> GO:2000241
GO:1901261 -[regulates]-> GO:0044671
GO:1901262 -[is_a]-> GO:0010648
GO:1901262 -[is_a]-> GO:0032108
GO:1901262 -[is_a]-> GO:0045596
GO:1901262 -[is_a]-> GO:0051241
GO:1901262 -[is_a]-> GO:1901261
GO:1901262 -[is_a]-> GO:2000242
GO:1901262 -[negatively_regulates]-> GO:0044671
GO:1901263 -[is_a]-> GO:0010647
GO:1901263 -[is_a]-> GO:0032109
GO:1901263 -[is_a]-> GO:0045597
GO:1901263 -[is_a]-> GO:0051240
GO:1901263 -[is_a]-> GO:1901261
GO:1901263 -[is_a]-> GO:2000243
GO:1901263 -[positively_regulates]-> GO:0044671
GO:1901264 -[is_a]-> GO:0044765
GO:1901264 -[is_a]-> GO:0071702
GO:1901265 -[is_a]-> GO:0097159
GO:1901265 -[is_a]-> GO:1901363
GO:1901266 -[is_a]-> GO:0043645
GO:1901267 -[is_a]-> GO:0030655
GO:1901267 -[is_a]-> GO:0044273
GO:1901267 -[is_a]-> GO:1901266
GO:1901268 -[is_a]-> GO:0043646
GO:1901268 -[is_a]-> GO:1901266
GO:1901269 -[is_a]-> GO:0009311
GO:1901269 -[is_a]-> GO:1901135
GO:1901270 -[is_a]-> GO:0009313
GO:1901270 -[is_a]-> GO:1901136
GO:1901270 -[is_a]-> GO:1901269
GO:1901271 -[is_a]-> GO:0009312
GO:1901271 -[is_a]-> GO:1901137
GO:1901271 -[is_a]-> GO:1901269
GO:1901272 -[is_a]-> GO:0005996
GO:1901272 -[is_a]-> GO:0006082
GO:1901273 -[is_a]-> GO:0016054
GO:1901273 -[is_a]-> GO:0046365
GO:1901273 -[is_a]-> GO:1901272
GO:1901274 -[is_a]-> GO:0016053
GO:1901274 -[is_a]-> GO:0046364
GO:1901274 -[is_a]-> GO:1901272
GO:1901275 -[is_a]-> GO:0044710
GO:1901276 -[is_a]-> GO:0044712
GO:1901276 -[is_a]-> GO:1901275
GO:1901277 -[is_a]-> GO:0044711
GO:1901277 -[is_a]-> GO:1901275
GO:1901278 -[is_a]-> GO:0019693
GO:1901279 -[is_a]-> GO:0046434
GO:1901279 -[is_a]-> GO:1901136
GO:1901279 -[is_a]-> GO:1901278
GO:1901280 -[is_a]-> GO:0046390
GO:1901280 -[is_a]-> GO:1901278
GO:1901281 -[is_a]-> GO:0016054
GO:1901281 -[is_a]-> GO:0030392
GO:1901281 -[is_a]-> GO:0030393
GO:1901281 -[is_a]-> GO:1901565
GO:1901282 -[is_a]-> GO:0016053
GO:1901282 -[is_a]-> GO:0030391
GO:1901282 -[is_a]-> GO:0030393
GO:1901282 -[is_a]-> GO:1901566
GO:1901283 -[is_a]-> GO:2001117
GO:1901284 -[is_a]-> GO:0042560
GO:1901284 -[is_a]-> GO:0046434
GO:1901284 -[is_a]-> GO:1901283
GO:1901285 -[is_a]-> GO:1901283
GO:1901285 -[is_a]-> GO:2001118
GO:1901286 -[is_a]-> GO:0051186
GO:1901287 -[is_a]-> GO:0051187
GO:1901287 -[is_a]-> GO:1901286
GO:1901288 -[is_a]-> GO:0051188
GO:1901288 -[is_a]-> GO:1901286
GO:1901289 -[is_a]-> GO:0006104
GO:1901289 -[is_a]-> GO:0044273
GO:1901289 -[is_a]-> GO:1901575
GO:1901290 -[is_a]-> GO:0006104
GO:1901290 -[is_a]-> GO:0071616
GO:1901291 -[is_a]-> GO:2000780
GO:1901291 -[negatively_regulates]-> GO:0045002
GO:1901292 -[is_a]-> GO:0006753
GO:1901292 -[is_a]-> GO:0034655
GO:1901292 -[is_a]-> GO:0044712
GO:1901292 -[is_a]-> GO:0046434
GO:1901293 -[is_a]-> GO:0006753
GO:1901293 -[is_a]-> GO:0034654
GO:1901293 -[is_a]-> GO:0044711
GO:1901293 -[is_a]-> GO:0090407
GO:1901294 -[is_a]-> GO:0043392
GO:1901294 -[is_a]-> GO:2000639
GO:1901294 -[negatively_regulates]-> GO:0032933
GO:1901295 -[is_a]-> GO:0010453
GO:1901295 -[is_a]-> GO:1905066
GO:1901295 -[is_a]-> GO:2000725
GO:1901295 -[regulates]-> GO:0061317
GO:1901296 -[is_a]-> GO:0010454
GO:1901296 -[is_a]-> GO:1901295
GO:1901296 -[is_a]-> GO:1905067
GO:1901296 -[is_a]-> GO:2000726
GO:1901296 -[negatively_regulates]-> GO:0061317
GO:1901297 -[is_a]-> GO:0010455
GO:1901297 -[is_a]-> GO:1901295
GO:1901297 -[is_a]-> GO:1905068
GO:1901297 -[is_a]-> GO:2000727
GO:1901297 -[positively_regulates]-> GO:0061317
GO:1901298 -[is_a]-> GO:0043067
GO:1901298 -[is_a]-> GO:1903205
GO:1901298 -[regulates]-> GO:0010421
GO:1901299 -[is_a]-> GO:0043069
GO:1901299 -[is_a]-> GO:1901298
GO:1901299 -[is_a]-> GO:1903206
GO:1901299 -[negatively_regulates]-> GO:0010421
GO:1901300 -[is_a]-> GO:0043068
GO:1901300 -[is_a]-> GO:1901298
GO:1901300 -[is_a]-> GO:1905206
GO:1901300 -[positively_regulates]-> GO:0010421
GO:1901301 -[is_a]-> GO:0033043
GO:1901301 -[is_a]-> GO:0044087
GO:1901301 -[is_a]-> GO:0060628
GO:1901301 -[regulates]-> GO:0090110
GO:1901303 -[is_a]-> GO:0010639
GO:1901303 -[is_a]-> GO:0032387
GO:1901303 -[is_a]-> GO:1901301
GO:1901303 -[negatively_regulates]-> GO:0090110
GO:1901304 -[is_a]-> GO:0010967
GO:1901304 -[regulates]-> GO:0008295
GO:1901305 -[is_a]-> GO:0031327
GO:1901305 -[is_a]-> GO:0033239
GO:1901305 -[is_a]-> GO:1901304
GO:1901305 -[negatively_regulates]-> GO:0008295
GO:1901307 -[is_a]-> GO:0031328
GO:1901307 -[is_a]-> GO:0033240
GO:1901307 -[is_a]-> GO:1901304
GO:1901307 -[positively_regulates]-> GO:0008295
GO:1901308 -[is_a]-> GO:0032268
GO:1901308 -[is_a]-> GO:0070613
GO:1901308 -[is_a]-> GO:2000638
GO:1901308 -[regulates]-> GO:0035103
GO:1901309 -[is_a]-> GO:0010955
GO:1901309 -[is_a]-> GO:1901308
GO:1901309 -[is_a]-> GO:2000639
GO:1901309 -[negatively_regulates]-> GO:0035103
GO:1901310 -[is_a]-> GO:0010954
GO:1901310 -[is_a]-> GO:1901308
GO:1901310 -[is_a]-> GO:2000640
GO:1901310 -[positively_regulates]-> GO:0035103
GO:1901314 -[is_a]-> GO:0033182
GO:1901314 -[is_a]-> GO:1900044
GO:1901314 -[regulates]-> GO:0070535
GO:1901315 -[is_a]-> GO:0033183
GO:1901315 -[is_a]-> GO:1900045
GO:1901315 -[is_a]-> GO:1901314
GO:1901315 -[negatively_regulates]-> GO:0070535
GO:1901316 -[is_a]-> GO:0033184
GO:1901316 -[is_a]-> GO:1901314
GO:1901316 -[is_a]-> GO:1902523
GO:1901316 -[positively_regulates]-> GO:0070535
GO:1901317 -[is_a]-> GO:2000145
GO:1901317 -[regulates]-> GO:0030317
GO:1901318 -[is_a]-> GO:1901317
GO:1901318 -[is_a]-> GO:2000146
GO:1901318 -[negatively_regulates]-> GO:0030317
GO:1901319 -[is_a]-> GO:0010676
GO:1901319 -[is_a]-> GO:0031331
GO:1901319 -[is_a]-> GO:0043471
GO:1901319 -[is_a]-> GO:0090062
GO:1901319 -[positively_regulates]-> GO:0005993
GO:1901320 -[is_a]-> GO:0051093
GO:1901320 -[is_a]-> GO:0090381
GO:1901320 -[negatively_regulates]-> GO:0003129
GO:1901321 -[is_a]-> GO:0051094
GO:1901321 -[is_a]-> GO:0090381
GO:1901321 -[positively_regulates]-> GO:0003129
GO:1901322 -[is_a]-> GO:0010243
GO:1901322 -[is_a]-> GO:1901700
GO:1901323 -[is_a]-> GO:0014070
GO:1901323 -[is_a]-> GO:1901700
GO:1901324 -[is_a]-> GO:0014070
GO:1901324 -[is_a]-> GO:0045472
GO:1901325 -[is_a]-> GO:0010243
GO:1901325 -[is_a]-> GO:0014070
GO:1901325 -[is_a]-> GO:1901700
GO:1901326 -[is_a]-> GO:0010033
GO:1901326 -[is_a]-> GO:1901700
GO:1901327 -[is_a]-> GO:0042221
GO:1901328 -[is_a]-> GO:0010243
GO:1901328 -[is_a]-> GO:0014070
GO:1901328 -[is_a]-> GO:1901700
GO:1901329 -[is_a]-> GO:0030856
GO:1901329 -[regulates]-> GO:0071895
GO:1901330 -[is_a]-> GO:0002085
GO:1901330 -[is_a]-> GO:1901329
GO:1901330 -[negatively_regulates]-> GO:0071895
GO:1901331 -[is_a]-> GO:1901329
GO:1901331 -[is_a]-> GO:1902913
GO:1901331 -[positively_regulates]-> GO:0071895
GO:1901332 -[is_a]-> GO:0048581
GO:1901332 -[is_a]-> GO:2000023
GO:1901332 -[negatively_regulates]-> GO:0048527
GO:1901333 -[is_a]-> GO:0048582
GO:1901333 -[is_a]-> GO:2000023
GO:1901333 -[positively_regulates]-> GO:0048527
GO:1901334 -[is_a]-> GO:0046483
GO:1901334 -[is_a]-> GO:1901360
GO:1901335 -[is_a]-> GO:0046700
GO:1901335 -[is_a]-> GO:1901334
GO:1901335 -[is_a]-> GO:1901361
GO:1901336 -[is_a]-> GO:0018130
GO:1901336 -[is_a]-> GO:1901334
GO:1901336 -[is_a]-> GO:1901362
GO:1901337 -[is_a]-> GO:0071702
GO:1901337 -[is_a]-> GO:0072348
GO:1901338 -[is_a]-> GO:0097159
GO:1901339 -[is_a]-> GO:1901019
GO:1901339 -[is_a]-> GO:2001257
GO:1901339 -[regulates]-> GO:0015279
GO:1901340 -[is_a]-> GO:1901020
GO:1901340 -[is_a]-> GO:1901339
GO:1901340 -[is_a]-> GO:2001258
GO:1901340 -[negatively_regulates]-> GO:0015279
GO:1901341 -[is_a]-> GO:1901021
GO:1901341 -[is_a]-> GO:1901339
GO:1901341 -[is_a]-> GO:2001259
GO:1901341 -[positively_regulates]-> GO:0015279
GO:1901342 -[is_a]-> GO:2000026
GO:1901342 -[regulates]-> GO:0001944
GO:1901343 -[is_a]-> GO:0051093
GO:1901343 -[is_a]-> GO:0051241
GO:1901343 -[is_a]-> GO:1901342
GO:1901343 -[negatively_regulates]-> GO:0001944
GO:1901344 -[is_a]-> GO:0014070
GO:1901344 -[is_a]-> GO:0070542
GO:1901345 -[is_a]-> GO:0043200
GO:1901346 -[is_a]-> GO:1901343
GO:1901346 -[part_of]-> GO:0036331
GO:1901347 -[is_a]-> GO:1903339
GO:1901347 -[is_a]-> GO:2000652
GO:1901347 -[negatively_regulates]-> GO:0009834
GO:1901348 -[is_a]-> GO:0044089
GO:1901348 -[is_a]-> GO:1903340
GO:1901348 -[is_a]-> GO:2000652
GO:1901348 -[positively_regulates]-> GO:0009834
GO:1901349 -[is_a]-> GO:0006820
GO:1901349 -[is_a]-> GO:0072348
GO:1901350 -[is_a]-> GO:0007267
GO:1901350 -[part_of]-> GO:0045216
GO:1901351 -[is_a]-> GO:0071071
GO:1901351 -[regulates]-> GO:0006655
GO:1901352 -[is_a]-> GO:0071072
GO:1901352 -[is_a]-> GO:1901351
GO:1901352 -[negatively_regulates]-> GO:0006655
GO:1901353 -[is_a]-> GO:0071073
GO:1901353 -[is_a]-> GO:1901351
GO:1901353 -[positively_regulates]-> GO:0006655
GO:1901354 -[is_a]-> GO:0043200
GO:1901355 -[is_a]-> GO:0010243
GO:1901355 -[is_a]-> GO:0014070
GO:1901355 -[is_a]-> GO:0045472
GO:1901355 -[is_a]-> GO:0097305
GO:1901355 -[is_a]-> GO:1901654
GO:1901356 -[is_a]-> GO:0006012
GO:1901357 -[is_a]-> GO:0019388
GO:1901357 -[is_a]-> GO:1901356
GO:1901358 -[is_a]-> GO:0046369
GO:1901358 -[is_a]-> GO:1901356
GO:1901359 -[is_a]-> GO:0043168
GO:1901360 -[is_a]-> GO:0071704
GO:1901361 -[is_a]-> GO:1901360
GO:1901361 -[is_a]-> GO:1901575
GO:1901362 -[is_a]-> GO:1901360
GO:1901362 -[is_a]-> GO:1901576
GO:1901363 -[is_a]-> GO:0005488
GO:1901364 -[is_a]-> GO:0018958
GO:1901364 -[is_a]-> GO:0042180
GO:1901365 -[is_a]-> GO:0019336
GO:1901365 -[is_a]-> GO:0042182
GO:1901365 -[is_a]-> GO:1901364
GO:1901366 -[is_a]-> GO:0042181
GO:1901366 -[is_a]-> GO:0046189
GO:1901366 -[is_a]-> GO:1901364
GO:1901367 -[is_a]-> GO:0043200
GO:1901368 -[is_a]-> GO:0015215
GO:1901368 -[is_a]-> GO:0051724
GO:1901368 -[part_of]-> GO:0035352
GO:1901369 -[is_a]-> GO:0006796
GO:1901369 -[is_a]-> GO:0090407
GO:1901369 -[is_a]-> GO:1901137
GO:1901370 -[is_a]-> GO:1901652
GO:1901371 -[is_a]-> GO:1900618
GO:1901371 -[is_a]-> GO:1905421
GO:1901371 -[is_a]-> GO:2000024
GO:1901371 -[regulates]-> GO:0009965
GO:1901372 -[is_a]-> GO:0005992
GO:1901372 -[is_a]-> GO:0044702
GO:1901372 -[is_a]-> GO:1903046
GO:1901372 -[part_of]-> GO:0030437
GO:1901373 -[is_a]-> GO:0044765
GO:1901373 -[is_a]-> GO:0071702
GO:1901374 -[is_a]-> GO:0044765
GO:1901374 -[is_a]-> GO:0071702
GO:1901375 -[is_a]-> GO:0022857
GO:1901375 -[part_of]-> GO:1901374
GO:1901376 -[is_a]-> GO:0046483
GO:1901376 -[is_a]-> GO:1901360
GO:1901377 -[is_a]-> GO:0046700
GO:1901377 -[is_a]-> GO:1901361
GO:1901377 -[is_a]-> GO:1901376
GO:1901378 -[is_a]-> GO:0018130
GO:1901378 -[is_a]-> GO:1901362
GO:1901378 -[is_a]-> GO:1901376
GO:1901379 -[is_a]-> GO:0043266
GO:1901379 -[is_a]-> GO:0050794
GO:1901379 -[is_a]-> GO:1904062
GO:1901379 -[regulates]-> GO:0071805
GO:1901380 -[is_a]-> GO:0043267
GO:1901380 -[is_a]-> GO:0048523
GO:1901380 -[is_a]-> GO:1901379
GO:1901380 -[is_a]-> GO:1904063
GO:1901380 -[negatively_regulates]-> GO:0071805
GO:1901381 -[is_a]-> GO:0043268
GO:1901381 -[is_a]-> GO:0048522
GO:1901381 -[is_a]-> GO:1901379
GO:1901381 -[is_a]-> GO:1904064
GO:1901381 -[positively_regulates]-> GO:0071805
GO:1901382 -[is_a]-> GO:0042127
GO:1901382 -[regulates]-> GO:0097360
GO:1901383 -[is_a]-> GO:0008285
GO:1901383 -[is_a]-> GO:1901382
GO:1901383 -[negatively_regulates]-> GO:0097360
GO:1901384 -[is_a]-> GO:0008284
GO:1901384 -[is_a]-> GO:1901382
GO:1901384 -[positively_regulates]-> GO:0097360
GO:1901385 -[is_a]-> GO:1901019
GO:1901385 -[is_a]-> GO:2001257
GO:1901385 -[regulates]-> GO:0005245
GO:1901386 -[is_a]-> GO:1901020
GO:1901386 -[is_a]-> GO:1901385
GO:1901386 -[is_a]-> GO:2001258
GO:1901386 -[negatively_regulates]-> GO:0005245
GO:1901387 -[is_a]-> GO:1901021
GO:1901387 -[is_a]-> GO:1901385
GO:1901387 -[is_a]-> GO:2001259
GO:1901387 -[positively_regulates]-> GO:0005245
GO:1901388 -[is_a]-> GO:0071634
GO:1901388 -[regulates]-> GO:0036363
GO:1901389 -[is_a]-> GO:0071635
GO:1901389 -[is_a]-> GO:1901388
GO:1901389 -[negatively_regulates]-> GO:0036363
GO:1901390 -[is_a]-> GO:0071636
GO:1901390 -[is_a]-> GO:1901388
GO:1901390 -[positively_regulates]-> GO:0036363
GO:1901392 -[is_a]-> GO:0032908
GO:1901392 -[is_a]-> GO:1901388
GO:1901392 -[regulates]-> GO:0036364
GO:1901393 -[is_a]-> GO:0032911
GO:1901393 -[is_a]-> GO:1901389
GO:1901393 -[is_a]-> GO:1901392
GO:1901393 -[negatively_regulates]-> GO:0036364
GO:1901394 -[is_a]-> GO:0032914
GO:1901394 -[is_a]-> GO:1901390
GO:1901394 -[is_a]-> GO:1901392
GO:1901394 -[positively_regulates]-> GO:0036364
GO:1901395 -[is_a]-> GO:0032909
GO:1901395 -[is_a]-> GO:1901388
GO:1901395 -[regulates]-> GO:0036365
GO:1901396 -[is_a]-> GO:0032912
GO:1901396 -[is_a]-> GO:1901389
GO:1901396 -[is_a]-> GO:1901395
GO:1901396 -[negatively_regulates]-> GO:0036365
GO:1901397 -[is_a]-> GO:0032915
GO:1901397 -[is_a]-> GO:1901390
GO:1901397 -[is_a]-> GO:1901395
GO:1901397 -[positively_regulates]-> GO:0036365
GO:1901398 -[is_a]-> GO:0032910
GO:1901398 -[is_a]-> GO:1901388
GO:1901398 -[regulates]-> GO:0036366
GO:1901399 -[is_a]-> GO:0032913
GO:1901399 -[is_a]-> GO:1901389
GO:1901399 -[is_a]-> GO:1901398
GO:1901399 -[negatively_regulates]-> GO:0036366
GO:1901400 -[is_a]-> GO:0032916
GO:1901400 -[is_a]-> GO:1901390
GO:1901400 -[is_a]-> GO:1901398
GO:1901400 -[positively_regulates]-> GO:0036366
GO:1901401 -[is_a]-> GO:0031323
GO:1901401 -[is_a]-> GO:0051171
GO:1901401 -[regulates]-> GO:0033013
GO:1901402 -[is_a]-> GO:0031324
GO:1901402 -[is_a]-> GO:0051172
GO:1901402 -[is_a]-> GO:1901401
GO:1901402 -[negatively_regulates]-> GO:0033013
GO:1901403 -[is_a]-> GO:0031325
GO:1901403 -[is_a]-> GO:0051173
GO:1901403 -[is_a]-> GO:1901401
GO:1901403 -[positively_regulates]-> GO:0033013
GO:1901404 -[is_a]-> GO:0031329
GO:1901404 -[is_a]-> GO:1901401
GO:1901404 -[regulates]-> GO:0033015
GO:1901405 -[is_a]-> GO:0031330
GO:1901405 -[is_a]-> GO:1901402
GO:1901405 -[is_a]-> GO:1901404
GO:1901405 -[negatively_regulates]-> GO:0033015
GO:1901406 -[is_a]-> GO:0031331
GO:1901406 -[is_a]-> GO:1901403
GO:1901406 -[is_a]-> GO:1901404
GO:1901406 -[positively_regulates]-> GO:0033015
GO:1901407 -[is_a]-> GO:0001932
GO:1901407 -[is_a]-> GO:0006357
GO:1901407 -[regulates]-> GO:0070816
GO:1901408 -[is_a]-> GO:0001933
GO:1901408 -[is_a]-> GO:1901407
GO:1901408 -[negatively_regulates]-> GO:0070816
GO:1901409 -[is_a]-> GO:0001934
GO:1901409 -[is_a]-> GO:1901407
GO:1901409 -[positively_regulates]-> GO:0070816
GO:1901410 -[is_a]-> GO:1901463
GO:1901410 -[is_a]-> GO:2000211
GO:1901410 -[regulates]-> GO:0033526
GO:1901411 -[is_a]-> GO:1901410
GO:1901411 -[is_a]-> GO:1901464
GO:1901411 -[is_a]-> GO:2000212
GO:1901411 -[negatively_regulates]-> GO:0033526
GO:1901412 -[is_a]-> GO:1901410
GO:1901412 -[is_a]-> GO:1901465
GO:1901412 -[is_a]-> GO:2000213
GO:1901412 -[positively_regulates]-> GO:0033526
GO:1901413 -[is_a]-> GO:0006521
GO:1901413 -[is_a]-> GO:0042762
GO:1901413 -[is_a]-> GO:0051196
GO:1901413 -[is_a]-> GO:1901463
GO:1901413 -[regulates]-> GO:0033527
GO:1901414 -[is_a]-> GO:0045763
GO:1901414 -[is_a]-> GO:0051175
GO:1901414 -[is_a]-> GO:0051198
GO:1901414 -[is_a]-> GO:1901413
GO:1901414 -[is_a]-> GO:1901464
GO:1901414 -[negatively_regulates]-> GO:0033527
GO:1901415 -[is_a]-> GO:0045764
GO:1901415 -[is_a]-> GO:0051176
GO:1901415 -[is_a]-> GO:0051197
GO:1901415 -[is_a]-> GO:1901413
GO:1901415 -[is_a]-> GO:1901465
GO:1901415 -[positively_regulates]-> GO:0033527
GO:1901416 -[is_a]-> GO:1901419
GO:1901416 -[regulates]-> GO:0045471
GO:1901417 -[is_a]-> GO:1901416
GO:1901417 -[is_a]-> GO:1901420
GO:1901417 -[negatively_regulates]-> GO:0045471
GO:1901418 -[is_a]-> GO:1901416
GO:1901418 -[is_a]-> GO:1901421
GO:1901418 -[positively_regulates]-> GO:0045471
GO:1901419 -[is_a]-> GO:0048583
GO:1901419 -[regulates]-> GO:0097305
GO:1901420 -[is_a]-> GO:0048585
GO:1901420 -[is_a]-> GO:1901419
GO:1901420 -[negatively_regulates]-> GO:0097305
GO:1901421 -[is_a]-> GO:0048584
GO:1901421 -[is_a]-> GO:1901419
GO:1901421 -[positively_regulates]-> GO:0097305
GO:1901422 -[is_a]-> GO:0001101
GO:1901422 -[is_a]-> GO:0097305
GO:1901423 -[is_a]-> GO:0014070
GO:1901424 -[is_a]-> GO:0014070
GO:1901425 -[is_a]-> GO:0001101
GO:1901425 -[is_a]-> GO:0010033
GO:1901425 -[is_a]-> GO:1901700
GO:1901426 -[is_a]-> GO:0014070
GO:1901426 -[is_a]-> GO:1901700
GO:1901427 -[is_a]-> GO:0001101
GO:1901427 -[is_a]-> GO:0097305
GO:1901428 -[is_a]-> GO:1901141
GO:1901428 -[regulates]-> GO:1901066
GO:1901429 -[is_a]-> GO:0031327
GO:1901429 -[is_a]-> GO:1900377
GO:1901429 -[is_a]-> GO:1901428
GO:1901429 -[negatively_regulates]-> GO:1901066
GO:1901430 -[is_a]-> GO:0031328
GO:1901430 -[is_a]-> GO:1900378
GO:1901430 -[is_a]-> GO:1901428
GO:1901430 -[positively_regulates]-> GO:1901066
GO:1901431 -[is_a]-> GO:0048583
GO:1901431 -[regulates]-> GO:0014071
GO:1901432 -[is_a]-> GO:0048585
GO:1901432 -[is_a]-> GO:1901431
GO:1901432 -[negatively_regulates]-> GO:0014071
GO:1901433 -[is_a]-> GO:0048584
GO:1901433 -[is_a]-> GO:1901431
GO:1901433 -[positively_regulates]-> GO:0014071
GO:1901434 -[is_a]-> GO:0031329
GO:1901434 -[is_a]-> GO:0048583
GO:1901434 -[is_a]-> GO:1901437
GO:1901434 -[regulates]-> GO:0042203
GO:1901435 -[is_a]-> GO:0031330
GO:1901435 -[is_a]-> GO:0048585
GO:1901435 -[is_a]-> GO:1901434
GO:1901435 -[is_a]-> GO:1901438
GO:1901435 -[negatively_regulates]-> GO:0042203
GO:1901436 -[is_a]-> GO:0031331
GO:1901436 -[is_a]-> GO:0048584
GO:1901436 -[is_a]-> GO:1901434
GO:1901436 -[is_a]-> GO:1901439
GO:1901436 -[positively_regulates]-> GO:0042203
GO:1901437 -[is_a]-> GO:0031323
GO:1901437 -[regulates]-> GO:0018970
GO:1901438 -[is_a]-> GO:0031324
GO:1901438 -[is_a]-> GO:1901437
GO:1901438 -[negatively_regulates]-> GO:0018970
GO:1901439 -[is_a]-> GO:0031325
GO:1901439 -[is_a]-> GO:1901437
GO:1901439 -[positively_regulates]-> GO:0018970
GO:1901440 -[is_a]-> GO:0071704
GO:1901441 -[is_a]-> GO:1901440
GO:1901441 -[is_a]-> GO:1901576
GO:1901442 -[is_a]-> GO:0048583
GO:1901442 -[regulates]-> GO:1901426
GO:1901443 -[is_a]-> GO:0048585
GO:1901443 -[is_a]-> GO:1901442
GO:1901443 -[negatively_regulates]-> GO:1901426
GO:1901444 -[is_a]-> GO:0048584
GO:1901444 -[is_a]-> GO:1901442
GO:1901444 -[positively_regulates]-> GO:1901426
GO:1901445 -[is_a]-> GO:1901419
GO:1901445 -[regulates]-> GO:1901427
GO:1901446 -[is_a]-> GO:1901420
GO:1901446 -[is_a]-> GO:1901445
GO:1901446 -[negatively_regulates]-> GO:1901427
GO:1901447 -[is_a]-> GO:1901421
GO:1901447 -[is_a]-> GO:1901445
GO:1901447 -[positively_regulates]-> GO:1901427
GO:1901448 -[is_a]-> GO:1901419
GO:1901448 -[regulates]-> GO:1901422
GO:1901449 -[is_a]-> GO:1901420
GO:1901449 -[is_a]-> GO:1901448
GO:1901449 -[negatively_regulates]-> GO:1901422
GO:1901450 -[is_a]-> GO:1901421
GO:1901450 -[is_a]-> GO:1901448
GO:1901450 -[positively_regulates]-> GO:1901422
GO:1901451 -[is_a]-> GO:0048583
GO:1901451 -[regulates]-> GO:1901423
GO:1901452 -[is_a]-> GO:0048585
GO:1901452 -[is_a]-> GO:1901451
GO:1901452 -[negatively_regulates]-> GO:1901423
GO:1901453 -[is_a]-> GO:0048584
GO:1901453 -[is_a]-> GO:1901451
GO:1901453 -[positively_regulates]-> GO:1901423
GO:1901454 -[is_a]-> GO:0048583
GO:1901454 -[regulates]-> GO:1901424
GO:1901455 -[is_a]-> GO:0048585
GO:1901455 -[is_a]-> GO:1901454
GO:1901455 -[negatively_regulates]-> GO:1901424
GO:1901456 -[is_a]-> GO:0048584
GO:1901456 -[is_a]-> GO:1901454
GO:1901456 -[positively_regulates]-> GO:1901424
GO:1901457 -[is_a]-> GO:0048583
GO:1901457 -[regulates]-> GO:0010034
GO:1901458 -[is_a]-> GO:0048585
GO:1901458 -[is_a]-> GO:1901457
GO:1901458 -[negatively_regulates]-> GO:0010034
GO:1901459 -[is_a]-> GO:0048584
GO:1901459 -[is_a]-> GO:1901457
GO:1901459 -[positively_regulates]-> GO:0010034
GO:1901460 -[is_a]-> GO:0048583
GO:1901460 -[regulates]-> GO:1901425
GO:1901461 -[is_a]-> GO:0048585
GO:1901461 -[is_a]-> GO:1901460
GO:1901461 -[negatively_regulates]-> GO:1901425
GO:1901462 -[is_a]-> GO:0048584
GO:1901462 -[is_a]-> GO:1901460
GO:1901462 -[positively_regulates]-> GO:1901425
GO:1901463 -[is_a]-> GO:0031326
GO:1901463 -[is_a]-> GO:1901401
GO:1901463 -[regulates]-> GO:0033014
GO:1901464 -[is_a]-> GO:0031327
GO:1901464 -[is_a]-> GO:1901402
GO:1901464 -[is_a]-> GO:1901463
GO:1901464 -[negatively_regulates]-> GO:0033014
GO:1901465 -[is_a]-> GO:0031328
GO:1901465 -[is_a]-> GO:1901403
GO:1901465 -[is_a]-> GO:1901463
GO:1901465 -[positively_regulates]-> GO:0033014
GO:1901466 -[is_a]-> GO:0010565
GO:1901466 -[is_a]-> GO:0031329
GO:1901466 -[regulates]-> GO:1901067
GO:1901467 -[is_a]-> GO:0031330
GO:1901467 -[is_a]-> GO:1901466
GO:1901467 -[negatively_regulates]-> GO:1901067
GO:1901468 -[is_a]-> GO:0031331
GO:1901468 -[is_a]-> GO:1901466
GO:1901468 -[positively_regulates]-> GO:1901067
GO:1901469 -[is_a]-> GO:0031329
GO:1901469 -[is_a]-> GO:2000762
GO:1901469 -[regulates]-> GO:1901065
GO:1901470 -[is_a]-> GO:0031330
GO:1901470 -[is_a]-> GO:1901469
GO:1901470 -[negatively_regulates]-> GO:1901065
GO:1901471 -[is_a]-> GO:0031331
GO:1901471 -[is_a]-> GO:1901469
GO:1901471 -[positively_regulates]-> GO:1901065
GO:1901472 -[is_a]-> GO:0051279
GO:1901472 -[regulates]-> GO:0061454
GO:1901474 -[is_a]-> GO:0015238
GO:1901474 -[is_a]-> GO:0045118
GO:1901475 -[is_a]-> GO:0006848
GO:1901475 -[is_a]-> GO:0098656
GO:1901476 -[is_a]-> GO:0005215
GO:1901476 -[part_of]-> GO:0008643
GO:1901477 -[is_a]-> GO:0006855
GO:1901477 -[is_a]-> GO:0015900
GO:1901478 -[is_a]-> GO:0005275
GO:1901478 -[is_a]-> GO:0015241
GO:1901478 -[is_a]-> GO:1901474
GO:1901479 -[is_a]-> GO:0015238
GO:1901479 -[is_a]-> GO:0015242
GO:1901479 -[is_a]-> GO:0042887
GO:1901479 -[part_of]-> GO:1901477
GO:1901480 -[is_a]-> GO:0005319
GO:1901481 -[is_a]-> GO:0051938
GO:1901481 -[part_of]-> GO:0006995
GO:1901482 -[is_a]-> GO:0061461
GO:1901482 -[part_of]-> GO:0006995
GO:1901483 -[is_a]-> GO:0032434
GO:1901483 -[regulates]-> GO:0036369
GO:1901484 -[is_a]-> GO:0032435
GO:1901484 -[is_a]-> GO:1901483
GO:1901484 -[negatively_regulates]-> GO:0036369
GO:1901485 -[is_a]-> GO:0032436
GO:1901485 -[is_a]-> GO:1901483
GO:1901485 -[positively_regulates]-> GO:0036369
GO:1901486 -[is_a]-> GO:1901485
GO:1901486 -[is_a]-> GO:2000639
GO:1901486 -[negatively_regulates]-> GO:0032933
GO:1901487 -[is_a]-> GO:0038175
GO:1901487 -[is_a]-> GO:1901486
GO:1901488 -[is_a]-> GO:1901484
GO:1901488 -[is_a]-> GO:2000638
GO:1901488 -[negatively_regulates]-> GO:0100062
GO:1901489 -[is_a]-> GO:0038176
GO:1901489 -[is_a]-> GO:1901484
GO:1901490 -[is_a]-> GO:0022603
GO:1901490 -[is_a]-> GO:1901342
GO:1901490 -[regulates]-> GO:0001946
GO:1901491 -[is_a]-> GO:1901343
GO:1901491 -[is_a]-> GO:1901490
GO:1901491 -[negatively_regulates]-> GO:0001946
GO:1901492 -[is_a]-> GO:1901490
GO:1901492 -[is_a]-> GO:1904018
GO:1901492 -[positively_regulates]-> GO:0001946
GO:1901493 -[is_a]-> GO:0014070
GO:1901494 -[is_a]-> GO:0031323
GO:1901494 -[is_a]-> GO:0051171
GO:1901494 -[regulates]-> GO:0006534
GO:1901495 -[is_a]-> GO:0031324
GO:1901495 -[is_a]-> GO:0051172
GO:1901495 -[is_a]-> GO:1901494
GO:1901495 -[negatively_regulates]-> GO:0006534
GO:1901496 -[is_a]-> GO:0031325
GO:1901496 -[is_a]-> GO:0051173
GO:1901496 -[is_a]-> GO:1901494
GO:1901496 -[positively_regulates]-> GO:0006534
GO:1901497 -[is_a]-> GO:0014070
GO:1901497 -[is_a]-> GO:0045472
GO:1901498 -[is_a]-> GO:0014070
GO:1901499 -[is_a]-> GO:1902778
GO:1901500 -[is_a]-> GO:1901501
GO:1901501 -[is_a]-> GO:0014070
GO:1901502 -[is_a]-> GO:0018904
GO:1901502 -[is_a]-> GO:0044712
GO:1901502 -[is_a]-> GO:1901575
GO:1901503 -[is_a]-> GO:0018904
GO:1901503 -[is_a]-> GO:0044711
GO:1901503 -[is_a]-> GO:1901576
GO:1901504 -[is_a]-> GO:0045117
GO:1901505 -[is_a]-> GO:0005215
GO:1901505 -[part_of]-> GO:1901264
GO:1901506 -[is_a]-> GO:0032368
GO:1901506 -[regulates]-> GO:0034196
GO:1901507 -[is_a]-> GO:0032369
GO:1901507 -[is_a]-> GO:1901506
GO:1901507 -[negatively_regulates]-> GO:0034196
GO:1901508 -[is_a]-> GO:0032370
GO:1901508 -[is_a]-> GO:1901506
GO:1901508 -[positively_regulates]-> GO:0034196
GO:1901509 -[is_a]-> GO:1905330
GO:1901509 -[is_a]-> GO:2000026
GO:1901509 -[regulates]-> GO:0061154
GO:1901510 -[is_a]-> GO:0018904
GO:1901510 -[is_a]-> GO:0044763
GO:1901510 -[is_a]-> GO:1901334
GO:1901511 -[is_a]-> GO:1901335
GO:1901511 -[is_a]-> GO:1901502
GO:1901511 -[is_a]-> GO:1901510
GO:1901512 -[is_a]-> GO:1901336
GO:1901512 -[is_a]-> GO:1901503
GO:1901512 -[is_a]-> GO:1901510
GO:1901513 -[is_a]-> GO:0022857
GO:1901514 -[is_a]-> GO:0042626
GO:1901514 -[is_a]-> GO:1901513
GO:1901515 -[is_a]-> GO:0022857
GO:1901516 -[is_a]-> GO:0030638
GO:1901516 -[is_a]-> GO:0044763
GO:1901516 -[is_a]-> GO:0072524
GO:1901517 -[is_a]-> GO:0030640
GO:1901517 -[is_a]-> GO:0072526
GO:1901517 -[is_a]-> GO:1901516
GO:1901518 -[is_a]-> GO:0030639
GO:1901518 -[is_a]-> GO:0072525
GO:1901518 -[is_a]-> GO:1901516
GO:1901519 -[is_a]-> GO:0030638
GO:1901519 -[is_a]-> GO:0044763
GO:1901519 -[is_a]-> GO:0072524
GO:1901520 -[is_a]-> GO:0030640
GO:1901520 -[is_a]-> GO:0072526
GO:1901520 -[is_a]-> GO:1901519
GO:1901521 -[is_a]-> GO:0030639
GO:1901521 -[is_a]-> GO:0072525
GO:1901521 -[is_a]-> GO:1901519
GO:1901522 -[is_a]-> GO:0045944
GO:1901522 -[part_of]-> GO:0070887
GO:1901523 -[is_a]-> GO:1901569
GO:1901524 -[is_a]-> GO:0016241
GO:1901524 -[is_a]-> GO:1903146
GO:1901524 -[regulates]-> GO:0000423
GO:1901525 -[is_a]-> GO:0016242
GO:1901525 -[is_a]-> GO:1901524
GO:1901525 -[is_a]-> GO:1903147
GO:1901525 -[negatively_regulates]-> GO:0000423
GO:1901526 -[is_a]-> GO:0016239
GO:1901526 -[is_a]-> GO:1901524
GO:1901526 -[is_a]-> GO:1903599
GO:1901526 -[positively_regulates]-> GO:0000423
GO:1901527 -[is_a]-> GO:0009738
GO:1901527 -[part_of]-> GO:0010118
GO:1901528 -[is_a]-> GO:0071588
GO:1901528 -[part_of]-> GO:0010118
GO:1901529 -[is_a]-> GO:0010359
GO:1901529 -[is_a]-> GO:0032414
GO:1901529 -[is_a]-> GO:1903961
GO:1901529 -[positively_regulates]-> GO:0005253
GO:1901530 -[is_a]-> GO:0010035
GO:1901530 -[is_a]-> GO:1901700
GO:1901531 -[is_a]-> GO:0043168
GO:1901532 -[is_a]-> GO:0045595
GO:1901532 -[is_a]-> GO:1903706
GO:1901532 -[regulates]-> GO:0002244
GO:1901533 -[is_a]-> GO:0045596
GO:1901533 -[is_a]-> GO:1901532
GO:1901533 -[is_a]-> GO:1903707
GO:1901533 -[negatively_regulates]-> GO:0002244
GO:1901534 -[is_a]-> GO:0045597
GO:1901534 -[is_a]-> GO:1901532
GO:1901534 -[is_a]-> GO:1903708
GO:1901534 -[positively_regulates]-> GO:0002244
GO:1901535 -[is_a]-> GO:0051052
GO:1901535 -[regulates]-> GO:0080111
GO:1901536 -[is_a]-> GO:0051053
GO:1901536 -[is_a]-> GO:1901535
GO:1901536 -[negatively_regulates]-> GO:0080111
GO:1901537 -[is_a]-> GO:0051054
GO:1901537 -[is_a]-> GO:1901535
GO:1901537 -[positively_regulates]-> GO:0080111
GO:1901538 -[is_a]-> GO:0044728
GO:1901538 -[part_of]-> GO:0009790
GO:1901539 -[is_a]-> GO:0042214
GO:1901540 -[is_a]-> GO:0046247
GO:1901540 -[is_a]-> GO:1901539
GO:1901541 -[is_a]-> GO:0046246
GO:1901541 -[is_a]-> GO:1901539
GO:1901542 -[is_a]-> GO:0019747
GO:1901542 -[is_a]-> GO:0031326
GO:1901542 -[is_a]-> GO:0046890
GO:1901542 -[regulates]-> GO:1901541
GO:1901543 -[is_a]-> GO:0031327
GO:1901543 -[is_a]-> GO:0045827
GO:1901543 -[is_a]-> GO:0051055
GO:1901543 -[is_a]-> GO:1901542
GO:1901543 -[negatively_regulates]-> GO:1901541
GO:1901544 -[is_a]-> GO:0031328
GO:1901544 -[is_a]-> GO:0045828
GO:1901544 -[is_a]-> GO:0046889
GO:1901544 -[is_a]-> GO:1901542
GO:1901544 -[positively_regulates]-> GO:1901541
GO:1901545 -[is_a]-> GO:0009743
GO:1901546 -[is_a]-> GO:0032847
GO:1901546 -[is_a]-> GO:0033043
GO:1901546 -[is_a]-> GO:0050793
GO:1901546 -[is_a]-> GO:0051049
GO:1901546 -[is_a]-> GO:0060341
GO:1901546 -[regulates]-> GO:0097401
GO:1901547 -[is_a]-> GO:0010639
GO:1901547 -[is_a]-> GO:0032848
GO:1901547 -[is_a]-> GO:0051051
GO:1901547 -[is_a]-> GO:0051093
GO:1901547 -[is_a]-> GO:1901546
GO:1901547 -[negatively_regulates]-> GO:0097401
GO:1901548 -[is_a]-> GO:0010638
GO:1901548 -[is_a]-> GO:0032849
GO:1901548 -[is_a]-> GO:0051050
GO:1901548 -[is_a]-> GO:0051094
GO:1901548 -[is_a]-> GO:1901546
GO:1901548 -[positively_regulates]-> GO:0097401
GO:1901549 -[is_a]-> GO:0005310
GO:1901549 -[is_a]-> GO:0015563
GO:1901550 -[is_a]-> GO:0045601
GO:1901550 -[is_a]-> GO:0060284
GO:1901550 -[regulates]-> GO:0001885
GO:1901551 -[is_a]-> GO:0010721
GO:1901551 -[is_a]-> GO:0045602
GO:1901551 -[is_a]-> GO:1901550
GO:1901551 -[negatively_regulates]-> GO:0001885
GO:1901552 -[is_a]-> GO:0010720
GO:1901552 -[is_a]-> GO:0045603
GO:1901552 -[is_a]-> GO:1901550
GO:1901552 -[positively_regulates]-> GO:0001885
GO:1901553 -[is_a]-> GO:1900752
GO:1901553 -[is_a]-> GO:1905039
GO:1901554 -[is_a]-> GO:0010243
GO:1901554 -[is_a]-> GO:0014070
GO:1901554 -[is_a]-> GO:1901700
GO:1901555 -[is_a]-> GO:0033993
GO:1901556 -[is_a]-> GO:0001101
GO:1901556 -[is_a]-> GO:0010243
GO:1901556 -[is_a]-> GO:0014070
GO:1901556 -[is_a]-> GO:1901700
GO:1901557 -[is_a]-> GO:0014070
GO:1901557 -[is_a]-> GO:0045472
GO:1901557 -[is_a]-> GO:1901654
GO:1901558 -[is_a]-> GO:0010243
GO:1901559 -[is_a]-> GO:0010243
GO:1901559 -[is_a]-> GO:0014070
GO:1901559 -[is_a]-> GO:1901700
GO:1901560 -[is_a]-> GO:0014074
GO:1901561 -[is_a]-> GO:0010243
GO:1901561 -[is_a]-> GO:0014070
GO:1901561 -[is_a]-> GO:1901700
GO:1901562 -[is_a]-> GO:0010033
GO:1901563 -[is_a]-> GO:0014070
GO:1901563 -[is_a]-> GO:0043279
GO:1901563 -[is_a]-> GO:0097305
GO:1901564 -[is_a]-> GO:0006807
GO:1901564 -[is_a]-> GO:0071704
GO:1901565 -[is_a]-> GO:1901564
GO:1901565 -[is_a]-> GO:1901575
GO:1901566 -[is_a]-> GO:1901564
GO:1901566 -[is_a]-> GO:1901576
GO:1901567 -[is_a]-> GO:0005488
GO:1901568 -[is_a]-> GO:0044710
GO:1901568 -[is_a]-> GO:0071704
GO:1901569 -[is_a]-> GO:0044712
GO:1901569 -[is_a]-> GO:1901568
GO:1901569 -[is_a]-> GO:1901575
GO:1901570 -[is_a]-> GO:0044711
GO:1901570 -[is_a]-> GO:1901568
GO:1901570 -[is_a]-> GO:1901576
GO:1901571 -[is_a]-> GO:0044765
GO:1901571 -[is_a]-> GO:0071702
GO:1901575 -[is_a]-> GO:0009056
GO:1901575 -[is_a]-> GO:0071704
GO:1901576 -[is_a]-> GO:0009058
GO:1901576 -[is_a]-> GO:0071704
GO:1901577 -[is_a]-> GO:0031326
GO:1901577 -[regulates]-> GO:0043447
GO:1901578 -[is_a]-> GO:0031327
GO:1901578 -[is_a]-> GO:1901577
GO:1901578 -[negatively_regulates]-> GO:0043447
GO:1901579 -[is_a]-> GO:0031328
GO:1901579 -[is_a]-> GO:1901577
GO:1901579 -[positively_regulates]-> GO:0043447
GO:1901580 -[is_a]-> GO:0006357
GO:1901580 -[regulates]-> GO:0097394
GO:1901581 -[is_a]-> GO:0000122
GO:1901581 -[is_a]-> GO:1901580
GO:1901581 -[negatively_regulates]-> GO:0097394
GO:1901582 -[is_a]-> GO:0045944
GO:1901582 -[is_a]-> GO:1901580
GO:1901582 -[positively_regulates]-> GO:0097394
GO:1901583 -[is_a]-> GO:0035672
GO:1901584 -[is_a]-> GO:0035673
GO:1901584 -[part_of]-> GO:1901583
GO:1901585 -[is_a]-> GO:0010469
GO:1901585 -[is_a]-> GO:2000649
GO:1901585 -[is_a]-> GO:2001257
GO:1901585 -[regulates]-> GO:0044736
GO:1901586 -[is_a]-> GO:1901585
GO:1901586 -[is_a]-> GO:2000272
GO:1901586 -[is_a]-> GO:2000650
GO:1901586 -[is_a]-> GO:2001258
GO:1901586 -[negatively_regulates]-> GO:0044736
GO:1901587 -[is_a]-> GO:1901585
GO:1901587 -[is_a]-> GO:2000273
GO:1901587 -[is_a]-> GO:2000651
GO:1901587 -[is_a]-> GO:2001259
GO:1901587 -[positively_regulates]-> GO:0044736
GO:1901588 -[is_a]-> GO:0005874
GO:1901588 -[is_a]-> GO:0044463
GO:1901588 -[is_a]-> GO:0097458
GO:1901588 -[part_of]-> GO:0030425
GO:1901589 -[is_a]-> GO:0033267
GO:1901589 -[is_a]-> GO:0097427
GO:1901589 -[part_of]-> GO:0030424
GO:1901591 -[is_a]-> GO:0010569
GO:1901591 -[regulates]-> GO:0000727
GO:1901592 -[is_a]-> GO:1901591
GO:1901592 -[is_a]-> GO:2000042
GO:1901592 -[negatively_regulates]-> GO:0000727
GO:1901593 -[is_a]-> GO:0001101
GO:1901593 -[is_a]-> GO:0010033
GO:1901593 -[is_a]-> GO:1901698
GO:1901593 -[is_a]-> GO:1901700
GO:1901594 -[is_a]-> GO:0010243
GO:1901594 -[is_a]-> GO:0014070
GO:1901594 -[is_a]-> GO:1901700
GO:1901595 -[is_a]-> GO:0014070
GO:1901595 -[is_a]-> GO:0014075
GO:1901595 -[is_a]-> GO:1901700
GO:1901596 -[is_a]-> GO:0014074
GO:1901596 -[is_a]-> GO:1901700
GO:1901597 -[is_a]-> GO:0010243
GO:1901597 -[is_a]-> GO:0014070
GO:1901597 -[is_a]-> GO:1901700
GO:1901598 -[is_a]-> GO:0009806
GO:1901598 -[is_a]-> GO:0018958
GO:1901598 -[is_a]-> GO:0046483
GO:1901599 -[is_a]-> GO:0009807
GO:1901599 -[is_a]-> GO:0018130
GO:1901599 -[is_a]-> GO:0046189
GO:1901599 -[is_a]-> GO:1901598
GO:1901600 -[is_a]-> GO:0006714
GO:1901600 -[is_a]-> GO:1901334
GO:1901601 -[is_a]-> GO:0016106
GO:1901601 -[is_a]-> GO:1901336
GO:1901601 -[is_a]-> GO:1901600
GO:1901602 -[is_a]-> GO:0033218
GO:1901602 -[is_a]-> GO:0043177
GO:1901602 -[is_a]-> GO:0097159
GO:1901602 -[is_a]-> GO:1901363
GO:1901603 -[is_a]-> GO:0008028
GO:1901603 -[is_a]-> GO:0015225
GO:1901603 -[is_a]-> GO:0042887
GO:1901603 -[is_a]-> GO:0090482
GO:1901603 -[is_a]-> GO:1901682
GO:1901604 -[is_a]-> GO:0008028
GO:1901604 -[is_a]-> GO:0042887
GO:1901605 -[is_a]-> GO:0006082
GO:1901605 -[is_a]-> GO:1901564
GO:1901606 -[is_a]-> GO:0016054
GO:1901606 -[is_a]-> GO:1901565
GO:1901606 -[is_a]-> GO:1901605
GO:1901607 -[is_a]-> GO:0016053
GO:1901607 -[is_a]-> GO:1901566
GO:1901607 -[is_a]-> GO:1901605
GO:1901608 -[is_a]-> GO:1902513
GO:1901608 -[regulates]-> GO:0047496
GO:1901609 -[is_a]-> GO:0032387
GO:1901609 -[is_a]-> GO:0051271
GO:1901609 -[is_a]-> GO:1901608
GO:1901609 -[negatively_regulates]-> GO:0047496
GO:1901610 -[is_a]-> GO:0032388
GO:1901610 -[is_a]-> GO:0051272
GO:1901610 -[is_a]-> GO:1901608
GO:1901610 -[positively_regulates]-> GO:0047496
GO:1901611 -[is_a]-> GO:0005543
GO:1901612 -[is_a]-> GO:1901611
GO:1901613 -[is_a]-> GO:0051129
GO:1901613 -[is_a]-> GO:2000331
GO:1901613 -[negatively_regulates]-> GO:0072553
GO:1901614 -[is_a]-> GO:0051130
GO:1901614 -[is_a]-> GO:2000331
GO:1901614 -[positively_regulates]-> GO:0072553
GO:1901615 -[is_a]-> GO:0071704
GO:1901616 -[is_a]-> GO:1901575
GO:1901616 -[is_a]-> GO:1901615
GO:1901617 -[is_a]-> GO:1901576
GO:1901617 -[is_a]-> GO:1901615
GO:1901618 -[is_a]-> GO:0022857
GO:1901619 -[is_a]-> GO:0006995
GO:1901619 -[is_a]-> GO:0030488
GO:1901619 -[is_a]-> GO:0044710
GO:1901620 -[is_a]-> GO:0008589
GO:1901620 -[is_a]-> GO:0045995
GO:1901620 -[is_a]-> GO:0051960
GO:1901620 -[regulates]-> GO:0060831
GO:1901621 -[is_a]-> GO:0045879
GO:1901621 -[is_a]-> GO:0045992
GO:1901621 -[is_a]-> GO:0051961
GO:1901621 -[is_a]-> GO:1901620
GO:1901621 -[negatively_regulates]-> GO:0060831
GO:1901622 -[is_a]-> GO:0040019
GO:1901622 -[is_a]-> GO:0045880
GO:1901622 -[is_a]-> GO:0051962
GO:1901622 -[is_a]-> GO:1901620
GO:1901622 -[positively_regulates]-> GO:0060831
GO:1901623 -[is_a]-> GO:0002688
GO:1901623 -[is_a]-> GO:2000401
GO:1901623 -[regulates]-> GO:0048247
GO:1901624 -[is_a]-> GO:0002689
GO:1901624 -[is_a]-> GO:1901623
GO:1901624 -[is_a]-> GO:2000402
GO:1901624 -[negatively_regulates]-> GO:0048247
GO:1901625 -[is_a]-> GO:0036315
GO:1901625 -[is_a]-> GO:0097306
GO:1901626 -[is_a]-> GO:0050807
GO:1901626 -[regulates]-> GO:0001941
GO:1901627 -[is_a]-> GO:0051129
GO:1901627 -[is_a]-> GO:1901626
GO:1901627 -[negatively_regulates]-> GO:0001941
GO:1901628 -[is_a]-> GO:0051130
GO:1901628 -[is_a]-> GO:1901626
GO:1901628 -[positively_regulates]-> GO:0001941
GO:1901629 -[is_a]-> GO:0050807
GO:1901629 -[regulates]-> GO:0097090
GO:1901630 -[is_a]-> GO:0051129
GO:1901630 -[is_a]-> GO:1901629
GO:1901630 -[negatively_regulates]-> GO:0097090
GO:1901631 -[is_a]-> GO:0051130
GO:1901631 -[is_a]-> GO:1901629
GO:1901631 -[positively_regulates]-> GO:0097090
GO:1901632 -[is_a]-> GO:0051128
GO:1901632 -[regulates]-> GO:0048499
GO:1901633 -[is_a]-> GO:0051129
GO:1901633 -[is_a]-> GO:1901632
GO:1901633 -[negatively_regulates]-> GO:0048499
GO:1901634 -[is_a]-> GO:0051130
GO:1901634 -[is_a]-> GO:1901632
GO:1901634 -[positively_regulates]-> GO:0048499
GO:1901639 -[is_a]-> GO:0009154
GO:1901639 -[is_a]-> GO:0009181
GO:1901640 -[is_a]-> GO:0032555
GO:1901640 -[is_a]-> GO:0035639
GO:1901641 -[is_a]-> GO:0032555
GO:1901641 -[is_a]-> GO:0035639
GO:1901642 -[is_a]-> GO:0015858
GO:1901642 -[is_a]-> GO:0055085
GO:1901643 -[is_a]-> GO:0010646
GO:1901643 -[is_a]-> GO:0032107
GO:1901643 -[is_a]-> GO:0080135
GO:1901643 -[is_a]-> GO:2000235
GO:1901643 -[regulates]-> GO:1901619
GO:1901644 -[is_a]-> GO:0010647
GO:1901644 -[is_a]-> GO:0032109
GO:1901644 -[is_a]-> GO:1901643
GO:1901644 -[is_a]-> GO:2000237
GO:1901644 -[positively_regulates]-> GO:1901619
GO:1901645 -[is_a]-> GO:0042127
GO:1901645 -[regulates]-> GO:0002941
GO:1901646 -[is_a]-> GO:0008285
GO:1901646 -[is_a]-> GO:1901645
GO:1901646 -[negatively_regulates]-> GO:0002941
GO:1901647 -[is_a]-> GO:0008284
GO:1901647 -[is_a]-> GO:1901645
GO:1901647 -[positively_regulates]-> GO:0002941
GO:1901648 -[is_a]-> GO:0032879
GO:1901648 -[is_a]-> GO:0032954
GO:1901648 -[regulates]-> GO:0032187
GO:1901649 -[is_a]-> GO:0032466
GO:1901649 -[is_a]-> GO:1901648
GO:1901649 -[negatively_regulates]-> GO:0032187
GO:1901650 -[is_a]-> GO:0032467
GO:1901650 -[is_a]-> GO:1901648
GO:1901650 -[positively_regulates]-> GO:0032187
GO:1901651 -[is_a]-> GO:0033047
GO:1901651 -[regulates]-> GO:0007083
GO:1901652 -[is_a]-> GO:0010243
GO:1901652 -[is_a]-> GO:1901700
GO:1901653 -[is_a]-> GO:0071417
GO:1901653 -[is_a]-> GO:1901652
GO:1901653 -[is_a]-> GO:1901701
GO:1901654 -[is_a]-> GO:0010033
GO:1901654 -[is_a]-> GO:1901700
GO:1901655 -[is_a]-> GO:1901654
GO:1901655 -[is_a]-> GO:1901701
GO:1901656 -[is_a]-> GO:1901264
GO:1901657 -[is_a]-> GO:0044710
GO:1901657 -[is_a]-> GO:1901135
GO:1901658 -[is_a]-> GO:0044712
GO:1901658 -[is_a]-> GO:1901136
GO:1901658 -[is_a]-> GO:1901657
GO:1901659 -[is_a]-> GO:0044711
GO:1901659 -[is_a]-> GO:1901137
GO:1901659 -[is_a]-> GO:1901657
GO:1901660 -[is_a]-> GO:0006816
GO:1901661 -[is_a]-> GO:0042180
GO:1901661 -[is_a]-> GO:0051186
GO:1901662 -[is_a]-> GO:0009109
GO:1901662 -[is_a]-> GO:0042182
GO:1901662 -[is_a]-> GO:1901661
GO:1901663 -[is_a]-> GO:0009108
GO:1901663 -[is_a]-> GO:0042181
GO:1901663 -[is_a]-> GO:1901661
GO:1901664 -[is_a]-> GO:0051338
GO:1901664 -[regulates]-> GO:0003950
GO:1901665 -[is_a]-> GO:0051348
GO:1901665 -[is_a]-> GO:1901664
GO:1901665 -[negatively_regulates]-> GO:0003950
GO:1901666 -[is_a]-> GO:0051347
GO:1901666 -[is_a]-> GO:1901664
GO:1901666 -[positively_regulates]-> GO:0003950
GO:1901667 -[is_a]-> GO:0014717
GO:1901667 -[is_a]-> GO:0043417
GO:1901667 -[is_a]-> GO:0050866
GO:1901667 -[negatively_regulates]-> GO:0014901
GO:1901668 -[is_a]-> GO:0051341
GO:1901668 -[is_a]-> GO:2000121
GO:1901668 -[regulates]-> GO:0004784
GO:1901670 -[is_a]-> GO:0051354
GO:1901670 -[is_a]-> GO:1901668
GO:1901670 -[is_a]-> GO:1904832
GO:1901670 -[negatively_regulates]-> GO:0004784
GO:1901671 -[is_a]-> GO:0051353
GO:1901671 -[is_a]-> GO:1901668
GO:1901671 -[is_a]-> GO:1904833
GO:1901671 -[positively_regulates]-> GO:0004784
GO:1901672 -[is_a]-> GO:0002833
GO:1901672 -[is_a]-> GO:0010112
GO:1901672 -[is_a]-> GO:0032103
GO:1901672 -[is_a]-> GO:0043902
GO:1901672 -[is_a]-> GO:0045089
GO:1901672 -[positively_regulates]-> GO:0009627
GO:1901673 -[is_a]-> GO:0007088
GO:1901673 -[is_a]-> GO:0090169
GO:1901673 -[regulates]-> GO:0090307
GO:1901674 -[is_a]-> GO:0035065
GO:1901674 -[regulates]-> GO:0043974
GO:1901675 -[is_a]-> GO:0035067
GO:1901675 -[is_a]-> GO:1901674
GO:1901675 -[negatively_regulates]-> GO:0043974
GO:1901676 -[is_a]-> GO:0035066
GO:1901676 -[is_a]-> GO:1901674
GO:1901676 -[positively_regulates]-> GO:0043974
GO:1901677 -[is_a]-> GO:0022857
GO:1901678 -[is_a]-> GO:0044765
GO:1901679 -[is_a]-> GO:0006862
GO:1901679 -[is_a]-> GO:0055085
GO:1901680 -[is_a]-> GO:0000099
GO:1901680 -[is_a]-> GO:0015291
GO:1901681 -[is_a]-> GO:0005488
GO:1901682 -[is_a]-> GO:0022857
GO:1901683 -[is_a]-> GO:0008509
GO:1901683 -[part_of]-> GO:1901684
GO:1901684 -[is_a]-> GO:0098656
GO:1901685 -[is_a]-> GO:0006790
GO:1901685 -[is_a]-> GO:0044710
GO:1901685 -[is_a]-> GO:0044763
GO:1901685 -[is_a]-> GO:1901564
GO:1901686 -[is_a]-> GO:0044273
GO:1901686 -[is_a]-> GO:0044712
GO:1901686 -[is_a]-> GO:1901565
GO:1901686 -[is_a]-> GO:1901685
GO:1901687 -[is_a]-> GO:0044272
GO:1901687 -[is_a]-> GO:0044711
GO:1901687 -[is_a]-> GO:1901566
GO:1901687 -[is_a]-> GO:1901685
GO:1901688 -[is_a]-> GO:0015718
GO:1901689 -[is_a]-> GO:0015849
GO:1901689 -[is_a]-> GO:0042886
GO:1901689 -[is_a]-> GO:0072348
GO:1901690 -[is_a]-> GO:0015849
GO:1901690 -[is_a]-> GO:0042886
GO:1901691 -[is_a]-> GO:0043169
GO:1901692 -[is_a]-> GO:0042981
GO:1901692 -[regulates]-> GO:1990010
GO:1901693 -[is_a]-> GO:0043066
GO:1901693 -[is_a]-> GO:1901692
GO:1901693 -[negatively_regulates]-> GO:1990010
GO:1901694 -[is_a]-> GO:0043065
GO:1901694 -[is_a]-> GO:0046672
GO:1901694 -[is_a]-> GO:1901692
GO:1901694 -[positively_regulates]-> GO:1990010
GO:1901695 -[is_a]-> GO:0046189
GO:1901695 -[is_a]-> GO:1901162
GO:1901696 -[is_a]-> GO:1901576
GO:1901697 -[is_a]-> GO:0016053
GO:1901697 -[is_a]-> GO:0030639
GO:1901697 -[is_a]-> GO:0042537
GO:1901697 -[is_a]-> GO:0046189
GO:1901698 -[is_a]-> GO:0042221
GO:1901699 -[is_a]-> GO:0070887
GO:1901699 -[is_a]-> GO:1901698
GO:1901700 -[is_a]-> GO:0042221
GO:1901701 -[is_a]-> GO:0070887
GO:1901701 -[is_a]-> GO:1901700
GO:1901702 -[is_a]-> GO:0022857
GO:1901703 -[is_a]-> GO:0008104
GO:1901703 -[part_of]-> GO:0009926
GO:1901704 -[is_a]-> GO:0009084
GO:1901705 -[is_a]-> GO:0009067
GO:1901705 -[is_a]-> GO:0009097
GO:1901706 -[is_a]-> GO:0048762
GO:1901706 -[part_of]-> GO:0060348
GO:1901707 -[is_a]-> GO:0008289
GO:1901707 -[is_a]-> GO:0043177
GO:1901707 -[is_a]-> GO:0097159
GO:1901707 -[is_a]-> GO:1901363
GO:1901708 -[is_a]-> GO:0009807
GO:1901708 -[is_a]-> GO:0018130
GO:1901709 -[is_a]-> GO:0009806
GO:1901709 -[is_a]-> GO:0018958
GO:1901709 -[is_a]-> GO:0046483
GO:1901710 -[is_a]-> GO:2000282
GO:1901710 -[regulates]-> GO:0009090
GO:1901711 -[is_a]-> GO:1901710
GO:1901711 -[is_a]-> GO:2000283
GO:1901711 -[negatively_regulates]-> GO:0009090
GO:1901712 -[is_a]-> GO:1901710
GO:1901712 -[is_a]-> GO:2000284
GO:1901712 -[positively_regulates]-> GO:0009090
GO:1901713 -[is_a]-> GO:0034252
GO:1901713 -[is_a]-> GO:0034254
GO:1901713 -[is_a]-> GO:1903315
GO:1901713 -[negatively_regulates]-> GO:0043419
GO:1901714 -[is_a]-> GO:0034253
GO:1901714 -[is_a]-> GO:0034254
GO:1901714 -[is_a]-> GO:1903316
GO:1901714 -[positively_regulates]-> GO:0043419
GO:1901715 -[is_a]-> GO:0006521
GO:1901715 -[is_a]-> GO:0031329
GO:1901715 -[regulates]-> GO:0009450
GO:1901716 -[is_a]-> GO:0031330
GO:1901716 -[is_a]-> GO:0045763
GO:1901716 -[is_a]-> GO:1901715
GO:1901716 -[negatively_regulates]-> GO:0009450
GO:1901717 -[is_a]-> GO:0031331
GO:1901717 -[is_a]-> GO:0045764
GO:1901717 -[is_a]-> GO:1901715
GO:1901717 -[positively_regulates]-> GO:0009450
GO:1901718 -[is_a]-> GO:0035953
GO:1901718 -[is_a]-> GO:2001148
GO:1901718 -[regulates]-> GO:0100063
GO:1901719 -[is_a]-> GO:0090234
GO:1901719 -[regulates]-> GO:0044768
GO:1901720 -[is_a]-> GO:1901719
GO:1901720 -[is_a]-> GO:1905560
GO:1901720 -[negatively_regulates]-> GO:0044768
GO:1901721 -[is_a]-> GO:1901719
GO:1901721 -[is_a]-> GO:1905561
GO:1901721 -[positively_regulates]-> GO:0044768
GO:1901722 -[is_a]-> GO:0042127
GO:1901722 -[is_a]-> GO:0090183
GO:1901722 -[regulates]-> GO:0072111
GO:1901723 -[is_a]-> GO:0008285
GO:1901723 -[is_a]-> GO:0090185
GO:1901723 -[is_a]-> GO:1901722
GO:1901723 -[negatively_regulates]-> GO:0072111
GO:1901724 -[is_a]-> GO:0008284
GO:1901724 -[is_a]-> GO:0090184
GO:1901724 -[is_a]-> GO:1901722
GO:1901724 -[positively_regulates]-> GO:0072111
GO:1901725 -[is_a]-> GO:0031063
GO:1901725 -[is_a]-> GO:0051336
GO:1901725 -[regulates]-> GO:0004407
GO:1901726 -[is_a]-> GO:0031064
GO:1901726 -[is_a]-> GO:0051346
GO:1901726 -[is_a]-> GO:1901725
GO:1901726 -[negatively_regulates]-> GO:0004407
GO:1901727 -[is_a]-> GO:0031065
GO:1901727 -[is_a]-> GO:0090045
GO:1901727 -[is_a]-> GO:1901725
GO:1901727 -[positively_regulates]-> GO:0004407
GO:1901728 -[is_a]-> GO:0006066
GO:1901728 -[is_a]-> GO:0006082
GO:1901728 -[is_a]-> GO:0046483
GO:1901728 -[is_a]-> GO:1901360
GO:1901729 -[is_a]-> GO:0016054
GO:1901729 -[is_a]-> GO:0046164
GO:1901729 -[is_a]-> GO:0046700
GO:1901729 -[is_a]-> GO:1901361
GO:1901729 -[is_a]-> GO:1901728
GO:1901730 -[is_a]-> GO:0016053
GO:1901730 -[is_a]-> GO:0018130
GO:1901730 -[is_a]-> GO:0046165
GO:1901730 -[is_a]-> GO:1901362
GO:1901730 -[is_a]-> GO:1901728
GO:1901731 -[is_a]-> GO:0010572
GO:1901731 -[is_a]-> GO:0034112
GO:1901731 -[is_a]-> GO:0090330
GO:1901731 -[positively_regulates]-> GO:0070527
GO:1901732 -[is_a]-> GO:0051552
GO:1901732 -[is_a]-> GO:1901615
GO:1901733 -[is_a]-> GO:0044712
GO:1901733 -[is_a]-> GO:0046275
GO:1901733 -[is_a]-> GO:1901616
GO:1901733 -[is_a]-> GO:1901732
GO:1901734 -[is_a]-> GO:0051553
GO:1901734 -[is_a]-> GO:1901617
GO:1901734 -[is_a]-> GO:1901732
GO:1901735 -[is_a]-> GO:0006082
GO:1901735 -[is_a]-> GO:1901615
GO:1901736 -[is_a]-> GO:0016054
GO:1901736 -[is_a]-> GO:1901616
GO:1901736 -[is_a]-> GO:1901735
GO:1901737 -[is_a]-> GO:0016053
GO:1901737 -[is_a]-> GO:1901617
GO:1901737 -[is_a]-> GO:1901735
GO:1901738 -[is_a]-> GO:0019747
GO:1901738 -[is_a]-> GO:0030656
GO:1901738 -[regulates]-> GO:0006776
GO:1901739 -[is_a]-> GO:0010830
GO:1901739 -[is_a]-> GO:0060142
GO:1901739 -[regulates]-> GO:0007520
GO:1901740 -[is_a]-> GO:0010832
GO:1901740 -[is_a]-> GO:0034242
GO:1901740 -[is_a]-> GO:1901739
GO:1901740 -[negatively_regulates]-> GO:0007520
GO:1901741 -[is_a]-> GO:0010831
GO:1901741 -[is_a]-> GO:0060143
GO:1901741 -[is_a]-> GO:1901739
GO:1901741 -[positively_regulates]-> GO:0007520
GO:1901742 -[is_a]-> GO:0019751
GO:1901743 -[is_a]-> GO:0046174
GO:1901743 -[is_a]-> GO:1901742
GO:1901744 -[is_a]-> GO:0046173
GO:1901744 -[is_a]-> GO:1901742
GO:1901745 -[is_a]-> GO:0043648
GO:1901746 -[is_a]-> GO:0043649
GO:1901746 -[is_a]-> GO:1901745
GO:1901747 -[is_a]-> GO:0043650
GO:1901747 -[is_a]-> GO:1901745
GO:1901748 -[is_a]-> GO:0006790
GO:1901748 -[is_a]-> GO:0044763
GO:1901748 -[is_a]-> GO:1901568
GO:1901749 -[is_a]-> GO:0044273
GO:1901749 -[is_a]-> GO:1901523
GO:1901749 -[is_a]-> GO:1901748
GO:1901750 -[is_a]-> GO:0044272
GO:1901750 -[is_a]-> GO:1901570
GO:1901750 -[is_a]-> GO:1901748
GO:1901751 -[is_a]-> GO:0006082
GO:1901751 -[is_a]-> GO:0006629
GO:1901751 -[is_a]-> GO:0097176
GO:1901751 -[is_a]-> GO:1901568
GO:1901752 -[is_a]-> GO:0016042
GO:1901752 -[is_a]-> GO:0016054
GO:1901752 -[is_a]-> GO:0046700
GO:1901752 -[is_a]-> GO:1901361
GO:1901752 -[is_a]-> GO:1901502
GO:1901752 -[is_a]-> GO:1901523
GO:1901752 -[is_a]-> GO:1901751
GO:1901753 -[is_a]-> GO:0008610
GO:1901753 -[is_a]-> GO:0016053
GO:1901753 -[is_a]-> GO:0018130
GO:1901753 -[is_a]-> GO:1901362
GO:1901753 -[is_a]-> GO:1901503
GO:1901753 -[is_a]-> GO:1901570
GO:1901753 -[is_a]-> GO:1901751
GO:1901754 -[is_a]-> GO:0042369
GO:1901754 -[is_a]-> GO:0046164
GO:1901754 -[is_a]-> GO:0070640
GO:1901755 -[is_a]-> GO:0042368
GO:1901755 -[is_a]-> GO:0070640
GO:1901755 -[is_a]-> GO:1902653
GO:1901756 -[is_a]-> GO:0016137
GO:1901756 -[is_a]-> GO:0019751
GO:1901757 -[is_a]-> GO:0016139
GO:1901757 -[is_a]-> GO:0046174
GO:1901757 -[is_a]-> GO:1901756
GO:1901758 -[is_a]-> GO:0016138
GO:1901758 -[is_a]-> GO:0046173
GO:1901758 -[is_a]-> GO:1901756
GO:1901759 -[is_a]-> GO:0006644
GO:1901759 -[is_a]-> GO:0006664
GO:1901759 -[is_a]-> GO:1901269
GO:1901760 -[is_a]-> GO:0008654
GO:1901760 -[is_a]-> GO:0009247
GO:1901760 -[is_a]-> GO:1901271
GO:1901760 -[is_a]-> GO:1901759
GO:1901761 -[is_a]-> GO:0030638
GO:1901762 -[is_a]-> GO:0030640
GO:1901762 -[is_a]-> GO:1901761
GO:1901763 -[is_a]-> GO:0030639
GO:1901763 -[is_a]-> GO:1901761
GO:1901764 -[is_a]-> GO:0006793
GO:1901765 -[is_a]-> GO:0009056
GO:1901765 -[is_a]-> GO:1901764
GO:1901766 -[is_a]-> GO:0009058
GO:1901766 -[is_a]-> GO:1901764
GO:1901767 -[is_a]-> GO:0030653
GO:1901768 -[is_a]-> GO:0030655
GO:1901768 -[is_a]-> GO:1901767
GO:1901769 -[is_a]-> GO:0030654
GO:1901769 -[is_a]-> GO:1901767
GO:1901770 -[is_a]-> GO:0019439
GO:1901770 -[is_a]-> GO:0030640
GO:1901770 -[is_a]-> GO:0030649
GO:1901770 -[is_a]-> GO:0044597
GO:1901770 -[is_a]-> GO:1901361
GO:1901770 -[is_a]-> GO:1901662
GO:1901771 -[is_a]-> GO:0019438
GO:1901771 -[is_a]-> GO:0030639
GO:1901771 -[is_a]-> GO:0030648
GO:1901771 -[is_a]-> GO:0044597
GO:1901771 -[is_a]-> GO:1901362
GO:1901771 -[is_a]-> GO:1901663
GO:1901772 -[is_a]-> GO:0006575
GO:1901772 -[is_a]-> GO:0016143
GO:1901772 -[is_a]-> GO:0043603
GO:1901772 -[is_a]-> GO:0046483
GO:1901772 -[is_a]-> GO:1901360
GO:1901773 -[is_a]-> GO:0016145
GO:1901773 -[is_a]-> GO:0042219
GO:1901773 -[is_a]-> GO:0046700
GO:1901773 -[is_a]-> GO:1901361
GO:1901773 -[is_a]-> GO:1901772
GO:1901774 -[is_a]-> GO:0016144
GO:1901774 -[is_a]-> GO:0018130
GO:1901774 -[is_a]-> GO:0042398
GO:1901774 -[is_a]-> GO:0043604
GO:1901774 -[is_a]-> GO:1901362
GO:1901774 -[is_a]-> GO:1901772
GO:1901775 -[is_a]-> GO:0046483
GO:1901775 -[is_a]-> GO:1901360
GO:1901775 -[is_a]-> GO:1901564
GO:1901775 -[is_a]-> GO:1901661
GO:1901776 -[is_a]-> GO:0046700
GO:1901776 -[is_a]-> GO:1901361
GO:1901776 -[is_a]-> GO:1901565
GO:1901776 -[is_a]-> GO:1901662
GO:1901776 -[is_a]-> GO:1901775
GO:1901777 -[is_a]-> GO:0018130
GO:1901777 -[is_a]-> GO:1901362
GO:1901777 -[is_a]-> GO:1901566
GO:1901777 -[is_a]-> GO:1901663
GO:1901777 -[is_a]-> GO:1901775
GO:1901778 -[is_a]-> GO:0006082
GO:1901778 -[is_a]-> GO:0006714
GO:1901778 -[is_a]-> GO:0097176
GO:1901778 -[is_a]-> GO:1901334
GO:1901779 -[is_a]-> GO:0016054
GO:1901779 -[is_a]-> GO:0016107
GO:1901779 -[is_a]-> GO:1901335
GO:1901779 -[is_a]-> GO:1901502
GO:1901779 -[is_a]-> GO:1901778
GO:1901780 -[is_a]-> GO:0016053
GO:1901780 -[is_a]-> GO:0016106
GO:1901780 -[is_a]-> GO:1901336
GO:1901780 -[is_a]-> GO:1901503
GO:1901780 -[is_a]-> GO:1901778
GO:1901781 -[is_a]-> GO:0032787
GO:1901782 -[is_a]-> GO:0072329
GO:1901782 -[is_a]-> GO:1901781
GO:1901783 -[is_a]-> GO:0072330
GO:1901783 -[is_a]-> GO:1901781
GO:1901784 -[is_a]-> GO:0042212
GO:1901785 -[is_a]-> GO:0046199
GO:1901785 -[is_a]-> GO:1901784
GO:1901786 -[is_a]-> GO:0046189
GO:1901786 -[is_a]-> GO:1901784
GO:1901787 -[is_a]-> GO:0006637
GO:1901788 -[is_a]-> GO:0044273
GO:1901788 -[is_a]-> GO:1901575
GO:1901788 -[is_a]-> GO:1901787
GO:1901789 -[is_a]-> GO:0071616
GO:1901789 -[is_a]-> GO:1901787
GO:1901790 -[is_a]-> GO:0032787
GO:1901791 -[is_a]-> GO:0072329
GO:1901791 -[is_a]-> GO:1901790
GO:1901792 -[is_a]-> GO:0072330
GO:1901792 -[is_a]-> GO:1901790
GO:1901793 -[is_a]-> GO:0032787
GO:1901794 -[is_a]-> GO:0072329
GO:1901794 -[is_a]-> GO:1901793
GO:1901795 -[is_a]-> GO:0072330
GO:1901795 -[is_a]-> GO:1901793
GO:1901796 -[is_a]-> GO:1902531
GO:1901796 -[regulates]-> GO:0072331
GO:1901797 -[is_a]-> GO:1901796
GO:1901797 -[is_a]-> GO:1902532
GO:1901797 -[negatively_regulates]-> GO:0072331
GO:1901798 -[is_a]-> GO:1901796
GO:1901798 -[is_a]-> GO:1902533
GO:1901798 -[positively_regulates]-> GO:0072331
GO:1901799 -[is_a]-> GO:0061136
GO:1901799 -[is_a]-> GO:1903051
GO:1901799 -[negatively_regulates]-> GO:0010498
GO:1901800 -[is_a]-> GO:0061136
GO:1901800 -[is_a]-> GO:1903052
GO:1901800 -[positively_regulates]-> GO:0010498
GO:1901801 -[is_a]-> GO:0005996
GO:1901802 -[is_a]-> GO:0046365
GO:1901802 -[is_a]-> GO:1901801
GO:1901803 -[is_a]-> GO:0046364
GO:1901803 -[is_a]-> GO:1901801
GO:1901804 -[is_a]-> GO:0016137
GO:1901805 -[is_a]-> GO:0016139
GO:1901805 -[is_a]-> GO:1901804
GO:1901806 -[is_a]-> GO:0016138
GO:1901806 -[is_a]-> GO:1901804
GO:1901807 -[is_a]-> GO:0016122
GO:1901808 -[is_a]-> GO:0016124
GO:1901808 -[is_a]-> GO:1901807
GO:1901809 -[is_a]-> GO:0016123
GO:1901809 -[is_a]-> GO:1901807
GO:1901810 -[is_a]-> GO:0016119
GO:1901811 -[is_a]-> GO:0016121
GO:1901811 -[is_a]-> GO:1901810
GO:1901812 -[is_a]-> GO:0016120
GO:1901812 -[is_a]-> GO:1901810
GO:1901813 -[is_a]-> GO:0016122
GO:1901814 -[is_a]-> GO:0016124
GO:1901814 -[is_a]-> GO:1901813
GO:1901815 -[is_a]-> GO:0016123
GO:1901815 -[is_a]-> GO:1901813
GO:1901816 -[is_a]-> GO:0016119
GO:1901817 -[is_a]-> GO:0016121
GO:1901817 -[is_a]-> GO:1901816
GO:1901818 -[is_a]-> GO:0016120
GO:1901818 -[is_a]-> GO:1901816
GO:1901819 -[is_a]-> GO:0016119
GO:1901820 -[is_a]-> GO:0016121
GO:1901820 -[is_a]-> GO:1901819
GO:1901821 -[is_a]-> GO:0016120
GO:1901821 -[is_a]-> GO:1901819
GO:1901822 -[is_a]-> GO:0016119
GO:1901823 -[is_a]-> GO:0016121
GO:1901823 -[is_a]-> GO:1901822
GO:1901824 -[is_a]-> GO:0016120
GO:1901824 -[is_a]-> GO:1901822
GO:1901825 -[is_a]-> GO:0016122
GO:1901826 -[is_a]-> GO:0016124
GO:1901826 -[is_a]-> GO:1901825
GO:1901827 -[is_a]-> GO:0016123
GO:1901827 -[is_a]-> GO:1901825
GO:1901828 -[is_a]-> GO:0016116
GO:1901828 -[is_a]-> GO:1901804
GO:1901829 -[is_a]-> GO:0016118
GO:1901829 -[is_a]-> GO:1901805
GO:1901829 -[is_a]-> GO:1901828
GO:1901830 -[is_a]-> GO:0016117
GO:1901830 -[is_a]-> GO:1901806
GO:1901830 -[is_a]-> GO:1901828
GO:1901831 -[is_a]-> GO:0016122
GO:1901831 -[is_a]-> GO:0097176
GO:1901832 -[is_a]-> GO:0016124
GO:1901832 -[is_a]-> GO:0046700
GO:1901832 -[is_a]-> GO:1901361
GO:1901832 -[is_a]-> GO:1901502
GO:1901832 -[is_a]-> GO:1901831
GO:1901833 -[is_a]-> GO:0016123
GO:1901833 -[is_a]-> GO:0018130
GO:1901833 -[is_a]-> GO:1901362
GO:1901833 -[is_a]-> GO:1901503
GO:1901833 -[is_a]-> GO:1901831
GO:1901834 -[is_a]-> GO:0061013
GO:1901834 -[regulates]-> GO:0031087
GO:1901835 -[is_a]-> GO:0061014
GO:1901835 -[is_a]-> GO:1901834
GO:1901835 -[positively_regulates]-> GO:0031087
GO:1901836 -[is_a]-> GO:0006356
GO:1901836 -[regulates]-> GO:0042790
GO:1901837 -[is_a]-> GO:0016479
GO:1901837 -[is_a]-> GO:1901836
GO:1901837 -[negatively_regulates]-> GO:0042790
GO:1901838 -[is_a]-> GO:0045943
GO:1901838 -[is_a]-> GO:1901836
GO:1901838 -[positively_regulates]-> GO:0042790
GO:1901839 -[is_a]-> GO:2000677
GO:1901839 -[regulates]-> GO:0001163
GO:1901840 -[is_a]-> GO:1901839
GO:1901840 -[is_a]-> GO:2000678
GO:1901840 -[negatively_regulates]-> GO:0001163
GO:1901841 -[is_a]-> GO:1901385
GO:1901841 -[regulates]-> GO:0008331
GO:1901842 -[is_a]-> GO:1901386
GO:1901842 -[is_a]-> GO:1901841
GO:1901842 -[negatively_regulates]-> GO:0008331
GO:1901843 -[is_a]-> GO:1901387
GO:1901843 -[is_a]-> GO:1901841
GO:1901843 -[positively_regulates]-> GO:0008331
GO:1901844 -[is_a]-> GO:0010649
GO:1901844 -[is_a]-> GO:1903779
GO:1901844 -[regulates]-> GO:0086064
GO:1901845 -[is_a]-> GO:0010651
GO:1901845 -[is_a]-> GO:1901844
GO:1901845 -[is_a]-> GO:1903780
GO:1901845 -[negatively_regulates]-> GO:0086064
GO:1901846 -[is_a]-> GO:0010650
GO:1901846 -[is_a]-> GO:1901844
GO:1901846 -[is_a]-> GO:1903781
GO:1901846 -[positively_regulates]-> GO:0086064
GO:1901847 -[is_a]-> GO:0032787
GO:1901848 -[is_a]-> GO:0072329
GO:1901848 -[is_a]-> GO:1901847
GO:1901849 -[is_a]-> GO:0072330
GO:1901849 -[is_a]-> GO:1901847
GO:1901850 -[is_a]-> GO:0046483
GO:1901850 -[is_a]-> GO:1901360
GO:1901850 -[is_a]-> GO:1901564
GO:1901851 -[is_a]-> GO:0046700
GO:1901851 -[is_a]-> GO:1901361
GO:1901851 -[is_a]-> GO:1901565
GO:1901851 -[is_a]-> GO:1901850
GO:1901852 -[is_a]-> GO:0018130
GO:1901852 -[is_a]-> GO:1901362
GO:1901852 -[is_a]-> GO:1901566
GO:1901852 -[is_a]-> GO:1901850
GO:1901853 -[is_a]-> GO:2001117
GO:1901854 -[is_a]-> GO:0042560
GO:1901854 -[is_a]-> GO:0046434
GO:1901854 -[is_a]-> GO:1901853
GO:1901855 -[is_a]-> GO:1901853
GO:1901855 -[is_a]-> GO:2001118
GO:1901856 -[is_a]-> GO:0031324
GO:1901856 -[is_a]-> GO:0043457
GO:1901856 -[negatively_regulates]-> GO:0045333
GO:1901857 -[is_a]-> GO:0031325
GO:1901857 -[is_a]-> GO:0043457
GO:1901857 -[positively_regulates]-> GO:0045333
GO:1901858 -[is_a]-> GO:0010821
GO:1901858 -[is_a]-> GO:0051052
GO:1901858 -[regulates]-> GO:0032042
GO:1901859 -[is_a]-> GO:0010823
GO:1901859 -[is_a]-> GO:0051053
GO:1901859 -[is_a]-> GO:1901858
GO:1901859 -[negatively_regulates]-> GO:0032042
GO:1901860 -[is_a]-> GO:0010822
GO:1901860 -[is_a]-> GO:0051054
GO:1901860 -[is_a]-> GO:1901858
GO:1901860 -[positively_regulates]-> GO:0032042
GO:1901861 -[is_a]-> GO:0050793
GO:1901861 -[regulates]-> GO:0060537
GO:1901862 -[is_a]-> GO:0051093
GO:1901862 -[is_a]-> GO:1901861
GO:1901862 -[negatively_regulates]-> GO:0060537
GO:1901863 -[is_a]-> GO:0051094
GO:1901863 -[is_a]-> GO:1901861
GO:1901863 -[positively_regulates]-> GO:0060537
GO:1901864 -[is_a]-> GO:0016122
GO:1901865 -[is_a]-> GO:0016124
GO:1901865 -[is_a]-> GO:1901864
GO:1901866 -[is_a]-> GO:0016123
GO:1901866 -[is_a]-> GO:1901864
GO:1901867 -[is_a]-> GO:0046448
GO:1901868 -[is_a]-> GO:0009822
GO:1901868 -[is_a]-> GO:0046700
GO:1901868 -[is_a]-> GO:1901361
GO:1901868 -[is_a]-> GO:1901867
GO:1901869 -[is_a]-> GO:0009710
GO:1901869 -[is_a]-> GO:1901867
GO:1901870 -[is_a]-> GO:0042180
GO:1901870 -[is_a]-> GO:0046448
GO:1901871 -[is_a]-> GO:0009822
GO:1901871 -[is_a]-> GO:0042182
GO:1901871 -[is_a]-> GO:0046700
GO:1901871 -[is_a]-> GO:1901361
GO:1901871 -[is_a]-> GO:1901870
GO:1901872 -[is_a]-> GO:0009710
GO:1901872 -[is_a]-> GO:0042181
GO:1901872 -[is_a]-> GO:1901870
GO:1901873 -[is_a]-> GO:0031399
GO:1901873 -[regulates]-> GO:0043687
GO:1901874 -[is_a]-> GO:0031400
GO:1901874 -[is_a]-> GO:1901873
GO:1901874 -[negatively_regulates]-> GO:0043687
GO:1901875 -[is_a]-> GO:0031401
GO:1901875 -[is_a]-> GO:1901873
GO:1901875 -[positively_regulates]-> GO:0043687
GO:1901876 -[is_a]-> GO:0051098
GO:1901876 -[regulates]-> GO:0005509
GO:1901877 -[is_a]-> GO:0051100
GO:1901877 -[is_a]-> GO:1901876
GO:1901877 -[negatively_regulates]-> GO:0005509
GO:1901878 -[is_a]-> GO:0051099
GO:1901878 -[is_a]-> GO:1901876
GO:1901878 -[positively_regulates]-> GO:0005509
GO:1901879 -[is_a]-> GO:0043244
GO:1901879 -[regulates]-> GO:0051261
GO:1901880 -[is_a]-> GO:0043242
GO:1901880 -[is_a]-> GO:1901879
GO:1901880 -[negatively_regulates]-> GO:0051261
GO:1901881 -[is_a]-> GO:0043243
GO:1901881 -[is_a]-> GO:1901879
GO:1901881 -[positively_regulates]-> GO:0051261
GO:1901882 -[is_a]-> GO:0009804
GO:1901883 -[is_a]-> GO:0046226
GO:1901883 -[is_a]-> GO:1901882
GO:1901884 -[is_a]-> GO:0009805
GO:1901884 -[is_a]-> GO:1901882
GO:1901885 -[is_a]-> GO:0006637
GO:1901885 -[is_a]-> GO:0018958
GO:1901886 -[is_a]-> GO:0019336
GO:1901886 -[is_a]-> GO:0044273
GO:1901886 -[is_a]-> GO:1901885
GO:1901887 -[is_a]-> GO:0046189
GO:1901887 -[is_a]-> GO:0071616
GO:1901887 -[is_a]-> GO:1901885
GO:1901888 -[is_a]-> GO:0044087
GO:1901888 -[is_a]-> GO:0051128
GO:1901888 -[regulates]-> GO:0034329
GO:1901889 -[is_a]-> GO:0051129
GO:1901889 -[is_a]-> GO:1901888
GO:1901889 -[negatively_regulates]-> GO:0034329
GO:1901890 -[is_a]-> GO:0044089
GO:1901890 -[is_a]-> GO:0051130
GO:1901890 -[is_a]-> GO:1901888
GO:1901890 -[positively_regulates]-> GO:0034329
GO:1901891 -[is_a]-> GO:0032954
GO:1901891 -[is_a]-> GO:0044087
GO:1901891 -[is_a]-> GO:0051128
GO:1901891 -[regulates]-> GO:0090529
GO:1901892 -[is_a]-> GO:0032466
GO:1901892 -[is_a]-> GO:0051129
GO:1901892 -[is_a]-> GO:1901891
GO:1901892 -[negatively_regulates]-> GO:0090529
GO:1901893 -[is_a]-> GO:0032467
GO:1901893 -[is_a]-> GO:0044089
GO:1901893 -[is_a]-> GO:0051130
GO:1901893 -[is_a]-> GO:1901891
GO:1901893 -[positively_regulates]-> GO:0090529
GO:1901894 -[is_a]-> GO:0043462
GO:1901894 -[is_a]-> GO:1901019
GO:1901894 -[regulates]-> GO:0005388
GO:1901895 -[is_a]-> GO:0032780
GO:1901895 -[is_a]-> GO:1901020
GO:1901895 -[is_a]-> GO:1901894
GO:1901895 -[negatively_regulates]-> GO:0005388
GO:1901896 -[is_a]-> GO:0032781
GO:1901896 -[is_a]-> GO:1901021
GO:1901896 -[is_a]-> GO:1901894
GO:1901896 -[positively_regulates]-> GO:0005388
GO:1901897 -[is_a]-> GO:1901077
GO:1901897 -[regulates]-> GO:0055119
GO:1901898 -[is_a]-> GO:1901078
GO:1901898 -[is_a]-> GO:1901897
GO:1901898 -[negatively_regulates]-> GO:0055119
GO:1901899 -[is_a]-> GO:1901079
GO:1901899 -[is_a]-> GO:1901897
GO:1901899 -[positively_regulates]-> GO:0055119
GO:1901900 -[is_a]-> GO:1903827
GO:1901900 -[regulates]-> GO:0072741
GO:1901901 -[is_a]-> GO:1901900
GO:1901901 -[part_of]-> GO:0000910
GO:1901902 -[is_a]-> GO:0008152
GO:1901903 -[is_a]-> GO:0009056
GO:1901903 -[is_a]-> GO:1901902
GO:1901904 -[is_a]-> GO:0009058
GO:1901904 -[is_a]-> GO:1901902
GO:1901905 -[is_a]-> GO:1901698
GO:1901906 -[is_a]-> GO:0015959
GO:1901907 -[is_a]-> GO:0015961
GO:1901907 -[is_a]-> GO:1901906
GO:1901908 -[is_a]-> GO:0015959
GO:1901909 -[is_a]-> GO:0015961
GO:1901909 -[is_a]-> GO:1901908
GO:1901910 -[is_a]-> GO:0009150
GO:1901910 -[is_a]-> GO:0009167
GO:1901910 -[is_a]-> GO:0046128
GO:1901911 -[is_a]-> GO:0009154
GO:1901911 -[is_a]-> GO:0009169
GO:1901911 -[is_a]-> GO:0046130
GO:1901911 -[is_a]-> GO:1901910
GO:1901913 -[is_a]-> GO:0051128
GO:1901913 -[regulates]-> GO:0045230
GO:1901914 -[is_a]-> GO:0051129
GO:1901914 -[is_a]-> GO:1901913
GO:1901914 -[negatively_regulates]-> GO:0045230
GO:1901915 -[is_a]-> GO:0051130
GO:1901915 -[is_a]-> GO:1901913
GO:1901915 -[positively_regulates]-> GO:0045230
GO:1901916 -[is_a]-> GO:0004672
GO:1901916 -[part_of]-> GO:1901901
GO:1901917 -[is_a]-> GO:0060700
GO:1901917 -[regulates]-> GO:0004532
GO:1901918 -[is_a]-> GO:0060701
GO:1901918 -[is_a]-> GO:1901917
GO:1901918 -[negatively_regulates]-> GO:0004532
GO:1901919 -[is_a]-> GO:0032075
GO:1901919 -[is_a]-> GO:0051254
GO:1901919 -[is_a]-> GO:1901917
GO:1901919 -[positively_regulates]-> GO:0004532
GO:1901920 -[is_a]-> GO:0035335
GO:1901920 -[part_of]-> GO:0032147
GO:1901921 -[is_a]-> GO:0070816
GO:1901921 -[part_of]-> GO:0034402
GO:1901922 -[is_a]-> GO:2000026
GO:1901922 -[regulates]-> GO:1990045
GO:1901923 -[is_a]-> GO:0051093
GO:1901923 -[is_a]-> GO:0051241
GO:1901923 -[is_a]-> GO:1901922
GO:1901923 -[negatively_regulates]-> GO:1990045
GO:1901924 -[is_a]-> GO:0051094
GO:1901924 -[is_a]-> GO:0051240
GO:1901924 -[is_a]-> GO:1901922
GO:1901924 -[positively_regulates]-> GO:1990045
GO:1901925 -[is_a]-> GO:0072479
GO:1901926 -[is_a]-> GO:0051761
GO:1901926 -[is_a]-> GO:1901360
GO:1901927 -[is_a]-> GO:0051763
GO:1901927 -[is_a]-> GO:1901361
GO:1901927 -[is_a]-> GO:1901926
GO:1901928 -[is_a]-> GO:0051762
GO:1901928 -[is_a]-> GO:1901362
GO:1901928 -[is_a]-> GO:1901926
GO:1901929 -[is_a]-> GO:0051761
GO:1901930 -[is_a]-> GO:0051763
GO:1901930 -[is_a]-> GO:1901929
GO:1901931 -[is_a]-> GO:0051762
GO:1901931 -[is_a]-> GO:1901929
GO:1901932 -[is_a]-> GO:0051761
GO:1901933 -[is_a]-> GO:0051763
GO:1901933 -[is_a]-> GO:1901932
GO:1901934 -[is_a]-> GO:0051762
GO:1901934 -[is_a]-> GO:1901932
GO:1901935 -[is_a]-> GO:0051761
GO:1901935 -[is_a]-> GO:1901360
GO:1901936 -[is_a]-> GO:0051763
GO:1901936 -[is_a]-> GO:1901361
GO:1901936 -[is_a]-> GO:1901935
GO:1901937 -[is_a]-> GO:0051762
GO:1901937 -[is_a]-> GO:1901362
GO:1901937 -[is_a]-> GO:1901935
GO:1901938 -[is_a]-> GO:0051761
GO:1901938 -[is_a]-> GO:1900673
GO:1901938 -[is_a]-> GO:1901360
GO:1901939 -[is_a]-> GO:0051763
GO:1901939 -[is_a]-> GO:1901361
GO:1901939 -[is_a]-> GO:1901938
GO:1901940 -[is_a]-> GO:0051762
GO:1901940 -[is_a]-> GO:1900674
GO:1901940 -[is_a]-> GO:1901362
GO:1901940 -[is_a]-> GO:1901938
GO:1901941 -[is_a]-> GO:0006714
GO:1901942 -[is_a]-> GO:0016107
GO:1901942 -[is_a]-> GO:1901941
GO:1901943 -[is_a]-> GO:0016106
GO:1901943 -[is_a]-> GO:1901941
GO:1901944 -[is_a]-> GO:0042214
GO:1901945 -[is_a]-> GO:0046247
GO:1901945 -[is_a]-> GO:1901944
GO:1901946 -[is_a]-> GO:0046246
GO:1901946 -[is_a]-> GO:1901944
GO:1901947 -[is_a]-> GO:0006644
GO:1901947 -[is_a]-> GO:0016101
GO:1901948 -[is_a]-> GO:0009395
GO:1901948 -[is_a]-> GO:0016103
GO:1901948 -[is_a]-> GO:1901947
GO:1901949 -[is_a]-> GO:0008654
GO:1901949 -[is_a]-> GO:0016102
GO:1901949 -[is_a]-> GO:1901947
GO:1901950 -[is_a]-> GO:0016482
GO:1901950 -[is_a]-> GO:0032253
GO:1901950 -[is_a]-> GO:0051650
GO:1901950 -[occurs_in]-> GO:0005829
GO:1901951 -[is_a]-> GO:1901608
GO:1901951 -[is_a]-> GO:1904809
GO:1901951 -[regulates]-> GO:1990048
GO:1901952 -[is_a]-> GO:1901609
GO:1901952 -[is_a]-> GO:1901951
GO:1901952 -[is_a]-> GO:1904810
GO:1901952 -[negatively_regulates]-> GO:1990048
GO:1901953 -[is_a]-> GO:1901610
GO:1901953 -[is_a]-> GO:1901951
GO:1901953 -[is_a]-> GO:1904811
GO:1901953 -[positively_regulates]-> GO:1990048
GO:1901954 -[is_a]-> GO:1901608
GO:1901954 -[is_a]-> GO:1904809
GO:1901954 -[is_a]-> GO:2001017
GO:1901954 -[regulates]-> GO:1990049
GO:1901955 -[is_a]-> GO:1901609
GO:1901955 -[is_a]-> GO:1901954
GO:1901955 -[is_a]-> GO:1904810
GO:1901955 -[is_a]-> GO:2001018
GO:1901955 -[negatively_regulates]-> GO:1990049
GO:1901956 -[is_a]-> GO:1901610
GO:1901956 -[is_a]-> GO:1901954
GO:1901956 -[is_a]-> GO:1904811
GO:1901956 -[is_a]-> GO:2001019
GO:1901956 -[positively_regulates]-> GO:1990049
GO:1901957 -[is_a]-> GO:0010556
GO:1901957 -[regulates]-> GO:0010143
GO:1901958 -[is_a]-> GO:0010558
GO:1901958 -[is_a]-> GO:1901957
GO:1901958 -[negatively_regulates]-> GO:0010143
GO:1901959 -[is_a]-> GO:0010557
GO:1901959 -[is_a]-> GO:1901957
GO:1901959 -[positively_regulates]-> GO:0010143
GO:1901960 -[is_a]-> GO:0034308
GO:1901961 -[is_a]-> GO:0034309
GO:1901961 -[is_a]-> GO:1901960
GO:1901962 -[is_a]-> GO:0015805
GO:1901962 -[is_a]-> GO:0055085
GO:1901963 -[is_a]-> GO:2000136
GO:1901963 -[regulates]-> GO:0061325
GO:1901964 -[is_a]-> GO:1901963
GO:1901964 -[is_a]-> GO:2000138
GO:1901964 -[positively_regulates]-> GO:0061325
GO:1901965 -[is_a]-> GO:0006810
GO:1901966 -[is_a]-> GO:0010646
GO:1901966 -[is_a]-> GO:0032107
GO:1901966 -[is_a]-> GO:0080135
GO:1901966 -[regulates]-> GO:0010106
GO:1901967 -[is_a]-> GO:0010648
GO:1901967 -[is_a]-> GO:0032108
GO:1901967 -[is_a]-> GO:1901966
GO:1901967 -[negatively_regulates]-> GO:0010106
GO:1901968 -[is_a]-> GO:0010921
GO:1901968 -[is_a]-> GO:0019219
GO:1901968 -[is_a]-> GO:0060255
GO:1901968 -[regulates]-> GO:0046403
GO:1901969 -[is_a]-> GO:0010604
GO:1901969 -[is_a]-> GO:0010922
GO:1901969 -[is_a]-> GO:0045935
GO:1901969 -[is_a]-> GO:1901968
GO:1901969 -[positively_regulates]-> GO:0046403
GO:1901970 -[is_a]-> GO:0010965
GO:1901970 -[is_a]-> GO:0045840
GO:1901970 -[is_a]-> GO:0051984
GO:1901970 -[is_a]-> GO:2001252
GO:1901970 -[positively_regulates]-> GO:0051306
GO:1901971 -[is_a]-> GO:1902544
GO:1901971 -[regulates]-> GO:1990053
GO:1901972 -[is_a]-> GO:1901971
GO:1901972 -[is_a]-> GO:1902546
GO:1901972 -[positively_regulates]-> GO:1990053
GO:1901973 -[is_a]-> GO:0043177
GO:1901973 -[is_a]-> GO:0097159
GO:1901973 -[is_a]-> GO:1901363
GO:1901974 -[is_a]-> GO:0042879
GO:1901974 -[part_of]-> GO:1901975
GO:1901975 -[is_a]-> GO:0042873
GO:1901975 -[is_a]-> GO:0098656
GO:1901976 -[is_a]-> GO:0010564
GO:1901976 -[regulates]-> GO:0000075
GO:1901977 -[is_a]-> GO:0010948
GO:1901977 -[is_a]-> GO:1901976
GO:1901977 -[negatively_regulates]-> GO:0000075
GO:1901978 -[is_a]-> GO:0090068
GO:1901978 -[is_a]-> GO:1901976
GO:1901978 -[positively_regulates]-> GO:0000075
GO:1901979 -[is_a]-> GO:0010469
GO:1901979 -[is_a]-> GO:1901016
GO:1901979 -[is_a]-> GO:2001257
GO:1901979 -[regulates]-> GO:0005242
GO:1901980 -[is_a]-> GO:1901979
GO:1901980 -[is_a]-> GO:1903818
GO:1901980 -[is_a]-> GO:2000273
GO:1901980 -[positively_regulates]-> GO:0005242
GO:1901981 -[is_a]-> GO:0035091
GO:1901982 -[is_a]-> GO:0048030
GO:1901983 -[is_a]-> GO:0031399
GO:1901983 -[regulates]-> GO:0006473
GO:1901984 -[is_a]-> GO:0031400
GO:1901984 -[is_a]-> GO:1901983
GO:1901984 -[negatively_regulates]-> GO:0006473
GO:1901985 -[is_a]-> GO:0031401
GO:1901985 -[is_a]-> GO:1901983
GO:1901985 -[positively_regulates]-> GO:0006473
GO:1901986 -[is_a]-> GO:0010243
GO:1901986 -[is_a]-> GO:0014070
GO:1901986 -[is_a]-> GO:1901654
GO:1901987 -[is_a]-> GO:0010564
GO:1901987 -[regulates]-> GO:0044770
GO:1901988 -[is_a]-> GO:0010948
GO:1901988 -[is_a]-> GO:1901987
GO:1901988 -[negatively_regulates]-> GO:0044770
GO:1901989 -[is_a]-> GO:0090068
GO:1901989 -[is_a]-> GO:1901987
GO:1901989 -[positively_regulates]-> GO:0044770
GO:1901990 -[is_a]-> GO:0007346
GO:1901990 -[is_a]-> GO:1901987
GO:1901990 -[regulates]-> GO:0044772
GO:1901991 -[is_a]-> GO:0045930
GO:1901991 -[is_a]-> GO:1901988
GO:1901991 -[is_a]-> GO:1901990
GO:1901991 -[negatively_regulates]-> GO:0044772
GO:1901992 -[is_a]-> GO:0045931
GO:1901992 -[is_a]-> GO:1901989
GO:1901992 -[is_a]-> GO:1901990
GO:1901992 -[positively_regulates]-> GO:0044772
GO:1901993 -[is_a]-> GO:0051445
GO:1901993 -[is_a]-> GO:1901987
GO:1901993 -[regulates]-> GO:0044771
GO:1901994 -[is_a]-> GO:0051447
GO:1901994 -[is_a]-> GO:1901988
GO:1901994 -[is_a]-> GO:1901993
GO:1901994 -[negatively_regulates]-> GO:0044771
GO:1901995 -[is_a]-> GO:0051446
GO:1901995 -[is_a]-> GO:1901989
GO:1901995 -[is_a]-> GO:1901993
GO:1901995 -[positively_regulates]-> GO:0044771
GO:1901996 -[is_a]-> GO:0010600
GO:1901996 -[is_a]-> GO:0090357
GO:1901996 -[regulates]-> GO:0009848
GO:1901997 -[is_a]-> GO:0032353
GO:1901997 -[is_a]-> GO:0033239
GO:1901997 -[is_a]-> GO:0090356
GO:1901997 -[is_a]-> GO:1901996
GO:1901997 -[negatively_regulates]-> GO:0009848
GO:1901998 -[is_a]-> GO:0006810
GO:1901999 -[is_a]-> GO:0032787
GO:1902000 -[is_a]-> GO:0072329
GO:1902000 -[is_a]-> GO:1901999
GO:1902001 -[is_a]-> GO:0006869
GO:1902001 -[is_a]-> GO:1905039
GO:1902002 -[is_a]-> GO:0006468
GO:1902002 -[part_of]-> GO:0044257
GO:1902003 -[is_a]-> GO:0034248
GO:1902003 -[is_a]-> GO:1902991
GO:1902003 -[regulates]-> GO:0034205
GO:1902004 -[is_a]-> GO:0034250
GO:1902004 -[is_a]-> GO:1902003
GO:1902004 -[is_a]-> GO:1902993
GO:1902004 -[positively_regulates]-> GO:0034205
GO:1902005 -[is_a]-> GO:2000214
GO:1902005 -[is_a]-> GO:2000282
GO:1902005 -[regulates]-> GO:0006561
GO:1902006 -[is_a]-> GO:1902005
GO:1902006 -[is_a]-> GO:2000215
GO:1902006 -[is_a]-> GO:2000283
GO:1902006 -[negatively_regulates]-> GO:0006561
GO:1902007 -[is_a]-> GO:0051049
GO:1902007 -[regulates]-> GO:1901998
GO:1902008 -[is_a]-> GO:0051051
GO:1902008 -[is_a]-> GO:1902007
GO:1902008 -[negatively_regulates]-> GO:1901998
GO:1902009 -[is_a]-> GO:0051050
GO:1902009 -[is_a]-> GO:1902007
GO:1902009 -[positively_regulates]-> GO:1901998
GO:1902010 -[is_a]-> GO:0032055
GO:1902010 -[is_a]-> GO:0036490
GO:1902011 -[is_a]-> GO:0046374
GO:1902012 -[is_a]-> GO:0019350
GO:1902012 -[is_a]-> GO:1902011
GO:1902013 -[is_a]-> GO:0046374
GO:1902014 -[is_a]-> GO:0019350
GO:1902014 -[is_a]-> GO:1902013
GO:1902015 -[is_a]-> GO:0046374
GO:1902016 -[is_a]-> GO:0019350
GO:1902016 -[is_a]-> GO:1902015
GO:1902017 -[is_a]-> GO:0060491
GO:1902017 -[is_a]-> GO:1902115
GO:1902017 -[regulates]-> GO:0060271
GO:1902018 -[is_a]-> GO:0031345
GO:1902018 -[is_a]-> GO:1902017
GO:1902018 -[is_a]-> GO:1902116
GO:1902018 -[negatively_regulates]-> GO:0060271
GO:1902019 -[is_a]-> GO:2000145
GO:1902019 -[regulates]-> GO:0060285
GO:1902020 -[is_a]-> GO:1902019
GO:1902020 -[is_a]-> GO:2000146
GO:1902020 -[negatively_regulates]-> GO:0060285
GO:1902021 -[is_a]-> GO:2000145
GO:1902021 -[regulates]-> GO:0071973
GO:1902022 -[is_a]-> GO:0006865
GO:1902023 -[is_a]-> GO:0006865
GO:1902024 -[is_a]-> GO:0006865
GO:1902024 -[is_a]-> GO:0045117
GO:1902025 -[is_a]-> GO:0015706
GO:1902026 -[is_a]-> GO:0061035
GO:1902026 -[is_a]-> GO:2000027
GO:1902026 -[regulates]-> GO:0001502
GO:1902027 -[is_a]-> GO:0061036
GO:1902027 -[is_a]-> GO:1902026
GO:1902027 -[positively_regulates]-> GO:0001502
GO:1902028 -[is_a]-> GO:0035065
GO:1902028 -[regulates]-> GO:0043971
GO:1902029 -[is_a]-> GO:0035066
GO:1902029 -[is_a]-> GO:1902028
GO:1902029 -[positively_regulates]-> GO:0043971
GO:1902030 -[is_a]-> GO:0035067
GO:1902030 -[is_a]-> GO:1902028
GO:1902030 -[negatively_regulates]-> GO:0043971
GO:1902031 -[is_a]-> GO:0006140
GO:1902031 -[is_a]-> GO:0051196
GO:1902031 -[regulates]-> GO:0006739
GO:1902033 -[is_a]-> GO:0072091
GO:1902033 -[is_a]-> GO:1903706
GO:1902033 -[regulates]-> GO:0071425
GO:1902034 -[is_a]-> GO:1902033
GO:1902034 -[is_a]-> GO:1903707
GO:1902034 -[is_a]-> GO:2000647
GO:1902034 -[negatively_regulates]-> GO:0071425
GO:1902035 -[is_a]-> GO:1902033
GO:1902035 -[is_a]-> GO:1903708
GO:1902035 -[is_a]-> GO:2000648
GO:1902035 -[positively_regulates]-> GO:0071425
GO:1902036 -[is_a]-> GO:1901532
GO:1902036 -[is_a]-> GO:2000736
GO:1902036 -[regulates]-> GO:0060218
GO:1902037 -[is_a]-> GO:1901533
GO:1902037 -[is_a]-> GO:1902036
GO:1902037 -[is_a]-> GO:2000737
GO:1902037 -[negatively_regulates]-> GO:0060218
GO:1902038 -[is_a]-> GO:1901534
GO:1902038 -[is_a]-> GO:1902036
GO:1902038 -[is_a]-> GO:2000738
GO:1902038 -[positively_regulates]-> GO:0060218
GO:1902039 -[is_a]-> GO:2000033
GO:1902039 -[is_a]-> GO:2000692
GO:1902039 -[negatively_regulates]-> GO:0010162
GO:1902040 -[is_a]-> GO:2000033
GO:1902040 -[is_a]-> GO:2000693
GO:1902040 -[positively_regulates]-> GO:0010162
GO:1902041 -[is_a]-> GO:2001236
GO:1902041 -[regulates]-> GO:0008625
GO:1902042 -[is_a]-> GO:1902041
GO:1902042 -[is_a]-> GO:2001237
GO:1902042 -[negatively_regulates]-> GO:0008625
GO:1902043 -[is_a]-> GO:1902041
GO:1902043 -[is_a]-> GO:2001238
GO:1902043 -[positively_regulates]-> GO:0008625
GO:1902044 -[is_a]-> GO:0009966
GO:1902044 -[regulates]-> GO:0036337
GO:1902045 -[is_a]-> GO:0009968
GO:1902045 -[is_a]-> GO:1902044
GO:1902045 -[negatively_regulates]-> GO:0036337
GO:1902046 -[is_a]-> GO:0009967
GO:1902046 -[is_a]-> GO:1902044
GO:1902046 -[positively_regulates]-> GO:0036337
GO:1902047 -[is_a]-> GO:0015846
GO:1902047 -[is_a]-> GO:0055085
GO:1902048 -[is_a]-> GO:0018958
GO:1902048 -[is_a]-> GO:0030638
GO:1902048 -[is_a]-> GO:0042180
GO:1902048 -[is_a]-> GO:1900619
GO:1902048 -[is_a]-> GO:1902644
GO:1902049 -[is_a]-> GO:0019336
GO:1902049 -[is_a]-> GO:0030640
GO:1902049 -[is_a]-> GO:0042182
GO:1902049 -[is_a]-> GO:0046164
GO:1902049 -[is_a]-> GO:1902048
GO:1902050 -[is_a]-> GO:0030639
GO:1902050 -[is_a]-> GO:0042181
GO:1902050 -[is_a]-> GO:0046189
GO:1902050 -[is_a]-> GO:1900620
GO:1902050 -[is_a]-> GO:1902048
GO:1902050 -[is_a]-> GO:1902645
GO:1902051 -[is_a]-> GO:0031406
GO:1902052 -[is_a]-> GO:0031406
GO:1902053 -[is_a]-> GO:1900732
GO:1902053 -[is_a]-> GO:1902930
GO:1902053 -[regulates]-> GO:1902050
GO:1902054 -[is_a]-> GO:1900733
GO:1902054 -[is_a]-> GO:1902053
GO:1902054 -[is_a]-> GO:1902931
GO:1902054 -[negatively_regulates]-> GO:1902050
GO:1902055 -[is_a]-> GO:1900734
GO:1902055 -[is_a]-> GO:1902053
GO:1902055 -[is_a]-> GO:1902932
GO:1902055 -[positively_regulates]-> GO:1902050
GO:1902056 -[is_a]-> GO:0019752
GO:1902057 -[is_a]-> GO:0019752
GO:1902058 -[is_a]-> GO:0031155
GO:1902058 -[is_a]-> GO:0043900
GO:1902058 -[regulates]-> GO:0000909
GO:1902059 -[is_a]-> GO:0043901
GO:1902059 -[is_a]-> GO:0075262
GO:1902059 -[is_a]-> GO:1902058
GO:1902059 -[negatively_regulates]-> GO:0000909
GO:1902060 -[is_a]-> GO:0043902
GO:1902060 -[is_a]-> GO:0075261
GO:1902060 -[is_a]-> GO:1902058
GO:1902060 -[positively_regulates]-> GO:0000909
GO:1902061 -[is_a]-> GO:0097164
GO:1902062 -[is_a]-> GO:0009056
GO:1902062 -[is_a]-> GO:1902061
GO:1902063 -[is_a]-> GO:0009058
GO:1902063 -[is_a]-> GO:1902061
GO:1902064 -[is_a]-> GO:0006357
GO:1902064 -[is_a]-> GO:0022414
GO:1902064 -[part_of]-> GO:0007283
GO:1902065 -[is_a]-> GO:0010243
GO:1902065 -[is_a]-> GO:1901700
GO:1902066 -[is_a]-> GO:0032881
GO:1902066 -[is_a]-> GO:0051128
GO:1902066 -[is_a]-> GO:1903338
GO:1902066 -[regulates]-> GO:0052546
GO:1902067 -[is_a]-> GO:0006810
GO:1902068 -[is_a]-> GO:0009966
GO:1902068 -[regulates]-> GO:0090520
GO:1902069 -[is_a]-> GO:0009968
GO:1902069 -[is_a]-> GO:1902068
GO:1902069 -[negatively_regulates]-> GO:0090520
GO:1902070 -[is_a]-> GO:0009967
GO:1902070 -[is_a]-> GO:1902068
GO:1902070 -[positively_regulates]-> GO:0090520
GO:1902071 -[is_a]-> GO:0009966
GO:1902071 -[is_a]-> GO:1900037
GO:1902071 -[regulates]-> GO:0097411
GO:1902072 -[is_a]-> GO:0009968
GO:1902072 -[is_a]-> GO:1900038
GO:1902072 -[is_a]-> GO:1902071
GO:1902072 -[negatively_regulates]-> GO:0097411
GO:1902073 -[is_a]-> GO:0009967
GO:1902073 -[is_a]-> GO:1900039
GO:1902073 -[is_a]-> GO:1902071
GO:1902073 -[positively_regulates]-> GO:0097411
GO:1902074 -[is_a]-> GO:0042221
GO:1902075 -[is_a]-> GO:0070887
GO:1902075 -[is_a]-> GO:1902074
GO:1902076 -[is_a]-> GO:1905483
GO:1902076 -[regulates]-> GO:0097477
GO:1902077 -[is_a]-> GO:1902076
GO:1902077 -[is_a]-> GO:1905484
GO:1902077 -[negatively_regulates]-> GO:0097477
GO:1902078 -[is_a]-> GO:1902076
GO:1902078 -[is_a]-> GO:1905485
GO:1902078 -[positively_regulates]-> GO:0097477
GO:1902079 -[is_a]-> GO:0009083
GO:1902079 -[is_a]-> GO:1901606
GO:1902079 -[is_a]-> GO:1902114
GO:1902080 -[is_a]-> GO:0032386
GO:1902080 -[is_a]-> GO:0090279
GO:1902080 -[regulates]-> GO:1990036
GO:1902081 -[is_a]-> GO:0032387
GO:1902081 -[is_a]-> GO:0090281
GO:1902081 -[is_a]-> GO:1902080
GO:1902081 -[negatively_regulates]-> GO:1990036
GO:1902082 -[is_a]-> GO:0032388
GO:1902082 -[is_a]-> GO:0090280
GO:1902082 -[is_a]-> GO:1902080
GO:1902082 -[positively_regulates]-> GO:1990036
GO:1902083 -[is_a]-> GO:0031400
GO:1902083 -[is_a]-> GO:2000169
GO:1902083 -[negatively_regulates]-> GO:0018119
GO:1902084 -[is_a]-> GO:0006082
GO:1902084 -[is_a]-> GO:0097176
GO:1902085 -[is_a]-> GO:0016054
GO:1902085 -[is_a]-> GO:0046700
GO:1902085 -[is_a]-> GO:1901361
GO:1902085 -[is_a]-> GO:1901502
GO:1902085 -[is_a]-> GO:1902084
GO:1902086 -[is_a]-> GO:0016053
GO:1902086 -[is_a]-> GO:0018130
GO:1902086 -[is_a]-> GO:0019748
GO:1902086 -[is_a]-> GO:1901362
GO:1902086 -[is_a]-> GO:1901503
GO:1902086 -[is_a]-> GO:1902084
GO:1902087 -[is_a]-> GO:0044273
GO:1902087 -[is_a]-> GO:1901575
GO:1902088 -[is_a]-> GO:0009828
GO:1902088 -[is_a]-> GO:0009830
GO:1902088 -[part_of]-> GO:0009838
GO:1902089 -[is_a]-> GO:0044347
GO:1902089 -[part_of]-> GO:0048527
GO:1902090 -[is_a]-> GO:0031326
GO:1902090 -[is_a]-> GO:0043455
GO:1902090 -[regulates]-> GO:1902086
GO:1902091 -[is_a]-> GO:0031327
GO:1902091 -[is_a]-> GO:1902090
GO:1902091 -[negatively_regulates]-> GO:1902086
GO:1902092 -[is_a]-> GO:0031328
GO:1902092 -[is_a]-> GO:1902090
GO:1902092 -[positively_regulates]-> GO:1902086
GO:1902093 -[is_a]-> GO:1901317
GO:1902093 -[is_a]-> GO:2000147
GO:1902093 -[positively_regulates]-> GO:0030317
GO:1902094 -[is_a]-> GO:0032844
GO:1902094 -[is_a]-> GO:0051239
GO:1902094 -[regulates]-> GO:1990079
GO:1902095 -[is_a]-> GO:0032845
GO:1902095 -[is_a]-> GO:0051241
GO:1902095 -[is_a]-> GO:1902094
GO:1902095 -[negatively_regulates]-> GO:1990079
GO:1902096 -[is_a]-> GO:0032846
GO:1902096 -[is_a]-> GO:0051240
GO:1902096 -[is_a]-> GO:1902094
GO:1902096 -[positively_regulates]-> GO:1990079
GO:1902097 -[is_a]-> GO:0045944
GO:1902097 -[part_of]-> GO:0050829
GO:1902098 -[is_a]-> GO:1902271
GO:1902099 -[is_a]-> GO:0033045
GO:1902099 -[is_a]-> GO:1901987
GO:1902099 -[regulates]-> GO:0044784
GO:1902100 -[is_a]-> GO:1901988
GO:1902100 -[is_a]-> GO:1902099
GO:1902100 -[negatively_regulates]-> GO:0044784
GO:1902101 -[is_a]-> GO:1901989
GO:1902101 -[is_a]-> GO:1902099
GO:1902101 -[positively_regulates]-> GO:0044784
GO:1902102 -[is_a]-> GO:1901993
GO:1902102 -[is_a]-> GO:1902099
GO:1902102 -[is_a]-> GO:1905132
GO:1902102 -[regulates]-> GO:0044785
GO:1902103 -[is_a]-> GO:1901994
GO:1902103 -[is_a]-> GO:1902100
GO:1902103 -[is_a]-> GO:1902102
GO:1902103 -[is_a]-> GO:1905133
GO:1902103 -[negatively_regulates]-> GO:0044785
GO:1902104 -[is_a]-> GO:1901995
GO:1902104 -[is_a]-> GO:1902101
GO:1902104 -[is_a]-> GO:1902102
GO:1902104 -[is_a]-> GO:1905134
GO:1902104 -[positively_regulates]-> GO:0044785
GO:1902105 -[is_a]-> GO:0045595
GO:1902105 -[is_a]-> GO:1903706
GO:1902105 -[regulates]-> GO:0002521
GO:1902106 -[is_a]-> GO:0045596
GO:1902106 -[is_a]-> GO:1902105
GO:1902106 -[is_a]-> GO:1903707
GO:1902106 -[negatively_regulates]-> GO:0002521
GO:1902107 -[is_a]-> GO:0045597
GO:1902107 -[is_a]-> GO:1902105
GO:1902107 -[is_a]-> GO:1903708
GO:1902107 -[positively_regulates]-> GO:0002521
GO:1902108 -[is_a]-> GO:0008637
GO:1902108 -[is_a]-> GO:0046902
GO:1902108 -[part_of]-> GO:0006915
GO:1902109 -[is_a]-> GO:0035795
GO:1902109 -[is_a]-> GO:1902108
GO:1902109 -[part_of]-> GO:0006915
GO:1902110 -[is_a]-> GO:1902108
GO:1902110 -[is_a]-> GO:1902686
GO:1902110 -[part_of]-> GO:0006915
GO:1902111 -[is_a]-> GO:0010033
GO:1902111 -[is_a]-> GO:1901700
GO:1902112 -[is_a]-> GO:1901701
GO:1902112 -[is_a]-> GO:1902111
GO:1902113 -[is_a]-> GO:0046939
GO:1902113 -[part_of]-> GO:0006281
GO:1902114 -[is_a]-> GO:0009081
GO:1902114 -[is_a]-> GO:1901605
GO:1902115 -[is_a]-> GO:0033043
GO:1902115 -[is_a]-> GO:0044087
GO:1902115 -[regulates]-> GO:0070925
GO:1902116 -[is_a]-> GO:0010639
GO:1902116 -[is_a]-> GO:1902115
GO:1902116 -[negatively_regulates]-> GO:0070925
GO:1902117 -[is_a]-> GO:0010638
GO:1902117 -[is_a]-> GO:0044089
GO:1902117 -[is_a]-> GO:1902115
GO:1902117 -[positively_regulates]-> GO:0070925
GO:1902118 -[is_a]-> GO:1902271
GO:1902119 -[is_a]-> GO:0032887
GO:1902119 -[is_a]-> GO:0040020
GO:1902119 -[regulates]-> GO:0051232
GO:1902120 -[is_a]-> GO:0045835
GO:1902120 -[is_a]-> GO:0051494
GO:1902120 -[is_a]-> GO:0051985
GO:1902120 -[is_a]-> GO:1902119
GO:1902120 -[negatively_regulates]-> GO:0051232
GO:1902121 -[is_a]-> GO:0005496
GO:1902121 -[is_a]-> GO:0043177
GO:1902122 -[is_a]-> GO:0005496
GO:1902122 -[is_a]-> GO:0043177
GO:1902123 -[is_a]-> GO:0019336
GO:1902123 -[is_a]-> GO:0046273
GO:1902123 -[is_a]-> GO:0046700
GO:1902123 -[is_a]-> GO:1901598
GO:1902124 -[is_a]-> GO:0009806
GO:1902124 -[is_a]-> GO:0018958
GO:1902124 -[is_a]-> GO:0046483
GO:1902125 -[is_a]-> GO:0019336
GO:1902125 -[is_a]-> GO:0046273
GO:1902125 -[is_a]-> GO:0046700
GO:1902125 -[is_a]-> GO:1902124
GO:1902126 -[is_a]-> GO:0009807
GO:1902126 -[is_a]-> GO:0018130
GO:1902126 -[is_a]-> GO:0046189
GO:1902126 -[is_a]-> GO:1902124
GO:1902127 -[is_a]-> GO:0009806
GO:1902127 -[is_a]-> GO:0018958
GO:1902127 -[is_a]-> GO:0046483
GO:1902128 -[is_a]-> GO:0019336
GO:1902128 -[is_a]-> GO:0046273
GO:1902128 -[is_a]-> GO:0046700
GO:1902128 -[is_a]-> GO:1902127
GO:1902129 -[is_a]-> GO:0009807
GO:1902129 -[is_a]-> GO:0018130
GO:1902129 -[is_a]-> GO:0046189
GO:1902129 -[is_a]-> GO:1902127
GO:1902130 -[is_a]-> GO:0009806
GO:1902130 -[is_a]-> GO:0018904
GO:1902130 -[is_a]-> GO:0018958
GO:1902130 -[is_a]-> GO:0034308
GO:1902130 -[is_a]-> GO:0046483
GO:1902131 -[is_a]-> GO:0019336
GO:1902131 -[is_a]-> GO:0034310
GO:1902131 -[is_a]-> GO:0046273
GO:1902131 -[is_a]-> GO:0046700
GO:1902131 -[is_a]-> GO:1901502
GO:1902131 -[is_a]-> GO:1902130
GO:1902132 -[is_a]-> GO:0009807
GO:1902132 -[is_a]-> GO:0018130
GO:1902132 -[is_a]-> GO:0034309
GO:1902132 -[is_a]-> GO:0046189
GO:1902132 -[is_a]-> GO:1901503
GO:1902132 -[is_a]-> GO:1902130
GO:1902133 -[is_a]-> GO:0009806
GO:1902133 -[is_a]-> GO:0018958
GO:1902133 -[is_a]-> GO:0034311
GO:1902134 -[is_a]-> GO:0019336
GO:1902134 -[is_a]-> GO:0034313
GO:1902134 -[is_a]-> GO:0046273
GO:1902134 -[is_a]-> GO:1902133
GO:1902135 -[is_a]-> GO:0009807
GO:1902135 -[is_a]-> GO:0034312
GO:1902135 -[is_a]-> GO:0046189
GO:1902135 -[is_a]-> GO:1902133
GO:1902136 -[is_a]-> GO:0009806
GO:1902136 -[is_a]-> GO:0018958
GO:1902136 -[is_a]-> GO:0034311
GO:1902137 -[is_a]-> GO:0019336
GO:1902137 -[is_a]-> GO:0034313
GO:1902137 -[is_a]-> GO:0046273
GO:1902137 -[is_a]-> GO:1902136
GO:1902138 -[is_a]-> GO:0009807
GO:1902138 -[is_a]-> GO:0034312
GO:1902138 -[is_a]-> GO:0046189
GO:1902138 -[is_a]-> GO:1902136
GO:1902140 -[is_a]-> GO:0010033
GO:1902140 -[is_a]-> GO:1901700
GO:1902141 -[is_a]-> GO:1901701
GO:1902141 -[is_a]-> GO:1902140
GO:1902145 -[is_a]-> GO:0002831
GO:1902145 -[is_a]-> GO:0050794
GO:1902145 -[regulates]-> GO:0072396
GO:1902146 -[is_a]-> GO:0002833
GO:1902146 -[is_a]-> GO:0048522
GO:1902146 -[is_a]-> GO:1902145
GO:1902146 -[positively_regulates]-> GO:0072396
GO:1902147 -[is_a]-> GO:1902145
GO:1902147 -[regulates]-> GO:0072399
GO:1902148 -[is_a]-> GO:1902146
GO:1902148 -[is_a]-> GO:1902147
GO:1902148 -[positively_regulates]-> GO:0072399
GO:1902151 -[is_a]-> GO:1902145
GO:1902151 -[regulates]-> GO:0072402
GO:1902152 -[is_a]-> GO:1902146
GO:1902152 -[is_a]-> GO:1902151
GO:1902152 -[positively_regulates]-> GO:0072402
GO:1902153 -[is_a]-> GO:1902151
GO:1902153 -[regulates]-> GO:0072423
GO:1902154 -[is_a]-> GO:1902152
GO:1902154 -[is_a]-> GO:1902153
GO:1902154 -[positively_regulates]-> GO:0072423
GO:1902155 -[is_a]-> GO:1902153
GO:1902155 -[regulates]-> GO:0072432
GO:1902156 -[is_a]-> GO:1902154
GO:1902156 -[is_a]-> GO:1902155
GO:1902156 -[positively_regulates]-> GO:0072432
GO:1902157 -[is_a]-> GO:1902153
GO:1902157 -[regulates]-> GO:0072426
GO:1902158 -[is_a]-> GO:1902154
GO:1902158 -[is_a]-> GO:1902157
GO:1902158 -[positively_regulates]-> GO:0072426
GO:1902159 -[is_a]-> GO:0010469
GO:1902159 -[is_a]-> GO:0032412
GO:1902159 -[regulates]-> GO:0043855
GO:1902160 -[is_a]-> GO:0032413
GO:1902160 -[is_a]-> GO:1902159
GO:1902160 -[is_a]-> GO:2000272
GO:1902160 -[negatively_regulates]-> GO:0043855
GO:1902161 -[is_a]-> GO:0032414
GO:1902161 -[is_a]-> GO:1902159
GO:1902161 -[is_a]-> GO:2000273
GO:1902161 -[positively_regulates]-> GO:0043855
GO:1902162 -[is_a]-> GO:0043516
GO:1902162 -[regulates]-> GO:0006978
GO:1902163 -[is_a]-> GO:0043518
GO:1902163 -[is_a]-> GO:1902162
GO:1902163 -[negatively_regulates]-> GO:0006978
GO:1902164 -[is_a]-> GO:0043517
GO:1902164 -[is_a]-> GO:1902162
GO:1902164 -[positively_regulates]-> GO:0006978
GO:1902165 -[is_a]-> GO:1902229
GO:1902165 -[is_a]-> GO:1902253
GO:1902165 -[regulates]-> GO:0042771
GO:1902166 -[is_a]-> GO:1902165
GO:1902166 -[is_a]-> GO:1902230
GO:1902166 -[is_a]-> GO:1902254
GO:1902166 -[negatively_regulates]-> GO:0042771
GO:1902167 -[is_a]-> GO:1902165
GO:1902167 -[is_a]-> GO:1902231
GO:1902167 -[is_a]-> GO:1902255
GO:1902167 -[positively_regulates]-> GO:0042771
GO:1902168 -[is_a]-> GO:0080184
GO:1902168 -[is_a]-> GO:1905395
GO:1902169 -[is_a]-> GO:1902168
GO:1902169 -[is_a]-> GO:1905396
GO:1902169 -[is_a]-> GO:1905546
GO:1902170 -[is_a]-> GO:1901699
GO:1902171 -[is_a]-> GO:0031279
GO:1902171 -[regulates]-> GO:0009976
GO:1902172 -[is_a]-> GO:1904035
GO:1902172 -[regulates]-> GO:0097283
GO:1902173 -[is_a]-> GO:1902172
GO:1902173 -[is_a]-> GO:1904036
GO:1902173 -[negatively_regulates]-> GO:0097283
GO:1902174 -[is_a]-> GO:1902172
GO:1902174 -[is_a]-> GO:1904037
GO:1902174 -[positively_regulates]-> GO:0097283
GO:1902175 -[is_a]-> GO:1903201
GO:1902175 -[is_a]-> GO:2001242
GO:1902175 -[regulates]-> GO:0008631
GO:1902176 -[is_a]-> GO:1902175
GO:1902176 -[is_a]-> GO:1903202
GO:1902176 -[is_a]-> GO:2001243
GO:1902176 -[negatively_regulates]-> GO:0008631
GO:1902177 -[is_a]-> GO:1902175
GO:1902177 -[is_a]-> GO:1903209
GO:1902177 -[is_a]-> GO:2001244
GO:1902177 -[positively_regulates]-> GO:0008631
GO:1902178 -[is_a]-> GO:0008543
GO:1902178 -[is_a]-> GO:0097191
GO:1902179 -[is_a]-> GO:0006725
GO:1902179 -[is_a]-> GO:0018904
GO:1902179 -[is_a]-> GO:0034311
GO:1902179 -[is_a]-> GO:0035834
GO:1902179 -[is_a]-> GO:0044763
GO:1902179 -[is_a]-> GO:0046483
GO:1902179 -[is_a]-> GO:1901360
GO:1902180 -[is_a]-> GO:0009822
GO:1902180 -[is_a]-> GO:0019439
GO:1902180 -[is_a]-> GO:0034313
GO:1902180 -[is_a]-> GO:0046700
GO:1902180 -[is_a]-> GO:1901361
GO:1902180 -[is_a]-> GO:1901502
GO:1902180 -[is_a]-> GO:1902179
GO:1902181 -[is_a]-> GO:0018130
GO:1902181 -[is_a]-> GO:0019438
GO:1902181 -[is_a]-> GO:0019748
GO:1902181 -[is_a]-> GO:0034312
GO:1902181 -[is_a]-> GO:0035835
GO:1902181 -[is_a]-> GO:1901362
GO:1902181 -[is_a]-> GO:1901503
GO:1902181 -[is_a]-> GO:1902179
GO:1902182 -[is_a]-> GO:0048507
GO:1902183 -[is_a]-> GO:0048509
GO:1902183 -[regulates]-> GO:1902182
GO:1902184 -[is_a]-> GO:0051093
GO:1902184 -[is_a]-> GO:1902183
GO:1902184 -[negatively_regulates]-> GO:1902182
GO:1902185 -[is_a]-> GO:0051094
GO:1902185 -[is_a]-> GO:1902183
GO:1902185 -[positively_regulates]-> GO:1902182
GO:1902186 -[is_a]-> GO:0040012
GO:1902186 -[is_a]-> GO:1903900
GO:1902186 -[regulates]-> GO:0019076
GO:1902187 -[is_a]-> GO:0040013
GO:1902187 -[is_a]-> GO:1902186
GO:1902187 -[is_a]-> GO:1903901
GO:1902187 -[negatively_regulates]-> GO:0019076
GO:1902188 -[is_a]-> GO:0040017
GO:1902188 -[is_a]-> GO:1902186
GO:1902188 -[is_a]-> GO:1903902
GO:1902188 -[positively_regulates]-> GO:0019076
GO:1902189 -[is_a]-> GO:0006793
GO:1902189 -[is_a]-> GO:0071704
GO:1902190 -[is_a]-> GO:1901575
GO:1902190 -[is_a]-> GO:1902189
GO:1902191 -[is_a]-> GO:1901576
GO:1902191 -[is_a]-> GO:1902189
GO:1902192 -[is_a]-> GO:0006793
GO:1902192 -[is_a]-> GO:0071704
GO:1902193 -[is_a]-> GO:1901575
GO:1902193 -[is_a]-> GO:1902192
GO:1902194 -[is_a]-> GO:1901576
GO:1902194 -[is_a]-> GO:1902192
GO:1902195 -[is_a]-> GO:0006793
GO:1902195 -[is_a]-> GO:0071704
GO:1902196 -[is_a]-> GO:1901575
GO:1902196 -[is_a]-> GO:1902195
GO:1902197 -[is_a]-> GO:1901576
GO:1902197 -[is_a]-> GO:1902195
GO:1902198 -[is_a]-> GO:0006793
GO:1902198 -[is_a]-> GO:0071704
GO:1902199 -[is_a]-> GO:1901575
GO:1902199 -[is_a]-> GO:1902198
GO:1902200 -[is_a]-> GO:1901576
GO:1902200 -[is_a]-> GO:1902198
GO:1902201 -[is_a]-> GO:1902021
GO:1902201 -[is_a]-> GO:2000146
GO:1902201 -[negatively_regulates]-> GO:0071973
GO:1902202 -[is_a]-> GO:0009966
GO:1902202 -[regulates]-> GO:0048012
GO:1902203 -[is_a]-> GO:0009968
GO:1902203 -[is_a]-> GO:1902202
GO:1902203 -[negatively_regulates]-> GO:0048012
GO:1902204 -[is_a]-> GO:0009967
GO:1902204 -[is_a]-> GO:1902202
GO:1902204 -[positively_regulates]-> GO:0048012
GO:1902205 -[is_a]-> GO:0001959
GO:1902205 -[regulates]-> GO:0038110
GO:1902206 -[is_a]-> GO:0001960
GO:1902206 -[is_a]-> GO:1902205
GO:1902206 -[negatively_regulates]-> GO:0038110
GO:1902207 -[is_a]-> GO:0001961
GO:1902207 -[is_a]-> GO:1902205
GO:1902207 -[positively_regulates]-> GO:0038110
GO:1902208 -[is_a]-> GO:0060491
GO:1902208 -[is_a]-> GO:1902115
GO:1902208 -[regulates]-> GO:0044780
GO:1902209 -[is_a]-> GO:0031345
GO:1902209 -[is_a]-> GO:1902116
GO:1902209 -[is_a]-> GO:1902208
GO:1902209 -[negatively_regulates]-> GO:0044780
GO:1902210 -[is_a]-> GO:0031346
GO:1902210 -[is_a]-> GO:1902117
GO:1902210 -[is_a]-> GO:1902208
GO:1902210 -[positively_regulates]-> GO:0044780
GO:1902211 -[is_a]-> GO:0001959
GO:1902211 -[regulates]-> GO:0038161
GO:1902212 -[is_a]-> GO:0001960
GO:1902212 -[is_a]-> GO:1902211
GO:1902212 -[negatively_regulates]-> GO:0038161
GO:1902213 -[is_a]-> GO:0001961
GO:1902213 -[is_a]-> GO:1902211
GO:1902213 -[positively_regulates]-> GO:0038161
GO:1902214 -[is_a]-> GO:0001959
GO:1902214 -[regulates]-> GO:0035771
GO:1902215 -[is_a]-> GO:0001960
GO:1902215 -[is_a]-> GO:1902214
GO:1902215 -[negatively_regulates]-> GO:0035771
GO:1902216 -[is_a]-> GO:0001961
GO:1902216 -[is_a]-> GO:1902214
GO:1902216 -[positively_regulates]-> GO:0035771
GO:1902217 -[is_a]-> GO:0033028
GO:1902218 -[is_a]-> GO:0047484
GO:1902218 -[is_a]-> GO:0080135
GO:1902218 -[is_a]-> GO:2001242
GO:1902218 -[regulates]-> GO:0008627
GO:1902219 -[is_a]-> GO:1902218
GO:1902219 -[is_a]-> GO:2001243
GO:1902219 -[negatively_regulates]-> GO:0008627
GO:1902220 -[is_a]-> GO:1902218
GO:1902220 -[is_a]-> GO:2001244
GO:1902220 -[positively_regulates]-> GO:0008627
GO:1902221 -[is_a]-> GO:1901605
GO:1902222 -[is_a]-> GO:1901606
GO:1902222 -[is_a]-> GO:1902221
GO:1902223 -[is_a]-> GO:1901607
GO:1902223 -[is_a]-> GO:1902221
GO:1902224 -[is_a]-> GO:0071704
GO:1902225 -[is_a]-> GO:0060046
GO:1902225 -[is_a]-> GO:0060467
GO:1902225 -[negatively_regulates]-> GO:0007340
GO:1902226 -[is_a]-> GO:0001959
GO:1902226 -[is_a]-> GO:1903972
GO:1902226 -[regulates]-> GO:0038145
GO:1902227 -[is_a]-> GO:0001960
GO:1902227 -[is_a]-> GO:1902226
GO:1902227 -[is_a]-> GO:1903973
GO:1902227 -[negatively_regulates]-> GO:0038145
GO:1902228 -[is_a]-> GO:0001961
GO:1902228 -[is_a]-> GO:1902226
GO:1902228 -[is_a]-> GO:1903974
GO:1902228 -[positively_regulates]-> GO:0038145
GO:1902229 -[is_a]-> GO:2001020
GO:1902229 -[is_a]-> GO:2001242
GO:1902229 -[regulates]-> GO:0008630
GO:1902230 -[is_a]-> GO:1902229
GO:1902230 -[is_a]-> GO:2001021
GO:1902230 -[is_a]-> GO:2001243
GO:1902230 -[negatively_regulates]-> GO:0008630
GO:1902231 -[is_a]-> GO:1902229
GO:1902231 -[is_a]-> GO:2001022
GO:1902231 -[is_a]-> GO:2001244
GO:1902231 -[positively_regulates]-> GO:0008630
GO:1902232 -[is_a]-> GO:0033081
GO:1902232 -[regulates]-> GO:0045059
GO:1902233 -[is_a]-> GO:0033085
GO:1902233 -[is_a]-> GO:1902232
GO:1902233 -[negatively_regulates]-> GO:0045059
GO:1902234 -[is_a]-> GO:0033089
GO:1902234 -[is_a]-> GO:1902232
GO:1902234 -[positively_regulates]-> GO:0045059
GO:1902235 -[is_a]-> GO:0080135
GO:1902235 -[is_a]-> GO:2001242
GO:1902235 -[regulates]-> GO:0070059
GO:1902236 -[is_a]-> GO:1902235
GO:1902236 -[is_a]-> GO:1903573
GO:1902236 -[is_a]-> GO:2001243
GO:1902236 -[negatively_regulates]-> GO:0070059
GO:1902237 -[is_a]-> GO:1902235
GO:1902237 -[is_a]-> GO:2001244
GO:1902237 -[positively_regulates]-> GO:0070059
GO:1902238 -[is_a]-> GO:1902218
GO:1902238 -[is_a]-> GO:1902253
GO:1902238 -[regulates]-> GO:1990127
GO:1902239 -[is_a]-> GO:1902219
GO:1902239 -[is_a]-> GO:1902238
GO:1902239 -[is_a]-> GO:1902254
GO:1902239 -[negatively_regulates]-> GO:1990127
GO:1902240 -[is_a]-> GO:1902220
GO:1902240 -[is_a]-> GO:1902238
GO:1902240 -[is_a]-> GO:1902255
GO:1902240 -[positively_regulates]-> GO:1990127
GO:1902241 -[is_a]-> GO:0006793
GO:1902241 -[is_a]-> GO:0071704
GO:1902242 -[is_a]-> GO:1901575
GO:1902242 -[is_a]-> GO:1902241
GO:1902243 -[is_a]-> GO:1901576
GO:1902243 -[is_a]-> GO:1902241
GO:1902244 -[is_a]-> GO:0016101
GO:1902244 -[is_a]-> GO:1902644
GO:1902245 -[is_a]-> GO:0016103
GO:1902245 -[is_a]-> GO:0046164
GO:1902245 -[is_a]-> GO:1902244
GO:1902246 -[is_a]-> GO:0016102
GO:1902246 -[is_a]-> GO:1902244
GO:1902246 -[is_a]-> GO:1902645
GO:1902247 -[is_a]-> GO:0009395
GO:1902247 -[is_a]-> GO:0016115
GO:1902247 -[is_a]-> GO:0033385
GO:1902248 -[is_a]-> GO:0097367
GO:1902249 -[is_a]-> GO:0032555
GO:1902250 -[is_a]-> GO:0033032
GO:1902250 -[regulates]-> GO:1902217
GO:1902251 -[is_a]-> GO:0033033
GO:1902251 -[is_a]-> GO:1902250
GO:1902251 -[negatively_regulates]-> GO:1902217
GO:1902252 -[is_a]-> GO:0033034
GO:1902252 -[is_a]-> GO:1902250
GO:1902252 -[positively_regulates]-> GO:1902217
GO:1902253 -[is_a]-> GO:1901796
GO:1902253 -[is_a]-> GO:2001242
GO:1902253 -[regulates]-> GO:0072332
GO:1902254 -[is_a]-> GO:1901797
GO:1902254 -[is_a]-> GO:1902253
GO:1902254 -[is_a]-> GO:2001243
GO:1902254 -[negatively_regulates]-> GO:0072332
GO:1902255 -[is_a]-> GO:1901798
GO:1902255 -[is_a]-> GO:1902253
GO:1902255 -[is_a]-> GO:2001244
GO:1902255 -[positively_regulates]-> GO:0072332
GO:1902256 -[is_a]-> GO:1902337
GO:1902256 -[is_a]-> GO:2000826
GO:1902256 -[regulates]-> GO:0003275
GO:1902257 -[is_a]-> GO:0051241
GO:1902257 -[is_a]-> GO:1902256
GO:1902257 -[is_a]-> GO:1902338
GO:1902257 -[negatively_regulates]-> GO:0003275
GO:1902258 -[is_a]-> GO:0051240
GO:1902258 -[is_a]-> GO:1902256
GO:1902258 -[is_a]-> GO:1902339
GO:1902258 -[positively_regulates]-> GO:0003275
GO:1902259 -[is_a]-> GO:1901016
GO:1902259 -[is_a]-> GO:2001257
GO:1902259 -[regulates]-> GO:0005251
GO:1902260 -[is_a]-> GO:1902259
GO:1902260 -[is_a]-> GO:1903817
GO:1902260 -[negatively_regulates]-> GO:0005251
GO:1902261 -[is_a]-> GO:1902259
GO:1902261 -[is_a]-> GO:1903818
GO:1902261 -[positively_regulates]-> GO:0005251
GO:1902262 -[is_a]-> GO:0060561
GO:1902262 -[part_of]-> GO:0001569
GO:1902263 -[is_a]-> GO:0060561
GO:1902263 -[part_of]-> GO:0042733
GO:1902265 -[is_a]-> GO:0055081
GO:1902266 -[is_a]-> GO:0030002
GO:1902266 -[is_a]-> GO:1902265
GO:1902267 -[is_a]-> GO:0034762
GO:1902267 -[regulates]-> GO:1902047
GO:1902268 -[is_a]-> GO:0034763
GO:1902268 -[is_a]-> GO:1902267
GO:1902268 -[negatively_regulates]-> GO:1902047
GO:1902269 -[is_a]-> GO:0034764
GO:1902269 -[is_a]-> GO:1902267
GO:1902269 -[positively_regulates]-> GO:1902047
GO:1902270 -[is_a]-> GO:1900749
GO:1902270 -[is_a]-> GO:1902603
GO:1902271 -[is_a]-> GO:0005499
GO:1902272 -[is_a]-> GO:0034762
GO:1902272 -[regulates]-> GO:1902270
GO:1902273 -[is_a]-> GO:0034763
GO:1902273 -[is_a]-> GO:1902272
GO:1902273 -[negatively_regulates]-> GO:1902270
GO:1902274 -[is_a]-> GO:0034764
GO:1902274 -[is_a]-> GO:1902272
GO:1902274 -[positively_regulates]-> GO:1902270
GO:1902275 -[is_a]-> GO:0051128
GO:1902275 -[regulates]-> GO:0006325
GO:1902276 -[is_a]-> GO:0050708
GO:1902276 -[is_a]-> GO:0090186
GO:1902276 -[regulates]-> GO:0036395
GO:1902277 -[is_a]-> GO:0050709
GO:1902277 -[is_a]-> GO:0090188
GO:1902277 -[is_a]-> GO:1902276
GO:1902277 -[negatively_regulates]-> GO:0036395
GO:1902278 -[is_a]-> GO:0050714
GO:1902278 -[is_a]-> GO:0090187
GO:1902278 -[is_a]-> GO:1902276
GO:1902278 -[positively_regulates]-> GO:0036395
GO:1902279 -[is_a]-> GO:0038188
GO:1902279 -[is_a]-> GO:1902278
GO:1902279 -[positively_regulates]-> GO:0036395
GO:1902280 -[is_a]-> GO:0043462
GO:1902280 -[is_a]-> GO:0051095
GO:1902280 -[regulates]-> GO:0004004
GO:1902281 -[is_a]-> GO:0032780
GO:1902281 -[is_a]-> GO:0051097
GO:1902281 -[is_a]-> GO:1902280
GO:1902281 -[negatively_regulates]-> GO:0004004
GO:1902282 -[is_a]-> GO:0086008
GO:1902282 -[part_of]-> GO:0098915
GO:1902283 -[is_a]-> GO:0051354
GO:1902283 -[negatively_regulates]-> GO:0008131
GO:1902284 -[is_a]-> GO:1990138
GO:1902284 -[part_of]-> GO:0097485
GO:1902285 -[is_a]-> GO:0071526
GO:1902285 -[part_of]-> GO:0097485
GO:1902286 -[is_a]-> GO:1902285
GO:1902286 -[part_of]-> GO:0070983
GO:1902287 -[is_a]-> GO:1902285
GO:1902287 -[part_of]-> GO:0007411
GO:1902288 -[is_a]-> GO:0002831
GO:1902288 -[is_a]-> GO:0031347
GO:1902288 -[is_a]-> GO:0032101
GO:1902288 -[is_a]-> GO:0043900
GO:1902288 -[regulates]-> GO:0002229
GO:1902289 -[is_a]-> GO:0002832
GO:1902289 -[is_a]-> GO:0031348
GO:1902289 -[is_a]-> GO:0032102
GO:1902289 -[is_a]-> GO:0043901
GO:1902289 -[is_a]-> GO:1902288
GO:1902289 -[negatively_regulates]-> GO:0002229
GO:1902290 -[is_a]-> GO:0002833
GO:1902290 -[is_a]-> GO:0031349
GO:1902290 -[is_a]-> GO:0032103
GO:1902290 -[is_a]-> GO:0043902
GO:1902290 -[is_a]-> GO:1902288
GO:1902290 -[positively_regulates]-> GO:0002229
GO:1902291 -[is_a]-> GO:0022402
GO:1902291 -[is_a]-> GO:0051104
GO:1902291 -[part_of]-> GO:0044786
GO:1902292 -[is_a]-> GO:0006270
GO:1902292 -[is_a]-> GO:0022402
GO:1902292 -[part_of]-> GO:0044786
GO:1902294 -[is_a]-> GO:0006274
GO:1902294 -[is_a]-> GO:0022402
GO:1902294 -[part_of]-> GO:0044786
GO:1902295 -[is_a]-> GO:0006269
GO:1902295 -[is_a]-> GO:0022402
GO:1902295 -[part_of]-> GO:0044786
GO:1902296 -[is_a]-> GO:0006271
GO:1902296 -[is_a]-> GO:0022402
GO:1902296 -[part_of]-> GO:0044786
GO:1902297 -[is_a]-> GO:0006268
GO:1902297 -[is_a]-> GO:0022402
GO:1902297 -[part_of]-> GO:0044786
GO:1902298 -[is_a]-> GO:0022402
GO:1902298 -[is_a]-> GO:0045005
GO:1902298 -[part_of]-> GO:0044786
GO:1902299 -[is_a]-> GO:0022402
GO:1902299 -[is_a]-> GO:0036388
GO:1902299 -[part_of]-> GO:0044786
GO:1902300 -[is_a]-> GO:0042869
GO:1902301 -[is_a]-> GO:0042876
GO:1902301 -[part_of]-> GO:1902300
GO:1902302 -[is_a]-> GO:1901379
GO:1902302 -[regulates]-> GO:0071435
GO:1902303 -[is_a]-> GO:1901380
GO:1902303 -[is_a]-> GO:1902302
GO:1902303 -[negatively_regulates]-> GO:0071435
GO:1902304 -[is_a]-> GO:1901381
GO:1902304 -[is_a]-> GO:1902302
GO:1902304 -[positively_regulates]-> GO:0071435
GO:1902305 -[is_a]-> GO:0002028
GO:1902305 -[is_a]-> GO:1904062
GO:1902305 -[regulates]-> GO:0035725
GO:1902306 -[is_a]-> GO:0010766
GO:1902306 -[is_a]-> GO:1902305
GO:1902306 -[is_a]-> GO:1904063
GO:1902306 -[negatively_regulates]-> GO:0035725
GO:1902307 -[is_a]-> GO:0010765
GO:1902307 -[is_a]-> GO:1902305
GO:1902307 -[is_a]-> GO:1904064
GO:1902307 -[positively_regulates]-> GO:0035725
GO:1902308 -[is_a]-> GO:0035304
GO:1902308 -[regulates]-> GO:0070262
GO:1902309 -[is_a]-> GO:0035308
GO:1902309 -[is_a]-> GO:1902308
GO:1902309 -[negatively_regulates]-> GO:0070262
GO:1902310 -[is_a]-> GO:0035307
GO:1902310 -[is_a]-> GO:1902308
GO:1902310 -[positively_regulates]-> GO:0070262
GO:1902311 -[is_a]-> GO:0010959
GO:1902311 -[is_a]-> GO:1904062
GO:1902311 -[regulates]-> GO:0035434
GO:1902312 -[is_a]-> GO:1902311
GO:1902312 -[is_a]-> GO:1904063
GO:1902312 -[negatively_regulates]-> GO:0035434
GO:1902313 -[is_a]-> GO:1902311
GO:1902313 -[is_a]-> GO:1904064
GO:1902313 -[positively_regulates]-> GO:0035434
GO:1902314 -[is_a]-> GO:0048037
GO:1902314 -[is_a]-> GO:0097159
GO:1902315 -[is_a]-> GO:1902292
GO:1902315 -[part_of]-> GO:0033260
GO:1902317 -[is_a]-> GO:1902294
GO:1902317 -[part_of]-> GO:0033260
GO:1902318 -[is_a]-> GO:1902295
GO:1902318 -[part_of]-> GO:0033260
GO:1902319 -[is_a]-> GO:1902296
GO:1902319 -[part_of]-> GO:0033260
GO:1902320 -[is_a]-> GO:1902297
GO:1902320 -[part_of]-> GO:0033260
GO:1902321 -[is_a]-> GO:0008610
GO:1902321 -[is_a]-> GO:0016053
GO:1902321 -[is_a]-> GO:0097089
GO:1902322 -[is_a]-> GO:0031326
GO:1902322 -[is_a]-> GO:0046890
GO:1902322 -[regulates]-> GO:1902321
GO:1902323 -[is_a]-> GO:0031327
GO:1902323 -[is_a]-> GO:0051055
GO:1902323 -[is_a]-> GO:1902322
GO:1902323 -[negatively_regulates]-> GO:1902321
GO:1902324 -[is_a]-> GO:0031328
GO:1902324 -[is_a]-> GO:0046889
GO:1902324 -[is_a]-> GO:1902322
GO:1902324 -[positively_regulates]-> GO:1902321
GO:1902325 -[is_a]-> GO:0010380
GO:1902325 -[is_a]-> GO:0051195
GO:1902325 -[is_a]-> GO:1901464
GO:1902325 -[negatively_regulates]-> GO:0015995
GO:1902326 -[is_a]-> GO:0010380
GO:1902326 -[is_a]-> GO:0051194
GO:1902326 -[is_a]-> GO:1901465
GO:1902326 -[positively_regulates]-> GO:0015995
GO:1902327 -[is_a]-> GO:1902291
GO:1902327 -[part_of]-> GO:0044787
GO:1902328 -[is_a]-> GO:1902292
GO:1902328 -[part_of]-> GO:0044787
GO:1902329 -[is_a]-> GO:1902294
GO:1902329 -[part_of]-> GO:0044787
GO:1902330 -[is_a]-> GO:1902295
GO:1902330 -[part_of]-> GO:0044787
GO:1902331 -[is_a]-> GO:1902296
GO:1902331 -[part_of]-> GO:0044787
GO:1902332 -[is_a]-> GO:1902297
GO:1902332 -[part_of]-> GO:0044787
GO:1902333 -[is_a]-> GO:1902291
GO:1902333 -[part_of]-> GO:0033260
GO:1902334 -[is_a]-> GO:0015755
GO:1902334 -[is_a]-> GO:0034486
GO:1902334 -[is_a]-> GO:0035428
GO:1902334 -[is_a]-> GO:1902582
GO:1902334 -[occurs_in]-> GO:0005622
GO:1902336 -[is_a]-> GO:0090259
GO:1902336 -[is_a]-> GO:1902669
GO:1902336 -[positively_regulates]-> GO:0031290
GO:1902337 -[is_a]-> GO:0022603
GO:1902337 -[is_a]-> GO:1904748
GO:1902337 -[regulates]-> GO:0060561
GO:1902338 -[is_a]-> GO:1902337
GO:1902338 -[is_a]-> GO:1904746
GO:1902338 -[negatively_regulates]-> GO:0060561
GO:1902339 -[is_a]-> GO:1902337
GO:1902339 -[is_a]-> GO:1904747
GO:1902339 -[positively_regulates]-> GO:0060561
GO:1902340 -[is_a]-> GO:0060623
GO:1902340 -[is_a]-> GO:2001251
GO:1902340 -[negatively_regulates]-> GO:0030261
GO:1902341 -[is_a]-> GO:0008643
GO:1902341 -[is_a]-> GO:0015791
GO:1902342 -[is_a]-> GO:0033231
GO:1902342 -[is_a]-> GO:1902341
GO:1902343 -[is_a]-> GO:0051049
GO:1902343 -[regulates]-> GO:0015768
GO:1902344 -[is_a]-> GO:0051051
GO:1902344 -[is_a]-> GO:1902343
GO:1902344 -[negatively_regulates]-> GO:0015768
GO:1902345 -[is_a]-> GO:0051050
GO:1902345 -[is_a]-> GO:1902343
GO:1902345 -[positively_regulates]-> GO:0015768
GO:1902346 -[is_a]-> GO:0000714
GO:1902346 -[part_of]-> GO:0045003
GO:1902347 -[is_a]-> GO:0014070
GO:1902347 -[is_a]-> GO:0033993
GO:1902347 -[is_a]-> GO:1901700
GO:1902348 -[is_a]-> GO:0071396
GO:1902348 -[is_a]-> GO:0071407
GO:1902348 -[is_a]-> GO:1901701
GO:1902348 -[is_a]-> GO:1902347
GO:1902349 -[is_a]-> GO:0010243
GO:1902349 -[is_a]-> GO:0014070
GO:1902350 -[is_a]-> GO:0071407
GO:1902350 -[is_a]-> GO:0071417
GO:1902350 -[is_a]-> GO:1902349
GO:1902351 -[is_a]-> GO:0010243
GO:1902351 -[is_a]-> GO:0014070
GO:1902352 -[is_a]-> GO:0000122
GO:1902352 -[is_a]-> GO:1900435
GO:1902352 -[negatively_regulates]-> GO:0036170
GO:1902353 -[is_a]-> GO:0046020
GO:1902353 -[is_a]-> GO:1904788
GO:1902353 -[positively_regulates]-> GO:0010514
GO:1902354 -[is_a]-> GO:0097497
GO:1902354 -[part_of]-> GO:0097496
GO:1902355 -[is_a]-> GO:0097498
GO:1902355 -[part_of]-> GO:0097496
GO:1902356 -[is_a]-> GO:0015729
GO:1902356 -[is_a]-> GO:0098656
GO:1902357 -[is_a]-> GO:0034659
GO:1902357 -[is_a]-> GO:0098656
GO:1902358 -[is_a]-> GO:0008272
GO:1902358 -[is_a]-> GO:0098661
GO:1902359 -[is_a]-> GO:0007219
GO:1902359 -[part_of]-> GO:0001756
GO:1902360 -[is_a]-> GO:0036404
GO:1902360 -[part_of]-> GO:0031048
GO:1902361 -[is_a]-> GO:0006850
GO:1902361 -[is_a]-> GO:1901475
GO:1902361 -[is_a]-> GO:1990542
GO:1902362 -[is_a]-> GO:0006915
GO:1902363 -[is_a]-> GO:1903827
GO:1902363 -[regulates]-> GO:0071988
GO:1902364 -[is_a]-> GO:1902363
GO:1902364 -[is_a]-> GO:1903828
GO:1902364 -[negatively_regulates]-> GO:0071988
GO:1902365 -[is_a]-> GO:1902363
GO:1902365 -[is_a]-> GO:1903829
GO:1902365 -[positively_regulates]-> GO:0071988
GO:1902366 -[is_a]-> GO:0008593
GO:1902366 -[is_a]-> GO:0014807
GO:1902366 -[regulates]-> GO:1902359
GO:1902367 -[is_a]-> GO:0045746
GO:1902367 -[is_a]-> GO:0045992
GO:1902367 -[is_a]-> GO:1902366
GO:1902367 -[negatively_regulates]-> GO:1902359
GO:1902368 -[is_a]-> GO:0070870
GO:1902368 -[part_of]-> GO:1990141
GO:1902369 -[is_a]-> GO:0031330
GO:1902369 -[is_a]-> GO:0051253
GO:1902369 -[negatively_regulates]-> GO:0006401
GO:1902370 -[is_a]-> GO:0031329
GO:1902370 -[is_a]-> GO:1903326
GO:1902370 -[regulates]-> GO:0016078
GO:1902371 -[is_a]-> GO:1902369
GO:1902371 -[is_a]-> GO:1902370
GO:1902371 -[is_a]-> GO:1903327
GO:1902371 -[negatively_regulates]-> GO:0016078
GO:1902372 -[is_a]-> GO:0031331
GO:1902372 -[is_a]-> GO:1902370
GO:1902372 -[is_a]-> GO:1903328
GO:1902372 -[positively_regulates]-> GO:0016078
GO:1902373 -[is_a]-> GO:0061013
GO:1902373 -[is_a]-> GO:1902369
GO:1902373 -[is_a]-> GO:1903312
GO:1902373 -[negatively_regulates]-> GO:0006402
GO:1902374 -[is_a]-> GO:0031329
GO:1902374 -[is_a]-> GO:0051252
GO:1902374 -[regulates]-> GO:0016075
GO:1902375 -[is_a]-> GO:0034414
GO:1902375 -[occurs_in]-> GO:0005634
GO:1902376 -[is_a]-> GO:0030164
GO:1902376 -[part_of]-> GO:0043161
GO:1902377 -[is_a]-> GO:0005720
GO:1902377 -[is_a]-> GO:0033553
GO:1902377 -[part_of]-> GO:0005634
GO:1902378 -[is_a]-> GO:0038190
GO:1902378 -[part_of]-> GO:0007411
GO:1902379 -[is_a]-> GO:0042056
GO:1902379 -[part_of]-> GO:0007411
GO:1902379 -[part_of]-> GO:0061642
GO:1902380 -[is_a]-> GO:0032075
GO:1902380 -[is_a]-> GO:0051254
GO:1902380 -[is_a]-> GO:0060699
GO:1902380 -[positively_regulates]-> GO:0004521
GO:1902381 -[is_a]-> GO:0019742
GO:1902381 -[is_a]-> GO:0042180
GO:1902382 -[is_a]-> GO:0019741
GO:1902382 -[is_a]-> GO:0042182
GO:1902382 -[is_a]-> GO:1902381
GO:1902383 -[is_a]-> GO:0019745
GO:1902383 -[is_a]-> GO:0042181
GO:1902383 -[is_a]-> GO:1902381
GO:1902384 -[is_a]-> GO:0032787
GO:1902385 -[is_a]-> GO:0072329
GO:1902385 -[is_a]-> GO:1902384
GO:1902386 -[is_a]-> GO:0072330
GO:1902386 -[is_a]-> GO:1902384
GO:1902387 -[is_a]-> GO:0005543
GO:1902387 -[is_a]-> GO:0097001
GO:1902388 -[is_a]-> GO:0005548
GO:1902388 -[is_a]-> GO:0035620
GO:1902388 -[part_of]-> GO:1902389
GO:1902389 -[is_a]-> GO:0015914
GO:1902389 -[is_a]-> GO:0035627
GO:1902390 -[is_a]-> GO:1901983
GO:1902390 -[regulates]-> GO:0017198
GO:1902391 -[is_a]-> GO:1901985
GO:1902391 -[is_a]-> GO:1902390
GO:1902391 -[positively_regulates]-> GO:0017198
GO:1902392 -[is_a]-> GO:0032070
GO:1902392 -[regulates]-> GO:0004529
GO:1902393 -[is_a]-> GO:0032076
GO:1902393 -[is_a]-> GO:1902392
GO:1902393 -[negatively_regulates]-> GO:0004529
GO:1902394 -[is_a]-> GO:0032077
GO:1902394 -[is_a]-> GO:1902392
GO:1902394 -[positively_regulates]-> GO:0004529
GO:1902395 -[is_a]-> GO:0051338
GO:1902395 -[regulates]-> GO:0008661
GO:1902396 -[is_a]-> GO:1902414
GO:1902397 -[is_a]-> GO:0022414
GO:1902397 -[is_a]-> GO:0051606
GO:1902397 -[part_of]-> GO:0044779
GO:1902398 -[is_a]-> GO:0072411
GO:1902398 -[is_a]-> GO:0072416
GO:1902398 -[part_of]-> GO:0044779
GO:1902399 -[is_a]-> GO:0051606
GO:1902399 -[part_of]-> GO:0044783
GO:1902400 -[is_a]-> GO:0072422
GO:1902400 -[is_a]-> GO:1902807
GO:1902400 -[part_of]-> GO:0044783
GO:1902401 -[is_a]-> GO:0072400
GO:1902401 -[part_of]-> GO:0044773
GO:1902402 -[is_a]-> GO:0072422
GO:1902402 -[is_a]-> GO:1902403
GO:1902402 -[is_a]-> GO:1903047
GO:1902402 -[part_of]-> GO:0044773
GO:1902403 -[is_a]-> GO:0072401
GO:1902403 -[is_a]-> GO:0072413
GO:1902403 -[part_of]-> GO:0044774
GO:1902404 -[is_a]-> GO:0000916
GO:1902404 -[is_a]-> GO:1902410
GO:1902404 -[part_of]-> GO:0000278
GO:1902404 -[part_of]-> GO:0000281
GO:1902405 -[is_a]-> GO:0032187
GO:1902405 -[is_a]-> GO:1902410
GO:1902405 -[part_of]-> GO:0000278
GO:1902405 -[part_of]-> GO:0000281
GO:1902406 -[is_a]-> GO:0031566
GO:1902406 -[is_a]-> GO:1902410
GO:1902406 -[part_of]-> GO:0000278
GO:1902406 -[part_of]-> GO:0000281
GO:1902407 -[is_a]-> GO:0000912
GO:1902407 -[is_a]-> GO:1902410
GO:1902407 -[part_of]-> GO:0000278
GO:1902407 -[part_of]-> GO:0000281
GO:1902408 -[is_a]-> GO:0007105
GO:1902408 -[is_a]-> GO:1902410
GO:1902408 -[part_of]-> GO:0000278
GO:1902408 -[part_of]-> GO:0000281
GO:1902410 -[is_a]-> GO:0032506
GO:1902410 -[is_a]-> GO:1903047
GO:1902410 -[part_of]-> GO:0000278
GO:1902410 -[part_of]-> GO:0000281
GO:1902410 -[part_of]-> GO:0061640
GO:1902412 -[is_a]-> GO:0007346
GO:1902412 -[is_a]-> GO:0032465
GO:1902412 -[regulates]-> GO:0000281
GO:1902413 -[is_a]-> GO:0032466
GO:1902413 -[is_a]-> GO:0045930
GO:1902413 -[is_a]-> GO:1902412
GO:1902413 -[negatively_regulates]-> GO:0000281
GO:1902414 -[is_a]-> GO:0008104
GO:1902415 -[is_a]-> GO:1905214
GO:1902415 -[regulates]-> GO:0003729
GO:1902416 -[is_a]-> GO:1902415
GO:1902416 -[is_a]-> GO:1905216
GO:1902416 -[positively_regulates]-> GO:0003729
GO:1902417 -[is_a]-> GO:0042947
GO:1902417 -[part_of]-> GO:1902418
GO:1902418 -[is_a]-> GO:0042946
GO:1902418 -[is_a]-> GO:0055085
GO:1902419 -[is_a]-> GO:0072475
GO:1902419 -[part_of]-> GO:0044810
GO:1902420 -[is_a]-> GO:0001100
GO:1902420 -[is_a]-> GO:0007165
GO:1902420 -[is_a]-> GO:0032466
GO:1902420 -[part_of]-> GO:0044810
GO:1902421 -[is_a]-> GO:0008152
GO:1902422 -[is_a]-> GO:0009058
GO:1902422 -[is_a]-> GO:1902421
GO:1902423 -[is_a]-> GO:0033047
GO:1902423 -[is_a]-> GO:0051988
GO:1902423 -[is_a]-> GO:0090235
GO:1902423 -[regulates]-> GO:0051315
GO:1902424 -[is_a]-> GO:0033048
GO:1902424 -[is_a]-> GO:0051986
GO:1902424 -[is_a]-> GO:1902423
GO:1902424 -[negatively_regulates]-> GO:0051315
GO:1902425 -[is_a]-> GO:0045840
GO:1902425 -[is_a]-> GO:0051987
GO:1902425 -[is_a]-> GO:1902423
GO:1902425 -[is_a]-> GO:2001252
GO:1902425 -[positively_regulates]-> GO:0051315
GO:1902426 -[is_a]-> GO:0045842
GO:1902426 -[is_a]-> GO:0045930
GO:1902426 -[is_a]-> GO:0090233
GO:1902426 -[is_a]-> GO:0090266
GO:1902426 -[negatively_regulates]-> GO:0007094
GO:1902427 -[is_a]-> GO:0022898
GO:1902427 -[regulates]-> GO:0015250
GO:1902428 -[is_a]-> GO:0032410
GO:1902428 -[is_a]-> GO:0034763
GO:1902428 -[is_a]-> GO:1902427
GO:1902428 -[negatively_regulates]-> GO:0015250
GO:1902429 -[is_a]-> GO:0032411
GO:1902429 -[is_a]-> GO:0034764
GO:1902429 -[is_a]-> GO:1902427
GO:1902429 -[positively_regulates]-> GO:0015250
GO:1902430 -[is_a]-> GO:0034249
GO:1902430 -[is_a]-> GO:1902003
GO:1902430 -[is_a]-> GO:1902992
GO:1902430 -[negatively_regulates]-> GO:0034205
GO:1902431 -[is_a]-> GO:0015857
GO:1902431 -[is_a]-> GO:0098657
GO:1902432 -[is_a]-> GO:0034613
GO:1902433 -[is_a]-> GO:1902429
GO:1902433 -[part_of]-> GO:0036438
GO:1902434 -[is_a]-> GO:0008272
GO:1902435 -[is_a]-> GO:0043900
GO:1902435 -[is_a]-> GO:0050795
GO:1902435 -[is_a]-> GO:0051239
GO:1902435 -[is_a]-> GO:2000241
GO:1902435 -[regulates]-> GO:0060179
GO:1902436 -[is_a]-> GO:0043901
GO:1902436 -[is_a]-> GO:0048521
GO:1902436 -[is_a]-> GO:0051241
GO:1902436 -[is_a]-> GO:1902435
GO:1902436 -[is_a]-> GO:2000242
GO:1902436 -[negatively_regulates]-> GO:0060179
GO:1902437 -[is_a]-> GO:0043902
GO:1902437 -[is_a]-> GO:0048520
GO:1902437 -[is_a]-> GO:0051240
GO:1902437 -[is_a]-> GO:1902435
GO:1902437 -[is_a]-> GO:2000243
GO:1902437 -[positively_regulates]-> GO:0060179
GO:1902438 -[is_a]-> GO:0010035
GO:1902438 -[is_a]-> GO:1901700
GO:1902439 -[is_a]-> GO:1901701
GO:1902439 -[is_a]-> GO:1902438
GO:1902440 -[is_a]-> GO:1902480
GO:1902440 -[is_a]-> GO:1905508
GO:1902441 -[is_a]-> GO:0022414
GO:1902441 -[is_a]-> GO:1905359
GO:1902441 -[is_a]-> GO:1905508
GO:1902441 -[part_of]-> GO:1990395
GO:1902442 -[is_a]-> GO:0043254
GO:1902442 -[is_a]-> GO:0060544
GO:1902442 -[regulates]-> GO:1901026
GO:1902443 -[is_a]-> GO:0031333
GO:1902443 -[is_a]-> GO:0060546
GO:1902443 -[is_a]-> GO:1902442
GO:1902443 -[negatively_regulates]-> GO:1901026
GO:1902444 -[is_a]-> GO:0097159
GO:1902444 -[is_a]-> GO:1901363
GO:1902445 -[is_a]-> GO:0046902
GO:1902445 -[part_of]-> GO:0097300
GO:1902446 -[is_a]-> GO:2000030
GO:1902446 -[regulates]-> GO:0009641
GO:1902447 -[is_a]-> GO:0048585
GO:1902447 -[is_a]-> GO:1902446
GO:1902447 -[negatively_regulates]-> GO:0009641
GO:1902448 -[is_a]-> GO:0048584
GO:1902448 -[is_a]-> GO:1902446
GO:1902448 -[positively_regulates]-> GO:0009641
GO:1902449 -[is_a]-> GO:0043462
GO:1902449 -[is_a]-> GO:0051095
GO:1902449 -[is_a]-> GO:1905462
GO:1902449 -[regulates]-> GO:0004003
GO:1902450 -[is_a]-> GO:0032780
GO:1902450 -[is_a]-> GO:0051097
GO:1902450 -[is_a]-> GO:1902449
GO:1902450 -[is_a]-> GO:1905463
GO:1902450 -[negatively_regulates]-> GO:0004003
GO:1902451 -[is_a]-> GO:0032781
GO:1902451 -[is_a]-> GO:0051096
GO:1902451 -[is_a]-> GO:1902449
GO:1902451 -[is_a]-> GO:1905464
GO:1902451 -[positively_regulates]-> GO:0004003
GO:1902455 -[is_a]-> GO:0051093
GO:1902455 -[is_a]-> GO:0051241
GO:1902455 -[is_a]-> GO:2000036
GO:1902455 -[negatively_regulates]-> GO:0019827
GO:1902456 -[is_a]-> GO:0010119
GO:1902456 -[regulates]-> GO:1990069
GO:1902457 -[is_a]-> GO:0048523
GO:1902457 -[is_a]-> GO:1902456
GO:1902457 -[negatively_regulates]-> GO:1990069
GO:1902458 -[is_a]-> GO:0048522
GO:1902458 -[is_a]-> GO:1902456
GO:1902458 -[positively_regulates]-> GO:1990069
GO:1902459 -[is_a]-> GO:0051094
GO:1902459 -[is_a]-> GO:0051240
GO:1902459 -[is_a]-> GO:2000036
GO:1902459 -[positively_regulates]-> GO:0019827
GO:1902460 -[is_a]-> GO:0072091
GO:1902460 -[regulates]-> GO:0097168
GO:1902461 -[is_a]-> GO:1902460
GO:1902461 -[is_a]-> GO:2000647
GO:1902461 -[negatively_regulates]-> GO:0097168
GO:1902462 -[is_a]-> GO:1902460
GO:1902462 -[is_a]-> GO:2000648
GO:1902462 -[positively_regulates]-> GO:0097168
GO:1902463 -[is_a]-> GO:0034613
GO:1902464 -[is_a]-> GO:0061085
GO:1902464 -[regulates]-> GO:0098532
GO:1902465 -[is_a]-> GO:0061086
GO:1902465 -[is_a]-> GO:1902464
GO:1902465 -[negatively_regulates]-> GO:0098532
GO:1902466 -[is_a]-> GO:0061087
GO:1902466 -[is_a]-> GO:1902464
GO:1902466 -[positively_regulates]-> GO:0098532
GO:1902471 -[is_a]-> GO:1901648
GO:1902471 -[is_a]-> GO:1903436
GO:1902471 -[regulates]-> GO:1902405
GO:1902472 -[is_a]-> GO:1903436
GO:1902472 -[is_a]-> GO:2000073
GO:1902472 -[regulates]-> GO:1902408
GO:1902473 -[is_a]-> GO:0032880
GO:1902473 -[regulates]-> GO:0035418
GO:1902474 -[is_a]-> GO:0048518
GO:1902474 -[is_a]-> GO:1902473
GO:1902474 -[positively_regulates]-> GO:0035418
GO:1902475 -[is_a]-> GO:0003333
GO:1902476 -[is_a]-> GO:0006821
GO:1902476 -[is_a]-> GO:0098661
GO:1902477 -[is_a]-> GO:0045088
GO:1902477 -[is_a]-> GO:1900424
GO:1902477 -[regulates]-> GO:0009816
GO:1902478 -[is_a]-> GO:0045824
GO:1902478 -[is_a]-> GO:1900425
GO:1902478 -[is_a]-> GO:1902477
GO:1902478 -[negatively_regulates]-> GO:0009816
GO:1902479 -[is_a]-> GO:0045089
GO:1902479 -[is_a]-> GO:1900426
GO:1902479 -[is_a]-> GO:1902477
GO:1902479 -[positively_regulates]-> GO:0009816
GO:1902480 -[is_a]-> GO:0072698
GO:1902481 -[is_a]-> GO:0006461
GO:1902482 -[is_a]-> GO:0070231
GO:1902483 -[is_a]-> GO:0070231
GO:1902484 -[is_a]-> GO:1904019
GO:1902485 -[is_a]-> GO:0043177
GO:1902485 -[is_a]-> GO:1901681
GO:1902486 -[is_a]-> GO:1990151
GO:1902487 -[is_a]-> GO:1990151
GO:1902488 -[is_a]-> GO:1904019
GO:1902489 -[is_a]-> GO:0006915
GO:1902490 -[is_a]-> GO:0043900
GO:1902490 -[is_a]-> GO:0051239
GO:1902490 -[is_a]-> GO:1903429
GO:1902490 -[is_a]-> GO:2000241
GO:1902490 -[regulates]-> GO:0048240
GO:1902491 -[is_a]-> GO:0043901
GO:1902491 -[is_a]-> GO:0051241
GO:1902491 -[is_a]-> GO:1902490
GO:1902491 -[is_a]-> GO:1903430
GO:1902491 -[is_a]-> GO:2000242
GO:1902491 -[negatively_regulates]-> GO:0048240
GO:1902492 -[is_a]-> GO:0043902
GO:1902492 -[is_a]-> GO:0051240
GO:1902492 -[is_a]-> GO:1902490
GO:1902492 -[is_a]-> GO:1903431
GO:1902492 -[is_a]-> GO:2000243
GO:1902492 -[positively_regulates]-> GO:0048240
GO:1902493 -[is_a]-> GO:1990234
GO:1902494 -[is_a]-> GO:0032991
GO:1902495 -[is_a]-> GO:0044425
GO:1902495 -[is_a]-> GO:1990351
GO:1902495 -[part_of]-> GO:0016021
GO:1902496 -[is_a]-> GO:0005515
GO:1902496 -[part_of]-> GO:0032211
GO:1902497 -[is_a]-> GO:1901678
GO:1902498 -[is_a]-> GO:0031396
GO:1902498 -[regulates]-> GO:0051865
GO:1902499 -[is_a]-> GO:0031398
GO:1902499 -[is_a]-> GO:1902498
GO:1902499 -[positively_regulates]-> GO:0051865
GO:1902500 -[is_a]-> GO:0030897
GO:1902500 -[is_a]-> GO:0044437
GO:1902500 -[part_of]-> GO:0005774
GO:1902501 -[is_a]-> GO:1902500
GO:1902501 -[part_of]-> GO:0005765
GO:1902502 -[is_a]-> GO:0030897
GO:1902502 -[is_a]-> GO:0044440
GO:1902502 -[part_of]-> GO:0032585
GO:1902503 -[is_a]-> GO:0061695
GO:1902504 -[is_a]-> GO:0010389
GO:1902504 -[is_a]-> GO:1902531
GO:1902504 -[is_a]-> GO:1904289
GO:1902504 -[regulates]-> GO:0072434
GO:1902505 -[is_a]-> GO:0010971
GO:1902505 -[is_a]-> GO:1902504
GO:1902505 -[is_a]-> GO:1902532
GO:1902505 -[is_a]-> GO:1904290
GO:1902505 -[negatively_regulates]-> GO:0072434
GO:1902506 -[is_a]-> GO:1902504
GO:1902506 -[is_a]-> GO:1902533
GO:1902506 -[is_a]-> GO:1904291
GO:1902506 -[positively_regulates]-> GO:0072434
GO:1902507 -[is_a]-> GO:1990228
GO:1902508 -[is_a]-> GO:1902494
GO:1902509 -[is_a]-> GO:1902495
GO:1902510 -[is_a]-> GO:0051128
GO:1902510 -[is_a]-> GO:1900117
GO:1902510 -[is_a]-> GO:1903624
GO:1902510 -[regulates]-> GO:0006309
GO:1902511 -[is_a]-> GO:0051129
GO:1902511 -[is_a]-> GO:1900118
GO:1902511 -[is_a]-> GO:1902510
GO:1902511 -[is_a]-> GO:1903625
GO:1902511 -[negatively_regulates]-> GO:0006309
GO:1902512 -[is_a]-> GO:0051130
GO:1902512 -[is_a]-> GO:1900119
GO:1902512 -[is_a]-> GO:1902510
GO:1902512 -[is_a]-> GO:1903626
GO:1902512 -[positively_regulates]-> GO:0006309
GO:1902513 -[is_a]-> GO:0032386
GO:1902513 -[is_a]-> GO:0060632
GO:1902513 -[regulates]-> GO:0072384
GO:1902514 -[is_a]-> GO:1903169
GO:1902514 -[regulates]-> GO:0061577
GO:1902515 -[is_a]-> GO:1990204
GO:1902516 -[is_a]-> GO:0097367
GO:1902517 -[is_a]-> GO:0043190
GO:1902518 -[is_a]-> GO:0010243
GO:1902519 -[is_a]-> GO:0042221
GO:1902520 -[is_a]-> GO:0014070
GO:1902520 -[is_a]-> GO:1901654
GO:1902520 -[is_a]-> GO:1903416
GO:1902521 -[is_a]-> GO:0014070
GO:1902521 -[is_a]-> GO:1904631
GO:1902522 -[is_a]-> GO:1901654
GO:1902522 -[is_a]-> GO:1903416
GO:1902523 -[is_a]-> GO:1900044
GO:1902523 -[is_a]-> GO:1902916
GO:1902523 -[positively_regulates]-> GO:0070534
GO:1902524 -[is_a]-> GO:1902916
GO:1902524 -[positively_regulates]-> GO:0070936
GO:1902525 -[is_a]-> GO:0031396
GO:1902525 -[regulates]-> GO:0006513
GO:1902526 -[is_a]-> GO:0031397
GO:1902526 -[is_a]-> GO:1902525
GO:1902526 -[negatively_regulates]-> GO:0006513
GO:1902527 -[is_a]-> GO:0031398
GO:1902527 -[is_a]-> GO:1902525
GO:1902527 -[positively_regulates]-> GO:0006513
GO:1902528 -[is_a]-> GO:1902914
GO:1902528 -[regulates]-> GO:0097039
GO:1902529 -[is_a]-> GO:1902528
GO:1902529 -[is_a]-> GO:1902915
GO:1902529 -[negatively_regulates]-> GO:0097039
GO:1902530 -[is_a]-> GO:1902528
GO:1902530 -[is_a]-> GO:1902916
GO:1902530 -[positively_regulates]-> GO:0097039
GO:1902531 -[is_a]-> GO:0009966
GO:1902531 -[regulates]-> GO:0035556
GO:1902532 -[is_a]-> GO:0009968
GO:1902532 -[is_a]-> GO:1902531
GO:1902532 -[negatively_regulates]-> GO:0035556
GO:1902533 -[is_a]-> GO:0009967
GO:1902533 -[is_a]-> GO:1902531
GO:1902533 -[positively_regulates]-> GO:0035556
GO:1902534 -[is_a]-> GO:0010324
GO:1902534 -[is_a]-> GO:0044802
GO:1902535 -[is_a]-> GO:0010324
GO:1902535 -[is_a]-> GO:0044803
GO:1902536 -[is_a]-> GO:0006907
GO:1902536 -[is_a]-> GO:0044765
GO:1902537 -[is_a]-> GO:0006907
GO:1902537 -[is_a]-> GO:0044766
GO:1902538 -[is_a]-> GO:0044351
GO:1902538 -[is_a]-> GO:1902536
GO:1902539 -[is_a]-> GO:0044351
GO:1902539 -[is_a]-> GO:1902537
GO:1902540 -[is_a]-> GO:0044350
GO:1902540 -[is_a]-> GO:1902536
GO:1902541 -[is_a]-> GO:0044350
GO:1902541 -[is_a]-> GO:1902537
GO:1902542 -[is_a]-> GO:1903827
GO:1902542 -[regulates]-> GO:1902440
GO:1902543 -[is_a]-> GO:1902542
GO:1902543 -[is_a]-> GO:1903828
GO:1902543 -[negatively_regulates]-> GO:1902440
GO:1902544 -[is_a]-> GO:0051336
GO:1902544 -[regulates]-> GO:0019104
GO:1902545 -[is_a]-> GO:0051346
GO:1902545 -[is_a]-> GO:1902544
GO:1902545 -[negatively_regulates]-> GO:0019104
GO:1902546 -[is_a]-> GO:0051345
GO:1902546 -[is_a]-> GO:1902544
GO:1902546 -[positively_regulates]-> GO:0019104
GO:1902547 -[is_a]-> GO:0090287
GO:1902547 -[regulates]-> GO:0035924
GO:1902548 -[is_a]-> GO:0090288
GO:1902548 -[is_a]-> GO:1902547
GO:1902548 -[negatively_regulates]-> GO:0035924
GO:1902549 -[is_a]-> GO:0034504
GO:1902550 -[is_a]-> GO:0097535
GO:1902550 -[part_of]-> GO:0097536
GO:1902551 -[is_a]-> GO:2000468
GO:1902551 -[regulates]-> GO:0004096
GO:1902552 -[is_a]-> GO:1902551
GO:1902552 -[is_a]-> GO:2000469
GO:1902552 -[negatively_regulates]-> GO:0004096
GO:1902553 -[is_a]-> GO:1902551
GO:1902553 -[is_a]-> GO:2000470
GO:1902553 -[positively_regulates]-> GO:0004096
GO:1902554 -[is_a]-> GO:1902911
GO:1902555 -[is_a]-> GO:1905348
GO:1902556 -[is_a]-> GO:1990351
GO:1902557 -[is_a]-> GO:0000295
GO:1902557 -[is_a]-> GO:0005346
GO:1902557 -[is_a]-> GO:0015211
GO:1902557 -[is_a]-> GO:1901682
GO:1902557 -[part_of]-> GO:1902558
GO:1902558 -[is_a]-> GO:0015860
GO:1902558 -[is_a]-> GO:0015868
GO:1902558 -[is_a]-> GO:0051503
GO:1902558 -[is_a]-> GO:0072348
GO:1902558 -[is_a]-> GO:1901679
GO:1902559 -[is_a]-> GO:0015860
GO:1902559 -[is_a]-> GO:0046963
GO:1902559 -[is_a]-> GO:1901679
GO:1902560 -[is_a]-> GO:1990204
GO:1902561 -[is_a]-> GO:0006461
GO:1902562 -[is_a]-> GO:0000123
GO:1902563 -[is_a]-> GO:0002694
GO:1902563 -[regulates]-> GO:0042119
GO:1902564 -[is_a]-> GO:0002695
GO:1902564 -[is_a]-> GO:1902563
GO:1902564 -[negatively_regulates]-> GO:0042119
GO:1902565 -[is_a]-> GO:0002696
GO:1902565 -[is_a]-> GO:1902563
GO:1902565 -[positively_regulates]-> GO:0042119
GO:1902566 -[is_a]-> GO:0002694
GO:1902566 -[regulates]-> GO:0043307
GO:1902567 -[is_a]-> GO:0002695
GO:1902567 -[is_a]-> GO:1902566
GO:1902567 -[negatively_regulates]-> GO:0043307
GO:1902568 -[is_a]-> GO:0002696
GO:1902568 -[is_a]-> GO:1902566
GO:1902568 -[positively_regulates]-> GO:0043307
GO:1902569 -[is_a]-> GO:0010534
GO:1902569 -[is_a]-> GO:0050732
GO:1902569 -[negatively_regulates]-> GO:0042977
GO:1902570 -[is_a]-> GO:0034504
GO:1902571 -[is_a]-> GO:0052547
GO:1902571 -[regulates]-> GO:0008236
GO:1902572 -[is_a]-> GO:0010466
GO:1902572 -[is_a]-> GO:1902571
GO:1902572 -[negatively_regulates]-> GO:0008236
GO:1902573 -[is_a]-> GO:0010952
GO:1902573 -[is_a]-> GO:1902571
GO:1902573 -[positively_regulates]-> GO:0008236
GO:1902574 -[is_a]-> GO:0006357
GO:1902574 -[is_a]-> GO:0060357
GO:1902574 -[regulates]-> GO:0100065
GO:1902575 -[is_a]-> GO:0072741
GO:1902575 -[part_of]-> GO:0000915
GO:1902576 -[is_a]-> GO:0010948
GO:1902576 -[is_a]-> GO:0033262
GO:1902576 -[is_a]-> GO:2000104
GO:1902576 -[negatively_regulates]-> GO:0033260
GO:1902577 -[is_a]-> GO:0071574
GO:1902578 -[is_a]-> GO:0044699
GO:1902578 -[is_a]-> GO:0051179
GO:1902579 -[is_a]-> GO:0051179
GO:1902579 -[is_a]-> GO:0051704
GO:1902580 -[is_a]-> GO:0051641
GO:1902580 -[is_a]-> GO:1902578
GO:1902581 -[is_a]-> GO:0051641
GO:1902581 -[is_a]-> GO:1902579
GO:1902582 -[is_a]-> GO:0044765
GO:1902582 -[is_a]-> GO:0046907
GO:1902582 -[is_a]-> GO:1902580
GO:1902583 -[is_a]-> GO:0044766
GO:1902583 -[is_a]-> GO:0046907
GO:1902583 -[is_a]-> GO:1902581
GO:1902584 -[is_a]-> GO:0048584
GO:1902584 -[is_a]-> GO:2000070
GO:1902584 -[positively_regulates]-> GO:0009414
GO:1902585 -[is_a]-> GO:0010496
GO:1902585 -[is_a]-> GO:0044763
GO:1902585 -[is_a]-> GO:0044765
GO:1902586 -[is_a]-> GO:0010496
GO:1902586 -[is_a]-> GO:0044764
GO:1902586 -[is_a]-> GO:0044766
GO:1902587 -[is_a]-> GO:0010497
GO:1902587 -[is_a]-> GO:1902585
GO:1902588 -[is_a]-> GO:0010497
GO:1902588 -[is_a]-> GO:1902586
GO:1902589 -[is_a]-> GO:0006996
GO:1902589 -[is_a]-> GO:0044763
GO:1902590 -[is_a]-> GO:0006996
GO:1902590 -[is_a]-> GO:0044764
GO:1902591 -[is_a]-> GO:0006900
GO:1902591 -[is_a]-> GO:0044802
GO:1902591 -[is_a]-> GO:1902589
GO:1902592 -[is_a]-> GO:0006900
GO:1902592 -[is_a]-> GO:0044803
GO:1902592 -[is_a]-> GO:1902590
GO:1902593 -[is_a]-> GO:0051170
GO:1902593 -[is_a]-> GO:1902582
GO:1902594 -[is_a]-> GO:0051170
GO:1902594 -[is_a]-> GO:1902583
GO:1902595 -[is_a]-> GO:0051101
GO:1902595 -[regulates]-> GO:0003688
GO:1902596 -[is_a]-> GO:0043392
GO:1902596 -[is_a]-> GO:1902595
GO:1902596 -[negatively_regulates]-> GO:0003688
GO:1902597 -[is_a]-> GO:0043388
GO:1902597 -[is_a]-> GO:1902595
GO:1902597 -[positively_regulates]-> GO:0003688
GO:1902598 -[is_a]-> GO:0015881
GO:1902598 -[is_a]-> GO:0055085
GO:1902599 -[is_a]-> GO:0015906
GO:1902599 -[is_a]-> GO:0055085
GO:1902600 -[is_a]-> GO:0015992
GO:1902600 -[is_a]-> GO:0098662
GO:1902601 -[is_a]-> GO:0098660
GO:1902602 -[is_a]-> GO:0098660
GO:1902603 -[is_a]-> GO:0015879
GO:1902603 -[is_a]-> GO:0055085
GO:1902604 -[is_a]-> GO:0015814
GO:1902604 -[is_a]-> GO:0098656
GO:1902605 -[is_a]-> GO:0006461
GO:1902606 -[is_a]-> GO:1901016
GO:1902606 -[is_a]-> GO:2001257
GO:1902606 -[regulates]-> GO:0060072
GO:1902607 -[is_a]-> GO:1901017
GO:1902607 -[is_a]-> GO:1902606
GO:1902607 -[is_a]-> GO:2001258
GO:1902607 -[negatively_regulates]-> GO:0060072
GO:1902608 -[is_a]-> GO:1901018
GO:1902608 -[is_a]-> GO:1902606
GO:1902608 -[is_a]-> GO:2001259
GO:1902608 -[positively_regulates]-> GO:0060072
GO:1902609 -[is_a]-> GO:0008610
GO:1902609 -[is_a]-> GO:0016053
GO:1902609 -[is_a]-> GO:1901617
GO:1902610 -[is_a]-> GO:0010033
GO:1902611 -[is_a]-> GO:0070887
GO:1902611 -[is_a]-> GO:1902610
GO:1902612 -[is_a]-> GO:0009966
GO:1902612 -[regulates]-> GO:1990262
GO:1902613 -[is_a]-> GO:0009968
GO:1902613 -[is_a]-> GO:1902612
GO:1902613 -[negatively_regulates]-> GO:1990262
GO:1902614 -[is_a]-> GO:0009967
GO:1902614 -[is_a]-> GO:1902612
GO:1902614 -[positively_regulates]-> GO:1990262
GO:1902615 -[is_a]-> GO:0006955
GO:1902615 -[part_of]-> GO:0043330
GO:1902616 -[is_a]-> GO:0006844
GO:1902616 -[is_a]-> GO:0055085
GO:1902617 -[is_a]-> GO:0010035
GO:1902618 -[is_a]-> GO:0070887
GO:1902618 -[is_a]-> GO:1902617
GO:1902619 -[is_a]-> GO:1904526
GO:1902619 -[regulates]-> GO:0051011
GO:1902620 -[is_a]-> GO:1902619
GO:1902620 -[is_a]-> GO:1904528
GO:1902620 -[positively_regulates]-> GO:0051011
GO:1902621 -[is_a]-> GO:0022411
GO:1902621 -[is_a]-> GO:0032506
GO:1902621 -[is_a]-> GO:0044837
GO:1902621 -[part_of]-> GO:0061640
GO:1902622 -[is_a]-> GO:0002685
GO:1902622 -[regulates]-> GO:1990266
GO:1902623 -[is_a]-> GO:0002686
GO:1902623 -[is_a]-> GO:1902622
GO:1902623 -[negatively_regulates]-> GO:1990266
GO:1902624 -[is_a]-> GO:0002687
GO:1902624 -[is_a]-> GO:1902622
GO:1902624 -[positively_regulates]-> GO:1990266
GO:1902625 -[is_a]-> GO:0000122
GO:1902625 -[is_a]-> GO:0010515
GO:1902625 -[is_a]-> GO:1900406
GO:1902625 -[negatively_regulates]-> GO:0010514
GO:1902626 -[is_a]-> GO:0022618
GO:1902627 -[is_a]-> GO:0044087
GO:1902627 -[is_a]-> GO:0051128
GO:1902627 -[regulates]-> GO:1902626
GO:1902628 -[is_a]-> GO:0044089
GO:1902628 -[is_a]-> GO:0051130
GO:1902628 -[is_a]-> GO:1902627
GO:1902628 -[positively_regulates]-> GO:1902626
GO:1902629 -[is_a]-> GO:0043488
GO:1902629 -[part_of]-> GO:0034644
GO:1902630 -[is_a]-> GO:0042391
GO:1902630 -[is_a]-> GO:0050789
GO:1902630 -[regulates]-> GO:0060081
GO:1902631 -[is_a]-> GO:0048519
GO:1902631 -[is_a]-> GO:1902630
GO:1902631 -[negatively_regulates]-> GO:0060081
GO:1902632 -[is_a]-> GO:0048518
GO:1902632 -[is_a]-> GO:1902630
GO:1902632 -[positively_regulates]-> GO:0060081
GO:1902633 -[is_a]-> GO:0046488
GO:1902634 -[is_a]-> GO:0031161
GO:1902634 -[is_a]-> GO:1902633
GO:1902635 -[is_a]-> GO:0006661
GO:1902635 -[is_a]-> GO:1902633
GO:1902636 -[is_a]-> GO:0036064
GO:1902636 -[is_a]-> GO:0097458
GO:1902636 -[part_of]-> GO:0060091
GO:1902637 -[is_a]-> GO:0014033
GO:1902637 -[part_of]-> GO:0048538
GO:1902638 -[is_a]-> GO:0014033
GO:1902638 -[part_of]-> GO:0060017
GO:1902639 -[is_a]-> GO:1902652
GO:1902640 -[is_a]-> GO:1902639
GO:1902640 -[is_a]-> GO:1902653
GO:1902641 -[is_a]-> GO:0060696
GO:1902641 -[regulates]-> GO:1902634
GO:1902642 -[is_a]-> GO:0031330
GO:1902642 -[is_a]-> GO:0050995
GO:1902642 -[is_a]-> GO:1902641
GO:1902642 -[is_a]-> GO:1903726
GO:1902642 -[negatively_regulates]-> GO:1902634
GO:1902643 -[is_a]-> GO:0060697
GO:1902643 -[is_a]-> GO:1902641
GO:1902643 -[positively_regulates]-> GO:1902634
GO:1902644 -[is_a]-> GO:0006066
GO:1902645 -[is_a]-> GO:0046165
GO:1902645 -[is_a]-> GO:1902644
GO:1902646 -[is_a]-> GO:0010511
GO:1902646 -[regulates]-> GO:1902635
GO:1902647 -[is_a]-> GO:0010512
GO:1902647 -[is_a]-> GO:1902646
GO:1902647 -[negatively_regulates]-> GO:1902635
GO:1902648 -[is_a]-> GO:0010513
GO:1902648 -[is_a]-> GO:1902646
GO:1902648 -[positively_regulates]-> GO:1902635
GO:1902649 -[is_a]-> GO:1902275
GO:1902649 -[regulates]-> GO:0001208
GO:1902650 -[is_a]-> GO:1902649
GO:1902650 -[is_a]-> GO:1905268
GO:1902650 -[negatively_regulates]-> GO:0001208
GO:1902651 -[is_a]-> GO:1902649
GO:1902651 -[is_a]-> GO:1905269
GO:1902651 -[positively_regulates]-> GO:0001208
GO:1902652 -[is_a]-> GO:0006066
GO:1902653 -[is_a]-> GO:0046165
GO:1902653 -[is_a]-> GO:1902652
GO:1902654 -[is_a]-> GO:0006725
GO:1902654 -[is_a]-> GO:0034308
GO:1902654 -[is_a]-> GO:0044763
GO:1902654 -[is_a]-> GO:1901360
GO:1902655 -[is_a]-> GO:0019438
GO:1902655 -[is_a]-> GO:0034309
GO:1902655 -[is_a]-> GO:1901362
GO:1902655 -[is_a]-> GO:1902654
GO:1902656 -[is_a]-> GO:0060402
GO:1902656 -[is_a]-> GO:0070509
GO:1902657 -[is_a]-> GO:0072657
GO:1902658 -[is_a]-> GO:0090150
GO:1902658 -[part_of]-> GO:1902657
GO:1902659 -[is_a]-> GO:0009966
GO:1902659 -[is_a]-> GO:0032844
GO:1902659 -[regulates]-> GO:0010255
GO:1902660 -[is_a]-> GO:0009968
GO:1902660 -[is_a]-> GO:0032845
GO:1902660 -[is_a]-> GO:1902659
GO:1902660 -[negatively_regulates]-> GO:0010255
GO:1902661 -[is_a]-> GO:0009967
GO:1902661 -[is_a]-> GO:0032846
GO:1902661 -[is_a]-> GO:1902659
GO:1902661 -[positively_regulates]-> GO:0010255
GO:1902662 -[is_a]-> GO:1903059
GO:1902662 -[regulates]-> GO:0018230
GO:1902663 -[is_a]-> GO:1902662
GO:1902663 -[is_a]-> GO:1903060
GO:1902663 -[negatively_regulates]-> GO:0018230
GO:1902664 -[is_a]-> GO:1902662
GO:1902664 -[is_a]-> GO:1903061
GO:1902664 -[positively_regulates]-> GO:0018230
GO:1902665 -[is_a]-> GO:0097305
GO:1902666 -[is_a]-> GO:0034504
GO:1902667 -[is_a]-> GO:0050770
GO:1902667 -[is_a]-> GO:0050920
GO:1902667 -[is_a]-> GO:0051270
GO:1902667 -[regulates]-> GO:0007411
GO:1902668 -[is_a]-> GO:0050771
GO:1902668 -[is_a]-> GO:0050922
GO:1902668 -[is_a]-> GO:0051271
GO:1902668 -[is_a]-> GO:1902667
GO:1902668 -[negatively_regulates]-> GO:0007411
GO:1902669 -[is_a]-> GO:0050772
GO:1902669 -[is_a]-> GO:0050921
GO:1902669 -[is_a]-> GO:0051272
GO:1902669 -[is_a]-> GO:1902667
GO:1902669 -[positively_regulates]-> GO:0007411
GO:1902670 -[is_a]-> GO:0005488
GO:1902671 -[is_a]-> GO:0036064
GO:1902671 -[part_of]-> GO:0097554
GO:1902672 -[is_a]-> GO:0036064
GO:1902672 -[part_of]-> GO:0097555
GO:1902673 -[is_a]-> GO:0036064
GO:1902673 -[part_of]-> GO:0097556
GO:1902674 -[is_a]-> GO:0036064
GO:1902674 -[part_of]-> GO:0097557
GO:1902675 -[is_a]-> GO:0036064
GO:1902675 -[part_of]-> GO:0097558
GO:1902676 -[is_a]-> GO:0036064
GO:1902676 -[part_of]-> GO:0097559
GO:1902677 -[is_a]-> GO:0036064
GO:1902677 -[part_of]-> GO:0097560
GO:1902678 -[is_a]-> GO:0036064
GO:1902678 -[part_of]-> GO:0097561
GO:1902679 -[is_a]-> GO:0010558
GO:1902679 -[is_a]-> GO:0031327
GO:1902679 -[is_a]-> GO:0051253
GO:1902679 -[is_a]-> GO:2001141
GO:1902679 -[negatively_regulates]-> GO:0032774
GO:1902680 -[is_a]-> GO:0010557
GO:1902680 -[is_a]-> GO:0031328
GO:1902680 -[is_a]-> GO:0051254
GO:1902680 -[is_a]-> GO:2001141
GO:1902680 -[positively_regulates]-> GO:0032774
GO:1902681 -[is_a]-> GO:0033044
GO:1902681 -[is_a]-> GO:0090329
GO:1902681 -[regulates]-> GO:0031582
GO:1902682 -[is_a]-> GO:0034504
GO:1902682 -[is_a]-> GO:0071459
GO:1902682 -[is_a]-> GO:0097355
GO:1902683 -[is_a]-> GO:0032879
GO:1902683 -[regulates]-> GO:0097120
GO:1902684 -[is_a]-> GO:0048519
GO:1902684 -[is_a]-> GO:1902683
GO:1902684 -[negatively_regulates]-> GO:0097120
GO:1902685 -[is_a]-> GO:0048518
GO:1902685 -[is_a]-> GO:1902683
GO:1902685 -[positively_regulates]-> GO:0097120
GO:1902686 -[is_a]-> GO:0035794
GO:1902686 -[part_of]-> GO:0012501
GO:1902687 -[is_a]-> GO:1902494
GO:1902688 -[is_a]-> GO:0006140
GO:1902688 -[is_a]-> GO:0051196
GO:1902688 -[regulates]-> GO:0019674
GO:1902689 -[is_a]-> GO:0045980
GO:1902689 -[is_a]-> GO:0051198
GO:1902689 -[is_a]-> GO:1902688
GO:1902689 -[negatively_regulates]-> GO:0019674
GO:1902690 -[is_a]-> GO:0045981
GO:1902690 -[is_a]-> GO:0051197
GO:1902690 -[is_a]-> GO:1902688
GO:1902690 -[positively_regulates]-> GO:0019674
GO:1902691 -[is_a]-> GO:0030855
GO:1902691 -[is_a]-> GO:0048863
GO:1902692 -[is_a]-> GO:0050767
GO:1902692 -[is_a]-> GO:0072091
GO:1902692 -[is_a]-> GO:2000177
GO:1902692 -[regulates]-> GO:0007405
GO:1902693 -[is_a]-> GO:1990204
GO:1902694 -[is_a]-> GO:1902695
GO:1902695 -[is_a]-> GO:0032991
GO:1902696 -[is_a]-> GO:0009071
GO:1902696 -[is_a]-> GO:1901960
GO:1902697 -[is_a]-> GO:0009083
GO:1902697 -[is_a]-> GO:1901606
GO:1902697 -[is_a]-> GO:1901960
GO:1902698 -[is_a]-> GO:0019323
GO:1902698 -[is_a]-> GO:0019605
GO:1902699 -[is_a]-> GO:0006083
GO:1902699 -[is_a]-> GO:0019323
GO:1902700 -[is_a]-> GO:0019323
GO:1902700 -[is_a]-> GO:0071270
GO:1902701 -[is_a]-> GO:0019323
GO:1902701 -[is_a]-> GO:1902639
GO:1902702 -[is_a]-> GO:0019320
GO:1902702 -[is_a]-> GO:1902639
GO:1902703 -[is_a]-> GO:0019320
GO:1902703 -[is_a]-> GO:0071270
GO:1902704 -[is_a]-> GO:0019320
GO:1902704 -[is_a]-> GO:0043443
GO:1902705 -[is_a]-> GO:0019320
GO:1902705 -[is_a]-> GO:0019605
GO:1902706 -[is_a]-> GO:0006083
GO:1902706 -[is_a]-> GO:0019320
GO:1902707 -[is_a]-> GO:0006067
GO:1902707 -[is_a]-> GO:0019320
GO:1902708 -[is_a]-> GO:0014070
GO:1902708 -[is_a]-> GO:1901654
GO:1902709 -[is_a]-> GO:0071407
GO:1902709 -[is_a]-> GO:1901655
GO:1902709 -[is_a]-> GO:1902708
GO:1902710 -[is_a]-> GO:0043235
GO:1902711 -[is_a]-> GO:1902710
GO:1902712 -[is_a]-> GO:0038037
GO:1902712 -[is_a]-> GO:1902710
GO:1902713 -[is_a]-> GO:0032649
GO:1902713 -[is_a]-> GO:0050707
GO:1902713 -[regulates]-> GO:0072643
GO:1902714 -[is_a]-> GO:0032689
GO:1902714 -[is_a]-> GO:0050710
GO:1902714 -[is_a]-> GO:1902713
GO:1902714 -[negatively_regulates]-> GO:0072643
GO:1902715 -[is_a]-> GO:0032729
GO:1902715 -[is_a]-> GO:0050715
GO:1902715 -[is_a]-> GO:1902713
GO:1902715 -[positively_regulates]-> GO:0072643
GO:1902716 -[is_a]-> GO:0051285
GO:1902716 -[part_of]-> GO:0035838
GO:1902721 -[is_a]-> GO:0050709
GO:1902721 -[is_a]-> GO:0090278
GO:1902721 -[negatively_regulates]-> GO:0070459
GO:1902722 -[is_a]-> GO:0050714
GO:1902722 -[is_a]-> GO:0090277
GO:1902722 -[positively_regulates]-> GO:0070459
GO:1902723 -[is_a]-> GO:0014842
GO:1902723 -[is_a]-> GO:0014859
GO:1902723 -[negatively_regulates]-> GO:0014841
GO:1902724 -[is_a]-> GO:0014842
GO:1902724 -[is_a]-> GO:0014858
GO:1902724 -[positively_regulates]-> GO:0014841
GO:1902725 -[is_a]-> GO:2001015
GO:1902725 -[negatively_regulates]-> GO:0014816
GO:1902726 -[is_a]-> GO:2001016
GO:1902726 -[positively_regulates]-> GO:0014816
GO:1902727 -[is_a]-> GO:0065007
GO:1902728 -[is_a]-> GO:0065007
GO:1902729 -[is_a]-> GO:0010561
GO:1902729 -[negatively_regulates]-> GO:0030166
GO:1902730 -[is_a]-> GO:0010560
GO:1902730 -[positively_regulates]-> GO:0030166
GO:1902731 -[is_a]-> GO:0008285
GO:1902731 -[negatively_regulates]-> GO:0035988
GO:1902732 -[is_a]-> GO:0008284
GO:1902732 -[positively_regulates]-> GO:0035988
GO:1902733 -[is_a]-> GO:0046620
GO:1902733 -[is_a]-> GO:1902738
GO:1902733 -[regulates]-> GO:0003418
GO:1902734 -[is_a]-> GO:1903900
GO:1902734 -[regulates]-> GO:0046813
GO:1902735 -[is_a]-> GO:1902734
GO:1902735 -[is_a]-> GO:1903901
GO:1902735 -[negatively_regulates]-> GO:0046813
GO:1902736 -[is_a]-> GO:1902734
GO:1902736 -[is_a]-> GO:1903902
GO:1902736 -[positively_regulates]-> GO:0046813
GO:1902737 -[is_a]-> GO:0030175
GO:1902737 -[is_a]-> GO:0044463
GO:1902737 -[is_a]-> GO:0097458
GO:1902737 -[part_of]-> GO:0030425
GO:1902738 -[is_a]-> GO:0032330
GO:1902738 -[is_a]-> GO:1903010
GO:1902738 -[is_a]-> GO:2000027
GO:1902738 -[regulates]-> GO:0003413
GO:1902739 -[is_a]-> GO:0032647
GO:1902739 -[is_a]-> GO:0050707
GO:1902739 -[regulates]-> GO:0072642
GO:1902740 -[is_a]-> GO:0032687
GO:1902740 -[is_a]-> GO:0050710
GO:1902740 -[is_a]-> GO:1902739
GO:1902740 -[negatively_regulates]-> GO:0072642
GO:1902741 -[is_a]-> GO:0032727
GO:1902741 -[is_a]-> GO:0050715
GO:1902741 -[is_a]-> GO:1902739
GO:1902741 -[positively_regulates]-> GO:0072642
GO:1902742 -[is_a]-> GO:0006915
GO:1902742 -[part_of]-> GO:0048856
GO:1902743 -[is_a]-> GO:0031344
GO:1902743 -[regulates]-> GO:0097581
GO:1902744 -[is_a]-> GO:0031345
GO:1902744 -[is_a]-> GO:1902743
GO:1902744 -[negatively_regulates]-> GO:0097581
GO:1902745 -[is_a]-> GO:0031346
GO:1902745 -[is_a]-> GO:1902743
GO:1902745 -[positively_regulates]-> GO:0097581
GO:1902746 -[is_a]-> GO:0030856
GO:1902746 -[regulates]-> GO:0070306
GO:1902747 -[is_a]-> GO:0030857
GO:1902747 -[is_a]-> GO:0051241
GO:1902747 -[is_a]-> GO:1902746
GO:1902747 -[negatively_regulates]-> GO:0070306
GO:1902748 -[is_a]-> GO:0030858
GO:1902748 -[is_a]-> GO:0051240
GO:1902748 -[is_a]-> GO:1902746
GO:1902748 -[positively_regulates]-> GO:0070306
GO:1902749 -[is_a]-> GO:1901987
GO:1902749 -[regulates]-> GO:0044839
GO:1902750 -[is_a]-> GO:1901988
GO:1902750 -[is_a]-> GO:1902749
GO:1902750 -[negatively_regulates]-> GO:0044839
GO:1902751 -[is_a]-> GO:1901989
GO:1902751 -[is_a]-> GO:1902749
GO:1902751 -[positively_regulates]-> GO:0044839
GO:1902752 -[is_a]-> GO:0098801
GO:1902752 -[regulates]-> GO:1990297
GO:1902753 -[is_a]-> GO:0051241
GO:1902753 -[is_a]-> GO:1902752
GO:1902753 -[negatively_regulates]-> GO:1990297
GO:1902754 -[is_a]-> GO:0051240
GO:1902754 -[is_a]-> GO:1902752
GO:1902754 -[positively_regulates]-> GO:1990297
GO:1902755 -[is_a]-> GO:0019720
GO:1902756 -[is_a]-> GO:0006777
GO:1902756 -[is_a]-> GO:1902755
GO:1902756 -[has_part]-> GO:0008265
GO:1902757 -[is_a]-> GO:0009117
GO:1902757 -[is_a]-> GO:0019720
GO:1902758 -[is_a]-> GO:0006777
GO:1902758 -[is_a]-> GO:0009165
GO:1902758 -[is_a]-> GO:1902757
GO:1902758 -[has_part]-> GO:0061603
GO:1902759 -[is_a]-> GO:0009117
GO:1902759 -[is_a]-> GO:0019720
GO:1902760 -[is_a]-> GO:0006777
GO:1902760 -[is_a]-> GO:0009165
GO:1902760 -[is_a]-> GO:1902759
GO:1902760 -[has_part]-> GO:0061602
GO:1902761 -[is_a]-> GO:0010720
GO:1902761 -[is_a]-> GO:0032332
GO:1902761 -[is_a]-> GO:0061181
GO:1902761 -[positively_regulates]-> GO:0002063
GO:1902762 -[is_a]-> GO:0045995
GO:1902762 -[regulates]-> GO:0072498
GO:1902763 -[is_a]-> GO:0045992
GO:1902763 -[is_a]-> GO:1902762
GO:1902763 -[negatively_regulates]-> GO:0072498
GO:1902764 -[is_a]-> GO:0040019
GO:1902764 -[is_a]-> GO:1902762
GO:1902764 -[positively_regulates]-> GO:0072498
GO:1902765 -[is_a]-> GO:0043091
GO:1902765 -[is_a]-> GO:1902837
GO:1902766 -[is_a]-> GO:0016477
GO:1902767 -[is_a]-> GO:0008299
GO:1902768 -[is_a]-> GO:0008299
GO:1902769 -[is_a]-> GO:0051338
GO:1902769 -[regulates]-> GO:0004102
GO:1902770 -[is_a]-> GO:0051348
GO:1902770 -[is_a]-> GO:1902769
GO:1902770 -[negatively_regulates]-> GO:0004102
GO:1902771 -[is_a]-> GO:0051347
GO:1902771 -[is_a]-> GO:1902769
GO:1902771 -[positively_regulates]-> GO:0004102
GO:1902772 -[is_a]-> GO:0070299
GO:1902772 -[part_of]-> GO:0071588
GO:1902773 -[is_a]-> GO:0032991
GO:1902774 -[is_a]-> GO:0007041
GO:1902774 -[is_a]-> GO:0045324
GO:1902775 -[is_a]-> GO:0000027
GO:1902775 -[part_of]-> GO:0061668
GO:1902776 -[is_a]-> GO:0071704
GO:1902777 -[is_a]-> GO:1901575
GO:1902777 -[is_a]-> GO:1902776
GO:1902778 -[is_a]-> GO:0010033
GO:1902779 -[is_a]-> GO:0070887
GO:1902779 -[is_a]-> GO:1902778
GO:1902780 -[is_a]-> GO:1902778
GO:1902781 -[is_a]-> GO:1902779
GO:1902781 -[is_a]-> GO:1902780
GO:1902782 -[is_a]-> GO:1902778
GO:1902783 -[is_a]-> GO:1902779
GO:1902783 -[is_a]-> GO:1902782
GO:1902784 -[is_a]-> GO:1902778
GO:1902785 -[is_a]-> GO:1902779
GO:1902785 -[is_a]-> GO:1902784
GO:1902786 -[is_a]-> GO:1902778
GO:1902787 -[is_a]-> GO:1902779
GO:1902787 -[is_a]-> GO:1902786
GO:1902788 -[is_a]-> GO:1902778
GO:1902789 -[is_a]-> GO:1902779
GO:1902789 -[is_a]-> GO:1902788
GO:1902790 -[is_a]-> GO:0042180
GO:1902791 -[is_a]-> GO:0042181
GO:1902791 -[is_a]-> GO:1902790
GO:1902792 -[is_a]-> GO:1990204
GO:1902793 -[is_a]-> GO:1902494
GO:1902794 -[is_a]-> GO:0031507
GO:1902795 -[is_a]-> GO:0031507
GO:1902796 -[is_a]-> GO:0010468
GO:1902796 -[is_a]-> GO:1903323
GO:1902796 -[regulates]-> GO:0043144
GO:1902797 -[is_a]-> GO:0010629
GO:1902797 -[is_a]-> GO:1902796
GO:1902797 -[is_a]-> GO:1903324
GO:1902797 -[negatively_regulates]-> GO:0043144
GO:1902798 -[is_a]-> GO:0010628
GO:1902798 -[is_a]-> GO:1902796
GO:1902798 -[is_a]-> GO:1903325
GO:1902798 -[positively_regulates]-> GO:0043144
GO:1902799 -[is_a]-> GO:0032069
GO:1902799 -[regulates]-> GO:0004528
GO:1902800 -[is_a]-> GO:0032075
GO:1902800 -[is_a]-> GO:1902799
GO:1902800 -[positively_regulates]-> GO:0004528
GO:1902801 -[is_a]-> GO:0031445
GO:1902801 -[regulates]-> GO:1902794
GO:1902802 -[is_a]-> GO:0031445
GO:1902802 -[regulates]-> GO:1902795
GO:1902803 -[is_a]-> GO:0060341
GO:1902803 -[is_a]-> GO:0060627
GO:1902803 -[regulates]-> GO:0048489
GO:1902804 -[is_a]-> GO:0051051
GO:1902804 -[is_a]-> GO:1902803
GO:1902804 -[negatively_regulates]-> GO:0048489
GO:1902805 -[is_a]-> GO:0051050
GO:1902805 -[is_a]-> GO:1902803
GO:1902805 -[positively_regulates]-> GO:0048489
GO:1902806 -[is_a]-> GO:1901987
GO:1902806 -[regulates]-> GO:0044843
GO:1902807 -[is_a]-> GO:1901988
GO:1902807 -[is_a]-> GO:1902806
GO:1902807 -[negatively_regulates]-> GO:0044843
GO:1902808 -[is_a]-> GO:1901989
GO:1902808 -[is_a]-> GO:1902806
GO:1902808 -[positively_regulates]-> GO:0044843
GO:1902809 -[is_a]-> GO:0010830
GO:1902809 -[is_a]-> GO:2001014
GO:1902809 -[regulates]-> GO:0098528
GO:1902810 -[is_a]-> GO:0010832
GO:1902810 -[is_a]-> GO:1902809
GO:1902810 -[is_a]-> GO:2001015
GO:1902810 -[negatively_regulates]-> GO:0098528
GO:1902811 -[is_a]-> GO:0010831
GO:1902811 -[is_a]-> GO:1902809
GO:1902811 -[is_a]-> GO:2001016
GO:1902811 -[positively_regulates]-> GO:0098528
GO:1902812 -[is_a]-> GO:0030510
GO:1902812 -[is_a]-> GO:2000026
GO:1902812 -[is_a]-> GO:2000380
GO:1902812 -[regulates]-> GO:0003155
GO:1902813 -[is_a]-> GO:0030514
GO:1902813 -[is_a]-> GO:0051241
GO:1902813 -[is_a]-> GO:1902812
GO:1902813 -[is_a]-> GO:2000381
GO:1902813 -[negatively_regulates]-> GO:0003155
GO:1902814 -[is_a]-> GO:0030513
GO:1902814 -[is_a]-> GO:0051240
GO:1902814 -[is_a]-> GO:1902812
GO:1902814 -[is_a]-> GO:2000382
GO:1902814 -[positively_regulates]-> GO:0003155
GO:1902815 -[is_a]-> GO:1901264
GO:1902816 -[is_a]-> GO:1903827
GO:1902816 -[regulates]-> GO:0035372
GO:1902817 -[is_a]-> GO:1902816
GO:1902817 -[is_a]-> GO:1903828
GO:1902817 -[negatively_regulates]-> GO:0035372
GO:1902818 -[is_a]-> GO:1900619
GO:1902819 -[is_a]-> GO:1900620
GO:1902819 -[is_a]-> GO:1902818
GO:1902820 -[is_a]-> GO:0043449
GO:1902821 -[is_a]-> GO:0043450
GO:1902821 -[is_a]-> GO:1902820
GO:1902822 -[is_a]-> GO:1903335
GO:1902822 -[regulates]-> GO:1902774
GO:1902823 -[is_a]-> GO:1902822
GO:1902823 -[is_a]-> GO:1903336
GO:1902823 -[negatively_regulates]-> GO:1902774
GO:1902824 -[is_a]-> GO:1902822
GO:1902824 -[is_a]-> GO:1903337
GO:1902824 -[positively_regulates]-> GO:1902774
GO:1902825 -[is_a]-> GO:1902837
GO:1902826 -[is_a]-> GO:0010963
GO:1902826 -[regulates]-> GO:1902765
GO:1902827 -[is_a]-> GO:0051956
GO:1902827 -[is_a]-> GO:1902826
GO:1902827 -[negatively_regulates]-> GO:1902765
GO:1902828 -[is_a]-> GO:1901042
GO:1902828 -[is_a]-> GO:1902826
GO:1902828 -[positively_regulates]-> GO:1902765
GO:1902829 -[is_a]-> GO:0045664
GO:1902829 -[regulates]-> GO:0021527
GO:1902830 -[is_a]-> GO:0045665
GO:1902830 -[is_a]-> GO:1902829
GO:1902830 -[negatively_regulates]-> GO:0021527
GO:1902831 -[is_a]-> GO:0045666
GO:1902831 -[is_a]-> GO:1902829
GO:1902831 -[positively_regulates]-> GO:0021527
GO:1902832 -[is_a]-> GO:0021921
GO:1902832 -[is_a]-> GO:2000178
GO:1902832 -[negatively_regulates]-> GO:0010456
GO:1902833 -[is_a]-> GO:0021921
GO:1902833 -[is_a]-> GO:2000179
GO:1902833 -[positively_regulates]-> GO:0010456
GO:1902834 -[is_a]-> GO:0010958
GO:1902834 -[regulates]-> GO:1902825
GO:1902835 -[is_a]-> GO:0051956
GO:1902835 -[is_a]-> GO:1902834
GO:1902835 -[negatively_regulates]-> GO:1902825
GO:1902836 -[is_a]-> GO:0051957
GO:1902836 -[is_a]-> GO:1902834
GO:1902836 -[positively_regulates]-> GO:1902825
GO:1902837 -[is_a]-> GO:0043090
GO:1902837 -[is_a]-> GO:0098657
GO:1902838 -[is_a]-> GO:1902513
GO:1902838 -[regulates]-> GO:0030473
GO:1902839 -[is_a]-> GO:0032387
GO:1902839 -[is_a]-> GO:0051271
GO:1902839 -[is_a]-> GO:1902838
GO:1902839 -[negatively_regulates]-> GO:0030473
GO:1902840 -[is_a]-> GO:0032388
GO:1902840 -[is_a]-> GO:0051272
GO:1902840 -[is_a]-> GO:1902838
GO:1902840 -[positively_regulates]-> GO:0030473
GO:1902841 -[is_a]-> GO:0009966
GO:1902841 -[regulates]-> GO:0038007
GO:1902842 -[is_a]-> GO:0009968
GO:1902842 -[is_a]-> GO:1902841
GO:1902842 -[negatively_regulates]-> GO:0038007
GO:1902843 -[is_a]-> GO:0009967
GO:1902843 -[is_a]-> GO:1902841
GO:1902843 -[positively_regulates]-> GO:0038007
GO:1902844 -[is_a]-> GO:0050768
GO:1902844 -[is_a]-> GO:0090090
GO:1902844 -[is_a]-> GO:1902829
GO:1902844 -[negatively_regulates]-> GO:0100067
GO:1902845 -[is_a]-> GO:0032888
GO:1902845 -[is_a]-> GO:0033048
GO:1902845 -[is_a]-> GO:0051494
GO:1902845 -[negatively_regulates]-> GO:0000022
GO:1902846 -[is_a]-> GO:0032888
GO:1902846 -[is_a]-> GO:0045840
GO:1902846 -[is_a]-> GO:0051495
GO:1902846 -[is_a]-> GO:0051984
GO:1902846 -[is_a]-> GO:2001252
GO:1902846 -[positively_regulates]-> GO:0000022
GO:1902847 -[is_a]-> GO:0009966
GO:1902847 -[regulates]-> GO:0023041
GO:1902848 -[is_a]-> GO:0009968
GO:1902848 -[is_a]-> GO:1902847
GO:1902848 -[negatively_regulates]-> GO:0023041
GO:1902849 -[is_a]-> GO:0009967
GO:1902849 -[is_a]-> GO:1902847
GO:1902849 -[positively_regulates]-> GO:0023041
GO:1902850 -[is_a]-> GO:0000226
GO:1902850 -[is_a]-> GO:1903047
GO:1902850 -[part_of]-> GO:0007067
GO:1902852 -[is_a]-> GO:1902838
GO:1902852 -[regulates]-> GO:0090561
GO:1902853 -[is_a]-> GO:1902839
GO:1902853 -[is_a]-> GO:1902852
GO:1902853 -[negatively_regulates]-> GO:0090561
GO:1902854 -[is_a]-> GO:1902840
GO:1902854 -[is_a]-> GO:1902852
GO:1902854 -[positively_regulates]-> GO:0090561
GO:1902855 -[is_a]-> GO:1902017
GO:1902855 -[regulates]-> GO:1905515
GO:1902856 -[is_a]-> GO:1902018
GO:1902856 -[is_a]-> GO:1902855
GO:1902856 -[negatively_regulates]-> GO:1905515
GO:1902857 -[is_a]-> GO:0045724
GO:1902857 -[is_a]-> GO:1902855
GO:1902857 -[positively_regulates]-> GO:1905515
GO:1902858 -[is_a]-> GO:0006637
GO:1902859 -[is_a]-> GO:0044273
GO:1902859 -[is_a]-> GO:1901575
GO:1902859 -[is_a]-> GO:1902858
GO:1902860 -[is_a]-> GO:0071616
GO:1902860 -[is_a]-> GO:1902858
GO:1902861 -[is_a]-> GO:0015677
GO:1902861 -[is_a]-> GO:0098659
GO:1902863 -[is_a]-> GO:0045995
GO:1902863 -[regulates]-> GO:0031076
GO:1902864 -[is_a]-> GO:0045992
GO:1902864 -[is_a]-> GO:1902863
GO:1902864 -[negatively_regulates]-> GO:0031076
GO:1902865 -[is_a]-> GO:0040019
GO:1902865 -[is_a]-> GO:1902863
GO:1902865 -[positively_regulates]-> GO:0031076
GO:1902866 -[is_a]-> GO:2000026
GO:1902866 -[regulates]-> GO:0060041
GO:1902867 -[is_a]-> GO:0051093
GO:1902867 -[is_a]-> GO:0051241
GO:1902867 -[is_a]-> GO:1902866
GO:1902867 -[negatively_regulates]-> GO:0060041
GO:1902868 -[is_a]-> GO:0051094
GO:1902868 -[is_a]-> GO:0051240
GO:1902868 -[is_a]-> GO:1902866
GO:1902868 -[positively_regulates]-> GO:0060041
GO:1902869 -[is_a]-> GO:0045664
GO:1902869 -[is_a]-> GO:0061074
GO:1902869 -[regulates]-> GO:0035881
GO:1902870 -[is_a]-> GO:0045665
GO:1902870 -[is_a]-> GO:0061076
GO:1902870 -[is_a]-> GO:1902869
GO:1902870 -[negatively_regulates]-> GO:0035881
GO:1902871 -[is_a]-> GO:0045666
GO:1902871 -[is_a]-> GO:0061075
GO:1902871 -[is_a]-> GO:1902869
GO:1902871 -[positively_regulates]-> GO:0035881
GO:1902872 -[is_a]-> GO:0032879
GO:1902872 -[is_a]-> GO:0061074
GO:1902872 -[is_a]-> GO:2000027
GO:1902872 -[regulates]-> GO:0035852
GO:1902873 -[is_a]-> GO:0061076
GO:1902873 -[is_a]-> GO:1902872
GO:1902873 -[negatively_regulates]-> GO:0035852
GO:1902874 -[is_a]-> GO:0061075
GO:1902874 -[is_a]-> GO:1902872
GO:1902874 -[positively_regulates]-> GO:0035852
GO:1902875 -[is_a]-> GO:0045995
GO:1902875 -[regulates]-> GO:0009880
GO:1902876 -[is_a]-> GO:0045992
GO:1902876 -[is_a]-> GO:1902875
GO:1902876 -[negatively_regulates]-> GO:0009880
GO:1902877 -[is_a]-> GO:0040019
GO:1902877 -[is_a]-> GO:1902875
GO:1902877 -[positively_regulates]-> GO:0009880
GO:1902878 -[is_a]-> GO:0008589
GO:1902878 -[is_a]-> GO:0030510
GO:1902878 -[is_a]-> GO:0042659
GO:1902878 -[is_a]-> GO:1902829
GO:1902878 -[regulates]-> GO:0021777
GO:1902879 -[is_a]-> GO:0009996
GO:1902879 -[is_a]-> GO:0030514
GO:1902879 -[is_a]-> GO:0045880
GO:1902879 -[is_a]-> GO:0051962
GO:1902879 -[is_a]-> GO:1902830
GO:1902879 -[is_a]-> GO:1902878
GO:1902879 -[negatively_regulates]-> GO:0021777
GO:1902880 -[is_a]-> GO:0030513
GO:1902880 -[is_a]-> GO:0042660
GO:1902880 -[is_a]-> GO:1902831
GO:1902880 -[is_a]-> GO:1902878
GO:1902880 -[positively_regulates]-> GO:0021777
GO:1902882 -[is_a]-> GO:0080134
GO:1902882 -[regulates]-> GO:0006979
GO:1902883 -[is_a]-> GO:0048585
GO:1902883 -[is_a]-> GO:1902882
GO:1902883 -[negatively_regulates]-> GO:0006979
GO:1902884 -[is_a]-> GO:0048584
GO:1902884 -[is_a]-> GO:1902882
GO:1902884 -[positively_regulates]-> GO:0006979
GO:1902885 -[is_a]-> GO:0043462
GO:1902885 -[is_a]-> GO:0061136
GO:1902885 -[regulates]-> GO:0036402
GO:1902886 -[is_a]-> GO:0032780
GO:1902886 -[is_a]-> GO:0048519
GO:1902886 -[is_a]-> GO:1902885
GO:1902886 -[negatively_regulates]-> GO:0036402
GO:1902887 -[is_a]-> GO:0032781
GO:1902887 -[is_a]-> GO:0048518
GO:1902887 -[is_a]-> GO:1902885
GO:1902887 -[positively_regulates]-> GO:0036402
GO:1902888 -[is_a]-> GO:1902889
GO:1902889 -[is_a]-> GO:0035372
GO:1902890 -[is_a]-> GO:0001558
GO:1902890 -[is_a]-> GO:0048638
GO:1902890 -[is_a]-> GO:1903429
GO:1902890 -[is_a]-> GO:1903888
GO:1902890 -[is_a]-> GO:2000067
GO:1902890 -[regulates]-> GO:0048767
GO:1902891 -[is_a]-> GO:0030308
GO:1902891 -[is_a]-> GO:0048640
GO:1902891 -[is_a]-> GO:1902890
GO:1902891 -[is_a]-> GO:1903430
GO:1902891 -[is_a]-> GO:1903889
GO:1902891 -[is_a]-> GO:1905422
GO:1902891 -[negatively_regulates]-> GO:0048767
GO:1902892 -[is_a]-> GO:0030307
GO:1902892 -[is_a]-> GO:0048639
GO:1902892 -[is_a]-> GO:1902890
GO:1902892 -[is_a]-> GO:1903431
GO:1902892 -[is_a]-> GO:1903890
GO:1902892 -[is_a]-> GO:1905423
GO:1902892 -[positively_regulates]-> GO:0048767
GO:1902893 -[is_a]-> GO:0006357
GO:1902893 -[regulates]-> GO:0061614
GO:1902894 -[is_a]-> GO:0000122
GO:1902894 -[is_a]-> GO:1902893
GO:1902894 -[negatively_regulates]-> GO:0061614
GO:1902895 -[is_a]-> GO:0045944
GO:1902895 -[is_a]-> GO:1902893
GO:1902895 -[positively_regulates]-> GO:0061614
GO:1902896 -[is_a]-> GO:0030866
GO:1902896 -[is_a]-> GO:0070925
GO:1902897 -[is_a]-> GO:1901626
GO:1902897 -[is_a]-> GO:1905475
GO:1902897 -[regulates]-> GO:0097119
GO:1902898 -[is_a]-> GO:0006629
GO:1902899 -[is_a]-> GO:0008610
GO:1902899 -[is_a]-> GO:1902898
GO:1902900 -[is_a]-> GO:0016050
GO:1902900 -[is_a]-> GO:0070925
GO:1902901 -[is_a]-> GO:0045944
GO:1902901 -[part_of]-> GO:1990170
GO:1902902 -[is_a]-> GO:0016242
GO:1902902 -[is_a]-> GO:1902116
GO:1902902 -[is_a]-> GO:2000785
GO:1902902 -[negatively_regulates]-> GO:0000045
GO:1902903 -[is_a]-> GO:1903053
GO:1902903 -[regulates]-> GO:0097435
GO:1902904 -[is_a]-> GO:1902903
GO:1902904 -[is_a]-> GO:1903054
GO:1902904 -[negatively_regulates]-> GO:0097435
GO:1902905 -[is_a]-> GO:1902903
GO:1902905 -[is_a]-> GO:1903055
GO:1902905 -[positively_regulates]-> GO:0097435
GO:1902906 -[is_a]-> GO:0043248
GO:1902907 -[is_a]-> GO:1903009
GO:1902908 -[is_a]-> GO:0050794
GO:1902908 -[is_a]-> GO:0051049
GO:1902908 -[is_a]-> GO:0060341
GO:1902908 -[regulates]-> GO:0032402
GO:1902909 -[is_a]-> GO:0048523
GO:1902909 -[is_a]-> GO:0051051
GO:1902909 -[is_a]-> GO:1902908
GO:1902909 -[negatively_regulates]-> GO:0032402
GO:1902910 -[is_a]-> GO:0048522
GO:1902910 -[is_a]-> GO:0051050
GO:1902910 -[is_a]-> GO:1902908
GO:1902910 -[positively_regulates]-> GO:0032402
GO:1902911 -[is_a]-> GO:0061695
GO:1902912 -[is_a]-> GO:0061695
GO:1902913 -[is_a]-> GO:0030858
GO:1902913 -[positively_regulates]-> GO:0060563
GO:1902914 -[is_a]-> GO:0031396
GO:1902914 -[regulates]-> GO:0000209
GO:1902915 -[is_a]-> GO:0031397
GO:1902915 -[is_a]-> GO:1902914
GO:1902915 -[negatively_regulates]-> GO:0000209
GO:1902916 -[is_a]-> GO:0031398
GO:1902916 -[is_a]-> GO:1902914
GO:1902916 -[positively_regulates]-> GO:0000209
GO:1902917 -[is_a]-> GO:0031139
GO:1902917 -[is_a]-> GO:0031346
GO:1902917 -[is_a]-> GO:0031383
GO:1902917 -[is_a]-> GO:0044089
GO:1902917 -[is_a]-> GO:0048584
GO:1902917 -[is_a]-> GO:0051094
GO:1902917 -[positively_regulates]-> GO:0031382
GO:1902918 -[is_a]-> GO:1902920
GO:1902919 -[is_a]-> GO:1902918
GO:1902919 -[is_a]-> GO:1902921
GO:1902920 -[is_a]-> GO:1901440
GO:1902921 -[is_a]-> GO:1901441
GO:1902921 -[is_a]-> GO:1902920
GO:1902922 -[is_a]-> GO:1902920
GO:1902923 -[is_a]-> GO:1902921
GO:1902923 -[is_a]-> GO:1902922
GO:1902924 -[is_a]-> GO:0006006
GO:1902924 -[is_a]-> GO:0044711
GO:1902924 -[is_a]-> GO:1901441
GO:1902925 -[is_a]-> GO:0006082
GO:1902925 -[is_a]-> GO:0006629
GO:1902925 -[is_a]-> GO:0044711
GO:1902925 -[is_a]-> GO:1901441
GO:1902926 -[is_a]-> GO:0010145
GO:1902927 -[is_a]-> GO:0010147
GO:1902927 -[is_a]-> GO:1902926
GO:1902928 -[is_a]-> GO:0010146
GO:1902928 -[is_a]-> GO:1902926
GO:1902929 -[is_a]-> GO:0044459
GO:1902929 -[part_of]-> GO:0035838
GO:1902930 -[is_a]-> GO:0009889
GO:1902930 -[regulates]-> GO:0046165
GO:1902931 -[is_a]-> GO:0009890
GO:1902931 -[is_a]-> GO:1902930
GO:1902931 -[negatively_regulates]-> GO:0046165
GO:1902932 -[is_a]-> GO:0009891
GO:1902932 -[is_a]-> GO:1902930
GO:1902932 -[positively_regulates]-> GO:0046165
GO:1902933 -[is_a]-> GO:1901615
GO:1902934 -[is_a]-> GO:1901617
GO:1902934 -[is_a]-> GO:1902933
GO:1902935 -[is_a]-> GO:0044380
GO:1902935 -[is_a]-> GO:0072697
GO:1902936 -[is_a]-> GO:1901981
GO:1902937 -[is_a]-> GO:0008076
GO:1902937 -[is_a]-> GO:0098802
GO:1902938 -[is_a]-> GO:0010359
GO:1902938 -[is_a]-> GO:1903795
GO:1902938 -[is_a]-> GO:2001225
GO:1902938 -[regulates]-> GO:0005229
GO:1902939 -[is_a]-> GO:0010360
GO:1902939 -[is_a]-> GO:1902938
GO:1902939 -[is_a]-> GO:1903796
GO:1902939 -[is_a]-> GO:2001226
GO:1902939 -[negatively_regulates]-> GO:0005229
GO:1902940 -[is_a]-> GO:1901529
GO:1902940 -[is_a]-> GO:1902938
GO:1902940 -[is_a]-> GO:1903797
GO:1902940 -[positively_regulates]-> GO:0005229
GO:1902941 -[is_a]-> GO:0010359
GO:1902941 -[is_a]-> GO:1903795
GO:1902941 -[is_a]-> GO:2001225
GO:1902941 -[regulates]-> GO:0005247
GO:1902942 -[is_a]-> GO:0010360
GO:1902942 -[is_a]-> GO:1902941
GO:1902942 -[is_a]-> GO:1903796
GO:1902942 -[is_a]-> GO:2001226
GO:1902942 -[negatively_regulates]-> GO:0005247
GO:1902943 -[is_a]-> GO:1901529
GO:1902943 -[is_a]-> GO:1902941
GO:1902943 -[is_a]-> GO:1903797
GO:1902943 -[positively_regulates]-> GO:0005247
GO:1902944 -[is_a]-> GO:0004190
GO:1902944 -[part_of]-> GO:0042987
GO:1902945 -[is_a]-> GO:0004222
GO:1902945 -[part_of]-> GO:0042987
GO:1902946 -[is_a]-> GO:0036010
GO:1902947 -[is_a]-> GO:0045859
GO:1902947 -[regulates]-> GO:0050321
GO:1902948 -[is_a]-> GO:0006469
GO:1902948 -[is_a]-> GO:1902947
GO:1902948 -[negatively_regulates]-> GO:0050321
GO:1902949 -[is_a]-> GO:0045860
GO:1902949 -[is_a]-> GO:1902947
GO:1902949 -[positively_regulates]-> GO:0050321
GO:1902950 -[is_a]-> GO:0031344
GO:1902950 -[regulates]-> GO:0097062
GO:1902951 -[is_a]-> GO:0031345
GO:1902951 -[is_a]-> GO:1902950
GO:1902951 -[negatively_regulates]-> GO:0097062
GO:1902952 -[is_a]-> GO:0031346
GO:1902952 -[is_a]-> GO:1902950
GO:1902952 -[positively_regulates]-> GO:0097062
GO:1902953 -[is_a]-> GO:0032388
GO:1902953 -[is_a]-> GO:0060628
GO:1902953 -[positively_regulates]-> GO:0006888
GO:1902954 -[is_a]-> GO:0060627
GO:1902954 -[is_a]-> GO:1903649
GO:1902954 -[regulates]-> GO:0061502
GO:1902955 -[is_a]-> GO:1902954
GO:1902955 -[is_a]-> GO:1903651
GO:1902955 -[positively_regulates]-> GO:0061502
GO:1902956 -[is_a]-> GO:1905446
GO:1902956 -[regulates]-> GO:0006120
GO:1902957 -[is_a]-> GO:1902956
GO:1902957 -[is_a]-> GO:1905447
GO:1902957 -[negatively_regulates]-> GO:0006120
GO:1902958 -[is_a]-> GO:1902956
GO:1902958 -[is_a]-> GO:1905448
GO:1902958 -[positively_regulates]-> GO:0006120
GO:1902959 -[is_a]-> GO:1905245
GO:1902959 -[part_of]-> GO:0042987
GO:1902960 -[is_a]-> GO:1902959
GO:1902960 -[is_a]-> GO:1905246
GO:1902960 -[part_of]-> GO:0042987
GO:1902961 -[is_a]-> GO:1902959
GO:1902961 -[is_a]-> GO:1905247
GO:1902961 -[part_of]-> GO:0042987
GO:1902962 -[is_a]-> GO:1902991
GO:1902962 -[is_a]-> GO:1904683
GO:1902962 -[regulates]-> GO:1902945
GO:1902963 -[is_a]-> GO:1902962
GO:1902963 -[is_a]-> GO:1902992
GO:1902963 -[is_a]-> GO:1904684
GO:1902963 -[negatively_regulates]-> GO:1902945
GO:1902964 -[is_a]-> GO:1902962
GO:1902964 -[is_a]-> GO:1902993
GO:1902964 -[is_a]-> GO:1904685
GO:1902964 -[positively_regulates]-> GO:1902945
GO:1902965 -[is_a]-> GO:1903827
GO:1902965 -[regulates]-> GO:1902946
GO:1902966 -[is_a]-> GO:1902965
GO:1902966 -[is_a]-> GO:1903829
GO:1902966 -[positively_regulates]-> GO:1902946
GO:1902967 -[is_a]-> GO:1902480
GO:1902969 -[is_a]-> GO:0033260
GO:1902969 -[is_a]-> GO:1903047
GO:1902969 -[part_of]-> GO:0000278
GO:1902970 -[is_a]-> GO:0070192
GO:1902970 -[is_a]-> GO:1902320
GO:1902970 -[part_of]-> GO:0006279
GO:1902971 -[is_a]-> GO:1902320
GO:1902971 -[is_a]-> GO:1903047
GO:1902971 -[part_of]-> GO:1902969
GO:1902972 -[is_a]-> GO:1902333
GO:1902972 -[is_a]-> GO:1903046
GO:1902972 -[part_of]-> GO:0006279
GO:1902973 -[is_a]-> GO:1902333
GO:1902973 -[is_a]-> GO:1903047
GO:1902973 -[part_of]-> GO:1902969
GO:1902974 -[is_a]-> GO:1902315
GO:1902974 -[is_a]-> GO:1903046
GO:1902974 -[part_of]-> GO:0051321
GO:1902975 -[is_a]-> GO:1902315
GO:1902975 -[is_a]-> GO:1903047
GO:1902975 -[part_of]-> GO:1902969
GO:1902976 -[is_a]-> GO:0071163
GO:1902976 -[is_a]-> GO:1903046
GO:1902976 -[part_of]-> GO:0006279
GO:1902977 -[is_a]-> GO:0071163
GO:1902977 -[is_a]-> GO:1903047
GO:1902977 -[part_of]-> GO:1902969
GO:1902978 -[is_a]-> GO:1902317
GO:1902978 -[is_a]-> GO:1903046
GO:1902978 -[part_of]-> GO:0006279
GO:1902979 -[is_a]-> GO:1902317
GO:1902979 -[is_a]-> GO:1903047
GO:1902979 -[part_of]-> GO:1902969
GO:1902980 -[is_a]-> GO:1902318
GO:1902980 -[is_a]-> GO:1903046
GO:1902980 -[part_of]-> GO:0006279
GO:1902981 -[is_a]-> GO:1902318
GO:1902981 -[is_a]-> GO:1903047
GO:1902981 -[part_of]-> GO:0000278
GO:1902981 -[part_of]-> GO:1902969
GO:1902982 -[is_a]-> GO:1902319
GO:1902982 -[is_a]-> GO:1903046
GO:1902982 -[part_of]-> GO:0006279
GO:1902983 -[is_a]-> GO:1902319
GO:1902983 -[is_a]-> GO:1903047
GO:1902983 -[part_of]-> GO:1902969
GO:1902984 -[is_a]-> GO:0006267
GO:1902984 -[is_a]-> GO:1903046
GO:1902984 -[part_of]-> GO:0006279
GO:1902985 -[is_a]-> GO:0006267
GO:1902985 -[is_a]-> GO:1903047
GO:1902985 -[part_of]-> GO:1902969
GO:1902986 -[is_a]-> GO:2000282
GO:1902986 -[regulates]-> GO:0019878
GO:1902987 -[is_a]-> GO:1902986
GO:1902987 -[is_a]-> GO:2000283
GO:1902987 -[negatively_regulates]-> GO:0019878
GO:1902988 -[is_a]-> GO:0070841
GO:1902989 -[is_a]-> GO:0032201
GO:1902989 -[is_a]-> GO:0044702
GO:1902989 -[is_a]-> GO:0070192
GO:1902989 -[part_of]-> GO:0051321
GO:1902990 -[is_a]-> GO:0032201
GO:1902990 -[is_a]-> GO:1903047
GO:1902990 -[part_of]-> GO:0000278
GO:1902991 -[is_a]-> GO:0051246
GO:1902991 -[regulates]-> GO:0042987
GO:1902992 -[is_a]-> GO:0051248
GO:1902992 -[is_a]-> GO:1902991
GO:1902992 -[negatively_regulates]-> GO:0042987
GO:1902993 -[is_a]-> GO:0051247
GO:1902993 -[is_a]-> GO:1902991
GO:1902993 -[positively_regulates]-> GO:0042987
GO:1902994 -[is_a]-> GO:2001138
GO:1902994 -[regulates]-> GO:0033700
GO:1902995 -[is_a]-> GO:1902994
GO:1902995 -[is_a]-> GO:2001140
GO:1902995 -[positively_regulates]-> GO:0033700
GO:1902996 -[is_a]-> GO:0090083
GO:1902996 -[regulates]-> GO:1902988
GO:1902997 -[is_a]-> GO:0090084
GO:1902997 -[is_a]-> GO:1902996
GO:1902997 -[negatively_regulates]-> GO:1902988
GO:1902998 -[is_a]-> GO:0090261
GO:1902998 -[is_a]-> GO:1902996
GO:1902998 -[positively_regulates]-> GO:1902988
GO:1902999 -[is_a]-> GO:1902994
GO:1902999 -[is_a]-> GO:2001139
GO:1902999 -[negatively_regulates]-> GO:0033700
GO:1903000 -[is_a]-> GO:0032368
GO:1903000 -[regulates]-> GO:1990379
GO:1903001 -[is_a]-> GO:0032369
GO:1903001 -[is_a]-> GO:1903000
GO:1903001 -[negatively_regulates]-> GO:1990379
GO:1903002 -[is_a]-> GO:0032370
GO:1903002 -[is_a]-> GO:1903000
GO:1903002 -[positively_regulates]-> GO:1990379
GO:1903003 -[is_a]-> GO:0045862
GO:1903003 -[is_a]-> GO:0090085
GO:1903003 -[is_a]-> GO:1903322
GO:1903003 -[positively_regulates]-> GO:0016579
GO:1903004 -[is_a]-> GO:0090085
GO:1903004 -[regulates]-> GO:0070536
GO:1903005 -[is_a]-> GO:0090086
GO:1903005 -[is_a]-> GO:1903004
GO:1903005 -[negatively_regulates]-> GO:0070536
GO:1903006 -[is_a]-> GO:1903003
GO:1903006 -[is_a]-> GO:1903004
GO:1903006 -[positively_regulates]-> GO:0070536
GO:1903007 -[is_a]-> GO:0051345
GO:1903007 -[is_a]-> GO:1903006
GO:1903007 -[positively_regulates]-> GO:0061578
GO:1903008 -[is_a]-> GO:0022411
GO:1903008 -[is_a]-> GO:1902589
GO:1903009 -[is_a]-> GO:0043241
GO:1903010 -[is_a]-> GO:2000026
GO:1903010 -[regulates]-> GO:0060348
GO:1903011 -[is_a]-> GO:0051093
GO:1903011 -[is_a]-> GO:0051241
GO:1903011 -[is_a]-> GO:1903010
GO:1903011 -[negatively_regulates]-> GO:0060348
GO:1903012 -[is_a]-> GO:0051094
GO:1903012 -[is_a]-> GO:0051240
GO:1903012 -[is_a]-> GO:1903010
GO:1903012 -[positively_regulates]-> GO:0060348
GO:1903013 -[is_a]-> GO:0014070
GO:1903013 -[is_a]-> GO:0045472
GO:1903013 -[is_a]-> GO:1901654
GO:1903014 -[is_a]-> GO:0071362
GO:1903014 -[is_a]-> GO:0071407
GO:1903014 -[is_a]-> GO:1901655
GO:1903014 -[is_a]-> GO:1903013
GO:1903015 -[is_a]-> GO:0051336
GO:1903015 -[regulates]-> GO:0004308
GO:1903016 -[is_a]-> GO:0051346
GO:1903016 -[is_a]-> GO:1903015
GO:1903016 -[negatively_regulates]-> GO:0004308
GO:1903017 -[is_a]-> GO:0051345
GO:1903017 -[is_a]-> GO:1903015
GO:1903017 -[positively_regulates]-> GO:0004308
GO:1903018 -[is_a]-> GO:0031323
GO:1903018 -[is_a]-> GO:0060255
GO:1903018 -[regulates]-> GO:0009100
GO:1903019 -[is_a]-> GO:0010605
GO:1903019 -[is_a]-> GO:0031324
GO:1903019 -[is_a]-> GO:1903018
GO:1903019 -[negatively_regulates]-> GO:0009100
GO:1903020 -[is_a]-> GO:0010604
GO:1903020 -[is_a]-> GO:0031325
GO:1903020 -[is_a]-> GO:1903018
GO:1903020 -[positively_regulates]-> GO:0009100
GO:1903021 -[is_a]-> GO:0051336
GO:1903021 -[regulates]-> GO:0090580
GO:1903022 -[is_a]-> GO:0051345
GO:1903022 -[is_a]-> GO:1903021
GO:1903022 -[positively_regulates]-> GO:0090580
GO:1903023 -[is_a]-> GO:0034307
GO:1903023 -[is_a]-> GO:0044087
GO:1903023 -[is_a]-> GO:0051128
GO:1903023 -[regulates]-> GO:0032120
GO:1903024 -[is_a]-> GO:0044089
GO:1903024 -[is_a]-> GO:0051130
GO:1903024 -[is_a]-> GO:0075296
GO:1903024 -[is_a]-> GO:1903023
GO:1903024 -[positively_regulates]-> GO:0032120
GO:1903025 -[is_a]-> GO:2000677
GO:1903025 -[regulates]-> GO:0000977
GO:1903026 -[is_a]-> GO:1903025
GO:1903026 -[is_a]-> GO:2000678
GO:1903026 -[negatively_regulates]-> GO:0000977
GO:1903027 -[is_a]-> GO:0002697
GO:1903027 -[is_a]-> GO:0050764
GO:1903027 -[regulates]-> GO:0008228
GO:1903028 -[is_a]-> GO:0002699
GO:1903028 -[is_a]-> GO:0050766
GO:1903028 -[is_a]-> GO:1903027
GO:1903028 -[positively_regulates]-> GO:0008228
GO:1903031 -[is_a]-> GO:1904526
GO:1903031 -[regulates]-> GO:0051010
GO:1903032 -[is_a]-> GO:1903031
GO:1903032 -[is_a]-> GO:1904527
GO:1903032 -[negatively_regulates]-> GO:0051010
GO:1903033 -[is_a]-> GO:1903031
GO:1903033 -[is_a]-> GO:1904528
GO:1903033 -[positively_regulates]-> GO:0051010
GO:1903034 -[is_a]-> GO:0080134
GO:1903034 -[regulates]-> GO:0009611
GO:1903035 -[is_a]-> GO:0048585
GO:1903035 -[is_a]-> GO:1903034
GO:1903035 -[negatively_regulates]-> GO:0009611
GO:1903036 -[is_a]-> GO:0048584
GO:1903036 -[is_a]-> GO:1903034
GO:1903036 -[positively_regulates]-> GO:0009611
GO:1903037 -[is_a]-> GO:0022407
GO:1903037 -[regulates]-> GO:0007159
GO:1903038 -[is_a]-> GO:0022408
GO:1903038 -[is_a]-> GO:1903037
GO:1903038 -[negatively_regulates]-> GO:0007159
GO:1903039 -[is_a]-> GO:0022409
GO:1903039 -[is_a]-> GO:1903037
GO:1903039 -[positively_regulates]-> GO:0007159
GO:1903040 -[is_a]-> GO:0006461
GO:1903041 -[is_a]-> GO:0001558
GO:1903041 -[is_a]-> GO:0048638
GO:1903041 -[is_a]-> GO:0061181
GO:1903041 -[regulates]-> GO:0003415
GO:1903042 -[is_a]-> GO:0030308
GO:1903042 -[is_a]-> GO:0048640
GO:1903042 -[is_a]-> GO:0061182
GO:1903042 -[is_a]-> GO:1903041
GO:1903042 -[negatively_regulates]-> GO:0003415
GO:1903043 -[is_a]-> GO:0030307
GO:1903043 -[is_a]-> GO:0048639
GO:1903043 -[is_a]-> GO:1902761
GO:1903043 -[is_a]-> GO:1903041
GO:1903043 -[positively_regulates]-> GO:0003415
GO:1903044 -[is_a]-> GO:0072657
GO:1903045 -[is_a]-> GO:1901166
GO:1903045 -[part_of]-> GO:0048485
GO:1903046 -[is_a]-> GO:0022402
GO:1903046 -[is_a]-> GO:0022414
GO:1903046 -[part_of]-> GO:0051321
GO:1903047 -[is_a]-> GO:0022402
GO:1903047 -[part_of]-> GO:0000278
GO:1903048 -[is_a]-> GO:0032412
GO:1903048 -[is_a]-> GO:0099601
GO:1903048 -[regulates]-> GO:0022848
GO:1903049 -[is_a]-> GO:0009968
GO:1903049 -[is_a]-> GO:0032413
GO:1903049 -[is_a]-> GO:1903048
GO:1903049 -[is_a]-> GO:2000272
GO:1903049 -[negatively_regulates]-> GO:0022848
GO:1903050 -[is_a]-> GO:0030162
GO:1903050 -[is_a]-> GO:1903362
GO:1903050 -[regulates]-> GO:0051603
GO:1903051 -[is_a]-> GO:0045861
GO:1903051 -[is_a]-> GO:1903050
GO:1903051 -[is_a]-> GO:1903363
GO:1903051 -[negatively_regulates]-> GO:0051603
GO:1903052 -[is_a]-> GO:0045862
GO:1903052 -[is_a]-> GO:1903050
GO:1903052 -[is_a]-> GO:1903364
GO:1903052 -[positively_regulates]-> GO:0051603
GO:1903053 -[is_a]-> GO:0051128
GO:1903053 -[regulates]-> GO:0030198
GO:1903054 -[is_a]-> GO:0051129
GO:1903054 -[is_a]-> GO:1903053
GO:1903054 -[negatively_regulates]-> GO:0030198
GO:1903055 -[is_a]-> GO:0051130
GO:1903055 -[is_a]-> GO:1903053
GO:1903055 -[positively_regulates]-> GO:0030198
GO:1903056 -[is_a]-> GO:0033043
GO:1903056 -[regulates]-> GO:0032438
GO:1903057 -[is_a]-> GO:0010639
GO:1903057 -[is_a]-> GO:1903056
GO:1903057 -[negatively_regulates]-> GO:0032438
GO:1903058 -[is_a]-> GO:0010638
GO:1903058 -[is_a]-> GO:1903056
GO:1903058 -[positively_regulates]-> GO:0032438
GO:1903059 -[is_a]-> GO:0031399
GO:1903059 -[is_a]-> GO:0050746
GO:1903059 -[is_a]-> GO:2000112
GO:1903059 -[regulates]-> GO:0006497
GO:1903060 -[is_a]-> GO:0031400
GO:1903060 -[is_a]-> GO:0050748
GO:1903060 -[is_a]-> GO:1903059
GO:1903060 -[is_a]-> GO:2000113
GO:1903060 -[negatively_regulates]-> GO:0006497
GO:1903061 -[is_a]-> GO:0010557
GO:1903061 -[is_a]-> GO:0031401
GO:1903061 -[is_a]-> GO:0050747
GO:1903061 -[is_a]-> GO:1903059
GO:1903061 -[positively_regulates]-> GO:0006497
GO:1903062 -[is_a]-> GO:0032374
GO:1903062 -[regulates]-> GO:0043691
GO:1903063 -[is_a]-> GO:0032375
GO:1903063 -[is_a]-> GO:1903062
GO:1903063 -[negatively_regulates]-> GO:0043691
GO:1903064 -[is_a]-> GO:0032376
GO:1903064 -[is_a]-> GO:1903062
GO:1903064 -[positively_regulates]-> GO:0043691
GO:1903066 -[is_a]-> GO:1903827
GO:1903066 -[regulates]-> GO:1990151
GO:1903067 -[is_a]-> GO:1903066
GO:1903067 -[is_a]-> GO:1903828
GO:1903067 -[negatively_regulates]-> GO:1990151
GO:1903068 -[is_a]-> GO:1903066
GO:1903068 -[is_a]-> GO:1903829
GO:1903068 -[positively_regulates]-> GO:1990151
GO:1903069 -[is_a]-> GO:0032434
GO:1903069 -[is_a]-> GO:1904292
GO:1903069 -[regulates]-> GO:0030433
GO:1903070 -[is_a]-> GO:0032435
GO:1903070 -[is_a]-> GO:1903069
GO:1903070 -[is_a]-> GO:1904293
GO:1903070 -[negatively_regulates]-> GO:0030433
GO:1903071 -[is_a]-> GO:0032436
GO:1903071 -[is_a]-> GO:1903069
GO:1903071 -[is_a]-> GO:1904294
GO:1903071 -[positively_regulates]-> GO:0030433
GO:1903072 -[is_a]-> GO:0043254
GO:1903072 -[is_a]-> GO:2001236
GO:1903072 -[regulates]-> GO:0071550
GO:1903073 -[is_a]-> GO:0031333
GO:1903073 -[is_a]-> GO:1903072
GO:1903073 -[is_a]-> GO:2001237
GO:1903073 -[negatively_regulates]-> GO:0071550
GO:1903074 -[is_a]-> GO:0071550
GO:1903074 -[part_of]-> GO:0036462
GO:1903075 -[is_a]-> GO:0031923
GO:1903076 -[is_a]-> GO:1903729
GO:1903076 -[is_a]-> GO:1904375
GO:1903076 -[is_a]-> GO:1905475
GO:1903076 -[regulates]-> GO:0072659
GO:1903077 -[is_a]-> GO:1903076
GO:1903077 -[is_a]-> GO:1904376
GO:1903077 -[is_a]-> GO:1905476
GO:1903077 -[negatively_regulates]-> GO:0072659
GO:1903078 -[is_a]-> GO:1903076
GO:1903078 -[is_a]-> GO:1904377
GO:1903078 -[is_a]-> GO:1905477
GO:1903078 -[positively_regulates]-> GO:0072659
GO:1903080 -[is_a]-> GO:0070099
GO:1903080 -[regulates]-> GO:0038118
GO:1903081 -[is_a]-> GO:0070100
GO:1903081 -[is_a]-> GO:1903080
GO:1903081 -[negatively_regulates]-> GO:0038118
GO:1903082 -[is_a]-> GO:0070101
GO:1903082 -[is_a]-> GO:1903080
GO:1903082 -[positively_regulates]-> GO:0038118
GO:1903083 -[is_a]-> GO:0034502
GO:1903084 -[is_a]-> GO:0034504
GO:1903084 -[is_a]-> GO:1903083
GO:1903085 -[is_a]-> GO:0031326
GO:1903085 -[is_a]-> GO:1900376
GO:1903085 -[is_a]-> GO:2000762
GO:1903085 -[regulates]-> GO:0033525
GO:1903086 -[is_a]-> GO:0031327
GO:1903086 -[is_a]-> GO:1900377
GO:1903086 -[is_a]-> GO:1903085
GO:1903086 -[negatively_regulates]-> GO:0033525
GO:1903087 -[is_a]-> GO:0030474
GO:1903087 -[is_a]-> GO:1903047
GO:1903087 -[part_of]-> GO:0000278
GO:1903088 -[is_a]-> GO:0042886
GO:1903088 -[is_a]-> GO:0045117
GO:1903088 -[is_a]-> GO:0055085
GO:1903088 -[is_a]-> GO:1901264
GO:1903089 -[is_a]-> GO:0045118
GO:1903089 -[is_a]-> GO:1901505
GO:1903090 -[is_a]-> GO:0031920
GO:1903090 -[is_a]-> GO:0035461
GO:1903091 -[is_a]-> GO:0031922
GO:1903091 -[is_a]-> GO:0035461
GO:1903092 -[is_a]-> GO:0031923
GO:1903092 -[is_a]-> GO:0035461
GO:1903093 -[is_a]-> GO:0090085
GO:1903093 -[regulates]-> GO:0071108
GO:1903094 -[is_a]-> GO:0090086
GO:1903094 -[is_a]-> GO:1903093
GO:1903094 -[negatively_regulates]-> GO:0071108
GO:1903095 -[is_a]-> GO:1902555
GO:1903096 -[is_a]-> GO:1905359
GO:1903097 -[is_a]-> GO:0010847
GO:1903097 -[is_a]-> GO:0090230
GO:1903097 -[is_a]-> GO:1900049
GO:1903097 -[regulates]-> GO:0034080
GO:1903098 -[is_a]-> GO:0045798
GO:1903098 -[is_a]-> GO:1900050
GO:1903098 -[is_a]-> GO:1903097
GO:1903098 -[is_a]-> GO:2001251
GO:1903098 -[negatively_regulates]-> GO:0034080
GO:1903099 -[is_a]-> GO:0044089
GO:1903099 -[is_a]-> GO:0045799
GO:1903099 -[is_a]-> GO:1900051
GO:1903099 -[is_a]-> GO:1903097
GO:1903099 -[is_a]-> GO:2001252
GO:1903099 -[positively_regulates]-> GO:0034080
GO:1903100 -[is_a]-> GO:0046488
GO:1903101 -[is_a]-> GO:0031161
GO:1903101 -[is_a]-> GO:1903100
GO:1903102 -[is_a]-> GO:0006661
GO:1903102 -[is_a]-> GO:1903100
GO:1903103 -[is_a]-> GO:1902495
GO:1903104 -[is_a]-> GO:0046626
GO:1903104 -[is_a]-> GO:2000026
GO:1903104 -[regulates]-> GO:1901047
GO:1903105 -[is_a]-> GO:0046627
GO:1903105 -[is_a]-> GO:0051093
GO:1903105 -[is_a]-> GO:0051241
GO:1903105 -[is_a]-> GO:1903104
GO:1903105 -[negatively_regulates]-> GO:1901047
GO:1903106 -[is_a]-> GO:0046628
GO:1903106 -[is_a]-> GO:0051094
GO:1903106 -[is_a]-> GO:0051240
GO:1903106 -[is_a]-> GO:1903104
GO:1903106 -[positively_regulates]-> GO:1901047
GO:1903107 -[is_a]-> GO:0008286
GO:1903107 -[part_of]-> GO:0040024
GO:1903108 -[is_a]-> GO:0006355
GO:1903108 -[is_a]-> GO:0010821
GO:1903108 -[regulates]-> GO:0006390
GO:1903109 -[is_a]-> GO:0010822
GO:1903109 -[is_a]-> GO:0045893
GO:1903109 -[is_a]-> GO:1903108
GO:1903109 -[positively_regulates]-> GO:0006390
GO:1903110 -[is_a]-> GO:0000018
GO:1903110 -[is_a]-> GO:1903516
GO:1903110 -[regulates]-> GO:1990396
GO:1903111 -[is_a]-> GO:0045910
GO:1903111 -[is_a]-> GO:1903110
GO:1903111 -[is_a]-> GO:1903517
GO:1903111 -[negatively_regulates]-> GO:1990396
GO:1903112 -[is_a]-> GO:0045911
GO:1903112 -[is_a]-> GO:1903110
GO:1903112 -[is_a]-> GO:1903518
GO:1903112 -[positively_regulates]-> GO:1990396
GO:1903113 -[is_a]-> GO:1902495
GO:1903114 -[is_a]-> GO:1902495
GO:1903115 -[is_a]-> GO:0032970
GO:1903115 -[is_a]-> GO:0051270
GO:1903115 -[regulates]-> GO:0030048
GO:1903116 -[is_a]-> GO:0051272
GO:1903116 -[is_a]-> GO:1903115
GO:1903116 -[positively_regulates]-> GO:0030048
GO:1903117 -[is_a]-> GO:2000431
GO:1903117 -[regulates]-> GO:2000689
GO:1903118 -[is_a]-> GO:0048878
GO:1903119 -[is_a]-> GO:0044380
GO:1903120 -[is_a]-> GO:1903119
GO:1903121 -[is_a]-> GO:1902041
GO:1903121 -[regulates]-> GO:0036462
GO:1903122 -[is_a]-> GO:1902042
GO:1903122 -[is_a]-> GO:1903121
GO:1903122 -[negatively_regulates]-> GO:0036462
GO:1903123 -[is_a]-> GO:2000468
GO:1903123 -[regulates]-> GO:0008379
GO:1903124 -[is_a]-> GO:1903123
GO:1903124 -[is_a]-> GO:2000469
GO:1903124 -[negatively_regulates]-> GO:0008379
GO:1903125 -[is_a]-> GO:0018107
GO:1903125 -[is_a]-> GO:1903124
GO:1903125 -[negatively_regulates]-> GO:0008379
GO:1903126 -[is_a]-> GO:0030997
GO:1903126 -[is_a]-> GO:0051494
GO:1903126 -[negatively_regulates]-> GO:0010457
GO:1903127 -[is_a]-> GO:0030997
GO:1903127 -[is_a]-> GO:0051495
GO:1903127 -[positively_regulates]-> GO:0010457
GO:1903128 -[is_a]-> GO:0060357
GO:1903128 -[regulates]-> GO:1990122
GO:1903129 -[is_a]-> GO:0060358
GO:1903129 -[is_a]-> GO:1903128
GO:1903129 -[negatively_regulates]-> GO:1990122
GO:1903130 -[is_a]-> GO:0051957
GO:1903130 -[is_a]-> GO:1903128
GO:1903130 -[positively_regulates]-> GO:1990122
GO:1903131 -[is_a]-> GO:0002521
GO:1903132 -[is_a]-> GO:0022603
GO:1903132 -[is_a]-> GO:2000026
GO:1903132 -[regulates]-> GO:0060605
GO:1903133 -[is_a]-> GO:0051093
GO:1903133 -[is_a]-> GO:0051241
GO:1903133 -[is_a]-> GO:1903132
GO:1903133 -[negatively_regulates]-> GO:0060605
GO:1903134 -[is_a]-> GO:0005993
GO:1903134 -[is_a]-> GO:0070413
GO:1903134 -[part_of]-> GO:0010353
GO:1903134 -[part_of]-> GO:0033554
GO:1903135 -[is_a]-> GO:0005507
GO:1903136 -[is_a]-> GO:0005507
GO:1903137 -[is_a]-> GO:0043408
GO:1903137 -[is_a]-> GO:1903338
GO:1903137 -[regulates]-> GO:0000196
GO:1903138 -[is_a]-> GO:0043409
GO:1903138 -[is_a]-> GO:1903137
GO:1903138 -[is_a]-> GO:1903339
GO:1903138 -[negatively_regulates]-> GO:0000196
GO:1903139 -[is_a]-> GO:0043410
GO:1903139 -[is_a]-> GO:1903137
GO:1903139 -[is_a]-> GO:1903340
GO:1903139 -[positively_regulates]-> GO:0000196
GO:1903140 -[is_a]-> GO:1901550
GO:1903140 -[regulates]-> GO:0061028
GO:1903141 -[is_a]-> GO:1901551
GO:1903141 -[is_a]-> GO:1903140
GO:1903141 -[negatively_regulates]-> GO:0061028
GO:1903142 -[is_a]-> GO:1901552
GO:1903142 -[is_a]-> GO:1903140
GO:1903142 -[positively_regulates]-> GO:0061028
GO:1903143 -[is_a]-> GO:0038037
GO:1903143 -[is_a]-> GO:1903439
GO:1903144 -[is_a]-> GO:0005884
GO:1903144 -[is_a]-> GO:0032155
GO:1903144 -[is_a]-> GO:0044448
GO:1903144 -[part_of]-> GO:0005826
GO:1903145 -[is_a]-> GO:0005884
GO:1903145 -[is_a]-> GO:0044448
GO:1903145 -[part_of]-> GO:0051285
GO:1903146 -[is_a]-> GO:0010506
GO:1903146 -[is_a]-> GO:0010821
GO:1903146 -[regulates]-> GO:0000422
GO:1903147 -[is_a]-> GO:0010507
GO:1903147 -[is_a]-> GO:0010823
GO:1903147 -[is_a]-> GO:1903146
GO:1903147 -[negatively_regulates]-> GO:0000422
GO:1903165 -[is_a]-> GO:0014070
GO:1903166 -[is_a]-> GO:0071407
GO:1903166 -[is_a]-> GO:1903165
GO:1903167 -[is_a]-> GO:0051341
GO:1903167 -[regulates]-> GO:0004735
GO:1903168 -[is_a]-> GO:0051353
GO:1903168 -[is_a]-> GO:1903167
GO:1903168 -[positively_regulates]-> GO:0004735
GO:1903169 -[is_a]-> GO:0051924
GO:1903169 -[is_a]-> GO:1904062
GO:1903169 -[regulates]-> GO:0070588
GO:1903170 -[is_a]-> GO:0051926
GO:1903170 -[is_a]-> GO:1903169
GO:1903170 -[is_a]-> GO:1904063
GO:1903170 -[negatively_regulates]-> GO:0070588
GO:1903171 -[is_a]-> GO:0048878
GO:1903172 -[is_a]-> GO:0055082
GO:1903172 -[is_a]-> GO:1903171
GO:1903173 -[is_a]-> GO:0006066
GO:1903173 -[is_a]-> GO:0006629
GO:1903174 -[is_a]-> GO:0016042
GO:1903174 -[is_a]-> GO:0046164
GO:1903174 -[is_a]-> GO:1903173
GO:1903175 -[is_a]-> GO:0008610
GO:1903175 -[is_a]-> GO:0046165
GO:1903175 -[is_a]-> GO:1903173
GO:1903176 -[is_a]-> GO:0032768
GO:1903176 -[regulates]-> GO:0004511
GO:1903177 -[is_a]-> GO:0032769
GO:1903177 -[is_a]-> GO:1903176
GO:1903177 -[negatively_regulates]-> GO:0004511
GO:1903178 -[is_a]-> GO:0032770
GO:1903178 -[is_a]-> GO:1903176
GO:1903178 -[positively_regulates]-> GO:0004511
GO:1903179 -[is_a]-> GO:0031326
GO:1903179 -[is_a]-> GO:0042053
GO:1903179 -[regulates]-> GO:0042416
GO:1903180 -[is_a]-> GO:0031327
GO:1903180 -[is_a]-> GO:0045963
GO:1903180 -[is_a]-> GO:1903179
GO:1903180 -[negatively_regulates]-> GO:0042416
GO:1903181 -[is_a]-> GO:0031328
GO:1903181 -[is_a]-> GO:0045964
GO:1903181 -[is_a]-> GO:1903179
GO:1903181 -[positively_regulates]-> GO:0042416
GO:1903182 -[is_a]-> GO:0033233
GO:1903182 -[is_a]-> GO:0051338
GO:1903182 -[regulates]-> GO:0019789
GO:1903183 -[is_a]-> GO:0033234
GO:1903183 -[is_a]-> GO:0051348
GO:1903183 -[is_a]-> GO:1903182
GO:1903183 -[negatively_regulates]-> GO:0019789
GO:1903184 -[is_a]-> GO:0006575
GO:1903184 -[is_a]-> GO:1901605
GO:1903185 -[is_a]-> GO:0042398
GO:1903185 -[is_a]-> GO:1901607
GO:1903185 -[is_a]-> GO:1903184
GO:1903186 -[is_a]-> GO:0043900
GO:1903186 -[is_a]-> GO:0051128
GO:1903186 -[is_a]-> GO:0051239
GO:1903186 -[is_a]-> GO:2000241
GO:1903186 -[regulates]-> GO:0007296
GO:1903187 -[is_a]-> GO:0043901
GO:1903187 -[is_a]-> GO:0051129
GO:1903187 -[is_a]-> GO:0051241
GO:1903187 -[is_a]-> GO:1903186
GO:1903187 -[is_a]-> GO:2000242
GO:1903187 -[negatively_regulates]-> GO:0007296
GO:1903188 -[is_a]-> GO:0043902
GO:1903188 -[is_a]-> GO:0051130
GO:1903188 -[is_a]-> GO:0051240
GO:1903188 -[is_a]-> GO:1903186
GO:1903188 -[is_a]-> GO:2000243
GO:1903188 -[positively_regulates]-> GO:0007296
GO:1903189 -[is_a]-> GO:0006081
GO:1903190 -[is_a]-> GO:0046185
GO:1903190 -[is_a]-> GO:1903189
GO:1903191 -[is_a]-> GO:0046184
GO:1903191 -[is_a]-> GO:1903189
GO:1903192 -[is_a]-> GO:0042214
GO:1903193 -[is_a]-> GO:0046246
GO:1903193 -[is_a]-> GO:1903192
GO:1903195 -[is_a]-> GO:0031326
GO:1903195 -[is_a]-> GO:0051171
GO:1903195 -[regulates]-> GO:1903185
GO:1903196 -[is_a]-> GO:0031327
GO:1903196 -[is_a]-> GO:0051172
GO:1903196 -[is_a]-> GO:1903195
GO:1903196 -[negatively_regulates]-> GO:1903185
GO:1903197 -[is_a]-> GO:0031328
GO:1903197 -[is_a]-> GO:0051173
GO:1903197 -[is_a]-> GO:1903195
GO:1903197 -[positively_regulates]-> GO:1903185
GO:1903198 -[is_a]-> GO:0051339
GO:1903198 -[regulates]-> GO:0036468
GO:1903199 -[is_a]-> GO:0051350
GO:1903199 -[is_a]-> GO:1903198
GO:1903199 -[negatively_regulates]-> GO:0036468
GO:1903200 -[is_a]-> GO:0051349
GO:1903200 -[is_a]-> GO:1903198
GO:1903200 -[positively_regulates]-> GO:0036468
GO:1903201 -[is_a]-> GO:0010941
GO:1903201 -[is_a]-> GO:1900407
GO:1903201 -[regulates]-> GO:0036473
GO:1903202 -[is_a]-> GO:0060548
GO:1903202 -[is_a]-> GO:1900408
GO:1903202 -[is_a]-> GO:1903201
GO:1903202 -[negatively_regulates]-> GO:0036473
GO:1903203 -[is_a]-> GO:1901214
GO:1903203 -[is_a]-> GO:1903201
GO:1903203 -[regulates]-> GO:0036475
GO:1903204 -[is_a]-> GO:1901215
GO:1903204 -[is_a]-> GO:1903202
GO:1903204 -[is_a]-> GO:1903203
GO:1903204 -[negatively_regulates]-> GO:0036475
GO:1903205 -[is_a]-> GO:1901031
GO:1903205 -[is_a]-> GO:1903201
GO:1903205 -[regulates]-> GO:0036474
GO:1903206 -[is_a]-> GO:1901032
GO:1903206 -[is_a]-> GO:1903202
GO:1903206 -[is_a]-> GO:1903205
GO:1903206 -[negatively_regulates]-> GO:0036474
GO:1903207 -[is_a]-> GO:1903203
GO:1903207 -[is_a]-> GO:1903205
GO:1903207 -[regulates]-> GO:0036476
GO:1903208 -[is_a]-> GO:1903204
GO:1903208 -[is_a]-> GO:1903206
GO:1903208 -[is_a]-> GO:1903207
GO:1903208 -[negatively_regulates]-> GO:0036476
GO:1903209 -[is_a]-> GO:0010942
GO:1903209 -[is_a]-> GO:1900409
GO:1903209 -[is_a]-> GO:1903201
GO:1903209 -[positively_regulates]-> GO:0036473
GO:1903210 -[is_a]-> GO:1904019
GO:1903211 -[is_a]-> GO:0006312
GO:1903211 -[part_of]-> GO:1990426
GO:1903212 -[is_a]-> GO:0097355
GO:1903213 -[is_a]-> GO:0097355
GO:1903214 -[is_a]-> GO:0010821
GO:1903214 -[is_a]-> GO:1903533
GO:1903214 -[is_a]-> GO:1903747
GO:1903214 -[regulates]-> GO:0006626
GO:1903215 -[is_a]-> GO:0010823
GO:1903215 -[is_a]-> GO:0090317
GO:1903215 -[is_a]-> GO:1903214
GO:1903215 -[is_a]-> GO:1903748
GO:1903215 -[negatively_regulates]-> GO:0006626
GO:1903216 -[is_a]-> GO:0032268
GO:1903216 -[is_a]-> GO:0070613
GO:1903216 -[is_a]-> GO:1903214
GO:1903216 -[regulates]-> GO:0006627
GO:1903217 -[is_a]-> GO:0010955
GO:1903217 -[is_a]-> GO:1903215
GO:1903217 -[is_a]-> GO:1903216
GO:1903217 -[negatively_regulates]-> GO:0006627
GO:1903218 -[is_a]-> GO:0051341
GO:1903218 -[regulates]-> GO:0004473
GO:1903219 -[is_a]-> GO:0051354
GO:1903219 -[is_a]-> GO:1903218
GO:1903219 -[negatively_regulates]-> GO:0004473
GO:1903220 -[is_a]-> GO:0051353
GO:1903220 -[is_a]-> GO:1903218
GO:1903220 -[positively_regulates]-> GO:0004473
GO:1903221 -[is_a]-> GO:0000019
GO:1903221 -[is_a]-> GO:0090329
GO:1903221 -[regulates]-> GO:1903211
GO:1903222 -[is_a]-> GO:0071705
GO:1903222 -[is_a]-> GO:1905039
GO:1903223 -[is_a]-> GO:1901216
GO:1903223 -[is_a]-> GO:1903203
GO:1903223 -[is_a]-> GO:1903209
GO:1903223 -[positively_regulates]-> GO:0036475
GO:1903224 -[is_a]-> GO:0010470
GO:1903224 -[is_a]-> GO:0045595
GO:1903224 -[regulates]-> GO:0035987
GO:1903225 -[is_a]-> GO:0045596
GO:1903225 -[is_a]-> GO:1903224
GO:1903225 -[is_a]-> GO:2000542
GO:1903225 -[negatively_regulates]-> GO:0035987
GO:1903226 -[is_a]-> GO:0045597
GO:1903226 -[is_a]-> GO:1903224
GO:1903226 -[is_a]-> GO:2000543
GO:1903226 -[positively_regulates]-> GO:0035987
GO:1903227 -[is_a]-> GO:0046128
GO:1903228 -[is_a]-> GO:0046130
GO:1903228 -[is_a]-> GO:1903227
GO:1903229 -[is_a]-> GO:0046129
GO:1903229 -[is_a]-> GO:1903227
GO:1903231 -[is_a]-> GO:0003729
GO:1903231 -[part_of]-> GO:0016441
GO:1903232 -[is_a]-> GO:0032438
GO:1903232 -[is_a]-> GO:0070925
GO:1903233 -[is_a]-> GO:2000300
GO:1903233 -[regulates]-> GO:0048791
GO:1903234 -[is_a]-> GO:1903233
GO:1903234 -[is_a]-> GO:2000301
GO:1903234 -[negatively_regulates]-> GO:0048791
GO:1903235 -[is_a]-> GO:1903233
GO:1903235 -[is_a]-> GO:2000302
GO:1903235 -[positively_regulates]-> GO:0048791
GO:1903236 -[is_a]-> GO:0002691
GO:1903236 -[is_a]-> GO:1904994
GO:1903236 -[regulates]-> GO:0050901
GO:1903237 -[is_a]-> GO:0002692
GO:1903237 -[is_a]-> GO:1903236
GO:1903237 -[is_a]-> GO:1904995
GO:1903237 -[negatively_regulates]-> GO:0050901
GO:1903238 -[is_a]-> GO:0002693
GO:1903238 -[is_a]-> GO:1903236
GO:1903238 -[is_a]-> GO:1904996
GO:1903238 -[positively_regulates]-> GO:0050901
GO:1903241 -[is_a]-> GO:0000245
GO:1903242 -[is_a]-> GO:0010611
GO:1903242 -[is_a]-> GO:0010612
GO:1903242 -[is_a]-> GO:0080134
GO:1903242 -[regulates]-> GO:0014898
GO:1903243 -[is_a]-> GO:0010614
GO:1903243 -[is_a]-> GO:0010616
GO:1903243 -[is_a]-> GO:1903242
GO:1903243 -[negatively_regulates]-> GO:0014898
GO:1903244 -[is_a]-> GO:0010613
GO:1903244 -[is_a]-> GO:0010615
GO:1903244 -[is_a]-> GO:1903242
GO:1903244 -[positively_regulates]-> GO:0014898
GO:1903245 -[is_a]-> GO:0002027
GO:1903245 -[is_a]-> GO:0003073
GO:1903245 -[is_a]-> GO:1901204
GO:1903245 -[regulates]-> GO:0086024
GO:1903246 -[is_a]-> GO:1901205
GO:1903246 -[is_a]-> GO:1903245
GO:1903246 -[is_a]-> GO:1903523
GO:1903246 -[negatively_regulates]-> GO:0086024
GO:1903247 -[is_a]-> GO:1901206
GO:1903247 -[is_a]-> GO:1903245
GO:1903247 -[is_a]-> GO:1903524
GO:1903247 -[positively_regulates]-> GO:0086024
GO:1903248 -[is_a]-> GO:0031326
GO:1903248 -[is_a]-> GO:0051171
GO:1903248 -[regulates]-> GO:0019240
GO:1903249 -[is_a]-> GO:0031327
GO:1903249 -[is_a]-> GO:0051172
GO:1903249 -[is_a]-> GO:1903248
GO:1903249 -[negatively_regulates]-> GO:0019240
GO:1903250 -[is_a]-> GO:0031328
GO:1903250 -[is_a]-> GO:0051173
GO:1903250 -[is_a]-> GO:1903248
GO:1903250 -[positively_regulates]-> GO:0019240
GO:1903251 -[is_a]-> GO:0030855
GO:1903252 -[is_a]-> GO:0006790
GO:1903252 -[is_a]-> GO:0052701
GO:1903253 -[is_a]-> GO:0044272
GO:1903253 -[is_a]-> GO:0052703
GO:1903253 -[is_a]-> GO:1903252
GO:1903254 -[is_a]-> GO:0001887
GO:1903254 -[is_a]-> GO:0052701
GO:1903255 -[is_a]-> GO:0052703
GO:1903255 -[is_a]-> GO:1903254
GO:1903256 -[is_a]-> GO:0006577
GO:1903256 -[is_a]-> GO:0052701
GO:1903257 -[is_a]-> GO:0006578
GO:1903257 -[is_a]-> GO:0052703
GO:1903257 -[is_a]-> GO:1903256
GO:1903258 -[is_a]-> GO:0008645
GO:1903259 -[is_a]-> GO:0043241
GO:1903260 -[is_a]-> GO:0008104
GO:1903261 -[is_a]-> GO:0033139
GO:1903261 -[regulates]-> GO:0033136
GO:1903262 -[is_a]-> GO:0033140
GO:1903262 -[is_a]-> GO:1903261
GO:1903262 -[negatively_regulates]-> GO:0033136
GO:1903263 -[is_a]-> GO:0033141
GO:1903263 -[is_a]-> GO:1903261
GO:1903263 -[positively_regulates]-> GO:0033136
GO:1903264 -[is_a]-> GO:0008940
GO:1903264 -[part_of]-> GO:0019645
GO:1903265 -[is_a]-> GO:0001961
GO:1903265 -[is_a]-> GO:0010803
GO:1903265 -[positively_regulates]-> GO:0033209
GO:1903266 -[is_a]-> GO:0031329
GO:1903266 -[is_a]-> GO:0090368
GO:1903266 -[regulates]-> GO:0006593
GO:1903267 -[is_a]-> GO:0031330
GO:1903267 -[is_a]-> GO:0045763
GO:1903267 -[is_a]-> GO:1903266
GO:1903267 -[negatively_regulates]-> GO:0006593
GO:1903268 -[is_a]-> GO:0031331
GO:1903268 -[is_a]-> GO:0045764
GO:1903268 -[is_a]-> GO:1903266
GO:1903268 -[positively_regulates]-> GO:0006593
GO:1903269 -[is_a]-> GO:0032991
GO:1903270 -[is_a]-> GO:1900247
GO:1903270 -[regulates]-> GO:0097622
GO:1903271 -[is_a]-> GO:1900248
GO:1903271 -[is_a]-> GO:1903270
GO:1903271 -[negatively_regulates]-> GO:0097622
GO:1903272 -[is_a]-> GO:1900249
GO:1903272 -[is_a]-> GO:1903270
GO:1903272 -[positively_regulates]-> GO:0097622
GO:1903273 -[is_a]-> GO:1902305
GO:1903273 -[regulates]-> GO:0071436
GO:1903274 -[is_a]-> GO:1902306
GO:1903274 -[is_a]-> GO:1903273
GO:1903274 -[negatively_regulates]-> GO:0071436
GO:1903275 -[is_a]-> GO:1902307
GO:1903275 -[is_a]-> GO:1903273
GO:1903275 -[positively_regulates]-> GO:0071436
GO:1903276 -[is_a]-> GO:1903273
GO:1903276 -[regulates]-> GO:0036376
GO:1903277 -[is_a]-> GO:1903274
GO:1903277 -[is_a]-> GO:1903276
GO:1903277 -[negatively_regulates]-> GO:0036376
GO:1903278 -[is_a]-> GO:1903275
GO:1903278 -[is_a]-> GO:1903276
GO:1903278 -[positively_regulates]-> GO:0036376
GO:1903279 -[is_a]-> GO:1901019
GO:1903279 -[is_a]-> GO:2000649
GO:1903279 -[regulates]-> GO:0005432
GO:1903280 -[is_a]-> GO:1901020
GO:1903280 -[is_a]-> GO:1903279
GO:1903280 -[is_a]-> GO:2000650
GO:1903280 -[negatively_regulates]-> GO:0005432
GO:1903281 -[is_a]-> GO:1901021
GO:1903281 -[is_a]-> GO:1903279
GO:1903281 -[is_a]-> GO:2000651
GO:1903281 -[positively_regulates]-> GO:0005432
GO:1903282 -[is_a]-> GO:2000468
GO:1903282 -[regulates]-> GO:0004602
GO:1903283 -[is_a]-> GO:1903282
GO:1903283 -[is_a]-> GO:2000469
GO:1903283 -[negatively_regulates]-> GO:0004602
GO:1903284 -[is_a]-> GO:1903282
GO:1903284 -[is_a]-> GO:2000470
GO:1903284 -[positively_regulates]-> GO:0004602
GO:1903285 -[is_a]-> GO:0010726
GO:1903285 -[is_a]-> GO:0031331
GO:1903285 -[is_a]-> GO:2000295
GO:1903285 -[positively_regulates]-> GO:0042744
GO:1903286 -[is_a]-> GO:1901379
GO:1903286 -[regulates]-> GO:0010107
GO:1903287 -[is_a]-> GO:1901380
GO:1903287 -[is_a]-> GO:1903286
GO:1903287 -[negatively_regulates]-> GO:0010107
GO:1903288 -[is_a]-> GO:1901381
GO:1903288 -[is_a]-> GO:1903286
GO:1903288 -[positively_regulates]-> GO:0010107
GO:1903292 -[is_a]-> GO:0034067
GO:1903292 -[is_a]-> GO:0072657
GO:1903293 -[is_a]-> GO:1902494
GO:1903294 -[is_a]-> GO:0014048
GO:1903294 -[is_a]-> GO:0046928
GO:1903294 -[is_a]-> GO:0051966
GO:1903294 -[regulates]-> GO:0061535
GO:1903295 -[is_a]-> GO:0014050
GO:1903295 -[is_a]-> GO:0046929
GO:1903295 -[is_a]-> GO:0051967
GO:1903295 -[is_a]-> GO:1903294
GO:1903295 -[negatively_regulates]-> GO:0061535
GO:1903296 -[is_a]-> GO:0001956
GO:1903296 -[is_a]-> GO:0014049
GO:1903296 -[is_a]-> GO:0051968
GO:1903296 -[is_a]-> GO:1903294
GO:1903296 -[positively_regulates]-> GO:0061535
GO:1903297 -[is_a]-> GO:1900037
GO:1903297 -[is_a]-> GO:2001242
GO:1903297 -[regulates]-> GO:1990144
GO:1903298 -[is_a]-> GO:1900038
GO:1903298 -[is_a]-> GO:1903297
GO:1903298 -[is_a]-> GO:2001243
GO:1903298 -[negatively_regulates]-> GO:1990144
GO:1903299 -[is_a]-> GO:0010675
GO:1903299 -[is_a]-> GO:0043549
GO:1903299 -[regulates]-> GO:0004396
GO:1903300 -[is_a]-> GO:0010677
GO:1903300 -[is_a]-> GO:0033673
GO:1903300 -[is_a]-> GO:1903299
GO:1903300 -[negatively_regulates]-> GO:0004396
GO:1903301 -[is_a]-> GO:0010676
GO:1903301 -[is_a]-> GO:0033674
GO:1903301 -[is_a]-> GO:1903299
GO:1903301 -[positively_regulates]-> GO:0004396
GO:1903302 -[is_a]-> GO:0006110
GO:1903302 -[is_a]-> GO:0051338
GO:1903302 -[regulates]-> GO:0004743
GO:1903303 -[is_a]-> GO:0045820
GO:1903303 -[is_a]-> GO:0051348
GO:1903303 -[is_a]-> GO:1903302
GO:1903303 -[negatively_regulates]-> GO:0004743
GO:1903304 -[is_a]-> GO:0045821
GO:1903304 -[is_a]-> GO:0051347
GO:1903304 -[is_a]-> GO:1903302
GO:1903304 -[positively_regulates]-> GO:0004743
GO:1903305 -[is_a]-> GO:0017157
GO:1903305 -[regulates]-> GO:0045055
GO:1903306 -[is_a]-> GO:0045920
GO:1903306 -[is_a]-> GO:1903305
GO:1903306 -[negatively_regulates]-> GO:0045055
GO:1903307 -[is_a]-> GO:0045921
GO:1903307 -[is_a]-> GO:1903305
GO:1903307 -[positively_regulates]-> GO:0045055
GO:1903311 -[is_a]-> GO:0051252
GO:1903311 -[regulates]-> GO:0016071
GO:1903312 -[is_a]-> GO:0051253
GO:1903312 -[is_a]-> GO:1903311
GO:1903312 -[negatively_regulates]-> GO:0016071
GO:1903313 -[is_a]-> GO:0051254
GO:1903313 -[is_a]-> GO:1903311
GO:1903313 -[positively_regulates]-> GO:0016071
GO:1903314 -[is_a]-> GO:0051171
GO:1903314 -[regulates]-> GO:0071941
GO:1903315 -[is_a]-> GO:0051172
GO:1903315 -[is_a]-> GO:1903314
GO:1903315 -[negatively_regulates]-> GO:0071941
GO:1903316 -[is_a]-> GO:0051173
GO:1903316 -[is_a]-> GO:1903314
GO:1903316 -[positively_regulates]-> GO:0071941
GO:1903317 -[is_a]-> GO:0010468
GO:1903317 -[is_a]-> GO:0051246
GO:1903317 -[regulates]-> GO:0051604
GO:1903318 -[is_a]-> GO:0010629
GO:1903318 -[is_a]-> GO:0051248
GO:1903318 -[is_a]-> GO:1903317
GO:1903318 -[negatively_regulates]-> GO:0051604
GO:1903319 -[is_a]-> GO:0010628
GO:1903319 -[is_a]-> GO:0051247
GO:1903319 -[is_a]-> GO:1903317
GO:1903319 -[positively_regulates]-> GO:0051604
GO:1903320 -[is_a]-> GO:0031399
GO:1903320 -[regulates]-> GO:0070647
GO:1903321 -[is_a]-> GO:0031400
GO:1903321 -[is_a]-> GO:1903320
GO:1903321 -[negatively_regulates]-> GO:0070647
GO:1903322 -[is_a]-> GO:0031401
GO:1903322 -[is_a]-> GO:1903320
GO:1903322 -[positively_regulates]-> GO:0070647
GO:1903323 -[is_a]-> GO:0051252
GO:1903323 -[regulates]-> GO:0016074
GO:1903324 -[is_a]-> GO:0051253
GO:1903324 -[is_a]-> GO:1903323
GO:1903324 -[negatively_regulates]-> GO:0016074
GO:1903325 -[is_a]-> GO:0051254
GO:1903325 -[is_a]-> GO:1903323
GO:1903325 -[positively_regulates]-> GO:0016074
GO:1903326 -[is_a]-> GO:0051252
GO:1903326 -[regulates]-> GO:0006399
GO:1903327 -[is_a]-> GO:0051253
GO:1903327 -[is_a]-> GO:1903326
GO:1903327 -[negatively_regulates]-> GO:0006399
GO:1903328 -[is_a]-> GO:0051254
GO:1903328 -[is_a]-> GO:1903326
GO:1903328 -[positively_regulates]-> GO:0006399
GO:1903329 -[is_a]-> GO:0031326
GO:1903329 -[is_a]-> GO:0042762
GO:1903329 -[is_a]-> GO:0044087
GO:1903329 -[is_a]-> GO:0051128
GO:1903329 -[is_a]-> GO:0051193
GO:1903329 -[regulates]-> GO:0016226
GO:1903330 -[is_a]-> GO:0031327
GO:1903330 -[is_a]-> GO:0051129
GO:1903330 -[is_a]-> GO:0051175
GO:1903330 -[is_a]-> GO:0051195
GO:1903330 -[is_a]-> GO:1903329
GO:1903330 -[negatively_regulates]-> GO:0016226
GO:1903331 -[is_a]-> GO:0031328
GO:1903331 -[is_a]-> GO:0044089
GO:1903331 -[is_a]-> GO:0051130
GO:1903331 -[is_a]-> GO:0051176
GO:1903331 -[is_a]-> GO:0051194
GO:1903331 -[is_a]-> GO:1903329
GO:1903331 -[positively_regulates]-> GO:0016226
GO:1903332 -[is_a]-> GO:0050794
GO:1903332 -[regulates]-> GO:0006457
GO:1903333 -[is_a]-> GO:0048523
GO:1903333 -[is_a]-> GO:1903332
GO:1903333 -[negatively_regulates]-> GO:0006457
GO:1903334 -[is_a]-> GO:0048522
GO:1903334 -[is_a]-> GO:1903332
GO:1903334 -[positively_regulates]-> GO:0006457
GO:1903335 -[is_a]-> GO:0051049
GO:1903335 -[regulates]-> GO:0007034
GO:1903336 -[is_a]-> GO:0051051
GO:1903336 -[is_a]-> GO:1903335
GO:1903336 -[negatively_regulates]-> GO:0007034
GO:1903337 -[is_a]-> GO:0051050
GO:1903337 -[is_a]-> GO:1903335
GO:1903337 -[positively_regulates]-> GO:0007034
GO:1903338 -[is_a]-> GO:0050794
GO:1903338 -[regulates]-> GO:0071554
GO:1903339 -[is_a]-> GO:0048523
GO:1903339 -[is_a]-> GO:1903338
GO:1903339 -[negatively_regulates]-> GO:0071554
GO:1903340 -[is_a]-> GO:0048522
GO:1903340 -[is_a]-> GO:1903338
GO:1903340 -[positively_regulates]-> GO:0071554
GO:1903341 -[is_a]-> GO:0019219
GO:1903341 -[is_a]-> GO:0060255
GO:1903341 -[is_a]-> GO:0060631
GO:1903341 -[regulates]-> GO:0042138
GO:1903342 -[is_a]-> GO:0010605
GO:1903342 -[is_a]-> GO:0045835
GO:1903342 -[is_a]-> GO:0045934
GO:1903342 -[is_a]-> GO:1903341
GO:1903342 -[negatively_regulates]-> GO:0042138
GO:1903343 -[is_a]-> GO:0010604
GO:1903343 -[is_a]-> GO:0045935
GO:1903343 -[is_a]-> GO:0060903
GO:1903343 -[is_a]-> GO:1903341
GO:1903343 -[positively_regulates]-> GO:0042138
GO:1903344 -[is_a]-> GO:0031399
GO:1903344 -[regulates]-> GO:0018094
GO:1903345 -[is_a]-> GO:0031400
GO:1903345 -[is_a]-> GO:1903344
GO:1903345 -[negatively_regulates]-> GO:0018094
GO:1903346 -[is_a]-> GO:0031401
GO:1903346 -[is_a]-> GO:1903344
GO:1903346 -[positively_regulates]-> GO:0018094
GO:1903347 -[is_a]-> GO:1901889
GO:1903347 -[is_a]-> GO:2000810
GO:1903347 -[negatively_regulates]-> GO:0070830
GO:1903348 -[is_a]-> GO:1901890
GO:1903348 -[is_a]-> GO:2000810
GO:1903348 -[positively_regulates]-> GO:0070830
GO:1903349 -[is_a]-> GO:0044424
GO:1903349 -[is_a]-> GO:0098588
GO:1903350 -[is_a]-> GO:0071869
GO:1903351 -[is_a]-> GO:0071870
GO:1903351 -[is_a]-> GO:1903350
GO:1903352 -[is_a]-> GO:1902475
GO:1903353 -[is_a]-> GO:0033043
GO:1903353 -[regulates]-> GO:0006997
GO:1903354 -[is_a]-> GO:0030334
GO:1903354 -[regulates]-> GO:0097628
GO:1903355 -[is_a]-> GO:0030336
GO:1903355 -[is_a]-> GO:1903354
GO:1903355 -[negatively_regulates]-> GO:0097628
GO:1903356 -[is_a]-> GO:0030335
GO:1903356 -[is_a]-> GO:1903354
GO:1903356 -[positively_regulates]-> GO:0097628
GO:1903357 -[is_a]-> GO:1901836
GO:1903357 -[is_a]-> GO:2000142
GO:1903357 -[regulates]-> GO:0001180
GO:1903358 -[is_a]-> GO:0033043
GO:1903358 -[regulates]-> GO:0007030
GO:1903359 -[is_a]-> GO:0006461
GO:1903360 -[is_a]-> GO:0072697
GO:1903361 -[is_a]-> GO:0072657
GO:1903361 -[is_a]-> GO:1990778
GO:1903362 -[is_a]-> GO:0031329
GO:1903362 -[is_a]-> GO:0032268
GO:1903362 -[is_a]-> GO:0042176
GO:1903362 -[regulates]-> GO:0044257
GO:1903363 -[is_a]-> GO:0031330
GO:1903363 -[is_a]-> GO:0032269
GO:1903363 -[is_a]-> GO:0042177
GO:1903363 -[is_a]-> GO:1903362
GO:1903363 -[negatively_regulates]-> GO:0044257
GO:1903364 -[is_a]-> GO:0031331
GO:1903364 -[is_a]-> GO:0032270
GO:1903364 -[is_a]-> GO:0045732
GO:1903364 -[is_a]-> GO:1903362
GO:1903364 -[positively_regulates]-> GO:0044257
GO:1903365 -[is_a]-> GO:0051239
GO:1903365 -[is_a]-> GO:0080134
GO:1903365 -[regulates]-> GO:0042596
GO:1903366 -[is_a]-> GO:0048585
GO:1903366 -[is_a]-> GO:0051241
GO:1903366 -[is_a]-> GO:1903365
GO:1903366 -[negatively_regulates]-> GO:0042596
GO:1903367 -[is_a]-> GO:0048584
GO:1903367 -[is_a]-> GO:0051240
GO:1903367 -[is_a]-> GO:1903365
GO:1903367 -[positively_regulates]-> GO:0042596
GO:1903368 -[is_a]-> GO:0050795
GO:1903368 -[regulates]-> GO:0060756
GO:1903369 -[is_a]-> GO:0048521
GO:1903369 -[is_a]-> GO:1903368
GO:1903369 -[negatively_regulates]-> GO:0060756
GO:1903370 -[is_a]-> GO:0048520
GO:1903370 -[is_a]-> GO:1903368
GO:1903370 -[positively_regulates]-> GO:0060756
GO:1903371 -[is_a]-> GO:0033043
GO:1903371 -[regulates]-> GO:0071786
GO:1903372 -[is_a]-> GO:0010639
GO:1903372 -[is_a]-> GO:1903371
GO:1903372 -[negatively_regulates]-> GO:0071786
GO:1903373 -[is_a]-> GO:0010638
GO:1903373 -[is_a]-> GO:1903371
GO:1903373 -[positively_regulates]-> GO:0071786
GO:1903374 -[is_a]-> GO:0048856
GO:1903374 -[part_of]-> GO:0007420
GO:1903375 -[is_a]-> GO:0061550
GO:1903376 -[is_a]-> GO:0043523
GO:1903376 -[is_a]-> GO:1902175
GO:1903376 -[is_a]-> GO:1903203
GO:1903376 -[regulates]-> GO:0036480
GO:1903377 -[is_a]-> GO:0043524
GO:1903377 -[is_a]-> GO:1902176
GO:1903377 -[is_a]-> GO:1903204
GO:1903377 -[is_a]-> GO:1903376
GO:1903377 -[negatively_regulates]-> GO:0036480
GO:1903378 -[is_a]-> GO:0043525
GO:1903378 -[is_a]-> GO:1902177
GO:1903378 -[is_a]-> GO:1903223
GO:1903378 -[is_a]-> GO:1903376
GO:1903378 -[positively_regulates]-> GO:0036480
GO:1903379 -[is_a]-> GO:0033047
GO:1903379 -[is_a]-> GO:0060623
GO:1903379 -[regulates]-> GO:0007076
GO:1903380 -[is_a]-> GO:0045840
GO:1903380 -[is_a]-> GO:0051984
GO:1903380 -[is_a]-> GO:1903379
GO:1903380 -[is_a]-> GO:2001252
GO:1903380 -[positively_regulates]-> GO:0007076
GO:1903381 -[is_a]-> GO:0043523
GO:1903381 -[is_a]-> GO:1902235
GO:1903381 -[regulates]-> GO:0036483
GO:1903382 -[is_a]-> GO:0043524
GO:1903382 -[is_a]-> GO:1902236
GO:1903382 -[is_a]-> GO:1903381
GO:1903382 -[negatively_regulates]-> GO:0036483
GO:1903383 -[is_a]-> GO:1903207
GO:1903383 -[is_a]-> GO:1903376
GO:1903383 -[is_a]-> GO:1903750
GO:1903383 -[regulates]-> GO:0036482
GO:1903384 -[is_a]-> GO:1903208
GO:1903384 -[is_a]-> GO:1903377
GO:1903384 -[is_a]-> GO:1903383
GO:1903384 -[is_a]-> GO:1903751
GO:1903384 -[negatively_regulates]-> GO:0036482
GO:1903385 -[is_a]-> GO:0030155
GO:1903385 -[regulates]-> GO:0007156
GO:1903386 -[is_a]-> GO:0007162
GO:1903386 -[is_a]-> GO:1903385
GO:1903386 -[negatively_regulates]-> GO:0007156
GO:1903387 -[is_a]-> GO:0045785
GO:1903387 -[is_a]-> GO:1903385
GO:1903387 -[positively_regulates]-> GO:0007156
GO:1903388 -[is_a]-> GO:1900242
GO:1903388 -[is_a]-> GO:1901879
GO:1903388 -[regulates]-> GO:0016191
GO:1903389 -[is_a]-> GO:1900243
GO:1903389 -[is_a]-> GO:1901880
GO:1903389 -[is_a]-> GO:1903388
GO:1903389 -[negatively_regulates]-> GO:0016191
GO:1903390 -[is_a]-> GO:1900244
GO:1903390 -[is_a]-> GO:1901881
GO:1903390 -[is_a]-> GO:1903388
GO:1903390 -[positively_regulates]-> GO:0016191
GO:1903391 -[is_a]-> GO:0051128
GO:1903391 -[regulates]-> GO:0034332
GO:1903392 -[is_a]-> GO:0051129
GO:1903392 -[is_a]-> GO:1903391
GO:1903392 -[negatively_regulates]-> GO:0034332
GO:1903393 -[is_a]-> GO:0051130
GO:1903393 -[is_a]-> GO:1903391
GO:1903393 -[positively_regulates]-> GO:0034332
GO:1903394 -[is_a]-> GO:0034501
GO:1903394 -[part_of]-> GO:0051382
GO:1903395 -[is_a]-> GO:0032955
GO:1903395 -[regulates]-> GO:1990344
GO:1903396 -[is_a]-> GO:0010974
GO:1903396 -[is_a]-> GO:1903395
GO:1903396 -[negatively_regulates]-> GO:1990344
GO:1903397 -[is_a]-> GO:0010973
GO:1903397 -[is_a]-> GO:1903395
GO:1903397 -[positively_regulates]-> GO:1990344
GO:1903398 -[is_a]-> GO:0051336
GO:1903398 -[regulates]-> GO:0050072
GO:1903399 -[is_a]-> GO:0051345
GO:1903399 -[is_a]-> GO:1903398
GO:1903399 -[positively_regulates]-> GO:0050072
GO:1903400 -[is_a]-> GO:1902023
GO:1903400 -[is_a]-> GO:1902475
GO:1903400 -[is_a]-> GO:1903826
GO:1903401 -[is_a]-> GO:1902022
GO:1903401 -[is_a]-> GO:1902475
GO:1903402 -[is_a]-> GO:0044062
GO:1903402 -[is_a]-> GO:0098801
GO:1903402 -[regulates]-> GO:0044722
GO:1903403 -[is_a]-> GO:0051241
GO:1903403 -[is_a]-> GO:1903402
GO:1903403 -[negatively_regulates]-> GO:0044722
GO:1903404 -[is_a]-> GO:0051240
GO:1903404 -[is_a]-> GO:1903402
GO:1903404 -[positively_regulates]-> GO:0044722
GO:1903405 -[is_a]-> GO:1990173
GO:1903406 -[is_a]-> GO:0043462
GO:1903406 -[is_a]-> GO:1901016
GO:1903406 -[is_a]-> GO:2000649
GO:1903406 -[regulates]-> GO:0005391
GO:1903407 -[is_a]-> GO:0032780
GO:1903407 -[is_a]-> GO:1901017
GO:1903407 -[is_a]-> GO:1903406
GO:1903407 -[is_a]-> GO:2000650
GO:1903407 -[negatively_regulates]-> GO:0005391
GO:1903408 -[is_a]-> GO:0032781
GO:1903408 -[is_a]-> GO:1901018
GO:1903408 -[is_a]-> GO:1903406
GO:1903408 -[is_a]-> GO:2000651
GO:1903408 -[positively_regulates]-> GO:0005391
GO:1903409 -[is_a]-> GO:0009058
GO:1903409 -[is_a]-> GO:0072593
GO:1903410 -[is_a]-> GO:0061461
GO:1903411 -[is_a]-> GO:0043092
GO:1903412 -[is_a]-> GO:0001101
GO:1903412 -[is_a]-> GO:0014070
GO:1903412 -[is_a]-> GO:0033993
GO:1903412 -[is_a]-> GO:1901700
GO:1903413 -[is_a]-> GO:0071229
GO:1903413 -[is_a]-> GO:0071396
GO:1903413 -[is_a]-> GO:0071407
GO:1903413 -[is_a]-> GO:1901701
GO:1903413 -[is_a]-> GO:1903412
GO:1903414 -[is_a]-> GO:0006826
GO:1903415 -[is_a]-> GO:0007034
GO:1903415 -[is_a]-> GO:0071702
GO:1903416 -[is_a]-> GO:0010033
GO:1903416 -[is_a]-> GO:1901700
GO:1903418 -[is_a]-> GO:0072657
GO:1903418 -[is_a]-> GO:1990151
GO:1903418 -[is_a]-> GO:1990778
GO:1903419 -[is_a]-> GO:0072697
GO:1903419 -[is_a]-> GO:1903420
GO:1903420 -[is_a]-> GO:0070972
GO:1903421 -[is_a]-> GO:1902803
GO:1903421 -[regulates]-> GO:0036465
GO:1903422 -[is_a]-> GO:1902804
GO:1903422 -[is_a]-> GO:1903421
GO:1903422 -[negatively_regulates]-> GO:0036465
GO:1903423 -[is_a]-> GO:1902805
GO:1903423 -[is_a]-> GO:1903421
GO:1903423 -[positively_regulates]-> GO:0036465
GO:1903424 -[is_a]-> GO:0098661
GO:1903425 -[is_a]-> GO:0015103
GO:1903425 -[part_of]-> GO:1903424
GO:1903426 -[is_a]-> GO:0009889
GO:1903426 -[is_a]-> GO:2000377
GO:1903426 -[regulates]-> GO:1903409
GO:1903427 -[is_a]-> GO:0009890
GO:1903427 -[is_a]-> GO:1903426
GO:1903427 -[is_a]-> GO:2000378
GO:1903427 -[negatively_regulates]-> GO:1903409
GO:1903428 -[is_a]-> GO:0009891
GO:1903428 -[is_a]-> GO:1903426
GO:1903428 -[is_a]-> GO:2000379
GO:1903428 -[positively_regulates]-> GO:1903409
GO:1903429 -[is_a]-> GO:0060284
GO:1903429 -[regulates]-> GO:0048469
GO:1903430 -[is_a]-> GO:0010721
GO:1903430 -[is_a]-> GO:1903429
GO:1903430 -[negatively_regulates]-> GO:0048469
GO:1903431 -[is_a]-> GO:0010720
GO:1903431 -[is_a]-> GO:1903429
GO:1903431 -[positively_regulates]-> GO:0048469
GO:1903432 -[is_a]-> GO:0032006
GO:1903432 -[regulates]-> GO:0038202
GO:1903433 -[is_a]-> GO:0017157
GO:1903433 -[regulates]-> GO:0045054
GO:1903434 -[is_a]-> GO:0045920
GO:1903434 -[is_a]-> GO:1903433
GO:1903434 -[negatively_regulates]-> GO:0045054
GO:1903435 -[is_a]-> GO:0045921
GO:1903435 -[is_a]-> GO:1903433
GO:1903435 -[positively_regulates]-> GO:0045054
GO:1903436 -[is_a]-> GO:0032954
GO:1903436 -[is_a]-> GO:1902412
GO:1903436 -[regulates]-> GO:1902410
GO:1903437 -[is_a]-> GO:1902413
GO:1903437 -[is_a]-> GO:1903436
GO:1903437 -[negatively_regulates]-> GO:1902410
GO:1903438 -[is_a]-> GO:1903436
GO:1903438 -[is_a]-> GO:1903490
GO:1903438 -[positively_regulates]-> GO:1902410
GO:1903439 -[is_a]-> GO:0097648
GO:1903439 -[part_of]-> GO:0005887
GO:1903440 -[is_a]-> GO:0038037
GO:1903440 -[is_a]-> GO:1903439
GO:1903441 -[is_a]-> GO:0061512
GO:1903441 -[is_a]-> GO:0072657
GO:1903441 -[is_a]-> GO:1990778
GO:1903442 -[is_a]-> GO:0014070
GO:1903442 -[is_a]-> GO:0070542
GO:1903443 -[is_a]-> GO:0071398
GO:1903443 -[is_a]-> GO:0071407
GO:1903443 -[is_a]-> GO:1903442
GO:1903444 -[is_a]-> GO:0045599
GO:1903444 -[is_a]-> GO:0090335
GO:1903444 -[negatively_regulates]-> GO:0050873
GO:1903445 -[is_a]-> GO:0032594
GO:1903445 -[is_a]-> GO:0046909
GO:1903445 -[is_a]-> GO:0072657
GO:1903445 -[is_a]-> GO:0090002
GO:1903445 -[is_a]-> GO:0098876
GO:1903445 -[is_a]-> GO:1990778
GO:1903446 -[is_a]-> GO:0016093
GO:1903446 -[is_a]-> GO:0016098
GO:1903446 -[is_a]-> GO:0034308
GO:1903447 -[is_a]-> GO:0016095
GO:1903447 -[is_a]-> GO:0016100
GO:1903447 -[is_a]-> GO:0034310
GO:1903447 -[is_a]-> GO:1903446
GO:1903448 -[is_a]-> GO:0016094
GO:1903448 -[is_a]-> GO:0016099
GO:1903448 -[is_a]-> GO:0034309
GO:1903448 -[is_a]-> GO:1903446
GO:1903449 -[is_a]-> GO:0006694
GO:1903449 -[is_a]-> GO:0042181
GO:1903450 -[is_a]-> GO:0010564
GO:1903450 -[regulates]-> GO:0070314
GO:1903451 -[is_a]-> GO:0010948
GO:1903451 -[is_a]-> GO:1903450
GO:1903451 -[negatively_regulates]-> GO:0070314
GO:1903452 -[is_a]-> GO:0090068
GO:1903452 -[is_a]-> GO:1903450
GO:1903452 -[positively_regulates]-> GO:0070314
GO:1903453 -[is_a]-> GO:0016246
GO:1903453 -[part_of]-> GO:0008355
GO:1903454 -[is_a]-> GO:0010566
GO:1903454 -[is_a]-> GO:0050810
GO:1903454 -[regulates]-> GO:1903449
GO:1903455 -[is_a]-> GO:0010894
GO:1903455 -[is_a]-> GO:0031327
GO:1903455 -[is_a]-> GO:1903454
GO:1903455 -[negatively_regulates]-> GO:1903449
GO:1903456 -[is_a]-> GO:0010893
GO:1903456 -[is_a]-> GO:0031328
GO:1903456 -[is_a]-> GO:1903454
GO:1903456 -[positively_regulates]-> GO:1903449
GO:1903457 -[is_a]-> GO:0006089
GO:1903457 -[is_a]-> GO:0072329
GO:1903459 -[is_a]-> GO:0006273
GO:1903459 -[is_a]-> GO:1902983
GO:1903459 -[part_of]-> GO:1902969
GO:1903460 -[is_a]-> GO:0006272
GO:1903460 -[is_a]-> GO:1902983
GO:1903460 -[part_of]-> GO:1902969
GO:1903461 -[is_a]-> GO:0033567
GO:1903461 -[is_a]-> GO:1903047
GO:1903461 -[part_of]-> GO:1902969
GO:1903463 -[is_a]-> GO:0007346
GO:1903463 -[is_a]-> GO:0033262
GO:1903463 -[regulates]-> GO:1902969
GO:1903464 -[is_a]-> GO:0045930
GO:1903464 -[is_a]-> GO:1902576
GO:1903464 -[is_a]-> GO:1903463
GO:1903464 -[negatively_regulates]-> GO:1902969
GO:1903465 -[is_a]-> GO:0010571
GO:1903465 -[is_a]-> GO:0045931
GO:1903465 -[is_a]-> GO:1903463
GO:1903465 -[positively_regulates]-> GO:1902969
GO:1903466 -[is_a]-> GO:0030174
GO:1903466 -[is_a]-> GO:1903463
GO:1903466 -[regulates]-> GO:1902975
GO:1903467 -[is_a]-> GO:0032297
GO:1903467 -[is_a]-> GO:1903464
GO:1903467 -[is_a]-> GO:1903466
GO:1903467 -[negatively_regulates]-> GO:1902975
GO:1903468 -[is_a]-> GO:0032298
GO:1903468 -[is_a]-> GO:1903465
GO:1903468 -[is_a]-> GO:1903466
GO:1903468 -[positively_regulates]-> GO:1902975
GO:1903469 -[is_a]-> GO:0043137
GO:1903469 -[is_a]-> GO:1903047
GO:1903469 -[part_of]-> GO:1902969
GO:1903471 -[is_a]-> GO:0031991
GO:1903471 -[is_a]-> GO:1903436
GO:1903471 -[regulates]-> GO:1902404
GO:1903472 -[is_a]-> GO:1903437
GO:1903472 -[is_a]-> GO:1903471
GO:1903472 -[negatively_regulates]-> GO:1902404
GO:1903473 -[is_a]-> GO:1903438
GO:1903473 -[is_a]-> GO:1903471
GO:1903473 -[positively_regulates]-> GO:1902404
GO:1903474 -[is_a]-> GO:0032189
GO:1903474 -[is_a]-> GO:1902405
GO:1903474 -[part_of]-> GO:0000278
GO:1903475 -[is_a]-> GO:0000915
GO:1903475 -[is_a]-> GO:1902407
GO:1903475 -[part_of]-> GO:0000281
GO:1903476 -[is_a]-> GO:1902575
GO:1903476 -[part_of]-> GO:1903475
GO:1903477 -[is_a]-> GO:0071519
GO:1903477 -[is_a]-> GO:1903479
GO:1903477 -[part_of]-> GO:1903475
GO:1903478 -[is_a]-> GO:0071520
GO:1903478 -[is_a]-> GO:1903479
GO:1903478 -[part_of]-> GO:1903475
GO:1903479 -[is_a]-> GO:1903047
GO:1903479 -[is_a]-> GO:2000689
GO:1903479 -[part_of]-> GO:1903475
GO:1903480 -[is_a]-> GO:1903117
GO:1903480 -[is_a]-> GO:1903499
GO:1903480 -[regulates]-> GO:1903479
GO:1903481 -[is_a]-> GO:1903480
GO:1903481 -[is_a]-> GO:1903500
GO:1903481 -[negatively_regulates]-> GO:1903479
GO:1903482 -[is_a]-> GO:1903480
GO:1903482 -[is_a]-> GO:1903501
GO:1903482 -[positively_regulates]-> GO:1903479
GO:1903483 -[is_a]-> GO:0051128
GO:1903483 -[is_a]-> GO:1902471
GO:1903483 -[regulates]-> GO:1903474
GO:1903484 -[is_a]-> GO:0051129
GO:1903484 -[is_a]-> GO:1901649
GO:1903484 -[is_a]-> GO:1903437
GO:1903484 -[is_a]-> GO:1903483
GO:1903484 -[negatively_regulates]-> GO:1903474
GO:1903485 -[is_a]-> GO:0051130
GO:1903485 -[is_a]-> GO:1901650
GO:1903485 -[is_a]-> GO:1903438
GO:1903485 -[is_a]-> GO:1903483
GO:1903485 -[positively_regulates]-> GO:1903474
GO:1903486 -[is_a]-> GO:0032188
GO:1903486 -[is_a]-> GO:1902405
GO:1903486 -[part_of]-> GO:0000278
GO:1903487 -[is_a]-> GO:0050878
GO:1903487 -[is_a]-> GO:0051046
GO:1903487 -[is_a]-> GO:2000026
GO:1903487 -[regulates]-> GO:0007595
GO:1903488 -[is_a]-> GO:0051048
GO:1903488 -[is_a]-> GO:0051093
GO:1903488 -[is_a]-> GO:0051241
GO:1903488 -[is_a]-> GO:1903487
GO:1903488 -[negatively_regulates]-> GO:0007595
GO:1903489 -[is_a]-> GO:0051047
GO:1903489 -[is_a]-> GO:0051094
GO:1903489 -[is_a]-> GO:0051240
GO:1903489 -[is_a]-> GO:1903487
GO:1903489 -[positively_regulates]-> GO:0007595
GO:1903490 -[is_a]-> GO:0032467
GO:1903490 -[is_a]-> GO:0045931
GO:1903490 -[is_a]-> GO:1902412
GO:1903490 -[positively_regulates]-> GO:0000281
GO:1903491 -[is_a]-> GO:0014070
GO:1903491 -[is_a]-> GO:0033993
GO:1903491 -[is_a]-> GO:0036273
GO:1903492 -[is_a]-> GO:0010033
GO:1903492 -[is_a]-> GO:1901700
GO:1903493 -[is_a]-> GO:0010243
GO:1903493 -[is_a]-> GO:0014070
GO:1903493 -[is_a]-> GO:1901700
GO:1903494 -[is_a]-> GO:0014070
GO:1903494 -[is_a]-> GO:0033993
GO:1903494 -[is_a]-> GO:0097305
GO:1903494 -[is_a]-> GO:1901654
GO:1903495 -[is_a]-> GO:0071396
GO:1903495 -[is_a]-> GO:0071407
GO:1903495 -[is_a]-> GO:0097306
GO:1903495 -[is_a]-> GO:1901655
GO:1903495 -[is_a]-> GO:1903494
GO:1903496 -[is_a]-> GO:0051385
GO:1903496 -[is_a]-> GO:1901654
GO:1903497 -[is_a]-> GO:0071389
GO:1903497 -[is_a]-> GO:1901655
GO:1903497 -[is_a]-> GO:1903496
GO:1903498 -[is_a]-> GO:0030154
GO:1903499 -[is_a]-> GO:1903436
GO:1903499 -[is_a]-> GO:2000431
GO:1903499 -[regulates]-> GO:1903475
GO:1903500 -[is_a]-> GO:1903437
GO:1903500 -[is_a]-> GO:1903499
GO:1903500 -[is_a]-> GO:2000432
GO:1903500 -[negatively_regulates]-> GO:1903475
GO:1903501 -[is_a]-> GO:1903438
GO:1903501 -[is_a]-> GO:1903499
GO:1903501 -[is_a]-> GO:2000433
GO:1903501 -[positively_regulates]-> GO:1903475
GO:1903502 -[is_a]-> GO:0032991
GO:1903503 -[is_a]-> GO:0032991
GO:1903504 -[is_a]-> GO:0030071
GO:1903504 -[is_a]-> GO:0090231
GO:1903504 -[regulates]-> GO:0071174
GO:1903505 -[is_a]-> GO:0071342
GO:1903505 -[is_a]-> GO:1902471
GO:1903505 -[regulates]-> GO:1903486
GO:1903506 -[is_a]-> GO:2001141
GO:1903506 -[regulates]-> GO:0097659
GO:1903507 -[is_a]-> GO:1902679
GO:1903507 -[is_a]-> GO:1903506
GO:1903507 -[negatively_regulates]-> GO:0097659
GO:1903508 -[is_a]-> GO:1902680
GO:1903508 -[is_a]-> GO:1903506
GO:1903508 -[positively_regulates]-> GO:0097659
GO:1903509 -[is_a]-> GO:0006629
GO:1903509 -[is_a]-> GO:1901135
GO:1903510 -[is_a]-> GO:0030203
GO:1903511 -[is_a]-> GO:0006082
GO:1903511 -[is_a]-> GO:0072527
GO:1903512 -[is_a]-> GO:0097089
GO:1903513 -[is_a]-> GO:0046907
GO:1903514 -[is_a]-> GO:0060402
GO:1903515 -[is_a]-> GO:0060401
GO:1903516 -[is_a]-> GO:0006282
GO:1903516 -[regulates]-> GO:0000012
GO:1903517 -[is_a]-> GO:0045738
GO:1903517 -[is_a]-> GO:1903516
GO:1903517 -[negatively_regulates]-> GO:0000012
GO:1903518 -[is_a]-> GO:0045739
GO:1903518 -[is_a]-> GO:1903516
GO:1903518 -[positively_regulates]-> GO:0000012
GO:1903519 -[is_a]-> GO:0034103
GO:1903519 -[is_a]-> GO:2000027
GO:1903519 -[regulates]-> GO:0060056
GO:1903520 -[is_a]-> GO:0034104
GO:1903520 -[is_a]-> GO:0051093
GO:1903520 -[is_a]-> GO:1903519
GO:1903520 -[negatively_regulates]-> GO:0060056
GO:1903521 -[is_a]-> GO:0034105
GO:1903521 -[is_a]-> GO:0051094
GO:1903521 -[is_a]-> GO:1903519
GO:1903521 -[positively_regulates]-> GO:0060056
GO:1903522 -[is_a]-> GO:0044057
GO:1903522 -[regulates]-> GO:0008015
GO:1903523 -[is_a]-> GO:0051241
GO:1903523 -[is_a]-> GO:1903522
GO:1903523 -[negatively_regulates]-> GO:0008015
GO:1903524 -[is_a]-> GO:0051240
GO:1903524 -[is_a]-> GO:1903522
GO:1903524 -[positively_regulates]-> GO:0008015
GO:1903525 -[is_a]-> GO:1903729
GO:1903525 -[regulates]-> GO:0097320
GO:1903526 -[is_a]-> GO:0051129
GO:1903526 -[is_a]-> GO:1903525
GO:1903526 -[negatively_regulates]-> GO:0097320
GO:1903527 -[is_a]-> GO:0051130
GO:1903527 -[is_a]-> GO:1903525
GO:1903527 -[positively_regulates]-> GO:0097320
GO:1903528 -[is_a]-> GO:1900397
GO:1903528 -[regulates]-> GO:0006240
GO:1903529 -[is_a]-> GO:1900398
GO:1903529 -[is_a]-> GO:1903528
GO:1903529 -[negatively_regulates]-> GO:0006240
GO:1903530 -[is_a]-> GO:0050794
GO:1903530 -[is_a]-> GO:0051046
GO:1903530 -[regulates]-> GO:0032940
GO:1903531 -[is_a]-> GO:0048523
GO:1903531 -[is_a]-> GO:0051048
GO:1903531 -[is_a]-> GO:1903530
GO:1903531 -[negatively_regulates]-> GO:0032940
GO:1903532 -[is_a]-> GO:0048522
GO:1903532 -[is_a]-> GO:0051047
GO:1903532 -[is_a]-> GO:1903530
GO:1903532 -[positively_regulates]-> GO:0032940
GO:1903533 -[is_a]-> GO:0033157
GO:1903533 -[regulates]-> GO:0006605
GO:1903534 -[is_a]-> GO:0010675
GO:1903534 -[is_a]-> GO:0031326
GO:1903534 -[is_a]-> GO:0043255
GO:1903534 -[regulates]-> GO:0005989
GO:1903535 -[is_a]-> GO:0010677
GO:1903535 -[is_a]-> GO:0031327
GO:1903535 -[is_a]-> GO:1903534
GO:1903535 -[negatively_regulates]-> GO:0005989
GO:1903536 -[is_a]-> GO:0010676
GO:1903536 -[is_a]-> GO:0031328
GO:1903536 -[is_a]-> GO:1903534
GO:1903536 -[positively_regulates]-> GO:0005989
GO:1903537 -[is_a]-> GO:1903046
GO:1903537 -[part_of]-> GO:0001556
GO:1903538 -[is_a]-> GO:0010564
GO:1903538 -[is_a]-> GO:0051445
GO:1903538 -[is_a]-> GO:1900193
GO:1903538 -[regulates]-> GO:1903537
GO:1903539 -[is_a]-> GO:0035418
GO:1903539 -[is_a]-> GO:0072657
GO:1903539 -[is_a]-> GO:1990778
GO:1903540 -[is_a]-> GO:0090002
GO:1903540 -[part_of]-> GO:1903539
GO:1903541 -[is_a]-> GO:0017157
GO:1903541 -[is_a]-> GO:0044087
GO:1903541 -[regulates]-> GO:1990182
GO:1903542 -[is_a]-> GO:0045920
GO:1903542 -[is_a]-> GO:1903541
GO:1903542 -[negatively_regulates]-> GO:1990182
GO:1903543 -[is_a]-> GO:0044089
GO:1903543 -[is_a]-> GO:0045921
GO:1903543 -[is_a]-> GO:1903541
GO:1903543 -[positively_regulates]-> GO:1990182
GO:1903544 -[is_a]-> GO:0033993
GO:1903544 -[is_a]-> GO:1901700
GO:1903545 -[is_a]-> GO:0071396
GO:1903545 -[is_a]-> GO:1901701
GO:1903545 -[is_a]-> GO:1903544
GO:1903546 -[is_a]-> GO:0097499
GO:1903547 -[is_a]-> GO:1900120
GO:1903547 -[regulates]-> GO:0070186
GO:1903548 -[is_a]-> GO:1900121
GO:1903548 -[is_a]-> GO:1903547
GO:1903548 -[negatively_regulates]-> GO:0070186
GO:1903549 -[is_a]-> GO:1900122
GO:1903549 -[is_a]-> GO:1903547
GO:1903549 -[positively_regulates]-> GO:0070186
GO:1903551 -[is_a]-> GO:1902115
GO:1903551 -[regulates]-> GO:0071971
GO:1903552 -[is_a]-> GO:1902116
GO:1903552 -[is_a]-> GO:1903551
GO:1903552 -[negatively_regulates]-> GO:0071971
GO:1903553 -[is_a]-> GO:1902117
GO:1903553 -[is_a]-> GO:1903551
GO:1903553 -[positively_regulates]-> GO:0071971
GO:1903554 -[is_a]-> GO:0007186
GO:1903554 -[part_of]-> GO:0050829
GO:1903555 -[is_a]-> GO:0001817
GO:1903555 -[regulates]-> GO:0071706
GO:1903556 -[is_a]-> GO:0001818
GO:1903556 -[is_a]-> GO:1903555
GO:1903556 -[negatively_regulates]-> GO:0071706
GO:1903557 -[is_a]-> GO:0001819
GO:1903557 -[is_a]-> GO:1903555
GO:1903557 -[positively_regulates]-> GO:0071706
GO:1903558 -[is_a]-> GO:0033052
GO:1903558 -[is_a]-> GO:1901605
GO:1903559 -[is_a]-> GO:0050899
GO:1903559 -[is_a]-> GO:1901606
GO:1903559 -[is_a]-> GO:1903558
GO:1903560 -[is_a]-> GO:0080028
GO:1903560 -[is_a]-> GO:1901607
GO:1903560 -[is_a]-> GO:1903558
GO:1903561 -[is_a]-> GO:0031982
GO:1903561 -[is_a]-> GO:0043230
GO:1903561 -[part_of]-> GO:0005576
GO:1903562 -[is_a]-> GO:0001578
GO:1903562 -[is_a]-> GO:1902850
GO:1903562 -[part_of]-> GO:0051256
GO:1903563 -[is_a]-> GO:0001578
GO:1903563 -[is_a]-> GO:0044702
GO:1903563 -[is_a]-> GO:1903046
GO:1903563 -[part_of]-> GO:0032118
GO:1903564 -[is_a]-> GO:1903827
GO:1903564 -[regulates]-> GO:0061512
GO:1903565 -[is_a]-> GO:1903564
GO:1903565 -[is_a]-> GO:1903828
GO:1903565 -[negatively_regulates]-> GO:0061512
GO:1903566 -[is_a]-> GO:1903564
GO:1903566 -[is_a]-> GO:1903829
GO:1903566 -[positively_regulates]-> GO:0061512
GO:1903567 -[is_a]-> GO:1903564
GO:1903567 -[is_a]-> GO:1904375
GO:1903567 -[is_a]-> GO:1905475
GO:1903567 -[regulates]-> GO:1903441
GO:1903568 -[is_a]-> GO:1903565
GO:1903568 -[is_a]-> GO:1903567
GO:1903568 -[is_a]-> GO:1904376
GO:1903568 -[is_a]-> GO:1905476
GO:1903568 -[negatively_regulates]-> GO:1903441
GO:1903569 -[is_a]-> GO:1903566
GO:1903569 -[is_a]-> GO:1903567
GO:1903569 -[is_a]-> GO:1904377
GO:1903569 -[is_a]-> GO:1905477
GO:1903569 -[positively_regulates]-> GO:1903441
GO:1903570 -[is_a]-> GO:1902531
GO:1903570 -[regulates]-> GO:0089700
GO:1903571 -[is_a]-> GO:1902532
GO:1903571 -[is_a]-> GO:1903570
GO:1903571 -[negatively_regulates]-> GO:0089700
GO:1903572 -[is_a]-> GO:1902533
GO:1903572 -[is_a]-> GO:1903570
GO:1903572 -[positively_regulates]-> GO:0089700
GO:1903573 -[is_a]-> GO:0048523
GO:1903573 -[is_a]-> GO:0048585
GO:1903573 -[is_a]-> GO:0080135
GO:1903573 -[negatively_regulates]-> GO:0034976
GO:1903574 -[is_a]-> GO:0010648
GO:1903574 -[is_a]-> GO:0032108
GO:1903574 -[is_a]-> GO:1903832
GO:1903574 -[negatively_regulates]-> GO:0034198
GO:1903575 -[is_a]-> GO:0007009
GO:1903575 -[is_a]-> GO:0071709
GO:1903575 -[has_part]-> GO:0003810
GO:1903576 -[is_a]-> GO:0043200
GO:1903577 -[is_a]-> GO:0071230
GO:1903577 -[is_a]-> GO:1903576
GO:1903578 -[is_a]-> GO:0009118
GO:1903578 -[is_a]-> GO:1900542
GO:1903578 -[regulates]-> GO:0046034
GO:1903579 -[is_a]-> GO:0045978
GO:1903579 -[is_a]-> GO:1900543
GO:1903579 -[is_a]-> GO:1903578
GO:1903579 -[negatively_regulates]-> GO:0046034
GO:1903580 -[is_a]-> GO:0045979
GO:1903580 -[is_a]-> GO:1900544
GO:1903580 -[is_a]-> GO:1903578
GO:1903580 -[positively_regulates]-> GO:0046034
GO:1903581 -[is_a]-> GO:0002694
GO:1903581 -[is_a]-> GO:0002886
GO:1903581 -[is_a]-> GO:0043300
GO:1903581 -[is_a]-> GO:0050776
GO:1903581 -[regulates]-> GO:0002561
GO:1903582 -[is_a]-> GO:0002695
GO:1903582 -[is_a]-> GO:0002887
GO:1903582 -[is_a]-> GO:0043301
GO:1903582 -[is_a]-> GO:0050777
GO:1903582 -[is_a]-> GO:1903581
GO:1903582 -[negatively_regulates]-> GO:0002561
GO:1903583 -[is_a]-> GO:0002696
GO:1903583 -[is_a]-> GO:0002888
GO:1903583 -[is_a]-> GO:0043302
GO:1903583 -[is_a]-> GO:0050778
GO:1903583 -[is_a]-> GO:1903581
GO:1903583 -[positively_regulates]-> GO:0002561
GO:1903584 -[is_a]-> GO:0031056
GO:1903584 -[is_a]-> GO:0090085
GO:1903584 -[regulates]-> GO:0016578
GO:1903585 -[is_a]-> GO:0031057
GO:1903585 -[is_a]-> GO:0090086
GO:1903585 -[is_a]-> GO:1903584
GO:1903585 -[negatively_regulates]-> GO:0016578
GO:1903586 -[is_a]-> GO:0031058
GO:1903586 -[is_a]-> GO:1903003
GO:1903586 -[is_a]-> GO:1903584
GO:1903586 -[positively_regulates]-> GO:0016578
GO:1903587 -[is_a]-> GO:0001936
GO:1903587 -[is_a]-> GO:1903670
GO:1903587 -[regulates]-> GO:0002043
GO:1903588 -[is_a]-> GO:0001937
GO:1903588 -[is_a]-> GO:1903587
GO:1903588 -[is_a]-> GO:1903671
GO:1903588 -[negatively_regulates]-> GO:0002043
GO:1903589 -[is_a]-> GO:0001938
GO:1903589 -[is_a]-> GO:1903587
GO:1903589 -[is_a]-> GO:1903672
GO:1903589 -[positively_regulates]-> GO:0002043
GO:1903590 -[is_a]-> GO:0051336
GO:1903590 -[regulates]-> GO:0003796
GO:1903591 -[is_a]-> GO:0051346
GO:1903591 -[is_a]-> GO:1903590
GO:1903591 -[negatively_regulates]-> GO:0003796
GO:1903592 -[is_a]-> GO:0051345
GO:1903592 -[is_a]-> GO:1903590
GO:1903592 -[positively_regulates]-> GO:0003796
GO:1903593 -[is_a]-> GO:0043304
GO:1903593 -[is_a]-> GO:0046883
GO:1903593 -[is_a]-> GO:0050727
GO:1903593 -[is_a]-> GO:0051239
GO:1903593 -[regulates]-> GO:0002553
GO:1903594 -[is_a]-> GO:0043305
GO:1903594 -[is_a]-> GO:0046888
GO:1903594 -[is_a]-> GO:0050728
GO:1903594 -[is_a]-> GO:0051241
GO:1903594 -[is_a]-> GO:1903593
GO:1903594 -[negatively_regulates]-> GO:0002553
GO:1903595 -[is_a]-> GO:0043306
GO:1903595 -[is_a]-> GO:0046887
GO:1903595 -[is_a]-> GO:0050729
GO:1903595 -[is_a]-> GO:0051240
GO:1903595 -[is_a]-> GO:1903593
GO:1903595 -[positively_regulates]-> GO:0002553
GO:1903596 -[is_a]-> GO:1901888
GO:1903596 -[regulates]-> GO:0016264
GO:1903597 -[is_a]-> GO:1901889
GO:1903597 -[is_a]-> GO:1903596
GO:1903597 -[negatively_regulates]-> GO:0016264
GO:1903598 -[is_a]-> GO:1901890
GO:1903598 -[is_a]-> GO:1903596
GO:1903598 -[positively_regulates]-> GO:0016264
GO:1903599 -[is_a]-> GO:0010508
GO:1903599 -[is_a]-> GO:0010822
GO:1903599 -[is_a]-> GO:1903146
GO:1903599 -[positively_regulates]-> GO:0000422
GO:1903600 -[is_a]-> GO:1902494
GO:1903601 -[is_a]-> GO:1901564
GO:1903602 -[is_a]-> GO:1901565
GO:1903602 -[is_a]-> GO:1903601
GO:1903603 -[is_a]-> GO:1901566
GO:1903603 -[is_a]-> GO:1903601
GO:1903604 -[is_a]-> GO:0043170
GO:1903605 -[is_a]-> GO:0009059
GO:1903605 -[is_a]-> GO:1903604
GO:1903606 -[is_a]-> GO:1903604
GO:1903607 -[is_a]-> GO:1903605
GO:1903607 -[is_a]-> GO:1903606
GO:1903608 -[is_a]-> GO:0033365
GO:1903609 -[is_a]-> GO:1901979
GO:1903609 -[is_a]-> GO:1903817
GO:1903609 -[is_a]-> GO:2000272
GO:1903609 -[negatively_regulates]-> GO:0005242
GO:1903610 -[is_a]-> GO:0043462
GO:1903610 -[regulates]-> GO:0030899
GO:1903611 -[is_a]-> GO:0032780
GO:1903611 -[is_a]-> GO:1903610
GO:1903611 -[negatively_regulates]-> GO:0030899
GO:1903612 -[is_a]-> GO:0032781
GO:1903612 -[is_a]-> GO:1903610
GO:1903612 -[positively_regulates]-> GO:0030899
GO:1903613 -[is_a]-> GO:0043666
GO:1903613 -[regulates]-> GO:0004725
GO:1903614 -[is_a]-> GO:0032515
GO:1903614 -[is_a]-> GO:1903613
GO:1903614 -[negatively_regulates]-> GO:0004725
GO:1903615 -[is_a]-> GO:0032516
GO:1903615 -[is_a]-> GO:1903613
GO:1903615 -[positively_regulates]-> GO:0004725
GO:1903616 -[is_a]-> GO:0000165
GO:1903616 -[part_of]-> GO:0031103
GO:1903617 -[is_a]-> GO:1902472
GO:1903617 -[is_a]-> GO:1903438
GO:1903617 -[is_a]-> GO:2000076
GO:1903617 -[positively_regulates]-> GO:1902408
GO:1903618 -[is_a]-> GO:0045595
GO:1903618 -[regulates]-> GO:0060290
GO:1903619 -[is_a]-> GO:0045596
GO:1903619 -[is_a]-> GO:1903618
GO:1903619 -[negatively_regulates]-> GO:0060290
GO:1903620 -[is_a]-> GO:0045597
GO:1903620 -[is_a]-> GO:1903618
GO:1903620 -[positively_regulates]-> GO:0060290
GO:1903621 -[is_a]-> GO:0097499
GO:1903621 -[is_a]-> GO:1904491
GO:1903622 -[is_a]-> GO:0006359
GO:1903622 -[is_a]-> GO:0051338
GO:1903622 -[regulates]-> GO:0001056
GO:1903623 -[is_a]-> GO:0016480
GO:1903623 -[is_a]-> GO:0051348
GO:1903623 -[is_a]-> GO:1903622
GO:1903623 -[negatively_regulates]-> GO:0001056
GO:1903624 -[is_a]-> GO:0031329
GO:1903624 -[is_a]-> GO:0051052
GO:1903624 -[regulates]-> GO:0006308
GO:1903625 -[is_a]-> GO:0031330
GO:1903625 -[is_a]-> GO:0051053
GO:1903625 -[is_a]-> GO:1903624
GO:1903625 -[negatively_regulates]-> GO:0006308
GO:1903626 -[is_a]-> GO:0031331
GO:1903626 -[is_a]-> GO:0051054
GO:1903626 -[is_a]-> GO:1903624
GO:1903626 -[positively_regulates]-> GO:0006308
GO:1903627 -[is_a]-> GO:0051336
GO:1903627 -[regulates]-> GO:0004170
GO:1903628 -[is_a]-> GO:0051346
GO:1903628 -[is_a]-> GO:1903627
GO:1903628 -[negatively_regulates]-> GO:0004170
GO:1903629 -[is_a]-> GO:0051345
GO:1903629 -[is_a]-> GO:1903627
GO:1903629 -[positively_regulates]-> GO:0004170
GO:1903630 -[is_a]-> GO:0051340
GO:1903630 -[regulates]-> GO:0004812
GO:1903631 -[is_a]-> GO:0051352
GO:1903631 -[is_a]-> GO:1903630
GO:1903631 -[negatively_regulates]-> GO:0004812
GO:1903632 -[is_a]-> GO:0051351
GO:1903632 -[is_a]-> GO:1903630
GO:1903632 -[positively_regulates]-> GO:0004812
GO:1903633 -[is_a]-> GO:1903630
GO:1903633 -[regulates]-> GO:0004823
GO:1903634 -[is_a]-> GO:1903631
GO:1903634 -[is_a]-> GO:1903633
GO:1903634 -[negatively_regulates]-> GO:0004823
GO:1903635 -[is_a]-> GO:1903632
GO:1903635 -[is_a]-> GO:1903633
GO:1903635 -[positively_regulates]-> GO:0004823
GO:1903636 -[is_a]-> GO:0034762
GO:1903636 -[is_a]-> GO:1903214
GO:1903636 -[is_a]-> GO:1904589
GO:1903636 -[is_a]-> GO:1905475
GO:1903636 -[regulates]-> GO:0045040
GO:1903637 -[is_a]-> GO:0034763
GO:1903637 -[is_a]-> GO:1903215
GO:1903637 -[is_a]-> GO:1903636
GO:1903637 -[is_a]-> GO:1904590
GO:1903637 -[is_a]-> GO:1905476
GO:1903637 -[negatively_regulates]-> GO:0045040
GO:1903638 -[is_a]-> GO:0034764
GO:1903638 -[is_a]-> GO:1903636
GO:1903638 -[is_a]-> GO:1903955
GO:1903638 -[is_a]-> GO:1904591
GO:1903638 -[is_a]-> GO:1905477
GO:1903638 -[positively_regulates]-> GO:0045040
GO:1903639 -[is_a]-> GO:0060453
GO:1903639 -[regulates]-> GO:0001698
GO:1903640 -[is_a]-> GO:0060455
GO:1903640 -[is_a]-> GO:1903639
GO:1903640 -[negatively_regulates]-> GO:0001698
GO:1903641 -[is_a]-> GO:0060454
GO:1903641 -[is_a]-> GO:1903639
GO:1903641 -[positively_regulates]-> GO:0001698
GO:1903642 -[is_a]-> GO:0051101
GO:1903642 -[regulates]-> GO:0010844
GO:1903643 -[is_a]-> GO:0043388
GO:1903643 -[is_a]-> GO:1903642
GO:1903643 -[positively_regulates]-> GO:0010844
GO:1903644 -[is_a]-> GO:1903332
GO:1903644 -[regulates]-> GO:0061077
GO:1903645 -[is_a]-> GO:1903333
GO:1903645 -[is_a]-> GO:1903644
GO:1903645 -[negatively_regulates]-> GO:0061077
GO:1903646 -[is_a]-> GO:1903334
GO:1903646 -[is_a]-> GO:1903644
GO:1903646 -[positively_regulates]-> GO:0061077
GO:1903647 -[is_a]-> GO:0010271
GO:1903647 -[is_a]-> GO:0051195
GO:1903647 -[is_a]-> GO:1901405
GO:1903647 -[negatively_regulates]-> GO:0015996
GO:1903648 -[is_a]-> GO:0010271
GO:1903648 -[is_a]-> GO:0051194
GO:1903648 -[is_a]-> GO:1901406
GO:1903648 -[positively_regulates]-> GO:0015996
GO:1903649 -[is_a]-> GO:0032386
GO:1903649 -[regulates]-> GO:0016482
GO:1903650 -[is_a]-> GO:0032387
GO:1903650 -[is_a]-> GO:1903649
GO:1903650 -[negatively_regulates]-> GO:0016482
GO:1903651 -[is_a]-> GO:0032388
GO:1903651 -[is_a]-> GO:1903649
GO:1903651 -[positively_regulates]-> GO:0016482
GO:1903652 -[is_a]-> GO:0019054
GO:1903652 -[is_a]-> GO:0052038
GO:1903652 -[is_a]-> GO:1903649
GO:1903652 -[regulates]-> GO:0016482
GO:1903653 -[is_a]-> GO:0044068
GO:1903653 -[is_a]-> GO:2000145
GO:1903653 -[regulates]-> GO:0048870
GO:1903654 -[is_a]-> GO:0071620
GO:1903654 -[part_of]-> GO:0032968
GO:1903655 -[is_a]-> GO:0071619
GO:1903655 -[part_of]-> GO:0032968
GO:1903656 -[is_a]-> GO:0060491
GO:1903656 -[regulates]-> GO:0043683
GO:1903657 -[is_a]-> GO:0031345
GO:1903657 -[is_a]-> GO:1903656
GO:1903657 -[negatively_regulates]-> GO:0043683
GO:1903658 -[is_a]-> GO:0031346
GO:1903658 -[is_a]-> GO:0044089
GO:1903658 -[is_a]-> GO:1903656
GO:1903658 -[positively_regulates]-> GO:0043683
GO:1903659 -[is_a]-> GO:0031341
GO:1903659 -[regulates]-> GO:0097278
GO:1903660 -[is_a]-> GO:0031342
GO:1903660 -[is_a]-> GO:1903659
GO:1903660 -[negatively_regulates]-> GO:0097278
GO:1903661 -[is_a]-> GO:0031343
GO:1903661 -[is_a]-> GO:1903659
GO:1903661 -[positively_regulates]-> GO:0097278
GO:1903662 -[is_a]-> GO:0019577
GO:1903663 -[is_a]-> GO:0019579
GO:1903663 -[is_a]-> GO:1903662
GO:1903664 -[is_a]-> GO:0050789
GO:1903664 -[regulates]-> GO:0019954
GO:1903665 -[is_a]-> GO:0048519
GO:1903665 -[is_a]-> GO:1903664
GO:1903665 -[negatively_regulates]-> GO:0019954
GO:1903666 -[is_a]-> GO:0048518
GO:1903666 -[is_a]-> GO:1903664
GO:1903666 -[positively_regulates]-> GO:0019954
GO:1903667 -[is_a]-> GO:0050923
GO:1903667 -[is_a]-> GO:0065009
GO:1903667 -[regulates]-> GO:0045499
GO:1903668 -[is_a]-> GO:0044092
GO:1903668 -[is_a]-> GO:0050925
GO:1903668 -[is_a]-> GO:1903667
GO:1903668 -[negatively_regulates]-> GO:0045499
GO:1903669 -[is_a]-> GO:0044093
GO:1903669 -[is_a]-> GO:0050924
GO:1903669 -[is_a]-> GO:1903667
GO:1903669 -[positively_regulates]-> GO:0045499
GO:1903670 -[is_a]-> GO:0045765
GO:1903670 -[regulates]-> GO:0002040
GO:1903671 -[is_a]-> GO:0016525
GO:1903671 -[is_a]-> GO:1903670
GO:1903671 -[negatively_regulates]-> GO:0002040
GO:1903672 -[is_a]-> GO:0045766
GO:1903672 -[is_a]-> GO:1903670
GO:1903672 -[positively_regulates]-> GO:0002040
GO:1903673 -[is_a]-> GO:0036089
GO:1903673 -[is_a]-> GO:1902410
GO:1903673 -[part_of]-> GO:0000278
GO:1903674 -[is_a]-> GO:1904688
GO:1903674 -[regulates]-> GO:0002191
GO:1903675 -[is_a]-> GO:1903674
GO:1903675 -[is_a]-> GO:1904689
GO:1903675 -[negatively_regulates]-> GO:0002191
GO:1903676 -[is_a]-> GO:1903674
GO:1903676 -[is_a]-> GO:1904690
GO:1903676 -[positively_regulates]-> GO:0002191
GO:1903677 -[is_a]-> GO:1904688
GO:1903677 -[regulates]-> GO:0002190
GO:1903678 -[is_a]-> GO:1903677
GO:1903678 -[is_a]-> GO:1904689
GO:1903678 -[negatively_regulates]-> GO:0002190
GO:1903679 -[is_a]-> GO:1903677
GO:1903679 -[is_a]-> GO:1904690
GO:1903679 -[positively_regulates]-> GO:0002190
GO:1903680 -[is_a]-> GO:0001949
GO:1903680 -[is_a]-> GO:0090425
GO:1903681 -[is_a]-> GO:0022407
GO:1903681 -[is_a]-> GO:0051239
GO:1903681 -[regulates]-> GO:0090137
GO:1903682 -[is_a]-> GO:0022408
GO:1903682 -[is_a]-> GO:0051241
GO:1903682 -[is_a]-> GO:1903681
GO:1903682 -[negatively_regulates]-> GO:0090137
GO:1903683 -[is_a]-> GO:0022409
GO:1903683 -[is_a]-> GO:0051240
GO:1903683 -[is_a]-> GO:1903681
GO:1903683 -[positively_regulates]-> GO:0090137
GO:1903684 -[is_a]-> GO:0010632
GO:1903684 -[is_a]-> GO:0030856
GO:1903684 -[is_a]-> GO:0043900
GO:1903684 -[is_a]-> GO:0060284
GO:1903684 -[is_a]-> GO:2000241
GO:1903684 -[regulates]-> GO:0007298
GO:1903687 -[is_a]-> GO:0010633
GO:1903687 -[is_a]-> GO:0010721
GO:1903687 -[is_a]-> GO:0030857
GO:1903687 -[is_a]-> GO:0043901
GO:1903687 -[is_a]-> GO:1903684
GO:1903687 -[is_a]-> GO:2000242
GO:1903687 -[negatively_regulates]-> GO:0007298
GO:1903688 -[is_a]-> GO:0010634
GO:1903688 -[is_a]-> GO:0010720
GO:1903688 -[is_a]-> GO:0030858
GO:1903688 -[is_a]-> GO:0043902
GO:1903688 -[is_a]-> GO:1903684
GO:1903688 -[is_a]-> GO:2000243
GO:1903688 -[positively_regulates]-> GO:0007298
GO:1903689 -[is_a]-> GO:0030334
GO:1903689 -[is_a]-> GO:0061041
GO:1903689 -[is_a]-> GO:1905330
GO:1903689 -[regulates]-> GO:0035313
GO:1903690 -[is_a]-> GO:0030336
GO:1903690 -[is_a]-> GO:0061045
GO:1903690 -[is_a]-> GO:1903689
GO:1903690 -[is_a]-> GO:1905331
GO:1903690 -[negatively_regulates]-> GO:0035313
GO:1903691 -[is_a]-> GO:0030335
GO:1903691 -[is_a]-> GO:0090303
GO:1903691 -[is_a]-> GO:1903689
GO:1903691 -[is_a]-> GO:1905332
GO:1903691 -[positively_regulates]-> GO:0035313
GO:1903692 -[is_a]-> GO:0044690
GO:1903693 -[is_a]-> GO:0007346
GO:1903693 -[is_a]-> GO:0010646
GO:1903693 -[is_a]-> GO:0032107
GO:1903693 -[is_a]-> GO:0071156
GO:1903693 -[is_a]-> GO:0080135
GO:1903693 -[regulates]-> GO:0071851
GO:1903694 -[is_a]-> GO:0071158
GO:1903694 -[is_a]-> GO:1903693
GO:1903694 -[positively_regulates]-> GO:0071851
GO:1903695 -[is_a]-> GO:0000165
GO:1903695 -[is_a]-> GO:0044702
GO:1903695 -[is_a]-> GO:1903046
GO:1903695 -[part_of]-> GO:0030437
GO:1903696 -[is_a]-> GO:0072699
GO:1903697 -[is_a]-> GO:0031345
GO:1903697 -[is_a]-> GO:0032534
GO:1903697 -[negatively_regulates]-> GO:0030033
GO:1903698 -[is_a]-> GO:0031346
GO:1903698 -[is_a]-> GO:0032534
GO:1903698 -[is_a]-> GO:0044089
GO:1903698 -[positively_regulates]-> GO:0030033
GO:1903699 -[is_a]-> GO:0048733
GO:1903700 -[is_a]-> GO:0048856
GO:1903701 -[is_a]-> GO:0048856
GO:1903702 -[is_a]-> GO:0048513
GO:1903703 -[is_a]-> GO:0060575
GO:1903704 -[is_a]-> GO:0010629
GO:1903704 -[is_a]-> GO:0048585
GO:1903704 -[is_a]-> GO:0051253
GO:1903704 -[is_a]-> GO:0090065
GO:1903704 -[is_a]-> GO:1900369
GO:1903704 -[negatively_regulates]-> GO:0030422
GO:1903705 -[is_a]-> GO:0010628
GO:1903705 -[is_a]-> GO:0048584
GO:1903705 -[is_a]-> GO:0051254
GO:1903705 -[is_a]-> GO:0090065
GO:1903705 -[is_a]-> GO:1900370
GO:1903705 -[positively_regulates]-> GO:0030422
GO:1903706 -[is_a]-> GO:0002682
GO:1903706 -[is_a]-> GO:2000026
GO:1903706 -[regulates]-> GO:0030097
GO:1903707 -[is_a]-> GO:0002683
GO:1903707 -[is_a]-> GO:0051093
GO:1903707 -[is_a]-> GO:0051241
GO:1903707 -[is_a]-> GO:1903706
GO:1903707 -[negatively_regulates]-> GO:0030097
GO:1903708 -[is_a]-> GO:0002684
GO:1903708 -[is_a]-> GO:0051094
GO:1903708 -[is_a]-> GO:0051240
GO:1903708 -[is_a]-> GO:1903706
GO:1903708 -[positively_regulates]-> GO:0030097
GO:1903709 -[is_a]-> GO:0044702
GO:1903709 -[is_a]-> GO:0048608
GO:1903709 -[is_a]-> GO:0048732
GO:1903710 -[is_a]-> GO:0000296
GO:1903710 -[is_a]-> GO:1902047
GO:1903711 -[is_a]-> GO:0015848
GO:1903711 -[is_a]-> GO:1902047
GO:1903712 -[is_a]-> GO:0003333
GO:1903712 -[is_a]-> GO:0042883
GO:1903713 -[is_a]-> GO:0003333
GO:1903713 -[is_a]-> GO:0042886
GO:1903714 -[is_a]-> GO:0003333
GO:1903714 -[is_a]-> GO:0015818
GO:1903715 -[is_a]-> GO:0043457
GO:1903715 -[regulates]-> GO:0009060
GO:1903716 -[is_a]-> GO:0015854
GO:1903716 -[is_a]-> GO:1904823
GO:1903717 -[is_a]-> GO:0010035
GO:1903717 -[is_a]-> GO:1901698
GO:1903718 -[is_a]-> GO:1901699
GO:1903718 -[is_a]-> GO:1903717
GO:1903719 -[is_a]-> GO:0001932
GO:1903719 -[is_a]-> GO:0043122
GO:1903719 -[regulates]-> GO:0007252
GO:1903720 -[is_a]-> GO:0001933
GO:1903720 -[is_a]-> GO:0043124
GO:1903720 -[is_a]-> GO:1903719
GO:1903720 -[negatively_regulates]-> GO:0007252
GO:1903721 -[is_a]-> GO:0001934
GO:1903721 -[is_a]-> GO:0043123
GO:1903721 -[is_a]-> GO:1903719
GO:1903721 -[positively_regulates]-> GO:0007252
GO:1903722 -[is_a]-> GO:0046599
GO:1903722 -[regulates]-> GO:0061511
GO:1903723 -[is_a]-> GO:0046600
GO:1903723 -[is_a]-> GO:1903722
GO:1903723 -[negatively_regulates]-> GO:0061511
GO:1903724 -[is_a]-> GO:0046601
GO:1903724 -[is_a]-> GO:1903722
GO:1903724 -[positively_regulates]-> GO:0061511
GO:1903725 -[is_a]-> GO:0019216
GO:1903725 -[is_a]-> GO:0019220
GO:1903725 -[regulates]-> GO:0006644
GO:1903726 -[is_a]-> GO:0045833
GO:1903726 -[is_a]-> GO:0045936
GO:1903726 -[is_a]-> GO:1903725
GO:1903726 -[negatively_regulates]-> GO:0006644
GO:1903727 -[is_a]-> GO:0045834
GO:1903727 -[is_a]-> GO:0045937
GO:1903727 -[is_a]-> GO:1903725
GO:1903727 -[positively_regulates]-> GO:0006644
GO:1903728 -[is_a]-> GO:0030154
GO:1903729 -[is_a]-> GO:0051128
GO:1903729 -[regulates]-> GO:0007009
GO:1903730 -[is_a]-> GO:0010921
GO:1903730 -[part_of]-> GO:0010866
GO:1903730 -[part_of]-> GO:0071071
GO:1903730 -[regulates]-> GO:0008195
GO:1903740 -[is_a]-> GO:0010922
GO:1903740 -[is_a]-> GO:1903730
GO:1903740 -[part_of]-> GO:0010867
GO:1903740 -[part_of]-> GO:0071073
GO:1903740 -[positively_regulates]-> GO:0008195
GO:1903741 -[is_a]-> GO:0010923
GO:1903741 -[is_a]-> GO:1903730
GO:1903741 -[negatively_regulates]-> GO:0008195
GO:1903741 -[part_of]-> GO:0010868
GO:1903741 -[part_of]-> GO:0071072
GO:1903742 -[is_a]-> GO:1901608
GO:1903742 -[is_a]-> GO:1902803
GO:1903742 -[regulates]-> GO:0048490
GO:1903743 -[is_a]-> GO:1901609
GO:1903743 -[is_a]-> GO:1902804
GO:1903743 -[is_a]-> GO:1903742
GO:1903743 -[negatively_regulates]-> GO:0048490
GO:1903744 -[is_a]-> GO:1901610
GO:1903744 -[is_a]-> GO:1902805
GO:1903744 -[is_a]-> GO:1903742
GO:1903744 -[positively_regulates]-> GO:0048490
GO:1903745 -[is_a]-> GO:0043051
GO:1903745 -[is_a]-> GO:1903999
GO:1903745 -[negatively_regulates]-> GO:0043050
GO:1903746 -[is_a]-> GO:0043051
GO:1903746 -[is_a]-> GO:1904000
GO:1903746 -[positively_regulates]-> GO:0043050
GO:1903747 -[is_a]-> GO:0070201
GO:1903747 -[is_a]-> GO:1903827
GO:1903747 -[regulates]-> GO:0072655
GO:1903748 -[is_a]-> GO:1903747
GO:1903748 -[is_a]-> GO:1903828
GO:1903748 -[is_a]-> GO:1904950
GO:1903748 -[negatively_regulates]-> GO:0072655
GO:1903749 -[is_a]-> GO:1903747
GO:1903749 -[is_a]-> GO:1903829
GO:1903749 -[is_a]-> GO:1904951
GO:1903749 -[positively_regulates]-> GO:0072655
GO:1903750 -[is_a]-> GO:1901298
GO:1903750 -[is_a]-> GO:1902175
GO:1903750 -[regulates]-> GO:0036481
GO:1903751 -[is_a]-> GO:1901299
GO:1903751 -[is_a]-> GO:1902176
GO:1903751 -[is_a]-> GO:1903750
GO:1903751 -[negatively_regulates]-> GO:0036481
GO:1903752 -[is_a]-> GO:1901300
GO:1903752 -[is_a]-> GO:1902177
GO:1903752 -[is_a]-> GO:1903750
GO:1903752 -[positively_regulates]-> GO:0036481
GO:1903753 -[is_a]-> GO:0032873
GO:1903753 -[is_a]-> GO:1900744
GO:1903753 -[negatively_regulates]-> GO:0038066
GO:1903754 -[is_a]-> GO:0044448
GO:1903754 -[is_a]-> GO:1904511
GO:1903754 -[part_of]-> GO:0055028
GO:1903755 -[is_a]-> GO:0033235
GO:1903755 -[is_a]-> GO:0051347
GO:1903755 -[is_a]-> GO:1903182
GO:1903755 -[positively_regulates]-> GO:0019789
GO:1903756 -[is_a]-> GO:0006357
GO:1903756 -[is_a]-> GO:0016570
GO:1903756 -[regulates]-> GO:0006366
GO:1903757 -[is_a]-> GO:0045944
GO:1903757 -[is_a]-> GO:1903756
GO:1903757 -[positively_regulates]-> GO:0006366
GO:1903758 -[is_a]-> GO:0000122
GO:1903758 -[is_a]-> GO:1903756
GO:1903758 -[negatively_regulates]-> GO:0006366
GO:1903759 -[is_a]-> GO:0007165
GO:1903759 -[part_of]-> GO:1903715
GO:1903760 -[is_a]-> GO:1901016
GO:1903760 -[is_a]-> GO:1905024
GO:1903760 -[is_a]-> GO:2001257
GO:1903760 -[regulates]-> GO:1902282
GO:1903761 -[is_a]-> GO:1903760
GO:1903761 -[is_a]-> GO:1903817
GO:1903761 -[is_a]-> GO:1905025
GO:1903761 -[negatively_regulates]-> GO:1902282
GO:1903762 -[is_a]-> GO:1903760
GO:1903762 -[is_a]-> GO:1903818
GO:1903762 -[is_a]-> GO:1905026
GO:1903762 -[positively_regulates]-> GO:1902282
GO:1903763 -[is_a]-> GO:0005243
GO:1903763 -[part_of]-> GO:0010644
GO:1903764 -[is_a]-> GO:1902302
GO:1903764 -[regulates]-> GO:0097623
GO:1903765 -[is_a]-> GO:1902303
GO:1903765 -[is_a]-> GO:1903764
GO:1903765 -[negatively_regulates]-> GO:0097623
GO:1903766 -[is_a]-> GO:1902304
GO:1903766 -[is_a]-> GO:1903764
GO:1903766 -[positively_regulates]-> GO:0097623
GO:1903767 -[is_a]-> GO:1903768
GO:1903768 -[is_a]-> GO:0043235
GO:1903769 -[is_a]-> GO:0008285
GO:1903769 -[is_a]-> GO:0071863
GO:1903769 -[negatively_regulates]-> GO:0071838
GO:1903770 -[is_a]-> GO:0051346
GO:1903770 -[negatively_regulates]-> GO:0004565
GO:1903771 -[is_a]-> GO:0051345
GO:1903771 -[positively_regulates]-> GO:0004565
GO:1903772 -[is_a]-> GO:0033043
GO:1903772 -[is_a]-> GO:0044087
GO:1903772 -[is_a]-> GO:0060627
GO:1903772 -[is_a]-> GO:1903900
GO:1903772 -[regulates]-> GO:0039702
GO:1903773 -[is_a]-> GO:0010639
GO:1903773 -[is_a]-> GO:0051051
GO:1903773 -[is_a]-> GO:1903772
GO:1903773 -[is_a]-> GO:1903901
GO:1903773 -[negatively_regulates]-> GO:0039702
GO:1903774 -[is_a]-> GO:0010638
GO:1903774 -[is_a]-> GO:0044089
GO:1903774 -[is_a]-> GO:0051050
GO:1903774 -[is_a]-> GO:1903772
GO:1903774 -[is_a]-> GO:1903902
GO:1903774 -[positively_regulates]-> GO:0039702
GO:1903775 -[is_a]-> GO:2000779
GO:1903775 -[regulates]-> GO:0000729
GO:1903776 -[is_a]-> GO:2000779
GO:1903776 -[regulates]-> GO:0000736
GO:1903777 -[is_a]-> GO:0048030
GO:1903778 -[is_a]-> GO:0072657
GO:1903778 -[is_a]-> GO:0072665
GO:1903779 -[is_a]-> GO:0008016
GO:1903779 -[is_a]-> GO:0023051
GO:1903779 -[regulates]-> GO:0061337
GO:1903780 -[is_a]-> GO:0023057
GO:1903780 -[is_a]-> GO:0051241
GO:1903780 -[is_a]-> GO:1903779
GO:1903780 -[negatively_regulates]-> GO:0061337
GO:1903781 -[is_a]-> GO:0023056
GO:1903781 -[is_a]-> GO:0051240
GO:1903781 -[is_a]-> GO:1903779
GO:1903781 -[positively_regulates]-> GO:0061337
GO:1903782 -[is_a]-> GO:1902305
GO:1903782 -[regulates]-> GO:0098719
GO:1903783 -[is_a]-> GO:1902306
GO:1903783 -[is_a]-> GO:1903782
GO:1903783 -[negatively_regulates]-> GO:0098719
GO:1903784 -[is_a]-> GO:1902307
GO:1903784 -[is_a]-> GO:1903782
GO:1903784 -[positively_regulates]-> GO:0098719
GO:1903785 -[is_a]-> GO:0015803
GO:1903785 -[is_a]-> GO:1902475
GO:1903786 -[is_a]-> GO:0031326
GO:1903786 -[is_a]-> GO:0034248
GO:1903786 -[is_a]-> GO:0042762
GO:1903786 -[regulates]-> GO:0006750
GO:1903787 -[is_a]-> GO:0031327
GO:1903787 -[is_a]-> GO:0034249
GO:1903787 -[is_a]-> GO:0051175
GO:1903787 -[is_a]-> GO:1903786
GO:1903787 -[negatively_regulates]-> GO:0006750
GO:1903788 -[is_a]-> GO:0031328
GO:1903788 -[is_a]-> GO:0034250
GO:1903788 -[is_a]-> GO:0051176
GO:1903788 -[is_a]-> GO:1903786
GO:1903788 -[positively_regulates]-> GO:0006750
GO:1903789 -[is_a]-> GO:0034762
GO:1903789 -[is_a]-> GO:0051955
GO:1903789 -[regulates]-> GO:0003333
GO:1903790 -[is_a]-> GO:0001408
GO:1903790 -[is_a]-> GO:0072530
GO:1903790 -[is_a]-> GO:1901679
GO:1903791 -[is_a]-> GO:0015857
GO:1903791 -[is_a]-> GO:1904082
GO:1903792 -[is_a]-> GO:0043271
GO:1903792 -[is_a]-> GO:0044070
GO:1903792 -[negatively_regulates]-> GO:0006820
GO:1903793 -[is_a]-> GO:0043270
GO:1903793 -[is_a]-> GO:0044070
GO:1903793 -[positively_regulates]-> GO:0006820
GO:1903794 -[is_a]-> GO:1990239
GO:1903795 -[is_a]-> GO:1903959
GO:1903795 -[regulates]-> GO:0098661
GO:1903796 -[is_a]-> GO:1903795
GO:1903796 -[is_a]-> GO:1903960
GO:1903796 -[negatively_regulates]-> GO:0098661
GO:1903797 -[is_a]-> GO:1903795
GO:1903797 -[is_a]-> GO:1903961
GO:1903797 -[positively_regulates]-> GO:0098661
GO:1903798 -[is_a]-> GO:0060964
GO:1903798 -[is_a]-> GO:0070920
GO:1903798 -[regulates]-> GO:0035196
GO:1903799 -[is_a]-> GO:0010629
GO:1903799 -[is_a]-> GO:0048585
GO:1903799 -[is_a]-> GO:0051253
GO:1903799 -[is_a]-> GO:0060965
GO:1903799 -[is_a]-> GO:1903798
GO:1903799 -[negatively_regulates]-> GO:0035196
GO:1903800 -[is_a]-> GO:0010628
GO:1903800 -[is_a]-> GO:0048584
GO:1903800 -[is_a]-> GO:0051254
GO:1903800 -[is_a]-> GO:1903798
GO:1903800 -[is_a]-> GO:2000637
GO:1903800 -[positively_regulates]-> GO:0035196
GO:1903801 -[is_a]-> GO:0043092
GO:1903801 -[is_a]-> GO:0060356
GO:1903802 -[is_a]-> GO:0051938
GO:1903803 -[is_a]-> GO:0036229
GO:1903804 -[is_a]-> GO:0036233
GO:1903805 -[is_a]-> GO:0043092
GO:1903805 -[is_a]-> GO:0090468
GO:1903806 -[is_a]-> GO:0090477
GO:1903807 -[is_a]-> GO:0036231
GO:1903808 -[is_a]-> GO:0036232
GO:1903809 -[is_a]-> GO:0043092
GO:1903810 -[is_a]-> GO:0061460
GO:1903811 -[is_a]-> GO:0043092
GO:1903811 -[is_a]-> GO:0090469
GO:1903812 -[is_a]-> GO:0090479
GO:1903813 -[is_a]-> GO:0043092
GO:1903813 -[is_a]-> GO:1903692
GO:1903814 -[is_a]-> GO:0044057
GO:1903814 -[is_a]-> GO:0090066
GO:1903814 -[regulates]-> GO:1990192
GO:1903815 -[is_a]-> GO:0051241
GO:1903815 -[is_a]-> GO:1903814
GO:1903815 -[negatively_regulates]-> GO:1990192
GO:1903816 -[is_a]-> GO:0051240
GO:1903816 -[is_a]-> GO:1903814
GO:1903816 -[positively_regulates]-> GO:1990192
GO:1903817 -[is_a]-> GO:1901017
GO:1903817 -[is_a]-> GO:2001258
GO:1903817 -[negatively_regulates]-> GO:0005249
GO:1903818 -[is_a]-> GO:1901018
GO:1903818 -[is_a]-> GO:2001259
GO:1903818 -[positively_regulates]-> GO:0005249
GO:1903819 -[is_a]-> GO:0072397
GO:1903819 -[part_of]-> GO:0044878
GO:1903820 -[is_a]-> GO:0072398
GO:1903820 -[part_of]-> GO:0044878
GO:1903821 -[is_a]-> GO:0072412
GO:1903821 -[part_of]-> GO:0044879
GO:1903822 -[is_a]-> GO:0007165
GO:1903822 -[part_of]-> GO:0044879
GO:1903823 -[is_a]-> GO:0000012
GO:1903823 -[occurs_in]-> GO:0000781
GO:1903824 -[is_a]-> GO:1903517
GO:1903824 -[negatively_regulates]-> GO:1903823
GO:1903825 -[is_a]-> GO:0015849
GO:1903825 -[is_a]-> GO:0055085
GO:1903826 -[is_a]-> GO:0003333
GO:1903827 -[is_a]-> GO:0032880
GO:1903827 -[is_a]-> GO:0060341
GO:1903827 -[regulates]-> GO:0034613
GO:1903828 -[is_a]-> GO:0048519
GO:1903828 -[is_a]-> GO:1903827
GO:1903828 -[negatively_regulates]-> GO:0034613
GO:1903829 -[is_a]-> GO:0048518
GO:1903829 -[is_a]-> GO:1903827
GO:1903829 -[positively_regulates]-> GO:0034613
GO:1903830 -[is_a]-> GO:0055085
GO:1903831 -[is_a]-> GO:0007165
GO:1903831 -[part_of]-> GO:0071242
GO:1903832 -[is_a]-> GO:0010646
GO:1903832 -[is_a]-> GO:0032107
GO:1903832 -[is_a]-> GO:0080135
GO:1903832 -[regulates]-> GO:0034198
GO:1903833 -[is_a]-> GO:0010647
GO:1903833 -[is_a]-> GO:0032109
GO:1903833 -[is_a]-> GO:1903832
GO:1903833 -[positively_regulates]-> GO:0034198
GO:1903837 -[is_a]-> GO:1902415
GO:1903837 -[regulates]-> GO:0003730
GO:1903838 -[is_a]-> GO:1903837
GO:1903838 -[is_a]-> GO:1904572
GO:1903838 -[negatively_regulates]-> GO:0003730
GO:1903839 -[is_a]-> GO:1902416
GO:1903839 -[is_a]-> GO:1903837
GO:1903839 -[positively_regulates]-> GO:0003730
GO:1903840 -[is_a]-> GO:1903842
GO:1903841 -[is_a]-> GO:1903840
GO:1903841 -[is_a]-> GO:1903843
GO:1903842 -[is_a]-> GO:0010035
GO:1903842 -[is_a]-> GO:0046685
GO:1903842 -[is_a]-> GO:1901700
GO:1903843 -[is_a]-> GO:0071243
GO:1903843 -[is_a]-> GO:1901701
GO:1903843 -[is_a]-> GO:1903842
GO:1903844 -[is_a]-> GO:0090287
GO:1903844 -[regulates]-> GO:0071560
GO:1903845 -[is_a]-> GO:0090288
GO:1903845 -[is_a]-> GO:1903844
GO:1903845 -[negatively_regulates]-> GO:0071560
GO:1903846 -[is_a]-> GO:0048522
GO:1903846 -[is_a]-> GO:0048584
GO:1903846 -[is_a]-> GO:1903844
GO:1903846 -[positively_regulates]-> GO:0071560
GO:1903847 -[is_a]-> GO:0022603
GO:1903847 -[is_a]-> GO:1901342
GO:1903847 -[regulates]-> GO:0035909
GO:1903848 -[is_a]-> GO:1903847
GO:1903848 -[is_a]-> GO:2000181
GO:1903848 -[negatively_regulates]-> GO:0035909
GO:1903849 -[is_a]-> GO:1903847
GO:1903849 -[is_a]-> GO:1904018
GO:1903849 -[positively_regulates]-> GO:0035909
GO:1903850 -[is_a]-> GO:0010821
GO:1903850 -[regulates]-> GO:0042407
GO:1903851 -[is_a]-> GO:0010823
GO:1903851 -[is_a]-> GO:1903850
GO:1903851 -[negatively_regulates]-> GO:0042407
GO:1903852 -[is_a]-> GO:0010822
GO:1903852 -[is_a]-> GO:1903850
GO:1903852 -[positively_regulates]-> GO:0042407
GO:1903853 -[is_a]-> GO:0080134
GO:1903853 -[regulates]-> GO:1990169
GO:1903854 -[is_a]-> GO:0048585
GO:1903854 -[is_a]-> GO:1903853
GO:1903854 -[negatively_regulates]-> GO:1990169
GO:1903855 -[is_a]-> GO:0048584
GO:1903855 -[is_a]-> GO:1903853
GO:1903855 -[positively_regulates]-> GO:1990169
GO:1903856 -[is_a]-> GO:0051341
GO:1903856 -[regulates]-> GO:0019139
GO:1903857 -[is_a]-> GO:0051354
GO:1903857 -[is_a]-> GO:1903856
GO:1903857 -[negatively_regulates]-> GO:0019139
GO:1903858 -[is_a]-> GO:1902486
GO:1903859 -[is_a]-> GO:0001558
GO:1903859 -[is_a]-> GO:0010975
GO:1903859 -[is_a]-> GO:0022604
GO:1903859 -[is_a]-> GO:0048638
GO:1903859 -[regulates]-> GO:0097484
GO:1903860 -[is_a]-> GO:0010977
GO:1903860 -[is_a]-> GO:0030308
GO:1903860 -[is_a]-> GO:0048640
GO:1903860 -[is_a]-> GO:1903859
GO:1903860 -[negatively_regulates]-> GO:0097484
GO:1903861 -[is_a]-> GO:0010976
GO:1903861 -[is_a]-> GO:0030307
GO:1903861 -[is_a]-> GO:0048639
GO:1903861 -[is_a]-> GO:1903859
GO:1903861 -[positively_regulates]-> GO:0097484
GO:1903862 -[is_a]-> GO:0002082
GO:1903862 -[is_a]-> GO:0042327
GO:1903862 -[is_a]-> GO:1903580
GO:1903862 -[positively_regulates]-> GO:0006119
GO:1903863 -[is_a]-> GO:0022618
GO:1903863 -[is_a]-> GO:0030719
GO:1903863 -[is_a]-> GO:0070925
GO:1903864 -[is_a]-> GO:0022412
GO:1903864 -[is_a]-> GO:0030719
GO:1903864 -[is_a]-> GO:0032988
GO:1903864 -[is_a]-> GO:1903008
GO:1903865 -[is_a]-> GO:0032991
GO:1903866 -[is_a]-> GO:0048856
GO:1903867 -[is_a]-> GO:0048856
GO:1903868 -[is_a]-> GO:0051341
GO:1903868 -[regulates]-> GO:0004489
GO:1903869 -[is_a]-> GO:0051354
GO:1903869 -[is_a]-> GO:1903868
GO:1903869 -[negatively_regulates]-> GO:0004489
GO:1903870 -[is_a]-> GO:0051353
GO:1903870 -[is_a]-> GO:1903868
GO:1903870 -[positively_regulates]-> GO:0004489
GO:1903871 -[is_a]-> GO:0006461
GO:1903872 -[is_a]-> GO:0043254
GO:1903872 -[regulates]-> GO:1903871
GO:1903873 -[is_a]-> GO:0031333
GO:1903873 -[is_a]-> GO:1903872
GO:1903873 -[negatively_regulates]-> GO:1903871
GO:1903874 -[is_a]-> GO:0015684
GO:1903874 -[is_a]-> GO:0034755
GO:1903875 -[is_a]-> GO:1990239
GO:1903876 -[is_a]-> GO:1990239
GO:1903877 -[is_a]-> GO:0005496
GO:1903878 -[is_a]-> GO:1990239
GO:1903879 -[is_a]-> GO:0005496
GO:1903880 -[is_a]-> GO:0005496
GO:1903881 -[is_a]-> GO:0001959
GO:1903881 -[regulates]-> GO:0097400
GO:1903882 -[is_a]-> GO:0001960
GO:1903882 -[is_a]-> GO:1903881
GO:1903882 -[negatively_regulates]-> GO:0097400
GO:1903883 -[is_a]-> GO:0001961
GO:1903883 -[is_a]-> GO:1903881
GO:1903883 -[positively_regulates]-> GO:0097400
GO:1903884 -[is_a]-> GO:0032642
GO:1903884 -[regulates]-> GO:0036392
GO:1903885 -[is_a]-> GO:0032682
GO:1903885 -[is_a]-> GO:1903884
GO:1903885 -[negatively_regulates]-> GO:0036392
GO:1903886 -[is_a]-> GO:0032722
GO:1903886 -[is_a]-> GO:1903884
GO:1903886 -[positively_regulates]-> GO:0036392
GO:1903888 -[is_a]-> GO:0045595
GO:1903888 -[regulates]-> GO:0090627
GO:1903889 -[is_a]-> GO:0045596
GO:1903889 -[is_a]-> GO:1903888
GO:1903889 -[negatively_regulates]-> GO:0090627
GO:1903890 -[is_a]-> GO:0045597
GO:1903890 -[is_a]-> GO:1903888
GO:1903890 -[positively_regulates]-> GO:0090627
GO:1903891 -[is_a]-> GO:1900101
GO:1903891 -[regulates]-> GO:0036500
GO:1903892 -[is_a]-> GO:1900102
GO:1903892 -[is_a]-> GO:1903891
GO:1903892 -[negatively_regulates]-> GO:0036500
GO:1903893 -[is_a]-> GO:1900103
GO:1903893 -[is_a]-> GO:1903891
GO:1903893 -[positively_regulates]-> GO:0036500
GO:1903894 -[is_a]-> GO:1900101
GO:1903894 -[regulates]-> GO:0036498
GO:1903895 -[is_a]-> GO:1900102
GO:1903895 -[is_a]-> GO:1903894
GO:1903895 -[negatively_regulates]-> GO:0036498
GO:1903896 -[is_a]-> GO:1900103
GO:1903896 -[is_a]-> GO:1903894
GO:1903896 -[positively_regulates]-> GO:0036498
GO:1903897 -[is_a]-> GO:1900101
GO:1903897 -[regulates]-> GO:0036499
GO:1903898 -[is_a]-> GO:1900102
GO:1903898 -[is_a]-> GO:1903897
GO:1903898 -[negatively_regulates]-> GO:0036499
GO:1903899 -[is_a]-> GO:1900103
GO:1903899 -[is_a]-> GO:1903897
GO:1903899 -[positively_regulates]-> GO:0036499
GO:1903900 -[is_a]-> GO:0050792
GO:1903900 -[regulates]-> GO:0019058
GO:1903901 -[is_a]-> GO:0048525
GO:1903901 -[is_a]-> GO:1903900
GO:1903901 -[negatively_regulates]-> GO:0019058
GO:1903902 -[is_a]-> GO:0048524
GO:1903902 -[is_a]-> GO:1903900
GO:1903902 -[positively_regulates]-> GO:0019058
GO:1903903 -[is_a]-> GO:0050863
GO:1903903 -[is_a]-> GO:2000114
GO:1903903 -[regulates]-> GO:0001768
GO:1903904 -[is_a]-> GO:0050868
GO:1903904 -[is_a]-> GO:1903903
GO:1903904 -[negatively_regulates]-> GO:0001768
GO:1903905 -[is_a]-> GO:0050870
GO:1903905 -[is_a]-> GO:1903903
GO:1903905 -[positively_regulates]-> GO:0001768
GO:1903906 -[is_a]-> GO:0051128
GO:1903906 -[is_a]-> GO:0060341
GO:1903906 -[regulates]-> GO:0044858
GO:1903907 -[is_a]-> GO:0051129
GO:1903907 -[is_a]-> GO:1903906
GO:1903907 -[negatively_regulates]-> GO:0044858
GO:1903908 -[is_a]-> GO:0051130
GO:1903908 -[is_a]-> GO:1903906
GO:1903908 -[positively_regulates]-> GO:0044858
GO:1903909 -[is_a]-> GO:1905475
GO:1903909 -[regulates]-> GO:0043113
GO:1903910 -[is_a]-> GO:1903909
GO:1903910 -[is_a]-> GO:1905476
GO:1903910 -[negatively_regulates]-> GO:0043113
GO:1903911 -[is_a]-> GO:1903909
GO:1903911 -[is_a]-> GO:1905477
GO:1903911 -[positively_regulates]-> GO:0043113
GO:1903912 -[is_a]-> GO:0001933
GO:1903912 -[is_a]-> GO:0006446
GO:1903912 -[is_a]-> GO:1903573
GO:1903912 -[negatively_regulates]-> GO:0036492
GO:1903913 -[is_a]-> GO:0046596
GO:1903913 -[is_a]-> GO:0051128
GO:1903913 -[regulates]-> GO:0019064
GO:1903914 -[is_a]-> GO:0046597
GO:1903914 -[is_a]-> GO:0051129
GO:1903914 -[is_a]-> GO:1903913
GO:1903914 -[negatively_regulates]-> GO:0019064
GO:1903915 -[is_a]-> GO:0046598
GO:1903915 -[is_a]-> GO:0051130
GO:1903915 -[is_a]-> GO:1903913
GO:1903915 -[positively_regulates]-> GO:0019064
GO:1903916 -[is_a]-> GO:0006446
GO:1903916 -[is_a]-> GO:0035304
GO:1903916 -[is_a]-> GO:0080135
GO:1903916 -[regulates]-> GO:0036497
GO:1903917 -[is_a]-> GO:0035307
GO:1903917 -[is_a]-> GO:0048584
GO:1903917 -[is_a]-> GO:1903916
GO:1903917 -[positively_regulates]-> GO:0036497
GO:1903918 -[is_a]-> GO:0032970
GO:1903918 -[regulates]-> GO:0051014
GO:1903919 -[is_a]-> GO:0048523
GO:1903919 -[is_a]-> GO:1903918
GO:1903919 -[negatively_regulates]-> GO:0051014
GO:1903920 -[is_a]-> GO:0048522
GO:1903920 -[is_a]-> GO:1903918
GO:1903920 -[positively_regulates]-> GO:0051014
GO:1903921 -[is_a]-> GO:0070613
GO:1903921 -[regulates]-> GO:1900756
GO:1903922 -[is_a]-> GO:0010955
GO:1903922 -[is_a]-> GO:1903921
GO:1903922 -[negatively_regulates]-> GO:1900756
GO:1903923 -[is_a]-> GO:0010954
GO:1903923 -[is_a]-> GO:1903921
GO:1903923 -[positively_regulates]-> GO:1900756
GO:1903924 -[is_a]-> GO:0005496
GO:1903925 -[is_a]-> GO:0014070
GO:1903925 -[is_a]-> GO:1901700
GO:1903926 -[is_a]-> GO:0071407
GO:1903926 -[is_a]-> GO:1901701
GO:1903926 -[is_a]-> GO:1903925
GO:1903927 -[is_a]-> GO:0042221
GO:1903928 -[is_a]-> GO:0070887
GO:1903928 -[is_a]-> GO:1903927
GO:1903929 -[is_a]-> GO:0060021
GO:1903930 -[is_a]-> GO:0019219
GO:1903930 -[is_a]-> GO:0031326
GO:1903930 -[regulates]-> GO:0008655
GO:1903931 -[is_a]-> GO:0031328
GO:1903931 -[is_a]-> GO:0045935
GO:1903931 -[is_a]-> GO:1903930
GO:1903931 -[positively_regulates]-> GO:0008655
GO:1903932 -[is_a]-> GO:0051338
GO:1903932 -[is_a]-> GO:0090329
GO:1903932 -[is_a]-> GO:2001141
GO:1903932 -[regulates]-> GO:0003896
GO:1903933 -[is_a]-> GO:0051348
GO:1903933 -[is_a]-> GO:1902679
GO:1903933 -[is_a]-> GO:1903932
GO:1903933 -[is_a]-> GO:2000104
GO:1903933 -[negatively_regulates]-> GO:0003896
GO:1903934 -[is_a]-> GO:0051347
GO:1903934 -[is_a]-> GO:1902680
GO:1903934 -[is_a]-> GO:1903932
GO:1903934 -[is_a]-> GO:2000105
GO:1903934 -[positively_regulates]-> GO:0003896
GO:1903935 -[is_a]-> GO:0010035
GO:1903935 -[is_a]-> GO:0046685
GO:1903935 -[is_a]-> GO:1902074
GO:1903936 -[is_a]-> GO:0071243
GO:1903936 -[is_a]-> GO:1902075
GO:1903936 -[is_a]-> GO:1903935
GO:1903937 -[is_a]-> GO:0010243
GO:1903937 -[is_a]-> GO:1901700
GO:1903938 -[is_a]-> GO:0071417
GO:1903938 -[is_a]-> GO:1901701
GO:1903938 -[is_a]-> GO:1903937
GO:1903939 -[is_a]-> GO:0032006
GO:1903939 -[regulates]-> GO:0038203
GO:1903940 -[is_a]-> GO:0032007
GO:1903940 -[is_a]-> GO:1903939
GO:1903940 -[negatively_regulates]-> GO:0038203
GO:1903941 -[is_a]-> GO:0043576
GO:1903941 -[is_a]-> GO:0051241
GO:1903941 -[negatively_regulates]-> GO:0007585
GO:1903942 -[is_a]-> GO:0043576
GO:1903942 -[is_a]-> GO:0051240
GO:1903942 -[positively_regulates]-> GO:0007585
GO:1903943 -[is_a]-> GO:1904035
GO:1903943 -[regulates]-> GO:0097284
GO:1903944 -[is_a]-> GO:1903943
GO:1903944 -[is_a]-> GO:1904036
GO:1903944 -[negatively_regulates]-> GO:0097284
GO:1903945 -[is_a]-> GO:1903943
GO:1903945 -[is_a]-> GO:1904037
GO:1903945 -[positively_regulates]-> GO:0097284
GO:1903946 -[is_a]-> GO:0045759
GO:1903946 -[is_a]-> GO:0051271
GO:1903946 -[is_a]-> GO:0055118
GO:1903946 -[is_a]-> GO:0098911
GO:1903946 -[negatively_regulates]-> GO:0086005
GO:1903947 -[is_a]-> GO:0045760
GO:1903947 -[is_a]-> GO:0060452
GO:1903947 -[is_a]-> GO:0098911
GO:1903947 -[is_a]-> GO:1903116
GO:1903947 -[positively_regulates]-> GO:0086005
GO:1903948 -[is_a]-> GO:0010648
GO:1903948 -[is_a]-> GO:0045759
GO:1903948 -[is_a]-> GO:0051271
GO:1903948 -[is_a]-> GO:0055118
GO:1903948 -[is_a]-> GO:0098910
GO:1903948 -[is_a]-> GO:1903780
GO:1903948 -[negatively_regulates]-> GO:0086014
GO:1903949 -[is_a]-> GO:0010647
GO:1903949 -[is_a]-> GO:0045760
GO:1903949 -[is_a]-> GO:0060452
GO:1903949 -[is_a]-> GO:0098910
GO:1903949 -[is_a]-> GO:1903116
GO:1903949 -[is_a]-> GO:1903781
GO:1903949 -[positively_regulates]-> GO:0086014
GO:1903950 -[is_a]-> GO:0010648
GO:1903950 -[is_a]-> GO:0045759
GO:1903950 -[is_a]-> GO:0098904
GO:1903950 -[is_a]-> GO:1903780
GO:1903950 -[negatively_regulates]-> GO:0086016
GO:1903951 -[is_a]-> GO:0010647
GO:1903951 -[is_a]-> GO:0045760
GO:1903951 -[is_a]-> GO:0098904
GO:1903951 -[is_a]-> GO:1903781
GO:1903951 -[positively_regulates]-> GO:0086016
GO:1903952 -[is_a]-> GO:0098910
GO:1903952 -[is_a]-> GO:1901016
GO:1903952 -[is_a]-> GO:1905031
GO:1903952 -[is_a]-> GO:2001257
GO:1903952 -[regulates]-> GO:0086089
GO:1903953 -[is_a]-> GO:1903817
GO:1903953 -[is_a]-> GO:1903948
GO:1903953 -[is_a]-> GO:1903952
GO:1903953 -[is_a]-> GO:1905032
GO:1903953 -[negatively_regulates]-> GO:0086089
GO:1903954 -[is_a]-> GO:1903818
GO:1903954 -[is_a]-> GO:1903949
GO:1903954 -[is_a]-> GO:1903952
GO:1903954 -[is_a]-> GO:1905033
GO:1903954 -[positively_regulates]-> GO:0086089
GO:1903955 -[is_a]-> GO:0010822
GO:1903955 -[is_a]-> GO:0090316
GO:1903955 -[is_a]-> GO:1903214
GO:1903955 -[is_a]-> GO:1903749
GO:1903955 -[positively_regulates]-> GO:0006626
GO:1903956 -[is_a]-> GO:0010243
GO:1903956 -[is_a]-> GO:0014070
GO:1903956 -[is_a]-> GO:0097305
GO:1903957 -[is_a]-> GO:0071407
GO:1903957 -[is_a]-> GO:0071417
GO:1903957 -[is_a]-> GO:0097306
GO:1903957 -[is_a]-> GO:1903956
GO:1903958 -[is_a]-> GO:1990204
GO:1903959 -[is_a]-> GO:0034765
GO:1903959 -[is_a]-> GO:0044070
GO:1903959 -[regulates]-> GO:0098656
GO:1903960 -[is_a]-> GO:0034766
GO:1903960 -[is_a]-> GO:1903792
GO:1903960 -[is_a]-> GO:1903959
GO:1903960 -[negatively_regulates]-> GO:0098656
GO:1903961 -[is_a]-> GO:0034767
GO:1903961 -[is_a]-> GO:1903793
GO:1903961 -[is_a]-> GO:1903959
GO:1903961 -[positively_regulates]-> GO:0098656
GO:1903962 -[is_a]-> GO:0005319
GO:1903962 -[part_of]-> GO:1903963
GO:1903963 -[is_a]-> GO:0015909
GO:1903963 -[is_a]-> GO:0071715
GO:1903964 -[is_a]-> GO:0006082
GO:1903964 -[is_a]-> GO:0006629
GO:1903965 -[is_a]-> GO:0016042
GO:1903965 -[is_a]-> GO:0016054
GO:1903965 -[is_a]-> GO:1903964
GO:1903966 -[is_a]-> GO:0008610
GO:1903966 -[is_a]-> GO:0016053
GO:1903966 -[is_a]-> GO:1903964
GO:1903967 -[is_a]-> GO:0033993
GO:1903967 -[is_a]-> GO:1901652
GO:1903968 -[is_a]-> GO:0071396
GO:1903968 -[is_a]-> GO:1901653
GO:1903968 -[is_a]-> GO:1903967
GO:1903969 -[is_a]-> GO:0060759
GO:1903969 -[regulates]-> GO:0036005
GO:1903970 -[is_a]-> GO:0060761
GO:1903970 -[is_a]-> GO:1903969
GO:1903970 -[negatively_regulates]-> GO:0036005
GO:1903971 -[is_a]-> GO:0060760
GO:1903971 -[is_a]-> GO:1903969
GO:1903971 -[positively_regulates]-> GO:0036005
GO:1903972 -[is_a]-> GO:0050794
GO:1903972 -[is_a]-> GO:1903969
GO:1903972 -[regulates]-> GO:0036006
GO:1903973 -[is_a]-> GO:0048523
GO:1903973 -[is_a]-> GO:1903970
GO:1903973 -[is_a]-> GO:1903972
GO:1903973 -[negatively_regulates]-> GO:0036006
GO:1903974 -[is_a]-> GO:0048522
GO:1903974 -[is_a]-> GO:1903971
GO:1903974 -[is_a]-> GO:1903972
GO:1903974 -[positively_regulates]-> GO:0036006
GO:1903975 -[is_a]-> GO:0014013
GO:1903975 -[is_a]-> GO:0030334
GO:1903975 -[regulates]-> GO:0008347
GO:1903976 -[is_a]-> GO:0014014
GO:1903976 -[is_a]-> GO:0030336
GO:1903976 -[is_a]-> GO:1903975
GO:1903976 -[negatively_regulates]-> GO:0008347
GO:1903977 -[is_a]-> GO:0014015
GO:1903977 -[is_a]-> GO:0030335
GO:1903977 -[is_a]-> GO:1903975
GO:1903977 -[positively_regulates]-> GO:0008347
GO:1903978 -[is_a]-> GO:0043030
GO:1903978 -[regulates]-> GO:0001774
GO:1903979 -[is_a]-> GO:0043031
GO:1903979 -[is_a]-> GO:1903978
GO:1903979 -[negatively_regulates]-> GO:0001774
GO:1903980 -[is_a]-> GO:0043032
GO:1903980 -[is_a]-> GO:1903978
GO:1903980 -[positively_regulates]-> GO:0001774
GO:1903981 -[is_a]-> GO:0097159
GO:1903981 -[is_a]-> GO:1901363
GO:1903982 -[is_a]-> GO:0031345
GO:1903982 -[is_a]-> GO:0032532
GO:1903983 -[is_a]-> GO:0031346
GO:1903983 -[is_a]-> GO:0032532
GO:1903984 -[is_a]-> GO:1902043
GO:1903984 -[is_a]-> GO:1903121
GO:1903984 -[positively_regulates]-> GO:0036462
GO:1903985 -[is_a]-> GO:0010827
GO:1903985 -[is_a]-> GO:1904478
GO:1903985 -[regulates]-> GO:0001951
GO:1903988 -[is_a]-> GO:0070839
GO:1903988 -[is_a]-> GO:1903414
GO:1903988 -[is_a]-> GO:1903874
GO:1903989 -[is_a]-> GO:1900390
GO:1903989 -[regulates]-> GO:0097460
GO:1903990 -[is_a]-> GO:0034757
GO:1903990 -[is_a]-> GO:1903989
GO:1903990 -[negatively_regulates]-> GO:0097460
GO:1903991 -[is_a]-> GO:0034758
GO:1903991 -[is_a]-> GO:1903989
GO:1903991 -[positively_regulates]-> GO:0097460
GO:1903995 -[is_a]-> GO:0061097
GO:1903995 -[regulates]-> GO:0004715
GO:1903996 -[is_a]-> GO:0061099
GO:1903996 -[is_a]-> GO:1903995
GO:1903996 -[negatively_regulates]-> GO:0004715
GO:1903997 -[is_a]-> GO:0061098
GO:1903997 -[is_a]-> GO:1903995
GO:1903997 -[positively_regulates]-> GO:0004715
GO:1903998 -[is_a]-> GO:0060259
GO:1903998 -[regulates]-> GO:0042755
GO:1903999 -[is_a]-> GO:1903998
GO:1903999 -[is_a]-> GO:2000252
GO:1903999 -[negatively_regulates]-> GO:0042755
GO:1904000 -[is_a]-> GO:1903998
GO:1904000 -[is_a]-> GO:2000253
GO:1904000 -[positively_regulates]-> GO:0042755
GO:1904001 -[is_a]-> GO:0045944
GO:1904001 -[is_a]-> GO:1903930
GO:1904001 -[positively_regulates]-> GO:0100068
GO:1904002 -[is_a]-> GO:0042127
GO:1904002 -[regulates]-> GO:1990654
GO:1904003 -[is_a]-> GO:0008285
GO:1904003 -[is_a]-> GO:1904002
GO:1904003 -[negatively_regulates]-> GO:1990654
GO:1904004 -[is_a]-> GO:0008284
GO:1904004 -[is_a]-> GO:1904002
GO:1904004 -[positively_regulates]-> GO:1990654
GO:1904005 -[is_a]-> GO:0010517
GO:1904005 -[regulates]-> GO:0004630
GO:1904006 -[is_a]-> GO:0010519
GO:1904006 -[is_a]-> GO:1904005
GO:1904006 -[negatively_regulates]-> GO:0004630
GO:1904007 -[is_a]-> GO:0010518
GO:1904007 -[is_a]-> GO:1904005
GO:1904007 -[positively_regulates]-> GO:0004630
GO:1904008 -[is_a]-> GO:1902074
GO:1904009 -[is_a]-> GO:1902075
GO:1904009 -[is_a]-> GO:1904008
GO:1904010 -[is_a]-> GO:0042221
GO:1904011 -[is_a]-> GO:0070887
GO:1904011 -[is_a]-> GO:1904010
GO:1904012 -[is_a]-> GO:0005488
GO:1904013 -[is_a]-> GO:0005488
GO:1904014 -[is_a]-> GO:0014070
GO:1904014 -[is_a]-> GO:0071867
GO:1904014 -[is_a]-> GO:1901700
GO:1904015 -[is_a]-> GO:0071407
GO:1904015 -[is_a]-> GO:0071868
GO:1904015 -[is_a]-> GO:1901701
GO:1904015 -[is_a]-> GO:1904014
GO:1904016 -[is_a]-> GO:0010033
GO:1904017 -[is_a]-> GO:0070887
GO:1904017 -[is_a]-> GO:1904016
GO:1904018 -[is_a]-> GO:0051094
GO:1904018 -[is_a]-> GO:0051240
GO:1904018 -[is_a]-> GO:1901342
GO:1904018 -[positively_regulates]-> GO:0001944
GO:1904019 -[is_a]-> GO:0006915
GO:1904020 -[is_a]-> GO:0002090
GO:1904020 -[is_a]-> GO:0008277
GO:1904020 -[regulates]-> GO:0002031
GO:1904021 -[is_a]-> GO:0002091
GO:1904021 -[is_a]-> GO:0045745
GO:1904021 -[is_a]-> GO:1904020
GO:1904021 -[negatively_regulates]-> GO:0002031
GO:1904022 -[is_a]-> GO:0002092
GO:1904022 -[is_a]-> GO:1904020
GO:1904022 -[positively_regulates]-> GO:0002031
GO:1904023 -[is_a]-> GO:0010906
GO:1904023 -[is_a]-> GO:0043465
GO:1904023 -[is_a]-> GO:0043470
GO:1904023 -[is_a]-> GO:1902688
GO:1904023 -[is_a]-> GO:1903578
GO:1904023 -[regulates]-> GO:0019661
GO:1904024 -[is_a]-> GO:0009895
GO:1904024 -[is_a]-> GO:0045912
GO:1904024 -[is_a]-> GO:1901003
GO:1904024 -[is_a]-> GO:1902689
GO:1904024 -[is_a]-> GO:1903579
GO:1904024 -[is_a]-> GO:1904023
GO:1904024 -[negatively_regulates]-> GO:0019661
GO:1904025 -[is_a]-> GO:0009896
GO:1904025 -[is_a]-> GO:0010907
GO:1904025 -[is_a]-> GO:1902690
GO:1904025 -[is_a]-> GO:1903580
GO:1904025 -[is_a]-> GO:1904023
GO:1904025 -[positively_regulates]-> GO:0019661
GO:1904026 -[is_a]-> GO:1903053
GO:1904026 -[regulates]-> GO:0030199
GO:1904027 -[is_a]-> GO:1903054
GO:1904027 -[is_a]-> GO:1904026
GO:1904027 -[negatively_regulates]-> GO:0030199
GO:1904028 -[is_a]-> GO:1903055
GO:1904028 -[is_a]-> GO:1904026
GO:1904028 -[positively_regulates]-> GO:0030199
GO:1904029 -[is_a]-> GO:0045859
GO:1904029 -[is_a]-> GO:0051726
GO:1904029 -[regulates]-> GO:0097472
GO:1904030 -[is_a]-> GO:0006469
GO:1904030 -[is_a]-> GO:1904029
GO:1904030 -[negatively_regulates]-> GO:0097472
GO:1904031 -[is_a]-> GO:0045860
GO:1904031 -[is_a]-> GO:1904029
GO:1904031 -[positively_regulates]-> GO:0097472
GO:1904032 -[is_a]-> GO:1905475
GO:1904032 -[regulates]-> GO:1990656
GO:1904033 -[is_a]-> GO:1904032
GO:1904033 -[is_a]-> GO:1905476
GO:1904033 -[negatively_regulates]-> GO:1990656
GO:1904034 -[is_a]-> GO:1904032
GO:1904034 -[is_a]-> GO:1905477
GO:1904034 -[positively_regulates]-> GO:1990656
GO:1904035 -[is_a]-> GO:0042981
GO:1904035 -[regulates]-> GO:1904019
GO:1904036 -[is_a]-> GO:0043066
GO:1904036 -[is_a]-> GO:1904035
GO:1904036 -[negatively_regulates]-> GO:1904019
GO:1904037 -[is_a]-> GO:0043065
GO:1904037 -[is_a]-> GO:1904035
GO:1904037 -[positively_regulates]-> GO:1904019
GO:1904038 -[is_a]-> GO:0034759
GO:1904038 -[regulates]-> GO:1903988
GO:1904039 -[is_a]-> GO:0034760
GO:1904039 -[is_a]-> GO:1904038
GO:1904039 -[negatively_regulates]-> GO:1903988
GO:1904040 -[is_a]-> GO:0034761
GO:1904040 -[is_a]-> GO:1904038
GO:1904040 -[positively_regulates]-> GO:1903988
GO:1904041 -[is_a]-> GO:0051339
GO:1904041 -[regulates]-> GO:0004122
GO:1904042 -[is_a]-> GO:0051350
GO:1904042 -[is_a]-> GO:1904041
GO:1904042 -[negatively_regulates]-> GO:0004122
GO:1904043 -[is_a]-> GO:0051349
GO:1904043 -[is_a]-> GO:1904041
GO:1904043 -[positively_regulates]-> GO:0004122
GO:1904044 -[is_a]-> GO:0051385
GO:1904044 -[is_a]-> GO:1901654
GO:1904045 -[is_a]-> GO:0071389
GO:1904045 -[is_a]-> GO:1901655
GO:1904045 -[is_a]-> GO:1904044
GO:1904046 -[is_a]-> GO:0001818
GO:1904046 -[is_a]-> GO:0010574
GO:1904046 -[negatively_regulates]-> GO:0010573
GO:1904047 -[is_a]-> GO:1901681
GO:1904048 -[is_a]-> GO:0046928
GO:1904048 -[regulates]-> GO:0061669
GO:1904049 -[is_a]-> GO:0046929
GO:1904049 -[is_a]-> GO:1904048
GO:1904049 -[negatively_regulates]-> GO:0061669
GO:1904050 -[is_a]-> GO:0001956
GO:1904050 -[is_a]-> GO:1904048
GO:1904050 -[positively_regulates]-> GO:0061669
GO:1904051 -[is_a]-> GO:0010506
GO:1904051 -[is_a]-> GO:1903335
GO:1904051 -[is_a]-> GO:1903533
GO:1904051 -[regulates]-> GO:0071211
GO:1904052 -[is_a]-> GO:0010507
GO:1904052 -[is_a]-> GO:0090317
GO:1904052 -[is_a]-> GO:1903336
GO:1904052 -[is_a]-> GO:1904051
GO:1904052 -[negatively_regulates]-> GO:0071211
GO:1904053 -[is_a]-> GO:0010508
GO:1904053 -[is_a]-> GO:0090316
GO:1904053 -[is_a]-> GO:1903337
GO:1904053 -[is_a]-> GO:1904051
GO:1904053 -[positively_regulates]-> GO:0071211
GO:1904054 -[is_a]-> GO:0050678
GO:1904054 -[regulates]-> GO:1990705
GO:1904055 -[is_a]-> GO:0050680
GO:1904055 -[is_a]-> GO:1904054
GO:1904055 -[negatively_regulates]-> GO:1990705
GO:1904056 -[is_a]-> GO:0050679
GO:1904056 -[is_a]-> GO:1904054
GO:1904056 -[positively_regulates]-> GO:1990705
GO:1904057 -[is_a]-> GO:0031645
GO:1904057 -[is_a]-> GO:0051930
GO:1904057 -[negatively_regulates]-> GO:0019233
GO:1904058 -[is_a]-> GO:0031646
GO:1904058 -[is_a]-> GO:0051930
GO:1904058 -[positively_regulates]-> GO:0019233
GO:1904059 -[is_a]-> GO:0042752
GO:1904059 -[is_a]-> GO:0050795
GO:1904059 -[regulates]-> GO:0045475
GO:1904060 -[is_a]-> GO:0042754
GO:1904060 -[is_a]-> GO:0048521
GO:1904060 -[is_a]-> GO:1904059
GO:1904060 -[negatively_regulates]-> GO:0045475
GO:1904061 -[is_a]-> GO:0042753
GO:1904061 -[is_a]-> GO:0048520
GO:1904061 -[is_a]-> GO:1904059
GO:1904061 -[positively_regulates]-> GO:0045475
GO:1904062 -[is_a]-> GO:0034765
GO:1904062 -[regulates]-> GO:0098655
GO:1904063 -[is_a]-> GO:0034766
GO:1904063 -[is_a]-> GO:1904062
GO:1904063 -[negatively_regulates]-> GO:0098655
GO:1904064 -[is_a]-> GO:0034767
GO:1904064 -[is_a]-> GO:1904062
GO:1904064 -[positively_regulates]-> GO:0098655
GO:1904065 -[is_a]-> GO:0007213
GO:1904065 -[part_of]-> GO:0014057
GO:1904066 -[is_a]-> GO:0007186
GO:1904066 -[part_of]-> GO:0040024
GO:1904067 -[is_a]-> GO:0097367
GO:1904068 -[is_a]-> GO:0007186
GO:1904068 -[part_of]-> GO:0035176
GO:1904069 -[is_a]-> GO:0016137
GO:1904070 -[is_a]-> GO:0016138
GO:1904070 -[is_a]-> GO:1904069
GO:1904071 -[is_a]-> GO:0022607
GO:1904071 -[is_a]-> GO:1990709
GO:1904071 -[part_of]-> GO:0099054
GO:1904072 -[is_a]-> GO:0022411
GO:1904072 -[is_a]-> GO:1990709
GO:1904073 -[is_a]-> GO:0042127
GO:1904073 -[is_a]-> GO:0045995
GO:1904073 -[is_a]-> GO:0048638
GO:1904073 -[regulates]-> GO:0001834
GO:1904074 -[is_a]-> GO:0008285
GO:1904074 -[is_a]-> GO:0045992
GO:1904074 -[is_a]-> GO:0048640
GO:1904074 -[is_a]-> GO:1904073
GO:1904074 -[negatively_regulates]-> GO:0001834
GO:1904075 -[is_a]-> GO:0008284
GO:1904075 -[is_a]-> GO:0040019
GO:1904075 -[is_a]-> GO:0048639
GO:1904075 -[is_a]-> GO:1904073
GO:1904075 -[positively_regulates]-> GO:0001834
GO:1904076 -[is_a]-> GO:0046885
GO:1904076 -[regulates]-> GO:0006703
GO:1904077 -[is_a]-> GO:0032353
GO:1904077 -[is_a]-> GO:1904076
GO:1904077 -[negatively_regulates]-> GO:0006703
GO:1904078 -[is_a]-> GO:0046886
GO:1904078 -[is_a]-> GO:1904076
GO:1904078 -[positively_regulates]-> GO:0006703
GO:1904080 -[is_a]-> GO:0060850
GO:1904080 -[is_a]-> GO:1904081
GO:1904080 -[part_of]-> GO:0048665
GO:1904081 -[is_a]-> GO:0045944
GO:1904081 -[part_of]-> GO:0030182
GO:1904082 -[is_a]-> GO:0015855
GO:1904082 -[is_a]-> GO:0072531
GO:1904086 -[is_a]-> GO:0010470
GO:1904086 -[is_a]-> GO:1905330
GO:1904086 -[regulates]-> GO:0055113
GO:1904087 -[is_a]-> GO:1904086
GO:1904087 -[is_a]-> GO:1905331
GO:1904087 -[is_a]-> GO:2000542
GO:1904087 -[negatively_regulates]-> GO:0055113
GO:1904088 -[is_a]-> GO:1904086
GO:1904088 -[is_a]-> GO:1905332
GO:1904088 -[is_a]-> GO:2000543
GO:1904088 -[positively_regulates]-> GO:0055113
GO:1904089 -[is_a]-> GO:0000122
GO:1904089 -[is_a]-> GO:0043524
GO:1904089 -[negatively_regulates]-> GO:0051402
GO:1904090 -[is_a]-> GO:0032991
GO:1904091 -[is_a]-> GO:1900750
GO:1904091 -[part_of]-> GO:0019184
GO:1904092 -[is_a]-> GO:0043067
GO:1904092 -[regulates]-> GO:0048102
GO:1904093 -[is_a]-> GO:0043069
GO:1904093 -[is_a]-> GO:1904092
GO:1904093 -[negatively_regulates]-> GO:0048102
GO:1904094 -[is_a]-> GO:0043068
GO:1904094 -[is_a]-> GO:1904092
GO:1904094 -[positively_regulates]-> GO:0048102
GO:1904095 -[is_a]-> GO:0048581
GO:1904095 -[is_a]-> GO:2000014
GO:1904095 -[is_a]-> GO:2000242
GO:1904095 -[negatively_regulates]-> GO:0009960
GO:1904096 -[is_a]-> GO:1903293
GO:1904097 -[is_a]-> GO:1903293
GO:1904098 -[is_a]-> GO:0060049
GO:1904098 -[regulates]-> GO:0006493
GO:1904099 -[is_a]-> GO:0060051
GO:1904099 -[is_a]-> GO:1904098
GO:1904099 -[negatively_regulates]-> GO:0006493
GO:1904100 -[is_a]-> GO:0060050
GO:1904100 -[is_a]-> GO:1904098
GO:1904100 -[positively_regulates]-> GO:0006493
GO:1904101 -[is_a]-> GO:0010243
GO:1904101 -[is_a]-> GO:0014070
GO:1904101 -[is_a]-> GO:1901700
GO:1904102 -[is_a]-> GO:0071407
GO:1904102 -[is_a]-> GO:0071417
GO:1904102 -[is_a]-> GO:1901701
GO:1904102 -[is_a]-> GO:1904101
GO:1904103 -[is_a]-> GO:0010470
GO:1904103 -[is_a]-> GO:1905330
GO:1904103 -[regulates]-> GO:0060027
GO:1904104 -[is_a]-> GO:1904103
GO:1904104 -[is_a]-> GO:1905331
GO:1904104 -[is_a]-> GO:2000542
GO:1904104 -[negatively_regulates]-> GO:0060027
GO:1904105 -[is_a]-> GO:1904103
GO:1904105 -[is_a]-> GO:1905332
GO:1904105 -[is_a]-> GO:2000543
GO:1904105 -[positively_regulates]-> GO:0060027
GO:1904106 -[is_a]-> GO:0008104
GO:1904107 -[is_a]-> GO:0072657
GO:1904107 -[is_a]-> GO:1904106
GO:1904107 -[is_a]-> GO:1990778
GO:1904108 -[is_a]-> GO:0061512
GO:1904109 -[is_a]-> GO:0032376
GO:1904109 -[is_a]-> GO:0060620
GO:1904109 -[is_a]-> GO:2000911
GO:1904109 -[positively_regulates]-> GO:0070508
GO:1904110 -[is_a]-> GO:0051336
GO:1904110 -[regulates]-> GO:0060002
GO:1904111 -[is_a]-> GO:0051346
GO:1904111 -[is_a]-> GO:1904110
GO:1904111 -[negatively_regulates]-> GO:0060002
GO:1904112 -[is_a]-> GO:0051345
GO:1904112 -[is_a]-> GO:1904110
GO:1904112 -[positively_regulates]-> GO:0060002
GO:1904113 -[is_a]-> GO:0032971
GO:1904113 -[is_a]-> GO:0045932
GO:1904113 -[is_a]-> GO:0051271
GO:1904113 -[negatively_regulates]-> GO:0030049
GO:1904114 -[is_a]-> GO:0032971
GO:1904114 -[is_a]-> GO:0045933
GO:1904114 -[is_a]-> GO:1903116
GO:1904114 -[positively_regulates]-> GO:0030049
GO:1904115 -[is_a]-> GO:0032838
GO:1904115 -[is_a]-> GO:0033267
GO:1904115 -[part_of]-> GO:0030424
GO:1904116 -[is_a]-> GO:0043434
GO:1904117 -[is_a]-> GO:0071375
GO:1904117 -[is_a]-> GO:1904116
GO:1904118 -[is_a]-> GO:0045995
GO:1904118 -[is_a]-> GO:1905330
GO:1904118 -[is_a]-> GO:2000027
GO:1904118 -[regulates]-> GO:0071600
GO:1904119 -[is_a]-> GO:0045992
GO:1904119 -[is_a]-> GO:1904118
GO:1904119 -[is_a]-> GO:1905331
GO:1904119 -[negatively_regulates]-> GO:0071600
GO:1904120 -[is_a]-> GO:0040019
GO:1904120 -[is_a]-> GO:1904118
GO:1904120 -[is_a]-> GO:1905332
GO:1904120 -[positively_regulates]-> GO:0071600
GO:1904121 -[is_a]-> GO:0005548
GO:1904122 -[is_a]-> GO:0032000
GO:1904122 -[is_a]-> GO:0071927
GO:1904122 -[positively_regulates]-> GO:0006635
GO:1904123 -[is_a]-> GO:0007210
GO:1904123 -[is_a]-> GO:0032000
GO:1904123 -[positively_regulates]-> GO:0006635
GO:1904124 -[is_a]-> GO:0008347
GO:1904124 -[is_a]-> GO:1905517
GO:1904125 -[is_a]-> GO:0060027
GO:1904125 -[is_a]-> GO:0060029
GO:1904125 -[part_of]-> GO:0021593
GO:1904126 -[is_a]-> GO:0060027
GO:1904126 -[is_a]-> GO:0060029
GO:1904126 -[part_of]-> GO:0048570
GO:1904127 -[is_a]-> GO:0014807
GO:1904127 -[is_a]-> GO:1901232
GO:1904127 -[is_a]-> GO:1904103
GO:1904127 -[regulates]-> GO:0090246
GO:1904128 -[is_a]-> GO:1901233
GO:1904128 -[is_a]-> GO:1904104
GO:1904128 -[is_a]-> GO:1904127
GO:1904128 -[negatively_regulates]-> GO:0090246
GO:1904129 -[is_a]-> GO:1901234
GO:1904129 -[is_a]-> GO:1904105
GO:1904129 -[is_a]-> GO:1904127
GO:1904129 -[positively_regulates]-> GO:0090246
GO:1904130 -[is_a]-> GO:1904103
GO:1904130 -[regulates]-> GO:0022007
GO:1904131 -[is_a]-> GO:1904104
GO:1904131 -[is_a]-> GO:1904130
GO:1904131 -[negatively_regulates]-> GO:0022007
GO:1904132 -[is_a]-> GO:1904105
GO:1904132 -[is_a]-> GO:1904130
GO:1904132 -[positively_regulates]-> GO:0022007
GO:1904133 -[is_a]-> GO:0051960
GO:1904133 -[is_a]-> GO:1904103
GO:1904133 -[regulates]-> GO:1904125
GO:1904134 -[is_a]-> GO:0051961
GO:1904134 -[is_a]-> GO:1904104
GO:1904134 -[is_a]-> GO:1904133
GO:1904134 -[negatively_regulates]-> GO:1904125
GO:1904135 -[is_a]-> GO:0051962
GO:1904135 -[is_a]-> GO:1904105
GO:1904135 -[is_a]-> GO:1904133
GO:1904135 -[positively_regulates]-> GO:1904125
GO:1904136 -[is_a]-> GO:1904103
GO:1904136 -[is_a]-> GO:2000027
GO:1904136 -[regulates]-> GO:1904126
GO:1904137 -[is_a]-> GO:1904104
GO:1904137 -[is_a]-> GO:1904136
GO:1904137 -[negatively_regulates]-> GO:1904126
GO:1904138 -[is_a]-> GO:1904105
GO:1904138 -[is_a]-> GO:1904136
GO:1904138 -[positively_regulates]-> GO:1904126
GO:1904139 -[is_a]-> GO:1903975
GO:1904139 -[is_a]-> GO:1905521
GO:1904139 -[regulates]-> GO:1904124
GO:1904140 -[is_a]-> GO:1903976
GO:1904140 -[is_a]-> GO:1904139
GO:1904140 -[is_a]-> GO:1905522
GO:1904140 -[negatively_regulates]-> GO:1904124
GO:1904141 -[is_a]-> GO:1903977
GO:1904141 -[is_a]-> GO:1904139
GO:1904141 -[is_a]-> GO:1905523
GO:1904141 -[positively_regulates]-> GO:1904124
GO:1904142 -[is_a]-> GO:0031327
GO:1904142 -[is_a]-> GO:0045827
GO:1904142 -[is_a]-> GO:0051055
GO:1904142 -[negatively_regulates]-> GO:0016117
GO:1904143 -[is_a]-> GO:0031328
GO:1904143 -[is_a]-> GO:0045828
GO:1904143 -[is_a]-> GO:0046889
GO:1904143 -[positively_regulates]-> GO:0016117
GO:1904144 -[is_a]-> GO:1903293
GO:1904145 -[is_a]-> GO:0010948
GO:1904145 -[is_a]-> GO:0051447
GO:1904145 -[is_a]-> GO:1900194
GO:1904145 -[is_a]-> GO:1903538
GO:1904145 -[negatively_regulates]-> GO:1903537
GO:1904146 -[is_a]-> GO:0051446
GO:1904146 -[is_a]-> GO:0090068
GO:1904146 -[is_a]-> GO:1900195
GO:1904146 -[is_a]-> GO:1903538
GO:1904146 -[positively_regulates]-> GO:1903537
GO:1904147 -[is_a]-> GO:0010033
GO:1904148 -[is_a]-> GO:0070887
GO:1904148 -[is_a]-> GO:1904147
GO:1904149 -[is_a]-> GO:0001910
GO:1904149 -[regulates]-> GO:0090634
GO:1904150 -[is_a]-> GO:0001911
GO:1904150 -[is_a]-> GO:1904149
GO:1904150 -[negatively_regulates]-> GO:0090634
GO:1904151 -[is_a]-> GO:0001912
GO:1904151 -[is_a]-> GO:1904149
GO:1904151 -[positively_regulates]-> GO:0090634
GO:1904152 -[is_a]-> GO:0070861
GO:1904152 -[is_a]-> GO:1904292
GO:1904152 -[regulates]-> GO:0030970
GO:1904153 -[is_a]-> GO:0070862
GO:1904153 -[is_a]-> GO:1904152
GO:1904153 -[is_a]-> GO:1904293
GO:1904153 -[negatively_regulates]-> GO:0030970
GO:1904154 -[is_a]-> GO:0070863
GO:1904154 -[is_a]-> GO:1904152
GO:1904154 -[is_a]-> GO:1904294
GO:1904154 -[positively_regulates]-> GO:0030970
GO:1904155 -[is_a]-> GO:0033077
GO:1904156 -[is_a]-> GO:0033077
GO:1904157 -[is_a]-> GO:0033077
GO:1904158 -[is_a]-> GO:0022607
GO:1904158 -[part_of]-> GO:0035082
GO:1904159 -[is_a]-> GO:0048533
GO:1904160 -[is_a]-> GO:0072598
GO:1904161 -[is_a]-> GO:0000731
GO:1904161 -[part_of]-> GO:0070914
GO:1904162 -[is_a]-> GO:0035312
GO:1904162 -[part_of]-> GO:0070914
GO:1904167 -[is_a]-> GO:0006357
GO:1904167 -[is_a]-> GO:0010469
GO:1904167 -[is_a]-> GO:0051090
GO:1904167 -[regulates]-> GO:0004887
GO:1904168 -[is_a]-> GO:0009968
GO:1904168 -[is_a]-> GO:0043433
GO:1904168 -[is_a]-> GO:1904167
GO:1904168 -[is_a]-> GO:2000272
GO:1904168 -[negatively_regulates]-> GO:0004887
GO:1904169 -[is_a]-> GO:0009967
GO:1904169 -[is_a]-> GO:0051091
GO:1904169 -[is_a]-> GO:1904167
GO:1904169 -[is_a]-> GO:2000273
GO:1904169 -[positively_regulates]-> GO:0004887
GO:1904170 -[is_a]-> GO:0060491
GO:1904170 -[regulates]-> GO:0032060
GO:1904171 -[is_a]-> GO:0031345
GO:1904171 -[is_a]-> GO:1904170
GO:1904171 -[negatively_regulates]-> GO:0032060
GO:1904172 -[is_a]-> GO:0031346
GO:1904172 -[is_a]-> GO:0044089
GO:1904172 -[is_a]-> GO:1904170
GO:1904172 -[positively_regulates]-> GO:0032060
GO:1904173 -[is_a]-> GO:0031056
GO:1904173 -[is_a]-> GO:0050790
GO:1904173 -[regulates]-> GO:0032453
GO:1904174 -[is_a]-> GO:0031057
GO:1904174 -[is_a]-> GO:0043086
GO:1904174 -[is_a]-> GO:1904173
GO:1904174 -[negatively_regulates]-> GO:0032453
GO:1904175 -[is_a]-> GO:0031058
GO:1904175 -[is_a]-> GO:0043085
GO:1904175 -[is_a]-> GO:1904173
GO:1904175 -[positively_regulates]-> GO:0032453
GO:1904176 -[is_a]-> GO:1902494
GO:1904177 -[is_a]-> GO:2000026
GO:1904177 -[regulates]-> GO:0060612
GO:1904178 -[is_a]-> GO:0051093
GO:1904178 -[is_a]-> GO:0051241
GO:1904178 -[is_a]-> GO:1904177
GO:1904178 -[negatively_regulates]-> GO:0060612
GO:1904179 -[is_a]-> GO:0051094
GO:1904179 -[is_a]-> GO:0051240
GO:1904179 -[is_a]-> GO:1904177
GO:1904179 -[positively_regulates]-> GO:0060612
GO:1904180 -[is_a]-> GO:0003254
GO:1904180 -[is_a]-> GO:0048519
GO:1904180 -[negatively_regulates]-> GO:0051899
GO:1904181 -[is_a]-> GO:0003254
GO:1904181 -[is_a]-> GO:0048518
GO:1904181 -[positively_regulates]-> GO:0051899
GO:1904182 -[is_a]-> GO:0051341
GO:1904182 -[regulates]-> GO:0004738
GO:1904183 -[is_a]-> GO:0051354
GO:1904183 -[is_a]-> GO:1904182
GO:1904183 -[negatively_regulates]-> GO:0004738
GO:1904184 -[is_a]-> GO:0051353
GO:1904184 -[is_a]-> GO:1904182
GO:1904184 -[positively_regulates]-> GO:0004738
GO:1904185 -[is_a]-> GO:0022607
GO:1904185 -[is_a]-> GO:0031023
GO:1904186 -[is_a]-> GO:0016043
GO:1904187 -[is_a]-> GO:0050792
GO:1904187 -[is_a]-> GO:0065008
GO:1904187 -[regulates]-> GO:0019087
GO:1904188 -[is_a]-> GO:0048525
GO:1904188 -[is_a]-> GO:1904187
GO:1904188 -[negatively_regulates]-> GO:0019087
GO:1904189 -[is_a]-> GO:0048524
GO:1904189 -[is_a]-> GO:1904187
GO:1904189 -[positively_regulates]-> GO:0019087
GO:1904191 -[is_a]-> GO:0040020
GO:1904191 -[is_a]-> GO:0045737
GO:1904191 -[regulates]-> GO:0007126
GO:1904192 -[is_a]-> GO:1904035
GO:1904192 -[regulates]-> GO:1902488
GO:1904193 -[is_a]-> GO:1904036
GO:1904193 -[is_a]-> GO:1904192
GO:1904193 -[negatively_regulates]-> GO:1902488
GO:1904194 -[is_a]-> GO:1904037
GO:1904194 -[is_a]-> GO:1904192
GO:1904194 -[positively_regulates]-> GO:1902488
GO:1904195 -[is_a]-> GO:0050678
GO:1904195 -[regulates]-> GO:1990739
GO:1904196 -[is_a]-> GO:0050680
GO:1904196 -[is_a]-> GO:1904195
GO:1904196 -[negatively_regulates]-> GO:1990739
GO:1904197 -[is_a]-> GO:0050679
GO:1904197 -[is_a]-> GO:1904195
GO:1904197 -[positively_regulates]-> GO:1990739
GO:1904198 -[is_a]-> GO:1904180
GO:1904198 -[negatively_regulates]-> GO:1990736
GO:1904199 -[is_a]-> GO:1904181
GO:1904199 -[positively_regulates]-> GO:1990736
GO:1904200 -[is_a]-> GO:0015705
GO:1904200 -[is_a]-> GO:0098661
GO:1904201 -[is_a]-> GO:0044070
GO:1904201 -[regulates]-> GO:0015705
GO:1904202 -[is_a]-> GO:1903792
GO:1904202 -[is_a]-> GO:1904201
GO:1904202 -[negatively_regulates]-> GO:0015705
GO:1904203 -[is_a]-> GO:1903793
GO:1904203 -[is_a]-> GO:1904201
GO:1904203 -[positively_regulates]-> GO:0015705
GO:1904204 -[is_a]-> GO:0014733
GO:1904204 -[is_a]-> GO:0014743
GO:1904204 -[regulates]-> GO:0014734
GO:1904205 -[is_a]-> GO:0014741
GO:1904205 -[is_a]-> GO:0014745
GO:1904205 -[is_a]-> GO:1904204
GO:1904205 -[negatively_regulates]-> GO:0014734
GO:1904206 -[is_a]-> GO:0014742
GO:1904206 -[is_a]-> GO:0014744
GO:1904206 -[is_a]-> GO:1904204
GO:1904206 -[positively_regulates]-> GO:0014734
GO:1904207 -[is_a]-> GO:0090196
GO:1904207 -[is_a]-> GO:2000341
GO:1904207 -[regulates]-> GO:0035926
GO:1904208 -[is_a]-> GO:0090198
GO:1904208 -[is_a]-> GO:1904207
GO:1904208 -[is_a]-> GO:2000342
GO:1904208 -[negatively_regulates]-> GO:0035926
GO:1904209 -[is_a]-> GO:0090197
GO:1904209 -[is_a]-> GO:1904207
GO:1904209 -[is_a]-> GO:2000343
GO:1904209 -[positively_regulates]-> GO:0035926
GO:1904210 -[is_a]-> GO:0006461
GO:1904211 -[is_a]-> GO:0033619
GO:1904211 -[part_of]-> GO:0030970
GO:1904212 -[is_a]-> GO:1903795
GO:1904212 -[is_a]-> GO:1904201
GO:1904212 -[regulates]-> GO:1904200
GO:1904213 -[is_a]-> GO:1903796
GO:1904213 -[is_a]-> GO:1904202
GO:1904213 -[is_a]-> GO:1904212
GO:1904213 -[negatively_regulates]-> GO:1904200
GO:1904214 -[is_a]-> GO:1903797
GO:1904214 -[is_a]-> GO:1904203
GO:1904214 -[is_a]-> GO:1904212
GO:1904214 -[positively_regulates]-> GO:1904200
GO:1904215 -[is_a]-> GO:0034762
GO:1904215 -[is_a]-> GO:1903533
GO:1904215 -[is_a]-> GO:1904589
GO:1904215 -[regulates]-> GO:0045037
GO:1904216 -[is_a]-> GO:0034764
GO:1904216 -[is_a]-> GO:0090316
GO:1904216 -[is_a]-> GO:1904215
GO:1904216 -[is_a]-> GO:1904591
GO:1904216 -[positively_regulates]-> GO:0045037
GO:1904217 -[is_a]-> GO:0051338
GO:1904217 -[regulates]-> GO:0003882
GO:1904218 -[is_a]-> GO:0051348
GO:1904218 -[is_a]-> GO:1904217
GO:1904218 -[negatively_regulates]-> GO:0003882
GO:1904219 -[is_a]-> GO:0051347
GO:1904219 -[is_a]-> GO:1904217
GO:1904219 -[positively_regulates]-> GO:0003882
GO:1904220 -[is_a]-> GO:0051338
GO:1904220 -[regulates]-> GO:0004758
GO:1904221 -[is_a]-> GO:0051348
GO:1904221 -[is_a]-> GO:1904220
GO:1904221 -[negatively_regulates]-> GO:0004758
GO:1904222 -[is_a]-> GO:0051347
GO:1904222 -[is_a]-> GO:1904220
GO:1904222 -[positively_regulates]-> GO:0004758
GO:1904223 -[is_a]-> GO:0051338
GO:1904223 -[regulates]-> GO:0015020
GO:1904224 -[is_a]-> GO:0051348
GO:1904224 -[is_a]-> GO:1904223
GO:1904224 -[negatively_regulates]-> GO:0015020
GO:1904225 -[is_a]-> GO:0051347
GO:1904225 -[is_a]-> GO:1904223
GO:1904225 -[positively_regulates]-> GO:0015020
GO:1904226 -[is_a]-> GO:0051338
GO:1904226 -[regulates]-> GO:0061547
GO:1904227 -[is_a]-> GO:0051348
GO:1904227 -[is_a]-> GO:1904226
GO:1904227 -[negatively_regulates]-> GO:0061547
GO:1904228 -[is_a]-> GO:0051347
GO:1904228 -[is_a]-> GO:1904226
GO:1904228 -[positively_regulates]-> GO:0061547
GO:1904229 -[is_a]-> GO:0051341
GO:1904229 -[regulates]-> GO:0000104
GO:1904230 -[is_a]-> GO:0051354
GO:1904230 -[is_a]-> GO:1904229
GO:1904230 -[negatively_regulates]-> GO:0000104
GO:1904231 -[is_a]-> GO:0051353
GO:1904231 -[is_a]-> GO:1904229
GO:1904231 -[positively_regulates]-> GO:0000104
GO:1904232 -[is_a]-> GO:0051339
GO:1904232 -[regulates]-> GO:0003994
GO:1904233 -[is_a]-> GO:0051350
GO:1904233 -[is_a]-> GO:1904232
GO:1904233 -[negatively_regulates]-> GO:0003994
GO:1904234 -[is_a]-> GO:0051349
GO:1904234 -[is_a]-> GO:1904232
GO:1904234 -[positively_regulates]-> GO:0003994
GO:1904235 -[is_a]-> GO:0010810
GO:1904235 -[is_a]-> GO:0030334
GO:1904235 -[regulates]-> GO:0006931
GO:1904236 -[is_a]-> GO:0010812
GO:1904236 -[is_a]-> GO:0030336
GO:1904236 -[is_a]-> GO:1904235
GO:1904236 -[negatively_regulates]-> GO:0006931
GO:1904237 -[is_a]-> GO:0010811
GO:1904237 -[is_a]-> GO:0030335
GO:1904237 -[is_a]-> GO:1904235
GO:1904237 -[positively_regulates]-> GO:0006931
GO:1904238 -[is_a]-> GO:0030154
GO:1904239 -[is_a]-> GO:0043254
GO:1904239 -[regulates]-> GO:1904210
GO:1904240 -[is_a]-> GO:0031333
GO:1904240 -[is_a]-> GO:1904239
GO:1904240 -[negatively_regulates]-> GO:1904210
GO:1904241 -[is_a]-> GO:0031334
GO:1904241 -[is_a]-> GO:1904239
GO:1904241 -[positively_regulates]-> GO:1904210
GO:1904242 -[is_a]-> GO:0050708
GO:1904242 -[is_a]-> GO:0090186
GO:1904242 -[regulates]-> GO:1990747
GO:1904243 -[is_a]-> GO:0050709
GO:1904243 -[is_a]-> GO:0090188
GO:1904243 -[is_a]-> GO:1904242
GO:1904243 -[negatively_regulates]-> GO:1990747
GO:1904244 -[is_a]-> GO:0050714
GO:1904244 -[is_a]-> GO:0090187
GO:1904244 -[is_a]-> GO:1904242
GO:1904244 -[positively_regulates]-> GO:1990747
GO:1904245 -[is_a]-> GO:0051338
GO:1904245 -[regulates]-> GO:0004652
GO:1904246 -[is_a]-> GO:0051348
GO:1904246 -[is_a]-> GO:1904245
GO:1904246 -[negatively_regulates]-> GO:0004652
GO:1904247 -[is_a]-> GO:0051347
GO:1904247 -[is_a]-> GO:1904245
GO:1904247 -[positively_regulates]-> GO:0004652
GO:1904248 -[is_a]-> GO:0045088
GO:1904248 -[is_a]-> GO:0050793
GO:1904248 -[regulates]-> GO:0090644
GO:1904249 -[is_a]-> GO:0045824
GO:1904249 -[is_a]-> GO:0051093
GO:1904249 -[is_a]-> GO:1904248
GO:1904249 -[negatively_regulates]-> GO:0090644
GO:1904250 -[is_a]-> GO:0045089
GO:1904250 -[is_a]-> GO:0051094
GO:1904250 -[is_a]-> GO:1904248
GO:1904250 -[positively_regulates]-> GO:0090644
GO:1904251 -[is_a]-> GO:0019218
GO:1904251 -[is_a]-> GO:0031323
GO:1904251 -[regulates]-> GO:0008206
GO:1904252 -[is_a]-> GO:0031324
GO:1904252 -[is_a]-> GO:0045939
GO:1904252 -[is_a]-> GO:1904251
GO:1904252 -[negatively_regulates]-> GO:0008206
GO:1904253 -[is_a]-> GO:0031325
GO:1904253 -[is_a]-> GO:0045940
GO:1904253 -[is_a]-> GO:1904251
GO:1904253 -[positively_regulates]-> GO:0008206
GO:1904254 -[is_a]-> GO:0034759
GO:1904254 -[is_a]-> GO:2001257
GO:1904254 -[regulates]-> GO:0097689
GO:1904255 -[is_a]-> GO:0034760
GO:1904255 -[is_a]-> GO:1904254
GO:1904255 -[is_a]-> GO:2001258
GO:1904255 -[negatively_regulates]-> GO:0097689
GO:1904256 -[is_a]-> GO:0034761
GO:1904256 -[is_a]-> GO:1904254
GO:1904256 -[is_a]-> GO:2001259
GO:1904256 -[positively_regulates]-> GO:0097689
GO:1904257 -[is_a]-> GO:0071578
GO:1904258 -[is_a]-> GO:0022607
GO:1904258 -[is_a]-> GO:0030575
GO:1904259 -[is_a]-> GO:0022603
GO:1904259 -[is_a]-> GO:0045995
GO:1904259 -[is_a]-> GO:1901201
GO:1904259 -[regulates]-> GO:2001197
GO:1904260 -[is_a]-> GO:0045992
GO:1904260 -[is_a]-> GO:1901202
GO:1904260 -[is_a]-> GO:1904259
GO:1904260 -[negatively_regulates]-> GO:2001197
GO:1904261 -[is_a]-> GO:0040019
GO:1904261 -[is_a]-> GO:1901203
GO:1904261 -[is_a]-> GO:1904259
GO:1904261 -[positively_regulates]-> GO:2001197
GO:1904262 -[is_a]-> GO:0032007
GO:1904262 -[is_a]-> GO:1903432
GO:1904262 -[negatively_regulates]-> GO:0038202
GO:1904263 -[is_a]-> GO:0032008
GO:1904263 -[is_a]-> GO:1903432
GO:1904263 -[positively_regulates]-> GO:0038202
GO:1904264 -[is_a]-> GO:0061630
GO:1904264 -[part_of]-> GO:0036503
GO:1904265 -[is_a]-> GO:1904455
GO:1904265 -[part_of]-> GO:1904153
GO:1904266 -[is_a]-> GO:0050920
GO:1904266 -[is_a]-> GO:1900147
GO:1904266 -[regulates]-> GO:1990751
GO:1904267 -[is_a]-> GO:0050922
GO:1904267 -[is_a]-> GO:1900148
GO:1904267 -[is_a]-> GO:1904266
GO:1904267 -[negatively_regulates]-> GO:1990751
GO:1904268 -[is_a]-> GO:0050921
GO:1904268 -[is_a]-> GO:1900149
GO:1904268 -[is_a]-> GO:1904266
GO:1904268 -[positively_regulates]-> GO:1990751
GO:1904269 -[is_a]-> GO:0099738
GO:1904269 -[part_of]-> GO:0031252
GO:1904270 -[is_a]-> GO:0006461
GO:1904271 -[is_a]-> GO:0089718
GO:1904271 -[is_a]-> GO:1902825
GO:1904271 -[is_a]-> GO:1903809
GO:1904271 -[is_a]-> GO:1904555
GO:1904272 -[is_a]-> GO:0043092
GO:1904272 -[is_a]-> GO:0089718
GO:1904272 -[is_a]-> GO:1904556
GO:1904273 -[is_a]-> GO:0043092
GO:1904273 -[is_a]-> GO:0089718
GO:1904273 -[is_a]-> GO:1904557
GO:1904274 -[is_a]-> GO:0007043
GO:1904275 -[is_a]-> GO:1905071
GO:1904276 -[is_a]-> GO:0009889
GO:1904276 -[regulates]-> GO:0010025
GO:1904277 -[is_a]-> GO:0009890
GO:1904277 -[is_a]-> GO:1904276
GO:1904277 -[negatively_regulates]-> GO:0010025
GO:1904278 -[is_a]-> GO:0009891
GO:1904278 -[is_a]-> GO:1904276
GO:1904278 -[positively_regulates]-> GO:0010025
GO:1904279 -[is_a]-> GO:0006355
GO:1904279 -[regulates]-> GO:0001060
GO:1904280 -[is_a]-> GO:0045892
GO:1904280 -[is_a]-> GO:1904279
GO:1904280 -[negatively_regulates]-> GO:0001060
GO:1904281 -[is_a]-> GO:0045893
GO:1904281 -[is_a]-> GO:1904279
GO:1904281 -[positively_regulates]-> GO:0001060
GO:1904282 -[is_a]-> GO:0002589
GO:1904282 -[regulates]-> GO:0019885
GO:1904283 -[is_a]-> GO:0002590
GO:1904283 -[is_a]-> GO:1904282
GO:1904283 -[negatively_regulates]-> GO:0019885
GO:1904284 -[is_a]-> GO:0002591
GO:1904284 -[is_a]-> GO:1904282
GO:1904284 -[positively_regulates]-> GO:0019885
GO:1904285 -[is_a]-> GO:0031399
GO:1904285 -[regulates]-> GO:0018352
GO:1904286 -[is_a]-> GO:0031400
GO:1904286 -[is_a]-> GO:1904285
GO:1904286 -[negatively_regulates]-> GO:0018352
GO:1904287 -[is_a]-> GO:0031401
GO:1904287 -[is_a]-> GO:1904285
GO:1904287 -[positively_regulates]-> GO:0018352
GO:1904288 -[is_a]-> GO:0032403
GO:1904289 -[is_a]-> GO:0007346
GO:1904289 -[is_a]-> GO:2000001
GO:1904289 -[regulates]-> GO:0044773
GO:1904290 -[is_a]-> GO:0045930
GO:1904290 -[is_a]-> GO:0045931
GO:1904290 -[is_a]-> GO:1904289
GO:1904290 -[is_a]-> GO:2000002
GO:1904290 -[negatively_regulates]-> GO:0044773
GO:1904291 -[is_a]-> GO:0045931
GO:1904291 -[is_a]-> GO:1904289
GO:1904291 -[is_a]-> GO:2000003
GO:1904291 -[positively_regulates]-> GO:0044773
GO:1904292 -[is_a]-> GO:0042176
GO:1904292 -[is_a]-> GO:0080135
GO:1904292 -[regulates]-> GO:0036503
GO:1904293 -[is_a]-> GO:0042177
GO:1904293 -[is_a]-> GO:1903573
GO:1904293 -[is_a]-> GO:1904292
GO:1904293 -[negatively_regulates]-> GO:0036503
GO:1904294 -[is_a]-> GO:0045732
GO:1904294 -[is_a]-> GO:0048522
GO:1904294 -[is_a]-> GO:0048584
GO:1904294 -[is_a]-> GO:1904292
GO:1904294 -[positively_regulates]-> GO:0036503
GO:1904295 -[is_a]-> GO:0010469
GO:1904295 -[is_a]-> GO:2001257
GO:1904295 -[regulates]-> GO:1990760
GO:1904296 -[is_a]-> GO:0009968
GO:1904296 -[is_a]-> GO:1904295
GO:1904296 -[is_a]-> GO:2000272
GO:1904296 -[is_a]-> GO:2001258
GO:1904296 -[negatively_regulates]-> GO:1990760
GO:1904297 -[is_a]-> GO:0009967
GO:1904297 -[is_a]-> GO:1904295
GO:1904297 -[is_a]-> GO:2000273
GO:1904297 -[is_a]-> GO:2001259
GO:1904297 -[positively_regulates]-> GO:1990760
GO:1904298 -[is_a]-> GO:0060627
GO:1904298 -[regulates]-> GO:0045056
GO:1904299 -[is_a]-> GO:0051051
GO:1904299 -[is_a]-> GO:1904298
GO:1904299 -[negatively_regulates]-> GO:0045056
GO:1904300 -[is_a]-> GO:0051050
GO:1904300 -[is_a]-> GO:1904298
GO:1904300 -[positively_regulates]-> GO:0045056
GO:1904301 -[is_a]-> GO:0043900
GO:1904301 -[is_a]-> GO:0051239
GO:1904301 -[is_a]-> GO:2000241
GO:1904301 -[regulates]-> GO:0060137
GO:1904302 -[is_a]-> GO:0043901
GO:1904302 -[is_a]-> GO:0051241
GO:1904302 -[is_a]-> GO:1904301
GO:1904302 -[is_a]-> GO:2000242
GO:1904302 -[negatively_regulates]-> GO:0060137
GO:1904303 -[is_a]-> GO:0043902
GO:1904303 -[is_a]-> GO:0051240
GO:1904303 -[is_a]-> GO:1904301
GO:1904303 -[is_a]-> GO:2000243
GO:1904303 -[positively_regulates]-> GO:0060137
GO:1904304 -[is_a]-> GO:0006940
GO:1904304 -[regulates]-> GO:0014831
GO:1904305 -[is_a]-> GO:0045986
GO:1904305 -[is_a]-> GO:1904304
GO:1904305 -[negatively_regulates]-> GO:0014831
GO:1904306 -[is_a]-> GO:0045987
GO:1904306 -[is_a]-> GO:1904304
GO:1904306 -[positively_regulates]-> GO:0014831
GO:1904307 -[is_a]-> GO:0010243
GO:1904307 -[is_a]-> GO:0014070
GO:1904308 -[is_a]-> GO:0071407
GO:1904308 -[is_a]-> GO:0071417
GO:1904308 -[is_a]-> GO:1904307
GO:1904309 -[is_a]-> GO:0014074
GO:1904309 -[is_a]-> GO:1901700
GO:1904310 -[is_a]-> GO:0071407
GO:1904310 -[is_a]-> GO:0071417
GO:1904310 -[is_a]-> GO:1901701
GO:1904310 -[is_a]-> GO:1904309
GO:1904311 -[is_a]-> GO:0010035
GO:1904312 -[is_a]-> GO:0070887
GO:1904312 -[is_a]-> GO:1904311
GO:1904313 -[is_a]-> GO:1902074
GO:1904314 -[is_a]-> GO:1902075
GO:1904314 -[is_a]-> GO:1904313
GO:1904315 -[is_a]-> GO:0022824
GO:1904315 -[is_a]-> GO:0099529
GO:1904315 -[part_of]-> GO:0060078
GO:1904316 -[is_a]-> GO:0010243
GO:1904316 -[is_a]-> GO:0033993
GO:1904316 -[is_a]-> GO:0046683
GO:1904316 -[is_a]-> GO:0060359
GO:1904316 -[is_a]-> GO:1901700
GO:1904317 -[is_a]-> GO:0071242
GO:1904317 -[is_a]-> GO:0071396
GO:1904317 -[is_a]-> GO:0071417
GO:1904317 -[is_a]-> GO:1901701
GO:1904317 -[is_a]-> GO:1904316
GO:1904318 -[is_a]-> GO:0006940
GO:1904318 -[is_a]-> GO:0044062
GO:1904318 -[is_a]-> GO:0098801
GO:1904318 -[regulates]-> GO:0060083
GO:1904319 -[is_a]-> GO:0045986
GO:1904319 -[is_a]-> GO:1904318
GO:1904319 -[negatively_regulates]-> GO:0060083
GO:1904320 -[is_a]-> GO:0045987
GO:1904320 -[is_a]-> GO:1904318
GO:1904320 -[positively_regulates]-> GO:0060083
GO:1904321 -[is_a]-> GO:0014070
GO:1904321 -[is_a]-> GO:0033993
GO:1904321 -[is_a]-> GO:1901654
GO:1904322 -[is_a]-> GO:0071396
GO:1904322 -[is_a]-> GO:0071407
GO:1904322 -[is_a]-> GO:1901655
GO:1904322 -[is_a]-> GO:1904321
GO:1904323 -[is_a]-> GO:0001932
GO:1904323 -[is_a]-> GO:0008277
GO:1904323 -[regulates]-> GO:0002030
GO:1904324 -[is_a]-> GO:0001933
GO:1904324 -[is_a]-> GO:0045745
GO:1904324 -[is_a]-> GO:1904323
GO:1904324 -[negatively_regulates]-> GO:0002030
GO:1904325 -[is_a]-> GO:0001934
GO:1904325 -[is_a]-> GO:1904323
GO:1904325 -[positively_regulates]-> GO:0002030
GO:1904326 -[is_a]-> GO:0010840
GO:1904326 -[is_a]-> GO:0042754
GO:1904326 -[is_a]-> GO:0048521
GO:1904326 -[negatively_regulates]-> GO:0042746
GO:1904327 -[is_a]-> GO:0008104
GO:1904328 -[is_a]-> GO:1903115
GO:1904328 -[regulates]-> GO:1990764
GO:1904329 -[is_a]-> GO:0051271
GO:1904329 -[is_a]-> GO:1904328
GO:1904329 -[negatively_regulates]-> GO:1990764
GO:1904330 -[is_a]-> GO:1903116
GO:1904330 -[is_a]-> GO:1904328
GO:1904330 -[positively_regulates]-> GO:1990764
GO:1904331 -[is_a]-> GO:0006282
GO:1904331 -[is_a]-> GO:2000278
GO:1904331 -[regulates]-> GO:0042276
GO:1904332 -[is_a]-> GO:0045738
GO:1904332 -[is_a]-> GO:1904331
GO:1904332 -[is_a]-> GO:2000279
GO:1904332 -[negatively_regulates]-> GO:0042276
GO:1904333 -[is_a]-> GO:0045739
GO:1904333 -[is_a]-> GO:1904331
GO:1904333 -[is_a]-> GO:2000573
GO:1904333 -[positively_regulates]-> GO:0042276
GO:1904334 -[is_a]-> GO:0035351
GO:1904334 -[is_a]-> GO:0098739
GO:1904335 -[is_a]-> GO:0022603
GO:1904335 -[is_a]-> GO:1901342
GO:1904335 -[regulates]-> GO:0097070
GO:1904336 -[is_a]-> GO:1904335
GO:1904336 -[is_a]-> GO:2000181
GO:1904336 -[negatively_regulates]-> GO:0097070
GO:1904337 -[is_a]-> GO:1904018
GO:1904337 -[is_a]-> GO:1904335
GO:1904337 -[positively_regulates]-> GO:0097070
GO:1904338 -[is_a]-> GO:0045664
GO:1904338 -[regulates]-> GO:0071542
GO:1904339 -[is_a]-> GO:0045665
GO:1904339 -[is_a]-> GO:1904338
GO:1904339 -[negatively_regulates]-> GO:0071542
GO:1904340 -[is_a]-> GO:0045666
GO:1904340 -[is_a]-> GO:1904338
GO:1904340 -[positively_regulates]-> GO:0071542
GO:1904341 -[is_a]-> GO:1904304
GO:1904341 -[regulates]-> GO:1990765
GO:1904342 -[is_a]-> GO:1904305
GO:1904342 -[is_a]-> GO:1904341
GO:1904342 -[negatively_regulates]-> GO:1990765
GO:1904343 -[is_a]-> GO:1904306
GO:1904343 -[is_a]-> GO:1904341
GO:1904343 -[positively_regulates]-> GO:1990765
GO:1904344 -[is_a]-> GO:1903522
GO:1904344 -[regulates]-> GO:1990768
GO:1904345 -[is_a]-> GO:1903523
GO:1904345 -[is_a]-> GO:1904344
GO:1904345 -[negatively_regulates]-> GO:1990768
GO:1904346 -[is_a]-> GO:1903524
GO:1904346 -[is_a]-> GO:1904344
GO:1904346 -[positively_regulates]-> GO:1990768
GO:1904347 -[is_a]-> GO:1904304
GO:1904347 -[regulates]-> GO:1990770
GO:1904348 -[is_a]-> GO:1904305
GO:1904348 -[is_a]-> GO:1904347
GO:1904348 -[negatively_regulates]-> GO:1990770
GO:1904349 -[is_a]-> GO:1904306
GO:1904349 -[is_a]-> GO:1904347
GO:1904349 -[positively_regulates]-> GO:1990770
GO:1904350 -[is_a]-> GO:1903362
GO:1904350 -[regulates]-> GO:0007039
GO:1904351 -[is_a]-> GO:1903363
GO:1904351 -[is_a]-> GO:1904350
GO:1904351 -[negatively_regulates]-> GO:0007039
GO:1904352 -[is_a]-> GO:1903364
GO:1904352 -[is_a]-> GO:1904350
GO:1904352 -[positively_regulates]-> GO:0007039
GO:1904353 -[is_a]-> GO:0032204
GO:1904353 -[regulates]-> GO:0016233
GO:1904354 -[is_a]-> GO:0032205
GO:1904354 -[is_a]-> GO:1904353
GO:1904354 -[negatively_regulates]-> GO:0016233
GO:1904355 -[is_a]-> GO:0032206
GO:1904355 -[is_a]-> GO:1904353
GO:1904355 -[positively_regulates]-> GO:0016233
GO:1904356 -[is_a]-> GO:0032204
GO:1904356 -[regulates]-> GO:0010833
GO:1904357 -[is_a]-> GO:0032205
GO:1904357 -[is_a]-> GO:1904356
GO:1904357 -[negatively_regulates]-> GO:0010833
GO:1904358 -[is_a]-> GO:0032206
GO:1904358 -[is_a]-> GO:1904356
GO:1904358 -[positively_regulates]-> GO:0010833
GO:1904359 -[is_a]-> GO:0050793
GO:1904359 -[regulates]-> GO:0009847
GO:1904360 -[is_a]-> GO:0051093
GO:1904360 -[is_a]-> GO:1904359
GO:1904360 -[negatively_regulates]-> GO:0009847
GO:1904361 -[is_a]-> GO:0051094
GO:1904361 -[is_a]-> GO:1904359
GO:1904361 -[positively_regulates]-> GO:0009847
GO:1904362 -[is_a]-> GO:0090276
GO:1904362 -[regulates]-> GO:0036161
GO:1904363 -[is_a]-> GO:0090278
GO:1904363 -[is_a]-> GO:1904362
GO:1904363 -[negatively_regulates]-> GO:0036161
GO:1904364 -[is_a]-> GO:0090277
GO:1904364 -[is_a]-> GO:1904362
GO:1904364 -[positively_regulates]-> GO:0036161
GO:1904365 -[is_a]-> GO:0032101
GO:1904365 -[regulates]-> GO:0042466
GO:1904366 -[is_a]-> GO:0032102
GO:1904366 -[is_a]-> GO:1904365
GO:1904366 -[negatively_regulates]-> GO:0042466
GO:1904367 -[is_a]-> GO:0032103
GO:1904367 -[is_a]-> GO:1904365
GO:1904367 -[positively_regulates]-> GO:0042466
GO:1904368 -[is_a]-> GO:0045595
GO:1904368 -[regulates]-> GO:0014001
GO:1904369 -[is_a]-> GO:0045597
GO:1904369 -[is_a]-> GO:1904368
GO:1904369 -[positively_regulates]-> GO:0014001
GO:1904370 -[is_a]-> GO:1904776
GO:1904370 -[regulates]-> GO:0044379
GO:1904371 -[is_a]-> GO:1904370
GO:1904371 -[is_a]-> GO:1904777
GO:1904371 -[negatively_regulates]-> GO:0044379
GO:1904372 -[is_a]-> GO:1904370
GO:1904372 -[is_a]-> GO:1904778
GO:1904372 -[positively_regulates]-> GO:0044379
GO:1904373 -[is_a]-> GO:0014070
GO:1904373 -[is_a]-> GO:0043200
GO:1904374 -[is_a]-> GO:0071230
GO:1904374 -[is_a]-> GO:0071407
GO:1904374 -[is_a]-> GO:1904373
GO:1904375 -[is_a]-> GO:1903827
GO:1904375 -[regulates]-> GO:1990778
GO:1904376 -[is_a]-> GO:1903828
GO:1904376 -[is_a]-> GO:1904375
GO:1904376 -[negatively_regulates]-> GO:1990778
GO:1904377 -[is_a]-> GO:1903829
GO:1904377 -[is_a]-> GO:1904375
GO:1904377 -[positively_regulates]-> GO:1990778
GO:1904378 -[is_a]-> GO:0036506
GO:1904378 -[part_of]-> GO:0036503
GO:1904379 -[is_a]-> GO:1904327
GO:1904379 -[part_of]-> GO:0036503
GO:1904380 -[is_a]-> GO:0036508
GO:1904380 -[occurs_in]-> GO:0044322
GO:1904381 -[is_a]-> GO:0036508
GO:1904381 -[occurs_in]-> GO:0005794
GO:1904382 -[is_a]-> GO:0035977
GO:1904382 -[is_a]-> GO:0036508
GO:1904382 -[part_of]-> GO:0097466
GO:1904383 -[is_a]-> GO:0010035
GO:1904383 -[is_a]-> GO:1902074
GO:1904384 -[is_a]-> GO:1902075
GO:1904384 -[is_a]-> GO:1904383
GO:1904385 -[is_a]-> GO:0071375
GO:1904385 -[is_a]-> GO:1990776
GO:1904386 -[is_a]-> GO:0010243
GO:1904387 -[is_a]-> GO:0071417
GO:1904387 -[is_a]-> GO:1904386
GO:1904388 -[is_a]-> GO:0045892
GO:1904388 -[negatively_regulates]-> GO:0098790
GO:1904389 -[is_a]-> GO:0060040
GO:1904390 -[is_a]-> GO:0060040
GO:1904391 -[is_a]-> GO:0042221
GO:1904392 -[is_a]-> GO:0070887
GO:1904392 -[is_a]-> GO:1904391
GO:1904393 -[is_a]-> GO:1901626
GO:1904393 -[is_a]-> GO:1903909
GO:1904393 -[is_a]-> GO:1904396
GO:1904393 -[regulates]-> GO:0071340
GO:1904394 -[is_a]-> GO:1901627
GO:1904394 -[is_a]-> GO:1903910
GO:1904394 -[is_a]-> GO:1904393
GO:1904394 -[is_a]-> GO:1904397
GO:1904394 -[negatively_regulates]-> GO:0071340
GO:1904395 -[is_a]-> GO:1901628
GO:1904395 -[is_a]-> GO:1903911
GO:1904395 -[is_a]-> GO:1904393
GO:1904395 -[is_a]-> GO:1904398
GO:1904395 -[positively_regulates]-> GO:0071340
GO:1904396 -[is_a]-> GO:0050807
GO:1904396 -[regulates]-> GO:0007528
GO:1904397 -[is_a]-> GO:0051129
GO:1904397 -[is_a]-> GO:1904396
GO:1904397 -[negatively_regulates]-> GO:0007528
GO:1904398 -[is_a]-> GO:0051130
GO:1904398 -[is_a]-> GO:1904396
GO:1904398 -[positively_regulates]-> GO:0007528
GO:1904399 -[is_a]-> GO:0005539
GO:1904399 -[is_a]-> GO:1901681
GO:1904400 -[is_a]-> GO:0010033
GO:1904401 -[is_a]-> GO:0070887
GO:1904401 -[is_a]-> GO:1904400
GO:1904402 -[is_a]-> GO:0010243
GO:1904402 -[is_a]-> GO:0014070
GO:1904402 -[is_a]-> GO:1901654
GO:1904403 -[is_a]-> GO:0071407
GO:1904403 -[is_a]-> GO:0071417
GO:1904403 -[is_a]-> GO:1901655
GO:1904403 -[is_a]-> GO:1904402
GO:1904404 -[is_a]-> GO:0010033
GO:1904404 -[is_a]-> GO:1901700
GO:1904405 -[is_a]-> GO:1901701
GO:1904405 -[is_a]-> GO:1904404
GO:1904406 -[is_a]-> GO:0051172
GO:1904406 -[is_a]-> GO:2000378
GO:1904406 -[negatively_regulates]-> GO:0046209
GO:1904407 -[is_a]-> GO:0051173
GO:1904407 -[is_a]-> GO:2000379
GO:1904407 -[positively_regulates]-> GO:0046209
GO:1904408 -[is_a]-> GO:0033218
GO:1904408 -[is_a]-> GO:0097159
GO:1904408 -[is_a]-> GO:1901363
GO:1904409 -[is_a]-> GO:0033043
GO:1904409 -[regulates]-> GO:0033363
GO:1904410 -[is_a]-> GO:0010639
GO:1904410 -[is_a]-> GO:1904409
GO:1904410 -[negatively_regulates]-> GO:0033363
GO:1904411 -[is_a]-> GO:0010638
GO:1904411 -[is_a]-> GO:1904409
GO:1904411 -[positively_regulates]-> GO:0033363
GO:1904412 -[is_a]-> GO:2000026
GO:1904412 -[regulates]-> GO:0003231
GO:1904413 -[is_a]-> GO:0051093
GO:1904413 -[is_a]-> GO:0051241
GO:1904413 -[is_a]-> GO:1904412
GO:1904413 -[negatively_regulates]-> GO:0003231
GO:1904414 -[is_a]-> GO:0051094
GO:1904414 -[is_a]-> GO:0051240
GO:1904414 -[is_a]-> GO:1904412
GO:1904414 -[positively_regulates]-> GO:0003231
GO:1904415 -[is_a]-> GO:0002831
GO:1904415 -[is_a]-> GO:0016241
GO:1904415 -[is_a]-> GO:0031347
GO:1904415 -[is_a]-> GO:0032101
GO:1904415 -[is_a]-> GO:0043900
GO:1904415 -[regulates]-> GO:0098792
GO:1904416 -[is_a]-> GO:0002832
GO:1904416 -[is_a]-> GO:0016242
GO:1904416 -[is_a]-> GO:0031348
GO:1904416 -[is_a]-> GO:0032102
GO:1904416 -[is_a]-> GO:0043901
GO:1904416 -[is_a]-> GO:1904415
GO:1904416 -[negatively_regulates]-> GO:0098792
GO:1904417 -[is_a]-> GO:0002833
GO:1904417 -[is_a]-> GO:0016239
GO:1904417 -[is_a]-> GO:0031349
GO:1904417 -[is_a]-> GO:0032103
GO:1904417 -[is_a]-> GO:0043902
GO:1904417 -[is_a]-> GO:1904415
GO:1904417 -[positively_regulates]-> GO:0098792
GO:1904418 -[is_a]-> GO:0032204
GO:1904418 -[regulates]-> GO:0031627
GO:1904419 -[is_a]-> GO:0032205
GO:1904419 -[is_a]-> GO:1904418
GO:1904419 -[negatively_regulates]-> GO:0031627
GO:1904420 -[is_a]-> GO:0032206
GO:1904420 -[is_a]-> GO:1904418
GO:1904420 -[positively_regulates]-> GO:0031627
GO:1904421 -[is_a]-> GO:0010033
GO:1904421 -[is_a]-> GO:1901700
GO:1904422 -[is_a]-> GO:1901701
GO:1904422 -[is_a]-> GO:1904421
GO:1904423 -[is_a]-> GO:1990234
GO:1904424 -[is_a]-> GO:0051098
GO:1904424 -[regulates]-> GO:0005525
GO:1904425 -[is_a]-> GO:0051100
GO:1904425 -[is_a]-> GO:1904424
GO:1904425 -[negatively_regulates]-> GO:0005525
GO:1904426 -[is_a]-> GO:0051099
GO:1904426 -[is_a]-> GO:1904424
GO:1904426 -[positively_regulates]-> GO:0005525
GO:1904427 -[is_a]-> GO:0051928
GO:1904427 -[is_a]-> GO:1903169
GO:1904427 -[is_a]-> GO:1904064
GO:1904427 -[positively_regulates]-> GO:0070588
GO:1904428 -[is_a]-> GO:0031400
GO:1904428 -[is_a]-> GO:0090043
GO:1904428 -[negatively_regulates]-> GO:0090042
GO:1904429 -[is_a]-> GO:0032204
GO:1904429 -[regulates]-> GO:0090656
GO:1904430 -[is_a]-> GO:0032205
GO:1904430 -[is_a]-> GO:1904429
GO:1904430 -[negatively_regulates]-> GO:0090656
GO:1904431 -[is_a]-> GO:0032206
GO:1904431 -[is_a]-> GO:1904429
GO:1904431 -[positively_regulates]-> GO:0090656
GO:1904432 -[is_a]-> GO:0051098
GO:1904432 -[regulates]-> GO:0008198
GO:1904433 -[is_a]-> GO:0051100
GO:1904433 -[is_a]-> GO:1904432
GO:1904433 -[negatively_regulates]-> GO:0008198
GO:1904434 -[is_a]-> GO:0051099
GO:1904434 -[is_a]-> GO:1904432
GO:1904434 -[positively_regulates]-> GO:0008198
GO:1904435 -[is_a]-> GO:1900120
GO:1904435 -[regulates]-> GO:1990459
GO:1904436 -[is_a]-> GO:1900121
GO:1904436 -[is_a]-> GO:1904435
GO:1904436 -[negatively_regulates]-> GO:1990459
GO:1904437 -[is_a]-> GO:1900122
GO:1904437 -[is_a]-> GO:1904435
GO:1904437 -[positively_regulates]-> GO:1990459
GO:1904438 -[is_a]-> GO:0034759
GO:1904438 -[is_a]-> GO:1903989
GO:1904438 -[regulates]-> GO:0098707
GO:1904439 -[is_a]-> GO:0034760
GO:1904439 -[is_a]-> GO:1903990
GO:1904439 -[is_a]-> GO:1904438
GO:1904439 -[negatively_regulates]-> GO:0098707
GO:1904440 -[is_a]-> GO:0034761
GO:1904440 -[is_a]-> GO:1903991
GO:1904440 -[is_a]-> GO:1904438
GO:1904440 -[positively_regulates]-> GO:0098707
GO:1904441 -[is_a]-> GO:0050678
GO:1904441 -[is_a]-> GO:2000026
GO:1904441 -[regulates]-> GO:1990789
GO:1904442 -[is_a]-> GO:0050680
GO:1904442 -[is_a]-> GO:0051093
GO:1904442 -[is_a]-> GO:0051241
GO:1904442 -[is_a]-> GO:1904441
GO:1904442 -[negatively_regulates]-> GO:1990789
GO:1904443 -[is_a]-> GO:0050679
GO:1904443 -[is_a]-> GO:0051094
GO:1904443 -[is_a]-> GO:0051240
GO:1904443 -[is_a]-> GO:1904441
GO:1904443 -[positively_regulates]-> GO:1990789
GO:1904444 -[is_a]-> GO:0030856
GO:1904444 -[is_a]-> GO:0060284
GO:1904444 -[is_a]-> GO:2000018
GO:1904444 -[regulates]-> GO:0097368
GO:1904445 -[is_a]-> GO:0010721
GO:1904445 -[is_a]-> GO:0030857
GO:1904445 -[is_a]-> GO:1904444
GO:1904445 -[is_a]-> GO:2000019
GO:1904445 -[negatively_regulates]-> GO:0097368
GO:1904446 -[is_a]-> GO:0010720
GO:1904446 -[is_a]-> GO:0030858
GO:1904446 -[is_a]-> GO:1904444
GO:1904446 -[is_a]-> GO:2000020
GO:1904446 -[positively_regulates]-> GO:0097368
GO:1904447 -[is_a]-> GO:0015884
GO:1904448 -[is_a]-> GO:0044070
GO:1904448 -[is_a]-> GO:0051955
GO:1904448 -[is_a]-> GO:1903530
GO:1904448 -[regulates]-> GO:0061528
GO:1904449 -[is_a]-> GO:0051956
GO:1904449 -[is_a]-> GO:1903531
GO:1904449 -[is_a]-> GO:1903792
GO:1904449 -[is_a]-> GO:1904448
GO:1904449 -[negatively_regulates]-> GO:0061528
GO:1904450 -[is_a]-> GO:0051957
GO:1904450 -[is_a]-> GO:1903532
GO:1904450 -[is_a]-> GO:1903793
GO:1904450 -[is_a]-> GO:1904448
GO:1904450 -[positively_regulates]-> GO:0061528
GO:1904451 -[is_a]-> GO:0010155
GO:1904451 -[is_a]-> GO:0043462
GO:1904451 -[is_a]-> GO:1901016
GO:1904451 -[regulates]-> GO:0008900
GO:1904452 -[is_a]-> GO:0032780
GO:1904452 -[is_a]-> GO:1901017
GO:1904452 -[is_a]-> GO:1904451
GO:1904452 -[negatively_regulates]-> GO:0008900
GO:1904453 -[is_a]-> GO:0032781
GO:1904453 -[is_a]-> GO:1901018
GO:1904453 -[is_a]-> GO:1904451
GO:1904453 -[positively_regulates]-> GO:0008900
GO:1904454 -[is_a]-> GO:0101005
GO:1904454 -[part_of]-> GO:1904294
GO:1904455 -[is_a]-> GO:0101005
GO:1904455 -[part_of]-> GO:1904293
GO:1904456 -[is_a]-> GO:0045759
GO:1904456 -[is_a]-> GO:0051970
GO:1904456 -[is_a]-> GO:0098908
GO:1904456 -[negatively_regulates]-> GO:0019228
GO:1904457 -[is_a]-> GO:0045760
GO:1904457 -[is_a]-> GO:0051971
GO:1904457 -[is_a]-> GO:0098908
GO:1904457 -[positively_regulates]-> GO:0019228
GO:1904458 -[is_a]-> GO:0090276
GO:1904458 -[regulates]-> GO:1990772
GO:1904459 -[is_a]-> GO:0090278
GO:1904459 -[is_a]-> GO:1904458
GO:1904459 -[negatively_regulates]-> GO:1990772
GO:1904460 -[is_a]-> GO:0090277
GO:1904460 -[is_a]-> GO:1904458
GO:1904460 -[positively_regulates]-> GO:1990772
GO:1904461 -[is_a]-> GO:0008202
GO:1904461 -[is_a]-> GO:0016134
GO:1904461 -[is_a]-> GO:1901804
GO:1904462 -[is_a]-> GO:0006706
GO:1904462 -[is_a]-> GO:0016136
GO:1904462 -[is_a]-> GO:1901805
GO:1904462 -[is_a]-> GO:1904461
GO:1904463 -[is_a]-> GO:0006694
GO:1904463 -[is_a]-> GO:0016135
GO:1904463 -[is_a]-> GO:1901806
GO:1904463 -[is_a]-> GO:1904461
GO:1904464 -[is_a]-> GO:0050708
GO:1904464 -[regulates]-> GO:1990773
GO:1904465 -[is_a]-> GO:0050709
GO:1904465 -[is_a]-> GO:1904464
GO:1904465 -[negatively_regulates]-> GO:1990773
GO:1904466 -[is_a]-> GO:0050714
GO:1904466 -[is_a]-> GO:1904464
GO:1904466 -[positively_regulates]-> GO:1990773
GO:1904467 -[is_a]-> GO:0032680
GO:1904467 -[is_a]-> GO:0050707
GO:1904467 -[regulates]-> GO:1990774
GO:1904468 -[is_a]-> GO:0032720
GO:1904468 -[is_a]-> GO:0050710
GO:1904468 -[is_a]-> GO:1904467
GO:1904468 -[negatively_regulates]-> GO:1990774
GO:1904469 -[is_a]-> GO:0032760
GO:1904469 -[is_a]-> GO:0050715
GO:1904469 -[is_a]-> GO:1904467
GO:1904469 -[positively_regulates]-> GO:1990774
GO:1904470 -[is_a]-> GO:0050707
GO:1904470 -[regulates]-> GO:1990775
GO:1904471 -[is_a]-> GO:0050710
GO:1904471 -[is_a]-> GO:1904470
GO:1904471 -[negatively_regulates]-> GO:1990775
GO:1904472 -[is_a]-> GO:0050715
GO:1904472 -[is_a]-> GO:1904470
GO:1904472 -[positively_regulates]-> GO:1990775
GO:1904473 -[is_a]-> GO:0043200
GO:1904473 -[is_a]-> GO:1904386
GO:1904474 -[is_a]-> GO:0071230
GO:1904474 -[is_a]-> GO:1904387
GO:1904474 -[is_a]-> GO:1904473
GO:1904475 -[is_a]-> GO:0043393
GO:1904475 -[regulates]-> GO:0017016
GO:1904476 -[is_a]-> GO:0032091
GO:1904476 -[is_a]-> GO:1904475
GO:1904476 -[negatively_regulates]-> GO:0017016
GO:1904477 -[is_a]-> GO:0032092
GO:1904477 -[is_a]-> GO:1904475
GO:1904477 -[positively_regulates]-> GO:0017016
GO:1904478 -[is_a]-> GO:0044058
GO:1904478 -[is_a]-> GO:0051049
GO:1904478 -[regulates]-> GO:0050892
GO:1904479 -[is_a]-> GO:0051051
GO:1904479 -[is_a]-> GO:0060457
GO:1904479 -[is_a]-> GO:1904478
GO:1904479 -[negatively_regulates]-> GO:0050892
GO:1904480 -[is_a]-> GO:0051050
GO:1904480 -[is_a]-> GO:0060456
GO:1904480 -[is_a]-> GO:1904478
GO:1904480 -[positively_regulates]-> GO:0050892
GO:1904481 -[is_a]-> GO:0010033
GO:1904481 -[is_a]-> GO:1901700
GO:1904482 -[is_a]-> GO:1901701
GO:1904482 -[is_a]-> GO:1904481
GO:1904483 -[is_a]-> GO:0005488
GO:1904484 -[is_a]-> GO:0048732
GO:1904486 -[is_a]-> GO:0014070
GO:1904486 -[is_a]-> GO:0033993
GO:1904486 -[is_a]-> GO:1901700
GO:1904487 -[is_a]-> GO:0071396
GO:1904487 -[is_a]-> GO:0071407
GO:1904487 -[is_a]-> GO:1901701
GO:1904487 -[is_a]-> GO:1904486
GO:1904488 -[is_a]-> GO:0045944
GO:1904488 -[is_a]-> GO:2000377
GO:1904488 -[regulates]-> GO:0072593
GO:1904489 -[is_a]-> GO:0000122
GO:1904489 -[is_a]-> GO:2000377
GO:1904489 -[regulates]-> GO:0072593
GO:1904490 -[is_a]-> GO:0000122
GO:1904490 -[is_a]-> GO:0048585
GO:1904490 -[is_a]-> GO:0080135
GO:1904490 -[negatively_regulates]-> GO:0034514
GO:1904491 -[is_a]-> GO:0061512
GO:1904492 -[is_a]-> GO:1900750
GO:1904493 -[is_a]-> GO:0005488
GO:1904494 -[is_a]-> GO:0046928
GO:1904494 -[is_a]-> GO:1904458
GO:1904494 -[regulates]-> GO:1990793
GO:1904495 -[is_a]-> GO:0046929
GO:1904495 -[is_a]-> GO:1904459
GO:1904495 -[is_a]-> GO:1904494
GO:1904495 -[negatively_regulates]-> GO:1990793
GO:1904496 -[is_a]-> GO:0001956
GO:1904496 -[is_a]-> GO:1904460
GO:1904496 -[is_a]-> GO:1904494
GO:1904496 -[positively_regulates]-> GO:1990793
GO:1904497 -[is_a]-> GO:0070869
GO:1904497 -[part_of]-> GO:1990141
GO:1904498 -[is_a]-> GO:1990179
GO:1904498 -[part_of]-> GO:0000281
GO:1904499 -[is_a]-> GO:0006355
GO:1904499 -[is_a]-> GO:1902275
GO:1904499 -[regulates]-> GO:0048096
GO:1904500 -[is_a]-> GO:1904499
GO:1904500 -[is_a]-> GO:1905268
GO:1904500 -[negatively_regulates]-> GO:0048096
GO:1904501 -[is_a]-> GO:1904499
GO:1904501 -[is_a]-> GO:1905269
GO:1904501 -[positively_regulates]-> GO:0048096
GO:1904502 -[is_a]-> GO:0016241
GO:1904502 -[is_a]-> GO:0031329
GO:1904502 -[is_a]-> GO:0050994
GO:1904502 -[regulates]-> GO:0061724
GO:1904503 -[is_a]-> GO:0016242
GO:1904503 -[is_a]-> GO:0031330
GO:1904503 -[is_a]-> GO:0050995
GO:1904503 -[is_a]-> GO:1904502
GO:1904503 -[negatively_regulates]-> GO:0061724
GO:1904504 -[is_a]-> GO:0016239
GO:1904504 -[is_a]-> GO:0031331
GO:1904504 -[is_a]-> GO:0050996
GO:1904504 -[is_a]-> GO:1904502
GO:1904504 -[positively_regulates]-> GO:0061724
GO:1904505 -[is_a]-> GO:0032204
GO:1904505 -[is_a]-> GO:2001020
GO:1904505 -[regulates]-> GO:0043247
GO:1904506 -[is_a]-> GO:0032205
GO:1904506 -[is_a]-> GO:1904505
GO:1904506 -[is_a]-> GO:2001021
GO:1904506 -[negatively_regulates]-> GO:0043247
GO:1904507 -[is_a]-> GO:0032206
GO:1904507 -[is_a]-> GO:1904505
GO:1904507 -[is_a]-> GO:2001022
GO:1904507 -[positively_regulates]-> GO:0043247
GO:1904508 -[is_a]-> GO:1904375
GO:1904508 -[is_a]-> GO:1905475
GO:1904508 -[regulates]-> GO:1903361
GO:1904509 -[is_a]-> GO:1904376
GO:1904509 -[is_a]-> GO:1904508
GO:1904509 -[is_a]-> GO:1905476
GO:1904509 -[negatively_regulates]-> GO:1903361
GO:1904510 -[is_a]-> GO:1904377
GO:1904510 -[is_a]-> GO:1904508
GO:1904510 -[is_a]-> GO:1905477
GO:1904510 -[positively_regulates]-> GO:1903361
GO:1904511 -[is_a]-> GO:0035371
GO:1904511 -[is_a]-> GO:0044444
GO:1904511 -[part_of]-> GO:0005881
GO:1904512 -[is_a]-> GO:0030174
GO:1904512 -[is_a]-> GO:0033262
GO:1904512 -[is_a]-> GO:0051445
GO:1904512 -[regulates]-> GO:0072691
GO:1904513 -[is_a]-> GO:0032297
GO:1904513 -[is_a]-> GO:0051447
GO:1904513 -[is_a]-> GO:1902576
GO:1904513 -[is_a]-> GO:1904512
GO:1904513 -[negatively_regulates]-> GO:0072691
GO:1904514 -[is_a]-> GO:0010571
GO:1904514 -[is_a]-> GO:0032298
GO:1904514 -[is_a]-> GO:0051446
GO:1904514 -[is_a]-> GO:1904512
GO:1904514 -[positively_regulates]-> GO:0072691
GO:1904515 -[is_a]-> GO:0032008
GO:1904515 -[is_a]-> GO:1903939
GO:1904515 -[positively_regulates]-> GO:0038203
GO:1904516 -[is_a]-> GO:0006915
GO:1904517 -[is_a]-> GO:0005488
GO:1904518 -[is_a]-> GO:1904825
GO:1904519 -[is_a]-> GO:0035372
GO:1904520 -[is_a]-> GO:0042981
GO:1904520 -[regulates]-> GO:1904516
GO:1904521 -[is_a]-> GO:0043066
GO:1904521 -[is_a]-> GO:1904520
GO:1904521 -[negatively_regulates]-> GO:1904516
GO:1904522 -[is_a]-> GO:0043065
GO:1904522 -[is_a]-> GO:1904520
GO:1904522 -[positively_regulates]-> GO:1904516
GO:1904523 -[is_a]-> GO:2000278
GO:1904523 -[regulates]-> GO:0006277
GO:1904524 -[is_a]-> GO:1904523
GO:1904524 -[is_a]-> GO:2000279
GO:1904524 -[negatively_regulates]-> GO:0006277
GO:1904525 -[is_a]-> GO:1904523
GO:1904525 -[is_a]-> GO:2000573
GO:1904525 -[positively_regulates]-> GO:0006277
GO:1904526 -[is_a]-> GO:0043393
GO:1904526 -[regulates]-> GO:0008017
GO:1904527 -[is_a]-> GO:0032091
GO:1904527 -[is_a]-> GO:1904526
GO:1904527 -[negatively_regulates]-> GO:0008017
GO:1904528 -[is_a]-> GO:0032092
GO:1904528 -[is_a]-> GO:1904526
GO:1904528 -[positively_regulates]-> GO:0008017
GO:1904529 -[is_a]-> GO:1904616
GO:1904529 -[regulates]-> GO:0051015
GO:1904530 -[is_a]-> GO:1904529
GO:1904530 -[is_a]-> GO:1904617
GO:1904530 -[negatively_regulates]-> GO:0051015
GO:1904531 -[is_a]-> GO:1904529
GO:1904531 -[is_a]-> GO:1904618
GO:1904531 -[positively_regulates]-> GO:0051015
GO:1904533 -[is_a]-> GO:0032204
GO:1904533 -[regulates]-> GO:0090657
GO:1904534 -[is_a]-> GO:0032205
GO:1904534 -[is_a]-> GO:1904533
GO:1904534 -[negatively_regulates]-> GO:0090657
GO:1904535 -[is_a]-> GO:0032206
GO:1904535 -[is_a]-> GO:1904533
GO:1904535 -[positively_regulates]-> GO:0090657
GO:1904536 -[is_a]-> GO:0060341
GO:1904536 -[regulates]-> GO:0044820
GO:1904537 -[is_a]-> GO:0048519
GO:1904537 -[is_a]-> GO:1904536
GO:1904537 -[negatively_regulates]-> GO:0044820
GO:1904538 -[is_a]-> GO:0006110
GO:1904538 -[regulates]-> GO:0061615
GO:1904539 -[is_a]-> GO:0045820
GO:1904539 -[is_a]-> GO:1904538
GO:1904539 -[negatively_regulates]-> GO:0061615
GO:1904540 -[is_a]-> GO:0045821
GO:1904540 -[is_a]-> GO:1904538
GO:1904540 -[positively_regulates]-> GO:0061615
GO:1904541 -[is_a]-> GO:0044702
GO:1904541 -[is_a]-> GO:0070871
GO:1904541 -[is_a]-> GO:0071853
GO:1904541 -[part_of]-> GO:0000747
GO:1904542 -[is_a]-> GO:0010993
GO:1904542 -[is_a]-> GO:0032271
GO:1904542 -[regulates]-> GO:0010994
GO:1904543 -[is_a]-> GO:0032272
GO:1904543 -[is_a]-> GO:1904542
GO:1904543 -[negatively_regulates]-> GO:0010994
GO:1904544 -[is_a]-> GO:0032273
GO:1904544 -[is_a]-> GO:1904542
GO:1904544 -[positively_regulates]-> GO:0010994
GO:1904547 -[is_a]-> GO:0010646
GO:1904547 -[is_a]-> GO:0032107
GO:1904547 -[is_a]-> GO:0080135
GO:1904547 -[regulates]-> GO:0042149
GO:1904550 -[is_a]-> GO:0070542
GO:1904551 -[is_a]-> GO:0071398
GO:1904551 -[is_a]-> GO:1904550
GO:1904552 -[is_a]-> GO:0050920
GO:1904552 -[regulates]-> GO:0034670
GO:1904553 -[is_a]-> GO:0050922
GO:1904553 -[is_a]-> GO:1904552
GO:1904553 -[negatively_regulates]-> GO:0034670
GO:1904554 -[is_a]-> GO:0050921
GO:1904554 -[is_a]-> GO:1904552
GO:1904554 -[positively_regulates]-> GO:0034670
GO:1904555 -[is_a]-> GO:0035524
GO:1904555 -[is_a]-> GO:1902475
GO:1904556 -[is_a]-> GO:0015827
GO:1904556 -[is_a]-> GO:1902475
GO:1904557 -[is_a]-> GO:1902475
GO:1904558 -[is_a]-> GO:0010243
GO:1904558 -[is_a]-> GO:0014070
GO:1904558 -[is_a]-> GO:0045472
GO:1904559 -[is_a]-> GO:0071362
GO:1904559 -[is_a]-> GO:0071407
GO:1904559 -[is_a]-> GO:0071417
GO:1904559 -[is_a]-> GO:1904558
GO:1904560 -[is_a]-> GO:0010243
GO:1904560 -[is_a]-> GO:0014070
GO:1904560 -[is_a]-> GO:0097305
GO:1904561 -[is_a]-> GO:0071407
GO:1904561 -[is_a]-> GO:0071417
GO:1904561 -[is_a]-> GO:0097306
GO:1904561 -[is_a]-> GO:1904560
GO:1904562 -[is_a]-> GO:0046488
GO:1904563 -[is_a]-> GO:0006661
GO:1904563 -[is_a]-> GO:1904562
GO:1904564 -[is_a]-> GO:0043234
GO:1904564 -[is_a]-> GO:1904949
GO:1904564 -[is_a]-> GO:1990229
GO:1904565 -[is_a]-> GO:0033993
GO:1904565 -[is_a]-> GO:0046683
GO:1904565 -[is_a]-> GO:1901700
GO:1904566 -[is_a]-> GO:0071396
GO:1904566 -[is_a]-> GO:1901701
GO:1904566 -[is_a]-> GO:1904565
GO:1904567 -[is_a]-> GO:0014070
GO:1904567 -[is_a]-> GO:1901654
GO:1904568 -[is_a]-> GO:0071407
GO:1904568 -[is_a]-> GO:1901655
GO:1904568 -[is_a]-> GO:1904567
GO:1904569 -[is_a]-> GO:0006448
GO:1904569 -[regulates]-> GO:0001514
GO:1904570 -[is_a]-> GO:0045900
GO:1904570 -[is_a]-> GO:1904569
GO:1904570 -[negatively_regulates]-> GO:0001514
GO:1904571 -[is_a]-> GO:0045901
GO:1904571 -[is_a]-> GO:1904569
GO:1904571 -[positively_regulates]-> GO:0001514
GO:1904572 -[is_a]-> GO:1902415
GO:1904572 -[is_a]-> GO:1905215
GO:1904572 -[negatively_regulates]-> GO:0003729
GO:1904573 -[is_a]-> GO:1902415
GO:1904573 -[regulates]-> GO:0035368
GO:1904574 -[is_a]-> GO:1904572
GO:1904574 -[is_a]-> GO:1904573
GO:1904574 -[negatively_regulates]-> GO:0035368
GO:1904575 -[is_a]-> GO:1902416
GO:1904575 -[is_a]-> GO:1904573
GO:1904575 -[positively_regulates]-> GO:0035368
GO:1904576 -[is_a]-> GO:0042221
GO:1904577 -[is_a]-> GO:0070887
GO:1904577 -[is_a]-> GO:1904576
GO:1904578 -[is_a]-> GO:0014070
GO:1904578 -[is_a]-> GO:0033993
GO:1904578 -[is_a]-> GO:1901700
GO:1904579 -[is_a]-> GO:0071396
GO:1904579 -[is_a]-> GO:0071407
GO:1904579 -[is_a]-> GO:1901701
GO:1904579 -[is_a]-> GO:1904578
GO:1904580 -[is_a]-> GO:0060341
GO:1904580 -[regulates]-> GO:0008298
GO:1904581 -[is_a]-> GO:0048519
GO:1904581 -[is_a]-> GO:1904580
GO:1904581 -[negatively_regulates]-> GO:0008298
GO:1904582 -[is_a]-> GO:0048518
GO:1904582 -[is_a]-> GO:1904580
GO:1904582 -[positively_regulates]-> GO:0008298
GO:1904583 -[is_a]-> GO:0010243
GO:1904584 -[is_a]-> GO:0071417
GO:1904584 -[is_a]-> GO:1904583
GO:1904585 -[is_a]-> GO:0010243
GO:1904586 -[is_a]-> GO:0071417
GO:1904586 -[is_a]-> GO:1904585
GO:1904587 -[is_a]-> GO:0010033
GO:1904587 -[is_a]-> GO:1901700
GO:1904588 -[is_a]-> GO:1901701
GO:1904588 -[is_a]-> GO:1904587
GO:1904589 -[is_a]-> GO:0051223
GO:1904589 -[regulates]-> GO:0017038
GO:1904590 -[is_a]-> GO:0051224
GO:1904590 -[is_a]-> GO:1904589
GO:1904590 -[negatively_regulates]-> GO:0017038
GO:1904591 -[is_a]-> GO:0051222
GO:1904591 -[is_a]-> GO:1904589
GO:1904591 -[positively_regulates]-> GO:0017038
GO:1904592 -[is_a]-> GO:0061083
GO:1904592 -[is_a]-> GO:1903334
GO:1904592 -[positively_regulates]-> GO:0042026
GO:1904593 -[is_a]-> GO:1901567
GO:1904594 -[is_a]-> GO:0006357
GO:1904594 -[is_a]-> GO:0031554
GO:1904594 -[regulates]-> GO:0006369
GO:1904595 -[is_a]-> GO:0045944
GO:1904595 -[is_a]-> GO:0060566
GO:1904595 -[is_a]-> GO:1904594
GO:1904595 -[positively_regulates]-> GO:0006369
GO:1904596 -[is_a]-> GO:0050727
GO:1904596 -[is_a]-> GO:0061041
GO:1904596 -[is_a]-> GO:1905203
GO:1904596 -[regulates]-> GO:0002248
GO:1904597 -[is_a]-> GO:0050728
GO:1904597 -[is_a]-> GO:0061045
GO:1904597 -[is_a]-> GO:1904596
GO:1904597 -[is_a]-> GO:1905204
GO:1904597 -[negatively_regulates]-> GO:0002248
GO:1904598 -[is_a]-> GO:0050729
GO:1904598 -[is_a]-> GO:0090303
GO:1904598 -[is_a]-> GO:1904596
GO:1904598 -[is_a]-> GO:1905205
GO:1904598 -[positively_regulates]-> GO:0002248
GO:1904599 -[is_a]-> GO:0097367
GO:1904600 -[is_a]-> GO:0022607
GO:1904600 -[is_a]-> GO:0030036
GO:1904601 -[is_a]-> GO:1903119
GO:1904601 -[is_a]-> GO:1903260
GO:1904602 -[is_a]-> GO:0034703
GO:1904602 -[is_a]-> GO:0043235
GO:1904603 -[is_a]-> GO:0010469
GO:1904603 -[regulates]-> GO:0050785
GO:1904604 -[is_a]-> GO:0009968
GO:1904604 -[is_a]-> GO:1904603
GO:1904604 -[is_a]-> GO:2000272
GO:1904604 -[negatively_regulates]-> GO:0050785
GO:1904605 -[is_a]-> GO:0009967
GO:1904605 -[is_a]-> GO:1904603
GO:1904605 -[is_a]-> GO:2000273
GO:1904605 -[positively_regulates]-> GO:0050785
GO:1904606 -[is_a]-> GO:0006915
GO:1904608 -[is_a]-> GO:1904008
GO:1904609 -[is_a]-> GO:1904009
GO:1904609 -[is_a]-> GO:1904608
GO:1904610 -[is_a]-> GO:0014070
GO:1904611 -[is_a]-> GO:0071407
GO:1904611 -[is_a]-> GO:1904610
GO:1904612 -[is_a]-> GO:0014070
GO:1904613 -[is_a]-> GO:0071407
GO:1904613 -[is_a]-> GO:1904612
GO:1904614 -[is_a]-> GO:0014070
GO:1904615 -[is_a]-> GO:0071407
GO:1904615 -[is_a]-> GO:1904614
GO:1904616 -[is_a]-> GO:0043393
GO:1904616 -[regulates]-> GO:0003779
GO:1904617 -[is_a]-> GO:0032091
GO:1904617 -[is_a]-> GO:1904616
GO:1904617 -[negatively_regulates]-> GO:0003779
GO:1904618 -[is_a]-> GO:0032092
GO:1904618 -[is_a]-> GO:1904616
GO:1904618 -[positively_regulates]-> GO:0003779
GO:1904619 -[is_a]-> GO:0010033
GO:1904620 -[is_a]-> GO:0070887
GO:1904620 -[is_a]-> GO:1904619
GO:1904621 -[is_a]-> GO:0043462
GO:1904621 -[regulates]-> GO:0030898
GO:1904622 -[is_a]-> GO:0032780
GO:1904622 -[is_a]-> GO:1904621
GO:1904622 -[negatively_regulates]-> GO:0030898
GO:1904623 -[is_a]-> GO:0032781
GO:1904623 -[is_a]-> GO:1904621
GO:1904623 -[positively_regulates]-> GO:0030898
GO:1904624 -[is_a]-> GO:0046928
GO:1904624 -[is_a]-> GO:0051955
GO:1904624 -[is_a]-> GO:0060092
GO:1904624 -[regulates]-> GO:0061537
GO:1904625 -[is_a]-> GO:0046929
GO:1904625 -[is_a]-> GO:0051956
GO:1904625 -[is_a]-> GO:0060093
GO:1904625 -[is_a]-> GO:1904624
GO:1904625 -[negatively_regulates]-> GO:0061537
GO:1904626 -[is_a]-> GO:0001956
GO:1904626 -[is_a]-> GO:0051957
GO:1904626 -[is_a]-> GO:0060094
GO:1904626 -[is_a]-> GO:1904624
GO:1904626 -[positively_regulates]-> GO:0061537
GO:1904627 -[is_a]-> GO:0033993
GO:1904627 -[is_a]-> GO:1901700
GO:1904628 -[is_a]-> GO:0071396
GO:1904628 -[is_a]-> GO:1901701
GO:1904628 -[is_a]-> GO:1904627
GO:1904629 -[is_a]-> GO:0033993
GO:1904630 -[is_a]-> GO:0071396
GO:1904630 -[is_a]-> GO:1904629
GO:1904631 -[is_a]-> GO:1903416
GO:1904632 -[is_a]-> GO:1901701
GO:1904632 -[is_a]-> GO:1904631
GO:1904633 -[is_a]-> GO:1904035
GO:1904633 -[regulates]-> GO:1903210
GO:1904634 -[is_a]-> GO:1904036
GO:1904634 -[is_a]-> GO:1904633
GO:1904634 -[negatively_regulates]-> GO:1903210
GO:1904635 -[is_a]-> GO:1904037
GO:1904635 -[is_a]-> GO:1904633
GO:1904635 -[positively_regulates]-> GO:1903210
GO:1904636 -[is_a]-> GO:0014070
GO:1904636 -[is_a]-> GO:0045472
GO:1904636 -[is_a]-> GO:0070542
GO:1904637 -[is_a]-> GO:0071362
GO:1904637 -[is_a]-> GO:0071398
GO:1904637 -[is_a]-> GO:0071407
GO:1904637 -[is_a]-> GO:1904636
GO:1904638 -[is_a]-> GO:0035634
GO:1904638 -[is_a]-> GO:1901700
GO:1904639 -[is_a]-> GO:0071407
GO:1904639 -[is_a]-> GO:1901701
GO:1904639 -[is_a]-> GO:1904638
GO:1904640 -[is_a]-> GO:0043200
GO:1904641 -[is_a]-> GO:0014070
GO:1904641 -[is_a]-> GO:1901698
GO:1904641 -[is_a]-> GO:1901700
GO:1904642 -[is_a]-> GO:0071407
GO:1904642 -[is_a]-> GO:1901699
GO:1904642 -[is_a]-> GO:1901701
GO:1904642 -[is_a]-> GO:1904641
GO:1904643 -[is_a]-> GO:0014070
GO:1904643 -[is_a]-> GO:0045472
GO:1904643 -[is_a]-> GO:1901654
GO:1904644 -[is_a]-> GO:0071362
GO:1904644 -[is_a]-> GO:0071407
GO:1904644 -[is_a]-> GO:1901655
GO:1904644 -[is_a]-> GO:1904643
GO:1904645 -[is_a]-> GO:1901652
GO:1904646 -[is_a]-> GO:1901653
GO:1904646 -[is_a]-> GO:1904645
GO:1904647 -[is_a]-> GO:0014070
GO:1904647 -[is_a]-> GO:1901654
GO:1904648 -[is_a]-> GO:0071407
GO:1904648 -[is_a]-> GO:1901655
GO:1904648 -[is_a]-> GO:1904647
GO:1904649 -[is_a]-> GO:0042981
GO:1904649 -[regulates]-> GO:1904606
GO:1904650 -[is_a]-> GO:0043066
GO:1904650 -[is_a]-> GO:1904649
GO:1904650 -[negatively_regulates]-> GO:1904606
GO:1904651 -[is_a]-> GO:0043065
GO:1904651 -[is_a]-> GO:1904649
GO:1904651 -[positively_regulates]-> GO:1904606
GO:1904652 -[is_a]-> GO:0072741
GO:1904652 -[part_of]-> GO:0000920
GO:1904653 -[is_a]-> GO:2000026
GO:1904653 -[regulates]-> GO:0048286
GO:1904654 -[is_a]-> GO:0051093
GO:1904654 -[is_a]-> GO:0051241
GO:1904654 -[is_a]-> GO:1904653
GO:1904654 -[negatively_regulates]-> GO:0048286
GO:1904655 -[is_a]-> GO:0051094
GO:1904655 -[is_a]-> GO:0051240
GO:1904655 -[is_a]-> GO:1904653
GO:1904655 -[positively_regulates]-> GO:0048286
GO:1904656 -[is_a]-> GO:0051931
GO:1904656 -[regulates]-> GO:0050916
GO:1904657 -[is_a]-> GO:0031645
GO:1904657 -[is_a]-> GO:1904656
GO:1904657 -[negatively_regulates]-> GO:0050916
GO:1904658 -[is_a]-> GO:0031646
GO:1904658 -[is_a]-> GO:1904656
GO:1904658 -[positively_regulates]-> GO:0050916
GO:1904659 -[is_a]-> GO:0015758
GO:1904659 -[is_a]-> GO:0035428
GO:1904660 -[is_a]-> GO:0051931
GO:1904660 -[regulates]-> GO:0050913
GO:1904661 -[is_a]-> GO:0031645
GO:1904661 -[is_a]-> GO:1904660
GO:1904661 -[negatively_regulates]-> GO:0050913
GO:1904662 -[is_a]-> GO:0031646
GO:1904662 -[is_a]-> GO:1904660
GO:1904662 -[positively_regulates]-> GO:0050913
GO:1904663 -[is_a]-> GO:1901983
GO:1904663 -[regulates]-> GO:0017196
GO:1904664 -[is_a]-> GO:1901984
GO:1904664 -[is_a]-> GO:1904663
GO:1904664 -[negatively_regulates]-> GO:0017196
GO:1904665 -[is_a]-> GO:1901985
GO:1904665 -[is_a]-> GO:1904663
GO:1904665 -[positively_regulates]-> GO:0017196
GO:1904666 -[is_a]-> GO:0051438
GO:1904666 -[regulates]-> GO:0061630
GO:1904667 -[is_a]-> GO:0051444
GO:1904667 -[is_a]-> GO:1904666
GO:1904667 -[negatively_regulates]-> GO:0061630
GO:1904668 -[is_a]-> GO:0051443
GO:1904668 -[is_a]-> GO:1904666
GO:1904668 -[positively_regulates]-> GO:0061630
GO:1904669 -[is_a]-> GO:0015867
GO:1904670 -[is_a]-> GO:0030041
GO:1904670 -[is_a]-> GO:1903479
GO:1904670 -[part_of]-> GO:1903475
GO:1904671 -[is_a]-> GO:0045596
GO:1904671 -[part_of]-> GO:0019827
GO:1904672 -[is_a]-> GO:2000036
GO:1904672 -[regulates]-> GO:0035019
GO:1904673 -[is_a]-> GO:1902455
GO:1904673 -[is_a]-> GO:1904672
GO:1904673 -[negatively_regulates]-> GO:0035019
GO:1904674 -[is_a]-> GO:1902459
GO:1904674 -[is_a]-> GO:1904672
GO:1904674 -[positively_regulates]-> GO:0035019
GO:1904675 -[is_a]-> GO:2000035
GO:1904675 -[regulates]-> GO:0048103
GO:1904676 -[is_a]-> GO:0051782
GO:1904676 -[is_a]-> GO:1904675
GO:1904676 -[negatively_regulates]-> GO:0048103
GO:1904677 -[is_a]-> GO:0051781
GO:1904677 -[is_a]-> GO:1904675
GO:1904677 -[positively_regulates]-> GO:0048103
GO:1904678 -[is_a]-> GO:0003723
GO:1904679 -[is_a]-> GO:0097357
GO:1904679 -[is_a]-> GO:0098739
GO:1904680 -[is_a]-> GO:0015197
GO:1904680 -[is_a]-> GO:0042887
GO:1904681 -[is_a]-> GO:1903165
GO:1904682 -[is_a]-> GO:1903166
GO:1904682 -[is_a]-> GO:1904681
GO:1904683 -[is_a]-> GO:0052548
GO:1904683 -[is_a]-> GO:1905048
GO:1904683 -[regulates]-> GO:0004222
GO:1904684 -[is_a]-> GO:0010951
GO:1904684 -[is_a]-> GO:1904683
GO:1904684 -[is_a]-> GO:1905049
GO:1904684 -[negatively_regulates]-> GO:0004222
GO:1904685 -[is_a]-> GO:0010950
GO:1904685 -[is_a]-> GO:1904683
GO:1904685 -[is_a]-> GO:1905050
GO:1904685 -[positively_regulates]-> GO:0004222
GO:1904686 -[is_a]-> GO:0007346
GO:1904686 -[is_a]-> GO:0090224
GO:1904686 -[regulates]-> GO:0051228
GO:1904687 -[is_a]-> GO:0045931
GO:1904687 -[is_a]-> GO:0051495
GO:1904687 -[is_a]-> GO:0090068
GO:1904687 -[is_a]-> GO:1904686
GO:1904687 -[positively_regulates]-> GO:0051228
GO:1904688 -[is_a]-> GO:0006446
GO:1904688 -[is_a]-> GO:2000765
GO:1904688 -[regulates]-> GO:0002183
GO:1904689 -[is_a]-> GO:0045947
GO:1904689 -[is_a]-> GO:1904688
GO:1904689 -[is_a]-> GO:2000766
GO:1904689 -[negatively_regulates]-> GO:0002183
GO:1904690 -[is_a]-> GO:0045948
GO:1904690 -[is_a]-> GO:1904688
GO:1904690 -[is_a]-> GO:2000767
GO:1904690 -[positively_regulates]-> GO:0002183
GO:1904691 -[is_a]-> GO:0050680
GO:1904691 -[is_a]-> GO:0061469
GO:1904691 -[negatively_regulates]-> GO:0044342
GO:1904692 -[is_a]-> GO:0050679
GO:1904692 -[is_a]-> GO:0061469
GO:1904692 -[positively_regulates]-> GO:0044342
GO:1904693 -[is_a]-> GO:0009653
GO:1904693 -[part_of]-> GO:0030901
GO:1904693 -[part_of]-> GO:0048854
GO:1904694 -[is_a]-> GO:0003056
GO:1904694 -[is_a]-> GO:0045906
GO:1904694 -[is_a]-> GO:0045986
GO:1904694 -[negatively_regulates]-> GO:0014829
GO:1904695 -[is_a]-> GO:0003056
GO:1904695 -[is_a]-> GO:0045907
GO:1904695 -[is_a]-> GO:0045987
GO:1904695 -[positively_regulates]-> GO:0014829
GO:1904696 -[is_a]-> GO:0071896
GO:1904697 -[is_a]-> GO:0050678
GO:1904697 -[regulates]-> GO:1990863
GO:1904698 -[is_a]-> GO:0050680
GO:1904698 -[is_a]-> GO:1904697
GO:1904698 -[negatively_regulates]-> GO:1990863
GO:1904699 -[is_a]-> GO:0050679
GO:1904699 -[is_a]-> GO:1904697
GO:1904699 -[positively_regulates]-> GO:1990863
GO:1904700 -[is_a]-> GO:1904019
GO:1904701 -[is_a]-> GO:0006461
GO:1904702 -[is_a]-> GO:0032880
GO:1904702 -[regulates]-> GO:1904696
GO:1904703 -[is_a]-> GO:0048519
GO:1904703 -[is_a]-> GO:1904702
GO:1904703 -[negatively_regulates]-> GO:1904696
GO:1904704 -[is_a]-> GO:0048518
GO:1904704 -[is_a]-> GO:1904702
GO:1904704 -[positively_regulates]-> GO:1904696
GO:1904705 -[is_a]-> GO:0048660
GO:1904705 -[regulates]-> GO:1990874
GO:1904706 -[is_a]-> GO:0048662
GO:1904706 -[is_a]-> GO:1904705
GO:1904706 -[negatively_regulates]-> GO:1990874
GO:1904707 -[is_a]-> GO:0048661
GO:1904707 -[is_a]-> GO:1904705
GO:1904707 -[positively_regulates]-> GO:1990874
GO:1904708 -[is_a]-> GO:1904035
GO:1904708 -[regulates]-> GO:1904700
GO:1904709 -[is_a]-> GO:1904036
GO:1904709 -[is_a]-> GO:1904708
GO:1904709 -[negatively_regulates]-> GO:1904700
GO:1904710 -[is_a]-> GO:1904037
GO:1904710 -[is_a]-> GO:1904708
GO:1904710 -[positively_regulates]-> GO:1904700
GO:1904711 -[is_a]-> GO:0043254
GO:1904711 -[regulates]-> GO:1904701
GO:1904712 -[is_a]-> GO:0031334
GO:1904712 -[is_a]-> GO:1904711
GO:1904712 -[positively_regulates]-> GO:1904701
GO:1904713 -[is_a]-> GO:0032403
GO:1904714 -[is_a]-> GO:0010506
GO:1904714 -[regulates]-> GO:0061684
GO:1904715 -[is_a]-> GO:0010507
GO:1904715 -[is_a]-> GO:1904714
GO:1904715 -[negatively_regulates]-> GO:0061684
GO:1904716 -[is_a]-> GO:0010508
GO:1904716 -[is_a]-> GO:1904714
GO:1904716 -[positively_regulates]-> GO:0061684
GO:1904717 -[is_a]-> GO:1901626
GO:1904717 -[is_a]-> GO:1903909
GO:1904717 -[regulates]-> GO:0097113
GO:1904718 -[is_a]-> GO:1901627
GO:1904718 -[is_a]-> GO:1903910
GO:1904718 -[is_a]-> GO:1904717
GO:1904718 -[negatively_regulates]-> GO:0097113
GO:1904719 -[is_a]-> GO:1901628
GO:1904719 -[is_a]-> GO:1903911
GO:1904719 -[is_a]-> GO:1904717
GO:1904719 -[positively_regulates]-> GO:0097113
GO:1904720 -[is_a]-> GO:0031437
GO:1904720 -[is_a]-> GO:0043484
GO:1904720 -[is_a]-> GO:0050684
GO:1904720 -[is_a]-> GO:1903894
GO:1904720 -[regulates]-> GO:0070055
GO:1904721 -[is_a]-> GO:0031438
GO:1904721 -[is_a]-> GO:0033119
GO:1904721 -[is_a]-> GO:0050686
GO:1904721 -[is_a]-> GO:1903895
GO:1904721 -[is_a]-> GO:1904720
GO:1904721 -[negatively_regulates]-> GO:0070055
GO:1904722 -[is_a]-> GO:0031439
GO:1904722 -[is_a]-> GO:0033120
GO:1904722 -[is_a]-> GO:0050685
GO:1904722 -[is_a]-> GO:1903896
GO:1904722 -[is_a]-> GO:1904720
GO:1904722 -[positively_regulates]-> GO:0070055
GO:1904723 -[is_a]-> GO:0031333
GO:1904723 -[is_a]-> GO:1904711
GO:1904723 -[negatively_regulates]-> GO:1904701
GO:1904724 -[is_a]-> GO:0044433
GO:1904724 -[is_a]-> GO:0070013
GO:1904724 -[part_of]-> GO:0070820
GO:1904725 -[is_a]-> GO:0001093
GO:1904725 -[part_of]-> GO:0045892
GO:1904726 -[is_a]-> GO:0090342
GO:1904726 -[regulates]-> GO:0090399
GO:1904727 -[is_a]-> GO:0090344
GO:1904727 -[is_a]-> GO:1904726
GO:1904727 -[negatively_regulates]-> GO:0090399
GO:1904728 -[is_a]-> GO:0090343
GO:1904728 -[is_a]-> GO:1904726
GO:1904728 -[positively_regulates]-> GO:0090399
GO:1904729 -[is_a]-> GO:0032368
GO:1904729 -[is_a]-> GO:1904478
GO:1904729 -[regulates]-> GO:0098856
GO:1904730 -[is_a]-> GO:0032369
GO:1904730 -[is_a]-> GO:1904479
GO:1904730 -[is_a]-> GO:1904729
GO:1904730 -[negatively_regulates]-> GO:0098856
GO:1904731 -[is_a]-> GO:0032370
GO:1904731 -[is_a]-> GO:1904480
GO:1904731 -[is_a]-> GO:1904729
GO:1904731 -[positively_regulates]-> GO:0098856
GO:1904732 -[is_a]-> GO:0065009
GO:1904732 -[regulates]-> GO:0009055
GO:1904733 -[is_a]-> GO:0044092
GO:1904733 -[is_a]-> GO:1904732
GO:1904733 -[negatively_regulates]-> GO:0009055
GO:1904734 -[is_a]-> GO:0044093
GO:1904734 -[is_a]-> GO:1904732
GO:1904734 -[positively_regulates]-> GO:0009055
GO:1904735 -[is_a]-> GO:0031998
GO:1904735 -[regulates]-> GO:0033539
GO:1904736 -[is_a]-> GO:0031999
GO:1904736 -[is_a]-> GO:1904735
GO:1904736 -[negatively_regulates]-> GO:0033539
GO:1904737 -[is_a]-> GO:0032000
GO:1904737 -[is_a]-> GO:1904735
GO:1904737 -[positively_regulates]-> GO:0033539
GO:1904738 -[is_a]-> GO:0014909
GO:1904739 -[is_a]-> GO:0010608
GO:1904739 -[is_a]-> GO:0050807
GO:1904739 -[regulates]-> GO:0050808
GO:1904740 -[is_a]-> GO:0006366
GO:1904740 -[is_a]-> GO:1900436
GO:1904740 -[positively_regulates]-> GO:0036170
GO:1904741 -[is_a]-> GO:0045944
GO:1904741 -[is_a]-> GO:1900436
GO:1904741 -[positively_regulates]-> GO:0036170
GO:1904742 -[is_a]-> GO:0051101
GO:1904742 -[regulates]-> GO:0042162
GO:1904743 -[is_a]-> GO:0043392
GO:1904743 -[is_a]-> GO:1904742
GO:1904743 -[negatively_regulates]-> GO:0042162
GO:1904744 -[is_a]-> GO:0043388
GO:1904744 -[is_a]-> GO:1904742
GO:1904744 -[positively_regulates]-> GO:0042162
GO:1904745 -[is_a]-> GO:0006461
GO:1904746 -[is_a]-> GO:0043066
GO:1904746 -[is_a]-> GO:0051093
GO:1904746 -[is_a]-> GO:1904748
GO:1904746 -[negatively_regulates]-> GO:1902742
GO:1904747 -[is_a]-> GO:0043065
GO:1904747 -[is_a]-> GO:0051094
GO:1904747 -[is_a]-> GO:1904748
GO:1904747 -[positively_regulates]-> GO:1902742
GO:1904748 -[is_a]-> GO:0042981
GO:1904748 -[is_a]-> GO:0050793
GO:1904748 -[regulates]-> GO:1902742
GO:1904749 -[is_a]-> GO:1900180
GO:1904749 -[regulates]-> GO:1902570
GO:1904750 -[is_a]-> GO:1900181
GO:1904750 -[is_a]-> GO:1904749
GO:1904750 -[negatively_regulates]-> GO:1902570
GO:1904751 -[is_a]-> GO:1900182
GO:1904751 -[is_a]-> GO:1904749
GO:1904751 -[positively_regulates]-> GO:1902570
GO:1904752 -[is_a]-> GO:0014910
GO:1904752 -[regulates]-> GO:1904738
GO:1904753 -[is_a]-> GO:0014912
GO:1904753 -[is_a]-> GO:1904752
GO:1904753 -[negatively_regulates]-> GO:1904738
GO:1904754 -[is_a]-> GO:0014911
GO:1904754 -[is_a]-> GO:1904752
GO:1904754 -[positively_regulates]-> GO:1904738
GO:1904755 -[is_a]-> GO:1902115
GO:1904755 -[regulates]-> GO:1902900
GO:1904756 -[is_a]-> GO:1902116
GO:1904756 -[is_a]-> GO:1904755
GO:1904756 -[negatively_regulates]-> GO:1902900
GO:1904757 -[is_a]-> GO:1902117
GO:1904757 -[is_a]-> GO:1904755
GO:1904757 -[positively_regulates]-> GO:1902900
GO:1904758 -[is_a]-> GO:1902486
GO:1904759 -[is_a]-> GO:0072741
GO:1904759 -[is_a]-> GO:1905508
GO:1904760 -[is_a]-> GO:0045595
GO:1904760 -[regulates]-> GO:0036446
GO:1904761 -[is_a]-> GO:0045596
GO:1904761 -[is_a]-> GO:1904760
GO:1904761 -[negatively_regulates]-> GO:0036446
GO:1904762 -[is_a]-> GO:0045597
GO:1904762 -[is_a]-> GO:1904760
GO:1904762 -[positively_regulates]-> GO:0036446
GO:1904763 -[is_a]-> GO:0065003
GO:1904764 -[is_a]-> GO:0032984
GO:1904765 -[is_a]-> GO:1901522
GO:1904765 -[part_of]-> GO:0071328
GO:1904766 -[is_a]-> GO:0016242
GO:1904766 -[is_a]-> GO:0038202
GO:1904766 -[negatively_regulates]-> GO:0016236
GO:1904767 -[is_a]-> GO:0008289
GO:1904767 -[is_a]-> GO:0043177
GO:1904768 -[is_a]-> GO:0019841
GO:1904769 -[is_a]-> GO:0008289
GO:1904769 -[is_a]-> GO:0043177
GO:1904770 -[is_a]-> GO:0060349
GO:1904772 -[is_a]-> GO:0010033
GO:1904774 -[is_a]-> GO:0010795
GO:1904774 -[is_a]-> GO:0031327
GO:1904774 -[is_a]-> GO:0051198
GO:1904774 -[negatively_regulates]-> GO:0006744
GO:1904775 -[is_a]-> GO:0010795
GO:1904775 -[is_a]-> GO:0031328
GO:1904775 -[is_a]-> GO:0051197
GO:1904775 -[positively_regulates]-> GO:0006744
GO:1904776 -[is_a]-> GO:1904375
GO:1904776 -[regulates]-> GO:0072697
GO:1904777 -[is_a]-> GO:1904376
GO:1904777 -[is_a]-> GO:1904776
GO:1904777 -[negatively_regulates]-> GO:0072697
GO:1904778 -[is_a]-> GO:1904377
GO:1904778 -[is_a]-> GO:1904776
GO:1904778 -[positively_regulates]-> GO:0072697
GO:1904779 -[is_a]-> GO:1903827
GO:1904779 -[regulates]-> GO:0071539
GO:1904780 -[is_a]-> GO:1903828
GO:1904780 -[is_a]-> GO:1904779
GO:1904780 -[negatively_regulates]-> GO:0071539
GO:1904781 -[is_a]-> GO:1903829
GO:1904781 -[is_a]-> GO:1904779
GO:1904781 -[positively_regulates]-> GO:0071539
GO:1904782 -[is_a]-> GO:0032413
GO:1904782 -[is_a]-> GO:1900450
GO:1904782 -[is_a]-> GO:2000272
GO:1904782 -[is_a]-> GO:2000310
GO:1904782 -[negatively_regulates]-> GO:0004972
GO:1904783 -[is_a]-> GO:0032414
GO:1904783 -[is_a]-> GO:1900451
GO:1904783 -[is_a]-> GO:2000273
GO:1904783 -[is_a]-> GO:2000310
GO:1904783 -[positively_regulates]-> GO:0004972
GO:1904784 -[is_a]-> GO:0006461
GO:1904785 -[is_a]-> GO:0010453
GO:1904785 -[is_a]-> GO:0032880
GO:1904785 -[regulates]-> GO:0045167
GO:1904786 -[is_a]-> GO:0010454
GO:1904786 -[is_a]-> GO:1904785
GO:1904786 -[negatively_regulates]-> GO:0045167
GO:1904787 -[is_a]-> GO:0010455
GO:1904787 -[is_a]-> GO:1904785
GO:1904787 -[positively_regulates]-> GO:0045167
GO:1904788 -[is_a]-> GO:1900237
GO:1904788 -[is_a]-> GO:1900406
GO:1904788 -[positively_regulates]-> GO:0010514
GO:1904789 -[is_a]-> GO:0051128
GO:1904789 -[is_a]-> GO:1903436
GO:1904789 -[regulates]-> GO:1902406
GO:1904790 -[is_a]-> GO:0044087
GO:1904790 -[is_a]-> GO:0051128
GO:1904790 -[regulates]-> GO:0071573
GO:1904791 -[is_a]-> GO:0051129
GO:1904791 -[is_a]-> GO:1904790
GO:1904791 -[negatively_regulates]-> GO:0071573
GO:1904792 -[is_a]-> GO:0044089
GO:1904792 -[is_a]-> GO:0051130
GO:1904792 -[is_a]-> GO:1904790
GO:1904792 -[positively_regulates]-> GO:0071573
GO:1904793 -[is_a]-> GO:0035561
GO:1904793 -[regulates]-> GO:1990188
GO:1904794 -[is_a]-> GO:0035562
GO:1904794 -[is_a]-> GO:1904793
GO:1904794 -[negatively_regulates]-> GO:1990188
GO:1904795 -[is_a]-> GO:0035563
GO:1904795 -[is_a]-> GO:1904793
GO:1904795 -[positively_regulates]-> GO:1990188
GO:1904796 -[is_a]-> GO:2000677
GO:1904796 -[regulates]-> GO:0001047
GO:1904797 -[is_a]-> GO:1904796
GO:1904797 -[is_a]-> GO:2000678
GO:1904797 -[negatively_regulates]-> GO:0001047
GO:1904798 -[is_a]-> GO:1904796
GO:1904798 -[is_a]-> GO:2000679
GO:1904798 -[positively_regulates]-> GO:0001047
GO:1904799 -[is_a]-> GO:0014041
GO:1904799 -[regulates]-> GO:0016322
GO:1904800 -[is_a]-> GO:0014043
GO:1904800 -[is_a]-> GO:1904799
GO:1904800 -[negatively_regulates]-> GO:0016322
GO:1904801 -[is_a]-> GO:0014042
GO:1904801 -[is_a]-> GO:1904799
GO:1904801 -[positively_regulates]-> GO:0016322
GO:1904802 -[is_a]-> GO:0022618
GO:1904803 -[is_a]-> GO:0006417
GO:1904803 -[part_of]-> GO:0034644
GO:1904804 -[is_a]-> GO:0010243
GO:1904804 -[is_a]-> GO:0014070
GO:1904804 -[is_a]-> GO:0097305
GO:1904805 -[is_a]-> GO:0071407
GO:1904805 -[is_a]-> GO:0071417
GO:1904805 -[is_a]-> GO:0097306
GO:1904805 -[is_a]-> GO:1904804
GO:1904806 -[is_a]-> GO:0031399
GO:1904806 -[regulates]-> GO:0018158
GO:1904807 -[is_a]-> GO:0031400
GO:1904807 -[is_a]-> GO:1904806
GO:1904807 -[negatively_regulates]-> GO:0018158
GO:1904808 -[is_a]-> GO:0031401
GO:1904808 -[is_a]-> GO:1904806
GO:1904808 -[positively_regulates]-> GO:0018158
GO:1904809 -[is_a]-> GO:1903649
GO:1904809 -[regulates]-> GO:1901950
GO:1904810 -[is_a]-> GO:1903650
GO:1904810 -[is_a]-> GO:1904809
GO:1904810 -[negatively_regulates]-> GO:1901950
GO:1904811 -[is_a]-> GO:1903651
GO:1904811 -[is_a]-> GO:1904809
GO:1904811 -[positively_regulates]-> GO:1901950
GO:1904812 -[is_a]-> GO:1990882
GO:1904812 -[part_of]-> GO:0030490
GO:1904813 -[is_a]-> GO:0044433
GO:1904813 -[is_a]-> GO:0070013
GO:1904813 -[part_of]-> GO:0101002
GO:1904814 -[is_a]-> GO:1903827
GO:1904814 -[regulates]-> GO:0070198
GO:1904815 -[is_a]-> GO:1903828
GO:1904815 -[is_a]-> GO:1904814
GO:1904815 -[negatively_regulates]-> GO:0070198
GO:1904816 -[is_a]-> GO:1903829
GO:1904816 -[is_a]-> GO:1904814
GO:1904816 -[positively_regulates]-> GO:0070198
GO:1904817 -[is_a]-> GO:0048856
GO:1904818 -[is_a]-> GO:0048856
GO:1904818 -[part_of]-> GO:1904820
GO:1904819 -[is_a]-> GO:0048856
GO:1904819 -[part_of]-> GO:1904820
GO:1904820 -[is_a]-> GO:1904817
GO:1904821 -[is_a]-> GO:0009658
GO:1904821 -[is_a]-> GO:1903008
GO:1904822 -[is_a]-> GO:0061630
GO:1904822 -[part_of]-> GO:1904821
GO:1904823 -[is_a]-> GO:0006863
GO:1904823 -[is_a]-> GO:0072530
GO:1904824 -[is_a]-> GO:0065003
GO:1904825 -[is_a]-> GO:0035372
GO:1904826 -[is_a]-> GO:0031326
GO:1904826 -[is_a]-> GO:0042762
GO:1904826 -[regulates]-> GO:0070814
GO:1904827 -[is_a]-> GO:0031327
GO:1904827 -[is_a]-> GO:0051175
GO:1904827 -[is_a]-> GO:1904826
GO:1904827 -[negatively_regulates]-> GO:0070814
GO:1904828 -[is_a]-> GO:0031328
GO:1904828 -[is_a]-> GO:0051176
GO:1904828 -[is_a]-> GO:1904826
GO:1904828 -[positively_regulates]-> GO:0070814
GO:1904829 -[is_a]-> GO:1905063
GO:1904829 -[regulates]-> GO:0035887
GO:1904830 -[is_a]-> GO:1904829
GO:1904830 -[is_a]-> GO:1905064
GO:1904830 -[negatively_regulates]-> GO:0035887
GO:1904831 -[is_a]-> GO:1904829
GO:1904831 -[is_a]-> GO:1905065
GO:1904831 -[positively_regulates]-> GO:0035887
GO:1904832 -[is_a]-> GO:1900408
GO:1904832 -[is_a]-> GO:1901032
GO:1904832 -[is_a]-> GO:2000121
GO:1904832 -[is_a]-> GO:2000378
GO:1904832 -[negatively_regulates]-> GO:0019430
GO:1904833 -[is_a]-> GO:1900409
GO:1904833 -[is_a]-> GO:1901033
GO:1904833 -[is_a]-> GO:2000121
GO:1904833 -[is_a]-> GO:2000379
GO:1904833 -[positively_regulates]-> GO:0019430
GO:1904834 -[is_a]-> GO:0000790
GO:1904835 -[is_a]-> GO:0061552
GO:1904835 -[part_of]-> GO:1990791
GO:1904836 -[is_a]-> GO:0061559
GO:1904836 -[part_of]-> GO:1903375
GO:1904837 -[is_a]-> GO:0006461
GO:1904838 -[is_a]-> GO:0009786
GO:1904838 -[is_a]-> GO:0043900
GO:1904838 -[is_a]-> GO:0051239
GO:1904838 -[is_a]-> GO:0060284
GO:1904838 -[is_a]-> GO:2000035
GO:1904838 -[is_a]-> GO:2000241
GO:1904838 -[regulates]-> GO:0048133
GO:1904839 -[is_a]-> GO:0010721
GO:1904839 -[is_a]-> GO:0043901
GO:1904839 -[is_a]-> GO:0045769
GO:1904839 -[is_a]-> GO:0051241
GO:1904839 -[is_a]-> GO:1904838
GO:1904839 -[is_a]-> GO:2000242
GO:1904839 -[negatively_regulates]-> GO:0048133
GO:1904840 -[is_a]-> GO:0010720
GO:1904840 -[is_a]-> GO:0043902
GO:1904840 -[is_a]-> GO:0045770
GO:1904840 -[is_a]-> GO:0051240
GO:1904840 -[is_a]-> GO:1904838
GO:1904840 -[is_a]-> GO:2000243
GO:1904840 -[positively_regulates]-> GO:0048133
GO:1904841 -[is_a]-> GO:0032403
GO:1904842 -[is_a]-> GO:0010033
GO:1904842 -[is_a]-> GO:0042493
GO:1904842 -[is_a]-> GO:1901698
GO:1904842 -[is_a]-> GO:1901700
GO:1904843 -[is_a]-> GO:0035690
GO:1904843 -[is_a]-> GO:1901699
GO:1904843 -[is_a]-> GO:1901701
GO:1904843 -[is_a]-> GO:1904842
GO:1904844 -[is_a]-> GO:0043200
GO:1904845 -[is_a]-> GO:0071230
GO:1904845 -[is_a]-> GO:1904844
GO:1904846 -[is_a]-> GO:0048523
GO:1904846 -[is_a]-> GO:0061172
GO:1904846 -[negatively_regulates]-> GO:0061171
GO:1904847 -[is_a]-> GO:0030334
GO:1904847 -[is_a]-> GO:0050920
GO:1904847 -[is_a]-> GO:0090287
GO:1904847 -[regulates]-> GO:0035766
GO:1904848 -[is_a]-> GO:0030336
GO:1904848 -[is_a]-> GO:0050922
GO:1904848 -[is_a]-> GO:0090288
GO:1904848 -[is_a]-> GO:1904847
GO:1904848 -[negatively_regulates]-> GO:0035766
GO:1904849 -[is_a]-> GO:0030335
GO:1904849 -[is_a]-> GO:0050921
GO:1904849 -[is_a]-> GO:1904847
GO:1904849 -[positively_regulates]-> GO:0035766
GO:1904850 -[is_a]-> GO:0070203
GO:1904850 -[is_a]-> GO:1904815
GO:1904850 -[is_a]-> GO:1904950
GO:1904850 -[negatively_regulates]-> GO:0070200
GO:1904851 -[is_a]-> GO:0070203
GO:1904851 -[is_a]-> GO:1904816
GO:1904851 -[is_a]-> GO:1904951
GO:1904851 -[positively_regulates]-> GO:0070200
GO:1904852 -[is_a]-> GO:1990204
GO:1904853 -[is_a]-> GO:1990778
GO:1904854 -[is_a]-> GO:0032403
GO:1904855 -[is_a]-> GO:0032403
GO:1904856 -[is_a]-> GO:0005775
GO:1904856 -[is_a]-> GO:0060205
GO:1904856 -[part_of]-> GO:0044194
GO:1904857 -[is_a]-> GO:0030334
GO:1904857 -[is_a]-> GO:0050920
GO:1904857 -[is_a]-> GO:1902547
GO:1904857 -[regulates]-> GO:0090668
GO:1904858 -[is_a]-> GO:0030336
GO:1904858 -[is_a]-> GO:0050922
GO:1904858 -[is_a]-> GO:1902548
GO:1904858 -[is_a]-> GO:1904857
GO:1904858 -[negatively_regulates]-> GO:0090668
GO:1904859 -[is_a]-> GO:0030335
GO:1904859 -[is_a]-> GO:0050921
GO:1904859 -[is_a]-> GO:1904857
GO:1904859 -[positively_regulates]-> GO:0090668
GO:1904860 -[is_a]-> GO:0090592
GO:1904860 -[is_a]-> GO:1903047
GO:1904860 -[part_of]-> GO:1902969
GO:1904861 -[is_a]-> GO:0007416
GO:1904862 -[is_a]-> GO:0007416
GO:1904863 -[is_a]-> GO:0043254
GO:1904863 -[regulates]-> GO:1904837
GO:1904864 -[is_a]-> GO:0031333
GO:1904864 -[is_a]-> GO:1904863
GO:1904864 -[negatively_regulates]-> GO:1904837
GO:1904865 -[is_a]-> GO:0031334
GO:1904865 -[is_a]-> GO:1904863
GO:1904865 -[positively_regulates]-> GO:1904837
GO:1904866 -[is_a]-> GO:0048856
GO:1904866 -[part_of]-> GO:0030901
GO:1904867 -[is_a]-> GO:1903405
GO:1904868 -[is_a]-> GO:1905323
GO:1904869 -[is_a]-> GO:1900180
GO:1904869 -[regulates]-> GO:1904867
GO:1904870 -[is_a]-> GO:1900181
GO:1904870 -[is_a]-> GO:1904869
GO:1904870 -[negatively_regulates]-> GO:1904867
GO:1904871 -[is_a]-> GO:1900182
GO:1904871 -[is_a]-> GO:1904869
GO:1904871 -[positively_regulates]-> GO:1904867
GO:1904872 -[is_a]-> GO:0032879
GO:1904872 -[regulates]-> GO:0090671
GO:1904873 -[is_a]-> GO:0048519
GO:1904873 -[is_a]-> GO:1904872
GO:1904873 -[negatively_regulates]-> GO:0090671
GO:1904874 -[is_a]-> GO:0048518
GO:1904874 -[is_a]-> GO:1904872
GO:1904874 -[positively_regulates]-> GO:0090671
GO:1904875 -[is_a]-> GO:0051105
GO:1904875 -[is_a]-> GO:0051340
GO:1904875 -[regulates]-> GO:0003909
GO:1904876 -[is_a]-> GO:0051107
GO:1904876 -[is_a]-> GO:0051352
GO:1904876 -[is_a]-> GO:1904875
GO:1904876 -[negatively_regulates]-> GO:0003909
GO:1904877 -[is_a]-> GO:0051106
GO:1904877 -[is_a]-> GO:0051351
GO:1904877 -[is_a]-> GO:1904875
GO:1904877 -[positively_regulates]-> GO:0003909
GO:1904878 -[is_a]-> GO:1902514
GO:1904878 -[is_a]-> GO:1903170
GO:1904878 -[negatively_regulates]-> GO:0061577
GO:1904879 -[is_a]-> GO:1902514
GO:1904879 -[is_a]-> GO:1904427
GO:1904879 -[positively_regulates]-> GO:0061577
GO:1904880 -[is_a]-> GO:0001101
GO:1904880 -[is_a]-> GO:0010035
GO:1904881 -[is_a]-> GO:0071229
GO:1904881 -[is_a]-> GO:1904880
GO:1904882 -[is_a]-> GO:0044087
GO:1904882 -[is_a]-> GO:0051128
GO:1904882 -[regulates]-> GO:1904868
GO:1904883 -[is_a]-> GO:0051129
GO:1904883 -[is_a]-> GO:1904882
GO:1904883 -[negatively_regulates]-> GO:1904868
GO:1904884 -[is_a]-> GO:0044089
GO:1904884 -[is_a]-> GO:0051130
GO:1904884 -[is_a]-> GO:1904882
GO:1904884 -[positively_regulates]-> GO:1904868
GO:1904885 -[is_a]-> GO:0006461
GO:1904886 -[is_a]-> GO:0043241
GO:1904886 -[part_of]-> GO:0060070
GO:1904887 -[is_a]-> GO:0006461
GO:1904888 -[is_a]-> GO:0048856
GO:1904889 -[is_a]-> GO:0051963
GO:1904889 -[regulates]-> GO:1904861
GO:1904890 -[is_a]-> GO:0051964
GO:1904890 -[is_a]-> GO:1904889
GO:1904890 -[negatively_regulates]-> GO:1904861
GO:1904891 -[is_a]-> GO:0051965
GO:1904891 -[is_a]-> GO:1904889
GO:1904891 -[positively_regulates]-> GO:1904861
GO:1904892 -[is_a]-> GO:1902531
GO:1904892 -[regulates]-> GO:0097696
GO:1904893 -[is_a]-> GO:1902532
GO:1904893 -[is_a]-> GO:1904892
GO:1904893 -[negatively_regulates]-> GO:0097696
GO:1904894 -[is_a]-> GO:1902533
GO:1904894 -[is_a]-> GO:1904892
GO:1904894 -[positively_regulates]-> GO:0097696
GO:1904895 -[is_a]-> GO:0006461
GO:1904896 -[is_a]-> GO:0043241
GO:1904897 -[is_a]-> GO:0048145
GO:1904897 -[regulates]-> GO:1990922
GO:1904898 -[is_a]-> GO:0048147
GO:1904898 -[is_a]-> GO:1904897
GO:1904898 -[negatively_regulates]-> GO:1990922
GO:1904899 -[is_a]-> GO:0048146
GO:1904899 -[is_a]-> GO:1904897
GO:1904899 -[positively_regulates]-> GO:1990922
GO:1904900 -[is_a]-> GO:0043519
GO:1904900 -[is_a]-> GO:0051494
GO:1904900 -[negatively_regulates]-> GO:0031038
GO:1904901 -[is_a]-> GO:0043519
GO:1904901 -[is_a]-> GO:0051495
GO:1904901 -[positively_regulates]-> GO:0031038
GO:1904902 -[is_a]-> GO:1904895
GO:1904903 -[is_a]-> GO:1904896
GO:1904904 -[is_a]-> GO:0001952
GO:1904904 -[regulates]-> GO:0090674
GO:1904905 -[is_a]-> GO:0001953
GO:1904905 -[is_a]-> GO:1904904
GO:1904905 -[negatively_regulates]-> GO:0090674
GO:1904906 -[is_a]-> GO:0001954
GO:1904906 -[is_a]-> GO:1904904
GO:1904906 -[positively_regulates]-> GO:0090674
GO:1904907 -[is_a]-> GO:0034182
GO:1904907 -[regulates]-> GO:0099403
GO:1904908 -[is_a]-> GO:0034183
GO:1904908 -[is_a]-> GO:1904907
GO:1904908 -[negatively_regulates]-> GO:0099403
GO:1904909 -[is_a]-> GO:0034184
GO:1904909 -[is_a]-> GO:1904907
GO:1904909 -[positively_regulates]-> GO:0099403
GO:1904910 -[is_a]-> GO:0032879
GO:1904910 -[regulates]-> GO:0097694
GO:1904911 -[is_a]-> GO:0048519
GO:1904911 -[is_a]-> GO:1904910
GO:1904911 -[negatively_regulates]-> GO:0097694
GO:1904912 -[is_a]-> GO:0048518
GO:1904912 -[is_a]-> GO:1904910
GO:1904912 -[positively_regulates]-> GO:0097694
GO:1904913 -[is_a]-> GO:0060341
GO:1904913 -[regulates]-> GO:0097695
GO:1904914 -[is_a]-> GO:0048519
GO:1904914 -[is_a]-> GO:1904913
GO:1904914 -[negatively_regulates]-> GO:0097695
GO:1904915 -[is_a]-> GO:0048518
GO:1904915 -[is_a]-> GO:1904913
GO:1904915 -[positively_regulates]-> GO:0097695
GO:1904916 -[is_a]-> GO:0007041
GO:1904916 -[is_a]-> GO:1903401
GO:1904917 -[is_a]-> GO:0007041
GO:1904917 -[is_a]-> GO:1903400
GO:1904918 -[is_a]-> GO:0007041
GO:1904918 -[is_a]-> GO:0089709
GO:1904919 -[is_a]-> GO:0007041
GO:1904919 -[is_a]-> GO:0015811
GO:1904919 -[is_a]-> GO:1902475
GO:1904920 -[is_a]-> GO:0043408
GO:1904920 -[is_a]-> GO:0048679
GO:1904920 -[regulates]-> GO:1903616
GO:1904921 -[is_a]-> GO:0043409
GO:1904921 -[is_a]-> GO:0048681
GO:1904921 -[is_a]-> GO:1904920
GO:1904921 -[negatively_regulates]-> GO:1903616
GO:1904922 -[is_a]-> GO:0043410
GO:1904922 -[is_a]-> GO:0048680
GO:1904922 -[is_a]-> GO:1904920
GO:1904922 -[positively_regulates]-> GO:1903616
GO:1904923 -[is_a]-> GO:0080135
GO:1904923 -[is_a]-> GO:1901524
GO:1904923 -[regulates]-> GO:0098779
GO:1904924 -[is_a]-> GO:0048585
GO:1904924 -[is_a]-> GO:1901525
GO:1904924 -[is_a]-> GO:1904923
GO:1904924 -[negatively_regulates]-> GO:0098779
GO:1904925 -[is_a]-> GO:0048584
GO:1904925 -[is_a]-> GO:1901526
GO:1904925 -[is_a]-> GO:1904923
GO:1904925 -[positively_regulates]-> GO:0098779
GO:1904926 -[is_a]-> GO:0070542
GO:1904927 -[is_a]-> GO:0071398
GO:1904927 -[is_a]-> GO:1904926
GO:1904928 -[is_a]-> GO:0071936
GO:1904928 -[part_of]-> GO:0060070
GO:1904929 -[is_a]-> GO:0071936
GO:1904929 -[part_of]-> GO:0060071
GO:1904930 -[is_a]-> GO:0000421
GO:1904931 -[is_a]-> GO:0032403
GO:1904932 -[is_a]-> GO:0061037
GO:1904932 -[is_a]-> GO:1902026
GO:1904932 -[negatively_regulates]-> GO:0001502
GO:1904933 -[is_a]-> GO:0051960
GO:1904933 -[is_a]-> GO:2000177
GO:1904933 -[regulates]-> GO:0033278
GO:1904934 -[is_a]-> GO:0051961
GO:1904934 -[is_a]-> GO:1904933
GO:1904934 -[is_a]-> GO:2000178
GO:1904934 -[negatively_regulates]-> GO:0033278
GO:1904935 -[is_a]-> GO:0051962
GO:1904935 -[is_a]-> GO:1904933
GO:1904935 -[is_a]-> GO:2000179
GO:1904935 -[positively_regulates]-> GO:0033278
GO:1904936 -[is_a]-> GO:0001764
GO:1904937 -[is_a]-> GO:0001764
GO:1904938 -[is_a]-> GO:0060071
GO:1904938 -[part_of]-> GO:0007411
GO:1904939 -[is_a]-> GO:0051338
GO:1904939 -[regulates]-> GO:0003912
GO:1904940 -[is_a]-> GO:0051348
GO:1904940 -[is_a]-> GO:1904939
GO:1904940 -[negatively_regulates]-> GO:0003912
GO:1904941 -[is_a]-> GO:0051347
GO:1904941 -[is_a]-> GO:1904939
GO:1904941 -[positively_regulates]-> GO:0003912
GO:1904942 -[is_a]-> GO:1901210
GO:1904942 -[is_a]-> GO:1904412
GO:1904942 -[regulates]-> GO:0003211
GO:1904943 -[is_a]-> GO:1901211
GO:1904943 -[is_a]-> GO:1904413
GO:1904943 -[is_a]-> GO:1904942
GO:1904943 -[negatively_regulates]-> GO:0003211
GO:1904944 -[is_a]-> GO:1901212
GO:1904944 -[is_a]-> GO:1904414
GO:1904944 -[is_a]-> GO:1904942
GO:1904944 -[positively_regulates]-> GO:0003211
GO:1904947 -[is_a]-> GO:0006839
GO:1904947 -[is_a]-> GO:0015884
GO:1904948 -[is_a]-> GO:0021953
GO:1904948 -[is_a]-> GO:0071542
GO:1904948 -[part_of]-> GO:0030901
GO:1904949 -[is_a]-> GO:1902494
GO:1904950 -[is_a]-> GO:0048519
GO:1904950 -[is_a]-> GO:0070201
GO:1904950 -[negatively_regulates]-> GO:0045184
GO:1904951 -[is_a]-> GO:0048518
GO:1904951 -[is_a]-> GO:0070201
GO:1904951 -[positively_regulates]-> GO:0045184
GO:1904952 -[is_a]-> GO:0015849
GO:1904953 -[is_a]-> GO:0016055
GO:1904953 -[part_of]-> GO:1904948
GO:1904954 -[is_a]-> GO:0060070
GO:1904954 -[is_a]-> GO:1904953
GO:1904954 -[part_of]-> GO:1904948
GO:1904955 -[is_a]-> GO:0060071
GO:1904955 -[is_a]-> GO:1905438
GO:1904955 -[part_of]-> GO:1904948
GO:1904956 -[is_a]-> GO:1904338
GO:1904956 -[regulates]-> GO:1904948
GO:1904957 -[is_a]-> GO:1904339
GO:1904957 -[is_a]-> GO:1904956
GO:1904957 -[negatively_regulates]-> GO:1904948
GO:1904958 -[is_a]-> GO:1904340
GO:1904958 -[is_a]-> GO:1904956
GO:1904958 -[positively_regulates]-> GO:1904948
GO:1904959 -[is_a]-> GO:0010155
GO:1904959 -[is_a]-> GO:0032412
GO:1904959 -[is_a]-> GO:0051341
GO:1904959 -[is_a]-> GO:1904062
GO:1904959 -[is_a]-> GO:1904732
GO:1904959 -[regulates]-> GO:0004129
GO:1904960 -[is_a]-> GO:0032414
GO:1904960 -[is_a]-> GO:0051353
GO:1904960 -[is_a]-> GO:1904064
GO:1904960 -[is_a]-> GO:1904734
GO:1904960 -[is_a]-> GO:1904959
GO:1904960 -[positively_regulates]-> GO:0004129
GO:1904961 -[is_a]-> GO:0048532
GO:1904962 -[is_a]-> GO:0007034
GO:1904962 -[is_a]-> GO:0016192
GO:1904962 -[is_a]-> GO:0016482
GO:1904962 -[occurs_in]-> GO:0005829
GO:1904963 -[is_a]-> GO:0019747
GO:1904963 -[is_a]-> GO:0031326
GO:1904963 -[is_a]-> GO:0046890
GO:1904963 -[is_a]-> GO:1902930
GO:1904963 -[regulates]-> GO:0033520
GO:1904964 -[is_a]-> GO:0031328
GO:1904964 -[is_a]-> GO:0045828
GO:1904964 -[is_a]-> GO:0046889
GO:1904964 -[is_a]-> GO:1902932
GO:1904964 -[is_a]-> GO:1904963
GO:1904964 -[positively_regulates]-> GO:0033520
GO:1904965 -[is_a]-> GO:0030656
GO:1904965 -[is_a]-> GO:0031326
GO:1904965 -[regulates]-> GO:0010189
GO:1904966 -[is_a]-> GO:0031328
GO:1904966 -[is_a]-> GO:0046136
GO:1904966 -[is_a]-> GO:1904965
GO:1904966 -[positively_regulates]-> GO:0010189
GO:1904967 -[is_a]-> GO:0051988
GO:1904967 -[is_a]-> GO:0060629
GO:1904967 -[regulates]-> GO:0051455
GO:1904968 -[is_a]-> GO:0051987
GO:1904968 -[is_a]-> GO:0060903
GO:1904968 -[is_a]-> GO:1904967
GO:1904968 -[positively_regulates]-> GO:0051455
GO:1904969 -[is_a]-> GO:0014812
GO:1904970 -[is_a]-> GO:0022607
GO:1904971 -[is_a]-> GO:0006417
GO:1904971 -[is_a]-> GO:1903900
GO:1904971 -[regulates]-> GO:0019081
GO:1904972 -[is_a]-> GO:0017148
GO:1904972 -[is_a]-> GO:1903901
GO:1904972 -[is_a]-> GO:1904971
GO:1904972 -[negatively_regulates]-> GO:0019081
GO:1904973 -[is_a]-> GO:0045727
GO:1904973 -[is_a]-> GO:1903902
GO:1904973 -[is_a]-> GO:1904971
GO:1904973 -[positively_regulates]-> GO:0019081
GO:1904974 -[is_a]-> GO:1902494
GO:1904975 -[is_a]-> GO:1901652
GO:1904976 -[is_a]-> GO:1901653
GO:1904976 -[is_a]-> GO:1904975
GO:1904977 -[is_a]-> GO:0043542
GO:1904977 -[part_of]-> GO:0036303
GO:1904978 -[is_a]-> GO:0033043
GO:1904978 -[regulates]-> GO:0007032
GO:1904979 -[is_a]-> GO:0010639
GO:1904979 -[is_a]-> GO:1904978
GO:1904979 -[negatively_regulates]-> GO:0007032
GO:1904980 -[is_a]-> GO:0010638
GO:1904980 -[is_a]-> GO:1904978
GO:1904980 -[positively_regulates]-> GO:0007032
GO:1904981 -[is_a]-> GO:0015768
GO:1904981 -[is_a]-> GO:0034219
GO:1904982 -[is_a]-> GO:0015770
GO:1904982 -[is_a]-> GO:0034219
GO:1904983 -[is_a]-> GO:1902475
GO:1904983 -[is_a]-> GO:1990542
GO:1904984 -[is_a]-> GO:0031326
GO:1904984 -[regulates]-> GO:0019805
GO:1904985 -[is_a]-> GO:0031327
GO:1904985 -[is_a]-> GO:1904984
GO:1904985 -[negatively_regulates]-> GO:0019805
GO:1904986 -[is_a]-> GO:0031328
GO:1904986 -[is_a]-> GO:1904984
GO:1904986 -[positively_regulates]-> GO:0019805
GO:1904987 -[is_a]-> GO:0050865
GO:1904987 -[regulates]-> GO:0042118
GO:1904988 -[is_a]-> GO:0050866
GO:1904988 -[is_a]-> GO:1904987
GO:1904988 -[negatively_regulates]-> GO:0042118
GO:1904989 -[is_a]-> GO:0050867
GO:1904989 -[is_a]-> GO:1904987
GO:1904989 -[positively_regulates]-> GO:0042118
GO:1904990 -[is_a]-> GO:0060159
GO:1904990 -[regulates]-> GO:0007195
GO:1904991 -[is_a]-> GO:0060160
GO:1904991 -[is_a]-> GO:1904990
GO:1904991 -[negatively_regulates]-> GO:0007195
GO:1904992 -[is_a]-> GO:0060161
GO:1904992 -[is_a]-> GO:1904990
GO:1904992 -[positively_regulates]-> GO:0007195
GO:1904994 -[is_a]-> GO:1903037
GO:1904994 -[regulates]-> GO:0061756
GO:1904995 -[is_a]-> GO:1903038
GO:1904995 -[is_a]-> GO:1904994
GO:1904995 -[negatively_regulates]-> GO:0061756
GO:1904996 -[is_a]-> GO:1903039
GO:1904996 -[is_a]-> GO:1904994
GO:1904996 -[positively_regulates]-> GO:0061756
GO:1904997 -[is_a]-> GO:1904994
GO:1904997 -[regulates]-> GO:0061757
GO:1904998 -[is_a]-> GO:1904995
GO:1904998 -[is_a]-> GO:1904997
GO:1904998 -[negatively_regulates]-> GO:0061757
GO:1904999 -[is_a]-> GO:1904996
GO:1904999 -[is_a]-> GO:1904997
GO:1904999 -[positively_regulates]-> GO:0061757
GO:1905000 -[is_a]-> GO:0060372
GO:1905000 -[is_a]-> GO:0098910
GO:1905000 -[is_a]-> GO:1905031
GO:1905000 -[regulates]-> GO:0098914
GO:1905001 -[is_a]-> GO:1903948
GO:1905001 -[is_a]-> GO:1905000
GO:1905001 -[is_a]-> GO:1905032
GO:1905001 -[negatively_regulates]-> GO:0098914
GO:1905002 -[is_a]-> GO:1903949
GO:1905002 -[is_a]-> GO:1905000
GO:1905002 -[is_a]-> GO:1905033
GO:1905002 -[positively_regulates]-> GO:0098914
GO:1905003 -[is_a]-> GO:0006082
GO:1905003 -[is_a]-> GO:0006725
GO:1905003 -[is_a]-> GO:0072524
GO:1905004 -[is_a]-> GO:0016053
GO:1905004 -[is_a]-> GO:0019438
GO:1905004 -[is_a]-> GO:0072525
GO:1905004 -[is_a]-> GO:1905003
GO:1905005 -[is_a]-> GO:0010717
GO:1905005 -[is_a]-> GO:2000826
GO:1905005 -[regulates]-> GO:0003198
GO:1905006 -[is_a]-> GO:0010719
GO:1905006 -[is_a]-> GO:1905005
GO:1905006 -[negatively_regulates]-> GO:0003198
GO:1905007 -[is_a]-> GO:0010718
GO:1905007 -[is_a]-> GO:1905005
GO:1905007 -[positively_regulates]-> GO:0003198
GO:1905008 -[is_a]-> GO:0010805
GO:1905008 -[regulates]-> GO:1903410
GO:1905009 -[is_a]-> GO:0010806
GO:1905009 -[is_a]-> GO:1905008
GO:1905009 -[negatively_regulates]-> GO:1903410
GO:1905010 -[is_a]-> GO:0051957
GO:1905010 -[is_a]-> GO:1905008
GO:1905010 -[positively_regulates]-> GO:1903410
GO:1905011 -[is_a]-> GO:0007034
GO:1905011 -[is_a]-> GO:0035435
GO:1905012 -[is_a]-> GO:0030808
GO:1905012 -[is_a]-> GO:0090357
GO:1905012 -[is_a]-> GO:1902688
GO:1905012 -[regulates]-> GO:0034354
GO:1905013 -[is_a]-> GO:0030809
GO:1905013 -[is_a]-> GO:0033239
GO:1905013 -[is_a]-> GO:1902689
GO:1905013 -[is_a]-> GO:1905012
GO:1905013 -[negatively_regulates]-> GO:0034354
GO:1905014 -[is_a]-> GO:0030810
GO:1905014 -[is_a]-> GO:0090358
GO:1905014 -[is_a]-> GO:1902690
GO:1905014 -[is_a]-> GO:1905012
GO:1905014 -[positively_regulates]-> GO:0034354
GO:1905015 -[is_a]-> GO:1903630
GO:1905015 -[regulates]-> GO:0004822
GO:1905016 -[is_a]-> GO:1903631
GO:1905016 -[is_a]-> GO:1905015
GO:1905016 -[negatively_regulates]-> GO:0004822
GO:1905017 -[is_a]-> GO:1903632
GO:1905017 -[is_a]-> GO:1905015
GO:1905017 -[positively_regulates]-> GO:0004822
GO:1905018 -[is_a]-> GO:1903630
GO:1905018 -[regulates]-> GO:0004825
GO:1905019 -[is_a]-> GO:1903631
GO:1905019 -[is_a]-> GO:1905018
GO:1905019 -[negatively_regulates]-> GO:0004825
GO:1905020 -[is_a]-> GO:1903632
GO:1905020 -[is_a]-> GO:1905018
GO:1905020 -[positively_regulates]-> GO:0004825
GO:1905021 -[is_a]-> GO:1903630
GO:1905021 -[regulates]-> GO:0004829
GO:1905022 -[is_a]-> GO:1903631
GO:1905022 -[is_a]-> GO:1905021
GO:1905022 -[negatively_regulates]-> GO:0004829
GO:1905023 -[is_a]-> GO:1903632
GO:1905023 -[is_a]-> GO:1905021
GO:1905023 -[positively_regulates]-> GO:0004829
GO:1905024 -[is_a]-> GO:0060307
GO:1905024 -[is_a]-> GO:0098911
GO:1905024 -[is_a]-> GO:1905031
GO:1905024 -[regulates]-> GO:0098915
GO:1905025 -[is_a]-> GO:1903946
GO:1905025 -[is_a]-> GO:1905024
GO:1905025 -[is_a]-> GO:1905032
GO:1905025 -[negatively_regulates]-> GO:0098915
GO:1905026 -[is_a]-> GO:1903947
GO:1905026 -[is_a]-> GO:1905024
GO:1905026 -[is_a]-> GO:1905033
GO:1905026 -[positively_regulates]-> GO:0098915
GO:1905027 -[is_a]-> GO:0098904
GO:1905027 -[is_a]-> GO:1900825
GO:1905027 -[regulates]-> GO:0086045
GO:1905028 -[is_a]-> GO:1900826
GO:1905028 -[is_a]-> GO:1903950
GO:1905028 -[is_a]-> GO:1905027
GO:1905028 -[negatively_regulates]-> GO:0086045
GO:1905029 -[is_a]-> GO:1900827
GO:1905029 -[is_a]-> GO:1903951
GO:1905029 -[is_a]-> GO:1905027
GO:1905029 -[positively_regulates]-> GO:0086045
GO:1905030 -[is_a]-> GO:0005244
GO:1905030 -[part_of]-> GO:0060078
GO:1905031 -[is_a]-> GO:0098901
GO:1905031 -[is_a]-> GO:0098903
GO:1905031 -[is_a]-> GO:0099623
GO:1905031 -[regulates]-> GO:0086013
GO:1905032 -[is_a]-> GO:0034766
GO:1905032 -[is_a]-> GO:0045759
GO:1905032 -[is_a]-> GO:1905031
GO:1905032 -[negatively_regulates]-> GO:0086013
GO:1905033 -[is_a]-> GO:0034767
GO:1905033 -[is_a]-> GO:0045760
GO:1905033 -[is_a]-> GO:1905031
GO:1905033 -[positively_regulates]-> GO:0086013
GO:1905034 -[is_a]-> GO:0045088
GO:1905034 -[is_a]-> GO:1900150
GO:1905034 -[regulates]-> GO:0061760
GO:1905035 -[is_a]-> GO:0002832
GO:1905035 -[is_a]-> GO:0032102
GO:1905035 -[is_a]-> GO:0043901
GO:1905035 -[is_a]-> GO:0045824
GO:1905035 -[is_a]-> GO:1905034
GO:1905035 -[negatively_regulates]-> GO:0061760
GO:1905036 -[is_a]-> GO:0002833
GO:1905036 -[is_a]-> GO:0032103
GO:1905036 -[is_a]-> GO:0043902
GO:1905036 -[is_a]-> GO:0045089
GO:1905036 -[is_a]-> GO:1905034
GO:1905036 -[positively_regulates]-> GO:0061760
GO:1905037 -[is_a]-> GO:0007033
GO:1905037 -[part_of]-> GO:0016236
GO:1905038 -[is_a]-> GO:0019216
GO:1905038 -[is_a]-> GO:0031323
GO:1905038 -[regulates]-> GO:0006643
GO:1905039 -[is_a]-> GO:1903825
GO:1905040 -[is_a]-> GO:0071696
GO:1905041 -[is_a]-> GO:0048638
GO:1905041 -[is_a]-> GO:0061041
GO:1905041 -[regulates]-> GO:1990399
GO:1905042 -[is_a]-> GO:0048640
GO:1905042 -[is_a]-> GO:0061045
GO:1905042 -[is_a]-> GO:1905041
GO:1905042 -[negatively_regulates]-> GO:1990399
GO:1905043 -[is_a]-> GO:0048639
GO:1905043 -[is_a]-> GO:0090303
GO:1905043 -[is_a]-> GO:1905041
GO:1905043 -[positively_regulates]-> GO:1990399
GO:1905044 -[is_a]-> GO:0010624
GO:1905044 -[is_a]-> GO:0048679
GO:1905044 -[regulates]-> GO:0014011
GO:1905045 -[is_a]-> GO:0010626
GO:1905045 -[is_a]-> GO:0048681
GO:1905045 -[is_a]-> GO:1905044
GO:1905045 -[negatively_regulates]-> GO:0014011
GO:1905046 -[is_a]-> GO:0010625
GO:1905046 -[is_a]-> GO:0048680
GO:1905046 -[is_a]-> GO:1905044
GO:1905046 -[positively_regulates]-> GO:0014011
GO:1905047 -[is_a]-> GO:0051300
GO:1905048 -[is_a]-> GO:0052547
GO:1905048 -[regulates]-> GO:0008237
GO:1905049 -[is_a]-> GO:0010466
GO:1905049 -[is_a]-> GO:1905048
GO:1905049 -[negatively_regulates]-> GO:0008237
GO:1905050 -[is_a]-> GO:0010952
GO:1905050 -[is_a]-> GO:1905048
GO:1905050 -[positively_regulates]-> GO:0008237
GO:1905051 -[is_a]-> GO:0006282
GO:1905051 -[regulates]-> GO:0006284
GO:1905052 -[is_a]-> GO:0045738
GO:1905052 -[is_a]-> GO:1905051
GO:1905052 -[negatively_regulates]-> GO:0006284
GO:1905053 -[is_a]-> GO:0045739
GO:1905053 -[is_a]-> GO:1905051
GO:1905053 -[positively_regulates]-> GO:0006284
GO:1905054 -[is_a]-> GO:0048763
GO:1905054 -[part_of]-> GO:0099509
GO:1905055 -[is_a]-> GO:0015368
GO:1905055 -[part_of]-> GO:0099509
GO:1905056 -[is_a]-> GO:0005388
GO:1905056 -[part_of]-> GO:0099509
GO:1905057 -[is_a]-> GO:0099511
GO:1905057 -[part_of]-> GO:0099566
GO:1905058 -[is_a]-> GO:0048763
GO:1905058 -[part_of]-> GO:0099566
GO:1905059 -[is_a]-> GO:0005388
GO:1905059 -[part_of]-> GO:0099566
GO:1905060 -[is_a]-> GO:0015368
GO:1905060 -[part_of]-> GO:0099566
GO:1905061 -[is_a]-> GO:0003264
GO:1905061 -[is_a]-> GO:2000137
GO:1905061 -[negatively_regulates]-> GO:0003263
GO:1905062 -[is_a]-> GO:0003264
GO:1905062 -[is_a]-> GO:2000138
GO:1905062 -[positively_regulates]-> GO:0003263
GO:1905063 -[is_a]-> GO:0051150
GO:1905063 -[is_a]-> GO:1901342
GO:1905063 -[regulates]-> GO:0035886
GO:1905064 -[is_a]-> GO:0051151
GO:1905064 -[is_a]-> GO:1901343
GO:1905064 -[is_a]-> GO:1905063
GO:1905064 -[negatively_regulates]-> GO:0035886
GO:1905065 -[is_a]-> GO:0051152
GO:1905065 -[is_a]-> GO:1904018
GO:1905065 -[is_a]-> GO:1905063
GO:1905065 -[positively_regulates]-> GO:0035886
GO:1905066 -[is_a]-> GO:0003307
GO:1905066 -[is_a]-> GO:0060828
GO:1905066 -[regulates]-> GO:0061316
GO:1905067 -[is_a]-> GO:0003308
GO:1905067 -[is_a]-> GO:0090090
GO:1905067 -[is_a]-> GO:1905066
GO:1905067 -[negatively_regulates]-> GO:0061316
GO:1905068 -[is_a]-> GO:0051094
GO:1905068 -[is_a]-> GO:0051240
GO:1905068 -[is_a]-> GO:0090263
GO:1905068 -[is_a]-> GO:1905066
GO:1905068 -[positively_regulates]-> GO:0061316
GO:1905069 -[is_a]-> GO:1903867
GO:1905070 -[is_a]-> GO:0016477
GO:1905071 -[is_a]-> GO:0022411
GO:1905071 -[is_a]-> GO:0045216
GO:1905072 -[is_a]-> GO:0009888
GO:1905073 -[is_a]-> GO:0051128
GO:1905073 -[regulates]-> GO:1905071
GO:1905074 -[is_a]-> GO:0051129
GO:1905074 -[is_a]-> GO:1905073
GO:1905074 -[negatively_regulates]-> GO:1905071
GO:1905075 -[is_a]-> GO:0051130
GO:1905075 -[is_a]-> GO:1905073
GO:1905075 -[positively_regulates]-> GO:1905071
GO:1905076 -[is_a]-> GO:0032660
GO:1905076 -[is_a]-> GO:0050707
GO:1905076 -[regulates]-> GO:0072615
GO:1905077 -[is_a]-> GO:0032700
GO:1905077 -[is_a]-> GO:0050710
GO:1905077 -[is_a]-> GO:1905076
GO:1905077 -[negatively_regulates]-> GO:0072615
GO:1905078 -[is_a]-> GO:0032740
GO:1905078 -[is_a]-> GO:0050715
GO:1905078 -[is_a]-> GO:1905076
GO:1905078 -[positively_regulates]-> GO:0072615
GO:1905079 -[is_a]-> GO:0045664
GO:1905079 -[regulates]-> GO:0098749
GO:1905080 -[is_a]-> GO:0045665
GO:1905080 -[is_a]-> GO:1905079
GO:1905080 -[negatively_regulates]-> GO:0098749
GO:1905081 -[is_a]-> GO:0045666
GO:1905081 -[is_a]-> GO:1905079
GO:1905081 -[positively_regulates]-> GO:0098749
GO:1905082 -[is_a]-> GO:0006448
GO:1905082 -[is_a]-> GO:0070129
GO:1905082 -[regulates]-> GO:0070125
GO:1905083 -[is_a]-> GO:0045900
GO:1905083 -[is_a]-> GO:0070130
GO:1905083 -[is_a]-> GO:1905082
GO:1905083 -[negatively_regulates]-> GO:0070125
GO:1905084 -[is_a]-> GO:0045901
GO:1905084 -[is_a]-> GO:0070131
GO:1905084 -[is_a]-> GO:1905082
GO:1905084 -[positively_regulates]-> GO:0070125
GO:1905085 -[is_a]-> GO:0031323
GO:1905085 -[regulates]-> GO:0008218
GO:1905086 -[is_a]-> GO:0031324
GO:1905086 -[is_a]-> GO:1905085
GO:1905086 -[negatively_regulates]-> GO:0008218
GO:1905087 -[is_a]-> GO:0031325
GO:1905087 -[is_a]-> GO:1905085
GO:1905087 -[positively_regulates]-> GO:0008218
GO:1905088 -[is_a]-> GO:0044089
GO:1905088 -[is_a]-> GO:0051984
GO:1905088 -[is_a]-> GO:0060903
GO:1905088 -[is_a]-> GO:0090173
GO:1905088 -[is_a]-> GO:2001252
GO:1905088 -[positively_regulates]-> GO:0007130
GO:1905089 -[is_a]-> GO:1904923
GO:1905089 -[regulates]-> GO:0061734
GO:1905090 -[is_a]-> GO:1904924
GO:1905090 -[is_a]-> GO:1905089
GO:1905090 -[negatively_regulates]-> GO:0061734
GO:1905091 -[is_a]-> GO:1904925
GO:1905091 -[is_a]-> GO:1905089
GO:1905091 -[positively_regulates]-> GO:0061734
GO:1905092 -[is_a]-> GO:0036314
GO:1905092 -[is_a]-> GO:0097305
GO:1905093 -[is_a]-> GO:0036315
GO:1905093 -[is_a]-> GO:0097306
GO:1905093 -[is_a]-> GO:1905092
GO:1905094 -[is_a]-> GO:0009966
GO:1905094 -[regulates]-> GO:0038027
GO:1905095 -[is_a]-> GO:0009968
GO:1905095 -[is_a]-> GO:1905094
GO:1905095 -[negatively_regulates]-> GO:0038027
GO:1905096 -[is_a]-> GO:0009967
GO:1905096 -[is_a]-> GO:1905094
GO:1905096 -[positively_regulates]-> GO:0038027
GO:1905097 -[is_a]-> GO:0043087
GO:1905097 -[is_a]-> GO:0050789
GO:1905097 -[is_a]-> GO:0051098
GO:1905097 -[regulates]-> GO:0005085
GO:1905098 -[is_a]-> GO:0044092
GO:1905098 -[is_a]-> GO:0048519
GO:1905098 -[is_a]-> GO:0051099
GO:1905098 -[is_a]-> GO:1905097
GO:1905098 -[negatively_regulates]-> GO:0005085
GO:1905099 -[is_a]-> GO:0044093
GO:1905099 -[is_a]-> GO:0048518
GO:1905099 -[is_a]-> GO:1905097
GO:1905099 -[positively_regulates]-> GO:0005085
GO:1905100 -[is_a]-> GO:0043254
GO:1905100 -[is_a]-> GO:2001233
GO:1905100 -[regulates]-> GO:0097314
GO:1905101 -[is_a]-> GO:0031333
GO:1905101 -[is_a]-> GO:1905100
GO:1905101 -[is_a]-> GO:2001234
GO:1905101 -[negatively_regulates]-> GO:0097314
GO:1905102 -[is_a]-> GO:0031334
GO:1905102 -[is_a]-> GO:1905100
GO:1905102 -[is_a]-> GO:2001235
GO:1905102 -[positively_regulates]-> GO:0097314
GO:1905103 -[is_a]-> GO:0031166
GO:1905103 -[part_of]-> GO:0005765
GO:1905108 -[is_a]-> GO:0032550
GO:1905109 -[is_a]-> GO:0060312
GO:1905109 -[regulates]-> GO:0101010
GO:1905110 -[is_a]-> GO:0060313
GO:1905110 -[is_a]-> GO:1905109
GO:1905110 -[negatively_regulates]-> GO:0101010
GO:1905111 -[is_a]-> GO:1905109
GO:1905111 -[is_a]-> GO:2000504
GO:1905111 -[positively_regulates]-> GO:0101010
GO:1905112 -[is_a]-> GO:0007346
GO:1905112 -[is_a]-> GO:1903827
GO:1905112 -[regulates]-> GO:0072766
GO:1905113 -[is_a]-> GO:0045931
GO:1905113 -[is_a]-> GO:1903829
GO:1905113 -[is_a]-> GO:1905112
GO:1905113 -[positively_regulates]-> GO:0072766
GO:1905114 -[is_a]-> GO:0007166
GO:1905114 -[part_of]-> GO:0007267
GO:1905115 -[is_a]-> GO:1902423
GO:1905115 -[regulates]-> GO:0099607
GO:1905116 -[is_a]-> GO:1902425
GO:1905116 -[is_a]-> GO:1905115
GO:1905116 -[positively_regulates]-> GO:0099607
GO:1905117 -[is_a]-> GO:0051341
GO:1905117 -[regulates]-> GO:0061731
GO:1905118 -[is_a]-> GO:0051353
GO:1905118 -[is_a]-> GO:1905117
GO:1905118 -[positively_regulates]-> GO:0061731
GO:1905119 -[is_a]-> GO:0010243
GO:1905119 -[is_a]-> GO:0014070
GO:1905119 -[is_a]-> GO:0097305
GO:1905119 -[is_a]-> GO:1901654
GO:1905120 -[is_a]-> GO:0071407
GO:1905120 -[is_a]-> GO:0071417
GO:1905120 -[is_a]-> GO:0097306
GO:1905120 -[is_a]-> GO:1901655
GO:1905120 -[is_a]-> GO:1905119
GO:1905121 -[is_a]-> GO:0051012
GO:1905121 -[is_a]-> GO:1903047
GO:1905121 -[part_of]-> GO:0000022
GO:1905122 -[is_a]-> GO:0015846
GO:1905123 -[is_a]-> GO:0051336
GO:1905123 -[regulates]-> GO:0004348
GO:1905124 -[is_a]-> GO:0051346
GO:1905124 -[is_a]-> GO:1905123
GO:1905124 -[negatively_regulates]-> GO:0004348
GO:1905125 -[is_a]-> GO:0051345
GO:1905125 -[is_a]-> GO:1905123
GO:1905125 -[positively_regulates]-> GO:0004348
GO:1905126 -[is_a]-> GO:0033157
GO:1905126 -[is_a]-> GO:0060632
GO:1905126 -[regulates]-> GO:0099640
GO:1905127 -[is_a]-> GO:0051271
GO:1905127 -[is_a]-> GO:0090317
GO:1905127 -[is_a]-> GO:1905126
GO:1905127 -[negatively_regulates]-> GO:0099640
GO:1905128 -[is_a]-> GO:0051272
GO:1905128 -[is_a]-> GO:0090316
GO:1905128 -[is_a]-> GO:1905126
GO:1905128 -[positively_regulates]-> GO:0099640
GO:1905129 -[is_a]-> GO:0071926
GO:1905129 -[part_of]-> GO:0099542
GO:1905130 -[is_a]-> GO:0042886
GO:1905130 -[is_a]-> GO:0045117
GO:1905130 -[is_a]-> GO:0072337
GO:1905130 -[is_a]-> GO:0098739
GO:1905131 -[is_a]-> GO:0042887
GO:1905131 -[is_a]-> GO:0072349
GO:1905131 -[is_a]-> GO:1901474
GO:1905132 -[is_a]-> GO:0040020
GO:1905132 -[is_a]-> GO:0051983
GO:1905132 -[regulates]-> GO:0051307
GO:1905133 -[is_a]-> GO:0045835
GO:1905133 -[is_a]-> GO:0051985
GO:1905133 -[is_a]-> GO:1905132
GO:1905133 -[negatively_regulates]-> GO:0051307
GO:1905134 -[is_a]-> GO:0045836
GO:1905134 -[is_a]-> GO:0051984
GO:1905134 -[is_a]-> GO:1905132
GO:1905134 -[positively_regulates]-> GO:0051307
GO:1905135 -[is_a]-> GO:0044756
GO:1905135 -[is_a]-> GO:0098739
GO:1905135 -[is_a]-> GO:1905039
GO:1905136 -[is_a]-> GO:0044757
GO:1905136 -[is_a]-> GO:0098739
GO:1905136 -[is_a]-> GO:1905039
GO:1905137 -[is_a]-> GO:0033044
GO:1905137 -[is_a]-> GO:0044087
GO:1905137 -[is_a]-> GO:1903900
GO:1905137 -[regulates]-> GO:0098035
GO:1905138 -[is_a]-> GO:0044089
GO:1905138 -[is_a]-> GO:1903902
GO:1905138 -[is_a]-> GO:1905137
GO:1905138 -[is_a]-> GO:2001252
GO:1905138 -[positively_regulates]-> GO:0098035
GO:1905139 -[is_a]-> GO:0048646
GO:1905139 -[part_of]-> GO:0035107
GO:1905140 -[is_a]-> GO:0022603
GO:1905140 -[is_a]-> GO:2000026
GO:1905140 -[regulates]-> GO:1905139
GO:1905141 -[is_a]-> GO:0051093
GO:1905141 -[is_a]-> GO:0051241
GO:1905141 -[is_a]-> GO:1905140
GO:1905141 -[negatively_regulates]-> GO:1905139
GO:1905142 -[is_a]-> GO:0051094
GO:1905142 -[is_a]-> GO:0051240
GO:1905142 -[is_a]-> GO:1905140
GO:1905142 -[positively_regulates]-> GO:1905139
GO:1905143 -[is_a]-> GO:0006461
GO:1905144 -[is_a]-> GO:0010033
GO:1905144 -[is_a]-> GO:0060359
GO:1905144 -[is_a]-> GO:1901700
GO:1905145 -[is_a]-> GO:0071242
GO:1905145 -[is_a]-> GO:1901701
GO:1905145 -[is_a]-> GO:1905144
GO:1905146 -[is_a]-> GO:0007039
GO:1905146 -[occurs_in]-> GO:0005764
GO:1905147 -[is_a]-> GO:0014743
GO:1905147 -[is_a]-> GO:0043502
GO:1905147 -[regulates]-> GO:0014895
GO:1905148 -[is_a]-> GO:0014741
GO:1905148 -[is_a]-> GO:0014745
GO:1905148 -[is_a]-> GO:1905147
GO:1905148 -[negatively_regulates]-> GO:0014895
GO:1905149 -[is_a]-> GO:0014742
GO:1905149 -[is_a]-> GO:0014744
GO:1905149 -[is_a]-> GO:1905147
GO:1905149 -[positively_regulates]-> GO:0014895
GO:1905150 -[is_a]-> GO:0042391
GO:1905150 -[is_a]-> GO:2000649
GO:1905150 -[is_a]-> GO:2001257
GO:1905150 -[regulates]-> GO:0005248
GO:1905151 -[is_a]-> GO:1905150
GO:1905151 -[is_a]-> GO:2000650
GO:1905151 -[is_a]-> GO:2001258
GO:1905151 -[negatively_regulates]-> GO:0005248
GO:1905152 -[is_a]-> GO:1905150
GO:1905152 -[is_a]-> GO:2000651
GO:1905152 -[is_a]-> GO:2001259
GO:1905152 -[positively_regulates]-> GO:0005248
GO:1905153 -[is_a]-> GO:0051128
GO:1905153 -[regulates]-> GO:0010324
GO:1905154 -[is_a]-> GO:0051129
GO:1905154 -[is_a]-> GO:1905153
GO:1905154 -[negatively_regulates]-> GO:0010324
GO:1905155 -[is_a]-> GO:0051130
GO:1905155 -[is_a]-> GO:1905153
GO:1905155 -[positively_regulates]-> GO:0010324
GO:1905156 -[is_a]-> GO:0010109
GO:1905156 -[is_a]-> GO:0031324
GO:1905156 -[negatively_regulates]-> GO:0015979
GO:1905157 -[is_a]-> GO:0010109
GO:1905157 -[is_a]-> GO:0031325
GO:1905157 -[positively_regulates]-> GO:0015979
GO:1905161 -[is_a]-> GO:0033365
GO:1905162 -[is_a]-> GO:0033043
GO:1905162 -[regulates]-> GO:0090382
GO:1905163 -[is_a]-> GO:0010639
GO:1905163 -[is_a]-> GO:1905162
GO:1905163 -[negatively_regulates]-> GO:0090382
GO:1905164 -[is_a]-> GO:0010638
GO:1905164 -[is_a]-> GO:1905162
GO:1905164 -[positively_regulates]-> GO:0090382
GO:1905165 -[is_a]-> GO:1904350
GO:1905165 -[regulates]-> GO:1905146
GO:1905166 -[is_a]-> GO:1904351
GO:1905166 -[is_a]-> GO:1905165
GO:1905166 -[negatively_regulates]-> GO:1905146
GO:1905167 -[is_a]-> GO:1904352
GO:1905167 -[is_a]-> GO:1905165
GO:1905167 -[positively_regulates]-> GO:1905146
GO:1905168 -[is_a]-> GO:0010569
GO:1905168 -[is_a]-> GO:0045911
GO:1905168 -[is_a]-> GO:2000781
GO:1905168 -[positively_regulates]-> GO:0000724
GO:1905169 -[is_a]-> GO:1903827
GO:1905169 -[regulates]-> GO:1905161
GO:1905170 -[is_a]-> GO:1903828
GO:1905170 -[is_a]-> GO:1905169
GO:1905170 -[negatively_regulates]-> GO:1905161
GO:1905171 -[is_a]-> GO:1903829
GO:1905171 -[is_a]-> GO:1905169
GO:1905171 -[positively_regulates]-> GO:1905161
GO:1905172 -[is_a]-> GO:0043021
GO:1905173 -[is_a]-> GO:0006461
GO:1905174 -[is_a]-> GO:0050793
GO:1905174 -[is_a]-> GO:1900239
GO:1905174 -[regulates]-> GO:1990936
GO:1905175 -[is_a]-> GO:0051093
GO:1905175 -[is_a]-> GO:1900240
GO:1905175 -[is_a]-> GO:1905174
GO:1905175 -[negatively_regulates]-> GO:1990936
GO:1905176 -[is_a]-> GO:0051094
GO:1905176 -[is_a]-> GO:1900241
GO:1905176 -[is_a]-> GO:1905174
GO:1905176 -[positively_regulates]-> GO:1990936
GO:1905177 -[is_a]-> GO:0030154
GO:1905178 -[is_a]-> GO:0048638
GO:1905178 -[is_a]-> GO:0061041
GO:1905178 -[regulates]-> GO:0061026
GO:1905179 -[is_a]-> GO:0048640
GO:1905179 -[is_a]-> GO:0061045
GO:1905179 -[is_a]-> GO:1905178
GO:1905179 -[negatively_regulates]-> GO:0061026
GO:1905180 -[is_a]-> GO:0048639
GO:1905180 -[is_a]-> GO:0090303
GO:1905180 -[is_a]-> GO:1905178
GO:1905180 -[positively_regulates]-> GO:0061026
GO:1905181 -[is_a]-> GO:0051336
GO:1905181 -[regulates]-> GO:0009039
GO:1905182 -[is_a]-> GO:0051345
GO:1905182 -[is_a]-> GO:1905181
GO:1905182 -[positively_regulates]-> GO:0009039
GO:1905183 -[is_a]-> GO:0032515
GO:1905183 -[negatively_regulates]-> GO:0004722
GO:1905184 -[is_a]-> GO:0032516
GO:1905184 -[positively_regulates]-> GO:0004722
GO:1905185 -[is_a]-> GO:0051012
GO:1905185 -[is_a]-> GO:1903047
GO:1905185 -[part_of]-> GO:1990942
GO:1905186 -[is_a]-> GO:0060631
GO:1905186 -[is_a]-> GO:1902102
GO:1905186 -[regulates]-> GO:1990949
GO:1905187 -[is_a]-> GO:1902103
GO:1905187 -[is_a]-> GO:1905186
GO:1905187 -[negatively_regulates]-> GO:1990949
GO:1905188 -[is_a]-> GO:0060903
GO:1905188 -[is_a]-> GO:1902104
GO:1905188 -[is_a]-> GO:1905186
GO:1905188 -[positively_regulates]-> GO:1990949
GO:1905189 -[is_a]-> GO:1902102
GO:1905189 -[regulates]-> GO:1990950
GO:1905190 -[is_a]-> GO:1902103
GO:1905190 -[is_a]-> GO:1905189
GO:1905190 -[negatively_regulates]-> GO:1990950
GO:1905191 -[is_a]-> GO:1902104
GO:1905191 -[is_a]-> GO:1905189
GO:1905191 -[positively_regulates]-> GO:1990950
GO:1905192 -[is_a]-> GO:0033043
GO:1905192 -[regulates]-> GO:0010020
GO:1905193 -[is_a]-> GO:0010639
GO:1905193 -[is_a]-> GO:1905192
GO:1905193 -[negatively_regulates]-> GO:0010020
GO:1905194 -[is_a]-> GO:0010638
GO:1905194 -[is_a]-> GO:1905192
GO:1905194 -[positively_regulates]-> GO:0010020
GO:1905195 -[is_a]-> GO:0043462
GO:1905195 -[regulates]-> GO:0042624
GO:1905196 -[is_a]-> GO:0032781
GO:1905196 -[is_a]-> GO:1905195
GO:1905196 -[positively_regulates]-> GO:0042624
GO:1905197 -[is_a]-> GO:1905129
GO:1905197 -[part_of]-> GO:0098921
GO:1905198 -[is_a]-> GO:0022414
GO:1905198 -[is_a]-> GO:0022607
GO:1905198 -[part_of]-> GO:0007286
GO:1905199 -[is_a]-> GO:0022411
GO:1905199 -[is_a]-> GO:0022412
GO:1905199 -[part_of]-> GO:0007286
GO:1905200 -[is_a]-> GO:0046865
GO:1905200 -[is_a]-> GO:1905039
GO:1905201 -[is_a]-> GO:0005319
GO:1905201 -[is_a]-> GO:0046943
GO:1905202 -[is_a]-> GO:1902494
GO:1905203 -[is_a]-> GO:0034103
GO:1905203 -[regulates]-> GO:0097709
GO:1905204 -[is_a]-> GO:0034104
GO:1905204 -[is_a]-> GO:1905203
GO:1905204 -[negatively_regulates]-> GO:0097709
GO:1905205 -[is_a]-> GO:0034105
GO:1905205 -[is_a]-> GO:1905203
GO:1905205 -[positively_regulates]-> GO:0097709
GO:1905206 -[is_a]-> GO:1901033
GO:1905206 -[is_a]-> GO:1903205
GO:1905206 -[is_a]-> GO:1903209
GO:1905206 -[positively_regulates]-> GO:0036474
GO:1905207 -[is_a]-> GO:0045595
GO:1905207 -[is_a]-> GO:2000026
GO:1905207 -[regulates]-> GO:0035051
GO:1905208 -[is_a]-> GO:0045596
GO:1905208 -[is_a]-> GO:0051241
GO:1905208 -[is_a]-> GO:1905207
GO:1905208 -[negatively_regulates]-> GO:0035051
GO:1905209 -[is_a]-> GO:0045597
GO:1905209 -[is_a]-> GO:0051240
GO:1905209 -[is_a]-> GO:1905207
GO:1905209 -[positively_regulates]-> GO:0035051
GO:1905210 -[is_a]-> GO:0030334
GO:1905210 -[is_a]-> GO:0050920
GO:1905210 -[regulates]-> GO:1990956
GO:1905211 -[is_a]-> GO:0030336
GO:1905211 -[is_a]-> GO:0050922
GO:1905211 -[is_a]-> GO:1905210
GO:1905211 -[negatively_regulates]-> GO:1990956
GO:1905212 -[is_a]-> GO:0030335
GO:1905212 -[is_a]-> GO:0050921
GO:1905212 -[is_a]-> GO:1905210
GO:1905212 -[positively_regulates]-> GO:1990956
GO:1905213 -[is_a]-> GO:0033048
GO:1905213 -[is_a]-> GO:1902340
GO:1905213 -[is_a]-> GO:1903379
GO:1905213 -[negatively_regulates]-> GO:0007076
GO:1905214 -[is_a]-> GO:0051098
GO:1905214 -[regulates]-> GO:0003723
GO:1905215 -[is_a]-> GO:0051100
GO:1905215 -[is_a]-> GO:1905214
GO:1905215 -[negatively_regulates]-> GO:0003723
GO:1905216 -[is_a]-> GO:0051099
GO:1905216 -[is_a]-> GO:1905214
GO:1905216 -[positively_regulates]-> GO:0003723
GO:1905217 -[is_a]-> GO:0033993
GO:1905218 -[is_a]-> GO:0071396
GO:1905218 -[is_a]-> GO:1905217
GO:1905219 -[is_a]-> GO:0010769
GO:1905219 -[is_a]-> GO:0045637
GO:1905219 -[regulates]-> GO:0030220
GO:1905220 -[is_a]-> GO:0010771
GO:1905220 -[is_a]-> GO:0045638
GO:1905220 -[is_a]-> GO:1905219
GO:1905220 -[negatively_regulates]-> GO:0030220
GO:1905221 -[is_a]-> GO:0010770
GO:1905221 -[is_a]-> GO:0045639
GO:1905221 -[is_a]-> GO:1905219
GO:1905221 -[positively_regulates]-> GO:0030220
GO:1905222 -[is_a]-> GO:0009653
GO:1905223 -[is_a]-> GO:0009653
GO:1905224 -[is_a]-> GO:0071709
GO:1905224 -[has_part]-> GO:0010324
GO:1905224 -[has_part]-> GO:0048268
GO:1905225 -[is_a]-> GO:0043434
GO:1905226 -[is_a]-> GO:0043903
GO:1905226 -[regulates]-> GO:0044651
GO:1905227 -[is_a]-> GO:0043901
GO:1905227 -[is_a]-> GO:1905226
GO:1905227 -[negatively_regulates]-> GO:0044651
GO:1905228 -[is_a]-> GO:0043902
GO:1905228 -[is_a]-> GO:1905226
GO:1905228 -[positively_regulates]-> GO:0044651
GO:1905229 -[is_a]-> GO:0071375
GO:1905229 -[is_a]-> GO:1905225
GO:1905230 -[is_a]-> GO:0033993
GO:1905231 -[is_a]-> GO:0071396
GO:1905231 -[is_a]-> GO:1905230
GO:1905232 -[is_a]-> GO:0071230
GO:1905233 -[is_a]-> GO:0014072
GO:1905234 -[is_a]-> GO:0071317
GO:1905234 -[is_a]-> GO:1905233
GO:1905235 -[is_a]-> GO:1905395
GO:1905236 -[is_a]-> GO:1905235
GO:1905236 -[is_a]-> GO:1905396
GO:1905237 -[is_a]-> GO:1901652
GO:1905238 -[is_a]-> GO:1901653
GO:1905238 -[is_a]-> GO:1905237
GO:1905239 -[is_a]-> GO:0045667
GO:1905239 -[is_a]-> GO:0060828
GO:1905239 -[regulates]-> GO:0044339
GO:1905240 -[is_a]-> GO:0045668
GO:1905240 -[is_a]-> GO:0090090
GO:1905240 -[is_a]-> GO:1905239
GO:1905240 -[negatively_regulates]-> GO:0044339
GO:1905241 -[is_a]-> GO:0045669
GO:1905241 -[is_a]-> GO:0090263
GO:1905241 -[is_a]-> GO:1905239
GO:1905241 -[positively_regulates]-> GO:0044339
GO:1905242 -[is_a]-> GO:0014070
GO:1905242 -[is_a]-> GO:0043200
GO:1905243 -[is_a]-> GO:0071230
GO:1905243 -[is_a]-> GO:0071407
GO:1905243 -[is_a]-> GO:1905242
GO:1905244 -[is_a]-> GO:0050807
GO:1905244 -[regulates]-> GO:0099563
GO:1905245 -[is_a]-> GO:0052547
GO:1905245 -[regulates]-> GO:0070001
GO:1905246 -[is_a]-> GO:0010466
GO:1905246 -[is_a]-> GO:1905245
GO:1905246 -[negatively_regulates]-> GO:0070001
GO:1905247 -[is_a]-> GO:0010952
GO:1905247 -[is_a]-> GO:1905245
GO:1905247 -[positively_regulates]-> GO:0070001
GO:1905251 -[is_a]-> GO:0007173
GO:1905251 -[part_of]-> GO:0003015
GO:1905255 -[is_a]-> GO:0065009
GO:1905255 -[is_a]-> GO:2001141
GO:1905255 -[regulates]-> GO:0001070
GO:1905256 -[is_a]-> GO:0044092
GO:1905256 -[is_a]-> GO:0048519
GO:1905256 -[is_a]-> GO:1905255
GO:1905256 -[negatively_regulates]-> GO:0001070
GO:1905257 -[is_a]-> GO:0044093
GO:1905257 -[is_a]-> GO:0048518
GO:1905257 -[is_a]-> GO:1905255
GO:1905257 -[positively_regulates]-> GO:0001070
GO:1905258 -[is_a]-> GO:0080135
GO:1905258 -[is_a]-> GO:2001242
GO:1905258 -[regulates]-> GO:1990442
GO:1905259 -[is_a]-> GO:1905258
GO:1905259 -[is_a]-> GO:2001243
GO:1905259 -[negatively_regulates]-> GO:1990442
GO:1905260 -[is_a]-> GO:1905258
GO:1905260 -[is_a]-> GO:2001244
GO:1905260 -[positively_regulates]-> GO:1990442
GO:1905261 -[is_a]-> GO:0010520
GO:1905261 -[is_a]-> GO:1903341
GO:1905261 -[regulates]-> GO:0010780
GO:1905262 -[is_a]-> GO:0045128
GO:1905262 -[is_a]-> GO:1903342
GO:1905262 -[is_a]-> GO:1905261
GO:1905262 -[negatively_regulates]-> GO:0010780
GO:1905263 -[is_a]-> GO:0010845
GO:1905263 -[is_a]-> GO:1903343
GO:1905263 -[is_a]-> GO:1905261
GO:1905263 -[positively_regulates]-> GO:0010780
GO:1905264 -[is_a]-> GO:0006213
GO:1905265 -[is_a]-> GO:0046135
GO:1905265 -[is_a]-> GO:1905264
GO:1905266 -[is_a]-> GO:0046134
GO:1905266 -[is_a]-> GO:1905264
GO:1905267 -[is_a]-> GO:0090502
GO:1905267 -[part_of]-> GO:0008033
GO:1905268 -[is_a]-> GO:0051129
GO:1905268 -[is_a]-> GO:1902275
GO:1905268 -[negatively_regulates]-> GO:0006325
GO:1905269 -[is_a]-> GO:0051130
GO:1905269 -[is_a]-> GO:1902275
GO:1905269 -[positively_regulates]-> GO:0006325
GO:1905270 -[is_a]-> GO:0021859
GO:1905270 -[is_a]-> GO:0021879
GO:1905270 -[is_a]-> GO:0021895
GO:1905271 -[is_a]-> GO:0010155
GO:1905271 -[is_a]-> GO:0032412
GO:1905271 -[is_a]-> GO:0043462
GO:1905271 -[is_a]-> GO:1904062
GO:1905271 -[regulates]-> GO:0046933
GO:1905272 -[is_a]-> GO:0032413
GO:1905272 -[is_a]-> GO:0032780
GO:1905272 -[is_a]-> GO:1904063
GO:1905272 -[is_a]-> GO:1905271
GO:1905272 -[negatively_regulates]-> GO:0046933
GO:1905273 -[is_a]-> GO:0032414
GO:1905273 -[is_a]-> GO:0032781
GO:1905273 -[is_a]-> GO:1904064
GO:1905273 -[is_a]-> GO:1905271
GO:1905273 -[positively_regulates]-> GO:0046933
GO:1905274 -[is_a]-> GO:1905244
GO:1905274 -[regulates]-> GO:0098885
GO:1905275 -[is_a]-> GO:0030182
GO:1905276 -[is_a]-> GO:1905330
GO:1905276 -[is_a]-> GO:2000026
GO:1905276 -[regulates]-> GO:0072175
GO:1905277 -[is_a]-> GO:0051241
GO:1905277 -[is_a]-> GO:1905276
GO:1905277 -[is_a]-> GO:1905331
GO:1905277 -[negatively_regulates]-> GO:0072175
GO:1905278 -[is_a]-> GO:0051240
GO:1905278 -[is_a]-> GO:1905276
GO:1905278 -[is_a]-> GO:1905332
GO:1905278 -[positively_regulates]-> GO:0072175
GO:1905279 -[is_a]-> GO:0060627
GO:1905279 -[is_a]-> GO:1903649
GO:1905279 -[regulates]-> GO:0042147
GO:1905280 -[is_a]-> GO:1903650
GO:1905280 -[is_a]-> GO:1905279
GO:1905280 -[negatively_regulates]-> GO:0042147
GO:1905281 -[is_a]-> GO:1903651
GO:1905281 -[is_a]-> GO:1905279
GO:1905281 -[positively_regulates]-> GO:0042147
GO:1905282 -[is_a]-> GO:0042058
GO:1905282 -[is_a]-> GO:0044057
GO:1905282 -[regulates]-> GO:1905251
GO:1905283 -[is_a]-> GO:0042059
GO:1905283 -[is_a]-> GO:0051241
GO:1905283 -[is_a]-> GO:1905282
GO:1905283 -[negatively_regulates]-> GO:1905251
GO:1905284 -[is_a]-> GO:0045742
GO:1905284 -[is_a]-> GO:0051240
GO:1905284 -[is_a]-> GO:1905282
GO:1905284 -[positively_regulates]-> GO:1905251
GO:1905285 -[is_a]-> GO:0048729
GO:1905286 -[is_a]-> GO:1905368
GO:1905287 -[is_a]-> GO:0010971
GO:1905287 -[part_of]-> GO:0006995
GO:1905288 -[is_a]-> GO:0034390
GO:1905289 -[is_a]-> GO:0050848
GO:1905289 -[regulates]-> GO:0061762
GO:1905290 -[is_a]-> GO:0050849
GO:1905290 -[is_a]-> GO:1905289
GO:1905290 -[negatively_regulates]-> GO:0061762
GO:1905291 -[is_a]-> GO:0050850
GO:1905291 -[is_a]-> GO:1905289
GO:1905291 -[positively_regulates]-> GO:0061762
GO:1905292 -[is_a]-> GO:2000026
GO:1905292 -[is_a]-> GO:2000736
GO:1905292 -[regulates]-> GO:0014033
GO:1905293 -[is_a]-> GO:0051241
GO:1905293 -[is_a]-> GO:1905292
GO:1905293 -[is_a]-> GO:2000737
GO:1905293 -[negatively_regulates]-> GO:0014033
GO:1905294 -[is_a]-> GO:0051240
GO:1905294 -[is_a]-> GO:1905292
GO:1905294 -[is_a]-> GO:2000738
GO:1905294 -[positively_regulates]-> GO:0014033
GO:1905295 -[is_a]-> GO:0042659
GO:1905295 -[is_a]-> GO:0090299
GO:1905295 -[is_a]-> GO:1905292
GO:1905295 -[regulates]-> GO:0014036
GO:1905296 -[is_a]-> GO:0009996
GO:1905296 -[is_a]-> GO:0090301
GO:1905296 -[is_a]-> GO:1905293
GO:1905296 -[is_a]-> GO:1905295
GO:1905296 -[negatively_regulates]-> GO:0014036
GO:1905297 -[is_a]-> GO:0042660
GO:1905297 -[is_a]-> GO:0090300
GO:1905297 -[is_a]-> GO:1905294
GO:1905297 -[is_a]-> GO:1905295
GO:1905297 -[positively_regulates]-> GO:0014036
GO:1905298 -[is_a]-> GO:0030856
GO:1905298 -[is_a]-> GO:0060284
GO:1905298 -[regulates]-> GO:0060576
GO:1905299 -[is_a]-> GO:0010721
GO:1905299 -[is_a]-> GO:0030857
GO:1905299 -[is_a]-> GO:0051241
GO:1905299 -[is_a]-> GO:1905298
GO:1905299 -[negatively_regulates]-> GO:0060576
GO:1905300 -[is_a]-> GO:0010720
GO:1905300 -[is_a]-> GO:0030858
GO:1905300 -[is_a]-> GO:0051240
GO:1905300 -[is_a]-> GO:1905298
GO:1905300 -[positively_regulates]-> GO:0060576
GO:1905301 -[is_a]-> GO:0048548
GO:1905301 -[regulates]-> GO:0044351
GO:1905302 -[is_a]-> GO:0048550
GO:1905302 -[is_a]-> GO:1905301
GO:1905302 -[negatively_regulates]-> GO:0044351
GO:1905303 -[is_a]-> GO:0048549
GO:1905303 -[is_a]-> GO:1905301
GO:1905303 -[positively_regulates]-> GO:0044351
GO:1905304 -[is_a]-> GO:0022603
GO:1905304 -[is_a]-> GO:0032956
GO:1905304 -[is_a]-> GO:0060284
GO:1905304 -[is_a]-> GO:1902115
GO:1905304 -[is_a]-> GO:2000725
GO:1905304 -[regulates]-> GO:0055003
GO:1905305 -[is_a]-> GO:0010721
GO:1905305 -[is_a]-> GO:0051494
GO:1905305 -[is_a]-> GO:1902116
GO:1905305 -[is_a]-> GO:1905304
GO:1905305 -[is_a]-> GO:2000726
GO:1905305 -[negatively_regulates]-> GO:0055003
GO:1905306 -[is_a]-> GO:0010720
GO:1905306 -[is_a]-> GO:0051495
GO:1905306 -[is_a]-> GO:1902117
GO:1905306 -[is_a]-> GO:1905304
GO:1905306 -[is_a]-> GO:2000727
GO:1905306 -[positively_regulates]-> GO:0055003
GO:1905307 -[is_a]-> GO:0010243
GO:1905307 -[is_a]-> GO:0014070
GO:1905308 -[is_a]-> GO:0071407
GO:1905308 -[is_a]-> GO:0071417
GO:1905308 -[is_a]-> GO:1905307
GO:1905309 -[is_a]-> GO:0045876
GO:1905309 -[is_a]-> GO:0071922
GO:1905309 -[is_a]-> GO:1903829
GO:1905309 -[positively_regulates]-> GO:0071921
GO:1905310 -[is_a]-> GO:0030334
GO:1905310 -[is_a]-> GO:0060284
GO:1905310 -[is_a]-> GO:1905207
GO:1905310 -[is_a]-> GO:1905292
GO:1905310 -[is_a]-> GO:2000826
GO:1905310 -[regulates]-> GO:0003253
GO:1905311 -[is_a]-> GO:0010721
GO:1905311 -[is_a]-> GO:0030336
GO:1905311 -[is_a]-> GO:1905208
GO:1905311 -[is_a]-> GO:1905293
GO:1905311 -[is_a]-> GO:1905310
GO:1905311 -[negatively_regulates]-> GO:0003253
GO:1905312 -[is_a]-> GO:0010720
GO:1905312 -[is_a]-> GO:0030335
GO:1905312 -[is_a]-> GO:1905209
GO:1905312 -[is_a]-> GO:1905294
GO:1905312 -[is_a]-> GO:1905310
GO:1905312 -[positively_regulates]-> GO:0003253
GO:1905313 -[is_a]-> GO:0007179
GO:1905313 -[is_a]-> GO:0061311
GO:1905313 -[part_of]-> GO:0007507
GO:1905314 -[is_a]-> GO:0003170
GO:1905315 -[is_a]-> GO:0061323
GO:1905315 -[part_of]-> GO:0003203
GO:1905316 -[is_a]-> GO:0003203
GO:1905317 -[is_a]-> GO:0003203
GO:1905318 -[is_a]-> GO:0033316
GO:1905318 -[part_of]-> GO:0007127
GO:1905319 -[is_a]-> GO:0016477
GO:1905320 -[is_a]-> GO:0030334
GO:1905320 -[regulates]-> GO:1905319
GO:1905321 -[is_a]-> GO:0030336
GO:1905321 -[is_a]-> GO:1905320
GO:1905321 -[negatively_regulates]-> GO:1905319
GO:1905322 -[is_a]-> GO:0030335
GO:1905322 -[is_a]-> GO:1905320
GO:1905322 -[positively_regulates]-> GO:1905319
GO:1905323 -[is_a]-> GO:0022618
GO:1905324 -[is_a]-> GO:0065004
GO:1905324 -[part_of]-> GO:0032200
GO:1905325 -[is_a]-> GO:0060631
GO:1905325 -[is_a]-> GO:0090231
GO:1905325 -[is_a]-> GO:1902102
GO:1905325 -[regulates]-> GO:1905318
GO:1905326 -[is_a]-> GO:0060903
GO:1905326 -[is_a]-> GO:0090232
GO:1905326 -[is_a]-> GO:1905325
GO:1905326 -[positively_regulates]-> GO:1905318
GO:1905327 -[is_a]-> GO:0048646
GO:1905328 -[is_a]-> GO:0048856
GO:1905329 -[is_a]-> GO:0015695
GO:1905329 -[is_a]-> GO:0015696
GO:1905330 -[is_a]-> GO:0022603
GO:1905330 -[regulates]-> GO:0002009
GO:1905331 -[is_a]-> GO:0051093
GO:1905331 -[is_a]-> GO:1905330
GO:1905331 -[negatively_regulates]-> GO:0002009
GO:1905332 -[is_a]-> GO:0051094
GO:1905332 -[is_a]-> GO:1905330
GO:1905332 -[positively_regulates]-> GO:0002009
GO:1905333 -[is_a]-> GO:0044058
GO:1905333 -[regulates]-> GO:0035482
GO:1905334 -[is_a]-> GO:0032403
GO:1905335 -[is_a]-> GO:0016241
GO:1905335 -[regulates]-> GO:0035973
GO:1905336 -[is_a]-> GO:0016242
GO:1905336 -[is_a]-> GO:1905335
GO:1905336 -[negatively_regulates]-> GO:0035973
GO:1905337 -[is_a]-> GO:0016239
GO:1905337 -[is_a]-> GO:1905335
GO:1905337 -[positively_regulates]-> GO:0035973
GO:1905338 -[is_a]-> GO:0043388
GO:1905338 -[is_a]-> GO:0045876
GO:1905338 -[is_a]-> GO:0048519
GO:1905338 -[is_a]-> GO:1905343
GO:1905338 -[negatively_regulates]-> GO:0061774
GO:1905339 -[is_a]-> GO:0048518
GO:1905339 -[is_a]-> GO:1905343
GO:1905339 -[positively_regulates]-> GO:0061774
GO:1905340 -[is_a]-> GO:1903827
GO:1905340 -[regulates]-> GO:0034501
GO:1905341 -[is_a]-> GO:1903828
GO:1905341 -[is_a]-> GO:1905340
GO:1905341 -[negatively_regulates]-> GO:0034501
GO:1905342 -[is_a]-> GO:1903829
GO:1905342 -[is_a]-> GO:1905340
GO:1905342 -[positively_regulates]-> GO:0034501
GO:1905343 -[is_a]-> GO:0007063
GO:1905343 -[is_a]-> GO:0051101
GO:1905343 -[regulates]-> GO:0061774
GO:1905344 -[is_a]-> GO:1901523
GO:1905345 -[is_a]-> GO:0034394
GO:1905345 -[is_a]-> GO:0072741
GO:1905346 -[is_a]-> GO:1905345
GO:1905347 -[is_a]-> GO:1905348
GO:1905348 -[is_a]-> GO:1902494
GO:1905349 -[is_a]-> GO:0022607
GO:1905349 -[part_of]-> GO:0060271
GO:1905350 -[is_a]-> GO:0006461
GO:1905351 -[is_a]-> GO:0016477
GO:1905352 -[is_a]-> GO:0006461
GO:1905353 -[is_a]-> GO:0006461
GO:1905354 -[is_a]-> GO:1902494
GO:1905355 -[is_a]-> GO:0070925
GO:1905356 -[is_a]-> GO:0051252
GO:1905356 -[regulates]-> GO:0031120
GO:1905357 -[is_a]-> GO:0051253
GO:1905357 -[is_a]-> GO:1905356
GO:1905357 -[negatively_regulates]-> GO:0031120
GO:1905358 -[is_a]-> GO:0051254
GO:1905358 -[is_a]-> GO:1905356
GO:1905358 -[positively_regulates]-> GO:0031120
GO:1905359 -[is_a]-> GO:0072698
GO:1905360 -[is_a]-> GO:1902494
GO:1905361 -[is_a]-> GO:0005215
GO:1905362 -[is_a]-> GO:0031339
GO:1905362 -[is_a]-> GO:1905364
GO:1905362 -[negatively_regulates]-> GO:0034058
GO:1905363 -[is_a]-> GO:0031340
GO:1905363 -[is_a]-> GO:1905364
GO:1905363 -[positively_regulates]-> GO:0034058
GO:1905364 -[is_a]-> GO:0031338
GO:1905364 -[regulates]-> GO:0034058
GO:1905365 -[is_a]-> GO:0060627
GO:1905365 -[is_a]-> GO:1904978
GO:1905365 -[regulates]-> GO:0070676
GO:1905366 -[is_a]-> GO:0051051
GO:1905366 -[is_a]-> GO:1904979
GO:1905366 -[is_a]-> GO:1905365
GO:1905366 -[negatively_regulates]-> GO:0070676
GO:1905367 -[is_a]-> GO:0051050
GO:1905367 -[is_a]-> GO:1904980
GO:1905367 -[is_a]-> GO:1905365
GO:1905367 -[positively_regulates]-> GO:0070676
GO:1905368 -[is_a]-> GO:1902494
GO:1905369 -[is_a]-> GO:1905368
GO:1905370 -[is_a]-> GO:1905286
GO:1905370 -[is_a]-> GO:1905369
GO:1905371 -[is_a]-> GO:0006644
GO:1905371 -[is_a]-> GO:0006665
GO:1905372 -[is_a]-> GO:0009395
GO:1905372 -[is_a]-> GO:0030149
GO:1905372 -[is_a]-> GO:1905371
GO:1905373 -[is_a]-> GO:0008654
GO:1905373 -[is_a]-> GO:0030148
GO:1905373 -[is_a]-> GO:1905371
GO:1905374 -[is_a]-> GO:0043200
GO:1905375 -[is_a]-> GO:0071230
GO:1905375 -[is_a]-> GO:1905374
GO:1905376 -[is_a]-> GO:0032413
GO:1905376 -[is_a]-> GO:0051354
GO:1905376 -[is_a]-> GO:1904063
GO:1905376 -[is_a]-> GO:1904733
GO:1905376 -[is_a]-> GO:1904959
GO:1905376 -[negatively_regulates]-> GO:0004129
GO:1905377 -[is_a]-> GO:0009746
GO:1905378 -[is_a]-> GO:0071331
GO:1905378 -[is_a]-> GO:1905377
GO:1905379 -[is_a]-> GO:1902494
GO:1905380 -[is_a]-> GO:0006357
GO:1905380 -[regulates]-> GO:0042795
GO:1905381 -[is_a]-> GO:0000122
GO:1905381 -[is_a]-> GO:1905380
GO:1905381 -[negatively_regulates]-> GO:0042795
GO:1905382 -[is_a]-> GO:0045944
GO:1905382 -[is_a]-> GO:1905380
GO:1905382 -[positively_regulates]-> GO:0042795
GO:1905383 -[is_a]-> GO:0035418
GO:1905384 -[is_a]-> GO:1902473
GO:1905384 -[regulates]-> GO:1905383
GO:1905385 -[is_a]-> GO:0048519
GO:1905385 -[is_a]-> GO:1905384
GO:1905385 -[negatively_regulates]-> GO:1905383
GO:1905386 -[is_a]-> GO:1902474
GO:1905386 -[is_a]-> GO:1905384
GO:1905386 -[positively_regulates]-> GO:1905383
GO:1905387 -[is_a]-> GO:0033993
GO:1905388 -[is_a]-> GO:0071396
GO:1905388 -[is_a]-> GO:1905387
GO:1905389 -[is_a]-> GO:0070542
GO:1905390 -[is_a]-> GO:0071398
GO:1905390 -[is_a]-> GO:1905389
GO:1905391 -[is_a]-> GO:1901900
GO:1905391 -[part_of]-> GO:0000920
GO:1905392 -[is_a]-> GO:0009653
GO:1905392 -[part_of]-> GO:0099402
GO:1905393 -[is_a]-> GO:0048646
GO:1905394 -[is_a]-> GO:0032403
GO:1905395 -[is_a]-> GO:0010033
GO:1905395 -[is_a]-> GO:1901700
GO:1905396 -[is_a]-> GO:1901701
GO:1905396 -[is_a]-> GO:1905395
GO:1905397 -[is_a]-> GO:0070231
GO:1905398 -[is_a]-> GO:0070231
GO:1905399 -[is_a]-> GO:0070232
GO:1905399 -[regulates]-> GO:1905398
GO:1905400 -[is_a]-> GO:0070233
GO:1905400 -[is_a]-> GO:1905399
GO:1905400 -[negatively_regulates]-> GO:1905398
GO:1905401 -[is_a]-> GO:0070234
GO:1905401 -[is_a]-> GO:1905399
GO:1905401 -[positively_regulates]-> GO:1905398
GO:1905402 -[is_a]-> GO:0070232
GO:1905402 -[regulates]-> GO:1905397
GO:1905403 -[is_a]-> GO:0070233
GO:1905403 -[is_a]-> GO:1905402
GO:1905403 -[negatively_regulates]-> GO:1905397
GO:1905404 -[is_a]-> GO:0070234
GO:1905404 -[is_a]-> GO:1905402
GO:1905404 -[positively_regulates]-> GO:1905397
GO:1905405 -[is_a]-> GO:0033047
GO:1905405 -[is_a]-> GO:0071922
GO:1905405 -[regulates]-> GO:0061780
GO:1905406 -[is_a]-> GO:0045840
GO:1905406 -[is_a]-> GO:1905309
GO:1905406 -[is_a]-> GO:1905405
GO:1905406 -[positively_regulates]-> GO:0061780
GO:1905407 -[is_a]-> GO:0022898
GO:1905407 -[regulates]-> GO:0005308
GO:1905408 -[is_a]-> GO:0032410
GO:1905408 -[is_a]-> GO:0034763
GO:1905408 -[is_a]-> GO:1905407
GO:1905408 -[negatively_regulates]-> GO:0005308
GO:1905409 -[is_a]-> GO:0032411
GO:1905409 -[is_a]-> GO:0034764
GO:1905409 -[is_a]-> GO:1905407
GO:1905409 -[positively_regulates]-> GO:0005308
GO:1905410 -[is_a]-> GO:0007346
GO:1905410 -[is_a]-> GO:1905343
GO:1905410 -[regulates]-> GO:0061781
GO:1905411 -[is_a]-> GO:0045931
GO:1905411 -[is_a]-> GO:1905339
GO:1905411 -[is_a]-> GO:1905410
GO:1905411 -[positively_regulates]-> GO:0061781
GO:1905412 -[is_a]-> GO:0033048
GO:1905412 -[is_a]-> GO:0071923
GO:1905412 -[is_a]-> GO:1905405
GO:1905412 -[negatively_regulates]-> GO:0061780
GO:1905413 -[is_a]-> GO:0017158
GO:1905413 -[regulates]-> GO:1990504
GO:1905414 -[is_a]-> GO:0045955
GO:1905414 -[is_a]-> GO:1905413
GO:1905414 -[negatively_regulates]-> GO:1990504
GO:1905415 -[is_a]-> GO:0045956
GO:1905415 -[is_a]-> GO:1905413
GO:1905415 -[positively_regulates]-> GO:1990504
GO:1905416 -[is_a]-> GO:2000145
GO:1905416 -[regulates]-> GO:0097723
GO:1905417 -[is_a]-> GO:1905416
GO:1905417 -[is_a]-> GO:2000146
GO:1905417 -[negatively_regulates]-> GO:0097723
GO:1905418 -[is_a]-> GO:1905416
GO:1905418 -[is_a]-> GO:2000147
GO:1905418 -[positively_regulates]-> GO:0097723
GO:1905419 -[is_a]-> GO:0060294
GO:1905419 -[is_a]-> GO:0097724
GO:1905419 -[part_of]-> GO:0030317
GO:1905420 -[is_a]-> GO:0035886
GO:1905420 -[part_of]-> GO:0036166
GO:1905421 -[is_a]-> GO:0022603
GO:1905421 -[is_a]-> GO:2000026
GO:1905421 -[regulates]-> GO:1905392
GO:1905422 -[is_a]-> GO:0051093
GO:1905422 -[is_a]-> GO:0051241
GO:1905422 -[is_a]-> GO:1905421
GO:1905422 -[negatively_regulates]-> GO:1905392
GO:1905423 -[is_a]-> GO:0051094
GO:1905423 -[is_a]-> GO:0051240
GO:1905423 -[is_a]-> GO:1905421
GO:1905423 -[positively_regulates]-> GO:1905392
GO:1905424 -[is_a]-> GO:0030111
GO:1905424 -[is_a]-> GO:1904956
GO:1905424 -[regulates]-> GO:1904953
GO:1905425 -[is_a]-> GO:0030178
GO:1905425 -[is_a]-> GO:1904957
GO:1905425 -[is_a]-> GO:1905424
GO:1905425 -[negatively_regulates]-> GO:1904953
GO:1905426 -[is_a]-> GO:0030177
GO:1905426 -[is_a]-> GO:1904958
GO:1905426 -[is_a]-> GO:1905424
GO:1905426 -[positively_regulates]-> GO:1904953
GO:1905427 -[is_a]-> GO:0035556
GO:1905427 -[part_of]-> GO:0030307
GO:1905428 -[is_a]-> GO:0022603
GO:1905428 -[regulates]-> GO:1905393
GO:1905429 -[is_a]-> GO:0043200
GO:1905430 -[is_a]-> GO:0071230
GO:1905430 -[is_a]-> GO:1905429
GO:1905431 -[is_a]-> GO:0015833
GO:1905432 -[is_a]-> GO:0010646
GO:1905432 -[is_a]-> GO:0023051
GO:1905432 -[regulates]-> GO:0099082
GO:1905433 -[is_a]-> GO:0010648
GO:1905433 -[is_a]-> GO:0023057
GO:1905433 -[is_a]-> GO:1905432
GO:1905433 -[negatively_regulates]-> GO:0099082
GO:1905434 -[is_a]-> GO:0010647
GO:1905434 -[is_a]-> GO:0023056
GO:1905434 -[is_a]-> GO:1905432
GO:1905434 -[positively_regulates]-> GO:0099082
GO:1905435 -[is_a]-> GO:0051569
GO:1905435 -[regulates]-> GO:0080182
GO:1905436 -[is_a]-> GO:0051572
GO:1905436 -[is_a]-> GO:1905435
GO:1905436 -[negatively_regulates]-> GO:0080182
GO:1905437 -[is_a]-> GO:0051571
GO:1905437 -[is_a]-> GO:1905435
GO:1905437 -[positively_regulates]-> GO:0080182
GO:1905438 -[is_a]-> GO:0035567
GO:1905438 -[is_a]-> GO:1904953
GO:1905438 -[part_of]-> GO:1904948
GO:1905439 -[is_a]-> GO:0010243
GO:1905439 -[is_a]-> GO:1901700
GO:1905440 -[is_a]-> GO:0071417
GO:1905440 -[is_a]-> GO:1901701
GO:1905440 -[is_a]-> GO:1905439
GO:1905441 -[is_a]-> GO:0010243
GO:1905441 -[is_a]-> GO:1901700
GO:1905442 -[is_a]-> GO:0071417
GO:1905442 -[is_a]-> GO:1901701
GO:1905442 -[is_a]-> GO:1905441
GO:1905443 -[is_a]-> GO:0043254
GO:1905443 -[regulates]-> GO:0048268
GO:1905444 -[is_a]-> GO:0031333
GO:1905444 -[is_a]-> GO:1905443
GO:1905444 -[negatively_regulates]-> GO:0048268
GO:1905445 -[is_a]-> GO:0031334
GO:1905445 -[is_a]-> GO:1905443
GO:1905445 -[positively_regulates]-> GO:0048268
GO:1905446 -[is_a]-> GO:0002082
GO:1905446 -[is_a]-> GO:0043457
GO:1905446 -[regulates]-> GO:0042775
GO:1905447 -[is_a]-> GO:0090324
GO:1905447 -[is_a]-> GO:1901856
GO:1905447 -[is_a]-> GO:1905446
GO:1905447 -[negatively_regulates]-> GO:0042775
GO:1905448 -[is_a]-> GO:1901857
GO:1905448 -[is_a]-> GO:1903862
GO:1905448 -[is_a]-> GO:1905446
GO:1905448 -[positively_regulates]-> GO:0042775
GO:1905449 -[is_a]-> GO:0002697
GO:1905449 -[is_a]-> GO:0050764
GO:1905449 -[is_a]-> GO:0060368
GO:1905449 -[regulates]-> GO:0038096
GO:1905450 -[is_a]-> GO:0002698
GO:1905450 -[is_a]-> GO:0009968
GO:1905450 -[is_a]-> GO:0050765
GO:1905450 -[is_a]-> GO:1905449
GO:1905450 -[negatively_regulates]-> GO:0038096
GO:1905451 -[is_a]-> GO:0002699
GO:1905451 -[is_a]-> GO:0050766
GO:1905451 -[is_a]-> GO:0060369
GO:1905451 -[is_a]-> GO:1905449
GO:1905451 -[positively_regulates]-> GO:0038096
GO:1905453 -[is_a]-> GO:1901532
GO:1905453 -[regulates]-> GO:0002318
GO:1905454 -[is_a]-> GO:1901533
GO:1905454 -[is_a]-> GO:1905453
GO:1905454 -[negatively_regulates]-> GO:0002318
GO:1905455 -[is_a]-> GO:1901534
GO:1905455 -[is_a]-> GO:1905453
GO:1905455 -[positively_regulates]-> GO:0002318
GO:1905456 -[is_a]-> GO:1901532
GO:1905456 -[regulates]-> GO:0002320
GO:1905457 -[is_a]-> GO:1901533
GO:1905457 -[is_a]-> GO:1905456
GO:1905457 -[negatively_regulates]-> GO:0002320
GO:1905458 -[is_a]-> GO:1901534
GO:1905458 -[is_a]-> GO:1905456
GO:1905458 -[positively_regulates]-> GO:0002320
GO:1905459 -[is_a]-> GO:0034391
GO:1905459 -[regulates]-> GO:1905288
GO:1905460 -[is_a]-> GO:0034392
GO:1905460 -[is_a]-> GO:1905459
GO:1905460 -[negatively_regulates]-> GO:1905288
GO:1905461 -[is_a]-> GO:0034393
GO:1905461 -[is_a]-> GO:1905459
GO:1905461 -[positively_regulates]-> GO:1905288
GO:1905462 -[is_a]-> GO:0033044
GO:1905462 -[regulates]-> GO:0032508
GO:1905463 -[is_a]-> GO:1905462
GO:1905463 -[is_a]-> GO:2001251
GO:1905463 -[negatively_regulates]-> GO:0032508
GO:1905464 -[is_a]-> GO:1905462
GO:1905464 -[is_a]-> GO:2001252
GO:1905464 -[positively_regulates]-> GO:0032508
GO:1905465 -[is_a]-> GO:0033044
GO:1905465 -[regulates]-> GO:0044806
GO:1905466 -[is_a]-> GO:1905465
GO:1905466 -[is_a]-> GO:2001251
GO:1905466 -[negatively_regulates]-> GO:0044806
GO:1905467 -[is_a]-> GO:1905465
GO:1905467 -[is_a]-> GO:2001252
GO:1905467 -[positively_regulates]-> GO:0044806
GO:1905468 -[is_a]-> GO:0044087
GO:1905468 -[is_a]-> GO:0051128
GO:1905468 -[regulates]-> GO:1905224
GO:1905469 -[is_a]-> GO:0051129
GO:1905469 -[is_a]-> GO:1905468
GO:1905469 -[negatively_regulates]-> GO:1905224
GO:1905470 -[is_a]-> GO:0044089
GO:1905470 -[is_a]-> GO:0051130
GO:1905470 -[is_a]-> GO:1905468
GO:1905470 -[positively_regulates]-> GO:1905224
GO:1905471 -[is_a]-> GO:2001160
GO:1905471 -[regulates]-> GO:0097725
GO:1905472 -[is_a]-> GO:1905471
GO:1905472 -[is_a]-> GO:2001161
GO:1905472 -[negatively_regulates]-> GO:0097725
GO:1905473 -[is_a]-> GO:1905471
GO:1905473 -[is_a]-> GO:2001162
GO:1905473 -[positively_regulates]-> GO:0097725
GO:1905474 -[is_a]-> GO:0044340
GO:1905474 -[part_of]-> GO:0072089
GO:1905475 -[is_a]-> GO:0051128
GO:1905475 -[is_a]-> GO:1903827
GO:1905475 -[regulates]-> GO:0072657
GO:1905476 -[is_a]-> GO:0051129
GO:1905476 -[is_a]-> GO:1903828
GO:1905476 -[is_a]-> GO:1905475
GO:1905476 -[negatively_regulates]-> GO:0072657
GO:1905477 -[is_a]-> GO:0051130
GO:1905477 -[is_a]-> GO:1903829
GO:1905477 -[is_a]-> GO:1905475
GO:1905477 -[positively_regulates]-> GO:0072657
GO:1905478 -[is_a]-> GO:0051340
GO:1905478 -[regulates]-> GO:0004356
GO:1905479 -[is_a]-> GO:0051352
GO:1905479 -[is_a]-> GO:1905478
GO:1905479 -[negatively_regulates]-> GO:0004356
GO:1905480 -[is_a]-> GO:0051351
GO:1905480 -[is_a]-> GO:1905478
GO:1905480 -[positively_regulates]-> GO:0004356
GO:1905481 -[is_a]-> GO:0051220
GO:1905481 -[is_a]-> GO:1903047
GO:1905481 -[part_of]-> GO:0033314
GO:1905482 -[is_a]-> GO:0022402
GO:1905482 -[is_a]-> GO:0051220
GO:1905482 -[part_of]-> GO:0031572
GO:1905483 -[is_a]-> GO:2001222
GO:1905483 -[regulates]-> GO:0097475
GO:1905484 -[is_a]-> GO:1905483
GO:1905484 -[is_a]-> GO:2001223
GO:1905484 -[negatively_regulates]-> GO:0097475
GO:1905485 -[is_a]-> GO:1905483
GO:1905485 -[is_a]-> GO:2001224
GO:1905485 -[positively_regulates]-> GO:0097475
GO:1905486 -[is_a]-> GO:1902667
GO:1905486 -[regulates]-> GO:0033564
GO:1905487 -[is_a]-> GO:1902668
GO:1905487 -[is_a]-> GO:1905486
GO:1905487 -[negatively_regulates]-> GO:0033564
GO:1905488 -[is_a]-> GO:1902669
GO:1905488 -[is_a]-> GO:1905486
GO:1905488 -[positively_regulates]-> GO:0033564
GO:1905489 -[is_a]-> GO:1902667
GO:1905489 -[regulates]-> GO:0097374
GO:1905490 -[is_a]-> GO:1902668
GO:1905490 -[is_a]-> GO:1905489
GO:1905490 -[negatively_regulates]-> GO:0097374
GO:1905491 -[is_a]-> GO:1902669
GO:1905491 -[is_a]-> GO:1905489
GO:1905491 -[positively_regulates]-> GO:0097374
GO:1905492 -[is_a]-> GO:0051962
GO:1905492 -[is_a]-> GO:2000172
GO:1905492 -[positively_regulates]-> GO:0048755
GO:1905493 -[is_a]-> GO:0051101
GO:1905493 -[regulates]-> GO:0051880
GO:1905494 -[is_a]-> GO:0043392
GO:1905494 -[is_a]-> GO:1905493
GO:1905494 -[negatively_regulates]-> GO:0051880
GO:1905495 -[is_a]-> GO:0043388
GO:1905495 -[is_a]-> GO:1905493
GO:1905495 -[positively_regulates]-> GO:0051880
GO:1905496 -[is_a]-> GO:0051101
GO:1905496 -[regulates]-> GO:0045142
GO:1905497 -[is_a]-> GO:0043392
GO:1905497 -[is_a]-> GO:1905496
GO:1905497 -[negatively_regulates]-> GO:0045142
GO:1905498 -[is_a]-> GO:0043388
GO:1905498 -[is_a]-> GO:1905496
GO:1905498 -[positively_regulates]-> GO:0045142
GO:1905499 -[is_a]-> GO:0010927
GO:1905499 -[is_a]-> GO:0030031
GO:1905499 -[part_of]-> GO:0010090
GO:1905502 -[is_a]-> GO:1901681
GO:1905503 -[is_a]-> GO:1902017
GO:1905503 -[regulates]-> GO:0044458
GO:1905504 -[is_a]-> GO:1902018
GO:1905504 -[is_a]-> GO:1905503
GO:1905504 -[negatively_regulates]-> GO:0044458
GO:1905505 -[is_a]-> GO:0045724
GO:1905505 -[is_a]-> GO:1905503
GO:1905505 -[positively_regulates]-> GO:0044458
GO:1905506 -[is_a]-> GO:0009532
GO:1905506 -[part_of]-> GO:0034400
GO:1905507 -[is_a]-> GO:1903047
GO:1905507 -[is_a]-> GO:1905482
GO:1905507 -[part_of]-> GO:0007095
GO:1905508 -[is_a]-> GO:0072698
GO:1905509 -[is_a]-> GO:1905508
GO:1905510 -[is_a]-> GO:0031333
GO:1905510 -[is_a]-> GO:0043520
GO:1905510 -[is_a]-> GO:1904900
GO:1905510 -[negatively_regulates]-> GO:0031036
GO:1905511 -[is_a]-> GO:0031334
GO:1905511 -[is_a]-> GO:0043520
GO:1905511 -[is_a]-> GO:1904901
GO:1905511 -[positively_regulates]-> GO:0031036
GO:1905512 -[is_a]-> GO:0048167
GO:1905512 -[regulates]-> GO:1990926
GO:1905513 -[is_a]-> GO:0048519
GO:1905513 -[is_a]-> GO:1905512
GO:1905513 -[negatively_regulates]-> GO:1990926
GO:1905514 -[is_a]-> GO:0048518
GO:1905514 -[is_a]-> GO:1905512
GO:1905514 -[positively_regulates]-> GO:1990926
GO:1905515 -[is_a]-> GO:0060271
GO:1905516 -[is_a]-> GO:0043902
GO:1905516 -[is_a]-> GO:0080154
GO:1905516 -[is_a]-> GO:2000243
GO:1905516 -[positively_regulates]-> GO:0009566
GO:1905517 -[is_a]-> GO:0097529
GO:1905518 -[is_a]-> GO:0051963
GO:1905518 -[regulates]-> GO:1904071
GO:1905519 -[is_a]-> GO:0051964
GO:1905519 -[is_a]-> GO:1905518
GO:1905519 -[negatively_regulates]-> GO:1904071
GO:1905520 -[is_a]-> GO:0051965
GO:1905520 -[is_a]-> GO:1905518
GO:1905520 -[positively_regulates]-> GO:1904071
GO:1905521 -[is_a]-> GO:0002685
GO:1905521 -[regulates]-> GO:1905517
GO:1905522 -[is_a]-> GO:0002686
GO:1905522 -[is_a]-> GO:1905521
GO:1905522 -[negatively_regulates]-> GO:1905517
GO:1905523 -[is_a]-> GO:0002687
GO:1905523 -[is_a]-> GO:1905521
GO:1905523 -[positively_regulates]-> GO:1905517
GO:1905524 -[is_a]-> GO:0031397
GO:1905524 -[is_a]-> GO:1902498
GO:1905524 -[negatively_regulates]-> GO:0051865
GO:1905526 -[is_a]-> GO:0032847
GO:1905526 -[regulates]-> GO:0061795
GO:1905527 -[is_a]-> GO:0032848
GO:1905527 -[is_a]-> GO:1905526
GO:1905527 -[negatively_regulates]-> GO:0061795
GO:1905528 -[is_a]-> GO:0032849
GO:1905528 -[is_a]-> GO:1905526
GO:1905528 -[positively_regulates]-> GO:0061795
GO:1905529 -[is_a]-> GO:0034762
GO:1905529 -[regulates]-> GO:0098721
GO:1905530 -[is_a]-> GO:0034763
GO:1905530 -[is_a]-> GO:1905529
GO:1905530 -[negatively_regulates]-> GO:0098721
GO:1905531 -[is_a]-> GO:0034764
GO:1905531 -[is_a]-> GO:1905529
GO:1905531 -[positively_regulates]-> GO:0098721
GO:1905532 -[is_a]-> GO:1903128
GO:1905532 -[is_a]-> GO:1903789
GO:1905532 -[regulates]-> GO:0098713
GO:1905533 -[is_a]-> GO:0034763
GO:1905533 -[is_a]-> GO:1903129
GO:1905533 -[is_a]-> GO:1905532
GO:1905533 -[negatively_regulates]-> GO:0098713
GO:1905534 -[is_a]-> GO:0034764
GO:1905534 -[is_a]-> GO:1903130
GO:1905534 -[is_a]-> GO:1905532
GO:1905534 -[positively_regulates]-> GO:0098713
GO:1905535 -[is_a]-> GO:0043254
GO:1905535 -[regulates]-> GO:0097010
GO:1905536 -[is_a]-> GO:0031333
GO:1905536 -[is_a]-> GO:1905535
GO:1905536 -[negatively_regulates]-> GO:0097010
GO:1905537 -[is_a]-> GO:0031334
GO:1905537 -[is_a]-> GO:1905535
GO:1905537 -[positively_regulates]-> GO:0097010
GO:1905538 -[is_a]-> GO:0043021
GO:1905539 -[is_a]-> GO:0009966
GO:1905539 -[regulates]-> GO:0099527
GO:1905540 -[is_a]-> GO:0043234
GO:1905540 -[is_a]-> GO:0043235
GO:1905541 -[is_a]-> GO:1902826
GO:1905541 -[is_a]-> GO:1903789
GO:1905541 -[regulates]-> GO:0097638
GO:1905542 -[is_a]-> GO:0034763
GO:1905542 -[is_a]-> GO:1902827
GO:1905542 -[is_a]-> GO:1905541
GO:1905542 -[negatively_regulates]-> GO:0097638
GO:1905543 -[is_a]-> GO:0043234
GO:1905543 -[is_a]-> GO:0043235
GO:1905544 -[is_a]-> GO:0089718
GO:1905544 -[is_a]-> GO:1902475
GO:1905544 -[is_a]-> GO:1903813
GO:1905546 -[is_a]-> GO:0071407
GO:1905546 -[is_a]-> GO:0080184
GO:1905547 -[is_a]-> GO:0031445
GO:1905547 -[regulates]-> GO:0031509
GO:1905548 -[is_a]-> GO:0031452
GO:1905548 -[is_a]-> GO:1905547
GO:1905548 -[negatively_regulates]-> GO:0031509
GO:1905549 -[is_a]-> GO:0031453
GO:1905549 -[is_a]-> GO:1905547
GO:1905549 -[positively_regulates]-> GO:0031509
GO:1905550 -[is_a]-> GO:1903827
GO:1905550 -[regulates]-> GO:0070972
GO:1905551 -[is_a]-> GO:1903828
GO:1905551 -[is_a]-> GO:1905550
GO:1905551 -[negatively_regulates]-> GO:0070972
GO:1905552 -[is_a]-> GO:1903829
GO:1905552 -[is_a]-> GO:1905550
GO:1905552 -[positively_regulates]-> GO:0070972
GO:1905553 -[is_a]-> GO:0045765
GO:1905553 -[is_a]-> GO:0060688
GO:1905553 -[is_a]-> GO:1905330
GO:1905553 -[regulates]-> GO:0001569
GO:1905554 -[is_a]-> GO:0016525
GO:1905554 -[is_a]-> GO:1905331
GO:1905554 -[is_a]-> GO:1905553
GO:1905554 -[negatively_regulates]-> GO:0001569
GO:1905555 -[is_a]-> GO:0045766
GO:1905555 -[is_a]-> GO:1905332
GO:1905555 -[is_a]-> GO:1905553
GO:1905555 -[positively_regulates]-> GO:0001569
GO:1905556 -[is_a]-> GO:0016050
GO:1905556 -[is_a]-> GO:0070925
GO:1905557 -[is_a]-> GO:0007346
GO:1905557 -[is_a]-> GO:0010549
GO:1905557 -[is_a]-> GO:0010564
GO:1905557 -[is_a]-> GO:1903353
GO:1905557 -[regulates]-> GO:0007077
GO:1905558 -[is_a]-> GO:0010639
GO:1905558 -[is_a]-> GO:0010948
GO:1905558 -[is_a]-> GO:0045930
GO:1905558 -[is_a]-> GO:1905557
GO:1905558 -[negatively_regulates]-> GO:0007077
GO:1905559 -[is_a]-> GO:0010638
GO:1905559 -[is_a]-> GO:0045931
GO:1905559 -[is_a]-> GO:0090068
GO:1905559 -[is_a]-> GO:1905557
GO:1905559 -[positively_regulates]-> GO:0007077
GO:1905560 -[is_a]-> GO:0031333
GO:1905560 -[is_a]-> GO:0090234
GO:1905560 -[is_a]-> GO:1902116
GO:1905560 -[is_a]-> GO:2001251
GO:1905560 -[negatively_regulates]-> GO:0051382
GO:1905561 -[is_a]-> GO:0031334
GO:1905561 -[is_a]-> GO:0090234
GO:1905561 -[is_a]-> GO:1902117
GO:1905561 -[is_a]-> GO:2001252
GO:1905561 -[positively_regulates]-> GO:0051382
GO:1905562 -[is_a]-> GO:0001936
GO:1905562 -[regulates]-> GO:0101023
GO:1905563 -[is_a]-> GO:0001937
GO:1905563 -[is_a]-> GO:1905562
GO:1905563 -[negatively_regulates]-> GO:0101023
GO:1905564 -[is_a]-> GO:0001938
GO:1905564 -[is_a]-> GO:1905562
GO:1905564 -[positively_regulates]-> GO:0101023
GO:1905568 -[is_a]-> GO:1900704
GO:1905568 -[regulates]-> GO:0031169
GO:1905569 -[is_a]-> GO:1900705
GO:1905569 -[is_a]-> GO:1905568
GO:1905569 -[negatively_regulates]-> GO:0031169
GO:1905570 -[is_a]-> GO:1900706
GO:1905570 -[is_a]-> GO:1905568
GO:1905570 -[positively_regulates]-> GO:0031169
GO:1905571 -[is_a]-> GO:0043234
GO:1905571 -[is_a]-> GO:0043235
GO:1905572 -[is_a]-> GO:0035627
GO:1905572 -[is_a]-> GO:0046836
GO:1905573 -[is_a]-> GO:0035594
GO:1905574 -[is_a]-> GO:0035594
GO:1905575 -[is_a]-> GO:0035594
GO:1905576 -[is_a]-> GO:0035594
GO:1905577 -[is_a]-> GO:0035594
GO:1905578 -[is_a]-> GO:1901184
GO:1905578 -[regulates]-> GO:0038129
GO:1905579 -[is_a]-> GO:1901185
GO:1905579 -[is_a]-> GO:1905578
GO:1905579 -[negatively_regulates]-> GO:0038129
GO:1905580 -[is_a]-> GO:1901186
GO:1905580 -[is_a]-> GO:1905578
GO:1905580 -[positively_regulates]-> GO:0038129
GO:1905581 -[is_a]-> GO:0010986
GO:1905581 -[is_a]-> GO:0010988
GO:1905581 -[positively_regulates]-> GO:0034383
GO:1905582 -[is_a]-> GO:0009746
GO:1905583 -[is_a]-> GO:0071331
GO:1905583 -[is_a]-> GO:1905582
GO:1905584 -[is_a]-> GO:0051402
GO:1905584 -[is_a]-> GO:1904019
GO:1905585 -[is_a]-> GO:0043523
GO:1905585 -[is_a]-> GO:1904035
GO:1905585 -[regulates]-> GO:1905584
GO:1905586 -[is_a]-> GO:0043524
GO:1905586 -[is_a]-> GO:1904036
GO:1905586 -[is_a]-> GO:1905585
GO:1905586 -[negatively_regulates]-> GO:1905584
GO:1905587 -[is_a]-> GO:0043525
GO:1905587 -[is_a]-> GO:1904037
GO:1905587 -[is_a]-> GO:1905585
GO:1905587 -[positively_regulates]-> GO:1905584
GO:1905588 -[is_a]-> GO:0009827
GO:1905588 -[part_of]-> GO:0010118
GO:1905589 -[is_a]-> GO:0034764
GO:1905589 -[is_a]-> GO:1902828
GO:1905589 -[is_a]-> GO:1905541
GO:1905589 -[positively_regulates]-> GO:0097638
GO:1905590 -[is_a]-> GO:0030198
GO:1905591 -[is_a]-> GO:0048679
GO:1905591 -[regulates]-> GO:0101027
GO:1905592 -[is_a]-> GO:0048681
GO:1905592 -[is_a]-> GO:1905591
GO:1905592 -[negatively_regulates]-> GO:0101027
GO:1905593 -[is_a]-> GO:0048680
GO:1905593 -[is_a]-> GO:1905591
GO:1905593 -[positively_regulates]-> GO:0101027
GO:1905594 -[is_a]-> GO:0097159
GO:1905595 -[is_a]-> GO:1900120
GO:1905595 -[regulates]-> GO:0050750
GO:1905596 -[is_a]-> GO:1900121
GO:1905596 -[is_a]-> GO:1905595
GO:1905596 -[negatively_regulates]-> GO:0050750
GO:1905597 -[is_a]-> GO:1900122
GO:1905597 -[is_a]-> GO:1905595
GO:1905597 -[positively_regulates]-> GO:0050750
GO:1905598 -[is_a]-> GO:0048261
GO:1905598 -[is_a]-> GO:2000272
GO:1905598 -[negatively_regulates]-> GO:0005041
GO:1905599 -[is_a]-> GO:0048260
GO:1905599 -[is_a]-> GO:2000273
GO:1905599 -[positively_regulates]-> GO:0005041
GO:1905600 -[is_a]-> GO:0032383
GO:1905600 -[is_a]-> GO:0048259
GO:1905600 -[regulates]-> GO:0090118
GO:1905601 -[is_a]-> GO:0032384
GO:1905601 -[is_a]-> GO:0048261
GO:1905601 -[is_a]-> GO:1905600
GO:1905601 -[negatively_regulates]-> GO:0090118
GO:1905602 -[is_a]-> GO:0032385
GO:1905602 -[is_a]-> GO:0048260
GO:1905602 -[is_a]-> GO:1905600
GO:1905602 -[positively_regulates]-> GO:0090118
GO:1990000 -[is_a]-> GO:0019538
GO:1990000 -[is_a]-> GO:0044710
GO:1990000 -[is_a]-> GO:0097435
GO:1990001 -[is_a]-> GO:0043154
GO:1990001 -[is_a]-> GO:0097340
GO:1990002 -[is_a]-> GO:0016616
GO:1990003 -[is_a]-> GO:0098519
GO:1990004 -[is_a]-> GO:0098519
GO:1990005 -[is_a]-> GO:0031410
GO:1990006 -[is_a]-> GO:0031410
GO:1990007 -[is_a]-> GO:0005783
GO:1990008 -[is_a]-> GO:1990005
GO:1990009 -[is_a]-> GO:0006915
GO:1990010 -[is_a]-> GO:1990009
GO:1990011 -[is_a]-> GO:0016234
GO:1990012 -[is_a]-> GO:1990011
GO:1990013 -[is_a]-> GO:0044456
GO:1990013 -[is_a]-> GO:0097458
GO:1990013 -[part_of]-> GO:0048786
GO:1990014 -[is_a]-> GO:0044459
GO:1990015 -[is_a]-> GO:0044464
GO:1990016 -[is_a]-> GO:0044464
GO:1990017 -[is_a]-> GO:0044297
GO:1990018 -[is_a]-> GO:0044464
GO:1990019 -[is_a]-> GO:0007033
GO:1990020 -[is_a]-> GO:0044303
GO:1990021 -[is_a]-> GO:0044303
GO:1990022 -[is_a]-> GO:0034504
GO:1990022 -[is_a]-> GO:0034629
GO:1990023 -[is_a]-> GO:0051233
GO:1990023 -[part_of]-> GO:0072686
GO:1990024 -[is_a]-> GO:0043195
GO:1990025 -[is_a]-> GO:0043195
GO:1990026 -[is_a]-> GO:0043195
GO:1990027 -[is_a]-> GO:0043195
GO:1990028 -[is_a]-> GO:0005245
GO:1990029 -[is_a]-> GO:0050880
GO:1990030 -[is_a]-> GO:0033267
GO:1990031 -[is_a]-> GO:0033267
GO:1990032 -[is_a]-> GO:0033267
GO:1990033 -[is_a]-> GO:0044463
GO:1990033 -[is_a]-> GO:0097458
GO:1990033 -[part_of]-> GO:0030425
GO:1990034 -[is_a]-> GO:1901660
GO:1990035 -[is_a]-> GO:0070509
GO:1990035 -[is_a]-> GO:0098659
GO:1990036 -[is_a]-> GO:0046907
GO:1990036 -[is_a]-> GO:0070296
GO:1990036 -[is_a]-> GO:0070509
GO:1990036 -[occurs_in]-> GO:0005737
GO:1990037 -[is_a]-> GO:0044424
GO:1990037 -[is_a]-> GO:0097458
GO:1990037 -[part_of]-> GO:0097413
GO:1990038 -[is_a]-> GO:0044424
GO:1990038 -[is_a]-> GO:0097458
GO:1990038 -[part_of]-> GO:0097413
GO:1990039 -[is_a]-> GO:0097425
GO:1990040 -[is_a]-> GO:1990039
GO:1990042 -[is_a]-> GO:0016616
GO:1990043 -[is_a]-> GO:0033892
GO:1990044 -[is_a]-> GO:0033365
GO:1990045 -[is_a]-> GO:0043581
GO:1990046 -[is_a]-> GO:0008053
GO:1990046 -[is_a]-> GO:0033554
GO:1990047 -[is_a]-> GO:0044430
GO:1990048 -[is_a]-> GO:0008089
GO:1990048 -[is_a]-> GO:0047496
GO:1990048 -[is_a]-> GO:0099519
GO:1990048 -[occurs_in]-> GO:1904115
GO:1990049 -[is_a]-> GO:0008090
GO:1990049 -[is_a]-> GO:0047496
GO:1990049 -[is_a]-> GO:0099519
GO:1990049 -[occurs_in]-> GO:1904115
GO:1990050 -[is_a]-> GO:0005548
GO:1990051 -[is_a]-> GO:0032147
GO:1990052 -[is_a]-> GO:0032365
GO:1990052 -[is_a]-> GO:1901965
GO:1990053 -[is_a]-> GO:0003905
GO:1990054 -[is_a]-> GO:0010243
GO:1990054 -[is_a]-> GO:0014070
GO:1990054 -[is_a]-> GO:1901700
GO:1990055 -[is_a]-> GO:0003824
GO:1990058 -[is_a]-> GO:0003006
GO:1990058 -[is_a]-> GO:0009791
GO:1990058 -[is_a]-> GO:0044702
GO:1990058 -[is_a]-> GO:0044767
GO:1990058 -[is_a]-> GO:0048856
GO:1990058 -[part_of]-> GO:0010154
GO:1990059 -[is_a]-> GO:0003006
GO:1990059 -[is_a]-> GO:0009791
GO:1990059 -[is_a]-> GO:0044702
GO:1990059 -[is_a]-> GO:0044767
GO:1990059 -[is_a]-> GO:0048856
GO:1990059 -[part_of]-> GO:0010154
GO:1990060 -[is_a]-> GO:0043190
GO:1990060 -[part_of]-> GO:0005887
GO:1990061 -[is_a]-> GO:0000177
GO:1990061 -[is_a]-> GO:0044445
GO:1990061 -[part_of]-> GO:0005829
GO:1990062 -[is_a]-> GO:0043234
GO:1990063 -[is_a]-> GO:0044462
GO:1990063 -[is_a]-> GO:0098796
GO:1990063 -[part_of]-> GO:0031246
GO:1990064 -[is_a]-> GO:0003002
GO:1990065 -[is_a]-> GO:0043234
GO:1990065 -[is_a]-> GO:0044464
GO:1990065 -[part_of]-> GO:0005623
GO:1990066 -[is_a]-> GO:0009416
GO:1990067 -[is_a]-> GO:0006310
GO:1990068 -[is_a]-> GO:0048609
GO:1990068 -[part_of]-> GO:0010431
GO:1990068 -[part_of]-> GO:0048316
GO:1990069 -[is_a]-> GO:0010118
GO:1990070 -[is_a]-> GO:0030008
GO:1990070 -[is_a]-> GO:0044422
GO:1990070 -[is_a]-> GO:0044444
GO:1990070 -[part_of]-> GO:0005793
GO:1990071 -[is_a]-> GO:0030008
GO:1990071 -[is_a]-> GO:0044431
GO:1990071 -[is_a]-> GO:0044440
GO:1990071 -[part_of]-> GO:0005768
GO:1990071 -[part_of]-> GO:0005794
GO:1990072 -[is_a]-> GO:0030008
GO:1990072 -[is_a]-> GO:0044431
GO:1990072 -[part_of]-> GO:0005794
GO:1990073 -[is_a]-> GO:0044426
GO:1990074 -[is_a]-> GO:0006402
GO:1990074 -[is_a]-> GO:0043632
GO:1990075 -[is_a]-> GO:0098590
GO:1990076 -[is_a]-> GO:0044347
GO:1990076 -[part_of]-> GO:0009838
GO:1990077 -[is_a]-> GO:0032993
GO:1990077 -[is_a]-> GO:0044427
GO:1990077 -[part_of]-> GO:0030894
GO:1990078 -[is_a]-> GO:0043234
GO:1990078 -[is_a]-> GO:0044427
GO:1990078 -[part_of]-> GO:0030894
GO:1990079 -[is_a]-> GO:0001894
GO:1990080 -[is_a]-> GO:0008227
GO:1990081 -[is_a]-> GO:0001594
GO:1990082 -[is_a]-> GO:1990078
GO:1990083 -[is_a]-> GO:1990078
GO:1990084 -[is_a]-> GO:1990078
GO:1990085 -[is_a]-> GO:1990078
GO:1990086 -[is_a]-> GO:1904019
GO:1990088 -[is_a]-> GO:0008168
GO:1990089 -[is_a]-> GO:0009719
GO:1990089 -[is_a]-> GO:0070848
GO:1990090 -[is_a]-> GO:0071363
GO:1990090 -[is_a]-> GO:0071495
GO:1990090 -[is_a]-> GO:1990089
GO:1990091 -[is_a]-> GO:0097264
GO:1990092 -[is_a]-> GO:0097264
GO:1990095 -[is_a]-> GO:0036091
GO:1990095 -[part_of]-> GO:0034614
GO:1990096 -[is_a]-> GO:1990095
GO:1990096 -[part_of]-> GO:0071451
GO:1990097 -[is_a]-> GO:0032993
GO:1990098 -[is_a]-> GO:1990077
GO:1990099 -[is_a]-> GO:1990077
GO:1990100 -[is_a]-> GO:0043234
GO:1990100 -[is_a]-> GO:0044427
GO:1990100 -[has_part]-> GO:1990161
GO:1990100 -[part_of]-> GO:1990077
GO:1990101 -[is_a]-> GO:1990077
GO:1990102 -[is_a]-> GO:1990077
GO:1990102 -[has_part]-> GO:1990101
GO:1990102 -[has_part]-> GO:1990125
GO:1990103 -[is_a]-> GO:1990077
GO:1990104 -[is_a]-> GO:0032991
GO:1990107 -[is_a]-> GO:0016783
GO:1990107 -[part_of]-> GO:0009228
GO:1990108 -[is_a]-> GO:0016579
GO:1990109 -[is_a]-> GO:0044419
GO:1990109 -[is_a]-> GO:0044703
GO:1990109 -[part_of]-> GO:0009875
GO:1990110 -[is_a]-> GO:0044707
GO:1990110 -[part_of]-> GO:0042060
GO:1990111 -[is_a]-> GO:0000502
GO:1990112 -[is_a]-> GO:0043234
GO:1990113 -[is_a]-> GO:0043623
GO:1990114 -[is_a]-> GO:0043623
GO:1990115 -[is_a]-> GO:0043623
GO:1990116 -[is_a]-> GO:0043161
GO:1990117 -[is_a]-> GO:0050853
GO:1990117 -[is_a]-> GO:0097191
GO:1990117 -[part_of]-> GO:0001783
GO:1990118 -[is_a]-> GO:0097369
GO:1990119 -[is_a]-> GO:0042030
GO:1990119 -[negatively_regulates]-> GO:0004004
GO:1990120 -[is_a]-> GO:0022618
GO:1990121 -[is_a]-> GO:0044422
GO:1990121 -[is_a]-> GO:0044445
GO:1990121 -[is_a]-> GO:1990104
GO:1990121 -[part_of]-> GO:0043590
GO:1990122 -[is_a]-> GO:0060356
GO:1990122 -[is_a]-> GO:1902837
GO:1990123 -[is_a]-> GO:0015813
GO:1990123 -[is_a]-> GO:0098657
GO:1990124 -[is_a]-> GO:0030529
GO:1990125 -[is_a]-> GO:0043234
GO:1990126 -[is_a]-> GO:0016197
GO:1990126 -[is_a]-> GO:0098876
GO:1990127 -[is_a]-> GO:0008627
GO:1990127 -[is_a]-> GO:0072332
GO:1990130 -[is_a]-> GO:0043234
GO:1990130 -[part_of]-> GO:0035859
GO:1990131 -[is_a]-> GO:0043234
GO:1990133 -[is_a]-> GO:0043234
GO:1990133 -[is_a]-> GO:0044445
GO:1990133 -[is_a]-> GO:1902503
GO:1990133 -[part_of]-> GO:0005829
GO:1990134 -[is_a]-> GO:0060561
GO:1990134 -[is_a]-> GO:1904019
GO:1990134 -[part_of]-> GO:0060021
GO:1990135 -[is_a]-> GO:0008146
GO:1990136 -[is_a]-> GO:0016702
GO:1990137 -[is_a]-> GO:0016684
GO:1990138 -[is_a]-> GO:0048588
GO:1990138 -[is_a]-> GO:0060560
GO:1990138 -[part_of]-> GO:0048812
GO:1990139 -[is_a]-> GO:0034504
GO:1990140 -[is_a]-> GO:1990228
GO:1990140 -[part_of]-> GO:0005829
GO:1990141 -[is_a]-> GO:0030702
GO:1990141 -[occurs_in]-> GO:0034507
GO:1990142 -[is_a]-> GO:0044649
GO:1990143 -[is_a]-> GO:0043234
GO:1990144 -[is_a]-> GO:0097193
GO:1990144 -[part_of]-> GO:0071456
GO:1990145 -[is_a]-> GO:0009059
GO:1990145 -[part_of]-> GO:0006412
GO:1990146 -[is_a]-> GO:0034613
GO:1990147 -[is_a]-> GO:0008092
GO:1990148 -[is_a]-> GO:1990204
GO:1990150 -[is_a]-> GO:0036454
GO:1990151 -[is_a]-> GO:0034613
GO:1990152 -[is_a]-> GO:0070198
GO:1990152 -[is_a]-> GO:0097355
GO:1990153 -[is_a]-> GO:0032507
GO:1990153 -[part_of]-> GO:0097355
GO:1990154 -[is_a]-> GO:0043190
GO:1990154 -[has_part]-> GO:1990060
GO:1990154 -[part_of]-> GO:0005886
GO:1990154 -[part_of]-> GO:0005887
GO:1990155 -[is_a]-> GO:0043623
GO:1990156 -[is_a]-> GO:0033202
GO:1990156 -[is_a]-> GO:0044427
GO:1990156 -[has_part]-> GO:1990161
GO:1990156 -[part_of]-> GO:1990098
GO:1990157 -[is_a]-> GO:1990099
GO:1990157 -[has_part]-> GO:1990100
GO:1990158 -[is_a]-> GO:1990099
GO:1990158 -[has_part]-> GO:1990100
GO:1990159 -[is_a]-> GO:1990099
GO:1990159 -[has_part]-> GO:1990100
GO:1990160 -[is_a]-> GO:1990099
GO:1990160 -[has_part]-> GO:1990100
GO:1990161 -[is_a]-> GO:0033202
GO:1990162 -[is_a]-> GO:0004407
GO:1990162 -[part_of]-> GO:1990596
GO:1990163 -[is_a]-> GO:0004003
GO:1990163 -[is_a]-> GO:0009378
GO:1990164 -[is_a]-> GO:0016572
GO:1990165 -[is_a]-> GO:0003684
GO:1990166 -[is_a]-> GO:0034502
GO:1990167 -[is_a]-> GO:0016579
GO:1990168 -[is_a]-> GO:0016579
GO:1990169 -[is_a]-> GO:0046688
GO:1990169 -[is_a]-> GO:0097501
GO:1990170 -[is_a]-> GO:0046686
GO:1990170 -[is_a]-> GO:0097501
GO:1990171 -[is_a]-> GO:0043241
GO:1990171 -[part_of]-> GO:0071276
GO:1990172 -[is_a]-> GO:0032801
GO:1990172 -[is_a]-> GO:0045744
GO:1990173 -[is_a]-> GO:0034504
GO:1990174 -[is_a]-> GO:0016891
GO:1990175 -[is_a]-> GO:0019904
GO:1990176 -[is_a]-> GO:0098797
GO:1990176 -[part_of]-> GO:0005886
GO:1990176 -[part_of]-> GO:1990060
GO:1990177 -[is_a]-> GO:0032993
GO:1990177 -[is_a]-> GO:0044422
GO:1990177 -[is_a]-> GO:0044424
GO:1990177 -[is_a]-> GO:1990104
GO:1990177 -[part_of]-> GO:0043590
GO:1990178 -[is_a]-> GO:0032993
GO:1990178 -[is_a]-> GO:0044422
GO:1990178 -[is_a]-> GO:0044424
GO:1990178 -[is_a]-> GO:1990104
GO:1990178 -[part_of]-> GO:0043590
GO:1990179 -[is_a]-> GO:0072697
GO:1990179 -[is_a]-> GO:0072741
GO:1990179 -[is_a]-> GO:1903119
GO:1990180 -[is_a]-> GO:0000965
GO:1990180 -[is_a]-> GO:0042780
GO:1990180 -[is_a]-> GO:0090646
GO:1990180 -[occurs_in]-> GO:0005739
GO:1990181 -[is_a]-> GO:0006085
GO:1990181 -[is_a]-> GO:0015939
GO:1990181 -[is_a]-> GO:0044711
GO:1990182 -[is_a]-> GO:0006887
GO:1990182 -[part_of]-> GO:0097734
GO:1990183 -[is_a]-> GO:0003018
GO:1990184 -[is_a]-> GO:0098797
GO:1990185 -[is_a]-> GO:0043114
GO:1990185 -[is_a]-> GO:1990183
GO:1990186 -[is_a]-> GO:0090066
GO:1990186 -[is_a]-> GO:1990183
GO:1990188 -[is_a]-> GO:0003682
GO:1990189 -[is_a]-> GO:0004596
GO:1990190 -[is_a]-> GO:0004596
GO:1990191 -[is_a]-> GO:0043190
GO:1990191 -[has_part]-> GO:1990193
GO:1990191 -[part_of]-> GO:0005886
GO:1990192 -[is_a]-> GO:1990186
GO:1990193 -[is_a]-> GO:0043190
GO:1990193 -[part_of]-> GO:0005886
GO:1990194 -[is_a]-> GO:0022618
GO:1990195 -[is_a]-> GO:1902495
GO:1990195 -[part_of]-> GO:0016020
GO:1990196 -[is_a]-> GO:1990195
GO:1990196 -[part_of]-> GO:0016020
GO:1990197 -[is_a]-> GO:0043190
GO:1990197 -[is_a]-> GO:1902509
GO:1990198 -[is_a]-> GO:0044445
GO:1990198 -[is_a]-> GO:0044797
GO:1990198 -[part_of]-> GO:0005829
GO:1990199 -[is_a]-> GO:0043190
GO:1990199 -[part_of]-> GO:0005886
GO:1990200 -[is_a]-> GO:0043234
GO:1990200 -[is_a]-> GO:0044445
GO:1990200 -[has_part]-> GO:1990201
GO:1990200 -[has_part]-> GO:1990202
GO:1990200 -[part_of]-> GO:0005829
GO:1990201 -[is_a]-> GO:0044445
GO:1990201 -[is_a]-> GO:1990204
GO:1990201 -[part_of]-> GO:0005829
GO:1990202 -[is_a]-> GO:0044445
GO:1990202 -[is_a]-> GO:1990204
GO:1990202 -[part_of]-> GO:0005829
GO:1990203 -[is_a]-> GO:0044459
GO:1990203 -[is_a]-> GO:1902495
GO:1990203 -[part_of]-> GO:0005886
GO:1990204 -[is_a]-> GO:0044464
GO:1990204 -[is_a]-> GO:1902494
GO:1990204 -[part_of]-> GO:0005623
GO:1990205 -[is_a]-> GO:0044445
GO:1990205 -[is_a]-> GO:1990204
GO:1990205 -[part_of]-> GO:0005829
GO:1990206 -[is_a]-> GO:0016810
GO:1990207 -[is_a]-> GO:0044459
GO:1990207 -[is_a]-> GO:1902495
GO:1990207 -[part_of]-> GO:0005887
GO:1990208 -[is_a]-> GO:0052018
GO:1990209 -[is_a]-> GO:0052018
GO:1990210 -[is_a]-> GO:0044032
GO:1990210 -[is_a]-> GO:0052024
GO:1990211 -[is_a]-> GO:0052022
GO:1990211 -[is_a]-> GO:0052024
GO:1990212 -[is_a]-> GO:0052021
GO:1990212 -[is_a]-> GO:0052024
GO:1990213 -[is_a]-> GO:0052023
GO:1990213 -[is_a]-> GO:0052024
GO:1990214 -[is_a]-> GO:0075344
GO:1990215 -[is_a]-> GO:0032387
GO:1990215 -[is_a]-> GO:0052038
GO:1990215 -[negatively_regulates]-> GO:0046907
GO:1990216 -[is_a]-> GO:0052026
GO:1990217 -[is_a]-> GO:0052165
GO:1990218 -[is_a]-> GO:0075343
GO:1990219 -[is_a]-> GO:0075344
GO:1990220 -[is_a]-> GO:0016465
GO:1990220 -[part_of]-> GO:0005829
GO:1990221 -[is_a]-> GO:0043234
GO:1990221 -[is_a]-> GO:0044445
GO:1990221 -[part_of]-> GO:0005829
GO:1990222 -[is_a]-> GO:0043190
GO:1990222 -[part_of]-> GO:0005886
GO:1990223 -[is_a]-> GO:0052024
GO:1990224 -[is_a]-> GO:0016791
GO:1990225 -[is_a]-> GO:0044464
GO:1990225 -[part_of]-> GO:0020008
GO:1990226 -[is_a]-> GO:0019899
GO:1990227 -[is_a]-> GO:0045217
GO:1990228 -[is_a]-> GO:0044445
GO:1990228 -[is_a]-> GO:1990234
GO:1990228 -[part_of]-> GO:0005829
GO:1990229 -[is_a]-> GO:0032991
GO:1990229 -[is_a]-> GO:0044445
GO:1990229 -[part_of]-> GO:0005829
GO:1990230 -[is_a]-> GO:0044445
GO:1990230 -[is_a]-> GO:1990234
GO:1990230 -[part_of]-> GO:0005829
GO:1990231 -[is_a]-> GO:0044433
GO:1990231 -[is_a]-> GO:0098796
GO:1990231 -[part_of]-> GO:0030659
GO:1990232 -[is_a]-> GO:1990233
GO:1990232 -[part_of]-> GO:0005829
GO:1990233 -[is_a]-> GO:0044445
GO:1990233 -[is_a]-> GO:1902494
GO:1990233 -[part_of]-> GO:0005829
GO:1990234 -[is_a]-> GO:1902494
GO:1990235 -[is_a]-> GO:0044445
GO:1990235 -[is_a]-> GO:1902493
GO:1990235 -[part_of]-> GO:0005829
GO:1990236 -[is_a]-> GO:0006606
GO:1990236 -[is_a]-> GO:0031503
GO:1990237 -[is_a]-> GO:0098545
GO:1990237 -[occurs_in]-> GO:0034515
GO:1990238 -[is_a]-> GO:0004520
GO:1990239 -[is_a]-> GO:0005496
GO:1990239 -[is_a]-> GO:0042562
GO:1990240 -[is_a]-> GO:0043865
GO:1990240 -[part_of]-> GO:0044690
GO:1990243 -[is_a]-> GO:0035976
GO:1990244 -[is_a]-> GO:0035184
GO:1990244 -[part_of]-> GO:1990245
GO:1990245 -[is_a]-> GO:0035405
GO:1990245 -[is_a]-> GO:1990164
GO:1990246 -[is_a]-> GO:0034704
GO:1990246 -[is_a]-> GO:0044455
GO:1990246 -[part_of]-> GO:0005743
GO:1990247 -[is_a]-> GO:0003723
GO:1990248 -[is_a]-> GO:0006974
GO:1990248 -[is_a]-> GO:0043618
GO:1990249 -[is_a]-> GO:0032991
GO:1990250 -[is_a]-> GO:1990249
GO:1990251 -[is_a]-> GO:0043234
GO:1990251 -[is_a]-> GO:0044428
GO:1990252 -[is_a]-> GO:0043234
GO:1990252 -[is_a]-> GO:0044433
GO:1990252 -[part_of]-> GO:0045334
GO:1990253 -[is_a]-> GO:0034198
GO:1990254 -[is_a]-> GO:0019215
GO:1990255 -[is_a]-> GO:0006996
GO:1990256 -[is_a]-> GO:0009966
GO:1990257 -[is_a]-> GO:0031410
GO:1990258 -[is_a]-> GO:0016571
GO:1990258 -[is_a]-> GO:0018364
GO:1990259 -[is_a]-> GO:0036009
GO:1990259 -[is_a]-> GO:0042054
GO:1990260 -[is_a]-> GO:0010621
GO:1990260 -[part_of]-> GO:0072423
GO:1990261 -[is_a]-> GO:0006401
GO:1990262 -[is_a]-> GO:0007166
GO:1990263 -[is_a]-> GO:0009267
GO:1990263 -[is_a]-> GO:0051403
GO:1990264 -[is_a]-> GO:0035335
GO:1990264 -[part_of]-> GO:0006469
GO:1990265 -[is_a]-> GO:0036454
GO:1990266 -[is_a]-> GO:0097530
GO:1990267 -[is_a]-> GO:0042221
GO:1990268 -[is_a]-> GO:1990267
GO:1990269 -[is_a]-> GO:0001099
GO:1990269 -[is_a]-> GO:0050815
GO:1990270 -[is_a]-> GO:0098797
GO:1990270 -[has_part]-> GO:0043235
GO:1990270 -[has_part]-> GO:1990265
GO:1990270 -[part_of]-> GO:0005887
GO:1990272 -[is_a]-> GO:0016500
GO:1990272 -[part_of]-> GO:1990262
GO:1990273 -[is_a]-> GO:0016180
GO:1990273 -[is_a]-> GO:0034471
GO:1990274 -[is_a]-> GO:1902410
GO:1990274 -[is_a]-> GO:1902621
GO:1990274 -[part_of]-> GO:0000281
GO:1990275 -[is_a]-> GO:0043021
GO:1990276 -[is_a]-> GO:0008173
GO:1990276 -[is_a]-> GO:0008757
GO:1990277 -[is_a]-> GO:0000746
GO:1990280 -[is_a]-> GO:0006403
GO:1990281 -[is_a]-> GO:1902495
GO:1990294 -[is_a]-> GO:0018107
GO:1990294 -[is_a]-> GO:0036290
GO:1990295 -[is_a]-> GO:0044430
GO:1990295 -[has_part]-> GO:0000923
GO:1990295 -[part_of]-> GO:0015630
GO:1990296 -[is_a]-> GO:0043234
GO:1990296 -[is_a]-> GO:0044421
GO:1990296 -[is_a]-> GO:0044422
GO:1990296 -[part_of]-> GO:0043263
GO:1990297 -[is_a]-> GO:0070293
GO:1990298 -[is_a]-> GO:0043234
GO:1990299 -[is_a]-> GO:0034501
GO:1990299 -[is_a]-> GO:0034629
GO:1990300 -[is_a]-> GO:0032403
GO:1990301 -[is_a]-> GO:0032403
GO:1990302 -[is_a]-> GO:0043234
GO:1990302 -[is_a]-> GO:0044424
GO:1990302 -[is_a]-> GO:1990234
GO:1990302 -[part_of]-> GO:0005622
GO:1990303 -[is_a]-> GO:0043234
GO:1990303 -[is_a]-> GO:0044424
GO:1990303 -[is_a]-> GO:1990234
GO:1990303 -[part_of]-> GO:0005622
GO:1990304 -[is_a]-> GO:0043234
GO:1990304 -[is_a]-> GO:0044424
GO:1990304 -[is_a]-> GO:1990234
GO:1990304 -[part_of]-> GO:0005622
GO:1990305 -[is_a]-> GO:0043234
GO:1990305 -[is_a]-> GO:0044424
GO:1990305 -[is_a]-> GO:1990234
GO:1990305 -[part_of]-> GO:0005622
GO:1990306 -[is_a]-> GO:0043234
GO:1990306 -[is_a]-> GO:0044424
GO:1990306 -[is_a]-> GO:1990234
GO:1990306 -[part_of]-> GO:0005622
GO:1990308 -[is_a]-> GO:0019904
GO:1990309 -[is_a]-> GO:0019904
GO:1990310 -[is_a]-> GO:0019904
GO:1990311 -[is_a]-> GO:0019904
GO:1990312 -[is_a]-> GO:0019904
GO:1990313 -[is_a]-> GO:0019904
GO:1990314 -[is_a]-> GO:0071375
GO:1990315 -[is_a]-> GO:0043234
GO:1990316 -[is_a]-> GO:0043234
GO:1990316 -[is_a]-> GO:0044444
GO:1990316 -[is_a]-> GO:1902554
GO:1990317 -[is_a]-> GO:0032155
GO:1990317 -[is_a]-> GO:0044430
GO:1990317 -[is_a]-> GO:0044448
GO:1990317 -[is_a]-> GO:1902554
GO:1990317 -[part_of]-> GO:0000144
GO:1990318 -[is_a]-> GO:0005593
GO:1990318 -[is_a]-> GO:0098651
GO:1990318 -[part_of]-> GO:0005604
GO:1990319 -[is_a]-> GO:0005593
GO:1990320 -[is_a]-> GO:0005593
GO:1990321 -[is_a]-> GO:0005593
GO:1990322 -[is_a]-> GO:0030936
GO:1990322 -[part_of]-> GO:0005887
GO:1990323 -[is_a]-> GO:0005583
GO:1990324 -[is_a]-> GO:0005581
GO:1990324 -[is_a]-> GO:0044420
GO:1990324 -[part_of]-> GO:0005578
GO:1990325 -[is_a]-> GO:0005583
GO:1990325 -[part_of]-> GO:0005578
GO:1990325 -[part_of]-> GO:0098643
GO:1990326 -[is_a]-> GO:0005581
GO:1990326 -[is_a]-> GO:0044420
GO:1990326 -[part_of]-> GO:0005578
GO:1990327 -[is_a]-> GO:0030936
GO:1990327 -[part_of]-> GO:0005887
GO:1990328 -[is_a]-> GO:0043234
GO:1990329 -[is_a]-> GO:1990221
GO:1990329 -[is_a]-> GO:1990228
GO:1990330 -[is_a]-> GO:1990221
GO:1990330 -[is_a]-> GO:1990228
GO:1990331 -[is_a]-> GO:0043234
GO:1990331 -[is_a]-> GO:0070775
GO:1990331 -[is_a]-> GO:1902562
GO:1990332 -[is_a]-> GO:0044425
GO:1990332 -[is_a]-> GO:0044432
GO:1990332 -[is_a]-> GO:1902554
GO:1990332 -[is_a]-> GO:1902555
GO:1990332 -[part_of]-> GO:0005789
GO:1990333 -[is_a]-> GO:0043234
GO:1990333 -[is_a]-> GO:0044428
GO:1990333 -[part_of]-> GO:0033597
GO:1990334 -[is_a]-> GO:0044450
GO:1990334 -[is_a]-> GO:1902773
GO:1990334 -[part_of]-> GO:0005816
GO:1990335 -[is_a]-> GO:0097305
GO:1990336 -[is_a]-> GO:1901422
GO:1990337 -[is_a]-> GO:1902665
GO:1990338 -[is_a]-> GO:0043256
GO:1990339 -[is_a]-> GO:0043256
GO:1990340 -[is_a]-> GO:0043256
GO:1990341 -[is_a]-> GO:0043234
GO:1990341 -[is_a]-> GO:0044420
GO:1990341 -[part_of]-> GO:0031012
GO:1990342 -[is_a]-> GO:0005720
GO:1990343 -[is_a]-> GO:0005720
GO:1990344 -[is_a]-> GO:0044085
GO:1990344 -[is_a]-> GO:1902410
GO:1990344 -[part_of]-> GO:0000917
GO:1990344 -[part_of]-> GO:0061640
GO:1990345 -[is_a]-> GO:0043234
GO:1990345 -[is_a]-> GO:0044428
GO:1990346 -[is_a]-> GO:0043234
GO:1990349 -[is_a]-> GO:1902585
GO:1990350 -[is_a]-> GO:1990351
GO:1990351 -[is_a]-> GO:0032991
GO:1990352 -[is_a]-> GO:0000151
GO:1990353 -[is_a]-> GO:0000151
GO:1990354 -[is_a]-> GO:0043234
GO:1990354 -[is_a]-> GO:0044428
GO:1990354 -[has_part]-> GO:0031510
GO:1990355 -[is_a]-> GO:0071267
GO:1990356 -[is_a]-> GO:0043234
GO:1990357 -[is_a]-> GO:0030864
GO:1990358 -[is_a]-> GO:1902494
GO:1990359 -[is_a]-> GO:0010043
GO:1990359 -[is_a]-> GO:0097501
GO:1990360 -[is_a]-> GO:1902911
GO:1990361 -[is_a]-> GO:0043234
GO:1990361 -[is_a]-> GO:1902912
GO:1990362 -[is_a]-> GO:0004022
GO:1990367 -[is_a]-> GO:0010033
GO:1990369 -[is_a]-> GO:0010033
GO:1990370 -[is_a]-> GO:0010033
GO:1990371 -[is_a]-> GO:0010033
GO:1990372 -[is_a]-> GO:0010033
GO:1990373 -[is_a]-> GO:1902778
GO:1990374 -[is_a]-> GO:1902937
GO:1990374 -[part_of]-> GO:0005886
GO:1990375 -[is_a]-> GO:0044702
GO:1990375 -[is_a]-> GO:0048608
GO:1990375 -[is_a]-> GO:0060348
GO:1990377 -[is_a]-> GO:0031012
GO:1990378 -[is_a]-> GO:0044798
GO:1990378 -[part_of]-> GO:0005634
GO:1990379 -[is_a]-> GO:0006869
GO:1990380 -[is_a]-> GO:0101005
GO:1990380 -[part_of]-> GO:0071108
GO:1990381 -[is_a]-> GO:0002020
GO:1990383 -[is_a]-> GO:0009267
GO:1990384 -[is_a]-> GO:0060033
GO:1990384 -[part_of]-> GO:0043010
GO:1990385 -[is_a]-> GO:0051233
GO:1990385 -[part_of]-> GO:0072687
GO:1990386 -[is_a]-> GO:0036090
GO:1990386 -[is_a]-> GO:1902410
GO:1990387 -[is_a]-> GO:0006688
GO:1990388 -[is_a]-> GO:0006826
GO:1990388 -[is_a]-> GO:0010233
GO:1990389 -[is_a]-> GO:0000835
GO:1990389 -[is_a]-> GO:0031371
GO:1990389 -[is_a]-> GO:0098796
GO:1990389 -[part_of]-> GO:0005789
GO:1990390 -[is_a]-> GO:0000209
GO:1990391 -[is_a]-> GO:0032991
GO:1990392 -[is_a]-> GO:0098797
GO:1990392 -[part_of]-> GO:0005887
GO:1990393 -[is_a]-> GO:0043234
GO:1990394 -[is_a]-> GO:0051716
GO:1990394 -[has_part]-> GO:0071433
GO:1990395 -[is_a]-> GO:0051300
GO:1990395 -[is_a]-> GO:1903046
GO:1990395 -[part_of]-> GO:0000212
GO:1990396 -[is_a]-> GO:0000012
GO:1990396 -[is_a]-> GO:0000725
GO:1990396 -[is_a]-> GO:0042275
GO:1990397 -[is_a]-> GO:0008616
GO:1990397 -[is_a]-> GO:0043174
GO:1990398 -[is_a]-> GO:0044459
GO:1990398 -[is_a]-> GO:1903113
GO:1990398 -[is_a]-> GO:1903114
GO:1990398 -[part_of]-> GO:0005887
GO:1990399 -[is_a]-> GO:0042246
GO:1990399 -[is_a]-> GO:0060429
GO:1990399 -[part_of]-> GO:0042060
GO:1990400 -[is_a]-> GO:0070180
GO:1990401 -[is_a]-> GO:0048568
GO:1990402 -[is_a]-> GO:0048568
GO:1990403 -[is_a]-> GO:0048568
GO:1990404 -[is_a]-> GO:0016763
GO:1990404 -[part_of]-> GO:0006471
GO:1990405 -[is_a]-> GO:0003823
GO:1990405 -[is_a]-> GO:0005515
GO:1990406 -[is_a]-> GO:1903439
GO:1990406 -[part_of]-> GO:0005887
GO:1990407 -[is_a]-> GO:0097644
GO:1990408 -[is_a]-> GO:0097646
GO:1990409 -[is_a]-> GO:0097644
GO:1990410 -[is_a]-> GO:0038042
GO:1990410 -[is_a]-> GO:0097646
GO:1990411 -[is_a]-> GO:0016846
GO:1990411 -[part_of]-> GO:0052699
GO:1990412 -[is_a]-> GO:0016846
GO:1990413 -[is_a]-> GO:0043229
GO:1990414 -[is_a]-> GO:0000724
GO:1990415 -[is_a]-> GO:0032991
GO:1990416 -[is_a]-> GO:1990090
GO:1990417 -[is_a]-> GO:0006364
GO:1990417 -[is_a]-> GO:0016074
GO:1990418 -[is_a]-> GO:0009725
GO:1990420 -[is_a]-> GO:0031028
GO:1990421 -[is_a]-> GO:0000792
GO:1990422 -[is_a]-> GO:0016836
GO:1990422 -[part_of]-> GO:0046295
GO:1990422 -[part_of]-> GO:1903190
GO:1990423 -[is_a]-> GO:0043234
GO:1990423 -[is_a]-> GO:0044427
GO:1990423 -[part_of]-> GO:0000776
GO:1990424 -[is_a]-> GO:0004672
GO:1990425 -[is_a]-> GO:0005891
GO:1990425 -[is_a]-> GO:0044432
GO:1990425 -[part_of]-> GO:0005789
GO:1990425 -[part_of]-> GO:0033017
GO:1990426 -[is_a]-> GO:0031297
GO:1990426 -[has_part]-> GO:0006312
GO:1990427 -[is_a]-> GO:0044463
GO:1990427 -[is_a]-> GO:0097458
GO:1990427 -[part_of]-> GO:0002140
GO:1990428 -[is_a]-> GO:0050658
GO:1990429 -[is_a]-> GO:1990351
GO:1990429 -[is_a]-> GO:1990415
GO:1990430 -[is_a]-> GO:0005515
GO:1990431 -[is_a]-> GO:0043628
GO:1990432 -[is_a]-> GO:0043628
GO:1990433 -[is_a]-> GO:0044798
GO:1990433 -[part_of]-> GO:0005634
GO:1990434 -[is_a]-> GO:1990427
GO:1990435 -[is_a]-> GO:1990427
GO:1990437 -[is_a]-> GO:0001510
GO:1990437 -[is_a]-> GO:0040031
GO:1990438 -[is_a]-> GO:1990437
GO:1990439 -[is_a]-> GO:0004725
GO:1990439 -[is_a]-> GO:0033549
GO:1990440 -[is_a]-> GO:0034976
GO:1990440 -[is_a]-> GO:0036003
GO:1990441 -[is_a]-> GO:0034976
GO:1990441 -[is_a]-> GO:0097201
GO:1990442 -[is_a]-> GO:0071500
GO:1990442 -[is_a]-> GO:0097193
GO:1990443 -[is_a]-> GO:0018107
GO:1990443 -[is_a]-> GO:0046777
GO:1990444 -[is_a]-> GO:0019904
GO:1990446 -[is_a]-> GO:0070990
GO:1990447 -[is_a]-> GO:0070990
GO:1990448 -[is_a]-> GO:0032403
GO:1990450 -[is_a]-> GO:0031593
GO:1990451 -[is_a]-> GO:0033554
GO:1990451 -[is_a]-> GO:0071468
GO:1990452 -[is_a]-> GO:0000151
GO:1990453 -[is_a]-> GO:0043234
GO:1990453 -[is_a]-> GO:0044428
GO:1990453 -[part_of]-> GO:0005634
GO:1990454 -[is_a]-> GO:0005891
GO:1990454 -[part_of]-> GO:0030315
GO:1990455 -[is_a]-> GO:0043234
GO:1990455 -[is_a]-> GO:0044464
GO:1990455 -[is_a]-> GO:1904144
GO:1990455 -[part_of]-> GO:0005623
GO:1990456 -[is_a]-> GO:0016043
GO:1990456 -[is_a]-> GO:0051659
GO:1990457 -[is_a]-> GO:0045335
GO:1990458 -[is_a]-> GO:0097367
GO:1990459 -[is_a]-> GO:0005102
GO:1990460 -[is_a]-> GO:0005102
GO:1990461 -[is_a]-> GO:0061687
GO:1990461 -[part_of]-> GO:0010039
GO:1990462 -[is_a]-> GO:0043231
GO:1990462 -[part_of]-> GO:0012505
GO:1990463 -[is_a]-> GO:0043234
GO:1990463 -[is_a]-> GO:0044448
GO:1990463 -[part_of]-> GO:0097575
GO:1990464 -[is_a]-> GO:0016901
GO:1990465 -[is_a]-> GO:0016830
GO:1990466 -[is_a]-> GO:0016925
GO:1990467 -[is_a]-> GO:0033100
GO:1990468 -[is_a]-> GO:0033100
GO:1990469 -[is_a]-> GO:0043234
GO:1990469 -[is_a]-> GO:0044428
GO:1990469 -[part_of]-> GO:0043073
GO:1990470 -[is_a]-> GO:1990837
GO:1990471 -[is_a]-> GO:1990470
GO:1990472 -[is_a]-> GO:1990470
GO:1990473 -[is_a]-> GO:0005048
GO:1990474 -[is_a]-> GO:0008021
GO:1990474 -[is_a]-> GO:0033267
GO:1990474 -[part_of]-> GO:0043195
GO:1990475 -[is_a]-> GO:0008021
GO:1990475 -[part_of]-> GO:0098794
GO:1990476 -[is_a]-> GO:0008021
GO:1990476 -[is_a]-> GO:0033267
GO:1990476 -[part_of]-> GO:0043195
GO:1990477 -[is_a]-> GO:0043234
GO:1990477 -[has_part]-> GO:1990345
GO:1990478 -[is_a]-> GO:0009612
GO:1990481 -[is_a]-> GO:0001522
GO:1990481 -[is_a]-> GO:0016556
GO:1990482 -[is_a]-> GO:0008194
GO:1990483 -[is_a]-> GO:0000118
GO:1990483 -[is_a]-> GO:0044454
GO:1990483 -[part_of]-> GO:0000790
GO:1990484 -[is_a]-> GO:1903457
GO:1990485 -[is_a]-> GO:1903457
GO:1990486 -[is_a]-> GO:0009062
GO:1990487 -[is_a]-> GO:0046274
GO:1990488 -[is_a]-> GO:0030245
GO:1990489 -[is_a]-> GO:0045490
GO:1990490 -[is_a]-> GO:0016469
GO:1990491 -[is_a]-> GO:0019387
GO:1990491 -[is_a]-> GO:1902421
GO:1990492 -[is_a]-> GO:0007093
GO:1990492 -[is_a]-> GO:1903500
GO:1990497 -[is_a]-> GO:0043555
GO:1990497 -[is_a]-> GO:2000765
GO:1990498 -[is_a]-> GO:0005876
GO:1990498 -[part_of]-> GO:0072686
GO:1990499 -[is_a]-> GO:0043234
GO:1990499 -[is_a]-> GO:0044448
GO:1990499 -[part_of]-> GO:0045179
GO:1990500 -[is_a]-> GO:0044422
GO:1990500 -[is_a]-> GO:0044444
GO:1990500 -[is_a]-> GO:1903502
GO:1990500 -[part_of]-> GO:0000932
GO:1990501 -[is_a]-> GO:0035145
GO:1990501 -[is_a]-> GO:1903503
GO:1990502 -[is_a]-> GO:0061792
GO:1990503 -[is_a]-> GO:0042599
GO:1990503 -[is_a]-> GO:0044463
GO:1990503 -[is_a]-> GO:0097458
GO:1990503 -[part_of]-> GO:0030425
GO:1990504 -[is_a]-> GO:0017156
GO:1990505 -[is_a]-> GO:1902298
GO:1990505 -[is_a]-> GO:1903047
GO:1990505 -[part_of]-> GO:0000278
GO:1990505 -[part_of]-> GO:1902969
GO:1990506 -[is_a]-> GO:1902969
GO:1990506 -[part_of]-> GO:0000278
GO:1990507 -[is_a]-> GO:0061077
GO:1990508 -[is_a]-> GO:0019908
GO:1990508 -[part_of]-> GO:0005634
GO:1990509 -[is_a]-> GO:0043234
GO:1990509 -[has_part]-> GO:1990501
GO:1990511 -[is_a]-> GO:0034587
GO:1990512 -[is_a]-> GO:0090568
GO:1990512 -[part_of]-> GO:0005634
GO:1990513 -[is_a]-> GO:0044798
GO:1990513 -[part_of]-> GO:0005634
GO:1990514 -[is_a]-> GO:0036453
GO:1990515 -[is_a]-> GO:0036453
GO:1990516 -[is_a]-> GO:0070716
GO:1990518 -[is_a]-> GO:0017116
GO:1990518 -[is_a]-> GO:0043140
GO:1990519 -[is_a]-> GO:0006864
GO:1990519 -[is_a]-> GO:0072531
GO:1990519 -[is_a]-> GO:1901679
GO:1990519 -[is_a]-> GO:1990542
GO:1990520 -[is_a]-> GO:0043234
GO:1990520 -[is_a]-> GO:1905369
GO:1990521 -[is_a]-> GO:0008047
GO:1990521 -[positively_regulates]-> GO:0050072
GO:1990522 -[is_a]-> GO:0009653
GO:1990523 -[is_a]-> GO:0042246
GO:1990524 -[is_a]-> GO:0098800
GO:1990524 -[part_of]-> GO:0031304
GO:1990525 -[is_a]-> GO:0019904
GO:1990526 -[is_a]-> GO:0043234
GO:1990527 -[is_a]-> GO:0043234
GO:1990528 -[is_a]-> GO:0043234
GO:1990529 -[is_a]-> GO:0031501
GO:1990529 -[is_a]-> GO:0043234
GO:1990529 -[is_a]-> GO:0044432
GO:1990529 -[part_of]-> GO:0005783
GO:1990530 -[is_a]-> GO:0043234
GO:1990531 -[is_a]-> GO:0043234
GO:1990531 -[is_a]-> GO:1904949
GO:1990531 -[is_a]-> GO:1990351
GO:1990532 -[is_a]-> GO:0097501
GO:1990533 -[is_a]-> GO:0043234
GO:1990534 -[is_a]-> GO:0016647
GO:1990535 -[is_a]-> GO:0043954
GO:1990536 -[is_a]-> GO:0089722
GO:1990537 -[is_a]-> GO:0005827
GO:1990537 -[is_a]-> GO:1990498
GO:1990538 -[is_a]-> GO:0016413
GO:1990539 -[is_a]-> GO:0032445
GO:1990539 -[is_a]-> GO:0035428
GO:1990539 -[is_a]-> GO:0098704
GO:1990540 -[is_a]-> GO:0071421
GO:1990540 -[is_a]-> GO:1990542
GO:1990541 -[is_a]-> GO:0006843
GO:1990541 -[is_a]-> GO:0098656
GO:1990541 -[is_a]-> GO:1990542
GO:1990542 -[is_a]-> GO:0006839
GO:1990542 -[is_a]-> GO:0055085
GO:1990543 -[is_a]-> GO:1901962
GO:1990543 -[is_a]-> GO:1990542
GO:1990544 -[is_a]-> GO:0015860
GO:1990544 -[is_a]-> GO:0015867
GO:1990544 -[is_a]-> GO:1901679
GO:1990544 -[is_a]-> GO:1990542
GO:1990545 -[is_a]-> GO:0030974
GO:1990545 -[is_a]-> GO:0072531
GO:1990545 -[is_a]-> GO:1990542
GO:1990546 -[is_a]-> GO:0035674
GO:1990546 -[is_a]-> GO:1990542
GO:1990547 -[is_a]-> GO:0035435
GO:1990547 -[is_a]-> GO:1990542
GO:1990548 -[is_a]-> GO:0035350
GO:1990548 -[is_a]-> GO:1990542
GO:1990549 -[is_a]-> GO:0035352
GO:1990549 -[is_a]-> GO:1990542
GO:1990550 -[is_a]-> GO:0015742
GO:1990550 -[is_a]-> GO:0098656
GO:1990550 -[is_a]-> GO:1990542
GO:1990551 -[is_a]-> GO:0006835
GO:1990551 -[is_a]-> GO:0098656
GO:1990551 -[is_a]-> GO:1990542
GO:1990553 -[is_a]-> GO:1902558
GO:1990553 -[is_a]-> GO:1990542
GO:1990554 -[is_a]-> GO:1902559
GO:1990554 -[is_a]-> GO:1990542
GO:1990555 -[is_a]-> GO:1902356
GO:1990555 -[is_a]-> GO:1990542
GO:1990556 -[is_a]-> GO:1902357
GO:1990556 -[is_a]-> GO:1990542
GO:1990557 -[is_a]-> GO:1902358
GO:1990557 -[is_a]-> GO:1990542
GO:1990558 -[is_a]-> GO:0006835
GO:1990558 -[is_a]-> GO:0098656
GO:1990558 -[is_a]-> GO:1990542
GO:1990559 -[is_a]-> GO:0035349
GO:1990559 -[is_a]-> GO:1990542
GO:1990561 -[is_a]-> GO:0035874
GO:1990561 -[is_a]-> GO:0043618
GO:1990562 -[is_a]-> GO:1990563
GO:1990562 -[part_of]-> GO:0070062
GO:1990563 -[is_a]-> GO:0043234
GO:1990563 -[is_a]-> GO:0044421
GO:1990563 -[is_a]-> GO:0044422
GO:1990563 -[part_of]-> GO:0070062
GO:1990564 -[is_a]-> GO:0071569
GO:1990565 -[is_a]-> GO:0043234
GO:1990565 -[is_a]-> GO:0044444
GO:1990565 -[part_of]-> GO:0005737
GO:1990566 -[is_a]-> GO:1902937
GO:1990567 -[is_a]-> GO:0008287
GO:1990569 -[is_a]-> GO:0015788
GO:1990569 -[is_a]-> GO:0090481
GO:1990570 -[is_a]-> GO:0015784
GO:1990570 -[is_a]-> GO:0090480
GO:1990571 -[is_a]-> GO:0070192
GO:1990571 -[is_a]-> GO:0098653
GO:1990571 -[part_of]-> GO:0045132
GO:1990572 -[is_a]-> GO:0030529
GO:1990572 -[is_a]-> GO:0031379
GO:1990573 -[is_a]-> GO:0071805
GO:1990573 -[is_a]-> GO:0098739
GO:1990573 -[part_of]-> GO:0010107
GO:1990574 -[is_a]-> GO:0000235
GO:1990574 -[part_of]-> GO:0072687
GO:1990575 -[is_a]-> GO:0000066
GO:1990575 -[is_a]-> GO:0098656
GO:1990575 -[is_a]-> GO:1903352
GO:1990575 -[is_a]-> GO:1990542
GO:1990576 -[is_a]-> GO:0004930
GO:1990577 -[is_a]-> GO:0006482
GO:1990578 -[is_a]-> GO:0016020
GO:1990578 -[is_a]-> GO:0044425
GO:1990578 -[is_a]-> GO:0044432
GO:1990578 -[part_of]-> GO:0042175
GO:1990578 -[part_of]-> GO:0097038
GO:1990579 -[is_a]-> GO:0036289
GO:1990579 -[is_a]-> GO:0036290
GO:1990580 -[is_a]-> GO:0006449
GO:1990580 -[is_a]-> GO:2000765
GO:1990580 -[regulates]-> GO:0002184
GO:1990583 -[is_a]-> GO:0016004
GO:1990583 -[positively_regulates]-> GO:0004630
GO:1990584 -[is_a]-> GO:0005861
GO:1990584 -[part_of]-> GO:0030017
GO:1990585 -[is_a]-> GO:0016763
GO:1990586 -[is_a]-> GO:0043234
GO:1990586 -[is_a]-> GO:0044457
GO:1990586 -[part_of]-> GO:0030428
GO:1990587 -[is_a]-> GO:1990586
GO:1990588 -[is_a]-> GO:0044445
GO:1990588 -[is_a]-> GO:1990586
GO:1990588 -[part_of]-> GO:0005829
GO:1990588 -[part_of]-> GO:1990587
GO:1990589 -[is_a]-> GO:0090575
GO:1990589 -[part_of]-> GO:0005634
GO:1990590 -[is_a]-> GO:0090575
GO:1990590 -[part_of]-> GO:0005634
GO:1990591 -[is_a]-> GO:0034487
GO:1990591 -[is_a]-> GO:0044745
GO:1990591 -[is_a]-> GO:0090469
GO:1990591 -[is_a]-> GO:1903713
GO:1990592 -[is_a]-> GO:1990564
GO:1990593 -[is_a]-> GO:0032403
GO:1990594 -[is_a]-> GO:0016836
GO:1990595 -[is_a]-> GO:0004930
GO:1990596 -[is_a]-> GO:0070932
GO:1990597 -[is_a]-> GO:0043234
GO:1990598 -[is_a]-> GO:0022402
GO:1990598 -[is_a]-> GO:0072479
GO:1990598 -[part_of]-> GO:0051310
GO:1990599 -[is_a]-> GO:0000014
GO:1990600 -[is_a]-> GO:0008047
GO:1990600 -[part_of]-> GO:0032079
GO:1990601 -[is_a]-> GO:0000014
GO:1990602 -[is_a]-> GO:0031074
GO:1990603 -[is_a]-> GO:0071485
GO:1990604 -[is_a]-> GO:0044432
GO:1990604 -[is_a]-> GO:0098796
GO:1990604 -[part_of]-> GO:0005789
GO:1990605 -[is_a]-> GO:0003723
GO:1990606 -[is_a]-> GO:0061791
GO:1990608 -[is_a]-> GO:0071789
GO:1990608 -[is_a]-> GO:1903047
GO:1990609 -[is_a]-> GO:0030234
GO:1990610 -[is_a]-> GO:0030234
GO:1990611 -[is_a]-> GO:0043558
GO:1990611 -[is_a]-> GO:1990497
GO:1990612 -[is_a]-> GO:0034993
GO:1990612 -[is_a]-> GO:1990391
GO:1990613 -[is_a]-> GO:0007006
GO:1990613 -[is_a]-> GO:0090174
GO:1990613 -[occurs_in]-> GO:0005739
GO:1990614 -[is_a]-> GO:1903830
GO:1990614 -[is_a]-> GO:1990542
GO:1990615 -[is_a]-> GO:0043234
GO:1990616 -[is_a]-> GO:1990614
GO:1990617 -[is_a]-> GO:0090575
GO:1990619 -[is_a]-> GO:0070932
GO:1990620 -[is_a]-> GO:0043235
GO:1990621 -[is_a]-> GO:0044440
GO:1990621 -[is_a]-> GO:0098796
GO:1990621 -[part_of]-> GO:0010008
GO:1990622 -[is_a]-> GO:0043234
GO:1990623 -[is_a]-> GO:0043679
GO:1990624 -[is_a]-> GO:0030234
GO:1990625 -[is_a]-> GO:0032057
GO:1990625 -[is_a]-> GO:1990611
GO:1990625 -[is_a]-> GO:2000766
GO:1990626 -[is_a]-> GO:0007008
GO:1990626 -[is_a]-> GO:1990613
GO:1990627 -[is_a]-> GO:0007007
GO:1990627 -[is_a]-> GO:1990613
GO:1990629 -[is_a]-> GO:0044432
GO:1990629 -[is_a]-> GO:0098796
GO:1990629 -[part_of]-> GO:0033017
GO:1990630 -[is_a]-> GO:0043234
GO:1990631 -[is_a]-> GO:0005102
GO:1990632 -[is_a]-> GO:0060445
GO:1990633 -[is_a]-> GO:0036464
GO:1990633 -[part_of]-> GO:0048471
GO:1990634 -[is_a]-> GO:0019903
GO:1990635 -[is_a]-> GO:0044463
GO:1990635 -[is_a]-> GO:0097458
GO:1990635 -[part_of]-> GO:0030425
GO:1990636 -[is_a]-> GO:0010259
GO:1990637 -[is_a]-> GO:0043434
GO:1990638 -[is_a]-> GO:0034097
GO:1990640 -[is_a]-> GO:0046030
GO:1990641 -[is_a]-> GO:0042594
GO:1990643 -[is_a]-> GO:0071345
GO:1990643 -[is_a]-> GO:1990638
GO:1990644 -[is_a]-> GO:0030674
GO:1990646 -[is_a]-> GO:0071375
GO:1990646 -[is_a]-> GO:1990637
GO:1990647 -[is_a]-> GO:0090575
GO:1990648 -[is_a]-> GO:0046030
GO:1990649 -[is_a]-> GO:0052743
GO:1990650 -[is_a]-> GO:0052743
GO:1990651 -[is_a]-> GO:0052827
GO:1990654 -[is_a]-> GO:0008283
GO:1990655 -[is_a]-> GO:0051536
GO:1990656 -[is_a]-> GO:0072657
GO:1990657 -[is_a]-> GO:1903958
GO:1990657 -[is_a]-> GO:1990658
GO:1990657 -[part_of]-> GO:0005737
GO:1990658 -[is_a]-> GO:0044444
GO:1990658 -[is_a]-> GO:1990234
GO:1990658 -[part_of]-> GO:0005737
GO:1990659 -[is_a]-> GO:0051238
GO:1990659 -[part_of]-> GO:0030026
GO:1990660 -[is_a]-> GO:0043234
GO:1990661 -[is_a]-> GO:0043234
GO:1990662 -[is_a]-> GO:0043234
GO:1990662 -[is_a]-> GO:1990351
GO:1990663 -[is_a]-> GO:0004152
GO:1990664 -[is_a]-> GO:0044798
GO:1990665 -[is_a]-> GO:0043234
GO:1990666 -[is_a]-> GO:0043234
GO:1990667 -[is_a]-> GO:0043234
GO:1990668 -[is_a]-> GO:0006906
GO:1990668 -[part_of]-> GO:0016192
GO:1990669 -[is_a]-> GO:0048279
GO:1990669 -[part_of]-> GO:0006890
GO:1990670 -[is_a]-> GO:0006906
GO:1990670 -[part_of]-> GO:0016192
GO:1990671 -[is_a]-> GO:0048280
GO:1990672 -[is_a]-> GO:0048210
GO:1990672 -[is_a]-> GO:0048280
GO:1990672 -[part_of]-> GO:0048219
GO:1990673 -[is_a]-> GO:0031300
GO:1990673 -[is_a]-> GO:0044444
GO:1990673 -[part_of]-> GO:0033116
GO:1990674 -[is_a]-> GO:0032580
GO:1990674 -[part_of]-> GO:0000137
GO:1990675 -[is_a]-> GO:0032580
GO:1990675 -[part_of]-> GO:0005797
GO:1990676 -[is_a]-> GO:0032580
GO:1990676 -[part_of]-> GO:0000138
GO:1990677 -[is_a]-> GO:0098800
GO:1990677 -[part_of]-> GO:0005743
GO:1990678 -[is_a]-> GO:0070933
GO:1990679 -[is_a]-> GO:0070933
GO:1990680 -[is_a]-> GO:0043434
GO:1990682 -[is_a]-> GO:0043234
GO:1990683 -[is_a]-> GO:0097240
GO:1990684 -[is_a]-> GO:0032991
GO:1990685 -[is_a]-> GO:1990684
GO:1990686 -[is_a]-> GO:1990684
GO:1990687 -[is_a]-> GO:1990668
GO:1990687 -[part_of]-> GO:0006888
GO:1990688 -[is_a]-> GO:1990668
GO:1990688 -[part_of]-> GO:0006890
GO:1990689 -[is_a]-> GO:0048280
GO:1990689 -[is_a]-> GO:1990670
GO:1990689 -[part_of]-> GO:0006888
GO:1990690 -[is_a]-> GO:0048210
GO:1990690 -[is_a]-> GO:0048280
GO:1990690 -[part_of]-> GO:0000301
GO:1990691 -[is_a]-> GO:0048210
GO:1990691 -[is_a]-> GO:0048280
GO:1990691 -[part_of]-> GO:0048219
GO:1990692 -[is_a]-> GO:0048210
GO:1990692 -[is_a]-> GO:0048280
GO:1990692 -[part_of]-> GO:0000301
GO:1990693 -[is_a]-> GO:0031228
GO:1990693 -[part_of]-> GO:1990674
GO:1990694 -[is_a]-> GO:0031228
GO:1990694 -[part_of]-> GO:1990675
GO:1990695 -[is_a]-> GO:0031228
GO:1990695 -[part_of]-> GO:1990676
GO:1990696 -[is_a]-> GO:0043234
GO:1990697 -[is_a]-> GO:0035601
GO:1990697 -[is_a]-> GO:0042159
GO:1990698 -[is_a]-> GO:0016747
GO:1990699 -[is_a]-> GO:0052689
GO:1990700 -[is_a]-> GO:0016043
GO:1990700 -[part_of]-> GO:0006325
GO:1990701 -[is_a]-> GO:0031301
GO:1990701 -[is_a]-> GO:1990673
GO:1990701 -[part_of]-> GO:0033116
GO:1990702 -[is_a]-> GO:0030173
GO:1990702 -[is_a]-> GO:1990693
GO:1990702 -[part_of]-> GO:1990674
GO:1990703 -[is_a]-> GO:0030173
GO:1990703 -[is_a]-> GO:1990694
GO:1990703 -[part_of]-> GO:1990675
GO:1990704 -[is_a]-> GO:0030173
GO:1990704 -[is_a]-> GO:1990695
GO:1990704 -[part_of]-> GO:1990676
GO:1990705 -[is_a]-> GO:0050673
GO:1990706 -[is_a]-> GO:0043234
GO:1990707 -[is_a]-> GO:0005720
GO:1990707 -[is_a]-> GO:1990421
GO:1990707 -[part_of]-> GO:0005634
GO:1990708 -[is_a]-> GO:0008306
GO:1990709 -[is_a]-> GO:0016043
GO:1990709 -[part_of]-> GO:0050808
GO:1990710 -[is_a]-> GO:0032300
GO:1990710 -[is_a]-> GO:1904949
GO:1990711 -[is_a]-> GO:0090568
GO:1990711 -[is_a]-> GO:0090575
GO:1990711 -[part_of]-> GO:0005654
GO:1990712 -[is_a]-> GO:0098802
GO:1990712 -[part_of]-> GO:0005886
GO:1990713 -[is_a]-> GO:0043234
GO:1990713 -[is_a]-> GO:0044451
GO:1990713 -[part_of]-> GO:0005654
GO:1990714 -[is_a]-> GO:0008378
GO:1990715 -[is_a]-> GO:0003729
GO:1990716 -[is_a]-> GO:0044447
GO:1990717 -[is_a]-> GO:0044447
GO:1990717 -[part_of]-> GO:1990716
GO:1990718 -[is_a]-> GO:0044447
GO:1990718 -[part_of]-> GO:1990716
GO:1990719 -[is_a]-> GO:0005879
GO:1990719 -[part_of]-> GO:0097540
GO:1990720 -[is_a]-> GO:0005879
GO:1990720 -[part_of]-> GO:0097540
GO:1990722 -[is_a]-> GO:0044464
GO:1990722 -[is_a]-> GO:1902554
GO:1990722 -[part_of]-> GO:0005623
GO:1990723 -[is_a]-> GO:0048471
GO:1990724 -[is_a]-> GO:0043234
GO:1990724 -[is_a]-> GO:0098635
GO:1990725 -[is_a]-> GO:0038023
GO:1990726 -[is_a]-> GO:0043234
GO:1990727 -[is_a]-> GO:0043234
GO:1990728 -[is_a]-> GO:0043234
GO:1990728 -[is_a]-> GO:0044444
GO:1990728 -[has_part]-> GO:1990706
GO:1990728 -[part_of]-> GO:0005737
GO:1990729 -[is_a]-> GO:0009451
GO:1990729 -[is_a]-> GO:0031053
GO:1990730 -[is_a]-> GO:0043234
GO:1990730 -[is_a]-> GO:0044444
GO:1990731 -[is_a]-> GO:0090305
GO:1990731 -[part_of]-> GO:0070914
GO:1990732 -[is_a]-> GO:0043232
GO:1990732 -[is_a]-> GO:0044435
GO:1990732 -[part_of]-> GO:0009536
GO:1990733 -[is_a]-> GO:0043234
GO:1990733 -[is_a]-> GO:0044449
GO:1990733 -[part_of]-> GO:0030018
GO:1990734 -[is_a]-> GO:0034631
GO:1990735 -[is_a]-> GO:0033566
GO:1990735 -[is_a]-> GO:1902440
GO:1990736 -[is_a]-> GO:0051899
GO:1990737 -[is_a]-> GO:0034976
GO:1990737 -[is_a]-> GO:0071287
GO:1990738 -[is_a]-> GO:0016791
GO:1990739 -[is_a]-> GO:0050673
GO:1990742 -[is_a]-> GO:1903561
GO:1990743 -[is_a]-> GO:0006464
GO:1990743 -[is_a]-> GO:0097503
GO:1990744 -[is_a]-> GO:0001510
GO:1990744 -[is_a]-> GO:1990729
GO:1990745 -[is_a]-> GO:0043234
GO:1990745 -[is_a]-> GO:0044440
GO:1990745 -[part_of]-> GO:0055037
GO:1990746 -[is_a]-> GO:0098855
GO:1990747 -[is_a]-> GO:0009306
GO:1990747 -[part_of]-> GO:0030157
GO:1990748 -[is_a]-> GO:0009987
GO:1990748 -[is_a]-> GO:0098754
GO:1990749 -[is_a]-> GO:0008047
GO:1990751 -[is_a]-> GO:0036135
GO:1990751 -[is_a]-> GO:0060326
GO:1990752 -[is_a]-> GO:0044430
GO:1990752 -[part_of]-> GO:0005874
GO:1990753 -[is_a]-> GO:0099738
GO:1990755 -[is_a]-> GO:0007019
GO:1990756 -[is_a]-> GO:0030674
GO:1990756 -[part_of]-> GO:0016567
GO:1990757 -[is_a]-> GO:0097027
GO:1990757 -[part_of]-> GO:1904668
GO:1990758 -[is_a]-> GO:0031134
GO:1990758 -[is_a]-> GO:0051315
GO:1990758 -[has_part]-> GO:0051010
GO:1990758 -[part_of]-> GO:0000278
GO:1990759 -[is_a]-> GO:0098855
GO:1990760 -[is_a]-> GO:0005034
GO:1990760 -[is_a]-> GO:0005261
GO:1990760 -[is_a]-> GO:0022836
GO:1990761 -[is_a]-> GO:0030027
GO:1990761 -[is_a]-> GO:0044463
GO:1990761 -[is_a]-> GO:0097458
GO:1990761 -[part_of]-> GO:0030426
GO:1990762 -[is_a]-> GO:0006419
GO:1990762 -[part_of]-> GO:0002181
GO:1990763 -[is_a]-> GO:0005515
GO:1990764 -[is_a]-> GO:0070252
GO:1990765 -[is_a]-> GO:0006939
GO:1990765 -[part_of]-> GO:0014827
GO:1990767 -[is_a]-> GO:0002031
GO:1990768 -[is_a]-> GO:0008015
GO:1990769 -[is_a]-> GO:0043005
GO:1990770 -[is_a]-> GO:0006939
GO:1990770 -[part_of]-> GO:0014827
GO:1990771 -[is_a]-> GO:0051650
GO:1990771 -[is_a]-> GO:0072583
GO:1990772 -[is_a]-> GO:0030072
GO:1990773 -[is_a]-> GO:0009306
GO:1990774 -[is_a]-> GO:0050663
GO:1990774 -[part_of]-> GO:0032640
GO:1990775 -[is_a]-> GO:0050663
GO:1990776 -[is_a]-> GO:0043434
GO:1990777 -[is_a]-> GO:0032994
GO:1990778 -[is_a]-> GO:0034613
GO:1990779 -[is_a]-> GO:0090665
GO:1990779 -[is_a]-> GO:0098797
GO:1990779 -[is_a]-> GO:0098802
GO:1990779 -[part_of]-> GO:0005887
GO:1990780 -[is_a]-> GO:0009898
GO:1990780 -[is_a]-> GO:0044456
GO:1990780 -[is_a]-> GO:0044463
GO:1990780 -[is_a]-> GO:0097458
GO:1990780 -[part_of]-> GO:0032591
GO:1990781 -[is_a]-> GO:0035902
GO:1990781 -[is_a]-> GO:0051602
GO:1990782 -[is_a]-> GO:0019901
GO:1990783 -[is_a]-> GO:0044444
GO:1990784 -[is_a]-> GO:0014070
GO:1990784 -[is_a]-> GO:1901698
GO:1990785 -[is_a]-> GO:0035902
GO:1990786 -[is_a]-> GO:0071407
GO:1990786 -[is_a]-> GO:1901699
GO:1990786 -[is_a]-> GO:1990784
GO:1990787 -[is_a]-> GO:0045879
GO:1990787 -[is_a]-> GO:0051090
GO:1990788 -[is_a]-> GO:0043234
GO:1990788 -[is_a]-> GO:0044445
GO:1990788 -[part_of]-> GO:0005829
GO:1990789 -[is_a]-> GO:0050673
GO:1990789 -[part_of]-> GO:0030878
GO:1990790 -[is_a]-> GO:0009719
GO:1990790 -[is_a]-> GO:0070848
GO:1990791 -[is_a]-> GO:0061548
GO:1990792 -[is_a]-> GO:0071363
GO:1990792 -[is_a]-> GO:0071495
GO:1990792 -[is_a]-> GO:1990790
GO:1990793 -[is_a]-> GO:0007269
GO:1990793 -[is_a]-> GO:1990772
GO:1990794 -[is_a]-> GO:0044464
GO:1990794 -[part_of]-> GO:0045178
GO:1990794 -[part_of]-> GO:0097574
GO:1990795 -[is_a]-> GO:0043195
GO:1990796 -[is_a]-> GO:0043195
GO:1990798 -[is_a]-> GO:0031100
GO:1990799 -[is_a]-> GO:0002143
GO:1990799 -[is_a]-> GO:0070899
GO:1990799 -[is_a]-> GO:0070903
GO:1990801 -[is_a]-> GO:0006468
GO:1990801 -[is_a]-> GO:1903047
GO:1990801 -[part_of]-> GO:0090307
GO:1990802 -[is_a]-> GO:0006468
GO:1990802 -[part_of]-> GO:0000729
GO:1990803 -[is_a]-> GO:0006468
GO:1990803 -[part_of]-> GO:1902889
GO:1990804 -[is_a]-> GO:0006468
GO:1990804 -[part_of]-> GO:0006303
GO:1990805 -[is_a]-> GO:0044441
GO:1990805 -[part_of]-> GO:0035869
GO:1990808 -[is_a]-> GO:0019904
GO:1990809 -[is_a]-> GO:0071786
GO:1990809 -[is_a]-> GO:0090158
GO:1990809 -[is_a]-> GO:1902589
GO:1990810 -[is_a]-> GO:0034631
GO:1990810 -[is_a]-> GO:1903047
GO:1990810 -[part_of]-> GO:0007052
GO:1990811 -[is_a]-> GO:0043234
GO:1990812 -[is_a]-> GO:0030175
GO:1990812 -[is_a]-> GO:0044463
GO:1990812 -[is_a]-> GO:0097458
GO:1990812 -[part_of]-> GO:0030426
GO:1990813 -[is_a]-> GO:0035875
GO:1990814 -[is_a]-> GO:0097617
GO:1990816 -[is_a]-> GO:0044232
GO:1990817 -[is_a]-> GO:0004652
GO:1990818 -[is_a]-> GO:0034488
GO:1990818 -[is_a]-> GO:1903400
GO:1990819 -[is_a]-> GO:0044430
GO:1990819 -[is_a]-> GO:0044463
GO:1990819 -[has_part]-> GO:0005884
GO:1990819 -[part_of]-> GO:0015629
GO:1990819 -[part_of]-> GO:0043332
GO:1990820 -[is_a]-> GO:0072402
GO:1990820 -[is_a]-> GO:0072414
GO:1990821 -[is_a]-> GO:0008646
GO:1990821 -[is_a]-> GO:0098708
GO:1990822 -[is_a]-> GO:0003333
GO:1990822 -[is_a]-> GO:0015802
GO:1990823 -[is_a]-> GO:0034097
GO:1990825 -[is_a]-> GO:0003729
GO:1990826 -[is_a]-> GO:0044451
GO:1990827 -[is_a]-> GO:0019899
GO:1990828 -[is_a]-> GO:0043697
GO:1990829 -[is_a]-> GO:0003697
GO:1990830 -[is_a]-> GO:0071345
GO:1990830 -[is_a]-> GO:1990823
GO:1990831 -[is_a]-> GO:1904588
GO:1990832 -[is_a]-> GO:0008088
GO:1990833 -[is_a]-> GO:0042623
GO:1990833 -[part_of]-> GO:0072318
GO:1990834 -[is_a]-> GO:0042221
GO:1990836 -[is_a]-> GO:0044437
GO:1990836 -[part_of]-> GO:0043202
GO:1990837 -[is_a]-> GO:0003690
GO:1990837 -[is_a]-> GO:0043565
GO:1990838 -[is_a]-> GO:0000175
GO:1990839 -[is_a]-> GO:0043434
GO:1990840 -[is_a]-> GO:0009607
GO:1990841 -[is_a]-> GO:0003682
GO:1990843 -[is_a]-> GO:0005739
GO:1990844 -[is_a]-> GO:0005739
GO:1990845 -[is_a]-> GO:0044236
GO:1990846 -[is_a]-> GO:0004857
GO:1990847 -[is_a]-> GO:0071833
GO:1990847 -[is_a]-> GO:0090539
GO:1990849 -[is_a]-> GO:0051640
GO:1990849 -[is_a]-> GO:0051657
GO:1990849 -[is_a]-> GO:1902580
GO:1990850 -[is_a]-> GO:0098796
GO:1990850 -[is_a]-> GO:1905368
GO:1990850 -[part_of]-> GO:0016020
GO:1990851 -[is_a]-> GO:0098797
GO:1990851 -[part_of]-> GO:0005886
GO:1990852 -[is_a]-> GO:0071989
GO:1990852 -[is_a]-> GO:0098840
GO:1990853 -[is_a]-> GO:0018105
GO:1990853 -[is_a]-> GO:1990164
GO:1990854 -[is_a]-> GO:0016043
GO:1990854 -[is_a]-> GO:0051685
GO:1990854 -[is_a]-> GO:1990849
GO:1990856 -[is_a]-> GO:0000049
GO:1990858 -[is_a]-> GO:1990840
GO:1990859 -[is_a]-> GO:0071375
GO:1990859 -[is_a]-> GO:1990839
GO:1990860 -[is_a]-> GO:0000307
GO:1990861 -[is_a]-> GO:0043234
GO:1990862 -[is_a]-> GO:0032991
GO:1990862 -[is_a]-> GO:0044453
GO:1990862 -[part_of]-> GO:0005639
GO:1990863 -[is_a]-> GO:0050673
GO:1990864 -[is_a]-> GO:0009725
GO:1990867 -[is_a]-> GO:0043434
GO:1990868 -[is_a]-> GO:0034097
GO:1990869 -[is_a]-> GO:0071345
GO:1990869 -[is_a]-> GO:1990868
GO:1990871 -[is_a]-> GO:0043234
GO:1990872 -[is_a]-> GO:0035968
GO:1990872 -[is_a]-> GO:0072368
GO:1990872 -[is_a]-> GO:2000910
GO:1990872 -[negatively_regulates]-> GO:0035376
GO:1990873 -[is_a]-> GO:0031226
GO:1990873 -[part_of]-> GO:0031520
GO:1990874 -[is_a]-> GO:0048659
GO:1990875 -[is_a]-> GO:0044428
GO:1990875 -[part_of]-> GO:0005643
GO:1990876 -[is_a]-> GO:0044428
GO:1990876 -[part_of]-> GO:0005643
GO:1990877 -[is_a]-> GO:1902773
GO:1990878 -[is_a]-> GO:0071375
GO:1990878 -[is_a]-> GO:1990867
GO:1990879 -[is_a]-> GO:0000783
GO:1990880 -[is_a]-> GO:0010273
GO:1990880 -[is_a]-> GO:1990748
GO:1990880 -[part_of]-> GO:0071280
GO:1990882 -[is_a]-> GO:0000154
GO:1990882 -[is_a]-> GO:1990884
GO:1990883 -[is_a]-> GO:0008080
GO:1990884 -[is_a]-> GO:0009451
GO:1990886 -[is_a]-> GO:0008171
GO:1990887 -[is_a]-> GO:0008171
GO:1990888 -[is_a]-> GO:0008171
GO:1990889 -[is_a]-> GO:0035064
GO:1990890 -[is_a]-> GO:0004871
GO:1990890 -[is_a]-> GO:0005102
GO:1990890 -[part_of]-> GO:0038007
GO:1990891 -[is_a]-> GO:1903047
GO:1990891 -[part_of]-> GO:0051306
GO:1990892 -[is_a]-> GO:0007076
GO:1990893 -[is_a]-> GO:0007076
GO:1990895 -[is_a]-> GO:1903066
GO:1990895 -[is_a]-> GO:1904776
GO:1990895 -[regulates]-> GO:1990896
GO:1990896 -[is_a]-> GO:0072697
GO:1990896 -[is_a]-> GO:1990151
GO:1990898 -[is_a]-> GO:0044260
GO:1990898 -[is_a]-> GO:1903046
GO:1990898 -[part_of]-> GO:0010705
GO:1990899 -[is_a]-> GO:0044260
GO:1990899 -[is_a]-> GO:1903046
GO:1990899 -[part_of]-> GO:0010705
GO:1990900 -[is_a]-> GO:0044441
GO:1990900 -[part_of]-> GO:0020016
GO:1990901 -[is_a]-> GO:0060187
GO:1990902 -[is_a]-> GO:0060187
GO:1990903 -[is_a]-> GO:0044421
GO:1990903 -[is_a]-> GO:1990904
GO:1990904 -[is_a]-> GO:0032991
GO:1990905 -[is_a]-> GO:0042995
GO:1990906 -[is_a]-> GO:0042995
GO:1990906 -[is_a]-> GO:0097458
GO:1990907 -[is_a]-> GO:0090575
GO:1990909 -[is_a]-> GO:0043234
GO:1990909 -[has_part]-> GO:1990851
GO:1990910 -[is_a]-> GO:0001666
GO:1990911 -[is_a]-> GO:0006950
GO:1990913 -[is_a]-> GO:0097223
GO:1990913 -[is_a]-> GO:0098590
GO:1990913 -[part_of]-> GO:0097524
GO:1990914 -[is_a]-> GO:0031237
GO:1990914 -[is_a]-> GO:0071575
GO:1990914 -[part_of]-> GO:0098567
GO:1990915 -[is_a]-> GO:0005199
GO:1990916 -[is_a]-> GO:0044426
GO:1990916 -[part_of]-> GO:0005619
GO:1990917 -[is_a]-> GO:0005737
GO:1990918 -[is_a]-> GO:0006302
GO:1990918 -[is_a]-> GO:1903046
GO:1990918 -[part_of]-> GO:0007131
GO:1990919 -[is_a]-> GO:0043495
GO:1990920 -[is_a]-> GO:0031144
GO:1990920 -[is_a]-> GO:1990139
GO:1990922 -[is_a]-> GO:0048144
GO:1990923 -[is_a]-> GO:0032991
GO:1990925 -[is_a]-> GO:0034755
GO:1990925 -[is_a]-> GO:0048250
GO:1990925 -[is_a]-> GO:1990542
GO:1990926 -[is_a]-> GO:0048167
GO:1990927 -[is_a]-> GO:0017156
GO:1990928 -[is_a]-> GO:0042594
GO:1990929 -[is_a]-> GO:0016798
GO:1990930 -[is_a]-> GO:0035515
GO:1990931 -[is_a]-> GO:0035515
GO:1990932 -[is_a]-> GO:0019843
GO:1990933 -[is_a]-> GO:0007010
GO:1990934 -[is_a]-> GO:0043232
GO:1990934 -[is_a]-> GO:0044428
GO:1990934 -[part_of]-> GO:0031981
GO:1990935 -[is_a]-> GO:0005515
GO:1990936 -[is_a]-> GO:0090678
GO:1990937 -[is_a]-> GO:0043412
GO:1990937 -[is_a]-> GO:0045491
GO:1990938 -[is_a]-> GO:0018217
GO:1990938 -[is_a]-> GO:0046777
GO:1990939 -[is_a]-> GO:0003777
GO:1990941 -[is_a]-> GO:0005828
GO:1990941 -[is_a]-> GO:1990498
GO:1990942 -[is_a]-> GO:0051303
GO:1990942 -[part_of]-> GO:0007080
GO:1990943 -[is_a]-> GO:0031634
GO:1990944 -[is_a]-> GO:0051657
GO:1990944 -[part_of]-> GO:0070631
GO:1990946 -[is_a]-> GO:0044771
GO:1990947 -[is_a]-> GO:0044771
GO:1990948 -[is_a]-> GO:0055105
GO:1990948 -[part_of]-> GO:1904667
GO:1990949 -[is_a]-> GO:0044785
GO:1990949 -[part_of]-> GO:0007127
GO:1990950 -[is_a]-> GO:0044785
GO:1990950 -[part_of]-> GO:0007135
GO:1990953 -[is_a]-> GO:0022412
GO:1990953 -[is_a]-> GO:0031503
GO:1990953 -[is_a]-> GO:0098840
GO:1990953 -[occurs_in]-> GO:0002177
GO:1990953 -[part_of]-> GO:0007286
GO:1990954 -[is_a]-> GO:0071989
GO:1990954 -[is_a]-> GO:1902441
GO:1990955 -[is_a]-> GO:0003697
GO:1990956 -[is_a]-> GO:0060326
GO:1990957 -[is_a]-> GO:0043234
GO:1990957 -[is_a]-> GO:0044441
GO:1990957 -[part_of]-> GO:0035869
GO:1990959 -[is_a]-> GO:0001776
GO:1990959 -[is_a]-> GO:0002262
GO:1990960 -[is_a]-> GO:0001776
GO:1990960 -[is_a]-> GO:0002262
GO:1990961 -[is_a]-> GO:0006855
GO:1990961 -[is_a]-> GO:0046618
GO:1990962 -[is_a]-> GO:0015893
GO:1990963 -[is_a]-> GO:0048468
GO:1990964 -[is_a]-> GO:0043234
GO:1990965 -[is_a]-> GO:0016831
GO:1990966 -[is_a]-> GO:0043170
GO:1990966 -[is_a]-> GO:0046034
GO:1990967 -[is_a]-> GO:0044766
GO:1990967 -[is_a]-> GO:1901998
GO:1990968 -[is_a]-> GO:0044868
GO:1990968 -[is_a]-> GO:1905214
GO:1990969 -[is_a]-> GO:0043921
GO:1990969 -[is_a]-> GO:0044868
GO:1990969 -[is_a]-> GO:1905255
GO:1990970 -[is_a]-> GO:0070883
GO:1990971 -[is_a]-> GO:0044420
GO:1990971 -[is_a]-> GO:0098637
GO:1990971 -[part_of]-> GO:0031012
GO:1990972 -[is_a]-> GO:0044420
GO:1990972 -[is_a]-> GO:0098637
GO:1990972 -[part_of]-> GO:0031012
GO:1990973 -[is_a]-> GO:0043232
GO:1990974 -[is_a]-> GO:0007097
GO:1990975 -[is_a]-> GO:0071989
GO:1990975 -[is_a]-> GO:1902440
GO:1990976 -[is_a]-> GO:1990852
GO:1990976 -[is_a]-> GO:1990975
GO:2000001 -[is_a]-> GO:1901976
GO:2000001 -[is_a]-> GO:2001020
GO:2000001 -[regulates]-> GO:0000077
GO:2000002 -[is_a]-> GO:1901977
GO:2000002 -[is_a]-> GO:2000001
GO:2000002 -[is_a]-> GO:2001021
GO:2000002 -[negatively_regulates]-> GO:0000077
GO:2000003 -[is_a]-> GO:1901978
GO:2000003 -[is_a]-> GO:2000001
GO:2000003 -[is_a]-> GO:2001022
GO:2000003 -[positively_regulates]-> GO:0000077
GO:2000004 -[is_a]-> GO:0072215
GO:2000004 -[is_a]-> GO:2000027
GO:2000004 -[regulates]-> GO:0072284
GO:2000005 -[is_a]-> GO:0072217
GO:2000005 -[is_a]-> GO:2000004
GO:2000005 -[negatively_regulates]-> GO:0072284
GO:2000006 -[is_a]-> GO:0072215
GO:2000006 -[is_a]-> GO:2000027
GO:2000006 -[regulates]-> GO:0072278
GO:2000007 -[is_a]-> GO:0072217
GO:2000007 -[is_a]-> GO:2000006
GO:2000007 -[negatively_regulates]-> GO:0072278
GO:2000008 -[is_a]-> GO:1903827
GO:2000008 -[regulates]-> GO:0034394
GO:2000009 -[is_a]-> GO:1903828
GO:2000009 -[is_a]-> GO:2000008
GO:2000009 -[negatively_regulates]-> GO:0034394
GO:2000010 -[is_a]-> GO:1903829
GO:2000010 -[is_a]-> GO:2000008
GO:2000010 -[positively_regulates]-> GO:0034394
GO:2000011 -[is_a]-> GO:2000026
GO:2000011 -[regulates]-> GO:0009955
GO:2000012 -[is_a]-> GO:0010817
GO:2000012 -[is_a]-> GO:0051049
GO:2000012 -[regulates]-> GO:0009926
GO:2000013 -[is_a]-> GO:0090368
GO:2000013 -[is_a]-> GO:1900079
GO:2000013 -[regulates]-> GO:0042450
GO:2000014 -[is_a]-> GO:0080050
GO:2000014 -[regulates]-> GO:0009960
GO:2000015 -[is_a]-> GO:2000026
GO:2000015 -[regulates]-> GO:0048263
GO:2000016 -[is_a]-> GO:0051093
GO:2000016 -[is_a]-> GO:0051241
GO:2000016 -[is_a]-> GO:2000015
GO:2000016 -[negatively_regulates]-> GO:0048263
GO:2000017 -[is_a]-> GO:0051094
GO:2000017 -[is_a]-> GO:0051240
GO:2000017 -[is_a]-> GO:2000015
GO:2000017 -[positively_regulates]-> GO:0048263
GO:2000018 -[is_a]-> GO:2000026
GO:2000018 -[is_a]-> GO:2000241
GO:2000018 -[regulates]-> GO:0008584
GO:2000019 -[is_a]-> GO:0051093
GO:2000019 -[is_a]-> GO:0051241
GO:2000019 -[is_a]-> GO:2000018
GO:2000019 -[is_a]-> GO:2000242
GO:2000019 -[negatively_regulates]-> GO:0008584
GO:2000020 -[is_a]-> GO:0051094
GO:2000020 -[is_a]-> GO:0051240
GO:2000020 -[is_a]-> GO:2000018
GO:2000020 -[is_a]-> GO:2000243
GO:2000020 -[positively_regulates]-> GO:0008584
GO:2000021 -[is_a]-> GO:0032844
GO:2000021 -[regulates]-> GO:0050801
GO:2000022 -[is_a]-> GO:0009966
GO:2000022 -[regulates]-> GO:0009867
GO:2000023 -[is_a]-> GO:2000069
GO:2000023 -[regulates]-> GO:0048527
GO:2000024 -[is_a]-> GO:0048831
GO:2000024 -[regulates]-> GO:0048366
GO:2000025 -[is_a]-> GO:1901371
GO:2000025 -[is_a]-> GO:1905428
GO:2000025 -[regulates]-> GO:0010338
GO:2000026 -[is_a]-> GO:0050793
GO:2000026 -[is_a]-> GO:0051239
GO:2000026 -[regulates]-> GO:0007275
GO:2000027 -[is_a]-> GO:0022603
GO:2000027 -[is_a]-> GO:2000026
GO:2000027 -[regulates]-> GO:0009887
GO:2000028 -[is_a]-> GO:0048580
GO:2000028 -[is_a]-> GO:0048583
GO:2000028 -[is_a]-> GO:2000241
GO:2000028 -[regulates]-> GO:0048573
GO:2000029 -[is_a]-> GO:0031326
GO:2000029 -[is_a]-> GO:1900376
GO:2000029 -[is_a]-> GO:2000762
GO:2000029 -[regulates]-> GO:0010023
GO:2000030 -[is_a]-> GO:0048583
GO:2000030 -[regulates]-> GO:0009639
GO:2000031 -[is_a]-> GO:0009966
GO:2000031 -[regulates]-> GO:0009863
GO:2000032 -[is_a]-> GO:0060688
GO:2000032 -[is_a]-> GO:1900618
GO:2000032 -[is_a]-> GO:1905428
GO:2000032 -[regulates]-> GO:0010223
GO:2000033 -[is_a]-> GO:2000034
GO:2000033 -[regulates]-> GO:0010162
GO:2000034 -[is_a]-> GO:0080050
GO:2000034 -[regulates]-> GO:0010431
GO:2000035 -[is_a]-> GO:0051302
GO:2000035 -[regulates]-> GO:0017145
GO:2000036 -[is_a]-> GO:0050793
GO:2000036 -[is_a]-> GO:0051239
GO:2000036 -[regulates]-> GO:0019827
GO:2000037 -[is_a]-> GO:2000026
GO:2000037 -[regulates]-> GO:0010375
GO:2000038 -[is_a]-> GO:0048580
GO:2000038 -[regulates]-> GO:0010374
GO:2000039 -[is_a]-> GO:0010769
GO:2000039 -[is_a]-> GO:2000024
GO:2000039 -[regulates]-> GO:0010090
GO:2000040 -[is_a]-> GO:0048638
GO:2000040 -[is_a]-> GO:2000095
GO:2000040 -[regulates]-> GO:0003402
GO:2000041 -[is_a]-> GO:0048640
GO:2000041 -[is_a]-> GO:2000040
GO:2000041 -[is_a]-> GO:2000051
GO:2000041 -[negatively_regulates]-> GO:0003402
GO:2000042 -[is_a]-> GO:0010569
GO:2000042 -[is_a]-> GO:0045910
GO:2000042 -[is_a]-> GO:2000780
GO:2000042 -[negatively_regulates]-> GO:0000724
GO:2000043 -[is_a]-> GO:0042659
GO:2000043 -[is_a]-> GO:1905207
GO:2000043 -[regulates]-> GO:0060912
GO:2000044 -[is_a]-> GO:0009996
GO:2000044 -[is_a]-> GO:1905208
GO:2000044 -[is_a]-> GO:2000043
GO:2000044 -[negatively_regulates]-> GO:0060912
GO:2000045 -[is_a]-> GO:1901990
GO:2000045 -[is_a]-> GO:1902806
GO:2000045 -[regulates]-> GO:0000082
GO:2000047 -[is_a]-> GO:0022407
GO:2000047 -[regulates]-> GO:0044331
GO:2000048 -[is_a]-> GO:0022408
GO:2000048 -[is_a]-> GO:2000047
GO:2000048 -[negatively_regulates]-> GO:0044331
GO:2000049 -[is_a]-> GO:0022409
GO:2000049 -[is_a]-> GO:2000047
GO:2000049 -[positively_regulates]-> GO:0044331
GO:2000050 -[is_a]-> GO:0030111
GO:2000050 -[regulates]-> GO:0035567
GO:2000051 -[is_a]-> GO:0030178
GO:2000051 -[is_a]-> GO:2000050
GO:2000051 -[negatively_regulates]-> GO:0035567
GO:2000052 -[is_a]-> GO:0030177
GO:2000052 -[is_a]-> GO:2000050
GO:2000052 -[positively_regulates]-> GO:0035567
GO:2000053 -[is_a]-> GO:0030111
GO:2000053 -[is_a]-> GO:2000026
GO:2000053 -[regulates]-> GO:0044332
GO:2000054 -[is_a]-> GO:0030178
GO:2000054 -[is_a]-> GO:0051093
GO:2000054 -[is_a]-> GO:0051241
GO:2000054 -[is_a]-> GO:2000053
GO:2000054 -[negatively_regulates]-> GO:0044332
GO:2000055 -[is_a]-> GO:0030177
GO:2000055 -[is_a]-> GO:0051094
GO:2000055 -[is_a]-> GO:0051240
GO:2000055 -[is_a]-> GO:2000053
GO:2000055 -[positively_regulates]-> GO:0044332
GO:2000056 -[is_a]-> GO:0022603
GO:2000056 -[is_a]-> GO:0030111
GO:2000056 -[is_a]-> GO:2000026
GO:2000056 -[regulates]-> GO:0044333
GO:2000057 -[is_a]-> GO:0030178
GO:2000057 -[is_a]-> GO:0051093
GO:2000057 -[is_a]-> GO:0051241
GO:2000057 -[is_a]-> GO:2000056
GO:2000057 -[negatively_regulates]-> GO:0044333
GO:2000058 -[is_a]-> GO:0031396
GO:2000058 -[is_a]-> GO:1903050
GO:2000058 -[regulates]-> GO:0042787
GO:2000059 -[is_a]-> GO:0031397
GO:2000059 -[is_a]-> GO:1903051
GO:2000059 -[is_a]-> GO:2000058
GO:2000059 -[negatively_regulates]-> GO:0042787
GO:2000060 -[is_a]-> GO:0031398
GO:2000060 -[is_a]-> GO:1903052
GO:2000060 -[is_a]-> GO:2000058
GO:2000060 -[positively_regulates]-> GO:0042787
GO:2000061 -[is_a]-> GO:0048634
GO:2000061 -[is_a]-> GO:0051150
GO:2000061 -[is_a]-> GO:1901861
GO:2000061 -[regulates]-> GO:0072193
GO:2000062 -[is_a]-> GO:0051151
GO:2000062 -[is_a]-> GO:0051241
GO:2000062 -[is_a]-> GO:1901862
GO:2000062 -[is_a]-> GO:2000061
GO:2000062 -[negatively_regulates]-> GO:0072193
GO:2000063 -[is_a]-> GO:0051152
GO:2000063 -[is_a]-> GO:0051240
GO:2000063 -[is_a]-> GO:1901863
GO:2000063 -[is_a]-> GO:2000061
GO:2000063 -[positively_regulates]-> GO:0072193
GO:2000064 -[is_a]-> GO:0010566
GO:2000064 -[is_a]-> GO:0031946
GO:2000064 -[regulates]-> GO:0034651
GO:2000065 -[is_a]-> GO:0031947
GO:2000065 -[is_a]-> GO:2000064
GO:2000065 -[negatively_regulates]-> GO:0034651
GO:2000066 -[is_a]-> GO:0031948
GO:2000066 -[is_a]-> GO:2000064
GO:2000066 -[positively_regulates]-> GO:0034651
GO:2000067 -[is_a]-> GO:1905421
GO:2000067 -[is_a]-> GO:2000280
GO:2000067 -[regulates]-> GO:0010015
GO:2000068 -[is_a]-> GO:0002831
GO:2000068 -[is_a]-> GO:0031347
GO:2000068 -[is_a]-> GO:0032101
GO:2000068 -[is_a]-> GO:0043900
GO:2000068 -[regulates]-> GO:0002213
GO:2000069 -[is_a]-> GO:0048580
GO:2000069 -[is_a]-> GO:2000280
GO:2000069 -[regulates]-> GO:0048528
GO:2000070 -[is_a]-> GO:0080134
GO:2000070 -[regulates]-> GO:0009414
GO:2000071 -[is_a]-> GO:0031347
GO:2000071 -[is_a]-> GO:0032879
GO:2000071 -[regulates]-> GO:0052542
GO:2000072 -[is_a]-> GO:0045088
GO:2000072 -[is_a]-> GO:1900150
GO:2000072 -[regulates]-> GO:0009817
GO:2000073 -[is_a]-> GO:0032954
GO:2000073 -[regulates]-> GO:0007105
GO:2000074 -[is_a]-> GO:0030856
GO:2000074 -[is_a]-> GO:0060284
GO:2000074 -[regulates]-> GO:0003323
GO:2000075 -[is_a]-> GO:0032466
GO:2000075 -[is_a]-> GO:2000073
GO:2000075 -[negatively_regulates]-> GO:0007105
GO:2000076 -[is_a]-> GO:0032467
GO:2000076 -[is_a]-> GO:2000073
GO:2000076 -[positively_regulates]-> GO:0007105
GO:2000077 -[is_a]-> GO:0010721
GO:2000077 -[is_a]-> GO:0030857
GO:2000077 -[is_a]-> GO:0051241
GO:2000077 -[is_a]-> GO:2000074
GO:2000077 -[negatively_regulates]-> GO:0003323
GO:2000078 -[is_a]-> GO:0010720
GO:2000078 -[is_a]-> GO:0030858
GO:2000078 -[is_a]-> GO:0051240
GO:2000078 -[is_a]-> GO:2000074
GO:2000078 -[positively_regulates]-> GO:0003323
GO:2000079 -[is_a]-> GO:0060828
GO:2000079 -[is_a]-> GO:0061469
GO:2000079 -[regulates]-> GO:0044343
GO:2000080 -[is_a]-> GO:0008285
GO:2000080 -[is_a]-> GO:0090090
GO:2000080 -[is_a]-> GO:2000079
GO:2000080 -[negatively_regulates]-> GO:0044343
GO:2000081 -[is_a]-> GO:0008284
GO:2000081 -[is_a]-> GO:0090263
GO:2000081 -[is_a]-> GO:2000079
GO:2000081 -[positively_regulates]-> GO:0044343
GO:2000082 -[is_a]-> GO:0010565
GO:2000082 -[is_a]-> GO:0030656
GO:2000082 -[is_a]-> GO:0031326
GO:2000082 -[regulates]-> GO:0019853
GO:2000083 -[is_a]-> GO:0031327
GO:2000083 -[is_a]-> GO:0046137
GO:2000083 -[is_a]-> GO:2000082
GO:2000083 -[negatively_regulates]-> GO:0019853
GO:2000084 -[is_a]-> GO:0061217
GO:2000084 -[is_a]-> GO:2000027
GO:2000084 -[is_a]-> GO:2000696
GO:2000084 -[regulates]-> GO:0061261
GO:2000085 -[is_a]-> GO:0061218
GO:2000085 -[is_a]-> GO:2000084
GO:2000085 -[is_a]-> GO:2000697
GO:2000085 -[negatively_regulates]-> GO:0061261
GO:2000086 -[is_a]-> GO:0061213
GO:2000086 -[is_a]-> GO:2000084
GO:2000086 -[is_a]-> GO:2000698
GO:2000086 -[positively_regulates]-> GO:0061261
GO:2000087 -[is_a]-> GO:0061217
GO:2000087 -[is_a]-> GO:0090192
GO:2000087 -[regulates]-> GO:0061224
GO:2000088 -[is_a]-> GO:0061218
GO:2000088 -[is_a]-> GO:0090194
GO:2000088 -[is_a]-> GO:2000087
GO:2000088 -[negatively_regulates]-> GO:0061224
GO:2000089 -[is_a]-> GO:0061213
GO:2000089 -[is_a]-> GO:0090193
GO:2000089 -[is_a]-> GO:2000087
GO:2000089 -[positively_regulates]-> GO:0061224
GO:2000090 -[is_a]-> GO:0072124
GO:2000090 -[is_a]-> GO:2000087
GO:2000090 -[is_a]-> GO:2000606
GO:2000090 -[regulates]-> GO:0061269
GO:2000091 -[is_a]-> GO:0072125
GO:2000091 -[is_a]-> GO:2000088
GO:2000091 -[is_a]-> GO:2000090
GO:2000091 -[is_a]-> GO:2000607
GO:2000091 -[negatively_regulates]-> GO:0061269
GO:2000092 -[is_a]-> GO:0072126
GO:2000092 -[is_a]-> GO:2000089
GO:2000092 -[is_a]-> GO:2000090
GO:2000092 -[is_a]-> GO:2000608
GO:2000092 -[positively_regulates]-> GO:0061269
GO:2000093 -[is_a]-> GO:0061217
GO:2000093 -[is_a]-> GO:0072182
GO:2000093 -[regulates]-> GO:0061265
GO:2000094 -[is_a]-> GO:0061218
GO:2000094 -[is_a]-> GO:0072183
GO:2000094 -[is_a]-> GO:2000093
GO:2000094 -[negatively_regulates]-> GO:0061265
GO:2000095 -[is_a]-> GO:0090175
GO:2000095 -[is_a]-> GO:2000050
GO:2000095 -[regulates]-> GO:0060071
GO:2000096 -[is_a]-> GO:2000052
GO:2000096 -[is_a]-> GO:2000095
GO:2000096 -[positively_regulates]-> GO:0060071
GO:2000097 -[is_a]-> GO:0001952
GO:2000097 -[regulates]-> GO:0061302
GO:2000098 -[is_a]-> GO:0001953
GO:2000098 -[is_a]-> GO:2000097
GO:2000098 -[negatively_regulates]-> GO:0061302
GO:2000099 -[is_a]-> GO:0032878
GO:2000099 -[regulates]-> GO:0061245
GO:2000100 -[is_a]-> GO:2000099
GO:2000100 -[is_a]-> GO:2000769
GO:2000100 -[regulates]-> GO:0061246
GO:2000101 -[is_a]-> GO:0042127
GO:2000101 -[is_a]-> GO:2000026
GO:2000101 -[regulates]-> GO:0002174
GO:2000102 -[is_a]-> GO:0008285
GO:2000102 -[is_a]-> GO:0051093
GO:2000102 -[is_a]-> GO:0051241
GO:2000102 -[is_a]-> GO:2000101
GO:2000102 -[negatively_regulates]-> GO:0002174
GO:2000103 -[is_a]-> GO:0008284
GO:2000103 -[is_a]-> GO:0051094
GO:2000103 -[is_a]-> GO:0051240
GO:2000103 -[is_a]-> GO:2000101
GO:2000103 -[positively_regulates]-> GO:0002174
GO:2000104 -[is_a]-> GO:0008156
GO:2000104 -[is_a]-> GO:0090329
GO:2000104 -[negatively_regulates]-> GO:0006261
GO:2000105 -[is_a]-> GO:0045740
GO:2000105 -[is_a]-> GO:0090329
GO:2000105 -[positively_regulates]-> GO:0006261
GO:2000106 -[is_a]-> GO:0042981
GO:2000106 -[regulates]-> GO:0071887
GO:2000107 -[is_a]-> GO:0043066
GO:2000107 -[is_a]-> GO:2000106
GO:2000107 -[negatively_regulates]-> GO:0071887
GO:2000108 -[is_a]-> GO:0043065
GO:2000108 -[is_a]-> GO:2000106
GO:2000108 -[positively_regulates]-> GO:0071887
GO:2000109 -[is_a]-> GO:0033032
GO:2000109 -[is_a]-> GO:2000106
GO:2000109 -[regulates]-> GO:0071888
GO:2000110 -[is_a]-> GO:0033033
GO:2000110 -[is_a]-> GO:2000107
GO:2000110 -[is_a]-> GO:2000109
GO:2000110 -[negatively_regulates]-> GO:0071888
GO:2000111 -[is_a]-> GO:0033034
GO:2000111 -[is_a]-> GO:2000108
GO:2000111 -[is_a]-> GO:2000109
GO:2000111 -[positively_regulates]-> GO:0071888
GO:2000112 -[is_a]-> GO:0010556
GO:2000112 -[is_a]-> GO:0031326
GO:2000112 -[regulates]-> GO:0034645
GO:2000113 -[is_a]-> GO:0010558
GO:2000113 -[is_a]-> GO:0031327
GO:2000113 -[is_a]-> GO:2000112
GO:2000113 -[negatively_regulates]-> GO:0034645
GO:2000114 -[is_a]-> GO:0032878
GO:2000114 -[regulates]-> GO:0030010
GO:2000115 -[is_a]-> GO:2000100
GO:2000115 -[regulates]-> GO:0061305
GO:2000116 -[is_a]-> GO:0052548
GO:2000116 -[regulates]-> GO:0004197
GO:2000117 -[is_a]-> GO:0010951
GO:2000117 -[is_a]-> GO:2000116
GO:2000117 -[negatively_regulates]-> GO:0004197
GO:2000118 -[is_a]-> GO:0010966
GO:2000118 -[regulates]-> GO:0044341
GO:2000119 -[is_a]-> GO:1903792
GO:2000119 -[is_a]-> GO:2000118
GO:2000119 -[negatively_regulates]-> GO:0044341
GO:2000120 -[is_a]-> GO:1903793
GO:2000120 -[is_a]-> GO:2000118
GO:2000120 -[positively_regulates]-> GO:0044341
GO:2000121 -[is_a]-> GO:0090322
GO:2000121 -[is_a]-> GO:1900407
GO:2000121 -[is_a]-> GO:1901031
GO:2000121 -[regulates]-> GO:0019430
GO:2000122 -[is_a]-> GO:0048581
GO:2000122 -[is_a]-> GO:2000038
GO:2000122 -[negatively_regulates]-> GO:0010374
GO:2000123 -[is_a]-> GO:0048582
GO:2000123 -[is_a]-> GO:2000038
GO:2000123 -[positively_regulates]-> GO:0010374
GO:2000124 -[is_a]-> GO:0008277
GO:2000124 -[regulates]-> GO:0071926
GO:2000125 -[is_a]-> GO:0008277
GO:2000125 -[regulates]-> GO:0007211
GO:2000126 -[is_a]-> GO:0045744
GO:2000126 -[is_a]-> GO:2000125
GO:2000126 -[negatively_regulates]-> GO:0007211
GO:2000127 -[is_a]-> GO:0045745
GO:2000127 -[is_a]-> GO:2000125
GO:2000127 -[positively_regulates]-> GO:0007211
GO:2000128 -[is_a]-> GO:2000125
GO:2000128 -[regulates]-> GO:0071927
GO:2000129 -[is_a]-> GO:2000126
GO:2000129 -[is_a]-> GO:2000128
GO:2000129 -[negatively_regulates]-> GO:0071927
GO:2000130 -[is_a]-> GO:2000127
GO:2000130 -[is_a]-> GO:2000128
GO:2000130 -[positively_regulates]-> GO:0071927
GO:2000131 -[is_a]-> GO:2000125
GO:2000131 -[regulates]-> GO:0071928
GO:2000132 -[is_a]-> GO:2000126
GO:2000132 -[is_a]-> GO:2000131
GO:2000132 -[negatively_regulates]-> GO:0071928
GO:2000133 -[is_a]-> GO:2000127
GO:2000133 -[is_a]-> GO:2000131
GO:2000133 -[positively_regulates]-> GO:0071928
GO:2000134 -[is_a]-> GO:1901991
GO:2000134 -[is_a]-> GO:1902807
GO:2000134 -[is_a]-> GO:2000045
GO:2000134 -[negatively_regulates]-> GO:0000082
GO:2000136 -[is_a]-> GO:0042127
GO:2000136 -[is_a]-> GO:2000826
GO:2000136 -[regulates]-> GO:0061323
GO:2000137 -[is_a]-> GO:0008285
GO:2000137 -[is_a]-> GO:0051093
GO:2000137 -[is_a]-> GO:0051241
GO:2000137 -[is_a]-> GO:2000136
GO:2000137 -[negatively_regulates]-> GO:0061323
GO:2000138 -[is_a]-> GO:0008284
GO:2000138 -[is_a]-> GO:0051094
GO:2000138 -[is_a]-> GO:0051240
GO:2000138 -[is_a]-> GO:2000136
GO:2000138 -[positively_regulates]-> GO:0061323
GO:2000139 -[is_a]-> GO:0032095
GO:2000139 -[is_a]-> GO:2000128
GO:2000139 -[regulates]-> GO:0071935
GO:2000140 -[is_a]-> GO:0032096
GO:2000140 -[is_a]-> GO:2000129
GO:2000140 -[is_a]-> GO:2000139
GO:2000140 -[negatively_regulates]-> GO:0071935
GO:2000141 -[is_a]-> GO:0032097
GO:2000141 -[is_a]-> GO:2000130
GO:2000141 -[is_a]-> GO:2000139
GO:2000141 -[positively_regulates]-> GO:0071935
GO:2000142 -[is_a]-> GO:0006355
GO:2000142 -[is_a]-> GO:0043254
GO:2000142 -[regulates]-> GO:0006352
GO:2000143 -[is_a]-> GO:0031333
GO:2000143 -[is_a]-> GO:0045892
GO:2000143 -[is_a]-> GO:2000142
GO:2000143 -[negatively_regulates]-> GO:0006352
GO:2000144 -[is_a]-> GO:0031334
GO:2000144 -[is_a]-> GO:0045893
GO:2000144 -[is_a]-> GO:2000142
GO:2000144 -[positively_regulates]-> GO:0006352
GO:2000145 -[is_a]-> GO:0040012
GO:2000145 -[is_a]-> GO:0051270
GO:2000145 -[regulates]-> GO:0048870
GO:2000146 -[is_a]-> GO:0040013
GO:2000146 -[is_a]-> GO:0051271
GO:2000146 -[is_a]-> GO:2000145
GO:2000146 -[negatively_regulates]-> GO:0048870
GO:2000147 -[is_a]-> GO:0040017
GO:2000147 -[is_a]-> GO:0051272
GO:2000147 -[is_a]-> GO:2000145
GO:2000147 -[positively_regulates]-> GO:0048870
GO:2000148 -[is_a]-> GO:1901219
GO:2000148 -[is_a]-> GO:1904412
GO:2000148 -[is_a]-> GO:2000159
GO:2000148 -[regulates]-> GO:0061348
GO:2000149 -[is_a]-> GO:1901220
GO:2000149 -[is_a]-> GO:1904413
GO:2000149 -[is_a]-> GO:2000148
GO:2000149 -[is_a]-> GO:2000160
GO:2000149 -[negatively_regulates]-> GO:0061348
GO:2000150 -[is_a]-> GO:0055024
GO:2000150 -[is_a]-> GO:2000159
GO:2000150 -[regulates]-> GO:0061350
GO:2000151 -[is_a]-> GO:0055026
GO:2000151 -[is_a]-> GO:2000150
GO:2000151 -[is_a]-> GO:2000160
GO:2000151 -[negatively_regulates]-> GO:0061350
GO:2000152 -[is_a]-> GO:0052547
GO:2000152 -[regulates]-> GO:0004843
GO:2000155 -[is_a]-> GO:1902019
GO:2000155 -[is_a]-> GO:2000147
GO:2000155 -[positively_regulates]-> GO:0060285
GO:2000156 -[is_a]-> GO:0060627
GO:2000156 -[regulates]-> GO:0006890
GO:2000157 -[is_a]-> GO:0010466
GO:2000157 -[is_a]-> GO:2000152
GO:2000157 -[negatively_regulates]-> GO:0004843
GO:2000158 -[is_a]-> GO:0010952
GO:2000158 -[is_a]-> GO:2000152
GO:2000158 -[positively_regulates]-> GO:0004843
GO:2000159 -[is_a]-> GO:0003307
GO:2000159 -[is_a]-> GO:2000095
GO:2000159 -[is_a]-> GO:2000826
GO:2000159 -[regulates]-> GO:0061346
GO:2000160 -[is_a]-> GO:0003308
GO:2000160 -[is_a]-> GO:2000051
GO:2000160 -[is_a]-> GO:2000159
GO:2000160 -[negatively_regulates]-> GO:0061346
GO:2000161 -[is_a]-> GO:1901219
GO:2000161 -[is_a]-> GO:2000159
GO:2000161 -[regulates]-> GO:0061349
GO:2000162 -[is_a]-> GO:1901220
GO:2000162 -[is_a]-> GO:2000160
GO:2000162 -[is_a]-> GO:2000161
GO:2000162 -[negatively_regulates]-> GO:0061349
GO:2000163 -[is_a]-> GO:2000159
GO:2000163 -[regulates]-> GO:0061347
GO:2000164 -[is_a]-> GO:2000160
GO:2000164 -[is_a]-> GO:2000163
GO:2000164 -[negatively_regulates]-> GO:0061347
GO:2000165 -[is_a]-> GO:0045995
GO:2000165 -[is_a]-> GO:2000159
GO:2000165 -[regulates]-> GO:0061354
GO:2000166 -[is_a]-> GO:0045992
GO:2000166 -[is_a]-> GO:1905331
GO:2000166 -[is_a]-> GO:2000160
GO:2000166 -[is_a]-> GO:2000165
GO:2000166 -[negatively_regulates]-> GO:0061354
GO:2000167 -[is_a]-> GO:0090178
GO:2000167 -[is_a]-> GO:2000095
GO:2000167 -[regulates]-> GO:0090179
GO:2000168 -[is_a]-> GO:0045992
GO:2000168 -[is_a]-> GO:0051961
GO:2000168 -[is_a]-> GO:1905277
GO:2000168 -[is_a]-> GO:2000051
GO:2000168 -[is_a]-> GO:2000167
GO:2000168 -[negatively_regulates]-> GO:0090179
GO:2000169 -[is_a]-> GO:0031399
GO:2000169 -[regulates]-> GO:0018119
GO:2000170 -[is_a]-> GO:0031401
GO:2000170 -[is_a]-> GO:2000169
GO:2000170 -[positively_regulates]-> GO:0018119
GO:2000171 -[is_a]-> GO:0010977
GO:2000171 -[is_a]-> GO:0050773
GO:2000171 -[negatively_regulates]-> GO:0016358
GO:2000172 -[is_a]-> GO:0051960
GO:2000172 -[is_a]-> GO:0060688
GO:2000172 -[regulates]-> GO:0048755
GO:2000173 -[is_a]-> GO:0051961
GO:2000173 -[is_a]-> GO:2000172
GO:2000173 -[negatively_regulates]-> GO:0048755
GO:2000174 -[is_a]-> GO:0045580
GO:2000174 -[is_a]-> GO:1905456
GO:2000174 -[regulates]-> GO:0002572
GO:2000175 -[is_a]-> GO:0045581
GO:2000175 -[is_a]-> GO:1905457
GO:2000175 -[is_a]-> GO:2000174
GO:2000175 -[negatively_regulates]-> GO:0002572
GO:2000176 -[is_a]-> GO:0045582
GO:2000176 -[is_a]-> GO:1905458
GO:2000176 -[is_a]-> GO:2000174
GO:2000176 -[positively_regulates]-> GO:0002572
GO:2000177 -[is_a]-> GO:0042127
GO:2000177 -[regulates]-> GO:0061351
GO:2000178 -[is_a]-> GO:0008285
GO:2000178 -[is_a]-> GO:2000177
GO:2000178 -[negatively_regulates]-> GO:0061351
GO:2000179 -[is_a]-> GO:0008284
GO:2000179 -[is_a]-> GO:2000177
GO:2000179 -[positively_regulates]-> GO:0061351
GO:2000180 -[is_a]-> GO:0032353
GO:2000180 -[negatively_regulates]-> GO:0006702
GO:2000181 -[is_a]-> GO:0022603
GO:2000181 -[is_a]-> GO:1901343
GO:2000181 -[negatively_regulates]-> GO:0048514
GO:2000182 -[is_a]-> GO:0010566
GO:2000182 -[is_a]-> GO:0046885
GO:2000182 -[is_a]-> GO:0050810
GO:2000182 -[regulates]-> GO:0006701
GO:2000183 -[is_a]-> GO:0010894
GO:2000183 -[is_a]-> GO:0032353
GO:2000183 -[is_a]-> GO:2000182
GO:2000183 -[negatively_regulates]-> GO:0006701
GO:2000184 -[is_a]-> GO:0010893
GO:2000184 -[is_a]-> GO:0046886
GO:2000184 -[is_a]-> GO:2000182
GO:2000184 -[positively_regulates]-> GO:0006701
GO:2000185 -[is_a]-> GO:0010966
GO:2000185 -[is_a]-> GO:1903795
GO:2000185 -[regulates]-> GO:0035435
GO:2000186 -[is_a]-> GO:1903796
GO:2000186 -[is_a]-> GO:2000185
GO:2000186 -[negatively_regulates]-> GO:0035435
GO:2000187 -[is_a]-> GO:1903797
GO:2000187 -[is_a]-> GO:2000185
GO:2000187 -[positively_regulates]-> GO:0035435
GO:2000188 -[is_a]-> GO:0032844
GO:2000188 -[regulates]-> GO:0042632
GO:2000189 -[is_a]-> GO:0032846
GO:2000189 -[is_a]-> GO:2000188
GO:2000189 -[positively_regulates]-> GO:0042632
GO:2000191 -[is_a]-> GO:0032368
GO:2000191 -[is_a]-> GO:0044070
GO:2000191 -[regulates]-> GO:0015908
GO:2000192 -[is_a]-> GO:0032369
GO:2000192 -[is_a]-> GO:1903792
GO:2000192 -[is_a]-> GO:2000191
GO:2000192 -[negatively_regulates]-> GO:0015908
GO:2000193 -[is_a]-> GO:0032370
GO:2000193 -[is_a]-> GO:1903793
GO:2000193 -[is_a]-> GO:2000191
GO:2000193 -[positively_regulates]-> GO:0015908
GO:2000194 -[is_a]-> GO:2000026
GO:2000194 -[is_a]-> GO:2000241
GO:2000194 -[regulates]-> GO:0008585
GO:2000195 -[is_a]-> GO:0051093
GO:2000195 -[is_a]-> GO:0051241
GO:2000195 -[is_a]-> GO:2000194
GO:2000195 -[is_a]-> GO:2000242
GO:2000195 -[negatively_regulates]-> GO:0008585
GO:2000196 -[is_a]-> GO:0051094
GO:2000196 -[is_a]-> GO:0051240
GO:2000196 -[is_a]-> GO:2000194
GO:2000196 -[is_a]-> GO:2000243
GO:2000196 -[positively_regulates]-> GO:0008585
GO:2000197 -[is_a]-> GO:0060341
GO:2000197 -[regulates]-> GO:0071166
GO:2000198 -[is_a]-> GO:0048519
GO:2000198 -[is_a]-> GO:2000197
GO:2000198 -[negatively_regulates]-> GO:0071166
GO:2000199 -[is_a]-> GO:0048518
GO:2000199 -[is_a]-> GO:2000197
GO:2000199 -[positively_regulates]-> GO:0071166
GO:2000200 -[is_a]-> GO:0046822
GO:2000200 -[is_a]-> GO:0090069
GO:2000200 -[is_a]-> GO:2000197
GO:2000200 -[regulates]-> GO:0000054
GO:2000201 -[is_a]-> GO:0046823
GO:2000201 -[is_a]-> GO:0090071
GO:2000201 -[is_a]-> GO:2000198
GO:2000201 -[is_a]-> GO:2000200
GO:2000201 -[negatively_regulates]-> GO:0000054
GO:2000202 -[is_a]-> GO:0046824
GO:2000202 -[is_a]-> GO:0090070
GO:2000202 -[is_a]-> GO:2000199
GO:2000202 -[is_a]-> GO:2000200
GO:2000202 -[positively_regulates]-> GO:0000054
GO:2000203 -[is_a]-> GO:2000200
GO:2000203 -[regulates]-> GO:0000055
GO:2000204 -[is_a]-> GO:2000201
GO:2000204 -[is_a]-> GO:2000203
GO:2000204 -[negatively_regulates]-> GO:0000055
GO:2000205 -[is_a]-> GO:2000202
GO:2000205 -[is_a]-> GO:2000203
GO:2000205 -[positively_regulates]-> GO:0000055
GO:2000206 -[is_a]-> GO:2000200
GO:2000206 -[regulates]-> GO:0000056
GO:2000207 -[is_a]-> GO:2000201
GO:2000207 -[is_a]-> GO:2000206
GO:2000207 -[negatively_regulates]-> GO:0000056
GO:2000208 -[is_a]-> GO:2000202
GO:2000208 -[is_a]-> GO:2000206
GO:2000208 -[positively_regulates]-> GO:0000056
GO:2000209 -[is_a]-> GO:0042981
GO:2000209 -[regulates]-> GO:0043276
GO:2000210 -[is_a]-> GO:0043065
GO:2000210 -[is_a]-> GO:2000209
GO:2000210 -[positively_regulates]-> GO:0043276
GO:2000211 -[is_a]-> GO:0000820
GO:2000211 -[regulates]-> GO:0006536
GO:2000212 -[is_a]-> GO:0031324
GO:2000212 -[is_a]-> GO:0051172
GO:2000212 -[is_a]-> GO:2000211
GO:2000212 -[negatively_regulates]-> GO:0006536
GO:2000213 -[is_a]-> GO:0031325
GO:2000213 -[is_a]-> GO:0051173
GO:2000213 -[is_a]-> GO:2000211
GO:2000213 -[positively_regulates]-> GO:0006536
GO:2000214 -[is_a]-> GO:0000820
GO:2000214 -[is_a]-> GO:0006521
GO:2000214 -[regulates]-> GO:0006560
GO:2000215 -[is_a]-> GO:0045763
GO:2000215 -[is_a]-> GO:2000214
GO:2000215 -[negatively_regulates]-> GO:0006560
GO:2000216 -[is_a]-> GO:0045764
GO:2000216 -[is_a]-> GO:2000214
GO:2000216 -[positively_regulates]-> GO:0006560
GO:2000217 -[is_a]-> GO:0070784
GO:2000217 -[regulates]-> GO:0001403
GO:2000218 -[is_a]-> GO:0070785
GO:2000218 -[is_a]-> GO:2000217
GO:2000218 -[negatively_regulates]-> GO:0001403
GO:2000219 -[is_a]-> GO:0070786
GO:2000219 -[is_a]-> GO:2000217
GO:2000219 -[positively_regulates]-> GO:0001403
GO:2000220 -[is_a]-> GO:0001558
GO:2000220 -[is_a]-> GO:0070784
GO:2000220 -[regulates]-> GO:0007124
GO:2000221 -[is_a]-> GO:0030308
GO:2000221 -[is_a]-> GO:0070785
GO:2000221 -[is_a]-> GO:2000220
GO:2000221 -[negatively_regulates]-> GO:0007124
GO:2000222 -[is_a]-> GO:0030307
GO:2000222 -[is_a]-> GO:0070786
GO:2000222 -[is_a]-> GO:2000220
GO:2000222 -[positively_regulates]-> GO:0007124
GO:2000223 -[is_a]-> GO:0030510
GO:2000223 -[is_a]-> GO:0045995
GO:2000223 -[is_a]-> GO:1905330
GO:2000223 -[is_a]-> GO:2000826
GO:2000223 -[regulates]-> GO:0003303
GO:2000224 -[is_a]-> GO:0010566
GO:2000224 -[is_a]-> GO:0050810
GO:2000224 -[regulates]-> GO:0061370
GO:2000225 -[is_a]-> GO:0010894
GO:2000225 -[is_a]-> GO:0031327
GO:2000225 -[is_a]-> GO:2000224
GO:2000225 -[negatively_regulates]-> GO:0061370
GO:2000226 -[is_a]-> GO:0030856
GO:2000226 -[regulates]-> GO:0003310
GO:2000227 -[is_a]-> GO:0030857
GO:2000227 -[is_a]-> GO:0051241
GO:2000227 -[is_a]-> GO:2000226
GO:2000227 -[negatively_regulates]-> GO:0003310
GO:2000228 -[is_a]-> GO:0030858
GO:2000228 -[is_a]-> GO:0051240
GO:2000228 -[is_a]-> GO:2000226
GO:2000228 -[positively_regulates]-> GO:0003310
GO:2000229 -[is_a]-> GO:0048145
GO:2000229 -[regulates]-> GO:0072343
GO:2000230 -[is_a]-> GO:0048147
GO:2000230 -[is_a]-> GO:2000229
GO:2000230 -[negatively_regulates]-> GO:0072343
GO:2000231 -[is_a]-> GO:0048146
GO:2000231 -[is_a]-> GO:2000229
GO:2000231 -[positively_regulates]-> GO:0072343
GO:2000232 -[is_a]-> GO:0010468
GO:2000232 -[is_a]-> GO:0051252
GO:2000232 -[is_a]-> GO:0090069
GO:2000232 -[regulates]-> GO:0006364
GO:2000233 -[is_a]-> GO:0010629
GO:2000233 -[is_a]-> GO:0051253
GO:2000233 -[is_a]-> GO:0090071
GO:2000233 -[is_a]-> GO:2000232
GO:2000233 -[negatively_regulates]-> GO:0006364
GO:2000234 -[is_a]-> GO:0010628
GO:2000234 -[is_a]-> GO:0051254
GO:2000234 -[is_a]-> GO:0090070
GO:2000234 -[is_a]-> GO:2000232
GO:2000234 -[positively_regulates]-> GO:0006364
GO:2000235 -[is_a]-> GO:0010468
GO:2000235 -[is_a]-> GO:1903326
GO:2000235 -[regulates]-> GO:0008033
GO:2000236 -[is_a]-> GO:0010629
GO:2000236 -[is_a]-> GO:1903327
GO:2000236 -[is_a]-> GO:2000235
GO:2000236 -[negatively_regulates]-> GO:0008033
GO:2000237 -[is_a]-> GO:0010628
GO:2000237 -[is_a]-> GO:1903328
GO:2000237 -[is_a]-> GO:2000235
GO:2000237 -[positively_regulates]-> GO:0008033
GO:2000238 -[is_a]-> GO:0046831
GO:2000238 -[is_a]-> GO:2000197
GO:2000238 -[regulates]-> GO:0006409
GO:2000239 -[is_a]-> GO:0046832
GO:2000239 -[is_a]-> GO:2000198
GO:2000239 -[is_a]-> GO:2000238
GO:2000239 -[negatively_regulates]-> GO:0006409
GO:2000240 -[is_a]-> GO:0046833
GO:2000240 -[is_a]-> GO:2000199
GO:2000240 -[is_a]-> GO:2000238
GO:2000240 -[positively_regulates]-> GO:0006409
GO:2000241 -[is_a]-> GO:0050789
GO:2000241 -[regulates]-> GO:0022414
GO:2000242 -[is_a]-> GO:0048519
GO:2000242 -[is_a]-> GO:2000241
GO:2000242 -[negatively_regulates]-> GO:0022414
GO:2000243 -[is_a]-> GO:0048518
GO:2000243 -[is_a]-> GO:2000241
GO:2000243 -[positively_regulates]-> GO:0022414
GO:2000244 -[is_a]-> GO:0032465
GO:2000244 -[is_a]-> GO:1903664
GO:2000244 -[is_a]-> GO:2000241
GO:2000244 -[regulates]-> GO:0043093
GO:2000245 -[is_a]-> GO:0032466
GO:2000245 -[is_a]-> GO:1903665
GO:2000245 -[is_a]-> GO:2000242
GO:2000245 -[is_a]-> GO:2000244
GO:2000245 -[negatively_regulates]-> GO:0043093
GO:2000246 -[is_a]-> GO:0032467
GO:2000246 -[is_a]-> GO:1903666
GO:2000246 -[is_a]-> GO:2000243
GO:2000246 -[is_a]-> GO:2000244
GO:2000246 -[positively_regulates]-> GO:0043093
GO:2000247 -[is_a]-> GO:2000100
GO:2000247 -[is_a]-> GO:2000771
GO:2000247 -[positively_regulates]-> GO:0061246
GO:2000248 -[is_a]-> GO:0007406
GO:2000248 -[is_a]-> GO:0010454
GO:2000248 -[is_a]-> GO:0032878
GO:2000248 -[is_a]-> GO:0045769
GO:2000248 -[is_a]-> GO:1904676
GO:2000248 -[negatively_regulates]-> GO:0045196
GO:2000249 -[is_a]-> GO:0032956
GO:2000249 -[regulates]-> GO:0031532
GO:2000250 -[is_a]-> GO:0051494
GO:2000250 -[is_a]-> GO:2000249
GO:2000250 -[negatively_regulates]-> GO:0031532
GO:2000251 -[is_a]-> GO:0051495
GO:2000251 -[is_a]-> GO:2000249
GO:2000251 -[positively_regulates]-> GO:0031532
GO:2000252 -[is_a]-> GO:0048521
GO:2000252 -[is_a]-> GO:0060259
GO:2000252 -[negatively_regulates]-> GO:0007631
GO:2000253 -[is_a]-> GO:0048520
GO:2000253 -[is_a]-> GO:0060259
GO:2000253 -[positively_regulates]-> GO:0007631
GO:2000254 -[is_a]-> GO:0042127
GO:2000254 -[is_a]-> GO:0043900
GO:2000254 -[is_a]-> GO:0051239
GO:2000254 -[is_a]-> GO:2000241
GO:2000254 -[regulates]-> GO:0002176
GO:2000255 -[is_a]-> GO:0008285
GO:2000255 -[is_a]-> GO:0043901
GO:2000255 -[is_a]-> GO:0051241
GO:2000255 -[is_a]-> GO:2000242
GO:2000255 -[is_a]-> GO:2000254
GO:2000255 -[negatively_regulates]-> GO:0002176
GO:2000256 -[is_a]-> GO:0008284
GO:2000256 -[is_a]-> GO:0043902
GO:2000256 -[is_a]-> GO:0051240
GO:2000256 -[is_a]-> GO:2000243
GO:2000256 -[is_a]-> GO:2000254
GO:2000256 -[positively_regulates]-> GO:0002176
GO:2000257 -[is_a]-> GO:0048583
GO:2000257 -[is_a]-> GO:0051246
GO:2000257 -[regulates]-> GO:0072376
GO:2000258 -[is_a]-> GO:0048585
GO:2000258 -[is_a]-> GO:0051248
GO:2000258 -[is_a]-> GO:2000257
GO:2000258 -[negatively_regulates]-> GO:0072376
GO:2000259 -[is_a]-> GO:0048584
GO:2000259 -[is_a]-> GO:0051247
GO:2000259 -[is_a]-> GO:2000257
GO:2000259 -[positively_regulates]-> GO:0072376
GO:2000260 -[is_a]-> GO:0030193
GO:2000260 -[is_a]-> GO:2000257
GO:2000260 -[regulates]-> GO:0072377
GO:2000261 -[is_a]-> GO:0030195
GO:2000261 -[is_a]-> GO:2000258
GO:2000261 -[is_a]-> GO:2000260
GO:2000261 -[negatively_regulates]-> GO:0072377
GO:2000262 -[is_a]-> GO:0030194
GO:2000262 -[is_a]-> GO:2000259
GO:2000262 -[is_a]-> GO:2000260
GO:2000262 -[positively_regulates]-> GO:0072377
GO:2000263 -[is_a]-> GO:0030193
GO:2000263 -[is_a]-> GO:2000257
GO:2000263 -[regulates]-> GO:0007598
GO:2000264 -[is_a]-> GO:0030195
GO:2000264 -[is_a]-> GO:2000258
GO:2000264 -[is_a]-> GO:2000263
GO:2000264 -[negatively_regulates]-> GO:0007598
GO:2000265 -[is_a]-> GO:0030194
GO:2000265 -[is_a]-> GO:2000259
GO:2000265 -[is_a]-> GO:2000263
GO:2000265 -[positively_regulates]-> GO:0007598
GO:2000266 -[is_a]-> GO:0030193
GO:2000266 -[is_a]-> GO:2000257
GO:2000266 -[regulates]-> GO:0007597
GO:2000267 -[is_a]-> GO:0030195
GO:2000267 -[is_a]-> GO:2000258
GO:2000267 -[is_a]-> GO:2000266
GO:2000267 -[negatively_regulates]-> GO:0007597
GO:2000268 -[is_a]-> GO:0030194
GO:2000268 -[is_a]-> GO:2000259
GO:2000268 -[is_a]-> GO:2000266
GO:2000268 -[positively_regulates]-> GO:0007597
GO:2000269 -[is_a]-> GO:0042981
GO:2000269 -[regulates]-> GO:0044346
GO:2000270 -[is_a]-> GO:0043066
GO:2000270 -[is_a]-> GO:2000269
GO:2000270 -[negatively_regulates]-> GO:0044346
GO:2000271 -[is_a]-> GO:0043065
GO:2000271 -[is_a]-> GO:2000269
GO:2000271 -[positively_regulates]-> GO:0044346
GO:2000272 -[is_a]-> GO:0010469
GO:2000272 -[is_a]-> GO:0044092
GO:2000272 -[negatively_regulates]-> GO:0004872
GO:2000273 -[is_a]-> GO:0010469
GO:2000273 -[is_a]-> GO:0044093
GO:2000273 -[positively_regulates]-> GO:0004872
GO:2000274 -[is_a]-> GO:0010632
GO:2000274 -[is_a]-> GO:2000026
GO:2000274 -[regulates]-> GO:0007427
GO:2000275 -[is_a]-> GO:0010155
GO:2000275 -[is_a]-> GO:0022898
GO:2000275 -[regulates]-> GO:0017077
GO:2000276 -[is_a]-> GO:0032410
GO:2000276 -[is_a]-> GO:0034763
GO:2000276 -[is_a]-> GO:0043271
GO:2000276 -[is_a]-> GO:2000275
GO:2000276 -[negatively_regulates]-> GO:0017077
GO:2000277 -[is_a]-> GO:0032411
GO:2000277 -[is_a]-> GO:0034764
GO:2000277 -[is_a]-> GO:0043270
GO:2000277 -[is_a]-> GO:2000275
GO:2000277 -[positively_regulates]-> GO:0017077
GO:2000278 -[is_a]-> GO:0051052
GO:2000278 -[is_a]-> GO:2000112
GO:2000278 -[regulates]-> GO:0071897
GO:2000279 -[is_a]-> GO:0051053
GO:2000279 -[is_a]-> GO:2000113
GO:2000279 -[is_a]-> GO:2000278
GO:2000279 -[negatively_regulates]-> GO:0071897
GO:2000280 -[is_a]-> GO:2000026
GO:2000280 -[regulates]-> GO:0048364
GO:2000281 -[is_a]-> GO:0010799
GO:2000281 -[is_a]-> GO:0033127
GO:2000281 -[regulates]-> GO:0072355
GO:2000282 -[is_a]-> GO:0006521
GO:2000282 -[is_a]-> GO:0031326
GO:2000282 -[regulates]-> GO:0008652
GO:2000283 -[is_a]-> GO:0031327
GO:2000283 -[is_a]-> GO:0045763
GO:2000283 -[is_a]-> GO:2000282
GO:2000283 -[negatively_regulates]-> GO:0008652
GO:2000284 -[is_a]-> GO:0031328
GO:2000284 -[is_a]-> GO:0045764
GO:2000284 -[is_a]-> GO:2000282
GO:2000284 -[positively_regulates]-> GO:0008652
GO:2000286 -[is_a]-> GO:0031623
GO:2000286 -[part_of]-> GO:0060070
GO:2000287 -[is_a]-> GO:0040019
GO:2000287 -[is_a]-> GO:2000290
GO:2000287 -[positively_regulates]-> GO:0061055
GO:2000288 -[is_a]-> GO:0008284
GO:2000288 -[is_a]-> GO:2000291
GO:2000288 -[positively_regulates]-> GO:0051450
GO:2000289 -[is_a]-> GO:1902667
GO:2000289 -[regulates]-> GO:0072499
GO:2000290 -[is_a]-> GO:0045995
GO:2000290 -[regulates]-> GO:0061055
GO:2000291 -[is_a]-> GO:0042127
GO:2000291 -[regulates]-> GO:0051450
GO:2000292 -[is_a]-> GO:0044062
GO:2000292 -[regulates]-> GO:0030421
GO:2000293 -[is_a]-> GO:0051048
GO:2000293 -[is_a]-> GO:0051241
GO:2000293 -[is_a]-> GO:2000292
GO:2000293 -[negatively_regulates]-> GO:0030421
GO:2000294 -[is_a]-> GO:0051047
GO:2000294 -[is_a]-> GO:0051240
GO:2000294 -[is_a]-> GO:2000292
GO:2000294 -[positively_regulates]-> GO:0030421
GO:2000295 -[is_a]-> GO:0010310
GO:2000295 -[is_a]-> GO:0031329
GO:2000295 -[regulates]-> GO:0042744
GO:2000296 -[is_a]-> GO:0010727
GO:2000296 -[is_a]-> GO:0031330
GO:2000296 -[is_a]-> GO:2000295
GO:2000296 -[negatively_regulates]-> GO:0042744
GO:2000297 -[is_a]-> GO:0051129
GO:2000297 -[is_a]-> GO:0051961
GO:2000297 -[is_a]-> GO:0090128
GO:2000297 -[negatively_regulates]-> GO:0060074
GO:2000298 -[is_a]-> GO:0071900
GO:2000298 -[regulates]-> GO:0072518
GO:2000299 -[is_a]-> GO:0071901
GO:2000299 -[is_a]-> GO:2000298
GO:2000299 -[negatively_regulates]-> GO:0072518
GO:2000300 -[is_a]-> GO:0017158
GO:2000300 -[is_a]-> GO:0046928
GO:2000300 -[is_a]-> GO:1902803
GO:2000300 -[regulates]-> GO:0016079
GO:2000301 -[is_a]-> GO:0045955
GO:2000301 -[is_a]-> GO:0046929
GO:2000301 -[is_a]-> GO:1902804
GO:2000301 -[is_a]-> GO:2000300
GO:2000301 -[negatively_regulates]-> GO:0016079
GO:2000302 -[is_a]-> GO:0001956
GO:2000302 -[is_a]-> GO:0045956
GO:2000302 -[is_a]-> GO:1902805
GO:2000302 -[is_a]-> GO:2000300
GO:2000302 -[positively_regulates]-> GO:0016079
GO:2000303 -[is_a]-> GO:0034248
GO:2000303 -[is_a]-> GO:0090153
GO:2000303 -[regulates]-> GO:0046513
GO:2000304 -[is_a]-> GO:0034250
GO:2000304 -[is_a]-> GO:0090154
GO:2000304 -[is_a]-> GO:2000303
GO:2000304 -[positively_regulates]-> GO:0046513
GO:2000305 -[is_a]-> GO:0071526
GO:2000305 -[part_of]-> GO:2000289
GO:2000306 -[is_a]-> GO:0010099
GO:2000306 -[is_a]-> GO:0048582
GO:2000306 -[is_a]-> GO:0048584
GO:2000306 -[positively_regulates]-> GO:0009640
GO:2000307 -[is_a]-> GO:1903555
GO:2000307 -[regulates]-> GO:0072535
GO:2000308 -[is_a]-> GO:1903556
GO:2000308 -[is_a]-> GO:2000307
GO:2000308 -[negatively_regulates]-> GO:0072535
GO:2000309 -[is_a]-> GO:1903557
GO:2000309 -[is_a]-> GO:2000307
GO:2000309 -[positively_regulates]-> GO:0072535
GO:2000310 -[is_a]-> GO:0032412
GO:2000310 -[is_a]-> GO:0099601
GO:2000310 -[is_a]-> GO:1900449
GO:2000310 -[regulates]-> GO:0004972
GO:2000311 -[is_a]-> GO:0032412
GO:2000311 -[is_a]-> GO:0099601
GO:2000311 -[is_a]-> GO:1900449
GO:2000311 -[regulates]-> GO:0004971
GO:2000312 -[is_a]-> GO:0032412
GO:2000312 -[is_a]-> GO:0099601
GO:2000312 -[is_a]-> GO:1900449
GO:2000312 -[regulates]-> GO:0015277
GO:2000313 -[is_a]-> GO:0040036
GO:2000313 -[is_a]-> GO:2000026
GO:2000313 -[regulates]-> GO:0060825
GO:2000314 -[is_a]-> GO:0040037
GO:2000314 -[is_a]-> GO:0051093
GO:2000314 -[is_a]-> GO:0051241
GO:2000314 -[is_a]-> GO:2000313
GO:2000314 -[negatively_regulates]-> GO:0060825
GO:2000315 -[is_a]-> GO:0045743
GO:2000315 -[is_a]-> GO:0051094
GO:2000315 -[is_a]-> GO:0051240
GO:2000315 -[is_a]-> GO:2000313
GO:2000315 -[positively_regulates]-> GO:0060825
GO:2000316 -[is_a]-> GO:0002822
GO:2000316 -[regulates]-> GO:0072538
GO:2000317 -[is_a]-> GO:0002823
GO:2000317 -[is_a]-> GO:2000316
GO:2000317 -[negatively_regulates]-> GO:0072538
GO:2000318 -[is_a]-> GO:0002824
GO:2000318 -[is_a]-> GO:2000316
GO:2000318 -[positively_regulates]-> GO:0072538
GO:2000319 -[is_a]-> GO:0045622
GO:2000319 -[is_a]-> GO:2000316
GO:2000319 -[regulates]-> GO:0072539
GO:2000320 -[is_a]-> GO:0045623
GO:2000320 -[is_a]-> GO:2000317
GO:2000320 -[is_a]-> GO:2000319
GO:2000320 -[negatively_regulates]-> GO:0072539
GO:2000321 -[is_a]-> GO:0045624
GO:2000321 -[is_a]-> GO:2000318
GO:2000321 -[is_a]-> GO:2000319
GO:2000321 -[positively_regulates]-> GO:0072539
GO:2000322 -[is_a]-> GO:0033143
GO:2000322 -[regulates]-> GO:0042921
GO:2000323 -[is_a]-> GO:0033144
GO:2000323 -[is_a]-> GO:2000322
GO:2000323 -[negatively_regulates]-> GO:0042921
GO:2000324 -[is_a]-> GO:0033145
GO:2000324 -[is_a]-> GO:2000322
GO:2000324 -[positively_regulates]-> GO:0042921
GO:2000325 -[is_a]-> GO:0065009
GO:2000325 -[is_a]-> GO:1903506
GO:2000325 -[regulates]-> GO:0030374
GO:2000326 -[is_a]-> GO:0044092
GO:2000326 -[is_a]-> GO:0048519
GO:2000326 -[is_a]-> GO:2000325
GO:2000326 -[negatively_regulates]-> GO:0030374
GO:2000327 -[is_a]-> GO:0044093
GO:2000327 -[is_a]-> GO:0048518
GO:2000327 -[is_a]-> GO:2000325
GO:2000327 -[positively_regulates]-> GO:0030374
GO:2000328 -[is_a]-> GO:0010453
GO:2000328 -[is_a]-> GO:2000319
GO:2000328 -[regulates]-> GO:0072540
GO:2000329 -[is_a]-> GO:0010454
GO:2000329 -[is_a]-> GO:2000320
GO:2000329 -[is_a]-> GO:2000328
GO:2000329 -[negatively_regulates]-> GO:0072540
GO:2000330 -[is_a]-> GO:0010455
GO:2000330 -[is_a]-> GO:2000321
GO:2000330 -[is_a]-> GO:2000328
GO:2000330 -[positively_regulates]-> GO:0072540
GO:2000331 -[is_a]-> GO:0050807
GO:2000331 -[regulates]-> GO:0072553
GO:2000332 -[is_a]-> GO:0022603
GO:2000332 -[is_a]-> GO:0051128
GO:2000332 -[regulates]-> GO:0072564
GO:2000333 -[is_a]-> GO:0051093
GO:2000333 -[is_a]-> GO:0051129
GO:2000333 -[is_a]-> GO:2000332
GO:2000333 -[negatively_regulates]-> GO:0072564
GO:2000334 -[is_a]-> GO:0051094
GO:2000334 -[is_a]-> GO:0051130
GO:2000334 -[is_a]-> GO:2000332
GO:2000334 -[positively_regulates]-> GO:0072564
GO:2000335 -[is_a]-> GO:2000332
GO:2000335 -[regulates]-> GO:0072565
GO:2000336 -[is_a]-> GO:2000333
GO:2000336 -[is_a]-> GO:2000335
GO:2000336 -[negatively_regulates]-> GO:0072565
GO:2000337 -[is_a]-> GO:2000334
GO:2000337 -[is_a]-> GO:2000335
GO:2000337 -[positively_regulates]-> GO:0072565
GO:2000338 -[is_a]-> GO:0032642
GO:2000338 -[regulates]-> GO:0072566
GO:2000339 -[is_a]-> GO:0032682
GO:2000339 -[is_a]-> GO:2000338
GO:2000339 -[negatively_regulates]-> GO:0072566
GO:2000340 -[is_a]-> GO:0032722
GO:2000340 -[is_a]-> GO:2000338
GO:2000340 -[positively_regulates]-> GO:0072566
GO:2000341 -[is_a]-> GO:0032642
GO:2000341 -[regulates]-> GO:0072567
GO:2000342 -[is_a]-> GO:0032682
GO:2000342 -[is_a]-> GO:2000341
GO:2000342 -[negatively_regulates]-> GO:0072567
GO:2000343 -[is_a]-> GO:0032722
GO:2000343 -[is_a]-> GO:2000341
GO:2000343 -[positively_regulates]-> GO:0072567
GO:2000344 -[is_a]-> GO:0060046
GO:2000344 -[is_a]-> GO:1905516
GO:2000344 -[positively_regulates]-> GO:0007340
GO:2000345 -[is_a]-> GO:0050678
GO:2000345 -[is_a]-> GO:2000027
GO:2000345 -[regulates]-> GO:0072574
GO:2000346 -[is_a]-> GO:0050680
GO:2000346 -[is_a]-> GO:0051093
GO:2000346 -[is_a]-> GO:0051241
GO:2000346 -[is_a]-> GO:2000345
GO:2000346 -[negatively_regulates]-> GO:0072574
GO:2000347 -[is_a]-> GO:0050679
GO:2000347 -[is_a]-> GO:0051094
GO:2000347 -[is_a]-> GO:0051240
GO:2000347 -[is_a]-> GO:2000345
GO:2000347 -[positively_regulates]-> GO:0072574
GO:2000348 -[is_a]-> GO:0009966
GO:2000348 -[regulates]-> GO:0023035
GO:2000349 -[is_a]-> GO:0009968
GO:2000349 -[is_a]-> GO:2000348
GO:2000349 -[negatively_regulates]-> GO:0023035
GO:2000350 -[is_a]-> GO:0009967
GO:2000350 -[is_a]-> GO:2000348
GO:2000350 -[positively_regulates]-> GO:0023035
GO:2000351 -[is_a]-> GO:1904035
GO:2000351 -[regulates]-> GO:0072577
GO:2000352 -[is_a]-> GO:1904036
GO:2000352 -[is_a]-> GO:2000351
GO:2000352 -[negatively_regulates]-> GO:0072577
GO:2000353 -[is_a]-> GO:1904037
GO:2000353 -[is_a]-> GO:2000351
GO:2000353 -[positively_regulates]-> GO:0072577
GO:2000354 -[is_a]-> GO:2000194
GO:2000354 -[regulates]-> GO:0001541
GO:2000355 -[is_a]-> GO:2000195
GO:2000355 -[is_a]-> GO:2000354
GO:2000355 -[negatively_regulates]-> GO:0001541
GO:2000356 -[is_a]-> GO:0051150
GO:2000356 -[is_a]-> GO:0090183
GO:2000356 -[is_a]-> GO:1901861
GO:2000356 -[regulates]-> GO:0072195
GO:2000357 -[is_a]-> GO:0051151
GO:2000357 -[is_a]-> GO:0090185
GO:2000357 -[is_a]-> GO:1901862
GO:2000357 -[is_a]-> GO:2000356
GO:2000357 -[negatively_regulates]-> GO:0072195
GO:2000358 -[is_a]-> GO:0051152
GO:2000358 -[is_a]-> GO:0090184
GO:2000358 -[is_a]-> GO:1901863
GO:2000358 -[is_a]-> GO:2000356
GO:2000358 -[positively_regulates]-> GO:0072195
GO:2000359 -[is_a]-> GO:0050794
GO:2000359 -[is_a]-> GO:0080154
GO:2000359 -[regulates]-> GO:0007339
GO:2000360 -[is_a]-> GO:0048523
GO:2000360 -[is_a]-> GO:0060467
GO:2000360 -[is_a]-> GO:2000359
GO:2000360 -[negatively_regulates]-> GO:0007339
GO:2000361 -[is_a]-> GO:0010911
GO:2000361 -[regulates]-> GO:0050220
GO:2000362 -[is_a]-> GO:0043086
GO:2000362 -[is_a]-> GO:2000361
GO:2000362 -[negatively_regulates]-> GO:0050220
GO:2000363 -[is_a]-> GO:0010912
GO:2000363 -[is_a]-> GO:2000361
GO:2000363 -[positively_regulates]-> GO:0050220
GO:2000364 -[is_a]-> GO:0042306
GO:2000364 -[is_a]-> GO:0046425
GO:2000364 -[regulates]-> GO:0007262
GO:2000365 -[is_a]-> GO:0042308
GO:2000365 -[is_a]-> GO:0046426
GO:2000365 -[is_a]-> GO:2000364
GO:2000365 -[negatively_regulates]-> GO:0007262
GO:2000366 -[is_a]-> GO:0042307
GO:2000366 -[is_a]-> GO:0046427
GO:2000366 -[is_a]-> GO:2000364
GO:2000366 -[positively_regulates]-> GO:0007262
GO:2000367 -[is_a]-> GO:0017158
GO:2000367 -[is_a]-> GO:0060046
GO:2000367 -[regulates]-> GO:0060478
GO:2000368 -[is_a]-> GO:0045956
GO:2000368 -[is_a]-> GO:2000344
GO:2000368 -[is_a]-> GO:2000367
GO:2000368 -[positively_regulates]-> GO:0060478
GO:2000369 -[is_a]-> GO:0048259
GO:2000369 -[regulates]-> GO:0072583
GO:2000370 -[is_a]-> GO:0048260
GO:2000370 -[is_a]-> GO:2000369
GO:2000370 -[positively_regulates]-> GO:0072583
GO:2000371 -[is_a]-> GO:0010911
GO:2000371 -[is_a]-> GO:0043462
GO:2000371 -[regulates]-> GO:0003918
GO:2000372 -[is_a]-> GO:0032780
GO:2000372 -[is_a]-> GO:2000371
GO:2000372 -[negatively_regulates]-> GO:0003918
GO:2000373 -[is_a]-> GO:0010912
GO:2000373 -[is_a]-> GO:0032781
GO:2000373 -[is_a]-> GO:2000371
GO:2000373 -[positively_regulates]-> GO:0003918
GO:2000374 -[is_a]-> GO:0031323
GO:2000374 -[regulates]-> GO:0072592
GO:2000375 -[is_a]-> GO:0031324
GO:2000375 -[is_a]-> GO:2000374
GO:2000375 -[negatively_regulates]-> GO:0072592
GO:2000376 -[is_a]-> GO:0031325
GO:2000376 -[is_a]-> GO:2000374
GO:2000376 -[positively_regulates]-> GO:0072592
GO:2000377 -[is_a]-> GO:0031323
GO:2000377 -[regulates]-> GO:0072593
GO:2000378 -[is_a]-> GO:0031324
GO:2000378 -[is_a]-> GO:2000377
GO:2000378 -[negatively_regulates]-> GO:0072593
GO:2000379 -[is_a]-> GO:0031325
GO:2000379 -[is_a]-> GO:2000377
GO:2000379 -[positively_regulates]-> GO:0072593
GO:2000380 -[is_a]-> GO:0050793
GO:2000380 -[regulates]-> GO:0007498
GO:2000381 -[is_a]-> GO:0051093
GO:2000381 -[is_a]-> GO:2000380
GO:2000381 -[negatively_regulates]-> GO:0007498
GO:2000382 -[is_a]-> GO:0051094
GO:2000382 -[is_a]-> GO:2000380
GO:2000382 -[positively_regulates]-> GO:0007498
GO:2000383 -[is_a]-> GO:0050793
GO:2000383 -[regulates]-> GO:0007398
GO:2000384 -[is_a]-> GO:0051093
GO:2000384 -[is_a]-> GO:2000383
GO:2000384 -[negatively_regulates]-> GO:0007398
GO:2000385 -[is_a]-> GO:0051094
GO:2000385 -[is_a]-> GO:2000383
GO:2000385 -[positively_regulates]-> GO:0007398
GO:2000386 -[is_a]-> GO:2000196
GO:2000386 -[is_a]-> GO:2000354
GO:2000386 -[positively_regulates]-> GO:0001541
GO:2000387 -[is_a]-> GO:0048638
GO:2000387 -[is_a]-> GO:2000354
GO:2000387 -[regulates]-> GO:0001547
GO:2000388 -[is_a]-> GO:0048639
GO:2000388 -[is_a]-> GO:2000386
GO:2000388 -[is_a]-> GO:2000387
GO:2000388 -[positively_regulates]-> GO:0001547
GO:2000389 -[is_a]-> GO:0002691
GO:2000389 -[is_a]-> GO:1902622
GO:2000389 -[regulates]-> GO:0072672
GO:2000390 -[is_a]-> GO:0002692
GO:2000390 -[is_a]-> GO:1902623
GO:2000390 -[is_a]-> GO:2000389
GO:2000390 -[negatively_regulates]-> GO:0072672
GO:2000391 -[is_a]-> GO:0002693
GO:2000391 -[is_a]-> GO:1902624
GO:2000391 -[is_a]-> GO:2000389
GO:2000391 -[positively_regulates]-> GO:0072672
GO:2000392 -[is_a]-> GO:0022604
GO:2000392 -[is_a]-> GO:1902743
GO:2000392 -[regulates]-> GO:0072673
GO:2000393 -[is_a]-> GO:0051093
GO:2000393 -[is_a]-> GO:1902744
GO:2000393 -[is_a]-> GO:2000392
GO:2000393 -[negatively_regulates]-> GO:0072673
GO:2000394 -[is_a]-> GO:0051094
GO:2000394 -[is_a]-> GO:1902745
GO:2000394 -[is_a]-> GO:2000392
GO:2000394 -[positively_regulates]-> GO:0072673
GO:2000395 -[is_a]-> GO:0030100
GO:2000395 -[is_a]-> GO:0051223
GO:2000395 -[regulates]-> GO:0070086
GO:2000396 -[is_a]-> GO:0045806
GO:2000396 -[is_a]-> GO:0051224
GO:2000396 -[is_a]-> GO:2000395
GO:2000396 -[negatively_regulates]-> GO:0070086
GO:2000397 -[is_a]-> GO:0045807
GO:2000397 -[is_a]-> GO:0051222
GO:2000397 -[is_a]-> GO:2000395
GO:2000397 -[positively_regulates]-> GO:0070086
GO:2000398 -[is_a]-> GO:0002694
GO:2000398 -[is_a]-> GO:1903037
GO:2000398 -[regulates]-> GO:0071594
GO:2000399 -[is_a]-> GO:0002695
GO:2000399 -[is_a]-> GO:1903038
GO:2000399 -[is_a]-> GO:2000398
GO:2000399 -[negatively_regulates]-> GO:0071594
GO:2000400 -[is_a]-> GO:0002696
GO:2000400 -[is_a]-> GO:1903039
GO:2000400 -[is_a]-> GO:2000398
GO:2000400 -[positively_regulates]-> GO:0071594
GO:2000401 -[is_a]-> GO:0002685
GO:2000401 -[regulates]-> GO:0072676
GO:2000402 -[is_a]-> GO:0002686
GO:2000402 -[is_a]-> GO:2000401
GO:2000402 -[negatively_regulates]-> GO:0072676
GO:2000403 -[is_a]-> GO:0002687
GO:2000403 -[is_a]-> GO:2000401
GO:2000403 -[positively_regulates]-> GO:0072676
GO:2000404 -[is_a]-> GO:2000401
GO:2000404 -[regulates]-> GO:0072678
GO:2000405 -[is_a]-> GO:2000402
GO:2000405 -[is_a]-> GO:2000404
GO:2000405 -[negatively_regulates]-> GO:0072678
GO:2000406 -[is_a]-> GO:2000403
GO:2000406 -[is_a]-> GO:2000404
GO:2000406 -[positively_regulates]-> GO:0072678
GO:2000407 -[is_a]-> GO:0002691
GO:2000407 -[is_a]-> GO:2000404
GO:2000407 -[regulates]-> GO:0072683
GO:2000408 -[is_a]-> GO:0002692
GO:2000408 -[is_a]-> GO:2000405
GO:2000408 -[is_a]-> GO:2000407
GO:2000408 -[negatively_regulates]-> GO:0072683
GO:2000409 -[is_a]-> GO:0002693
GO:2000409 -[is_a]-> GO:2000406
GO:2000409 -[is_a]-> GO:2000407
GO:2000409 -[positively_regulates]-> GO:0072683
GO:2000410 -[is_a]-> GO:2000404
GO:2000410 -[regulates]-> GO:0072679
GO:2000411 -[is_a]-> GO:2000405
GO:2000411 -[is_a]-> GO:2000410
GO:2000411 -[negatively_regulates]-> GO:0072679
GO:2000412 -[is_a]-> GO:2000406
GO:2000412 -[is_a]-> GO:2000410
GO:2000412 -[positively_regulates]-> GO:0072679
GO:2000413 -[is_a]-> GO:2000410
GO:2000413 -[regulates]-> GO:0072681
GO:2000414 -[is_a]-> GO:2000411
GO:2000414 -[is_a]-> GO:2000413
GO:2000414 -[negatively_regulates]-> GO:0072681
GO:2000415 -[is_a]-> GO:2000412
GO:2000415 -[is_a]-> GO:2000413
GO:2000415 -[positively_regulates]-> GO:0072681
GO:2000416 -[is_a]-> GO:0002685
GO:2000416 -[regulates]-> GO:0072677
GO:2000417 -[is_a]-> GO:0002686
GO:2000417 -[is_a]-> GO:2000416
GO:2000417 -[negatively_regulates]-> GO:0072677
GO:2000418 -[is_a]-> GO:0002687
GO:2000418 -[is_a]-> GO:2000416
GO:2000418 -[positively_regulates]-> GO:0072677
GO:2000419 -[is_a]-> GO:0002691
GO:2000419 -[is_a]-> GO:2000416
GO:2000419 -[regulates]-> GO:0072682
GO:2000420 -[is_a]-> GO:0002692
GO:2000420 -[is_a]-> GO:2000417
GO:2000420 -[is_a]-> GO:2000419
GO:2000420 -[negatively_regulates]-> GO:0072682
GO:2000421 -[is_a]-> GO:0002693
GO:2000421 -[is_a]-> GO:2000418
GO:2000421 -[is_a]-> GO:2000419
GO:2000421 -[positively_regulates]-> GO:0072682
GO:2000422 -[is_a]-> GO:0071622
GO:2000422 -[is_a]-> GO:2000416
GO:2000422 -[regulates]-> GO:0048245
GO:2000423 -[is_a]-> GO:0071623
GO:2000423 -[is_a]-> GO:2000417
GO:2000423 -[is_a]-> GO:2000422
GO:2000423 -[negatively_regulates]-> GO:0048245
GO:2000424 -[is_a]-> GO:0071624
GO:2000424 -[is_a]-> GO:2000418
GO:2000424 -[is_a]-> GO:2000422
GO:2000424 -[positively_regulates]-> GO:0048245
GO:2000425 -[is_a]-> GO:0050764
GO:2000425 -[regulates]-> GO:0043277
GO:2000426 -[is_a]-> GO:0050765
GO:2000426 -[is_a]-> GO:2000425
GO:2000426 -[negatively_regulates]-> GO:0043277
GO:2000427 -[is_a]-> GO:0050766
GO:2000427 -[is_a]-> GO:2000425
GO:2000427 -[positively_regulates]-> GO:0043277
GO:2000428 -[is_a]-> GO:1903037
GO:2000428 -[regulates]-> GO:0070488
GO:2000429 -[is_a]-> GO:1903038
GO:2000429 -[is_a]-> GO:2000428
GO:2000429 -[negatively_regulates]-> GO:0070488
GO:2000430 -[is_a]-> GO:1903039
GO:2000430 -[is_a]-> GO:2000428
GO:2000430 -[positively_regulates]-> GO:0070488
GO:2000431 -[is_a]-> GO:0032954
GO:2000431 -[is_a]-> GO:0032956
GO:2000431 -[is_a]-> GO:0044087
GO:2000431 -[regulates]-> GO:0000915
GO:2000432 -[is_a]-> GO:0032466
GO:2000432 -[is_a]-> GO:0051494
GO:2000432 -[is_a]-> GO:2000431
GO:2000432 -[negatively_regulates]-> GO:0000915
GO:2000433 -[is_a]-> GO:0032467
GO:2000433 -[is_a]-> GO:0044089
GO:2000433 -[is_a]-> GO:0051495
GO:2000433 -[is_a]-> GO:2000431
GO:2000433 -[positively_regulates]-> GO:0000915
GO:2000434 -[is_a]-> GO:1903320
GO:2000434 -[regulates]-> GO:0045116
GO:2000435 -[is_a]-> GO:1903321
GO:2000435 -[is_a]-> GO:2000434
GO:2000435 -[negatively_regulates]-> GO:0045116
GO:2000436 -[is_a]-> GO:1903322
GO:2000436 -[is_a]-> GO:2000434
GO:2000436 -[positively_regulates]-> GO:0045116
GO:2000437 -[is_a]-> GO:0002691
GO:2000437 -[is_a]-> GO:0071675
GO:2000437 -[regulates]-> GO:0035696
GO:2000438 -[is_a]-> GO:0002692
GO:2000438 -[is_a]-> GO:0071676
GO:2000438 -[is_a]-> GO:2000437
GO:2000438 -[negatively_regulates]-> GO:0035696
GO:2000439 -[is_a]-> GO:0002693
GO:2000439 -[is_a]-> GO:0071677
GO:2000439 -[is_a]-> GO:2000437
GO:2000439 -[positively_regulates]-> GO:0035696
GO:2000440 -[is_a]-> GO:0034121
GO:2000440 -[regulates]-> GO:0035681
GO:2000441 -[is_a]-> GO:0034122
GO:2000441 -[is_a]-> GO:2000440
GO:2000441 -[negatively_regulates]-> GO:0035681
GO:2000442 -[is_a]-> GO:0034123
GO:2000442 -[is_a]-> GO:2000440
GO:2000442 -[positively_regulates]-> GO:0035681
GO:2000443 -[is_a]-> GO:0034121
GO:2000443 -[regulates]-> GO:0035682
GO:2000444 -[is_a]-> GO:0034122
GO:2000444 -[is_a]-> GO:2000443
GO:2000444 -[negatively_regulates]-> GO:0035682
GO:2000445 -[is_a]-> GO:0034123
GO:2000445 -[is_a]-> GO:2000443
GO:2000445 -[positively_regulates]-> GO:0035682
GO:2000446 -[is_a]-> GO:0001959
GO:2000446 -[regulates]-> GO:0035691
GO:2000447 -[is_a]-> GO:0001960
GO:2000447 -[is_a]-> GO:2000446
GO:2000447 -[negatively_regulates]-> GO:0035691
GO:2000448 -[is_a]-> GO:0001961
GO:2000448 -[is_a]-> GO:2000446
GO:2000448 -[positively_regulates]-> GO:0035691
GO:2000449 -[is_a]-> GO:2000407
GO:2000449 -[regulates]-> GO:0035697
GO:2000450 -[is_a]-> GO:2000408
GO:2000450 -[is_a]-> GO:2000449
GO:2000450 -[negatively_regulates]-> GO:0035697
GO:2000451 -[is_a]-> GO:2000409
GO:2000451 -[is_a]-> GO:2000449
GO:2000451 -[positively_regulates]-> GO:0035697
GO:2000452 -[is_a]-> GO:2000449
GO:2000452 -[regulates]-> GO:0035698
GO:2000453 -[is_a]-> GO:2000450
GO:2000453 -[is_a]-> GO:2000452
GO:2000453 -[negatively_regulates]-> GO:0035698
GO:2000454 -[is_a]-> GO:2000451
GO:2000454 -[is_a]-> GO:2000452
GO:2000454 -[positively_regulates]-> GO:0035698
GO:2000455 -[is_a]-> GO:2000449
GO:2000455 -[regulates]-> GO:0035699
GO:2000456 -[is_a]-> GO:2000450
GO:2000456 -[is_a]-> GO:2000455
GO:2000456 -[negatively_regulates]-> GO:0035699
GO:2000457 -[is_a]-> GO:2000451
GO:2000457 -[is_a]-> GO:2000455
GO:2000457 -[positively_regulates]-> GO:0035699
GO:2000458 -[is_a]-> GO:0050920
GO:2000458 -[is_a]-> GO:1903975
GO:2000458 -[regulates]-> GO:0035700
GO:2000459 -[is_a]-> GO:0050922
GO:2000459 -[is_a]-> GO:1903976
GO:2000459 -[is_a]-> GO:2000458
GO:2000459 -[negatively_regulates]-> GO:0035700
GO:2000463 -[is_a]-> GO:0009967
GO:2000463 -[is_a]-> GO:0050806
GO:2000463 -[is_a]-> GO:0098815
GO:2000463 -[positively_regulates]-> GO:0060079
GO:2000464 -[is_a]-> GO:0050921
GO:2000464 -[is_a]-> GO:1903977
GO:2000464 -[is_a]-> GO:2000458
GO:2000464 -[positively_regulates]-> GO:0035700
GO:2000465 -[is_a]-> GO:0051338
GO:2000465 -[regulates]-> GO:0004373
GO:2000466 -[is_a]-> GO:0051348
GO:2000466 -[is_a]-> GO:2000465
GO:2000466 -[negatively_regulates]-> GO:0004373
GO:2000467 -[is_a]-> GO:0051347
GO:2000467 -[is_a]-> GO:2000465
GO:2000467 -[positively_regulates]-> GO:0004373
GO:2000468 -[is_a]-> GO:0048583
GO:2000468 -[is_a]-> GO:0050794
GO:2000468 -[is_a]-> GO:0051341
GO:2000468 -[regulates]-> GO:0004601
GO:2000469 -[is_a]-> GO:0048523
GO:2000469 -[is_a]-> GO:0048585
GO:2000469 -[is_a]-> GO:0051354
GO:2000469 -[is_a]-> GO:2000468
GO:2000469 -[negatively_regulates]-> GO:0004601
GO:2000470 -[is_a]-> GO:0048522
GO:2000470 -[is_a]-> GO:0048584
GO:2000470 -[is_a]-> GO:0051353
GO:2000470 -[is_a]-> GO:2000468
GO:2000470 -[positively_regulates]-> GO:0004601
GO:2000471 -[is_a]-> GO:0030334
GO:2000471 -[regulates]-> GO:0035701
GO:2000472 -[is_a]-> GO:0030336
GO:2000472 -[is_a]-> GO:2000471
GO:2000472 -[negatively_regulates]-> GO:0035701
GO:2000473 -[is_a]-> GO:0030335
GO:2000473 -[is_a]-> GO:2000471
GO:2000473 -[positively_regulates]-> GO:0035701
GO:2000474 -[is_a]-> GO:0008277
GO:2000474 -[regulates]-> GO:0038003
GO:2000475 -[is_a]-> GO:0045744
GO:2000475 -[is_a]-> GO:2000474
GO:2000475 -[negatively_regulates]-> GO:0038003
GO:2000476 -[is_a]-> GO:0045745
GO:2000476 -[is_a]-> GO:2000474
GO:2000476 -[positively_regulates]-> GO:0038003
GO:2000477 -[is_a]-> GO:0060284
GO:2000477 -[is_a]-> GO:0072298
GO:2000477 -[is_a]-> GO:2000696
GO:2000477 -[regulates]-> GO:0072249
GO:2000478 -[is_a]-> GO:0010720
GO:2000478 -[is_a]-> GO:0072300
GO:2000478 -[is_a]-> GO:2000477
GO:2000478 -[is_a]-> GO:2000698
GO:2000478 -[positively_regulates]-> GO:0072249
GO:2000479 -[is_a]-> GO:0071900
GO:2000479 -[regulates]-> GO:0004691
GO:2000480 -[is_a]-> GO:0071901
GO:2000480 -[is_a]-> GO:2000479
GO:2000480 -[negatively_regulates]-> GO:0004691
GO:2000481 -[is_a]-> GO:0071902
GO:2000481 -[is_a]-> GO:2000479
GO:2000481 -[positively_regulates]-> GO:0004691
GO:2000482 -[is_a]-> GO:0032677
GO:2000482 -[is_a]-> GO:0050707
GO:2000482 -[regulates]-> GO:0072606
GO:2000483 -[is_a]-> GO:0032717
GO:2000483 -[is_a]-> GO:0050710
GO:2000483 -[is_a]-> GO:2000482
GO:2000483 -[negatively_regulates]-> GO:0072606
GO:2000484 -[is_a]-> GO:0032757
GO:2000484 -[is_a]-> GO:0050715
GO:2000484 -[is_a]-> GO:2000482
GO:2000484 -[positively_regulates]-> GO:0072606
GO:2000485 -[is_a]-> GO:0044070
GO:2000485 -[is_a]-> GO:0051955
GO:2000485 -[regulates]-> GO:0006868
GO:2000486 -[is_a]-> GO:0051956
GO:2000486 -[is_a]-> GO:1903792
GO:2000486 -[is_a]-> GO:2000485
GO:2000486 -[negatively_regulates]-> GO:0006868
GO:2000487 -[is_a]-> GO:0051957
GO:2000487 -[is_a]-> GO:1903793
GO:2000487 -[is_a]-> GO:2000485
GO:2000487 -[positively_regulates]-> GO:0006868
GO:2000488 -[is_a]-> GO:0010422
GO:2000488 -[is_a]-> GO:0010893
GO:2000488 -[is_a]-> GO:0046886
GO:2000488 -[positively_regulates]-> GO:0016132
GO:2000489 -[is_a]-> GO:0050865
GO:2000489 -[regulates]-> GO:0035733
GO:2000490 -[is_a]-> GO:0050866
GO:2000490 -[is_a]-> GO:2000489
GO:2000490 -[negatively_regulates]-> GO:0035733
GO:2000491 -[is_a]-> GO:0050867
GO:2000491 -[is_a]-> GO:2000489
GO:2000491 -[positively_regulates]-> GO:0035733
GO:2000492 -[is_a]-> GO:0001959
GO:2000492 -[regulates]-> GO:0035655
GO:2000493 -[is_a]-> GO:0001960
GO:2000493 -[is_a]-> GO:2000492
GO:2000493 -[negatively_regulates]-> GO:0035655
GO:2000494 -[is_a]-> GO:0001961
GO:2000494 -[is_a]-> GO:2000492
GO:2000494 -[positively_regulates]-> GO:0035655
GO:2000495 -[is_a]-> GO:0042127
GO:2000495 -[is_a]-> GO:2000027
GO:2000495 -[regulates]-> GO:0035736
GO:2000496 -[is_a]-> GO:0008285
GO:2000496 -[is_a]-> GO:0051093
GO:2000496 -[is_a]-> GO:0051241
GO:2000496 -[is_a]-> GO:2000495
GO:2000496 -[negatively_regulates]-> GO:0035736
GO:2000497 -[is_a]-> GO:0008284
GO:2000497 -[is_a]-> GO:0051094
GO:2000497 -[is_a]-> GO:0051240
GO:2000497 -[is_a]-> GO:2000495
GO:2000497 -[positively_regulates]-> GO:0035736
GO:2000501 -[is_a]-> GO:1901623
GO:2000501 -[regulates]-> GO:0035747
GO:2000502 -[is_a]-> GO:1901624
GO:2000502 -[is_a]-> GO:2000501
GO:2000502 -[negatively_regulates]-> GO:0035747
GO:2000503 -[is_a]-> GO:0002690
GO:2000503 -[is_a]-> GO:2000403
GO:2000503 -[is_a]-> GO:2000501
GO:2000503 -[positively_regulates]-> GO:0035747
GO:2000504 -[is_a]-> GO:0034105
GO:2000504 -[is_a]-> GO:0060312
GO:2000504 -[positively_regulates]-> GO:0001974
GO:2000505 -[is_a]-> GO:0032844
GO:2000505 -[is_a]-> GO:0051239
GO:2000505 -[regulates]-> GO:0097009
GO:2000506 -[is_a]-> GO:0032845
GO:2000506 -[is_a]-> GO:0051241
GO:2000506 -[is_a]-> GO:2000505
GO:2000506 -[negatively_regulates]-> GO:0097009
GO:2000507 -[is_a]-> GO:0032846
GO:2000507 -[is_a]-> GO:0051240
GO:2000507 -[is_a]-> GO:2000505
GO:2000507 -[positively_regulates]-> GO:0097009
GO:2000508 -[is_a]-> GO:0002688
GO:2000508 -[regulates]-> GO:0002407
GO:2000509 -[is_a]-> GO:0002689
GO:2000509 -[is_a]-> GO:2000508
GO:2000509 -[negatively_regulates]-> GO:0002407
GO:2000510 -[is_a]-> GO:0002690
GO:2000510 -[is_a]-> GO:2000508
GO:2000510 -[positively_regulates]-> GO:0002407
GO:2000511 -[is_a]-> GO:0002700
GO:2000511 -[regulates]-> GO:0035746
GO:2000512 -[is_a]-> GO:0002701
GO:2000512 -[is_a]-> GO:2000511
GO:2000512 -[negatively_regulates]-> GO:0035746
GO:2000513 -[is_a]-> GO:0002702
GO:2000513 -[is_a]-> GO:2000511
GO:2000513 -[positively_regulates]-> GO:0035746
GO:2000514 -[is_a]-> GO:0046634
GO:2000514 -[regulates]-> GO:0035710
GO:2000515 -[is_a]-> GO:0046636
GO:2000515 -[is_a]-> GO:2000514
GO:2000515 -[negatively_regulates]-> GO:0035710
GO:2000516 -[is_a]-> GO:0046635
GO:2000516 -[is_a]-> GO:2000514
GO:2000516 -[positively_regulates]-> GO:0035710
GO:2000517 -[is_a]-> GO:2000514
GO:2000517 -[regulates]-> GO:0035711
GO:2000518 -[is_a]-> GO:2000515
GO:2000518 -[is_a]-> GO:2000517
GO:2000518 -[negatively_regulates]-> GO:0035711
GO:2000519 -[is_a]-> GO:2000516
GO:2000519 -[is_a]-> GO:2000517
GO:2000519 -[positively_regulates]-> GO:0035711
GO:2000520 -[is_a]-> GO:0051249
GO:2000520 -[regulates]-> GO:0001771
GO:2000521 -[is_a]-> GO:0051250
GO:2000521 -[is_a]-> GO:2000520
GO:2000521 -[negatively_regulates]-> GO:0001771
GO:2000522 -[is_a]-> GO:0051251
GO:2000522 -[is_a]-> GO:2000520
GO:2000522 -[positively_regulates]-> GO:0001771
GO:2000523 -[is_a]-> GO:0050863
GO:2000523 -[regulates]-> GO:0031295
GO:2000524 -[is_a]-> GO:0002683
GO:2000524 -[is_a]-> GO:2000523
GO:2000524 -[negatively_regulates]-> GO:0031295
GO:2000525 -[is_a]-> GO:0002684
GO:2000525 -[is_a]-> GO:2000523
GO:2000525 -[positively_regulates]-> GO:0031295
GO:2000526 -[is_a]-> GO:0010560
GO:2000526 -[part_of]-> GO:0001771
GO:2000527 -[is_a]-> GO:2000508
GO:2000527 -[regulates]-> GO:0002408
GO:2000528 -[is_a]-> GO:2000509
GO:2000528 -[is_a]-> GO:2000527
GO:2000528 -[negatively_regulates]-> GO:0002408
GO:2000529 -[is_a]-> GO:2000510
GO:2000529 -[is_a]-> GO:2000527
GO:2000529 -[positively_regulates]-> GO:0002408
GO:2000531 -[is_a]-> GO:0042304
GO:2000531 -[is_a]-> GO:0072364
GO:2000531 -[regulates]-> GO:0100070
GO:2000532 -[is_a]-> GO:0098801
GO:2000532 -[regulates]-> GO:0097018
GO:2000533 -[is_a]-> GO:0051241
GO:2000533 -[is_a]-> GO:2000532
GO:2000533 -[negatively_regulates]-> GO:0097018
GO:2000534 -[is_a]-> GO:0051240
GO:2000534 -[is_a]-> GO:2000532
GO:2000534 -[positively_regulates]-> GO:0097018
GO:2000535 -[is_a]-> GO:0043903
GO:2000535 -[regulates]-> GO:0035635
GO:2000536 -[is_a]-> GO:0043901
GO:2000536 -[is_a]-> GO:2000535
GO:2000536 -[negatively_regulates]-> GO:0035635
GO:2000537 -[is_a]-> GO:1901623
GO:2000537 -[regulates]-> GO:0035754
GO:2000538 -[is_a]-> GO:0002690
GO:2000538 -[is_a]-> GO:2000403
GO:2000538 -[is_a]-> GO:2000537
GO:2000538 -[positively_regulates]-> GO:0035754
GO:2000539 -[is_a]-> GO:0031399
GO:2000539 -[is_a]-> GO:2000112
GO:2000539 -[regulates]-> GO:0018344
GO:2000540 -[is_a]-> GO:0031400
GO:2000540 -[is_a]-> GO:2000539
GO:2000540 -[negatively_regulates]-> GO:0018344
GO:2000541 -[is_a]-> GO:0031401
GO:2000541 -[is_a]-> GO:2000539
GO:2000541 -[positively_regulates]-> GO:0018344
GO:2000542 -[is_a]-> GO:0010470
GO:2000542 -[is_a]-> GO:0045992
GO:2000542 -[negatively_regulates]-> GO:0007369
GO:2000543 -[is_a]-> GO:0010470
GO:2000543 -[is_a]-> GO:0040019
GO:2000543 -[positively_regulates]-> GO:0007369
GO:2000544 -[is_a]-> GO:1904847
GO:2000544 -[is_a]-> GO:2001026
GO:2000544 -[regulates]-> GO:0035768
GO:2000545 -[is_a]-> GO:1904848
GO:2000545 -[is_a]-> GO:2000544
GO:2000545 -[is_a]-> GO:2001027
GO:2000545 -[negatively_regulates]-> GO:0035768
GO:2000546 -[is_a]-> GO:1904849
GO:2000546 -[is_a]-> GO:2000544
GO:2000546 -[is_a]-> GO:2001028
GO:2000546 -[positively_regulates]-> GO:0035768
GO:2000547 -[is_a]-> GO:0060491
GO:2000547 -[regulates]-> GO:0097026
GO:2000548 -[is_a]-> GO:0031345
GO:2000548 -[is_a]-> GO:2000547
GO:2000548 -[negatively_regulates]-> GO:0097026
GO:2000549 -[is_a]-> GO:0031346
GO:2000549 -[is_a]-> GO:0044089
GO:2000549 -[is_a]-> GO:2000547
GO:2000549 -[positively_regulates]-> GO:0097026
GO:2000550 -[is_a]-> GO:1901624
GO:2000550 -[is_a]-> GO:2000537
GO:2000550 -[negatively_regulates]-> GO:0035754
GO:2000551 -[is_a]-> GO:0002724
GO:2000551 -[is_a]-> GO:0002828
GO:2000551 -[regulates]-> GO:0035745
GO:2000552 -[is_a]-> GO:0002725
GO:2000552 -[is_a]-> GO:0002829
GO:2000552 -[is_a]-> GO:2000551
GO:2000552 -[negatively_regulates]-> GO:0035745
GO:2000553 -[is_a]-> GO:0002726
GO:2000553 -[is_a]-> GO:0002830
GO:2000553 -[is_a]-> GO:2000551
GO:2000553 -[positively_regulates]-> GO:0035745
GO:2000554 -[is_a]-> GO:0002724
GO:2000554 -[is_a]-> GO:0002825
GO:2000554 -[regulates]-> GO:0035744
GO:2000555 -[is_a]-> GO:0002725
GO:2000555 -[is_a]-> GO:0002826
GO:2000555 -[is_a]-> GO:2000554
GO:2000555 -[negatively_regulates]-> GO:0035744
GO:2000556 -[is_a]-> GO:0002726
GO:2000556 -[is_a]-> GO:0002827
GO:2000556 -[is_a]-> GO:2000554
GO:2000556 -[positively_regulates]-> GO:0035744
GO:2000557 -[is_a]-> GO:0002637
GO:2000557 -[is_a]-> GO:0002889
GO:2000557 -[regulates]-> GO:0002426
GO:2000558 -[is_a]-> GO:0002639
GO:2000558 -[is_a]-> GO:0002891
GO:2000558 -[is_a]-> GO:2000557
GO:2000558 -[positively_regulates]-> GO:0002426
GO:2000559 -[is_a]-> GO:0010559
GO:2000559 -[regulates]-> GO:0035724
GO:2000560 -[is_a]-> GO:0010560
GO:2000560 -[is_a]-> GO:2000559
GO:2000560 -[positively_regulates]-> GO:0035724
GO:2000561 -[is_a]-> GO:0046640
GO:2000561 -[is_a]-> GO:2000514
GO:2000561 -[regulates]-> GO:0035739
GO:2000562 -[is_a]-> GO:0046642
GO:2000562 -[is_a]-> GO:2000515
GO:2000562 -[is_a]-> GO:2000561
GO:2000562 -[negatively_regulates]-> GO:0035739
GO:2000563 -[is_a]-> GO:0046641
GO:2000563 -[is_a]-> GO:2000516
GO:2000563 -[is_a]-> GO:2000561
GO:2000563 -[positively_regulates]-> GO:0035739
GO:2000564 -[is_a]-> GO:0046640
GO:2000564 -[is_a]-> GO:2001185
GO:2000564 -[regulates]-> GO:0035740
GO:2000565 -[is_a]-> GO:0046642
GO:2000565 -[is_a]-> GO:2000564
GO:2000565 -[is_a]-> GO:2001186
GO:2000565 -[negatively_regulates]-> GO:0035740
GO:2000566 -[is_a]-> GO:0046641
GO:2000566 -[is_a]-> GO:2000564
GO:2000566 -[is_a]-> GO:2001187
GO:2000566 -[positively_regulates]-> GO:0035740
GO:2000567 -[is_a]-> GO:0050863
GO:2000567 -[regulates]-> GO:0035709
GO:2000568 -[is_a]-> GO:0050870
GO:2000568 -[is_a]-> GO:2000567
GO:2000568 -[positively_regulates]-> GO:0035709
GO:2000569 -[is_a]-> GO:2000514
GO:2000569 -[regulates]-> GO:0035712
GO:2000570 -[is_a]-> GO:2000516
GO:2000570 -[is_a]-> GO:2000569
GO:2000570 -[positively_regulates]-> GO:0035712
GO:2000571 -[is_a]-> GO:0048293
GO:2000571 -[regulates]-> GO:0035708
GO:2000572 -[is_a]-> GO:0048295
GO:2000572 -[is_a]-> GO:2000571
GO:2000572 -[positively_regulates]-> GO:0035708
GO:2000573 -[is_a]-> GO:0010557
GO:2000573 -[is_a]-> GO:0031328
GO:2000573 -[is_a]-> GO:0051054
GO:2000573 -[is_a]-> GO:2000278
GO:2000573 -[positively_regulates]-> GO:0071897
GO:2000574 -[is_a]-> GO:0051336
GO:2000574 -[regulates]-> GO:0003777
GO:2000575 -[is_a]-> GO:0051346
GO:2000575 -[is_a]-> GO:2000574
GO:2000575 -[negatively_regulates]-> GO:0003777
GO:2000576 -[is_a]-> GO:0051345
GO:2000576 -[is_a]-> GO:2000574
GO:2000576 -[positively_regulates]-> GO:0003777
GO:2000577 -[is_a]-> GO:0043462
GO:2000577 -[is_a]-> GO:2000574
GO:2000577 -[regulates]-> GO:0008569
GO:2000578 -[is_a]-> GO:0032780
GO:2000578 -[is_a]-> GO:2000575
GO:2000578 -[is_a]-> GO:2000577
GO:2000578 -[negatively_regulates]-> GO:0008569
GO:2000579 -[is_a]-> GO:0032781
GO:2000579 -[is_a]-> GO:2000576
GO:2000579 -[is_a]-> GO:2000577
GO:2000579 -[positively_regulates]-> GO:0008569
GO:2000580 -[is_a]-> GO:0043462
GO:2000580 -[is_a]-> GO:2000574
GO:2000580 -[regulates]-> GO:0008574
GO:2000581 -[is_a]-> GO:0032780
GO:2000581 -[is_a]-> GO:2000575
GO:2000581 -[is_a]-> GO:2000580
GO:2000581 -[negatively_regulates]-> GO:0008574
GO:2000582 -[is_a]-> GO:0032781
GO:2000582 -[is_a]-> GO:2000576
GO:2000582 -[is_a]-> GO:2000580
GO:2000582 -[positively_regulates]-> GO:0008574
GO:2000583 -[is_a]-> GO:0010640
GO:2000583 -[regulates]-> GO:0035790
GO:2000584 -[is_a]-> GO:0010642
GO:2000584 -[is_a]-> GO:2000583
GO:2000584 -[negatively_regulates]-> GO:0035790
GO:2000585 -[is_a]-> GO:0010641
GO:2000585 -[is_a]-> GO:2000583
GO:2000585 -[positively_regulates]-> GO:0035790
GO:2000586 -[is_a]-> GO:0010640
GO:2000586 -[regulates]-> GO:0035791
GO:2000587 -[is_a]-> GO:0010642
GO:2000587 -[is_a]-> GO:2000586
GO:2000587 -[negatively_regulates]-> GO:0035791
GO:2000588 -[is_a]-> GO:0010641
GO:2000588 -[is_a]-> GO:2000586
GO:2000588 -[positively_regulates]-> GO:0035791
GO:2000589 -[is_a]-> GO:0030334
GO:2000589 -[is_a]-> GO:0072215
GO:2000589 -[regulates]-> GO:0035789
GO:2000590 -[is_a]-> GO:0030336
GO:2000590 -[is_a]-> GO:0072217
GO:2000590 -[is_a]-> GO:2000589
GO:2000590 -[negatively_regulates]-> GO:0035789
GO:2000591 -[is_a]-> GO:0030335
GO:2000591 -[is_a]-> GO:0072216
GO:2000591 -[is_a]-> GO:2000589
GO:2000591 -[positively_regulates]-> GO:0035789
GO:2000592 -[is_a]-> GO:0045595
GO:2000592 -[is_a]-> GO:0072215
GO:2000592 -[regulates]-> GO:0072240
GO:2000593 -[is_a]-> GO:0045596
GO:2000593 -[is_a]-> GO:0072217
GO:2000593 -[is_a]-> GO:2000592
GO:2000593 -[negatively_regulates]-> GO:0072240
GO:2000594 -[is_a]-> GO:0045597
GO:2000594 -[is_a]-> GO:0072216
GO:2000594 -[is_a]-> GO:2000592
GO:2000594 -[positively_regulates]-> GO:0072240
GO:2000595 -[is_a]-> GO:0022603
GO:2000595 -[is_a]-> GO:0051960
GO:2000595 -[regulates]-> GO:0021634
GO:2000596 -[is_a]-> GO:0051961
GO:2000596 -[is_a]-> GO:2000595
GO:2000596 -[negatively_regulates]-> GO:0021634
GO:2000597 -[is_a]-> GO:0051962
GO:2000597 -[is_a]-> GO:2000595
GO:2000597 -[positively_regulates]-> GO:0021634
GO:2000601 -[is_a]-> GO:0034315
GO:2000601 -[is_a]-> GO:0051127
GO:2000601 -[positively_regulates]-> GO:0034314
GO:2000603 -[is_a]-> GO:0040008
GO:2000603 -[regulates]-> GO:0080117
GO:2000604 -[is_a]-> GO:0045926
GO:2000604 -[is_a]-> GO:2000603
GO:2000604 -[negatively_regulates]-> GO:0080117
GO:2000605 -[is_a]-> GO:0045927
GO:2000605 -[is_a]-> GO:2000603
GO:2000605 -[positively_regulates]-> GO:0080117
GO:2000606 -[is_a]-> GO:0061217
GO:2000606 -[is_a]-> GO:1901722
GO:2000606 -[regulates]-> GO:0061209
GO:2000607 -[is_a]-> GO:0061218
GO:2000607 -[is_a]-> GO:1901723
GO:2000607 -[is_a]-> GO:2000606
GO:2000607 -[negatively_regulates]-> GO:0061209
GO:2000608 -[is_a]-> GO:0061213
GO:2000608 -[is_a]-> GO:1901724
GO:2000608 -[is_a]-> GO:2000606
GO:2000608 -[positively_regulates]-> GO:0061209
GO:2000609 -[is_a]-> GO:0031323
GO:2000609 -[is_a]-> GO:0032350
GO:2000609 -[is_a]-> GO:0051171
GO:2000609 -[regulates]-> GO:0006590
GO:2000610 -[is_a]-> GO:0031324
GO:2000610 -[is_a]-> GO:0032351
GO:2000610 -[is_a]-> GO:0051172
GO:2000610 -[is_a]-> GO:2000609
GO:2000610 -[negatively_regulates]-> GO:0006590
GO:2000611 -[is_a]-> GO:0031325
GO:2000611 -[is_a]-> GO:0032352
GO:2000611 -[is_a]-> GO:0051173
GO:2000611 -[is_a]-> GO:2000609
GO:2000611 -[positively_regulates]-> GO:0006590
GO:2000612 -[is_a]-> GO:0090276
GO:2000612 -[regulates]-> GO:0070460
GO:2000613 -[is_a]-> GO:0090278
GO:2000613 -[is_a]-> GO:2000612
GO:2000613 -[negatively_regulates]-> GO:0070460
GO:2000614 -[is_a]-> GO:0090277
GO:2000614 -[is_a]-> GO:2000612
GO:2000614 -[positively_regulates]-> GO:0070460
GO:2000615 -[is_a]-> GO:0035065
GO:2000615 -[regulates]-> GO:0043970
GO:2000616 -[is_a]-> GO:0035067
GO:2000616 -[is_a]-> GO:2000615
GO:2000616 -[negatively_regulates]-> GO:0043970
GO:2000617 -[is_a]-> GO:0035066
GO:2000617 -[is_a]-> GO:2000615
GO:2000617 -[positively_regulates]-> GO:0043970
GO:2000618 -[is_a]-> GO:0090239
GO:2000618 -[regulates]-> GO:0043984
GO:2000619 -[is_a]-> GO:0090241
GO:2000619 -[is_a]-> GO:2000618
GO:2000619 -[negatively_regulates]-> GO:0043984
GO:2000620 -[is_a]-> GO:0090240
GO:2000620 -[is_a]-> GO:2000618
GO:2000620 -[positively_regulates]-> GO:0043984
GO:2000621 -[is_a]-> GO:0090329
GO:2000621 -[regulates]-> GO:0006274
GO:2000622 -[is_a]-> GO:0061013
GO:2000622 -[regulates]-> GO:0000184
GO:2000623 -[is_a]-> GO:1902373
GO:2000623 -[is_a]-> GO:2000622
GO:2000623 -[negatively_regulates]-> GO:0000184
GO:2000624 -[is_a]-> GO:0061014
GO:2000624 -[is_a]-> GO:2000622
GO:2000624 -[positively_regulates]-> GO:0000184
GO:2000625 -[is_a]-> GO:0031329
GO:2000625 -[is_a]-> GO:2000628
GO:2000625 -[regulates]-> GO:0010587
GO:2000626 -[is_a]-> GO:1902369
GO:2000626 -[is_a]-> GO:2000625
GO:2000626 -[is_a]-> GO:2000629
GO:2000626 -[negatively_regulates]-> GO:0010587
GO:2000627 -[is_a]-> GO:0031331
GO:2000627 -[is_a]-> GO:2000625
GO:2000627 -[is_a]-> GO:2000630
GO:2000627 -[positively_regulates]-> GO:0010587
GO:2000628 -[is_a]-> GO:0051252
GO:2000628 -[regulates]-> GO:0010586
GO:2000629 -[is_a]-> GO:0051253
GO:2000629 -[is_a]-> GO:2000628
GO:2000629 -[negatively_regulates]-> GO:0010586
GO:2000630 -[is_a]-> GO:0051254
GO:2000630 -[is_a]-> GO:2000628
GO:2000630 -[positively_regulates]-> GO:0010586
GO:2000631 -[is_a]-> GO:1903798
GO:2000631 -[regulates]-> GO:0031054
GO:2000632 -[is_a]-> GO:1903799
GO:2000632 -[is_a]-> GO:2000631
GO:2000632 -[negatively_regulates]-> GO:0031054
GO:2000633 -[is_a]-> GO:1903800
GO:2000633 -[is_a]-> GO:2000631
GO:2000633 -[positively_regulates]-> GO:0031054
GO:2000634 -[is_a]-> GO:1903798
GO:2000634 -[regulates]-> GO:0031053
GO:2000635 -[is_a]-> GO:1903799
GO:2000635 -[is_a]-> GO:2000634
GO:2000635 -[negatively_regulates]-> GO:0031053
GO:2000636 -[is_a]-> GO:1903800
GO:2000636 -[is_a]-> GO:2000634
GO:2000636 -[positively_regulates]-> GO:0031053
GO:2000637 -[is_a]-> GO:0060148
GO:2000637 -[is_a]-> GO:0060964
GO:2000637 -[positively_regulates]-> GO:0035195
GO:2000638 -[is_a]-> GO:0006357
GO:2000638 -[is_a]-> GO:0009966
GO:2000638 -[is_a]-> GO:0080135
GO:2000638 -[regulates]-> GO:0032933
GO:2000639 -[is_a]-> GO:0009968
GO:2000639 -[is_a]-> GO:2000638
GO:2000639 -[negatively_regulates]-> GO:0032933
GO:2000640 -[is_a]-> GO:0009967
GO:2000640 -[is_a]-> GO:2000638
GO:2000640 -[positively_regulates]-> GO:0032933
GO:2000641 -[is_a]-> GO:0060627
GO:2000641 -[is_a]-> GO:1903649
GO:2000641 -[regulates]-> GO:0045022
GO:2000642 -[is_a]-> GO:0048523
GO:2000642 -[is_a]-> GO:1903650
GO:2000642 -[is_a]-> GO:2000641
GO:2000642 -[negatively_regulates]-> GO:0045022
GO:2000643 -[is_a]-> GO:0048522
GO:2000643 -[is_a]-> GO:1903651
GO:2000643 -[is_a]-> GO:2000641
GO:2000643 -[positively_regulates]-> GO:0045022
GO:2000644 -[is_a]-> GO:0031329
GO:2000644 -[is_a]-> GO:0060255
GO:2000644 -[regulates]-> GO:0032801
GO:2000645 -[is_a]-> GO:0010605
GO:2000645 -[is_a]-> GO:0031330
GO:2000645 -[is_a]-> GO:2000644
GO:2000645 -[negatively_regulates]-> GO:0032801
GO:2000646 -[is_a]-> GO:0010604
GO:2000646 -[is_a]-> GO:0031331
GO:2000646 -[is_a]-> GO:2000644
GO:2000646 -[positively_regulates]-> GO:0032801
GO:2000647 -[is_a]-> GO:0008285
GO:2000647 -[is_a]-> GO:0072091
GO:2000647 -[negatively_regulates]-> GO:0072089
GO:2000648 -[is_a]-> GO:0008284
GO:2000648 -[is_a]-> GO:0072091
GO:2000648 -[positively_regulates]-> GO:0072089
GO:2000649 -[is_a]-> GO:0032412
GO:2000649 -[is_a]-> GO:1902305
GO:2000649 -[regulates]-> GO:0015081
GO:2000650 -[is_a]-> GO:0032413
GO:2000650 -[is_a]-> GO:1902306
GO:2000650 -[is_a]-> GO:2000649
GO:2000650 -[negatively_regulates]-> GO:0015081
GO:2000651 -[is_a]-> GO:0032414
GO:2000651 -[is_a]-> GO:1902307
GO:2000651 -[is_a]-> GO:2000649
GO:2000651 -[positively_regulates]-> GO:0015081
GO:2000652 -[is_a]-> GO:0044087
GO:2000652 -[is_a]-> GO:1903338
GO:2000652 -[regulates]-> GO:0009834
GO:2000653 -[is_a]-> GO:0019219
GO:2000653 -[is_a]-> GO:0060255
GO:2000653 -[regulates]-> GO:0071514
GO:2000654 -[is_a]-> GO:0048583
GO:2000654 -[is_a]-> GO:0050794
GO:2000654 -[regulates]-> GO:0071394
GO:2000655 -[is_a]-> GO:0048523
GO:2000655 -[is_a]-> GO:0048585
GO:2000655 -[is_a]-> GO:2000654
GO:2000655 -[negatively_regulates]-> GO:0071394
GO:2000656 -[is_a]-> GO:0043393
GO:2000656 -[regulates]-> GO:0034185
GO:2000657 -[is_a]-> GO:0032091
GO:2000657 -[is_a]-> GO:2000656
GO:2000657 -[negatively_regulates]-> GO:0034185
GO:2000658 -[is_a]-> GO:0032092
GO:2000658 -[is_a]-> GO:2000656
GO:2000658 -[positively_regulates]-> GO:0034185
GO:2000659 -[is_a]-> GO:0001959
GO:2000659 -[regulates]-> GO:0070498
GO:2000660 -[is_a]-> GO:0001960
GO:2000660 -[is_a]-> GO:2000659
GO:2000660 -[negatively_regulates]-> GO:0070498
GO:2000661 -[is_a]-> GO:0001961
GO:2000661 -[is_a]-> GO:2000659
GO:2000661 -[positively_regulates]-> GO:0070498
GO:2000662 -[is_a]-> GO:0032674
GO:2000662 -[is_a]-> GO:0050707
GO:2000662 -[regulates]-> GO:0072603
GO:2000663 -[is_a]-> GO:0032714
GO:2000663 -[is_a]-> GO:0050710
GO:2000663 -[is_a]-> GO:2000662
GO:2000663 -[negatively_regulates]-> GO:0072603
GO:2000664 -[is_a]-> GO:0032754
GO:2000664 -[is_a]-> GO:0050715
GO:2000664 -[is_a]-> GO:2000662
GO:2000664 -[positively_regulates]-> GO:0072603
GO:2000665 -[is_a]-> GO:0032656
GO:2000665 -[is_a]-> GO:0050707
GO:2000665 -[regulates]-> GO:0072611
GO:2000666 -[is_a]-> GO:0032696
GO:2000666 -[is_a]-> GO:0050710
GO:2000666 -[is_a]-> GO:2000665
GO:2000666 -[negatively_regulates]-> GO:0072611
GO:2000667 -[is_a]-> GO:0032736
GO:2000667 -[is_a]-> GO:0050715
GO:2000667 -[is_a]-> GO:2000665
GO:2000667 -[positively_regulates]-> GO:0072611
GO:2000668 -[is_a]-> GO:2000106
GO:2000668 -[regulates]-> GO:0097048
GO:2000669 -[is_a]-> GO:2000107
GO:2000669 -[is_a]-> GO:2000668
GO:2000669 -[negatively_regulates]-> GO:0097048
GO:2000670 -[is_a]-> GO:2000108
GO:2000670 -[is_a]-> GO:2000668
GO:2000670 -[positively_regulates]-> GO:0097048
GO:2000671 -[is_a]-> GO:0043523
GO:2000671 -[regulates]-> GO:0097049
GO:2000672 -[is_a]-> GO:0043524
GO:2000672 -[is_a]-> GO:2000671
GO:2000672 -[negatively_regulates]-> GO:0097049
GO:2000673 -[is_a]-> GO:0043525
GO:2000673 -[is_a]-> GO:2000671
GO:2000673 -[positively_regulates]-> GO:0097049
GO:2000674 -[is_a]-> GO:1904035
GO:2000674 -[regulates]-> GO:0097050
GO:2000675 -[is_a]-> GO:1904036
GO:2000675 -[is_a]-> GO:2000674
GO:2000675 -[negatively_regulates]-> GO:0097050
GO:2000676 -[is_a]-> GO:1904037
GO:2000676 -[is_a]-> GO:2000674
GO:2000676 -[positively_regulates]-> GO:0097050
GO:2000677 -[is_a]-> GO:0051101
GO:2000677 -[regulates]-> GO:0044212
GO:2000678 -[is_a]-> GO:0043392
GO:2000678 -[is_a]-> GO:2000677
GO:2000678 -[negatively_regulates]-> GO:0044212
GO:2000679 -[is_a]-> GO:0043388
GO:2000679 -[is_a]-> GO:2000677
GO:2000679 -[positively_regulates]-> GO:0044212
GO:2000680 -[is_a]-> GO:0010959
GO:2000680 -[regulates]-> GO:0035826
GO:2000681 -[is_a]-> GO:0043271
GO:2000681 -[is_a]-> GO:2000680
GO:2000681 -[negatively_regulates]-> GO:0035826
GO:2000682 -[is_a]-> GO:0043270
GO:2000682 -[is_a]-> GO:2000680
GO:2000682 -[positively_regulates]-> GO:0035826
GO:2000683 -[is_a]-> GO:0048583
GO:2000683 -[is_a]-> GO:0050794
GO:2000683 -[regulates]-> GO:0071481
GO:2000684 -[is_a]-> GO:0048523
GO:2000684 -[is_a]-> GO:0048585
GO:2000684 -[is_a]-> GO:2000683
GO:2000684 -[negatively_regulates]-> GO:0071481
GO:2000685 -[is_a]-> GO:0048522
GO:2000685 -[is_a]-> GO:0048584
GO:2000685 -[is_a]-> GO:2000683
GO:2000685 -[positively_regulates]-> GO:0071481
GO:2000686 -[is_a]-> GO:0032412
GO:2000686 -[is_a]-> GO:1904062
GO:2000686 -[is_a]-> GO:2000680
GO:2000686 -[regulates]-> GO:0035827
GO:2000687 -[is_a]-> GO:0032413
GO:2000687 -[is_a]-> GO:1904063
GO:2000687 -[is_a]-> GO:2000681
GO:2000687 -[is_a]-> GO:2000686
GO:2000687 -[negatively_regulates]-> GO:0035827
GO:2000688 -[is_a]-> GO:0032414
GO:2000688 -[is_a]-> GO:1904064
GO:2000688 -[is_a]-> GO:2000682
GO:2000688 -[is_a]-> GO:2000686
GO:2000688 -[positively_regulates]-> GO:0035827
GO:2000689 -[is_a]-> GO:0007015
GO:2000689 -[is_a]-> GO:0022402
GO:2000689 -[part_of]-> GO:0000915
GO:2000690 -[is_a]-> GO:0045661
GO:2000690 -[is_a]-> GO:0051890
GO:2000690 -[regulates]-> GO:0060379
GO:2000691 -[is_a]-> GO:0045662
GO:2000691 -[is_a]-> GO:0051892
GO:2000691 -[is_a]-> GO:2000690
GO:2000691 -[negatively_regulates]-> GO:0060379
GO:2000692 -[is_a]-> GO:0048581
GO:2000692 -[is_a]-> GO:2000034
GO:2000692 -[is_a]-> GO:2000242
GO:2000692 -[negatively_regulates]-> GO:0010431
GO:2000693 -[is_a]-> GO:0048582
GO:2000693 -[is_a]-> GO:2000034
GO:2000693 -[is_a]-> GO:2000243
GO:2000693 -[positively_regulates]-> GO:0010431
GO:2000694 -[is_a]-> GO:0070507
GO:2000694 -[regulates]-> GO:0080175
GO:2000696 -[is_a]-> GO:0030856
GO:2000696 -[is_a]-> GO:0090183
GO:2000696 -[regulates]-> GO:0035850
GO:2000697 -[is_a]-> GO:0030857
GO:2000697 -[is_a]-> GO:0090185
GO:2000697 -[is_a]-> GO:2000696
GO:2000697 -[negatively_regulates]-> GO:0035850
GO:2000698 -[is_a]-> GO:0030858
GO:2000698 -[is_a]-> GO:0090184
GO:2000698 -[is_a]-> GO:2000696
GO:2000698 -[positively_regulates]-> GO:0035850
GO:2000699 -[is_a]-> GO:0008543
GO:2000699 -[part_of]-> GO:0060676
GO:2000700 -[is_a]-> GO:0045663
GO:2000700 -[is_a]-> GO:0051891
GO:2000700 -[is_a]-> GO:2000690
GO:2000700 -[positively_regulates]-> GO:0060379
GO:2000701 -[is_a]-> GO:0035860
GO:2000701 -[part_of]-> GO:0060676
GO:2000702 -[is_a]-> GO:0040036
GO:2000702 -[is_a]-> GO:0072106
GO:2000702 -[regulates]-> GO:2000699
GO:2000703 -[is_a]-> GO:0040037
GO:2000703 -[is_a]-> GO:0045992
GO:2000703 -[is_a]-> GO:0061218
GO:2000703 -[is_a]-> GO:1905277
GO:2000703 -[is_a]-> GO:2000702
GO:2000703 -[negatively_regulates]-> GO:2000699
GO:2000704 -[is_a]-> GO:0045743
GO:2000704 -[is_a]-> GO:0072107
GO:2000704 -[is_a]-> GO:2000702
GO:2000704 -[positively_regulates]-> GO:2000699
GO:2000705 -[is_a]-> GO:0044087
GO:2000705 -[regulates]-> GO:0061110
GO:2000706 -[is_a]-> GO:0048523
GO:2000706 -[is_a]-> GO:2000705
GO:2000706 -[negatively_regulates]-> GO:0061110
GO:2000707 -[is_a]-> GO:0044089
GO:2000707 -[is_a]-> GO:2000705
GO:2000707 -[positively_regulates]-> GO:0061110
GO:2000708 -[is_a]-> GO:0022402
GO:2000708 -[is_a]-> GO:0031033
GO:2000708 -[part_of]-> GO:0000915
GO:2000709 -[is_a]-> GO:0034094
GO:2000709 -[is_a]-> GO:0070602
GO:2000709 -[regulates]-> GO:0035875
GO:2000710 -[is_a]-> GO:0034095
GO:2000710 -[is_a]-> GO:2000709
GO:2000710 -[negatively_regulates]-> GO:0035875
GO:2000711 -[is_a]-> GO:0034096
GO:2000711 -[is_a]-> GO:2000709
GO:2000711 -[positively_regulates]-> GO:0035875
GO:2000712 -[is_a]-> GO:0034094
GO:2000712 -[regulates]-> GO:0035876
GO:2000713 -[is_a]-> GO:0034095
GO:2000713 -[is_a]-> GO:2000712
GO:2000713 -[negatively_regulates]-> GO:0035876
GO:2000714 -[is_a]-> GO:0034096
GO:2000714 -[is_a]-> GO:2000712
GO:2000714 -[positively_regulates]-> GO:0035876
GO:2000715 -[is_a]-> GO:0034182
GO:2000715 -[regulates]-> GO:0071959
GO:2000716 -[is_a]-> GO:0034183
GO:2000716 -[is_a]-> GO:2000715
GO:2000716 -[negatively_regulates]-> GO:0071959
GO:2000717 -[is_a]-> GO:0034184
GO:2000717 -[is_a]-> GO:2000715
GO:2000717 -[positively_regulates]-> GO:0071959
GO:2000718 -[is_a]-> GO:0034182
GO:2000718 -[is_a]-> GO:0070602
GO:2000718 -[regulates]-> GO:0071960
GO:2000719 -[is_a]-> GO:0034183
GO:2000719 -[is_a]-> GO:2000718
GO:2000719 -[negatively_regulates]-> GO:0071960
GO:2000720 -[is_a]-> GO:0034184
GO:2000720 -[is_a]-> GO:2000718
GO:2000720 -[positively_regulates]-> GO:0071960
GO:2000721 -[is_a]-> GO:0045944
GO:2000721 -[part_of]-> GO:0051145
GO:2000722 -[is_a]-> GO:1905063
GO:2000722 -[is_a]-> GO:1905207
GO:2000722 -[regulates]-> GO:0060947
GO:2000723 -[is_a]-> GO:1905064
GO:2000723 -[is_a]-> GO:1905208
GO:2000723 -[is_a]-> GO:2000722
GO:2000723 -[negatively_regulates]-> GO:0060947
GO:2000724 -[is_a]-> GO:1905065
GO:2000724 -[is_a]-> GO:1905209
GO:2000724 -[is_a]-> GO:2000722
GO:2000724 -[positively_regulates]-> GO:0060947
GO:2000725 -[is_a]-> GO:0051153
GO:2000725 -[is_a]-> GO:0055024
GO:2000725 -[is_a]-> GO:1905207
GO:2000725 -[regulates]-> GO:0055007
GO:2000726 -[is_a]-> GO:0051154
GO:2000726 -[is_a]-> GO:0055026
GO:2000726 -[is_a]-> GO:1905208
GO:2000726 -[is_a]-> GO:2000725
GO:2000726 -[negatively_regulates]-> GO:0055007
GO:2000727 -[is_a]-> GO:0051155
GO:2000727 -[is_a]-> GO:0055025
GO:2000727 -[is_a]-> GO:1905209
GO:2000727 -[is_a]-> GO:2000725
GO:2000727 -[positively_regulates]-> GO:0055007
GO:2000728 -[is_a]-> GO:0010793
GO:2000728 -[is_a]-> GO:1900034
GO:2000728 -[regulates]-> GO:0031990
GO:2000729 -[is_a]-> GO:0002053
GO:2000729 -[is_a]-> GO:0051094
GO:2000729 -[is_a]-> GO:0051240
GO:2000729 -[is_a]-> GO:0072199
GO:2000729 -[positively_regulates]-> GO:0072198
GO:2000730 -[is_a]-> GO:0006356
GO:2000730 -[is_a]-> GO:0031554
GO:2000730 -[regulates]-> GO:0006363
GO:2000731 -[is_a]-> GO:0016479
GO:2000731 -[is_a]-> GO:0060567
GO:2000731 -[is_a]-> GO:2000730
GO:2000731 -[negatively_regulates]-> GO:0006363
GO:2000732 -[is_a]-> GO:0045943
GO:2000732 -[is_a]-> GO:0060566
GO:2000732 -[is_a]-> GO:2000730
GO:2000732 -[positively_regulates]-> GO:0006363
GO:2000733 -[is_a]-> GO:0009966
GO:2000733 -[is_a]-> GO:0072106
GO:2000733 -[regulates]-> GO:2000701
GO:2000734 -[is_a]-> GO:0009968
GO:2000734 -[is_a]-> GO:0045992
GO:2000734 -[is_a]-> GO:0061218
GO:2000734 -[is_a]-> GO:1905277
GO:2000734 -[is_a]-> GO:2000733
GO:2000734 -[negatively_regulates]-> GO:2000701
GO:2000735 -[is_a]-> GO:0009967
GO:2000735 -[is_a]-> GO:0072107
GO:2000735 -[is_a]-> GO:2000733
GO:2000735 -[positively_regulates]-> GO:2000701
GO:2000736 -[is_a]-> GO:0045595
GO:2000736 -[regulates]-> GO:0048863
GO:2000737 -[is_a]-> GO:0045596
GO:2000737 -[is_a]-> GO:2000736
GO:2000737 -[negatively_regulates]-> GO:0048863
GO:2000738 -[is_a]-> GO:0045597
GO:2000738 -[is_a]-> GO:2000736
GO:2000738 -[positively_regulates]-> GO:0048863
GO:2000739 -[is_a]-> GO:2000736
GO:2000739 -[regulates]-> GO:0072497
GO:2000740 -[is_a]-> GO:2000737
GO:2000740 -[is_a]-> GO:2000739
GO:2000740 -[negatively_regulates]-> GO:0072497
GO:2000741 -[is_a]-> GO:2000738
GO:2000741 -[is_a]-> GO:2000739
GO:2000741 -[positively_regulates]-> GO:0072497
GO:2000742 -[is_a]-> GO:0050793
GO:2000742 -[regulates]-> GO:0097065
GO:2000743 -[is_a]-> GO:0051093
GO:2000743 -[is_a]-> GO:2000742
GO:2000743 -[negatively_regulates]-> GO:0097065
GO:2000744 -[is_a]-> GO:0051094
GO:2000744 -[is_a]-> GO:2000742
GO:2000744 -[positively_regulates]-> GO:0097065
GO:2000746 -[is_a]-> GO:2000292
GO:2000746 -[regulates]-> GO:0035882
GO:2000747 -[is_a]-> GO:2000293
GO:2000747 -[is_a]-> GO:2000746
GO:2000747 -[negatively_regulates]-> GO:0035882
GO:2000748 -[is_a]-> GO:2000294
GO:2000748 -[is_a]-> GO:2000746
GO:2000748 -[positively_regulates]-> GO:0035882
GO:2000749 -[is_a]-> GO:0031937
GO:2000749 -[is_a]-> GO:0061187
GO:2000749 -[positively_regulates]-> GO:0000183
GO:2000750 -[is_a]-> GO:2000100
GO:2000750 -[is_a]-> GO:2000770
GO:2000750 -[negatively_regulates]-> GO:0061246
GO:2000751 -[is_a]-> GO:0072355
GO:2000751 -[part_of]-> GO:0072356
GO:2000752 -[is_a]-> GO:0031329
GO:2000752 -[is_a]-> GO:0034248
GO:2000752 -[is_a]-> GO:0050994
GO:2000752 -[is_a]-> GO:1905038
GO:2000752 -[regulates]-> GO:0006680
GO:2000753 -[is_a]-> GO:0031331
GO:2000753 -[is_a]-> GO:0034250
GO:2000753 -[is_a]-> GO:0050996
GO:2000753 -[is_a]-> GO:2000752
GO:2000753 -[positively_regulates]-> GO:0006680
GO:2000754 -[is_a]-> GO:0034248
GO:2000754 -[is_a]-> GO:0060696
GO:2000754 -[is_a]-> GO:1905038
GO:2000754 -[regulates]-> GO:0006685
GO:2000755 -[is_a]-> GO:0034250
GO:2000755 -[is_a]-> GO:0060697
GO:2000755 -[is_a]-> GO:2000754
GO:2000755 -[positively_regulates]-> GO:0006685
GO:2000756 -[is_a]-> GO:1901983
GO:2000756 -[regulates]-> GO:0018394
GO:2000757 -[is_a]-> GO:1901984
GO:2000757 -[is_a]-> GO:2000756
GO:2000757 -[negatively_regulates]-> GO:0018394
GO:2000758 -[is_a]-> GO:1901985
GO:2000758 -[is_a]-> GO:2000756
GO:2000758 -[positively_regulates]-> GO:0018394
GO:2000759 -[is_a]-> GO:2000756
GO:2000759 -[regulates]-> GO:0018076
GO:2000760 -[is_a]-> GO:2000757
GO:2000760 -[is_a]-> GO:2000759
GO:2000760 -[negatively_regulates]-> GO:0018076
GO:2000761 -[is_a]-> GO:2000758
GO:2000761 -[is_a]-> GO:2000759
GO:2000761 -[positively_regulates]-> GO:0018076
GO:2000762 -[is_a]-> GO:0031323
GO:2000762 -[is_a]-> GO:0043455
GO:2000762 -[regulates]-> GO:0009698
GO:2000763 -[is_a]-> GO:0045944
GO:2000763 -[part_of]-> GO:0042421
GO:2000764 -[is_a]-> GO:0051094
GO:2000764 -[is_a]-> GO:0051240
GO:2000764 -[is_a]-> GO:2000826
GO:2000764 -[is_a]-> GO:2001262
GO:2000764 -[positively_regulates]-> GO:0071527
GO:2000765 -[is_a]-> GO:0006417
GO:2000765 -[regulates]-> GO:0002181
GO:2000766 -[is_a]-> GO:0017148
GO:2000766 -[is_a]-> GO:2000765
GO:2000766 -[negatively_regulates]-> GO:0002181
GO:2000767 -[is_a]-> GO:0045727
GO:2000767 -[is_a]-> GO:2000765
GO:2000767 -[positively_regulates]-> GO:0002181
GO:2000768 -[is_a]-> GO:0072182
GO:2000768 -[is_a]-> GO:2000698
GO:2000768 -[positively_regulates]-> GO:0072160
GO:2000769 -[is_a]-> GO:0008360
GO:2000769 -[is_a]-> GO:0032878
GO:2000769 -[regulates]-> GO:0071963
GO:2000770 -[is_a]-> GO:0048523
GO:2000770 -[is_a]-> GO:2000769
GO:2000770 -[negatively_regulates]-> GO:0071963
GO:2000771 -[is_a]-> GO:0048522
GO:2000771 -[is_a]-> GO:2000769
GO:2000771 -[positively_regulates]-> GO:0071963
GO:2000772 -[is_a]-> GO:0080135
GO:2000772 -[is_a]-> GO:0090342
GO:2000772 -[regulates]-> GO:0090398
GO:2000773 -[is_a]-> GO:0048585
GO:2000773 -[is_a]-> GO:0090344
GO:2000773 -[is_a]-> GO:2000772
GO:2000773 -[negatively_regulates]-> GO:0090398
GO:2000774 -[is_a]-> GO:0048584
GO:2000774 -[is_a]-> GO:0090343
GO:2000774 -[is_a]-> GO:2000772
GO:2000774 -[positively_regulates]-> GO:0090398
GO:2000775 -[is_a]-> GO:0043987
GO:2000775 -[part_of]-> GO:0030261
GO:2000776 -[is_a]-> GO:0043967
GO:2000776 -[part_of]-> GO:0006974
GO:2000777 -[is_a]-> GO:0032436
GO:2000777 -[part_of]-> GO:0071456
GO:2000778 -[is_a]-> GO:0032755
GO:2000778 -[is_a]-> GO:0050715
GO:2000778 -[positively_regulates]-> GO:0072604
GO:2000779 -[is_a]-> GO:0006282
GO:2000779 -[regulates]-> GO:0006302
GO:2000780 -[is_a]-> GO:0045738
GO:2000780 -[is_a]-> GO:2000779
GO:2000780 -[negatively_regulates]-> GO:0006302
GO:2000781 -[is_a]-> GO:0045739
GO:2000781 -[is_a]-> GO:2000779
GO:2000781 -[positively_regulates]-> GO:0006302
GO:2000782 -[is_a]-> GO:2000114
GO:2000782 -[is_a]-> GO:2000769
GO:2000782 -[regulates]-> GO:0071964
GO:2000783 -[is_a]-> GO:2000770
GO:2000783 -[is_a]-> GO:2000782
GO:2000783 -[negatively_regulates]-> GO:0071964
GO:2000784 -[is_a]-> GO:2000771
GO:2000784 -[is_a]-> GO:2000782
GO:2000784 -[positively_regulates]-> GO:0071964
GO:2000785 -[is_a]-> GO:0016241
GO:2000785 -[is_a]-> GO:0044088
GO:2000785 -[is_a]-> GO:1902115
GO:2000785 -[regulates]-> GO:0000045
GO:2000786 -[is_a]-> GO:0016239
GO:2000786 -[is_a]-> GO:0044090
GO:2000786 -[is_a]-> GO:1902117
GO:2000786 -[is_a]-> GO:2000785
GO:2000786 -[positively_regulates]-> GO:0000045
GO:2000787 -[is_a]-> GO:0010453
GO:2000787 -[is_a]-> GO:0045601
GO:2000787 -[is_a]-> GO:1901342
GO:2000787 -[regulates]-> GO:0060845
GO:2000788 -[is_a]-> GO:0010454
GO:2000788 -[is_a]-> GO:0045602
GO:2000788 -[is_a]-> GO:1901343
GO:2000788 -[is_a]-> GO:2000787
GO:2000788 -[negatively_regulates]-> GO:0060845
GO:2000789 -[is_a]-> GO:0010455
GO:2000789 -[is_a]-> GO:0045603
GO:2000789 -[is_a]-> GO:1904018
GO:2000789 -[is_a]-> GO:2000787
GO:2000789 -[positively_regulates]-> GO:0060845
GO:2000790 -[is_a]-> GO:0010464
GO:2000790 -[is_a]-> GO:2000026
GO:2000790 -[regulates]-> GO:0060916
GO:2000791 -[is_a]-> GO:0051093
GO:2000791 -[is_a]-> GO:0051241
GO:2000791 -[is_a]-> GO:0072201
GO:2000791 -[is_a]-> GO:2000790
GO:2000791 -[negatively_regulates]-> GO:0060916
GO:2000792 -[is_a]-> GO:0002053
GO:2000792 -[is_a]-> GO:0051094
GO:2000792 -[is_a]-> GO:0051240
GO:2000792 -[is_a]-> GO:2000790
GO:2000792 -[positively_regulates]-> GO:0060916
GO:2000793 -[is_a]-> GO:0008283
GO:2000793 -[part_of]-> GO:0003170
GO:2000794 -[is_a]-> GO:0050678
GO:2000794 -[is_a]-> GO:2000027
GO:2000794 -[regulates]-> GO:0060502
GO:2000795 -[is_a]-> GO:0050680
GO:2000795 -[is_a]-> GO:0051093
GO:2000795 -[is_a]-> GO:0051241
GO:2000795 -[is_a]-> GO:2000794
GO:2000795 -[negatively_regulates]-> GO:0060502
GO:2000796 -[is_a]-> GO:0007219
GO:2000796 -[part_of]-> GO:2000788
GO:2000797 -[is_a]-> GO:2000739
GO:2000797 -[regulates]-> GO:0097086
GO:2000798 -[is_a]-> GO:2000740
GO:2000798 -[is_a]-> GO:2000797
GO:2000798 -[negatively_regulates]-> GO:0097086
GO:2000799 -[is_a]-> GO:2000741
GO:2000799 -[is_a]-> GO:2000797
GO:2000799 -[positively_regulates]-> GO:0097086
GO:2000800 -[is_a]-> GO:0010717
GO:2000800 -[is_a]-> GO:2000826
GO:2000800 -[regulates]-> GO:0003199
GO:2000801 -[is_a]-> GO:0010719
GO:2000801 -[is_a]-> GO:2000800
GO:2000801 -[negatively_regulates]-> GO:0003199
GO:2000802 -[is_a]-> GO:0010718
GO:2000802 -[is_a]-> GO:2000800
GO:2000802 -[positively_regulates]-> GO:0003199
GO:2000803 -[is_a]-> GO:0035556
GO:2000803 -[occurs_in]-> GO:0005768
GO:2000804 -[is_a]-> GO:1904594
GO:2000804 -[regulates]-> GO:0030846
GO:2000805 -[is_a]-> GO:0000122
GO:2000805 -[is_a]-> GO:0060567
GO:2000805 -[is_a]-> GO:2000804
GO:2000805 -[negatively_regulates]-> GO:0030846
GO:2000806 -[is_a]-> GO:1904595
GO:2000806 -[is_a]-> GO:2000804
GO:2000806 -[positively_regulates]-> GO:0030846
GO:2000807 -[is_a]-> GO:0051049
GO:2000807 -[is_a]-> GO:0060341
GO:2000807 -[regulates]-> GO:0097091
GO:2000808 -[is_a]-> GO:0051051
GO:2000808 -[is_a]-> GO:2000807
GO:2000808 -[negatively_regulates]-> GO:0097091
GO:2000809 -[is_a]-> GO:0051050
GO:2000809 -[is_a]-> GO:2000807
GO:2000809 -[positively_regulates]-> GO:0097091
GO:2000810 -[is_a]-> GO:1901888
GO:2000810 -[regulates]-> GO:0070830
GO:2000811 -[is_a]-> GO:0043066
GO:2000811 -[is_a]-> GO:2000209
GO:2000811 -[negatively_regulates]-> GO:0043276
GO:2000812 -[is_a]-> GO:0030833
GO:2000812 -[is_a]-> GO:0030834
GO:2000812 -[regulates]-> GO:0051016
GO:2000813 -[is_a]-> GO:0030836
GO:2000813 -[is_a]-> GO:0030838
GO:2000813 -[is_a]-> GO:0051129
GO:2000813 -[is_a]-> GO:2000812
GO:2000813 -[negatively_regulates]-> GO:0051016
GO:2000814 -[is_a]-> GO:0051130
GO:2000814 -[is_a]-> GO:2000812
GO:2000814 -[positively_regulates]-> GO:0051016
GO:2000815 -[is_a]-> GO:0010610
GO:2000815 -[part_of]-> GO:0006979
GO:2000816 -[is_a]-> GO:0010965
GO:2000816 -[is_a]-> GO:0033048
GO:2000816 -[negatively_regulates]-> GO:0051306
GO:2000817 -[is_a]-> GO:2000281
GO:2000817 -[part_of]-> GO:0072356
GO:2000818 -[is_a]-> GO:0008285
GO:2000818 -[is_a]-> GO:2000291
GO:2000818 -[negatively_regulates]-> GO:0051450
GO:2000819 -[is_a]-> GO:0006282
GO:2000819 -[regulates]-> GO:0006289
GO:2000820 -[is_a]-> GO:0000122
GO:2000820 -[part_of]-> GO:0051145
GO:2000821 -[is_a]-> GO:0050795
GO:2000821 -[regulates]-> GO:0007625
GO:2000822 -[is_a]-> GO:0031347
GO:2000822 -[is_a]-> GO:0050795
GO:2000822 -[is_a]-> GO:1903365
GO:2000822 -[regulates]-> GO:0001662
GO:2000823 -[is_a]-> GO:0006357
GO:2000823 -[is_a]-> GO:0010469
GO:2000823 -[is_a]-> GO:0051090
GO:2000823 -[is_a]-> GO:0060765
GO:2000823 -[regulates]-> GO:0004882
GO:2000824 -[is_a]-> GO:0043433
GO:2000824 -[is_a]-> GO:0060766
GO:2000824 -[is_a]-> GO:2000272
GO:2000824 -[is_a]-> GO:2000823
GO:2000824 -[negatively_regulates]-> GO:0004882
GO:2000825 -[is_a]-> GO:0033145
GO:2000825 -[is_a]-> GO:0051091
GO:2000825 -[is_a]-> GO:2000273
GO:2000825 -[is_a]-> GO:2000823
GO:2000825 -[positively_regulates]-> GO:0004882
GO:2000826 -[is_a]-> GO:2000027
GO:2000826 -[regulates]-> GO:0003007
GO:2000827 -[is_a]-> GO:0000957
GO:2000827 -[is_a]-> GO:0071026
GO:2000827 -[occurs_in]-> GO:0005739
GO:2000828 -[is_a]-> GO:0044060
GO:2000828 -[is_a]-> GO:0046883
GO:2000828 -[regulates]-> GO:0035898
GO:2000829 -[is_a]-> GO:0046888
GO:2000829 -[is_a]-> GO:0051241
GO:2000829 -[is_a]-> GO:2000828
GO:2000829 -[negatively_regulates]-> GO:0035898
GO:2000830 -[is_a]-> GO:0046887
GO:2000830 -[is_a]-> GO:0051240
GO:2000830 -[is_a]-> GO:2000828
GO:2000830 -[positively_regulates]-> GO:0035898
GO:2000831 -[is_a]-> GO:0032368
GO:2000831 -[is_a]-> GO:0044060
GO:2000831 -[is_a]-> GO:0046883
GO:2000831 -[regulates]-> GO:0035929
GO:2000832 -[is_a]-> GO:0032369
GO:2000832 -[is_a]-> GO:0046888
GO:2000832 -[is_a]-> GO:0051241
GO:2000832 -[is_a]-> GO:2000831
GO:2000832 -[negatively_regulates]-> GO:0035929
GO:2000833 -[is_a]-> GO:0032370
GO:2000833 -[is_a]-> GO:0046887
GO:2000833 -[is_a]-> GO:0051240
GO:2000833 -[is_a]-> GO:2000831
GO:2000833 -[positively_regulates]-> GO:0035929
GO:2000834 -[is_a]-> GO:2000831
GO:2000834 -[regulates]-> GO:0035935
GO:2000835 -[is_a]-> GO:2000832
GO:2000835 -[is_a]-> GO:2000834
GO:2000835 -[negatively_regulates]-> GO:0035935
GO:2000836 -[is_a]-> GO:2000833
GO:2000836 -[is_a]-> GO:2000834
GO:2000836 -[positively_regulates]-> GO:0035935
GO:2000837 -[is_a]-> GO:0032368
GO:2000837 -[is_a]-> GO:0051046
GO:2000837 -[regulates]-> GO:0035941
GO:2000838 -[is_a]-> GO:0032369
GO:2000838 -[is_a]-> GO:0051048
GO:2000838 -[is_a]-> GO:2000837
GO:2000838 -[negatively_regulates]-> GO:0035941
GO:2000839 -[is_a]-> GO:0032370
GO:2000839 -[is_a]-> GO:0051047
GO:2000839 -[is_a]-> GO:2000837
GO:2000839 -[positively_regulates]-> GO:0035941
GO:2000840 -[is_a]-> GO:0032368
GO:2000840 -[is_a]-> GO:0051046
GO:2000840 -[regulates]-> GO:0035942
GO:2000841 -[is_a]-> GO:0032369
GO:2000841 -[is_a]-> GO:0051048
GO:2000841 -[is_a]-> GO:2000840
GO:2000841 -[negatively_regulates]-> GO:0035942
GO:2000842 -[is_a]-> GO:0032370
GO:2000842 -[is_a]-> GO:0051047
GO:2000842 -[is_a]-> GO:2000840
GO:2000842 -[positively_regulates]-> GO:0035942
GO:2000843 -[is_a]-> GO:0032368
GO:2000843 -[is_a]-> GO:0051046
GO:2000843 -[regulates]-> GO:0035936
GO:2000844 -[is_a]-> GO:0032369
GO:2000844 -[is_a]-> GO:0051048
GO:2000844 -[is_a]-> GO:2000843
GO:2000844 -[negatively_regulates]-> GO:0035936
GO:2000845 -[is_a]-> GO:0032370
GO:2000845 -[is_a]-> GO:0051047
GO:2000845 -[is_a]-> GO:2000843
GO:2000845 -[positively_regulates]-> GO:0035936
GO:2000846 -[is_a]-> GO:2000831
GO:2000846 -[regulates]-> GO:0035930
GO:2000847 -[is_a]-> GO:2000832
GO:2000847 -[is_a]-> GO:2000846
GO:2000847 -[negatively_regulates]-> GO:0035930
GO:2000848 -[is_a]-> GO:2000833
GO:2000848 -[is_a]-> GO:2000846
GO:2000848 -[positively_regulates]-> GO:0035930
GO:2000849 -[is_a]-> GO:2000846
GO:2000849 -[regulates]-> GO:0035933
GO:2000850 -[is_a]-> GO:2000847
GO:2000850 -[is_a]-> GO:2000849
GO:2000850 -[negatively_regulates]-> GO:0035933
GO:2000851 -[is_a]-> GO:2000848
GO:2000851 -[is_a]-> GO:2000849
GO:2000851 -[positively_regulates]-> GO:0035933
GO:2000852 -[is_a]-> GO:2000849
GO:2000852 -[regulates]-> GO:0035934
GO:2000853 -[is_a]-> GO:2000850
GO:2000853 -[is_a]-> GO:2000852
GO:2000853 -[negatively_regulates]-> GO:0035934
GO:2000854 -[is_a]-> GO:2000851
GO:2000854 -[is_a]-> GO:2000852
GO:2000854 -[positively_regulates]-> GO:0035934
GO:2000855 -[is_a]-> GO:2000846
GO:2000855 -[regulates]-> GO:0035931
GO:2000856 -[is_a]-> GO:2000847
GO:2000856 -[is_a]-> GO:2000855
GO:2000856 -[negatively_regulates]-> GO:0035931
GO:2000857 -[is_a]-> GO:2000848
GO:2000857 -[is_a]-> GO:2000855
GO:2000857 -[positively_regulates]-> GO:0035931
GO:2000858 -[is_a]-> GO:2000855
GO:2000858 -[regulates]-> GO:0035932
GO:2000859 -[is_a]-> GO:2000856
GO:2000859 -[is_a]-> GO:2000858
GO:2000859 -[negatively_regulates]-> GO:0035932
GO:2000860 -[is_a]-> GO:2000857
GO:2000860 -[is_a]-> GO:2000858
GO:2000860 -[positively_regulates]-> GO:0035932
GO:2000861 -[is_a]-> GO:2000831
GO:2000861 -[regulates]-> GO:0035937
GO:2000862 -[is_a]-> GO:2000832
GO:2000862 -[is_a]-> GO:2000861
GO:2000862 -[negatively_regulates]-> GO:0035937
GO:2000863 -[is_a]-> GO:2000833
GO:2000863 -[is_a]-> GO:2000861
GO:2000863 -[positively_regulates]-> GO:0035937
GO:2000864 -[is_a]-> GO:0032368
GO:2000864 -[is_a]-> GO:0051046
GO:2000864 -[regulates]-> GO:0035938
GO:2000865 -[is_a]-> GO:0032369
GO:2000865 -[is_a]-> GO:0051048
GO:2000865 -[is_a]-> GO:2000864
GO:2000865 -[negatively_regulates]-> GO:0035938
GO:2000866 -[is_a]-> GO:0032370
GO:2000866 -[is_a]-> GO:0051047
GO:2000866 -[is_a]-> GO:2000864
GO:2000866 -[positively_regulates]-> GO:0035938
GO:2000867 -[is_a]-> GO:0032368
GO:2000867 -[is_a]-> GO:0051046
GO:2000867 -[regulates]-> GO:0035943
GO:2000868 -[is_a]-> GO:0032369
GO:2000868 -[is_a]-> GO:0051048
GO:2000868 -[is_a]-> GO:2000867
GO:2000868 -[negatively_regulates]-> GO:0035943
GO:2000869 -[is_a]-> GO:0032370
GO:2000869 -[is_a]-> GO:0051047
GO:2000869 -[is_a]-> GO:2000867
GO:2000869 -[positively_regulates]-> GO:0035943
GO:2000870 -[is_a]-> GO:2000194
GO:2000870 -[is_a]-> GO:2000831
GO:2000870 -[regulates]-> GO:0042701
GO:2000871 -[is_a]-> GO:2000195
GO:2000871 -[is_a]-> GO:2000832
GO:2000871 -[is_a]-> GO:2000870
GO:2000871 -[negatively_regulates]-> GO:0042701
GO:2000872 -[is_a]-> GO:2000196
GO:2000872 -[is_a]-> GO:2000833
GO:2000872 -[is_a]-> GO:2000870
GO:2000872 -[positively_regulates]-> GO:0042701
GO:2000873 -[is_a]-> GO:0090239
GO:2000873 -[is_a]-> GO:2001020
GO:2000873 -[regulates]-> GO:2000776
GO:2000874 -[is_a]-> GO:0010565
GO:2000874 -[is_a]-> GO:0010675
GO:2000874 -[regulates]-> GO:0006097
GO:2000875 -[is_a]-> GO:0010677
GO:2000875 -[is_a]-> GO:2000874
GO:2000875 -[negatively_regulates]-> GO:0006097
GO:2000876 -[is_a]-> GO:0010676
GO:2000876 -[is_a]-> GO:2000874
GO:2000876 -[positively_regulates]-> GO:0006097
GO:2000877 -[is_a]-> GO:0051051
GO:2000877 -[is_a]-> GO:0090088
GO:2000877 -[negatively_regulates]-> GO:0006857
GO:2000878 -[is_a]-> GO:0051050
GO:2000878 -[is_a]-> GO:0090088
GO:2000878 -[positively_regulates]-> GO:0006857
GO:2000879 -[is_a]-> GO:0090089
GO:2000879 -[is_a]-> GO:2000877
GO:2000879 -[negatively_regulates]-> GO:0042938
GO:2000880 -[is_a]-> GO:0090089
GO:2000880 -[is_a]-> GO:2000878
GO:2000880 -[positively_regulates]-> GO:0042938
GO:2000881 -[is_a]-> GO:0043471
GO:2000881 -[is_a]-> GO:2000904
GO:2000881 -[regulates]-> GO:0005983
GO:2000882 -[is_a]-> GO:0031330
GO:2000882 -[is_a]-> GO:2000881
GO:2000882 -[is_a]-> GO:2000905
GO:2000882 -[negatively_regulates]-> GO:0005983
GO:2000883 -[is_a]-> GO:0031331
GO:2000883 -[is_a]-> GO:2000881
GO:2000883 -[is_a]-> GO:2000906
GO:2000883 -[positively_regulates]-> GO:0005983
GO:2000884 -[is_a]-> GO:0000272
GO:2000884 -[is_a]-> GO:0010391
GO:2000885 -[is_a]-> GO:0000272
GO:2000885 -[is_a]-> GO:0010392
GO:2000886 -[is_a]-> GO:0010413
GO:2000886 -[is_a]-> GO:0045493
GO:2000887 -[is_a]-> GO:0010414
GO:2000887 -[is_a]-> GO:2000886
GO:2000887 -[is_a]-> GO:2000888
GO:2000888 -[is_a]-> GO:0010416
GO:2000888 -[is_a]-> GO:0045493
GO:2000889 -[is_a]-> GO:0009311
GO:2000889 -[is_a]-> GO:0044042
GO:2000890 -[is_a]-> GO:0009251
GO:2000890 -[is_a]-> GO:0009313
GO:2000890 -[is_a]-> GO:2000889
GO:2000891 -[is_a]-> GO:0005984
GO:2000892 -[is_a]-> GO:0046352
GO:2000892 -[is_a]-> GO:2000891
GO:2000893 -[is_a]-> GO:0009311
GO:2000894 -[is_a]-> GO:0009313
GO:2000894 -[is_a]-> GO:2000893
GO:2000895 -[is_a]-> GO:0000272
GO:2000895 -[is_a]-> GO:0010410
GO:2000896 -[is_a]-> GO:0043170
GO:2000896 -[is_a]-> GO:1901135
GO:2000897 -[is_a]-> GO:0009057
GO:2000897 -[is_a]-> GO:1901136
GO:2000897 -[is_a]-> GO:2000896
GO:2000898 -[is_a]-> GO:0032881
GO:2000898 -[is_a]-> GO:0043470
GO:2000898 -[regulates]-> GO:2000884
GO:2000899 -[is_a]-> GO:0009251
GO:2000899 -[is_a]-> GO:0010411
GO:2000899 -[is_a]-> GO:2000895
GO:2000900 -[is_a]-> GO:0009311
GO:2000901 -[is_a]-> GO:0009313
GO:2000901 -[is_a]-> GO:2000900
GO:2000902 -[is_a]-> GO:0009311
GO:2000903 -[is_a]-> GO:0009313
GO:2000903 -[is_a]-> GO:2000902
GO:2000904 -[is_a]-> GO:0010675
GO:2000904 -[is_a]-> GO:0032881
GO:2000904 -[regulates]-> GO:0005982
GO:2000905 -[is_a]-> GO:0010605
GO:2000905 -[is_a]-> GO:0010677
GO:2000905 -[is_a]-> GO:2000904
GO:2000905 -[negatively_regulates]-> GO:0005982
GO:2000906 -[is_a]-> GO:0010604
GO:2000906 -[is_a]-> GO:0010676
GO:2000906 -[is_a]-> GO:2000904
GO:2000906 -[positively_regulates]-> GO:0005982
GO:2000907 -[is_a]-> GO:0009895
GO:2000907 -[is_a]-> GO:0010605
GO:2000907 -[is_a]-> GO:0045912
GO:2000907 -[is_a]-> GO:2000898
GO:2000907 -[negatively_regulates]-> GO:2000884
GO:2000908 -[is_a]-> GO:2000898
GO:2000908 -[is_a]-> GO:2000996
GO:2000908 -[positively_regulates]-> GO:2000884
GO:2000909 -[is_a]-> GO:0032371
GO:2000909 -[regulates]-> GO:0035376
GO:2000910 -[is_a]-> GO:0032372
GO:2000910 -[is_a]-> GO:2000909
GO:2000910 -[negatively_regulates]-> GO:0035376
GO:2000911 -[is_a]-> GO:0032373
GO:2000911 -[is_a]-> GO:2000909
GO:2000911 -[positively_regulates]-> GO:0035376
GO:2000912 -[is_a]-> GO:0032881
GO:2000912 -[is_a]-> GO:0043470
GO:2000912 -[regulates]-> GO:2000885
GO:2000913 -[is_a]-> GO:0009895
GO:2000913 -[is_a]-> GO:0010605
GO:2000913 -[is_a]-> GO:0045912
GO:2000913 -[is_a]-> GO:2000912
GO:2000913 -[negatively_regulates]-> GO:2000885
GO:2000914 -[is_a]-> GO:0009896
GO:2000914 -[is_a]-> GO:0010604
GO:2000914 -[is_a]-> GO:0045913
GO:2000914 -[is_a]-> GO:2000912
GO:2000914 -[positively_regulates]-> GO:2000885
GO:2000915 -[is_a]-> GO:2001000
GO:2000915 -[regulates]-> GO:2000886
GO:2000916 -[is_a]-> GO:2000915
GO:2000916 -[is_a]-> GO:2001001
GO:2000916 -[negatively_regulates]-> GO:2000886
GO:2000917 -[is_a]-> GO:2000915
GO:2000917 -[is_a]-> GO:2001002
GO:2000917 -[positively_regulates]-> GO:2000886
GO:2000918 -[is_a]-> GO:2000915
GO:2000918 -[is_a]-> GO:2000921
GO:2000918 -[regulates]-> GO:2000887
GO:2000919 -[is_a]-> GO:2000916
GO:2000919 -[is_a]-> GO:2000918
GO:2000919 -[is_a]-> GO:2000922
GO:2000919 -[negatively_regulates]-> GO:2000887
GO:2000920 -[is_a]-> GO:2000917
GO:2000920 -[is_a]-> GO:2000918
GO:2000920 -[is_a]-> GO:2000923
GO:2000920 -[positively_regulates]-> GO:2000887
GO:2000921 -[is_a]-> GO:2001000
GO:2000921 -[regulates]-> GO:2000888
GO:2000922 -[is_a]-> GO:2000921
GO:2000922 -[is_a]-> GO:2001001
GO:2000922 -[negatively_regulates]-> GO:2000888
GO:2000923 -[is_a]-> GO:2000921
GO:2000923 -[is_a]-> GO:2001002
GO:2000923 -[positively_regulates]-> GO:2000888
GO:2000924 -[is_a]-> GO:0032881
GO:2000924 -[regulates]-> GO:2000889
GO:2000925 -[is_a]-> GO:0010605
GO:2000925 -[is_a]-> GO:0045912
GO:2000925 -[is_a]-> GO:2000924
GO:2000925 -[negatively_regulates]-> GO:2000889
GO:2000926 -[is_a]-> GO:0010604
GO:2000926 -[is_a]-> GO:0045913
GO:2000926 -[is_a]-> GO:2000924
GO:2000926 -[positively_regulates]-> GO:2000889
GO:2000927 -[is_a]-> GO:0043470
GO:2000927 -[is_a]-> GO:2000924
GO:2000927 -[regulates]-> GO:2000890
GO:2000928 -[is_a]-> GO:0009895
GO:2000928 -[is_a]-> GO:2000925
GO:2000928 -[is_a]-> GO:2000927
GO:2000928 -[negatively_regulates]-> GO:2000890
GO:2000929 -[is_a]-> GO:0009896
GO:2000929 -[is_a]-> GO:2000926
GO:2000929 -[is_a]-> GO:2000927
GO:2000929 -[positively_regulates]-> GO:2000890
GO:2000930 -[is_a]-> GO:0010675
GO:2000930 -[regulates]-> GO:2000891
GO:2000931 -[is_a]-> GO:0010677
GO:2000931 -[is_a]-> GO:2000930
GO:2000931 -[negatively_regulates]-> GO:2000891
GO:2000932 -[is_a]-> GO:0010676
GO:2000932 -[is_a]-> GO:2000930
GO:2000932 -[positively_regulates]-> GO:2000891
GO:2000933 -[is_a]-> GO:0032881
GO:2000933 -[regulates]-> GO:2000893
GO:2000934 -[is_a]-> GO:0010605
GO:2000934 -[is_a]-> GO:0045912
GO:2000934 -[is_a]-> GO:2000933
GO:2000934 -[negatively_regulates]-> GO:2000893
GO:2000935 -[is_a]-> GO:0010604
GO:2000935 -[is_a]-> GO:0045913
GO:2000935 -[is_a]-> GO:2000933
GO:2000935 -[positively_regulates]-> GO:2000893
GO:2000936 -[is_a]-> GO:0043470
GO:2000936 -[is_a]-> GO:2000933
GO:2000936 -[regulates]-> GO:2000894
GO:2000937 -[is_a]-> GO:0009895
GO:2000937 -[is_a]-> GO:2000934
GO:2000937 -[is_a]-> GO:2000936
GO:2000937 -[negatively_regulates]-> GO:2000894
GO:2000938 -[is_a]-> GO:0009896
GO:2000938 -[is_a]-> GO:2000935
GO:2000938 -[is_a]-> GO:2000936
GO:2000938 -[positively_regulates]-> GO:2000894
GO:2000939 -[is_a]-> GO:0032950
GO:2000939 -[is_a]-> GO:0051128
GO:2000939 -[is_a]-> GO:2000966
GO:2000939 -[regulates]-> GO:0044348
GO:2000940 -[is_a]-> GO:0010677
GO:2000940 -[is_a]-> GO:0051129
GO:2000940 -[is_a]-> GO:2000939
GO:2000940 -[is_a]-> GO:2000967
GO:2000940 -[negatively_regulates]-> GO:0044348
GO:2000941 -[is_a]-> GO:0010676
GO:2000941 -[is_a]-> GO:0051130
GO:2000941 -[is_a]-> GO:2000939
GO:2000941 -[is_a]-> GO:2000968
GO:2000941 -[positively_regulates]-> GO:0044348
GO:2000942 -[is_a]-> GO:0031323
GO:2000942 -[is_a]-> GO:0060255
GO:2000942 -[regulates]-> GO:2000896
GO:2000943 -[is_a]-> GO:0010605
GO:2000943 -[is_a]-> GO:0031324
GO:2000943 -[is_a]-> GO:2000942
GO:2000943 -[negatively_regulates]-> GO:2000896
GO:2000944 -[is_a]-> GO:0010604
GO:2000944 -[is_a]-> GO:0031325
GO:2000944 -[is_a]-> GO:2000942
GO:2000944 -[positively_regulates]-> GO:2000896
GO:2000945 -[is_a]-> GO:0031329
GO:2000945 -[is_a]-> GO:2000942
GO:2000945 -[regulates]-> GO:2000897
GO:2000946 -[is_a]-> GO:2000882
GO:2000946 -[is_a]-> GO:2000943
GO:2000946 -[is_a]-> GO:2000945
GO:2000946 -[negatively_regulates]-> GO:2000897
GO:2000947 -[is_a]-> GO:2000883
GO:2000947 -[is_a]-> GO:2000944
GO:2000947 -[is_a]-> GO:2000945
GO:2000947 -[positively_regulates]-> GO:2000897
GO:2000948 -[is_a]-> GO:0010675
GO:2000948 -[is_a]-> GO:0010981
GO:2000948 -[is_a]-> GO:0032881
GO:2000948 -[regulates]-> GO:0010411
GO:2000949 -[is_a]-> GO:0010605
GO:2000949 -[is_a]-> GO:0010677
GO:2000949 -[is_a]-> GO:1903339
GO:2000949 -[is_a]-> GO:2000948
GO:2000949 -[negatively_regulates]-> GO:0010411
GO:2000950 -[is_a]-> GO:0010604
GO:2000950 -[is_a]-> GO:0010676
GO:2000950 -[is_a]-> GO:1903340
GO:2000950 -[is_a]-> GO:2000948
GO:2000950 -[positively_regulates]-> GO:0010411
GO:2000951 -[is_a]-> GO:2000948
GO:2000951 -[is_a]-> GO:2000988
GO:2000951 -[regulates]-> GO:2000899
GO:2000952 -[is_a]-> GO:2000949
GO:2000952 -[is_a]-> GO:2000951
GO:2000952 -[is_a]-> GO:2000989
GO:2000952 -[negatively_regulates]-> GO:2000899
GO:2000953 -[is_a]-> GO:2000950
GO:2000953 -[is_a]-> GO:2000951
GO:2000953 -[is_a]-> GO:2000990
GO:2000953 -[positively_regulates]-> GO:2000899
GO:2000954 -[is_a]-> GO:0032881
GO:2000954 -[regulates]-> GO:2000900
GO:2000955 -[is_a]-> GO:0045912
GO:2000955 -[is_a]-> GO:2000954
GO:2000955 -[negatively_regulates]-> GO:2000900
GO:2000956 -[is_a]-> GO:0045913
GO:2000956 -[is_a]-> GO:2000954
GO:2000956 -[positively_regulates]-> GO:2000900
GO:2000957 -[is_a]-> GO:0043470
GO:2000957 -[is_a]-> GO:2000954
GO:2000957 -[regulates]-> GO:2000901
GO:2000958 -[is_a]-> GO:0009895
GO:2000958 -[is_a]-> GO:2000955
GO:2000958 -[is_a]-> GO:2000957
GO:2000958 -[negatively_regulates]-> GO:2000901
GO:2000959 -[is_a]-> GO:0009896
GO:2000959 -[is_a]-> GO:2000956
GO:2000959 -[is_a]-> GO:2000957
GO:2000959 -[positively_regulates]-> GO:2000901
GO:2000960 -[is_a]-> GO:0006109
GO:2000960 -[regulates]-> GO:2000902
GO:2000961 -[is_a]-> GO:0045912
GO:2000961 -[is_a]-> GO:2000960
GO:2000961 -[negatively_regulates]-> GO:2000902
GO:2000962 -[is_a]-> GO:0045913
GO:2000962 -[is_a]-> GO:2000960
GO:2000962 -[positively_regulates]-> GO:2000902
GO:2000963 -[is_a]-> GO:0043470
GO:2000963 -[is_a]-> GO:2000960
GO:2000963 -[regulates]-> GO:2000903
GO:2000964 -[is_a]-> GO:0009895
GO:2000964 -[is_a]-> GO:2000961
GO:2000964 -[is_a]-> GO:2000963
GO:2000964 -[negatively_regulates]-> GO:2000903
GO:2000965 -[is_a]-> GO:0009896
GO:2000965 -[is_a]-> GO:2000962
GO:2000965 -[is_a]-> GO:2000963
GO:2000965 -[positively_regulates]-> GO:2000903
GO:2000966 -[is_a]-> GO:0010981
GO:2000966 -[is_a]-> GO:0031329
GO:2000966 -[is_a]-> GO:0032881
GO:2000966 -[regulates]-> GO:0044347
GO:2000967 -[is_a]-> GO:0010605
GO:2000967 -[is_a]-> GO:0031330
GO:2000967 -[is_a]-> GO:0045912
GO:2000967 -[is_a]-> GO:1903339
GO:2000967 -[is_a]-> GO:2000966
GO:2000967 -[negatively_regulates]-> GO:0044347
GO:2000968 -[is_a]-> GO:0010604
GO:2000968 -[is_a]-> GO:0031331
GO:2000968 -[is_a]-> GO:0045913
GO:2000968 -[is_a]-> GO:1903340
GO:2000968 -[is_a]-> GO:2000966
GO:2000968 -[positively_regulates]-> GO:0044347
GO:2000969 -[is_a]-> GO:0032414
GO:2000969 -[is_a]-> GO:1900451
GO:2000969 -[is_a]-> GO:2000273
GO:2000969 -[is_a]-> GO:2000311
GO:2000969 -[positively_regulates]-> GO:0004971
GO:2000970 -[is_a]-> GO:0048583
GO:2000970 -[regulates]-> GO:0051594
GO:2000971 -[is_a]-> GO:0048585
GO:2000971 -[is_a]-> GO:2000970
GO:2000971 -[negatively_regulates]-> GO:0051594
GO:2000972 -[is_a]-> GO:0048584
GO:2000972 -[is_a]-> GO:2000970
GO:2000972 -[positively_regulates]-> GO:0051594
GO:2000973 -[is_a]-> GO:1905456
GO:2000973 -[regulates]-> GO:0002328
GO:2000974 -[is_a]-> GO:1905457
GO:2000974 -[is_a]-> GO:2000973
GO:2000974 -[negatively_regulates]-> GO:0002328
GO:2000975 -[is_a]-> GO:1905458
GO:2000975 -[is_a]-> GO:2000973
GO:2000975 -[positively_regulates]-> GO:0002328
GO:2000977 -[is_a]-> GO:0045664
GO:2000977 -[regulates]-> GO:0021879
GO:2000978 -[is_a]-> GO:0045665
GO:2000978 -[is_a]-> GO:2000977
GO:2000978 -[negatively_regulates]-> GO:0021879
GO:2000979 -[is_a]-> GO:0045666
GO:2000979 -[is_a]-> GO:2000977
GO:2000979 -[positively_regulates]-> GO:0021879
GO:2000980 -[is_a]-> GO:0045631
GO:2000980 -[regulates]-> GO:0060113
GO:2000981 -[is_a]-> GO:0045632
GO:2000981 -[is_a]-> GO:2000980
GO:2000981 -[negatively_regulates]-> GO:0060113
GO:2000982 -[is_a]-> GO:0045633
GO:2000982 -[is_a]-> GO:2000980
GO:2000982 -[positively_regulates]-> GO:0060113
GO:2000983 -[is_a]-> GO:0051338
GO:2000983 -[regulates]-> GO:0003878
GO:2000984 -[is_a]-> GO:0051348
GO:2000984 -[is_a]-> GO:2000983
GO:2000984 -[negatively_regulates]-> GO:0003878
GO:2000985 -[is_a]-> GO:0051347
GO:2000985 -[is_a]-> GO:2000983
GO:2000985 -[positively_regulates]-> GO:0003878
GO:2000986 -[is_a]-> GO:0031348
GO:2000986 -[is_a]-> GO:0048521
GO:2000986 -[is_a]-> GO:1903366
GO:2000986 -[is_a]-> GO:2000822
GO:2000986 -[negatively_regulates]-> GO:0001662
GO:2000987 -[is_a]-> GO:0031349
GO:2000987 -[is_a]-> GO:0048520
GO:2000987 -[is_a]-> GO:1903367
GO:2000987 -[is_a]-> GO:2000822
GO:2000987 -[positively_regulates]-> GO:0001662
GO:2000988 -[is_a]-> GO:0010981
GO:2000988 -[is_a]-> GO:0032881
GO:2000988 -[is_a]-> GO:0043470
GO:2000988 -[regulates]-> GO:2000895
GO:2000989 -[is_a]-> GO:0009895
GO:2000989 -[is_a]-> GO:0010605
GO:2000989 -[is_a]-> GO:0031324
GO:2000989 -[is_a]-> GO:0045912
GO:2000989 -[is_a]-> GO:1903339
GO:2000989 -[is_a]-> GO:2000988
GO:2000989 -[negatively_regulates]-> GO:2000895
GO:2000990 -[is_a]-> GO:0009896
GO:2000990 -[is_a]-> GO:0010604
GO:2000990 -[is_a]-> GO:0031325
GO:2000990 -[is_a]-> GO:0045913
GO:2000990 -[is_a]-> GO:1903340
GO:2000990 -[is_a]-> GO:2000988
GO:2000990 -[positively_regulates]-> GO:2000895
GO:2000991 -[is_a]-> GO:0032881
GO:2000991 -[is_a]-> GO:0043470
GO:2000991 -[regulates]-> GO:0051682
GO:2000992 -[is_a]-> GO:0009895
GO:2000992 -[is_a]-> GO:0010605
GO:2000992 -[is_a]-> GO:0045912
GO:2000992 -[is_a]-> GO:2000991
GO:2000992 -[negatively_regulates]-> GO:0051682
GO:2000993 -[is_a]-> GO:0009896
GO:2000993 -[is_a]-> GO:0010604
GO:2000993 -[is_a]-> GO:0045913
GO:2000993 -[is_a]-> GO:2000991
GO:2000993 -[positively_regulates]-> GO:0051682
GO:2000994 -[is_a]-> GO:0010981
GO:2000994 -[is_a]-> GO:0043471
GO:2000994 -[is_a]-> GO:2000924
GO:2000994 -[regulates]-> GO:0046355
GO:2000995 -[is_a]-> GO:0010677
GO:2000995 -[is_a]-> GO:0031330
GO:2000995 -[is_a]-> GO:1903339
GO:2000995 -[is_a]-> GO:2000925
GO:2000995 -[is_a]-> GO:2000994
GO:2000995 -[negatively_regulates]-> GO:0046355
GO:2000996 -[is_a]-> GO:0010676
GO:2000996 -[is_a]-> GO:0031331
GO:2000996 -[is_a]-> GO:1903340
GO:2000996 -[is_a]-> GO:2000926
GO:2000996 -[is_a]-> GO:2000994
GO:2000996 -[positively_regulates]-> GO:0046355
GO:2000997 -[is_a]-> GO:0032950
GO:2000997 -[is_a]-> GO:0043471
GO:2000997 -[regulates]-> GO:0030245
GO:2000998 -[is_a]-> GO:0010605
GO:2000998 -[is_a]-> GO:0010677
GO:2000998 -[is_a]-> GO:0031330
GO:2000998 -[is_a]-> GO:2000997
GO:2000998 -[negatively_regulates]-> GO:0030245
GO:2000999 -[is_a]-> GO:0010604
GO:2000999 -[is_a]-> GO:0010676
GO:2000999 -[is_a]-> GO:0031331
GO:2000999 -[is_a]-> GO:2000997
GO:2000999 -[positively_regulates]-> GO:0030245
GO:2001000 -[is_a]-> GO:0010981
GO:2001000 -[is_a]-> GO:0043470
GO:2001000 -[is_a]-> GO:2000924
GO:2001000 -[regulates]-> GO:0045493
GO:2001001 -[is_a]-> GO:0009895
GO:2001001 -[is_a]-> GO:0031324
GO:2001001 -[is_a]-> GO:1903339
GO:2001001 -[is_a]-> GO:2000925
GO:2001001 -[is_a]-> GO:2001000
GO:2001001 -[negatively_regulates]-> GO:0045493
GO:2001002 -[is_a]-> GO:0009896
GO:2001002 -[is_a]-> GO:0031325
GO:2001002 -[is_a]-> GO:1903340
GO:2001002 -[is_a]-> GO:2000926
GO:2001002 -[is_a]-> GO:2001000
GO:2001002 -[positively_regulates]-> GO:0045493
GO:2001003 -[is_a]-> GO:0032881
GO:2001003 -[is_a]-> GO:0043471
GO:2001003 -[regulates]-> GO:0045490
GO:2001004 -[is_a]-> GO:0009895
GO:2001004 -[is_a]-> GO:0010605
GO:2001004 -[is_a]-> GO:0010677
GO:2001004 -[is_a]-> GO:2001003
GO:2001004 -[negatively_regulates]-> GO:0045490
GO:2001005 -[is_a]-> GO:0009896
GO:2001005 -[is_a]-> GO:0010604
GO:2001005 -[is_a]-> GO:0010676
GO:2001005 -[is_a]-> GO:2001003
GO:2001005 -[positively_regulates]-> GO:0045490
GO:2001006 -[is_a]-> GO:0032951
GO:2001006 -[regulates]-> GO:0030244
GO:2001007 -[is_a]-> GO:0010677
GO:2001007 -[is_a]-> GO:2000113
GO:2001007 -[is_a]-> GO:2001006
GO:2001007 -[negatively_regulates]-> GO:0030244
GO:2001008 -[is_a]-> GO:0010557
GO:2001008 -[is_a]-> GO:0010676
GO:2001008 -[is_a]-> GO:0031328
GO:2001008 -[is_a]-> GO:2001006
GO:2001008 -[positively_regulates]-> GO:0030244
GO:2001009 -[is_a]-> GO:0010981
GO:2001009 -[is_a]-> GO:0044087
GO:2001009 -[is_a]-> GO:0051128
GO:2001009 -[is_a]-> GO:2001006
GO:2001009 -[regulates]-> GO:0052324
GO:2001010 -[is_a]-> GO:0051129
GO:2001010 -[is_a]-> GO:1903339
GO:2001010 -[is_a]-> GO:2001007
GO:2001010 -[is_a]-> GO:2001009
GO:2001010 -[negatively_regulates]-> GO:0052324
GO:2001011 -[is_a]-> GO:0044089
GO:2001011 -[is_a]-> GO:0051130
GO:2001011 -[is_a]-> GO:1903340
GO:2001011 -[is_a]-> GO:2001008
GO:2001011 -[is_a]-> GO:2001009
GO:2001011 -[positively_regulates]-> GO:0052324
GO:2001012 -[is_a]-> GO:0048762
GO:2001012 -[part_of]-> GO:0072001
GO:2001013 -[is_a]-> GO:0050673
GO:2001013 -[part_of]-> GO:0061333
GO:2001014 -[is_a]-> GO:0045595
GO:2001014 -[is_a]-> GO:0048641
GO:2001014 -[regulates]-> GO:0035914
GO:2001015 -[is_a]-> GO:0045596
GO:2001015 -[is_a]-> GO:0048642
GO:2001015 -[is_a]-> GO:2001014
GO:2001015 -[negatively_regulates]-> GO:0035914
GO:2001016 -[is_a]-> GO:0045597
GO:2001016 -[is_a]-> GO:0048643
GO:2001016 -[is_a]-> GO:2001014
GO:2001016 -[positively_regulates]-> GO:0035914
GO:2001017 -[is_a]-> GO:0032386
GO:2001017 -[is_a]-> GO:0060632
GO:2001017 -[regulates]-> GO:0008090
GO:2001018 -[is_a]-> GO:0032387
GO:2001018 -[is_a]-> GO:0051271
GO:2001018 -[is_a]-> GO:2001017
GO:2001018 -[negatively_regulates]-> GO:0008090
GO:2001019 -[is_a]-> GO:0032388
GO:2001019 -[is_a]-> GO:0051272
GO:2001019 -[is_a]-> GO:2001017
GO:2001019 -[positively_regulates]-> GO:0008090
GO:2001020 -[is_a]-> GO:0080135
GO:2001020 -[regulates]-> GO:0006974
GO:2001021 -[is_a]-> GO:0048523
GO:2001021 -[is_a]-> GO:0048585
GO:2001021 -[is_a]-> GO:2001020
GO:2001021 -[negatively_regulates]-> GO:0006974
GO:2001022 -[is_a]-> GO:0048522
GO:2001022 -[is_a]-> GO:0048584
GO:2001022 -[is_a]-> GO:2001020
GO:2001022 -[positively_regulates]-> GO:0006974
GO:2001023 -[is_a]-> GO:0048583
GO:2001023 -[regulates]-> GO:0042493
GO:2001024 -[is_a]-> GO:0048585
GO:2001024 -[is_a]-> GO:2001023
GO:2001024 -[negatively_regulates]-> GO:0042493
GO:2001025 -[is_a]-> GO:0048584
GO:2001025 -[is_a]-> GO:2001023
GO:2001025 -[positively_regulates]-> GO:0042493
GO:2001026 -[is_a]-> GO:0010594
GO:2001026 -[is_a]-> GO:0050920
GO:2001026 -[regulates]-> GO:0035767
GO:2001027 -[is_a]-> GO:0010596
GO:2001027 -[is_a]-> GO:0050922
GO:2001027 -[is_a]-> GO:2001026
GO:2001027 -[negatively_regulates]-> GO:0035767
GO:2001028 -[is_a]-> GO:0010595
GO:2001028 -[is_a]-> GO:0050921
GO:2001028 -[is_a]-> GO:2001026
GO:2001028 -[positively_regulates]-> GO:0035767
GO:2001029 -[is_a]-> GO:0010565
GO:2001029 -[is_a]-> GO:0010675
GO:2001029 -[regulates]-> GO:0052695
GO:2001030 -[is_a]-> GO:0010677
GO:2001030 -[is_a]-> GO:2001029
GO:2001030 -[negatively_regulates]-> GO:0052695
GO:2001031 -[is_a]-> GO:0010676
GO:2001031 -[is_a]-> GO:2001029
GO:2001031 -[positively_regulates]-> GO:0052695
GO:2001032 -[is_a]-> GO:2000779
GO:2001032 -[regulates]-> GO:0006303
GO:2001033 -[is_a]-> GO:2000780
GO:2001033 -[is_a]-> GO:2001032
GO:2001033 -[negatively_regulates]-> GO:0006303
GO:2001034 -[is_a]-> GO:2000781
GO:2001034 -[is_a]-> GO:2001032
GO:2001034 -[positively_regulates]-> GO:0006303
GO:2001035 -[is_a]-> GO:1902809
GO:2001035 -[regulates]-> GO:0035981
GO:2001036 -[is_a]-> GO:1902810
GO:2001036 -[is_a]-> GO:2001035
GO:2001036 -[negatively_regulates]-> GO:0035981
GO:2001037 -[is_a]-> GO:1902811
GO:2001037 -[is_a]-> GO:2001035
GO:2001037 -[positively_regulates]-> GO:0035981
GO:2001038 -[is_a]-> GO:0050794
GO:2001038 -[is_a]-> GO:2001023
GO:2001038 -[regulates]-> GO:0035690
GO:2001039 -[is_a]-> GO:0048523
GO:2001039 -[is_a]-> GO:2001024
GO:2001039 -[is_a]-> GO:2001038
GO:2001039 -[negatively_regulates]-> GO:0035690
GO:2001040 -[is_a]-> GO:0048522
GO:2001040 -[is_a]-> GO:2001025
GO:2001040 -[is_a]-> GO:2001038
GO:2001040 -[positively_regulates]-> GO:0035690
GO:2001042 -[is_a]-> GO:0010590
GO:2001042 -[is_a]-> GO:0051782
GO:2001042 -[negatively_regulates]-> GO:0000920
GO:2001043 -[is_a]-> GO:0010590
GO:2001043 -[is_a]-> GO:0051781
GO:2001043 -[positively_regulates]-> GO:0000920
GO:2001044 -[is_a]-> GO:0009966
GO:2001044 -[regulates]-> GO:0007229
GO:2001045 -[is_a]-> GO:0009968
GO:2001045 -[is_a]-> GO:2001044
GO:2001045 -[negatively_regulates]-> GO:0007229
GO:2001046 -[is_a]-> GO:0009967
GO:2001046 -[is_a]-> GO:2001044
GO:2001046 -[positively_regulates]-> GO:0007229
GO:2001049 -[is_a]-> GO:0022603
GO:2001049 -[is_a]-> GO:0045595
GO:2001049 -[regulates]-> GO:0035990
GO:2001050 -[is_a]-> GO:0045596
GO:2001050 -[is_a]-> GO:2001049
GO:2001050 -[negatively_regulates]-> GO:0035990
GO:2001051 -[is_a]-> GO:0045597
GO:2001051 -[is_a]-> GO:2001049
GO:2001051 -[positively_regulates]-> GO:0035990
GO:2001053 -[is_a]-> GO:0042981
GO:2001053 -[regulates]-> GO:0097152
GO:2001054 -[is_a]-> GO:0043066
GO:2001054 -[is_a]-> GO:2001053
GO:2001054 -[negatively_regulates]-> GO:0097152
GO:2001055 -[is_a]-> GO:0043065
GO:2001055 -[is_a]-> GO:2001053
GO:2001055 -[positively_regulates]-> GO:0097152
GO:2001056 -[is_a]-> GO:0010950
GO:2001056 -[is_a]-> GO:2000116
GO:2001056 -[positively_regulates]-> GO:0004197
GO:2001057 -[is_a]-> GO:0006807
GO:2001058 -[is_a]-> GO:0006796
GO:2001058 -[is_a]-> GO:0019637
GO:2001058 -[is_a]-> GO:1901135
GO:2001059 -[is_a]-> GO:0046434
GO:2001059 -[is_a]-> GO:1901136
GO:2001059 -[is_a]-> GO:2001058
GO:2001060 -[is_a]-> GO:0006796
GO:2001060 -[is_a]-> GO:0019637
GO:2001060 -[is_a]-> GO:1901135
GO:2001061 -[is_a]-> GO:0090407
GO:2001061 -[is_a]-> GO:1901137
GO:2001061 -[is_a]-> GO:2001060
GO:2001062 -[is_a]-> GO:0030247
GO:2001063 -[is_a]-> GO:0010297
GO:2001064 -[is_a]-> GO:0070492
GO:2001065 -[is_a]-> GO:0030247
GO:2001066 -[is_a]-> GO:0097367
GO:2001067 -[is_a]-> GO:0030247
GO:2001068 -[is_a]-> GO:2001062
GO:2001069 -[is_a]-> GO:0030247
GO:2001070 -[is_a]-> GO:0030247
GO:2001071 -[is_a]-> GO:0070492
GO:2001072 -[is_a]-> GO:0010297
GO:2001073 -[is_a]-> GO:0070492
GO:2001074 -[is_a]-> GO:0061217
GO:2001074 -[is_a]-> GO:0072215
GO:2001074 -[is_a]-> GO:2000027
GO:2001074 -[regulates]-> GO:0035502
GO:2001075 -[is_a]-> GO:0061218
GO:2001075 -[is_a]-> GO:0072217
GO:2001075 -[is_a]-> GO:2001074
GO:2001075 -[negatively_regulates]-> GO:0035502
GO:2001076 -[is_a]-> GO:0061213
GO:2001076 -[is_a]-> GO:0072216
GO:2001076 -[is_a]-> GO:2001074
GO:2001076 -[positively_regulates]-> GO:0035502
GO:2001077 -[is_a]-> GO:0030247
GO:2001078 -[is_a]-> GO:0030247
GO:2001079 -[is_a]-> GO:0097367
GO:2001080 -[is_a]-> GO:0097367
GO:2001081 -[is_a]-> GO:0030247
GO:2001082 -[is_a]-> GO:0030247
GO:2001083 -[is_a]-> GO:0030247
GO:2001084 -[is_a]-> GO:0048029
GO:2001085 -[is_a]-> GO:0030247
GO:2001086 -[is_a]-> GO:0015766
GO:2001087 -[is_a]-> GO:0015766
GO:2001088 -[is_a]-> GO:0015772
GO:2001089 -[is_a]-> GO:2001088
GO:2001090 -[is_a]-> GO:2001088
GO:2001091 -[is_a]-> GO:2001088
GO:2001092 -[is_a]-> GO:2001088
GO:2001093 -[is_a]-> GO:2001088
GO:2001094 -[is_a]-> GO:2001088
GO:2001095 -[is_a]-> GO:2001088
GO:2001096 -[is_a]-> GO:2001088
GO:2001097 -[is_a]-> GO:2001088
GO:2001098 -[is_a]-> GO:0015772
GO:2001099 -[is_a]-> GO:2001098
GO:2001100 -[is_a]-> GO:0015772
GO:2001101 -[is_a]-> GO:2001100
GO:2001102 -[is_a]-> GO:0015772
GO:2001103 -[is_a]-> GO:2001102
GO:2001104 -[is_a]-> GO:0015772
GO:2001105 -[is_a]-> GO:2001104
GO:2001106 -[is_a]-> GO:1905097
GO:2001106 -[regulates]-> GO:0005089
GO:2001107 -[is_a]-> GO:1905098
GO:2001107 -[is_a]-> GO:2001106
GO:2001107 -[negatively_regulates]-> GO:0005089
GO:2001108 -[is_a]-> GO:1905099
GO:2001108 -[is_a]-> GO:2001106
GO:2001108 -[positively_regulates]-> GO:0005089
GO:2001109 -[is_a]-> GO:0050678
GO:2001109 -[is_a]-> GO:2000026
GO:2001109 -[regulates]-> GO:0097166
GO:2001110 -[is_a]-> GO:0050680
GO:2001110 -[is_a]-> GO:0051093
GO:2001110 -[is_a]-> GO:0051241
GO:2001110 -[is_a]-> GO:2001109
GO:2001110 -[negatively_regulates]-> GO:0097166
GO:2001111 -[is_a]-> GO:0050679
GO:2001111 -[is_a]-> GO:0051094
GO:2001111 -[is_a]-> GO:0051240
GO:2001111 -[is_a]-> GO:2001109
GO:2001111 -[positively_regulates]-> GO:0097166
GO:2001112 -[is_a]-> GO:0090287
GO:2001112 -[regulates]-> GO:0035729
GO:2001113 -[is_a]-> GO:0090288
GO:2001113 -[is_a]-> GO:2001112
GO:2001113 -[negatively_regulates]-> GO:0035729
GO:2001114 -[is_a]-> GO:0048522
GO:2001114 -[is_a]-> GO:0048584
GO:2001114 -[is_a]-> GO:2001112
GO:2001114 -[positively_regulates]-> GO:0035729
GO:2001115 -[is_a]-> GO:0006796
GO:2001115 -[is_a]-> GO:0019637
GO:2001115 -[is_a]-> GO:0042558
GO:2001116 -[is_a]-> GO:0042559
GO:2001116 -[is_a]-> GO:0090407
GO:2001116 -[is_a]-> GO:2001115
GO:2001117 -[is_a]-> GO:2001115
GO:2001118 -[is_a]-> GO:2001116
GO:2001118 -[is_a]-> GO:2001117
GO:2001119 -[is_a]-> GO:0046483
GO:2001119 -[is_a]-> GO:1901360
GO:2001120 -[is_a]-> GO:0018130
GO:2001120 -[is_a]-> GO:1901362
GO:2001120 -[is_a]-> GO:2001119
GO:2001121 -[is_a]-> GO:0018130
GO:2001121 -[is_a]-> GO:0052649
GO:2001121 -[is_a]-> GO:0090407
GO:2001121 -[is_a]-> GO:1901137
GO:2001121 -[is_a]-> GO:1901362
GO:2001121 -[is_a]-> GO:1901566
GO:2001122 -[is_a]-> GO:0009311
GO:2001123 -[is_a]-> GO:0009313
GO:2001123 -[is_a]-> GO:2001122
GO:2001124 -[is_a]-> GO:0006448
GO:2001124 -[regulates]-> GO:0006452
GO:2001125 -[is_a]-> GO:0045900
GO:2001125 -[is_a]-> GO:2001124
GO:2001125 -[negatively_regulates]-> GO:0006452
GO:2001126 -[is_a]-> GO:0045901
GO:2001126 -[is_a]-> GO:2001124
GO:2001126 -[positively_regulates]-> GO:0006452
GO:2001127 -[is_a]-> GO:0015942
GO:2001127 -[is_a]-> GO:0015948
GO:2001128 -[is_a]-> GO:0015948
GO:2001128 -[is_a]-> GO:0030416
GO:2001129 -[is_a]-> GO:0009308
GO:2001129 -[is_a]-> GO:0015948
GO:2001130 -[is_a]-> GO:0009308
GO:2001130 -[is_a]-> GO:0015948
GO:2001131 -[is_a]-> GO:0006790
GO:2001131 -[is_a]-> GO:0015948
GO:2001132 -[is_a]-> GO:0006631
GO:2001132 -[is_a]-> GO:0015948
GO:2001133 -[is_a]-> GO:0006790
GO:2001133 -[is_a]-> GO:0015948
GO:2001134 -[is_a]-> GO:0015948
GO:2001135 -[is_a]-> GO:0060627
GO:2001135 -[regulates]-> GO:0032456
GO:2001136 -[is_a]-> GO:0048523
GO:2001136 -[is_a]-> GO:0051051
GO:2001136 -[is_a]-> GO:2001135
GO:2001136 -[negatively_regulates]-> GO:0032456
GO:2001137 -[is_a]-> GO:0048522
GO:2001137 -[is_a]-> GO:0051050
GO:2001137 -[is_a]-> GO:2001135
GO:2001137 -[positively_regulates]-> GO:0032456
GO:2001138 -[is_a]-> GO:0032368
GO:2001138 -[regulates]-> GO:0015914
GO:2001139 -[is_a]-> GO:0032369
GO:2001139 -[is_a]-> GO:2001138
GO:2001139 -[negatively_regulates]-> GO:0015914
GO:2001140 -[is_a]-> GO:0032370
GO:2001140 -[is_a]-> GO:2001138
GO:2001140 -[positively_regulates]-> GO:0015914
GO:2001141 -[is_a]-> GO:0010556
GO:2001141 -[is_a]-> GO:0031326
GO:2001141 -[is_a]-> GO:0051252
GO:2001141 -[regulates]-> GO:0032774
GO:2001142 -[is_a]-> GO:0015718
GO:2001143 -[is_a]-> GO:0015697
GO:2001144 -[is_a]-> GO:0010921
GO:2001144 -[regulates]-> GO:0034485
GO:2001145 -[is_a]-> GO:0010923
GO:2001145 -[is_a]-> GO:2001144
GO:2001145 -[negatively_regulates]-> GO:0034485
GO:2001146 -[is_a]-> GO:0010922
GO:2001146 -[is_a]-> GO:2001144
GO:2001146 -[positively_regulates]-> GO:0034485
GO:2001147 -[is_a]-> GO:0097159
GO:2001147 -[is_a]-> GO:1901363
GO:2001147 -[is_a]-> GO:1901681
GO:2001148 -[is_a]-> GO:0034762
GO:2001148 -[is_a]-> GO:0090089
GO:2001148 -[regulates]-> GO:0035442
GO:2001149 -[is_a]-> GO:0034763
GO:2001149 -[is_a]-> GO:2000879
GO:2001149 -[is_a]-> GO:2001148
GO:2001149 -[negatively_regulates]-> GO:0035442
GO:2001150 -[is_a]-> GO:0034764
GO:2001150 -[is_a]-> GO:2000880
GO:2001150 -[is_a]-> GO:2001148
GO:2001150 -[positively_regulates]-> GO:0035442
GO:2001151 -[is_a]-> GO:0032844
GO:2001151 -[is_a]-> GO:0050878
GO:2001151 -[is_a]-> GO:0051049
GO:2001151 -[is_a]-> GO:0098801
GO:2001151 -[regulates]-> GO:0003097
GO:2001152 -[is_a]-> GO:0032845
GO:2001152 -[is_a]-> GO:0051051
GO:2001152 -[is_a]-> GO:0051241
GO:2001152 -[is_a]-> GO:2001151
GO:2001152 -[negatively_regulates]-> GO:0003097
GO:2001153 -[is_a]-> GO:0032846
GO:2001153 -[is_a]-> GO:0051050
GO:2001153 -[is_a]-> GO:0051240
GO:2001153 -[is_a]-> GO:2001151
GO:2001153 -[positively_regulates]-> GO:0003097
GO:2001154 -[is_a]-> GO:0010906
GO:2001154 -[is_a]-> GO:0043465
GO:2001154 -[is_a]-> GO:0043471
GO:2001154 -[is_a]-> GO:0051196
GO:2001154 -[is_a]-> GO:1903578
GO:2001154 -[regulates]-> GO:0019655
GO:2001155 -[is_a]-> GO:0010677
GO:2001155 -[is_a]-> GO:0051198
GO:2001155 -[is_a]-> GO:1901003
GO:2001155 -[is_a]-> GO:1903579
GO:2001155 -[is_a]-> GO:2001154
GO:2001155 -[negatively_regulates]-> GO:0019655
GO:2001156 -[is_a]-> GO:0033241
GO:2001156 -[is_a]-> GO:2000211
GO:2001156 -[is_a]-> GO:2000214
GO:2001156 -[regulates]-> GO:0010133
GO:2001157 -[is_a]-> GO:0033242
GO:2001157 -[is_a]-> GO:2000212
GO:2001157 -[is_a]-> GO:2000215
GO:2001157 -[is_a]-> GO:2001156
GO:2001157 -[negatively_regulates]-> GO:0010133
GO:2001158 -[is_a]-> GO:0033243
GO:2001158 -[is_a]-> GO:2000213
GO:2001158 -[is_a]-> GO:2000216
GO:2001158 -[is_a]-> GO:2001156
GO:2001158 -[positively_regulates]-> GO:0010133
GO:2001159 -[is_a]-> GO:1903335
GO:2001159 -[is_a]-> GO:1903533
GO:2001159 -[regulates]-> GO:0032258
GO:2001160 -[is_a]-> GO:0031060
GO:2001160 -[regulates]-> GO:0034729
GO:2001161 -[is_a]-> GO:0031061
GO:2001161 -[is_a]-> GO:2001160
GO:2001161 -[negatively_regulates]-> GO:0034729
GO:2001162 -[is_a]-> GO:0031062
GO:2001162 -[is_a]-> GO:2001160
GO:2001162 -[positively_regulates]-> GO:0034729
GO:2001163 -[is_a]-> GO:1901407
GO:2001163 -[regulates]-> GO:0071619
GO:2001164 -[is_a]-> GO:1901408
GO:2001164 -[is_a]-> GO:2001163
GO:2001164 -[negatively_regulates]-> GO:0071619
GO:2001165 -[is_a]-> GO:1901409
GO:2001165 -[is_a]-> GO:2001163
GO:2001165 -[positively_regulates]-> GO:0071619
GO:2001166 -[is_a]-> GO:0033182
GO:2001166 -[regulates]-> GO:0033523
GO:2001167 -[is_a]-> GO:0033183
GO:2001167 -[is_a]-> GO:2001166
GO:2001167 -[negatively_regulates]-> GO:0033523
GO:2001168 -[is_a]-> GO:0033184
GO:2001168 -[is_a]-> GO:2001166
GO:2001168 -[positively_regulates]-> GO:0033523
GO:2001169 -[is_a]-> GO:1900371
GO:2001169 -[is_a]-> GO:1903578
GO:2001169 -[regulates]-> GO:0006754
GO:2001170 -[is_a]-> GO:1900372
GO:2001170 -[is_a]-> GO:1903579
GO:2001170 -[is_a]-> GO:2001169
GO:2001170 -[negatively_regulates]-> GO:0006754
GO:2001171 -[is_a]-> GO:1900373
GO:2001171 -[is_a]-> GO:1903580
GO:2001171 -[is_a]-> GO:2001169
GO:2001171 -[positively_regulates]-> GO:0006754
GO:2001172 -[is_a]-> GO:0010907
GO:2001172 -[is_a]-> GO:0051197
GO:2001172 -[is_a]-> GO:1903580
GO:2001172 -[is_a]-> GO:2001154
GO:2001172 -[positively_regulates]-> GO:0019655
GO:2001173 -[is_a]-> GO:2001166
GO:2001173 -[regulates]-> GO:0071894
GO:2001174 -[is_a]-> GO:2001167
GO:2001174 -[is_a]-> GO:2001173
GO:2001174 -[negatively_regulates]-> GO:0071894
GO:2001175 -[is_a]-> GO:2001168
GO:2001175 -[is_a]-> GO:2001173
GO:2001175 -[positively_regulates]-> GO:0071894
GO:2001176 -[is_a]-> GO:0043254
GO:2001176 -[regulates]-> GO:0036034
GO:2001177 -[is_a]-> GO:0031333
GO:2001177 -[is_a]-> GO:2001176
GO:2001177 -[negatively_regulates]-> GO:0036034
GO:2001178 -[is_a]-> GO:0031334
GO:2001178 -[is_a]-> GO:2001176
GO:2001178 -[positively_regulates]-> GO:0036034
GO:2001179 -[is_a]-> GO:0032653
GO:2001179 -[is_a]-> GO:0050707
GO:2001179 -[regulates]-> GO:0072608
GO:2001180 -[is_a]-> GO:0032693
GO:2001180 -[is_a]-> GO:0050710
GO:2001180 -[is_a]-> GO:2001179
GO:2001180 -[negatively_regulates]-> GO:0072608
GO:2001181 -[is_a]-> GO:0032733
GO:2001181 -[is_a]-> GO:0050715
GO:2001181 -[is_a]-> GO:2001179
GO:2001181 -[positively_regulates]-> GO:0072608
GO:2001182 -[is_a]-> GO:0032655
GO:2001182 -[is_a]-> GO:0050707
GO:2001182 -[regulates]-> GO:0072610
GO:2001183 -[is_a]-> GO:0032695
GO:2001183 -[is_a]-> GO:0050710
GO:2001183 -[is_a]-> GO:2001182
GO:2001183 -[negatively_regulates]-> GO:0072610
GO:2001184 -[is_a]-> GO:0032735
GO:2001184 -[is_a]-> GO:0050715
GO:2001184 -[is_a]-> GO:2001182
GO:2001184 -[positively_regulates]-> GO:0072610
GO:2001185 -[is_a]-> GO:0046634
GO:2001185 -[regulates]-> GO:0036037
GO:2001186 -[is_a]-> GO:0046636
GO:2001186 -[is_a]-> GO:2001185
GO:2001186 -[negatively_regulates]-> GO:0036037
GO:2001187 -[is_a]-> GO:0046635
GO:2001187 -[is_a]-> GO:2001185
GO:2001187 -[positively_regulates]-> GO:0036037
GO:2001188 -[is_a]-> GO:0002697
GO:2001188 -[is_a]-> GO:0050776
GO:2001188 -[is_a]-> GO:0050863
GO:2001188 -[regulates]-> GO:0002291
GO:2001189 -[is_a]-> GO:0002698
GO:2001189 -[is_a]-> GO:0050777
GO:2001189 -[is_a]-> GO:0050868
GO:2001189 -[is_a]-> GO:2001188
GO:2001189 -[negatively_regulates]-> GO:0002291
GO:2001190 -[is_a]-> GO:0002699
GO:2001190 -[is_a]-> GO:0050778
GO:2001190 -[is_a]-> GO:0050870
GO:2001190 -[is_a]-> GO:2001188
GO:2001190 -[positively_regulates]-> GO:0002291
GO:2001191 -[is_a]-> GO:0002697
GO:2001191 -[is_a]-> GO:0046643
GO:2001191 -[is_a]-> GO:0050776
GO:2001191 -[regulates]-> GO:0002290
GO:2001192 -[is_a]-> GO:0002698
GO:2001192 -[is_a]-> GO:0046644
GO:2001192 -[is_a]-> GO:0050777
GO:2001192 -[is_a]-> GO:2001191
GO:2001192 -[negatively_regulates]-> GO:0002290
GO:2001193 -[is_a]-> GO:0002699
GO:2001193 -[is_a]-> GO:0046645
GO:2001193 -[is_a]-> GO:0050778
GO:2001193 -[is_a]-> GO:2001191
GO:2001193 -[positively_regulates]-> GO:0002290
GO:2001194 -[is_a]-> GO:1902986
GO:2001194 -[regulates]-> GO:0051975
GO:2001195 -[is_a]-> GO:1902987
GO:2001195 -[is_a]-> GO:2001194
GO:2001195 -[negatively_regulates]-> GO:0051975
GO:2001196 -[is_a]-> GO:2000284
GO:2001196 -[is_a]-> GO:2001194
GO:2001196 -[positively_regulates]-> GO:0051975
GO:2001197 -[is_a]-> GO:0010927
GO:2001197 -[is_a]-> GO:0070831
GO:2001197 -[part_of]-> GO:0010172
GO:2001198 -[is_a]-> GO:1902105
GO:2001198 -[regulates]-> GO:0097028
GO:2001199 -[is_a]-> GO:1902106
GO:2001199 -[is_a]-> GO:2001198
GO:2001199 -[negatively_regulates]-> GO:0097028
GO:2001200 -[is_a]-> GO:1902107
GO:2001200 -[is_a]-> GO:2001198
GO:2001200 -[positively_regulates]-> GO:0097028
GO:2001201 -[is_a]-> GO:0050707
GO:2001201 -[regulates]-> GO:0038044
GO:2001202 -[is_a]-> GO:0050710
GO:2001202 -[is_a]-> GO:2001201
GO:2001202 -[negatively_regulates]-> GO:0038044
GO:2001203 -[is_a]-> GO:0050715
GO:2001203 -[is_a]-> GO:2001201
GO:2001203 -[positively_regulates]-> GO:0038044
GO:2001204 -[is_a]-> GO:0045670
GO:2001204 -[is_a]-> GO:0060284
GO:2001204 -[is_a]-> GO:1903010
GO:2001204 -[regulates]-> GO:0036035
GO:2001205 -[is_a]-> GO:0010721
GO:2001205 -[is_a]-> GO:0045671
GO:2001205 -[is_a]-> GO:1903011
GO:2001205 -[is_a]-> GO:2001204
GO:2001205 -[negatively_regulates]-> GO:0036035
GO:2001206 -[is_a]-> GO:0010720
GO:2001206 -[is_a]-> GO:0045672
GO:2001206 -[is_a]-> GO:1903012
GO:2001206 -[is_a]-> GO:2001204
GO:2001206 -[positively_regulates]-> GO:0036035
GO:2001207 -[is_a]-> GO:0006356
GO:2001207 -[is_a]-> GO:0032784
GO:2001207 -[regulates]-> GO:0006362
GO:2001208 -[is_a]-> GO:0016479
GO:2001208 -[is_a]-> GO:0032785
GO:2001208 -[is_a]-> GO:2001207
GO:2001208 -[negatively_regulates]-> GO:0006362
GO:2001209 -[is_a]-> GO:0032786
GO:2001209 -[is_a]-> GO:0045943
GO:2001209 -[is_a]-> GO:2001207
GO:2001209 -[positively_regulates]-> GO:0006362
GO:2001210 -[is_a]-> GO:0019747
GO:2001210 -[is_a]-> GO:0042762
GO:2001210 -[is_a]-> GO:0051196
GO:2001210 -[is_a]-> GO:0071071
GO:2001210 -[regulates]-> GO:0019287
GO:2001211 -[is_a]-> GO:0045827
GO:2001211 -[is_a]-> GO:0051175
GO:2001211 -[is_a]-> GO:0051198
GO:2001211 -[is_a]-> GO:0071072
GO:2001211 -[is_a]-> GO:2001210
GO:2001211 -[negatively_regulates]-> GO:0019287
GO:2001212 -[is_a]-> GO:0022603
GO:2001212 -[is_a]-> GO:0045595
GO:2001212 -[is_a]-> GO:1901342
GO:2001212 -[regulates]-> GO:0001570
GO:2001213 -[is_a]-> GO:0045596
GO:2001213 -[is_a]-> GO:2000181
GO:2001213 -[is_a]-> GO:2001212
GO:2001213 -[negatively_regulates]-> GO:0001570
GO:2001214 -[is_a]-> GO:0045597
GO:2001214 -[is_a]-> GO:1904018
GO:2001214 -[is_a]-> GO:2001212
GO:2001214 -[positively_regulates]-> GO:0001570
GO:2001215 -[is_a]-> GO:0051341
GO:2001215 -[regulates]-> GO:0004420
GO:2001216 -[is_a]-> GO:0051354
GO:2001216 -[is_a]-> GO:2001215
GO:2001216 -[negatively_regulates]-> GO:0004420
GO:2001222 -[is_a]-> GO:0030334
GO:2001222 -[is_a]-> GO:0050767
GO:2001222 -[regulates]-> GO:0001764
GO:2001223 -[is_a]-> GO:0030336
GO:2001223 -[is_a]-> GO:0050768
GO:2001223 -[is_a]-> GO:2001222
GO:2001223 -[negatively_regulates]-> GO:0001764
GO:2001224 -[is_a]-> GO:0030335
GO:2001224 -[is_a]-> GO:0050769
GO:2001224 -[is_a]-> GO:2001222
GO:2001224 -[positively_regulates]-> GO:0001764
GO:2001225 -[is_a]-> GO:0044070
GO:2001225 -[regulates]-> GO:0006821
GO:2001226 -[is_a]-> GO:1903792
GO:2001226 -[is_a]-> GO:2001225
GO:2001226 -[negatively_regulates]-> GO:0006821
GO:2001227 -[is_a]-> GO:0097243
GO:2001227 -[is_a]-> GO:0097367
GO:2001228 -[is_a]-> GO:0048583
GO:2001228 -[regulates]-> GO:0010332
GO:2001229 -[is_a]-> GO:0048585
GO:2001229 -[is_a]-> GO:2001228
GO:2001229 -[negatively_regulates]-> GO:0010332
GO:2001230 -[is_a]-> GO:0048584
GO:2001230 -[is_a]-> GO:2001228
GO:2001230 -[positively_regulates]-> GO:0010332
GO:2001231 -[is_a]-> GO:0090003
GO:2001231 -[is_a]-> GO:0090313
GO:2001231 -[regulates]-> GO:0072693
GO:2001232 -[is_a]-> GO:0090004
GO:2001232 -[is_a]-> GO:0090314
GO:2001232 -[is_a]-> GO:2001231
GO:2001232 -[positively_regulates]-> GO:0072693
GO:2001233 -[is_a]-> GO:0009966
GO:2001233 -[is_a]-> GO:0042981
GO:2001233 -[regulates]-> GO:0097190
GO:2001234 -[is_a]-> GO:0009968
GO:2001234 -[is_a]-> GO:0043066
GO:2001234 -[is_a]-> GO:2001233
GO:2001234 -[negatively_regulates]-> GO:0097190
GO:2001235 -[is_a]-> GO:0009967
GO:2001235 -[is_a]-> GO:0043065
GO:2001235 -[is_a]-> GO:2001233
GO:2001235 -[positively_regulates]-> GO:0097190
GO:2001236 -[is_a]-> GO:2001233
GO:2001236 -[regulates]-> GO:0097191
GO:2001237 -[is_a]-> GO:2001234
GO:2001237 -[is_a]-> GO:2001236
GO:2001237 -[negatively_regulates]-> GO:0097191
GO:2001238 -[is_a]-> GO:2001235
GO:2001238 -[is_a]-> GO:2001236
GO:2001238 -[positively_regulates]-> GO:0097191
GO:2001239 -[is_a]-> GO:2001236
GO:2001239 -[regulates]-> GO:0097192
GO:2001240 -[is_a]-> GO:1901099
GO:2001240 -[is_a]-> GO:2001237
GO:2001240 -[is_a]-> GO:2001239
GO:2001240 -[negatively_regulates]-> GO:0097192
GO:2001241 -[is_a]-> GO:2001238
GO:2001241 -[is_a]-> GO:2001239
GO:2001241 -[positively_regulates]-> GO:0097192
GO:2001242 -[is_a]-> GO:1902531
GO:2001242 -[is_a]-> GO:2001233
GO:2001242 -[regulates]-> GO:0097193
GO:2001243 -[is_a]-> GO:1902532
GO:2001243 -[is_a]-> GO:2001234
GO:2001243 -[is_a]-> GO:2001242
GO:2001243 -[negatively_regulates]-> GO:0097193
GO:2001244 -[is_a]-> GO:1902533
GO:2001244 -[is_a]-> GO:2001235
GO:2001244 -[is_a]-> GO:2001242
GO:2001244 -[positively_regulates]-> GO:0097193
GO:2001245 -[is_a]-> GO:0051171
GO:2001245 -[is_a]-> GO:0071071
GO:2001245 -[regulates]-> GO:0006656
GO:2001246 -[is_a]-> GO:0051172
GO:2001246 -[is_a]-> GO:0071072
GO:2001246 -[is_a]-> GO:2001245
GO:2001246 -[negatively_regulates]-> GO:0006656
GO:2001247 -[is_a]-> GO:0051173
GO:2001247 -[is_a]-> GO:0071073
GO:2001247 -[is_a]-> GO:2001245
GO:2001247 -[positively_regulates]-> GO:0006656
GO:2001248 -[is_a]-> GO:0006521
GO:2001248 -[is_a]-> GO:0006808
GO:2001248 -[is_a]-> GO:2000211
GO:2001248 -[regulates]-> GO:0019676
GO:2001249 -[is_a]-> GO:0045763
GO:2001249 -[is_a]-> GO:0045847
GO:2001249 -[is_a]-> GO:2000212
GO:2001249 -[is_a]-> GO:2001248
GO:2001249 -[negatively_regulates]-> GO:0019676
GO:2001250 -[is_a]-> GO:0045764
GO:2001250 -[is_a]-> GO:0045848
GO:2001250 -[is_a]-> GO:2000213
GO:2001250 -[is_a]-> GO:2001248
GO:2001250 -[positively_regulates]-> GO:0019676
GO:2001251 -[is_a]-> GO:0010639
GO:2001251 -[is_a]-> GO:0033044
GO:2001251 -[negatively_regulates]-> GO:0051276
GO:2001252 -[is_a]-> GO:0010638
GO:2001252 -[is_a]-> GO:0033044
GO:2001252 -[positively_regulates]-> GO:0051276
GO:2001253 -[is_a]-> GO:0000414
GO:2001253 -[regulates]-> GO:0097198
GO:2001254 -[is_a]-> GO:0000415
GO:2001254 -[is_a]-> GO:2001253
GO:2001254 -[negatively_regulates]-> GO:0097198
GO:2001255 -[is_a]-> GO:0000416
GO:2001255 -[is_a]-> GO:2001253
GO:2001255 -[positively_regulates]-> GO:0097198
GO:2001256 -[is_a]-> GO:0051924
GO:2001256 -[regulates]-> GO:0002115
GO:2001257 -[is_a]-> GO:0032412
GO:2001257 -[is_a]-> GO:1904062
GO:2001257 -[regulates]-> GO:0005261
GO:2001258 -[is_a]-> GO:0032413
GO:2001258 -[is_a]-> GO:1904063
GO:2001258 -[is_a]-> GO:2001257
GO:2001258 -[negatively_regulates]-> GO:0005261
GO:2001259 -[is_a]-> GO:0032414
GO:2001259 -[is_a]-> GO:1904064
GO:2001259 -[is_a]-> GO:2001257
GO:2001259 -[positively_regulates]-> GO:0005261
GO:2001260 -[is_a]-> GO:0009966
GO:2001260 -[regulates]-> GO:0071526
GO:2001261 -[is_a]-> GO:0009968
GO:2001261 -[is_a]-> GO:2001260
GO:2001261 -[negatively_regulates]-> GO:0071526
GO:2001262 -[is_a]-> GO:0009967
GO:2001262 -[is_a]-> GO:2001260
GO:2001262 -[positively_regulates]-> GO:0071526
GO:2001263 -[is_a]-> GO:0043393
GO:2001263 -[regulates]-> GO:0019957
GO:2001264 -[is_a]-> GO:0032091
GO:2001264 -[is_a]-> GO:2001263
GO:2001264 -[negatively_regulates]-> GO:0019957
GO:2001265 -[is_a]-> GO:0032092
GO:2001265 -[is_a]-> GO:2001263
GO:2001265 -[positively_regulates]-> GO:0019957
GO:2001266 -[is_a]-> GO:0035385
GO:2001266 -[part_of]-> GO:0007411
GO:2001267 -[is_a]-> GO:0043281
GO:2001267 -[is_a]-> GO:2001233
GO:2001267 -[regulates]-> GO:0097199
GO:2001268 -[is_a]-> GO:0043154
GO:2001268 -[is_a]-> GO:2001234
GO:2001268 -[is_a]-> GO:2001267
GO:2001268 -[negatively_regulates]-> GO:0097199
GO:2001269 -[is_a]-> GO:0043280
GO:2001269 -[is_a]-> GO:2001235
GO:2001269 -[is_a]-> GO:2001267
GO:2001269 -[positively_regulates]-> GO:0097199
GO:2001270 -[is_a]-> GO:0043281
GO:2001270 -[is_a]-> GO:1900117
GO:2001270 -[regulates]-> GO:0097200
GO:2001271 -[is_a]-> GO:0043154
GO:2001271 -[is_a]-> GO:1900118
GO:2001271 -[is_a]-> GO:2001270
GO:2001271 -[negatively_regulates]-> GO:0097200
GO:2001272 -[is_a]-> GO:0043280
GO:2001272 -[is_a]-> GO:1900119
GO:2001272 -[is_a]-> GO:2001270
GO:2001272 -[positively_regulates]-> GO:0097200
GO:2001273 -[is_a]-> GO:0046324
GO:2001273 -[is_a]-> GO:1900076
GO:2001273 -[regulates]-> GO:0044381
GO:2001274 -[is_a]-> GO:0046325
GO:2001274 -[is_a]-> GO:1900077
GO:2001274 -[is_a]-> GO:2001273
GO:2001274 -[negatively_regulates]-> GO:0044381
GO:2001275 -[is_a]-> GO:0046326
GO:2001275 -[is_a]-> GO:1900078
GO:2001275 -[is_a]-> GO:2001273
GO:2001275 -[positively_regulates]-> GO:0044381
GO:2001276 -[is_a]-> GO:2000282
GO:2001276 -[regulates]-> GO:0009098
GO:2001277 -[is_a]-> GO:2000283
GO:2001277 -[is_a]-> GO:2001276
GO:2001277 -[negatively_regulates]-> GO:0009098
GO:2001278 -[is_a]-> GO:2000284
GO:2001278 -[is_a]-> GO:2001276
GO:2001278 -[positively_regulates]-> GO:0009098
GO:2001279 -[is_a]-> GO:0042304
GO:2001279 -[regulates]-> GO:0006636
GO:2001280 -[is_a]-> GO:0045723
GO:2001280 -[is_a]-> GO:2001279
GO:2001280 -[positively_regulates]-> GO:0006636
GO:2001281 -[is_a]-> GO:0030334
GO:2001281 -[is_a]-> GO:0050920
GO:2001281 -[regulates]-> GO:0036061
GO:2001282 -[is_a]-> GO:0030336
GO:2001282 -[is_a]-> GO:0050922
GO:2001282 -[is_a]-> GO:2001281
GO:2001282 -[negatively_regulates]-> GO:0036061
GO:2001283 -[is_a]-> GO:0035385
GO:2001283 -[part_of]-> GO:0036061
GO:2001284 -[is_a]-> GO:0010646
GO:2001284 -[is_a]-> GO:0023051
GO:2001284 -[is_a]-> GO:0050708
GO:2001284 -[regulates]-> GO:0038055
GO:2001285 -[is_a]-> GO:0010648
GO:2001285 -[is_a]-> GO:0023057
GO:2001285 -[is_a]-> GO:0050709
GO:2001285 -[is_a]-> GO:2001284
GO:2001285 -[negatively_regulates]-> GO:0038055
GO:2001286 -[is_a]-> GO:0030100
GO:2001286 -[regulates]-> GO:0072584
GO:2001287 -[is_a]-> GO:0045806
GO:2001287 -[is_a]-> GO:2001286
GO:2001287 -[negatively_regulates]-> GO:0072584
GO:2001288 -[is_a]-> GO:0045807
GO:2001288 -[is_a]-> GO:2001286
GO:2001288 -[positively_regulates]-> GO:0072584
GO:2001289 -[is_a]-> GO:0006040
GO:2001289 -[is_a]-> GO:0006796
GO:2001289 -[is_a]-> GO:0019637
GO:2001290 -[is_a]-> GO:0044237
GO:2001291 -[is_a]-> GO:0033076
GO:2001291 -[is_a]-> GO:1901376
GO:2001292 -[is_a]-> GO:0071274
GO:2001292 -[is_a]-> GO:1901377
GO:2001292 -[is_a]-> GO:2001291
GO:2001293 -[is_a]-> GO:0006637
GO:2001294 -[is_a]-> GO:0044273
GO:2001294 -[is_a]-> GO:1901575
GO:2001294 -[is_a]-> GO:2001293
GO:2001295 -[is_a]-> GO:0071616
GO:2001295 -[is_a]-> GO:2001293
GO:2001296 -[is_a]-> GO:0006575
GO:2001296 -[is_a]-> GO:1901605
GO:2001297 -[is_a]-> GO:0042219
GO:2001297 -[is_a]-> GO:1901606
GO:2001297 -[is_a]-> GO:2001296
GO:2001298 -[is_a]-> GO:0006575
GO:2001298 -[is_a]-> GO:1901605
GO:2001299 -[is_a]-> GO:0042219
GO:2001299 -[is_a]-> GO:1901606
GO:2001299 -[is_a]-> GO:2001298
GO:2001300 -[is_a]-> GO:1901568
GO:2001301 -[is_a]-> GO:1901570
GO:2001301 -[is_a]-> GO:2001300
GO:2001302 -[is_a]-> GO:0006082
GO:2001302 -[is_a]-> GO:0006629
GO:2001302 -[is_a]-> GO:1901615
GO:2001302 -[is_a]-> GO:2001300
GO:2001303 -[is_a]-> GO:0008610
GO:2001303 -[is_a]-> GO:0016053
GO:2001303 -[is_a]-> GO:1901617
GO:2001303 -[is_a]-> GO:2001301
GO:2001303 -[is_a]-> GO:2001302
GO:2001304 -[is_a]-> GO:0006082
GO:2001304 -[is_a]-> GO:0006629
GO:2001304 -[is_a]-> GO:1901615
GO:2001304 -[is_a]-> GO:2001300
GO:2001305 -[is_a]-> GO:0042180
GO:2001305 -[is_a]-> GO:0046483
GO:2001305 -[is_a]-> GO:1901360
GO:2001306 -[is_a]-> GO:0008610
GO:2001306 -[is_a]-> GO:0016053
GO:2001306 -[is_a]-> GO:1901617
GO:2001306 -[is_a]-> GO:2001301
GO:2001306 -[is_a]-> GO:2001304
GO:2001307 -[is_a]-> GO:0018130
GO:2001307 -[is_a]-> GO:0042181
GO:2001307 -[is_a]-> GO:1901362
GO:2001307 -[is_a]-> GO:2001305
GO:2001308 -[is_a]-> GO:0006518
GO:2001308 -[is_a]-> GO:0006790
GO:2001308 -[is_a]-> GO:0043385
GO:2001308 -[is_a]-> GO:0046483
GO:2001308 -[is_a]-> GO:1901360
GO:2001309 -[is_a]-> GO:0043171
GO:2001309 -[is_a]-> GO:0043387
GO:2001309 -[is_a]-> GO:0044273
GO:2001309 -[is_a]-> GO:0046700
GO:2001309 -[is_a]-> GO:1901361
GO:2001309 -[is_a]-> GO:2001308
GO:2001310 -[is_a]-> GO:0018130
GO:2001310 -[is_a]-> GO:0043043
GO:2001310 -[is_a]-> GO:0043386
GO:2001310 -[is_a]-> GO:0044272
GO:2001310 -[is_a]-> GO:1901362
GO:2001310 -[is_a]-> GO:2001308
GO:2001311 -[is_a]-> GO:0006650
GO:2001311 -[is_a]-> GO:0052646
GO:2001312 -[is_a]-> GO:0046474
GO:2001312 -[is_a]-> GO:1901137
GO:2001312 -[is_a]-> GO:2001311
GO:2001313 -[is_a]-> GO:0006040
GO:2001313 -[is_a]-> GO:0009225
GO:2001314 -[is_a]-> GO:0009227
GO:2001314 -[is_a]-> GO:0046348
GO:2001314 -[is_a]-> GO:2001313
GO:2001315 -[is_a]-> GO:0009226
GO:2001315 -[is_a]-> GO:0046349
GO:2001315 -[is_a]-> GO:2001313
GO:2001316 -[is_a]-> GO:0034308
GO:2001316 -[is_a]-> GO:0042180
GO:2001316 -[is_a]-> GO:0046483
GO:2001316 -[is_a]-> GO:1901360
GO:2001317 -[is_a]-> GO:0018130
GO:2001317 -[is_a]-> GO:0034309
GO:2001317 -[is_a]-> GO:0042181
GO:2001317 -[is_a]-> GO:1901362
GO:2001317 -[is_a]-> GO:2001316
